[2024-07-06T03:52:06.937-0700][info][gc] Using G1
[2024-07-06T03:52:07.003-0700][info][gc,init] Version: 17.0.11+1-LTS (release)
[2024-07-06T03:52:07.003-0700][info][gc,init] CPUs: 4 total, 4 available
[2024-07-06T03:52:07.003-0700][info][gc,init] Memory: 15953M
[2024-07-06T03:52:07.003-0700][info][gc,init] Large Page Support: Disabled
[2024-07-06T03:52:07.003-0700][info][gc,init] NUMA Support: Disabled
[2024-07-06T03:52:07.003-0700][info][gc,init] Compressed Oops: Enabled (Zero based)
[2024-07-06T03:52:07.003-0700][info][gc,init] Heap Region Size: 2M
[2024-07-06T03:52:07.003-0700][info][gc,init] Heap Min Capacity: 16G
[2024-07-06T03:52:07.003-0700][info][gc,init] Heap Initial Capacity: 16G
[2024-07-06T03:52:07.003-0700][info][gc,init] Heap Max Capacity: 16G
[2024-07-06T03:52:07.003-0700][info][gc,init] Pre-touch: Disabled
[2024-07-06T03:52:07.003-0700][info][gc,init] Parallel Workers: 4
[2024-07-06T03:52:07.003-0700][info][gc,init] Concurrent Workers: 1
[2024-07-06T03:52:07.003-0700][info][gc,init] Concurrent Refinement Workers: 4
[2024-07-06T03:52:07.003-0700][info][gc,init] Periodic GC: Disabled
[2024-07-06T03:52:07.015-0700][info][gc,metaspace] CDS archive(s) mapped at: [0x00007f7e6f000000-0x00007f7e6fbbb000-0x00007f7e6fbbb000), size 12300288, SharedBaseAddress: 0x00007f7e6f000000, ArchiveRelocationMode: 1.
[2024-07-06T03:52:07.015-0700][info][gc,metaspace] Compressed class space mapped at: 0x00007f7e70000000-0x00007f7eb0000000, reserved size: 1073741824
[2024-07-06T03:52:07.015-0700][info][gc,metaspace] Narrow klass base: 0x00007f7e6f000000, Narrow klass shift: 0, Narrow klass range: 0x100000000
[2024-07-06T03:52:11.488-0700][info][gc,start    ] GC(0) Pause Young (Normal) (G1 Evacuation Pause)
[2024-07-06T03:52:11.488-0700][info][gc,task     ] GC(0) Using 4 workers of 4 for evacuation
[2024-07-06T03:52:11.693-0700][info][gc,mmu      ] GC(0) MMU target violated: 201.0ms (200.0ms/201.0ms)
[2024-07-06T03:52:11.693-0700][info][gc,phases   ] GC(0)   Pre Evacuate Collection Set: 0.8ms
[2024-07-06T03:52:11.693-0700][info][gc,phases   ] GC(0)   Merge Heap Roots: 0.4ms
[2024-07-06T03:52:11.693-0700][info][gc,phases   ] GC(0)   Evacuate Collection Set: 202.3ms
[2024-07-06T03:52:11.693-0700][info][gc,phases   ] GC(0)   Post Evacuate Collection Set: 0.7ms
[2024-07-06T03:52:11.693-0700][info][gc,phases   ] GC(0)   Other: 0.7ms
[2024-07-06T03:52:11.693-0700][info][gc,heap     ] GC(0) Eden regions: 409->0(357)
[2024-07-06T03:52:11.693-0700][info][gc,heap     ] GC(0) Survivor regions: 0->52(52)
[2024-07-06T03:52:11.693-0700][info][gc,heap     ] GC(0) Old regions: 0->181
[2024-07-06T03:52:11.693-0700][info][gc,heap     ] GC(0) Archive regions: 2->2
[2024-07-06T03:52:11.693-0700][info][gc,heap     ] GC(0) Humongous regions: 3->3
[2024-07-06T03:52:11.693-0700][info][gc,metaspace] GC(0) Metaspace: 227K(448K)->227K(448K) NonClass: 220K(320K)->220K(320K) Class: 6K(128K)->6K(128K)
[2024-07-06T03:52:11.693-0700][info][gc          ] GC(0) Pause Young (Normal) (G1 Evacuation Pause) 825M->473M(16384M) 204.928ms
[2024-07-06T03:52:11.693-0700][info][gc,cpu      ] GC(0) User=0.42s Sys=0.38s Real=0.20s
[2024-07-06T03:52:27.137-0700][info][gc,start    ] GC(1) Pause Young (Normal) (G1 Evacuation Pause)
[2024-07-06T03:52:27.137-0700][info][gc,task     ] GC(1) Using 4 workers of 4 for evacuation
[2024-07-06T03:52:27.536-0700][info][gc,mmu      ] GC(1) MMU target violated: 201.0ms (200.0ms/201.0ms)
[2024-07-06T03:52:27.536-0700][info][gc,phases   ] GC(1)   Pre Evacuate Collection Set: 0.7ms
[2024-07-06T03:52:27.536-0700][info][gc,phases   ] GC(1)   Merge Heap Roots: 0.4ms
[2024-07-06T03:52:27.536-0700][info][gc,phases   ] GC(1)   Evacuate Collection Set: 397.1ms
[2024-07-06T03:52:27.536-0700][info][gc,phases   ] GC(1)   Post Evacuate Collection Set: 0.8ms
[2024-07-06T03:52:27.536-0700][info][gc,phases   ] GC(1)   Other: 0.2ms
[2024-07-06T03:52:27.536-0700][info][gc,heap     ] GC(1) Eden regions: 357->0(357)
[2024-07-06T03:52:27.536-0700][info][gc,heap     ] GC(1) Survivor regions: 52->52(52)
[2024-07-06T03:52:27.536-0700][info][gc,heap     ] GC(1) Old regions: 181->488
[2024-07-06T03:52:27.536-0700][info][gc,heap     ] GC(1) Archive regions: 2->2
[2024-07-06T03:52:27.536-0700][info][gc,heap     ] GC(1) Humongous regions: 5->5
[2024-07-06T03:52:27.536-0700][info][gc,metaspace] GC(1) Metaspace: 268K(448K)->268K(448K) NonClass: 261K(320K)->261K(320K) Class: 6K(128K)->6K(128K)
[2024-07-06T03:52:27.536-0700][info][gc          ] GC(1) Pause Young (Normal) (G1 Evacuation Pause) 1191M->1090M(16384M) 399.141ms
[2024-07-06T03:52:27.536-0700][info][gc,cpu      ] GC(1) User=0.69s Sys=0.85s Real=0.40s
[2024-07-06T03:53:12.800-0700][info][gc,start    ] GC(2) Pause Young (Normal) (G1 Evacuation Pause)
[2024-07-06T03:53:12.800-0700][info][gc,task     ] GC(2) Using 4 workers of 4 for evacuation
[2024-07-06T03:53:13.137-0700][info][gc,mmu      ] GC(2) MMU target violated: 201.0ms (200.0ms/201.0ms)
[2024-07-06T03:53:13.137-0700][info][gc,phases   ] GC(2)   Pre Evacuate Collection Set: 0.6ms
[2024-07-06T03:53:13.137-0700][info][gc,phases   ] GC(2)   Merge Heap Roots: 0.4ms
[2024-07-06T03:53:13.137-0700][info][gc,phases   ] GC(2)   Evacuate Collection Set: 334.8ms
[2024-07-06T03:53:13.137-0700][info][gc,phases   ] GC(2)   Post Evacuate Collection Set: 0.6ms
[2024-07-06T03:53:13.137-0700][info][gc,phases   ] GC(2)   Other: 0.2ms
[2024-07-06T03:53:13.137-0700][info][gc,heap     ] GC(2) Eden regions: 357->0(357)
[2024-07-06T03:53:13.137-0700][info][gc,heap     ] GC(2) Survivor regions: 52->52(52)
[2024-07-06T03:53:13.137-0700][info][gc,heap     ] GC(2) Old regions: 488->799
[2024-07-06T03:53:13.137-0700][info][gc,heap     ] GC(2) Archive regions: 2->2
[2024-07-06T03:53:13.137-0700][info][gc,heap     ] GC(2) Humongous regions: 8->8
[2024-07-06T03:53:13.137-0700][info][gc,metaspace] GC(2) Metaspace: 278K(512K)->278K(512K) NonClass: 271K(384K)->271K(384K) Class: 6K(128K)->6K(128K)
[2024-07-06T03:53:13.137-0700][info][gc          ] GC(2) Pause Young (Normal) (G1 Evacuation Pause) 1810M->1718M(16384M) 336.592ms
[2024-07-06T03:53:13.137-0700][info][gc,cpu      ] GC(2) User=0.64s Sys=0.67s Real=0.34s
[2024-07-06T03:55:58.041-0700][info][gc,start    ] GC(3) Pause Young (Normal) (G1 Evacuation Pause)
[2024-07-06T03:55:58.041-0700][info][gc,task     ] GC(3) Using 4 workers of 4 for evacuation
[2024-07-06T03:55:58.393-0700][info][gc,mmu      ] GC(3) MMU target violated: 201.0ms (200.0ms/201.0ms)
[2024-07-06T03:55:58.393-0700][info][gc,phases   ] GC(3)   Pre Evacuate Collection Set: 0.6ms
[2024-07-06T03:55:58.393-0700][info][gc,phases   ] GC(3)   Merge Heap Roots: 0.5ms
[2024-07-06T03:55:58.393-0700][info][gc,phases   ] GC(3)   Evacuate Collection Set: 350.0ms
[2024-07-06T03:55:58.393-0700][info][gc,phases   ] GC(3)   Post Evacuate Collection Set: 0.7ms
[2024-07-06T03:55:58.393-0700][info][gc,phases   ] GC(3)   Other: 0.2ms
[2024-07-06T03:55:58.393-0700][info][gc,heap     ] GC(3) Eden regions: 357->0(357)
[2024-07-06T03:55:58.393-0700][info][gc,heap     ] GC(3) Survivor regions: 52->52(52)
[2024-07-06T03:55:58.393-0700][info][gc,heap     ] GC(3) Old regions: 799->1130
[2024-07-06T03:55:58.393-0700][info][gc,heap     ] GC(3) Archive regions: 2->2
[2024-07-06T03:55:58.393-0700][info][gc,heap     ] GC(3) Humongous regions: 12->12
[2024-07-06T03:55:58.393-0700][info][gc,metaspace] GC(3) Metaspace: 298K(512K)->298K(512K) NonClass: 292K(384K)->292K(384K) Class: 6K(128K)->6K(128K)
[2024-07-06T03:55:58.393-0700][info][gc          ] GC(3) Pause Young (Normal) (G1 Evacuation Pause) 2440M->2388M(16384M) 351.929ms
[2024-07-06T03:55:58.393-0700][info][gc,cpu      ] GC(3) User=0.61s Sys=0.77s Real=0.35s
[2024-07-06T04:00:31.205-0700][info][gc,start    ] GC(4) Pause Young (Normal) (G1 Evacuation Pause)
[2024-07-06T04:00:31.205-0700][info][gc,task     ] GC(4) Using 4 workers of 4 for evacuation
[2024-07-06T04:00:31.563-0700][info][gc,mmu      ] GC(4) MMU target violated: 201.0ms (200.0ms/201.0ms)
[2024-07-06T04:00:31.563-0700][info][gc,phases   ] GC(4)   Pre Evacuate Collection Set: 0.6ms
[2024-07-06T04:00:31.563-0700][info][gc,phases   ] GC(4)   Merge Heap Roots: 0.4ms
[2024-07-06T04:00:31.563-0700][info][gc,phases   ] GC(4)   Evacuate Collection Set: 356.3ms
[2024-07-06T04:00:31.563-0700][info][gc,phases   ] GC(4)   Post Evacuate Collection Set: 0.6ms
[2024-07-06T04:00:31.563-0700][info][gc,phases   ] GC(4)   Other: 0.2ms
[2024-07-06T04:00:31.563-0700][info][gc,heap     ] GC(4) Eden regions: 357->0(357)
[2024-07-06T04:00:31.563-0700][info][gc,heap     ] GC(4) Survivor regions: 52->52(52)
[2024-07-06T04:00:31.563-0700][info][gc,heap     ] GC(4) Old regions: 1130->1464
[2024-07-06T04:00:31.563-0700][info][gc,heap     ] GC(4) Archive regions: 2->2
[2024-07-06T04:00:31.563-0700][info][gc,heap     ] GC(4) Humongous regions: 18->18
[2024-07-06T04:00:31.563-0700][info][gc,metaspace] GC(4) Metaspace: 301K(512K)->301K(512K) NonClass: 294K(384K)->294K(384K) Class: 7K(128K)->7K(128K)
[2024-07-06T04:00:31.563-0700][info][gc          ] GC(4) Pause Young (Normal) (G1 Evacuation Pause) 3114M->3068M(16384M) 358.123ms
[2024-07-06T04:00:31.563-0700][info][gc,cpu      ] GC(4) User=0.70s Sys=0.71s Real=0.36s
[2024-07-06T04:06:31.064-0700][info][gc,start    ] GC(5) Pause Young (Normal) (G1 Evacuation Pause)
[2024-07-06T04:06:31.064-0700][info][gc,task     ] GC(5) Using 4 workers of 4 for evacuation
[2024-07-06T04:06:31.451-0700][info][gc,mmu      ] GC(5) MMU target violated: 201.0ms (200.0ms/201.0ms)
[2024-07-06T04:06:31.451-0700][info][gc,phases   ] GC(5)   Pre Evacuate Collection Set: 0.6ms
[2024-07-06T04:06:31.452-0700][info][gc,phases   ] GC(5)   Merge Heap Roots: 0.5ms
[2024-07-06T04:06:31.452-0700][info][gc,phases   ] GC(5)   Evacuate Collection Set: 385.9ms
[2024-07-06T04:06:31.452-0700][info][gc,phases   ] GC(5)   Post Evacuate Collection Set: 0.8ms
[2024-07-06T04:06:31.452-0700][info][gc,phases   ] GC(5)   Other: 0.2ms
[2024-07-06T04:06:31.452-0700][info][gc,heap     ] GC(5) Eden regions: 357->0(357)
[2024-07-06T04:06:31.452-0700][info][gc,heap     ] GC(5) Survivor regions: 52->52(52)
[2024-07-06T04:06:31.452-0700][info][gc,heap     ] GC(5) Old regions: 1464->1792
[2024-07-06T04:06:31.452-0700][info][gc,heap     ] GC(5) Archive regions: 2->2
[2024-07-06T04:06:31.452-0700][info][gc,heap     ] GC(5) Humongous regions: 18->18
[2024-07-06T04:06:31.452-0700][info][gc,metaspace] GC(5) Metaspace: 301K(512K)->301K(512K) NonClass: 294K(384K)->294K(384K) Class: 7K(128K)->7K(128K)
[2024-07-06T04:06:31.452-0700][info][gc          ] GC(5) Pause Young (Normal) (G1 Evacuation Pause) 3782M->3724M(16384M) 387.908ms
[2024-07-06T04:06:31.452-0700][info][gc,cpu      ] GC(5) User=0.75s Sys=0.76s Real=0.38s
[2024-07-06T04:13:53.850-0700][info][gc,start    ] GC(6) Pause Young (Normal) (G1 Evacuation Pause)
[2024-07-06T04:13:53.850-0700][info][gc,task     ] GC(6) Using 4 workers of 4 for evacuation
[2024-07-06T04:13:54.233-0700][info][gc,mmu      ] GC(6) MMU target violated: 201.0ms (200.0ms/201.0ms)
[2024-07-06T04:13:54.233-0700][info][gc,phases   ] GC(6)   Pre Evacuate Collection Set: 0.6ms
[2024-07-06T04:13:54.233-0700][info][gc,phases   ] GC(6)   Merge Heap Roots: 0.5ms
[2024-07-06T04:13:54.233-0700][info][gc,phases   ] GC(6)   Evacuate Collection Set: 381.3ms
[2024-07-06T04:13:54.233-0700][info][gc,phases   ] GC(6)   Post Evacuate Collection Set: 0.9ms
[2024-07-06T04:13:54.233-0700][info][gc,phases   ] GC(6)   Other: 0.2ms
[2024-07-06T04:13:54.233-0700][info][gc,heap     ] GC(6) Eden regions: 357->0(357)
[2024-07-06T04:13:54.234-0700][info][gc,heap     ] GC(6) Survivor regions: 52->52(52)
[2024-07-06T04:13:54.234-0700][info][gc,heap     ] GC(6) Old regions: 1792->2117
[2024-07-06T04:13:54.234-0700][info][gc,heap     ] GC(6) Archive regions: 2->2
[2024-07-06T04:13:54.234-0700][info][gc,heap     ] GC(6) Humongous regions: 18->18
[2024-07-06T04:13:54.234-0700][info][gc,metaspace] GC(6) Metaspace: 301K(512K)->301K(512K) NonClass: 294K(384K)->294K(384K) Class: 7K(128K)->7K(128K)
[2024-07-06T04:13:54.234-0700][info][gc          ] GC(6) Pause Young (Normal) (G1 Evacuation Pause) 4438M->4374M(16384M) 383.559ms
[2024-07-06T04:13:54.234-0700][info][gc,cpu      ] GC(6) User=0.69s Sys=0.79s Real=0.38s
[2024-07-06T04:22:51.292-0700][info][gc,start    ] GC(7) Pause Young (Normal) (G1 Evacuation Pause)
[2024-07-06T04:22:51.292-0700][info][gc,task     ] GC(7) Using 4 workers of 4 for evacuation
[2024-07-06T04:22:51.701-0700][info][gc,mmu      ] GC(7) MMU target violated: 201.0ms (200.0ms/201.0ms)
[2024-07-06T04:22:51.701-0700][info][gc,phases   ] GC(7)   Pre Evacuate Collection Set: 0.6ms
[2024-07-06T04:22:51.701-0700][info][gc,phases   ] GC(7)   Merge Heap Roots: 0.4ms
[2024-07-06T04:22:51.701-0700][info][gc,phases   ] GC(7)   Evacuate Collection Set: 406.7ms
[2024-07-06T04:22:51.701-0700][info][gc,phases   ] GC(7)   Post Evacuate Collection Set: 0.7ms
[2024-07-06T04:22:51.701-0700][info][gc,phases   ] GC(7)   Other: 0.2ms
[2024-07-06T04:22:51.701-0700][info][gc,heap     ] GC(7) Eden regions: 357->0(357)
[2024-07-06T04:22:51.701-0700][info][gc,heap     ] GC(7) Survivor regions: 52->52(52)
[2024-07-06T04:22:51.701-0700][info][gc,heap     ] GC(7) Old regions: 2117->2461
[2024-07-06T04:22:51.701-0700][info][gc,heap     ] GC(7) Archive regions: 2->2
[2024-07-06T04:22:51.701-0700][info][gc,heap     ] GC(7) Humongous regions: 26->26
[2024-07-06T04:22:51.701-0700][info][gc,metaspace] GC(7) Metaspace: 301K(512K)->301K(512K) NonClass: 294K(384K)->294K(384K) Class: 7K(128K)->7K(128K)
[2024-07-06T04:22:51.701-0700][info][gc          ] GC(7) Pause Young (Normal) (G1 Evacuation Pause) 5104M->5078M(16384M) 408.747ms
[2024-07-06T04:22:51.701-0700][info][gc,cpu      ] GC(7) User=0.84s Sys=0.75s Real=0.41s
[2024-07-06T04:33:12.083-0700][info][gc,start    ] GC(8) Pause Young (Normal) (G1 Evacuation Pause)
[2024-07-06T04:33:12.083-0700][info][gc,task     ] GC(8) Using 4 workers of 4 for evacuation
[2024-07-06T04:33:12.436-0700][info][gc,mmu      ] GC(8) MMU target violated: 201.0ms (200.0ms/201.0ms)
[2024-07-06T04:33:12.436-0700][info][gc,phases   ] GC(8)   Pre Evacuate Collection Set: 0.6ms
[2024-07-06T04:33:12.436-0700][info][gc,phases   ] GC(8)   Merge Heap Roots: 0.5ms
[2024-07-06T04:33:12.436-0700][info][gc,phases   ] GC(8)   Evacuate Collection Set: 351.9ms
[2024-07-06T04:33:12.436-0700][info][gc,phases   ] GC(8)   Post Evacuate Collection Set: 0.8ms
[2024-07-06T04:33:12.436-0700][info][gc,phases   ] GC(8)   Other: 0.2ms
[2024-07-06T04:33:12.436-0700][info][gc,heap     ] GC(8) Eden regions: 357->0(357)
[2024-07-06T04:33:12.436-0700][info][gc,heap     ] GC(8) Survivor regions: 52->52(52)
[2024-07-06T04:33:12.436-0700][info][gc,heap     ] GC(8) Old regions: 2461->2796
[2024-07-06T04:33:12.436-0700][info][gc,heap     ] GC(8) Archive regions: 2->2
[2024-07-06T04:33:12.436-0700][info][gc,heap     ] GC(8) Humongous regions: 26->26
[2024-07-06T04:33:12.437-0700][info][gc,metaspace] GC(8) Metaspace: 301K(512K)->301K(512K) NonClass: 294K(384K)->294K(384K) Class: 7K(128K)->7K(128K)
[2024-07-06T04:33:12.437-0700][info][gc          ] GC(8) Pause Young (Normal) (G1 Evacuation Pause) 5792M->5747M(16384M) 353.971ms
[2024-07-06T04:33:12.437-0700][info][gc,cpu      ] GC(8) User=0.69s Sys=0.70s Real=0.36s
[2024-07-06T04:44:54.122-0700][info][gc,start    ] GC(9) Pause Young (Normal) (G1 Evacuation Pause)
[2024-07-06T04:44:54.122-0700][info][gc,task     ] GC(9) Using 4 workers of 4 for evacuation
[2024-07-06T04:44:54.476-0700][info][gc,mmu      ] GC(9) MMU target violated: 201.0ms (200.0ms/201.0ms)
[2024-07-06T04:44:54.476-0700][info][gc,phases   ] GC(9)   Pre Evacuate Collection Set: 0.6ms
[2024-07-06T04:44:54.476-0700][info][gc,phases   ] GC(9)   Merge Heap Roots: 0.5ms
[2024-07-06T04:44:54.476-0700][info][gc,phases   ] GC(9)   Evacuate Collection Set: 351.9ms
[2024-07-06T04:44:54.476-0700][info][gc,phases   ] GC(9)   Post Evacuate Collection Set: 0.8ms
[2024-07-06T04:44:54.476-0700][info][gc,phases   ] GC(9)   Other: 0.2ms
[2024-07-06T04:44:54.476-0700][info][gc,heap     ] GC(9) Eden regions: 357->0(357)
[2024-07-06T04:44:54.476-0700][info][gc,heap     ] GC(9) Survivor regions: 52->52(52)
[2024-07-06T04:44:54.476-0700][info][gc,heap     ] GC(9) Old regions: 2796->3129
[2024-07-06T04:44:54.476-0700][info][gc,heap     ] GC(9) Archive regions: 2->2
[2024-07-06T04:44:54.476-0700][info][gc,heap     ] GC(9) Humongous regions: 26->26
[2024-07-06T04:44:54.476-0700][info][gc,metaspace] GC(9) Metaspace: 301K(512K)->301K(512K) NonClass: 294K(384K)->294K(384K) Class: 7K(128K)->7K(128K)
[2024-07-06T04:44:54.476-0700][info][gc          ] GC(9) Pause Young (Normal) (G1 Evacuation Pause) 6461M->6415M(16384M) 354.097ms
[2024-07-06T04:44:54.476-0700][info][gc,cpu      ] GC(9) User=0.56s Sys=0.82s Real=0.36s
[2024-07-06T04:57:43.398-0700][info][gc,start    ] GC(10) Pause Young (Normal) (G1 Evacuation Pause)
[2024-07-06T04:57:43.398-0700][info][gc,task     ] GC(10) Using 4 workers of 4 for evacuation
[2024-07-06T04:57:43.756-0700][info][gc,mmu      ] GC(10) MMU target violated: 201.0ms (200.0ms/201.0ms)
[2024-07-06T04:57:43.757-0700][info][gc,phases   ] GC(10)   Pre Evacuate Collection Set: 0.6ms
[2024-07-06T04:57:43.757-0700][info][gc,phases   ] GC(10)   Merge Heap Roots: 0.5ms
[2024-07-06T04:57:43.757-0700][info][gc,phases   ] GC(10)   Evacuate Collection Set: 357.1ms
[2024-07-06T04:57:43.757-0700][info][gc,phases   ] GC(10)   Post Evacuate Collection Set: 0.7ms
[2024-07-06T04:57:43.757-0700][info][gc,phases   ] GC(10)   Other: 0.2ms
[2024-07-06T04:57:43.757-0700][info][gc,heap     ] GC(10) Eden regions: 357->0(357)
[2024-07-06T04:57:43.757-0700][info][gc,heap     ] GC(10) Survivor regions: 52->52(52)
[2024-07-06T04:57:43.757-0700][info][gc,heap     ] GC(10) Old regions: 3129->3465
[2024-07-06T04:57:43.757-0700][info][gc,heap     ] GC(10) Archive regions: 2->2
[2024-07-06T04:57:43.757-0700][info][gc,heap     ] GC(10) Humongous regions: 26->26
[2024-07-06T04:57:43.757-0700][info][gc,metaspace] GC(10) Metaspace: 305K(512K)->305K(512K) NonClass: 297K(384K)->297K(384K) Class: 7K(128K)->7K(128K)
[2024-07-06T04:57:43.757-0700][info][gc          ] GC(10) Pause Young (Normal) (G1 Evacuation Pause) 7129M->7086M(16384M) 359.008ms
[2024-07-06T04:57:43.757-0700][info][gc,cpu      ] GC(10) User=0.67s Sys=0.73s Real=0.36s
[2024-07-06T05:11:55.052-0700][info][gc,start    ] GC(11) Pause Young (Normal) (G1 Evacuation Pause)
[2024-07-06T05:11:55.052-0700][info][gc,task     ] GC(11) Using 4 workers of 4 for evacuation
[2024-07-06T05:11:55.486-0700][info][gc,mmu      ] GC(11) MMU target violated: 201.0ms (200.0ms/201.0ms)
[2024-07-06T05:11:55.487-0700][info][gc,phases   ] GC(11)   Pre Evacuate Collection Set: 0.7ms
[2024-07-06T05:11:55.487-0700][info][gc,phases   ] GC(11)   Merge Heap Roots: 1.0ms
[2024-07-06T05:11:55.487-0700][info][gc,phases   ] GC(11)   Evacuate Collection Set: 432.0ms
[2024-07-06T05:11:55.487-0700][info][gc,phases   ] GC(11)   Post Evacuate Collection Set: 0.7ms
[2024-07-06T05:11:55.487-0700][info][gc,phases   ] GC(11)   Other: 0.2ms
[2024-07-06T05:11:55.487-0700][info][gc,heap     ] GC(11) Eden regions: 357->0(357)
[2024-07-06T05:11:55.487-0700][info][gc,heap     ] GC(11) Survivor regions: 52->52(52)
[2024-07-06T05:11:55.487-0700][info][gc,heap     ] GC(11) Old regions: 3465->3816
[2024-07-06T05:11:55.487-0700][info][gc,heap     ] GC(11) Archive regions: 2->2
[2024-07-06T05:11:55.487-0700][info][gc,heap     ] GC(11) Humongous regions: 38->38
[2024-07-06T05:11:55.487-0700][info][gc,metaspace] GC(11) Metaspace: 305K(512K)->305K(512K) NonClass: 297K(384K)->297K(384K) Class: 7K(128K)->7K(128K)
[2024-07-06T05:11:55.487-0700][info][gc          ] GC(11) Pause Young (Normal) (G1 Evacuation Pause) 7824M->7812M(16384M) 434.525ms
[2024-07-06T05:11:55.487-0700][info][gc,cpu      ] GC(11) User=0.78s Sys=0.91s Real=0.44s
[2024-07-06T05:27:09.259-0700][info][gc,start    ] GC(12) Pause Young (Concurrent Start) (G1 Evacuation Pause)
[2024-07-06T05:27:09.259-0700][info][gc,task     ] GC(12) Using 4 workers of 4 for evacuation
[2024-07-06T05:27:09.631-0700][info][gc,mmu      ] GC(12) MMU target violated: 201.0ms (200.0ms/201.0ms)
[2024-07-06T05:27:09.631-0700][info][gc,phases   ] GC(12)   Pre Evacuate Collection Set: 0.7ms
[2024-07-06T05:27:09.631-0700][info][gc,phases   ] GC(12)   Merge Heap Roots: 0.5ms
[2024-07-06T05:27:09.631-0700][info][gc,phases   ] GC(12)   Evacuate Collection Set: 369.5ms
[2024-07-06T05:27:09.631-0700][info][gc,phases   ] GC(12)   Post Evacuate Collection Set: 0.7ms
[2024-07-06T05:27:09.631-0700][info][gc,phases   ] GC(12)   Other: 0.6ms
[2024-07-06T05:27:09.631-0700][info][gc,heap     ] GC(12) Eden regions: 357->0(357)
[2024-07-06T05:27:09.631-0700][info][gc,heap     ] GC(12) Survivor regions: 52->52(52)
[2024-07-06T05:27:09.631-0700][info][gc,heap     ] GC(12) Old regions: 3816->4160
[2024-07-06T05:27:09.631-0700][info][gc,heap     ] GC(12) Archive regions: 2->2
[2024-07-06T05:27:09.631-0700][info][gc,heap     ] GC(12) Humongous regions: 38->38
[2024-07-06T05:27:09.631-0700][info][gc,metaspace] GC(12) Metaspace: 305K(512K)->305K(512K) NonClass: 297K(384K)->297K(384K) Class: 7K(128K)->7K(128K)
[2024-07-06T05:27:09.631-0700][info][gc          ] GC(12) Pause Young (Concurrent Start) (G1 Evacuation Pause) 8526M->8500M(16384M) 371.978ms
[2024-07-06T05:27:09.631-0700][info][gc,cpu      ] GC(12) User=0.52s Sys=0.94s Real=0.37s
[2024-07-06T05:27:09.631-0700][info][gc          ] GC(13) Concurrent Mark Cycle
[2024-07-06T05:27:09.631-0700][info][gc,marking  ] GC(13) Concurrent Clear Claimed Marks
[2024-07-06T05:27:09.631-0700][info][gc,marking  ] GC(13) Concurrent Clear Claimed Marks 0.007ms
[2024-07-06T05:27:09.631-0700][info][gc,marking  ] GC(13) Concurrent Scan Root Regions
[2024-07-06T05:27:09.670-0700][info][gc,marking  ] GC(13) Concurrent Scan Root Regions 39.391ms
[2024-07-06T05:27:09.670-0700][info][gc,marking  ] GC(13) Concurrent Mark
[2024-07-06T05:27:09.670-0700][info][gc,marking  ] GC(13) Concurrent Mark From Roots
[2024-07-06T05:27:09.670-0700][info][gc,task     ] GC(13) Using 1 workers of 1 for marking
[2024-07-06T05:27:10.638-0700][info][gc,marking  ] GC(13) Concurrent Mark From Roots 967.758ms
[2024-07-06T05:27:10.638-0700][info][gc,marking  ] GC(13) Concurrent Preclean
[2024-07-06T05:27:10.638-0700][info][gc,marking  ] GC(13) Concurrent Preclean 0.057ms
[2024-07-06T05:27:56.870-0700][info][gc,start    ] GC(13) Pause Remark
[2024-07-06T05:27:56.871-0700][info][gc          ] GC(13) Pause Remark 8510M->8450M(16384M) 1.844ms
[2024-07-06T05:27:56.871-0700][info][gc,cpu      ] GC(13) User=0.00s Sys=0.00s Real=0.00s
[2024-07-06T05:27:56.872-0700][info][gc,marking  ] GC(13) Concurrent Mark 47201.399ms
[2024-07-06T05:27:56.872-0700][info][gc,marking  ] GC(13) Concurrent Rebuild Remembered Sets
[2024-07-06T05:27:57.303-0700][info][gc,marking  ] GC(13) Concurrent Rebuild Remembered Sets 431.086ms
[2024-07-06T05:27:57.829-0700][info][gc,start    ] GC(13) Pause Cleanup
[2024-07-06T05:27:57.832-0700][info][gc          ] GC(13) Pause Cleanup 8450M->8450M(16384M) 2.878ms
[2024-07-06T05:27:57.832-0700][info][gc,cpu      ] GC(13) User=0.00s Sys=0.00s Real=0.00s
[2024-07-06T05:27:57.832-0700][info][gc,marking  ] GC(13) Concurrent Cleanup for Next Mark
[2024-07-06T05:27:57.967-0700][info][gc,marking  ] GC(13) Concurrent Cleanup for Next Mark 134.711ms
[2024-07-06T05:27:57.967-0700][info][gc          ] GC(13) Concurrent Mark Cycle 48336.042ms
[2024-07-06T05:40:47.022-0700][info][gc,heap,exit] Heap
[2024-07-06T05:40:47.022-0700][info][gc,heap,exit]  garbage-first heap   total 16777216K, used 9212478K [0x0000000400000000, 0x0000000800000000)
[2024-07-06T05:40:47.022-0700][info][gc,heap,exit]   region size 2048K, 331 young (677888K), 52 survivors (106496K)
[2024-07-06T05:40:47.022-0700][info][gc,heap,exit]  Metaspace       used 306K, committed 512K, reserved 1114112K
[2024-07-06T05:40:47.022-0700][info][gc,heap,exit]   class space    used 7K, committed 128K, reserved 1048576K
