[2024-07-06T00:17:53.197-0700][info][gc] Using G1
[2024-07-06T00:17:53.305-0700][info][gc,init] Version: 17.0.11+1-LTS (release)
[2024-07-06T00:17:53.305-0700][info][gc,init] CPUs: 4 total, 4 available
[2024-07-06T00:17:53.305-0700][info][gc,init] Memory: 15953M
[2024-07-06T00:17:53.305-0700][info][gc,init] Large Page Support: Disabled
[2024-07-06T00:17:53.305-0700][info][gc,init] NUMA Support: Disabled
[2024-07-06T00:17:53.305-0700][info][gc,init] Compressed Oops: Enabled (Zero based)
[2024-07-06T00:17:53.305-0700][info][gc,init] Heap Region Size: 1M
[2024-07-06T00:17:53.305-0700][info][gc,init] Heap Min Capacity: 16G
[2024-07-06T00:17:53.305-0700][info][gc,init] Heap Initial Capacity: 16G
[2024-07-06T00:17:53.305-0700][info][gc,init] Heap Max Capacity: 16G
[2024-07-06T00:17:53.305-0700][info][gc,init] Pre-touch: Disabled
[2024-07-06T00:17:53.305-0700][info][gc,init] Parallel Workers: 4
[2024-07-06T00:17:53.305-0700][info][gc,init] Concurrent Workers: 1
[2024-07-06T00:17:53.305-0700][info][gc,init] Concurrent Refinement Workers: 4
[2024-07-06T00:17:53.306-0700][info][gc,init] Periodic GC: Disabled
[2024-07-06T00:17:53.314-0700][info][gc,metaspace] CDS archive(s) mapped at: [0x00007f14eb000000-0x00007f14ebbbb000-0x00007f14ebbbb000), size 12300288, SharedBaseAddress: 0x00007f14eb000000, ArchiveRelocationMode: 1.
[2024-07-06T00:17:53.314-0700][info][gc,metaspace] Compressed class space mapped at: 0x00007f14ec000000-0x00007f152c000000, reserved size: 1073741824
[2024-07-06T00:17:53.314-0700][info][gc,metaspace] Narrow klass base: 0x00007f14eb000000, Narrow klass shift: 0, Narrow klass range: 0x100000000
[2024-07-06T00:17:57.905-0700][info][gc,start    ] GC(0) Pause Young (Normal) (G1 Evacuation Pause)
[2024-07-06T00:17:57.906-0700][info][gc,task     ] GC(0) Using 4 workers of 4 for evacuation
[2024-07-06T00:17:58.209-0700][info][gc,phases   ] GC(0)   Pre Evacuate Collection Set: 1.5ms
[2024-07-06T00:17:58.209-0700][info][gc,phases   ] GC(0)   Merge Heap Roots: 0.7ms
[2024-07-06T00:17:58.209-0700][info][gc,phases   ] GC(0)   Evacuate Collection Set: 299.4ms
[2024-07-06T00:17:58.209-0700][info][gc,phases   ] GC(0)   Post Evacuate Collection Set: 1.0ms
[2024-07-06T00:17:58.209-0700][info][gc,phases   ] GC(0)   Other: 1.0ms
[2024-07-06T00:17:58.209-0700][info][gc,heap     ] GC(0) Eden regions: 819->0(716)
[2024-07-06T00:17:58.209-0700][info][gc,heap     ] GC(0) Survivor regions: 0->103(103)
[2024-07-06T00:17:58.209-0700][info][gc,heap     ] GC(0) Old regions: 0->496
[2024-07-06T00:17:58.209-0700][info][gc,heap     ] GC(0) Archive regions: 2->2
[2024-07-06T00:17:58.209-0700][info][gc,heap     ] GC(0) Humongous regions: 7->7
[2024-07-06T00:17:58.209-0700][info][gc,metaspace] GC(0) Metaspace: 225K(448K)->225K(448K) NonClass: 218K(320K)->218K(320K) Class: 6K(128K)->6K(128K)
[2024-07-06T00:17:58.209-0700][info][gc          ] GC(0) Pause Young (Normal) (G1 Evacuation Pause) 826M->606M(16384M) 303.765ms
[2024-07-06T00:17:58.209-0700][info][gc,cpu      ] GC(0) User=0.48s Sys=0.68s Real=0.30s
[2024-07-06T00:18:15.299-0700][info][gc,start    ] GC(1) Pause Young (Normal) (G1 Evacuation Pause)
[2024-07-06T00:18:15.299-0700][info][gc,task     ] GC(1) Using 4 workers of 4 for evacuation
[2024-07-06T00:18:15.661-0700][info][gc,phases   ] GC(1)   Pre Evacuate Collection Set: 1.0ms
[2024-07-06T00:18:15.661-0700][info][gc,phases   ] GC(1)   Merge Heap Roots: 0.8ms
[2024-07-06T00:18:15.661-0700][info][gc,phases   ] GC(1)   Evacuate Collection Set: 358.9ms
[2024-07-06T00:18:15.661-0700][info][gc,phases   ] GC(1)   Post Evacuate Collection Set: 1.1ms
[2024-07-06T00:18:15.661-0700][info][gc,phases   ] GC(1)   Other: 0.3ms
[2024-07-06T00:18:15.661-0700][info][gc,heap     ] GC(1) Eden regions: 716->0(716)
[2024-07-06T00:18:15.661-0700][info][gc,heap     ] GC(1) Survivor regions: 103->103(103)
[2024-07-06T00:18:15.661-0700][info][gc,heap     ] GC(1) Old regions: 496->1108
[2024-07-06T00:18:15.661-0700][info][gc,heap     ] GC(1) Archive regions: 2->2
[2024-07-06T00:18:15.661-0700][info][gc,heap     ] GC(1) Humongous regions: 11->11
[2024-07-06T00:18:15.661-0700][info][gc,metaspace] GC(1) Metaspace: 266K(448K)->266K(448K) NonClass: 260K(320K)->260K(320K) Class: 6K(128K)->6K(128K)
[2024-07-06T00:18:15.661-0700][info][gc          ] GC(1) Pause Young (Normal) (G1 Evacuation Pause) 1326M->1222M(16384M) 362.226ms
[2024-07-06T00:18:15.661-0700][info][gc,cpu      ] GC(1) User=0.68s Sys=0.72s Real=0.36s
[2024-07-06T00:19:01.849-0700][info][gc,start    ] GC(2) Pause Young (Normal) (G1 Evacuation Pause)
[2024-07-06T00:19:01.849-0700][info][gc,task     ] GC(2) Using 4 workers of 4 for evacuation
[2024-07-06T00:19:02.190-0700][info][gc,phases   ] GC(2)   Pre Evacuate Collection Set: 1.0ms
[2024-07-06T00:19:02.190-0700][info][gc,phases   ] GC(2)   Merge Heap Roots: 0.7ms
[2024-07-06T00:19:02.190-0700][info][gc,phases   ] GC(2)   Evacuate Collection Set: 337.7ms
[2024-07-06T00:19:02.190-0700][info][gc,phases   ] GC(2)   Post Evacuate Collection Set: 1.0ms
[2024-07-06T00:19:02.190-0700][info][gc,phases   ] GC(2)   Other: 0.2ms
[2024-07-06T00:19:02.190-0700][info][gc,heap     ] GC(2) Eden regions: 716->0(716)
[2024-07-06T00:19:02.190-0700][info][gc,heap     ] GC(2) Survivor regions: 103->103(103)
[2024-07-06T00:19:02.190-0700][info][gc,heap     ] GC(2) Old regions: 1108->1727
[2024-07-06T00:19:02.190-0700][info][gc,heap     ] GC(2) Archive regions: 2->2
[2024-07-06T00:19:02.190-0700][info][gc,heap     ] GC(2) Humongous regions: 16->16
[2024-07-06T00:19:02.190-0700][info][gc,metaspace] GC(2) Metaspace: 277K(512K)->277K(512K) NonClass: 270K(384K)->270K(384K) Class: 6K(128K)->6K(128K)
[2024-07-06T00:19:02.190-0700][info][gc          ] GC(2) Pause Young (Normal) (G1 Evacuation Pause) 1943M->1846M(16384M) 340.697ms
[2024-07-06T00:19:02.190-0700][info][gc,cpu      ] GC(2) User=0.68s Sys=0.65s Real=0.34s
[2024-07-06T00:21:17.882-0700][info][gc,start    ] GC(3) Pause Young (Normal) (G1 Evacuation Pause)
[2024-07-06T00:21:17.882-0700][info][gc,task     ] GC(3) Using 4 workers of 4 for evacuation
[2024-07-06T00:21:18.254-0700][info][gc,phases   ] GC(3)   Pre Evacuate Collection Set: 1.0ms
[2024-07-06T00:21:18.254-0700][info][gc,phases   ] GC(3)   Merge Heap Roots: 0.8ms
[2024-07-06T00:21:18.254-0700][info][gc,phases   ] GC(3)   Evacuate Collection Set: 368.4ms
[2024-07-06T00:21:18.254-0700][info][gc,phases   ] GC(3)   Post Evacuate Collection Set: 1.1ms
[2024-07-06T00:21:18.254-0700][info][gc,phases   ] GC(3)   Other: 0.2ms
[2024-07-06T00:21:18.254-0700][info][gc,heap     ] GC(3) Eden regions: 716->0(716)
[2024-07-06T00:21:18.254-0700][info][gc,heap     ] GC(3) Survivor regions: 103->103(103)
[2024-07-06T00:21:18.254-0700][info][gc,heap     ] GC(3) Old regions: 1727->2387
[2024-07-06T00:21:18.254-0700][info][gc,heap     ] GC(3) Archive regions: 2->2
[2024-07-06T00:21:18.254-0700][info][gc,heap     ] GC(3) Humongous regions: 23->23
[2024-07-06T00:21:18.254-0700][info][gc,metaspace] GC(3) Metaspace: 289K(512K)->289K(512K) NonClass: 282K(384K)->282K(384K) Class: 6K(128K)->6K(128K)
[2024-07-06T00:21:18.254-0700][info][gc          ] GC(3) Pause Young (Normal) (G1 Evacuation Pause) 2569M->2513M(16384M) 371.611ms
[2024-07-06T00:21:18.254-0700][info][gc,cpu      ] GC(3) User=0.73s Sys=0.69s Real=0.37s
[2024-07-06T00:25:15.835-0700][info][gc,start    ] GC(4) Pause Young (Normal) (G1 Evacuation Pause)
[2024-07-06T00:25:15.835-0700][info][gc,task     ] GC(4) Using 4 workers of 4 for evacuation
[2024-07-06T00:25:16.232-0700][info][gc,phases   ] GC(4)   Pre Evacuate Collection Set: 1.0ms
[2024-07-06T00:25:16.232-0700][info][gc,phases   ] GC(4)   Merge Heap Roots: 0.8ms
[2024-07-06T00:25:16.232-0700][info][gc,phases   ] GC(4)   Evacuate Collection Set: 394.4ms
[2024-07-06T00:25:16.232-0700][info][gc,phases   ] GC(4)   Post Evacuate Collection Set: 1.0ms
[2024-07-06T00:25:16.232-0700][info][gc,phases   ] GC(4)   Other: 0.2ms
[2024-07-06T00:25:16.232-0700][info][gc,heap     ] GC(4) Eden regions: 716->0(716)
[2024-07-06T00:25:16.232-0700][info][gc,heap     ] GC(4) Survivor regions: 103->103(103)
[2024-07-06T00:25:16.232-0700][info][gc,heap     ] GC(4) Old regions: 2387->3027
[2024-07-06T00:25:16.232-0700][info][gc,heap     ] GC(4) Archive regions: 2->2
[2024-07-06T00:25:16.232-0700][info][gc,heap     ] GC(4) Humongous regions: 34->34
[2024-07-06T00:25:16.232-0700][info][gc,metaspace] GC(4) Metaspace: 299K(512K)->299K(512K) NonClass: 292K(384K)->292K(384K) Class: 7K(128K)->7K(128K)
[2024-07-06T00:25:16.232-0700][info][gc          ] GC(4) Pause Young (Normal) (G1 Evacuation Pause) 3240M->3164M(16384M) 397.573ms
[2024-07-06T00:25:16.232-0700][info][gc,cpu      ] GC(4) User=0.73s Sys=0.80s Real=0.40s
[2024-07-06T00:30:54.397-0700][info][gc,start    ] GC(5) Pause Young (Normal) (G1 Evacuation Pause)
[2024-07-06T00:30:54.397-0700][info][gc,task     ] GC(5) Using 4 workers of 4 for evacuation
[2024-07-06T00:30:54.776-0700][info][gc,phases   ] GC(5)   Pre Evacuate Collection Set: 1.0ms
[2024-07-06T00:30:54.776-0700][info][gc,phases   ] GC(5)   Merge Heap Roots: 0.9ms
[2024-07-06T00:30:54.776-0700][info][gc,phases   ] GC(5)   Evacuate Collection Set: 375.9ms
[2024-07-06T00:30:54.776-0700][info][gc,phases   ] GC(5)   Post Evacuate Collection Set: 1.0ms
[2024-07-06T00:30:54.776-0700][info][gc,phases   ] GC(5)   Other: 0.1ms
[2024-07-06T00:30:54.776-0700][info][gc,heap     ] GC(5) Eden regions: 716->0(716)
[2024-07-06T00:30:54.776-0700][info][gc,heap     ] GC(5) Survivor regions: 103->103(103)
[2024-07-06T00:30:54.776-0700][info][gc,heap     ] GC(5) Old regions: 3027->3683
[2024-07-06T00:30:54.776-0700][info][gc,heap     ] GC(5) Archive regions: 2->2
[2024-07-06T00:30:54.776-0700][info][gc,heap     ] GC(5) Humongous regions: 34->34
[2024-07-06T00:30:54.776-0700][info][gc,metaspace] GC(5) Metaspace: 300K(512K)->300K(512K) NonClass: 293K(384K)->293K(384K) Class: 7K(128K)->7K(128K)
[2024-07-06T00:30:54.776-0700][info][gc          ] GC(5) Pause Young (Normal) (G1 Evacuation Pause) 3880M->3820M(16384M) 378.996ms
[2024-07-06T00:30:54.776-0700][info][gc,cpu      ] GC(5) User=0.63s Sys=0.83s Real=0.38s
[2024-07-06T00:38:06.237-0700][info][gc,start    ] GC(6) Pause Young (Normal) (G1 Evacuation Pause)
[2024-07-06T00:38:06.237-0700][info][gc,task     ] GC(6) Using 4 workers of 4 for evacuation
[2024-07-06T00:38:06.621-0700][info][gc,phases   ] GC(6)   Pre Evacuate Collection Set: 1.1ms
[2024-07-06T00:38:06.621-0700][info][gc,phases   ] GC(6)   Merge Heap Roots: 0.9ms
[2024-07-06T00:38:06.621-0700][info][gc,phases   ] GC(6)   Evacuate Collection Set: 380.7ms
[2024-07-06T00:38:06.621-0700][info][gc,phases   ] GC(6)   Post Evacuate Collection Set: 1.1ms
[2024-07-06T00:38:06.621-0700][info][gc,phases   ] GC(6)   Other: 0.2ms
[2024-07-06T00:38:06.621-0700][info][gc,heap     ] GC(6) Eden regions: 716->0(716)
[2024-07-06T00:38:06.621-0700][info][gc,heap     ] GC(6) Survivor regions: 103->103(103)
[2024-07-06T00:38:06.621-0700][info][gc,heap     ] GC(6) Old regions: 3683->4333
[2024-07-06T00:38:06.621-0700][info][gc,heap     ] GC(6) Archive regions: 2->2
[2024-07-06T00:38:06.621-0700][info][gc,heap     ] GC(6) Humongous regions: 34->34
[2024-07-06T00:38:06.621-0700][info][gc,metaspace] GC(6) Metaspace: 300K(512K)->300K(512K) NonClass: 293K(384K)->293K(384K) Class: 7K(128K)->7K(128K)
[2024-07-06T00:38:06.621-0700][info][gc          ] GC(6) Pause Young (Normal) (G1 Evacuation Pause) 4536M->4470M(16384M) 384.116ms
[2024-07-06T00:38:06.621-0700][info][gc,cpu      ] GC(6) User=0.60s Sys=0.88s Real=0.38s
[2024-07-06T00:46:42.494-0700][info][gc,start    ] GC(7) Pause Young (Normal) (G1 Evacuation Pause)
[2024-07-06T00:46:42.495-0700][info][gc,task     ] GC(7) Using 4 workers of 4 for evacuation
[2024-07-06T00:46:42.871-0700][info][gc,phases   ] GC(7)   Pre Evacuate Collection Set: 1.1ms
[2024-07-06T00:46:42.871-0700][info][gc,phases   ] GC(7)   Merge Heap Roots: 0.9ms
[2024-07-06T00:46:42.871-0700][info][gc,phases   ] GC(7)   Evacuate Collection Set: 373.0ms
[2024-07-06T00:46:42.871-0700][info][gc,phases   ] GC(7)   Post Evacuate Collection Set: 0.9ms
[2024-07-06T00:46:42.871-0700][info][gc,phases   ] GC(7)   Other: 0.2ms
[2024-07-06T00:46:42.871-0700][info][gc,heap     ] GC(7) Eden regions: 716->0(716)
[2024-07-06T00:46:42.871-0700][info][gc,heap     ] GC(7) Survivor regions: 103->103(103)
[2024-07-06T00:46:42.871-0700][info][gc,heap     ] GC(7) Old regions: 4333->5031
[2024-07-06T00:46:42.871-0700][info][gc,heap     ] GC(7) Archive regions: 2->2
[2024-07-06T00:46:42.871-0700][info][gc,heap     ] GC(7) Humongous regions: 50->50
[2024-07-06T00:46:42.871-0700][info][gc,metaspace] GC(7) Metaspace: 300K(512K)->300K(512K) NonClass: 293K(384K)->293K(384K) Class: 7K(128K)->7K(128K)
[2024-07-06T00:46:42.871-0700][info][gc          ] GC(7) Pause Young (Normal) (G1 Evacuation Pause) 5202M->5184M(16384M) 376.135ms
[2024-07-06T00:46:42.871-0700][info][gc,cpu      ] GC(7) User=0.65s Sys=0.81s Real=0.38s
[2024-07-06T00:56:41.863-0700][info][gc,start    ] GC(8) Pause Young (Normal) (G1 Evacuation Pause)
[2024-07-06T00:56:41.863-0700][info][gc,task     ] GC(8) Using 4 workers of 4 for evacuation
[2024-07-06T00:56:42.200-0700][info][gc,phases   ] GC(8)   Pre Evacuate Collection Set: 0.9ms
[2024-07-06T00:56:42.200-0700][info][gc,phases   ] GC(8)   Merge Heap Roots: 0.9ms
[2024-07-06T00:56:42.200-0700][info][gc,phases   ] GC(8)   Evacuate Collection Set: 334.5ms
[2024-07-06T00:56:42.200-0700][info][gc,phases   ] GC(8)   Post Evacuate Collection Set: 1.0ms
[2024-07-06T00:56:42.200-0700][info][gc,phases   ] GC(8)   Other: 0.1ms
[2024-07-06T00:56:42.200-0700][info][gc,heap     ] GC(8) Eden regions: 716->0(716)
[2024-07-06T00:56:42.200-0700][info][gc,heap     ] GC(8) Survivor regions: 103->103(103)
[2024-07-06T00:56:42.200-0700][info][gc,heap     ] GC(8) Old regions: 5031->5694
[2024-07-06T00:56:42.200-0700][info][gc,heap     ] GC(8) Archive regions: 2->2
[2024-07-06T00:56:42.200-0700][info][gc,heap     ] GC(8) Humongous regions: 50->50
[2024-07-06T00:56:42.200-0700][info][gc,metaspace] GC(8) Metaspace: 300K(512K)->300K(512K) NonClass: 293K(384K)->293K(384K) Class: 7K(128K)->7K(128K)
[2024-07-06T00:56:42.200-0700][info][gc          ] GC(8) Pause Young (Normal) (G1 Evacuation Pause) 5900M->5847M(16384M) 337.465ms
[2024-07-06T00:56:42.200-0700][info][gc,cpu      ] GC(8) User=0.60s Sys=0.70s Real=0.34s
[2024-07-06T01:08:00.490-0700][info][gc,start    ] GC(9) Pause Young (Normal) (G1 Evacuation Pause)
[2024-07-06T01:08:00.490-0700][info][gc,task     ] GC(9) Using 4 workers of 4 for evacuation
[2024-07-06T01:08:00.879-0700][info][gc,phases   ] GC(9)   Pre Evacuate Collection Set: 1.0ms
[2024-07-06T01:08:00.879-0700][info][gc,phases   ] GC(9)   Merge Heap Roots: 1.0ms
[2024-07-06T01:08:00.879-0700][info][gc,phases   ] GC(9)   Evacuate Collection Set: 385.3ms
[2024-07-06T01:08:00.879-0700][info][gc,phases   ] GC(9)   Post Evacuate Collection Set: 1.0ms
[2024-07-06T01:08:00.879-0700][info][gc,phases   ] GC(9)   Other: 0.1ms
[2024-07-06T01:08:00.879-0700][info][gc,heap     ] GC(9) Eden regions: 716->0(716)
[2024-07-06T01:08:00.879-0700][info][gc,heap     ] GC(9) Survivor regions: 103->103(103)
[2024-07-06T01:08:00.879-0700][info][gc,heap     ] GC(9) Old regions: 5694->6363
[2024-07-06T01:08:00.879-0700][info][gc,heap     ] GC(9) Archive regions: 2->2
[2024-07-06T01:08:00.879-0700][info][gc,heap     ] GC(9) Humongous regions: 50->50
[2024-07-06T01:08:00.879-0700][info][gc,metaspace] GC(9) Metaspace: 300K(512K)->300K(512K) NonClass: 293K(384K)->293K(384K) Class: 7K(128K)->7K(128K)
[2024-07-06T01:08:00.879-0700][info][gc          ] GC(9) Pause Young (Normal) (G1 Evacuation Pause) 6563M->6516M(16384M) 388.603ms
[2024-07-06T01:08:00.879-0700][info][gc,cpu      ] GC(9) User=0.66s Sys=0.84s Real=0.39s
[2024-07-06T01:20:34.814-0700][info][gc,start    ] GC(10) Pause Young (Normal) (G1 Evacuation Pause)
[2024-07-06T01:20:34.814-0700][info][gc,task     ] GC(10) Using 4 workers of 4 for evacuation
[2024-07-06T01:20:35.164-0700][info][gc,phases   ] GC(10)   Pre Evacuate Collection Set: 1.0ms
[2024-07-06T01:20:35.164-0700][info][gc,phases   ] GC(10)   Merge Heap Roots: 1.0ms
[2024-07-06T01:20:35.164-0700][info][gc,phases   ] GC(10)   Evacuate Collection Set: 347.8ms
[2024-07-06T01:20:35.164-0700][info][gc,phases   ] GC(10)   Post Evacuate Collection Set: 1.0ms
[2024-07-06T01:20:35.165-0700][info][gc,phases   ] GC(10)   Other: 0.1ms
[2024-07-06T01:20:35.165-0700][info][gc,heap     ] GC(10) Eden regions: 716->0(716)
[2024-07-06T01:20:35.165-0700][info][gc,heap     ] GC(10) Survivor regions: 103->103(103)
[2024-07-06T01:20:35.165-0700][info][gc,heap     ] GC(10) Old regions: 6363->7036
[2024-07-06T01:20:35.165-0700][info][gc,heap     ] GC(10) Archive regions: 2->2
[2024-07-06T01:20:35.165-0700][info][gc,heap     ] GC(10) Humongous regions: 50->50
[2024-07-06T01:20:35.165-0700][info][gc,metaspace] GC(10) Metaspace: 303K(512K)->303K(512K) NonClass: 295K(384K)->295K(384K) Class: 7K(128K)->7K(128K)
[2024-07-06T01:20:35.165-0700][info][gc          ] GC(10) Pause Young (Normal) (G1 Evacuation Pause) 7232M->7189M(16384M) 351.061ms
[2024-07-06T01:20:35.165-0700][info][gc,cpu      ] GC(10) User=0.58s Sys=0.78s Real=0.36s
[2024-07-06T01:34:29.287-0700][info][gc,start    ] GC(11) Pause Young (Normal) (G1 Evacuation Pause)
[2024-07-06T01:34:29.287-0700][info][gc,task     ] GC(11) Using 4 workers of 4 for evacuation
[2024-07-06T01:34:29.713-0700][info][gc,phases   ] GC(11)   Pre Evacuate Collection Set: 0.9ms
[2024-07-06T01:34:29.713-0700][info][gc,phases   ] GC(11)   Merge Heap Roots: 0.9ms
[2024-07-06T01:34:29.713-0700][info][gc,phases   ] GC(11)   Evacuate Collection Set: 423.3ms
[2024-07-06T01:34:29.713-0700][info][gc,phases   ] GC(11)   Post Evacuate Collection Set: 1.0ms
[2024-07-06T01:34:29.713-0700][info][gc,phases   ] GC(11)   Other: 0.1ms
[2024-07-06T01:34:29.713-0700][info][gc,heap     ] GC(11) Eden regions: 716->0(716)
[2024-07-06T01:34:29.713-0700][info][gc,heap     ] GC(11) Survivor regions: 103->103(103)
[2024-07-06T01:34:29.713-0700][info][gc,heap     ] GC(11) Old regions: 7036->7730
[2024-07-06T01:34:29.713-0700][info][gc,heap     ] GC(11) Archive regions: 2->2
[2024-07-06T01:34:29.713-0700][info][gc,heap     ] GC(11) Humongous regions: 74->74
[2024-07-06T01:34:29.713-0700][info][gc,metaspace] GC(11) Metaspace: 303K(512K)->303K(512K) NonClass: 295K(384K)->295K(384K) Class: 7K(128K)->7K(128K)
[2024-07-06T01:34:29.713-0700][info][gc          ] GC(11) Pause Young (Normal) (G1 Evacuation Pause) 7929M->7907M(16384M) 426.317ms
[2024-07-06T01:34:29.713-0700][info][gc,cpu      ] GC(11) User=0.78s Sys=0.86s Real=0.42s
[2024-07-06T01:49:38.923-0700][info][gc,start    ] GC(12) Pause Young (Concurrent Start) (G1 Evacuation Pause)
[2024-07-06T01:49:38.923-0700][info][gc,task     ] GC(12) Using 4 workers of 4 for evacuation
[2024-07-06T01:49:39.332-0700][info][gc,phases   ] GC(12)   Pre Evacuate Collection Set: 1.1ms
[2024-07-06T01:49:39.332-0700][info][gc,phases   ] GC(12)   Merge Heap Roots: 1.0ms
[2024-07-06T01:49:39.332-0700][info][gc,phases   ] GC(12)   Evacuate Collection Set: 405.1ms
[2024-07-06T01:49:39.332-0700][info][gc,phases   ] GC(12)   Post Evacuate Collection Set: 1.3ms
[2024-07-06T01:49:39.332-0700][info][gc,phases   ] GC(12)   Other: 0.8ms
[2024-07-06T01:49:39.332-0700][info][gc,heap     ] GC(12) Eden regions: 716->0(716)
[2024-07-06T01:49:39.332-0700][info][gc,heap     ] GC(12) Survivor regions: 103->103(103)
[2024-07-06T01:49:39.332-0700][info][gc,heap     ] GC(12) Old regions: 7730->8409
[2024-07-06T01:49:39.332-0700][info][gc,heap     ] GC(12) Archive regions: 2->2
[2024-07-06T01:49:39.332-0700][info][gc,heap     ] GC(12) Humongous regions: 74->74
[2024-07-06T01:49:39.332-0700][info][gc,metaspace] GC(12) Metaspace: 303K(512K)->303K(512K) NonClass: 295K(384K)->295K(384K) Class: 7K(128K)->7K(128K)
[2024-07-06T01:49:39.332-0700][info][gc          ] GC(12) Pause Young (Concurrent Start) (G1 Evacuation Pause) 8623M->8586M(16384M) 409.439ms
[2024-07-06T01:49:39.332-0700][info][gc,cpu      ] GC(12) User=0.74s Sys=0.82s Real=0.40s
[2024-07-06T01:49:39.332-0700][info][gc          ] GC(13) Concurrent Mark Cycle
[2024-07-06T01:49:39.332-0700][info][gc,marking  ] GC(13) Concurrent Clear Claimed Marks
[2024-07-06T01:49:39.332-0700][info][gc,marking  ] GC(13) Concurrent Clear Claimed Marks 0.007ms
[2024-07-06T01:49:39.332-0700][info][gc,marking  ] GC(13) Concurrent Scan Root Regions
[2024-07-06T01:49:39.371-0700][info][gc,marking  ] GC(13) Concurrent Scan Root Regions 38.225ms
[2024-07-06T01:49:39.371-0700][info][gc,marking  ] GC(13) Concurrent Mark
[2024-07-06T01:49:39.371-0700][info][gc,marking  ] GC(13) Concurrent Mark From Roots
[2024-07-06T01:49:39.371-0700][info][gc,task     ] GC(13) Using 1 workers of 1 for marking
[2024-07-06T01:49:40.365-0700][info][gc,marking  ] GC(13) Concurrent Mark From Roots 994.185ms
[2024-07-06T01:49:40.365-0700][info][gc,marking  ] GC(13) Concurrent Preclean
[2024-07-06T01:49:40.365-0700][info][gc,marking  ] GC(13) Concurrent Preclean 0.064ms
[2024-07-06T01:49:53.077-0700][info][gc,start    ] GC(13) Pause Remark
[2024-07-06T01:49:53.080-0700][info][gc          ] GC(13) Pause Remark 8591M->8500M(16384M) 3.246ms
[2024-07-06T01:49:53.080-0700][info][gc,cpu      ] GC(13) User=0.01s Sys=0.00s Real=0.00s
[2024-07-06T01:49:53.082-0700][info][gc,marking  ] GC(13) Concurrent Mark 13711.154ms
[2024-07-06T01:49:53.082-0700][info][gc,marking  ] GC(13) Concurrent Rebuild Remembered Sets
[2024-07-06T01:49:53.578-0700][info][gc,marking  ] GC(13) Concurrent Rebuild Remembered Sets 495.604ms
[2024-07-06T01:49:53.903-0700][info][gc,start    ] GC(13) Pause Cleanup
[2024-07-06T01:49:53.907-0700][info][gc          ] GC(13) Pause Cleanup 8500M->8500M(16384M) 4.456ms
[2024-07-06T01:49:53.907-0700][info][gc,cpu      ] GC(13) User=0.01s Sys=0.00s Real=0.01s
[2024-07-06T01:49:53.907-0700][info][gc,marking  ] GC(13) Concurrent Cleanup for Next Mark
[2024-07-06T01:49:54.123-0700][info][gc,marking  ] GC(13) Concurrent Cleanup for Next Mark 215.270ms
[2024-07-06T01:49:54.123-0700][info][gc          ] GC(13) Concurrent Mark Cycle 14790.340ms
[2024-07-06T02:02:42.592-0700][info][gc,heap,exit] Heap
[2024-07-06T02:02:42.592-0700][info][gc,heap,exit]  garbage-first heap   total 16777216K, used 9255322K [0x0000000400000000, 0x0000000800000000)
[2024-07-06T02:02:42.592-0700][info][gc,heap,exit]   region size 1024K, 646 young (661504K), 103 survivors (105472K)
[2024-07-06T02:02:42.592-0700][info][gc,heap,exit]  Metaspace       used 304K, committed 512K, reserved 1114112K
[2024-07-06T02:02:42.592-0700][info][gc,heap,exit]   class space    used 7K, committed 128K, reserved 1048576K
