[2024-07-05T09:46:23.571-0700][info][gc] Using G1
[2024-07-05T09:46:23.633-0700][info][gc,init] Version: 17.0.11+1-LTS (release)
[2024-07-05T09:46:23.633-0700][info][gc,init] CPUs: 4 total, 4 available
[2024-07-05T09:46:23.633-0700][info][gc,init] Memory: 15953M
[2024-07-05T09:46:23.633-0700][info][gc,init] Large Page Support: Disabled
[2024-07-05T09:46:23.633-0700][info][gc,init] NUMA Support: Disabled
[2024-07-05T09:46:23.633-0700][info][gc,init] Compressed Oops: Enabled (Zero based)
[2024-07-05T09:46:23.633-0700][info][gc,init] Heap Region Size: 1M
[2024-07-05T09:46:23.633-0700][info][gc,init] Heap Min Capacity: 4G
[2024-07-05T09:46:23.633-0700][info][gc,init] Heap Initial Capacity: 4G
[2024-07-05T09:46:23.633-0700][info][gc,init] Heap Max Capacity: 4G
[2024-07-05T09:46:23.633-0700][info][gc,init] Pre-touch: Disabled
[2024-07-05T09:46:23.633-0700][info][gc,init] Parallel Workers: 4
[2024-07-05T09:46:23.633-0700][info][gc,init] Concurrent Workers: 1
[2024-07-05T09:46:23.633-0700][info][gc,init] Concurrent Refinement Workers: 4
[2024-07-05T09:46:23.633-0700][info][gc,init] Periodic GC: Disabled
[2024-07-05T09:46:23.766-0700][info][gc,metaspace] CDS archive(s) mapped at: [0x00007f81ab000000-0x00007f81abbbb000-0x00007f81abbbb000), size 12300288, SharedBaseAddress: 0x00007f81ab000000, ArchiveRelocationMode: 1.
[2024-07-05T09:46:23.766-0700][info][gc,metaspace] Compressed class space mapped at: 0x00007f81ac000000-0x00007f81ec000000, reserved size: 1073741824
[2024-07-05T09:46:23.766-0700][info][gc,metaspace] Narrow klass base: 0x00007f81ab000000, Narrow klass shift: 0, Narrow klass range: 0x100000000
[2024-07-05T09:46:25.435-0700][info][gc,start    ] GC(0) Pause Young (Normal) (G1 Evacuation Pause)
[2024-07-05T09:46:25.436-0700][info][gc,task     ] GC(0) Using 4 workers of 4 for evacuation
[2024-07-05T09:46:25.647-0700][info][gc,phases   ] GC(0)   Pre Evacuate Collection Set: 0.4ms
[2024-07-05T09:46:25.647-0700][info][gc,phases   ] GC(0)   Merge Heap Roots: 1.7ms
[2024-07-05T09:46:25.647-0700][info][gc,phases   ] GC(0)   Evacuate Collection Set: 207.2ms
[2024-07-05T09:46:25.647-0700][info][gc,phases   ] GC(0)   Post Evacuate Collection Set: 1.0ms
[2024-07-05T09:46:25.647-0700][info][gc,phases   ] GC(0)   Other: 0.9ms
[2024-07-05T09:46:25.647-0700][info][gc,heap     ] GC(0) Eden regions: 204->0(178)
[2024-07-05T09:46:25.647-0700][info][gc,heap     ] GC(0) Survivor regions: 0->26(26)
[2024-07-05T09:46:25.647-0700][info][gc,heap     ] GC(0) Old regions: 0->77
[2024-07-05T09:46:25.647-0700][info][gc,heap     ] GC(0) Archive regions: 2->2
[2024-07-05T09:46:25.647-0700][info][gc,heap     ] GC(0) Humongous regions: 0->0
[2024-07-05T09:46:25.647-0700][info][gc,metaspace] GC(0) Metaspace: 179K(384K)->179K(384K) NonClass: 172K(256K)->172K(256K) Class: 6K(128K)->6K(128K)
[2024-07-05T09:46:25.647-0700][info][gc          ] GC(0) Pause Young (Normal) (G1 Evacuation Pause) 204M->103M(4096M) 211.347ms
[2024-07-05T09:46:25.647-0700][info][gc,cpu      ] GC(0) User=0.11s Sys=0.73s Real=0.21s
[2024-07-05T09:46:26.642-0700][info][gc,start    ] GC(1) Pause Young (Normal) (G1 Evacuation Pause)
[2024-07-05T09:46:26.642-0700][info][gc,task     ] GC(1) Using 4 workers of 4 for evacuation
[2024-07-05T09:46:27.042-0700][info][gc,phases   ] GC(1)   Pre Evacuate Collection Set: 0.6ms
[2024-07-05T09:46:27.042-0700][info][gc,phases   ] GC(1)   Merge Heap Roots: 0.6ms
[2024-07-05T09:46:27.042-0700][info][gc,phases   ] GC(1)   Evacuate Collection Set: 397.4ms
[2024-07-05T09:46:27.042-0700][info][gc,phases   ] GC(1)   Post Evacuate Collection Set: 0.8ms
[2024-07-05T09:46:27.042-0700][info][gc,phases   ] GC(1)   Other: 0.2ms
[2024-07-05T09:46:27.042-0700][info][gc,heap     ] GC(1) Eden regions: 178->0(178)
[2024-07-05T09:46:27.042-0700][info][gc,heap     ] GC(1) Survivor regions: 26->26(26)
[2024-07-05T09:46:27.042-0700][info][gc,heap     ] GC(1) Old regions: 77->220
[2024-07-05T09:46:27.042-0700][info][gc,heap     ] GC(1) Archive regions: 2->2
[2024-07-05T09:46:27.042-0700][info][gc,heap     ] GC(1) Humongous regions: 2->2
[2024-07-05T09:46:27.042-0700][info][gc,metaspace] GC(1) Metaspace: 190K(384K)->190K(384K) NonClass: 183K(256K)->183K(256K) Class: 6K(128K)->6K(128K)
[2024-07-05T09:46:27.042-0700][info][gc          ] GC(1) Pause Young (Normal) (G1 Evacuation Pause) 283M->248M(4096M) 399.801ms
[2024-07-05T09:46:27.042-0700][info][gc,cpu      ] GC(1) User=0.43s Sys=1.17s Real=0.40s
[2024-07-05T09:46:28.155-0700][info][gc,start    ] GC(2) Pause Young (Normal) (G1 Evacuation Pause)
[2024-07-05T09:46:28.155-0700][info][gc,task     ] GC(2) Using 4 workers of 4 for evacuation
[2024-07-05T09:46:28.529-0700][info][gc,phases   ] GC(2)   Pre Evacuate Collection Set: 0.4ms
[2024-07-05T09:46:28.529-0700][info][gc,phases   ] GC(2)   Merge Heap Roots: 0.1ms
[2024-07-05T09:46:28.529-0700][info][gc,phases   ] GC(2)   Evacuate Collection Set: 372.5ms
[2024-07-05T09:46:28.529-0700][info][gc,phases   ] GC(2)   Post Evacuate Collection Set: 0.7ms
[2024-07-05T09:46:28.529-0700][info][gc,phases   ] GC(2)   Other: 0.1ms
[2024-07-05T09:46:28.529-0700][info][gc,heap     ] GC(2) Eden regions: 178->0(178)
[2024-07-05T09:46:28.529-0700][info][gc,heap     ] GC(2) Survivor regions: 26->26(26)
[2024-07-05T09:46:28.529-0700][info][gc,heap     ] GC(2) Old regions: 220->382
[2024-07-05T09:46:28.529-0700][info][gc,heap     ] GC(2) Archive regions: 2->2
[2024-07-05T09:46:28.529-0700][info][gc,heap     ] GC(2) Humongous regions: 4->4
[2024-07-05T09:46:28.529-0700][info][gc,metaspace] GC(2) Metaspace: 196K(384K)->196K(384K) NonClass: 189K(256K)->189K(256K) Class: 6K(128K)->6K(128K)
[2024-07-05T09:46:28.529-0700][info][gc          ] GC(2) Pause Young (Normal) (G1 Evacuation Pause) 428M->412M(4096M) 373.837ms
[2024-07-05T09:46:28.529-0700][info][gc,cpu      ] GC(2) User=0.26s Sys=1.22s Real=0.37s
[2024-07-05T09:46:29.974-0700][info][gc,start    ] GC(3) Pause Young (Normal) (G1 Evacuation Pause)
[2024-07-05T09:46:29.974-0700][info][gc,task     ] GC(3) Using 4 workers of 4 for evacuation
[2024-07-05T09:46:30.328-0700][info][gc,phases   ] GC(3)   Pre Evacuate Collection Set: 0.3ms
[2024-07-05T09:46:30.328-0700][info][gc,phases   ] GC(3)   Merge Heap Roots: 0.1ms
[2024-07-05T09:46:30.328-0700][info][gc,phases   ] GC(3)   Evacuate Collection Set: 352.8ms
[2024-07-05T09:46:30.328-0700][info][gc,phases   ] GC(3)   Post Evacuate Collection Set: 0.7ms
[2024-07-05T09:46:30.328-0700][info][gc,phases   ] GC(3)   Other: 0.1ms
[2024-07-05T09:46:30.328-0700][info][gc,heap     ] GC(3) Eden regions: 178->0(178)
[2024-07-05T09:46:30.328-0700][info][gc,heap     ] GC(3) Survivor regions: 26->26(26)
[2024-07-05T09:46:30.328-0700][info][gc,heap     ] GC(3) Old regions: 382->540
[2024-07-05T09:46:30.328-0700][info][gc,heap     ] GC(3) Archive regions: 2->2
[2024-07-05T09:46:30.328-0700][info][gc,heap     ] GC(3) Humongous regions: 7->7
[2024-07-05T09:46:30.328-0700][info][gc,metaspace] GC(3) Metaspace: 226K(448K)->226K(448K) NonClass: 219K(320K)->219K(320K) Class: 6K(128K)->6K(128K)
[2024-07-05T09:46:30.328-0700][info][gc          ] GC(3) Pause Young (Normal) (G1 Evacuation Pause) 593M->573M(4096M) 354.166ms
[2024-07-05T09:46:30.328-0700][info][gc,cpu      ] GC(3) User=0.22s Sys=1.19s Real=0.36s
[2024-07-05T09:46:32.444-0700][info][gc,start    ] GC(4) Pause Young (Normal) (G1 Evacuation Pause)
[2024-07-05T09:46:32.444-0700][info][gc,task     ] GC(4) Using 4 workers of 4 for evacuation
[2024-07-05T09:46:32.864-0700][info][gc,phases   ] GC(4)   Pre Evacuate Collection Set: 0.4ms
[2024-07-05T09:46:32.864-0700][info][gc,phases   ] GC(4)   Merge Heap Roots: 0.2ms
[2024-07-05T09:46:32.864-0700][info][gc,phases   ] GC(4)   Evacuate Collection Set: 418.2ms
[2024-07-05T09:46:32.864-0700][info][gc,phases   ] GC(4)   Post Evacuate Collection Set: 1.7ms
[2024-07-05T09:46:32.864-0700][info][gc,phases   ] GC(4)   Other: 0.1ms
[2024-07-05T09:46:32.864-0700][info][gc,heap     ] GC(4) Eden regions: 178->0(178)
[2024-07-05T09:46:32.864-0700][info][gc,heap     ] GC(4) Survivor regions: 26->26(26)
[2024-07-05T09:46:32.864-0700][info][gc,heap     ] GC(4) Old regions: 540->701
[2024-07-05T09:46:32.864-0700][info][gc,heap     ] GC(4) Archive regions: 2->2
[2024-07-05T09:46:32.864-0700][info][gc,heap     ] GC(4) Humongous regions: 7->7
[2024-07-05T09:46:32.864-0700][info][gc,metaspace] GC(4) Metaspace: 231K(448K)->231K(448K) NonClass: 224K(320K)->224K(320K) Class: 6K(128K)->6K(128K)
[2024-07-05T09:46:32.864-0700][info][gc          ] GC(4) Pause Young (Normal) (G1 Evacuation Pause) 751M->734M(4096M) 420.687ms
[2024-07-05T09:46:32.864-0700][info][gc,cpu      ] GC(4) User=0.21s Sys=1.45s Real=0.42s
[2024-07-05T09:46:35.601-0700][info][gc,start    ] GC(5) Pause Young (Normal) (G1 Evacuation Pause)
[2024-07-05T09:46:35.601-0700][info][gc,task     ] GC(5) Using 4 workers of 4 for evacuation
[2024-07-05T09:46:35.992-0700][info][gc,phases   ] GC(5)   Pre Evacuate Collection Set: 0.3ms
[2024-07-05T09:46:35.992-0700][info][gc,phases   ] GC(5)   Merge Heap Roots: 0.2ms
[2024-07-05T09:46:35.992-0700][info][gc,phases   ] GC(5)   Evacuate Collection Set: 390.2ms
[2024-07-05T09:46:35.992-0700][info][gc,phases   ] GC(5)   Post Evacuate Collection Set: 0.6ms
[2024-07-05T09:46:35.992-0700][info][gc,phases   ] GC(5)   Other: 0.1ms
[2024-07-05T09:46:35.992-0700][info][gc,heap     ] GC(5) Eden regions: 178->0(178)
[2024-07-05T09:46:35.992-0700][info][gc,heap     ] GC(5) Survivor regions: 26->26(26)
[2024-07-05T09:46:35.992-0700][info][gc,heap     ] GC(5) Old regions: 701->865
[2024-07-05T09:46:35.992-0700][info][gc,heap     ] GC(5) Archive regions: 2->2
[2024-07-05T09:46:35.992-0700][info][gc,heap     ] GC(5) Humongous regions: 11->11
[2024-07-05T09:46:35.992-0700][info][gc,metaspace] GC(5) Metaspace: 257K(448K)->257K(448K) NonClass: 250K(320K)->250K(320K) Class: 6K(128K)->6K(128K)
[2024-07-05T09:46:35.992-0700][info][gc          ] GC(5) Pause Young (Normal) (G1 Evacuation Pause) 916M->902M(4096M) 391.371ms
[2024-07-05T09:46:35.992-0700][info][gc,cpu      ] GC(5) User=0.24s Sys=1.32s Real=0.39s
[2024-07-05T09:46:39.569-0700][info][gc,start    ] GC(6) Pause Young (Normal) (G1 Evacuation Pause)
[2024-07-05T09:46:39.570-0700][info][gc,task     ] GC(6) Using 4 workers of 4 for evacuation
[2024-07-05T09:46:39.999-0700][info][gc,phases   ] GC(6)   Pre Evacuate Collection Set: 0.5ms
[2024-07-05T09:46:39.999-0700][info][gc,phases   ] GC(6)   Merge Heap Roots: 0.4ms
[2024-07-05T09:46:39.999-0700][info][gc,phases   ] GC(6)   Evacuate Collection Set: 428.2ms
[2024-07-05T09:46:39.999-0700][info][gc,phases   ] GC(6)   Post Evacuate Collection Set: 0.7ms
[2024-07-05T09:46:39.999-0700][info][gc,phases   ] GC(6)   Other: 0.1ms
[2024-07-05T09:46:39.999-0700][info][gc,heap     ] GC(6) Eden regions: 178->0(178)
[2024-07-05T09:46:39.999-0700][info][gc,heap     ] GC(6) Survivor regions: 26->26(26)
[2024-07-05T09:46:39.999-0700][info][gc,heap     ] GC(6) Old regions: 865->1028
[2024-07-05T09:46:39.999-0700][info][gc,heap     ] GC(6) Archive regions: 2->2
[2024-07-05T09:46:39.999-0700][info][gc,heap     ] GC(6) Humongous regions: 11->11
[2024-07-05T09:46:39.999-0700][info][gc,metaspace] GC(6) Metaspace: 262K(448K)->262K(448K) NonClass: 255K(320K)->255K(320K) Class: 6K(128K)->6K(128K)
[2024-07-05T09:46:39.999-0700][info][gc          ] GC(6) Pause Young (Normal) (G1 Evacuation Pause) 1080M->1065M(4096M) 429.892ms
[2024-07-05T09:46:39.999-0700][info][gc,cpu      ] GC(6) User=0.30s Sys=1.41s Real=0.43s
[2024-07-05T09:46:44.464-0700][info][gc,start    ] GC(7) Pause Young (Normal) (G1 Evacuation Pause)
[2024-07-05T09:46:44.464-0700][info][gc,task     ] GC(7) Using 4 workers of 4 for evacuation
[2024-07-05T09:46:44.879-0700][info][gc,phases   ] GC(7)   Pre Evacuate Collection Set: 0.5ms
[2024-07-05T09:46:44.879-0700][info][gc,phases   ] GC(7)   Merge Heap Roots: 0.2ms
[2024-07-05T09:46:44.879-0700][info][gc,phases   ] GC(7)   Evacuate Collection Set: 413.5ms
[2024-07-05T09:46:44.879-0700][info][gc,phases   ] GC(7)   Post Evacuate Collection Set: 0.5ms
[2024-07-05T09:46:44.879-0700][info][gc,phases   ] GC(7)   Other: 0.3ms
[2024-07-05T09:46:44.879-0700][info][gc,heap     ] GC(7) Eden regions: 178->0(178)
[2024-07-05T09:46:44.879-0700][info][gc,heap     ] GC(7) Survivor regions: 26->26(26)
[2024-07-05T09:46:44.879-0700][info][gc,heap     ] GC(7) Old regions: 1028->1191
[2024-07-05T09:46:44.879-0700][info][gc,heap     ] GC(7) Archive regions: 2->2
[2024-07-05T09:46:44.879-0700][info][gc,heap     ] GC(7) Humongous regions: 11->11
[2024-07-05T09:46:44.879-0700][info][gc,metaspace] GC(7) Metaspace: 266K(448K)->266K(448K) NonClass: 259K(320K)->259K(320K) Class: 6K(128K)->6K(128K)
[2024-07-05T09:46:44.879-0700][info][gc          ] GC(7) Pause Young (Normal) (G1 Evacuation Pause) 1243M->1228M(4096M) 414.977ms
[2024-07-05T09:46:44.879-0700][info][gc,cpu      ] GC(7) User=0.27s Sys=1.37s Real=0.41s
[2024-07-05T09:46:51.546-0700][info][gc,start    ] GC(8) Pause Young (Normal) (G1 Evacuation Pause)
[2024-07-05T09:46:51.546-0700][info][gc,task     ] GC(8) Using 4 workers of 4 for evacuation
[2024-07-05T09:46:52.018-0700][info][gc,phases   ] GC(8)   Pre Evacuate Collection Set: 0.9ms
[2024-07-05T09:46:52.018-0700][info][gc,phases   ] GC(8)   Merge Heap Roots: 0.4ms
[2024-07-05T09:46:52.018-0700][info][gc,phases   ] GC(8)   Evacuate Collection Set: 470.4ms
[2024-07-05T09:46:52.018-0700][info][gc,phases   ] GC(8)   Post Evacuate Collection Set: 0.8ms
[2024-07-05T09:46:52.018-0700][info][gc,phases   ] GC(8)   Other: 0.2ms
[2024-07-05T09:46:52.018-0700][info][gc,heap     ] GC(8) Eden regions: 178->0(178)
[2024-07-05T09:46:52.018-0700][info][gc,heap     ] GC(8) Survivor regions: 26->26(26)
[2024-07-05T09:46:52.018-0700][info][gc,heap     ] GC(8) Old regions: 1191->1358
[2024-07-05T09:46:52.018-0700][info][gc,heap     ] GC(8) Archive regions: 2->2
[2024-07-05T09:46:52.018-0700][info][gc,heap     ] GC(8) Humongous regions: 16->16
[2024-07-05T09:46:52.018-0700][info][gc,metaspace] GC(8) Metaspace: 269K(512K)->269K(512K) NonClass: 262K(384K)->262K(384K) Class: 6K(128K)->6K(128K)
[2024-07-05T09:46:52.018-0700][info][gc          ] GC(8) Pause Young (Normal) (G1 Evacuation Pause) 1411M->1400M(4096M) 472.869ms
[2024-07-05T09:46:52.018-0700][info][gc,cpu      ] GC(8) User=0.32s Sys=1.56s Real=0.47s
[2024-07-05T09:47:00.674-0700][info][gc,start    ] GC(9) Pause Young (Normal) (G1 Evacuation Pause)
[2024-07-05T09:47:00.674-0700][info][gc,task     ] GC(9) Using 4 workers of 4 for evacuation
[2024-07-05T09:47:00.987-0700][info][gc,phases   ] GC(9)   Pre Evacuate Collection Set: 0.6ms
[2024-07-05T09:47:00.987-0700][info][gc,phases   ] GC(9)   Merge Heap Roots: 0.2ms
[2024-07-05T09:47:00.987-0700][info][gc,phases   ] GC(9)   Evacuate Collection Set: 310.9ms
[2024-07-05T09:47:00.987-0700][info][gc,phases   ] GC(9)   Post Evacuate Collection Set: 0.5ms
[2024-07-05T09:47:00.987-0700][info][gc,phases   ] GC(9)   Other: 0.2ms
[2024-07-05T09:47:00.987-0700][info][gc,heap     ] GC(9) Eden regions: 178->0(178)
[2024-07-05T09:47:00.987-0700][info][gc,heap     ] GC(9) Survivor regions: 26->26(26)
[2024-07-05T09:47:00.987-0700][info][gc,heap     ] GC(9) Old regions: 1358->1526
[2024-07-05T09:47:00.987-0700][info][gc,heap     ] GC(9) Archive regions: 2->2
[2024-07-05T09:47:00.987-0700][info][gc,heap     ] GC(9) Humongous regions: 16->16
[2024-07-05T09:47:00.987-0700][info][gc,metaspace] GC(9) Metaspace: 269K(512K)->269K(512K) NonClass: 262K(384K)->262K(384K) Class: 6K(128K)->6K(128K)
[2024-07-05T09:47:00.987-0700][info][gc          ] GC(9) Pause Young (Normal) (G1 Evacuation Pause) 1578M->1568M(4096M) 312.431ms
[2024-07-05T09:47:00.987-0700][info][gc,cpu      ] GC(9) User=0.18s Sys=1.05s Real=0.32s
[2024-07-05T09:47:12.316-0700][info][gc,start    ] GC(10) Pause Young (Normal) (G1 Evacuation Pause)
[2024-07-05T09:47:12.316-0700][info][gc,task     ] GC(10) Using 4 workers of 4 for evacuation
[2024-07-05T09:47:12.765-0700][info][gc,phases   ] GC(10)   Pre Evacuate Collection Set: 0.4ms
[2024-07-05T09:47:12.765-0700][info][gc,phases   ] GC(10)   Merge Heap Roots: 0.2ms
[2024-07-05T09:47:12.765-0700][info][gc,phases   ] GC(10)   Evacuate Collection Set: 447.9ms
[2024-07-05T09:47:12.765-0700][info][gc,phases   ] GC(10)   Post Evacuate Collection Set: 0.6ms
[2024-07-05T09:47:12.765-0700][info][gc,phases   ] GC(10)   Other: 0.2ms
[2024-07-05T09:47:12.765-0700][info][gc,heap     ] GC(10) Eden regions: 178->0(178)
[2024-07-05T09:47:12.765-0700][info][gc,heap     ] GC(10) Survivor regions: 26->26(26)
[2024-07-05T09:47:12.765-0700][info][gc,heap     ] GC(10) Old regions: 1526->1693
[2024-07-05T09:47:12.765-0700][info][gc,heap     ] GC(10) Archive regions: 2->2
[2024-07-05T09:47:12.765-0700][info][gc,heap     ] GC(10) Humongous regions: 16->16
[2024-07-05T09:47:12.765-0700][info][gc,metaspace] GC(10) Metaspace: 270K(512K)->270K(512K) NonClass: 263K(384K)->263K(384K) Class: 6K(128K)->6K(128K)
[2024-07-05T09:47:12.765-0700][info][gc          ] GC(10) Pause Young (Normal) (G1 Evacuation Pause) 1746M->1735M(4096M) 449.420ms
[2024-07-05T09:47:12.765-0700][info][gc,cpu      ] GC(10) User=0.36s Sys=1.43s Real=0.45s
[2024-07-05T09:47:25.312-0700][info][gc,start    ] GC(11) Pause Young (Normal) (G1 Evacuation Pause)
[2024-07-05T09:47:25.312-0700][info][gc,task     ] GC(11) Using 4 workers of 4 for evacuation
[2024-07-05T09:47:25.708-0700][info][gc,phases   ] GC(11)   Pre Evacuate Collection Set: 0.4ms
[2024-07-05T09:47:25.708-0700][info][gc,phases   ] GC(11)   Merge Heap Roots: 0.2ms
[2024-07-05T09:47:25.708-0700][info][gc,phases   ] GC(11)   Evacuate Collection Set: 394.5ms
[2024-07-05T09:47:25.708-0700][info][gc,phases   ] GC(11)   Post Evacuate Collection Set: 0.6ms
[2024-07-05T09:47:25.708-0700][info][gc,phases   ] GC(11)   Other: 0.1ms
[2024-07-05T09:47:25.708-0700][info][gc,heap     ] GC(11) Eden regions: 178->0(178)
[2024-07-05T09:47:25.708-0700][info][gc,heap     ] GC(11) Survivor regions: 26->26(26)
[2024-07-05T09:47:25.708-0700][info][gc,heap     ] GC(11) Old regions: 1693->1861
[2024-07-05T09:47:25.708-0700][info][gc,heap     ] GC(11) Archive regions: 2->2
[2024-07-05T09:47:25.708-0700][info][gc,heap     ] GC(11) Humongous regions: 16->16
[2024-07-05T09:47:25.708-0700][info][gc,metaspace] GC(11) Metaspace: 270K(512K)->270K(512K) NonClass: 263K(384K)->263K(384K) Class: 6K(128K)->6K(128K)
[2024-07-05T09:47:25.708-0700][info][gc          ] GC(11) Pause Young (Normal) (G1 Evacuation Pause) 1913M->1903M(4096M) 395.851ms
[2024-07-05T09:47:25.708-0700][info][gc,cpu      ] GC(11) User=0.26s Sys=1.31s Real=0.40s
[2024-07-05T09:47:38.067-0700][info][gc,start    ] GC(12) Pause Young (Concurrent Start) (G1 Evacuation Pause)
[2024-07-05T09:47:38.067-0700][info][gc,task     ] GC(12) Using 4 workers of 4 for evacuation
[2024-07-05T09:47:38.519-0700][info][gc,phases   ] GC(12)   Pre Evacuate Collection Set: 0.7ms
[2024-07-05T09:47:38.519-0700][info][gc,phases   ] GC(12)   Merge Heap Roots: 0.4ms
[2024-07-05T09:47:38.519-0700][info][gc,phases   ] GC(12)   Evacuate Collection Set: 449.5ms
[2024-07-05T09:47:38.519-0700][info][gc,phases   ] GC(12)   Post Evacuate Collection Set: 0.6ms
[2024-07-05T09:47:38.519-0700][info][gc,phases   ] GC(12)   Other: 0.3ms
[2024-07-05T09:47:38.519-0700][info][gc,heap     ] GC(12) Eden regions: 178->0(178)
[2024-07-05T09:47:38.519-0700][info][gc,heap     ] GC(12) Survivor regions: 26->26(26)
[2024-07-05T09:47:38.519-0700][info][gc,heap     ] GC(12) Old regions: 1861->2030
[2024-07-05T09:47:38.519-0700][info][gc,heap     ] GC(12) Archive regions: 2->2
[2024-07-05T09:47:38.519-0700][info][gc,heap     ] GC(12) Humongous regions: 16->16
[2024-07-05T09:47:38.519-0700][info][gc,metaspace] GC(12) Metaspace: 277K(512K)->277K(512K) NonClass: 270K(384K)->270K(384K) Class: 6K(128K)->6K(128K)
[2024-07-05T09:47:38.519-0700][info][gc          ] GC(12) Pause Young (Concurrent Start) (G1 Evacuation Pause) 2081M->2072M(4096M) 451.549ms
[2024-07-05T09:47:38.519-0700][info][gc,cpu      ] GC(12) User=0.52s Sys=1.28s Real=0.45s
[2024-07-05T09:47:38.519-0700][info][gc          ] GC(13) Concurrent Mark Cycle
[2024-07-05T09:47:38.519-0700][info][gc,marking  ] GC(13) Concurrent Clear Claimed Marks
[2024-07-05T09:47:38.519-0700][info][gc,marking  ] GC(13) Concurrent Clear Claimed Marks 0.006ms
[2024-07-05T09:47:38.519-0700][info][gc,marking  ] GC(13) Concurrent Scan Root Regions
[2024-07-05T09:47:38.528-0700][info][gc,marking  ] GC(13) Concurrent Scan Root Regions 8.767ms
[2024-07-05T09:47:38.528-0700][info][gc,marking  ] GC(13) Concurrent Mark
[2024-07-05T09:47:38.528-0700][info][gc,marking  ] GC(13) Concurrent Mark From Roots
[2024-07-05T09:47:38.528-0700][info][gc,task     ] GC(13) Using 1 workers of 1 for marking
[2024-07-05T09:47:40.727-0700][info][gc,marking  ] GC(13) Concurrent Mark From Roots 2199.636ms
[2024-07-05T09:47:40.727-0700][info][gc,marking  ] GC(13) Concurrent Preclean
[2024-07-05T09:47:40.727-0700][info][gc,marking  ] GC(13) Concurrent Preclean 0.091ms
[2024-07-05T09:48:03.236-0700][info][gc,start    ] GC(13) Pause Remark
[2024-07-05T09:48:03.238-0700][info][gc          ] GC(13) Pause Remark 2073M->2062M(4096M) 2.217ms
[2024-07-05T09:48:03.238-0700][info][gc,cpu      ] GC(13) User=0.01s Sys=0.00s Real=0.00s
[2024-07-05T09:48:03.239-0700][info][gc,marking  ] GC(13) Concurrent Mark 24711.486ms
[2024-07-05T09:48:03.239-0700][info][gc,marking  ] GC(13) Concurrent Rebuild Remembered Sets
[2024-07-05T09:48:03.344-0700][info][gc,marking  ] GC(13) Concurrent Rebuild Remembered Sets 105.313ms
[2024-07-05T09:48:03.486-0700][info][gc,start    ] GC(13) Pause Cleanup
[2024-07-05T09:48:03.488-0700][info][gc          ] GC(13) Pause Cleanup 2072M->2072M(4096M) 1.468ms
[2024-07-05T09:48:03.488-0700][info][gc,cpu      ] GC(13) User=0.00s Sys=0.00s Real=0.00s
[2024-07-05T09:48:03.488-0700][info][gc,marking  ] GC(13) Concurrent Cleanup for Next Mark
[2024-07-05T09:48:04.079-0700][info][gc,marking  ] GC(13) Concurrent Cleanup for Next Mark 591.616ms
[2024-07-05T09:48:04.079-0700][info][gc          ] GC(13) Concurrent Mark Cycle 25560.778ms
[2024-07-05T09:48:12.701-0700][info][gc,start    ] GC(14) Pause Young (Prepare Mixed) (G1 Evacuation Pause)
[2024-07-05T09:48:12.701-0700][info][gc,task     ] GC(14) Using 4 workers of 4 for evacuation
[2024-07-05T09:48:13.145-0700][info][gc,phases   ] GC(14)   Pre Evacuate Collection Set: 0.4ms
[2024-07-05T09:48:13.145-0700][info][gc,phases   ] GC(14)   Merge Heap Roots: 0.2ms
[2024-07-05T09:48:13.145-0700][info][gc,phases   ] GC(14)   Evacuate Collection Set: 442.7ms
[2024-07-05T09:48:13.145-0700][info][gc,phases   ] GC(14)   Post Evacuate Collection Set: 0.7ms
[2024-07-05T09:48:13.145-0700][info][gc,phases   ] GC(14)   Other: 0.1ms
[2024-07-05T09:48:13.145-0700][info][gc,heap     ] GC(14) Eden regions: 178->0(178)
[2024-07-05T09:48:13.145-0700][info][gc,heap     ] GC(14) Survivor regions: 26->26(26)
[2024-07-05T09:48:13.145-0700][info][gc,heap     ] GC(14) Old regions: 2030->2203
[2024-07-05T09:48:13.145-0700][info][gc,heap     ] GC(14) Archive regions: 2->2
[2024-07-05T09:48:13.145-0700][info][gc,heap     ] GC(14) Humongous regions: 12->12
[2024-07-05T09:48:13.145-0700][info][gc,metaspace] GC(14) Metaspace: 280K(512K)->280K(512K) NonClass: 273K(384K)->273K(384K) Class: 6K(128K)->6K(128K)
[2024-07-05T09:48:13.145-0700][info][gc          ] GC(14) Pause Young (Prepare Mixed) (G1 Evacuation Pause) 2246M->2241M(4096M) 444.169ms
[2024-07-05T09:48:13.145-0700][info][gc,cpu      ] GC(14) User=0.31s Sys=1.45s Real=0.45s
[2024-07-05T09:48:25.348-0700][info][gc,start    ] GC(15) Pause Young (Mixed) (G1 Evacuation Pause)
[2024-07-05T09:48:25.348-0700][info][gc,task     ] GC(15) Using 4 workers of 4 for evacuation
[2024-07-05T09:48:25.774-0700][info][gc,phases   ] GC(15)   Pre Evacuate Collection Set: 0.4ms
[2024-07-05T09:48:25.774-0700][info][gc,phases   ] GC(15)   Merge Heap Roots: 0.2ms
[2024-07-05T09:48:25.774-0700][info][gc,phases   ] GC(15)   Evacuate Collection Set: 423.8ms
[2024-07-05T09:48:25.774-0700][info][gc,phases   ] GC(15)   Post Evacuate Collection Set: 1.4ms
[2024-07-05T09:48:25.774-0700][info][gc,phases   ] GC(15)   Other: 0.2ms
[2024-07-05T09:48:25.774-0700][info][gc,heap     ] GC(15) Eden regions: 178->0(178)
[2024-07-05T09:48:25.774-0700][info][gc,heap     ] GC(15) Survivor regions: 26->26(26)
[2024-07-05T09:48:25.774-0700][info][gc,heap     ] GC(15) Old regions: 2203->2269
[2024-07-05T09:48:25.774-0700][info][gc,heap     ] GC(15) Archive regions: 2->2
[2024-07-05T09:48:25.774-0700][info][gc,heap     ] GC(15) Humongous regions: 12->12
[2024-07-05T09:48:25.774-0700][info][gc,metaspace] GC(15) Metaspace: 289K(512K)->289K(512K) NonClass: 282K(384K)->282K(384K) Class: 6K(128K)->6K(128K)
[2024-07-05T09:48:25.774-0700][info][gc          ] GC(15) Pause Young (Mixed) (G1 Evacuation Pause) 2419M->2307M(4096M) 426.158ms
[2024-07-05T09:48:25.774-0700][info][gc,cpu      ] GC(15) User=0.27s Sys=1.43s Real=0.42s
[2024-07-05T09:48:42.940-0700][info][gc,start    ] GC(16) Pause Young (Mixed) (G1 Evacuation Pause)
[2024-07-05T09:48:42.940-0700][info][gc,task     ] GC(16) Using 4 workers of 4 for evacuation
[2024-07-05T09:48:43.304-0700][info][gc,phases   ] GC(16)   Pre Evacuate Collection Set: 0.4ms
[2024-07-05T09:48:43.304-0700][info][gc,phases   ] GC(16)   Merge Heap Roots: 0.2ms
[2024-07-05T09:48:43.304-0700][info][gc,phases   ] GC(16)   Evacuate Collection Set: 362.8ms
[2024-07-05T09:48:43.304-0700][info][gc,phases   ] GC(16)   Post Evacuate Collection Set: 1.0ms
[2024-07-05T09:48:43.304-0700][info][gc,phases   ] GC(16)   Other: 0.2ms
[2024-07-05T09:48:43.305-0700][info][gc,heap     ] GC(16) Eden regions: 178->0(178)
[2024-07-05T09:48:43.305-0700][info][gc,heap     ] GC(16) Survivor regions: 26->26(26)
[2024-07-05T09:48:43.305-0700][info][gc,heap     ] GC(16) Old regions: 2269->2339
[2024-07-05T09:48:43.305-0700][info][gc,heap     ] GC(16) Archive regions: 2->2
[2024-07-05T09:48:43.305-0700][info][gc,heap     ] GC(16) Humongous regions: 12->12
[2024-07-05T09:48:43.305-0700][info][gc,metaspace] GC(16) Metaspace: 289K(512K)->289K(512K) NonClass: 282K(384K)->282K(384K) Class: 6K(128K)->6K(128K)
[2024-07-05T09:48:43.305-0700][info][gc          ] GC(16) Pause Young (Mixed) (G1 Evacuation Pause) 2485M->2377M(4096M) 364.704ms
[2024-07-05T09:48:43.305-0700][info][gc,cpu      ] GC(16) User=0.72s Sys=0.64s Real=0.37s
[2024-07-05T09:49:00.038-0700][info][gc,start    ] GC(17) Pause Young (Mixed) (G1 Evacuation Pause)
[2024-07-05T09:49:00.038-0700][info][gc,task     ] GC(17) Using 4 workers of 4 for evacuation
[2024-07-05T09:49:00.369-0700][info][gc,phases   ] GC(17)   Pre Evacuate Collection Set: 0.4ms
[2024-07-05T09:49:00.369-0700][info][gc,phases   ] GC(17)   Merge Heap Roots: 0.2ms
[2024-07-05T09:49:00.369-0700][info][gc,phases   ] GC(17)   Evacuate Collection Set: 330.0ms
[2024-07-05T09:49:00.369-0700][info][gc,phases   ] GC(17)   Post Evacuate Collection Set: 1.0ms
[2024-07-05T09:49:00.369-0700][info][gc,phases   ] GC(17)   Other: 0.1ms
[2024-07-05T09:49:00.369-0700][info][gc,heap     ] GC(17) Eden regions: 178->0(178)
[2024-07-05T09:49:00.369-0700][info][gc,heap     ] GC(17) Survivor regions: 26->26(26)
[2024-07-05T09:49:00.369-0700][info][gc,heap     ] GC(17) Old regions: 2339->2415
[2024-07-05T09:49:00.369-0700][info][gc,heap     ] GC(17) Archive regions: 2->2
[2024-07-05T09:49:00.369-0700][info][gc,heap     ] GC(17) Humongous regions: 12->12
[2024-07-05T09:49:00.369-0700][info][gc,metaspace] GC(17) Metaspace: 294K(512K)->294K(512K) NonClass: 287K(384K)->287K(384K) Class: 6K(128K)->6K(128K)
[2024-07-05T09:49:00.369-0700][info][gc          ] GC(17) Pause Young (Mixed) (G1 Evacuation Pause) 2555M->2453M(4096M) 331.747ms
[2024-07-05T09:49:00.369-0700][info][gc,cpu      ] GC(17) User=0.71s Sys=0.60s Real=0.33s
[2024-07-05T09:49:20.200-0700][info][gc,start    ] GC(18) Pause Young (Mixed) (G1 Evacuation Pause)
[2024-07-05T09:49:20.200-0700][info][gc,task     ] GC(18) Using 4 workers of 4 for evacuation
[2024-07-05T09:49:20.476-0700][info][gc,phases   ] GC(18)   Pre Evacuate Collection Set: 0.4ms
[2024-07-05T09:49:20.476-0700][info][gc,phases   ] GC(18)   Merge Heap Roots: 0.2ms
[2024-07-05T09:49:20.476-0700][info][gc,phases   ] GC(18)   Evacuate Collection Set: 274.4ms
[2024-07-05T09:49:20.476-0700][info][gc,phases   ] GC(18)   Post Evacuate Collection Set: 1.2ms
[2024-07-05T09:49:20.476-0700][info][gc,phases   ] GC(18)   Other: 0.1ms
[2024-07-05T09:49:20.476-0700][info][gc,heap     ] GC(18) Eden regions: 178->0(178)
[2024-07-05T09:49:20.476-0700][info][gc,heap     ] GC(18) Survivor regions: 26->26(26)
[2024-07-05T09:49:20.476-0700][info][gc,heap     ] GC(18) Old regions: 2415->2500
[2024-07-05T09:49:20.476-0700][info][gc,heap     ] GC(18) Archive regions: 2->2
[2024-07-05T09:49:20.476-0700][info][gc,heap     ] GC(18) Humongous regions: 12->12
[2024-07-05T09:49:20.476-0700][info][gc,metaspace] GC(18) Metaspace: 294K(512K)->294K(512K) NonClass: 287K(384K)->287K(384K) Class: 6K(128K)->6K(128K)
[2024-07-05T09:49:20.476-0700][info][gc          ] GC(18) Pause Young (Mixed) (G1 Evacuation Pause) 2631M->2538M(4096M) 276.505ms
[2024-07-05T09:49:20.476-0700][info][gc,cpu      ] GC(18) User=0.37s Sys=0.72s Real=0.28s
[2024-07-05T09:49:41.278-0700][info][gc,start    ] GC(19) Pause Young (Mixed) (G1 Evacuation Pause)
[2024-07-05T09:49:41.278-0700][info][gc,task     ] GC(19) Using 4 workers of 4 for evacuation
[2024-07-05T09:49:41.554-0700][info][gc,phases   ] GC(19)   Pre Evacuate Collection Set: 0.3ms
[2024-07-05T09:49:41.554-0700][info][gc,phases   ] GC(19)   Merge Heap Roots: 0.2ms
[2024-07-05T09:49:41.554-0700][info][gc,phases   ] GC(19)   Evacuate Collection Set: 261.9ms
[2024-07-05T09:49:41.554-0700][info][gc,phases   ] GC(19)   Merge Optional Heap Roots: 0.1ms
[2024-07-05T09:49:41.554-0700][info][gc,phases   ] GC(19)   Evacuate Optional Collection Set: 12.1ms
[2024-07-05T09:49:41.554-0700][info][gc,phases   ] GC(19)   Post Evacuate Collection Set: 1.3ms
[2024-07-05T09:49:41.554-0700][info][gc,phases   ] GC(19)   Other: 0.1ms
[2024-07-05T09:49:41.554-0700][info][gc,heap     ] GC(19) Eden regions: 178->0(178)
[2024-07-05T09:49:41.554-0700][info][gc,heap     ] GC(19) Survivor regions: 26->26(26)
[2024-07-05T09:49:41.554-0700][info][gc,heap     ] GC(19) Old regions: 2500->2583
[2024-07-05T09:49:41.554-0700][info][gc,heap     ] GC(19) Archive regions: 2->2
[2024-07-05T09:49:41.554-0700][info][gc,heap     ] GC(19) Humongous regions: 12->12
[2024-07-05T09:49:41.554-0700][info][gc,metaspace] GC(19) Metaspace: 294K(512K)->294K(512K) NonClass: 287K(384K)->287K(384K) Class: 6K(128K)->6K(128K)
[2024-07-05T09:49:41.554-0700][info][gc          ] GC(19) Pause Young (Mixed) (G1 Evacuation Pause) 2716M->2621M(4096M) 276.149ms
[2024-07-05T09:49:41.554-0700][info][gc,cpu      ] GC(19) User=0.27s Sys=0.82s Real=0.27s
[2024-07-05T09:49:58.683-0700][info][gc,start    ] GC(20) Pause Young (Mixed) (G1 Evacuation Pause)
[2024-07-05T09:49:58.683-0700][info][gc,task     ] GC(20) Using 4 workers of 4 for evacuation
[2024-07-05T09:49:58.948-0700][info][gc,phases   ] GC(20)   Pre Evacuate Collection Set: 0.4ms
[2024-07-05T09:49:58.948-0700][info][gc,phases   ] GC(20)   Merge Heap Roots: 0.2ms
[2024-07-05T09:49:58.948-0700][info][gc,phases   ] GC(20)   Evacuate Collection Set: 237.0ms
[2024-07-05T09:49:58.948-0700][info][gc,phases   ] GC(20)   Merge Optional Heap Roots: 0.2ms
[2024-07-05T09:49:58.948-0700][info][gc,phases   ] GC(20)   Evacuate Optional Collection Set: 25.4ms
[2024-07-05T09:49:58.948-0700][info][gc,phases   ] GC(20)   Post Evacuate Collection Set: 1.7ms
[2024-07-05T09:49:58.948-0700][info][gc,phases   ] GC(20)   Other: 0.1ms
[2024-07-05T09:49:58.948-0700][info][gc,heap     ] GC(20) Eden regions: 178->0(178)
[2024-07-05T09:49:58.948-0700][info][gc,heap     ] GC(20) Survivor regions: 26->26(26)
[2024-07-05T09:49:58.948-0700][info][gc,heap     ] GC(20) Old regions: 2583->2669
[2024-07-05T09:49:58.948-0700][info][gc,heap     ] GC(20) Archive regions: 2->2
[2024-07-05T09:49:58.948-0700][info][gc,heap     ] GC(20) Humongous regions: 12->12
[2024-07-05T09:49:58.948-0700][info][gc,metaspace] GC(20) Metaspace: 299K(512K)->299K(512K) NonClass: 291K(384K)->291K(384K) Class: 7K(128K)->7K(128K)
[2024-07-05T09:49:58.948-0700][info][gc          ] GC(20) Pause Young (Mixed) (G1 Evacuation Pause) 2799M->2707M(4096M) 265.052ms
[2024-07-05T09:49:58.948-0700][info][gc,cpu      ] GC(20) User=0.24s Sys=0.79s Real=0.26s
[2024-07-05T09:50:15.790-0700][info][gc,start    ] GC(21) Pause Young (Mixed) (G1 Evacuation Pause)
[2024-07-05T09:50:15.790-0700][info][gc,task     ] GC(21) Using 4 workers of 4 for evacuation
[2024-07-05T09:50:16.074-0700][info][gc,phases   ] GC(21)   Pre Evacuate Collection Set: 0.4ms
[2024-07-05T09:50:16.074-0700][info][gc,phases   ] GC(21)   Merge Heap Roots: 0.2ms
[2024-07-05T09:50:16.074-0700][info][gc,phases   ] GC(21)   Evacuate Collection Set: 251.7ms
[2024-07-05T09:50:16.074-0700][info][gc,phases   ] GC(21)   Merge Optional Heap Roots: 0.2ms
[2024-07-05T09:50:16.074-0700][info][gc,phases   ] GC(21)   Evacuate Optional Collection Set: 30.3ms
[2024-07-05T09:50:16.074-0700][info][gc,phases   ] GC(21)   Post Evacuate Collection Set: 1.1ms
[2024-07-05T09:50:16.074-0700][info][gc,phases   ] GC(21)   Other: 0.1ms
[2024-07-05T09:50:16.074-0700][info][gc,heap     ] GC(21) Eden regions: 178->0(178)
[2024-07-05T09:50:16.074-0700][info][gc,heap     ] GC(21) Survivor regions: 26->26(26)
[2024-07-05T09:50:16.074-0700][info][gc,heap     ] GC(21) Old regions: 2669->2762
[2024-07-05T09:50:16.074-0700][info][gc,heap     ] GC(21) Archive regions: 2->2
[2024-07-05T09:50:16.074-0700][info][gc,heap     ] GC(21) Humongous regions: 23->23
[2024-07-05T09:50:16.074-0700][info][gc,metaspace] GC(21) Metaspace: 300K(512K)->300K(512K) NonClass: 293K(384K)->293K(384K) Class: 7K(128K)->7K(128K)
[2024-07-05T09:50:16.074-0700][info][gc          ] GC(21) Pause Young (Mixed) (G1 Evacuation Pause) 2896M->2811M(4096M) 284.177ms
[2024-07-05T09:50:16.074-0700][info][gc,cpu      ] GC(21) User=0.27s Sys=0.85s Real=0.28s
[2024-07-05T09:50:33.807-0700][info][gc,start    ] GC(22) Pause Young (Mixed) (G1 Evacuation Pause)
[2024-07-05T09:50:33.807-0700][info][gc,task     ] GC(22) Using 4 workers of 4 for evacuation
[2024-07-05T09:50:33.965-0700][info][gc,phases   ] GC(22)   Pre Evacuate Collection Set: 0.3ms
[2024-07-05T09:50:33.965-0700][info][gc,phases   ] GC(22)   Merge Heap Roots: 0.2ms
[2024-07-05T09:50:33.965-0700][info][gc,phases   ] GC(22)   Evacuate Collection Set: 157.1ms
[2024-07-05T09:50:33.966-0700][info][gc,phases   ] GC(22)   Post Evacuate Collection Set: 0.8ms
[2024-07-05T09:50:33.966-0700][info][gc,phases   ] GC(22)   Other: 0.2ms
[2024-07-05T09:50:33.966-0700][info][gc,heap     ] GC(22) Eden regions: 178->0(228)
[2024-07-05T09:50:33.966-0700][info][gc,heap     ] GC(22) Survivor regions: 26->26(26)
[2024-07-05T09:50:33.966-0700][info][gc,heap     ] GC(22) Old regions: 2762->2914
[2024-07-05T09:50:33.966-0700][info][gc,heap     ] GC(22) Archive regions: 2->2
[2024-07-05T09:50:33.966-0700][info][gc,heap     ] GC(22) Humongous regions: 23->23
[2024-07-05T09:50:33.966-0700][info][gc,metaspace] GC(22) Metaspace: 300K(512K)->300K(512K) NonClass: 293K(384K)->293K(384K) Class: 7K(128K)->7K(128K)
[2024-07-05T09:50:33.966-0700][info][gc          ] GC(22) Pause Young (Mixed) (G1 Evacuation Pause) 2989M->2963M(4096M) 158.677ms
[2024-07-05T09:50:33.966-0700][info][gc,cpu      ] GC(22) User=0.22s Sys=0.39s Real=0.16s
[2024-07-05T09:50:54.157-0700][info][gc,start    ] GC(23) Pause Young (Concurrent Start) (G1 Evacuation Pause)
[2024-07-05T09:50:54.157-0700][info][gc,task     ] GC(23) Using 4 workers of 4 for evacuation
[2024-07-05T09:50:54.594-0700][info][gc,phases   ] GC(23)   Pre Evacuate Collection Set: 0.3ms
[2024-07-05T09:50:54.594-0700][info][gc,phases   ] GC(23)   Merge Heap Roots: 0.2ms
[2024-07-05T09:50:54.594-0700][info][gc,phases   ] GC(23)   Evacuate Collection Set: 435.0ms
[2024-07-05T09:50:54.594-0700][info][gc,phases   ] GC(23)   Post Evacuate Collection Set: 0.7ms
[2024-07-05T09:50:54.594-0700][info][gc,phases   ] GC(23)   Other: 0.4ms
[2024-07-05T09:50:54.594-0700][info][gc,heap     ] GC(23) Eden regions: 228->0(172)
[2024-07-05T09:50:54.594-0700][info][gc,heap     ] GC(23) Survivor regions: 26->32(32)
[2024-07-05T09:50:54.594-0700][info][gc,heap     ] GC(23) Old regions: 2914->3128
[2024-07-05T09:50:54.594-0700][info][gc,heap     ] GC(23) Archive regions: 2->2
[2024-07-05T09:50:54.594-0700][info][gc,heap     ] GC(23) Humongous regions: 23->23
[2024-07-05T09:50:54.594-0700][info][gc,metaspace] GC(23) Metaspace: 300K(512K)->300K(512K) NonClass: 293K(384K)->293K(384K) Class: 7K(128K)->7K(128K)
[2024-07-05T09:50:54.594-0700][info][gc          ] GC(23) Pause Young (Concurrent Start) (G1 Evacuation Pause) 3191M->3182M(4096M) 436.612ms
[2024-07-05T09:50:54.594-0700][info][gc,cpu      ] GC(23) User=0.26s Sys=1.48s Real=0.43s
[2024-07-05T09:50:54.594-0700][info][gc          ] GC(24) Concurrent Mark Cycle
[2024-07-05T09:50:54.594-0700][info][gc,marking  ] GC(24) Concurrent Clear Claimed Marks
[2024-07-05T09:50:54.594-0700][info][gc,marking  ] GC(24) Concurrent Clear Claimed Marks 0.005ms
[2024-07-05T09:50:54.594-0700][info][gc,marking  ] GC(24) Concurrent Scan Root Regions
[2024-07-05T09:50:54.608-0700][info][gc,marking  ] GC(24) Concurrent Scan Root Regions 14.282ms
[2024-07-05T09:50:54.608-0700][info][gc,marking  ] GC(24) Concurrent Mark
[2024-07-05T09:50:54.608-0700][info][gc,marking  ] GC(24) Concurrent Mark From Roots
[2024-07-05T09:50:54.608-0700][info][gc,task     ] GC(24) Using 1 workers of 1 for marking
[2024-07-05T09:50:56.422-0700][info][gc,marking  ] GC(24) Concurrent Mark From Roots 1813.222ms
[2024-07-05T09:50:56.422-0700][info][gc,marking  ] GC(24) Concurrent Preclean
[2024-07-05T09:50:56.422-0700][info][gc,marking  ] GC(24) Concurrent Preclean 0.060ms
[2024-07-05T09:51:30.790-0700][info][gc,start    ] GC(24) Pause Remark
[2024-07-05T09:51:30.792-0700][info][gc          ] GC(24) Pause Remark 3185M->3173M(4096M) 1.681ms
[2024-07-05T09:51:30.792-0700][info][gc,cpu      ] GC(24) User=0.00s Sys=0.00s Real=0.00s
[2024-07-05T09:51:30.792-0700][info][gc,marking  ] GC(24) Concurrent Mark 36183.585ms
[2024-07-05T09:51:30.792-0700][info][gc,marking  ] GC(24) Concurrent Rebuild Remembered Sets
[2024-07-05T09:51:31.001-0700][info][gc,marking  ] GC(24) Concurrent Rebuild Remembered Sets 208.644ms
[2024-07-05T09:51:31.067-0700][info][gc,start    ] GC(24) Pause Cleanup
[2024-07-05T09:51:31.069-0700][info][gc          ] GC(24) Pause Cleanup 3182M->3182M(4096M) 1.784ms
[2024-07-05T09:51:31.069-0700][info][gc,cpu      ] GC(24) User=0.00s Sys=0.00s Real=0.00s
[2024-07-05T09:51:31.069-0700][info][gc,marking  ] GC(24) Concurrent Cleanup for Next Mark
[2024-07-05T09:51:31.474-0700][info][gc,marking  ] GC(24) Concurrent Cleanup for Next Mark 404.845ms
[2024-07-05T09:51:31.474-0700][info][gc          ] GC(24) Concurrent Mark Cycle 36879.583ms
[2024-07-05T09:51:54.301-0700][info][gc,start    ] GC(25) Pause Young (Prepare Mixed) (G1 Evacuation Pause)
[2024-07-05T09:51:54.301-0700][info][gc,task     ] GC(25) Using 4 workers of 4 for evacuation
[2024-07-05T09:51:54.674-0700][info][gc,phases   ] GC(25)   Pre Evacuate Collection Set: 0.3ms
[2024-07-05T09:51:54.674-0700][info][gc,phases   ] GC(25)   Merge Heap Roots: 0.2ms
[2024-07-05T09:51:54.674-0700][info][gc,phases   ] GC(25)   Evacuate Collection Set: 371.6ms
[2024-07-05T09:51:54.674-0700][info][gc,phases   ] GC(25)   Post Evacuate Collection Set: 0.6ms
[2024-07-05T09:51:54.674-0700][info][gc,phases   ] GC(25)   Other: 0.1ms
[2024-07-05T09:51:54.674-0700][info][gc,heap     ] GC(25) Eden regions: 172->0(178)
[2024-07-05T09:51:54.674-0700][info][gc,heap     ] GC(25) Survivor regions: 32->26(26)
[2024-07-05T09:51:54.674-0700][info][gc,heap     ] GC(25) Old regions: 3128->3300
[2024-07-05T09:51:54.674-0700][info][gc,heap     ] GC(25) Archive regions: 2->2
[2024-07-05T09:51:54.674-0700][info][gc,heap     ] GC(25) Humongous regions: 11->11
[2024-07-05T09:51:54.674-0700][info][gc,metaspace] GC(25) Metaspace: 300K(512K)->300K(512K) NonClass: 293K(384K)->293K(384K) Class: 7K(128K)->7K(128K)
[2024-07-05T09:51:54.674-0700][info][gc          ] GC(25) Pause Young (Prepare Mixed) (G1 Evacuation Pause) 3342M->3337M(4096M) 372.925ms
[2024-07-05T09:51:54.674-0700][info][gc,cpu      ] GC(25) User=0.21s Sys=1.27s Real=0.37s
[2024-07-05T09:52:13.000-0700][info][gc,start    ] GC(26) Pause Young (Mixed) (G1 Evacuation Pause)
[2024-07-05T09:52:13.000-0700][info][gc,task     ] GC(26) Using 4 workers of 4 for evacuation
[2024-07-05T09:52:13.569-0700][info][gc,mmu      ] GC(26) MMU target violated: 501.0ms (500.0ms/501.0ms)
[2024-07-05T09:52:13.569-0700][info][gc,phases   ] GC(26)   Pre Evacuate Collection Set: 0.5ms
[2024-07-05T09:52:13.569-0700][info][gc,phases   ] GC(26)   Merge Heap Roots: 0.2ms
[2024-07-05T09:52:13.569-0700][info][gc,phases   ] GC(26)   Evacuate Collection Set: 566.0ms
[2024-07-05T09:52:13.569-0700][info][gc,phases   ] GC(26)   Post Evacuate Collection Set: 1.7ms
[2024-07-05T09:52:13.569-0700][info][gc,phases   ] GC(26)   Other: 0.2ms
[2024-07-05T09:52:13.569-0700][info][gc,heap     ] GC(26) Eden regions: 178->0(178)
[2024-07-05T09:52:13.569-0700][info][gc,heap     ] GC(26) Survivor regions: 26->26(26)
[2024-07-05T09:52:13.569-0700][info][gc,heap     ] GC(26) Old regions: 3300->3332
[2024-07-05T09:52:13.569-0700][info][gc,heap     ] GC(26) Archive regions: 2->2
[2024-07-05T09:52:13.569-0700][info][gc,heap     ] GC(26) Humongous regions: 11->11
[2024-07-05T09:52:13.569-0700][info][gc,metaspace] GC(26) Metaspace: 300K(512K)->300K(512K) NonClass: 293K(384K)->293K(384K) Class: 7K(128K)->7K(128K)
[2024-07-05T09:52:13.569-0700][info][gc          ] GC(26) Pause Young (Mixed) (G1 Evacuation Pause) 3515M->3369M(4096M) 568.655ms
[2024-07-05T09:52:13.569-0700][info][gc,cpu      ] GC(26) User=0.30s Sys=1.96s Real=0.57s
[2024-07-05T09:52:32.294-0700][info][gc,start    ] GC(27) Pause Young (Mixed) (G1 Evacuation Pause)
[2024-07-05T09:52:32.295-0700][info][gc,task     ] GC(27) Using 4 workers of 4 for evacuation
[2024-07-05T09:52:32.480-0700][info][gc,phases   ] GC(27)   Pre Evacuate Collection Set: 0.6ms
[2024-07-05T09:52:32.480-0700][info][gc,phases   ] GC(27)   Merge Heap Roots: 0.5ms
[2024-07-05T09:52:32.480-0700][info][gc,phases   ] GC(27)   Evacuate Collection Set: 182.7ms
[2024-07-05T09:52:32.480-0700][info][gc,phases   ] GC(27)   Post Evacuate Collection Set: 1.5ms
[2024-07-05T09:52:32.480-0700][info][gc,phases   ] GC(27)   Other: 0.2ms
[2024-07-05T09:52:32.480-0700][info][gc,heap     ] GC(27) Eden regions: 178->0(178)
[2024-07-05T09:52:32.480-0700][info][gc,heap     ] GC(27) Survivor regions: 26->26(26)
[2024-07-05T09:52:32.480-0700][info][gc,heap     ] GC(27) Old regions: 3332->3371
[2024-07-05T09:52:32.480-0700][info][gc,heap     ] GC(27) Archive regions: 2->2
[2024-07-05T09:52:32.480-0700][info][gc,heap     ] GC(27) Humongous regions: 11->11
[2024-07-05T09:52:32.480-0700][info][gc,metaspace] GC(27) Metaspace: 300K(512K)->300K(512K) NonClass: 293K(384K)->293K(384K) Class: 7K(128K)->7K(128K)
[2024-07-05T09:52:32.480-0700][info][gc          ] GC(27) Pause Young (Mixed) (G1 Evacuation Pause) 3547M->3408M(4096M) 185.503ms
[2024-07-05T09:52:32.480-0700][info][gc,cpu      ] GC(27) User=0.30s Sys=0.40s Real=0.19s
[2024-07-05T09:52:52.215-0700][info][gc,start    ] GC(28) Pause Young (Mixed) (G1 Evacuation Pause)
[2024-07-05T09:52:52.215-0700][info][gc,task     ] GC(28) Using 4 workers of 4 for evacuation
[2024-07-05T09:52:52.382-0700][info][gc,phases   ] GC(28)   Pre Evacuate Collection Set: 0.4ms
[2024-07-05T09:52:52.382-0700][info][gc,phases   ] GC(28)   Merge Heap Roots: 0.3ms
[2024-07-05T09:52:52.382-0700][info][gc,phases   ] GC(28)   Evacuate Collection Set: 164.8ms
[2024-07-05T09:52:52.382-0700][info][gc,phases   ] GC(28)   Post Evacuate Collection Set: 1.3ms
[2024-07-05T09:52:52.382-0700][info][gc,phases   ] GC(28)   Other: 0.1ms
[2024-07-05T09:52:52.382-0700][info][gc,heap     ] GC(28) Eden regions: 178->0(178)
[2024-07-05T09:52:52.382-0700][info][gc,heap     ] GC(28) Survivor regions: 26->26(26)
[2024-07-05T09:52:52.382-0700][info][gc,heap     ] GC(28) Old regions: 3371->3416
[2024-07-05T09:52:52.382-0700][info][gc,heap     ] GC(28) Archive regions: 2->2
[2024-07-05T09:52:52.382-0700][info][gc,heap     ] GC(28) Humongous regions: 11->11
[2024-07-05T09:52:52.382-0700][info][gc,metaspace] GC(28) Metaspace: 300K(512K)->300K(512K) NonClass: 293K(384K)->293K(384K) Class: 7K(128K)->7K(128K)
[2024-07-05T09:52:52.382-0700][info][gc          ] GC(28) Pause Young (Mixed) (G1 Evacuation Pause) 3586M->3453M(4096M) 166.943ms
[2024-07-05T09:52:52.382-0700][info][gc,cpu      ] GC(28) User=0.24s Sys=0.40s Real=0.17s
[2024-07-05T09:53:12.341-0700][info][gc,start    ] GC(29) Pause Young (Mixed) (G1 Evacuation Pause)
[2024-07-05T09:53:12.341-0700][info][gc,task     ] GC(29) Using 4 workers of 4 for evacuation
[2024-07-05T09:53:12.535-0700][info][gc,phases   ] GC(29)   Pre Evacuate Collection Set: 0.4ms
[2024-07-05T09:53:12.535-0700][info][gc,phases   ] GC(29)   Merge Heap Roots: 0.3ms
[2024-07-05T09:53:12.535-0700][info][gc,phases   ] GC(29)   Evacuate Collection Set: 170.8ms
[2024-07-05T09:53:12.535-0700][info][gc,phases   ] GC(29)   Merge Optional Heap Roots: 0.2ms
[2024-07-05T09:53:12.535-0700][info][gc,phases   ] GC(29)   Evacuate Optional Collection Set: 20.9ms
[2024-07-05T09:53:12.535-0700][info][gc,phases   ] GC(29)   Post Evacuate Collection Set: 1.4ms
[2024-07-05T09:53:12.535-0700][info][gc,phases   ] GC(29)   Other: 0.1ms
[2024-07-05T09:53:12.535-0700][info][gc,heap     ] GC(29) Eden regions: 178->0(178)
[2024-07-05T09:53:12.535-0700][info][gc,heap     ] GC(29) Survivor regions: 26->26(26)
[2024-07-05T09:53:12.535-0700][info][gc,heap     ] GC(29) Old regions: 3416->3452
[2024-07-05T09:53:12.535-0700][info][gc,heap     ] GC(29) Archive regions: 2->2
[2024-07-05T09:53:12.535-0700][info][gc,heap     ] GC(29) Humongous regions: 11->11
[2024-07-05T09:53:12.535-0700][info][gc,metaspace] GC(29) Metaspace: 300K(512K)->300K(512K) NonClass: 293K(384K)->293K(384K) Class: 7K(128K)->7K(128K)
[2024-07-05T09:53:12.535-0700][info][gc          ] GC(29) Pause Young (Mixed) (G1 Evacuation Pause) 3631M->3489M(4096M) 194.209ms
[2024-07-05T09:53:12.535-0700][info][gc,cpu      ] GC(29) User=0.23s Sys=0.52s Real=0.20s
[2024-07-05T09:53:33.638-0700][info][gc,start    ] GC(30) Pause Young (Mixed) (G1 Evacuation Pause)
[2024-07-05T09:53:33.638-0700][info][gc,task     ] GC(30) Using 4 workers of 4 for evacuation
[2024-07-05T09:53:33.824-0700][info][gc,phases   ] GC(30)   Pre Evacuate Collection Set: 0.4ms
[2024-07-05T09:53:33.824-0700][info][gc,phases   ] GC(30)   Merge Heap Roots: 0.5ms
[2024-07-05T09:53:33.824-0700][info][gc,phases   ] GC(30)   Evacuate Collection Set: 138.8ms
[2024-07-05T09:53:33.824-0700][info][gc,phases   ] GC(30)   Merge Optional Heap Roots: 0.3ms
[2024-07-05T09:53:33.824-0700][info][gc,phases   ] GC(30)   Evacuate Optional Collection Set: 44.5ms
[2024-07-05T09:53:33.824-0700][info][gc,phases   ] GC(30)   Post Evacuate Collection Set: 1.6ms
[2024-07-05T09:53:33.824-0700][info][gc,phases   ] GC(30)   Other: 0.2ms
[2024-07-05T09:53:33.824-0700][info][gc,heap     ] GC(30) Eden regions: 178->0(178)
[2024-07-05T09:53:33.824-0700][info][gc,heap     ] GC(30) Survivor regions: 26->26(26)
[2024-07-05T09:53:33.824-0700][info][gc,heap     ] GC(30) Old regions: 3452->3482
[2024-07-05T09:53:33.824-0700][info][gc,heap     ] GC(30) Archive regions: 2->2
[2024-07-05T09:53:33.824-0700][info][gc,heap     ] GC(30) Humongous regions: 11->11
[2024-07-05T09:53:33.824-0700][info][gc,metaspace] GC(30) Metaspace: 300K(512K)->300K(512K) NonClass: 293K(384K)->293K(384K) Class: 7K(128K)->7K(128K)
[2024-07-05T09:53:33.824-0700][info][gc          ] GC(30) Pause Young (Mixed) (G1 Evacuation Pause) 3667M->3519M(4096M) 186.393ms
[2024-07-05T09:53:33.824-0700][info][gc,cpu      ] GC(30) User=0.28s Sys=0.42s Real=0.19s
[2024-07-05T09:53:55.632-0700][info][gc,start    ] GC(31) Pause Young (Mixed) (G1 Evacuation Pause)
[2024-07-05T09:53:55.633-0700][info][gc,task     ] GC(31) Using 4 workers of 4 for evacuation
[2024-07-05T09:53:55.772-0700][info][gc,phases   ] GC(31)   Pre Evacuate Collection Set: 0.4ms
[2024-07-05T09:53:55.772-0700][info][gc,phases   ] GC(31)   Merge Heap Roots: 0.5ms
[2024-07-05T09:53:55.772-0700][info][gc,phases   ] GC(31)   Evacuate Collection Set: 105.6ms
[2024-07-05T09:53:55.772-0700][info][gc,phases   ] GC(31)   Merge Optional Heap Roots: 0.3ms
[2024-07-05T09:53:55.772-0700][info][gc,phases   ] GC(31)   Evacuate Optional Collection Set: 30.8ms
[2024-07-05T09:53:55.772-0700][info][gc,phases   ] GC(31)   Post Evacuate Collection Set: 1.6ms
[2024-07-05T09:53:55.772-0700][info][gc,phases   ] GC(31)   Other: 0.1ms
[2024-07-05T09:53:55.772-0700][info][gc,heap     ] GC(31) Eden regions: 178->0(178)
[2024-07-05T09:53:55.772-0700][info][gc,heap     ] GC(31) Survivor regions: 26->26(26)
[2024-07-05T09:53:55.772-0700][info][gc,heap     ] GC(31) Old regions: 3482->3526
[2024-07-05T09:53:55.772-0700][info][gc,heap     ] GC(31) Archive regions: 2->2
[2024-07-05T09:53:55.772-0700][info][gc,heap     ] GC(31) Humongous regions: 11->11
[2024-07-05T09:53:55.772-0700][info][gc,metaspace] GC(31) Metaspace: 300K(512K)->300K(512K) NonClass: 293K(384K)->293K(384K) Class: 7K(128K)->7K(128K)
[2024-07-05T09:53:55.772-0700][info][gc          ] GC(31) Pause Young (Mixed) (G1 Evacuation Pause) 3697M->3563M(4096M) 139.308ms
[2024-07-05T09:53:55.772-0700][info][gc,cpu      ] GC(31) User=0.24s Sys=0.28s Real=0.14s
[2024-07-05T09:54:16.592-0700][info][gc,start    ] GC(32) Pause Young (Mixed) (G1 Preventive Collection)
[2024-07-05T09:54:16.592-0700][info][gc,task     ] GC(32) Using 4 workers of 4 for evacuation
[2024-07-05T09:54:16.792-0700][info][gc,phases   ] GC(32)   Pre Evacuate Collection Set: 0.5ms
[2024-07-05T09:54:16.792-0700][info][gc,phases   ] GC(32)   Merge Heap Roots: 0.4ms
[2024-07-05T09:54:16.792-0700][info][gc,phases   ] GC(32)   Evacuate Collection Set: 140.0ms
[2024-07-05T09:54:16.792-0700][info][gc,phases   ] GC(32)   Merge Optional Heap Roots: 0.3ms
[2024-07-05T09:54:16.792-0700][info][gc,phases   ] GC(32)   Evacuate Optional Collection Set: 57.1ms
[2024-07-05T09:54:16.792-0700][info][gc,phases   ] GC(32)   Post Evacuate Collection Set: 1.5ms
[2024-07-05T09:54:16.792-0700][info][gc,phases   ] GC(32)   Other: 0.1ms
[2024-07-05T09:54:16.792-0700][info][gc,heap     ] GC(32) Eden regions: 169->0(178)
[2024-07-05T09:54:16.792-0700][info][gc,heap     ] GC(32) Survivor regions: 26->26(26)
[2024-07-05T09:54:16.792-0700][info][gc,heap     ] GC(32) Old regions: 3526->3552
[2024-07-05T09:54:16.792-0700][info][gc,heap     ] GC(32) Archive regions: 2->2
[2024-07-05T09:54:16.792-0700][info][gc,heap     ] GC(32) Humongous regions: 27->27
[2024-07-05T09:54:16.792-0700][info][gc,metaspace] GC(32) Metaspace: 300K(512K)->300K(512K) NonClass: 293K(384K)->293K(384K) Class: 7K(128K)->7K(128K)
[2024-07-05T09:54:16.792-0700][info][gc          ] GC(32) Pause Young (Mixed) (G1 Preventive Collection) 3748M->3605M(4096M) 200.150ms
[2024-07-05T09:54:16.792-0700][info][gc,cpu      ] GC(32) User=0.53s Sys=0.23s Real=0.20s
[2024-07-05T09:54:41.130-0700][info][gc,start    ] GC(33) Pause Young (Mixed) (G1 Evacuation Pause)
[2024-07-05T09:54:41.130-0700][info][gc,task     ] GC(33) Using 4 workers of 4 for evacuation
[2024-07-05T09:54:41.191-0700][info][gc,phases   ] GC(33)   Pre Evacuate Collection Set: 0.4ms
[2024-07-05T09:54:41.191-0700][info][gc,phases   ] GC(33)   Merge Heap Roots: 0.2ms
[2024-07-05T09:54:41.191-0700][info][gc,phases   ] GC(33)   Evacuate Collection Set: 59.8ms
[2024-07-05T09:54:41.191-0700][info][gc,phases   ] GC(33)   Post Evacuate Collection Set: 0.6ms
[2024-07-05T09:54:41.191-0700][info][gc,phases   ] GC(33)   Other: 0.1ms
[2024-07-05T09:54:41.192-0700][info][gc,heap     ] GC(33) Eden regions: 178->0(178)
[2024-07-05T09:54:41.192-0700][info][gc,heap     ] GC(33) Survivor regions: 26->26(26)
[2024-07-05T09:54:41.192-0700][info][gc,heap     ] GC(33) Old regions: 3552->3719
[2024-07-05T09:54:41.192-0700][info][gc,heap     ] GC(33) Archive regions: 2->2
[2024-07-05T09:54:41.192-0700][info][gc,heap     ] GC(33) Humongous regions: 27->27
[2024-07-05T09:54:41.192-0700][info][gc,metaspace] GC(33) Metaspace: 300K(512K)->300K(512K) NonClass: 293K(384K)->293K(384K) Class: 7K(128K)->7K(128K)
[2024-07-05T09:54:41.192-0700][info][gc          ] GC(33) Pause Young (Mixed) (G1 Evacuation Pause) 3783M->3772M(4096M) 61.167ms
[2024-07-05T09:54:41.192-0700][info][gc,cpu      ] GC(33) User=0.17s Sys=0.05s Real=0.06s
[2024-07-05T09:54:58.905-0700][info][gc,start    ] GC(34) Pause Young (Concurrent Start) (G1 Preventive Collection)
[2024-07-05T09:54:58.905-0700][info][gc,task     ] GC(34) Using 4 workers of 4 for evacuation
[2024-07-05T09:54:59.018-0700][info][gc,phases   ] GC(34)   Pre Evacuate Collection Set: 0.5ms
[2024-07-05T09:54:59.018-0700][info][gc,phases   ] GC(34)   Merge Heap Roots: 0.3ms
[2024-07-05T09:54:59.018-0700][info][gc,phases   ] GC(34)   Evacuate Collection Set: 111.9ms
[2024-07-05T09:54:59.018-0700][info][gc,phases   ] GC(34)   Post Evacuate Collection Set: 0.4ms
[2024-07-05T09:54:59.018-0700][info][gc,phases   ] GC(34)   Other: 0.6ms
[2024-07-05T09:54:59.019-0700][info][gc,heap     ] GC(34) Eden regions: 140->0(178)
[2024-07-05T09:54:59.019-0700][info][gc,heap     ] GC(34) Survivor regions: 26->26(26)
[2024-07-05T09:54:59.019-0700][info][gc,heap     ] GC(34) Old regions: 3719->3857
[2024-07-05T09:54:59.019-0700][info][gc,heap     ] GC(34) Archive regions: 2->2
[2024-07-05T09:54:59.019-0700][info][gc,heap     ] GC(34) Humongous regions: 27->27
[2024-07-05T09:54:59.019-0700][info][gc,metaspace] GC(34) Metaspace: 300K(512K)->300K(512K) NonClass: 293K(384K)->293K(384K) Class: 7K(128K)->7K(128K)
[2024-07-05T09:54:59.019-0700][info][gc          ] GC(34) Pause Young (Concurrent Start) (G1 Preventive Collection) 3912M->3909M(4096M) 113.867ms
[2024-07-05T09:54:59.019-0700][info][gc,cpu      ] GC(34) User=0.42s Sys=0.01s Real=0.11s
[2024-07-05T09:54:59.019-0700][info][gc          ] GC(35) Concurrent Mark Cycle
[2024-07-05T09:54:59.019-0700][info][gc,marking  ] GC(35) Concurrent Clear Claimed Marks
[2024-07-05T09:54:59.019-0700][info][gc,marking  ] GC(35) Concurrent Clear Claimed Marks 0.012ms
[2024-07-05T09:54:59.019-0700][info][gc,marking  ] GC(35) Concurrent Scan Root Regions
[2024-07-05T09:54:59.026-0700][info][gc,marking  ] GC(35) Concurrent Scan Root Regions 7.690ms
[2024-07-05T09:54:59.026-0700][info][gc,marking  ] GC(35) Concurrent Mark
[2024-07-05T09:54:59.026-0700][info][gc,marking  ] GC(35) Concurrent Mark From Roots
[2024-07-05T09:54:59.026-0700][info][gc,task     ] GC(35) Using 1 workers of 1 for marking
[2024-07-05T09:55:00.580-0700][info][gc,marking  ] GC(35) Concurrent Mark From Roots 1553.591ms
[2024-07-05T09:55:00.581-0700][info][gc,marking  ] GC(35) Concurrent Preclean
[2024-07-05T09:55:00.581-0700][info][gc,marking  ] GC(35) Concurrent Preclean 0.070ms
[2024-07-05T09:55:05.785-0700][info][gc,start    ] GC(35) Pause Remark
[2024-07-05T09:55:05.788-0700][info][gc          ] GC(35) Pause Remark 3916M->3905M(4096M) 3.275ms
[2024-07-05T09:55:05.788-0700][info][gc,cpu      ] GC(35) User=0.01s Sys=0.00s Real=0.00s
[2024-07-05T09:55:05.788-0700][info][gc,marking  ] GC(35) Concurrent Mark 6761.733ms
[2024-07-05T09:55:05.788-0700][info][gc,marking  ] GC(35) Concurrent Rebuild Remembered Sets
[2024-07-05T09:55:06.036-0700][info][gc,marking  ] GC(35) Concurrent Rebuild Remembered Sets 248.037ms
[2024-07-05T09:55:06.093-0700][info][gc,start    ] GC(35) Pause Cleanup
[2024-07-05T09:55:06.095-0700][info][gc          ] GC(35) Pause Cleanup 3905M->3905M(4096M) 1.840ms
[2024-07-05T09:55:06.095-0700][info][gc,cpu      ] GC(35) User=0.00s Sys=0.00s Real=0.00s
[2024-07-05T09:55:06.095-0700][info][gc,marking  ] GC(35) Concurrent Cleanup for Next Mark
[2024-07-05T09:55:06.167-0700][info][gc,marking  ] GC(35) Concurrent Cleanup for Next Mark 72.437ms
[2024-07-05T09:55:06.167-0700][info][gc          ] GC(35) Concurrent Mark Cycle 7148.666ms
[2024-07-05T09:55:16.228-0700][info][gc,start    ] GC(36) Pause Young (Prepare Mixed) (G1 Preventive Collection)
[2024-07-05T09:55:16.228-0700][info][gc,task     ] GC(36) Using 4 workers of 4 for evacuation
[2024-07-05T09:55:16.256-0700][info][gc,phases   ] GC(36)   Pre Evacuate Collection Set: 0.4ms
[2024-07-05T09:55:16.256-0700][info][gc,phases   ] GC(36)   Merge Heap Roots: 0.2ms
[2024-07-05T09:55:16.256-0700][info][gc,phases   ] GC(36)   Evacuate Collection Set: 26.4ms
[2024-07-05T09:55:16.256-0700][info][gc,phases   ] GC(36)   Post Evacuate Collection Set: 0.4ms
[2024-07-05T09:55:16.256-0700][info][gc,phases   ] GC(36)   Other: 0.1ms
[2024-07-05T09:55:16.256-0700][info][gc,heap     ] GC(36) Eden regions: 79->0(178)
[2024-07-05T09:55:16.256-0700][info][gc,heap     ] GC(36) Survivor regions: 26->26(26)
[2024-07-05T09:55:16.256-0700][info][gc,heap     ] GC(36) Old regions: 3857->3934
[2024-07-05T09:55:16.256-0700][info][gc,heap     ] GC(36) Archive regions: 2->2
[2024-07-05T09:55:16.256-0700][info][gc,heap     ] GC(36) Humongous regions: 16->16
[2024-07-05T09:55:16.256-0700][info][gc,metaspace] GC(36) Metaspace: 300K(512K)->300K(512K) NonClass: 293K(384K)->293K(384K) Class: 7K(128K)->7K(128K)
[2024-07-05T09:55:16.256-0700][info][gc          ] GC(36) Pause Young (Prepare Mixed) (G1 Preventive Collection) 3977M->3976M(4096M) 27.645ms
[2024-07-05T09:55:16.256-0700][info][gc,cpu      ] GC(36) User=0.08s Sys=0.01s Real=0.03s
[2024-07-05T09:55:16.256-0700][info][gc,start    ] GC(37) Pause Young (Mixed) (G1 Preventive Collection)
[2024-07-05T09:55:16.256-0700][info][gc,task     ] GC(37) Using 4 workers of 4 for evacuation
[2024-07-05T09:55:16.314-0700][info][gc          ] GC(37) To-space exhausted
[2024-07-05T09:55:16.314-0700][info][gc,phases   ] GC(37)   Pre Evacuate Collection Set: 0.4ms
[2024-07-05T09:55:16.314-0700][info][gc,phases   ] GC(37)   Merge Heap Roots: 0.2ms
[2024-07-05T09:55:16.314-0700][info][gc,phases   ] GC(37)   Evacuate Collection Set: 50.2ms
[2024-07-05T09:55:16.314-0700][info][gc,phases   ] GC(37)   Post Evacuate Collection Set: 6.7ms
[2024-07-05T09:55:16.314-0700][info][gc,phases   ] GC(37)   Other: 0.1ms
[2024-07-05T09:55:16.314-0700][info][gc,heap     ] GC(37) Eden regions: 1->0(203)
[2024-07-05T09:55:16.314-0700][info][gc,heap     ] GC(37) Survivor regions: 26->1(26)
[2024-07-05T09:55:16.314-0700][info][gc,heap     ] GC(37) Old regions: 3934->3943
[2024-07-05T09:55:16.314-0700][info][gc,heap     ] GC(37) Archive regions: 2->2
[2024-07-05T09:55:16.314-0700][info][gc,heap     ] GC(37) Humongous regions: 16->16
[2024-07-05T09:55:16.314-0700][info][gc,metaspace] GC(37) Metaspace: 300K(512K)->300K(512K) NonClass: 293K(384K)->293K(384K) Class: 7K(128K)->7K(128K)
[2024-07-05T09:55:16.314-0700][info][gc          ] GC(37) Pause Young (Mixed) (G1 Preventive Collection) 3977M->3960M(4096M) 57.719ms
[2024-07-05T09:55:16.314-0700][info][gc,cpu      ] GC(37) User=0.17s Sys=0.03s Real=0.05s
[2024-07-05T09:55:17.679-0700][info][gc,start    ] GC(38) Pause Young (Mixed) (G1 Preventive Collection)
[2024-07-05T09:55:17.679-0700][info][gc,task     ] GC(38) Using 4 workers of 4 for evacuation
[2024-07-05T09:55:17.739-0700][info][gc          ] GC(38) To-space exhausted
[2024-07-05T09:55:17.739-0700][info][gc,phases   ] GC(38)   Pre Evacuate Collection Set: 0.5ms
[2024-07-05T09:55:17.739-0700][info][gc,phases   ] GC(38)   Merge Heap Roots: 0.4ms
[2024-07-05T09:55:17.739-0700][info][gc,phases   ] GC(38)   Evacuate Collection Set: 51.2ms
[2024-07-05T09:55:17.739-0700][info][gc,phases   ] GC(38)   Post Evacuate Collection Set: 7.1ms
[2024-07-05T09:55:17.739-0700][info][gc,phases   ] GC(38)   Other: 0.2ms
[2024-07-05T09:55:17.739-0700][info][gc,heap     ] GC(38) Eden regions: 7->0(196)
[2024-07-05T09:55:17.739-0700][info][gc,heap     ] GC(38) Survivor regions: 1->8(26)
[2024-07-05T09:55:17.739-0700][info][gc,heap     ] GC(38) Old regions: 3943->3925
[2024-07-05T09:55:17.739-0700][info][gc,heap     ] GC(38) Archive regions: 2->2
[2024-07-05T09:55:17.739-0700][info][gc,heap     ] GC(38) Humongous regions: 16->16
[2024-07-05T09:55:17.739-0700][info][gc,metaspace] GC(38) Metaspace: 300K(512K)->300K(512K) NonClass: 293K(384K)->293K(384K) Class: 7K(128K)->7K(128K)
[2024-07-05T09:55:17.739-0700][info][gc          ] GC(38) Pause Young (Mixed) (G1 Preventive Collection) 3967M->3949M(4096M) 59.458ms
[2024-07-05T09:55:17.739-0700][info][gc,cpu      ] GC(38) User=0.19s Sys=0.02s Real=0.06s
[2024-07-05T09:55:17.739-0700][info][gc,start    ] GC(39) Pause Young (Mixed) (G1 Preventive Collection)
[2024-07-05T09:55:17.739-0700][info][gc,task     ] GC(39) Using 4 workers of 4 for evacuation
[2024-07-05T09:55:17.800-0700][info][gc          ] GC(39) To-space exhausted
[2024-07-05T09:55:17.800-0700][info][gc,phases   ] GC(39)   Pre Evacuate Collection Set: 0.5ms
[2024-07-05T09:55:17.800-0700][info][gc,phases   ] GC(39)   Merge Heap Roots: 0.2ms
[2024-07-05T09:55:17.800-0700][info][gc,phases   ] GC(39)   Evacuate Collection Set: 53.9ms
[2024-07-05T09:55:17.800-0700][info][gc,phases   ] GC(39)   Post Evacuate Collection Set: 6.4ms
[2024-07-05T09:55:17.800-0700][info][gc,phases   ] GC(39)   Other: 0.1ms
[2024-07-05T09:55:17.800-0700][info][gc,heap     ] GC(39) Eden regions: 2->0(193)
[2024-07-05T09:55:17.800-0700][info][gc,heap     ] GC(39) Survivor regions: 8->11(26)
[2024-07-05T09:55:17.800-0700][info][gc,heap     ] GC(39) Old regions: 3925->3902
[2024-07-05T09:55:17.800-0700][info][gc,heap     ] GC(39) Archive regions: 2->2
[2024-07-05T09:55:17.800-0700][info][gc,heap     ] GC(39) Humongous regions: 16->16
[2024-07-05T09:55:17.800-0700][info][gc,metaspace] GC(39) Metaspace: 300K(512K)->300K(512K) NonClass: 293K(384K)->293K(384K) Class: 7K(128K)->7K(128K)
[2024-07-05T09:55:17.800-0700][info][gc          ] GC(39) Pause Young (Mixed) (G1 Preventive Collection) 3951M->3929M(4096M) 61.180ms
[2024-07-05T09:55:17.800-0700][info][gc,cpu      ] GC(39) User=0.19s Sys=0.04s Real=0.06s
[2024-07-05T09:55:17.801-0700][info][gc,start    ] GC(40) Pause Young (Mixed) (G1 Preventive Collection)
[2024-07-05T09:55:17.801-0700][info][gc,task     ] GC(40) Using 4 workers of 4 for evacuation
[2024-07-05T09:55:17.854-0700][info][gc          ] GC(40) To-space exhausted
[2024-07-05T09:55:17.854-0700][info][gc,phases   ] GC(40)   Pre Evacuate Collection Set: 0.5ms
[2024-07-05T09:55:17.854-0700][info][gc,phases   ] GC(40)   Merge Heap Roots: 0.3ms
[2024-07-05T09:55:17.854-0700][info][gc,phases   ] GC(40)   Evacuate Collection Set: 48.4ms
[2024-07-05T09:55:17.854-0700][info][gc,phases   ] GC(40)   Post Evacuate Collection Set: 3.3ms
[2024-07-05T09:55:17.854-0700][info][gc,phases   ] GC(40)   Other: 0.1ms
[2024-07-05T09:55:17.854-0700][info][gc,heap     ] GC(40) Eden regions: 3->0(190)
[2024-07-05T09:55:17.854-0700][info][gc,heap     ] GC(40) Survivor regions: 11->14(26)
[2024-07-05T09:55:17.854-0700][info][gc,heap     ] GC(40) Old regions: 3902->3854
[2024-07-05T09:55:17.854-0700][info][gc,heap     ] GC(40) Archive regions: 2->2
[2024-07-05T09:55:17.854-0700][info][gc,heap     ] GC(40) Humongous regions: 16->16
[2024-07-05T09:55:17.854-0700][info][gc,metaspace] GC(40) Metaspace: 300K(512K)->300K(512K) NonClass: 293K(384K)->293K(384K) Class: 7K(128K)->7K(128K)
[2024-07-05T09:55:17.854-0700][info][gc          ] GC(40) Pause Young (Mixed) (G1 Preventive Collection) 3932M->3884M(4096M) 52.659ms
[2024-07-05T09:55:17.854-0700][info][gc,cpu      ] GC(40) User=0.13s Sys=0.05s Real=0.05s
[2024-07-05T09:55:30.897-0700][info][gc,start    ] GC(41) Pause Young (Concurrent Start) (G1 Preventive Collection)
[2024-07-05T09:55:30.897-0700][info][gc,task     ] GC(41) Using 4 workers of 4 for evacuation
[2024-07-05T09:55:30.927-0700][info][gc,phases   ] GC(41)   Pre Evacuate Collection Set: 0.4ms
[2024-07-05T09:55:30.927-0700][info][gc,phases   ] GC(41)   Merge Heap Roots: 0.3ms
[2024-07-05T09:55:30.927-0700][info][gc,phases   ] GC(41)   Evacuate Collection Set: 28.3ms
[2024-07-05T09:55:30.927-0700][info][gc,phases   ] GC(41)   Post Evacuate Collection Set: 0.8ms
[2024-07-05T09:55:30.927-0700][info][gc,phases   ] GC(41)   Other: 0.2ms
[2024-07-05T09:55:30.927-0700][info][gc,heap     ] GC(41) Eden regions: 93->0(178)
[2024-07-05T09:55:30.927-0700][info][gc,heap     ] GC(41) Survivor regions: 14->26(26)
[2024-07-05T09:55:30.927-0700][info][gc,heap     ] GC(41) Old regions: 3854->3933
[2024-07-05T09:55:30.927-0700][info][gc,heap     ] GC(41) Archive regions: 2->2
[2024-07-05T09:55:30.927-0700][info][gc,heap     ] GC(41) Humongous regions: 16->16
[2024-07-05T09:55:30.927-0700][info][gc,metaspace] GC(41) Metaspace: 300K(512K)->300K(512K) NonClass: 293K(384K)->293K(384K) Class: 7K(128K)->7K(128K)
[2024-07-05T09:55:30.928-0700][info][gc          ] GC(41) Pause Young (Concurrent Start) (G1 Preventive Collection) 3977M->3975M(4096M) 30.115ms
[2024-07-05T09:55:30.928-0700][info][gc,cpu      ] GC(41) User=0.09s Sys=0.01s Real=0.03s
[2024-07-05T09:55:30.928-0700][info][gc          ] GC(42) Concurrent Mark Cycle
[2024-07-05T09:55:30.928-0700][info][gc,marking  ] GC(42) Concurrent Clear Claimed Marks
[2024-07-05T09:55:30.928-0700][info][gc,marking  ] GC(42) Concurrent Clear Claimed Marks 0.006ms
[2024-07-05T09:55:30.928-0700][info][gc,marking  ] GC(42) Concurrent Scan Root Regions
[2024-07-05T09:55:30.936-0700][info][gc,marking  ] GC(42) Concurrent Scan Root Regions 8.123ms
[2024-07-05T09:55:30.936-0700][info][gc,marking  ] GC(42) Concurrent Mark
[2024-07-05T09:55:30.936-0700][info][gc,marking  ] GC(42) Concurrent Mark From Roots
[2024-07-05T09:55:30.936-0700][info][gc,task     ] GC(42) Using 1 workers of 1 for marking
[2024-07-05T09:55:31.474-0700][info][gc,marking  ] GC(42) Concurrent Mark From Roots 538.130ms
[2024-07-05T09:55:31.474-0700][info][gc,marking  ] GC(42) Concurrent Preclean
[2024-07-05T09:55:31.474-0700][info][gc,marking  ] GC(42) Concurrent Preclean 0.062ms
[2024-07-05T09:56:14.840-0700][info][gc,start    ] GC(42) Pause Remark
[2024-07-05T09:56:14.842-0700][info][gc          ] GC(42) Pause Remark 3976M->3976M(4096M) 2.561ms
[2024-07-05T09:56:14.842-0700][info][gc,cpu      ] GC(42) User=0.00s Sys=0.00s Real=0.00s
[2024-07-05T09:56:14.843-0700][info][gc,marking  ] GC(42) Concurrent Mark 43906.687ms
[2024-07-05T09:56:14.843-0700][info][gc,marking  ] GC(42) Concurrent Rebuild Remembered Sets
[2024-07-05T09:56:15.212-0700][info][gc,marking  ] GC(42) Concurrent Rebuild Remembered Sets 369.530ms
[2024-07-05T09:56:15.312-0700][info][gc,start    ] GC(42) Pause Cleanup
[2024-07-05T09:56:15.314-0700][info][gc          ] GC(42) Pause Cleanup 3976M->3976M(4096M) 1.970ms
[2024-07-05T09:56:15.314-0700][info][gc,cpu      ] GC(42) User=0.00s Sys=0.00s Real=0.00s
[2024-07-05T09:56:15.314-0700][info][gc,marking  ] GC(42) Concurrent Cleanup for Next Mark
[2024-07-05T09:56:15.322-0700][info][gc,marking  ] GC(42) Concurrent Cleanup for Next Mark 8.491ms
[2024-07-05T09:56:15.323-0700][info][gc          ] GC(42) Concurrent Mark Cycle 44394.826ms
[2024-07-05T09:56:20.881-0700][info][gc,start    ] GC(43) Pause Young (Prepare Mixed) (G1 Preventive Collection)
[2024-07-05T09:56:20.881-0700][info][gc,task     ] GC(43) Using 4 workers of 4 for evacuation
[2024-07-05T09:56:20.904-0700][info][gc,phases   ] GC(43)   Pre Evacuate Collection Set: 0.5ms
[2024-07-05T09:56:20.904-0700][info][gc,phases   ] GC(43)   Merge Heap Roots: 0.3ms
[2024-07-05T09:56:20.904-0700][info][gc,phases   ] GC(43)   Evacuate Collection Set: 21.4ms
[2024-07-05T09:56:20.904-0700][info][gc,phases   ] GC(43)   Post Evacuate Collection Set: 0.7ms
[2024-07-05T09:56:20.904-0700][info][gc,phases   ] GC(43)   Other: 0.1ms
[2024-07-05T09:56:20.904-0700][info][gc,heap     ] GC(43) Eden regions: 43->0(178)
[2024-07-05T09:56:20.904-0700][info][gc,heap     ] GC(43) Survivor regions: 26->26(26)
[2024-07-05T09:56:20.904-0700][info][gc,heap     ] GC(43) Old regions: 3933->3976
[2024-07-05T09:56:20.904-0700][info][gc,heap     ] GC(43) Archive regions: 2->2
[2024-07-05T09:56:20.904-0700][info][gc,heap     ] GC(43) Humongous regions: 16->16
[2024-07-05T09:56:20.904-0700][info][gc,metaspace] GC(43) Metaspace: 300K(512K)->300K(512K) NonClass: 293K(384K)->293K(384K) Class: 7K(128K)->7K(128K)
[2024-07-05T09:56:20.904-0700][info][gc          ] GC(43) Pause Young (Prepare Mixed) (G1 Preventive Collection) 4018M->4018M(4096M) 23.047ms
[2024-07-05T09:56:20.904-0700][info][gc,cpu      ] GC(43) User=0.07s Sys=0.01s Real=0.03s
[2024-07-05T09:56:22.360-0700][info][gc,start    ] GC(44) Pause Young (Mixed) (G1 Preventive Collection)
[2024-07-05T09:56:22.360-0700][info][gc,task     ] GC(44) Using 4 workers of 4 for evacuation
[2024-07-05T09:56:22.395-0700][info][gc          ] GC(44) To-space exhausted
[2024-07-05T09:56:22.395-0700][info][gc,phases   ] GC(44)   Pre Evacuate Collection Set: 0.7ms
[2024-07-05T09:56:22.395-0700][info][gc,phases   ] GC(44)   Merge Heap Roots: 0.3ms
[2024-07-05T09:56:22.395-0700][info][gc,phases   ] GC(44)   Evacuate Collection Set: 29.5ms
[2024-07-05T09:56:22.395-0700][info][gc,phases   ] GC(44)   Post Evacuate Collection Set: 4.0ms
[2024-07-05T09:56:22.395-0700][info][gc,phases   ] GC(44)   Other: 0.2ms
[2024-07-05T09:56:22.395-0700][info][gc,heap     ] GC(44) Eden regions: 14->0(204)
[2024-07-05T09:56:22.395-0700][info][gc,heap     ] GC(44) Survivor regions: 26->0(26)
[2024-07-05T09:56:22.395-0700][info][gc,heap     ] GC(44) Old regions: 3976->3866
[2024-07-05T09:56:22.395-0700][info][gc,heap     ] GC(44) Archive regions: 2->2
[2024-07-05T09:56:22.395-0700][info][gc,heap     ] GC(44) Humongous regions: 16->16
[2024-07-05T09:56:22.395-0700][info][gc,metaspace] GC(44) Metaspace: 300K(512K)->300K(512K) NonClass: 293K(384K)->293K(384K) Class: 7K(128K)->7K(128K)
[2024-07-05T09:56:22.395-0700][info][gc          ] GC(44) Pause Young (Mixed) (G1 Preventive Collection) 4032M->3882M(4096M) 34.742ms
[2024-07-05T09:56:22.395-0700][info][gc,cpu      ] GC(44) User=0.10s Sys=0.02s Real=0.04s
[2024-07-05T09:56:33.571-0700][info][gc,start    ] GC(45) Pause Young (Mixed) (G1 Preventive Collection)
[2024-07-05T09:56:33.571-0700][info][gc,task     ] GC(45) Using 4 workers of 4 for evacuation
[2024-07-05T09:56:33.642-0700][info][gc          ] GC(45) To-space exhausted
[2024-07-05T09:56:33.642-0700][info][gc,phases   ] GC(45)   Pre Evacuate Collection Set: 0.5ms
[2024-07-05T09:56:33.642-0700][info][gc,phases   ] GC(45)   Merge Heap Roots: 0.4ms
[2024-07-05T09:56:33.642-0700][info][gc,phases   ] GC(45)   Evacuate Collection Set: 62.0ms
[2024-07-05T09:56:33.642-0700][info][gc,phases   ] GC(45)   Post Evacuate Collection Set: 8.0ms
[2024-07-05T09:56:33.643-0700][info][gc,phases   ] GC(45)   Other: 0.2ms
[2024-07-05T09:56:33.643-0700][info][gc,heap     ] GC(45) Eden regions: 64->0(178)
[2024-07-05T09:56:33.643-0700][info][gc,heap     ] GC(45) Survivor regions: 0->26(26)
[2024-07-05T09:56:33.643-0700][info][gc,heap     ] GC(45) Old regions: 3866->3816
[2024-07-05T09:56:33.643-0700][info][gc,heap     ] GC(45) Archive regions: 2->2
[2024-07-05T09:56:33.643-0700][info][gc,heap     ] GC(45) Humongous regions: 16->16
[2024-07-05T09:56:33.643-0700][info][gc,metaspace] GC(45) Metaspace: 300K(512K)->300K(512K) NonClass: 293K(384K)->293K(384K) Class: 7K(128K)->7K(128K)
[2024-07-05T09:56:33.643-0700][info][gc          ] GC(45) Pause Young (Mixed) (G1 Preventive Collection) 3946M->3858M(4096M) 71.119ms
[2024-07-05T09:56:33.643-0700][info][gc,cpu      ] GC(45) User=0.22s Sys=0.02s Real=0.07s
[2024-07-05T09:56:40.893-0700][info][gc,start    ] GC(46) Pause Young (Mixed) (G1 Preventive Collection)
[2024-07-05T09:56:40.893-0700][info][gc,task     ] GC(46) Using 4 workers of 4 for evacuation
[2024-07-05T09:56:40.987-0700][info][gc          ] GC(46) To-space exhausted
[2024-07-05T09:56:40.987-0700][info][gc,phases   ] GC(46)   Pre Evacuate Collection Set: 0.6ms
[2024-07-05T09:56:40.987-0700][info][gc,phases   ] GC(46)   Merge Heap Roots: 0.6ms
[2024-07-05T09:56:40.987-0700][info][gc,phases   ] GC(46)   Evacuate Collection Set: 86.0ms
[2024-07-05T09:56:40.987-0700][info][gc,phases   ] GC(46)   Post Evacuate Collection Set: 7.0ms
[2024-07-05T09:56:40.987-0700][info][gc,phases   ] GC(46)   Other: 0.2ms
[2024-07-05T09:56:40.987-0700][info][gc,heap     ] GC(46) Eden regions: 49->0(178)
[2024-07-05T09:56:40.987-0700][info][gc,heap     ] GC(46) Survivor regions: 26->26(26)
[2024-07-05T09:56:40.987-0700][info][gc,heap     ] GC(46) Old regions: 3816->3856
[2024-07-05T09:56:40.987-0700][info][gc,heap     ] GC(46) Archive regions: 2->2
[2024-07-05T09:56:40.987-0700][info][gc,heap     ] GC(46) Humongous regions: 16->16
[2024-07-05T09:56:40.987-0700][info][gc,metaspace] GC(46) Metaspace: 300K(512K)->300K(512K) NonClass: 293K(384K)->293K(384K) Class: 7K(128K)->7K(128K)
[2024-07-05T09:56:40.987-0700][info][gc          ] GC(46) Pause Young (Mixed) (G1 Preventive Collection) 3907M->3898M(4096M) 94.475ms
[2024-07-05T09:56:40.987-0700][info][gc,cpu      ] GC(46) User=0.28s Sys=0.07s Real=0.10s
[2024-07-05T09:56:52.139-0700][info][gc,start    ] GC(47) Pause Young (Concurrent Start) (G1 Preventive Collection)
[2024-07-05T09:56:52.139-0700][info][gc,task     ] GC(47) Using 4 workers of 4 for evacuation
[2024-07-05T09:56:52.166-0700][info][gc,phases   ] GC(47)   Pre Evacuate Collection Set: 0.4ms
[2024-07-05T09:56:52.166-0700][info][gc,phases   ] GC(47)   Merge Heap Roots: 0.2ms
[2024-07-05T09:56:52.166-0700][info][gc,phases   ] GC(47)   Evacuate Collection Set: 25.5ms
[2024-07-05T09:56:52.166-0700][info][gc,phases   ] GC(47)   Post Evacuate Collection Set: 0.8ms
[2024-07-05T09:56:52.166-0700][info][gc,phases   ] GC(47)   Other: 0.3ms
[2024-07-05T09:56:52.166-0700][info][gc,heap     ] GC(47) Eden regions: 80->0(178)
[2024-07-05T09:56:52.166-0700][info][gc,heap     ] GC(47) Survivor regions: 26->26(26)
[2024-07-05T09:56:52.166-0700][info][gc,heap     ] GC(47) Old regions: 3856->3935
[2024-07-05T09:56:52.166-0700][info][gc,heap     ] GC(47) Archive regions: 2->2
[2024-07-05T09:56:52.166-0700][info][gc,heap     ] GC(47) Humongous regions: 16->16
[2024-07-05T09:56:52.166-0700][info][gc,metaspace] GC(47) Metaspace: 300K(512K)->300K(512K) NonClass: 293K(384K)->293K(384K) Class: 7K(128K)->7K(128K)
[2024-07-05T09:56:52.166-0700][info][gc          ] GC(47) Pause Young (Concurrent Start) (G1 Preventive Collection) 3978M->3977M(4096M) 27.225ms
[2024-07-05T09:56:52.166-0700][info][gc,cpu      ] GC(47) User=0.08s Sys=0.01s Real=0.03s
[2024-07-05T09:56:52.166-0700][info][gc          ] GC(48) Concurrent Mark Cycle
[2024-07-05T09:56:52.166-0700][info][gc,marking  ] GC(48) Concurrent Clear Claimed Marks
[2024-07-05T09:56:52.166-0700][info][gc,marking  ] GC(48) Concurrent Clear Claimed Marks 0.006ms
[2024-07-05T09:56:52.166-0700][info][gc,marking  ] GC(48) Concurrent Scan Root Regions
[2024-07-05T09:56:52.172-0700][info][gc,marking  ] GC(48) Concurrent Scan Root Regions 5.807ms
[2024-07-05T09:56:52.172-0700][info][gc,marking  ] GC(48) Concurrent Mark
[2024-07-05T09:56:52.172-0700][info][gc,marking  ] GC(48) Concurrent Mark From Roots
[2024-07-05T09:56:52.172-0700][info][gc,task     ] GC(48) Using 1 workers of 1 for marking
[2024-07-05T09:56:52.789-0700][info][gc,marking  ] GC(48) Concurrent Mark From Roots 617.022ms
[2024-07-05T09:56:52.789-0700][info][gc,marking  ] GC(48) Concurrent Preclean
[2024-07-05T09:56:52.789-0700][info][gc,marking  ] GC(48) Concurrent Preclean 0.074ms
[2024-07-05T09:57:42.467-0700][info][gc,start    ] GC(48) Pause Remark
[2024-07-05T09:57:42.469-0700][info][gc          ] GC(48) Pause Remark 3987M->3986M(4096M) 2.255ms
[2024-07-05T09:57:42.469-0700][info][gc,cpu      ] GC(48) User=0.01s Sys=0.00s Real=0.00s
[2024-07-05T09:57:42.470-0700][info][gc,marking  ] GC(48) Concurrent Mark 50297.383ms
[2024-07-05T09:57:42.470-0700][info][gc,marking  ] GC(48) Concurrent Rebuild Remembered Sets
[2024-07-05T09:57:44.050-0700][info][gc,marking  ] GC(48) Concurrent Rebuild Remembered Sets 1580.752ms
[2024-07-05T09:57:44.342-0700][info][gc,start    ] GC(48) Pause Cleanup
[2024-07-05T09:57:44.344-0700][info][gc          ] GC(48) Pause Cleanup 3996M->3996M(4096M) 2.106ms
[2024-07-05T09:57:44.344-0700][info][gc,cpu      ] GC(48) User=0.01s Sys=0.00s Real=0.01s
[2024-07-05T09:57:44.344-0700][info][gc,marking  ] GC(48) Concurrent Cleanup for Next Mark
[2024-07-05T09:57:44.495-0700][info][gc,marking  ] GC(48) Concurrent Cleanup for Next Mark 150.580ms
[2024-07-05T09:57:44.495-0700][info][gc          ] GC(48) Concurrent Mark Cycle 52328.689ms
[2024-07-05T09:57:50.326-0700][info][gc,start    ] GC(49) Pause Young (Prepare Mixed) (G1 Preventive Collection)
[2024-07-05T09:57:50.326-0700][info][gc,task     ] GC(49) Using 4 workers of 4 for evacuation
[2024-07-05T09:57:50.372-0700][info][gc,phases   ] GC(49)   Pre Evacuate Collection Set: 0.4ms
[2024-07-05T09:57:50.372-0700][info][gc,phases   ] GC(49)   Merge Heap Roots: 0.4ms
[2024-07-05T09:57:50.372-0700][info][gc,phases   ] GC(49)   Evacuate Collection Set: 44.0ms
[2024-07-05T09:57:50.372-0700][info][gc,phases   ] GC(49)   Post Evacuate Collection Set: 0.7ms
[2024-07-05T09:57:50.372-0700][info][gc,phases   ] GC(49)   Other: 0.2ms
[2024-07-05T09:57:50.372-0700][info][gc,heap     ] GC(49) Eden regions: 42->0(178)
[2024-07-05T09:57:50.372-0700][info][gc,heap     ] GC(49) Survivor regions: 26->26(26)
[2024-07-05T09:57:50.372-0700][info][gc,heap     ] GC(49) Old regions: 3934->3976
[2024-07-05T09:57:50.372-0700][info][gc,heap     ] GC(49) Archive regions: 2->2
[2024-07-05T09:57:50.372-0700][info][gc,heap     ] GC(49) Humongous regions: 16->16
[2024-07-05T09:57:50.372-0700][info][gc,metaspace] GC(49) Metaspace: 300K(512K)->300K(512K) NonClass: 293K(384K)->293K(384K) Class: 7K(128K)->7K(128K)
[2024-07-05T09:57:50.372-0700][info][gc          ] GC(49) Pause Young (Prepare Mixed) (G1 Preventive Collection) 4018M->4018M(4096M) 45.667ms
[2024-07-05T09:57:50.372-0700][info][gc,cpu      ] GC(49) User=0.15s Sys=0.01s Real=0.04s
[2024-07-05T09:57:52.802-0700][info][gc,start    ] GC(50) Pause Young (Mixed) (G1 Preventive Collection)
[2024-07-05T09:57:52.802-0700][info][gc,task     ] GC(50) Using 4 workers of 4 for evacuation
[2024-07-05T09:57:52.848-0700][info][gc          ] GC(50) To-space exhausted
[2024-07-05T09:57:52.848-0700][info][gc,phases   ] GC(50)   Pre Evacuate Collection Set: 0.7ms
[2024-07-05T09:57:52.848-0700][info][gc,phases   ] GC(50)   Merge Heap Roots: 0.3ms
[2024-07-05T09:57:52.848-0700][info][gc,phases   ] GC(50)   Evacuate Collection Set: 36.7ms
[2024-07-05T09:57:52.848-0700][info][gc,phases   ] GC(50)   Post Evacuate Collection Set: 8.6ms
[2024-07-05T09:57:52.848-0700][info][gc,phases   ] GC(50)   Other: 0.3ms
[2024-07-05T09:57:52.848-0700][info][gc,heap     ] GC(50) Eden regions: 14->0(194)
[2024-07-05T09:57:52.848-0700][info][gc,heap     ] GC(50) Survivor regions: 26->10(26)
[2024-07-05T09:57:52.848-0700][info][gc,heap     ] GC(50) Old regions: 3976->3917
[2024-07-05T09:57:52.848-0700][info][gc,heap     ] GC(50) Archive regions: 2->2
[2024-07-05T09:57:52.848-0700][info][gc,heap     ] GC(50) Humongous regions: 16->16
[2024-07-05T09:57:52.848-0700][info][gc,metaspace] GC(50) Metaspace: 300K(512K)->300K(512K) NonClass: 293K(384K)->293K(384K) Class: 7K(128K)->7K(128K)
[2024-07-05T09:57:52.848-0700][info][gc          ] GC(50) Pause Young (Mixed) (G1 Preventive Collection) 4032M->3943M(4096M) 46.650ms
[2024-07-05T09:57:52.848-0700][info][gc,cpu      ] GC(50) User=0.14s Sys=0.02s Real=0.05s
[2024-07-05T09:57:59.165-0700][info][gc,start    ] GC(51) Pause Young (Mixed) (G1 Preventive Collection)
[2024-07-05T09:57:59.165-0700][info][gc,task     ] GC(51) Using 4 workers of 4 for evacuation
[2024-07-05T09:57:59.257-0700][info][gc          ] GC(51) To-space exhausted
[2024-07-05T09:57:59.257-0700][info][gc,phases   ] GC(51)   Pre Evacuate Collection Set: 0.6ms
[2024-07-05T09:57:59.257-0700][info][gc,phases   ] GC(51)   Merge Heap Roots: 0.4ms
[2024-07-05T09:57:59.257-0700][info][gc,phases   ] GC(51)   Evacuate Collection Set: 83.9ms
[2024-07-05T09:57:59.257-0700][info][gc,phases   ] GC(51)   Post Evacuate Collection Set: 7.4ms
[2024-07-05T09:57:59.257-0700][info][gc,phases   ] GC(51)   Other: 0.2ms
[2024-07-05T09:57:59.257-0700][info][gc,heap     ] GC(51) Eden regions: 28->0(178)
[2024-07-05T09:57:59.257-0700][info][gc,heap     ] GC(51) Survivor regions: 10->26(26)
[2024-07-05T09:57:59.257-0700][info][gc,heap     ] GC(51) Old regions: 3917->3919
[2024-07-05T09:57:59.257-0700][info][gc,heap     ] GC(51) Archive regions: 2->2
[2024-07-05T09:57:59.257-0700][info][gc,heap     ] GC(51) Humongous regions: 16->16
[2024-07-05T09:57:59.257-0700][info][gc,metaspace] GC(51) Metaspace: 300K(512K)->300K(512K) NonClass: 293K(384K)->293K(384K) Class: 7K(128K)->7K(128K)
[2024-07-05T09:57:59.257-0700][info][gc          ] GC(51) Pause Young (Mixed) (G1 Preventive Collection) 3971M->3961M(4096M) 92.398ms
[2024-07-05T09:57:59.257-0700][info][gc,cpu      ] GC(51) User=0.34s Sys=0.01s Real=0.09s
[2024-07-05T09:57:59.257-0700][info][gc,start    ] GC(52) Pause Young (Mixed) (G1 Preventive Collection)
[2024-07-05T09:57:59.257-0700][info][gc,task     ] GC(52) Using 4 workers of 4 for evacuation
[2024-07-05T09:57:59.300-0700][info][gc          ] GC(52) To-space exhausted
[2024-07-05T09:57:59.300-0700][info][gc,phases   ] GC(52)   Pre Evacuate Collection Set: 0.4ms
[2024-07-05T09:57:59.300-0700][info][gc,phases   ] GC(52)   Merge Heap Roots: 0.2ms
[2024-07-05T09:57:59.300-0700][info][gc,phases   ] GC(52)   Evacuate Collection Set: 39.6ms
[2024-07-05T09:57:59.300-0700][info][gc,phases   ] GC(52)   Post Evacuate Collection Set: 2.2ms
[2024-07-05T09:57:59.300-0700][info][gc,phases   ] GC(52)   Other: 0.1ms
[2024-07-05T09:57:59.300-0700][info][gc,heap     ] GC(52) Eden regions: 1->0(203)
[2024-07-05T09:57:59.300-0700][info][gc,heap     ] GC(52) Survivor regions: 26->1(26)
[2024-07-05T09:57:59.300-0700][info][gc,heap     ] GC(52) Old regions: 3919->3919
[2024-07-05T09:57:59.300-0700][info][gc,heap     ] GC(52) Archive regions: 2->2
[2024-07-05T09:57:59.300-0700][info][gc,heap     ] GC(52) Humongous regions: 16->16
[2024-07-05T09:57:59.300-0700][info][gc,metaspace] GC(52) Metaspace: 300K(512K)->300K(512K) NonClass: 293K(384K)->293K(384K) Class: 7K(128K)->7K(128K)
[2024-07-05T09:57:59.300-0700][info][gc          ] GC(52) Pause Young (Mixed) (G1 Preventive Collection) 3962M->3936M(4096M) 42.620ms
[2024-07-05T09:57:59.300-0700][info][gc,cpu      ] GC(52) User=0.12s Sys=0.03s Real=0.04s
[2024-07-05T09:58:13.463-0700][info][gc,start    ] GC(53) Pause Young (Concurrent Start) (G1 Preventive Collection)
[2024-07-05T09:58:13.463-0700][info][gc,task     ] GC(53) Using 4 workers of 4 for evacuation
[2024-07-05T09:58:13.487-0700][info][gc,phases   ] GC(53)   Pre Evacuate Collection Set: 0.5ms
[2024-07-05T09:58:13.487-0700][info][gc,phases   ] GC(53)   Merge Heap Roots: 0.3ms
[2024-07-05T09:58:13.487-0700][info][gc,phases   ] GC(53)   Evacuate Collection Set: 22.0ms
[2024-07-05T09:58:13.487-0700][info][gc,phases   ] GC(53)   Post Evacuate Collection Set: 0.8ms
[2024-07-05T09:58:13.487-0700][info][gc,phases   ] GC(53)   Other: 0.4ms
[2024-07-05T09:58:13.487-0700][info][gc,heap     ] GC(53) Eden regions: 75->0(178)
[2024-07-05T09:58:13.487-0700][info][gc,heap     ] GC(53) Survivor regions: 1->26(26)
[2024-07-05T09:58:13.487-0700][info][gc,heap     ] GC(53) Old regions: 3919->3969
[2024-07-05T09:58:13.487-0700][info][gc,heap     ] GC(53) Archive regions: 2->2
[2024-07-05T09:58:13.487-0700][info][gc,heap     ] GC(53) Humongous regions: 16->16
[2024-07-05T09:58:13.487-0700][info][gc,metaspace] GC(53) Metaspace: 300K(512K)->300K(512K) NonClass: 293K(384K)->293K(384K) Class: 7K(128K)->7K(128K)
[2024-07-05T09:58:13.487-0700][info][gc          ] GC(53) Pause Young (Concurrent Start) (G1 Preventive Collection) 4011M->4011M(4096M) 24.019ms
[2024-07-05T09:58:13.487-0700][info][gc,cpu      ] GC(53) User=0.07s Sys=0.00s Real=0.02s
[2024-07-05T09:58:13.487-0700][info][gc          ] GC(54) Concurrent Mark Cycle
[2024-07-05T09:58:13.487-0700][info][gc,marking  ] GC(54) Concurrent Clear Claimed Marks
[2024-07-05T09:58:13.487-0700][info][gc,marking  ] GC(54) Concurrent Clear Claimed Marks 0.007ms
[2024-07-05T09:58:13.487-0700][info][gc,marking  ] GC(54) Concurrent Scan Root Regions
[2024-07-05T09:58:13.492-0700][info][gc,marking  ] GC(54) Concurrent Scan Root Regions 4.987ms
[2024-07-05T09:58:13.492-0700][info][gc,marking  ] GC(54) Concurrent Mark
[2024-07-05T09:58:13.492-0700][info][gc,marking  ] GC(54) Concurrent Mark From Roots
[2024-07-05T09:58:13.492-0700][info][gc,task     ] GC(54) Using 1 workers of 1 for marking
[2024-07-05T09:58:14.055-0700][info][gc,marking  ] GC(54) Concurrent Mark From Roots 563.044ms
[2024-07-05T09:58:14.055-0700][info][gc,marking  ] GC(54) Concurrent Preclean
[2024-07-05T09:58:14.055-0700][info][gc,marking  ] GC(54) Concurrent Preclean 0.066ms
[2024-07-05T09:58:25.951-0700][info][gc,start    ] GC(54) Pause Remark
[2024-07-05T09:58:25.952-0700][info][gc          ] GC(54) Pause Remark 4020M->4020M(4096M) 1.368ms
[2024-07-05T09:58:25.952-0700][info][gc,cpu      ] GC(54) User=0.00s Sys=0.00s Real=0.00s
[2024-07-05T09:58:25.953-0700][info][gc,marking  ] GC(54) Concurrent Mark 12460.354ms
[2024-07-05T09:58:25.953-0700][info][gc,marking  ] GC(54) Concurrent Rebuild Remembered Sets
[2024-07-05T09:58:26.304-0700][info][gc,marking  ] GC(54) Concurrent Rebuild Remembered Sets 351.033ms
[2024-07-05T09:58:26.647-0700][info][gc,start    ] GC(54) Pause Cleanup
[2024-07-05T09:58:26.649-0700][info][gc          ] GC(54) Pause Cleanup 4020M->4020M(4096M) 1.573ms
[2024-07-05T09:58:26.649-0700][info][gc,cpu      ] GC(54) User=0.00s Sys=0.00s Real=0.00s
[2024-07-05T09:58:26.649-0700][info][gc,marking  ] GC(54) Concurrent Cleanup for Next Mark
[2024-07-05T09:58:26.662-0700][info][gc,marking  ] GC(54) Concurrent Cleanup for Next Mark 12.691ms
[2024-07-05T09:58:26.662-0700][info][gc          ] GC(54) Concurrent Mark Cycle 13174.441ms
[2024-07-05T09:58:29.403-0700][info][gc,start    ] GC(55) Pause Young (Prepare Mixed) (G1 Preventive Collection)
[2024-07-05T09:58:29.403-0700][info][gc,task     ] GC(55) Using 4 workers of 4 for evacuation
[2024-07-05T09:58:29.416-0700][info][gc,phases   ] GC(55)   Pre Evacuate Collection Set: 0.4ms
[2024-07-05T09:58:29.416-0700][info][gc,phases   ] GC(55)   Merge Heap Roots: 0.2ms
[2024-07-05T09:58:29.416-0700][info][gc,phases   ] GC(55)   Evacuate Collection Set: 11.7ms
[2024-07-05T09:58:29.416-0700][info][gc,phases   ] GC(55)   Post Evacuate Collection Set: 0.6ms
[2024-07-05T09:58:29.416-0700][info][gc,phases   ] GC(55)   Other: 0.1ms
[2024-07-05T09:58:29.416-0700][info][gc,heap     ] GC(55) Eden regions: 25->0(178)
[2024-07-05T09:58:29.416-0700][info][gc,heap     ] GC(55) Survivor regions: 26->26(26)
[2024-07-05T09:58:29.416-0700][info][gc,heap     ] GC(55) Old regions: 3969->3995
[2024-07-05T09:58:29.416-0700][info][gc,heap     ] GC(55) Archive regions: 2->2
[2024-07-05T09:58:29.416-0700][info][gc,heap     ] GC(55) Humongous regions: 16->16
[2024-07-05T09:58:29.416-0700][info][gc,metaspace] GC(55) Metaspace: 300K(512K)->300K(512K) NonClass: 293K(384K)->293K(384K) Class: 7K(128K)->7K(128K)
[2024-07-05T09:58:29.416-0700][info][gc          ] GC(55) Pause Young (Prepare Mixed) (G1 Preventive Collection) 4036M->4037M(4096M) 13.188ms
[2024-07-05T09:58:29.416-0700][info][gc,cpu      ] GC(55) User=0.05s Sys=0.01s Real=0.02s
[2024-07-05T09:58:31.036-0700][info][gc,start    ] GC(56) Pause Young (Mixed) (G1 Preventive Collection)
[2024-07-05T09:58:31.036-0700][info][gc,task     ] GC(56) Using 4 workers of 4 for evacuation
[2024-07-05T09:58:31.076-0700][info][gc          ] GC(56) To-space exhausted
[2024-07-05T09:58:31.076-0700][info][gc,phases   ] GC(56)   Pre Evacuate Collection Set: 0.6ms
[2024-07-05T09:58:31.076-0700][info][gc,phases   ] GC(56)   Merge Heap Roots: 0.3ms
[2024-07-05T09:58:31.076-0700][info][gc,phases   ] GC(56)   Evacuate Collection Set: 33.7ms
[2024-07-05T09:58:31.076-0700][info][gc,phases   ] GC(56)   Post Evacuate Collection Set: 5.8ms
[2024-07-05T09:58:31.076-0700][info][gc,phases   ] GC(56)   Other: 0.2ms
[2024-07-05T09:58:31.076-0700][info][gc,heap     ] GC(56) Eden regions: 6->0(202)
[2024-07-05T09:58:31.076-0700][info][gc,heap     ] GC(56) Survivor regions: 26->2(26)
[2024-07-05T09:58:31.076-0700][info][gc,heap     ] GC(56) Old regions: 3995->3986
[2024-07-05T09:58:31.076-0700][info][gc,heap     ] GC(56) Archive regions: 2->2
[2024-07-05T09:58:31.076-0700][info][gc,heap     ] GC(56) Humongous regions: 16->16
[2024-07-05T09:58:31.076-0700][info][gc,metaspace] GC(56) Metaspace: 300K(512K)->300K(512K) NonClass: 293K(384K)->293K(384K) Class: 7K(128K)->7K(128K)
[2024-07-05T09:58:31.076-0700][info][gc          ] GC(56) Pause Young (Mixed) (G1 Preventive Collection) 4043M->4004M(4096M) 40.608ms
[2024-07-05T09:58:31.076-0700][info][gc,cpu      ] GC(56) User=0.12s Sys=0.02s Real=0.04s
[2024-07-05T09:58:31.077-0700][info][gc,start    ] GC(57) Pause Young (Mixed) (G1 Preventive Collection)
[2024-07-05T09:58:31.077-0700][info][gc,task     ] GC(57) Using 4 workers of 4 for evacuation
[2024-07-05T09:58:31.141-0700][info][gc          ] GC(57) To-space exhausted
[2024-07-05T09:58:31.141-0700][info][gc,phases   ] GC(57)   Pre Evacuate Collection Set: 0.6ms
[2024-07-05T09:58:31.141-0700][info][gc,phases   ] GC(57)   Merge Heap Roots: 0.2ms
[2024-07-05T09:58:31.141-0700][info][gc,phases   ] GC(57)   Evacuate Collection Set: 55.8ms
[2024-07-05T09:58:31.141-0700][info][gc,phases   ] GC(57)   Post Evacuate Collection Set: 7.6ms
[2024-07-05T09:58:31.141-0700][info][gc,phases   ] GC(57)   Other: 0.1ms
[2024-07-05T09:58:31.141-0700][info][gc,heap     ] GC(57) Eden regions: 5->0(197)
[2024-07-05T09:58:31.141-0700][info][gc,heap     ] GC(57) Survivor regions: 2->7(26)
[2024-07-05T09:58:31.141-0700][info][gc,heap     ] GC(57) Old regions: 3986->3988
[2024-07-05T09:58:31.141-0700][info][gc,heap     ] GC(57) Archive regions: 2->2
[2024-07-05T09:58:31.141-0700][info][gc,heap     ] GC(57) Humongous regions: 16->16
[2024-07-05T09:58:31.141-0700][info][gc,metaspace] GC(57) Metaspace: 300K(512K)->300K(512K) NonClass: 293K(384K)->293K(384K) Class: 7K(128K)->7K(128K)
[2024-07-05T09:58:31.141-0700][info][gc          ] GC(57) Pause Young (Mixed) (G1 Preventive Collection) 4009M->4011M(4096M) 64.351ms
[2024-07-05T09:58:31.141-0700][info][gc,cpu      ] GC(57) User=0.17s Sys=0.05s Real=0.06s
[2024-07-05T09:58:34.370-0700][info][gc,start    ] GC(58) Pause Young (Mixed) (G1 Preventive Collection)
[2024-07-05T09:58:34.370-0700][info][gc,task     ] GC(58) Using 4 workers of 4 for evacuation
[2024-07-05T09:58:34.385-0700][info][gc,phases   ] GC(58)   Pre Evacuate Collection Set: 0.4ms
[2024-07-05T09:58:34.385-0700][info][gc,phases   ] GC(58)   Merge Heap Roots: 0.2ms
[2024-07-05T09:58:34.385-0700][info][gc,phases   ] GC(58)   Evacuate Collection Set: 13.5ms
[2024-07-05T09:58:34.385-0700][info][gc,phases   ] GC(58)   Post Evacuate Collection Set: 0.8ms
[2024-07-05T09:58:34.385-0700][info][gc,phases   ] GC(58)   Other: 0.1ms
[2024-07-05T09:58:34.385-0700][info][gc,heap     ] GC(58) Eden regions: 16->0(180)
[2024-07-05T09:58:34.385-0700][info][gc,heap     ] GC(58) Survivor regions: 7->24(26)
[2024-07-05T09:58:34.385-0700][info][gc,heap     ] GC(58) Old regions: 3988->3976
[2024-07-05T09:58:34.385-0700][info][gc,heap     ] GC(58) Archive regions: 2->2
[2024-07-05T09:58:34.385-0700][info][gc,heap     ] GC(58) Humongous regions: 16->16
[2024-07-05T09:58:34.385-0700][info][gc,metaspace] GC(58) Metaspace: 300K(512K)->300K(512K) NonClass: 293K(384K)->293K(384K) Class: 7K(128K)->7K(128K)
[2024-07-05T09:58:34.385-0700][info][gc          ] GC(58) Pause Young (Mixed) (G1 Preventive Collection) 4027M->4015M(4096M) 15.036ms
[2024-07-05T09:58:34.385-0700][info][gc,cpu      ] GC(58) User=0.04s Sys=0.01s Real=0.02s
[2024-07-05T09:58:37.600-0700][info][gc,start    ] GC(59) Pause Young (Concurrent Start) (G1 Preventive Collection)
[2024-07-05T09:58:37.600-0700][info][gc,task     ] GC(59) Using 4 workers of 4 for evacuation
[2024-07-05T09:58:37.611-0700][info][gc,phases   ] GC(59)   Pre Evacuate Collection Set: 0.4ms
[2024-07-05T09:58:37.611-0700][info][gc,phases   ] GC(59)   Merge Heap Roots: 0.2ms
[2024-07-05T09:58:37.611-0700][info][gc,phases   ] GC(59)   Evacuate Collection Set: 9.0ms
[2024-07-05T09:58:37.611-0700][info][gc,phases   ] GC(59)   Post Evacuate Collection Set: 0.8ms
[2024-07-05T09:58:37.611-0700][info][gc,phases   ] GC(59)   Other: 0.3ms
[2024-07-05T09:58:37.611-0700][info][gc,heap     ] GC(59) Eden regions: 24->0(178)
[2024-07-05T09:58:37.611-0700][info][gc,heap     ] GC(59) Survivor regions: 24->26(26)
[2024-07-05T09:58:37.611-0700][info][gc,heap     ] GC(59) Old regions: 3976->3999
[2024-07-05T09:58:37.611-0700][info][gc,heap     ] GC(59) Archive regions: 2->2
[2024-07-05T09:58:37.611-0700][info][gc,heap     ] GC(59) Humongous regions: 16->16
[2024-07-05T09:58:37.611-0700][info][gc,metaspace] GC(59) Metaspace: 300K(512K)->300K(512K) NonClass: 293K(384K)->293K(384K) Class: 7K(128K)->7K(128K)
[2024-07-05T09:58:37.611-0700][info][gc          ] GC(59) Pause Young (Concurrent Start) (G1 Preventive Collection) 4039M->4040M(4096M) 10.706ms
[2024-07-05T09:58:37.611-0700][info][gc,cpu      ] GC(59) User=0.03s Sys=0.01s Real=0.01s
[2024-07-05T09:58:37.611-0700][info][gc          ] GC(60) Concurrent Mark Cycle
[2024-07-05T09:58:37.611-0700][info][gc,marking  ] GC(60) Concurrent Clear Claimed Marks
[2024-07-05T09:58:37.611-0700][info][gc,marking  ] GC(60) Concurrent Clear Claimed Marks 0.007ms
[2024-07-05T09:58:37.611-0700][info][gc,marking  ] GC(60) Concurrent Scan Root Regions
[2024-07-05T09:58:37.614-0700][info][gc,marking  ] GC(60) Concurrent Scan Root Regions 2.479ms
[2024-07-05T09:58:37.614-0700][info][gc,marking  ] GC(60) Concurrent Mark
[2024-07-05T09:58:37.614-0700][info][gc,marking  ] GC(60) Concurrent Mark From Roots
[2024-07-05T09:58:37.614-0700][info][gc,task     ] GC(60) Using 1 workers of 1 for marking
[2024-07-05T09:58:38.103-0700][info][gc,marking  ] GC(60) Concurrent Mark From Roots 489.708ms
[2024-07-05T09:58:38.103-0700][info][gc,marking  ] GC(60) Concurrent Preclean
[2024-07-05T09:58:38.103-0700][info][gc,marking  ] GC(60) Concurrent Preclean 0.076ms
[2024-07-05T09:59:28.992-0700][info][gc,start    ] GC(60) Pause Remark
[2024-07-05T09:59:28.993-0700][info][gc          ] GC(60) Pause Remark 4043M->4043M(4096M) 1.420ms
[2024-07-05T09:59:28.993-0700][info][gc,cpu      ] GC(60) User=0.00s Sys=0.00s Real=0.00s
[2024-07-05T09:59:28.993-0700][info][gc,marking  ] GC(60) Concurrent Mark 51379.883ms
[2024-07-05T09:59:28.993-0700][info][gc,marking  ] GC(60) Concurrent Rebuild Remembered Sets
[2024-07-05T09:59:29.356-0700][info][gc,marking  ] GC(60) Concurrent Rebuild Remembered Sets 362.199ms
[2024-07-05T09:59:29.386-0700][info][gc,start    ] GC(60) Pause Cleanup
[2024-07-05T09:59:29.388-0700][info][gc          ] GC(60) Pause Cleanup 4043M->4043M(4096M) 1.588ms
[2024-07-05T09:59:29.388-0700][info][gc,cpu      ] GC(60) User=0.00s Sys=0.00s Real=0.00s
[2024-07-05T09:59:29.388-0700][info][gc,marking  ] GC(60) Concurrent Cleanup for Next Mark
[2024-07-05T09:59:29.401-0700][info][gc,marking  ] GC(60) Concurrent Cleanup for Next Mark 13.662ms
[2024-07-05T09:59:29.402-0700][info][gc          ] GC(60) Concurrent Mark Cycle 51790.507ms
[2024-07-05T09:59:29.616-0700][info][gc,start    ] GC(61) Pause Young (Prepare Mixed) (G1 Preventive Collection)
[2024-07-05T09:59:29.616-0700][info][gc,task     ] GC(61) Using 4 workers of 4 for evacuation
[2024-07-05T09:59:29.626-0700][info][gc,phases   ] GC(61)   Pre Evacuate Collection Set: 0.5ms
[2024-07-05T09:59:29.626-0700][info][gc,phases   ] GC(61)   Merge Heap Roots: 0.2ms
[2024-07-05T09:59:29.626-0700][info][gc,phases   ] GC(61)   Evacuate Collection Set: 8.7ms
[2024-07-05T09:59:29.626-0700][info][gc,phases   ] GC(61)   Post Evacuate Collection Set: 0.5ms
[2024-07-05T09:59:29.626-0700][info][gc,phases   ] GC(61)   Other: 0.2ms
[2024-07-05T09:59:29.626-0700][info][gc,heap     ] GC(61) Eden regions: 11->0(191)
[2024-07-05T09:59:29.626-0700][info][gc,heap     ] GC(61) Survivor regions: 26->13(26)
[2024-07-05T09:59:29.626-0700][info][gc,heap     ] GC(61) Old regions: 3999->4023
[2024-07-05T09:59:29.626-0700][info][gc,heap     ] GC(61) Archive regions: 2->2
[2024-07-05T09:59:29.626-0700][info][gc,heap     ] GC(61) Humongous regions: 16->16
[2024-07-05T09:59:29.626-0700][info][gc,metaspace] GC(61) Metaspace: 300K(512K)->300K(512K) NonClass: 293K(384K)->293K(384K) Class: 7K(128K)->7K(128K)
[2024-07-05T09:59:29.626-0700][info][gc          ] GC(61) Pause Young (Prepare Mixed) (G1 Preventive Collection) 4051M->4051M(4096M) 10.189ms
[2024-07-05T09:59:29.626-0700][info][gc,cpu      ] GC(61) User=0.04s Sys=0.00s Real=0.01s
[2024-07-05T09:59:31.366-0700][info][gc,start    ] GC(62) Pause Young (Mixed) (G1 Preventive Collection)
[2024-07-05T09:59:31.366-0700][info][gc,task     ] GC(62) Using 4 workers of 4 for evacuation
[2024-07-05T09:59:31.399-0700][info][gc          ] GC(62) To-space exhausted
[2024-07-05T09:59:31.399-0700][info][gc,phases   ] GC(62)   Pre Evacuate Collection Set: 0.6ms
[2024-07-05T09:59:31.399-0700][info][gc,phases   ] GC(62)   Merge Heap Roots: 0.3ms
[2024-07-05T09:59:31.399-0700][info][gc,phases   ] GC(62)   Evacuate Collection Set: 25.2ms
[2024-07-05T09:59:31.399-0700][info][gc,phases   ] GC(62)   Post Evacuate Collection Set: 6.0ms
[2024-07-05T09:59:31.399-0700][info][gc,phases   ] GC(62)   Other: 0.2ms
[2024-07-05T09:59:31.399-0700][info][gc,heap     ] GC(62) Eden regions: 7->0(204)
[2024-07-05T09:59:31.399-0700][info][gc,heap     ] GC(62) Survivor regions: 13->0(26)
[2024-07-05T09:59:31.399-0700][info][gc,heap     ] GC(62) Old regions: 4023->3999
[2024-07-05T09:59:31.399-0700][info][gc,heap     ] GC(62) Archive regions: 2->2
[2024-07-05T09:59:31.399-0700][info][gc,heap     ] GC(62) Humongous regions: 16->16
[2024-07-05T09:59:31.399-0700][info][gc,metaspace] GC(62) Metaspace: 300K(512K)->300K(512K) NonClass: 293K(384K)->293K(384K) Class: 7K(128K)->7K(128K)
[2024-07-05T09:59:31.399-0700][info][gc          ] GC(62) Pause Young (Mixed) (G1 Preventive Collection) 4058M->4015M(4096M) 32.312ms
[2024-07-05T09:59:31.399-0700][info][gc,cpu      ] GC(62) User=0.10s Sys=0.01s Real=0.03s
[2024-07-05T09:59:31.399-0700][info][gc,start    ] GC(63) Pause Young (Mixed) (G1 Preventive Collection)
[2024-07-05T09:59:31.399-0700][info][gc,task     ] GC(63) Using 4 workers of 4 for evacuation
[2024-07-05T09:59:31.452-0700][info][gc          ] GC(63) To-space exhausted
[2024-07-05T09:59:31.452-0700][info][gc,phases   ] GC(63)   Pre Evacuate Collection Set: 0.4ms
[2024-07-05T09:59:31.452-0700][info][gc,phases   ] GC(63)   Merge Heap Roots: 0.2ms
[2024-07-05T09:59:31.452-0700][info][gc,phases   ] GC(63)   Evacuate Collection Set: 45.0ms
[2024-07-05T09:59:31.452-0700][info][gc,phases   ] GC(63)   Post Evacuate Collection Set: 6.8ms
[2024-07-05T09:59:31.452-0700][info][gc,phases   ] GC(63)   Other: 0.1ms
[2024-07-05T09:59:31.452-0700][info][gc,heap     ] GC(63) Eden regions: 4->0(200)
[2024-07-05T09:59:31.452-0700][info][gc,heap     ] GC(63) Survivor regions: 0->4(26)
[2024-07-05T09:59:31.452-0700][info][gc,heap     ] GC(63) Old regions: 3999->3998
[2024-07-05T09:59:31.452-0700][info][gc,heap     ] GC(63) Archive regions: 2->2
[2024-07-05T09:59:31.452-0700][info][gc,heap     ] GC(63) Humongous regions: 16->16
[2024-07-05T09:59:31.452-0700][info][gc,metaspace] GC(63) Metaspace: 300K(512K)->300K(512K) NonClass: 293K(384K)->293K(384K) Class: 7K(128K)->7K(128K)
[2024-07-05T09:59:31.452-0700][info][gc          ] GC(63) Pause Young (Mixed) (G1 Preventive Collection) 4019M->4018M(4096M) 52.592ms
[2024-07-05T09:59:31.452-0700][info][gc,cpu      ] GC(63) User=0.15s Sys=0.04s Real=0.05s
[2024-07-05T09:59:38.045-0700][info][gc,start    ] GC(64) Pause Young (Concurrent Start) (G1 Preventive Collection)
[2024-07-05T09:59:38.045-0700][info][gc,task     ] GC(64) Using 4 workers of 4 for evacuation
[2024-07-05T09:59:38.056-0700][info][gc,phases   ] GC(64)   Pre Evacuate Collection Set: 0.4ms
[2024-07-05T09:59:38.056-0700][info][gc,phases   ] GC(64)   Merge Heap Roots: 0.2ms
[2024-07-05T09:59:38.056-0700][info][gc,phases   ] GC(64)   Evacuate Collection Set: 9.5ms
[2024-07-05T09:59:38.056-0700][info][gc,phases   ] GC(64)   Post Evacuate Collection Set: 0.6ms
[2024-07-05T09:59:38.056-0700][info][gc,phases   ] GC(64)   Other: 0.3ms
[2024-07-05T09:59:38.056-0700][info][gc,heap     ] GC(64) Eden regions: 34->0(178)
[2024-07-05T09:59:38.056-0700][info][gc,heap     ] GC(64) Survivor regions: 4->26(26)
[2024-07-05T09:59:38.056-0700][info][gc,heap     ] GC(64) Old regions: 3998->4010
[2024-07-05T09:59:38.056-0700][info][gc,heap     ] GC(64) Archive regions: 2->2
[2024-07-05T09:59:38.056-0700][info][gc,heap     ] GC(64) Humongous regions: 16->16
[2024-07-05T09:59:38.056-0700][info][gc,metaspace] GC(64) Metaspace: 300K(512K)->300K(512K) NonClass: 293K(384K)->293K(384K) Class: 7K(128K)->7K(128K)
[2024-07-05T09:59:38.056-0700][info][gc          ] GC(64) Pause Young (Concurrent Start) (G1 Preventive Collection) 4052M->4052M(4096M) 11.033ms
[2024-07-05T09:59:38.056-0700][info][gc,cpu      ] GC(64) User=0.04s Sys=0.00s Real=0.01s
[2024-07-05T09:59:38.056-0700][info][gc          ] GC(65) Concurrent Mark Cycle
[2024-07-05T09:59:38.056-0700][info][gc,marking  ] GC(65) Concurrent Clear Claimed Marks
[2024-07-05T09:59:38.056-0700][info][gc,marking  ] GC(65) Concurrent Clear Claimed Marks 0.006ms
[2024-07-05T09:59:38.056-0700][info][gc,marking  ] GC(65) Concurrent Scan Root Regions
[2024-07-05T09:59:38.059-0700][info][gc,marking  ] GC(65) Concurrent Scan Root Regions 2.868ms
[2024-07-05T09:59:38.059-0700][info][gc,marking  ] GC(65) Concurrent Mark
[2024-07-05T09:59:38.059-0700][info][gc,marking  ] GC(65) Concurrent Mark From Roots
[2024-07-05T09:59:38.059-0700][info][gc,task     ] GC(65) Using 1 workers of 1 for marking
[2024-07-05T09:59:38.585-0700][info][gc,marking  ] GC(65) Concurrent Mark From Roots 525.775ms
[2024-07-05T09:59:38.585-0700][info][gc,marking  ] GC(65) Concurrent Preclean
[2024-07-05T09:59:38.585-0700][info][gc,marking  ] GC(65) Concurrent Preclean 0.059ms
[2024-07-05T09:59:43.218-0700][info][gc,start    ] GC(65) Pause Remark
[2024-07-05T09:59:43.219-0700][info][gc          ] GC(65) Pause Remark 4058M->4058M(4096M) 1.509ms
[2024-07-05T09:59:43.219-0700][info][gc,cpu      ] GC(65) User=0.01s Sys=0.00s Real=0.00s
[2024-07-05T09:59:43.220-0700][info][gc,marking  ] GC(65) Concurrent Mark 5160.794ms
[2024-07-05T09:59:43.220-0700][info][gc,marking  ] GC(65) Concurrent Rebuild Remembered Sets
[2024-07-05T09:59:43.501-0700][info][gc,marking  ] GC(65) Concurrent Rebuild Remembered Sets 281.630ms
[2024-07-05T09:59:44.271-0700][info][gc,start    ] GC(65) Pause Cleanup
[2024-07-05T09:59:44.273-0700][info][gc          ] GC(65) Pause Cleanup 4058M->4058M(4096M) 1.504ms
[2024-07-05T09:59:44.273-0700][info][gc,cpu      ] GC(65) User=0.00s Sys=0.00s Real=0.00s
[2024-07-05T09:59:44.273-0700][info][gc,marking  ] GC(65) Concurrent Cleanup for Next Mark
[2024-07-05T09:59:44.279-0700][info][gc,marking  ] GC(65) Concurrent Cleanup for Next Mark 6.398ms
[2024-07-05T09:59:44.279-0700][info][gc          ] GC(65) Concurrent Mark Cycle 6223.505ms
[2024-07-05T09:59:44.848-0700][info][gc,start    ] GC(66) Pause Young (Prepare Mixed) (G1 Preventive Collection)
[2024-07-05T09:59:44.848-0700][info][gc,task     ] GC(66) Using 4 workers of 4 for evacuation
[2024-07-05T09:59:44.859-0700][info][gc,phases   ] GC(66)   Pre Evacuate Collection Set: 0.5ms
[2024-07-05T09:59:44.859-0700][info][gc,phases   ] GC(66)   Merge Heap Roots: 0.2ms
[2024-07-05T09:59:44.859-0700][info][gc,phases   ] GC(66)   Evacuate Collection Set: 9.8ms
[2024-07-05T09:59:44.859-0700][info][gc,phases   ] GC(66)   Post Evacuate Collection Set: 0.5ms
[2024-07-05T09:59:44.859-0700][info][gc,phases   ] GC(66)   Other: 0.1ms
[2024-07-05T09:59:44.859-0700][info][gc,heap     ] GC(66) Eden regions: 6->0(197)
[2024-07-05T09:59:44.859-0700][info][gc,heap     ] GC(66) Survivor regions: 26->7(26)
[2024-07-05T09:59:44.859-0700][info][gc,heap     ] GC(66) Old regions: 4010->4036
[2024-07-05T09:59:44.859-0700][info][gc,heap     ] GC(66) Archive regions: 2->2
[2024-07-05T09:59:44.859-0700][info][gc,heap     ] GC(66) Humongous regions: 16->16
[2024-07-05T09:59:44.859-0700][info][gc,metaspace] GC(66) Metaspace: 300K(512K)->300K(512K) NonClass: 293K(384K)->293K(384K) Class: 7K(128K)->7K(128K)
[2024-07-05T09:59:44.859-0700][info][gc          ] GC(66) Pause Young (Prepare Mixed) (G1 Preventive Collection) 4058M->4058M(4096M) 11.156ms
[2024-07-05T09:59:44.859-0700][info][gc,cpu      ] GC(66) User=0.04s Sys=0.00s Real=0.01s
[2024-07-05T09:59:44.860-0700][info][gc,start    ] GC(67) Pause Young (Mixed) (G1 Preventive Collection)
[2024-07-05T09:59:44.860-0700][info][gc,task     ] GC(67) Using 4 workers of 4 for evacuation
[2024-07-05T09:59:44.885-0700][info][gc          ] GC(67) To-space exhausted
[2024-07-05T09:59:44.885-0700][info][gc,phases   ] GC(67)   Pre Evacuate Collection Set: 0.5ms
[2024-07-05T09:59:44.885-0700][info][gc,phases   ] GC(67)   Merge Heap Roots: 0.2ms
[2024-07-05T09:59:44.885-0700][info][gc,phases   ] GC(67)   Evacuate Collection Set: 18.4ms
[2024-07-05T09:59:44.885-0700][info][gc,phases   ] GC(67)   Post Evacuate Collection Set: 6.1ms
[2024-07-05T09:59:44.885-0700][info][gc,phases   ] GC(67)   Other: 0.1ms
[2024-07-05T09:59:44.885-0700][info][gc,heap     ] GC(67) Eden regions: 9->0(193)
[2024-07-05T09:59:44.885-0700][info][gc,heap     ] GC(67) Survivor regions: 7->11(26)
[2024-07-05T09:59:44.885-0700][info][gc,heap     ] GC(67) Old regions: 4036->3991
[2024-07-05T09:59:44.885-0700][info][gc,heap     ] GC(67) Archive regions: 2->2
[2024-07-05T09:59:44.885-0700][info][gc,heap     ] GC(67) Humongous regions: 16->16
[2024-07-05T09:59:44.885-0700][info][gc,metaspace] GC(67) Metaspace: 300K(512K)->300K(512K) NonClass: 293K(384K)->293K(384K) Class: 7K(128K)->7K(128K)
[2024-07-05T09:59:44.885-0700][info][gc          ] GC(67) Pause Young (Mixed) (G1 Preventive Collection) 4067M->4018M(4096M) 25.455ms
[2024-07-05T09:59:44.885-0700][info][gc,cpu      ] GC(67) User=0.07s Sys=0.01s Real=0.03s
[2024-07-05T09:59:46.501-0700][info][gc,start    ] GC(68) Pause Young (Mixed) (G1 Preventive Collection)
[2024-07-05T09:59:46.501-0700][info][gc,task     ] GC(68) Using 4 workers of 4 for evacuation
[2024-07-05T09:59:46.547-0700][info][gc          ] GC(68) To-space exhausted
[2024-07-05T09:59:46.547-0700][info][gc,phases   ] GC(68)   Pre Evacuate Collection Set: 0.4ms
[2024-07-05T09:59:46.547-0700][info][gc,phases   ] GC(68)   Merge Heap Roots: 0.2ms
[2024-07-05T09:59:46.547-0700][info][gc,phases   ] GC(68)   Evacuate Collection Set: 40.5ms
[2024-07-05T09:59:46.547-0700][info][gc,phases   ] GC(68)   Post Evacuate Collection Set: 5.4ms
[2024-07-05T09:59:46.547-0700][info][gc,phases   ] GC(68)   Other: 0.2ms
[2024-07-05T09:59:46.547-0700][info][gc,heap     ] GC(68) Eden regions: 1->0(192)
[2024-07-05T09:59:46.547-0700][info][gc,heap     ] GC(68) Survivor regions: 11->12(26)
[2024-07-05T09:59:46.547-0700][info][gc,heap     ] GC(68) Old regions: 3991->3988
[2024-07-05T09:59:46.547-0700][info][gc,heap     ] GC(68) Archive regions: 2->2
[2024-07-05T09:59:46.547-0700][info][gc,heap     ] GC(68) Humongous regions: 16->16
[2024-07-05T09:59:46.547-0700][info][gc,metaspace] GC(68) Metaspace: 300K(512K)->300K(512K) NonClass: 293K(384K)->293K(384K) Class: 7K(128K)->7K(128K)
[2024-07-05T09:59:46.547-0700][info][gc          ] GC(68) Pause Young (Mixed) (G1 Preventive Collection) 4019M->4016M(4096M) 46.780ms
[2024-07-05T09:59:46.548-0700][info][gc,cpu      ] GC(68) User=0.15s Sys=0.02s Real=0.05s
[2024-07-05T09:59:51.667-0700][info][gc,start    ] GC(69) Pause Young (Concurrent Start) (G1 Preventive Collection)
[2024-07-05T09:59:51.667-0700][info][gc,task     ] GC(69) Using 4 workers of 4 for evacuation
[2024-07-05T09:59:51.679-0700][info][gc,phases   ] GC(69)   Pre Evacuate Collection Set: 0.5ms
[2024-07-05T09:59:51.679-0700][info][gc,phases   ] GC(69)   Merge Heap Roots: 0.2ms
[2024-07-05T09:59:51.679-0700][info][gc,phases   ] GC(69)   Evacuate Collection Set: 10.3ms
[2024-07-05T09:59:51.679-0700][info][gc,phases   ] GC(69)   Post Evacuate Collection Set: 0.6ms
[2024-07-05T09:59:51.679-0700][info][gc,phases   ] GC(69)   Other: 0.3ms
[2024-07-05T09:59:51.679-0700][info][gc,heap     ] GC(69) Eden regions: 31->0(178)
[2024-07-05T09:59:51.679-0700][info][gc,heap     ] GC(69) Survivor regions: 12->26(26)
[2024-07-05T09:59:51.679-0700][info][gc,heap     ] GC(69) Old regions: 3988->4005
[2024-07-05T09:59:51.679-0700][info][gc,heap     ] GC(69) Archive regions: 2->2
[2024-07-05T09:59:51.679-0700][info][gc,heap     ] GC(69) Humongous regions: 16->16
[2024-07-05T09:59:51.679-0700][info][gc,metaspace] GC(69) Metaspace: 300K(512K)->300K(512K) NonClass: 293K(384K)->293K(384K) Class: 7K(128K)->7K(128K)
[2024-07-05T09:59:51.679-0700][info][gc          ] GC(69) Pause Young (Concurrent Start) (G1 Preventive Collection) 4047M->4047M(4096M) 11.889ms
[2024-07-05T09:59:51.679-0700][info][gc,cpu      ] GC(69) User=0.03s Sys=0.01s Real=0.01s
[2024-07-05T09:59:51.679-0700][info][gc          ] GC(70) Concurrent Mark Cycle
[2024-07-05T09:59:51.679-0700][info][gc,marking  ] GC(70) Concurrent Clear Claimed Marks
[2024-07-05T09:59:51.679-0700][info][gc,marking  ] GC(70) Concurrent Clear Claimed Marks 0.006ms
[2024-07-05T09:59:51.679-0700][info][gc,marking  ] GC(70) Concurrent Scan Root Regions
[2024-07-05T09:59:51.683-0700][info][gc,marking  ] GC(70) Concurrent Scan Root Regions 3.332ms
[2024-07-05T09:59:51.683-0700][info][gc,marking  ] GC(70) Concurrent Mark
[2024-07-05T09:59:51.683-0700][info][gc,marking  ] GC(70) Concurrent Mark From Roots
[2024-07-05T09:59:51.683-0700][info][gc,task     ] GC(70) Using 1 workers of 1 for marking
[2024-07-05T09:59:51.683-0700][info][gc,start    ] GC(71) Pause Young (Normal) (G1 Preventive Collection)
[2024-07-05T09:59:51.683-0700][info][gc,task     ] GC(71) Using 4 workers of 4 for evacuation
[2024-07-05T09:59:51.692-0700][info][gc,phases   ] GC(71)   Pre Evacuate Collection Set: 2.8ms
[2024-07-05T09:59:51.692-0700][info][gc,phases   ] GC(71)   Merge Heap Roots: 0.2ms
[2024-07-05T09:59:51.692-0700][info][gc,phases   ] GC(71)   Evacuate Collection Set: 7.6ms
[2024-07-05T09:59:51.692-0700][info][gc,phases   ] GC(71)   Post Evacuate Collection Set: 0.6ms
[2024-07-05T09:59:51.692-0700][info][gc,phases   ] GC(71)   Other: 0.1ms
[2024-07-05T09:59:51.692-0700][info][gc,heap     ] GC(71) Eden regions: 8->0(195)
[2024-07-05T09:59:51.692-0700][info][gc,heap     ] GC(71) Survivor regions: 26->9(26)
[2024-07-05T09:59:51.692-0700][info][gc,heap     ] GC(71) Old regions: 4005->4031
[2024-07-05T09:59:51.692-0700][info][gc,heap     ] GC(71) Archive regions: 2->2
[2024-07-05T09:59:51.692-0700][info][gc,heap     ] GC(71) Humongous regions: 16->16
[2024-07-05T09:59:51.692-0700][info][gc,metaspace] GC(71) Metaspace: 300K(512K)->300K(512K) NonClass: 293K(384K)->293K(384K) Class: 7K(128K)->7K(128K)
[2024-07-05T09:59:51.692-0700][info][gc          ] GC(71) Pause Young (Normal) (G1 Preventive Collection) 4055M->4056M(4096M) 8.986ms
[2024-07-05T09:59:51.692-0700][info][gc,cpu      ] GC(71) User=0.02s Sys=0.00s Real=0.01s
[2024-07-05T09:59:52.175-0700][info][gc,marking  ] GC(70) Concurrent Mark From Roots 491.789ms
[2024-07-05T09:59:52.175-0700][info][gc,marking  ] GC(70) Concurrent Preclean
[2024-07-05T09:59:52.175-0700][info][gc,marking  ] GC(70) Concurrent Preclean 0.059ms
[2024-07-05T09:59:56.205-0700][info][gc,start    ] GC(70) Pause Remark
[2024-07-05T09:59:56.207-0700][info][gc          ] GC(70) Pause Remark 4057M->4056M(4096M) 1.360ms
[2024-07-05T09:59:56.207-0700][info][gc,cpu      ] GC(70) User=0.00s Sys=0.00s Real=0.00s
[2024-07-05T09:59:56.207-0700][info][gc,marking  ] GC(70) Concurrent Mark 4523.914ms
[2024-07-05T09:59:56.207-0700][info][gc,marking  ] GC(70) Concurrent Rebuild Remembered Sets
[2024-07-05T09:59:56.610-0700][info][gc,marking  ] GC(70) Concurrent Rebuild Remembered Sets 403.402ms
[2024-07-05T09:59:56.763-0700][info][gc,start    ] GC(70) Pause Cleanup
[2024-07-05T09:59:56.765-0700][info][gc          ] GC(70) Pause Cleanup 4056M->4056M(4096M) 2.146ms
[2024-07-05T09:59:56.765-0700][info][gc,cpu      ] GC(70) User=0.01s Sys=0.00s Real=0.00s
[2024-07-05T09:59:56.765-0700][info][gc,marking  ] GC(70) Concurrent Cleanup for Next Mark
[2024-07-05T09:59:56.775-0700][info][gc,marking  ] GC(70) Concurrent Cleanup for Next Mark 9.386ms
[2024-07-05T09:59:56.775-0700][info][gc          ] GC(70) Concurrent Mark Cycle 5095.752ms
[2024-07-05T10:00:00.070-0700][info][gc,start    ] GC(72) Pause Young (Prepare Mixed) (G1 Preventive Collection)
[2024-07-05T10:00:00.070-0700][info][gc,task     ] GC(72) Using 4 workers of 4 for evacuation
[2024-07-05T10:00:00.077-0700][info][gc,phases   ] GC(72)   Pre Evacuate Collection Set: 0.5ms
[2024-07-05T10:00:00.077-0700][info][gc,phases   ] GC(72)   Merge Heap Roots: 0.2ms
[2024-07-05T10:00:00.077-0700][info][gc,phases   ] GC(72)   Evacuate Collection Set: 5.8ms
[2024-07-05T10:00:00.077-0700][info][gc,phases   ] GC(72)   Post Evacuate Collection Set: 1.0ms
[2024-07-05T10:00:00.077-0700][info][gc,phases   ] GC(72)   Other: 0.1ms
[2024-07-05T10:00:00.077-0700][info][gc,heap     ] GC(72) Eden regions: 13->0(181)
[2024-07-05T10:00:00.077-0700][info][gc,heap     ] GC(72) Survivor regions: 9->23(26)
[2024-07-05T10:00:00.077-0700][info][gc,heap     ] GC(72) Old regions: 4030->4030
[2024-07-05T10:00:00.077-0700][info][gc,heap     ] GC(72) Archive regions: 2->2
[2024-07-05T10:00:00.077-0700][info][gc,heap     ] GC(72) Humongous regions: 16->16
[2024-07-05T10:00:00.077-0700][info][gc,metaspace] GC(72) Metaspace: 300K(512K)->300K(512K) NonClass: 293K(384K)->293K(384K) Class: 7K(128K)->7K(128K)
[2024-07-05T10:00:00.077-0700][info][gc          ] GC(72) Pause Young (Prepare Mixed) (G1 Preventive Collection) 4068M->4069M(4096M) 7.682ms
[2024-07-05T10:00:00.077-0700][info][gc,cpu      ] GC(72) User=0.03s Sys=0.00s Real=0.01s
[2024-07-05T10:00:00.078-0700][info][gc,start    ] GC(73) Pause Young (Mixed) (G1 Preventive Collection)
[2024-07-05T10:00:00.078-0700][info][gc,task     ] GC(73) Using 4 workers of 4 for evacuation
[2024-07-05T10:00:00.107-0700][info][gc          ] GC(73) To-space exhausted
[2024-07-05T10:00:00.107-0700][info][gc,phases   ] GC(73)   Pre Evacuate Collection Set: 0.5ms
[2024-07-05T10:00:00.107-0700][info][gc,phases   ] GC(73)   Merge Heap Roots: 0.3ms
[2024-07-05T10:00:00.107-0700][info][gc,phases   ] GC(73)   Evacuate Collection Set: 22.7ms
[2024-07-05T10:00:00.107-0700][info][gc,phases   ] GC(73)   Post Evacuate Collection Set: 5.9ms
[2024-07-05T10:00:00.107-0700][info][gc,phases   ] GC(73)   Other: 0.2ms
[2024-07-05T10:00:00.107-0700][info][gc,heap     ] GC(73) Eden regions: 1->0(202)
[2024-07-05T10:00:00.107-0700][info][gc,heap     ] GC(73) Survivor regions: 23->2(24)
[2024-07-05T10:00:00.107-0700][info][gc,heap     ] GC(73) Old regions: 4030->4034
[2024-07-05T10:00:00.107-0700][info][gc,heap     ] GC(73) Archive regions: 2->2
[2024-07-05T10:00:00.107-0700][info][gc,heap     ] GC(73) Humongous regions: 16->16
[2024-07-05T10:00:00.107-0700][info][gc,metaspace] GC(73) Metaspace: 300K(512K)->300K(512K) NonClass: 293K(384K)->293K(384K) Class: 7K(128K)->7K(128K)
[2024-07-05T10:00:00.107-0700][info][gc          ] GC(73) Pause Young (Mixed) (G1 Preventive Collection) 4070M->4052M(4096M) 29.646ms
[2024-07-05T10:00:00.107-0700][info][gc,cpu      ] GC(73) User=0.06s Sys=0.04s Real=0.03s
[2024-07-05T10:00:00.108-0700][info][gc,start    ] GC(74) Pause Young (Mixed) (G1 Preventive Collection)
[2024-07-05T10:00:00.108-0700][info][gc,task     ] GC(74) Using 4 workers of 4 for evacuation
[2024-07-05T10:00:00.138-0700][info][gc          ] GC(74) To-space exhausted
[2024-07-05T10:00:00.138-0700][info][gc,phases   ] GC(74)   Pre Evacuate Collection Set: 0.5ms
[2024-07-05T10:00:00.138-0700][info][gc,phases   ] GC(74)   Merge Heap Roots: 0.2ms
[2024-07-05T10:00:00.138-0700][info][gc,phases   ] GC(74)   Evacuate Collection Set: 24.0ms
[2024-07-05T10:00:00.138-0700][info][gc,phases   ] GC(74)   Post Evacuate Collection Set: 5.5ms
[2024-07-05T10:00:00.138-0700][info][gc,phases   ] GC(74)   Other: 0.1ms
[2024-07-05T10:00:00.138-0700][info][gc,heap     ] GC(74) Eden regions: 1->0(201)
[2024-07-05T10:00:00.138-0700][info][gc,heap     ] GC(74) Survivor regions: 2->3(26)
[2024-07-05T10:00:00.138-0700][info][gc,heap     ] GC(74) Old regions: 4034->4067
[2024-07-05T10:00:00.138-0700][info][gc,heap     ] GC(74) Archive regions: 2->2
[2024-07-05T10:00:00.138-0700][info][gc,heap     ] GC(74) Humongous regions: 16->16
[2024-07-05T10:00:00.138-0700][info][gc,metaspace] GC(74) Metaspace: 300K(512K)->300K(512K) NonClass: 293K(384K)->293K(384K) Class: 7K(128K)->7K(128K)
[2024-07-05T10:00:00.138-0700][info][gc          ] GC(74) Pause Young (Mixed) (G1 Preventive Collection) 4053M->4086M(4096M) 30.268ms
[2024-07-05T10:00:00.138-0700][info][gc,cpu      ] GC(74) User=0.08s Sys=0.03s Real=0.03s
[2024-07-05T10:00:00.138-0700][info][gc,start    ] GC(75) Pause Young (Concurrent Start) (G1 Preventive Collection)
[2024-07-05T10:00:00.138-0700][info][gc,task     ] GC(75) Using 4 workers of 4 for evacuation
[2024-07-05T10:00:00.140-0700][info][gc,phases   ] GC(75)   Pre Evacuate Collection Set: 0.5ms
[2024-07-05T10:00:00.140-0700][info][gc,phases   ] GC(75)   Merge Heap Roots: 0.1ms
[2024-07-05T10:00:00.140-0700][info][gc,phases   ] GC(75)   Evacuate Collection Set: 1.0ms
[2024-07-05T10:00:00.140-0700][info][gc,phases   ] GC(75)   Post Evacuate Collection Set: 0.3ms
[2024-07-05T10:00:00.140-0700][info][gc,phases   ] GC(75)   Other: 0.3ms
[2024-07-05T10:00:00.140-0700][info][gc,heap     ] GC(75) Eden regions: 2->0(198)
[2024-07-05T10:00:00.140-0700][info][gc,heap     ] GC(75) Survivor regions: 3->6(6)
[2024-07-05T10:00:00.140-0700][info][gc,heap     ] GC(75) Old regions: 4067->4067
[2024-07-05T10:00:00.140-0700][info][gc,heap     ] GC(75) Archive regions: 2->2
[2024-07-05T10:00:00.140-0700][info][gc,heap     ] GC(75) Humongous regions: 16->16
[2024-07-05T10:00:00.140-0700][info][gc,metaspace] GC(75) Metaspace: 300K(512K)->300K(512K) NonClass: 293K(384K)->293K(384K) Class: 7K(128K)->7K(128K)
[2024-07-05T10:00:00.140-0700][info][gc          ] GC(75) Pause Young (Concurrent Start) (G1 Preventive Collection) 4088M->4088M(4096M) 2.150ms
[2024-07-05T10:00:00.140-0700][info][gc,cpu      ] GC(75) User=0.00s Sys=0.00s Real=0.00s
[2024-07-05T10:00:00.141-0700][info][gc          ] GC(76) Concurrent Mark Cycle
[2024-07-05T10:00:00.141-0700][info][gc,marking  ] GC(76) Concurrent Clear Claimed Marks
[2024-07-05T10:00:00.141-0700][info][gc,marking  ] GC(76) Concurrent Clear Claimed Marks 0.006ms
[2024-07-05T10:00:00.141-0700][info][gc,marking  ] GC(76) Concurrent Scan Root Regions
[2024-07-05T10:00:00.141-0700][info][gc,marking  ] GC(76) Concurrent Scan Root Regions 0.429ms
[2024-07-05T10:00:00.141-0700][info][gc,marking  ] GC(76) Concurrent Mark
[2024-07-05T10:00:00.141-0700][info][gc,marking  ] GC(76) Concurrent Mark From Roots
[2024-07-05T10:00:00.141-0700][info][gc,task     ] GC(76) Using 1 workers of 1 for marking
[2024-07-05T10:00:00.141-0700][info][gc,start    ] GC(77) Pause Young (Normal) (G1 Preventive Collection)
[2024-07-05T10:00:00.141-0700][info][gc,task     ] GC(77) Using 4 workers of 4 for evacuation
[2024-07-05T10:00:00.143-0700][info][gc          ] GC(77) To-space exhausted
[2024-07-05T10:00:00.143-0700][info][gc,phases   ] GC(77)   Pre Evacuate Collection Set: 0.5ms
[2024-07-05T10:00:00.143-0700][info][gc,phases   ] GC(77)   Merge Heap Roots: 0.1ms
[2024-07-05T10:00:00.143-0700][info][gc,phases   ] GC(77)   Evacuate Collection Set: 1.0ms
[2024-07-05T10:00:00.143-0700][info][gc,phases   ] GC(77)   Post Evacuate Collection Set: 0.7ms
[2024-07-05T10:00:00.143-0700][info][gc,phases   ] GC(77)   Other: 0.1ms
[2024-07-05T10:00:00.143-0700][info][gc,heap     ] GC(77) Eden regions: 1->0(200)
[2024-07-05T10:00:00.143-0700][info][gc,heap     ] GC(77) Survivor regions: 6->4(4)
[2024-07-05T10:00:00.143-0700][info][gc,heap     ] GC(77) Old regions: 4067->4072
[2024-07-05T10:00:00.143-0700][info][gc,heap     ] GC(77) Archive regions: 2->2
[2024-07-05T10:00:00.143-0700][info][gc,heap     ] GC(77) Humongous regions: 16->16
[2024-07-05T10:00:00.143-0700][info][gc,metaspace] GC(77) Metaspace: 300K(512K)->300K(512K) NonClass: 293K(384K)->293K(384K) Class: 7K(128K)->7K(128K)
[2024-07-05T10:00:00.143-0700][info][gc          ] GC(77) Pause Young (Normal) (G1 Preventive Collection) 4089M->4091M(4096M) 2.278ms
[2024-07-05T10:00:00.143-0700][info][gc,cpu      ] GC(77) User=0.01s Sys=0.00s Real=0.01s
[2024-07-05T10:00:00.147-0700][info][gc,start    ] GC(78) Pause Young (Normal) (G1 Preventive Collection)
[2024-07-05T10:00:00.147-0700][info][gc,task     ] GC(78) Using 4 workers of 4 for evacuation
[2024-07-05T10:00:00.149-0700][info][gc          ] GC(78) To-space exhausted
[2024-07-05T10:00:00.149-0700][info][gc,phases   ] GC(78)   Pre Evacuate Collection Set: 0.3ms
[2024-07-05T10:00:00.149-0700][info][gc,phases   ] GC(78)   Merge Heap Roots: 0.1ms
[2024-07-05T10:00:00.149-0700][info][gc,phases   ] GC(78)   Evacuate Collection Set: 0.8ms
[2024-07-05T10:00:00.149-0700][info][gc,phases   ] GC(78)   Post Evacuate Collection Set: 0.4ms
[2024-07-05T10:00:00.149-0700][info][gc,phases   ] GC(78)   Other: 0.1ms
[2024-07-05T10:00:00.149-0700][info][gc,heap     ] GC(78) Eden regions: 1->0(203)
[2024-07-05T10:00:00.149-0700][info][gc,heap     ] GC(78) Survivor regions: 4->1(1)
[2024-07-05T10:00:00.149-0700][info][gc,heap     ] GC(78) Old regions: 4072->4077
[2024-07-05T10:00:00.149-0700][info][gc,heap     ] GC(78) Archive regions: 2->2
[2024-07-05T10:00:00.149-0700][info][gc,heap     ] GC(78) Humongous regions: 16->16
[2024-07-05T10:00:00.149-0700][info][gc,metaspace] GC(78) Metaspace: 300K(512K)->300K(512K) NonClass: 293K(384K)->293K(384K) Class: 7K(128K)->7K(128K)
[2024-07-05T10:00:00.149-0700][info][gc          ] GC(78) Pause Young (Normal) (G1 Preventive Collection) 4092M->4093M(4096M) 1.646ms
[2024-07-05T10:00:00.149-0700][info][gc,cpu      ] GC(78) User=0.01s Sys=0.00s Real=0.00s
[2024-07-05T10:00:00.149-0700][info][gc,ergo     ] Attempting full compaction
[2024-07-05T10:00:00.149-0700][info][gc,task     ] GC(79) Using 4 workers of 4 for full compaction
[2024-07-05T10:00:00.149-0700][info][gc,start    ] GC(79) Pause Full (G1 Compaction Pause)
[2024-07-05T10:00:00.152-0700][info][gc,phases,start] GC(79) Phase 1: Mark live objects
[2024-07-05T10:00:00.249-0700][info][gc,phases      ] GC(79) Phase 1: Mark live objects 96.357ms
[2024-07-05T10:00:00.249-0700][info][gc,phases,start] GC(79) Phase 2: Prepare for compaction
[2024-07-05T10:00:00.326-0700][info][gc,phases      ] GC(79) Phase 2: Prepare for compaction 77.093ms
[2024-07-05T10:00:00.326-0700][info][gc,phases,start] GC(79) Phase 3: Adjust pointers
[2024-07-05T10:00:00.405-0700][info][gc,phases      ] GC(79) Phase 3: Adjust pointers 78.558ms
[2024-07-05T10:00:00.405-0700][info][gc,phases,start] GC(79) Phase 4: Compact heap
[2024-07-05T10:00:00.759-0700][info][gc,phases      ] GC(79) Phase 4: Compact heap 354.837ms
[2024-07-05T10:00:00.763-0700][info][gc,heap        ] GC(79) Eden regions: 0->0(204)
[2024-07-05T10:00:00.763-0700][info][gc,heap        ] GC(79) Survivor regions: 1->0(1)
[2024-07-05T10:00:00.763-0700][info][gc,heap        ] GC(79) Old regions: 4077->3366
[2024-07-05T10:00:00.763-0700][info][gc,heap        ] GC(79) Archive regions: 2->2
[2024-07-05T10:00:00.763-0700][info][gc,heap        ] GC(79) Humongous regions: 16->16
[2024-07-05T10:00:00.763-0700][info][gc,metaspace   ] GC(79) Metaspace: 300K(512K)->300K(512K) NonClass: 293K(384K)->293K(384K) Class: 7K(128K)->7K(128K)
[2024-07-05T10:00:00.763-0700][info][gc             ] GC(79) Pause Full (G1 Compaction Pause) 4093M->3380M(4096M) 614.442ms
[2024-07-05T10:00:00.764-0700][info][gc,cpu         ] GC(79) User=2.41s Sys=0.01s Real=0.62s
[2024-07-05T10:00:00.764-0700][info][gc,marking     ] GC(76) Concurrent Mark From Roots 622.605ms
[2024-07-05T10:00:00.764-0700][info][gc,marking     ] GC(76) Concurrent Mark Abort
[2024-07-05T10:00:00.764-0700][info][gc             ] GC(76) Concurrent Mark Cycle 623.158ms
[2024-07-05T10:00:38.672-0700][info][gc,start       ] GC(80) Pause Young (Normal) (G1 Evacuation Pause)
[2024-07-05T10:00:38.672-0700][info][gc,task        ] GC(80) Using 4 workers of 4 for evacuation
[2024-07-05T10:00:38.732-0700][info][gc,phases      ] GC(80)   Pre Evacuate Collection Set: 0.5ms
[2024-07-05T10:00:38.732-0700][info][gc,phases      ] GC(80)   Merge Heap Roots: 0.4ms
[2024-07-05T10:00:38.732-0700][info][gc,phases      ] GC(80)   Evacuate Collection Set: 58.9ms
[2024-07-05T10:00:38.732-0700][info][gc,phases      ] GC(80)   Post Evacuate Collection Set: 0.6ms
[2024-07-05T10:00:38.732-0700][info][gc,phases      ] GC(80)   Other: 0.2ms
[2024-07-05T10:00:38.732-0700][info][gc,heap        ] GC(80) Eden regions: 204->0(178)
[2024-07-05T10:00:38.732-0700][info][gc,heap        ] GC(80) Survivor regions: 0->26(26)
[2024-07-05T10:00:38.732-0700][info][gc,heap        ] GC(80) Old regions: 3366->3541
[2024-07-05T10:00:38.732-0700][info][gc,heap        ] GC(80) Archive regions: 2->2
[2024-07-05T10:00:38.732-0700][info][gc,heap        ] GC(80) Humongous regions: 16->16
[2024-07-05T10:00:38.732-0700][info][gc,metaspace   ] GC(80) Metaspace: 300K(512K)->300K(512K) NonClass: 293K(384K)->293K(384K) Class: 7K(128K)->7K(128K)
[2024-07-05T10:00:38.732-0700][info][gc             ] GC(80) Pause Young (Normal) (G1 Evacuation Pause) 3584M->3580M(4096M) 60.704ms
[2024-07-05T10:00:38.732-0700][info][gc,cpu         ] GC(80) User=0.18s Sys=0.04s Real=0.06s
[2024-07-05T10:01:11.792-0700][info][gc,start       ] GC(81) Pause Young (Concurrent Start) (G1 Evacuation Pause)
[2024-07-05T10:01:11.792-0700][info][gc,task        ] GC(81) Using 4 workers of 4 for evacuation
[2024-07-05T10:01:11.856-0700][info][gc,phases      ] GC(81)   Pre Evacuate Collection Set: 0.4ms
[2024-07-05T10:01:11.856-0700][info][gc,phases      ] GC(81)   Merge Heap Roots: 0.4ms
[2024-07-05T10:01:11.856-0700][info][gc,phases      ] GC(81)   Evacuate Collection Set: 61.9ms
[2024-07-05T10:01:11.856-0700][info][gc,phases      ] GC(81)   Post Evacuate Collection Set: 0.8ms
[2024-07-05T10:01:11.856-0700][info][gc,phases      ] GC(81)   Other: 0.3ms
[2024-07-05T10:01:11.856-0700][info][gc,heap        ] GC(81) Eden regions: 178->0(178)
[2024-07-05T10:01:11.856-0700][info][gc,heap        ] GC(81) Survivor regions: 26->26(26)
[2024-07-05T10:01:11.856-0700][info][gc,heap        ] GC(81) Old regions: 3541->3715
[2024-07-05T10:01:11.856-0700][info][gc,heap        ] GC(81) Archive regions: 2->2
[2024-07-05T10:01:11.856-0700][info][gc,heap        ] GC(81) Humongous regions: 16->16
[2024-07-05T10:01:11.856-0700][info][gc,metaspace   ] GC(81) Metaspace: 300K(512K)->300K(512K) NonClass: 293K(384K)->293K(384K) Class: 7K(128K)->7K(128K)
[2024-07-05T10:01:11.856-0700][info][gc             ] GC(81) Pause Young (Concurrent Start) (G1 Evacuation Pause) 3758M->3755M(4096M) 63.818ms
[2024-07-05T10:01:11.856-0700][info][gc,cpu         ] GC(81) User=0.16s Sys=0.05s Real=0.07s
[2024-07-05T10:01:11.856-0700][info][gc             ] GC(82) Concurrent Mark Cycle
[2024-07-05T10:01:11.856-0700][info][gc,marking     ] GC(82) Concurrent Clear Claimed Marks
[2024-07-05T10:01:11.856-0700][info][gc,marking     ] GC(82) Concurrent Clear Claimed Marks 0.006ms
[2024-07-05T10:01:11.856-0700][info][gc,marking     ] GC(82) Concurrent Scan Root Regions
[2024-07-05T10:01:11.870-0700][info][gc,marking     ] GC(82) Concurrent Scan Root Regions 14.052ms
[2024-07-05T10:01:11.870-0700][info][gc,marking     ] GC(82) Concurrent Mark
[2024-07-05T10:01:11.870-0700][info][gc,marking     ] GC(82) Concurrent Mark From Roots
[2024-07-05T10:01:11.870-0700][info][gc,task        ] GC(82) Using 1 workers of 1 for marking
[2024-07-05T10:01:12.493-0700][info][gc,marking     ] GC(82) Concurrent Mark From Roots 622.486ms
[2024-07-05T10:01:12.493-0700][info][gc,marking     ] GC(82) Concurrent Preclean
[2024-07-05T10:01:12.493-0700][info][gc,marking     ] GC(82) Concurrent Preclean 0.059ms
[2024-07-05T10:01:20.381-0700][info][gc,start       ] GC(82) Pause Remark
[2024-07-05T10:01:20.384-0700][info][gc             ] GC(82) Pause Remark 3763M->3763M(4096M) 2.371ms
[2024-07-05T10:01:20.384-0700][info][gc,cpu         ] GC(82) User=0.00s Sys=0.00s Real=0.01s
[2024-07-05T10:01:20.384-0700][info][gc,marking     ] GC(82) Concurrent Mark 8513.606ms
[2024-07-05T10:01:20.384-0700][info][gc,marking     ] GC(82) Concurrent Rebuild Remembered Sets
[2024-07-05T10:01:20.637-0700][info][gc,marking     ] GC(82) Concurrent Rebuild Remembered Sets 252.981ms
[2024-07-05T10:01:21.261-0700][info][gc,start       ] GC(82) Pause Cleanup
[2024-07-05T10:01:21.262-0700][info][gc             ] GC(82) Pause Cleanup 3763M->3763M(4096M) 0.951ms
[2024-07-05T10:01:21.262-0700][info][gc,cpu         ] GC(82) User=0.01s Sys=0.00s Real=0.00s
[2024-07-05T10:01:21.262-0700][info][gc,marking     ] GC(82) Concurrent Cleanup for Next Mark
[2024-07-05T10:01:21.274-0700][info][gc,marking     ] GC(82) Concurrent Cleanup for Next Mark 11.887ms
[2024-07-05T10:01:21.274-0700][info][gc             ] GC(82) Concurrent Mark Cycle 9418.267ms
[2024-07-05T10:01:47.734-0700][info][gc,start       ] GC(83) Pause Young (Normal) (G1 Preventive Collection)
[2024-07-05T10:01:47.734-0700][info][gc,task        ] GC(83) Using 4 workers of 4 for evacuation
[2024-07-05T10:01:47.789-0700][info][gc,phases      ] GC(83)   Pre Evacuate Collection Set: 0.4ms
[2024-07-05T10:01:47.789-0700][info][gc,phases      ] GC(83)   Merge Heap Roots: 0.2ms
[2024-07-05T10:01:47.789-0700][info][gc,phases      ] GC(83)   Evacuate Collection Set: 53.9ms
[2024-07-05T10:01:47.789-0700][info][gc,phases      ] GC(83)   Post Evacuate Collection Set: 0.7ms
[2024-07-05T10:01:47.789-0700][info][gc,phases      ] GC(83)   Other: 0.1ms
[2024-07-05T10:01:47.789-0700][info][gc,heap        ] GC(83) Eden regions: 147->0(178)
[2024-07-05T10:01:47.789-0700][info][gc,heap        ] GC(83) Survivor regions: 26->26(26)
[2024-07-05T10:01:47.789-0700][info][gc,heap        ] GC(83) Old regions: 3715->3860
[2024-07-05T10:01:47.789-0700][info][gc,heap        ] GC(83) Archive regions: 2->2
[2024-07-05T10:01:47.789-0700][info][gc,heap        ] GC(83) Humongous regions: 16->16
[2024-07-05T10:01:47.789-0700][info][gc,metaspace   ] GC(83) Metaspace: 300K(512K)->300K(512K) NonClass: 293K(384K)->293K(384K) Class: 7K(128K)->7K(128K)
[2024-07-05T10:01:47.789-0700][info][gc             ] GC(83) Pause Young (Normal) (G1 Preventive Collection) 3902M->3899M(4096M) 55.439ms
[2024-07-05T10:01:47.789-0700][info][gc,cpu         ] GC(83) User=0.16s Sys=0.03s Real=0.06s
[2024-07-05T10:02:03.575-0700][info][gc,start       ] GC(84) Pause Young (Concurrent Start) (G1 Preventive Collection)
[2024-07-05T10:02:03.575-0700][info][gc,task        ] GC(84) Using 4 workers of 4 for evacuation
[2024-07-05T10:02:03.602-0700][info][gc,phases      ] GC(84)   Pre Evacuate Collection Set: 0.5ms
[2024-07-05T10:02:03.602-0700][info][gc,phases      ] GC(84)   Merge Heap Roots: 0.3ms
[2024-07-05T10:02:03.602-0700][info][gc,phases      ] GC(84)   Evacuate Collection Set: 24.9ms
[2024-07-05T10:02:03.602-0700][info][gc,phases      ] GC(84)   Post Evacuate Collection Set: 0.7ms
[2024-07-05T10:02:03.602-0700][info][gc,phases      ] GC(84)   Other: 0.2ms
[2024-07-05T10:02:03.602-0700][info][gc,heap        ] GC(84) Eden regions: 78->0(178)
[2024-07-05T10:02:03.602-0700][info][gc,heap        ] GC(84) Survivor regions: 26->26(26)
[2024-07-05T10:02:03.602-0700][info][gc,heap        ] GC(84) Old regions: 3860->3937
[2024-07-05T10:02:03.602-0700][info][gc,heap        ] GC(84) Archive regions: 2->2
[2024-07-05T10:02:03.602-0700][info][gc,heap        ] GC(84) Humongous regions: 16->16
[2024-07-05T10:02:03.602-0700][info][gc,metaspace   ] GC(84) Metaspace: 300K(512K)->300K(512K) NonClass: 293K(384K)->293K(384K) Class: 7K(128K)->7K(128K)
[2024-07-05T10:02:03.602-0700][info][gc             ] GC(84) Pause Young (Concurrent Start) (G1 Preventive Collection) 3977M->3977M(4096M) 26.716ms
[2024-07-05T10:02:03.602-0700][info][gc,cpu         ] GC(84) User=0.08s Sys=0.02s Real=0.02s
[2024-07-05T10:02:03.602-0700][info][gc             ] GC(85) Concurrent Mark Cycle
[2024-07-05T10:02:03.602-0700][info][gc,marking     ] GC(85) Concurrent Clear Claimed Marks
[2024-07-05T10:02:03.602-0700][info][gc,marking     ] GC(85) Concurrent Clear Claimed Marks 0.006ms
[2024-07-05T10:02:03.602-0700][info][gc,marking     ] GC(85) Concurrent Scan Root Regions
[2024-07-05T10:02:03.607-0700][info][gc,marking     ] GC(85) Concurrent Scan Root Regions 5.164ms
[2024-07-05T10:02:03.607-0700][info][gc,marking     ] GC(85) Concurrent Mark
[2024-07-05T10:02:03.607-0700][info][gc,marking     ] GC(85) Concurrent Mark From Roots
[2024-07-05T10:02:03.607-0700][info][gc,task        ] GC(85) Using 1 workers of 1 for marking
[2024-07-05T10:02:04.220-0700][info][gc,marking     ] GC(85) Concurrent Mark From Roots 612.920ms
[2024-07-05T10:02:04.220-0700][info][gc,marking     ] GC(85) Concurrent Preclean
[2024-07-05T10:02:04.220-0700][info][gc,marking     ] GC(85) Concurrent Preclean 0.057ms
[2024-07-05T10:02:20.520-0700][info][gc,start       ] GC(85) Pause Remark
[2024-07-05T10:02:20.522-0700][info][gc             ] GC(85) Pause Remark 3979M->3979M(4096M) 2.719ms
[2024-07-05T10:02:20.522-0700][info][gc,cpu         ] GC(85) User=0.01s Sys=0.00s Real=0.00s
[2024-07-05T10:02:20.523-0700][info][gc,marking     ] GC(85) Concurrent Mark 16915.631ms
[2024-07-05T10:02:20.523-0700][info][gc,marking     ] GC(85) Concurrent Rebuild Remembered Sets
[2024-07-05T10:02:20.787-0700][info][gc,marking     ] GC(85) Concurrent Rebuild Remembered Sets 264.471ms
[2024-07-05T10:02:20.990-0700][info][gc,start       ] GC(85) Pause Cleanup
[2024-07-05T10:02:20.991-0700][info][gc             ] GC(85) Pause Cleanup 3979M->3979M(4096M) 1.081ms
[2024-07-05T10:02:20.991-0700][info][gc,cpu         ] GC(85) User=0.00s Sys=0.00s Real=0.00s
[2024-07-05T10:02:20.992-0700][info][gc,marking     ] GC(85) Concurrent Cleanup for Next Mark
[2024-07-05T10:02:21.003-0700][info][gc,marking     ] GC(85) Concurrent Cleanup for Next Mark 11.244ms
[2024-07-05T10:02:21.003-0700][info][gc             ] GC(85) Concurrent Mark Cycle 17401.186ms
[2024-07-05T10:02:27.569-0700][info][gc,start       ] GC(86) Pause Young (Normal) (G1 Preventive Collection)
[2024-07-05T10:02:27.569-0700][info][gc,task        ] GC(86) Using 4 workers of 4 for evacuation
[2024-07-05T10:02:27.586-0700][info][gc,phases      ] GC(86)   Pre Evacuate Collection Set: 0.4ms
[2024-07-05T10:02:27.586-0700][info][gc,phases      ] GC(86)   Merge Heap Roots: 0.3ms
[2024-07-05T10:02:27.586-0700][info][gc,phases      ] GC(86)   Evacuate Collection Set: 15.4ms
[2024-07-05T10:02:27.586-0700][info][gc,phases      ] GC(86)   Post Evacuate Collection Set: 0.5ms
[2024-07-05T10:02:27.586-0700][info][gc,phases      ] GC(86)   Other: 0.1ms
[2024-07-05T10:02:27.586-0700][info][gc,heap        ] GC(86) Eden regions: 41->0(178)
[2024-07-05T10:02:27.586-0700][info][gc,heap        ] GC(86) Survivor regions: 26->26(26)
[2024-07-05T10:02:27.586-0700][info][gc,heap        ] GC(86) Old regions: 3937->3978
[2024-07-05T10:02:27.586-0700][info][gc,heap        ] GC(86) Archive regions: 2->2
[2024-07-05T10:02:27.586-0700][info][gc,heap        ] GC(86) Humongous regions: 16->16
[2024-07-05T10:02:27.586-0700][info][gc,metaspace   ] GC(86) Metaspace: 300K(512K)->300K(512K) NonClass: 293K(384K)->293K(384K) Class: 7K(128K)->7K(128K)
[2024-07-05T10:02:27.586-0700][info][gc             ] GC(86) Pause Young (Normal) (G1 Preventive Collection) 4018M->4017M(4096M) 16.824ms
[2024-07-05T10:02:27.586-0700][info][gc,cpu         ] GC(86) User=0.06s Sys=0.00s Real=0.02s
[2024-07-05T10:02:33.515-0700][info][gc,start       ] GC(87) Pause Young (Concurrent Start) (G1 Preventive Collection)
[2024-07-05T10:02:33.515-0700][info][gc,task        ] GC(87) Using 4 workers of 4 for evacuation
[2024-07-05T10:02:33.530-0700][info][gc,phases      ] GC(87)   Pre Evacuate Collection Set: 0.5ms
[2024-07-05T10:02:33.530-0700][info][gc,phases      ] GC(87)   Merge Heap Roots: 0.4ms
[2024-07-05T10:02:33.530-0700][info][gc,phases      ] GC(87)   Evacuate Collection Set: 13.2ms
[2024-07-05T10:02:33.530-0700][info][gc,phases      ] GC(87)   Post Evacuate Collection Set: 0.7ms
[2024-07-05T10:02:33.530-0700][info][gc,phases      ] GC(87)   Other: 0.3ms
[2024-07-05T10:02:33.530-0700][info][gc,heap        ] GC(87) Eden regions: 21->0(183)
[2024-07-05T10:02:33.530-0700][info][gc,heap        ] GC(87) Survivor regions: 26->21(26)
[2024-07-05T10:02:33.530-0700][info][gc,heap        ] GC(87) Old regions: 3978->4004
[2024-07-05T10:02:33.530-0700][info][gc,heap        ] GC(87) Archive regions: 2->2
[2024-07-05T10:02:33.530-0700][info][gc,heap        ] GC(87) Humongous regions: 16->16
[2024-07-05T10:02:33.530-0700][info][gc,metaspace   ] GC(87) Metaspace: 300K(512K)->300K(512K) NonClass: 293K(384K)->293K(384K) Class: 7K(128K)->7K(128K)
[2024-07-05T10:02:33.530-0700][info][gc             ] GC(87) Pause Young (Concurrent Start) (G1 Preventive Collection) 4038M->4038M(4096M) 15.205ms
[2024-07-05T10:02:33.530-0700][info][gc,cpu         ] GC(87) User=0.03s Sys=0.02s Real=0.02s
[2024-07-05T10:02:33.530-0700][info][gc             ] GC(88) Concurrent Mark Cycle
[2024-07-05T10:02:33.530-0700][info][gc,marking     ] GC(88) Concurrent Clear Claimed Marks
[2024-07-05T10:02:33.530-0700][info][gc,marking     ] GC(88) Concurrent Clear Claimed Marks 0.005ms
[2024-07-05T10:02:33.530-0700][info][gc,marking     ] GC(88) Concurrent Scan Root Regions
[2024-07-05T10:02:33.533-0700][info][gc,marking     ] GC(88) Concurrent Scan Root Regions 2.993ms
[2024-07-05T10:02:33.533-0700][info][gc,marking     ] GC(88) Concurrent Mark
[2024-07-05T10:02:33.533-0700][info][gc,marking     ] GC(88) Concurrent Mark From Roots
[2024-07-05T10:02:33.533-0700][info][gc,task        ] GC(88) Using 1 workers of 1 for marking
[2024-07-05T10:02:34.165-0700][info][gc,marking     ] GC(88) Concurrent Mark From Roots 632.400ms
[2024-07-05T10:02:34.165-0700][info][gc,marking     ] GC(88) Concurrent Preclean
[2024-07-05T10:02:34.165-0700][info][gc,marking     ] GC(88) Concurrent Preclean 0.061ms
[2024-07-05T10:02:36.861-0700][info][gc,start       ] GC(88) Pause Remark
[2024-07-05T10:02:36.863-0700][info][gc             ] GC(88) Pause Remark 4048M->4048M(4096M) 2.561ms
[2024-07-05T10:02:36.863-0700][info][gc,cpu         ] GC(88) User=0.01s Sys=0.00s Real=0.01s
[2024-07-05T10:02:36.863-0700][info][gc,marking     ] GC(88) Concurrent Mark 3330.575ms
[2024-07-05T10:02:36.863-0700][info][gc,marking     ] GC(88) Concurrent Rebuild Remembered Sets
[2024-07-05T10:02:37.125-0700][info][gc,marking     ] GC(88) Concurrent Rebuild Remembered Sets 261.011ms
[2024-07-05T10:02:37.394-0700][info][gc,start       ] GC(88) Pause Cleanup
[2024-07-05T10:02:37.395-0700][info][gc             ] GC(88) Pause Cleanup 4048M->4048M(4096M) 1.072ms
[2024-07-05T10:02:37.395-0700][info][gc,cpu         ] GC(88) User=0.00s Sys=0.00s Real=0.01s
[2024-07-05T10:02:37.395-0700][info][gc,marking     ] GC(88) Concurrent Cleanup for Next Mark
[2024-07-05T10:02:37.405-0700][info][gc,marking     ] GC(88) Concurrent Cleanup for Next Mark 10.073ms
[2024-07-05T10:02:37.405-0700][info][gc             ] GC(88) Concurrent Mark Cycle 3875.546ms
[2024-07-05T10:02:38.736-0700][info][gc,start       ] GC(89) Pause Young (Normal) (G1 Preventive Collection)
[2024-07-05T10:02:38.736-0700][info][gc,task        ] GC(89) Using 4 workers of 4 for evacuation
[2024-07-05T10:02:38.747-0700][info][gc,phases      ] GC(89)   Pre Evacuate Collection Set: 0.6ms
[2024-07-05T10:02:38.747-0700][info][gc,phases      ] GC(89)   Merge Heap Roots: 0.3ms
[2024-07-05T10:02:38.747-0700][info][gc,phases      ] GC(89)   Evacuate Collection Set: 9.3ms
[2024-07-05T10:02:38.747-0700][info][gc,phases      ] GC(89)   Post Evacuate Collection Set: 0.9ms
[2024-07-05T10:02:38.747-0700][info][gc,phases      ] GC(89)   Other: 0.1ms
[2024-07-05T10:02:38.747-0700][info][gc,heap        ] GC(89) Eden regions: 14->0(189)
[2024-07-05T10:02:38.747-0700][info][gc,heap        ] GC(89) Survivor regions: 21->15(26)
[2024-07-05T10:02:38.747-0700][info][gc,heap        ] GC(89) Old regions: 4004->4025
[2024-07-05T10:02:38.747-0700][info][gc,heap        ] GC(89) Archive regions: 2->2
[2024-07-05T10:02:38.747-0700][info][gc,heap        ] GC(89) Humongous regions: 16->16
[2024-07-05T10:02:38.747-0700][info][gc,metaspace   ] GC(89) Metaspace: 300K(512K)->300K(512K) NonClass: 293K(384K)->293K(384K) Class: 7K(128K)->7K(128K)
[2024-07-05T10:02:38.747-0700][info][gc             ] GC(89) Pause Young (Normal) (G1 Preventive Collection) 4052M->4053M(4096M) 11.435ms
[2024-07-05T10:02:38.747-0700][info][gc,cpu         ] GC(89) User=0.03s Sys=0.01s Real=0.01s
[2024-07-05T10:02:40.693-0700][info][gc,start       ] GC(90) Pause Young (Concurrent Start) (G1 Preventive Collection)
[2024-07-05T10:02:40.693-0700][info][gc,task        ] GC(90) Using 4 workers of 4 for evacuation
[2024-07-05T10:02:40.702-0700][info][gc,phases      ] GC(90)   Pre Evacuate Collection Set: 0.6ms
[2024-07-05T10:02:40.702-0700][info][gc,phases      ] GC(90)   Merge Heap Roots: 0.3ms
[2024-07-05T10:02:40.702-0700][info][gc,phases      ] GC(90)   Evacuate Collection Set: 7.1ms
[2024-07-05T10:02:40.702-0700][info][gc,phases      ] GC(90)   Post Evacuate Collection Set: 0.8ms
[2024-07-05T10:02:40.702-0700][info][gc,phases      ] GC(90)   Other: 0.3ms
[2024-07-05T10:02:40.702-0700][info][gc,heap        ] GC(90) Eden regions: 10->0(192)
[2024-07-05T10:02:40.702-0700][info][gc,heap        ] GC(90) Survivor regions: 15->12(26)
[2024-07-05T10:02:40.702-0700][info][gc,heap        ] GC(90) Old regions: 4025->4038
[2024-07-05T10:02:40.702-0700][info][gc,heap        ] GC(90) Archive regions: 2->2
[2024-07-05T10:02:40.702-0700][info][gc,heap        ] GC(90) Humongous regions: 16->16
[2024-07-05T10:02:40.702-0700][info][gc,metaspace   ] GC(90) Metaspace: 300K(512K)->300K(512K) NonClass: 293K(384K)->293K(384K) Class: 7K(128K)->7K(128K)
[2024-07-05T10:02:40.702-0700][info][gc             ] GC(90) Pause Young (Concurrent Start) (G1 Preventive Collection) 4063M->4063M(4096M) 9.112ms
[2024-07-05T10:02:40.702-0700][info][gc,cpu         ] GC(90) User=0.03s Sys=0.00s Real=0.01s
[2024-07-05T10:02:40.702-0700][info][gc             ] GC(91) Concurrent Mark Cycle
[2024-07-05T10:02:40.702-0700][info][gc,marking     ] GC(91) Concurrent Clear Claimed Marks
[2024-07-05T10:02:40.702-0700][info][gc,marking     ] GC(91) Concurrent Clear Claimed Marks 0.005ms
[2024-07-05T10:02:40.702-0700][info][gc,marking     ] GC(91) Concurrent Scan Root Regions
[2024-07-05T10:02:40.704-0700][info][gc,marking     ] GC(91) Concurrent Scan Root Regions 2.048ms
[2024-07-05T10:02:40.704-0700][info][gc,marking     ] GC(91) Concurrent Mark
[2024-07-05T10:02:40.704-0700][info][gc,marking     ] GC(91) Concurrent Mark From Roots
[2024-07-05T10:02:40.704-0700][info][gc,task        ] GC(91) Using 1 workers of 1 for marking
[2024-07-05T10:02:41.299-0700][info][gc,marking     ] GC(91) Concurrent Mark From Roots 594.792ms
[2024-07-05T10:02:41.299-0700][info][gc,marking     ] GC(91) Concurrent Preclean
[2024-07-05T10:02:41.299-0700][info][gc,marking     ] GC(91) Concurrent Preclean 0.068ms
[2024-07-05T10:02:42.878-0700][info][gc,start       ] GC(91) Pause Remark
[2024-07-05T10:02:42.880-0700][info][gc             ] GC(91) Pause Remark 4069M->4069M(4096M) 2.336ms
[2024-07-05T10:02:42.880-0700][info][gc,cpu         ] GC(91) User=0.00s Sys=0.00s Real=0.00s
[2024-07-05T10:02:42.880-0700][info][gc,marking     ] GC(91) Concurrent Mark 2176.380ms
[2024-07-05T10:02:42.880-0700][info][gc,marking     ] GC(91) Concurrent Rebuild Remembered Sets
[2024-07-05T10:02:43.212-0700][info][gc,marking     ] GC(91) Concurrent Rebuild Remembered Sets 331.514ms
[2024-07-05T10:02:43.630-0700][info][gc,start       ] GC(91) Pause Cleanup
[2024-07-05T10:02:43.631-0700][info][gc             ] GC(91) Pause Cleanup 4069M->4069M(4096M) 1.037ms
[2024-07-05T10:02:43.631-0700][info][gc,cpu         ] GC(91) User=0.01s Sys=0.00s Real=0.00s
[2024-07-05T10:02:43.631-0700][info][gc,marking     ] GC(91) Concurrent Cleanup for Next Mark
[2024-07-05T10:02:43.637-0700][info][gc,marking     ] GC(91) Concurrent Cleanup for Next Mark 6.130ms
[2024-07-05T10:02:43.637-0700][info][gc             ] GC(91) Concurrent Mark Cycle 2935.035ms
[2024-07-05T10:02:45.024-0700][info][gc,start       ] GC(92) Pause Young (Prepare Mixed) (G1 Preventive Collection)
[2024-07-05T10:02:45.024-0700][info][gc,task        ] GC(92) Using 4 workers of 4 for evacuation
[2024-07-05T10:02:45.031-0700][info][gc,phases      ] GC(92)   Pre Evacuate Collection Set: 0.6ms
[2024-07-05T10:02:45.031-0700][info][gc,phases      ] GC(92)   Merge Heap Roots: 0.3ms
[2024-07-05T10:02:45.031-0700][info][gc,phases      ] GC(92)   Evacuate Collection Set: 5.9ms
[2024-07-05T10:02:45.031-0700][info][gc,phases      ] GC(92)   Post Evacuate Collection Set: 0.6ms
[2024-07-05T10:02:45.031-0700][info][gc,phases      ] GC(92)   Other: 0.1ms
[2024-07-05T10:02:45.031-0700][info][gc,heap        ] GC(92) Eden regions: 7->0(185)
[2024-07-05T10:02:45.031-0700][info][gc,heap        ] GC(92) Survivor regions: 12->19(21)
[2024-07-05T10:02:45.031-0700][info][gc,heap        ] GC(92) Old regions: 4038->4038
[2024-07-05T10:02:45.031-0700][info][gc,heap        ] GC(92) Archive regions: 2->2
[2024-07-05T10:02:45.031-0700][info][gc,heap        ] GC(92) Humongous regions: 16->16
[2024-07-05T10:02:45.031-0700][info][gc,metaspace   ] GC(92) Metaspace: 300K(512K)->300K(512K) NonClass: 293K(384K)->293K(384K) Class: 7K(128K)->7K(128K)
[2024-07-05T10:02:45.031-0700][info][gc             ] GC(92) Pause Young (Prepare Mixed) (G1 Preventive Collection) 4070M->4070M(4096M) 7.557ms
[2024-07-05T10:02:45.031-0700][info][gc,cpu         ] GC(92) User=0.02s Sys=0.00s Real=0.00s
[2024-07-05T10:02:45.032-0700][info][gc,start       ] GC(93) Pause Young (Mixed) (G1 Preventive Collection)
[2024-07-05T10:02:45.032-0700][info][gc,task        ] GC(93) Using 4 workers of 4 for evacuation
[2024-07-05T10:02:45.036-0700][info][gc,phases      ] GC(93)   Pre Evacuate Collection Set: 0.4ms
[2024-07-05T10:02:45.036-0700][info][gc,phases      ] GC(93)   Merge Heap Roots: 0.1ms
[2024-07-05T10:02:45.036-0700][info][gc,phases      ] GC(93)   Evacuate Collection Set: 3.4ms
[2024-07-05T10:02:45.036-0700][info][gc,phases      ] GC(93)   Post Evacuate Collection Set: 0.5ms
[2024-07-05T10:02:45.036-0700][info][gc,phases      ] GC(93)   Other: 0.1ms
[2024-07-05T10:02:45.036-0700][info][gc,heap        ] GC(93) Eden regions: 1->0(195)
[2024-07-05T10:02:45.036-0700][info][gc,heap        ] GC(93) Survivor regions: 19->9(20)
[2024-07-05T10:02:45.036-0700][info][gc,heap        ] GC(93) Old regions: 4038->4048
[2024-07-05T10:02:45.036-0700][info][gc,heap        ] GC(93) Archive regions: 2->2
[2024-07-05T10:02:45.036-0700][info][gc,heap        ] GC(93) Humongous regions: 16->16
[2024-07-05T10:02:45.036-0700][info][gc,metaspace   ] GC(93) Metaspace: 300K(512K)->300K(512K) NonClass: 293K(384K)->293K(384K) Class: 7K(128K)->7K(128K)
[2024-07-05T10:02:45.036-0700][info][gc             ] GC(93) Pause Young (Mixed) (G1 Preventive Collection) 4071M->4070M(4096M) 4.556ms
[2024-07-05T10:02:45.036-0700][info][gc,cpu         ] GC(93) User=0.01s Sys=0.00s Real=0.01s
[2024-07-05T10:02:45.037-0700][info][gc,start       ] GC(94) Pause Young (Concurrent Start) (G1 Preventive Collection)
[2024-07-05T10:02:45.037-0700][info][gc,task        ] GC(94) Using 4 workers of 4 for evacuation
[2024-07-05T10:02:45.040-0700][info][gc,phases      ] GC(94)   Pre Evacuate Collection Set: 0.4ms
[2024-07-05T10:02:45.040-0700][info][gc,phases      ] GC(94)   Merge Heap Roots: 0.1ms
[2024-07-05T10:02:45.040-0700][info][gc,phases      ] GC(94)   Evacuate Collection Set: 2.1ms
[2024-07-05T10:02:45.040-0700][info][gc,phases      ] GC(94)   Post Evacuate Collection Set: 0.7ms
[2024-07-05T10:02:45.040-0700][info][gc,phases      ] GC(94)   Other: 0.2ms
[2024-07-05T10:02:45.040-0700][info][gc,heap        ] GC(94) Eden regions: 5->0(190)
[2024-07-05T10:02:45.040-0700][info][gc,heap        ] GC(94) Survivor regions: 9->14(16)
[2024-07-05T10:02:45.040-0700][info][gc,heap        ] GC(94) Old regions: 4048->4048
[2024-07-05T10:02:45.040-0700][info][gc,heap        ] GC(94) Archive regions: 2->2
[2024-07-05T10:02:45.040-0700][info][gc,heap        ] GC(94) Humongous regions: 16->16
[2024-07-05T10:02:45.040-0700][info][gc,metaspace   ] GC(94) Metaspace: 300K(512K)->300K(512K) NonClass: 293K(384K)->293K(384K) Class: 7K(128K)->7K(128K)
[2024-07-05T10:02:45.041-0700][info][gc             ] GC(94) Pause Young (Concurrent Start) (G1 Preventive Collection) 4075M->4076M(4096M) 3.599ms
[2024-07-05T10:02:45.041-0700][info][gc,cpu         ] GC(94) User=0.01s Sys=0.00s Real=0.00s
[2024-07-05T10:02:45.041-0700][info][gc             ] GC(95) Concurrent Mark Cycle
[2024-07-05T10:02:45.041-0700][info][gc,marking     ] GC(95) Concurrent Clear Claimed Marks
[2024-07-05T10:02:45.041-0700][info][gc,marking     ] GC(95) Concurrent Clear Claimed Marks 0.005ms
[2024-07-05T10:02:45.041-0700][info][gc,marking     ] GC(95) Concurrent Scan Root Regions
[2024-07-05T10:02:45.042-0700][info][gc,marking     ] GC(95) Concurrent Scan Root Regions 1.100ms
[2024-07-05T10:02:45.042-0700][info][gc,marking     ] GC(95) Concurrent Mark
[2024-07-05T10:02:45.042-0700][info][gc,marking     ] GC(95) Concurrent Mark From Roots
[2024-07-05T10:02:45.042-0700][info][gc,start       ] GC(96) Pause Young (Normal) (G1 Preventive Collection)
[2024-07-05T10:02:45.042-0700][info][gc,task        ] GC(96) Using 4 workers of 4 for evacuation
[2024-07-05T10:02:45.042-0700][info][gc,task        ] GC(95) Using 1 workers of 1 for marking
[2024-07-05T10:02:45.045-0700][info][gc,phases      ] GC(96)   Pre Evacuate Collection Set: 1.5ms
[2024-07-05T10:02:45.045-0700][info][gc,phases      ] GC(96)   Merge Heap Roots: 0.2ms
[2024-07-05T10:02:45.045-0700][info][gc,phases      ] GC(96)   Evacuate Collection Set: 2.3ms
[2024-07-05T10:02:45.045-0700][info][gc,phases      ] GC(96)   Post Evacuate Collection Set: 0.5ms
[2024-07-05T10:02:45.045-0700][info][gc,phases      ] GC(96)   Other: 0.1ms
[2024-07-05T10:02:45.045-0700][info][gc,heap        ] GC(96) Eden regions: 1->0(189)
[2024-07-05T10:02:45.045-0700][info][gc,heap        ] GC(96) Survivor regions: 14->15(15)
[2024-07-05T10:02:45.045-0700][info][gc,heap        ] GC(96) Old regions: 4048->4048
[2024-07-05T10:02:45.045-0700][info][gc,heap        ] GC(96) Archive regions: 2->2
[2024-07-05T10:02:45.045-0700][info][gc,heap        ] GC(96) Humongous regions: 16->16
[2024-07-05T10:02:45.045-0700][info][gc,metaspace   ] GC(96) Metaspace: 300K(512K)->300K(512K) NonClass: 293K(384K)->293K(384K) Class: 7K(128K)->7K(128K)
[2024-07-05T10:02:45.045-0700][info][gc             ] GC(96) Pause Young (Normal) (G1 Preventive Collection) 4077M->4077M(4096M) 3.626ms
[2024-07-05T10:02:45.045-0700][info][gc,cpu         ] GC(96) User=0.01s Sys=0.00s Real=0.01s
[2024-07-05T10:02:45.046-0700][info][gc,start       ] GC(97) Pause Young (Normal) (G1 Preventive Collection)
[2024-07-05T10:02:45.046-0700][info][gc,task        ] GC(97) Using 4 workers of 4 for evacuation
[2024-07-05T10:02:45.049-0700][info][gc             ] GC(97) To-space exhausted
[2024-07-05T10:02:45.049-0700][info][gc,phases      ] GC(97)   Pre Evacuate Collection Set: 0.4ms
[2024-07-05T10:02:45.049-0700][info][gc,phases      ] GC(97)   Merge Heap Roots: 0.2ms
[2024-07-05T10:02:45.049-0700][info][gc,phases      ] GC(97)   Evacuate Collection Set: 2.5ms
[2024-07-05T10:02:45.049-0700][info][gc,phases      ] GC(97)   Post Evacuate Collection Set: 0.6ms
[2024-07-05T10:02:45.049-0700][info][gc,phases      ] GC(97)   Other: 0.1ms
[2024-07-05T10:02:45.049-0700][info][gc,heap        ] GC(97) Eden regions: 1->0(196)
[2024-07-05T10:02:45.049-0700][info][gc,heap        ] GC(97) Survivor regions: 15->8(14)
[2024-07-05T10:02:45.049-0700][info][gc,heap        ] GC(97) Old regions: 4048->4056
[2024-07-05T10:02:45.049-0700][info][gc,heap        ] GC(97) Archive regions: 2->2
[2024-07-05T10:02:45.049-0700][info][gc,heap        ] GC(97) Humongous regions: 16->16
[2024-07-05T10:02:45.049-0700][info][gc,metaspace   ] GC(97) Metaspace: 300K(512K)->300K(512K) NonClass: 293K(384K)->293K(384K) Class: 7K(128K)->7K(128K)
[2024-07-05T10:02:45.049-0700][info][gc             ] GC(97) Pause Young (Normal) (G1 Preventive Collection) 4078M->4079M(4096M) 3.761ms
[2024-07-05T10:02:45.049-0700][info][gc,cpu         ] GC(97) User=0.01s Sys=0.00s Real=0.00s
[2024-07-05T10:02:45.581-0700][info][gc,marking     ] GC(95) Concurrent Mark From Roots 538.849ms
[2024-07-05T10:02:45.581-0700][info][gc,marking     ] GC(95) Concurrent Preclean
[2024-07-05T10:02:45.581-0700][info][gc,marking     ] GC(95) Concurrent Preclean 0.057ms
[2024-07-05T10:02:53.530-0700][info][gc,start       ] GC(95) Pause Remark
[2024-07-05T10:02:53.531-0700][info][gc             ] GC(95) Pause Remark 4079M->4079M(4096M) 1.600ms
[2024-07-05T10:02:53.532-0700][info][gc,cpu         ] GC(95) User=0.00s Sys=0.00s Real=0.00s
[2024-07-05T10:02:53.532-0700][info][gc,marking     ] GC(95) Concurrent Mark 8489.944ms
[2024-07-05T10:02:53.532-0700][info][gc,marking     ] GC(95) Concurrent Rebuild Remembered Sets
[2024-07-05T10:02:53.817-0700][info][gc,marking     ] GC(95) Concurrent Rebuild Remembered Sets 284.949ms
[2024-07-05T10:02:53.817-0700][info][gc,start       ] GC(95) Pause Cleanup
[2024-07-05T10:02:53.818-0700][info][gc             ] GC(95) Pause Cleanup 4079M->4079M(4096M) 1.178ms
[2024-07-05T10:02:53.818-0700][info][gc,cpu         ] GC(95) User=0.00s Sys=0.00s Real=0.00s
[2024-07-05T10:02:53.818-0700][info][gc,marking     ] GC(95) Concurrent Cleanup for Next Mark
[2024-07-05T10:02:53.826-0700][info][gc,marking     ] GC(95) Concurrent Cleanup for Next Mark 7.377ms
[2024-07-05T10:02:53.826-0700][info][gc             ] GC(95) Concurrent Mark Cycle 8785.379ms
[2024-07-05T10:02:55.190-0700][info][gc,start       ] GC(98) Pause Young (Prepare Mixed) (G1 Preventive Collection)
[2024-07-05T10:02:55.190-0700][info][gc,task        ] GC(98) Using 4 workers of 4 for evacuation
[2024-07-05T10:02:55.198-0700][info][gc,phases      ] GC(98)   Pre Evacuate Collection Set: 0.6ms
[2024-07-05T10:02:55.198-0700][info][gc,phases      ] GC(98)   Merge Heap Roots: 0.4ms
[2024-07-05T10:02:55.198-0700][info][gc,phases      ] GC(98)   Evacuate Collection Set: 6.1ms
[2024-07-05T10:02:55.198-0700][info][gc,phases      ] GC(98)   Post Evacuate Collection Set: 0.7ms
[2024-07-05T10:02:55.198-0700][info][gc,phases      ] GC(98)   Other: 0.1ms
[2024-07-05T10:02:55.198-0700][info][gc,heap        ] GC(98) Eden regions: 2->0(193)
[2024-07-05T10:02:55.198-0700][info][gc,heap        ] GC(98) Survivor regions: 8->11(12)
[2024-07-05T10:02:55.198-0700][info][gc,heap        ] GC(98) Old regions: 4056->4056
[2024-07-05T10:02:55.198-0700][info][gc,heap        ] GC(98) Archive regions: 2->2
[2024-07-05T10:02:55.198-0700][info][gc,heap        ] GC(98) Humongous regions: 16->16
[2024-07-05T10:02:55.198-0700][info][gc,metaspace   ] GC(98) Metaspace: 300K(512K)->300K(512K) NonClass: 293K(384K)->293K(384K) Class: 7K(128K)->7K(128K)
[2024-07-05T10:02:55.198-0700][info][gc             ] GC(98) Pause Young (Prepare Mixed) (G1 Preventive Collection) 4081M->4082M(4096M) 7.963ms
[2024-07-05T10:02:55.198-0700][info][gc,cpu         ] GC(98) User=0.03s Sys=0.00s Real=0.01s
[2024-07-05T10:02:55.198-0700][info][gc,start       ] GC(99) Pause Young (Mixed) (G1 Preventive Collection)
[2024-07-05T10:02:55.198-0700][info][gc,task        ] GC(99) Using 4 workers of 4 for evacuation
[2024-07-05T10:02:55.201-0700][info][gc             ] GC(99) To-space exhausted
[2024-07-05T10:02:55.201-0700][info][gc,phases      ] GC(99)   Pre Evacuate Collection Set: 0.5ms
[2024-07-05T10:02:55.201-0700][info][gc,phases      ] GC(99)   Merge Heap Roots: 0.2ms
[2024-07-05T10:02:55.201-0700][info][gc,phases      ] GC(99)   Evacuate Collection Set: 2.0ms
[2024-07-05T10:02:55.201-0700][info][gc,phases      ] GC(99)   Post Evacuate Collection Set: 0.7ms
[2024-07-05T10:02:55.201-0700][info][gc,phases      ] GC(99)   Other: 0.1ms
[2024-07-05T10:02:55.201-0700][info][gc,heap        ] GC(99) Eden regions: 1->0(195)
[2024-07-05T10:02:55.201-0700][info][gc,heap        ] GC(99) Survivor regions: 11->9(10)
[2024-07-05T10:02:55.201-0700][info][gc,heap        ] GC(99) Old regions: 4056->4060
[2024-07-05T10:02:55.201-0700][info][gc,heap        ] GC(99) Archive regions: 2->2
[2024-07-05T10:02:55.201-0700][info][gc,heap        ] GC(99) Humongous regions: 16->16
[2024-07-05T10:02:55.201-0700][info][gc,metaspace   ] GC(99) Metaspace: 300K(512K)->300K(512K) NonClass: 293K(384K)->293K(384K) Class: 7K(128K)->7K(128K)
[2024-07-05T10:02:55.201-0700][info][gc             ] GC(99) Pause Young (Mixed) (G1 Preventive Collection) 4083M->4084M(4096M) 3.458ms
[2024-07-05T10:02:55.201-0700][info][gc,cpu         ] GC(99) User=0.00s Sys=0.00s Real=0.00s
[2024-07-05T10:02:55.202-0700][info][gc,start       ] GC(100) Pause Young (Concurrent Start) (G1 Preventive Collection)
[2024-07-05T10:02:55.202-0700][info][gc,task        ] GC(100) Using 4 workers of 4 for evacuation
[2024-07-05T10:02:55.205-0700][info][gc             ] GC(100) To-space exhausted
[2024-07-05T10:02:55.205-0700][info][gc,phases      ] GC(100)   Pre Evacuate Collection Set: 0.4ms
[2024-07-05T10:02:55.205-0700][info][gc,phases      ] GC(100)   Merge Heap Roots: 0.1ms
[2024-07-05T10:02:55.205-0700][info][gc,phases      ] GC(100)   Evacuate Collection Set: 1.8ms
[2024-07-05T10:02:55.205-0700][info][gc,phases      ] GC(100)   Post Evacuate Collection Set: 0.9ms
[2024-07-05T10:02:55.205-0700][info][gc,phases      ] GC(100)   Other: 0.3ms
[2024-07-05T10:02:55.205-0700][info][gc,heap        ] GC(100) Eden regions: 1->0(196)
[2024-07-05T10:02:55.205-0700][info][gc,heap        ] GC(100) Survivor regions: 9->8(8)
[2024-07-05T10:02:55.205-0700][info][gc,heap        ] GC(100) Old regions: 4060->4066
[2024-07-05T10:02:55.205-0700][info][gc,heap        ] GC(100) Archive regions: 2->2
[2024-07-05T10:02:55.205-0700][info][gc,heap        ] GC(100) Humongous regions: 16->16
[2024-07-05T10:02:55.205-0700][info][gc,metaspace   ] GC(100) Metaspace: 300K(512K)->300K(512K) NonClass: 293K(384K)->293K(384K) Class: 7K(128K)->7K(128K)
[2024-07-05T10:02:55.205-0700][info][gc             ] GC(100) Pause Young (Concurrent Start) (G1 Preventive Collection) 4085M->4089M(4096M) 3.495ms
[2024-07-05T10:02:55.205-0700][info][gc,cpu         ] GC(100) User=0.01s Sys=0.00s Real=0.01s
[2024-07-05T10:02:55.205-0700][info][gc             ] GC(101) Concurrent Mark Cycle
[2024-07-05T10:02:55.205-0700][info][gc,marking     ] GC(101) Concurrent Clear Claimed Marks
[2024-07-05T10:02:55.205-0700][info][gc,marking     ] GC(101) Concurrent Clear Claimed Marks 0.006ms
[2024-07-05T10:02:55.205-0700][info][gc,marking     ] GC(101) Concurrent Scan Root Regions
[2024-07-05T10:02:55.206-0700][info][gc,marking     ] GC(101) Concurrent Scan Root Regions 0.664ms
[2024-07-05T10:02:55.206-0700][info][gc,marking     ] GC(101) Concurrent Mark
[2024-07-05T10:02:55.206-0700][info][gc,marking     ] GC(101) Concurrent Mark From Roots
[2024-07-05T10:02:55.206-0700][info][gc,task        ] GC(101) Using 1 workers of 1 for marking
[2024-07-05T10:02:55.206-0700][info][gc,start       ] GC(102) Pause Young (Normal) (G1 Preventive Collection)
[2024-07-05T10:02:55.206-0700][info][gc,task        ] GC(102) Using 4 workers of 4 for evacuation
[2024-07-05T10:02:55.209-0700][info][gc             ] GC(102) To-space exhausted
[2024-07-05T10:02:55.209-0700][info][gc,phases      ] GC(102)   Pre Evacuate Collection Set: 0.9ms
[2024-07-05T10:02:55.209-0700][info][gc,phases      ] GC(102)   Merge Heap Roots: 0.2ms
[2024-07-05T10:02:55.209-0700][info][gc,phases      ] GC(102)   Evacuate Collection Set: 1.2ms
[2024-07-05T10:02:55.209-0700][info][gc,phases      ] GC(102)   Post Evacuate Collection Set: 0.8ms
[2024-07-05T10:02:55.209-0700][info][gc,phases      ] GC(102)   Other: 0.1ms
[2024-07-05T10:02:55.209-0700][info][gc,heap        ] GC(102) Eden regions: 1->0(201)
[2024-07-05T10:02:55.209-0700][info][gc,heap        ] GC(102) Survivor regions: 8->3(3)
[2024-07-05T10:02:55.209-0700][info][gc,heap        ] GC(102) Old regions: 4066->4073
[2024-07-05T10:02:55.209-0700][info][gc,heap        ] GC(102) Archive regions: 2->2
[2024-07-05T10:02:55.209-0700][info][gc,heap        ] GC(102) Humongous regions: 16->16
[2024-07-05T10:02:55.209-0700][info][gc,metaspace   ] GC(102) Metaspace: 300K(512K)->300K(512K) NonClass: 293K(384K)->293K(384K) Class: 7K(128K)->7K(128K)
[2024-07-05T10:02:55.209-0700][info][gc             ] GC(102) Pause Young (Normal) (G1 Preventive Collection) 4090M->4091M(4096M) 2.676ms
[2024-07-05T10:02:55.209-0700][info][gc,cpu         ] GC(102) User=0.01s Sys=0.00s Real=0.00s
[2024-07-05T10:02:55.209-0700][info][gc,start       ] GC(103) Pause Young (Normal) (G1 Preventive Collection)
[2024-07-05T10:02:55.209-0700][info][gc,task        ] GC(103) Using 4 workers of 4 for evacuation
[2024-07-05T10:02:55.211-0700][info][gc             ] GC(103) To-space exhausted
[2024-07-05T10:02:55.211-0700][info][gc,phases      ] GC(103)   Pre Evacuate Collection Set: 0.3ms
[2024-07-05T10:02:55.211-0700][info][gc,phases      ] GC(103)   Merge Heap Roots: 0.2ms
[2024-07-05T10:02:55.211-0700][info][gc,phases      ] GC(103)   Evacuate Collection Set: 0.7ms
[2024-07-05T10:02:55.211-0700][info][gc,phases      ] GC(103)   Post Evacuate Collection Set: 0.8ms
[2024-07-05T10:02:55.211-0700][info][gc,phases      ] GC(103)   Other: 0.1ms
[2024-07-05T10:02:55.211-0700][info][gc,heap        ] GC(103) Eden regions: 1->0(203)
[2024-07-05T10:02:55.211-0700][info][gc,heap        ] GC(103) Survivor regions: 3->1(1)
[2024-07-05T10:02:55.211-0700][info][gc,heap        ] GC(103) Old regions: 4073->4077
[2024-07-05T10:02:55.211-0700][info][gc,heap        ] GC(103) Archive regions: 2->2
[2024-07-05T10:02:55.211-0700][info][gc,heap        ] GC(103) Humongous regions: 16->16
[2024-07-05T10:02:55.211-0700][info][gc,metaspace   ] GC(103) Metaspace: 300K(512K)->300K(512K) NonClass: 293K(384K)->293K(384K) Class: 7K(128K)->7K(128K)
[2024-07-05T10:02:55.211-0700][info][gc             ] GC(103) Pause Young (Normal) (G1 Preventive Collection) 4092M->4093M(4096M) 2.014ms
[2024-07-05T10:02:55.211-0700][info][gc,cpu         ] GC(103) User=0.00s Sys=0.00s Real=0.00s
[2024-07-05T10:02:55.211-0700][info][gc,ergo        ] Attempting full compaction
[2024-07-05T10:02:55.211-0700][info][gc,task        ] GC(104) Using 4 workers of 4 for full compaction
[2024-07-05T10:02:55.211-0700][info][gc,start       ] GC(104) Pause Full (G1 Compaction Pause)
[2024-07-05T10:02:55.214-0700][info][gc,phases,start] GC(104) Phase 1: Mark live objects
[2024-07-05T10:02:55.314-0700][info][gc,phases      ] GC(104) Phase 1: Mark live objects 99.254ms
[2024-07-05T10:02:55.314-0700][info][gc,phases,start] GC(104) Phase 2: Prepare for compaction
[2024-07-05T10:02:55.395-0700][info][gc,phases      ] GC(104) Phase 2: Prepare for compaction 81.241ms
[2024-07-05T10:02:55.395-0700][info][gc,phases,start] GC(104) Phase 3: Adjust pointers
[2024-07-05T10:02:55.482-0700][info][gc,phases      ] GC(104) Phase 3: Adjust pointers 86.607ms
[2024-07-05T10:02:55.482-0700][info][gc,phases,start] GC(104) Phase 4: Compact heap
[2024-07-05T10:02:55.929-0700][info][gc,phases      ] GC(104) Phase 4: Compact heap 447.670ms
[2024-07-05T10:02:55.935-0700][info][gc,heap        ] GC(104) Eden regions: 0->0(204)
[2024-07-05T10:02:55.935-0700][info][gc,heap        ] GC(104) Survivor regions: 1->0(1)
[2024-07-05T10:02:55.935-0700][info][gc,heap        ] GC(104) Old regions: 4077->3710
[2024-07-05T10:02:55.935-0700][info][gc,heap        ] GC(104) Archive regions: 2->2
[2024-07-05T10:02:55.935-0700][info][gc,heap        ] GC(104) Humongous regions: 16->16
[2024-07-05T10:02:55.935-0700][info][gc,metaspace   ] GC(104) Metaspace: 300K(512K)->300K(512K) NonClass: 293K(384K)->293K(384K) Class: 7K(128K)->7K(128K)
[2024-07-05T10:02:55.935-0700][info][gc             ] GC(104) Pause Full (G1 Compaction Pause) 4093M->3723M(4096M) 724.014ms
[2024-07-05T10:02:55.935-0700][info][gc,cpu         ] GC(104) User=2.81s Sys=0.01s Real=0.73s
[2024-07-05T10:02:55.935-0700][info][gc,marking     ] GC(101) Concurrent Mark From Roots 729.397ms
[2024-07-05T10:02:55.935-0700][info][gc,marking     ] GC(101) Concurrent Mark Abort
[2024-07-05T10:02:55.935-0700][info][gc             ] GC(101) Concurrent Mark Cycle 730.133ms
[2024-07-05T10:03:30.720-0700][info][gc,start       ] GC(105) Pause Young (Normal) (G1 Preventive Collection)
[2024-07-05T10:03:30.720-0700][info][gc,task        ] GC(105) Using 4 workers of 4 for evacuation
[2024-07-05T10:03:30.771-0700][info][gc,phases      ] GC(105)   Pre Evacuate Collection Set: 0.5ms
[2024-07-05T10:03:30.771-0700][info][gc,phases      ] GC(105)   Merge Heap Roots: 0.3ms
[2024-07-05T10:03:30.771-0700][info][gc,phases      ] GC(105)   Evacuate Collection Set: 50.2ms
[2024-07-05T10:03:30.771-0700][info][gc,phases      ] GC(105)   Post Evacuate Collection Set: 0.6ms
[2024-07-05T10:03:30.771-0700][info][gc,phases      ] GC(105)   Other: 0.1ms
[2024-07-05T10:03:30.771-0700][info][gc,heap        ] GC(105) Eden regions: 179->0(178)
[2024-07-05T10:03:30.771-0700][info][gc,heap        ] GC(105) Survivor regions: 0->26(26)
[2024-07-05T10:03:30.771-0700][info][gc,heap        ] GC(105) Old regions: 3710->3861
[2024-07-05T10:03:30.771-0700][info][gc,heap        ] GC(105) Archive regions: 2->2
[2024-07-05T10:03:30.771-0700][info][gc,heap        ] GC(105) Humongous regions: 16->16
[2024-07-05T10:03:30.771-0700][info][gc,metaspace   ] GC(105) Metaspace: 300K(512K)->300K(512K) NonClass: 293K(384K)->293K(384K) Class: 7K(128K)->7K(128K)
[2024-07-05T10:03:30.771-0700][info][gc             ] GC(105) Pause Young (Normal) (G1 Preventive Collection) 3902M->3900M(4096M) 51.827ms
[2024-07-05T10:03:30.772-0700][info][gc,cpu         ] GC(105) User=0.13s Sys=0.04s Real=0.05s
[2024-07-05T10:03:49.017-0700][info][gc,start       ] GC(106) Pause Young (Concurrent Start) (G1 Preventive Collection)
[2024-07-05T10:03:49.017-0700][info][gc,task        ] GC(106) Using 4 workers of 4 for evacuation
[2024-07-05T10:03:49.049-0700][info][gc             ] GC(106) To-space exhausted
[2024-07-05T10:03:49.049-0700][info][gc,phases      ] GC(106)   Pre Evacuate Collection Set: 0.7ms
[2024-07-05T10:03:49.049-0700][info][gc,phases      ] GC(106)   Merge Heap Roots: 0.3ms
[2024-07-05T10:03:49.049-0700][info][gc,phases      ] GC(106)   Evacuate Collection Set: 29.4ms
[2024-07-05T10:03:49.049-0700][info][gc,phases      ] GC(106)   Post Evacuate Collection Set: 1.4ms
[2024-07-05T10:03:49.049-0700][info][gc,phases      ] GC(106)   Other: 0.3ms
[2024-07-05T10:03:49.049-0700][info][gc,heap        ] GC(106) Eden regions: 91->0(178)
[2024-07-05T10:03:49.049-0700][info][gc,heap        ] GC(106) Survivor regions: 26->26(26)
[2024-07-05T10:03:49.049-0700][info][gc,heap        ] GC(106) Old regions: 3861->3967
[2024-07-05T10:03:49.049-0700][info][gc,heap        ] GC(106) Archive regions: 2->2
[2024-07-05T10:03:49.049-0700][info][gc,heap        ] GC(106) Humongous regions: 16->16
[2024-07-05T10:03:49.049-0700][info][gc,metaspace   ] GC(106) Metaspace: 304K(512K)->304K(512K) NonClass: 296K(384K)->296K(384K) Class: 7K(128K)->7K(128K)
[2024-07-05T10:03:49.049-0700][info][gc             ] GC(106) Pause Young (Concurrent Start) (G1 Preventive Collection) 3991M->4006M(4096M) 32.079ms
[2024-07-05T10:03:49.049-0700][info][gc,cpu         ] GC(106) User=0.09s Sys=0.02s Real=0.03s
[2024-07-05T10:03:49.049-0700][info][gc             ] GC(107) Concurrent Mark Cycle
[2024-07-05T10:03:49.049-0700][info][gc,marking     ] GC(107) Concurrent Clear Claimed Marks
[2024-07-05T10:03:49.049-0700][info][gc,marking     ] GC(107) Concurrent Clear Claimed Marks 0.006ms
[2024-07-05T10:03:49.049-0700][info][gc,marking     ] GC(107) Concurrent Scan Root Regions
[2024-07-05T10:03:49.055-0700][info][gc,marking     ] GC(107) Concurrent Scan Root Regions 6.198ms
[2024-07-05T10:03:49.055-0700][info][gc,marking     ] GC(107) Concurrent Mark
[2024-07-05T10:03:49.055-0700][info][gc,marking     ] GC(107) Concurrent Mark From Roots
[2024-07-05T10:03:49.055-0700][info][gc,task        ] GC(107) Using 1 workers of 1 for marking
[2024-07-05T10:03:49.683-0700][info][gc,marking     ] GC(107) Concurrent Mark From Roots 627.874ms
[2024-07-05T10:03:49.683-0700][info][gc,marking     ] GC(107) Concurrent Preclean
[2024-07-05T10:03:49.683-0700][info][gc,marking     ] GC(107) Concurrent Preclean 0.100ms
[2024-07-05T10:03:51.426-0700][info][gc,start       ] GC(107) Pause Remark
[2024-07-05T10:03:51.428-0700][info][gc             ] GC(107) Pause Remark 4009M->4009M(4096M) 1.450ms
[2024-07-05T10:03:51.428-0700][info][gc,cpu         ] GC(107) User=0.00s Sys=0.00s Real=0.00s
[2024-07-05T10:03:51.428-0700][info][gc,marking     ] GC(107) Concurrent Mark 2372.558ms
[2024-07-05T10:03:51.428-0700][info][gc,marking     ] GC(107) Concurrent Rebuild Remembered Sets
[2024-07-05T10:03:51.719-0700][info][gc,marking     ] GC(107) Concurrent Rebuild Remembered Sets 290.916ms
[2024-07-05T10:03:51.761-0700][info][gc,start       ] GC(107) Pause Cleanup
[2024-07-05T10:03:51.762-0700][info][gc             ] GC(107) Pause Cleanup 4009M->4009M(4096M) 1.123ms
[2024-07-05T10:03:51.762-0700][info][gc,cpu         ] GC(107) User=0.00s Sys=0.00s Real=0.00s
[2024-07-05T10:03:51.763-0700][info][gc,marking     ] GC(107) Concurrent Cleanup for Next Mark
[2024-07-05T10:03:51.770-0700][info][gc,marking     ] GC(107) Concurrent Cleanup for Next Mark 7.538ms
[2024-07-05T10:03:51.770-0700][info][gc             ] GC(107) Concurrent Mark Cycle 2721.276ms
[2024-07-05T10:03:57.300-0700][info][gc,start       ] GC(108) Pause Young (Prepare Mixed) (G1 Preventive Collection)
[2024-07-05T10:03:57.300-0700][info][gc,task        ] GC(108) Using 4 workers of 4 for evacuation
[2024-07-05T10:03:57.313-0700][info][gc             ] GC(108) To-space exhausted
[2024-07-05T10:03:57.313-0700][info][gc,phases      ] GC(108)   Pre Evacuate Collection Set: 0.4ms
[2024-07-05T10:03:57.313-0700][info][gc,phases      ] GC(108)   Merge Heap Roots: 0.3ms
[2024-07-05T10:03:57.313-0700][info][gc,phases      ] GC(108)   Evacuate Collection Set: 11.3ms
[2024-07-05T10:03:57.313-0700][info][gc,phases      ] GC(108)   Post Evacuate Collection Set: 1.0ms
[2024-07-05T10:03:57.313-0700][info][gc,phases      ] GC(108)   Other: 0.1ms
[2024-07-05T10:03:57.313-0700][info][gc,heap        ] GC(108) Eden regions: 30->0(178)
[2024-07-05T10:03:57.313-0700][info][gc,heap        ] GC(108) Survivor regions: 26->26(26)
[2024-07-05T10:03:57.313-0700][info][gc,heap        ] GC(108) Old regions: 3967->4004
[2024-07-05T10:03:57.313-0700][info][gc,heap        ] GC(108) Archive regions: 2->2
[2024-07-05T10:03:57.313-0700][info][gc,heap        ] GC(108) Humongous regions: 16->16
[2024-07-05T10:03:57.313-0700][info][gc,metaspace   ] GC(108) Metaspace: 304K(512K)->304K(512K) NonClass: 296K(384K)->296K(384K) Class: 7K(128K)->7K(128K)
[2024-07-05T10:03:57.313-0700][info][gc             ] GC(108) Pause Young (Prepare Mixed) (G1 Preventive Collection) 4036M->4043M(4096M) 13.161ms
[2024-07-05T10:03:57.313-0700][info][gc,cpu         ] GC(108) User=0.04s Sys=0.00s Real=0.01s
[2024-07-05T10:03:59.269-0700][info][gc,start       ] GC(109) Pause Young (Mixed) (G1 Preventive Collection)
[2024-07-05T10:03:59.269-0700][info][gc,task        ] GC(109) Using 4 workers of 4 for evacuation
[2024-07-05T10:03:59.282-0700][info][gc,phases      ] GC(109)   Pre Evacuate Collection Set: 0.4ms
[2024-07-05T10:03:59.282-0700][info][gc,phases      ] GC(109)   Merge Heap Roots: 0.2ms
[2024-07-05T10:03:59.282-0700][info][gc,phases      ] GC(109)   Evacuate Collection Set: 11.4ms
[2024-07-05T10:03:59.282-0700][info][gc,phases      ] GC(109)   Post Evacuate Collection Set: 0.9ms
[2024-07-05T10:03:59.282-0700][info][gc,phases      ] GC(109)   Other: 0.1ms
[2024-07-05T10:03:59.282-0700][info][gc,heap        ] GC(109) Eden regions: 9->0(194)
[2024-07-05T10:03:59.282-0700][info][gc,heap        ] GC(109) Survivor regions: 26->10(26)
[2024-07-05T10:03:59.282-0700][info][gc,heap        ] GC(109) Old regions: 4004->4028
[2024-07-05T10:03:59.282-0700][info][gc,heap        ] GC(109) Archive regions: 2->2
[2024-07-05T10:03:59.282-0700][info][gc,heap        ] GC(109) Humongous regions: 16->16
[2024-07-05T10:03:59.282-0700][info][gc,metaspace   ] GC(109) Metaspace: 304K(512K)->304K(512K) NonClass: 296K(384K)->296K(384K) Class: 7K(128K)->7K(128K)
[2024-07-05T10:03:59.282-0700][info][gc             ] GC(109) Pause Young (Mixed) (G1 Preventive Collection) 4052M->4050M(4096M) 13.178ms
[2024-07-05T10:03:59.282-0700][info][gc,cpu         ] GC(109) User=0.04s Sys=0.00s Real=0.01s
[2024-07-05T10:04:03.298-0700][info][gc,start       ] GC(110) Pause Young (Concurrent Start) (G1 Preventive Collection)
[2024-07-05T10:04:03.298-0700][info][gc,task        ] GC(110) Using 4 workers of 4 for evacuation
[2024-07-05T10:04:03.305-0700][info][gc,phases      ] GC(110)   Pre Evacuate Collection Set: 0.4ms
[2024-07-05T10:04:03.305-0700][info][gc,phases      ] GC(110)   Merge Heap Roots: 0.2ms
[2024-07-05T10:04:03.305-0700][info][gc,phases      ] GC(110)   Evacuate Collection Set: 5.6ms
[2024-07-05T10:04:03.305-0700][info][gc,phases      ] GC(110)   Post Evacuate Collection Set: 0.4ms
[2024-07-05T10:04:03.305-0700][info][gc,phases      ] GC(110)   Other: 0.2ms
[2024-07-05T10:04:03.305-0700][info][gc,heap        ] GC(110) Eden regions: 14->0(180)
[2024-07-05T10:04:03.305-0700][info][gc,heap        ] GC(110) Survivor regions: 10->24(26)
[2024-07-05T10:04:03.305-0700][info][gc,heap        ] GC(110) Old regions: 4028->4028
[2024-07-05T10:04:03.305-0700][info][gc,heap        ] GC(110) Archive regions: 2->2
[2024-07-05T10:04:03.305-0700][info][gc,heap        ] GC(110) Humongous regions: 16->16
[2024-07-05T10:04:03.305-0700][info][gc,metaspace   ] GC(110) Metaspace: 304K(512K)->304K(512K) NonClass: 296K(384K)->296K(384K) Class: 7K(128K)->7K(128K)
[2024-07-05T10:04:03.305-0700][info][gc             ] GC(110) Pause Young (Concurrent Start) (G1 Preventive Collection) 4064M->4064M(4096M) 6.864ms
[2024-07-05T10:04:03.305-0700][info][gc,cpu         ] GC(110) User=0.03s Sys=0.00s Real=0.01s
[2024-07-05T10:04:03.305-0700][info][gc             ] GC(111) Concurrent Mark Cycle
[2024-07-05T10:04:03.305-0700][info][gc,marking     ] GC(111) Concurrent Clear Claimed Marks
[2024-07-05T10:04:03.305-0700][info][gc,marking     ] GC(111) Concurrent Clear Claimed Marks 0.006ms
[2024-07-05T10:04:03.305-0700][info][gc,marking     ] GC(111) Concurrent Scan Root Regions
[2024-07-05T10:04:03.306-0700][info][gc,marking     ] GC(111) Concurrent Scan Root Regions 1.183ms
[2024-07-05T10:04:03.306-0700][info][gc,marking     ] GC(111) Concurrent Mark
[2024-07-05T10:04:03.306-0700][info][gc,marking     ] GC(111) Concurrent Mark From Roots
[2024-07-05T10:04:03.306-0700][info][gc,task        ] GC(111) Using 1 workers of 1 for marking
[2024-07-05T10:04:03.306-0700][info][gc,start       ] GC(112) Pause Young (Normal) (G1 Preventive Collection)
[2024-07-05T10:04:03.306-0700][info][gc,task        ] GC(112) Using 4 workers of 4 for evacuation
[2024-07-05T10:04:03.314-0700][info][gc,phases      ] GC(112)   Pre Evacuate Collection Set: 1.3ms
[2024-07-05T10:04:03.314-0700][info][gc,phases      ] GC(112)   Merge Heap Roots: 0.1ms
[2024-07-05T10:04:03.314-0700][info][gc,phases      ] GC(112)   Evacuate Collection Set: 7.0ms
[2024-07-05T10:04:03.314-0700][info][gc,phases      ] GC(112)   Post Evacuate Collection Set: 0.5ms
[2024-07-05T10:04:03.314-0700][info][gc,phases      ] GC(112)   Other: 0.1ms
[2024-07-05T10:04:03.314-0700][info][gc,heap        ] GC(112) Eden regions: 1->0(203)
[2024-07-05T10:04:03.314-0700][info][gc,heap        ] GC(112) Survivor regions: 24->1(25)
[2024-07-05T10:04:03.314-0700][info][gc,heap        ] GC(112) Old regions: 4028->4050
[2024-07-05T10:04:03.314-0700][info][gc,heap        ] GC(112) Archive regions: 2->2
[2024-07-05T10:04:03.314-0700][info][gc,heap        ] GC(112) Humongous regions: 16->16
[2024-07-05T10:04:03.314-0700][info][gc,metaspace   ] GC(112) Metaspace: 304K(512K)->304K(512K) NonClass: 296K(384K)->296K(384K) Class: 7K(128K)->7K(128K)
[2024-07-05T10:04:03.314-0700][info][gc             ] GC(112) Pause Young (Normal) (G1 Preventive Collection) 4065M->4064M(4096M) 8.136ms
[2024-07-05T10:04:03.314-0700][info][gc,cpu         ] GC(112) User=0.02s Sys=0.00s Real=0.00s
[2024-07-05T10:04:03.869-0700][info][gc,marking     ] GC(111) Concurrent Mark From Roots 563.435ms
[2024-07-05T10:04:03.869-0700][info][gc,marking     ] GC(111) Concurrent Preclean
[2024-07-05T10:04:03.870-0700][info][gc,marking     ] GC(111) Concurrent Preclean 0.057ms
[2024-07-05T10:04:30.391-0700][info][gc,start       ] GC(111) Pause Remark
[2024-07-05T10:04:30.395-0700][info][gc             ] GC(111) Pause Remark 4073M->4073M(4096M) 3.795ms
[2024-07-05T10:04:30.395-0700][info][gc,cpu         ] GC(111) User=0.01s Sys=0.00s Real=0.00s
[2024-07-05T10:04:30.395-0700][info][gc,marking     ] GC(111) Concurrent Mark 27088.889ms
[2024-07-05T10:04:30.395-0700][info][gc,marking     ] GC(111) Concurrent Rebuild Remembered Sets
[2024-07-05T10:04:30.778-0700][info][gc,marking     ] GC(111) Concurrent Rebuild Remembered Sets 383.035ms
[2024-07-05T10:04:31.390-0700][info][gc,start       ] GC(111) Pause Cleanup
[2024-07-05T10:04:31.391-0700][info][gc             ] GC(111) Pause Cleanup 4073M->4073M(4096M) 0.999ms
[2024-07-05T10:04:31.391-0700][info][gc,cpu         ] GC(111) User=0.00s Sys=0.00s Real=0.00s
[2024-07-05T10:04:31.391-0700][info][gc,marking     ] GC(111) Concurrent Cleanup for Next Mark
[2024-07-05T10:04:31.397-0700][info][gc,marking     ] GC(111) Concurrent Cleanup for Next Mark 6.329ms
[2024-07-05T10:04:31.397-0700][info][gc             ] GC(111) Concurrent Mark Cycle 28092.587ms
[2024-07-05T10:04:32.185-0700][info][gc,start       ] GC(113) Pause Young (Prepare Mixed) (G1 Preventive Collection)
[2024-07-05T10:04:32.185-0700][info][gc,task        ] GC(113) Using 4 workers of 4 for evacuation
[2024-07-05T10:04:32.193-0700][info][gc,phases      ] GC(113)   Pre Evacuate Collection Set: 0.4ms
[2024-07-05T10:04:32.193-0700][info][gc,phases      ] GC(113)   Merge Heap Roots: 0.2ms
[2024-07-05T10:04:32.193-0700][info][gc,phases      ] GC(113)   Evacuate Collection Set: 6.6ms
[2024-07-05T10:04:32.193-0700][info][gc,phases      ] GC(113)   Post Evacuate Collection Set: 0.4ms
[2024-07-05T10:04:32.193-0700][info][gc,phases      ] GC(113)   Other: 0.1ms
[2024-07-05T10:04:32.193-0700][info][gc,heap        ] GC(113) Eden regions: 12->0(190)
[2024-07-05T10:04:32.193-0700][info][gc,heap        ] GC(113) Survivor regions: 1->14(15)
[2024-07-05T10:04:32.193-0700][info][gc,heap        ] GC(113) Old regions: 4050->4050
[2024-07-05T10:04:32.193-0700][info][gc,heap        ] GC(113) Archive regions: 2->2
[2024-07-05T10:04:32.193-0700][info][gc,heap        ] GC(113) Humongous regions: 16->16
[2024-07-05T10:04:32.193-0700][info][gc,metaspace   ] GC(113) Metaspace: 304K(512K)->304K(512K) NonClass: 296K(384K)->296K(384K) Class: 7K(128K)->7K(128K)
[2024-07-05T10:04:32.193-0700][info][gc             ] GC(113) Pause Young (Prepare Mixed) (G1 Preventive Collection) 4076M->4077M(4096M) 7.786ms
[2024-07-05T10:04:32.193-0700][info][gc,cpu         ] GC(113) User=0.02s Sys=0.00s Real=0.00s
[2024-07-05T10:04:32.193-0700][info][gc,start       ] GC(114) Pause Young (Mixed) (G1 Preventive Collection)
[2024-07-05T10:04:32.193-0700][info][gc,task        ] GC(114) Using 4 workers of 4 for evacuation
[2024-07-05T10:04:32.197-0700][info][gc             ] GC(114) To-space exhausted
[2024-07-05T10:04:32.197-0700][info][gc,phases      ] GC(114)   Pre Evacuate Collection Set: 0.4ms
[2024-07-05T10:04:32.197-0700][info][gc,phases      ] GC(114)   Merge Heap Roots: 0.2ms
[2024-07-05T10:04:32.197-0700][info][gc,phases      ] GC(114)   Evacuate Collection Set: 2.4ms
[2024-07-05T10:04:32.197-0700][info][gc,phases      ] GC(114)   Post Evacuate Collection Set: 1.0ms
[2024-07-05T10:04:32.197-0700][info][gc,phases      ] GC(114)   Other: 0.1ms
[2024-07-05T10:04:32.197-0700][info][gc,heap        ] GC(114) Eden regions: 1->0(191)
[2024-07-05T10:04:32.197-0700][info][gc,heap        ] GC(114) Survivor regions: 14->13(13)
[2024-07-05T10:04:32.197-0700][info][gc,heap        ] GC(114) Old regions: 4050->4053
[2024-07-05T10:04:32.197-0700][info][gc,heap        ] GC(114) Archive regions: 2->2
[2024-07-05T10:04:32.197-0700][info][gc,heap        ] GC(114) Humongous regions: 16->16
[2024-07-05T10:04:32.197-0700][info][gc,metaspace   ] GC(114) Metaspace: 304K(512K)->304K(512K) NonClass: 296K(384K)->296K(384K) Class: 7K(128K)->7K(128K)
[2024-07-05T10:04:32.198-0700][info][gc             ] GC(114) Pause Young (Mixed) (G1 Preventive Collection) 4078M->4079M(4096M) 4.161ms
[2024-07-05T10:04:32.198-0700][info][gc,cpu         ] GC(114) User=0.01s Sys=0.00s Real=0.01s
[2024-07-05T10:04:32.198-0700][info][gc,start       ] GC(115) Pause Young (Concurrent Start) (G1 Preventive Collection)
[2024-07-05T10:04:32.198-0700][info][gc,task        ] GC(115) Using 4 workers of 4 for evacuation
[2024-07-05T10:04:32.202-0700][info][gc             ] GC(115) To-space exhausted
[2024-07-05T10:04:32.202-0700][info][gc,phases      ] GC(115)   Pre Evacuate Collection Set: 0.4ms
[2024-07-05T10:04:32.202-0700][info][gc,phases      ] GC(115)   Merge Heap Roots: 0.2ms
[2024-07-05T10:04:32.202-0700][info][gc,phases      ] GC(115)   Evacuate Collection Set: 2.5ms
[2024-07-05T10:04:32.202-0700][info][gc,phases      ] GC(115)   Post Evacuate Collection Set: 0.8ms
[2024-07-05T10:04:32.202-0700][info][gc,phases      ] GC(115)   Other: 0.2ms
[2024-07-05T10:04:32.202-0700][info][gc,heap        ] GC(115) Eden regions: 1->0(193)
[2024-07-05T10:04:32.202-0700][info][gc,heap        ] GC(115) Survivor regions: 13->11(11)
[2024-07-05T10:04:32.202-0700][info][gc,heap        ] GC(115) Old regions: 4053->4058
[2024-07-05T10:04:32.202-0700][info][gc,heap        ] GC(115) Archive regions: 2->2
[2024-07-05T10:04:32.202-0700][info][gc,heap        ] GC(115) Humongous regions: 16->16
[2024-07-05T10:04:32.202-0700][info][gc,metaspace   ] GC(115) Metaspace: 304K(512K)->304K(512K) NonClass: 296K(384K)->296K(384K) Class: 7K(128K)->7K(128K)
[2024-07-05T10:04:32.202-0700][info][gc             ] GC(115) Pause Young (Concurrent Start) (G1 Preventive Collection) 4080M->4082M(4096M) 4.126ms
[2024-07-05T10:04:32.202-0700][info][gc,cpu         ] GC(115) User=0.01s Sys=0.00s Real=0.00s
[2024-07-05T10:04:32.202-0700][info][gc             ] GC(116) Concurrent Mark Cycle
[2024-07-05T10:04:32.202-0700][info][gc,marking     ] GC(116) Concurrent Clear Claimed Marks
[2024-07-05T10:04:32.202-0700][info][gc,marking     ] GC(116) Concurrent Clear Claimed Marks 0.005ms
[2024-07-05T10:04:32.202-0700][info][gc,marking     ] GC(116) Concurrent Scan Root Regions
[2024-07-05T10:04:32.203-0700][info][gc,marking     ] GC(116) Concurrent Scan Root Regions 0.892ms
[2024-07-05T10:04:32.203-0700][info][gc,marking     ] GC(116) Concurrent Mark
[2024-07-05T10:04:32.203-0700][info][gc,marking     ] GC(116) Concurrent Mark From Roots
[2024-07-05T10:04:32.203-0700][info][gc,task        ] GC(116) Using 1 workers of 1 for marking
[2024-07-05T10:04:32.203-0700][info][gc,start       ] GC(117) Pause Young (Normal) (G1 Preventive Collection)
[2024-07-05T10:04:32.203-0700][info][gc,task        ] GC(117) Using 4 workers of 4 for evacuation
[2024-07-05T10:04:32.206-0700][info][gc             ] GC(117) To-space exhausted
[2024-07-05T10:04:32.206-0700][info][gc,phases      ] GC(117)   Pre Evacuate Collection Set: 1.2ms
[2024-07-05T10:04:32.206-0700][info][gc,phases      ] GC(117)   Merge Heap Roots: 0.2ms
[2024-07-05T10:04:32.206-0700][info][gc,phases      ] GC(117)   Evacuate Collection Set: 1.9ms
[2024-07-05T10:04:32.206-0700][info][gc,phases      ] GC(117)   Post Evacuate Collection Set: 0.9ms
[2024-07-05T10:04:32.206-0700][info][gc,phases      ] GC(117)   Other: 0.1ms
[2024-07-05T10:04:32.206-0700][info][gc,heap        ] GC(117) Eden regions: 1->0(196)
[2024-07-05T10:04:32.206-0700][info][gc,heap        ] GC(117) Survivor regions: 11->8(8)
[2024-07-05T10:04:32.206-0700][info][gc,heap        ] GC(117) Old regions: 4058->4065
[2024-07-05T10:04:32.206-0700][info][gc,heap        ] GC(117) Archive regions: 2->2
[2024-07-05T10:04:32.206-0700][info][gc,heap        ] GC(117) Humongous regions: 16->16
[2024-07-05T10:04:32.206-0700][info][gc,metaspace   ] GC(117) Metaspace: 304K(512K)->304K(512K) NonClass: 296K(384K)->296K(384K) Class: 7K(128K)->7K(128K)
[2024-07-05T10:04:32.206-0700][info][gc             ] GC(117) Pause Young (Normal) (G1 Preventive Collection) 4083M->4086M(4096M) 3.539ms
[2024-07-05T10:04:32.206-0700][info][gc,cpu         ] GC(117) User=0.00s Sys=0.00s Real=0.00s
[2024-07-05T10:04:32.207-0700][info][gc,start       ] GC(118) Pause Young (Normal) (G1 Preventive Collection)
[2024-07-05T10:04:32.207-0700][info][gc,task        ] GC(118) Using 4 workers of 4 for evacuation
[2024-07-05T10:04:32.210-0700][info][gc             ] GC(118) To-space exhausted
[2024-07-05T10:04:32.210-0700][info][gc,phases      ] GC(118)   Pre Evacuate Collection Set: 0.4ms
[2024-07-05T10:04:32.210-0700][info][gc,phases      ] GC(118)   Merge Heap Roots: 0.2ms
[2024-07-05T10:04:32.210-0700][info][gc,phases      ] GC(118)   Evacuate Collection Set: 1.4ms
[2024-07-05T10:04:32.210-0700][info][gc,phases      ] GC(118)   Post Evacuate Collection Set: 1.0ms
[2024-07-05T10:04:32.210-0700][info][gc,phases      ] GC(118)   Other: 0.1ms
[2024-07-05T10:04:32.210-0700][info][gc,heap        ] GC(118) Eden regions: 1->0(200)
[2024-07-05T10:04:32.210-0700][info][gc,heap        ] GC(118) Survivor regions: 8->4(4)
[2024-07-05T10:04:32.210-0700][info][gc,heap        ] GC(118) Old regions: 4065->4071
[2024-07-05T10:04:32.210-0700][info][gc,heap        ] GC(118) Archive regions: 2->2
[2024-07-05T10:04:32.210-0700][info][gc,heap        ] GC(118) Humongous regions: 16->16
[2024-07-05T10:04:32.210-0700][info][gc,metaspace   ] GC(118) Metaspace: 304K(512K)->304K(512K) NonClass: 296K(384K)->296K(384K) Class: 7K(128K)->7K(128K)
[2024-07-05T10:04:32.210-0700][info][gc             ] GC(118) Pause Young (Normal) (G1 Preventive Collection) 4087M->4088M(4096M) 3.146ms
[2024-07-05T10:04:32.210-0700][info][gc,cpu         ] GC(118) User=0.01s Sys=0.01s Real=0.00s
[2024-07-05T10:04:32.210-0700][info][gc,start       ] GC(119) Pause Young (Normal) (G1 Preventive Collection)
[2024-07-05T10:04:32.210-0700][info][gc,task        ] GC(119) Using 4 workers of 4 for evacuation
[2024-07-05T10:04:32.213-0700][info][gc             ] GC(119) To-space exhausted
[2024-07-05T10:04:32.213-0700][info][gc,phases      ] GC(119)   Pre Evacuate Collection Set: 0.4ms
[2024-07-05T10:04:32.213-0700][info][gc,phases      ] GC(119)   Merge Heap Roots: 0.1ms
[2024-07-05T10:04:32.213-0700][info][gc,phases      ] GC(119)   Evacuate Collection Set: 1.1ms
[2024-07-05T10:04:32.213-0700][info][gc,phases      ] GC(119)   Post Evacuate Collection Set: 0.7ms
[2024-07-05T10:04:32.213-0700][info][gc,phases      ] GC(119)   Other: 0.1ms
[2024-07-05T10:04:32.213-0700][info][gc,heap        ] GC(119) Eden regions: 1->0(202)
[2024-07-05T10:04:32.213-0700][info][gc,heap        ] GC(119) Survivor regions: 4->2(2)
[2024-07-05T10:04:32.213-0700][info][gc,heap        ] GC(119) Old regions: 4071->4075
[2024-07-05T10:04:32.213-0700][info][gc,heap        ] GC(119) Archive regions: 2->2
[2024-07-05T10:04:32.213-0700][info][gc,heap        ] GC(119) Humongous regions: 16->16
[2024-07-05T10:04:32.213-0700][info][gc,metaspace   ] GC(119) Metaspace: 304K(512K)->304K(512K) NonClass: 296K(384K)->296K(384K) Class: 7K(128K)->7K(128K)
[2024-07-05T10:04:32.213-0700][info][gc             ] GC(119) Pause Young (Normal) (G1 Preventive Collection) 4089M->4090M(4096M) 2.346ms
[2024-07-05T10:04:32.213-0700][info][gc,cpu         ] GC(119) User=0.00s Sys=0.00s Real=0.00s
[2024-07-05T10:04:32.213-0700][info][gc,start       ] GC(120) Pause Young (Normal) (G1 Evacuation Pause)
[2024-07-05T10:04:32.213-0700][info][gc,task        ] GC(120) Using 4 workers of 4 for evacuation
[2024-07-05T10:04:32.215-0700][info][gc             ] GC(120) To-space exhausted
[2024-07-05T10:04:32.215-0700][info][gc,phases      ] GC(120)   Pre Evacuate Collection Set: 0.4ms
[2024-07-05T10:04:32.215-0700][info][gc,phases      ] GC(120)   Merge Heap Roots: 0.2ms
[2024-07-05T10:04:32.215-0700][info][gc,phases      ] GC(120)   Evacuate Collection Set: 0.6ms
[2024-07-05T10:04:32.215-0700][info][gc,phases      ] GC(120)   Post Evacuate Collection Set: 0.7ms
[2024-07-05T10:04:32.215-0700][info][gc,phases      ] GC(120)   Other: 0.1ms
[2024-07-05T10:04:32.215-0700][info][gc,heap        ] GC(120) Eden regions: 1->0(204)
[2024-07-05T10:04:32.215-0700][info][gc,heap        ] GC(120) Survivor regions: 2->0(0)
[2024-07-05T10:04:32.215-0700][info][gc,heap        ] GC(120) Old regions: 4075->4078
[2024-07-05T10:04:32.215-0700][info][gc,heap        ] GC(120) Archive regions: 2->2
[2024-07-05T10:04:32.215-0700][info][gc,heap        ] GC(120) Humongous regions: 16->16
[2024-07-05T10:04:32.215-0700][info][gc,metaspace   ] GC(120) Metaspace: 304K(512K)->304K(512K) NonClass: 296K(384K)->296K(384K) Class: 7K(128K)->7K(128K)
[2024-07-05T10:04:32.215-0700][info][gc             ] GC(120) Pause Young (Normal) (G1 Evacuation Pause) 4091M->4091M(4096M) 1.910ms
[2024-07-05T10:04:32.215-0700][info][gc,cpu         ] GC(120) User=0.00s Sys=0.00s Real=0.00s
[2024-07-05T10:04:32.215-0700][info][gc,ergo        ] Attempting full compaction
[2024-07-05T10:04:32.215-0700][info][gc,task        ] GC(121) Using 4 workers of 4 for full compaction
[2024-07-05T10:04:32.215-0700][info][gc,start       ] GC(121) Pause Full (G1 Compaction Pause)
[2024-07-05T10:04:32.219-0700][info][gc,phases,start] GC(121) Phase 1: Mark live objects
[2024-07-05T10:04:32.348-0700][info][gc,phases      ] GC(121) Phase 1: Mark live objects 129.023ms
[2024-07-05T10:04:32.348-0700][info][gc,phases,start] GC(121) Phase 2: Prepare for compaction
[2024-07-05T10:04:32.371-0700][info][gc,phases      ] GC(121) Phase 2: Prepare for compaction 23.239ms
[2024-07-05T10:04:32.371-0700][info][gc,phases,start] GC(121) Phase 3: Adjust pointers
[2024-07-05T10:04:32.445-0700][info][gc,phases      ] GC(121) Phase 3: Adjust pointers 73.947ms
[2024-07-05T10:04:32.445-0700][info][gc,phases,start] GC(121) Phase 4: Compact heap
[2024-07-05T10:04:32.603-0700][info][gc,phases      ] GC(121) Phase 4: Compact heap 158.308ms
[2024-07-05T10:04:32.607-0700][info][gc,heap        ] GC(121) Eden regions: 0->0(204)
[2024-07-05T10:04:32.607-0700][info][gc,heap        ] GC(121) Survivor regions: 0->0(0)
[2024-07-05T10:04:32.607-0700][info][gc,heap        ] GC(121) Old regions: 4078->3993
[2024-07-05T10:04:32.607-0700][info][gc,heap        ] GC(121) Archive regions: 2->2
[2024-07-05T10:04:32.607-0700][info][gc,heap        ] GC(121) Humongous regions: 16->16
[2024-07-05T10:04:32.607-0700][info][gc,metaspace   ] GC(121) Metaspace: 304K(512K)->304K(512K) NonClass: 296K(384K)->296K(384K) Class: 7K(128K)->7K(128K)
[2024-07-05T10:04:32.607-0700][info][gc             ] GC(121) Pause Full (G1 Compaction Pause) 4091M->4006M(4096M) 392.533ms
[2024-07-05T10:04:32.608-0700][info][gc,cpu         ] GC(121) User=1.54s Sys=0.00s Real=0.40s
[2024-07-05T10:04:32.608-0700][info][gc,marking     ] GC(116) Concurrent Mark From Roots 404.712ms
[2024-07-05T10:04:32.608-0700][info][gc,marking     ] GC(116) Concurrent Mark Abort
[2024-07-05T10:04:32.608-0700][info][gc             ] GC(116) Concurrent Mark Cycle 405.675ms
[2024-07-05T10:04:40.759-0700][info][gc,start       ] GC(122) Pause Young (Normal) (G1 Preventive Collection)
[2024-07-05T10:04:40.759-0700][info][gc,task        ] GC(122) Using 4 workers of 4 for evacuation
[2024-07-05T10:04:40.773-0700][info][gc,phases      ] GC(122)   Pre Evacuate Collection Set: 0.5ms
[2024-07-05T10:04:40.773-0700][info][gc,phases      ] GC(122)   Merge Heap Roots: 0.3ms
[2024-07-05T10:04:40.773-0700][info][gc,phases      ] GC(122)   Evacuate Collection Set: 12.9ms
[2024-07-05T10:04:40.773-0700][info][gc,phases      ] GC(122)   Post Evacuate Collection Set: 0.7ms
[2024-07-05T10:04:40.773-0700][info][gc,phases      ] GC(122)   Other: 0.1ms
[2024-07-05T10:04:40.773-0700][info][gc,heap        ] GC(122) Eden regions: 40->0(178)
[2024-07-05T10:04:40.773-0700][info][gc,heap        ] GC(122) Survivor regions: 0->26(26)
[2024-07-05T10:04:40.773-0700][info][gc,heap        ] GC(122) Old regions: 3993->4008
[2024-07-05T10:04:40.773-0700][info][gc,heap        ] GC(122) Archive regions: 2->2
[2024-07-05T10:04:40.773-0700][info][gc,heap        ] GC(122) Humongous regions: 16->16
[2024-07-05T10:04:40.773-0700][info][gc,metaspace   ] GC(122) Metaspace: 304K(512K)->304K(512K) NonClass: 296K(384K)->296K(384K) Class: 7K(128K)->7K(128K)
[2024-07-05T10:04:40.773-0700][info][gc             ] GC(122) Pause Young (Normal) (G1 Preventive Collection) 4046M->4046M(4096M) 14.544ms
[2024-07-05T10:04:40.773-0700][info][gc,cpu         ] GC(122) User=0.04s Sys=0.00s Real=0.01s
[2024-07-05T10:04:44.852-0700][info][gc,start       ] GC(123) Pause Young (Concurrent Start) (G1 Preventive Collection)
[2024-07-05T10:04:44.852-0700][info][gc,task        ] GC(123) Using 4 workers of 4 for evacuation
[2024-07-05T10:04:44.864-0700][info][gc             ] GC(123) To-space exhausted
[2024-07-05T10:04:44.864-0700][info][gc,phases      ] GC(123)   Pre Evacuate Collection Set: 0.5ms
[2024-07-05T10:04:44.864-0700][info][gc,phases      ] GC(123)   Merge Heap Roots: 0.3ms
[2024-07-05T10:04:44.864-0700][info][gc,phases      ] GC(123)   Evacuate Collection Set: 8.8ms
[2024-07-05T10:04:44.864-0700][info][gc,phases      ] GC(123)   Post Evacuate Collection Set: 1.7ms
[2024-07-05T10:04:44.864-0700][info][gc,phases      ] GC(123)   Other: 0.2ms
[2024-07-05T10:04:44.864-0700][info][gc,heap        ] GC(123) Eden regions: 20->0(201)
[2024-07-05T10:04:44.864-0700][info][gc,heap        ] GC(123) Survivor regions: 26->3(24)
[2024-07-05T10:04:44.864-0700][info][gc,heap        ] GC(123) Old regions: 4008->4064
[2024-07-05T10:04:44.864-0700][info][gc,heap        ] GC(123) Archive regions: 2->2
[2024-07-05T10:04:44.864-0700][info][gc,heap        ] GC(123) Humongous regions: 16->16
[2024-07-05T10:04:44.864-0700][info][gc,metaspace   ] GC(123) Metaspace: 304K(512K)->304K(512K) NonClass: 296K(384K)->296K(384K) Class: 7K(128K)->7K(128K)
[2024-07-05T10:04:44.864-0700][info][gc             ] GC(123) Pause Young (Concurrent Start) (G1 Preventive Collection) 4066M->4080M(4096M) 11.539ms
[2024-07-05T10:04:44.864-0700][info][gc,cpu         ] GC(123) User=0.04s Sys=0.01s Real=0.02s
[2024-07-05T10:04:44.864-0700][info][gc             ] GC(124) Concurrent Mark Cycle
[2024-07-05T10:04:44.864-0700][info][gc,marking     ] GC(124) Concurrent Clear Claimed Marks
[2024-07-05T10:04:44.864-0700][info][gc,marking     ] GC(124) Concurrent Clear Claimed Marks 0.006ms
[2024-07-05T10:04:44.864-0700][info][gc,marking     ] GC(124) Concurrent Scan Root Regions
[2024-07-05T10:04:44.866-0700][info][gc,marking     ] GC(124) Concurrent Scan Root Regions 1.843ms
[2024-07-05T10:04:44.866-0700][info][gc,marking     ] GC(124) Concurrent Mark
[2024-07-05T10:04:44.866-0700][info][gc,marking     ] GC(124) Concurrent Mark From Roots
[2024-07-05T10:04:44.866-0700][info][gc,task        ] GC(124) Using 1 workers of 1 for marking
[2024-07-05T10:04:45.486-0700][info][gc,marking     ] GC(124) Concurrent Mark From Roots 620.353ms
[2024-07-05T10:04:45.486-0700][info][gc,marking     ] GC(124) Concurrent Preclean
[2024-07-05T10:04:45.486-0700][info][gc,marking     ] GC(124) Concurrent Preclean 0.055ms
[2024-07-05T10:05:01.287-0700][info][gc,start       ] GC(124) Pause Remark
[2024-07-05T10:05:01.288-0700][info][gc             ] GC(124) Pause Remark 4081M->4081M(4096M) 1.387ms
[2024-07-05T10:05:01.288-0700][info][gc,cpu         ] GC(124) User=0.00s Sys=0.00s Real=0.00s
[2024-07-05T10:05:01.288-0700][info][gc,marking     ] GC(124) Concurrent Mark 16422.215ms
[2024-07-05T10:05:01.288-0700][info][gc,marking     ] GC(124) Concurrent Rebuild Remembered Sets
[2024-07-05T10:05:01.556-0700][info][gc,marking     ] GC(124) Concurrent Rebuild Remembered Sets 268.377ms
[2024-07-05T10:05:01.822-0700][info][gc,start       ] GC(124) Pause Cleanup
[2024-07-05T10:05:01.823-0700][info][gc             ] GC(124) Pause Cleanup 4081M->4081M(4096M) 1.248ms
[2024-07-05T10:05:01.823-0700][info][gc,cpu         ] GC(124) User=0.00s Sys=0.00s Real=0.01s
[2024-07-05T10:05:01.823-0700][info][gc,marking     ] GC(124) Concurrent Cleanup for Next Mark
[2024-07-05T10:05:01.830-0700][info][gc,marking     ] GC(124) Concurrent Cleanup for Next Mark 7.138ms
[2024-07-05T10:05:01.830-0700][info][gc             ] GC(124) Concurrent Mark Cycle 16966.445ms
[2024-07-05T10:05:02.937-0700][info][gc,start       ] GC(125) Pause Young (Prepare Mixed) (G1 Preventive Collection)
[2024-07-05T10:05:02.937-0700][info][gc,task        ] GC(125) Using 4 workers of 4 for evacuation
[2024-07-05T10:05:02.944-0700][info][gc             ] GC(125) To-space exhausted
[2024-07-05T10:05:02.944-0700][info][gc,phases      ] GC(125)   Pre Evacuate Collection Set: 0.5ms
[2024-07-05T10:05:02.944-0700][info][gc,phases      ] GC(125)   Merge Heap Roots: 0.3ms
[2024-07-05T10:05:02.944-0700][info][gc,phases      ] GC(125)   Evacuate Collection Set: 4.8ms
[2024-07-05T10:05:02.944-0700][info][gc,phases      ] GC(125)   Post Evacuate Collection Set: 0.9ms
[2024-07-05T10:05:02.944-0700][info][gc,phases      ] GC(125)   Other: 0.1ms
[2024-07-05T10:05:02.944-0700][info][gc,heap        ] GC(125) Eden regions: 4->0(197)
[2024-07-05T10:05:02.944-0700][info][gc,heap        ] GC(125) Survivor regions: 3->7(7)
[2024-07-05T10:05:02.944-0700][info][gc,heap        ] GC(125) Old regions: 4064->4065
[2024-07-05T10:05:02.944-0700][info][gc,heap        ] GC(125) Archive regions: 2->2
[2024-07-05T10:05:02.944-0700][info][gc,heap        ] GC(125) Humongous regions: 16->16
[2024-07-05T10:05:02.944-0700][info][gc,metaspace   ] GC(125) Metaspace: 304K(512K)->304K(512K) NonClass: 296K(384K)->296K(384K) Class: 7K(128K)->7K(128K)
[2024-07-05T10:05:02.944-0700][info][gc             ] GC(125) Pause Young (Prepare Mixed) (G1 Preventive Collection) 4084M->4085M(4096M) 6.607ms
[2024-07-05T10:05:02.944-0700][info][gc,cpu         ] GC(125) User=0.02s Sys=0.01s Real=0.01s
[2024-07-05T10:05:02.944-0700][info][gc,start       ] GC(126) Pause Young (Mixed) (G1 Preventive Collection)
[2024-07-05T10:05:02.944-0700][info][gc,task        ] GC(126) Using 4 workers of 4 for evacuation
[2024-07-05T10:05:02.947-0700][info][gc             ] GC(126) To-space exhausted
[2024-07-05T10:05:02.947-0700][info][gc,phases      ] GC(126)   Pre Evacuate Collection Set: 0.4ms
[2024-07-05T10:05:02.947-0700][info][gc,phases      ] GC(126)   Merge Heap Roots: 0.2ms
[2024-07-05T10:05:02.947-0700][info][gc,phases      ] GC(126)   Evacuate Collection Set: 1.5ms
[2024-07-05T10:05:02.947-0700][info][gc,phases      ] GC(126)   Post Evacuate Collection Set: 0.7ms
[2024-07-05T10:05:02.947-0700][info][gc,phases      ] GC(126)   Other: 0.1ms
[2024-07-05T10:05:02.947-0700][info][gc,heap        ] GC(126) Eden regions: 1->0(200)
[2024-07-05T10:05:02.947-0700][info][gc,heap        ] GC(126) Survivor regions: 7->4(5)
[2024-07-05T10:05:02.947-0700][info][gc,heap        ] GC(126) Old regions: 4065->4071
[2024-07-05T10:05:02.947-0700][info][gc,heap        ] GC(126) Archive regions: 2->2
[2024-07-05T10:05:02.947-0700][info][gc,heap        ] GC(126) Humongous regions: 16->16
[2024-07-05T10:05:02.947-0700][info][gc,metaspace   ] GC(126) Metaspace: 304K(512K)->304K(512K) NonClass: 296K(384K)->296K(384K) Class: 7K(128K)->7K(128K)
[2024-07-05T10:05:02.947-0700][info][gc             ] GC(126) Pause Young (Mixed) (G1 Preventive Collection) 4086M->4088M(4096M) 2.907ms
[2024-07-05T10:05:02.947-0700][info][gc,cpu         ] GC(126) User=0.00s Sys=0.00s Real=0.00s
[2024-07-05T10:05:02.947-0700][info][gc,start       ] GC(127) Pause Young (Concurrent Start) (G1 Preventive Collection)
[2024-07-05T10:05:02.947-0700][info][gc,task        ] GC(127) Using 4 workers of 4 for evacuation
[2024-07-05T10:05:02.950-0700][info][gc             ] GC(127) To-space exhausted
[2024-07-05T10:05:02.950-0700][info][gc,phases      ] GC(127)   Pre Evacuate Collection Set: 0.4ms
[2024-07-05T10:05:02.950-0700][info][gc,phases      ] GC(127)   Merge Heap Roots: 0.2ms
[2024-07-05T10:05:02.950-0700][info][gc,phases      ] GC(127)   Evacuate Collection Set: 0.9ms
[2024-07-05T10:05:02.950-0700][info][gc,phases      ] GC(127)   Post Evacuate Collection Set: 0.8ms
[2024-07-05T10:05:02.950-0700][info][gc,phases      ] GC(127)   Other: 0.2ms
[2024-07-05T10:05:02.950-0700][info][gc,heap        ] GC(127) Eden regions: 1->0(202)
[2024-07-05T10:05:02.950-0700][info][gc,heap        ] GC(127) Survivor regions: 4->2(2)
[2024-07-05T10:05:02.950-0700][info][gc,heap        ] GC(127) Old regions: 4071->4075
[2024-07-05T10:05:02.950-0700][info][gc,heap        ] GC(127) Archive regions: 2->2
[2024-07-05T10:05:02.950-0700][info][gc,heap        ] GC(127) Humongous regions: 16->16
[2024-07-05T10:05:02.950-0700][info][gc,metaspace   ] GC(127) Metaspace: 304K(512K)->304K(512K) NonClass: 296K(384K)->296K(384K) Class: 7K(128K)->7K(128K)
[2024-07-05T10:05:02.950-0700][info][gc             ] GC(127) Pause Young (Concurrent Start) (G1 Preventive Collection) 4089M->4090M(4096M) 2.354ms
[2024-07-05T10:05:02.950-0700][info][gc,cpu         ] GC(127) User=0.01s Sys=0.00s Real=0.00s
[2024-07-05T10:05:02.950-0700][info][gc             ] GC(128) Concurrent Mark Cycle
[2024-07-05T10:05:02.950-0700][info][gc,marking     ] GC(128) Concurrent Clear Claimed Marks
[2024-07-05T10:05:02.950-0700][info][gc,marking     ] GC(128) Concurrent Clear Claimed Marks 0.005ms
[2024-07-05T10:05:02.950-0700][info][gc,marking     ] GC(128) Concurrent Scan Root Regions
[2024-07-05T10:05:02.950-0700][info][gc,marking     ] GC(128) Concurrent Scan Root Regions 0.256ms
[2024-07-05T10:05:02.950-0700][info][gc,marking     ] GC(128) Concurrent Mark
[2024-07-05T10:05:02.950-0700][info][gc,marking     ] GC(128) Concurrent Mark From Roots
[2024-07-05T10:05:02.950-0700][info][gc,task        ] GC(128) Using 1 workers of 1 for marking
[2024-07-05T10:05:02.950-0700][info][gc,start       ] GC(129) Pause Young (Normal) (G1 Evacuation Pause)
[2024-07-05T10:05:02.950-0700][info][gc,task        ] GC(129) Using 4 workers of 4 for evacuation
[2024-07-05T10:05:02.952-0700][info][gc             ] GC(129) To-space exhausted
[2024-07-05T10:05:02.952-0700][info][gc,phases      ] GC(129)   Pre Evacuate Collection Set: 0.6ms
[2024-07-05T10:05:02.952-0700][info][gc,phases      ] GC(129)   Merge Heap Roots: 0.1ms
[2024-07-05T10:05:02.952-0700][info][gc,phases      ] GC(129)   Evacuate Collection Set: 0.5ms
[2024-07-05T10:05:02.952-0700][info][gc,phases      ] GC(129)   Post Evacuate Collection Set: 0.7ms
[2024-07-05T10:05:02.952-0700][info][gc,phases      ] GC(129)   Other: 0.1ms
[2024-07-05T10:05:02.952-0700][info][gc,heap        ] GC(129) Eden regions: 1->0(204)
[2024-07-05T10:05:02.952-0700][info][gc,heap        ] GC(129) Survivor regions: 2->0(0)
[2024-07-05T10:05:02.952-0700][info][gc,heap        ] GC(129) Old regions: 4075->4078
[2024-07-05T10:05:02.952-0700][info][gc,heap        ] GC(129) Archive regions: 2->2
[2024-07-05T10:05:02.952-0700][info][gc,heap        ] GC(129) Humongous regions: 16->16
[2024-07-05T10:05:02.952-0700][info][gc,metaspace   ] GC(129) Metaspace: 304K(512K)->304K(512K) NonClass: 296K(384K)->296K(384K) Class: 7K(128K)->7K(128K)
[2024-07-05T10:05:02.952-0700][info][gc             ] GC(129) Pause Young (Normal) (G1 Evacuation Pause) 4091M->4091M(4096M) 1.826ms
[2024-07-05T10:05:02.952-0700][info][gc,cpu         ] GC(129) User=0.00s Sys=0.00s Real=0.00s
[2024-07-05T10:05:02.952-0700][info][gc,ergo        ] Attempting full compaction
[2024-07-05T10:05:02.952-0700][info][gc,task        ] GC(130) Using 4 workers of 4 for full compaction
[2024-07-05T10:05:02.952-0700][info][gc,start       ] GC(130) Pause Full (G1 Compaction Pause)
[2024-07-05T10:05:02.956-0700][info][gc,phases,start] GC(130) Phase 1: Mark live objects
[2024-07-05T10:05:03.054-0700][info][gc,phases      ] GC(130) Phase 1: Mark live objects 98.214ms
[2024-07-05T10:05:03.054-0700][info][gc,phases,start] GC(130) Phase 2: Prepare for compaction
[2024-07-05T10:05:03.089-0700][info][gc,phases      ] GC(130) Phase 2: Prepare for compaction 35.118ms
[2024-07-05T10:05:03.089-0700][info][gc,phases,start] GC(130) Phase 3: Adjust pointers
[2024-07-05T10:05:03.166-0700][info][gc,phases      ] GC(130) Phase 3: Adjust pointers 76.621ms
[2024-07-05T10:05:03.166-0700][info][gc,phases,start] GC(130) Phase 4: Compact heap
[2024-07-05T10:05:03.362-0700][info][gc,phases      ] GC(130) Phase 4: Compact heap 196.305ms
[2024-07-05T10:05:03.365-0700][info][gc,heap        ] GC(130) Eden regions: 0->0(204)
[2024-07-05T10:05:03.365-0700][info][gc,heap        ] GC(130) Survivor regions: 0->0(0)
[2024-07-05T10:05:03.365-0700][info][gc,heap        ] GC(130) Old regions: 4078->3977
[2024-07-05T10:05:03.365-0700][info][gc,heap        ] GC(130) Archive regions: 2->2
[2024-07-05T10:05:03.365-0700][info][gc,heap        ] GC(130) Humongous regions: 16->16
[2024-07-05T10:05:03.365-0700][info][gc,metaspace   ] GC(130) Metaspace: 304K(512K)->304K(512K) NonClass: 296K(384K)->296K(384K) Class: 7K(128K)->7K(128K)
[2024-07-05T10:05:03.365-0700][info][gc             ] GC(130) Pause Full (G1 Compaction Pause) 4091M->3990M(4096M) 413.008ms
[2024-07-05T10:05:03.365-0700][info][gc,cpu         ] GC(130) User=1.62s Sys=0.00s Real=0.42s
[2024-07-05T10:05:03.366-0700][info][gc,marking     ] GC(128) Concurrent Mark From Roots 415.351ms
[2024-07-05T10:05:03.366-0700][info][gc,marking     ] GC(128) Concurrent Mark Abort
[2024-07-05T10:05:03.366-0700][info][gc             ] GC(128) Concurrent Mark Cycle 415.728ms
[2024-07-05T10:05:13.459-0700][info][gc,start       ] GC(131) Pause Young (Normal) (G1 Preventive Collection)
[2024-07-05T10:05:13.459-0700][info][gc,task        ] GC(131) Using 4 workers of 4 for evacuation
[2024-07-05T10:05:13.473-0700][info][gc             ] GC(131) To-space exhausted
[2024-07-05T10:05:13.473-0700][info][gc,phases      ] GC(131)   Pre Evacuate Collection Set: 0.4ms
[2024-07-05T10:05:13.473-0700][info][gc,phases      ] GC(131)   Merge Heap Roots: 0.2ms
[2024-07-05T10:05:13.473-0700][info][gc,phases      ] GC(131)   Evacuate Collection Set: 13.2ms
[2024-07-05T10:05:13.473-0700][info][gc,phases      ] GC(131)   Post Evacuate Collection Set: 0.9ms
[2024-07-05T10:05:13.473-0700][info][gc,phases      ] GC(131)   Other: 0.1ms
[2024-07-05T10:05:13.473-0700][info][gc,heap        ] GC(131) Eden regions: 51->0(178)
[2024-07-05T10:05:13.473-0700][info][gc,heap        ] GC(131) Survivor regions: 0->26(26)
[2024-07-05T10:05:13.473-0700][info][gc,heap        ] GC(131) Old regions: 3977->4007
[2024-07-05T10:05:13.473-0700][info][gc,heap        ] GC(131) Archive regions: 2->2
[2024-07-05T10:05:13.473-0700][info][gc,heap        ] GC(131) Humongous regions: 16->16
[2024-07-05T10:05:13.473-0700][info][gc,metaspace   ] GC(131) Metaspace: 304K(512K)->304K(512K) NonClass: 296K(384K)->296K(384K) Class: 7K(128K)->7K(128K)
[2024-07-05T10:05:13.473-0700][info][gc             ] GC(131) Pause Young (Normal) (G1 Preventive Collection) 4041M->4046M(4096M) 14.930ms
[2024-07-05T10:05:13.474-0700][info][gc,cpu         ] GC(131) User=0.04s Sys=0.00s Real=0.01s
[2024-07-05T10:05:19.646-0700][info][gc,start       ] GC(132) Pause Young (Concurrent Start) (G1 Preventive Collection)
[2024-07-05T10:05:19.646-0700][info][gc,task        ] GC(132) Using 4 workers of 4 for evacuation
[2024-07-05T10:05:19.658-0700][info][gc             ] GC(132) To-space exhausted
[2024-07-05T10:05:19.658-0700][info][gc,phases      ] GC(132)   Pre Evacuate Collection Set: 0.4ms
[2024-07-05T10:05:19.658-0700][info][gc,phases      ] GC(132)   Merge Heap Roots: 0.2ms
[2024-07-05T10:05:19.658-0700][info][gc,phases      ] GC(132)   Evacuate Collection Set: 9.3ms
[2024-07-05T10:05:19.658-0700][info][gc,phases      ] GC(132)   Post Evacuate Collection Set: 1.4ms
[2024-07-05T10:05:19.658-0700][info][gc,phases      ] GC(132)   Other: 0.3ms
[2024-07-05T10:05:19.658-0700][info][gc,heap        ] GC(132) Eden regions: 22->0(182)
[2024-07-05T10:05:19.658-0700][info][gc,heap        ] GC(132) Survivor regions: 26->22(23)
[2024-07-05T10:05:19.658-0700][info][gc,heap        ] GC(132) Old regions: 4007->4034
[2024-07-05T10:05:19.658-0700][info][gc,heap        ] GC(132) Archive regions: 2->2
[2024-07-05T10:05:19.658-0700][info][gc,heap        ] GC(132) Humongous regions: 16->16
[2024-07-05T10:05:19.658-0700][info][gc,metaspace   ] GC(132) Metaspace: 304K(512K)->304K(512K) NonClass: 296K(384K)->296K(384K) Class: 7K(128K)->7K(128K)
[2024-07-05T10:05:19.658-0700][info][gc             ] GC(132) Pause Young (Concurrent Start) (G1 Preventive Collection) 4068M->4069M(4096M) 11.761ms
[2024-07-05T10:05:19.658-0700][info][gc,cpu         ] GC(132) User=0.04s Sys=0.00s Real=0.01s
[2024-07-05T10:05:19.658-0700][info][gc             ] GC(133) Concurrent Mark Cycle
[2024-07-05T10:05:19.658-0700][info][gc,marking     ] GC(133) Concurrent Clear Claimed Marks
[2024-07-05T10:05:19.658-0700][info][gc,marking     ] GC(133) Concurrent Clear Claimed Marks 0.006ms
[2024-07-05T10:05:19.658-0700][info][gc,marking     ] GC(133) Concurrent Scan Root Regions
[2024-07-05T10:05:19.660-0700][info][gc,marking     ] GC(133) Concurrent Scan Root Regions 2.192ms
[2024-07-05T10:05:19.660-0700][info][gc,marking     ] GC(133) Concurrent Mark
[2024-07-05T10:05:19.660-0700][info][gc,marking     ] GC(133) Concurrent Mark From Roots
[2024-07-05T10:05:19.660-0700][info][gc,task        ] GC(133) Using 1 workers of 1 for marking
[2024-07-05T10:05:19.660-0700][info][gc,start       ] GC(134) Pause Young (Normal) (G1 Preventive Collection)
[2024-07-05T10:05:19.660-0700][info][gc,task        ] GC(134) Using 4 workers of 4 for evacuation
[2024-07-05T10:05:19.668-0700][info][gc             ] GC(134) To-space exhausted
[2024-07-05T10:05:19.668-0700][info][gc,phases      ] GC(134)   Pre Evacuate Collection Set: 1.6ms
[2024-07-05T10:05:19.668-0700][info][gc,phases      ] GC(134)   Merge Heap Roots: 0.2ms
[2024-07-05T10:05:19.668-0700][info][gc,phases      ] GC(134)   Evacuate Collection Set: 5.7ms
[2024-07-05T10:05:19.668-0700][info][gc,phases      ] GC(134)   Post Evacuate Collection Set: 1.0ms
[2024-07-05T10:05:19.668-0700][info][gc,phases      ] GC(134)   Other: 0.1ms
[2024-07-05T10:05:19.668-0700][info][gc,heap        ] GC(134) Eden regions: 9->0(204)
[2024-07-05T10:05:19.668-0700][info][gc,heap        ] GC(134) Survivor regions: 22->0(13)
[2024-07-05T10:05:19.668-0700][info][gc,heap        ] GC(134) Old regions: 4034->4069
[2024-07-05T10:05:19.668-0700][info][gc,heap        ] GC(134) Archive regions: 2->2
[2024-07-05T10:05:19.668-0700][info][gc,heap        ] GC(134) Humongous regions: 16->16
[2024-07-05T10:05:19.668-0700][info][gc,metaspace   ] GC(134) Metaspace: 304K(512K)->304K(512K) NonClass: 296K(384K)->296K(384K) Class: 7K(128K)->7K(128K)
[2024-07-05T10:05:19.668-0700][info][gc             ] GC(134) Pause Young (Normal) (G1 Preventive Collection) 4078M->4082M(4096M) 7.513ms
[2024-07-05T10:05:19.668-0700][info][gc,cpu         ] GC(134) User=0.02s Sys=0.00s Real=0.01s
[2024-07-05T10:05:20.261-0700][info][gc,marking     ] GC(133) Concurrent Mark From Roots 600.309ms
[2024-07-05T10:05:20.261-0700][info][gc,marking     ] GC(133) Concurrent Preclean
[2024-07-05T10:05:20.261-0700][info][gc,marking     ] GC(133) Concurrent Preclean 0.055ms
[2024-07-05T10:05:23.945-0700][info][gc,start       ] GC(133) Pause Remark
[2024-07-05T10:05:23.948-0700][info][gc             ] GC(133) Pause Remark 4083M->4083M(4096M) 2.693ms
[2024-07-05T10:05:23.948-0700][info][gc,cpu         ] GC(133) User=0.00s Sys=0.00s Real=0.00s
[2024-07-05T10:05:23.948-0700][info][gc,marking     ] GC(133) Concurrent Mark 4287.556ms
[2024-07-05T10:05:23.948-0700][info][gc,marking     ] GC(133) Concurrent Rebuild Remembered Sets
[2024-07-05T10:05:24.263-0700][info][gc,marking     ] GC(133) Concurrent Rebuild Remembered Sets 315.318ms
[2024-07-05T10:05:24.876-0700][info][gc,start       ] GC(133) Pause Cleanup
[2024-07-05T10:05:24.877-0700][info][gc             ] GC(133) Pause Cleanup 4083M->4083M(4096M) 1.352ms
[2024-07-05T10:05:24.877-0700][info][gc,cpu         ] GC(133) User=0.00s Sys=0.00s Real=0.00s
[2024-07-05T10:05:24.878-0700][info][gc,marking     ] GC(133) Concurrent Cleanup for Next Mark
[2024-07-05T10:05:24.885-0700][info][gc,marking     ] GC(133) Concurrent Cleanup for Next Mark 7.137ms
[2024-07-05T10:05:24.885-0700][info][gc             ] GC(133) Concurrent Mark Cycle 5226.666ms
[2024-07-05T10:05:26.390-0700][info][gc,start       ] GC(135) Pause Young (Prepare Mixed) (G1 Preventive Collection)
[2024-07-05T10:05:26.390-0700][info][gc,task        ] GC(135) Using 4 workers of 4 for evacuation
[2024-07-05T10:05:26.398-0700][info][gc,phases      ] GC(135)   Pre Evacuate Collection Set: 0.5ms
[2024-07-05T10:05:26.398-0700][info][gc,phases      ] GC(135)   Merge Heap Roots: 0.3ms
[2024-07-05T10:05:26.398-0700][info][gc,phases      ] GC(135)   Evacuate Collection Set: 6.7ms
[2024-07-05T10:05:26.398-0700][info][gc,phases      ] GC(135)   Post Evacuate Collection Set: 1.0ms
[2024-07-05T10:05:26.398-0700][info][gc,phases      ] GC(135)   Other: 0.1ms
[2024-07-05T10:05:26.398-0700][info][gc,heap        ] GC(135) Eden regions: 4->0(199)
[2024-07-05T10:05:26.398-0700][info][gc,heap        ] GC(135) Survivor regions: 0->5(5)
[2024-07-05T10:05:26.398-0700][info][gc,heap        ] GC(135) Old regions: 4069->4069
[2024-07-05T10:05:26.398-0700][info][gc,heap        ] GC(135) Archive regions: 2->2
[2024-07-05T10:05:26.398-0700][info][gc,heap        ] GC(135) Humongous regions: 16->16
[2024-07-05T10:05:26.398-0700][info][gc,metaspace   ] GC(135) Metaspace: 304K(512K)->304K(512K) NonClass: 296K(384K)->296K(384K) Class: 7K(128K)->7K(128K)
[2024-07-05T10:05:26.399-0700][info][gc             ] GC(135) Pause Young (Prepare Mixed) (G1 Preventive Collection) 4086M->4087M(4096M) 8.784ms
[2024-07-05T10:05:26.399-0700][info][gc,cpu         ] GC(135) User=0.02s Sys=0.00s Real=0.01s
[2024-07-05T10:05:26.399-0700][info][gc,start       ] GC(136) Pause Young (Mixed) (G1 Preventive Collection)
[2024-07-05T10:05:26.399-0700][info][gc,task        ] GC(136) Using 4 workers of 4 for evacuation
[2024-07-05T10:05:26.402-0700][info][gc             ] GC(136) To-space exhausted
[2024-07-05T10:05:26.402-0700][info][gc,phases      ] GC(136)   Pre Evacuate Collection Set: 0.6ms
[2024-07-05T10:05:26.402-0700][info][gc,phases      ] GC(136)   Merge Heap Roots: 0.2ms
[2024-07-05T10:05:26.402-0700][info][gc,phases      ] GC(136)   Evacuate Collection Set: 1.0ms
[2024-07-05T10:05:26.402-0700][info][gc,phases      ] GC(136)   Post Evacuate Collection Set: 0.8ms
[2024-07-05T10:05:26.402-0700][info][gc,phases      ] GC(136)   Other: 0.1ms
[2024-07-05T10:05:26.402-0700][info][gc,heap        ] GC(136) Eden regions: 1->0(202)
[2024-07-05T10:05:26.402-0700][info][gc,heap        ] GC(136) Survivor regions: 5->2(3)
[2024-07-05T10:05:26.402-0700][info][gc,heap        ] GC(136) Old regions: 4069->4072
[2024-07-05T10:05:26.402-0700][info][gc,heap        ] GC(136) Archive regions: 2->2
[2024-07-05T10:05:26.402-0700][info][gc,heap        ] GC(136) Humongous regions: 16->16
[2024-07-05T10:05:26.402-0700][info][gc,metaspace   ] GC(136) Metaspace: 304K(512K)->304K(512K) NonClass: 296K(384K)->296K(384K) Class: 7K(128K)->7K(128K)
[2024-07-05T10:05:26.402-0700][info][gc             ] GC(136) Pause Young (Mixed) (G1 Preventive Collection) 4088M->4088M(4096M) 2.735ms
[2024-07-05T10:05:26.402-0700][info][gc,cpu         ] GC(136) User=0.01s Sys=0.00s Real=0.00s
[2024-07-05T10:05:26.402-0700][info][gc,start       ] GC(137) Pause Young (Concurrent Start) (G1 Preventive Collection)
[2024-07-05T10:05:26.402-0700][info][gc,task        ] GC(137) Using 4 workers of 4 for evacuation
[2024-07-05T10:05:26.405-0700][info][gc             ] GC(137) To-space exhausted
[2024-07-05T10:05:26.405-0700][info][gc,phases      ] GC(137)   Pre Evacuate Collection Set: 0.4ms
[2024-07-05T10:05:26.405-0700][info][gc,phases      ] GC(137)   Merge Heap Roots: 0.1ms
[2024-07-05T10:05:26.405-0700][info][gc,phases      ] GC(137)   Evacuate Collection Set: 0.8ms
[2024-07-05T10:05:26.405-0700][info][gc,phases      ] GC(137)   Post Evacuate Collection Set: 0.8ms
[2024-07-05T10:05:26.405-0700][info][gc,phases      ] GC(137)   Other: 0.2ms
[2024-07-05T10:05:26.405-0700][info][gc,heap        ] GC(137) Eden regions: 1->0(201)
[2024-07-05T10:05:26.405-0700][info][gc,heap        ] GC(137) Survivor regions: 2->3(3)
[2024-07-05T10:05:26.405-0700][info][gc,heap        ] GC(137) Old regions: 4072->4074
[2024-07-05T10:05:26.405-0700][info][gc,heap        ] GC(137) Archive regions: 2->2
[2024-07-05T10:05:26.405-0700][info][gc,heap        ] GC(137) Humongous regions: 16->16
[2024-07-05T10:05:26.405-0700][info][gc,metaspace   ] GC(137) Metaspace: 304K(512K)->304K(512K) NonClass: 296K(384K)->296K(384K) Class: 7K(128K)->7K(128K)
[2024-07-05T10:05:26.405-0700][info][gc             ] GC(137) Pause Young (Concurrent Start) (G1 Preventive Collection) 4089M->4091M(4096M) 2.449ms
[2024-07-05T10:05:26.405-0700][info][gc,cpu         ] GC(137) User=0.00s Sys=0.00s Real=0.01s
[2024-07-05T10:05:26.405-0700][info][gc             ] GC(138) Concurrent Mark Cycle
[2024-07-05T10:05:26.405-0700][info][gc,marking     ] GC(138) Concurrent Clear Claimed Marks
[2024-07-05T10:05:26.405-0700][info][gc,marking     ] GC(138) Concurrent Clear Claimed Marks 0.005ms
[2024-07-05T10:05:26.405-0700][info][gc,marking     ] GC(138) Concurrent Scan Root Regions
[2024-07-05T10:05:26.405-0700][info][gc,marking     ] GC(138) Concurrent Scan Root Regions 0.350ms
[2024-07-05T10:05:26.405-0700][info][gc,marking     ] GC(138) Concurrent Mark
[2024-07-05T10:05:26.405-0700][info][gc,marking     ] GC(138) Concurrent Mark From Roots
[2024-07-05T10:05:26.405-0700][info][gc,task        ] GC(138) Using 1 workers of 1 for marking
[2024-07-05T10:05:26.405-0700][info][gc,start       ] GC(139) Pause Young (Normal) (G1 Evacuation Pause)
[2024-07-05T10:05:26.405-0700][info][gc,task        ] GC(139) Using 4 workers of 4 for evacuation
[2024-07-05T10:05:26.407-0700][info][gc             ] GC(139) To-space exhausted
[2024-07-05T10:05:26.407-0700][info][gc,phases      ] GC(139)   Pre Evacuate Collection Set: 0.6ms
[2024-07-05T10:05:26.407-0700][info][gc,phases      ] GC(139)   Merge Heap Roots: 0.2ms
[2024-07-05T10:05:26.407-0700][info][gc,phases      ] GC(139)   Evacuate Collection Set: 0.7ms
[2024-07-05T10:05:26.407-0700][info][gc,phases      ] GC(139)   Post Evacuate Collection Set: 0.7ms
[2024-07-05T10:05:26.407-0700][info][gc,phases      ] GC(139)   Other: 0.1ms
[2024-07-05T10:05:26.407-0700][info][gc,heap        ] GC(139) Eden regions: 1->0(204)
[2024-07-05T10:05:26.407-0700][info][gc,heap        ] GC(139) Survivor regions: 3->0(0)
[2024-07-05T10:05:26.407-0700][info][gc,heap        ] GC(139) Old regions: 4074->4078
[2024-07-05T10:05:26.407-0700][info][gc,heap        ] GC(139) Archive regions: 2->2
[2024-07-05T10:05:26.407-0700][info][gc,heap        ] GC(139) Humongous regions: 16->16
[2024-07-05T10:05:26.407-0700][info][gc,metaspace   ] GC(139) Metaspace: 304K(512K)->304K(512K) NonClass: 296K(384K)->296K(384K) Class: 7K(128K)->7K(128K)
[2024-07-05T10:05:26.407-0700][info][gc             ] GC(139) Pause Young (Normal) (G1 Evacuation Pause) 4092M->4092M(4096M) 2.057ms
[2024-07-05T10:05:26.407-0700][info][gc,cpu         ] GC(139) User=0.00s Sys=0.01s Real=0.00s
[2024-07-05T10:05:26.407-0700][info][gc,ergo        ] Attempting full compaction
[2024-07-05T10:05:26.407-0700][info][gc,task        ] GC(140) Using 4 workers of 4 for full compaction
[2024-07-05T10:05:26.407-0700][info][gc,start       ] GC(140) Pause Full (G1 Compaction Pause)
[2024-07-05T10:05:26.413-0700][info][gc,phases,start] GC(140) Phase 1: Mark live objects
[2024-07-05T10:05:26.548-0700][info][gc,phases      ] GC(140) Phase 1: Mark live objects 135.416ms
[2024-07-05T10:05:26.548-0700][info][gc,phases,start] GC(140) Phase 2: Prepare for compaction
[2024-07-05T10:05:26.577-0700][info][gc,phases      ] GC(140) Phase 2: Prepare for compaction 28.860ms
[2024-07-05T10:05:26.577-0700][info][gc,phases,start] GC(140) Phase 3: Adjust pointers
[2024-07-05T10:05:26.664-0700][info][gc,phases      ] GC(140) Phase 3: Adjust pointers 87.387ms
[2024-07-05T10:05:26.664-0700][info][gc,phases,start] GC(140) Phase 4: Compact heap
[2024-07-05T10:05:26.847-0700][info][gc,phases      ] GC(140) Phase 4: Compact heap 182.526ms
[2024-07-05T10:05:26.851-0700][info][gc,heap        ] GC(140) Eden regions: 0->0(204)
[2024-07-05T10:05:26.851-0700][info][gc,heap        ] GC(140) Survivor regions: 0->0(0)
[2024-07-05T10:05:26.851-0700][info][gc,heap        ] GC(140) Old regions: 4078->3999
[2024-07-05T10:05:26.851-0700][info][gc,heap        ] GC(140) Archive regions: 2->2
[2024-07-05T10:05:26.851-0700][info][gc,heap        ] GC(140) Humongous regions: 16->16
[2024-07-05T10:05:26.851-0700][info][gc,metaspace   ] GC(140) Metaspace: 304K(512K)->304K(512K) NonClass: 296K(384K)->296K(384K) Class: 7K(128K)->7K(128K)
[2024-07-05T10:05:26.851-0700][info][gc             ] GC(140) Pause Full (G1 Compaction Pause) 4092M->4012M(4096M) 443.662ms
[2024-07-05T10:05:26.851-0700][info][gc,cpu         ] GC(140) User=1.73s Sys=0.00s Real=0.44s
[2024-07-05T10:05:26.851-0700][info][gc,marking     ] GC(138) Concurrent Mark From Roots 446.072ms
[2024-07-05T10:05:26.851-0700][info][gc,marking     ] GC(138) Concurrent Mark Abort
[2024-07-05T10:05:26.851-0700][info][gc             ] GC(138) Concurrent Mark Cycle 446.513ms
[2024-07-05T10:05:36.018-0700][info][gc,start       ] GC(141) Pause Young (Normal) (G1 Preventive Collection)
[2024-07-05T10:05:36.018-0700][info][gc,task        ] GC(141) Using 4 workers of 4 for evacuation
[2024-07-05T10:05:36.031-0700][info][gc,phases      ] GC(141)   Pre Evacuate Collection Set: 0.5ms
[2024-07-05T10:05:36.031-0700][info][gc,phases      ] GC(141)   Merge Heap Roots: 0.3ms
[2024-07-05T10:05:36.031-0700][info][gc,phases      ] GC(141)   Evacuate Collection Set: 11.5ms
[2024-07-05T10:05:36.031-0700][info][gc,phases      ] GC(141)   Post Evacuate Collection Set: 0.4ms
[2024-07-05T10:05:36.031-0700][info][gc,phases      ] GC(141)   Other: 0.1ms
[2024-07-05T10:05:36.031-0700][info][gc,heap        ] GC(141) Eden regions: 37->0(178)
[2024-07-05T10:05:36.031-0700][info][gc,heap        ] GC(141) Survivor regions: 0->26(26)
[2024-07-05T10:05:36.031-0700][info][gc,heap        ] GC(141) Old regions: 3999->4011
[2024-07-05T10:05:36.031-0700][info][gc,heap        ] GC(141) Archive regions: 2->2
[2024-07-05T10:05:36.031-0700][info][gc,heap        ] GC(141) Humongous regions: 16->16
[2024-07-05T10:05:36.031-0700][info][gc,metaspace   ] GC(141) Metaspace: 304K(512K)->304K(512K) NonClass: 296K(384K)->296K(384K) Class: 7K(128K)->7K(128K)
[2024-07-05T10:05:36.031-0700][info][gc             ] GC(141) Pause Young (Normal) (G1 Preventive Collection) 4049M->4049M(4096M) 12.887ms
[2024-07-05T10:05:36.031-0700][info][gc,cpu         ] GC(141) User=0.02s Sys=0.02s Real=0.01s
[2024-07-05T10:05:40.270-0700][info][gc,start       ] GC(142) Pause Young (Concurrent Start) (G1 Preventive Collection)
[2024-07-05T10:05:40.270-0700][info][gc,task        ] GC(142) Using 4 workers of 4 for evacuation
[2024-07-05T10:05:40.283-0700][info][gc             ] GC(142) To-space exhausted
[2024-07-05T10:05:40.283-0700][info][gc,phases      ] GC(142)   Pre Evacuate Collection Set: 0.6ms
[2024-07-05T10:05:40.283-0700][info][gc,phases      ] GC(142)   Merge Heap Roots: 0.3ms
[2024-07-05T10:05:40.283-0700][info][gc,phases      ] GC(142)   Evacuate Collection Set: 11.4ms
[2024-07-05T10:05:40.283-0700][info][gc,phases      ] GC(142)   Post Evacuate Collection Set: 1.2ms
[2024-07-05T10:05:40.283-0700][info][gc,phases      ] GC(142)   Other: 0.5ms
[2024-07-05T10:05:40.283-0700][info][gc,heap        ] GC(142) Eden regions: 19->0(204)
[2024-07-05T10:05:40.283-0700][info][gc,heap        ] GC(142) Survivor regions: 26->0(22)
[2024-07-05T10:05:40.283-0700][info][gc,heap        ] GC(142) Old regions: 4011->4057
[2024-07-05T10:05:40.283-0700][info][gc,heap        ] GC(142) Archive regions: 2->2
[2024-07-05T10:05:40.283-0700][info][gc,heap        ] GC(142) Humongous regions: 16->16
[2024-07-05T10:05:40.283-0700][info][gc,metaspace   ] GC(142) Metaspace: 304K(512K)->304K(512K) NonClass: 296K(384K)->296K(384K) Class: 7K(128K)->7K(128K)
[2024-07-05T10:05:40.283-0700][info][gc             ] GC(142) Pause Young (Concurrent Start) (G1 Preventive Collection) 4068M->4070M(4096M) 13.932ms
[2024-07-05T10:05:40.284-0700][info][gc,cpu         ] GC(142) User=0.05s Sys=0.00s Real=0.02s
[2024-07-05T10:05:40.284-0700][info][gc             ] GC(143) Concurrent Mark Cycle
[2024-07-05T10:05:40.284-0700][info][gc,marking     ] GC(143) Concurrent Clear Claimed Marks
[2024-07-05T10:05:40.284-0700][info][gc,marking     ] GC(143) Concurrent Clear Claimed Marks 0.006ms
[2024-07-05T10:05:40.284-0700][info][gc,marking     ] GC(143) Concurrent Scan Root Regions
[2024-07-05T10:05:40.286-0700][info][gc,marking     ] GC(143) Concurrent Scan Root Regions 2.587ms
[2024-07-05T10:05:40.286-0700][info][gc,marking     ] GC(143) Concurrent Mark
[2024-07-05T10:05:40.286-0700][info][gc,marking     ] GC(143) Concurrent Mark From Roots
[2024-07-05T10:05:40.286-0700][info][gc,task        ] GC(143) Using 1 workers of 1 for marking
[2024-07-05T10:05:40.882-0700][info][gc,marking     ] GC(143) Concurrent Mark From Roots 595.737ms
[2024-07-05T10:05:40.882-0700][info][gc,marking     ] GC(143) Concurrent Preclean
[2024-07-05T10:05:40.882-0700][info][gc,marking     ] GC(143) Concurrent Preclean 0.060ms
[2024-07-05T10:05:48.554-0700][info][gc,start       ] GC(143) Pause Remark
[2024-07-05T10:05:48.555-0700][info][gc             ] GC(143) Pause Remark 4078M->4078M(4096M) 1.539ms
[2024-07-05T10:05:48.555-0700][info][gc,cpu         ] GC(143) User=0.00s Sys=0.00s Real=0.01s
[2024-07-05T10:05:48.556-0700][info][gc,marking     ] GC(143) Concurrent Mark 8269.294ms
[2024-07-05T10:05:48.556-0700][info][gc,marking     ] GC(143) Concurrent Rebuild Remembered Sets
[2024-07-05T10:05:48.864-0700][info][gc,marking     ] GC(143) Concurrent Rebuild Remembered Sets 308.380ms
[2024-07-05T10:05:49.341-0700][info][gc,start       ] GC(143) Pause Cleanup
[2024-07-05T10:05:49.342-0700][info][gc             ] GC(143) Pause Cleanup 4078M->4078M(4096M) 1.067ms
[2024-07-05T10:05:49.342-0700][info][gc,cpu         ] GC(143) User=0.00s Sys=0.00s Real=0.00s
[2024-07-05T10:05:49.342-0700][info][gc,marking     ] GC(143) Concurrent Cleanup for Next Mark
[2024-07-05T10:05:49.349-0700][info][gc,marking     ] GC(143) Concurrent Cleanup for Next Mark 6.655ms
[2024-07-05T10:05:49.349-0700][info][gc             ] GC(143) Concurrent Mark Cycle 9065.472ms
[2024-07-05T10:05:50.506-0700][info][gc,start       ] GC(144) Pause Young (Normal) (G1 Preventive Collection)
[2024-07-05T10:05:50.506-0700][info][gc,task        ] GC(144) Using 4 workers of 4 for evacuation
[2024-07-05T10:05:50.512-0700][info][gc,phases      ] GC(144)   Pre Evacuate Collection Set: 0.4ms
[2024-07-05T10:05:50.512-0700][info][gc,phases      ] GC(144)   Merge Heap Roots: 0.4ms
[2024-07-05T10:05:50.512-0700][info][gc,phases      ] GC(144)   Evacuate Collection Set: 4.9ms
[2024-07-05T10:05:50.512-0700][info][gc,phases      ] GC(144)   Post Evacuate Collection Set: 0.8ms
[2024-07-05T10:05:50.512-0700][info][gc,phases      ] GC(144)   Other: 0.1ms
[2024-07-05T10:05:50.512-0700][info][gc,heap        ] GC(144) Eden regions: 10->0(193)
[2024-07-05T10:05:50.513-0700][info][gc,heap        ] GC(144) Survivor regions: 0->11(11)
[2024-07-05T10:05:50.513-0700][info][gc,heap        ] GC(144) Old regions: 4057->4057
[2024-07-05T10:05:50.513-0700][info][gc,heap        ] GC(144) Archive regions: 2->2
[2024-07-05T10:05:50.513-0700][info][gc,heap        ] GC(144) Humongous regions: 16->16
[2024-07-05T10:05:50.513-0700][info][gc,metaspace   ] GC(144) Metaspace: 304K(512K)->304K(512K) NonClass: 296K(384K)->296K(384K) Class: 7K(128K)->7K(128K)
[2024-07-05T10:05:50.513-0700][info][gc             ] GC(144) Pause Young (Normal) (G1 Preventive Collection) 4080M->4080M(4096M) 6.784ms
[2024-07-05T10:05:50.513-0700][info][gc,cpu         ] GC(144) User=0.02s Sys=0.00s Real=0.00s
[2024-07-05T10:05:50.513-0700][info][gc,start       ] GC(145) Pause Young (Concurrent Start) (G1 Preventive Collection)
[2024-07-05T10:05:50.513-0700][info][gc,task        ] GC(145) Using 4 workers of 4 for evacuation
[2024-07-05T10:05:50.517-0700][info][gc             ] GC(145) To-space exhausted
[2024-07-05T10:05:50.517-0700][info][gc,phases      ] GC(145)   Pre Evacuate Collection Set: 0.7ms
[2024-07-05T10:05:50.517-0700][info][gc,phases      ] GC(145)   Merge Heap Roots: 0.2ms
[2024-07-05T10:05:50.517-0700][info][gc,phases      ] GC(145)   Evacuate Collection Set: 2.3ms
[2024-07-05T10:05:50.517-0700][info][gc,phases      ] GC(145)   Post Evacuate Collection Set: 0.9ms
[2024-07-05T10:05:50.517-0700][info][gc,phases      ] GC(145)   Other: 0.3ms
[2024-07-05T10:05:50.517-0700][info][gc,heap        ] GC(145) Eden regions: 1->0(195)
[2024-07-05T10:05:50.517-0700][info][gc,heap        ] GC(145) Survivor regions: 11->9(9)
[2024-07-05T10:05:50.517-0700][info][gc,heap        ] GC(145) Old regions: 4057->4063
[2024-07-05T10:05:50.517-0700][info][gc,heap        ] GC(145) Archive regions: 2->2
[2024-07-05T10:05:50.517-0700][info][gc,heap        ] GC(145) Humongous regions: 16->16
[2024-07-05T10:05:50.517-0700][info][gc,metaspace   ] GC(145) Metaspace: 304K(512K)->304K(512K) NonClass: 296K(384K)->296K(384K) Class: 7K(128K)->7K(128K)
[2024-07-05T10:05:50.517-0700][info][gc             ] GC(145) Pause Young (Concurrent Start) (G1 Preventive Collection) 4081M->4084M(4096M) 4.368ms
[2024-07-05T10:05:50.517-0700][info][gc,cpu         ] GC(145) User=0.01s Sys=0.00s Real=0.01s
[2024-07-05T10:05:50.517-0700][info][gc             ] GC(146) Concurrent Mark Cycle
[2024-07-05T10:05:50.517-0700][info][gc,marking     ] GC(146) Concurrent Clear Claimed Marks
[2024-07-05T10:05:50.518-0700][info][gc,marking     ] GC(146) Concurrent Clear Claimed Marks 0.007ms
[2024-07-05T10:05:50.518-0700][info][gc,marking     ] GC(146) Concurrent Scan Root Regions
[2024-07-05T10:05:50.519-0700][info][gc,marking     ] GC(146) Concurrent Scan Root Regions 1.047ms
[2024-07-05T10:05:50.519-0700][info][gc,marking     ] GC(146) Concurrent Mark
[2024-07-05T10:05:50.519-0700][info][gc,marking     ] GC(146) Concurrent Mark From Roots
[2024-07-05T10:05:50.519-0700][info][gc,task        ] GC(146) Using 1 workers of 1 for marking
[2024-07-05T10:05:50.519-0700][info][gc,start       ] GC(147) Pause Young (Normal) (G1 Preventive Collection)
[2024-07-05T10:05:50.519-0700][info][gc,task        ] GC(147) Using 4 workers of 4 for evacuation
[2024-07-05T10:05:50.522-0700][info][gc             ] GC(147) To-space exhausted
[2024-07-05T10:05:50.522-0700][info][gc,phases      ] GC(147)   Pre Evacuate Collection Set: 1.3ms
[2024-07-05T10:05:50.522-0700][info][gc,phases      ] GC(147)   Merge Heap Roots: 0.1ms
[2024-07-05T10:05:50.522-0700][info][gc,phases      ] GC(147)   Evacuate Collection Set: 1.6ms
[2024-07-05T10:05:50.522-0700][info][gc,phases      ] GC(147)   Post Evacuate Collection Set: 0.8ms
[2024-07-05T10:05:50.522-0700][info][gc,phases      ] GC(147)   Other: 0.1ms
[2024-07-05T10:05:50.522-0700][info][gc,heap        ] GC(147) Eden regions: 1->0(199)
[2024-07-05T10:05:50.522-0700][info][gc,heap        ] GC(147) Survivor regions: 9->5(5)
[2024-07-05T10:05:50.522-0700][info][gc,heap        ] GC(147) Old regions: 4063->4071
[2024-07-05T10:05:50.522-0700][info][gc,heap        ] GC(147) Archive regions: 2->2
[2024-07-05T10:05:50.522-0700][info][gc,heap        ] GC(147) Humongous regions: 16->16
[2024-07-05T10:05:50.522-0700][info][gc,metaspace   ] GC(147) Metaspace: 304K(512K)->304K(512K) NonClass: 296K(384K)->296K(384K) Class: 7K(128K)->7K(128K)
[2024-07-05T10:05:50.522-0700][info][gc             ] GC(147) Pause Young (Normal) (G1 Preventive Collection) 4085M->4088M(4096M) 3.139ms
[2024-07-05T10:05:50.522-0700][info][gc,cpu         ] GC(147) User=0.01s Sys=0.00s Real=0.00s
[2024-07-05T10:05:50.522-0700][info][gc,start       ] GC(148) Pause Young (Normal) (G1 Preventive Collection)
[2024-07-05T10:05:50.522-0700][info][gc,task        ] GC(148) Using 4 workers of 4 for evacuation
[2024-07-05T10:05:50.526-0700][info][gc             ] GC(148) To-space exhausted
[2024-07-05T10:05:50.526-0700][info][gc,phases      ] GC(148)   Pre Evacuate Collection Set: 0.5ms
[2024-07-05T10:05:50.526-0700][info][gc,phases      ] GC(148)   Merge Heap Roots: 0.3ms
[2024-07-05T10:05:50.526-0700][info][gc,phases      ] GC(148)   Evacuate Collection Set: 1.4ms
[2024-07-05T10:05:50.526-0700][info][gc,phases      ] GC(148)   Post Evacuate Collection Set: 1.2ms
[2024-07-05T10:05:50.526-0700][info][gc,phases      ] GC(148)   Other: 0.1ms
[2024-07-05T10:05:50.526-0700][info][gc,heap        ] GC(148) Eden regions: 1->0(203)
[2024-07-05T10:05:50.526-0700][info][gc,heap        ] GC(148) Survivor regions: 5->1(1)
[2024-07-05T10:05:50.526-0700][info][gc,heap        ] GC(148) Old regions: 4071->4077
[2024-07-05T10:05:50.526-0700][info][gc,heap        ] GC(148) Archive regions: 2->2
[2024-07-05T10:05:50.526-0700][info][gc,heap        ] GC(148) Humongous regions: 16->16
[2024-07-05T10:05:50.526-0700][info][gc,metaspace   ] GC(148) Metaspace: 304K(512K)->304K(512K) NonClass: 296K(384K)->296K(384K) Class: 7K(128K)->7K(128K)
[2024-07-05T10:05:50.526-0700][info][gc             ] GC(148) Pause Young (Normal) (G1 Preventive Collection) 4089M->4090M(4096M) 3.583ms
[2024-07-05T10:05:50.526-0700][info][gc,cpu         ] GC(148) User=0.00s Sys=0.00s Real=0.01s
[2024-07-05T10:05:50.526-0700][info][gc,ergo        ] Attempting full compaction
[2024-07-05T10:05:50.526-0700][info][gc,task        ] GC(149) Using 4 workers of 4 for full compaction
[2024-07-05T10:05:50.526-0700][info][gc,start       ] GC(149) Pause Full (G1 Compaction Pause)
[2024-07-05T10:05:50.531-0700][info][gc,phases,start] GC(149) Phase 1: Mark live objects
[2024-07-05T10:05:50.644-0700][info][gc,phases      ] GC(149) Phase 1: Mark live objects 113.446ms
[2024-07-05T10:05:50.644-0700][info][gc,phases,start] GC(149) Phase 2: Prepare for compaction
[2024-07-05T10:05:50.651-0700][info][gc,phases      ] GC(149) Phase 2: Prepare for compaction 6.256ms
[2024-07-05T10:05:50.651-0700][info][gc,phases,start] GC(149) Phase 3: Adjust pointers
[2024-07-05T10:05:50.720-0700][info][gc,phases      ] GC(149) Phase 3: Adjust pointers 69.270ms
[2024-07-05T10:05:50.720-0700][info][gc,phases,start] GC(149) Phase 4: Compact heap
[2024-07-05T10:05:50.739-0700][info][gc,phases      ] GC(149) Phase 4: Compact heap 19.390ms
[2024-07-05T10:05:50.743-0700][info][gc,heap        ] GC(149) Eden regions: 0->0(204)
[2024-07-05T10:05:50.743-0700][info][gc,heap        ] GC(149) Survivor regions: 1->0(1)
[2024-07-05T10:05:50.743-0700][info][gc,heap        ] GC(149) Old regions: 4077->4057
[2024-07-05T10:05:50.743-0700][info][gc,heap        ] GC(149) Archive regions: 2->2
[2024-07-05T10:05:50.743-0700][info][gc,heap        ] GC(149) Humongous regions: 16->16
[2024-07-05T10:05:50.743-0700][info][gc,metaspace   ] GC(149) Metaspace: 304K(512K)->304K(512K) NonClass: 296K(384K)->296K(384K) Class: 7K(128K)->7K(128K)
[2024-07-05T10:05:50.743-0700][info][gc             ] GC(149) Pause Full (G1 Compaction Pause) 4090M->4071M(4096M) 216.777ms
[2024-07-05T10:05:50.743-0700][info][gc,cpu         ] GC(149) User=0.85s Sys=0.00s Real=0.22s
[2024-07-05T10:05:50.743-0700][info][gc,marking     ] GC(146) Concurrent Mark From Roots 224.581ms
[2024-07-05T10:05:50.743-0700][info][gc,marking     ] GC(146) Concurrent Mark Abort
[2024-07-05T10:05:50.743-0700][info][gc             ] GC(146) Concurrent Mark Cycle 225.736ms
[2024-07-05T10:05:52.821-0700][info][gc,start       ] GC(150) Pause Young (Normal) (G1 Preventive Collection)
[2024-07-05T10:05:52.821-0700][info][gc,task        ] GC(150) Using 4 workers of 4 for evacuation
[2024-07-05T10:05:52.832-0700][info][gc,phases      ] GC(150)   Pre Evacuate Collection Set: 0.6ms
[2024-07-05T10:05:52.832-0700][info][gc,phases      ] GC(150)   Merge Heap Roots: 0.4ms
[2024-07-05T10:05:52.832-0700][info][gc,phases      ] GC(150)   Evacuate Collection Set: 9.2ms
[2024-07-05T10:05:52.832-0700][info][gc,phases      ] GC(150)   Post Evacuate Collection Set: 0.7ms
[2024-07-05T10:05:52.832-0700][info][gc,phases      ] GC(150)   Other: 0.1ms
[2024-07-05T10:05:52.832-0700][info][gc,heap        ] GC(150) Eden regions: 10->0(193)
[2024-07-05T10:05:52.832-0700][info][gc,heap        ] GC(150) Survivor regions: 0->11(11)
[2024-07-05T10:05:52.832-0700][info][gc,heap        ] GC(150) Old regions: 4057->4057
[2024-07-05T10:05:52.832-0700][info][gc,heap        ] GC(150) Archive regions: 2->2
[2024-07-05T10:05:52.832-0700][info][gc,heap        ] GC(150) Humongous regions: 16->16
[2024-07-05T10:05:52.832-0700][info][gc,metaspace   ] GC(150) Metaspace: 304K(512K)->304K(512K) NonClass: 296K(384K)->296K(384K) Class: 7K(128K)->7K(128K)
[2024-07-05T10:05:52.832-0700][info][gc             ] GC(150) Pause Young (Normal) (G1 Preventive Collection) 4081M->4081M(4096M) 11.151ms
[2024-07-05T10:05:52.832-0700][info][gc,cpu         ] GC(150) User=0.04s Sys=0.00s Real=0.01s
[2024-07-05T10:05:52.833-0700][info][gc,start       ] GC(151) Pause Young (Concurrent Start) (G1 Preventive Collection)
[2024-07-05T10:05:52.833-0700][info][gc,task        ] GC(151) Using 4 workers of 4 for evacuation
[2024-07-05T10:05:52.838-0700][info][gc             ] GC(151) To-space exhausted
[2024-07-05T10:05:52.838-0700][info][gc,phases      ] GC(151)   Pre Evacuate Collection Set: 0.5ms
[2024-07-05T10:05:52.838-0700][info][gc,phases      ] GC(151)   Merge Heap Roots: 0.1ms
[2024-07-05T10:05:52.838-0700][info][gc,phases      ] GC(151)   Evacuate Collection Set: 2.6ms
[2024-07-05T10:05:52.838-0700][info][gc,phases      ] GC(151)   Post Evacuate Collection Set: 1.1ms
[2024-07-05T10:05:52.838-0700][info][gc,phases      ] GC(151)   Other: 0.3ms
[2024-07-05T10:05:52.838-0700][info][gc,heap        ] GC(151) Eden regions: 4->0(198)
[2024-07-05T10:05:52.838-0700][info][gc,heap        ] GC(151) Survivor regions: 11->6(6)
[2024-07-05T10:05:52.838-0700][info][gc,heap        ] GC(151) Old regions: 4057->4068
[2024-07-05T10:05:52.838-0700][info][gc,heap        ] GC(151) Archive regions: 2->2
[2024-07-05T10:05:52.838-0700][info][gc,heap        ] GC(151) Humongous regions: 16->16
[2024-07-05T10:05:52.838-0700][info][gc,metaspace   ] GC(151) Metaspace: 304K(512K)->304K(512K) NonClass: 296K(384K)->296K(384K) Class: 7K(128K)->7K(128K)
[2024-07-05T10:05:52.838-0700][info][gc             ] GC(151) Pause Young (Concurrent Start) (G1 Preventive Collection) 4085M->4087M(4096M) 4.550ms
[2024-07-05T10:05:52.838-0700][info][gc,cpu         ] GC(151) User=0.01s Sys=0.00s Real=0.01s
[2024-07-05T10:05:52.838-0700][info][gc             ] GC(152) Concurrent Mark Cycle
[2024-07-05T10:05:52.838-0700][info][gc,marking     ] GC(152) Concurrent Clear Claimed Marks
[2024-07-05T10:05:52.838-0700][info][gc,marking     ] GC(152) Concurrent Clear Claimed Marks 0.007ms
[2024-07-05T10:05:52.838-0700][info][gc,marking     ] GC(152) Concurrent Scan Root Regions
[2024-07-05T10:05:52.839-0700][info][gc,marking     ] GC(152) Concurrent Scan Root Regions 0.805ms
[2024-07-05T10:05:52.839-0700][info][gc,marking     ] GC(152) Concurrent Mark
[2024-07-05T10:05:52.839-0700][info][gc,marking     ] GC(152) Concurrent Mark From Roots
[2024-07-05T10:05:52.839-0700][info][gc,task        ] GC(152) Using 1 workers of 1 for marking
[2024-07-05T10:05:53.439-0700][info][gc,marking     ] GC(152) Concurrent Mark From Roots 600.699ms
[2024-07-05T10:05:53.439-0700][info][gc,marking     ] GC(152) Concurrent Preclean
[2024-07-05T10:05:53.439-0700][info][gc,marking     ] GC(152) Concurrent Preclean 0.058ms
[2024-07-05T10:06:11.242-0700][info][gc,start       ] GC(152) Pause Remark
[2024-07-05T10:06:11.243-0700][info][gc             ] GC(152) Pause Remark 4088M->4088M(4096M) 1.663ms
[2024-07-05T10:06:11.244-0700][info][gc,cpu         ] GC(152) User=0.01s Sys=0.00s Real=0.01s
[2024-07-05T10:06:11.244-0700][info][gc,marking     ] GC(152) Concurrent Mark 18405.097ms
[2024-07-05T10:06:11.244-0700][info][gc,marking     ] GC(152) Concurrent Rebuild Remembered Sets
[2024-07-05T10:06:11.714-0700][info][gc,marking     ] GC(152) Concurrent Rebuild Remembered Sets 470.147ms
[2024-07-05T10:06:12.747-0700][info][gc,start       ] GC(152) Pause Cleanup
[2024-07-05T10:06:12.749-0700][info][gc             ] GC(152) Pause Cleanup 4088M->4088M(4096M) 1.238ms
[2024-07-05T10:06:12.749-0700][info][gc,cpu         ] GC(152) User=0.00s Sys=0.00s Real=0.00s
[2024-07-05T10:06:12.749-0700][info][gc,marking     ] GC(152) Concurrent Cleanup for Next Mark
[2024-07-05T10:06:12.758-0700][info][gc,marking     ] GC(152) Concurrent Cleanup for Next Mark 8.994ms
[2024-07-05T10:06:12.758-0700][info][gc             ] GC(152) Concurrent Mark Cycle 19920.316ms
[2024-07-05T10:06:14.835-0700][info][gc,start       ] GC(153) Pause Young (Prepare Mixed) (G1 Preventive Collection)
[2024-07-05T10:06:14.836-0700][info][gc,task        ] GC(153) Using 4 workers of 4 for evacuation
[2024-07-05T10:06:14.847-0700][info][gc             ] GC(153) To-space exhausted
[2024-07-05T10:06:14.847-0700][info][gc,phases      ] GC(153)   Pre Evacuate Collection Set: 0.7ms
[2024-07-05T10:06:14.847-0700][info][gc,phases      ] GC(153)   Merge Heap Roots: 0.6ms
[2024-07-05T10:06:14.847-0700][info][gc,phases      ] GC(153)   Evacuate Collection Set: 8.8ms
[2024-07-05T10:06:14.847-0700][info][gc,phases      ] GC(153)   Post Evacuate Collection Set: 0.9ms
[2024-07-05T10:06:14.847-0700][info][gc,phases      ] GC(153)   Other: 0.6ms
[2024-07-05T10:06:14.847-0700][info][gc,heap        ] GC(153) Eden regions: 1->0(201)
[2024-07-05T10:06:14.847-0700][info][gc,heap        ] GC(153) Survivor regions: 6->3(3)
[2024-07-05T10:06:14.847-0700][info][gc,heap        ] GC(153) Old regions: 4068->4075
[2024-07-05T10:06:14.847-0700][info][gc,heap        ] GC(153) Archive regions: 2->2
[2024-07-05T10:06:14.847-0700][info][gc,heap        ] GC(153) Humongous regions: 16->16
[2024-07-05T10:06:14.847-0700][info][gc,metaspace   ] GC(153) Metaspace: 304K(512K)->304K(512K) NonClass: 296K(384K)->296K(384K) Class: 7K(128K)->7K(128K)
[2024-07-05T10:06:14.847-0700][info][gc             ] GC(153) Pause Young (Prepare Mixed) (G1 Preventive Collection) 4088M->4091M(4096M) 11.452ms
[2024-07-05T10:06:14.847-0700][info][gc,cpu         ] GC(153) User=0.03s Sys=0.00s Real=0.01s
[2024-07-05T10:06:14.847-0700][info][gc,ergo        ] Attempting full compaction
[2024-07-05T10:06:14.847-0700][info][gc,task        ] GC(154) Using 4 workers of 4 for full compaction
[2024-07-05T10:06:14.847-0700][info][gc,start       ] GC(154) Pause Full (G1 Compaction Pause)
[2024-07-05T10:06:14.847-0700][info][gc,phases,start] GC(154) Phase 1: Mark live objects
[2024-07-05T10:06:14.961-0700][info][gc,phases      ] GC(154) Phase 1: Mark live objects 114.062ms
[2024-07-05T10:06:14.961-0700][info][gc,phases,start] GC(154) Phase 2: Prepare for compaction
[2024-07-05T10:06:14.964-0700][info][gc,phases      ] GC(154) Phase 2: Prepare for compaction 2.927ms
[2024-07-05T10:06:14.964-0700][info][gc,phases,start] GC(154) Phase 3: Adjust pointers
[2024-07-05T10:06:15.037-0700][info][gc,phases      ] GC(154) Phase 3: Adjust pointers 73.352ms
[2024-07-05T10:06:15.037-0700][info][gc,phases,start] GC(154) Phase 4: Compact heap
[2024-07-05T10:06:15.042-0700][info][gc,phases      ] GC(154) Phase 4: Compact heap 4.079ms
[2024-07-05T10:06:15.046-0700][info][gc,heap        ] GC(154) Eden regions: 0->0(204)
[2024-07-05T10:06:15.046-0700][info][gc,heap        ] GC(154) Survivor regions: 3->0(3)
[2024-07-05T10:06:15.046-0700][info][gc,heap        ] GC(154) Old regions: 4075->4071
[2024-07-05T10:06:15.046-0700][info][gc,heap        ] GC(154) Archive regions: 2->2
[2024-07-05T10:06:15.046-0700][info][gc,heap        ] GC(154) Humongous regions: 16->16
[2024-07-05T10:06:15.046-0700][info][gc,metaspace   ] GC(154) Metaspace: 304K(512K)->304K(512K) NonClass: 296K(384K)->296K(384K) Class: 7K(128K)->7K(128K)
[2024-07-05T10:06:15.046-0700][info][gc             ] GC(154) Pause Full (G1 Compaction Pause) 4091M->4084M(4096M) 199.242ms
[2024-07-05T10:06:15.046-0700][info][gc,cpu         ] GC(154) User=0.77s Sys=0.00s Real=0.20s
[2024-07-05T10:06:15.047-0700][info][gc,start       ] GC(155) Pause Young (Concurrent Start) (G1 Preventive Collection)
[2024-07-05T10:06:15.047-0700][info][gc,task        ] GC(155) Using 4 workers of 4 for evacuation
[2024-07-05T10:06:15.049-0700][info][gc,phases      ] GC(155)   Pre Evacuate Collection Set: 0.4ms
[2024-07-05T10:06:15.049-0700][info][gc,phases      ] GC(155)   Merge Heap Roots: 0.2ms
[2024-07-05T10:06:15.049-0700][info][gc,phases      ] GC(155)   Evacuate Collection Set: 0.6ms
[2024-07-05T10:06:15.049-0700][info][gc,phases      ] GC(155)   Post Evacuate Collection Set: 0.4ms
[2024-07-05T10:06:15.049-0700][info][gc,phases      ] GC(155)   Other: 0.2ms
[2024-07-05T10:06:15.049-0700][info][gc,heap        ] GC(155) Eden regions: 3->0(200)
[2024-07-05T10:06:15.049-0700][info][gc,heap        ] GC(155) Survivor regions: 0->4(4)
[2024-07-05T10:06:15.049-0700][info][gc,heap        ] GC(155) Old regions: 4071->4071
[2024-07-05T10:06:15.049-0700][info][gc,heap        ] GC(155) Archive regions: 2->2
[2024-07-05T10:06:15.049-0700][info][gc,heap        ] GC(155) Humongous regions: 16->16
[2024-07-05T10:06:15.049-0700][info][gc,metaspace   ] GC(155) Metaspace: 304K(512K)->304K(512K) NonClass: 296K(384K)->296K(384K) Class: 7K(128K)->7K(128K)
[2024-07-05T10:06:15.049-0700][info][gc             ] GC(155) Pause Young (Concurrent Start) (G1 Preventive Collection) 4087M->4088M(4096M) 1.854ms
[2024-07-05T10:06:15.049-0700][info][gc,cpu         ] GC(155) User=0.00s Sys=0.00s Real=0.00s
[2024-07-05T10:06:15.049-0700][info][gc             ] GC(156) Concurrent Mark Cycle
[2024-07-05T10:06:15.049-0700][info][gc,marking     ] GC(156) Concurrent Clear Claimed Marks
[2024-07-05T10:06:15.049-0700][info][gc,marking     ] GC(156) Concurrent Clear Claimed Marks 0.006ms
[2024-07-05T10:06:15.049-0700][info][gc,marking     ] GC(156) Concurrent Scan Root Regions
[2024-07-05T10:06:15.049-0700][info][gc,marking     ] GC(156) Concurrent Scan Root Regions 0.288ms
[2024-07-05T10:06:15.049-0700][info][gc,marking     ] GC(156) Concurrent Mark
[2024-07-05T10:06:15.049-0700][info][gc,marking     ] GC(156) Concurrent Mark From Roots
[2024-07-05T10:06:15.049-0700][info][gc,start       ] GC(157) Pause Young (Normal) (G1 Preventive Collection)
[2024-07-05T10:06:15.049-0700][info][gc,task        ] GC(157) Using 4 workers of 4 for evacuation
[2024-07-05T10:06:15.049-0700][info][gc,task        ] GC(156) Using 1 workers of 1 for marking
[2024-07-05T10:06:15.050-0700][info][gc             ] GC(157) To-space exhausted
[2024-07-05T10:06:15.050-0700][info][gc,phases      ] GC(157)   Pre Evacuate Collection Set: 0.4ms
[2024-07-05T10:06:15.050-0700][info][gc,phases      ] GC(157)   Merge Heap Roots: 0.1ms
[2024-07-05T10:06:15.050-0700][info][gc,phases      ] GC(157)   Evacuate Collection Set: 0.6ms
[2024-07-05T10:06:15.050-0700][info][gc,phases      ] GC(157)   Post Evacuate Collection Set: 0.4ms
[2024-07-05T10:06:15.050-0700][info][gc,phases      ] GC(157)   Other: 0.1ms
[2024-07-05T10:06:15.050-0700][info][gc,heap        ] GC(157) Eden regions: 1->0(202)
[2024-07-05T10:06:15.050-0700][info][gc,heap        ] GC(157) Survivor regions: 4->2(2)
[2024-07-05T10:06:15.050-0700][info][gc,heap        ] GC(157) Old regions: 4071->4076
[2024-07-05T10:06:15.050-0700][info][gc,heap        ] GC(157) Archive regions: 2->2
[2024-07-05T10:06:15.050-0700][info][gc,heap        ] GC(157) Humongous regions: 16->16
[2024-07-05T10:06:15.050-0700][info][gc,metaspace   ] GC(157) Metaspace: 304K(512K)->304K(512K) NonClass: 296K(384K)->296K(384K) Class: 7K(128K)->7K(128K)
[2024-07-05T10:06:15.050-0700][info][gc             ] GC(157) Pause Young (Normal) (G1 Preventive Collection) 4089M->4091M(4096M) 1.454ms
[2024-07-05T10:06:15.051-0700][info][gc,cpu         ] GC(157) User=0.01s Sys=0.00s Real=0.00s
[2024-07-05T10:06:15.051-0700][info][gc,ergo        ] Attempting full compaction
[2024-07-05T10:06:15.051-0700][info][gc,task        ] GC(158) Using 4 workers of 4 for full compaction
[2024-07-05T10:06:15.051-0700][info][gc,start       ] GC(158) Pause Full (G1 Compaction Pause)
[2024-07-05T10:06:15.055-0700][info][gc,phases,start] GC(158) Phase 1: Mark live objects
[2024-07-05T10:06:15.164-0700][info][gc,phases      ] GC(158) Phase 1: Mark live objects 109.701ms
[2024-07-05T10:06:15.164-0700][info][gc,phases,start] GC(158) Phase 2: Prepare for compaction
[2024-07-05T10:06:15.166-0700][info][gc,phases      ] GC(158) Phase 2: Prepare for compaction 1.913ms
[2024-07-05T10:06:15.166-0700][info][gc,phases,start] GC(158) Phase 3: Adjust pointers
[2024-07-05T10:06:15.239-0700][info][gc,phases      ] GC(158) Phase 3: Adjust pointers 72.185ms
[2024-07-05T10:06:15.239-0700][info][gc,phases,start] GC(158) Phase 4: Compact heap
[2024-07-05T10:06:15.239-0700][info][gc,phases      ] GC(158) Phase 4: Compact heap 0.529ms
[2024-07-05T10:06:15.244-0700][info][gc,heap        ] GC(158) Eden regions: 0->0(204)
[2024-07-05T10:06:15.244-0700][info][gc,heap        ] GC(158) Survivor regions: 2->0(2)
[2024-07-05T10:06:15.244-0700][info][gc,heap        ] GC(158) Old regions: 4076->4075
[2024-07-05T10:06:15.244-0700][info][gc,heap        ] GC(158) Archive regions: 2->2
[2024-07-05T10:06:15.244-0700][info][gc,heap        ] GC(158) Humongous regions: 16->16
[2024-07-05T10:06:15.244-0700][info][gc,metaspace   ] GC(158) Metaspace: 304K(512K)->304K(512K) NonClass: 296K(384K)->296K(384K) Class: 7K(128K)->7K(128K)
[2024-07-05T10:06:15.244-0700][info][gc             ] GC(158) Pause Full (G1 Compaction Pause) 4091M->4088M(4096M) 193.215ms
[2024-07-05T10:06:15.244-0700][info][gc,cpu         ] GC(158) User=0.76s Sys=0.01s Real=0.20s
[2024-07-05T10:06:15.244-0700][info][gc,marking     ] GC(156) Concurrent Mark From Roots 195.155ms
[2024-07-05T10:06:15.244-0700][info][gc,marking     ] GC(156) Concurrent Mark Abort
[2024-07-05T10:06:15.244-0700][info][gc             ] GC(156) Concurrent Mark Cycle 195.511ms
[2024-07-05T10:06:15.244-0700][info][gc,start       ] GC(159) Pause Young (Normal) (G1 Preventive Collection)
[2024-07-05T10:06:15.244-0700][info][gc,task        ] GC(159) Using 4 workers of 4 for evacuation
[2024-07-05T10:06:15.246-0700][info][gc,phases      ] GC(159)   Pre Evacuate Collection Set: 0.4ms
[2024-07-05T10:06:15.246-0700][info][gc,phases      ] GC(159)   Merge Heap Roots: 0.1ms
[2024-07-05T10:06:15.246-0700][info][gc,phases      ] GC(159)   Evacuate Collection Set: 0.3ms
[2024-07-05T10:06:15.246-0700][info][gc,phases      ] GC(159)   Post Evacuate Collection Set: 0.3ms
[2024-07-05T10:06:15.246-0700][info][gc,phases      ] GC(159)   Other: 0.1ms
[2024-07-05T10:06:15.246-0700][info][gc,heap        ] GC(159) Eden regions: 1->0(202)
[2024-07-05T10:06:15.246-0700][info][gc,heap        ] GC(159) Survivor regions: 0->2(2)
[2024-07-05T10:06:15.246-0700][info][gc,heap        ] GC(159) Old regions: 4075->4075
[2024-07-05T10:06:15.246-0700][info][gc,heap        ] GC(159) Archive regions: 2->2
[2024-07-05T10:06:15.246-0700][info][gc,heap        ] GC(159) Humongous regions: 16->16
[2024-07-05T10:06:15.246-0700][info][gc,metaspace   ] GC(159) Metaspace: 304K(512K)->304K(512K) NonClass: 296K(384K)->296K(384K) Class: 7K(128K)->7K(128K)
[2024-07-05T10:06:15.246-0700][info][gc             ] GC(159) Pause Young (Normal) (G1 Preventive Collection) 4089M->4090M(4096M) 1.199ms
[2024-07-05T10:06:15.246-0700][info][gc,cpu         ] GC(159) User=0.00s Sys=0.00s Real=0.00s
[2024-07-05T10:06:15.246-0700][info][gc,start       ] GC(160) Pause Young (Concurrent Start) (G1 Evacuation Pause)
[2024-07-05T10:06:15.246-0700][info][gc,task        ] GC(160) Using 4 workers of 4 for evacuation
[2024-07-05T10:06:15.247-0700][info][gc             ] GC(160) To-space exhausted
[2024-07-05T10:06:15.247-0700][info][gc,phases      ] GC(160)   Pre Evacuate Collection Set: 0.3ms
[2024-07-05T10:06:15.247-0700][info][gc,phases      ] GC(160)   Merge Heap Roots: 0.1ms
[2024-07-05T10:06:15.247-0700][info][gc,phases      ] GC(160)   Evacuate Collection Set: 0.3ms
[2024-07-05T10:06:15.247-0700][info][gc,phases      ] GC(160)   Post Evacuate Collection Set: 0.4ms
[2024-07-05T10:06:15.247-0700][info][gc,phases      ] GC(160)   Other: 0.1ms
[2024-07-05T10:06:15.247-0700][info][gc,heap        ] GC(160) Eden regions: 1->0(204)
[2024-07-05T10:06:15.247-0700][info][gc,heap        ] GC(160) Survivor regions: 2->0(0)
[2024-07-05T10:06:15.247-0700][info][gc,heap        ] GC(160) Old regions: 4075->4078
[2024-07-05T10:06:15.247-0700][info][gc,heap        ] GC(160) Archive regions: 2->2
[2024-07-05T10:06:15.247-0700][info][gc,heap        ] GC(160) Humongous regions: 16->16
[2024-07-05T10:06:15.247-0700][info][gc,metaspace   ] GC(160) Metaspace: 304K(512K)->304K(512K) NonClass: 296K(384K)->296K(384K) Class: 7K(128K)->7K(128K)
[2024-07-05T10:06:15.247-0700][info][gc             ] GC(160) Pause Young (Concurrent Start) (G1 Evacuation Pause) 4091M->4091M(4096M) 1.301ms
[2024-07-05T10:06:15.247-0700][info][gc,cpu         ] GC(160) User=0.00s Sys=0.00s Real=0.00s
[2024-07-05T10:06:15.247-0700][info][gc,ergo        ] Attempting full compaction
[2024-07-05T10:06:15.247-0700][info][gc,task        ] GC(161) Using 4 workers of 4 for full compaction
[2024-07-05T10:06:15.247-0700][info][gc             ] GC(162) Concurrent Mark Cycle
[2024-07-05T10:06:15.247-0700][info][gc,marking     ] GC(162) Concurrent Clear Claimed Marks
[2024-07-05T10:06:15.247-0700][info][gc,marking     ] GC(162) Concurrent Clear Claimed Marks 0.029ms
[2024-07-05T10:06:15.247-0700][info][gc,marking     ] GC(162) Concurrent Scan Root Regions
[2024-07-05T10:06:15.247-0700][info][gc,start       ] GC(161) Pause Full (G1 Compaction Pause)
[2024-07-05T10:06:15.247-0700][info][gc,marking     ] GC(162) Concurrent Scan Root Regions 0.011ms
[2024-07-05T10:06:15.247-0700][info][gc,marking     ] GC(162) Concurrent Mark
[2024-07-05T10:06:15.247-0700][info][gc,marking     ] GC(162) Concurrent Mark From Roots
[2024-07-05T10:06:15.247-0700][info][gc,task        ] GC(162) Using 1 workers of 1 for marking
[2024-07-05T10:06:15.251-0700][info][gc,phases,start] GC(161) Phase 1: Mark live objects
[2024-07-05T10:06:15.369-0700][info][gc,phases      ] GC(161) Phase 1: Mark live objects 117.855ms
[2024-07-05T10:06:15.369-0700][info][gc,phases,start] GC(161) Phase 2: Prepare for compaction
[2024-07-05T10:06:15.371-0700][info][gc,phases      ] GC(161) Phase 2: Prepare for compaction 2.119ms
[2024-07-05T10:06:15.371-0700][info][gc,phases,start] GC(161) Phase 3: Adjust pointers
[2024-07-05T10:06:15.446-0700][info][gc,phases      ] GC(161) Phase 3: Adjust pointers 74.995ms
[2024-07-05T10:06:15.446-0700][info][gc,phases,start] GC(161) Phase 4: Compact heap
[2024-07-05T10:06:15.447-0700][info][gc,phases      ] GC(161) Phase 4: Compact heap 0.306ms
[2024-07-05T10:06:15.450-0700][info][gc,heap        ] GC(161) Eden regions: 0->0(204)
[2024-07-05T10:06:15.450-0700][info][gc,heap        ] GC(161) Survivor regions: 0->0(0)
[2024-07-05T10:06:15.450-0700][info][gc,heap        ] GC(161) Old regions: 4078->4077
[2024-07-05T10:06:15.450-0700][info][gc,heap        ] GC(161) Archive regions: 2->2
[2024-07-05T10:06:15.450-0700][info][gc,heap        ] GC(161) Humongous regions: 16->16
[2024-07-05T10:06:15.450-0700][info][gc,metaspace   ] GC(161) Metaspace: 304K(512K)->304K(512K) NonClass: 296K(384K)->296K(384K) Class: 7K(128K)->7K(128K)
[2024-07-05T10:06:15.450-0700][info][gc             ] GC(161) Pause Full (G1 Compaction Pause) 4091M->4090M(4096M) 202.839ms
[2024-07-05T10:06:15.450-0700][info][gc,cpu         ] GC(161) User=0.80s Sys=0.00s Real=0.20s
[2024-07-05T10:06:15.450-0700][info][gc,marking     ] GC(162) Concurrent Mark From Roots 202.860ms
[2024-07-05T10:06:15.450-0700][info][gc,marking     ] GC(162) Concurrent Mark Abort
[2024-07-05T10:06:15.450-0700][info][gc             ] GC(162) Concurrent Mark Cycle 203.046ms
[2024-07-05T10:06:15.451-0700][info][gc,start       ] GC(163) Pause Young (Normal) (G1 Evacuation Pause)
[2024-07-05T10:06:15.451-0700][info][gc,task        ] GC(163) Using 4 workers of 4 for evacuation
[2024-07-05T10:06:15.452-0700][info][gc             ] GC(163) To-space exhausted
[2024-07-05T10:06:15.452-0700][info][gc,phases      ] GC(163)   Pre Evacuate Collection Set: 0.4ms
[2024-07-05T10:06:15.452-0700][info][gc,phases      ] GC(163)   Merge Heap Roots: 0.1ms
[2024-07-05T10:06:15.452-0700][info][gc,phases      ] GC(163)   Evacuate Collection Set: 0.2ms
[2024-07-05T10:06:15.452-0700][info][gc,phases      ] GC(163)   Post Evacuate Collection Set: 0.5ms
[2024-07-05T10:06:15.452-0700][info][gc,phases      ] GC(163)   Other: 0.1ms
[2024-07-05T10:06:15.452-0700][info][gc,heap        ] GC(163) Eden regions: 1->0(204)
[2024-07-05T10:06:15.452-0700][info][gc,heap        ] GC(163) Survivor regions: 0->0(0)
[2024-07-05T10:06:15.452-0700][info][gc,heap        ] GC(163) Old regions: 4077->4078
[2024-07-05T10:06:15.452-0700][info][gc,heap        ] GC(163) Archive regions: 2->2
[2024-07-05T10:06:15.452-0700][info][gc,heap        ] GC(163) Humongous regions: 16->16
[2024-07-05T10:06:15.452-0700][info][gc,metaspace   ] GC(163) Metaspace: 304K(512K)->304K(512K) NonClass: 296K(384K)->296K(384K) Class: 7K(128K)->7K(128K)
[2024-07-05T10:06:15.452-0700][info][gc             ] GC(163) Pause Young (Normal) (G1 Evacuation Pause) 4091M->4091M(4096M) 1.290ms
[2024-07-05T10:06:15.452-0700][info][gc,cpu         ] GC(163) User=0.00s Sys=0.00s Real=0.00s
[2024-07-05T10:06:15.452-0700][info][gc,ergo        ] Attempting full compaction
[2024-07-05T10:06:15.452-0700][info][gc,task        ] GC(164) Using 4 workers of 4 for full compaction
[2024-07-05T10:06:15.452-0700][info][gc,start       ] GC(164) Pause Full (G1 Compaction Pause)
[2024-07-05T10:06:15.452-0700][info][gc,phases,start] GC(164) Phase 1: Mark live objects
[2024-07-05T10:06:15.579-0700][info][gc,phases      ] GC(164) Phase 1: Mark live objects 126.580ms
[2024-07-05T10:06:15.579-0700][info][gc,phases,start] GC(164) Phase 2: Prepare for compaction
[2024-07-05T10:06:15.581-0700][info][gc,phases      ] GC(164) Phase 2: Prepare for compaction 2.106ms
[2024-07-05T10:06:15.581-0700][info][gc,phases,start] GC(164) Phase 3: Adjust pointers
[2024-07-05T10:06:15.656-0700][info][gc,phases      ] GC(164) Phase 3: Adjust pointers 75.415ms
[2024-07-05T10:06:15.656-0700][info][gc,phases,start] GC(164) Phase 4: Compact heap
[2024-07-05T10:06:15.657-0700][info][gc,phases      ] GC(164) Phase 4: Compact heap 0.523ms
[2024-07-05T10:06:15.660-0700][info][gc,heap        ] GC(164) Eden regions: 0->0(204)
[2024-07-05T10:06:15.660-0700][info][gc,heap        ] GC(164) Survivor regions: 0->0(0)
[2024-07-05T10:06:15.660-0700][info][gc,heap        ] GC(164) Old regions: 4078->4077
[2024-07-05T10:06:15.660-0700][info][gc,heap        ] GC(164) Archive regions: 2->2
[2024-07-05T10:06:15.660-0700][info][gc,heap        ] GC(164) Humongous regions: 16->16
[2024-07-05T10:06:15.660-0700][info][gc,metaspace   ] GC(164) Metaspace: 304K(512K)->304K(512K) NonClass: 296K(384K)->296K(384K) Class: 7K(128K)->7K(128K)
[2024-07-05T10:06:15.660-0700][info][gc             ] GC(164) Pause Full (G1 Compaction Pause) 4091M->4091M(4096M) 208.497ms
[2024-07-05T10:06:15.660-0700][info][gc,cpu         ] GC(164) User=0.83s Sys=0.00s Real=0.21s
[2024-07-05T10:06:15.661-0700][info][gc,start       ] GC(165) Pause Young (Concurrent Start) (G1 Evacuation Pause)
[2024-07-05T10:06:15.661-0700][info][gc,task        ] GC(165) Using 4 workers of 4 for evacuation
[2024-07-05T10:06:15.662-0700][info][gc             ] GC(165) To-space exhausted
[2024-07-05T10:06:15.662-0700][info][gc,phases      ] GC(165)   Pre Evacuate Collection Set: 0.4ms
[2024-07-05T10:06:15.662-0700][info][gc,phases      ] GC(165)   Merge Heap Roots: 0.1ms
[2024-07-05T10:06:15.662-0700][info][gc,phases      ] GC(165)   Evacuate Collection Set: 0.3ms
[2024-07-05T10:06:15.662-0700][info][gc,phases      ] GC(165)   Post Evacuate Collection Set: 0.3ms
[2024-07-05T10:06:15.662-0700][info][gc,phases      ] GC(165)   Other: 0.2ms
[2024-07-05T10:06:15.662-0700][info][gc,heap        ] GC(165) Eden regions: 1->0(204)
[2024-07-05T10:06:15.662-0700][info][gc,heap        ] GC(165) Survivor regions: 0->0(0)
[2024-07-05T10:06:15.662-0700][info][gc,heap        ] GC(165) Old regions: 4077->4078
[2024-07-05T10:06:15.662-0700][info][gc,heap        ] GC(165) Archive regions: 2->2
[2024-07-05T10:06:15.662-0700][info][gc,heap        ] GC(165) Humongous regions: 16->16
[2024-07-05T10:06:15.662-0700][info][gc,metaspace   ] GC(165) Metaspace: 304K(512K)->304K(512K) NonClass: 296K(384K)->296K(384K) Class: 7K(128K)->7K(128K)
[2024-07-05T10:06:15.662-0700][info][gc             ] GC(165) Pause Young (Concurrent Start) (G1 Evacuation Pause) 4092M->4092M(4096M) 1.326ms
[2024-07-05T10:06:15.662-0700][info][gc,cpu         ] GC(165) User=0.00s Sys=0.00s Real=0.00s
[2024-07-05T10:06:15.662-0700][info][gc,ergo        ] Attempting full compaction
[2024-07-05T10:06:15.662-0700][info][gc,task        ] GC(166) Using 4 workers of 4 for full compaction
[2024-07-05T10:06:15.662-0700][info][gc             ] GC(167) Concurrent Mark Cycle
[2024-07-05T10:06:15.662-0700][info][gc,marking     ] GC(167) Concurrent Clear Claimed Marks
[2024-07-05T10:06:15.662-0700][info][gc,start       ] GC(166) Pause Full (G1 Compaction Pause)
[2024-07-05T10:06:15.662-0700][info][gc,marking     ] GC(167) Concurrent Clear Claimed Marks 0.006ms
[2024-07-05T10:06:15.662-0700][info][gc,marking     ] GC(167) Concurrent Scan Root Regions
[2024-07-05T10:06:15.662-0700][info][gc,marking     ] GC(167) Concurrent Scan Root Regions 0.004ms
[2024-07-05T10:06:15.662-0700][info][gc,marking     ] GC(167) Concurrent Mark
[2024-07-05T10:06:15.662-0700][info][gc,marking     ] GC(167) Concurrent Mark From Roots
[2024-07-05T10:06:15.662-0700][info][gc,task        ] GC(167) Using 1 workers of 1 for marking
[2024-07-05T10:06:15.666-0700][info][gc,phases,start] GC(166) Phase 1: Mark live objects
[2024-07-05T10:06:15.793-0700][info][gc,phases      ] GC(166) Phase 1: Mark live objects 127.810ms
[2024-07-05T10:06:15.794-0700][info][gc,phases,start] GC(166) Phase 2: Prepare for compaction
[2024-07-05T10:06:15.796-0700][info][gc,phases      ] GC(166) Phase 2: Prepare for compaction 2.208ms
[2024-07-05T10:06:15.796-0700][info][gc,phases,start] GC(166) Phase 3: Adjust pointers
[2024-07-05T10:06:15.864-0700][info][gc,phases      ] GC(166) Phase 3: Adjust pointers 68.427ms
[2024-07-05T10:06:15.864-0700][info][gc,phases,start] GC(166) Phase 4: Compact heap
[2024-07-05T10:06:15.865-0700][info][gc,phases      ] GC(166) Phase 4: Compact heap 0.282ms
[2024-07-05T10:06:15.868-0700][info][gc,heap        ] GC(166) Eden regions: 0->0(204)
[2024-07-05T10:06:15.868-0700][info][gc,heap        ] GC(166) Survivor regions: 0->0(0)
[2024-07-05T10:06:15.868-0700][info][gc,heap        ] GC(166) Old regions: 4078->4077
[2024-07-05T10:06:15.868-0700][info][gc,heap        ] GC(166) Archive regions: 2->2
[2024-07-05T10:06:15.868-0700][info][gc,heap        ] GC(166) Humongous regions: 16->16
[2024-07-05T10:06:15.868-0700][info][gc,metaspace   ] GC(166) Metaspace: 304K(512K)->304K(512K) NonClass: 296K(384K)->296K(384K) Class: 7K(128K)->7K(128K)
[2024-07-05T10:06:15.868-0700][info][gc             ] GC(166) Pause Full (G1 Compaction Pause) 4092M->4092M(4096M) 205.807ms
[2024-07-05T10:06:15.868-0700][info][gc,cpu         ] GC(166) User=0.81s Sys=0.00s Real=0.21s
[2024-07-05T10:06:15.868-0700][info][gc,marking     ] GC(167) Concurrent Mark From Roots 205.966ms
[2024-07-05T10:06:15.868-0700][info][gc,marking     ] GC(167) Concurrent Mark Abort
[2024-07-05T10:06:15.868-0700][info][gc             ] GC(167) Concurrent Mark Cycle 206.038ms
[2024-07-05T10:06:15.868-0700][info][gc,start       ] GC(168) Pause Young (Normal) (G1 Evacuation Pause)
[2024-07-05T10:06:15.868-0700][info][gc,task        ] GC(168) Using 4 workers of 4 for evacuation
[2024-07-05T10:06:15.869-0700][info][gc             ] GC(168) To-space exhausted
[2024-07-05T10:06:15.869-0700][info][gc,phases      ] GC(168)   Pre Evacuate Collection Set: 0.3ms
[2024-07-05T10:06:15.869-0700][info][gc,phases      ] GC(168)   Merge Heap Roots: 0.1ms
[2024-07-05T10:06:15.869-0700][info][gc,phases      ] GC(168)   Evacuate Collection Set: 0.3ms
[2024-07-05T10:06:15.869-0700][info][gc,phases      ] GC(168)   Post Evacuate Collection Set: 0.3ms
[2024-07-05T10:06:15.869-0700][info][gc,phases      ] GC(168)   Other: 0.1ms
[2024-07-05T10:06:15.869-0700][info][gc,heap        ] GC(168) Eden regions: 1->0(204)
[2024-07-05T10:06:15.869-0700][info][gc,heap        ] GC(168) Survivor regions: 0->0(0)
[2024-07-05T10:06:15.869-0700][info][gc,heap        ] GC(168) Old regions: 4077->4078
[2024-07-05T10:06:15.869-0700][info][gc,heap        ] GC(168) Archive regions: 2->2
[2024-07-05T10:06:15.869-0700][info][gc,heap        ] GC(168) Humongous regions: 16->16
[2024-07-05T10:06:15.869-0700][info][gc,metaspace   ] GC(168) Metaspace: 304K(512K)->304K(512K) NonClass: 296K(384K)->296K(384K) Class: 7K(128K)->7K(128K)
[2024-07-05T10:06:15.869-0700][info][gc             ] GC(168) Pause Young (Normal) (G1 Evacuation Pause) 4093M->4093M(4096M) 1.104ms
[2024-07-05T10:06:15.870-0700][info][gc,cpu         ] GC(168) User=0.00s Sys=0.00s Real=0.00s
[2024-07-05T10:06:15.870-0700][info][gc,ergo        ] Attempting full compaction
[2024-07-05T10:06:15.870-0700][info][gc,task        ] GC(169) Using 4 workers of 4 for full compaction
[2024-07-05T10:06:15.870-0700][info][gc,start       ] GC(169) Pause Full (G1 Compaction Pause)
[2024-07-05T10:06:15.870-0700][info][gc,phases,start] GC(169) Phase 1: Mark live objects
[2024-07-05T10:06:15.985-0700][info][gc,phases      ] GC(169) Phase 1: Mark live objects 115.260ms
[2024-07-05T10:06:15.985-0700][info][gc,phases,start] GC(169) Phase 2: Prepare for compaction
[2024-07-05T10:06:15.987-0700][info][gc,phases      ] GC(169) Phase 2: Prepare for compaction 2.120ms
[2024-07-05T10:06:15.987-0700][info][gc,phases,start] GC(169) Phase 3: Adjust pointers
[2024-07-05T10:06:16.071-0700][info][gc,phases      ] GC(169) Phase 3: Adjust pointers 83.870ms
[2024-07-05T10:06:16.071-0700][info][gc,phases,start] GC(169) Phase 4: Compact heap
[2024-07-05T10:06:16.071-0700][info][gc,phases      ] GC(169) Phase 4: Compact heap 0.227ms
[2024-07-05T10:06:16.075-0700][info][gc,heap        ] GC(169) Eden regions: 0->0(204)
[2024-07-05T10:06:16.075-0700][info][gc,heap        ] GC(169) Survivor regions: 0->0(0)
[2024-07-05T10:06:16.075-0700][info][gc,heap        ] GC(169) Old regions: 4078->4078
[2024-07-05T10:06:16.075-0700][info][gc,heap        ] GC(169) Archive regions: 2->2
[2024-07-05T10:06:16.075-0700][info][gc,heap        ] GC(169) Humongous regions: 16->16
[2024-07-05T10:06:16.075-0700][info][gc,metaspace   ] GC(169) Metaspace: 304K(512K)->304K(512K) NonClass: 296K(384K)->296K(384K) Class: 7K(128K)->7K(128K)
[2024-07-05T10:06:16.075-0700][info][gc             ] GC(169) Pause Full (G1 Compaction Pause) 4093M->4093M(4096M) 205.385ms
[2024-07-05T10:06:16.075-0700][info][gc,cpu         ] GC(169) User=0.81s Sys=0.00s Real=0.21s
[2024-07-05T10:06:16.075-0700][info][gc,ergo        ] Attempting maximum full compaction clearing soft references
[2024-07-05T10:06:16.075-0700][info][gc,task        ] GC(170) Using 4 workers of 4 for full compaction
[2024-07-05T10:06:16.075-0700][info][gc,start       ] GC(170) Pause Full (G1 Compaction Pause)
[2024-07-05T10:06:16.075-0700][info][gc,phases,start] GC(170) Phase 1: Mark live objects
[2024-07-05T10:06:16.184-0700][info][gc,phases      ] GC(170) Phase 1: Mark live objects 108.488ms
[2024-07-05T10:06:16.184-0700][info][gc,phases,start] GC(170) Phase 2: Prepare for compaction
[2024-07-05T10:06:16.294-0700][info][gc,phases      ] GC(170) Phase 2: Prepare for compaction 110.284ms
[2024-07-05T10:06:16.294-0700][info][gc,phases,start] GC(170) Phase 3: Adjust pointers
[2024-07-05T10:06:16.416-0700][info][gc,phases      ] GC(170) Phase 3: Adjust pointers 121.963ms
[2024-07-05T10:06:16.416-0700][info][gc,phases,start] GC(170) Phase 4: Compact heap
[2024-07-05T10:06:17.090-0700][info][gc,phases      ] GC(170) Phase 4: Compact heap 673.260ms
[2024-07-05T10:06:17.094-0700][info][gc,heap        ] GC(170) Eden regions: 0->0(204)
[2024-07-05T10:06:17.094-0700][info][gc,heap        ] GC(170) Survivor regions: 0->0(0)
[2024-07-05T10:06:17.094-0700][info][gc,heap        ] GC(170) Old regions: 4078->3995
[2024-07-05T10:06:17.094-0700][info][gc,heap        ] GC(170) Archive regions: 2->2
[2024-07-05T10:06:17.094-0700][info][gc,heap        ] GC(170) Humongous regions: 16->16
[2024-07-05T10:06:17.094-0700][info][gc,metaspace   ] GC(170) Metaspace: 304K(512K)->304K(512K) NonClass: 296K(384K)->296K(384K) Class: 7K(128K)->7K(128K)
[2024-07-05T10:06:17.094-0700][info][gc             ] GC(170) Pause Full (G1 Compaction Pause) 4093M->4008M(4096M) 1019.313ms
[2024-07-05T10:06:17.094-0700][info][gc,cpu         ] GC(170) User=4.04s Sys=0.00s Real=1.01s
[2024-07-05T10:06:34.377-0700][info][gc,start       ] GC(171) Pause Young (Concurrent Start) (G1 Preventive Collection)
[2024-07-05T10:06:34.377-0700][info][gc,task        ] GC(171) Using 4 workers of 4 for evacuation
[2024-07-05T10:06:34.391-0700][info][gc             ] GC(171) To-space exhausted
[2024-07-05T10:06:34.391-0700][info][gc,phases      ] GC(171)   Pre Evacuate Collection Set: 0.5ms
[2024-07-05T10:06:34.391-0700][info][gc,phases      ] GC(171)   Merge Heap Roots: 0.3ms
[2024-07-05T10:06:34.391-0700][info][gc,phases      ] GC(171)   Evacuate Collection Set: 11.4ms
[2024-07-05T10:06:34.391-0700][info][gc,phases      ] GC(171)   Post Evacuate Collection Set: 1.7ms
[2024-07-05T10:06:34.391-0700][info][gc,phases      ] GC(171)   Other: 0.3ms
[2024-07-05T10:06:34.391-0700][info][gc,heap        ] GC(171) Eden regions: 59->0(180)
[2024-07-05T10:06:34.391-0700][info][gc,heap        ] GC(171) Survivor regions: 0->24(24)
[2024-07-05T10:06:34.391-0700][info][gc,heap        ] GC(171) Old regions: 3995->4034
[2024-07-05T10:06:34.391-0700][info][gc,heap        ] GC(171) Archive regions: 2->2
[2024-07-05T10:06:34.391-0700][info][gc,heap        ] GC(171) Humongous regions: 16->16
[2024-07-05T10:06:34.391-0700][info][gc,metaspace   ] GC(171) Metaspace: 304K(512K)->304K(512K) NonClass: 296K(384K)->296K(384K) Class: 7K(128K)->7K(128K)
[2024-07-05T10:06:34.391-0700][info][gc             ] GC(171) Pause Young (Concurrent Start) (G1 Preventive Collection) 4067M->4071M(4096M) 14.101ms
[2024-07-05T10:06:34.391-0700][info][gc,cpu         ] GC(171) User=0.04s Sys=0.01s Real=0.01s
[2024-07-05T10:06:34.391-0700][info][gc             ] GC(172) Concurrent Mark Cycle
[2024-07-05T10:06:34.391-0700][info][gc,marking     ] GC(172) Concurrent Clear Claimed Marks
[2024-07-05T10:06:34.391-0700][info][gc,marking     ] GC(172) Concurrent Clear Claimed Marks 0.006ms
[2024-07-05T10:06:34.391-0700][info][gc,marking     ] GC(172) Concurrent Scan Root Regions
[2024-07-05T10:06:34.393-0700][info][gc,marking     ] GC(172) Concurrent Scan Root Regions 1.953ms
[2024-07-05T10:06:34.393-0700][info][gc,marking     ] GC(172) Concurrent Mark
[2024-07-05T10:06:34.393-0700][info][gc,marking     ] GC(172) Concurrent Mark From Roots
[2024-07-05T10:06:34.393-0700][info][gc,task        ] GC(172) Using 1 workers of 1 for marking
[2024-07-05T10:06:35.021-0700][info][gc,marking     ] GC(172) Concurrent Mark From Roots 627.602ms
[2024-07-05T10:06:35.021-0700][info][gc,marking     ] GC(172) Concurrent Preclean
[2024-07-05T10:06:35.021-0700][info][gc,marking     ] GC(172) Concurrent Preclean 0.113ms
[2024-07-05T10:06:36.019-0700][info][gc,start       ] GC(172) Pause Remark
[2024-07-05T10:06:36.021-0700][info][gc             ] GC(172) Pause Remark 4072M->4072M(4096M) 1.624ms
[2024-07-05T10:06:36.021-0700][info][gc,cpu         ] GC(172) User=0.00s Sys=0.00s Real=0.00s
[2024-07-05T10:06:36.021-0700][info][gc,marking     ] GC(172) Concurrent Mark 1627.915ms
[2024-07-05T10:06:36.021-0700][info][gc,marking     ] GC(172) Concurrent Rebuild Remembered Sets
[2024-07-05T10:06:36.539-0700][info][gc,marking     ] GC(172) Concurrent Rebuild Remembered Sets 517.941ms
[2024-07-05T10:06:36.832-0700][info][gc,start       ] GC(172) Pause Cleanup
[2024-07-05T10:06:36.833-0700][info][gc             ] GC(172) Pause Cleanup 4072M->4072M(4096M) 1.195ms
[2024-07-05T10:06:36.833-0700][info][gc,cpu         ] GC(172) User=0.00s Sys=0.00s Real=0.00s
[2024-07-05T10:06:36.833-0700][info][gc,marking     ] GC(172) Concurrent Cleanup for Next Mark
[2024-07-05T10:06:36.843-0700][info][gc,marking     ] GC(172) Concurrent Cleanup for Next Mark 9.705ms
[2024-07-05T10:06:36.843-0700][info][gc             ] GC(172) Concurrent Mark Cycle 2452.041ms
[2024-07-05T10:06:40.641-0700][info][gc,start       ] GC(173) Pause Young (Prepare Mixed) (G1 Preventive Collection)
[2024-07-05T10:06:40.641-0700][info][gc,task        ] GC(173) Using 4 workers of 4 for evacuation
[2024-07-05T10:06:40.652-0700][info][gc             ] GC(173) To-space exhausted
[2024-07-05T10:06:40.652-0700][info][gc,phases      ] GC(173)   Pre Evacuate Collection Set: 0.5ms
[2024-07-05T10:06:40.652-0700][info][gc,phases      ] GC(173)   Merge Heap Roots: 0.3ms
[2024-07-05T10:06:40.652-0700][info][gc,phases      ] GC(173)   Evacuate Collection Set: 8.8ms
[2024-07-05T10:06:40.652-0700][info][gc,phases      ] GC(173)   Post Evacuate Collection Set: 1.6ms
[2024-07-05T10:06:40.652-0700][info][gc,phases      ] GC(173)   Other: 0.1ms
[2024-07-05T10:06:40.652-0700][info][gc,heap        ] GC(173) Eden regions: 14->0(204)
[2024-07-05T10:06:40.652-0700][info][gc,heap        ] GC(173) Survivor regions: 24->0(6)
[2024-07-05T10:06:40.652-0700][info][gc,heap        ] GC(173) Old regions: 4034->4076
[2024-07-05T10:06:40.652-0700][info][gc,heap        ] GC(173) Archive regions: 2->2
[2024-07-05T10:06:40.652-0700][info][gc,heap        ] GC(173) Humongous regions: 16->16
[2024-07-05T10:06:40.652-0700][info][gc,metaspace   ] GC(173) Metaspace: 304K(512K)->304K(512K) NonClass: 296K(384K)->296K(384K) Class: 7K(128K)->7K(128K)
[2024-07-05T10:06:40.652-0700][info][gc             ] GC(173) Pause Young (Prepare Mixed) (G1 Preventive Collection) 4085M->4089M(4096M) 11.455ms
[2024-07-05T10:06:40.652-0700][info][gc,cpu         ] GC(173) User=0.04s Sys=0.00s Real=0.01s
[2024-07-05T10:06:40.653-0700][info][gc,start       ] GC(174) Pause Young (Mixed) (G1 Preventive Collection)
[2024-07-05T10:06:40.653-0700][info][gc,task        ] GC(174) Using 4 workers of 4 for evacuation
[2024-07-05T10:06:40.655-0700][info][gc             ] GC(174) To-space exhausted
[2024-07-05T10:06:40.655-0700][info][gc,phases      ] GC(174)   Pre Evacuate Collection Set: 0.4ms
[2024-07-05T10:06:40.655-0700][info][gc,phases      ] GC(174)   Merge Heap Roots: 0.2ms
[2024-07-05T10:06:40.655-0700][info][gc,phases      ] GC(174)   Evacuate Collection Set: 0.6ms
[2024-07-05T10:06:40.655-0700][info][gc,phases      ] GC(174)   Post Evacuate Collection Set: 0.7ms
[2024-07-05T10:06:40.655-0700][info][gc,phases      ] GC(174)   Other: 0.1ms
[2024-07-05T10:06:40.655-0700][info][gc,heap        ] GC(174) Eden regions: 1->0(204)
[2024-07-05T10:06:40.655-0700][info][gc,heap        ] GC(174) Survivor regions: 0->0(1)
[2024-07-05T10:06:40.655-0700][info][gc,heap        ] GC(174) Old regions: 4076->4077
[2024-07-05T10:06:40.655-0700][info][gc,heap        ] GC(174) Archive regions: 2->2
[2024-07-05T10:06:40.655-0700][info][gc,heap        ] GC(174) Humongous regions: 16->16
[2024-07-05T10:06:40.655-0700][info][gc,metaspace   ] GC(174) Metaspace: 304K(512K)->304K(512K) NonClass: 296K(384K)->296K(384K) Class: 7K(128K)->7K(128K)
[2024-07-05T10:06:40.655-0700][info][gc             ] GC(174) Pause Young (Mixed) (G1 Preventive Collection) 4090M->4090M(4096M) 2.080ms
[2024-07-05T10:06:40.655-0700][info][gc,cpu         ] GC(174) User=0.00s Sys=0.00s Real=0.00s
[2024-07-05T10:06:40.655-0700][info][gc,start       ] GC(175) Pause Young (Concurrent Start) (G1 Evacuation Pause)
[2024-07-05T10:06:40.655-0700][info][gc,task        ] GC(175) Using 4 workers of 4 for evacuation
[2024-07-05T10:06:40.657-0700][info][gc             ] GC(175) To-space exhausted
[2024-07-05T10:06:40.657-0700][info][gc,phases      ] GC(175)   Pre Evacuate Collection Set: 0.3ms
[2024-07-05T10:06:40.657-0700][info][gc,phases      ] GC(175)   Merge Heap Roots: 0.2ms
[2024-07-05T10:06:40.657-0700][info][gc,phases      ] GC(175)   Evacuate Collection Set: 0.4ms
[2024-07-05T10:06:40.657-0700][info][gc,phases      ] GC(175)   Post Evacuate Collection Set: 0.7ms
[2024-07-05T10:06:40.657-0700][info][gc,phases      ] GC(175)   Other: 0.1ms
[2024-07-05T10:06:40.657-0700][info][gc,heap        ] GC(175) Eden regions: 1->0(204)
[2024-07-05T10:06:40.657-0700][info][gc,heap        ] GC(175) Survivor regions: 0->0(0)
[2024-07-05T10:06:40.657-0700][info][gc,heap        ] GC(175) Old regions: 4077->4078
[2024-07-05T10:06:40.657-0700][info][gc,heap        ] GC(175) Archive regions: 2->2
[2024-07-05T10:06:40.657-0700][info][gc,heap        ] GC(175) Humongous regions: 16->16
[2024-07-05T10:06:40.657-0700][info][gc,metaspace   ] GC(175) Metaspace: 304K(512K)->304K(512K) NonClass: 296K(384K)->296K(384K) Class: 7K(128K)->7K(128K)
[2024-07-05T10:06:40.657-0700][info][gc             ] GC(175) Pause Young (Concurrent Start) (G1 Evacuation Pause) 4091M->4091M(4096M) 1.804ms
[2024-07-05T10:06:40.657-0700][info][gc,cpu         ] GC(175) User=0.00s Sys=0.00s Real=0.00s
[2024-07-05T10:06:40.657-0700][info][gc,ergo        ] Attempting full compaction
[2024-07-05T10:06:40.657-0700][info][gc,task        ] GC(176) Using 4 workers of 4 for full compaction
[2024-07-05T10:06:40.657-0700][info][gc             ] GC(177) Concurrent Mark Cycle
[2024-07-05T10:06:40.657-0700][info][gc,marking     ] GC(177) Concurrent Clear Claimed Marks
[2024-07-05T10:06:40.657-0700][info][gc,marking     ] GC(177) Concurrent Clear Claimed Marks 0.005ms
[2024-07-05T10:06:40.657-0700][info][gc,marking     ] GC(177) Concurrent Scan Root Regions
[2024-07-05T10:06:40.657-0700][info][gc,marking     ] GC(177) Concurrent Scan Root Regions 0.003ms
[2024-07-05T10:06:40.657-0700][info][gc,marking     ] GC(177) Concurrent Mark
[2024-07-05T10:06:40.657-0700][info][gc,marking     ] GC(177) Concurrent Mark From Roots
[2024-07-05T10:06:40.657-0700][info][gc,task        ] GC(177) Using 1 workers of 1 for marking
[2024-07-05T10:06:40.657-0700][info][gc,start       ] GC(176) Pause Full (G1 Compaction Pause)
[2024-07-05T10:06:40.660-0700][info][gc,phases,start] GC(176) Phase 1: Mark live objects
[2024-07-05T10:06:40.767-0700][info][gc,phases      ] GC(176) Phase 1: Mark live objects 107.271ms
[2024-07-05T10:06:40.767-0700][info][gc,phases,start] GC(176) Phase 2: Prepare for compaction
[2024-07-05T10:06:40.771-0700][info][gc,phases      ] GC(176) Phase 2: Prepare for compaction 3.207ms
[2024-07-05T10:06:40.771-0700][info][gc,phases,start] GC(176) Phase 3: Adjust pointers
[2024-07-05T10:06:40.837-0700][info][gc,phases      ] GC(176) Phase 3: Adjust pointers 65.810ms
[2024-07-05T10:06:40.837-0700][info][gc,phases,start] GC(176) Phase 4: Compact heap
[2024-07-05T10:06:40.838-0700][info][gc,phases      ] GC(176) Phase 4: Compact heap 1.080ms
[2024-07-05T10:06:40.841-0700][info][gc,heap        ] GC(176) Eden regions: 0->0(204)
[2024-07-05T10:06:40.841-0700][info][gc,heap        ] GC(176) Survivor regions: 0->0(0)
[2024-07-05T10:06:40.841-0700][info][gc,heap        ] GC(176) Old regions: 4078->4070
[2024-07-05T10:06:40.841-0700][info][gc,heap        ] GC(176) Archive regions: 2->2
[2024-07-05T10:06:40.841-0700][info][gc,heap        ] GC(176) Humongous regions: 16->16
[2024-07-05T10:06:40.841-0700][info][gc,metaspace   ] GC(176) Metaspace: 304K(512K)->304K(512K) NonClass: 296K(384K)->296K(384K) Class: 7K(128K)->7K(128K)
[2024-07-05T10:06:40.841-0700][info][gc             ] GC(176) Pause Full (G1 Compaction Pause) 4091M->4083M(4096M) 183.976ms
[2024-07-05T10:06:40.841-0700][info][gc,cpu         ] GC(176) User=0.72s Sys=0.01s Real=0.18s
[2024-07-05T10:06:40.841-0700][info][gc,marking     ] GC(177) Concurrent Mark From Roots 184.233ms
[2024-07-05T10:06:40.841-0700][info][gc,marking     ] GC(177) Concurrent Mark Abort
[2024-07-05T10:06:40.841-0700][info][gc             ] GC(177) Concurrent Mark Cycle 184.291ms
[2024-07-05T10:06:43.088-0700][info][gc,start       ] GC(178) Pause Young (Normal) (G1 Preventive Collection)
[2024-07-05T10:06:43.088-0700][info][gc,task        ] GC(178) Using 4 workers of 4 for evacuation
[2024-07-05T10:06:43.097-0700][info][gc             ] GC(178) To-space exhausted
[2024-07-05T10:06:43.097-0700][info][gc,phases      ] GC(178)   Pre Evacuate Collection Set: 0.5ms
[2024-07-05T10:06:43.097-0700][info][gc,phases      ] GC(178)   Merge Heap Roots: 0.3ms
[2024-07-05T10:06:43.097-0700][info][gc,phases      ] GC(178)   Evacuate Collection Set: 6.8ms
[2024-07-05T10:06:43.097-0700][info][gc,phases      ] GC(178)   Post Evacuate Collection Set: 0.9ms
[2024-07-05T10:06:43.097-0700][info][gc,phases      ] GC(178)   Other: 0.1ms
[2024-07-05T10:06:43.097-0700][info][gc,heap        ] GC(178) Eden regions: 6->0(202)
[2024-07-05T10:06:43.097-0700][info][gc,heap        ] GC(178) Survivor regions: 0->2(2)
[2024-07-05T10:06:43.097-0700][info][gc,heap        ] GC(178) Old regions: 4070->4075
[2024-07-05T10:06:43.097-0700][info][gc,heap        ] GC(178) Archive regions: 2->2
[2024-07-05T10:06:43.097-0700][info][gc,heap        ] GC(178) Humongous regions: 16->16
[2024-07-05T10:06:43.097-0700][info][gc,metaspace   ] GC(178) Metaspace: 304K(512K)->304K(512K) NonClass: 296K(384K)->296K(384K) Class: 7K(128K)->7K(128K)
[2024-07-05T10:06:43.097-0700][info][gc             ] GC(178) Pause Young (Normal) (G1 Preventive Collection) 4089M->4090M(4096M) 8.737ms
[2024-07-05T10:06:43.097-0700][info][gc,cpu         ] GC(178) User=0.03s Sys=0.00s Real=0.01s
[2024-07-05T10:06:43.097-0700][info][gc,start       ] GC(179) Pause Young (Concurrent Start) (G1 Evacuation Pause)
[2024-07-05T10:06:43.097-0700][info][gc,task        ] GC(179) Using 4 workers of 4 for evacuation
[2024-07-05T10:06:43.099-0700][info][gc             ] GC(179) To-space exhausted
[2024-07-05T10:06:43.099-0700][info][gc,phases      ] GC(179)   Pre Evacuate Collection Set: 0.4ms
[2024-07-05T10:06:43.099-0700][info][gc,phases      ] GC(179)   Merge Heap Roots: 0.2ms
[2024-07-05T10:06:43.099-0700][info][gc,phases      ] GC(179)   Evacuate Collection Set: 0.7ms
[2024-07-05T10:06:43.099-0700][info][gc,phases      ] GC(179)   Post Evacuate Collection Set: 0.6ms
[2024-07-05T10:06:43.099-0700][info][gc,phases      ] GC(179)   Other: 0.2ms
[2024-07-05T10:06:43.099-0700][info][gc,heap        ] GC(179) Eden regions: 1->0(204)
[2024-07-05T10:06:43.099-0700][info][gc,heap        ] GC(179) Survivor regions: 2->0(0)
[2024-07-05T10:06:43.099-0700][info][gc,heap        ] GC(179) Old regions: 4075->4078
[2024-07-05T10:06:43.099-0700][info][gc,heap        ] GC(179) Archive regions: 2->2
[2024-07-05T10:06:43.099-0700][info][gc,heap        ] GC(179) Humongous regions: 16->16
[2024-07-05T10:06:43.099-0700][info][gc,metaspace   ] GC(179) Metaspace: 304K(512K)->304K(512K) NonClass: 296K(384K)->296K(384K) Class: 7K(128K)->7K(128K)
[2024-07-05T10:06:43.099-0700][info][gc             ] GC(179) Pause Young (Concurrent Start) (G1 Evacuation Pause) 4091M->4091M(4096M) 2.143ms
[2024-07-05T10:06:43.099-0700][info][gc,cpu         ] GC(179) User=0.00s Sys=0.00s Real=0.00s
[2024-07-05T10:06:43.099-0700][info][gc,ergo        ] Attempting full compaction
[2024-07-05T10:06:43.099-0700][info][gc,task        ] GC(180) Using 4 workers of 4 for full compaction
[2024-07-05T10:06:43.099-0700][info][gc             ] GC(181) Concurrent Mark Cycle
[2024-07-05T10:06:43.099-0700][info][gc,marking     ] GC(181) Concurrent Clear Claimed Marks
[2024-07-05T10:06:43.099-0700][info][gc,marking     ] GC(181) Concurrent Clear Claimed Marks 0.011ms
[2024-07-05T10:06:43.099-0700][info][gc,marking     ] GC(181) Concurrent Scan Root Regions
[2024-07-05T10:06:43.099-0700][info][gc,start       ] GC(180) Pause Full (G1 Compaction Pause)
[2024-07-05T10:06:43.099-0700][info][gc,marking     ] GC(181) Concurrent Scan Root Regions 0.005ms
[2024-07-05T10:06:43.099-0700][info][gc,marking     ] GC(181) Concurrent Mark
[2024-07-05T10:06:43.099-0700][info][gc,marking     ] GC(181) Concurrent Mark From Roots
[2024-07-05T10:06:43.099-0700][info][gc,task        ] GC(181) Using 1 workers of 1 for marking
[2024-07-05T10:06:43.103-0700][info][gc,phases,start] GC(180) Phase 1: Mark live objects
[2024-07-05T10:06:43.221-0700][info][gc,phases      ] GC(180) Phase 1: Mark live objects 118.107ms
[2024-07-05T10:06:43.221-0700][info][gc,phases,start] GC(180) Phase 2: Prepare for compaction
[2024-07-05T10:06:43.223-0700][info][gc,phases      ] GC(180) Phase 2: Prepare for compaction 1.983ms
[2024-07-05T10:06:43.223-0700][info][gc,phases,start] GC(180) Phase 3: Adjust pointers
[2024-07-05T10:06:43.293-0700][info][gc,phases      ] GC(180) Phase 3: Adjust pointers 70.064ms
[2024-07-05T10:06:43.293-0700][info][gc,phases,start] GC(180) Phase 4: Compact heap
[2024-07-05T10:06:43.293-0700][info][gc,phases      ] GC(180) Phase 4: Compact heap 0.340ms
[2024-07-05T10:06:43.297-0700][info][gc,heap        ] GC(180) Eden regions: 0->0(204)
[2024-07-05T10:06:43.297-0700][info][gc,heap        ] GC(180) Survivor regions: 0->0(0)
[2024-07-05T10:06:43.297-0700][info][gc,heap        ] GC(180) Old regions: 4078->4077
[2024-07-05T10:06:43.297-0700][info][gc,heap        ] GC(180) Archive regions: 2->2
[2024-07-05T10:06:43.297-0700][info][gc,heap        ] GC(180) Humongous regions: 16->16
[2024-07-05T10:06:43.297-0700][info][gc,metaspace   ] GC(180) Metaspace: 304K(512K)->304K(512K) NonClass: 296K(384K)->296K(384K) Class: 7K(128K)->7K(128K)
[2024-07-05T10:06:43.297-0700][info][gc             ] GC(180) Pause Full (G1 Compaction Pause) 4091M->4090M(4096M) 198.025ms
[2024-07-05T10:06:43.297-0700][info][gc,cpu         ] GC(180) User=0.76s Sys=0.00s Real=0.20s
[2024-07-05T10:06:43.298-0700][info][gc,marking     ] GC(181) Concurrent Mark From Roots 198.132ms
[2024-07-05T10:06:43.298-0700][info][gc,marking     ] GC(181) Concurrent Mark Abort
[2024-07-05T10:06:43.298-0700][info][gc             ] GC(181) Concurrent Mark Cycle 198.281ms
[2024-07-05T10:06:43.298-0700][info][gc,start       ] GC(182) Pause Young (Normal) (G1 Evacuation Pause)
[2024-07-05T10:06:43.298-0700][info][gc,task        ] GC(182) Using 4 workers of 4 for evacuation
[2024-07-05T10:06:43.299-0700][info][gc             ] GC(182) To-space exhausted
[2024-07-05T10:06:43.299-0700][info][gc,phases      ] GC(182)   Pre Evacuate Collection Set: 0.3ms
[2024-07-05T10:06:43.299-0700][info][gc,phases      ] GC(182)   Merge Heap Roots: 0.1ms
[2024-07-05T10:06:43.299-0700][info][gc,phases      ] GC(182)   Evacuate Collection Set: 0.3ms
[2024-07-05T10:06:43.299-0700][info][gc,phases      ] GC(182)   Post Evacuate Collection Set: 0.5ms
[2024-07-05T10:06:43.299-0700][info][gc,phases      ] GC(182)   Other: 0.1ms
[2024-07-05T10:06:43.299-0700][info][gc,heap        ] GC(182) Eden regions: 1->0(204)
[2024-07-05T10:06:43.299-0700][info][gc,heap        ] GC(182) Survivor regions: 0->0(0)
[2024-07-05T10:06:43.299-0700][info][gc,heap        ] GC(182) Old regions: 4077->4078
[2024-07-05T10:06:43.299-0700][info][gc,heap        ] GC(182) Archive regions: 2->2
[2024-07-05T10:06:43.299-0700][info][gc,heap        ] GC(182) Humongous regions: 16->16
[2024-07-05T10:06:43.299-0700][info][gc,metaspace   ] GC(182) Metaspace: 304K(512K)->304K(512K) NonClass: 296K(384K)->296K(384K) Class: 7K(128K)->7K(128K)
[2024-07-05T10:06:43.299-0700][info][gc             ] GC(182) Pause Young (Normal) (G1 Evacuation Pause) 4091M->4091M(4096M) 1.337ms
[2024-07-05T10:06:43.299-0700][info][gc,cpu         ] GC(182) User=0.00s Sys=0.00s Real=0.00s
[2024-07-05T10:06:43.299-0700][info][gc,ergo        ] Attempting full compaction
[2024-07-05T10:06:43.299-0700][info][gc,task        ] GC(183) Using 4 workers of 4 for full compaction
[2024-07-05T10:06:43.299-0700][info][gc,start       ] GC(183) Pause Full (G1 Compaction Pause)
[2024-07-05T10:06:43.299-0700][info][gc,phases,start] GC(183) Phase 1: Mark live objects
[2024-07-05T10:06:43.409-0700][info][gc,phases      ] GC(183) Phase 1: Mark live objects 109.253ms
[2024-07-05T10:06:43.409-0700][info][gc,phases,start] GC(183) Phase 2: Prepare for compaction
[2024-07-05T10:06:43.411-0700][info][gc,phases      ] GC(183) Phase 2: Prepare for compaction 2.203ms
[2024-07-05T10:06:43.411-0700][info][gc,phases,start] GC(183) Phase 3: Adjust pointers
[2024-07-05T10:06:43.479-0700][info][gc,phases      ] GC(183) Phase 3: Adjust pointers 68.521ms
[2024-07-05T10:06:43.479-0700][info][gc,phases,start] GC(183) Phase 4: Compact heap
[2024-07-05T10:06:43.480-0700][info][gc,phases      ] GC(183) Phase 4: Compact heap 0.231ms
[2024-07-05T10:06:43.483-0700][info][gc,heap        ] GC(183) Eden regions: 0->0(204)
[2024-07-05T10:06:43.484-0700][info][gc,heap        ] GC(183) Survivor regions: 0->0(0)
[2024-07-05T10:06:43.484-0700][info][gc,heap        ] GC(183) Old regions: 4078->4077
[2024-07-05T10:06:43.484-0700][info][gc,heap        ] GC(183) Archive regions: 2->2
[2024-07-05T10:06:43.484-0700][info][gc,heap        ] GC(183) Humongous regions: 16->16
[2024-07-05T10:06:43.484-0700][info][gc,metaspace   ] GC(183) Metaspace: 304K(512K)->304K(512K) NonClass: 296K(384K)->296K(384K) Class: 7K(128K)->7K(128K)
[2024-07-05T10:06:43.484-0700][info][gc             ] GC(183) Pause Full (G1 Compaction Pause) 4091M->4091M(4096M) 184.411ms
[2024-07-05T10:06:43.484-0700][info][gc,cpu         ] GC(183) User=0.72s Sys=0.00s Real=0.19s
[2024-07-05T10:06:43.484-0700][info][gc,start       ] GC(184) Pause Young (Concurrent Start) (G1 Evacuation Pause)
[2024-07-05T10:06:43.484-0700][info][gc,task        ] GC(184) Using 4 workers of 4 for evacuation
[2024-07-05T10:06:43.485-0700][info][gc             ] GC(184) To-space exhausted
[2024-07-05T10:06:43.485-0700][info][gc,phases      ] GC(184)   Pre Evacuate Collection Set: 0.3ms
[2024-07-05T10:06:43.485-0700][info][gc,phases      ] GC(184)   Merge Heap Roots: 0.1ms
[2024-07-05T10:06:43.485-0700][info][gc,phases      ] GC(184)   Evacuate Collection Set: 0.3ms
[2024-07-05T10:06:43.485-0700][info][gc,phases      ] GC(184)   Post Evacuate Collection Set: 0.4ms
[2024-07-05T10:06:43.485-0700][info][gc,phases      ] GC(184)   Other: 0.2ms
[2024-07-05T10:06:43.485-0700][info][gc,heap        ] GC(184) Eden regions: 1->0(204)
[2024-07-05T10:06:43.485-0700][info][gc,heap        ] GC(184) Survivor regions: 0->0(0)
[2024-07-05T10:06:43.485-0700][info][gc,heap        ] GC(184) Old regions: 4077->4078
[2024-07-05T10:06:43.485-0700][info][gc,heap        ] GC(184) Archive regions: 2->2
[2024-07-05T10:06:43.485-0700][info][gc,heap        ] GC(184) Humongous regions: 16->16
[2024-07-05T10:06:43.485-0700][info][gc,metaspace   ] GC(184) Metaspace: 304K(512K)->304K(512K) NonClass: 296K(384K)->296K(384K) Class: 7K(128K)->7K(128K)
[2024-07-05T10:06:43.485-0700][info][gc             ] GC(184) Pause Young (Concurrent Start) (G1 Evacuation Pause) 4092M->4092M(4096M) 1.361ms
[2024-07-05T10:06:43.485-0700][info][gc,cpu         ] GC(184) User=0.01s Sys=0.00s Real=0.00s
[2024-07-05T10:06:43.485-0700][info][gc,ergo        ] Attempting full compaction
[2024-07-05T10:06:43.485-0700][info][gc             ] GC(186) Concurrent Mark Cycle
[2024-07-05T10:06:43.485-0700][info][gc,marking     ] GC(186) Concurrent Clear Claimed Marks
[2024-07-05T10:06:43.485-0700][info][gc,task        ] GC(185) Using 4 workers of 4 for full compaction
[2024-07-05T10:06:43.485-0700][info][gc,marking     ] GC(186) Concurrent Clear Claimed Marks 0.013ms
[2024-07-05T10:06:43.485-0700][info][gc,marking     ] GC(186) Concurrent Scan Root Regions
[2024-07-05T10:06:43.485-0700][info][gc,marking     ] GC(186) Concurrent Scan Root Regions 0.006ms
[2024-07-05T10:06:43.485-0700][info][gc,marking     ] GC(186) Concurrent Mark
[2024-07-05T10:06:43.485-0700][info][gc,marking     ] GC(186) Concurrent Mark From Roots
[2024-07-05T10:06:43.485-0700][info][gc,task        ] GC(186) Using 1 workers of 1 for marking
[2024-07-05T10:06:43.485-0700][info][gc,start       ] GC(185) Pause Full (G1 Compaction Pause)
[2024-07-05T10:06:43.489-0700][info][gc,phases,start] GC(185) Phase 1: Mark live objects
[2024-07-05T10:06:43.599-0700][info][gc,phases      ] GC(185) Phase 1: Mark live objects 110.132ms
[2024-07-05T10:06:43.600-0700][info][gc,phases,start] GC(185) Phase 2: Prepare for compaction
[2024-07-05T10:06:43.601-0700][info][gc,phases      ] GC(185) Phase 2: Prepare for compaction 1.841ms
[2024-07-05T10:06:43.601-0700][info][gc,phases,start] GC(185) Phase 3: Adjust pointers
[2024-07-05T10:06:43.667-0700][info][gc,phases      ] GC(185) Phase 3: Adjust pointers 65.489ms
[2024-07-05T10:06:43.667-0700][info][gc,phases,start] GC(185) Phase 4: Compact heap
[2024-07-05T10:06:43.667-0700][info][gc,phases      ] GC(185) Phase 4: Compact heap 0.248ms
[2024-07-05T10:06:43.671-0700][info][gc,heap        ] GC(185) Eden regions: 0->0(204)
[2024-07-05T10:06:43.671-0700][info][gc,heap        ] GC(185) Survivor regions: 0->0(0)
[2024-07-05T10:06:43.671-0700][info][gc,heap        ] GC(185) Old regions: 4078->4077
[2024-07-05T10:06:43.671-0700][info][gc,heap        ] GC(185) Archive regions: 2->2
[2024-07-05T10:06:43.671-0700][info][gc,heap        ] GC(185) Humongous regions: 16->16
[2024-07-05T10:06:43.671-0700][info][gc,metaspace   ] GC(185) Metaspace: 304K(512K)->304K(512K) NonClass: 296K(384K)->296K(384K) Class: 7K(128K)->7K(128K)
[2024-07-05T10:06:43.671-0700][info][gc             ] GC(185) Pause Full (G1 Compaction Pause) 4092M->4092M(4096M) 185.560ms
[2024-07-05T10:06:43.671-0700][info][gc,cpu         ] GC(185) User=0.72s Sys=0.01s Real=0.18s
[2024-07-05T10:06:43.671-0700][info][gc,marking     ] GC(186) Concurrent Mark From Roots 185.708ms
[2024-07-05T10:06:43.671-0700][info][gc,marking     ] GC(186) Concurrent Mark Abort
[2024-07-05T10:06:43.671-0700][info][gc             ] GC(186) Concurrent Mark Cycle 185.858ms
[2024-07-05T10:06:43.671-0700][info][gc,start       ] GC(187) Pause Young (Normal) (G1 Evacuation Pause)
[2024-07-05T10:06:43.671-0700][info][gc,task        ] GC(187) Using 4 workers of 4 for evacuation
[2024-07-05T10:06:43.672-0700][info][gc             ] GC(187) To-space exhausted
[2024-07-05T10:06:43.672-0700][info][gc,phases      ] GC(187)   Pre Evacuate Collection Set: 0.4ms
[2024-07-05T10:06:43.672-0700][info][gc,phases      ] GC(187)   Merge Heap Roots: 0.1ms
[2024-07-05T10:06:43.672-0700][info][gc,phases      ] GC(187)   Evacuate Collection Set: 0.2ms
[2024-07-05T10:06:43.672-0700][info][gc,phases      ] GC(187)   Post Evacuate Collection Set: 0.4ms
[2024-07-05T10:06:43.672-0700][info][gc,phases      ] GC(187)   Other: 0.1ms
[2024-07-05T10:06:43.672-0700][info][gc,heap        ] GC(187) Eden regions: 1->0(204)
[2024-07-05T10:06:43.672-0700][info][gc,heap        ] GC(187) Survivor regions: 0->0(0)
[2024-07-05T10:06:43.672-0700][info][gc,heap        ] GC(187) Old regions: 4077->4078
[2024-07-05T10:06:43.672-0700][info][gc,heap        ] GC(187) Archive regions: 2->2
[2024-07-05T10:06:43.672-0700][info][gc,heap        ] GC(187) Humongous regions: 16->16
[2024-07-05T10:06:43.672-0700][info][gc,metaspace   ] GC(187) Metaspace: 304K(512K)->304K(512K) NonClass: 296K(384K)->296K(384K) Class: 7K(128K)->7K(128K)
[2024-07-05T10:06:43.672-0700][info][gc             ] GC(187) Pause Young (Normal) (G1 Evacuation Pause) 4093M->4093M(4096M) 1.148ms
[2024-07-05T10:06:43.672-0700][info][gc,cpu         ] GC(187) User=0.01s Sys=0.00s Real=0.00s
[2024-07-05T10:06:43.672-0700][info][gc,ergo        ] Attempting full compaction
[2024-07-05T10:06:43.672-0700][info][gc,task        ] GC(188) Using 4 workers of 4 for full compaction
[2024-07-05T10:06:43.673-0700][info][gc,start       ] GC(188) Pause Full (G1 Compaction Pause)
[2024-07-05T10:06:43.673-0700][info][gc,phases,start] GC(188) Phase 1: Mark live objects
[2024-07-05T10:06:43.805-0700][info][gc,phases      ] GC(188) Phase 1: Mark live objects 132.184ms
[2024-07-05T10:06:43.805-0700][info][gc,phases,start] GC(188) Phase 2: Prepare for compaction
[2024-07-05T10:06:43.808-0700][info][gc,phases      ] GC(188) Phase 2: Prepare for compaction 2.545ms
[2024-07-05T10:06:43.808-0700][info][gc,phases,start] GC(188) Phase 3: Adjust pointers
[2024-07-05T10:06:43.874-0700][info][gc,phases      ] GC(188) Phase 3: Adjust pointers 66.174ms
[2024-07-05T10:06:43.874-0700][info][gc,phases,start] GC(188) Phase 4: Compact heap
[2024-07-05T10:06:43.874-0700][info][gc,phases      ] GC(188) Phase 4: Compact heap 0.264ms
[2024-07-05T10:06:43.878-0700][info][gc,heap        ] GC(188) Eden regions: 0->0(204)
[2024-07-05T10:06:43.878-0700][info][gc,heap        ] GC(188) Survivor regions: 0->0(0)
[2024-07-05T10:06:43.878-0700][info][gc,heap        ] GC(188) Old regions: 4078->4078
[2024-07-05T10:06:43.878-0700][info][gc,heap        ] GC(188) Archive regions: 2->2
[2024-07-05T10:06:43.878-0700][info][gc,heap        ] GC(188) Humongous regions: 16->16
[2024-07-05T10:06:43.878-0700][info][gc,metaspace   ] GC(188) Metaspace: 304K(512K)->304K(512K) NonClass: 296K(384K)->296K(384K) Class: 7K(128K)->7K(128K)
[2024-07-05T10:06:43.878-0700][info][gc             ] GC(188) Pause Full (G1 Compaction Pause) 4093M->4093M(4096M) 205.613ms
[2024-07-05T10:06:43.878-0700][info][gc,cpu         ] GC(188) User=0.81s Sys=0.00s Real=0.21s
[2024-07-05T10:06:43.878-0700][info][gc,ergo        ] Attempting maximum full compaction clearing soft references
[2024-07-05T10:06:43.878-0700][info][gc,task        ] GC(189) Using 4 workers of 4 for full compaction
[2024-07-05T10:06:43.878-0700][info][gc,start       ] GC(189) Pause Full (G1 Compaction Pause)
[2024-07-05T10:06:43.879-0700][info][gc,phases,start] GC(189) Phase 1: Mark live objects
[2024-07-05T10:06:43.994-0700][info][gc,phases      ] GC(189) Phase 1: Mark live objects 115.141ms
[2024-07-05T10:06:43.994-0700][info][gc,phases,start] GC(189) Phase 2: Prepare for compaction
[2024-07-05T10:06:44.083-0700][info][gc,phases      ] GC(189) Phase 2: Prepare for compaction 88.831ms
[2024-07-05T10:06:44.083-0700][info][gc,phases,start] GC(189) Phase 3: Adjust pointers
[2024-07-05T10:06:44.173-0700][info][gc,phases      ] GC(189) Phase 3: Adjust pointers 90.278ms
[2024-07-05T10:06:44.173-0700][info][gc,phases,start] GC(189) Phase 4: Compact heap
[2024-07-05T10:06:44.700-0700][info][gc,phases      ] GC(189) Phase 4: Compact heap 527.290ms
[2024-07-05T10:06:44.705-0700][info][gc,heap        ] GC(189) Eden regions: 0->0(204)
[2024-07-05T10:06:44.705-0700][info][gc,heap        ] GC(189) Survivor regions: 0->0(0)
[2024-07-05T10:06:44.705-0700][info][gc,heap        ] GC(189) Old regions: 4078->4035
[2024-07-05T10:06:44.705-0700][info][gc,heap        ] GC(189) Archive regions: 2->2
[2024-07-05T10:06:44.705-0700][info][gc,heap        ] GC(189) Humongous regions: 16->16
[2024-07-05T10:06:44.705-0700][info][gc,metaspace   ] GC(189) Metaspace: 304K(512K)->304K(512K) NonClass: 296K(384K)->296K(384K) Class: 7K(128K)->7K(128K)
[2024-07-05T10:06:44.705-0700][info][gc             ] GC(189) Pause Full (G1 Compaction Pause) 4093M->4049M(4096M) 826.715ms
[2024-07-05T10:06:44.705-0700][info][gc,cpu         ] GC(189) User=3.21s Sys=0.00s Real=0.83s
[2024-07-05T10:06:53.280-0700][info][gc,start       ] GC(190) Pause Young (Concurrent Start) (G1 Preventive Collection)
[2024-07-05T10:06:53.280-0700][info][gc,task        ] GC(190) Using 4 workers of 4 for evacuation
[2024-07-05T10:06:53.289-0700][info][gc             ] GC(190) To-space exhausted
[2024-07-05T10:06:53.289-0700][info][gc,phases      ] GC(190)   Pre Evacuate Collection Set: 0.5ms
[2024-07-05T10:06:53.289-0700][info][gc,phases      ] GC(190)   Merge Heap Roots: 0.3ms
[2024-07-05T10:06:53.289-0700][info][gc,phases      ] GC(190)   Evacuate Collection Set: 6.7ms
[2024-07-05T10:06:53.289-0700][info][gc,phases      ] GC(190)   Post Evacuate Collection Set: 1.7ms
[2024-07-05T10:06:53.289-0700][info][gc,phases      ] GC(190)   Other: 0.2ms
[2024-07-05T10:06:53.289-0700][info][gc,heap        ] GC(190) Eden regions: 39->0(200)
[2024-07-05T10:06:53.289-0700][info][gc,heap        ] GC(190) Survivor regions: 0->4(4)
[2024-07-05T10:06:53.289-0700][info][gc,heap        ] GC(190) Old regions: 4035->4073
[2024-07-05T10:06:53.289-0700][info][gc,heap        ] GC(190) Archive regions: 2->2
[2024-07-05T10:06:53.289-0700][info][gc,heap        ] GC(190) Humongous regions: 16->16
[2024-07-05T10:06:53.289-0700][info][gc,metaspace   ] GC(190) Metaspace: 304K(512K)->304K(512K) NonClass: 296K(384K)->296K(384K) Class: 7K(128K)->7K(128K)
[2024-07-05T10:06:53.289-0700][info][gc             ] GC(190) Pause Young (Concurrent Start) (G1 Preventive Collection) 4088M->4091M(4096M) 9.391ms
[2024-07-05T10:06:53.289-0700][info][gc,cpu         ] GC(190) User=0.03s Sys=0.00s Real=0.01s
[2024-07-05T10:06:53.289-0700][info][gc             ] GC(191) Concurrent Mark Cycle
[2024-07-05T10:06:53.289-0700][info][gc,marking     ] GC(191) Concurrent Clear Claimed Marks
[2024-07-05T10:06:53.289-0700][info][gc,marking     ] GC(191) Concurrent Clear Claimed Marks 0.006ms
[2024-07-05T10:06:53.289-0700][info][gc,marking     ] GC(191) Concurrent Scan Root Regions
[2024-07-05T10:06:53.290-0700][info][gc,marking     ] GC(191) Concurrent Scan Root Regions 0.448ms
[2024-07-05T10:06:53.290-0700][info][gc,marking     ] GC(191) Concurrent Mark
[2024-07-05T10:06:53.290-0700][info][gc,marking     ] GC(191) Concurrent Mark From Roots
[2024-07-05T10:06:53.290-0700][info][gc,task        ] GC(191) Using 1 workers of 1 for marking
[2024-07-05T10:06:53.290-0700][info][gc,start       ] GC(192) Pause Young (Normal) (G1 Evacuation Pause)
[2024-07-05T10:06:53.290-0700][info][gc,task        ] GC(192) Using 4 workers of 4 for evacuation
[2024-07-05T10:06:53.292-0700][info][gc             ] GC(192) To-space exhausted
[2024-07-05T10:06:53.292-0700][info][gc,phases      ] GC(192)   Pre Evacuate Collection Set: 0.8ms
[2024-07-05T10:06:53.292-0700][info][gc,phases      ] GC(192)   Merge Heap Roots: 0.2ms
[2024-07-05T10:06:53.292-0700][info][gc,phases      ] GC(192)   Evacuate Collection Set: 0.8ms
[2024-07-05T10:06:53.292-0700][info][gc,phases      ] GC(192)   Post Evacuate Collection Set: 0.6ms
[2024-07-05T10:06:53.292-0700][info][gc,phases      ] GC(192)   Other: 0.1ms
[2024-07-05T10:06:53.292-0700][info][gc,heap        ] GC(192) Eden regions: 1->0(204)
[2024-07-05T10:06:53.292-0700][info][gc,heap        ] GC(192) Survivor regions: 4->0(0)
[2024-07-05T10:06:53.292-0700][info][gc,heap        ] GC(192) Old regions: 4073->4078
[2024-07-05T10:06:53.292-0700][info][gc,heap        ] GC(192) Archive regions: 2->2
[2024-07-05T10:06:53.292-0700][info][gc,heap        ] GC(192) Humongous regions: 16->16
[2024-07-05T10:06:53.292-0700][info][gc,metaspace   ] GC(192) Metaspace: 304K(512K)->304K(512K) NonClass: 296K(384K)->296K(384K) Class: 7K(128K)->7K(128K)
[2024-07-05T10:06:53.292-0700][info][gc             ] GC(192) Pause Young (Normal) (G1 Evacuation Pause) 4092M->4092M(4096M) 2.060ms
[2024-07-05T10:06:53.292-0700][info][gc,cpu         ] GC(192) User=0.01s Sys=0.00s Real=0.00s
[2024-07-05T10:06:53.292-0700][info][gc,ergo        ] Attempting full compaction
[2024-07-05T10:06:53.292-0700][info][gc,task        ] GC(193) Using 4 workers of 4 for full compaction
[2024-07-05T10:06:53.292-0700][info][gc,start       ] GC(193) Pause Full (G1 Compaction Pause)
[2024-07-05T10:06:53.296-0700][info][gc,phases,start] GC(193) Phase 1: Mark live objects
[2024-07-05T10:06:53.395-0700][info][gc,phases      ] GC(193) Phase 1: Mark live objects 99.222ms
[2024-07-05T10:06:53.395-0700][info][gc,phases,start] GC(193) Phase 2: Prepare for compaction
[2024-07-05T10:06:53.397-0700][info][gc,phases      ] GC(193) Phase 2: Prepare for compaction 1.999ms
[2024-07-05T10:06:53.397-0700][info][gc,phases,start] GC(193) Phase 3: Adjust pointers
[2024-07-05T10:06:53.467-0700][info][gc,phases      ] GC(193) Phase 3: Adjust pointers 70.004ms
[2024-07-05T10:06:53.467-0700][info][gc,phases,start] GC(193) Phase 4: Compact heap
[2024-07-05T10:06:53.467-0700][info][gc,phases      ] GC(193) Phase 4: Compact heap 0.539ms
[2024-07-05T10:06:53.471-0700][info][gc,heap        ] GC(193) Eden regions: 0->0(204)
[2024-07-05T10:06:53.471-0700][info][gc,heap        ] GC(193) Survivor regions: 0->0(0)
[2024-07-05T10:06:53.471-0700][info][gc,heap        ] GC(193) Old regions: 4078->4075
[2024-07-05T10:06:53.471-0700][info][gc,heap        ] GC(193) Archive regions: 2->2
[2024-07-05T10:06:53.471-0700][info][gc,heap        ] GC(193) Humongous regions: 16->16
[2024-07-05T10:06:53.471-0700][info][gc,metaspace   ] GC(193) Metaspace: 304K(512K)->304K(512K) NonClass: 296K(384K)->296K(384K) Class: 7K(128K)->7K(128K)
[2024-07-05T10:06:53.471-0700][info][gc             ] GC(193) Pause Full (G1 Compaction Pause) 4092M->4088M(4096M) 178.724ms
[2024-07-05T10:06:53.471-0700][info][gc,cpu         ] GC(193) User=0.69s Sys=0.00s Real=0.18s
[2024-07-05T10:06:53.471-0700][info][gc,marking     ] GC(191) Concurrent Mark From Roots 181.123ms
[2024-07-05T10:06:53.471-0700][info][gc,marking     ] GC(191) Concurrent Mark Abort
[2024-07-05T10:06:53.471-0700][info][gc             ] GC(191) Concurrent Mark Cycle 181.635ms
[2024-07-05T10:06:53.471-0700][info][gc,start       ] GC(194) Pause Young (Normal) (G1 Preventive Collection)
[2024-07-05T10:06:53.471-0700][info][gc,task        ] GC(194) Using 4 workers of 4 for evacuation
[2024-07-05T10:06:53.473-0700][info][gc             ] GC(194) To-space exhausted
[2024-07-05T10:06:53.473-0700][info][gc,phases      ] GC(194)   Pre Evacuate Collection Set: 0.4ms
[2024-07-05T10:06:53.473-0700][info][gc,phases      ] GC(194)   Merge Heap Roots: 0.1ms
[2024-07-05T10:06:53.473-0700][info][gc,phases      ] GC(194)   Evacuate Collection Set: 0.4ms
[2024-07-05T10:06:53.473-0700][info][gc,phases      ] GC(194)   Post Evacuate Collection Set: 0.6ms
[2024-07-05T10:06:53.473-0700][info][gc,phases      ] GC(194)   Other: 0.1ms
[2024-07-05T10:06:53.473-0700][info][gc,heap        ] GC(194) Eden regions: 2->0(203)
[2024-07-05T10:06:53.473-0700][info][gc,heap        ] GC(194) Survivor regions: 0->1(1)
[2024-07-05T10:06:53.473-0700][info][gc,heap        ] GC(194) Old regions: 4075->4077
[2024-07-05T10:06:53.473-0700][info][gc,heap        ] GC(194) Archive regions: 2->2
[2024-07-05T10:06:53.473-0700][info][gc,heap        ] GC(194) Humongous regions: 16->16
[2024-07-05T10:06:53.473-0700][info][gc,metaspace   ] GC(194) Metaspace: 304K(512K)->304K(512K) NonClass: 296K(384K)->296K(384K) Class: 7K(128K)->7K(128K)
[2024-07-05T10:06:53.473-0700][info][gc             ] GC(194) Pause Young (Normal) (G1 Preventive Collection) 4090M->4091M(4096M) 1.530ms
[2024-07-05T10:06:53.473-0700][info][gc,cpu         ] GC(194) User=0.00s Sys=0.00s Real=0.00s
[2024-07-05T10:06:53.473-0700][info][gc,ergo        ] Attempting full compaction
[2024-07-05T10:06:53.473-0700][info][gc,task        ] GC(195) Using 4 workers of 4 for full compaction
[2024-07-05T10:06:53.473-0700][info][gc,start       ] GC(195) Pause Full (G1 Compaction Pause)
[2024-07-05T10:06:53.473-0700][info][gc,phases,start] GC(195) Phase 1: Mark live objects
[2024-07-05T10:06:53.590-0700][info][gc,phases      ] GC(195) Phase 1: Mark live objects 117.153ms
[2024-07-05T10:06:53.590-0700][info][gc,phases,start] GC(195) Phase 2: Prepare for compaction
[2024-07-05T10:06:53.592-0700][info][gc,phases      ] GC(195) Phase 2: Prepare for compaction 2.002ms
[2024-07-05T10:06:53.592-0700][info][gc,phases,start] GC(195) Phase 3: Adjust pointers
[2024-07-05T10:06:53.657-0700][info][gc,phases      ] GC(195) Phase 3: Adjust pointers 64.682ms
[2024-07-05T10:06:53.657-0700][info][gc,phases,start] GC(195) Phase 4: Compact heap
[2024-07-05T10:06:53.657-0700][info][gc,phases      ] GC(195) Phase 4: Compact heap 0.417ms
[2024-07-05T10:06:53.661-0700][info][gc,heap        ] GC(195) Eden regions: 0->0(204)
[2024-07-05T10:06:53.661-0700][info][gc,heap        ] GC(195) Survivor regions: 1->0(1)
[2024-07-05T10:06:53.661-0700][info][gc,heap        ] GC(195) Old regions: 4077->4076
[2024-07-05T10:06:53.661-0700][info][gc,heap        ] GC(195) Archive regions: 2->2
[2024-07-05T10:06:53.661-0700][info][gc,heap        ] GC(195) Humongous regions: 16->16
[2024-07-05T10:06:53.661-0700][info][gc,metaspace   ] GC(195) Metaspace: 304K(512K)->304K(512K) NonClass: 296K(384K)->296K(384K) Class: 7K(128K)->7K(128K)
[2024-07-05T10:06:53.661-0700][info][gc             ] GC(195) Pause Full (G1 Compaction Pause) 4091M->4090M(4096M) 187.987ms
[2024-07-05T10:06:53.661-0700][info][gc,cpu         ] GC(195) User=0.74s Sys=0.00s Real=0.19s
[2024-07-05T10:06:53.661-0700][info][gc,start       ] GC(196) Pause Young (Concurrent Start) (G1 Preventive Collection)
[2024-07-05T10:06:53.661-0700][info][gc,task        ] GC(196) Using 4 workers of 4 for evacuation
[2024-07-05T10:06:53.662-0700][info][gc,phases      ] GC(196)   Pre Evacuate Collection Set: 0.4ms
[2024-07-05T10:06:53.662-0700][info][gc,phases      ] GC(196)   Merge Heap Roots: 0.1ms
[2024-07-05T10:06:53.662-0700][info][gc,phases      ] GC(196)   Evacuate Collection Set: 0.4ms
[2024-07-05T10:06:53.662-0700][info][gc,phases      ] GC(196)   Post Evacuate Collection Set: 0.4ms
[2024-07-05T10:06:53.663-0700][info][gc,phases      ] GC(196)   Other: 0.1ms
[2024-07-05T10:06:53.663-0700][info][gc,heap        ] GC(196) Eden regions: 1->0(203)
[2024-07-05T10:06:53.663-0700][info][gc,heap        ] GC(196) Survivor regions: 0->1(1)
[2024-07-05T10:06:53.663-0700][info][gc,heap        ] GC(196) Old regions: 4076->4076
[2024-07-05T10:06:53.663-0700][info][gc,heap        ] GC(196) Archive regions: 2->2
[2024-07-05T10:06:53.663-0700][info][gc,heap        ] GC(196) Humongous regions: 16->16
[2024-07-05T10:06:53.663-0700][info][gc,metaspace   ] GC(196) Metaspace: 304K(512K)->304K(512K) NonClass: 296K(384K)->296K(384K) Class: 7K(128K)->7K(128K)
[2024-07-05T10:06:53.663-0700][info][gc             ] GC(196) Pause Young (Concurrent Start) (G1 Preventive Collection) 4091M->4091M(4096M) 1.479ms
[2024-07-05T10:06:53.663-0700][info][gc,cpu         ] GC(196) User=0.00s Sys=0.00s Real=0.00s
[2024-07-05T10:06:53.663-0700][info][gc             ] GC(197) Concurrent Mark Cycle
[2024-07-05T10:06:53.663-0700][info][gc,marking     ] GC(197) Concurrent Clear Claimed Marks
[2024-07-05T10:06:53.663-0700][info][gc,marking     ] GC(197) Concurrent Clear Claimed Marks 0.009ms
[2024-07-05T10:06:53.663-0700][info][gc,marking     ] GC(197) Concurrent Scan Root Regions
[2024-07-05T10:06:53.663-0700][info][gc,marking     ] GC(197) Concurrent Scan Root Regions 0.083ms
[2024-07-05T10:06:53.663-0700][info][gc,marking     ] GC(197) Concurrent Mark
[2024-07-05T10:06:53.663-0700][info][gc,marking     ] GC(197) Concurrent Mark From Roots
[2024-07-05T10:06:53.663-0700][info][gc,task        ] GC(197) Using 1 workers of 1 for marking
[2024-07-05T10:06:53.663-0700][info][gc,start       ] GC(198) Pause Young (Normal) (G1 Evacuation Pause)
[2024-07-05T10:06:53.663-0700][info][gc,task        ] GC(198) Using 4 workers of 4 for evacuation
[2024-07-05T10:06:53.664-0700][info][gc             ] GC(198) To-space exhausted
[2024-07-05T10:06:53.664-0700][info][gc,phases      ] GC(198)   Pre Evacuate Collection Set: 0.4ms
[2024-07-05T10:06:53.664-0700][info][gc,phases      ] GC(198)   Merge Heap Roots: 0.1ms
[2024-07-05T10:06:53.664-0700][info][gc,phases      ] GC(198)   Evacuate Collection Set: 0.4ms
[2024-07-05T10:06:53.664-0700][info][gc,phases      ] GC(198)   Post Evacuate Collection Set: 0.5ms
[2024-07-05T10:06:53.664-0700][info][gc,phases      ] GC(198)   Other: 0.1ms
[2024-07-05T10:06:53.664-0700][info][gc,heap        ] GC(198) Eden regions: 1->0(204)
[2024-07-05T10:06:53.664-0700][info][gc,heap        ] GC(198) Survivor regions: 1->0(0)
[2024-07-05T10:06:53.664-0700][info][gc,heap        ] GC(198) Old regions: 4076->4078
[2024-07-05T10:06:53.664-0700][info][gc,heap        ] GC(198) Archive regions: 2->2
[2024-07-05T10:06:53.664-0700][info][gc,heap        ] GC(198) Humongous regions: 16->16
[2024-07-05T10:06:53.664-0700][info][gc,metaspace   ] GC(198) Metaspace: 304K(512K)->304K(512K) NonClass: 296K(384K)->296K(384K) Class: 7K(128K)->7K(128K)
[2024-07-05T10:06:53.664-0700][info][gc             ] GC(198) Pause Young (Normal) (G1 Evacuation Pause) 4092M->4092M(4096M) 1.416ms
[2024-07-05T10:06:53.664-0700][info][gc,cpu         ] GC(198) User=0.00s Sys=0.00s Real=0.01s
[2024-07-05T10:06:53.664-0700][info][gc,ergo        ] Attempting full compaction
[2024-07-05T10:06:53.664-0700][info][gc,task        ] GC(199) Using 4 workers of 4 for full compaction
[2024-07-05T10:06:53.664-0700][info][gc,start       ] GC(199) Pause Full (G1 Compaction Pause)
[2024-07-05T10:06:53.668-0700][info][gc,phases,start] GC(199) Phase 1: Mark live objects
[2024-07-05T10:06:53.780-0700][info][gc,phases      ] GC(199) Phase 1: Mark live objects 111.886ms
[2024-07-05T10:06:53.780-0700][info][gc,phases,start] GC(199) Phase 2: Prepare for compaction
[2024-07-05T10:06:53.782-0700][info][gc,phases      ] GC(199) Phase 2: Prepare for compaction 2.027ms
[2024-07-05T10:06:53.782-0700][info][gc,phases,start] GC(199) Phase 3: Adjust pointers
[2024-07-05T10:06:53.850-0700][info][gc,phases      ] GC(199) Phase 3: Adjust pointers 68.643ms
[2024-07-05T10:06:53.850-0700][info][gc,phases,start] GC(199) Phase 4: Compact heap
[2024-07-05T10:06:53.851-0700][info][gc,phases      ] GC(199) Phase 4: Compact heap 0.343ms
[2024-07-05T10:06:53.854-0700][info][gc,heap        ] GC(199) Eden regions: 0->0(204)
[2024-07-05T10:06:53.854-0700][info][gc,heap        ] GC(199) Survivor regions: 0->0(0)
[2024-07-05T10:06:53.854-0700][info][gc,heap        ] GC(199) Old regions: 4078->4078
[2024-07-05T10:06:53.854-0700][info][gc,heap        ] GC(199) Archive regions: 2->2
[2024-07-05T10:06:53.854-0700][info][gc,heap        ] GC(199) Humongous regions: 16->16
[2024-07-05T10:06:53.854-0700][info][gc,metaspace   ] GC(199) Metaspace: 304K(512K)->304K(512K) NonClass: 296K(384K)->296K(384K) Class: 7K(128K)->7K(128K)
[2024-07-05T10:06:53.854-0700][info][gc             ] GC(199) Pause Full (G1 Compaction Pause) 4092M->4092M(4096M) 190.122ms
[2024-07-05T10:06:53.854-0700][info][gc,cpu         ] GC(199) User=0.75s Sys=0.00s Real=0.18s
[2024-07-05T10:06:53.854-0700][info][gc,ergo        ] Attempting maximum full compaction clearing soft references
[2024-07-05T10:06:53.855-0700][info][gc,task        ] GC(200) Using 4 workers of 4 for full compaction
[2024-07-05T10:06:53.855-0700][info][gc,start       ] GC(200) Pause Full (G1 Compaction Pause)
[2024-07-05T10:06:53.855-0700][info][gc,phases,start] GC(200) Phase 1: Mark live objects
[2024-07-05T10:06:53.965-0700][info][gc,phases      ] GC(200) Phase 1: Mark live objects 110.640ms
[2024-07-05T10:06:53.965-0700][info][gc,phases,start] GC(200) Phase 2: Prepare for compaction
[2024-07-05T10:06:54.050-0700][info][gc,phases      ] GC(200) Phase 2: Prepare for compaction 84.407ms
[2024-07-05T10:06:54.050-0700][info][gc,phases,start] GC(200) Phase 3: Adjust pointers
[2024-07-05T10:06:54.139-0700][info][gc,phases      ] GC(200) Phase 3: Adjust pointers 89.495ms
[2024-07-05T10:06:54.139-0700][info][gc,phases,start] GC(200) Phase 4: Compact heap
[2024-07-05T10:06:54.658-0700][info][gc,phases      ] GC(200) Phase 4: Compact heap 518.850ms
[2024-07-05T10:06:54.662-0700][info][gc,heap        ] GC(200) Eden regions: 0->0(204)
[2024-07-05T10:06:54.662-0700][info][gc,heap        ] GC(200) Survivor regions: 0->0(0)
[2024-07-05T10:06:54.662-0700][info][gc,heap        ] GC(200) Old regions: 4078->4058
[2024-07-05T10:06:54.662-0700][info][gc,heap        ] GC(200) Archive regions: 2->2
[2024-07-05T10:06:54.662-0700][info][gc,heap        ] GC(200) Humongous regions: 16->16
[2024-07-05T10:06:54.662-0700][info][gc,metaspace   ] GC(200) Metaspace: 304K(512K)->304K(512K) NonClass: 296K(384K)->296K(384K) Class: 7K(128K)->7K(128K)
[2024-07-05T10:06:54.662-0700][info][gc             ] GC(200) Pause Full (G1 Compaction Pause) 4092M->4073M(4096M) 807.150ms
[2024-07-05T10:06:54.662-0700][info][gc,cpu         ] GC(200) User=3.17s Sys=0.00s Real=0.81s
[2024-07-05T10:06:54.662-0700][info][gc,marking     ] GC(197) Concurrent Mark From Roots 999.076ms
[2024-07-05T10:06:54.662-0700][info][gc,marking     ] GC(197) Concurrent Mark Abort
[2024-07-05T10:06:54.662-0700][info][gc             ] GC(197) Concurrent Mark Cycle 999.287ms
[2024-07-05T10:06:59.121-0700][info][gc,start       ] GC(201) Pause Young (Normal) (G1 Preventive Collection)
[2024-07-05T10:06:59.121-0700][info][gc,task        ] GC(201) Using 4 workers of 4 for evacuation
[2024-07-05T10:06:59.129-0700][info][gc             ] GC(201) To-space exhausted
[2024-07-05T10:06:59.129-0700][info][gc,phases      ] GC(201)   Pre Evacuate Collection Set: 0.5ms
[2024-07-05T10:06:59.129-0700][info][gc,phases      ] GC(201)   Merge Heap Roots: 0.3ms
[2024-07-05T10:06:59.129-0700][info][gc,phases      ] GC(201)   Evacuate Collection Set: 6.6ms
[2024-07-05T10:06:59.129-0700][info][gc,phases      ] GC(201)   Post Evacuate Collection Set: 0.9ms
[2024-07-05T10:06:59.129-0700][info][gc,phases      ] GC(201)   Other: 0.1ms
[2024-07-05T10:06:59.129-0700][info][gc,heap        ] GC(201) Eden regions: 11->0(195)
[2024-07-05T10:06:59.129-0700][info][gc,heap        ] GC(201) Survivor regions: 0->9(9)
[2024-07-05T10:06:59.129-0700][info][gc,heap        ] GC(201) Old regions: 4058->4063
[2024-07-05T10:06:59.129-0700][info][gc,heap        ] GC(201) Archive regions: 2->2
[2024-07-05T10:06:59.129-0700][info][gc,heap        ] GC(201) Humongous regions: 16->16
[2024-07-05T10:06:59.129-0700][info][gc,metaspace   ] GC(201) Metaspace: 304K(512K)->304K(512K) NonClass: 296K(384K)->296K(384K) Class: 7K(128K)->7K(128K)
[2024-07-05T10:06:59.129-0700][info][gc             ] GC(201) Pause Young (Normal) (G1 Preventive Collection) 4084M->4087M(4096M) 8.441ms
[2024-07-05T10:06:59.129-0700][info][gc,cpu         ] GC(201) User=0.03s Sys=0.00s Real=0.01s
[2024-07-05T10:06:59.129-0700][info][gc,start       ] GC(202) Pause Young (Concurrent Start) (G1 Preventive Collection)
[2024-07-05T10:06:59.129-0700][info][gc,task        ] GC(202) Using 4 workers of 4 for evacuation
[2024-07-05T10:06:59.133-0700][info][gc             ] GC(202) To-space exhausted
[2024-07-05T10:06:59.133-0700][info][gc,phases      ] GC(202)   Pre Evacuate Collection Set: 0.5ms
[2024-07-05T10:06:59.133-0700][info][gc,phases      ] GC(202)   Merge Heap Roots: 0.2ms
[2024-07-05T10:06:59.133-0700][info][gc,phases      ] GC(202)   Evacuate Collection Set: 1.6ms
[2024-07-05T10:06:59.133-0700][info][gc,phases      ] GC(202)   Post Evacuate Collection Set: 1.0ms
[2024-07-05T10:06:59.133-0700][info][gc,phases      ] GC(202)   Other: 0.2ms
[2024-07-05T10:06:59.133-0700][info][gc,heap        ] GC(202) Eden regions: 2->0(200)
[2024-07-05T10:06:59.133-0700][info][gc,heap        ] GC(202) Survivor regions: 9->4(4)
[2024-07-05T10:06:59.133-0700][info][gc,heap        ] GC(202) Old regions: 4063->4073
[2024-07-05T10:06:59.133-0700][info][gc,heap        ] GC(202) Archive regions: 2->2
[2024-07-05T10:06:59.133-0700][info][gc,heap        ] GC(202) Humongous regions: 16->16
[2024-07-05T10:06:59.133-0700][info][gc,metaspace   ] GC(202) Metaspace: 304K(512K)->304K(512K) NonClass: 296K(384K)->296K(384K) Class: 7K(128K)->7K(128K)
[2024-07-05T10:06:59.133-0700][info][gc             ] GC(202) Pause Young (Concurrent Start) (G1 Preventive Collection) 4089M->4092M(4096M) 3.531ms
[2024-07-05T10:06:59.133-0700][info][gc,cpu         ] GC(202) User=0.00s Sys=0.00s Real=0.00s
[2024-07-05T10:06:59.133-0700][info][gc             ] GC(203) Concurrent Mark Cycle
[2024-07-05T10:06:59.133-0700][info][gc,marking     ] GC(203) Concurrent Clear Claimed Marks
[2024-07-05T10:06:59.133-0700][info][gc,marking     ] GC(203) Concurrent Clear Claimed Marks 0.005ms
[2024-07-05T10:06:59.133-0700][info][gc,marking     ] GC(203) Concurrent Scan Root Regions
[2024-07-05T10:06:59.133-0700][info][gc,marking     ] GC(203) Concurrent Scan Root Regions 0.226ms
[2024-07-05T10:06:59.133-0700][info][gc,marking     ] GC(203) Concurrent Mark
[2024-07-05T10:06:59.133-0700][info][gc,marking     ] GC(203) Concurrent Mark From Roots
[2024-07-05T10:06:59.133-0700][info][gc,start       ] GC(204) Pause Young (Normal) (G1 Evacuation Pause)
[2024-07-05T10:06:59.133-0700][info][gc,task        ] GC(204) Using 4 workers of 4 for evacuation
[2024-07-05T10:06:59.133-0700][info][gc,task        ] GC(203) Using 1 workers of 1 for marking
[2024-07-05T10:06:59.135-0700][info][gc             ] GC(204) To-space exhausted
[2024-07-05T10:06:59.135-0700][info][gc,phases      ] GC(204)   Pre Evacuate Collection Set: 0.3ms
[2024-07-05T10:06:59.135-0700][info][gc,phases      ] GC(204)   Merge Heap Roots: 0.2ms
[2024-07-05T10:06:59.135-0700][info][gc,phases      ] GC(204)   Evacuate Collection Set: 0.8ms
[2024-07-05T10:06:59.135-0700][info][gc,phases      ] GC(204)   Post Evacuate Collection Set: 0.7ms
[2024-07-05T10:06:59.135-0700][info][gc,phases      ] GC(204)   Other: 0.1ms
[2024-07-05T10:06:59.135-0700][info][gc,heap        ] GC(204) Eden regions: 1->0(204)
[2024-07-05T10:06:59.135-0700][info][gc,heap        ] GC(204) Survivor regions: 4->0(0)
[2024-07-05T10:06:59.135-0700][info][gc,heap        ] GC(204) Old regions: 4073->4078
[2024-07-05T10:06:59.135-0700][info][gc,heap        ] GC(204) Archive regions: 2->2
[2024-07-05T10:06:59.135-0700][info][gc,heap        ] GC(204) Humongous regions: 16->16
[2024-07-05T10:06:59.135-0700][info][gc,metaspace   ] GC(204) Metaspace: 304K(512K)->304K(512K) NonClass: 296K(384K)->296K(384K) Class: 7K(128K)->7K(128K)
[2024-07-05T10:06:59.135-0700][info][gc             ] GC(204) Pause Young (Normal) (G1 Evacuation Pause) 4093M->4093M(4096M) 2.056ms
[2024-07-05T10:06:59.135-0700][info][gc,cpu         ] GC(204) User=0.01s Sys=0.00s Real=0.01s
[2024-07-05T10:06:59.135-0700][info][gc,ergo        ] Attempting full compaction
[2024-07-05T10:06:59.135-0700][info][gc,task        ] GC(205) Using 4 workers of 4 for full compaction
[2024-07-05T10:06:59.135-0700][info][gc,start       ] GC(205) Pause Full (G1 Compaction Pause)
[2024-07-05T10:06:59.139-0700][info][gc,phases,start] GC(205) Phase 1: Mark live objects
[2024-07-05T10:06:59.244-0700][info][gc,phases      ] GC(205) Phase 1: Mark live objects 104.964ms
[2024-07-05T10:06:59.244-0700][info][gc,phases,start] GC(205) Phase 2: Prepare for compaction
[2024-07-05T10:06:59.246-0700][info][gc,phases      ] GC(205) Phase 2: Prepare for compaction 2.013ms
[2024-07-05T10:06:59.246-0700][info][gc,phases,start] GC(205) Phase 3: Adjust pointers
[2024-07-05T10:06:59.311-0700][info][gc,phases      ] GC(205) Phase 3: Adjust pointers 64.701ms
[2024-07-05T10:06:59.311-0700][info][gc,phases,start] GC(205) Phase 4: Compact heap
[2024-07-05T10:06:59.312-0700][info][gc,phases      ] GC(205) Phase 4: Compact heap 0.817ms
[2024-07-05T10:06:59.315-0700][info][gc,heap        ] GC(205) Eden regions: 0->0(204)
[2024-07-05T10:06:59.315-0700][info][gc,heap        ] GC(205) Survivor regions: 0->0(0)
[2024-07-05T10:06:59.315-0700][info][gc,heap        ] GC(205) Old regions: 4078->4072
[2024-07-05T10:06:59.315-0700][info][gc,heap        ] GC(205) Archive regions: 2->2
[2024-07-05T10:06:59.315-0700][info][gc,heap        ] GC(205) Humongous regions: 16->16
[2024-07-05T10:06:59.315-0700][info][gc,metaspace   ] GC(205) Metaspace: 304K(512K)->304K(512K) NonClass: 296K(384K)->296K(384K) Class: 7K(128K)->7K(128K)
[2024-07-05T10:06:59.315-0700][info][gc             ] GC(205) Pause Full (G1 Compaction Pause) 4093M->4086M(4096M) 179.681ms
[2024-07-05T10:06:59.315-0700][info][gc,cpu         ] GC(205) User=0.69s Sys=0.01s Real=0.18s
[2024-07-05T10:06:59.315-0700][info][gc,marking     ] GC(203) Concurrent Mark From Roots 182.025ms
[2024-07-05T10:06:59.315-0700][info][gc,marking     ] GC(203) Concurrent Mark Abort
[2024-07-05T10:06:59.315-0700][info][gc             ] GC(203) Concurrent Mark Cycle 182.316ms
[2024-07-05T10:06:59.316-0700][info][gc,start       ] GC(206) Pause Young (Normal) (G1 Preventive Collection)
[2024-07-05T10:06:59.316-0700][info][gc,task        ] GC(206) Using 4 workers of 4 for evacuation
[2024-07-05T10:06:59.317-0700][info][gc,phases      ] GC(206)   Pre Evacuate Collection Set: 0.4ms
[2024-07-05T10:06:59.317-0700][info][gc,phases      ] GC(206)   Merge Heap Roots: 0.1ms
[2024-07-05T10:06:59.317-0700][info][gc,phases      ] GC(206)   Evacuate Collection Set: 0.7ms
[2024-07-05T10:06:59.317-0700][info][gc,phases      ] GC(206)   Post Evacuate Collection Set: 0.3ms
[2024-07-05T10:06:59.317-0700][info][gc,phases      ] GC(206)   Other: 0.0ms
[2024-07-05T10:06:59.317-0700][info][gc,heap        ] GC(206) Eden regions: 3->0(201)
[2024-07-05T10:06:59.317-0700][info][gc,heap        ] GC(206) Survivor regions: 0->3(3)
[2024-07-05T10:06:59.317-0700][info][gc,heap        ] GC(206) Old regions: 4072->4072
[2024-07-05T10:06:59.317-0700][info][gc,heap        ] GC(206) Archive regions: 2->2
[2024-07-05T10:06:59.317-0700][info][gc,heap        ] GC(206) Humongous regions: 16->16
[2024-07-05T10:06:59.317-0700][info][gc,metaspace   ] GC(206) Metaspace: 304K(512K)->304K(512K) NonClass: 296K(384K)->296K(384K) Class: 7K(128K)->7K(128K)
[2024-07-05T10:06:59.317-0700][info][gc             ] GC(206) Pause Young (Normal) (G1 Preventive Collection) 4089M->4089M(4096M) 1.534ms
[2024-07-05T10:06:59.317-0700][info][gc,cpu         ] GC(206) User=0.00s Sys=0.00s Real=0.00s
[2024-07-05T10:06:59.317-0700][info][gc,start       ] GC(207) Pause Young (Concurrent Start) (G1 Preventive Collection)
[2024-07-05T10:06:59.317-0700][info][gc,task        ] GC(207) Using 4 workers of 4 for evacuation
[2024-07-05T10:06:59.319-0700][info][gc             ] GC(207) To-space exhausted
[2024-07-05T10:06:59.319-0700][info][gc,phases      ] GC(207)   Pre Evacuate Collection Set: 0.5ms
[2024-07-05T10:06:59.319-0700][info][gc,phases      ] GC(207)   Merge Heap Roots: 0.1ms
[2024-07-05T10:06:59.319-0700][info][gc,phases      ] GC(207)   Evacuate Collection Set: 0.8ms
[2024-07-05T10:06:59.319-0700][info][gc,phases      ] GC(207)   Post Evacuate Collection Set: 0.4ms
[2024-07-05T10:06:59.319-0700][info][gc,phases      ] GC(207)   Other: 0.2ms
[2024-07-05T10:06:59.319-0700][info][gc,heap        ] GC(207) Eden regions: 1->0(202)
[2024-07-05T10:06:59.319-0700][info][gc,heap        ] GC(207) Survivor regions: 3->2(2)
[2024-07-05T10:06:59.319-0700][info][gc,heap        ] GC(207) Old regions: 4072->4076
[2024-07-05T10:06:59.319-0700][info][gc,heap        ] GC(207) Archive regions: 2->2
[2024-07-05T10:06:59.319-0700][info][gc,heap        ] GC(207) Humongous regions: 16->16
[2024-07-05T10:06:59.319-0700][info][gc,metaspace   ] GC(207) Metaspace: 304K(512K)->304K(512K) NonClass: 296K(384K)->296K(384K) Class: 7K(128K)->7K(128K)
[2024-07-05T10:06:59.319-0700][info][gc             ] GC(207) Pause Young (Concurrent Start) (G1 Preventive Collection) 4090M->4092M(4096M) 1.983ms
[2024-07-05T10:06:59.319-0700][info][gc,cpu         ] GC(207) User=0.00s Sys=0.00s Real=0.00s
[2024-07-05T10:06:59.319-0700][info][gc,ergo        ] Attempting full compaction
[2024-07-05T10:06:59.319-0700][info][gc,task        ] GC(208) Using 4 workers of 4 for full compaction
[2024-07-05T10:06:59.319-0700][info][gc             ] GC(209) Concurrent Mark Cycle
[2024-07-05T10:06:59.319-0700][info][gc,marking     ] GC(209) Concurrent Clear Claimed Marks
[2024-07-05T10:06:59.319-0700][info][gc,marking     ] GC(209) Concurrent Clear Claimed Marks 0.029ms
[2024-07-05T10:06:59.319-0700][info][gc,marking     ] GC(209) Concurrent Scan Root Regions
[2024-07-05T10:06:59.319-0700][info][gc,start       ] GC(208) Pause Full (G1 Compaction Pause)
[2024-07-05T10:06:59.320-0700][info][gc,marking     ] GC(209) Concurrent Scan Root Regions 0.134ms
[2024-07-05T10:06:59.320-0700][info][gc,marking     ] GC(209) Concurrent Mark
[2024-07-05T10:06:59.320-0700][info][gc,marking     ] GC(209) Concurrent Mark From Roots
[2024-07-05T10:06:59.320-0700][info][gc,task        ] GC(209) Using 1 workers of 1 for marking
[2024-07-05T10:06:59.324-0700][info][gc,phases,start] GC(208) Phase 1: Mark live objects
[2024-07-05T10:06:59.432-0700][info][gc,phases      ] GC(208) Phase 1: Mark live objects 108.777ms
[2024-07-05T10:06:59.432-0700][info][gc,phases,start] GC(208) Phase 2: Prepare for compaction
[2024-07-05T10:06:59.434-0700][info][gc,phases      ] GC(208) Phase 2: Prepare for compaction 1.955ms
[2024-07-05T10:06:59.434-0700][info][gc,phases,start] GC(208) Phase 3: Adjust pointers
[2024-07-05T10:06:59.499-0700][info][gc,phases      ] GC(208) Phase 3: Adjust pointers 64.934ms
[2024-07-05T10:06:59.499-0700][info][gc,phases,start] GC(208) Phase 4: Compact heap
[2024-07-05T10:06:59.500-0700][info][gc,phases      ] GC(208) Phase 4: Compact heap 0.635ms
[2024-07-05T10:06:59.504-0700][info][gc,heap        ] GC(208) Eden regions: 0->0(204)
[2024-07-05T10:06:59.504-0700][info][gc,heap        ] GC(208) Survivor regions: 2->0(2)
[2024-07-05T10:06:59.504-0700][info][gc,heap        ] GC(208) Old regions: 4076->4076
[2024-07-05T10:06:59.504-0700][info][gc,heap        ] GC(208) Archive regions: 2->2
[2024-07-05T10:06:59.504-0700][info][gc,heap        ] GC(208) Humongous regions: 16->16
[2024-07-05T10:06:59.504-0700][info][gc,metaspace   ] GC(208) Metaspace: 304K(512K)->304K(512K) NonClass: 296K(384K)->296K(384K) Class: 7K(128K)->7K(128K)
[2024-07-05T10:06:59.504-0700][info][gc             ] GC(208) Pause Full (G1 Compaction Pause) 4092M->4090M(4096M) 185.013ms
[2024-07-05T10:06:59.504-0700][info][gc,cpu         ] GC(208) User=0.72s Sys=0.00s Real=0.19s
[2024-07-05T10:06:59.505-0700][info][gc,marking     ] GC(209) Concurrent Mark From Roots 185.004ms
[2024-07-05T10:06:59.505-0700][info][gc,marking     ] GC(209) Concurrent Mark Abort
[2024-07-05T10:06:59.505-0700][info][gc             ] GC(209) Concurrent Mark Cycle 185.278ms
[2024-07-05T10:06:59.505-0700][info][gc,start       ] GC(210) Pause Young (Normal) (G1 Preventive Collection)
[2024-07-05T10:06:59.505-0700][info][gc,task        ] GC(210) Using 4 workers of 4 for evacuation
[2024-07-05T10:06:59.507-0700][info][gc,phases      ] GC(210)   Pre Evacuate Collection Set: 0.8ms
[2024-07-05T10:06:59.507-0700][info][gc,phases      ] GC(210)   Merge Heap Roots: 0.1ms
[2024-07-05T10:06:59.507-0700][info][gc,phases      ] GC(210)   Evacuate Collection Set: 0.5ms
[2024-07-05T10:06:59.507-0700][info][gc,phases      ] GC(210)   Post Evacuate Collection Set: 0.5ms
[2024-07-05T10:06:59.507-0700][info][gc,phases      ] GC(210)   Other: 0.0ms
[2024-07-05T10:06:59.507-0700][info][gc,heap        ] GC(210) Eden regions: 1->0(203)
[2024-07-05T10:06:59.507-0700][info][gc,heap        ] GC(210) Survivor regions: 0->1(1)
[2024-07-05T10:06:59.507-0700][info][gc,heap        ] GC(210) Old regions: 4076->4076
[2024-07-05T10:06:59.507-0700][info][gc,heap        ] GC(210) Archive regions: 2->2
[2024-07-05T10:06:59.507-0700][info][gc,heap        ] GC(210) Humongous regions: 16->16
[2024-07-05T10:06:59.507-0700][info][gc,metaspace   ] GC(210) Metaspace: 304K(512K)->304K(512K) NonClass: 296K(384K)->296K(384K) Class: 7K(128K)->7K(128K)
[2024-07-05T10:06:59.507-0700][info][gc             ] GC(210) Pause Young (Normal) (G1 Preventive Collection) 4091M->4091M(4096M) 1.959ms
[2024-07-05T10:06:59.507-0700][info][gc,cpu         ] GC(210) User=0.01s Sys=0.00s Real=0.00s
[2024-07-05T10:06:59.507-0700][info][gc,start       ] GC(211) Pause Young (Concurrent Start) (G1 Evacuation Pause)
[2024-07-05T10:06:59.507-0700][info][gc,task        ] GC(211) Using 4 workers of 4 for evacuation
[2024-07-05T10:06:59.508-0700][info][gc             ] GC(211) To-space exhausted
[2024-07-05T10:06:59.509-0700][info][gc,phases      ] GC(211)   Pre Evacuate Collection Set: 0.3ms
[2024-07-05T10:06:59.509-0700][info][gc,phases      ] GC(211)   Merge Heap Roots: 0.1ms
[2024-07-05T10:06:59.509-0700][info][gc,phases      ] GC(211)   Evacuate Collection Set: 0.5ms
[2024-07-05T10:06:59.509-0700][info][gc,phases      ] GC(211)   Post Evacuate Collection Set: 0.5ms
[2024-07-05T10:06:59.509-0700][info][gc,phases      ] GC(211)   Other: 0.1ms
[2024-07-05T10:06:59.509-0700][info][gc,heap        ] GC(211) Eden regions: 1->0(204)
[2024-07-05T10:06:59.509-0700][info][gc,heap        ] GC(211) Survivor regions: 1->0(0)
[2024-07-05T10:06:59.509-0700][info][gc,heap        ] GC(211) Old regions: 4076->4078
[2024-07-05T10:06:59.509-0700][info][gc,heap        ] GC(211) Archive regions: 2->2
[2024-07-05T10:06:59.509-0700][info][gc,heap        ] GC(211) Humongous regions: 16->16
[2024-07-05T10:06:59.509-0700][info][gc,metaspace   ] GC(211) Metaspace: 304K(512K)->304K(512K) NonClass: 296K(384K)->296K(384K) Class: 7K(128K)->7K(128K)
[2024-07-05T10:06:59.509-0700][info][gc             ] GC(211) Pause Young (Concurrent Start) (G1 Evacuation Pause) 4092M->4092M(4096M) 1.555ms
[2024-07-05T10:06:59.509-0700][info][gc,cpu         ] GC(211) User=0.00s Sys=0.00s Real=0.00s
[2024-07-05T10:06:59.509-0700][info][gc,ergo        ] Attempting full compaction
[2024-07-05T10:06:59.509-0700][info][gc,task        ] GC(212) Using 4 workers of 4 for full compaction
[2024-07-05T10:06:59.509-0700][info][gc             ] GC(213) Concurrent Mark Cycle
[2024-07-05T10:06:59.509-0700][info][gc,marking     ] GC(213) Concurrent Clear Claimed Marks
[2024-07-05T10:06:59.509-0700][info][gc,start       ] GC(212) Pause Full (G1 Compaction Pause)
[2024-07-05T10:06:59.509-0700][info][gc,marking     ] GC(213) Concurrent Clear Claimed Marks 0.012ms
[2024-07-05T10:06:59.509-0700][info][gc,marking     ] GC(213) Concurrent Scan Root Regions
[2024-07-05T10:06:59.509-0700][info][gc,marking     ] GC(213) Concurrent Scan Root Regions 0.005ms
[2024-07-05T10:06:59.509-0700][info][gc,marking     ] GC(213) Concurrent Mark
[2024-07-05T10:06:59.509-0700][info][gc,marking     ] GC(213) Concurrent Mark From Roots
[2024-07-05T10:06:59.509-0700][info][gc,task        ] GC(213) Using 1 workers of 1 for marking
[2024-07-05T10:06:59.512-0700][info][gc,phases,start] GC(212) Phase 1: Mark live objects
[2024-07-05T10:06:59.620-0700][info][gc,phases      ] GC(212) Phase 1: Mark live objects 107.830ms
[2024-07-05T10:06:59.620-0700][info][gc,phases,start] GC(212) Phase 2: Prepare for compaction
[2024-07-05T10:06:59.622-0700][info][gc,phases      ] GC(212) Phase 2: Prepare for compaction 2.067ms
[2024-07-05T10:06:59.622-0700][info][gc,phases,start] GC(212) Phase 3: Adjust pointers
[2024-07-05T10:06:59.686-0700][info][gc,phases      ] GC(212) Phase 3: Adjust pointers 63.754ms
[2024-07-05T10:06:59.686-0700][info][gc,phases,start] GC(212) Phase 4: Compact heap
[2024-07-05T10:06:59.686-0700][info][gc,phases      ] GC(212) Phase 4: Compact heap 0.399ms
[2024-07-05T10:06:59.689-0700][info][gc,heap        ] GC(212) Eden regions: 0->0(204)
[2024-07-05T10:06:59.689-0700][info][gc,heap        ] GC(212) Survivor regions: 0->0(0)
[2024-07-05T10:06:59.689-0700][info][gc,heap        ] GC(212) Old regions: 4078->4078
[2024-07-05T10:06:59.689-0700][info][gc,heap        ] GC(212) Archive regions: 2->2
[2024-07-05T10:06:59.689-0700][info][gc,heap        ] GC(212) Humongous regions: 16->16
[2024-07-05T10:06:59.689-0700][info][gc,metaspace   ] GC(212) Metaspace: 304K(512K)->304K(512K) NonClass: 296K(384K)->296K(384K) Class: 7K(128K)->7K(128K)
[2024-07-05T10:06:59.689-0700][info][gc             ] GC(212) Pause Full (G1 Compaction Pause) 4092M->4092M(4096M) 180.667ms
[2024-07-05T10:06:59.689-0700][info][gc,cpu         ] GC(212) User=0.70s Sys=0.01s Real=0.18s
[2024-07-05T10:06:59.689-0700][info][gc,ergo        ] Attempting maximum full compaction clearing soft references
[2024-07-05T10:06:59.689-0700][info][gc,task        ] GC(214) Using 4 workers of 4 for full compaction
[2024-07-05T10:06:59.689-0700][info][gc,start       ] GC(214) Pause Full (G1 Compaction Pause)
[2024-07-05T10:06:59.690-0700][info][gc,phases,start] GC(214) Phase 1: Mark live objects
[2024-07-05T10:06:59.808-0700][info][gc,phases      ] GC(214) Phase 1: Mark live objects 118.428ms
[2024-07-05T10:06:59.808-0700][info][gc,phases,start] GC(214) Phase 2: Prepare for compaction
[2024-07-05T10:06:59.893-0700][info][gc,phases      ] GC(214) Phase 2: Prepare for compaction 85.128ms
[2024-07-05T10:06:59.893-0700][info][gc,phases,start] GC(214) Phase 3: Adjust pointers
[2024-07-05T10:06:59.988-0700][info][gc,phases      ] GC(214) Phase 3: Adjust pointers 94.975ms
[2024-07-05T10:06:59.988-0700][info][gc,phases,start] GC(214) Phase 4: Compact heap
[2024-07-05T10:07:00.461-0700][info][gc,phases      ] GC(214) Phase 4: Compact heap 472.191ms
[2024-07-05T10:07:00.465-0700][info][gc,heap        ] GC(214) Eden regions: 0->0(204)
[2024-07-05T10:07:00.465-0700][info][gc,heap        ] GC(214) Survivor regions: 0->0(0)
[2024-07-05T10:07:00.465-0700][info][gc,heap        ] GC(214) Old regions: 4078->4069
[2024-07-05T10:07:00.465-0700][info][gc,heap        ] GC(214) Archive regions: 2->2
[2024-07-05T10:07:00.465-0700][info][gc,heap        ] GC(214) Humongous regions: 16->16
[2024-07-05T10:07:00.465-0700][info][gc,metaspace   ] GC(214) Metaspace: 304K(512K)->304K(512K) NonClass: 296K(384K)->296K(384K) Class: 7K(128K)->7K(128K)
[2024-07-05T10:07:00.465-0700][info][gc             ] GC(214) Pause Full (G1 Compaction Pause) 4092M->4083M(4096M) 775.278ms
[2024-07-05T10:07:00.465-0700][info][gc,cpu         ] GC(214) User=3.05s Sys=0.00s Real=0.78s
[2024-07-05T10:07:00.465-0700][info][gc,marking     ] GC(213) Concurrent Mark From Roots 956.188ms
[2024-07-05T10:07:00.465-0700][info][gc,marking     ] GC(213) Concurrent Mark Abort
[2024-07-05T10:07:00.465-0700][info][gc             ] GC(213) Concurrent Mark Cycle 956.336ms
[2024-07-05T10:07:02.644-0700][info][gc,start       ] GC(215) Pause Young (Normal) (G1 Preventive Collection)
[2024-07-05T10:07:02.644-0700][info][gc,task        ] GC(215) Using 4 workers of 4 for evacuation
[2024-07-05T10:07:02.653-0700][info][gc             ] GC(215) To-space exhausted
[2024-07-05T10:07:02.653-0700][info][gc,phases      ] GC(215)   Pre Evacuate Collection Set: 0.5ms
[2024-07-05T10:07:02.653-0700][info][gc,phases      ] GC(215)   Merge Heap Roots: 0.2ms
[2024-07-05T10:07:02.653-0700][info][gc,phases      ] GC(215)   Evacuate Collection Set: 6.8ms
[2024-07-05T10:07:02.653-0700][info][gc,phases      ] GC(215)   Post Evacuate Collection Set: 0.7ms
[2024-07-05T10:07:02.653-0700][info][gc,phases      ] GC(215)   Other: 0.2ms
[2024-07-05T10:07:02.653-0700][info][gc,heap        ] GC(215) Eden regions: 5->0(200)
[2024-07-05T10:07:02.653-0700][info][gc,heap        ] GC(215) Survivor regions: 0->4(4)
[2024-07-05T10:07:02.653-0700][info][gc,heap        ] GC(215) Old regions: 4069->4071
[2024-07-05T10:07:02.653-0700][info][gc,heap        ] GC(215) Archive regions: 2->2
[2024-07-05T10:07:02.653-0700][info][gc,heap        ] GC(215) Humongous regions: 16->16
[2024-07-05T10:07:02.653-0700][info][gc,metaspace   ] GC(215) Metaspace: 304K(512K)->304K(512K) NonClass: 296K(384K)->296K(384K) Class: 7K(128K)->7K(128K)
[2024-07-05T10:07:02.653-0700][info][gc             ] GC(215) Pause Young (Normal) (G1 Preventive Collection) 4088M->4089M(4096M) 8.375ms
[2024-07-05T10:07:02.653-0700][info][gc,cpu         ] GC(215) User=0.03s Sys=0.00s Real=0.00s
[2024-07-05T10:07:02.653-0700][info][gc,start       ] GC(216) Pause Young (Concurrent Start) (G1 Preventive Collection)
[2024-07-05T10:07:02.653-0700][info][gc,task        ] GC(216) Using 4 workers of 4 for evacuation
[2024-07-05T10:07:02.655-0700][info][gc             ] GC(216) To-space exhausted
[2024-07-05T10:07:02.655-0700][info][gc,phases      ] GC(216)   Pre Evacuate Collection Set: 0.5ms
[2024-07-05T10:07:02.655-0700][info][gc,phases      ] GC(216)   Merge Heap Roots: 0.1ms
[2024-07-05T10:07:02.655-0700][info][gc,phases      ] GC(216)   Evacuate Collection Set: 1.0ms
[2024-07-05T10:07:02.655-0700][info][gc,phases      ] GC(216)   Post Evacuate Collection Set: 0.5ms
[2024-07-05T10:07:02.655-0700][info][gc,phases      ] GC(216)   Other: 0.1ms
[2024-07-05T10:07:02.655-0700][info][gc,heap        ] GC(216) Eden regions: 1->0(202)
[2024-07-05T10:07:02.655-0700][info][gc,heap        ] GC(216) Survivor regions: 4->2(2)
[2024-07-05T10:07:02.655-0700][info][gc,heap        ] GC(216) Old regions: 4071->4075
[2024-07-05T10:07:02.655-0700][info][gc,heap        ] GC(216) Archive regions: 2->2
[2024-07-05T10:07:02.655-0700][info][gc,heap        ] GC(216) Humongous regions: 16->16
[2024-07-05T10:07:02.655-0700][info][gc,metaspace   ] GC(216) Metaspace: 304K(512K)->304K(512K) NonClass: 296K(384K)->296K(384K) Class: 7K(128K)->7K(128K)
[2024-07-05T10:07:02.655-0700][info][gc             ] GC(216) Pause Young (Concurrent Start) (G1 Preventive Collection) 4090M->4091M(4096M) 2.209ms
[2024-07-05T10:07:02.655-0700][info][gc,cpu         ] GC(216) User=0.01s Sys=0.00s Real=0.01s
[2024-07-05T10:07:02.655-0700][info][gc             ] GC(217) Concurrent Mark Cycle
[2024-07-05T10:07:02.655-0700][info][gc,marking     ] GC(217) Concurrent Clear Claimed Marks
[2024-07-05T10:07:02.655-0700][info][gc,marking     ] GC(217) Concurrent Clear Claimed Marks 0.005ms
[2024-07-05T10:07:02.655-0700][info][gc,marking     ] GC(217) Concurrent Scan Root Regions
[2024-07-05T10:07:02.655-0700][info][gc,marking     ] GC(217) Concurrent Scan Root Regions 0.083ms
[2024-07-05T10:07:02.655-0700][info][gc,marking     ] GC(217) Concurrent Mark
[2024-07-05T10:07:02.655-0700][info][gc,marking     ] GC(217) Concurrent Mark From Roots
[2024-07-05T10:07:02.655-0700][info][gc,task        ] GC(217) Using 1 workers of 1 for marking
[2024-07-05T10:07:02.655-0700][info][gc,start       ] GC(218) Pause Young (Normal) (G1 Evacuation Pause)
[2024-07-05T10:07:02.655-0700][info][gc,task        ] GC(218) Using 4 workers of 4 for evacuation
[2024-07-05T10:07:02.657-0700][info][gc             ] GC(218) To-space exhausted
[2024-07-05T10:07:02.657-0700][info][gc,phases      ] GC(218)   Pre Evacuate Collection Set: 0.3ms
[2024-07-05T10:07:02.657-0700][info][gc,phases      ] GC(218)   Merge Heap Roots: 0.1ms
[2024-07-05T10:07:02.657-0700][info][gc,phases      ] GC(218)   Evacuate Collection Set: 0.6ms
[2024-07-05T10:07:02.657-0700][info][gc,phases      ] GC(218)   Post Evacuate Collection Set: 0.5ms
[2024-07-05T10:07:02.657-0700][info][gc,phases      ] GC(218)   Other: 0.1ms
[2024-07-05T10:07:02.657-0700][info][gc,heap        ] GC(218) Eden regions: 1->0(204)
[2024-07-05T10:07:02.657-0700][info][gc,heap        ] GC(218) Survivor regions: 2->0(0)
[2024-07-05T10:07:02.657-0700][info][gc,heap        ] GC(218) Old regions: 4075->4078
[2024-07-05T10:07:02.657-0700][info][gc,heap        ] GC(218) Archive regions: 2->2
[2024-07-05T10:07:02.657-0700][info][gc,heap        ] GC(218) Humongous regions: 16->16
[2024-07-05T10:07:02.657-0700][info][gc,metaspace   ] GC(218) Metaspace: 304K(512K)->304K(512K) NonClass: 296K(384K)->296K(384K) Class: 7K(128K)->7K(128K)
[2024-07-05T10:07:02.657-0700][info][gc             ] GC(218) Pause Young (Normal) (G1 Evacuation Pause) 4092M->4092M(4096M) 1.588ms
[2024-07-05T10:07:02.657-0700][info][gc,cpu         ] GC(218) User=0.00s Sys=0.00s Real=0.00s
[2024-07-05T10:07:02.657-0700][info][gc,ergo        ] Attempting full compaction
[2024-07-05T10:07:02.657-0700][info][gc,task        ] GC(219) Using 4 workers of 4 for full compaction
[2024-07-05T10:07:02.657-0700][info][gc,start       ] GC(219) Pause Full (G1 Compaction Pause)
[2024-07-05T10:07:02.661-0700][info][gc,phases,start] GC(219) Phase 1: Mark live objects
[2024-07-05T10:07:02.770-0700][info][gc,phases      ] GC(219) Phase 1: Mark live objects 108.487ms
[2024-07-05T10:07:02.770-0700][info][gc,phases,start] GC(219) Phase 2: Prepare for compaction
[2024-07-05T10:07:02.772-0700][info][gc,phases      ] GC(219) Phase 2: Prepare for compaction 2.062ms
[2024-07-05T10:07:02.772-0700][info][gc,phases,start] GC(219) Phase 3: Adjust pointers
[2024-07-05T10:07:02.839-0700][info][gc,phases      ] GC(219) Phase 3: Adjust pointers 66.918ms
[2024-07-05T10:07:02.839-0700][info][gc,phases,start] GC(219) Phase 4: Compact heap
[2024-07-05T10:07:02.840-0700][info][gc,phases      ] GC(219) Phase 4: Compact heap 0.593ms
[2024-07-05T10:07:02.844-0700][info][gc,heap        ] GC(219) Eden regions: 0->0(204)
[2024-07-05T10:07:02.844-0700][info][gc,heap        ] GC(219) Survivor regions: 0->0(0)
[2024-07-05T10:07:02.844-0700][info][gc,heap        ] GC(219) Old regions: 4078->4076
[2024-07-05T10:07:02.844-0700][info][gc,heap        ] GC(219) Archive regions: 2->2
[2024-07-05T10:07:02.844-0700][info][gc,heap        ] GC(219) Humongous regions: 16->16
[2024-07-05T10:07:02.844-0700][info][gc,metaspace   ] GC(219) Metaspace: 304K(512K)->304K(512K) NonClass: 296K(384K)->296K(384K) Class: 7K(128K)->7K(128K)
[2024-07-05T10:07:02.844-0700][info][gc             ] GC(219) Pause Full (G1 Compaction Pause) 4092M->4090M(4096M) 186.606ms
[2024-07-05T10:07:02.844-0700][info][gc,cpu         ] GC(219) User=0.72s Sys=0.00s Real=0.19s
[2024-07-05T10:07:02.844-0700][info][gc,marking     ] GC(217) Concurrent Mark From Roots 188.552ms
[2024-07-05T10:07:02.844-0700][info][gc,marking     ] GC(217) Concurrent Mark Abort
[2024-07-05T10:07:02.844-0700][info][gc             ] GC(217) Concurrent Mark Cycle 188.698ms
[2024-07-05T10:07:02.844-0700][info][gc,start       ] GC(220) Pause Young (Concurrent Start) (G1 Humongous Allocation)
[2024-07-05T10:07:02.844-0700][info][gc,task        ] GC(220) Using 4 workers of 4 for evacuation
[2024-07-05T10:07:02.845-0700][info][gc,phases      ] GC(220)   Pre Evacuate Collection Set: 0.3ms
[2024-07-05T10:07:02.845-0700][info][gc,phases      ] GC(220)   Merge Heap Roots: 0.1ms
[2024-07-05T10:07:02.845-0700][info][gc,phases      ] GC(220)   Evacuate Collection Set: 0.3ms
[2024-07-05T10:07:02.845-0700][info][gc,phases      ] GC(220)   Post Evacuate Collection Set: 0.2ms
[2024-07-05T10:07:02.845-0700][info][gc,phases      ] GC(220)   Other: 0.2ms
[2024-07-05T10:07:02.845-0700][info][gc,heap        ] GC(220) Eden regions: 1->0(203)
[2024-07-05T10:07:02.845-0700][info][gc,heap        ] GC(220) Survivor regions: 0->1(1)
[2024-07-05T10:07:02.845-0700][info][gc,heap        ] GC(220) Old regions: 4076->4076
[2024-07-05T10:07:02.845-0700][info][gc,heap        ] GC(220) Archive regions: 2->2
[2024-07-05T10:07:02.845-0700][info][gc,heap        ] GC(220) Humongous regions: 16->16
[2024-07-05T10:07:02.845-0700][info][gc,metaspace   ] GC(220) Metaspace: 304K(512K)->304K(512K) NonClass: 296K(384K)->296K(384K) Class: 7K(128K)->7K(128K)
[2024-07-05T10:07:02.845-0700][info][gc             ] GC(220) Pause Young (Concurrent Start) (G1 Humongous Allocation) 4091M->4090M(4096M) 1.127ms
[2024-07-05T10:07:02.845-0700][info][gc,cpu         ] GC(220) User=0.00s Sys=0.00s Real=0.00s
[2024-07-05T10:07:02.845-0700][info][gc             ] GC(221) Concurrent Mark Cycle
[2024-07-05T10:07:02.845-0700][info][gc,marking     ] GC(221) Concurrent Clear Claimed Marks
[2024-07-05T10:07:02.845-0700][info][gc,marking     ] GC(221) Concurrent Clear Claimed Marks 0.005ms
[2024-07-05T10:07:02.845-0700][info][gc,marking     ] GC(221) Concurrent Scan Root Regions
[2024-07-05T10:07:02.845-0700][info][gc,marking     ] GC(221) Concurrent Scan Root Regions 0.048ms
[2024-07-05T10:07:02.845-0700][info][gc,marking     ] GC(221) Concurrent Mark
[2024-07-05T10:07:02.845-0700][info][gc,marking     ] GC(221) Concurrent Mark From Roots
[2024-07-05T10:07:02.845-0700][info][gc,task        ] GC(221) Using 1 workers of 1 for marking
[2024-07-05T10:07:02.845-0700][info][gc,start       ] GC(222) Pause Young (Normal) (G1 Humongous Allocation)
[2024-07-05T10:07:02.845-0700][info][gc,task        ] GC(222) Using 4 workers of 4 for evacuation
[2024-07-05T10:07:02.846-0700][info][gc,phases      ] GC(222)   Pre Evacuate Collection Set: 0.3ms
[2024-07-05T10:07:02.846-0700][info][gc,phases      ] GC(222)   Merge Heap Roots: 0.1ms
[2024-07-05T10:07:02.846-0700][info][gc,phases      ] GC(222)   Evacuate Collection Set: 0.2ms
[2024-07-05T10:07:02.846-0700][info][gc,phases      ] GC(222)   Post Evacuate Collection Set: 0.3ms
[2024-07-05T10:07:02.846-0700][info][gc,phases      ] GC(222)   Other: 0.0ms
[2024-07-05T10:07:02.846-0700][info][gc,heap        ] GC(222) Eden regions: 0->0(203)
[2024-07-05T10:07:02.846-0700][info][gc,heap        ] GC(222) Survivor regions: 1->1(1)
[2024-07-05T10:07:02.846-0700][info][gc,heap        ] GC(222) Old regions: 4076->4076
[2024-07-05T10:07:02.846-0700][info][gc,heap        ] GC(222) Archive regions: 2->2
[2024-07-05T10:07:02.846-0700][info][gc,heap        ] GC(222) Humongous regions: 16->16
[2024-07-05T10:07:02.846-0700][info][gc,metaspace   ] GC(222) Metaspace: 304K(512K)->304K(512K) NonClass: 296K(384K)->296K(384K) Class: 7K(128K)->7K(128K)
[2024-07-05T10:07:02.846-0700][info][gc             ] GC(222) Pause Young (Normal) (G1 Humongous Allocation) 4090M->4090M(4096M) 0.975ms
[2024-07-05T10:07:02.846-0700][info][gc,cpu         ] GC(222) User=0.00s Sys=0.00s Real=0.00s
[2024-07-05T10:07:02.846-0700][info][gc,ergo        ] Attempting full compaction
[2024-07-05T10:07:02.846-0700][info][gc,task        ] GC(223) Using 4 workers of 4 for full compaction
[2024-07-05T10:07:02.846-0700][info][gc,start       ] GC(223) Pause Full (G1 Compaction Pause)
[2024-07-05T10:07:02.850-0700][info][gc,phases,start] GC(223) Phase 1: Mark live objects
[2024-07-05T10:07:02.958-0700][info][gc,phases      ] GC(223) Phase 1: Mark live objects 107.608ms
[2024-07-05T10:07:02.958-0700][info][gc,phases,start] GC(223) Phase 2: Prepare for compaction
[2024-07-05T10:07:02.960-0700][info][gc,phases      ] GC(223) Phase 2: Prepare for compaction 1.891ms
[2024-07-05T10:07:02.960-0700][info][gc,phases,start] GC(223) Phase 3: Adjust pointers
[2024-07-05T10:07:03.023-0700][info][gc,phases      ] GC(223) Phase 3: Adjust pointers 63.060ms
[2024-07-05T10:07:03.023-0700][info][gc,phases,start] GC(223) Phase 4: Compact heap
[2024-07-05T10:07:03.023-0700][info][gc,phases      ] GC(223) Phase 4: Compact heap 0.333ms
[2024-07-05T10:07:03.027-0700][info][gc,heap        ] GC(223) Eden regions: 0->0(204)
[2024-07-05T10:07:03.027-0700][info][gc,heap        ] GC(223) Survivor regions: 1->0(1)
[2024-07-05T10:07:03.027-0700][info][gc,heap        ] GC(223) Old regions: 4076->4077
[2024-07-05T10:07:03.027-0700][info][gc,heap        ] GC(223) Archive regions: 2->2
[2024-07-05T10:07:03.027-0700][info][gc,heap        ] GC(223) Humongous regions: 16->16
[2024-07-05T10:07:03.027-0700][info][gc,metaspace   ] GC(223) Metaspace: 304K(512K)->304K(512K) NonClass: 296K(384K)->296K(384K) Class: 7K(128K)->7K(128K)
[2024-07-05T10:07:03.027-0700][info][gc             ] GC(223) Pause Full (G1 Compaction Pause) 4090M->4090M(4096M) 180.582ms
[2024-07-05T10:07:03.027-0700][info][gc,cpu         ] GC(223) User=0.72s Sys=0.00s Real=0.18s
[2024-07-05T10:07:03.027-0700][info][gc,ergo        ] Attempting maximum full compaction clearing soft references
[2024-07-05T10:07:03.027-0700][info][gc,task        ] GC(224) Using 4 workers of 4 for full compaction
[2024-07-05T10:07:03.027-0700][info][gc,start       ] GC(224) Pause Full (G1 Compaction Pause)
[2024-07-05T10:07:03.027-0700][info][gc,phases,start] GC(224) Phase 1: Mark live objects
[2024-07-05T10:07:03.128-0700][info][gc,phases      ] GC(224) Phase 1: Mark live objects 100.491ms
[2024-07-05T10:07:03.128-0700][info][gc,phases,start] GC(224) Phase 2: Prepare for compaction
[2024-07-05T10:07:03.215-0700][info][gc,phases      ] GC(224) Phase 2: Prepare for compaction 87.278ms
[2024-07-05T10:07:03.215-0700][info][gc,phases,start] GC(224) Phase 3: Adjust pointers
[2024-07-05T10:07:03.306-0700][info][gc,phases      ] GC(224) Phase 3: Adjust pointers 90.995ms
[2024-07-05T10:07:03.306-0700][info][gc,phases,start] GC(224) Phase 4: Compact heap
[2024-07-05T10:07:03.711-0700][info][gc,phases      ] GC(224) Phase 4: Compact heap 404.838ms
[2024-07-05T10:07:03.715-0700][info][gc,heap        ] GC(224) Eden regions: 0->0(204)
[2024-07-05T10:07:03.715-0700][info][gc,heap        ] GC(224) Survivor regions: 0->0(1)
[2024-07-05T10:07:03.715-0700][info][gc,heap        ] GC(224) Old regions: 4077->4071
[2024-07-05T10:07:03.715-0700][info][gc,heap        ] GC(224) Archive regions: 2->2
[2024-07-05T10:07:03.715-0700][info][gc,heap        ] GC(224) Humongous regions: 16->16
[2024-07-05T10:07:03.715-0700][info][gc,metaspace   ] GC(224) Metaspace: 304K(512K)->304K(512K) NonClass: 296K(384K)->296K(384K) Class: 7K(128K)->7K(128K)
[2024-07-05T10:07:03.715-0700][info][gc             ] GC(224) Pause Full (G1 Compaction Pause) 4090M->4085M(4096M) 687.906ms
[2024-07-05T10:07:03.715-0700][info][gc,cpu         ] GC(224) User=2.70s Sys=0.00s Real=0.69s
[2024-07-05T10:07:03.715-0700][info][gc,marking     ] GC(221) Concurrent Mark From Roots 869.867ms
[2024-07-05T10:07:03.715-0700][info][gc,marking     ] GC(221) Concurrent Mark Abort
[2024-07-05T10:07:03.715-0700][info][gc             ] GC(221) Concurrent Mark Cycle 869.974ms
[2024-07-05T10:07:03.721-0700][info][gc,heap,exit   ] Heap
[2024-07-05T10:07:03.721-0700][info][gc,heap,exit   ]  garbage-first heap   total 4194304K, used 4184866K [0x0000000700000000, 0x0000000800000000)
[2024-07-05T10:07:03.721-0700][info][gc,heap,exit   ]   region size 1024K, 1 young (1024K), 0 survivors (0K)
[2024-07-05T10:07:03.721-0700][info][gc,heap,exit   ]  Metaspace       used 315K, committed 512K, reserved 1114112K
[2024-07-05T10:07:03.721-0700][info][gc,heap,exit   ]   class space    used 9K, committed 128K, reserved 1048576K
