[2024-07-05T22:33:45.123-0700][info][gc] Using G1
[2024-07-05T22:33:45.245-0700][info][gc,init] Version: 17.0.11+1-LTS (release)
[2024-07-05T22:33:45.245-0700][info][gc,init] CPUs: 4 total, 4 available
[2024-07-05T22:33:45.245-0700][info][gc,init] Memory: 15953M
[2024-07-05T22:33:45.245-0700][info][gc,init] Large Page Support: Disabled
[2024-07-05T22:33:45.245-0700][info][gc,init] NUMA Support: Disabled
[2024-07-05T22:33:45.245-0700][info][gc,init] Compressed Oops: Enabled (Zero based)
[2024-07-05T22:33:45.245-0700][info][gc,init] Heap Region Size: 1M
[2024-07-05T22:33:45.245-0700][info][gc,init] Heap Min Capacity: 16G
[2024-07-05T22:33:45.245-0700][info][gc,init] Heap Initial Capacity: 16G
[2024-07-05T22:33:45.245-0700][info][gc,init] Heap Max Capacity: 16G
[2024-07-05T22:33:45.245-0700][info][gc,init] Pre-touch: Disabled
[2024-07-05T22:33:45.245-0700][info][gc,init] Parallel Workers: 4
[2024-07-05T22:33:45.245-0700][info][gc,init] Concurrent Workers: 1
[2024-07-05T22:33:45.245-0700][info][gc,init] Concurrent Refinement Workers: 4
[2024-07-05T22:33:45.245-0700][info][gc,init] Periodic GC: Disabled
[2024-07-05T22:33:45.264-0700][info][gc,metaspace] CDS archive(s) mapped at: [0x00007f6583000000-0x00007f6583bbb000-0x00007f6583bbb000), size 12300288, SharedBaseAddress: 0x00007f6583000000, ArchiveRelocationMode: 1.
[2024-07-05T22:33:45.264-0700][info][gc,metaspace] Compressed class space mapped at: 0x00007f6584000000-0x00007f65c4000000, reserved size: 1073741824
[2024-07-05T22:33:45.264-0700][info][gc,metaspace] Narrow klass base: 0x00007f6583000000, Narrow klass shift: 0, Narrow klass range: 0x100000000
[2024-07-05T22:33:49.816-0700][info][gc,start    ] GC(0) Pause Young (Normal) (G1 Evacuation Pause)
[2024-07-05T22:33:49.817-0700][info][gc,task     ] GC(0) Using 4 workers of 4 for evacuation
[2024-07-05T22:33:50.103-0700][info][gc,mmu      ] GC(0) MMU target violated: 201.0ms (200.0ms/201.0ms)
[2024-07-05T22:33:50.103-0700][info][gc,phases   ] GC(0)   Pre Evacuate Collection Set: 1.5ms
[2024-07-05T22:33:50.103-0700][info][gc,phases   ] GC(0)   Merge Heap Roots: 0.9ms
[2024-07-05T22:33:50.103-0700][info][gc,phases   ] GC(0)   Evacuate Collection Set: 281.7ms
[2024-07-05T22:33:50.103-0700][info][gc,phases   ] GC(0)   Post Evacuate Collection Set: 1.0ms
[2024-07-05T22:33:50.103-0700][info][gc,phases   ] GC(0)   Other: 1.4ms
[2024-07-05T22:33:50.103-0700][info][gc,heap     ] GC(0) Eden regions: 819->0(716)
[2024-07-05T22:33:50.103-0700][info][gc,heap     ] GC(0) Survivor regions: 0->103(103)
[2024-07-05T22:33:50.103-0700][info][gc,heap     ] GC(0) Old regions: 0->488
[2024-07-05T22:33:50.103-0700][info][gc,heap     ] GC(0) Archive regions: 2->2
[2024-07-05T22:33:50.103-0700][info][gc,heap     ] GC(0) Humongous regions: 7->7
[2024-07-05T22:33:50.103-0700][info][gc,metaspace] GC(0) Metaspace: 229K(448K)->229K(448K) NonClass: 222K(320K)->222K(320K) Class: 6K(128K)->6K(128K)
[2024-07-05T22:33:50.103-0700][info][gc          ] GC(0) Pause Young (Normal) (G1 Evacuation Pause) 826M->598M(16384M) 286.596ms
[2024-07-05T22:33:50.103-0700][info][gc,cpu      ] GC(0) User=0.46s Sys=0.63s Real=0.29s
[2024-07-05T22:34:07.383-0700][info][gc,start    ] GC(1) Pause Young (Normal) (G1 Evacuation Pause)
[2024-07-05T22:34:07.383-0700][info][gc,task     ] GC(1) Using 4 workers of 4 for evacuation
[2024-07-05T22:34:07.745-0700][info][gc,mmu      ] GC(1) MMU target violated: 201.0ms (200.0ms/201.0ms)
[2024-07-05T22:34:07.745-0700][info][gc,phases   ] GC(1)   Pre Evacuate Collection Set: 1.0ms
[2024-07-05T22:34:07.745-0700][info][gc,phases   ] GC(1)   Merge Heap Roots: 0.8ms
[2024-07-05T22:34:07.745-0700][info][gc,phases   ] GC(1)   Evacuate Collection Set: 358.9ms
[2024-07-05T22:34:07.745-0700][info][gc,phases   ] GC(1)   Post Evacuate Collection Set: 1.0ms
[2024-07-05T22:34:07.745-0700][info][gc,phases   ] GC(1)   Other: 0.2ms
[2024-07-05T22:34:07.745-0700][info][gc,heap     ] GC(1) Eden regions: 716->0(716)
[2024-07-05T22:34:07.745-0700][info][gc,heap     ] GC(1) Survivor regions: 103->103(103)
[2024-07-05T22:34:07.745-0700][info][gc,heap     ] GC(1) Old regions: 488->1100
[2024-07-05T22:34:07.745-0700][info][gc,heap     ] GC(1) Archive regions: 2->2
[2024-07-05T22:34:07.745-0700][info][gc,heap     ] GC(1) Humongous regions: 11->11
[2024-07-05T22:34:07.745-0700][info][gc,metaspace] GC(1) Metaspace: 266K(448K)->266K(448K) NonClass: 260K(320K)->260K(320K) Class: 6K(128K)->6K(128K)
[2024-07-05T22:34:07.745-0700][info][gc          ] GC(1) Pause Young (Normal) (G1 Evacuation Pause) 1318M->1214M(16384M) 361.948ms
[2024-07-05T22:34:07.745-0700][info][gc,cpu      ] GC(1) User=0.70s Sys=0.70s Real=0.36s
[2024-07-05T22:34:53.475-0700][info][gc,start    ] GC(2) Pause Young (Normal) (G1 Evacuation Pause)
[2024-07-05T22:34:53.475-0700][info][gc,task     ] GC(2) Using 4 workers of 4 for evacuation
[2024-07-05T22:34:53.810-0700][info][gc,mmu      ] GC(2) MMU target violated: 201.0ms (200.0ms/201.0ms)
[2024-07-05T22:34:53.811-0700][info][gc,phases   ] GC(2)   Pre Evacuate Collection Set: 1.0ms
[2024-07-05T22:34:53.811-0700][info][gc,phases   ] GC(2)   Merge Heap Roots: 0.7ms
[2024-07-05T22:34:53.811-0700][info][gc,phases   ] GC(2)   Evacuate Collection Set: 332.5ms
[2024-07-05T22:34:53.811-0700][info][gc,phases   ] GC(2)   Post Evacuate Collection Set: 1.0ms
[2024-07-05T22:34:53.811-0700][info][gc,phases   ] GC(2)   Other: 0.2ms
[2024-07-05T22:34:53.811-0700][info][gc,heap     ] GC(2) Eden regions: 716->0(716)
[2024-07-05T22:34:53.811-0700][info][gc,heap     ] GC(2) Survivor regions: 103->103(103)
[2024-07-05T22:34:53.811-0700][info][gc,heap     ] GC(2) Old regions: 1100->1718
[2024-07-05T22:34:53.811-0700][info][gc,heap     ] GC(2) Archive regions: 2->2
[2024-07-05T22:34:53.811-0700][info][gc,heap     ] GC(2) Humongous regions: 16->16
[2024-07-05T22:34:53.811-0700][info][gc,metaspace] GC(2) Metaspace: 277K(512K)->277K(512K) NonClass: 270K(384K)->270K(384K) Class: 6K(128K)->6K(128K)
[2024-07-05T22:34:53.811-0700][info][gc          ] GC(2) Pause Young (Normal) (G1 Evacuation Pause) 1935M->1837M(16384M) 335.418ms
[2024-07-05T22:34:53.811-0700][info][gc,cpu      ] GC(2) User=0.56s Sys=0.73s Real=0.33s
[2024-07-05T22:37:10.895-0700][info][gc,start    ] GC(3) Pause Young (Normal) (G1 Evacuation Pause)
[2024-07-05T22:37:10.895-0700][info][gc,task     ] GC(3) Using 4 workers of 4 for evacuation
[2024-07-05T22:37:11.485-0700][info][gc,mmu      ] GC(3) MMU target violated: 201.0ms (200.0ms/201.0ms)
[2024-07-05T22:37:11.485-0700][info][gc,phases   ] GC(3)   Pre Evacuate Collection Set: 1.1ms
[2024-07-05T22:37:11.485-0700][info][gc,phases   ] GC(3)   Merge Heap Roots: 0.9ms
[2024-07-05T22:37:11.485-0700][info][gc,phases   ] GC(3)   Evacuate Collection Set: 586.1ms
[2024-07-05T22:37:11.485-0700][info][gc,phases   ] GC(3)   Post Evacuate Collection Set: 1.4ms
[2024-07-05T22:37:11.485-0700][info][gc,phases   ] GC(3)   Other: 0.2ms
[2024-07-05T22:37:11.485-0700][info][gc,heap     ] GC(3) Eden regions: 716->0(716)
[2024-07-05T22:37:11.485-0700][info][gc,heap     ] GC(3) Survivor regions: 103->103(103)
[2024-07-05T22:37:11.485-0700][info][gc,heap     ] GC(3) Old regions: 1718->2372
[2024-07-05T22:37:11.485-0700][info][gc,heap     ] GC(3) Archive regions: 2->2
[2024-07-05T22:37:11.485-0700][info][gc,heap     ] GC(3) Humongous regions: 23->23
[2024-07-05T22:37:11.485-0700][info][gc,metaspace] GC(3) Metaspace: 289K(512K)->289K(512K) NonClass: 282K(384K)->282K(384K) Class: 6K(128K)->6K(128K)
[2024-07-05T22:37:11.485-0700][info][gc          ] GC(3) Pause Young (Normal) (G1 Evacuation Pause) 2560M->2498M(16384M) 589.753ms
[2024-07-05T22:37:11.485-0700][info][gc,cpu      ] GC(3) User=0.66s Sys=1.65s Real=0.59s
[2024-07-05T22:41:09.116-0700][info][gc,start    ] GC(4) Pause Young (Normal) (G1 Evacuation Pause)
[2024-07-05T22:41:09.116-0700][info][gc,task     ] GC(4) Using 4 workers of 4 for evacuation
[2024-07-05T22:41:09.527-0700][info][gc,mmu      ] GC(4) MMU target violated: 201.0ms (200.0ms/201.0ms)
[2024-07-05T22:41:09.527-0700][info][gc,phases   ] GC(4)   Pre Evacuate Collection Set: 1.1ms
[2024-07-05T22:41:09.527-0700][info][gc,phases   ] GC(4)   Merge Heap Roots: 0.8ms
[2024-07-05T22:41:09.527-0700][info][gc,phases   ] GC(4)   Evacuate Collection Set: 407.6ms
[2024-07-05T22:41:09.527-0700][info][gc,phases   ] GC(4)   Post Evacuate Collection Set: 1.0ms
[2024-07-05T22:41:09.527-0700][info][gc,phases   ] GC(4)   Other: 0.2ms
[2024-07-05T22:41:09.527-0700][info][gc,heap     ] GC(4) Eden regions: 716->0(716)
[2024-07-05T22:41:09.527-0700][info][gc,heap     ] GC(4) Survivor regions: 103->103(103)
[2024-07-05T22:41:09.527-0700][info][gc,heap     ] GC(4) Old regions: 2372->3023
[2024-07-05T22:41:09.527-0700][info][gc,heap     ] GC(4) Archive regions: 2->2
[2024-07-05T22:41:09.527-0700][info][gc,heap     ] GC(4) Humongous regions: 34->34
[2024-07-05T22:41:09.527-0700][info][gc,metaspace] GC(4) Metaspace: 299K(512K)->299K(512K) NonClass: 292K(384K)->292K(384K) Class: 7K(128K)->7K(128K)
[2024-07-05T22:41:09.527-0700][info][gc          ] GC(4) Pause Young (Normal) (G1 Evacuation Pause) 3225M->3160M(16384M) 410.767ms
[2024-07-05T22:41:09.527-0700][info][gc,cpu      ] GC(4) User=0.70s Sys=0.88s Real=0.41s
[2024-07-05T22:46:46.324-0700][info][gc,start    ] GC(5) Pause Young (Normal) (G1 Evacuation Pause)
[2024-07-05T22:46:46.324-0700][info][gc,task     ] GC(5) Using 4 workers of 4 for evacuation
[2024-07-05T22:46:46.704-0700][info][gc,mmu      ] GC(5) MMU target violated: 201.0ms (200.0ms/201.0ms)
[2024-07-05T22:46:46.704-0700][info][gc,phases   ] GC(5)   Pre Evacuate Collection Set: 1.1ms
[2024-07-05T22:46:46.704-0700][info][gc,phases   ] GC(5)   Merge Heap Roots: 0.9ms
[2024-07-05T22:46:46.704-0700][info][gc,phases   ] GC(5)   Evacuate Collection Set: 376.7ms
[2024-07-05T22:46:46.704-0700][info][gc,phases   ] GC(5)   Post Evacuate Collection Set: 1.0ms
[2024-07-05T22:46:46.704-0700][info][gc,phases   ] GC(5)   Other: 0.3ms
[2024-07-05T22:46:46.704-0700][info][gc,heap     ] GC(5) Eden regions: 716->0(716)
[2024-07-05T22:46:46.704-0700][info][gc,heap     ] GC(5) Survivor regions: 103->103(103)
[2024-07-05T22:46:46.704-0700][info][gc,heap     ] GC(5) Old regions: 3023->3682
[2024-07-05T22:46:46.704-0700][info][gc,heap     ] GC(5) Archive regions: 2->2
[2024-07-05T22:46:46.704-0700][info][gc,heap     ] GC(5) Humongous regions: 34->34
[2024-07-05T22:46:46.704-0700][info][gc,metaspace] GC(5) Metaspace: 300K(512K)->300K(512K) NonClass: 293K(384K)->293K(384K) Class: 7K(128K)->7K(128K)
[2024-07-05T22:46:46.704-0700][info][gc          ] GC(5) Pause Young (Normal) (G1 Evacuation Pause) 3876M->3819M(16384M) 380.055ms
[2024-07-05T22:46:46.704-0700][info][gc,cpu      ] GC(5) User=0.60s Sys=0.85s Real=0.38s
[2024-07-05T22:53:55.659-0700][info][gc,start    ] GC(6) Pause Young (Normal) (G1 Evacuation Pause)
[2024-07-05T22:53:55.659-0700][info][gc,task     ] GC(6) Using 4 workers of 4 for evacuation
[2024-07-05T22:53:56.033-0700][info][gc,mmu      ] GC(6) MMU target violated: 201.0ms (200.0ms/201.0ms)
[2024-07-05T22:53:56.033-0700][info][gc,phases   ] GC(6)   Pre Evacuate Collection Set: 1.0ms
[2024-07-05T22:53:56.033-0700][info][gc,phases   ] GC(6)   Merge Heap Roots: 0.9ms
[2024-07-05T22:53:56.033-0700][info][gc,phases   ] GC(6)   Evacuate Collection Set: 370.8ms
[2024-07-05T22:53:56.033-0700][info][gc,phases   ] GC(6)   Post Evacuate Collection Set: 1.0ms
[2024-07-05T22:53:56.033-0700][info][gc,phases   ] GC(6)   Other: 0.2ms
[2024-07-05T22:53:56.033-0700][info][gc,heap     ] GC(6) Eden regions: 716->0(716)
[2024-07-05T22:53:56.033-0700][info][gc,heap     ] GC(6) Survivor regions: 103->103(103)
[2024-07-05T22:53:56.033-0700][info][gc,heap     ] GC(6) Old regions: 3682->4331
[2024-07-05T22:53:56.033-0700][info][gc,heap     ] GC(6) Archive regions: 2->2
[2024-07-05T22:53:56.033-0700][info][gc,heap     ] GC(6) Humongous regions: 34->34
[2024-07-05T22:53:56.033-0700][info][gc,metaspace] GC(6) Metaspace: 300K(512K)->300K(512K) NonClass: 293K(384K)->293K(384K) Class: 7K(128K)->7K(128K)
[2024-07-05T22:53:56.033-0700][info][gc          ] GC(6) Pause Young (Normal) (G1 Evacuation Pause) 4535M->4468M(16384M) 373.962ms
[2024-07-05T22:53:56.033-0700][info][gc,cpu      ] GC(6) User=0.65s Sys=0.80s Real=0.37s
[2024-07-05T23:02:33.560-0700][info][gc,start    ] GC(7) Pause Young (Normal) (G1 Evacuation Pause)
[2024-07-05T23:02:33.560-0700][info][gc,task     ] GC(7) Using 4 workers of 4 for evacuation
[2024-07-05T23:02:33.922-0700][info][gc,mmu      ] GC(7) MMU target violated: 201.0ms (200.0ms/201.0ms)
[2024-07-05T23:02:33.922-0700][info][gc,phases   ] GC(7)   Pre Evacuate Collection Set: 0.9ms
[2024-07-05T23:02:33.922-0700][info][gc,phases   ] GC(7)   Merge Heap Roots: 0.9ms
[2024-07-05T23:02:33.922-0700][info][gc,phases   ] GC(7)   Evacuate Collection Set: 358.7ms
[2024-07-05T23:02:33.922-0700][info][gc,phases   ] GC(7)   Post Evacuate Collection Set: 1.0ms
[2024-07-05T23:02:33.922-0700][info][gc,phases   ] GC(7)   Other: 0.2ms
[2024-07-05T23:02:33.922-0700][info][gc,heap     ] GC(7) Eden regions: 716->0(716)
[2024-07-05T23:02:33.922-0700][info][gc,heap     ] GC(7) Survivor regions: 103->103(103)
[2024-07-05T23:02:33.922-0700][info][gc,heap     ] GC(7) Old regions: 4331->5018
[2024-07-05T23:02:33.922-0700][info][gc,heap     ] GC(7) Archive regions: 2->2
[2024-07-05T23:02:33.922-0700][info][gc,heap     ] GC(7) Humongous regions: 50->50
[2024-07-05T23:02:33.922-0700][info][gc,metaspace] GC(7) Metaspace: 300K(512K)->300K(512K) NonClass: 293K(384K)->293K(384K) Class: 7K(128K)->7K(128K)
[2024-07-05T23:02:33.922-0700][info][gc          ] GC(7) Pause Young (Normal) (G1 Evacuation Pause) 5200M->5171M(16384M) 361.757ms
[2024-07-05T23:02:33.922-0700][info][gc,cpu      ] GC(7) User=0.59s Sys=0.80s Real=0.36s
[2024-07-05T23:12:27.684-0700][info][gc,start    ] GC(8) Pause Young (Normal) (G1 Evacuation Pause)
[2024-07-05T23:12:27.684-0700][info][gc,task     ] GC(8) Using 4 workers of 4 for evacuation
[2024-07-05T23:12:28.101-0700][info][gc,mmu      ] GC(8) MMU target violated: 201.0ms (200.0ms/201.0ms)
[2024-07-05T23:12:28.101-0700][info][gc,phases   ] GC(8)   Pre Evacuate Collection Set: 0.9ms
[2024-07-05T23:12:28.101-0700][info][gc,phases   ] GC(8)   Merge Heap Roots: 0.9ms
[2024-07-05T23:12:28.101-0700][info][gc,phases   ] GC(8)   Evacuate Collection Set: 413.3ms
[2024-07-05T23:12:28.101-0700][info][gc,phases   ] GC(8)   Post Evacuate Collection Set: 1.1ms
[2024-07-05T23:12:28.101-0700][info][gc,phases   ] GC(8)   Other: 0.2ms
[2024-07-05T23:12:28.101-0700][info][gc,heap     ] GC(8) Eden regions: 716->0(716)
[2024-07-05T23:12:28.101-0700][info][gc,heap     ] GC(8) Survivor regions: 103->103(103)
[2024-07-05T23:12:28.101-0700][info][gc,heap     ] GC(8) Old regions: 5018->5696
[2024-07-05T23:12:28.101-0700][info][gc,heap     ] GC(8) Archive regions: 2->2
[2024-07-05T23:12:28.101-0700][info][gc,heap     ] GC(8) Humongous regions: 50->50
[2024-07-05T23:12:28.101-0700][info][gc,metaspace] GC(8) Metaspace: 300K(512K)->300K(512K) NonClass: 293K(384K)->293K(384K) Class: 7K(128K)->7K(128K)
[2024-07-05T23:12:28.101-0700][info][gc          ] GC(8) Pause Young (Normal) (G1 Evacuation Pause) 5887M->5849M(16384M) 416.484ms
[2024-07-05T23:12:28.101-0700][info][gc,cpu      ] GC(8) User=0.66s Sys=0.94s Real=0.41s
[2024-07-05T23:23:36.353-0700][info][gc,start    ] GC(9) Pause Young (Normal) (G1 Evacuation Pause)
[2024-07-05T23:23:36.353-0700][info][gc,task     ] GC(9) Using 4 workers of 4 for evacuation
[2024-07-05T23:23:36.788-0700][info][gc,mmu      ] GC(9) MMU target violated: 201.0ms (200.0ms/201.0ms)
[2024-07-05T23:23:36.789-0700][info][gc,phases   ] GC(9)   Pre Evacuate Collection Set: 1.0ms
[2024-07-05T23:23:36.789-0700][info][gc,phases   ] GC(9)   Merge Heap Roots: 0.9ms
[2024-07-05T23:23:36.789-0700][info][gc,phases   ] GC(9)   Evacuate Collection Set: 432.0ms
[2024-07-05T23:23:36.789-0700][info][gc,phases   ] GC(9)   Post Evacuate Collection Set: 1.1ms
[2024-07-05T23:23:36.789-0700][info][gc,phases   ] GC(9)   Other: 0.2ms
[2024-07-05T23:23:36.789-0700][info][gc,heap     ] GC(9) Eden regions: 716->0(716)
[2024-07-05T23:23:36.789-0700][info][gc,heap     ] GC(9) Survivor regions: 103->103(103)
[2024-07-05T23:23:36.789-0700][info][gc,heap     ] GC(9) Old regions: 5696->6364
[2024-07-05T23:23:36.789-0700][info][gc,heap     ] GC(9) Archive regions: 2->2
[2024-07-05T23:23:36.789-0700][info][gc,heap     ] GC(9) Humongous regions: 50->50
[2024-07-05T23:23:36.789-0700][info][gc,metaspace] GC(9) Metaspace: 300K(512K)->300K(512K) NonClass: 293K(384K)->293K(384K) Class: 7K(128K)->7K(128K)
[2024-07-05T23:23:36.789-0700][info][gc          ] GC(9) Pause Young (Normal) (G1 Evacuation Pause) 6565M->6517M(16384M) 435.244ms
[2024-07-05T23:23:36.789-0700][info][gc,cpu      ] GC(9) User=0.71s Sys=0.96s Real=0.44s
[2024-07-05T23:36:06.676-0700][info][gc,start    ] GC(10) Pause Young (Normal) (G1 Evacuation Pause)
[2024-07-05T23:36:06.676-0700][info][gc,task     ] GC(10) Using 4 workers of 4 for evacuation
[2024-07-05T23:36:07.082-0700][info][gc,mmu      ] GC(10) MMU target violated: 201.0ms (200.0ms/201.0ms)
[2024-07-05T23:36:07.082-0700][info][gc,phases   ] GC(10)   Pre Evacuate Collection Set: 1.0ms
[2024-07-05T23:36:07.082-0700][info][gc,phases   ] GC(10)   Merge Heap Roots: 0.9ms
[2024-07-05T23:36:07.082-0700][info][gc,phases   ] GC(10)   Evacuate Collection Set: 403.1ms
[2024-07-05T23:36:07.082-0700][info][gc,phases   ] GC(10)   Post Evacuate Collection Set: 1.0ms
[2024-07-05T23:36:07.082-0700][info][gc,phases   ] GC(10)   Other: 0.2ms
[2024-07-05T23:36:07.082-0700][info][gc,heap     ] GC(10) Eden regions: 716->0(716)
[2024-07-05T23:36:07.082-0700][info][gc,heap     ] GC(10) Survivor regions: 103->103(103)
[2024-07-05T23:36:07.082-0700][info][gc,heap     ] GC(10) Old regions: 6364->7037
[2024-07-05T23:36:07.082-0700][info][gc,heap     ] GC(10) Archive regions: 2->2
[2024-07-05T23:36:07.082-0700][info][gc,heap     ] GC(10) Humongous regions: 50->50
[2024-07-05T23:36:07.082-0700][info][gc,metaspace] GC(10) Metaspace: 303K(512K)->303K(512K) NonClass: 295K(384K)->295K(384K) Class: 7K(128K)->7K(128K)
[2024-07-05T23:36:07.082-0700][info][gc          ] GC(10) Pause Young (Normal) (G1 Evacuation Pause) 7233M->7190M(16384M) 406.216ms
[2024-07-05T23:36:07.082-0700][info][gc,cpu      ] GC(10) User=0.72s Sys=0.84s Real=0.40s
[2024-07-05T23:49:59.979-0700][info][gc,start    ] GC(11) Pause Young (Normal) (G1 Evacuation Pause)
[2024-07-05T23:49:59.979-0700][info][gc,task     ] GC(11) Using 4 workers of 4 for evacuation
[2024-07-05T23:50:00.395-0700][info][gc,mmu      ] GC(11) MMU target violated: 201.0ms (200.0ms/201.0ms)
[2024-07-05T23:50:00.395-0700][info][gc,phases   ] GC(11)   Pre Evacuate Collection Set: 1.1ms
[2024-07-05T23:50:00.395-0700][info][gc,phases   ] GC(11)   Merge Heap Roots: 1.0ms
[2024-07-05T23:50:00.395-0700][info][gc,phases   ] GC(11)   Evacuate Collection Set: 413.6ms
[2024-07-05T23:50:00.395-0700][info][gc,phases   ] GC(11)   Post Evacuate Collection Set: 0.9ms
[2024-07-05T23:50:00.395-0700][info][gc,phases   ] GC(11)   Other: 0.2ms
[2024-07-05T23:50:00.395-0700][info][gc,heap     ] GC(11) Eden regions: 716->0(716)
[2024-07-05T23:50:00.395-0700][info][gc,heap     ] GC(11) Survivor regions: 103->103(103)
[2024-07-05T23:50:00.395-0700][info][gc,heap     ] GC(11) Old regions: 7037->7737
[2024-07-05T23:50:00.395-0700][info][gc,heap     ] GC(11) Archive regions: 2->2
[2024-07-05T23:50:00.395-0700][info][gc,heap     ] GC(11) Humongous regions: 74->74
[2024-07-05T23:50:00.395-0700][info][gc,metaspace] GC(11) Metaspace: 303K(512K)->303K(512K) NonClass: 295K(384K)->295K(384K) Class: 7K(128K)->7K(128K)
[2024-07-05T23:50:00.395-0700][info][gc          ] GC(11) Pause Young (Normal) (G1 Evacuation Pause) 7930M->7914M(16384M) 416.786ms
[2024-07-05T23:50:00.395-0700][info][gc,cpu      ] GC(11) User=0.72s Sys=0.88s Real=0.42s
[2024-07-06T00:05:06.116-0700][info][gc,start    ] GC(12) Pause Young (Concurrent Start) (G1 Evacuation Pause)
[2024-07-06T00:05:06.116-0700][info][gc,task     ] GC(12) Using 4 workers of 4 for evacuation
[2024-07-06T00:05:06.529-0700][info][gc,mmu      ] GC(12) MMU target violated: 201.0ms (200.0ms/201.0ms)
[2024-07-06T00:05:06.529-0700][info][gc,phases   ] GC(12)   Pre Evacuate Collection Set: 1.1ms
[2024-07-06T00:05:06.529-0700][info][gc,phases   ] GC(12)   Merge Heap Roots: 1.0ms
[2024-07-06T00:05:06.529-0700][info][gc,phases   ] GC(12)   Evacuate Collection Set: 408.8ms
[2024-07-06T00:05:06.529-0700][info][gc,phases   ] GC(12)   Post Evacuate Collection Set: 1.1ms
[2024-07-06T00:05:06.529-0700][info][gc,phases   ] GC(12)   Other: 1.1ms
[2024-07-06T00:05:06.529-0700][info][gc,heap     ] GC(12) Eden regions: 716->0(716)
[2024-07-06T00:05:06.529-0700][info][gc,heap     ] GC(12) Survivor regions: 103->103(103)
[2024-07-06T00:05:06.529-0700][info][gc,heap     ] GC(12) Old regions: 7737->8419
[2024-07-06T00:05:06.529-0700][info][gc,heap     ] GC(12) Archive regions: 2->2
[2024-07-06T00:05:06.529-0700][info][gc,heap     ] GC(12) Humongous regions: 74->74
[2024-07-06T00:05:06.529-0700][info][gc,metaspace] GC(12) Metaspace: 303K(512K)->303K(512K) NonClass: 295K(384K)->295K(384K) Class: 7K(128K)->7K(128K)
[2024-07-06T00:05:06.529-0700][info][gc          ] GC(12) Pause Young (Concurrent Start) (G1 Evacuation Pause) 8630M->8596M(16384M) 413.119ms
[2024-07-06T00:05:06.529-0700][info][gc,cpu      ] GC(12) User=0.63s Sys=0.94s Real=0.41s
[2024-07-06T00:05:06.529-0700][info][gc          ] GC(13) Concurrent Mark Cycle
[2024-07-06T00:05:06.529-0700][info][gc,marking  ] GC(13) Concurrent Clear Claimed Marks
[2024-07-06T00:05:06.529-0700][info][gc,marking  ] GC(13) Concurrent Clear Claimed Marks 0.006ms
[2024-07-06T00:05:06.529-0700][info][gc,marking  ] GC(13) Concurrent Scan Root Regions
[2024-07-06T00:05:06.574-0700][info][gc,marking  ] GC(13) Concurrent Scan Root Regions 44.196ms
[2024-07-06T00:05:06.574-0700][info][gc,marking  ] GC(13) Concurrent Mark
[2024-07-06T00:05:06.574-0700][info][gc,marking  ] GC(13) Concurrent Mark From Roots
[2024-07-06T00:05:06.574-0700][info][gc,task     ] GC(13) Using 1 workers of 1 for marking
[2024-07-06T00:05:07.568-0700][info][gc,marking  ] GC(13) Concurrent Mark From Roots 994.225ms
[2024-07-06T00:05:07.568-0700][info][gc,marking  ] GC(13) Concurrent Preclean
[2024-07-06T00:05:07.568-0700][info][gc,marking  ] GC(13) Concurrent Preclean 0.188ms
[2024-07-06T00:05:10.249-0700][info][gc,start    ] GC(13) Pause Remark
[2024-07-06T00:05:10.252-0700][info][gc          ] GC(13) Pause Remark 8602M->8541M(16384M) 2.644ms
[2024-07-06T00:05:10.252-0700][info][gc,cpu      ] GC(13) User=0.01s Sys=0.00s Real=0.00s
[2024-07-06T00:05:10.255-0700][info][gc,marking  ] GC(13) Concurrent Mark 3681.385ms
[2024-07-06T00:05:10.255-0700][info][gc,marking  ] GC(13) Concurrent Rebuild Remembered Sets
[2024-07-06T00:05:10.894-0700][info][gc,marking  ] GC(13) Concurrent Rebuild Remembered Sets 639.061ms
[2024-07-06T00:05:11.070-0700][info][gc,start    ] GC(13) Pause Cleanup
[2024-07-06T00:05:11.075-0700][info][gc          ] GC(13) Pause Cleanup 8541M->8541M(16384M) 5.152ms
[2024-07-06T00:05:11.075-0700][info][gc,cpu      ] GC(13) User=0.01s Sys=0.00s Real=0.01s
[2024-07-06T00:05:11.076-0700][info][gc,marking  ] GC(13) Concurrent Cleanup for Next Mark
[2024-07-06T00:05:11.310-0700][info][gc,marking  ] GC(13) Concurrent Cleanup for Next Mark 234.550ms
[2024-07-06T00:05:11.311-0700][info][gc          ] GC(13) Concurrent Mark Cycle 4781.275ms
[2024-07-06T00:17:52.691-0700][info][gc,heap,exit] Heap
[2024-07-06T00:17:52.691-0700][info][gc,heap,exit]  garbage-first heap   total 16777216K, used 9296730K [0x0000000400000000, 0x0000000800000000)
[2024-07-06T00:17:52.691-0700][info][gc,heap,exit]   region size 1024K, 646 young (661504K), 103 survivors (105472K)
[2024-07-06T00:17:52.691-0700][info][gc,heap,exit]  Metaspace       used 304K, committed 512K, reserved 1114112K
[2024-07-06T00:17:52.691-0700][info][gc,heap,exit]   class space    used 7K, committed 128K, reserved 1048576K
