[2024-07-05T12:21:52.826-0700][info][gc] Using G1
[2024-07-05T12:21:52.880-0700][info][gc,init] Version: 17.0.11+1-LTS (release)
[2024-07-05T12:21:52.880-0700][info][gc,init] CPUs: 4 total, 4 available
[2024-07-05T12:21:52.880-0700][info][gc,init] Memory: 15953M
[2024-07-05T12:21:52.880-0700][info][gc,init] Large Page Support: Disabled
[2024-07-05T12:21:52.880-0700][info][gc,init] NUMA Support: Disabled
[2024-07-05T12:21:52.880-0700][info][gc,init] Compressed Oops: Enabled (Zero based)
[2024-07-05T12:21:52.880-0700][info][gc,init] Heap Region Size: 1M
[2024-07-05T12:21:52.880-0700][info][gc,init] Heap Min Capacity: 8G
[2024-07-05T12:21:52.880-0700][info][gc,init] Heap Initial Capacity: 8G
[2024-07-05T12:21:52.880-0700][info][gc,init] Heap Max Capacity: 8G
[2024-07-05T12:21:52.880-0700][info][gc,init] Pre-touch: Disabled
[2024-07-05T12:21:52.880-0700][info][gc,init] Parallel Workers: 4
[2024-07-05T12:21:52.880-0700][info][gc,init] Concurrent Workers: 1
[2024-07-05T12:21:52.880-0700][info][gc,init] Concurrent Refinement Workers: 4
[2024-07-05T12:21:52.880-0700][info][gc,init] Periodic GC: Disabled
[2024-07-05T12:21:52.888-0700][info][gc,metaspace] CDS archive(s) mapped at: [0x00007f5563000000-0x00007f5563bbb000-0x00007f5563bbb000), size 12300288, SharedBaseAddress: 0x00007f5563000000, ArchiveRelocationMode: 1.
[2024-07-05T12:21:52.888-0700][info][gc,metaspace] Compressed class space mapped at: 0x00007f5564000000-0x00007f55a4000000, reserved size: 1073741824
[2024-07-05T12:21:52.888-0700][info][gc,metaspace] Narrow klass base: 0x00007f5563000000, Narrow klass shift: 0, Narrow klass range: 0x100000000
[2024-07-05T12:21:54.198-0700][info][gc,start    ] GC(0) Pause Young (Normal) (G1 Evacuation Pause)
[2024-07-05T12:21:54.199-0700][info][gc,task     ] GC(0) Using 4 workers of 4 for evacuation
[2024-07-05T12:21:54.344-0700][info][gc,phases   ] GC(0)   Pre Evacuate Collection Set: 0.7ms
[2024-07-05T12:21:54.344-0700][info][gc,phases   ] GC(0)   Merge Heap Roots: 0.5ms
[2024-07-05T12:21:54.344-0700][info][gc,phases   ] GC(0)   Evacuate Collection Set: 143.4ms
[2024-07-05T12:21:54.344-0700][info][gc,phases   ] GC(0)   Post Evacuate Collection Set: 1.0ms
[2024-07-05T12:21:54.344-0700][info][gc,phases   ] GC(0)   Other: 0.8ms
[2024-07-05T12:21:54.344-0700][info][gc,heap     ] GC(0) Eden regions: 409->0(357)
[2024-07-05T12:21:54.344-0700][info][gc,heap     ] GC(0) Survivor regions: 0->52(52)
[2024-07-05T12:21:54.344-0700][info][gc,heap     ] GC(0) Old regions: 0->195
[2024-07-05T12:21:54.344-0700][info][gc,heap     ] GC(0) Archive regions: 2->2
[2024-07-05T12:21:54.344-0700][info][gc,heap     ] GC(0) Humongous regions: 2->2
[2024-07-05T12:21:54.344-0700][info][gc,metaspace] GC(0) Metaspace: 188K(384K)->188K(384K) NonClass: 181K(256K)->181K(256K) Class: 6K(128K)->6K(128K)
[2024-07-05T12:21:54.344-0700][info][gc          ] GC(0) Pause Young (Normal) (G1 Evacuation Pause) 411M->249M(8192M) 146.464ms
[2024-07-05T12:21:54.344-0700][info][gc,cpu      ] GC(0) User=0.18s Sys=0.38s Real=0.15s
[2024-07-05T12:21:57.824-0700][info][gc,start    ] GC(1) Pause Young (Normal) (G1 Evacuation Pause)
[2024-07-05T12:21:57.824-0700][info][gc,task     ] GC(1) Using 4 workers of 4 for evacuation
[2024-07-05T12:21:58.108-0700][info][gc,mmu      ] GC(1) MMU target violated: 201.0ms (200.0ms/201.0ms)
[2024-07-05T12:21:58.108-0700][info][gc,phases   ] GC(1)   Pre Evacuate Collection Set: 1.0ms
[2024-07-05T12:21:58.108-0700][info][gc,phases   ] GC(1)   Merge Heap Roots: 0.5ms
[2024-07-05T12:21:58.108-0700][info][gc,phases   ] GC(1)   Evacuate Collection Set: 282.1ms
[2024-07-05T12:21:58.108-0700][info][gc,phases   ] GC(1)   Post Evacuate Collection Set: 0.9ms
[2024-07-05T12:21:58.108-0700][info][gc,phases   ] GC(1)   Other: 0.3ms
[2024-07-05T12:21:58.108-0700][info][gc,heap     ] GC(1) Eden regions: 357->0(357)
[2024-07-05T12:21:58.108-0700][info][gc,heap     ] GC(1) Survivor regions: 52->52(52)
[2024-07-05T12:21:58.108-0700][info][gc,heap     ] GC(1) Old regions: 195->504
[2024-07-05T12:21:58.108-0700][info][gc,heap     ] GC(1) Archive regions: 2->2
[2024-07-05T12:21:58.108-0700][info][gc,heap     ] GC(1) Humongous regions: 7->7
[2024-07-05T12:21:58.108-0700][info][gc,metaspace] GC(1) Metaspace: 225K(448K)->225K(448K) NonClass: 218K(320K)->218K(320K) Class: 6K(128K)->6K(128K)
[2024-07-05T12:21:58.109-0700][info][gc          ] GC(1) Pause Young (Normal) (G1 Evacuation Pause) 611M->563M(8192M) 284.837ms
[2024-07-05T12:21:58.109-0700][info][gc,cpu      ] GC(1) User=0.42s Sys=0.68s Real=0.28s
[2024-07-05T12:22:04.784-0700][info][gc,start    ] GC(2) Pause Young (Normal) (G1 Evacuation Pause)
[2024-07-05T12:22:04.784-0700][info][gc,task     ] GC(2) Using 4 workers of 4 for evacuation
[2024-07-05T12:22:05.187-0700][info][gc,mmu      ] GC(2) MMU target violated: 201.0ms (200.0ms/201.0ms)
[2024-07-05T12:22:05.187-0700][info][gc,phases   ] GC(2)   Pre Evacuate Collection Set: 1.0ms
[2024-07-05T12:22:05.187-0700][info][gc,phases   ] GC(2)   Merge Heap Roots: 0.4ms
[2024-07-05T12:22:05.187-0700][info][gc,phases   ] GC(2)   Evacuate Collection Set: 401.1ms
[2024-07-05T12:22:05.187-0700][info][gc,phases   ] GC(2)   Post Evacuate Collection Set: 0.9ms
[2024-07-05T12:22:05.187-0700][info][gc,phases   ] GC(2)   Other: 0.2ms
[2024-07-05T12:22:05.187-0700][info][gc,heap     ] GC(2) Eden regions: 357->0(357)
[2024-07-05T12:22:05.187-0700][info][gc,heap     ] GC(2) Survivor regions: 52->52(52)
[2024-07-05T12:22:05.187-0700][info][gc,heap     ] GC(2) Old regions: 504->824
[2024-07-05T12:22:05.187-0700][info][gc,heap     ] GC(2) Archive regions: 2->2
[2024-07-05T12:22:05.187-0700][info][gc,heap     ] GC(2) Humongous regions: 11->11
[2024-07-05T12:22:05.187-0700][info][gc,metaspace] GC(2) Metaspace: 258K(448K)->258K(448K) NonClass: 251K(320K)->251K(320K) Class: 6K(128K)->6K(128K)
[2024-07-05T12:22:05.187-0700][info][gc          ] GC(2) Pause Young (Normal) (G1 Evacuation Pause) 924M->887M(8192M) 403.608ms
[2024-07-05T12:22:05.187-0700][info][gc,cpu      ] GC(2) User=0.43s Sys=1.16s Real=0.40s
[2024-07-05T12:22:19.006-0700][info][gc,start    ] GC(3) Pause Young (Normal) (G1 Evacuation Pause)
[2024-07-05T12:22:19.006-0700][info][gc,task     ] GC(3) Using 4 workers of 4 for evacuation
[2024-07-05T12:22:19.507-0700][info][gc,mmu      ] GC(3) MMU target violated: 201.0ms (200.0ms/201.0ms)
[2024-07-05T12:22:19.507-0700][info][gc,phases   ] GC(3)   Pre Evacuate Collection Set: 0.6ms
[2024-07-05T12:22:19.507-0700][info][gc,phases   ] GC(3)   Merge Heap Roots: 0.6ms
[2024-07-05T12:22:19.507-0700][info][gc,phases   ] GC(3)   Evacuate Collection Set: 499.5ms
[2024-07-05T12:22:19.507-0700][info][gc,phases   ] GC(3)   Post Evacuate Collection Set: 0.7ms
[2024-07-05T12:22:19.507-0700][info][gc,phases   ] GC(3)   Other: 0.2ms
[2024-07-05T12:22:19.507-0700][info][gc,heap     ] GC(3) Eden regions: 357->0(357)
[2024-07-05T12:22:19.507-0700][info][gc,heap     ] GC(3) Survivor regions: 52->52(52)
[2024-07-05T12:22:19.507-0700][info][gc,heap     ] GC(3) Old regions: 824->1127
[2024-07-05T12:22:19.507-0700][info][gc,heap     ] GC(3) Archive regions: 2->2
[2024-07-05T12:22:19.507-0700][info][gc,heap     ] GC(3) Humongous regions: 11->11
[2024-07-05T12:22:19.507-0700][info][gc,metaspace] GC(3) Metaspace: 265K(448K)->265K(448K) NonClass: 259K(320K)->259K(320K) Class: 6K(128K)->6K(128K)
[2024-07-05T12:22:19.508-0700][info][gc          ] GC(3) Pause Young (Normal) (G1 Evacuation Pause) 1244M->1190M(8192M) 501.596ms
[2024-07-05T12:22:19.508-0700][info][gc,cpu      ] GC(3) User=0.33s Sys=1.64s Real=0.50s
[2024-07-05T12:22:39.788-0700][info][gc,start    ] GC(4) Pause Young (Normal) (G1 Evacuation Pause)
[2024-07-05T12:22:39.788-0700][info][gc,task     ] GC(4) Using 4 workers of 4 for evacuation
[2024-07-05T12:22:40.217-0700][info][gc,mmu      ] GC(4) MMU target violated: 201.0ms (200.0ms/201.0ms)
[2024-07-05T12:22:40.217-0700][info][gc,phases   ] GC(4)   Pre Evacuate Collection Set: 0.5ms
[2024-07-05T12:22:40.217-0700][info][gc,phases   ] GC(4)   Merge Heap Roots: 0.4ms
[2024-07-05T12:22:40.217-0700][info][gc,phases   ] GC(4)   Evacuate Collection Set: 427.2ms
[2024-07-05T12:22:40.217-0700][info][gc,phases   ] GC(4)   Post Evacuate Collection Set: 0.8ms
[2024-07-05T12:22:40.217-0700][info][gc,phases   ] GC(4)   Other: 0.2ms
[2024-07-05T12:22:40.217-0700][info][gc,heap     ] GC(4) Eden regions: 357->0(357)
[2024-07-05T12:22:40.217-0700][info][gc,heap     ] GC(4) Survivor regions: 52->52(52)
[2024-07-05T12:22:40.217-0700][info][gc,heap     ] GC(4) Old regions: 1127->1460
[2024-07-05T12:22:40.217-0700][info][gc,heap     ] GC(4) Archive regions: 2->2
[2024-07-05T12:22:40.217-0700][info][gc,heap     ] GC(4) Humongous regions: 16->16
[2024-07-05T12:22:40.217-0700][info][gc,metaspace] GC(4) Metaspace: 269K(512K)->269K(512K) NonClass: 262K(384K)->262K(384K) Class: 6K(128K)->6K(128K)
[2024-07-05T12:22:40.217-0700][info][gc          ] GC(4) Pause Young (Normal) (G1 Evacuation Pause) 1552M->1528M(8192M) 429.185ms
[2024-07-05T12:22:40.217-0700][info][gc,cpu      ] GC(4) User=0.39s Sys=1.31s Real=0.43s
[2024-07-05T12:23:11.144-0700][info][gc,start    ] GC(5) Pause Young (Normal) (G1 Evacuation Pause)
[2024-07-05T12:23:11.144-0700][info][gc,task     ] GC(5) Using 4 workers of 4 for evacuation
[2024-07-05T12:23:11.725-0700][info][gc,mmu      ] GC(5) MMU target violated: 201.0ms (200.0ms/201.0ms)
[2024-07-05T12:23:11.725-0700][info][gc,phases   ] GC(5)   Pre Evacuate Collection Set: 0.7ms
[2024-07-05T12:23:11.725-0700][info][gc,phases   ] GC(5)   Merge Heap Roots: 0.3ms
[2024-07-05T12:23:11.725-0700][info][gc,phases   ] GC(5)   Evacuate Collection Set: 579.4ms
[2024-07-05T12:23:11.725-0700][info][gc,phases   ] GC(5)   Post Evacuate Collection Set: 0.9ms
[2024-07-05T12:23:11.725-0700][info][gc,phases   ] GC(5)   Other: 0.2ms
[2024-07-05T12:23:11.725-0700][info][gc,heap     ] GC(5) Eden regions: 357->0(357)
[2024-07-05T12:23:11.725-0700][info][gc,heap     ] GC(5) Survivor regions: 52->52(52)
[2024-07-05T12:23:11.725-0700][info][gc,heap     ] GC(5) Old regions: 1460->1787
[2024-07-05T12:23:11.725-0700][info][gc,heap     ] GC(5) Archive regions: 2->2
[2024-07-05T12:23:11.725-0700][info][gc,heap     ] GC(5) Humongous regions: 16->16
[2024-07-05T12:23:11.725-0700][info][gc,metaspace] GC(5) Metaspace: 269K(512K)->269K(512K) NonClass: 262K(384K)->262K(384K) Class: 6K(128K)->6K(128K)
[2024-07-05T12:23:11.725-0700][info][gc          ] GC(5) Pause Young (Normal) (G1 Evacuation Pause) 1885M->1855M(8192M) 581.629ms
[2024-07-05T12:23:11.725-0700][info][gc,cpu      ] GC(5) User=0.43s Sys=1.87s Real=0.58s
[2024-07-05T12:24:12.522-0700][info][gc,start    ] GC(6) Pause Young (Normal) (G1 Evacuation Pause)
[2024-07-05T12:24:12.522-0700][info][gc,task     ] GC(6) Using 4 workers of 4 for evacuation
[2024-07-05T12:24:13.021-0700][info][gc,mmu      ] GC(6) MMU target violated: 201.0ms (200.0ms/201.0ms)
[2024-07-05T12:24:13.021-0700][info][gc,phases   ] GC(6)   Pre Evacuate Collection Set: 0.9ms
[2024-07-05T12:24:13.021-0700][info][gc,phases   ] GC(6)   Merge Heap Roots: 0.4ms
[2024-07-05T12:24:13.021-0700][info][gc,phases   ] GC(6)   Evacuate Collection Set: 496.8ms
[2024-07-05T12:24:13.021-0700][info][gc,phases   ] GC(6)   Post Evacuate Collection Set: 0.8ms
[2024-07-05T12:24:13.021-0700][info][gc,phases   ] GC(6)   Other: 0.2ms
[2024-07-05T12:24:13.021-0700][info][gc,heap     ] GC(6) Eden regions: 357->0(357)
[2024-07-05T12:24:13.021-0700][info][gc,heap     ] GC(6) Survivor regions: 52->52(52)
[2024-07-05T12:24:13.021-0700][info][gc,heap     ] GC(6) Old regions: 1787->2125
[2024-07-05T12:24:13.021-0700][info][gc,heap     ] GC(6) Archive regions: 2->2
[2024-07-05T12:24:13.021-0700][info][gc,heap     ] GC(6) Humongous regions: 23->23
[2024-07-05T12:24:13.021-0700][info][gc,metaspace] GC(6) Metaspace: 289K(512K)->289K(512K) NonClass: 282K(384K)->282K(384K) Class: 6K(128K)->6K(128K)
[2024-07-05T12:24:13.021-0700][info][gc          ] GC(6) Pause Young (Normal) (G1 Evacuation Pause) 2219M->2200M(8192M) 499.117ms
[2024-07-05T12:24:13.021-0700][info][gc,cpu      ] GC(6) User=0.46s Sys=1.53s Real=0.50s
[2024-07-05T12:25:30.816-0700][info][gc,start    ] GC(7) Pause Young (Normal) (G1 Evacuation Pause)
[2024-07-05T12:25:30.816-0700][info][gc,task     ] GC(7) Using 4 workers of 4 for evacuation
[2024-07-05T12:25:31.066-0700][info][gc,mmu      ] GC(7) MMU target violated: 201.0ms (200.0ms/201.0ms)
[2024-07-05T12:25:31.066-0700][info][gc,phases   ] GC(7)   Pre Evacuate Collection Set: 0.7ms
[2024-07-05T12:25:31.066-0700][info][gc,phases   ] GC(7)   Merge Heap Roots: 0.4ms
[2024-07-05T12:25:31.066-0700][info][gc,phases   ] GC(7)   Evacuate Collection Set: 247.4ms
[2024-07-05T12:25:31.066-0700][info][gc,phases   ] GC(7)   Post Evacuate Collection Set: 0.8ms
[2024-07-05T12:25:31.066-0700][info][gc,phases   ] GC(7)   Other: 0.2ms
[2024-07-05T12:25:31.066-0700][info][gc,heap     ] GC(7) Eden regions: 357->0(357)
[2024-07-05T12:25:31.066-0700][info][gc,heap     ] GC(7) Survivor regions: 52->52(52)
[2024-07-05T12:25:31.066-0700][info][gc,heap     ] GC(7) Old regions: 2125->2460
[2024-07-05T12:25:31.066-0700][info][gc,heap     ] GC(7) Archive regions: 2->2
[2024-07-05T12:25:31.066-0700][info][gc,heap     ] GC(7) Humongous regions: 23->23
[2024-07-05T12:25:31.066-0700][info][gc,metaspace] GC(7) Metaspace: 289K(512K)->289K(512K) NonClass: 282K(384K)->282K(384K) Class: 6K(128K)->6K(128K)
[2024-07-05T12:25:31.066-0700][info][gc          ] GC(7) Pause Young (Normal) (G1 Evacuation Pause) 2557M->2534M(8192M) 249.558ms
[2024-07-05T12:25:31.066-0700][info][gc,cpu      ] GC(7) User=0.42s Sys=0.56s Real=0.25s
[2024-07-05T12:27:04.920-0700][info][gc,start    ] GC(8) Pause Young (Normal) (G1 Evacuation Pause)
[2024-07-05T12:27:04.920-0700][info][gc,task     ] GC(8) Using 4 workers of 4 for evacuation
[2024-07-05T12:27:05.153-0700][info][gc,mmu      ] GC(8) MMU target violated: 201.0ms (200.0ms/201.0ms)
[2024-07-05T12:27:05.153-0700][info][gc,phases   ] GC(8)   Pre Evacuate Collection Set: 0.6ms
[2024-07-05T12:27:05.153-0700][info][gc,phases   ] GC(8)   Merge Heap Roots: 0.4ms
[2024-07-05T12:27:05.153-0700][info][gc,phases   ] GC(8)   Evacuate Collection Set: 231.7ms
[2024-07-05T12:27:05.153-0700][info][gc,phases   ] GC(8)   Post Evacuate Collection Set: 0.7ms
[2024-07-05T12:27:05.153-0700][info][gc,phases   ] GC(8)   Other: 0.2ms
[2024-07-05T12:27:05.153-0700][info][gc,heap     ] GC(8) Eden regions: 357->0(357)
[2024-07-05T12:27:05.153-0700][info][gc,heap     ] GC(8) Survivor regions: 52->52(52)
[2024-07-05T12:27:05.153-0700][info][gc,heap     ] GC(8) Old regions: 2460->2791
[2024-07-05T12:27:05.153-0700][info][gc,heap     ] GC(8) Archive regions: 2->2
[2024-07-05T12:27:05.153-0700][info][gc,heap     ] GC(8) Humongous regions: 23->23
[2024-07-05T12:27:05.153-0700][info][gc,metaspace] GC(8) Metaspace: 294K(512K)->294K(512K) NonClass: 288K(384K)->288K(384K) Class: 6K(128K)->6K(128K)
[2024-07-05T12:27:05.153-0700][info][gc          ] GC(8) Pause Young (Normal) (G1 Evacuation Pause) 2891M->2866M(8192M) 233.653ms
[2024-07-05T12:27:05.153-0700][info][gc,cpu      ] GC(8) User=0.34s Sys=0.56s Real=0.23s
[2024-07-05T12:28:59.974-0700][info][gc,start    ] GC(9) Pause Young (Normal) (G1 Evacuation Pause)
[2024-07-05T12:28:59.974-0700][info][gc,task     ] GC(9) Using 4 workers of 4 for evacuation
[2024-07-05T12:29:00.224-0700][info][gc,mmu      ] GC(9) MMU target violated: 201.0ms (200.0ms/201.0ms)
[2024-07-05T12:29:00.224-0700][info][gc,phases   ] GC(9)   Pre Evacuate Collection Set: 1.0ms
[2024-07-05T12:29:00.224-0700][info][gc,phases   ] GC(9)   Merge Heap Roots: 0.5ms
[2024-07-05T12:29:00.224-0700][info][gc,phases   ] GC(9)   Evacuate Collection Set: 248.1ms
[2024-07-05T12:29:00.224-0700][info][gc,phases   ] GC(9)   Post Evacuate Collection Set: 0.8ms
[2024-07-05T12:29:00.224-0700][info][gc,phases   ] GC(9)   Other: 0.2ms
[2024-07-05T12:29:00.224-0700][info][gc,heap     ] GC(9) Eden regions: 357->0(357)
[2024-07-05T12:29:00.224-0700][info][gc,heap     ] GC(9) Survivor regions: 52->52(52)
[2024-07-05T12:29:00.224-0700][info][gc,heap     ] GC(9) Old regions: 2791->3124
[2024-07-05T12:29:00.224-0700][info][gc,heap     ] GC(9) Archive regions: 2->2
[2024-07-05T12:29:00.224-0700][info][gc,heap     ] GC(9) Humongous regions: 23->23
[2024-07-05T12:29:00.224-0700][info][gc,metaspace] GC(9) Metaspace: 299K(512K)->299K(512K) NonClass: 292K(384K)->292K(384K) Class: 7K(128K)->7K(128K)
[2024-07-05T12:29:00.224-0700][info][gc          ] GC(9) Pause Young (Normal) (G1 Evacuation Pause) 3223M->3199M(8192M) 250.568ms
[2024-07-05T12:29:00.224-0700][info][gc,cpu      ] GC(9) User=0.29s Sys=0.67s Real=0.26s
[2024-07-05T12:31:12.069-0700][info][gc,start    ] GC(10) Pause Young (Normal) (G1 Evacuation Pause)
[2024-07-05T12:31:12.069-0700][info][gc,task     ] GC(10) Using 4 workers of 4 for evacuation
[2024-07-05T12:31:12.329-0700][info][gc,mmu      ] GC(10) MMU target violated: 201.0ms (200.0ms/201.0ms)
[2024-07-05T12:31:12.329-0700][info][gc,phases   ] GC(10)   Pre Evacuate Collection Set: 0.8ms
[2024-07-05T12:31:12.329-0700][info][gc,phases   ] GC(10)   Merge Heap Roots: 0.4ms
[2024-07-05T12:31:12.329-0700][info][gc,phases   ] GC(10)   Evacuate Collection Set: 257.7ms
[2024-07-05T12:31:12.329-0700][info][gc,phases   ] GC(10)   Post Evacuate Collection Set: 0.8ms
[2024-07-05T12:31:12.329-0700][info][gc,phases   ] GC(10)   Other: 0.2ms
[2024-07-05T12:31:12.329-0700][info][gc,heap     ] GC(10) Eden regions: 357->0(357)
[2024-07-05T12:31:12.329-0700][info][gc,heap     ] GC(10) Survivor regions: 52->52(52)
[2024-07-05T12:31:12.329-0700][info][gc,heap     ] GC(10) Old regions: 3124->3467
[2024-07-05T12:31:12.329-0700][info][gc,heap     ] GC(10) Archive regions: 2->2
[2024-07-05T12:31:12.329-0700][info][gc,heap     ] GC(10) Humongous regions: 34->34
[2024-07-05T12:31:12.329-0700][info][gc,metaspace] GC(10) Metaspace: 300K(512K)->300K(512K) NonClass: 293K(384K)->293K(384K) Class: 7K(128K)->7K(128K)
[2024-07-05T12:31:12.329-0700][info][gc          ] GC(10) Pause Young (Normal) (G1 Evacuation Pause) 3567M->3553M(8192M) 259.958ms
[2024-07-05T12:31:12.329-0700][info][gc,cpu      ] GC(10) User=0.38s Sys=0.62s Real=0.26s
[2024-07-05T12:33:49.184-0700][info][gc,start    ] GC(11) Pause Young (Normal) (G1 Evacuation Pause)
[2024-07-05T12:33:49.184-0700][info][gc,task     ] GC(11) Using 4 workers of 4 for evacuation
[2024-07-05T12:33:49.424-0700][info][gc,mmu      ] GC(11) MMU target violated: 201.0ms (200.0ms/201.0ms)
[2024-07-05T12:33:49.424-0700][info][gc,phases   ] GC(11)   Pre Evacuate Collection Set: 1.2ms
[2024-07-05T12:33:49.424-0700][info][gc,phases   ] GC(11)   Merge Heap Roots: 1.0ms
[2024-07-05T12:33:49.424-0700][info][gc,phases   ] GC(11)   Evacuate Collection Set: 236.8ms
[2024-07-05T12:33:49.424-0700][info][gc,phases   ] GC(11)   Post Evacuate Collection Set: 0.7ms
[2024-07-05T12:33:49.424-0700][info][gc,phases   ] GC(11)   Other: 0.8ms
[2024-07-05T12:33:49.424-0700][info][gc,heap     ] GC(11) Eden regions: 357->0(357)
[2024-07-05T12:33:49.424-0700][info][gc,heap     ] GC(11) Survivor regions: 52->52(52)
[2024-07-05T12:33:49.424-0700][info][gc,heap     ] GC(11) Old regions: 3467->3804
[2024-07-05T12:33:49.424-0700][info][gc,heap     ] GC(11) Archive regions: 2->2
[2024-07-05T12:33:49.424-0700][info][gc,heap     ] GC(11) Humongous regions: 34->34
[2024-07-05T12:33:49.424-0700][info][gc,metaspace] GC(11) Metaspace: 300K(512K)->300K(512K) NonClass: 293K(384K)->293K(384K) Class: 7K(128K)->7K(128K)
[2024-07-05T12:33:49.424-0700][info][gc          ] GC(11) Pause Young (Normal) (G1 Evacuation Pause) 3910M->3890M(8192M) 240.438ms
[2024-07-05T12:33:49.424-0700][info][gc,cpu      ] GC(11) User=0.45s Sys=0.48s Real=0.24s
[2024-07-05T12:36:35.697-0700][info][gc,start    ] GC(12) Pause Young (Concurrent Start) (G1 Evacuation Pause)
[2024-07-05T12:36:35.697-0700][info][gc,task     ] GC(12) Using 4 workers of 4 for evacuation
[2024-07-05T12:36:35.919-0700][info][gc,mmu      ] GC(12) MMU target violated: 201.0ms (200.0ms/201.0ms)
[2024-07-05T12:36:35.919-0700][info][gc,phases   ] GC(12)   Pre Evacuate Collection Set: 0.6ms
[2024-07-05T12:36:35.919-0700][info][gc,phases   ] GC(12)   Merge Heap Roots: 0.4ms
[2024-07-05T12:36:35.919-0700][info][gc,phases   ] GC(12)   Evacuate Collection Set: 218.8ms
[2024-07-05T12:36:35.919-0700][info][gc,phases   ] GC(12)   Post Evacuate Collection Set: 0.7ms
[2024-07-05T12:36:35.919-0700][info][gc,phases   ] GC(12)   Other: 1.5ms
[2024-07-05T12:36:35.919-0700][info][gc,heap     ] GC(12) Eden regions: 357->0(357)
[2024-07-05T12:36:35.919-0700][info][gc,heap     ] GC(12) Survivor regions: 52->52(52)
[2024-07-05T12:36:35.919-0700][info][gc,heap     ] GC(12) Old regions: 3804->4142
[2024-07-05T12:36:35.919-0700][info][gc,heap     ] GC(12) Archive regions: 2->2
[2024-07-05T12:36:35.919-0700][info][gc,heap     ] GC(12) Humongous regions: 34->34
[2024-07-05T12:36:35.919-0700][info][gc,metaspace] GC(12) Metaspace: 300K(512K)->300K(512K) NonClass: 293K(384K)->293K(384K) Class: 7K(128K)->7K(128K)
[2024-07-05T12:36:35.919-0700][info][gc          ] GC(12) Pause Young (Concurrent Start) (G1 Evacuation Pause) 4247M->4228M(8192M) 221.977ms
[2024-07-05T12:36:35.919-0700][info][gc,cpu      ] GC(12) User=0.33s Sys=0.52s Real=0.22s
[2024-07-05T12:36:35.919-0700][info][gc          ] GC(13) Concurrent Mark Cycle
[2024-07-05T12:36:35.919-0700][info][gc,marking  ] GC(13) Concurrent Clear Claimed Marks
[2024-07-05T12:36:35.919-0700][info][gc,marking  ] GC(13) Concurrent Clear Claimed Marks 0.008ms
[2024-07-05T12:36:35.919-0700][info][gc,marking  ] GC(13) Concurrent Scan Root Regions
[2024-07-05T12:36:35.938-0700][info][gc,marking  ] GC(13) Concurrent Scan Root Regions 18.753ms
[2024-07-05T12:36:35.938-0700][info][gc,marking  ] GC(13) Concurrent Mark
[2024-07-05T12:36:35.938-0700][info][gc,marking  ] GC(13) Concurrent Mark From Roots
[2024-07-05T12:36:35.938-0700][info][gc,task     ] GC(13) Using 1 workers of 1 for marking
[2024-07-05T12:36:37.973-0700][info][gc,marking  ] GC(13) Concurrent Mark From Roots 2035.682ms
[2024-07-05T12:36:37.973-0700][info][gc,marking  ] GC(13) Concurrent Preclean
[2024-07-05T12:36:37.973-0700][info][gc,marking  ] GC(13) Concurrent Preclean 0.061ms
[2024-07-05T12:36:41.618-0700][info][gc,start    ] GC(13) Pause Remark
[2024-07-05T12:36:41.620-0700][info][gc          ] GC(13) Pause Remark 4234M->4205M(8192M) 2.254ms
[2024-07-05T12:36:41.620-0700][info][gc,cpu      ] GC(13) User=0.00s Sys=0.00s Real=0.00s
[2024-07-05T12:36:41.621-0700][info][gc,marking  ] GC(13) Concurrent Mark 5682.944ms
[2024-07-05T12:36:41.621-0700][info][gc,marking  ] GC(13) Concurrent Rebuild Remembered Sets
[2024-07-05T12:36:41.883-0700][info][gc,marking  ] GC(13) Concurrent Rebuild Remembered Sets 262.577ms
[2024-07-05T12:36:41.885-0700][info][gc,start    ] GC(13) Pause Cleanup
[2024-07-05T12:36:41.888-0700][info][gc          ] GC(13) Pause Cleanup 4205M->4205M(8192M) 2.509ms
[2024-07-05T12:36:41.888-0700][info][gc,cpu      ] GC(13) User=0.00s Sys=0.00s Real=0.00s
[2024-07-05T12:36:41.888-0700][info][gc,marking  ] GC(13) Concurrent Cleanup for Next Mark
[2024-07-05T12:36:41.981-0700][info][gc,marking  ] GC(13) Concurrent Cleanup for Next Mark 93.151ms
[2024-07-05T12:36:41.981-0700][info][gc          ] GC(13) Concurrent Mark Cycle 6062.429ms
[2024-07-05T12:39:41.321-0700][info][gc,start    ] GC(14) Pause Young (Prepare Mixed) (G1 Evacuation Pause)
[2024-07-05T12:39:41.321-0700][info][gc,task     ] GC(14) Using 4 workers of 4 for evacuation
[2024-07-05T12:39:41.550-0700][info][gc,mmu      ] GC(14) MMU target violated: 201.0ms (200.0ms/201.0ms)
[2024-07-05T12:39:41.550-0700][info][gc,phases   ] GC(14)   Pre Evacuate Collection Set: 0.7ms
[2024-07-05T12:39:41.550-0700][info][gc,phases   ] GC(14)   Merge Heap Roots: 0.4ms
[2024-07-05T12:39:41.550-0700][info][gc,phases   ] GC(14)   Evacuate Collection Set: 227.4ms
[2024-07-05T12:39:41.550-0700][info][gc,phases   ] GC(14)   Post Evacuate Collection Set: 0.7ms
[2024-07-05T12:39:41.550-0700][info][gc,phases   ] GC(14)   Other: 0.2ms
[2024-07-05T12:39:41.550-0700][info][gc,heap     ] GC(14) Eden regions: 357->0(357)
[2024-07-05T12:39:41.550-0700][info][gc,heap     ] GC(14) Survivor regions: 52->52(52)
[2024-07-05T12:39:41.550-0700][info][gc,heap     ] GC(14) Old regions: 4136->4476
[2024-07-05T12:39:41.550-0700][info][gc,heap     ] GC(14) Archive regions: 2->2
[2024-07-05T12:39:41.550-0700][info][gc,heap     ] GC(14) Humongous regions: 11->11
[2024-07-05T12:39:41.550-0700][info][gc,metaspace] GC(14) Metaspace: 300K(512K)->300K(512K) NonClass: 293K(384K)->293K(384K) Class: 7K(128K)->7K(128K)
[2024-07-05T12:39:41.550-0700][info][gc          ] GC(14) Pause Young (Prepare Mixed) (G1 Evacuation Pause) 4556M->4539M(8192M) 229.355ms
[2024-07-05T12:39:41.550-0700][info][gc,cpu      ] GC(14) User=0.44s Sys=0.44s Real=0.23s
[2024-07-05T12:42:42.302-0700][info][gc,start    ] GC(15) Pause Young (Mixed) (G1 Evacuation Pause)
[2024-07-05T12:42:42.302-0700][info][gc,task     ] GC(15) Using 4 workers of 4 for evacuation
[2024-07-05T12:42:42.526-0700][info][gc,mmu      ] GC(15) MMU target violated: 201.0ms (200.0ms/201.0ms)
[2024-07-05T12:42:42.526-0700][info][gc,phases   ] GC(15)   Pre Evacuate Collection Set: 0.6ms
[2024-07-05T12:42:42.526-0700][info][gc,phases   ] GC(15)   Merge Heap Roots: 0.4ms
[2024-07-05T12:42:42.526-0700][info][gc,phases   ] GC(15)   Evacuate Collection Set: 221.5ms
[2024-07-05T12:42:42.526-0700][info][gc,phases   ] GC(15)   Post Evacuate Collection Set: 0.9ms
[2024-07-05T12:42:42.526-0700][info][gc,phases   ] GC(15)   Other: 0.2ms
[2024-07-05T12:42:42.526-0700][info][gc,heap     ] GC(15) Eden regions: 357->0(357)
[2024-07-05T12:42:42.526-0700][info][gc,heap     ] GC(15) Survivor regions: 52->52(52)
[2024-07-05T12:42:42.526-0700][info][gc,heap     ] GC(15) Old regions: 4476->4585
[2024-07-05T12:42:42.526-0700][info][gc,heap     ] GC(15) Archive regions: 2->2
[2024-07-05T12:42:42.526-0700][info][gc,heap     ] GC(15) Humongous regions: 11->11
[2024-07-05T12:42:42.526-0700][info][gc,metaspace] GC(15) Metaspace: 300K(512K)->300K(512K) NonClass: 293K(384K)->293K(384K) Class: 7K(128K)->7K(128K)
[2024-07-05T12:42:42.526-0700][info][gc          ] GC(15) Pause Young (Mixed) (G1 Evacuation Pause) 4896M->4648M(8192M) 223.725ms
[2024-07-05T12:42:42.526-0700][info][gc,cpu      ] GC(15) User=0.36s Sys=0.50s Real=0.23s
[2024-07-05T12:45:51.376-0700][info][gc,start    ] GC(16) Pause Young (Mixed) (G1 Evacuation Pause)
[2024-07-05T12:45:51.376-0700][info][gc,task     ] GC(16) Using 4 workers of 4 for evacuation
[2024-07-05T12:45:51.567-0700][info][gc,phases   ] GC(16)   Pre Evacuate Collection Set: 0.7ms
[2024-07-05T12:45:51.567-0700][info][gc,phases   ] GC(16)   Merge Heap Roots: 0.4ms
[2024-07-05T12:45:51.567-0700][info][gc,phases   ] GC(16)   Evacuate Collection Set: 188.2ms
[2024-07-05T12:45:51.567-0700][info][gc,phases   ] GC(16)   Post Evacuate Collection Set: 0.9ms
[2024-07-05T12:45:51.567-0700][info][gc,phases   ] GC(16)   Other: 0.1ms
[2024-07-05T12:45:51.567-0700][info][gc,heap     ] GC(16) Eden regions: 357->0(357)
[2024-07-05T12:45:51.567-0700][info][gc,heap     ] GC(16) Survivor regions: 52->52(52)
[2024-07-05T12:45:51.567-0700][info][gc,heap     ] GC(16) Old regions: 4585->4710
[2024-07-05T12:45:51.567-0700][info][gc,heap     ] GC(16) Archive regions: 2->2
[2024-07-05T12:45:51.567-0700][info][gc,heap     ] GC(16) Humongous regions: 27->27
[2024-07-05T12:45:51.567-0700][info][gc,metaspace] GC(16) Metaspace: 300K(512K)->300K(512K) NonClass: 293K(384K)->293K(384K) Class: 7K(128K)->7K(128K)
[2024-07-05T12:45:51.567-0700][info][gc          ] GC(16) Pause Young (Mixed) (G1 Evacuation Pause) 5021M->4789M(8192M) 190.428ms
[2024-07-05T12:45:51.567-0700][info][gc,cpu      ] GC(16) User=0.46s Sys=0.26s Real=0.19s
[2024-07-05T12:48:48.565-0700][info][gc,start    ] GC(17) Pause Young (Mixed) (G1 Evacuation Pause)
[2024-07-05T12:48:48.565-0700][info][gc,task     ] GC(17) Using 4 workers of 4 for evacuation
[2024-07-05T12:48:48.754-0700][info][gc,phases   ] GC(17)   Pre Evacuate Collection Set: 0.7ms
[2024-07-05T12:48:48.754-0700][info][gc,phases   ] GC(17)   Merge Heap Roots: 0.6ms
[2024-07-05T12:48:48.754-0700][info][gc,phases   ] GC(17)   Evacuate Collection Set: 186.6ms
[2024-07-05T12:48:48.754-0700][info][gc,phases   ] GC(17)   Post Evacuate Collection Set: 1.0ms
[2024-07-05T12:48:48.754-0700][info][gc,phases   ] GC(17)   Other: 0.2ms
[2024-07-05T12:48:48.754-0700][info][gc,heap     ] GC(17) Eden regions: 357->0(357)
[2024-07-05T12:48:48.754-0700][info][gc,heap     ] GC(17) Survivor regions: 52->52(52)
[2024-07-05T12:48:48.754-0700][info][gc,heap     ] GC(17) Old regions: 4710->4847
[2024-07-05T12:48:48.754-0700][info][gc,heap     ] GC(17) Archive regions: 2->2
[2024-07-05T12:48:48.754-0700][info][gc,heap     ] GC(17) Humongous regions: 27->27
[2024-07-05T12:48:48.754-0700][info][gc,metaspace] GC(17) Metaspace: 300K(512K)->300K(512K) NonClass: 293K(384K)->293K(384K) Class: 7K(128K)->7K(128K)
[2024-07-05T12:48:48.754-0700][info][gc          ] GC(17) Pause Young (Mixed) (G1 Evacuation Pause) 5146M->4926M(8192M) 189.086ms
[2024-07-05T12:48:48.754-0700][info][gc,cpu      ] GC(17) User=0.50s Sys=0.22s Real=0.18s
[2024-07-05T12:51:59.575-0700][info][gc,start    ] GC(18) Pause Young (Mixed) (G1 Evacuation Pause)
[2024-07-05T12:51:59.575-0700][info][gc,task     ] GC(18) Using 4 workers of 4 for evacuation
[2024-07-05T12:51:59.809-0700][info][gc,mmu      ] GC(18) MMU target violated: 201.0ms (200.0ms/201.0ms)
[2024-07-05T12:51:59.809-0700][info][gc,phases   ] GC(18)   Pre Evacuate Collection Set: 0.7ms
[2024-07-05T12:51:59.809-0700][info][gc,phases   ] GC(18)   Merge Heap Roots: 0.6ms
[2024-07-05T12:51:59.809-0700][info][gc,phases   ] GC(18)   Evacuate Collection Set: 232.1ms
[2024-07-05T12:51:59.809-0700][info][gc,phases   ] GC(18)   Post Evacuate Collection Set: 1.0ms
[2024-07-05T12:51:59.809-0700][info][gc,phases   ] GC(18)   Other: 0.2ms
[2024-07-05T12:51:59.809-0700][info][gc,heap     ] GC(18) Eden regions: 357->0(357)
[2024-07-05T12:51:59.809-0700][info][gc,heap     ] GC(18) Survivor regions: 52->52(52)
[2024-07-05T12:51:59.809-0700][info][gc,heap     ] GC(18) Old regions: 4847->5001
[2024-07-05T12:51:59.809-0700][info][gc,heap     ] GC(18) Archive regions: 2->2
[2024-07-05T12:51:59.809-0700][info][gc,heap     ] GC(18) Humongous regions: 27->27
[2024-07-05T12:51:59.809-0700][info][gc,metaspace] GC(18) Metaspace: 300K(512K)->300K(512K) NonClass: 293K(384K)->293K(384K) Class: 7K(128K)->7K(128K)
[2024-07-05T12:51:59.809-0700][info][gc          ] GC(18) Pause Young (Mixed) (G1 Evacuation Pause) 5283M->5080M(8192M) 234.629ms
[2024-07-05T12:51:59.809-0700][info][gc,cpu      ] GC(18) User=0.65s Sys=0.24s Real=0.24s
[2024-07-05T12:55:08.797-0700][info][gc,start    ] GC(19) Pause Young (Mixed) (G1 Evacuation Pause)
[2024-07-05T12:55:08.797-0700][info][gc,task     ] GC(19) Using 4 workers of 4 for evacuation
[2024-07-05T12:55:09.085-0700][info][gc,mmu      ] GC(19) MMU target violated: 201.0ms (200.0ms/201.0ms)
[2024-07-05T12:55:09.085-0700][info][gc,phases   ] GC(19)   Pre Evacuate Collection Set: 0.6ms
[2024-07-05T12:55:09.085-0700][info][gc,phases   ] GC(19)   Merge Heap Roots: 0.6ms
[2024-07-05T12:55:09.085-0700][info][gc,phases   ] GC(19)   Evacuate Collection Set: 284.9ms
[2024-07-05T12:55:09.085-0700][info][gc,phases   ] GC(19)   Post Evacuate Collection Set: 1.0ms
[2024-07-05T12:55:09.085-0700][info][gc,phases   ] GC(19)   Other: 0.3ms
[2024-07-05T12:55:09.085-0700][info][gc,heap     ] GC(19) Eden regions: 357->0(357)
[2024-07-05T12:55:09.085-0700][info][gc,heap     ] GC(19) Survivor regions: 52->52(52)
[2024-07-05T12:55:09.085-0700][info][gc,heap     ] GC(19) Old regions: 5001->5168
[2024-07-05T12:55:09.085-0700][info][gc,heap     ] GC(19) Archive regions: 2->2
[2024-07-05T12:55:09.085-0700][info][gc,heap     ] GC(19) Humongous regions: 27->27
[2024-07-05T12:55:09.085-0700][info][gc,metaspace] GC(19) Metaspace: 300K(512K)->300K(512K) NonClass: 293K(384K)->293K(384K) Class: 7K(128K)->7K(128K)
[2024-07-05T12:55:09.085-0700][info][gc          ] GC(19) Pause Young (Mixed) (G1 Evacuation Pause) 5437M->5247M(8192M) 287.489ms
[2024-07-05T12:55:09.085-0700][info][gc,cpu      ] GC(19) User=0.76s Sys=0.35s Real=0.29s
[2024-07-05T12:57:59.279-0700][info][gc,start    ] GC(20) Pause Young (Mixed) (G1 Evacuation Pause)
[2024-07-05T12:57:59.279-0700][info][gc,task     ] GC(20) Using 4 workers of 4 for evacuation
[2024-07-05T12:57:59.556-0700][info][gc,mmu      ] GC(20) MMU target violated: 201.0ms (200.0ms/201.0ms)
[2024-07-05T12:57:59.556-0700][info][gc,phases   ] GC(20)   Pre Evacuate Collection Set: 0.6ms
[2024-07-05T12:57:59.556-0700][info][gc,phases   ] GC(20)   Merge Heap Roots: 0.6ms
[2024-07-05T12:57:59.556-0700][info][gc,phases   ] GC(20)   Evacuate Collection Set: 274.4ms
[2024-07-05T12:57:59.556-0700][info][gc,phases   ] GC(20)   Post Evacuate Collection Set: 1.0ms
[2024-07-05T12:57:59.556-0700][info][gc,phases   ] GC(20)   Other: 0.2ms
[2024-07-05T12:57:59.556-0700][info][gc,heap     ] GC(20) Eden regions: 357->0(357)
[2024-07-05T12:57:59.556-0700][info][gc,heap     ] GC(20) Survivor regions: 52->52(52)
[2024-07-05T12:57:59.556-0700][info][gc,heap     ] GC(20) Old regions: 5168->5348
[2024-07-05T12:57:59.556-0700][info][gc,heap     ] GC(20) Archive regions: 2->2
[2024-07-05T12:57:59.556-0700][info][gc,heap     ] GC(20) Humongous regions: 27->27
[2024-07-05T12:57:59.556-0700][info][gc,metaspace] GC(20) Metaspace: 300K(512K)->300K(512K) NonClass: 293K(384K)->293K(384K) Class: 7K(128K)->7K(128K)
[2024-07-05T12:57:59.556-0700][info][gc          ] GC(20) Pause Young (Mixed) (G1 Evacuation Pause) 5604M->5427M(8192M) 276.980ms
[2024-07-05T12:57:59.556-0700][info][gc,cpu      ] GC(20) User=0.69s Sys=0.36s Real=0.28s
[2024-07-05T13:00:46.855-0700][info][gc,start    ] GC(21) Pause Young (Mixed) (G1 Evacuation Pause)
[2024-07-05T13:00:46.855-0700][info][gc,task     ] GC(21) Using 4 workers of 4 for evacuation
[2024-07-05T13:00:47.095-0700][info][gc,mmu      ] GC(21) MMU target violated: 201.0ms (200.0ms/201.0ms)
[2024-07-05T13:00:47.095-0700][info][gc,phases   ] GC(21)   Pre Evacuate Collection Set: 0.7ms
[2024-07-05T13:00:47.095-0700][info][gc,phases   ] GC(21)   Merge Heap Roots: 0.8ms
[2024-07-05T13:00:47.095-0700][info][gc,phases   ] GC(21)   Evacuate Collection Set: 237.2ms
[2024-07-05T13:00:47.095-0700][info][gc,phases   ] GC(21)   Post Evacuate Collection Set: 1.1ms
[2024-07-05T13:00:47.095-0700][info][gc,phases   ] GC(21)   Other: 0.2ms
[2024-07-05T13:00:47.095-0700][info][gc,heap     ] GC(21) Eden regions: 357->0(357)
[2024-07-05T13:00:47.095-0700][info][gc,heap     ] GC(21) Survivor regions: 52->52(52)
[2024-07-05T13:00:47.095-0700][info][gc,heap     ] GC(21) Old regions: 5348->5542
[2024-07-05T13:00:47.095-0700][info][gc,heap     ] GC(21) Archive regions: 2->2
[2024-07-05T13:00:47.095-0700][info][gc,heap     ] GC(21) Humongous regions: 27->27
[2024-07-05T13:00:47.095-0700][info][gc,metaspace] GC(21) Metaspace: 300K(512K)->300K(512K) NonClass: 293K(384K)->293K(384K) Class: 7K(128K)->7K(128K)
[2024-07-05T13:00:47.095-0700][info][gc          ] GC(21) Pause Young (Mixed) (G1 Evacuation Pause) 5784M->5621M(8192M) 240.084ms
[2024-07-05T13:00:47.095-0700][info][gc,cpu      ] GC(21) User=0.47s Sys=0.44s Real=0.24s
[2024-07-05T13:03:48.229-0700][info][gc,start    ] GC(22) Pause Young (Mixed) (G1 Evacuation Pause)
[2024-07-05T13:03:48.229-0700][info][gc,task     ] GC(22) Using 4 workers of 4 for evacuation
[2024-07-05T13:03:48.479-0700][info][gc,mmu      ] GC(22) MMU target violated: 201.0ms (200.0ms/201.0ms)
[2024-07-05T13:03:48.479-0700][info][gc,phases   ] GC(22)   Pre Evacuate Collection Set: 0.7ms
[2024-07-05T13:03:48.479-0700][info][gc,phases   ] GC(22)   Merge Heap Roots: 1.0ms
[2024-07-05T13:03:48.479-0700][info][gc,phases   ] GC(22)   Evacuate Collection Set: 247.3ms
[2024-07-05T13:03:48.479-0700][info][gc,phases   ] GC(22)   Post Evacuate Collection Set: 1.1ms
[2024-07-05T13:03:48.479-0700][info][gc,phases   ] GC(22)   Other: 0.2ms
[2024-07-05T13:03:48.479-0700][info][gc,heap     ] GC(22) Eden regions: 357->0(357)
[2024-07-05T13:03:48.479-0700][info][gc,heap     ] GC(22) Survivor regions: 52->52(52)
[2024-07-05T13:03:48.479-0700][info][gc,heap     ] GC(22) Old regions: 5542->5749
[2024-07-05T13:03:48.479-0700][info][gc,heap     ] GC(22) Archive regions: 2->2
[2024-07-05T13:03:48.479-0700][info][gc,heap     ] GC(22) Humongous regions: 27->27
[2024-07-05T13:03:48.479-0700][info][gc,metaspace] GC(22) Metaspace: 304K(512K)->304K(512K) NonClass: 296K(384K)->296K(384K) Class: 7K(128K)->7K(128K)
[2024-07-05T13:03:48.479-0700][info][gc          ] GC(22) Pause Young (Mixed) (G1 Evacuation Pause) 5978M->5828M(8192M) 250.383ms
[2024-07-05T13:03:48.479-0700][info][gc,cpu      ] GC(22) User=0.60s Sys=0.33s Real=0.25s
[2024-07-05T13:06:04.186-0700][info][gc,start    ] GC(23) Pause Young (Concurrent Start) (G1 Humongous Allocation)
[2024-07-05T13:06:04.186-0700][info][gc,task     ] GC(23) Using 4 workers of 4 for evacuation
[2024-07-05T13:06:04.289-0700][info][gc,phases   ] GC(23)   Pre Evacuate Collection Set: 0.7ms
[2024-07-05T13:06:04.289-0700][info][gc,phases   ] GC(23)   Merge Heap Roots: 0.4ms
[2024-07-05T13:06:04.289-0700][info][gc,phases   ] GC(23)   Evacuate Collection Set: 100.6ms
[2024-07-05T13:06:04.289-0700][info][gc,phases   ] GC(23)   Post Evacuate Collection Set: 0.7ms
[2024-07-05T13:06:04.289-0700][info][gc,phases   ] GC(23)   Other: 0.5ms
[2024-07-05T13:06:04.289-0700][info][gc,heap     ] GC(23) Eden regions: 254->0(357)
[2024-07-05T13:06:04.289-0700][info][gc,heap     ] GC(23) Survivor regions: 52->52(52)
[2024-07-05T13:06:04.289-0700][info][gc,heap     ] GC(23) Old regions: 5749->5996
[2024-07-05T13:06:04.289-0700][info][gc,heap     ] GC(23) Archive regions: 2->2
[2024-07-05T13:06:04.289-0700][info][gc,heap     ] GC(23) Humongous regions: 27->27
[2024-07-05T13:06:04.289-0700][info][gc,metaspace] GC(23) Metaspace: 304K(512K)->304K(512K) NonClass: 296K(384K)->296K(384K) Class: 7K(128K)->7K(128K)
[2024-07-05T13:06:04.289-0700][info][gc          ] GC(23) Pause Young (Concurrent Start) (G1 Humongous Allocation) 6081M->6075M(8192M) 103.029ms
[2024-07-05T13:06:04.289-0700][info][gc,cpu      ] GC(23) User=0.30s Sys=0.06s Real=0.10s
[2024-07-05T13:06:04.289-0700][info][gc          ] GC(24) Concurrent Mark Cycle
[2024-07-05T13:06:04.289-0700][info][gc,marking  ] GC(24) Concurrent Clear Claimed Marks
[2024-07-05T13:06:04.289-0700][info][gc,marking  ] GC(24) Concurrent Clear Claimed Marks 0.010ms
[2024-07-05T13:06:04.289-0700][info][gc,marking  ] GC(24) Concurrent Scan Root Regions
[2024-07-05T13:06:04.306-0700][info][gc,marking  ] GC(24) Concurrent Scan Root Regions 16.270ms
[2024-07-05T13:06:04.306-0700][info][gc,marking  ] GC(24) Concurrent Mark
[2024-07-05T13:06:04.306-0700][info][gc,marking  ] GC(24) Concurrent Mark From Roots
[2024-07-05T13:06:04.306-0700][info][gc,task     ] GC(24) Using 1 workers of 1 for marking
[2024-07-05T13:06:04.953-0700][info][gc,marking  ] GC(24) Concurrent Mark From Roots 646.941ms
[2024-07-05T13:06:04.953-0700][info][gc,marking  ] GC(24) Concurrent Preclean
[2024-07-05T13:06:04.953-0700][info][gc,marking  ] GC(24) Concurrent Preclean 0.062ms
[2024-07-05T13:06:24.491-0700][info][gc,start    ] GC(24) Pause Remark
[2024-07-05T13:06:24.498-0700][info][gc          ] GC(24) Pause Remark 6102M->6058M(8192M) 6.590ms
[2024-07-05T13:06:24.498-0700][info][gc,cpu      ] GC(24) User=0.01s Sys=0.01s Real=0.01s
[2024-07-05T13:06:24.498-0700][info][gc,marking  ] GC(24) Concurrent Mark 20192.297ms
[2024-07-05T13:06:24.498-0700][info][gc,marking  ] GC(24) Concurrent Rebuild Remembered Sets
[2024-07-05T13:06:25.074-0700][info][gc,marking  ] GC(24) Concurrent Rebuild Remembered Sets 575.811ms
[2024-07-05T13:06:25.616-0700][info][gc,start    ] GC(24) Pause Cleanup
[2024-07-05T13:06:25.619-0700][info][gc          ] GC(24) Pause Cleanup 6058M->6058M(8192M) 2.914ms
[2024-07-05T13:06:25.619-0700][info][gc,cpu      ] GC(24) User=0.00s Sys=0.00s Real=0.00s
[2024-07-05T13:06:25.631-0700][info][gc,marking  ] GC(24) Concurrent Cleanup for Next Mark
[2024-07-05T13:06:25.728-0700][info][gc,marking  ] GC(24) Concurrent Cleanup for Next Mark 96.857ms
[2024-07-05T13:06:25.728-0700][info][gc          ] GC(24) Concurrent Mark Cycle 21438.512ms
[2024-07-05T13:09:22.907-0700][info][gc,start    ] GC(25) Pause Young (Prepare Mixed) (G1 Evacuation Pause)
[2024-07-05T13:09:22.908-0700][info][gc,task     ] GC(25) Using 4 workers of 4 for evacuation
[2024-07-05T13:09:23.163-0700][info][gc,mmu      ] GC(25) MMU target violated: 201.0ms (200.0ms/201.0ms)
[2024-07-05T13:09:23.163-0700][info][gc,phases   ] GC(25)   Pre Evacuate Collection Set: 1.3ms
[2024-07-05T13:09:23.163-0700][info][gc,phases   ] GC(25)   Merge Heap Roots: 1.0ms
[2024-07-05T13:09:23.163-0700][info][gc,phases   ] GC(25)   Evacuate Collection Set: 252.5ms
[2024-07-05T13:09:23.163-0700][info][gc,phases   ] GC(25)   Post Evacuate Collection Set: 0.8ms
[2024-07-05T13:09:23.163-0700][info][gc,phases   ] GC(25)   Other: 0.2ms
[2024-07-05T13:09:23.163-0700][info][gc,heap     ] GC(25) Eden regions: 357->0(357)
[2024-07-05T13:09:23.163-0700][info][gc,heap     ] GC(25) Survivor regions: 52->52(52)
[2024-07-05T13:09:23.163-0700][info][gc,heap     ] GC(25) Old regions: 5963->6311
[2024-07-05T13:09:23.163-0700][info][gc,heap     ] GC(25) Archive regions: 2->2
[2024-07-05T13:09:23.163-0700][info][gc,heap     ] GC(25) Humongous regions: 40->40
[2024-07-05T13:09:23.163-0700][info][gc,metaspace] GC(25) Metaspace: 304K(512K)->304K(512K) NonClass: 296K(384K)->296K(384K) Class: 7K(128K)->7K(128K)
[2024-07-05T13:09:23.163-0700][info][gc          ] GC(25) Pause Young (Prepare Mixed) (G1 Evacuation Pause) 6412M->6403M(8192M) 255.797ms
[2024-07-05T13:09:23.163-0700][info][gc,cpu      ] GC(25) User=0.48s Sys=0.49s Real=0.26s
[2024-07-05T13:12:56.126-0700][info][gc,start    ] GC(26) Pause Young (Mixed) (G1 Evacuation Pause)
[2024-07-05T13:12:56.126-0700][info][gc,task     ] GC(26) Using 4 workers of 4 for evacuation
[2024-07-05T13:12:56.453-0700][info][gc,mmu      ] GC(26) MMU target violated: 201.0ms (200.0ms/201.0ms)
[2024-07-05T13:12:56.453-0700][info][gc,phases   ] GC(26)   Pre Evacuate Collection Set: 0.8ms
[2024-07-05T13:12:56.453-0700][info][gc,phases   ] GC(26)   Merge Heap Roots: 0.7ms
[2024-07-05T13:12:56.453-0700][info][gc,phases   ] GC(26)   Evacuate Collection Set: 324.1ms
[2024-07-05T13:12:56.453-0700][info][gc,phases   ] GC(26)   Post Evacuate Collection Set: 1.1ms
[2024-07-05T13:12:56.453-0700][info][gc,phases   ] GC(26)   Other: 0.2ms
[2024-07-05T13:12:56.453-0700][info][gc,heap     ] GC(26) Eden regions: 357->0(357)
[2024-07-05T13:12:56.453-0700][info][gc,heap     ] GC(26) Survivor regions: 52->52(52)
[2024-07-05T13:12:56.453-0700][info][gc,heap     ] GC(26) Old regions: 6311->6421
[2024-07-05T13:12:56.453-0700][info][gc,heap     ] GC(26) Archive regions: 2->2
[2024-07-05T13:12:56.453-0700][info][gc,heap     ] GC(26) Humongous regions: 40->40
[2024-07-05T13:12:56.453-0700][info][gc,metaspace] GC(26) Metaspace: 304K(512K)->304K(512K) NonClass: 296K(384K)->296K(384K) Class: 7K(128K)->7K(128K)
[2024-07-05T13:12:56.453-0700][info][gc          ] GC(26) Pause Young (Mixed) (G1 Evacuation Pause) 6760M->6513M(8192M) 326.903ms
[2024-07-05T13:12:56.453-0700][info][gc,cpu      ] GC(26) User=0.57s Sys=0.69s Real=0.32s
[2024-07-05T13:16:56.177-0700][info][gc,start    ] GC(27) Pause Young (Mixed) (G1 Evacuation Pause)
[2024-07-05T13:16:56.177-0700][info][gc,task     ] GC(27) Using 4 workers of 4 for evacuation
[2024-07-05T13:16:56.445-0700][info][gc,mmu      ] GC(27) MMU target violated: 201.0ms (200.0ms/201.0ms)
[2024-07-05T13:16:56.446-0700][info][gc,phases   ] GC(27)   Pre Evacuate Collection Set: 1.1ms
[2024-07-05T13:16:56.446-0700][info][gc,phases   ] GC(27)   Merge Heap Roots: 0.7ms
[2024-07-05T13:16:56.446-0700][info][gc,phases   ] GC(27)   Evacuate Collection Set: 265.1ms
[2024-07-05T13:16:56.446-0700][info][gc,phases   ] GC(27)   Post Evacuate Collection Set: 1.4ms
[2024-07-05T13:16:56.446-0700][info][gc,phases   ] GC(27)   Other: 0.3ms
[2024-07-05T13:16:56.446-0700][info][gc,heap     ] GC(27) Eden regions: 357->0(357)
[2024-07-05T13:16:56.446-0700][info][gc,heap     ] GC(27) Survivor regions: 52->52(52)
[2024-07-05T13:16:56.446-0700][info][gc,heap     ] GC(27) Old regions: 6421->6551
[2024-07-05T13:16:56.446-0700][info][gc,heap     ] GC(27) Archive regions: 2->2
[2024-07-05T13:16:56.446-0700][info][gc,heap     ] GC(27) Humongous regions: 40->40
[2024-07-05T13:16:56.446-0700][info][gc,metaspace] GC(27) Metaspace: 304K(512K)->304K(512K) NonClass: 296K(384K)->296K(384K) Class: 7K(128K)->7K(128K)
[2024-07-05T13:16:56.446-0700][info][gc          ] GC(27) Pause Young (Mixed) (G1 Evacuation Pause) 6870M->6643M(8192M) 268.712ms
[2024-07-05T13:16:56.446-0700][info][gc,cpu      ] GC(27) User=0.63s Sys=0.36s Real=0.27s
[2024-07-05T13:20:57.296-0700][info][gc,start    ] GC(28) Pause Young (Mixed) (G1 Evacuation Pause)
[2024-07-05T13:20:57.297-0700][info][gc,task     ] GC(28) Using 4 workers of 4 for evacuation
[2024-07-05T13:20:57.517-0700][info][gc,mmu      ] GC(28) MMU target violated: 201.0ms (200.0ms/201.0ms)
[2024-07-05T13:20:57.517-0700][info][gc,phases   ] GC(28)   Pre Evacuate Collection Set: 0.8ms
[2024-07-05T13:20:57.517-0700][info][gc,phases   ] GC(28)   Merge Heap Roots: 0.9ms
[2024-07-05T13:20:57.517-0700][info][gc,phases   ] GC(28)   Evacuate Collection Set: 217.5ms
[2024-07-05T13:20:57.517-0700][info][gc,phases   ] GC(28)   Post Evacuate Collection Set: 1.1ms
[2024-07-05T13:20:57.517-0700][info][gc,phases   ] GC(28)   Other: 0.2ms
[2024-07-05T13:20:57.517-0700][info][gc,heap     ] GC(28) Eden regions: 357->0(357)
[2024-07-05T13:20:57.517-0700][info][gc,heap     ] GC(28) Survivor regions: 52->52(52)
[2024-07-05T13:20:57.517-0700][info][gc,heap     ] GC(28) Old regions: 6551->6697
[2024-07-05T13:20:57.517-0700][info][gc,heap     ] GC(28) Archive regions: 2->2
[2024-07-05T13:20:57.517-0700][info][gc,heap     ] GC(28) Humongous regions: 40->40
[2024-07-05T13:20:57.517-0700][info][gc,metaspace] GC(28) Metaspace: 304K(512K)->304K(512K) NonClass: 296K(384K)->296K(384K) Class: 7K(128K)->7K(128K)
[2024-07-05T13:20:57.517-0700][info][gc          ] GC(28) Pause Young (Mixed) (G1 Evacuation Pause) 7000M->6788M(8192M) 220.520ms
[2024-07-05T13:20:57.517-0700][info][gc,cpu      ] GC(28) User=0.49s Sys=0.31s Real=0.22s
[2024-07-05T13:24:38.918-0700][info][gc,start    ] GC(29) Pause Young (Mixed) (G1 Evacuation Pause)
[2024-07-05T13:24:38.918-0700][info][gc,task     ] GC(29) Using 4 workers of 4 for evacuation
[2024-07-05T13:24:39.156-0700][info][gc,mmu      ] GC(29) MMU target violated: 201.0ms (200.0ms/201.0ms)
[2024-07-05T13:24:39.156-0700][info][gc,phases   ] GC(29)   Pre Evacuate Collection Set: 0.8ms
[2024-07-05T13:24:39.156-0700][info][gc,phases   ] GC(29)   Merge Heap Roots: 1.3ms
[2024-07-05T13:24:39.156-0700][info][gc,phases   ] GC(29)   Evacuate Collection Set: 235.2ms
[2024-07-05T13:24:39.156-0700][info][gc,phases   ] GC(29)   Post Evacuate Collection Set: 1.0ms
[2024-07-05T13:24:39.156-0700][info][gc,phases   ] GC(29)   Other: 0.2ms
[2024-07-05T13:24:39.156-0700][info][gc,heap     ] GC(29) Eden regions: 357->0(357)
[2024-07-05T13:24:39.156-0700][info][gc,heap     ] GC(29) Survivor regions: 52->52(52)
[2024-07-05T13:24:39.156-0700][info][gc,heap     ] GC(29) Old regions: 6697->6857
[2024-07-05T13:24:39.156-0700][info][gc,heap     ] GC(29) Archive regions: 2->2
[2024-07-05T13:24:39.156-0700][info][gc,heap     ] GC(29) Humongous regions: 40->40
[2024-07-05T13:24:39.156-0700][info][gc,metaspace] GC(29) Metaspace: 304K(512K)->304K(512K) NonClass: 296K(384K)->296K(384K) Class: 7K(128K)->7K(128K)
[2024-07-05T13:24:39.156-0700][info][gc          ] GC(29) Pause Young (Mixed) (G1 Evacuation Pause) 7145M->6949M(8192M) 238.605ms
[2024-07-05T13:24:39.156-0700][info][gc,cpu      ] GC(29) User=0.49s Sys=0.37s Real=0.24s
[2024-07-05T13:24:45.119-0700][info][gc,heap,exit] Heap
[2024-07-05T13:24:45.120-0700][info][gc,heap,exit]  garbage-first heap   total 8388608K, used 7125067K [0x0000000600000000, 0x0000000800000000)
[2024-07-05T13:24:45.120-0700][info][gc,heap,exit]   region size 1024K, 62 young (63488K), 52 survivors (53248K)
[2024-07-05T13:24:45.120-0700][info][gc,heap,exit]  Metaspace       used 304K, committed 512K, reserved 1114112K
[2024-07-05T13:24:45.120-0700][info][gc,heap,exit]   class space    used 7K, committed 128K, reserved 1048576K
