[2024-07-06T11:04:51.316-0700][info][gc] Using G1
[2024-07-06T11:04:51.359-0700][info][gc,init] Version: 17.0.11+1-LTS (release)
[2024-07-06T11:04:51.359-0700][info][gc,init] CPUs: 4 total, 4 available
[2024-07-06T11:04:51.359-0700][info][gc,init] Memory: 15953M
[2024-07-06T11:04:51.359-0700][info][gc,init] Large Page Support: Disabled
[2024-07-06T11:04:51.359-0700][info][gc,init] NUMA Support: Disabled
[2024-07-06T11:04:51.359-0700][info][gc,init] Compressed Oops: Enabled (Zero based)
[2024-07-06T11:04:51.359-0700][info][gc,init] Heap Region Size: 4M
[2024-07-06T11:04:51.359-0700][info][gc,init] Heap Min Capacity: 16G
[2024-07-06T11:04:51.359-0700][info][gc,init] Heap Initial Capacity: 16G
[2024-07-06T11:04:51.359-0700][info][gc,init] Heap Max Capacity: 16G
[2024-07-06T11:04:51.359-0700][info][gc,init] Pre-touch: Disabled
[2024-07-06T11:04:51.359-0700][info][gc,init] Parallel Workers: 4
[2024-07-06T11:04:51.359-0700][info][gc,init] Concurrent Workers: 1
[2024-07-06T11:04:51.359-0700][info][gc,init] Concurrent Refinement Workers: 4
[2024-07-06T11:04:51.359-0700][info][gc,init] Periodic GC: Disabled
[2024-07-06T11:04:51.371-0700][info][gc,metaspace] CDS archive(s) mapped at: [0x00007f4a23000000-0x00007f4a23bbb000-0x00007f4a23bbb000), size 12300288, SharedBaseAddress: 0x00007f4a23000000, ArchiveRelocationMode: 1.
[2024-07-06T11:04:51.371-0700][info][gc,metaspace] Compressed class space mapped at: 0x00007f4a24000000-0x00007f4a64000000, reserved size: 1073741824
[2024-07-06T11:04:51.371-0700][info][gc,metaspace] Narrow klass base: 0x00007f4a23000000, Narrow klass shift: 0, Narrow klass range: 0x100000000
[2024-07-06T11:04:55.911-0700][info][gc,start    ] GC(0) Pause Young (Normal) (G1 Evacuation Pause)
[2024-07-06T11:04:55.911-0700][info][gc,task     ] GC(0) Using 4 workers of 4 for evacuation
[2024-07-06T11:04:56.092-0700][info][gc,phases   ] GC(0)   Pre Evacuate Collection Set: 0.5ms
[2024-07-06T11:04:56.092-0700][info][gc,phases   ] GC(0)   Merge Heap Roots: 0.4ms
[2024-07-06T11:04:56.092-0700][info][gc,phases   ] GC(0)   Evacuate Collection Set: 178.7ms
[2024-07-06T11:04:56.092-0700][info][gc,phases   ] GC(0)   Post Evacuate Collection Set: 0.6ms
[2024-07-06T11:04:56.092-0700][info][gc,phases   ] GC(0)   Other: 0.7ms
[2024-07-06T11:04:56.092-0700][info][gc,heap     ] GC(0) Eden regions: 204->0(178)
[2024-07-06T11:04:56.092-0700][info][gc,heap     ] GC(0) Survivor regions: 0->26(26)
[2024-07-06T11:04:56.092-0700][info][gc,heap     ] GC(0) Old regions: 0->77
[2024-07-06T11:04:56.092-0700][info][gc,heap     ] GC(0) Archive regions: 2->2
[2024-07-06T11:04:56.092-0700][info][gc,heap     ] GC(0) Humongous regions: 1->1
[2024-07-06T11:04:56.092-0700][info][gc,metaspace] GC(0) Metaspace: 227K(448K)->227K(448K) NonClass: 220K(320K)->220K(320K) Class: 6K(128K)->6K(128K)
[2024-07-06T11:04:56.092-0700][info][gc          ] GC(0) Pause Young (Normal) (G1 Evacuation Pause) 823M->416M(16384M) 180.984ms
[2024-07-06T11:04:56.092-0700][info][gc,cpu      ] GC(0) User=0.34s Sys=0.36s Real=0.18s
[2024-07-06T11:05:17.071-0700][info][gc,start    ] GC(1) Pause Young (Normal) (G1 Evacuation Pause)
[2024-07-06T11:05:17.071-0700][info][gc,task     ] GC(1) Using 4 workers of 4 for evacuation
[2024-07-06T11:05:17.430-0700][info][gc,phases   ] GC(1)   Pre Evacuate Collection Set: 0.4ms
[2024-07-06T11:05:17.430-0700][info][gc,phases   ] GC(1)   Merge Heap Roots: 0.2ms
[2024-07-06T11:05:17.430-0700][info][gc,phases   ] GC(1)   Evacuate Collection Set: 358.5ms
[2024-07-06T11:05:17.430-0700][info][gc,phases   ] GC(1)   Post Evacuate Collection Set: 0.5ms
[2024-07-06T11:05:17.430-0700][info][gc,phases   ] GC(1)   Other: 0.2ms
[2024-07-06T11:05:17.430-0700][info][gc,heap     ] GC(1) Eden regions: 178->0(178)
[2024-07-06T11:05:17.430-0700][info][gc,heap     ] GC(1) Survivor regions: 26->26(26)
[2024-07-06T11:05:17.430-0700][info][gc,heap     ] GC(1) Old regions: 77->223
[2024-07-06T11:05:17.430-0700][info][gc,heap     ] GC(1) Archive regions: 2->2
[2024-07-06T11:05:17.430-0700][info][gc,heap     ] GC(1) Humongous regions: 2->2
[2024-07-06T11:05:17.430-0700][info][gc,metaspace] GC(1) Metaspace: 268K(448K)->268K(448K) NonClass: 261K(320K)->261K(320K) Class: 6K(128K)->6K(128K)
[2024-07-06T11:05:17.430-0700][info][gc          ] GC(1) Pause Young (Normal) (G1 Evacuation Pause) 1132M->1007M(16384M) 359.909ms
[2024-07-06T11:05:17.430-0700][info][gc,cpu      ] GC(1) User=0.67s Sys=0.73s Real=0.36s
[2024-07-06T11:06:00.327-0700][info][gc,start    ] GC(2) Pause Young (Normal) (G1 Evacuation Pause)
[2024-07-06T11:06:00.327-0700][info][gc,task     ] GC(2) Using 4 workers of 4 for evacuation
[2024-07-06T11:06:00.684-0700][info][gc,phases   ] GC(2)   Pre Evacuate Collection Set: 0.4ms
[2024-07-06T11:06:00.684-0700][info][gc,phases   ] GC(2)   Merge Heap Roots: 0.3ms
[2024-07-06T11:06:00.684-0700][info][gc,phases   ] GC(2)   Evacuate Collection Set: 356.1ms
[2024-07-06T11:06:00.684-0700][info][gc,phases   ] GC(2)   Post Evacuate Collection Set: 0.5ms
[2024-07-06T11:06:00.684-0700][info][gc,phases   ] GC(2)   Other: 0.1ms
[2024-07-06T11:06:00.684-0700][info][gc,heap     ] GC(2) Eden regions: 178->0(178)
[2024-07-06T11:06:00.684-0700][info][gc,heap     ] GC(2) Survivor regions: 26->26(26)
[2024-07-06T11:06:00.685-0700][info][gc,heap     ] GC(2) Old regions: 223->380
[2024-07-06T11:06:00.685-0700][info][gc,heap     ] GC(2) Archive regions: 2->2
[2024-07-06T11:06:00.685-0700][info][gc,heap     ] GC(2) Humongous regions: 4->4
[2024-07-06T11:06:00.685-0700][info][gc,metaspace] GC(2) Metaspace: 278K(512K)->278K(512K) NonClass: 271K(384K)->271K(384K) Class: 6K(128K)->6K(128K)
[2024-07-06T11:06:00.685-0700][info][gc          ] GC(2) Pause Young (Normal) (G1 Evacuation Pause) 1727M->1642M(16384M) 357.521ms
[2024-07-06T11:06:00.685-0700][info][gc,cpu      ] GC(2) User=0.51s Sys=0.89s Real=0.36s
[2024-07-06T11:08:44.032-0700][info][gc,start    ] GC(3) Pause Young (Normal) (G1 Evacuation Pause)
[2024-07-06T11:08:44.032-0700][info][gc,task     ] GC(3) Using 4 workers of 4 for evacuation
[2024-07-06T11:08:44.444-0700][info][gc,phases   ] GC(3)   Pre Evacuate Collection Set: 0.4ms
[2024-07-06T11:08:44.444-0700][info][gc,phases   ] GC(3)   Merge Heap Roots: 0.3ms
[2024-07-06T11:08:44.444-0700][info][gc,phases   ] GC(3)   Evacuate Collection Set: 410.5ms
[2024-07-06T11:08:44.444-0700][info][gc,phases   ] GC(3)   Post Evacuate Collection Set: 0.5ms
[2024-07-06T11:08:44.444-0700][info][gc,phases   ] GC(3)   Other: 0.1ms
[2024-07-06T11:08:44.444-0700][info][gc,heap     ] GC(3) Eden regions: 178->0(178)
[2024-07-06T11:08:44.444-0700][info][gc,heap     ] GC(3) Survivor regions: 26->26(26)
[2024-07-06T11:08:44.444-0700][info][gc,heap     ] GC(3) Old regions: 380->544
[2024-07-06T11:08:44.444-0700][info][gc,heap     ] GC(3) Archive regions: 2->2
[2024-07-06T11:08:44.444-0700][info][gc,heap     ] GC(3) Humongous regions: 6->6
[2024-07-06T11:08:44.444-0700][info][gc,metaspace] GC(3) Metaspace: 290K(512K)->290K(512K) NonClass: 284K(384K)->284K(384K) Class: 6K(128K)->6K(128K)
[2024-07-06T11:08:44.444-0700][info][gc          ] GC(3) Pause Young (Normal) (G1 Evacuation Pause) 2362M->2306M(16384M) 412.005ms
[2024-07-06T11:08:44.444-0700][info][gc,cpu      ] GC(3) User=0.72s Sys=0.88s Real=0.42s
[2024-07-06T11:13:18.667-0700][info][gc,start    ] GC(4) Pause Young (Normal) (G1 Evacuation Pause)
[2024-07-06T11:13:18.667-0700][info][gc,task     ] GC(4) Using 4 workers of 4 for evacuation
[2024-07-06T11:13:19.073-0700][info][gc,phases   ] GC(4)   Pre Evacuate Collection Set: 0.4ms
[2024-07-06T11:13:19.073-0700][info][gc,phases   ] GC(4)   Merge Heap Roots: 0.3ms
[2024-07-06T11:13:19.073-0700][info][gc,phases   ] GC(4)   Evacuate Collection Set: 403.9ms
[2024-07-06T11:13:19.073-0700][info][gc,phases   ] GC(4)   Post Evacuate Collection Set: 0.6ms
[2024-07-06T11:13:19.073-0700][info][gc,phases   ] GC(4)   Other: 0.1ms
[2024-07-06T11:13:19.073-0700][info][gc,heap     ] GC(4) Eden regions: 178->0(178)
[2024-07-06T11:13:19.073-0700][info][gc,heap     ] GC(4) Survivor regions: 26->26(26)
[2024-07-06T11:13:19.073-0700][info][gc,heap     ] GC(4) Old regions: 544->713
[2024-07-06T11:13:19.073-0700][info][gc,heap     ] GC(4) Archive regions: 2->2
[2024-07-06T11:13:19.073-0700][info][gc,heap     ] GC(4) Humongous regions: 9->9
[2024-07-06T11:13:19.073-0700][info][gc,metaspace] GC(4) Metaspace: 301K(512K)->301K(512K) NonClass: 293K(384K)->293K(384K) Class: 7K(128K)->7K(128K)
[2024-07-06T11:13:19.073-0700][info][gc          ] GC(4) Pause Young (Normal) (G1 Evacuation Pause) 3030M->2992M(16384M) 405.446ms
[2024-07-06T11:13:19.073-0700][info][gc,cpu      ] GC(4) User=0.66s Sys=0.90s Real=0.40s
[2024-07-06T11:19:21.931-0700][info][gc,start    ] GC(5) Pause Young (Normal) (G1 Evacuation Pause)
[2024-07-06T11:19:21.931-0700][info][gc,task     ] GC(5) Using 4 workers of 4 for evacuation
[2024-07-06T11:19:22.313-0700][info][gc,phases   ] GC(5)   Pre Evacuate Collection Set: 0.5ms
[2024-07-06T11:19:22.313-0700][info][gc,phases   ] GC(5)   Merge Heap Roots: 0.3ms
[2024-07-06T11:19:22.313-0700][info][gc,phases   ] GC(5)   Evacuate Collection Set: 380.4ms
[2024-07-06T11:19:22.313-0700][info][gc,phases   ] GC(5)   Post Evacuate Collection Set: 0.5ms
[2024-07-06T11:19:22.313-0700][info][gc,phases   ] GC(5)   Other: 0.2ms
[2024-07-06T11:19:22.313-0700][info][gc,heap     ] GC(5) Eden regions: 178->0(178)
[2024-07-06T11:19:22.313-0700][info][gc,heap     ] GC(5) Survivor regions: 26->26(26)
[2024-07-06T11:19:22.313-0700][info][gc,heap     ] GC(5) Old regions: 713->876
[2024-07-06T11:19:22.313-0700][info][gc,heap     ] GC(5) Archive regions: 2->2
[2024-07-06T11:19:22.313-0700][info][gc,heap     ] GC(5) Humongous regions: 9->9
[2024-07-06T11:19:22.313-0700][info][gc,metaspace] GC(5) Metaspace: 301K(512K)->301K(512K) NonClass: 294K(384K)->294K(384K) Class: 7K(128K)->7K(128K)
[2024-07-06T11:19:22.313-0700][info][gc          ] GC(5) Pause Young (Normal) (G1 Evacuation Pause) 3704M->3647M(16384M) 381.938ms
[2024-07-06T11:19:22.313-0700][info][gc,cpu      ] GC(5) User=0.61s Sys=0.86s Real=0.38s
[2024-07-06T11:26:44.939-0700][info][gc,start    ] GC(6) Pause Young (Normal) (G1 Evacuation Pause)
[2024-07-06T11:26:44.939-0700][info][gc,task     ] GC(6) Using 4 workers of 4 for evacuation
[2024-07-06T11:26:45.288-0700][info][gc,phases   ] GC(6)   Pre Evacuate Collection Set: 0.4ms
[2024-07-06T11:26:45.288-0700][info][gc,phases   ] GC(6)   Merge Heap Roots: 0.3ms
[2024-07-06T11:26:45.288-0700][info][gc,phases   ] GC(6)   Evacuate Collection Set: 348.0ms
[2024-07-06T11:26:45.288-0700][info][gc,phases   ] GC(6)   Post Evacuate Collection Set: 0.5ms
[2024-07-06T11:26:45.288-0700][info][gc,phases   ] GC(6)   Other: 0.1ms
[2024-07-06T11:26:45.288-0700][info][gc,heap     ] GC(6) Eden regions: 178->0(178)
[2024-07-06T11:26:45.288-0700][info][gc,heap     ] GC(6) Survivor regions: 26->26(26)
[2024-07-06T11:26:45.288-0700][info][gc,heap     ] GC(6) Old regions: 876->1038
[2024-07-06T11:26:45.288-0700][info][gc,heap     ] GC(6) Archive regions: 2->2
[2024-07-06T11:26:45.288-0700][info][gc,heap     ] GC(6) Humongous regions: 9->9
[2024-07-06T11:26:45.288-0700][info][gc,metaspace] GC(6) Metaspace: 301K(512K)->301K(512K) NonClass: 294K(384K)->294K(384K) Class: 7K(128K)->7K(128K)
[2024-07-06T11:26:45.288-0700][info][gc          ] GC(6) Pause Young (Normal) (G1 Evacuation Pause) 4359M->4294M(16384M) 349.395ms
[2024-07-06T11:26:45.289-0700][info][gc,cpu      ] GC(6) User=0.53s Sys=0.83s Real=0.35s
[2024-07-06T11:35:43.659-0700][info][gc,start    ] GC(7) Pause Young (Normal) (G1 Evacuation Pause)
[2024-07-06T11:35:43.659-0700][info][gc,task     ] GC(7) Using 4 workers of 4 for evacuation
[2024-07-06T11:35:44.061-0700][info][gc,phases   ] GC(7)   Pre Evacuate Collection Set: 0.4ms
[2024-07-06T11:35:44.061-0700][info][gc,phases   ] GC(7)   Merge Heap Roots: 0.3ms
[2024-07-06T11:35:44.061-0700][info][gc,phases   ] GC(7)   Evacuate Collection Set: 400.4ms
[2024-07-06T11:35:44.061-0700][info][gc,phases   ] GC(7)   Post Evacuate Collection Set: 0.6ms
[2024-07-06T11:35:44.061-0700][info][gc,phases   ] GC(7)   Other: 0.1ms
[2024-07-06T11:35:44.061-0700][info][gc,heap     ] GC(7) Eden regions: 178->0(178)
[2024-07-06T11:35:44.061-0700][info][gc,heap     ] GC(7) Survivor regions: 26->26(26)
[2024-07-06T11:35:44.061-0700][info][gc,heap     ] GC(7) Old regions: 1038->1214
[2024-07-06T11:35:44.061-0700][info][gc,heap     ] GC(7) Archive regions: 2->2
[2024-07-06T11:35:44.061-0700][info][gc,heap     ] GC(7) Humongous regions: 13->13
[2024-07-06T11:35:44.061-0700][info][gc,metaspace] GC(7) Metaspace: 301K(512K)->301K(512K) NonClass: 294K(384K)->294K(384K) Class: 7K(128K)->7K(128K)
[2024-07-06T11:35:44.061-0700][info][gc          ] GC(7) Pause Young (Normal) (G1 Evacuation Pause) 5022M->5012M(16384M) 401.881ms
[2024-07-06T11:35:44.061-0700][info][gc,cpu      ] GC(7) User=0.74s Sys=0.83s Real=0.40s
[2024-07-06T11:46:02.333-0700][info][gc,start    ] GC(8) Pause Young (Normal) (G1 Evacuation Pause)
[2024-07-06T11:46:02.333-0700][info][gc,task     ] GC(8) Using 4 workers of 4 for evacuation
[2024-07-06T11:46:02.709-0700][info][gc,phases   ] GC(8)   Pre Evacuate Collection Set: 0.4ms
[2024-07-06T11:46:02.709-0700][info][gc,phases   ] GC(8)   Merge Heap Roots: 0.3ms
[2024-07-06T11:46:02.709-0700][info][gc,phases   ] GC(8)   Evacuate Collection Set: 374.8ms
[2024-07-06T11:46:02.709-0700][info][gc,phases   ] GC(8)   Post Evacuate Collection Set: 0.5ms
[2024-07-06T11:46:02.709-0700][info][gc,phases   ] GC(8)   Other: 0.1ms
[2024-07-06T11:46:02.709-0700][info][gc,heap     ] GC(8) Eden regions: 178->0(178)
[2024-07-06T11:46:02.709-0700][info][gc,heap     ] GC(8) Survivor regions: 26->26(26)
[2024-07-06T11:46:02.709-0700][info][gc,heap     ] GC(8) Old regions: 1214->1382
[2024-07-06T11:46:02.709-0700][info][gc,heap     ] GC(8) Archive regions: 2->2
[2024-07-06T11:46:02.709-0700][info][gc,heap     ] GC(8) Humongous regions: 13->13
[2024-07-06T11:46:02.709-0700][info][gc,metaspace] GC(8) Metaspace: 301K(512K)->301K(512K) NonClass: 294K(384K)->294K(384K) Class: 7K(128K)->7K(128K)
[2024-07-06T11:46:02.709-0700][info][gc          ] GC(8) Pause Young (Normal) (G1 Evacuation Pause) 5724M->5687M(16384M) 376.224ms
[2024-07-06T11:46:02.709-0700][info][gc,cpu      ] GC(8) User=0.67s Sys=0.80s Real=0.38s
[2024-07-06T11:57:30.847-0700][info][gc,start    ] GC(9) Pause Young (Normal) (G1 Evacuation Pause)
[2024-07-06T11:57:30.847-0700][info][gc,task     ] GC(9) Using 4 workers of 4 for evacuation
[2024-07-06T11:57:31.213-0700][info][gc,phases   ] GC(9)   Pre Evacuate Collection Set: 0.4ms
[2024-07-06T11:57:31.213-0700][info][gc,phases   ] GC(9)   Merge Heap Roots: 0.3ms
[2024-07-06T11:57:31.213-0700][info][gc,phases   ] GC(9)   Evacuate Collection Set: 364.4ms
[2024-07-06T11:57:31.213-0700][info][gc,phases   ] GC(9)   Post Evacuate Collection Set: 0.5ms
[2024-07-06T11:57:31.213-0700][info][gc,phases   ] GC(9)   Other: 0.1ms
[2024-07-06T11:57:31.213-0700][info][gc,heap     ] GC(9) Eden regions: 178->0(178)
[2024-07-06T11:57:31.213-0700][info][gc,heap     ] GC(9) Survivor regions: 26->26(26)
[2024-07-06T11:57:31.213-0700][info][gc,heap     ] GC(9) Old regions: 1382->1549
[2024-07-06T11:57:31.213-0700][info][gc,heap     ] GC(9) Archive regions: 2->2
[2024-07-06T11:57:31.213-0700][info][gc,heap     ] GC(9) Humongous regions: 13->13
[2024-07-06T11:57:31.213-0700][info][gc,metaspace] GC(9) Metaspace: 301K(512K)->301K(512K) NonClass: 294K(384K)->294K(384K) Class: 7K(128K)->7K(128K)
[2024-07-06T11:57:31.213-0700][info][gc          ] GC(9) Pause Young (Normal) (G1 Evacuation Pause) 6399M->6354M(16384M) 365.829ms
[2024-07-06T11:57:31.213-0700][info][gc,cpu      ] GC(9) User=0.58s Sys=0.86s Real=0.36s
[2024-07-06T12:10:13.102-0700][info][gc,start    ] GC(10) Pause Young (Normal) (G1 Evacuation Pause)
[2024-07-06T12:10:13.102-0700][info][gc,task     ] GC(10) Using 4 workers of 4 for evacuation
[2024-07-06T12:10:13.469-0700][info][gc,phases   ] GC(10)   Pre Evacuate Collection Set: 0.4ms
[2024-07-06T12:10:13.469-0700][info][gc,phases   ] GC(10)   Merge Heap Roots: 0.3ms
[2024-07-06T12:10:13.469-0700][info][gc,phases   ] GC(10)   Evacuate Collection Set: 365.9ms
[2024-07-06T12:10:13.469-0700][info][gc,phases   ] GC(10)   Post Evacuate Collection Set: 0.5ms
[2024-07-06T12:10:13.469-0700][info][gc,phases   ] GC(10)   Other: 0.1ms
[2024-07-06T12:10:13.470-0700][info][gc,heap     ] GC(10) Eden regions: 178->0(178)
[2024-07-06T12:10:13.470-0700][info][gc,heap     ] GC(10) Survivor regions: 26->26(26)
[2024-07-06T12:10:13.470-0700][info][gc,heap     ] GC(10) Old regions: 1549->1717
[2024-07-06T12:10:13.470-0700][info][gc,heap     ] GC(10) Archive regions: 2->2
[2024-07-06T12:10:13.470-0700][info][gc,heap     ] GC(10) Humongous regions: 13->13
[2024-07-06T12:10:13.470-0700][info][gc,metaspace] GC(10) Metaspace: 305K(512K)->305K(512K) NonClass: 297K(384K)->297K(384K) Class: 7K(128K)->7K(128K)
[2024-07-06T12:10:13.470-0700][info][gc          ] GC(10) Pause Young (Normal) (G1 Evacuation Pause) 7066M->7024M(16384M) 367.253ms
[2024-07-06T12:10:13.470-0700][info][gc,cpu      ] GC(10) User=0.57s Sys=0.87s Real=0.37s
[2024-07-06T12:24:19.790-0700][info][gc,start    ] GC(11) Pause Young (Normal) (G1 Evacuation Pause)
[2024-07-06T12:24:19.790-0700][info][gc,task     ] GC(11) Using 4 workers of 4 for evacuation
[2024-07-06T12:24:20.183-0700][info][gc,phases   ] GC(11)   Pre Evacuate Collection Set: 0.4ms
[2024-07-06T12:24:20.183-0700][info][gc,phases   ] GC(11)   Merge Heap Roots: 0.3ms
[2024-07-06T12:24:20.183-0700][info][gc,phases   ] GC(11)   Evacuate Collection Set: 392.1ms
[2024-07-06T12:24:20.183-0700][info][gc,phases   ] GC(11)   Post Evacuate Collection Set: 0.5ms
[2024-07-06T12:24:20.183-0700][info][gc,phases   ] GC(11)   Other: 0.1ms
[2024-07-06T12:24:20.183-0700][info][gc,heap     ] GC(11) Eden regions: 178->0(178)
[2024-07-06T12:24:20.183-0700][info][gc,heap     ] GC(11) Survivor regions: 26->26(26)
[2024-07-06T12:24:20.183-0700][info][gc,heap     ] GC(11) Old regions: 1717->1892
[2024-07-06T12:24:20.183-0700][info][gc,heap     ] GC(11) Archive regions: 2->2
[2024-07-06T12:24:20.183-0700][info][gc,heap     ] GC(11) Humongous regions: 19->19
[2024-07-06T12:24:20.183-0700][info][gc,metaspace] GC(11) Metaspace: 305K(512K)->305K(512K) NonClass: 297K(384K)->297K(384K) Class: 7K(128K)->7K(128K)
[2024-07-06T12:24:20.183-0700][info][gc          ] GC(11) Pause Young (Normal) (G1 Evacuation Pause) 7760M->7748M(16384M) 393.448ms
[2024-07-06T12:24:20.183-0700][info][gc,cpu      ] GC(11) User=0.72s Sys=0.82s Real=0.40s
[2024-07-06T12:39:37.539-0700][info][gc,start    ] GC(12) Pause Young (Concurrent Start) (G1 Evacuation Pause)
[2024-07-06T12:39:37.539-0700][info][gc,task     ] GC(12) Using 4 workers of 4 for evacuation
[2024-07-06T12:39:37.916-0700][info][gc,phases   ] GC(12)   Pre Evacuate Collection Set: 0.4ms
[2024-07-06T12:39:37.916-0700][info][gc,phases   ] GC(12)   Merge Heap Roots: 0.3ms
[2024-07-06T12:39:37.916-0700][info][gc,phases   ] GC(12)   Evacuate Collection Set: 374.9ms
[2024-07-06T12:39:37.916-0700][info][gc,phases   ] GC(12)   Post Evacuate Collection Set: 0.5ms
[2024-07-06T12:39:37.916-0700][info][gc,phases   ] GC(12)   Other: 0.3ms
[2024-07-06T12:39:37.916-0700][info][gc,heap     ] GC(12) Eden regions: 178->0(178)
[2024-07-06T12:39:37.916-0700][info][gc,heap     ] GC(12) Survivor regions: 26->26(26)
[2024-07-06T12:39:37.916-0700][info][gc,heap     ] GC(12) Old regions: 1892->2062
[2024-07-06T12:39:37.916-0700][info][gc,heap     ] GC(12) Archive regions: 2->2
[2024-07-06T12:39:37.916-0700][info][gc,heap     ] GC(12) Humongous regions: 19->19
[2024-07-06T12:39:37.916-0700][info][gc,metaspace] GC(12) Metaspace: 305K(512K)->305K(512K) NonClass: 297K(384K)->297K(384K) Class: 7K(128K)->7K(128K)
[2024-07-06T12:39:37.916-0700][info][gc          ] GC(12) Pause Young (Concurrent Start) (G1 Evacuation Pause) 8460M->8428M(16384M) 376.570ms
[2024-07-06T12:39:37.916-0700][info][gc,cpu      ] GC(12) User=0.59s Sys=0.86s Real=0.38s
[2024-07-06T12:39:37.916-0700][info][gc          ] GC(13) Concurrent Mark Cycle
[2024-07-06T12:39:37.916-0700][info][gc,marking  ] GC(13) Concurrent Clear Claimed Marks
[2024-07-06T12:39:37.916-0700][info][gc,marking  ] GC(13) Concurrent Clear Claimed Marks 0.006ms
[2024-07-06T12:39:37.916-0700][info][gc,marking  ] GC(13) Concurrent Scan Root Regions
[2024-07-06T12:39:37.952-0700][info][gc,marking  ] GC(13) Concurrent Scan Root Regions 36.533ms
[2024-07-06T12:39:37.952-0700][info][gc,marking  ] GC(13) Concurrent Mark
[2024-07-06T12:39:37.953-0700][info][gc,marking  ] GC(13) Concurrent Mark From Roots
[2024-07-06T12:39:37.953-0700][info][gc,task     ] GC(13) Using 1 workers of 1 for marking
[2024-07-06T12:39:38.829-0700][info][gc,marking  ] GC(13) Concurrent Mark From Roots 876.749ms
[2024-07-06T12:39:38.829-0700][info][gc,marking  ] GC(13) Concurrent Preclean
[2024-07-06T12:39:38.829-0700][info][gc,marking  ] GC(13) Concurrent Preclean 0.056ms
[2024-07-06T12:39:50.023-0700][info][gc,start    ] GC(13) Pause Remark
[2024-07-06T12:39:50.024-0700][info][gc          ] GC(13) Pause Remark 8438M->8382M(16384M) 1.252ms
[2024-07-06T12:39:50.024-0700][info][gc,cpu      ] GC(13) User=0.00s Sys=0.00s Real=0.00s
[2024-07-06T12:39:50.025-0700][info][gc,marking  ] GC(13) Concurrent Mark 12072.003ms
[2024-07-06T12:39:50.025-0700][info][gc,marking  ] GC(13) Concurrent Rebuild Remembered Sets
[2024-07-06T12:39:50.486-0700][info][gc,marking  ] GC(13) Concurrent Rebuild Remembered Sets 461.443ms
[2024-07-06T12:39:52.069-0700][info][gc,start    ] GC(13) Pause Cleanup
[2024-07-06T12:39:52.070-0700][info][gc          ] GC(13) Pause Cleanup 8382M->8382M(16384M) 1.592ms
[2024-07-06T12:39:52.070-0700][info][gc,cpu      ] GC(13) User=0.01s Sys=0.00s Real=0.00s
[2024-07-06T12:39:52.071-0700][info][gc,marking  ] GC(13) Concurrent Cleanup for Next Mark
[2024-07-06T12:39:52.269-0700][info][gc,marking  ] GC(13) Concurrent Cleanup for Next Mark 198.274ms
[2024-07-06T12:39:52.269-0700][info][gc          ] GC(13) Concurrent Mark Cycle 14352.945ms
[2024-07-06T12:53:13.479-0700][info][gc,heap,exit] Heap
[2024-07-06T12:53:13.479-0700][info][gc,heap,exit]  garbage-first heap   total 16777216K, used 9163479K [0x0000000400000000, 0x0000000800000000)
[2024-07-06T12:53:13.479-0700][info][gc,heap,exit]   region size 4096K, 171 young (700416K), 26 survivors (106496K)
[2024-07-06T12:53:13.479-0700][info][gc,heap,exit]  Metaspace       used 306K, committed 512K, reserved 1114112K
[2024-07-06T12:53:13.479-0700][info][gc,heap,exit]   class space    used 7K, committed 128K, reserved 1048576K
