[2024-07-06T05:40:47.521-0700][info][gc] Using G1
[2024-07-06T05:40:47.585-0700][info][gc,init] Version: 17.0.11+1-LTS (release)
[2024-07-06T05:40:47.585-0700][info][gc,init] CPUs: 4 total, 4 available
[2024-07-06T05:40:47.586-0700][info][gc,init] Memory: 15953M
[2024-07-06T05:40:47.586-0700][info][gc,init] Large Page Support: Disabled
[2024-07-06T05:40:47.586-0700][info][gc,init] NUMA Support: Disabled
[2024-07-06T05:40:47.586-0700][info][gc,init] Compressed Oops: Enabled (Zero based)
[2024-07-06T05:40:47.586-0700][info][gc,init] Heap Region Size: 2M
[2024-07-06T05:40:47.586-0700][info][gc,init] Heap Min Capacity: 16G
[2024-07-06T05:40:47.586-0700][info][gc,init] Heap Initial Capacity: 16G
[2024-07-06T05:40:47.586-0700][info][gc,init] Heap Max Capacity: 16G
[2024-07-06T05:40:47.586-0700][info][gc,init] Pre-touch: Disabled
[2024-07-06T05:40:47.586-0700][info][gc,init] Parallel Workers: 4
[2024-07-06T05:40:47.586-0700][info][gc,init] Concurrent Workers: 1
[2024-07-06T05:40:47.586-0700][info][gc,init] Concurrent Refinement Workers: 4
[2024-07-06T05:40:47.586-0700][info][gc,init] Periodic GC: Disabled
[2024-07-06T05:40:47.592-0700][info][gc,metaspace] CDS archive(s) mapped at: [0x00007f8833000000-0x00007f8833bbb000-0x00007f8833bbb000), size 12300288, SharedBaseAddress: 0x00007f8833000000, ArchiveRelocationMode: 1.
[2024-07-06T05:40:47.592-0700][info][gc,metaspace] Compressed class space mapped at: 0x00007f8834000000-0x00007f8874000000, reserved size: 1073741824
[2024-07-06T05:40:47.592-0700][info][gc,metaspace] Narrow klass base: 0x00007f8833000000, Narrow klass shift: 0, Narrow klass range: 0x100000000
[2024-07-06T05:40:52.063-0700][info][gc,start    ] GC(0) Pause Young (Normal) (G1 Evacuation Pause)
[2024-07-06T05:40:52.063-0700][info][gc,task     ] GC(0) Using 4 workers of 4 for evacuation
[2024-07-06T05:40:52.291-0700][info][gc,phases   ] GC(0)   Pre Evacuate Collection Set: 0.7ms
[2024-07-06T05:40:52.291-0700][info][gc,phases   ] GC(0)   Merge Heap Roots: 0.4ms
[2024-07-06T05:40:52.291-0700][info][gc,phases   ] GC(0)   Evacuate Collection Set: 226.2ms
[2024-07-06T05:40:52.291-0700][info][gc,phases   ] GC(0)   Post Evacuate Collection Set: 0.8ms
[2024-07-06T05:40:52.291-0700][info][gc,phases   ] GC(0)   Other: 0.8ms
[2024-07-06T05:40:52.291-0700][info][gc,heap     ] GC(0) Eden regions: 409->0(357)
[2024-07-06T05:40:52.291-0700][info][gc,heap     ] GC(0) Survivor regions: 0->52(52)
[2024-07-06T05:40:52.291-0700][info][gc,heap     ] GC(0) Old regions: 0->181
[2024-07-06T05:40:52.291-0700][info][gc,heap     ] GC(0) Archive regions: 2->2
[2024-07-06T05:40:52.291-0700][info][gc,heap     ] GC(0) Humongous regions: 3->3
[2024-07-06T05:40:52.291-0700][info][gc,metaspace] GC(0) Metaspace: 227K(448K)->227K(448K) NonClass: 220K(320K)->220K(320K) Class: 6K(128K)->6K(128K)
[2024-07-06T05:40:52.291-0700][info][gc          ] GC(0) Pause Young (Normal) (G1 Evacuation Pause) 825M->473M(16384M) 228.879ms
[2024-07-06T05:40:52.291-0700][info][gc,cpu      ] GC(0) User=0.39s Sys=0.49s Real=0.23s
[2024-07-06T05:41:09.671-0700][info][gc,start    ] GC(1) Pause Young (Normal) (G1 Evacuation Pause)
[2024-07-06T05:41:09.672-0700][info][gc,task     ] GC(1) Using 4 workers of 4 for evacuation
[2024-07-06T05:41:10.005-0700][info][gc,phases   ] GC(1)   Pre Evacuate Collection Set: 0.6ms
[2024-07-06T05:41:10.005-0700][info][gc,phases   ] GC(1)   Merge Heap Roots: 0.3ms
[2024-07-06T05:41:10.005-0700][info][gc,phases   ] GC(1)   Evacuate Collection Set: 331.8ms
[2024-07-06T05:41:10.005-0700][info][gc,phases   ] GC(1)   Post Evacuate Collection Set: 0.6ms
[2024-07-06T05:41:10.005-0700][info][gc,phases   ] GC(1)   Other: 0.2ms
[2024-07-06T05:41:10.005-0700][info][gc,heap     ] GC(1) Eden regions: 357->0(357)
[2024-07-06T05:41:10.005-0700][info][gc,heap     ] GC(1) Survivor regions: 52->52(52)
[2024-07-06T05:41:10.005-0700][info][gc,heap     ] GC(1) Old regions: 181->488
[2024-07-06T05:41:10.005-0700][info][gc,heap     ] GC(1) Archive regions: 2->2
[2024-07-06T05:41:10.005-0700][info][gc,heap     ] GC(1) Humongous regions: 5->5
[2024-07-06T05:41:10.005-0700][info][gc,metaspace] GC(1) Metaspace: 268K(448K)->268K(448K) NonClass: 261K(320K)->261K(320K) Class: 6K(128K)->6K(128K)
[2024-07-06T05:41:10.005-0700][info][gc          ] GC(1) Pause Young (Normal) (G1 Evacuation Pause) 1191M->1090M(16384M) 333.701ms
[2024-07-06T05:41:10.005-0700][info][gc,cpu      ] GC(1) User=0.62s Sys=0.68s Real=0.34s
[2024-07-06T05:41:52.953-0700][info][gc,start    ] GC(2) Pause Young (Normal) (G1 Evacuation Pause)
[2024-07-06T05:41:52.953-0700][info][gc,task     ] GC(2) Using 4 workers of 4 for evacuation
[2024-07-06T05:41:53.293-0700][info][gc,phases   ] GC(2)   Pre Evacuate Collection Set: 0.6ms
[2024-07-06T05:41:53.293-0700][info][gc,phases   ] GC(2)   Merge Heap Roots: 0.5ms
[2024-07-06T05:41:53.293-0700][info][gc,phases   ] GC(2)   Evacuate Collection Set: 338.1ms
[2024-07-06T05:41:53.293-0700][info][gc,phases   ] GC(2)   Post Evacuate Collection Set: 0.6ms
[2024-07-06T05:41:53.293-0700][info][gc,phases   ] GC(2)   Other: 0.2ms
[2024-07-06T05:41:53.293-0700][info][gc,heap     ] GC(2) Eden regions: 357->0(357)
[2024-07-06T05:41:53.293-0700][info][gc,heap     ] GC(2) Survivor regions: 52->52(52)
[2024-07-06T05:41:53.293-0700][info][gc,heap     ] GC(2) Old regions: 488->799
[2024-07-06T05:41:53.293-0700][info][gc,heap     ] GC(2) Archive regions: 2->2
[2024-07-06T05:41:53.293-0700][info][gc,heap     ] GC(2) Humongous regions: 8->8
[2024-07-06T05:41:53.293-0700][info][gc,metaspace] GC(2) Metaspace: 278K(512K)->278K(512K) NonClass: 271K(384K)->271K(384K) Class: 6K(128K)->6K(128K)
[2024-07-06T05:41:53.293-0700][info][gc          ] GC(2) Pause Young (Normal) (G1 Evacuation Pause) 1810M->1719M(16384M) 340.130ms
[2024-07-06T05:41:53.293-0700][info][gc,cpu      ] GC(2) User=0.61s Sys=0.73s Real=0.34s
[2024-07-06T05:44:12.671-0700][info][gc,start    ] GC(3) Pause Young (Normal) (G1 Evacuation Pause)
[2024-07-06T05:44:12.671-0700][info][gc,task     ] GC(3) Using 4 workers of 4 for evacuation
[2024-07-06T05:44:13.067-0700][info][gc,phases   ] GC(3)   Pre Evacuate Collection Set: 0.6ms
[2024-07-06T05:44:13.067-0700][info][gc,phases   ] GC(3)   Merge Heap Roots: 0.5ms
[2024-07-06T05:44:13.067-0700][info][gc,phases   ] GC(3)   Evacuate Collection Set: 393.4ms
[2024-07-06T05:44:13.067-0700][info][gc,phases   ] GC(3)   Post Evacuate Collection Set: 0.7ms
[2024-07-06T05:44:13.067-0700][info][gc,phases   ] GC(3)   Other: 0.1ms
[2024-07-06T05:44:13.067-0700][info][gc,heap     ] GC(3) Eden regions: 357->0(357)
[2024-07-06T05:44:13.067-0700][info][gc,heap     ] GC(3) Survivor regions: 52->52(52)
[2024-07-06T05:44:13.067-0700][info][gc,heap     ] GC(3) Old regions: 799->1129
[2024-07-06T05:44:13.067-0700][info][gc,heap     ] GC(3) Archive regions: 2->2
[2024-07-06T05:44:13.067-0700][info][gc,heap     ] GC(3) Humongous regions: 12->12
[2024-07-06T05:44:13.067-0700][info][gc,metaspace] GC(3) Metaspace: 298K(512K)->298K(512K) NonClass: 291K(384K)->291K(384K) Class: 6K(128K)->6K(128K)
[2024-07-06T05:44:13.067-0700][info][gc          ] GC(3) Pause Young (Normal) (G1 Evacuation Pause) 2441M->2387M(16384M) 395.347ms
[2024-07-06T05:44:13.067-0700][info][gc,cpu      ] GC(3) User=0.72s Sys=0.81s Real=0.40s
[2024-07-06T05:48:15.313-0700][info][gc,start    ] GC(4) Pause Young (Normal) (G1 Evacuation Pause)
[2024-07-06T05:48:15.313-0700][info][gc,task     ] GC(4) Using 4 workers of 4 for evacuation
[2024-07-06T05:48:15.695-0700][info][gc,phases   ] GC(4)   Pre Evacuate Collection Set: 0.6ms
[2024-07-06T05:48:15.695-0700][info][gc,phases   ] GC(4)   Merge Heap Roots: 0.5ms
[2024-07-06T05:48:15.695-0700][info][gc,phases   ] GC(4)   Evacuate Collection Set: 380.1ms
[2024-07-06T05:48:15.695-0700][info][gc,phases   ] GC(4)   Post Evacuate Collection Set: 0.5ms
[2024-07-06T05:48:15.695-0700][info][gc,phases   ] GC(4)   Other: 0.1ms
[2024-07-06T05:48:15.695-0700][info][gc,heap     ] GC(4) Eden regions: 357->0(357)
[2024-07-06T05:48:15.695-0700][info][gc,heap     ] GC(4) Survivor regions: 52->52(52)
[2024-07-06T05:48:15.695-0700][info][gc,heap     ] GC(4) Old regions: 1129->1464
[2024-07-06T05:48:15.695-0700][info][gc,heap     ] GC(4) Archive regions: 2->2
[2024-07-06T05:48:15.695-0700][info][gc,heap     ] GC(4) Humongous regions: 18->18
[2024-07-06T05:48:15.695-0700][info][gc,metaspace] GC(4) Metaspace: 301K(512K)->301K(512K) NonClass: 294K(384K)->294K(384K) Class: 7K(128K)->7K(128K)
[2024-07-06T05:48:15.695-0700][info][gc          ] GC(4) Pause Young (Normal) (G1 Evacuation Pause) 3113M->3068M(16384M) 381.959ms
[2024-07-06T05:48:15.695-0700][info][gc,cpu      ] GC(4) User=0.67s Sys=0.82s Real=0.38s
[2024-07-06T05:53:51.562-0700][info][gc,start    ] GC(5) Pause Young (Normal) (G1 Evacuation Pause)
[2024-07-06T05:53:51.562-0700][info][gc,task     ] GC(5) Using 4 workers of 4 for evacuation
[2024-07-06T05:53:51.956-0700][info][gc,phases   ] GC(5)   Pre Evacuate Collection Set: 0.7ms
[2024-07-06T05:53:51.956-0700][info][gc,phases   ] GC(5)   Merge Heap Roots: 0.7ms
[2024-07-06T05:53:51.956-0700][info][gc,phases   ] GC(5)   Evacuate Collection Set: 392.4ms
[2024-07-06T05:53:51.956-0700][info][gc,phases   ] GC(5)   Post Evacuate Collection Set: 0.7ms
[2024-07-06T05:53:51.956-0700][info][gc,phases   ] GC(5)   Other: 0.1ms
[2024-07-06T05:53:51.956-0700][info][gc,heap     ] GC(5) Eden regions: 357->0(357)
[2024-07-06T05:53:51.956-0700][info][gc,heap     ] GC(5) Survivor regions: 52->52(52)
[2024-07-06T05:53:51.956-0700][info][gc,heap     ] GC(5) Old regions: 1464->1792
[2024-07-06T05:53:51.956-0700][info][gc,heap     ] GC(5) Archive regions: 2->2
[2024-07-06T05:53:51.956-0700][info][gc,heap     ] GC(5) Humongous regions: 18->18
[2024-07-06T05:53:51.956-0700][info][gc,metaspace] GC(5) Metaspace: 301K(512K)->301K(512K) NonClass: 294K(384K)->294K(384K) Class: 7K(128K)->7K(128K)
[2024-07-06T05:53:51.956-0700][info][gc          ] GC(5) Pause Young (Normal) (G1 Evacuation Pause) 3782M->3725M(16384M) 394.679ms
[2024-07-06T05:53:51.956-0700][info][gc,cpu      ] GC(5) User=0.66s Sys=0.88s Real=0.40s
[2024-07-06T06:00:55.241-0700][info][gc,start    ] GC(6) Pause Young (Normal) (G1 Evacuation Pause)
[2024-07-06T06:00:55.241-0700][info][gc,task     ] GC(6) Using 4 workers of 4 for evacuation
[2024-07-06T06:00:55.575-0700][info][gc,phases   ] GC(6)   Pre Evacuate Collection Set: 0.6ms
[2024-07-06T06:00:55.575-0700][info][gc,phases   ] GC(6)   Merge Heap Roots: 0.5ms
[2024-07-06T06:00:55.575-0700][info][gc,phases   ] GC(6)   Evacuate Collection Set: 332.0ms
[2024-07-06T06:00:55.575-0700][info][gc,phases   ] GC(6)   Post Evacuate Collection Set: 1.0ms
[2024-07-06T06:00:55.575-0700][info][gc,phases   ] GC(6)   Other: 0.1ms
[2024-07-06T06:00:55.575-0700][info][gc,heap     ] GC(6) Eden regions: 357->0(357)
[2024-07-06T06:00:55.575-0700][info][gc,heap     ] GC(6) Survivor regions: 52->52(52)
[2024-07-06T06:00:55.575-0700][info][gc,heap     ] GC(6) Old regions: 1792->2117
[2024-07-06T06:00:55.575-0700][info][gc,heap     ] GC(6) Archive regions: 2->2
[2024-07-06T06:00:55.575-0700][info][gc,heap     ] GC(6) Humongous regions: 18->18
[2024-07-06T06:00:55.575-0700][info][gc,metaspace] GC(6) Metaspace: 301K(512K)->301K(512K) NonClass: 294K(384K)->294K(384K) Class: 7K(128K)->7K(128K)
[2024-07-06T06:00:55.575-0700][info][gc          ] GC(6) Pause Young (Normal) (G1 Evacuation Pause) 4439M->4374M(16384M) 334.296ms
[2024-07-06T06:00:55.575-0700][info][gc,cpu      ] GC(6) User=0.61s Sys=0.70s Real=0.34s
[2024-07-06T06:10:20.566-0700][info][gc,start    ] GC(7) Pause Young (Normal) (G1 Evacuation Pause)
[2024-07-06T06:10:20.566-0700][info][gc,task     ] GC(7) Using 4 workers of 4 for evacuation
[2024-07-06T06:10:20.976-0700][info][gc,phases   ] GC(7)   Pre Evacuate Collection Set: 0.9ms
[2024-07-06T06:10:20.976-0700][info][gc,phases   ] GC(7)   Merge Heap Roots: 0.6ms
[2024-07-06T06:10:20.976-0700][info][gc,phases   ] GC(7)   Evacuate Collection Set: 408.5ms
[2024-07-06T06:10:20.976-0700][info][gc,phases   ] GC(7)   Post Evacuate Collection Set: 0.7ms
[2024-07-06T06:10:20.976-0700][info][gc,phases   ] GC(7)   Other: 0.1ms
[2024-07-06T06:10:20.976-0700][info][gc,heap     ] GC(7) Eden regions: 357->0(357)
[2024-07-06T06:10:20.976-0700][info][gc,heap     ] GC(7) Survivor regions: 52->52(52)
[2024-07-06T06:10:20.976-0700][info][gc,heap     ] GC(7) Old regions: 2117->2459
[2024-07-06T06:10:20.976-0700][info][gc,heap     ] GC(7) Archive regions: 2->2
[2024-07-06T06:10:20.976-0700][info][gc,heap     ] GC(7) Humongous regions: 26->26
[2024-07-06T06:10:20.977-0700][info][gc,metaspace] GC(7) Metaspace: 301K(512K)->301K(512K) NonClass: 294K(384K)->294K(384K) Class: 7K(128K)->7K(128K)
[2024-07-06T06:10:20.977-0700][info][gc          ] GC(7) Pause Young (Normal) (G1 Evacuation Pause) 5104M->5075M(16384M) 410.929ms
[2024-07-06T06:10:20.977-0700][info][gc,cpu      ] GC(7) User=0.58s Sys=0.59s Real=0.41s
[2024-07-06T06:23:37.250-0700][info][gc,start    ] GC(8) Pause Young (Normal) (G1 Evacuation Pause)
[2024-07-06T06:23:37.250-0700][info][gc,task     ] GC(8) Using 4 workers of 4 for evacuation
[2024-07-06T06:23:37.735-0700][info][gc,phases   ] GC(8)   Pre Evacuate Collection Set: 1.0ms
[2024-07-06T06:23:37.735-0700][info][gc,phases   ] GC(8)   Merge Heap Roots: 0.8ms
[2024-07-06T06:23:37.735-0700][info][gc,phases   ] GC(8)   Evacuate Collection Set: 482.2ms
[2024-07-06T06:23:37.735-0700][info][gc,phases   ] GC(8)   Post Evacuate Collection Set: 0.8ms
[2024-07-06T06:23:37.735-0700][info][gc,phases   ] GC(8)   Other: 0.2ms
[2024-07-06T06:23:37.735-0700][info][gc,heap     ] GC(8) Eden regions: 357->0(357)
[2024-07-06T06:23:37.735-0700][info][gc,heap     ] GC(8) Survivor regions: 52->52(52)
[2024-07-06T06:23:37.735-0700][info][gc,heap     ] GC(8) Old regions: 2459->2793
[2024-07-06T06:23:37.735-0700][info][gc,heap     ] GC(8) Archive regions: 2->2
[2024-07-06T06:23:37.735-0700][info][gc,heap     ] GC(8) Humongous regions: 26->26
[2024-07-06T06:23:37.735-0700][info][gc,metaspace] GC(8) Metaspace: 301K(512K)->301K(512K) NonClass: 294K(384K)->294K(384K) Class: 7K(128K)->7K(128K)
[2024-07-06T06:23:37.735-0700][info][gc          ] GC(8) Pause Young (Normal) (G1 Evacuation Pause) 5789M->5743M(16384M) 485.005ms
[2024-07-06T06:23:37.735-0700][info][gc,cpu      ] GC(8) User=0.61s Sys=0.77s Real=0.48s
[2024-07-06T06:37:07.875-0700][info][gc,start    ] GC(9) Pause Young (Normal) (G1 Evacuation Pause)
[2024-07-06T06:37:07.875-0700][info][gc,task     ] GC(9) Using 4 workers of 4 for evacuation
[2024-07-06T06:37:08.293-0700][info][gc,phases   ] GC(9)   Pre Evacuate Collection Set: 1.1ms
[2024-07-06T06:37:08.293-0700][info][gc,phases   ] GC(9)   Merge Heap Roots: 0.6ms
[2024-07-06T06:37:08.293-0700][info][gc,phases   ] GC(9)   Evacuate Collection Set: 415.1ms
[2024-07-06T06:37:08.293-0700][info][gc,phases   ] GC(9)   Post Evacuate Collection Set: 0.8ms
[2024-07-06T06:37:08.293-0700][info][gc,phases   ] GC(9)   Other: 0.2ms
[2024-07-06T06:37:08.293-0700][info][gc,heap     ] GC(9) Eden regions: 357->0(357)
[2024-07-06T06:37:08.293-0700][info][gc,heap     ] GC(9) Survivor regions: 52->52(52)
[2024-07-06T06:37:08.293-0700][info][gc,heap     ] GC(9) Old regions: 2793->3127
[2024-07-06T06:37:08.293-0700][info][gc,heap     ] GC(9) Archive regions: 2->2
[2024-07-06T06:37:08.293-0700][info][gc,heap     ] GC(9) Humongous regions: 26->26
[2024-07-06T06:37:08.293-0700][info][gc,metaspace] GC(9) Metaspace: 301K(512K)->301K(512K) NonClass: 294K(384K)->294K(384K) Class: 7K(128K)->7K(128K)
[2024-07-06T06:37:08.293-0700][info][gc          ] GC(9) Pause Young (Normal) (G1 Evacuation Pause) 6457M->6411M(16384M) 417.874ms
[2024-07-06T06:37:08.293-0700][info][gc,cpu      ] GC(9) User=0.70s Sys=0.91s Real=0.41s
[2024-07-06T06:49:25.979-0700][info][gc,start    ] GC(10) Pause Young (Normal) (G1 Evacuation Pause)
[2024-07-06T06:49:25.979-0700][info][gc,task     ] GC(10) Using 4 workers of 4 for evacuation
[2024-07-06T06:49:26.390-0700][info][gc,phases   ] GC(10)   Pre Evacuate Collection Set: 1.0ms
[2024-07-06T06:49:26.390-0700][info][gc,phases   ] GC(10)   Merge Heap Roots: 0.7ms
[2024-07-06T06:49:26.390-0700][info][gc,phases   ] GC(10)   Evacuate Collection Set: 408.4ms
[2024-07-06T06:49:26.390-0700][info][gc,phases   ] GC(10)   Post Evacuate Collection Set: 0.7ms
[2024-07-06T06:49:26.390-0700][info][gc,phases   ] GC(10)   Other: 0.2ms
[2024-07-06T06:49:26.390-0700][info][gc,heap     ] GC(10) Eden regions: 357->0(357)
[2024-07-06T06:49:26.390-0700][info][gc,heap     ] GC(10) Survivor regions: 52->52(52)
[2024-07-06T06:49:26.390-0700][info][gc,heap     ] GC(10) Old regions: 3127->3463
[2024-07-06T06:49:26.390-0700][info][gc,heap     ] GC(10) Archive regions: 2->2
[2024-07-06T06:49:26.390-0700][info][gc,heap     ] GC(10) Humongous regions: 26->26
[2024-07-06T06:49:26.390-0700][info][gc,metaspace] GC(10) Metaspace: 305K(512K)->305K(512K) NonClass: 297K(384K)->297K(384K) Class: 7K(128K)->7K(128K)
[2024-07-06T06:49:26.390-0700][info][gc          ] GC(10) Pause Young (Normal) (G1 Evacuation Pause) 7125M->7082M(16384M) 410.855ms
[2024-07-06T06:49:26.390-0700][info][gc,cpu      ] GC(10) User=0.77s Sys=0.80s Real=0.41s
[2024-07-06T07:03:05.237-0700][info][gc,start    ] GC(11) Pause Young (Normal) (G1 Evacuation Pause)
[2024-07-06T07:03:05.237-0700][info][gc,task     ] GC(11) Using 4 workers of 4 for evacuation
[2024-07-06T07:03:05.623-0700][info][gc,phases   ] GC(11)   Pre Evacuate Collection Set: 0.8ms
[2024-07-06T07:03:05.623-0700][info][gc,phases   ] GC(11)   Merge Heap Roots: 0.6ms
[2024-07-06T07:03:05.623-0700][info][gc,phases   ] GC(11)   Evacuate Collection Set: 384.1ms
[2024-07-06T07:03:05.623-0700][info][gc,phases   ] GC(11)   Post Evacuate Collection Set: 0.7ms
[2024-07-06T07:03:05.623-0700][info][gc,phases   ] GC(11)   Other: 0.1ms
[2024-07-06T07:03:05.623-0700][info][gc,heap     ] GC(11) Eden regions: 357->0(357)
[2024-07-06T07:03:05.623-0700][info][gc,heap     ] GC(11) Survivor regions: 52->52(52)
[2024-07-06T07:03:05.623-0700][info][gc,heap     ] GC(11) Old regions: 3463->3812
[2024-07-06T07:03:05.623-0700][info][gc,heap     ] GC(11) Archive regions: 2->2
[2024-07-06T07:03:05.623-0700][info][gc,heap     ] GC(11) Humongous regions: 38->38
[2024-07-06T07:03:05.623-0700][info][gc,metaspace] GC(11) Metaspace: 305K(512K)->305K(512K) NonClass: 297K(384K)->297K(384K) Class: 7K(128K)->7K(128K)
[2024-07-06T07:03:05.623-0700][info][gc          ] GC(11) Pause Young (Normal) (G1 Evacuation Pause) 7820M->7805M(16384M) 386.281ms
[2024-07-06T07:03:05.623-0700][info][gc,cpu      ] GC(11) User=0.71s Sys=0.80s Real=0.39s
[2024-07-06T07:17:43.967-0700][info][gc,start    ] GC(12) Pause Young (Concurrent Start) (G1 Evacuation Pause)
[2024-07-06T07:17:43.967-0700][info][gc,task     ] GC(12) Using 4 workers of 4 for evacuation
[2024-07-06T07:17:46.214-0700][info][gc,mmu      ] GC(12) MMU target violated: 501.0ms (500.0ms/501.0ms)
[2024-07-06T07:17:46.214-0700][info][gc,phases   ] GC(12)   Pre Evacuate Collection Set: 0.8ms
[2024-07-06T07:17:46.214-0700][info][gc,phases   ] GC(12)   Merge Heap Roots: 0.5ms
[2024-07-06T07:17:46.214-0700][info][gc,phases   ] GC(12)   Evacuate Collection Set: 2244.4ms
[2024-07-06T07:17:46.214-0700][info][gc,phases   ] GC(12)   Post Evacuate Collection Set: 0.7ms
[2024-07-06T07:17:46.214-0700][info][gc,phases   ] GC(12)   Other: 0.7ms
[2024-07-06T07:17:46.214-0700][info][gc,heap     ] GC(12) Eden regions: 357->0(357)
[2024-07-06T07:17:46.214-0700][info][gc,heap     ] GC(12) Survivor regions: 52->52(52)
[2024-07-06T07:17:46.214-0700][info][gc,heap     ] GC(12) Old regions: 3812->4151
[2024-07-06T07:17:46.214-0700][info][gc,heap     ] GC(12) Archive regions: 2->2
[2024-07-06T07:17:46.214-0700][info][gc,heap     ] GC(12) Humongous regions: 38->38
[2024-07-06T07:17:46.214-0700][info][gc,metaspace] GC(12) Metaspace: 305K(512K)->305K(512K) NonClass: 297K(384K)->297K(384K) Class: 7K(128K)->7K(128K)
[2024-07-06T07:17:46.214-0700][info][gc          ] GC(12) Pause Young (Concurrent Start) (G1 Evacuation Pause) 8519M->8482M(16384M) 2247.139ms
[2024-07-06T07:17:46.214-0700][info][gc,cpu      ] GC(12) User=0.88s Sys=8.09s Real=2.24s
[2024-07-06T07:17:46.214-0700][info][gc          ] GC(13) Concurrent Mark Cycle
[2024-07-06T07:17:46.214-0700][info][gc,marking  ] GC(13) Concurrent Clear Claimed Marks
[2024-07-06T07:17:46.214-0700][info][gc,marking  ] GC(13) Concurrent Clear Claimed Marks 0.008ms
[2024-07-06T07:17:46.214-0700][info][gc,marking  ] GC(13) Concurrent Scan Root Regions
[2024-07-06T07:17:46.252-0700][info][gc,marking  ] GC(13) Concurrent Scan Root Regions 38.013ms
[2024-07-06T07:17:46.252-0700][info][gc,marking  ] GC(13) Concurrent Mark
[2024-07-06T07:17:46.252-0700][info][gc,marking  ] GC(13) Concurrent Mark From Roots
[2024-07-06T07:17:46.252-0700][info][gc,task     ] GC(13) Using 1 workers of 1 for marking
[2024-07-06T07:17:49.082-0700][info][gc,marking  ] GC(13) Concurrent Mark From Roots 2829.579ms
[2024-07-06T07:17:49.082-0700][info][gc,marking  ] GC(13) Concurrent Preclean
[2024-07-06T07:17:49.083-0700][info][gc,marking  ] GC(13) Concurrent Preclean 0.570ms
[2024-07-06T07:18:19.804-0700][info][gc,start    ] GC(13) Pause Remark
[2024-07-06T07:18:19.806-0700][info][gc          ] GC(13) Pause Remark 8492M->8432M(16384M) 2.471ms
[2024-07-06T07:18:19.806-0700][info][gc,cpu      ] GC(13) User=0.00s Sys=0.00s Real=0.00s
[2024-07-06T07:18:19.806-0700][info][gc,marking  ] GC(13) Concurrent Mark 33554.026ms
[2024-07-06T07:18:19.806-0700][info][gc,marking  ] GC(13) Concurrent Rebuild Remembered Sets
[2024-07-06T07:18:21.348-0700][info][gc,marking  ] GC(13) Concurrent Rebuild Remembered Sets 1541.066ms
[2024-07-06T07:18:22.761-0700][info][gc,start    ] GC(13) Pause Cleanup
[2024-07-06T07:18:22.765-0700][info][gc          ] GC(13) Pause Cleanup 8432M->8432M(16384M) 3.927ms
[2024-07-06T07:18:22.765-0700][info][gc,cpu      ] GC(13) User=0.00s Sys=0.01s Real=0.01s
[2024-07-06T07:18:22.766-0700][info][gc,marking  ] GC(13) Concurrent Cleanup for Next Mark
[2024-07-06T07:18:25.454-0700][info][gc,marking  ] GC(13) Concurrent Cleanup for Next Mark 2688.390ms
[2024-07-06T07:18:25.454-0700][info][gc          ] GC(13) Concurrent Mark Cycle 39239.666ms
[2024-07-06T07:30:55.829-0700][info][gc,heap,exit] Heap
[2024-07-06T07:30:55.829-0700][info][gc,heap,exit]  garbage-first heap   total 16777216K, used 9194265K [0x0000000400000000, 0x0000000800000000)
[2024-07-06T07:30:55.829-0700][info][gc,heap,exit]   region size 2048K, 331 young (677888K), 52 survivors (106496K)
[2024-07-06T07:30:55.829-0700][info][gc,heap,exit]  Metaspace       used 306K, committed 512K, reserved 1114112K
[2024-07-06T07:30:55.829-0700][info][gc,heap,exit]   class space    used 7K, committed 128K, reserved 1048576K
