[2024-07-05T10:07:48.585-0700][info][gc] Using G1
[2024-07-05T10:07:48.603-0700][info][gc,init] Version: 17.0.11+1-LTS (release)
[2024-07-05T10:07:48.603-0700][info][gc,init] CPUs: 4 total, 4 available
[2024-07-05T10:07:48.604-0700][info][gc,init] Memory: 15953M
[2024-07-05T10:07:48.604-0700][info][gc,init] Large Page Support: Disabled
[2024-07-05T10:07:48.604-0700][info][gc,init] NUMA Support: Disabled
[2024-07-05T10:07:48.604-0700][info][gc,init] Compressed Oops: Enabled (Zero based)
[2024-07-05T10:07:48.604-0700][info][gc,init] Heap Region Size: 2M
[2024-07-05T10:07:48.604-0700][info][gc,init] Heap Min Capacity: 4G
[2024-07-05T10:07:48.604-0700][info][gc,init] Heap Initial Capacity: 4G
[2024-07-05T10:07:48.604-0700][info][gc,init] Heap Max Capacity: 4G
[2024-07-05T10:07:48.604-0700][info][gc,init] Pre-touch: Disabled
[2024-07-05T10:07:48.604-0700][info][gc,init] Parallel Workers: 4
[2024-07-05T10:07:48.604-0700][info][gc,init] Concurrent Workers: 1
[2024-07-05T10:07:48.604-0700][info][gc,init] Concurrent Refinement Workers: 4
[2024-07-05T10:07:48.604-0700][info][gc,init] Periodic GC: Disabled
[2024-07-05T10:07:48.611-0700][info][gc,metaspace] CDS archive(s) mapped at: [0x00007f91c3000000-0x00007f91c3bbb000-0x00007f91c3bbb000), size 12300288, SharedBaseAddress: 0x00007f91c3000000, ArchiveRelocationMode: 1.
[2024-07-05T10:07:48.611-0700][info][gc,metaspace] Compressed class space mapped at: 0x00007f91c4000000-0x00007f9204000000, reserved size: 1073741824
[2024-07-05T10:07:48.611-0700][info][gc,metaspace] Narrow klass base: 0x00007f91c3000000, Narrow klass shift: 0, Narrow klass range: 0x100000000
[2024-07-05T10:07:49.015-0700][info][gc,start    ] GC(0) Pause Young (Normal) (G1 Evacuation Pause)
[2024-07-05T10:07:49.016-0700][info][gc,task     ] GC(0) Using 4 workers of 4 for evacuation
[2024-07-05T10:07:49.066-0700][info][gc,phases   ] GC(0)   Pre Evacuate Collection Set: 0.3ms
[2024-07-05T10:07:49.066-0700][info][gc,phases   ] GC(0)   Merge Heap Roots: 0.1ms
[2024-07-05T10:07:49.066-0700][info][gc,phases   ] GC(0)   Evacuate Collection Set: 48.7ms
[2024-07-05T10:07:49.066-0700][info][gc,phases   ] GC(0)   Post Evacuate Collection Set: 0.7ms
[2024-07-05T10:07:49.066-0700][info][gc,phases   ] GC(0)   Other: 0.8ms
[2024-07-05T10:07:49.066-0700][info][gc,heap     ] GC(0) Eden regions: 102->0(89)
[2024-07-05T10:07:49.066-0700][info][gc,heap     ] GC(0) Survivor regions: 0->13(13)
[2024-07-05T10:07:49.066-0700][info][gc,heap     ] GC(0) Old regions: 0->39
[2024-07-05T10:07:49.066-0700][info][gc,heap     ] GC(0) Archive regions: 2->2
[2024-07-05T10:07:49.066-0700][info][gc,heap     ] GC(0) Humongous regions: 0->0
[2024-07-05T10:07:49.066-0700][info][gc,metaspace] GC(0) Metaspace: 177K(384K)->177K(384K) NonClass: 170K(256K)->170K(256K) Class: 6K(128K)->6K(128K)
[2024-07-05T10:07:49.066-0700][info][gc          ] GC(0) Pause Young (Normal) (G1 Evacuation Pause) 205M->105M(4096M) 50.773ms
[2024-07-05T10:07:49.066-0700][info][gc,cpu      ] GC(0) User=0.07s Sys=0.12s Real=0.05s
[2024-07-05T10:07:49.725-0700][info][gc,start    ] GC(1) Pause Young (Normal) (G1 Evacuation Pause)
[2024-07-05T10:07:49.725-0700][info][gc,task     ] GC(1) Using 4 workers of 4 for evacuation
[2024-07-05T10:07:49.804-0700][info][gc,phases   ] GC(1)   Pre Evacuate Collection Set: 0.3ms
[2024-07-05T10:07:49.804-0700][info][gc,phases   ] GC(1)   Merge Heap Roots: 0.1ms
[2024-07-05T10:07:49.804-0700][info][gc,phases   ] GC(1)   Evacuate Collection Set: 78.0ms
[2024-07-05T10:07:49.804-0700][info][gc,phases   ] GC(1)   Post Evacuate Collection Set: 0.4ms
[2024-07-05T10:07:49.804-0700][info][gc,phases   ] GC(1)   Other: 0.1ms
[2024-07-05T10:07:49.804-0700][info][gc,heap     ] GC(1) Eden regions: 89->0(89)
[2024-07-05T10:07:49.804-0700][info][gc,heap     ] GC(1) Survivor regions: 13->13(13)
[2024-07-05T10:07:49.804-0700][info][gc,heap     ] GC(1) Old regions: 39->101
[2024-07-05T10:07:49.804-0700][info][gc,heap     ] GC(1) Archive regions: 2->2
[2024-07-05T10:07:49.804-0700][info][gc,heap     ] GC(1) Humongous regions: 0->0
[2024-07-05T10:07:49.804-0700][info][gc,metaspace] GC(1) Metaspace: 188K(384K)->188K(384K) NonClass: 181K(256K)->181K(256K) Class: 6K(128K)->6K(128K)
[2024-07-05T10:07:49.804-0700][info][gc          ] GC(1) Pause Young (Normal) (G1 Evacuation Pause) 283M->228M(4096M) 79.020ms
[2024-07-05T10:07:49.804-0700][info][gc,cpu      ] GC(1) User=0.14s Sys=0.16s Real=0.08s
[2024-07-05T10:07:50.893-0700][info][gc,start    ] GC(2) Pause Young (Normal) (G1 Evacuation Pause)
[2024-07-05T10:07:50.893-0700][info][gc,task     ] GC(2) Using 4 workers of 4 for evacuation
[2024-07-05T10:07:50.993-0700][info][gc,phases   ] GC(2)   Pre Evacuate Collection Set: 0.3ms
[2024-07-05T10:07:50.993-0700][info][gc,phases   ] GC(2)   Merge Heap Roots: 0.1ms
[2024-07-05T10:07:50.993-0700][info][gc,phases   ] GC(2)   Evacuate Collection Set: 98.6ms
[2024-07-05T10:07:50.993-0700][info][gc,phases   ] GC(2)   Post Evacuate Collection Set: 0.5ms
[2024-07-05T10:07:50.993-0700][info][gc,phases   ] GC(2)   Other: 0.1ms
[2024-07-05T10:07:50.993-0700][info][gc,heap     ] GC(2) Eden regions: 89->0(89)
[2024-07-05T10:07:50.993-0700][info][gc,heap     ] GC(2) Survivor regions: 13->13(13)
[2024-07-05T10:07:50.993-0700][info][gc,heap     ] GC(2) Old regions: 101->171
[2024-07-05T10:07:50.993-0700][info][gc,heap     ] GC(2) Archive regions: 2->2
[2024-07-05T10:07:50.993-0700][info][gc,heap     ] GC(2) Humongous regions: 1->1
[2024-07-05T10:07:50.993-0700][info][gc,metaspace] GC(2) Metaspace: 194K(384K)->194K(384K) NonClass: 187K(256K)->187K(256K) Class: 6K(128K)->6K(128K)
[2024-07-05T10:07:50.993-0700][info][gc          ] GC(2) Pause Young (Normal) (G1 Evacuation Pause) 408M->370M(4096M) 99.771ms
[2024-07-05T10:07:50.993-0700][info][gc,cpu      ] GC(2) User=0.13s Sys=0.24s Real=0.10s
[2024-07-05T10:07:52.425-0700][info][gc,start    ] GC(3) Pause Young (Normal) (G1 Evacuation Pause)
[2024-07-05T10:07:52.425-0700][info][gc,task     ] GC(3) Using 4 workers of 4 for evacuation
[2024-07-05T10:07:52.568-0700][info][gc,mmu      ] GC(3) MMU target violated: 101.0ms (100.0ms/101.0ms)
[2024-07-05T10:07:52.568-0700][info][gc,phases   ] GC(3)   Pre Evacuate Collection Set: 0.3ms
[2024-07-05T10:07:52.568-0700][info][gc,phases   ] GC(3)   Merge Heap Roots: 0.1ms
[2024-07-05T10:07:52.568-0700][info][gc,phases   ] GC(3)   Evacuate Collection Set: 141.8ms
[2024-07-05T10:07:52.568-0700][info][gc,phases   ] GC(3)   Post Evacuate Collection Set: 0.5ms
[2024-07-05T10:07:52.568-0700][info][gc,phases   ] GC(3)   Other: 0.1ms
[2024-07-05T10:07:52.568-0700][info][gc,heap     ] GC(3) Eden regions: 89->0(89)
[2024-07-05T10:07:52.568-0700][info][gc,heap     ] GC(3) Survivor regions: 13->13(13)
[2024-07-05T10:07:52.568-0700][info][gc,heap     ] GC(3) Old regions: 171->255
[2024-07-05T10:07:52.568-0700][info][gc,heap     ] GC(3) Archive regions: 2->2
[2024-07-05T10:07:52.568-0700][info][gc,heap     ] GC(3) Humongous regions: 3->3
[2024-07-05T10:07:52.568-0700][info][gc,metaspace] GC(3) Metaspace: 224K(448K)->224K(448K) NonClass: 217K(320K)->217K(320K) Class: 6K(128K)->6K(128K)
[2024-07-05T10:07:52.568-0700][info][gc          ] GC(3) Pause Young (Normal) (G1 Evacuation Pause) 552M->542M(4096M) 142.866ms
[2024-07-05T10:07:52.568-0700][info][gc,cpu      ] GC(3) User=0.14s Sys=0.42s Real=0.14s
[2024-07-05T10:07:54.624-0700][info][gc,start    ] GC(4) Pause Young (Normal) (G1 Evacuation Pause)
[2024-07-05T10:07:54.624-0700][info][gc,task     ] GC(4) Using 4 workers of 4 for evacuation
[2024-07-05T10:07:54.708-0700][info][gc,phases   ] GC(4)   Pre Evacuate Collection Set: 0.3ms
[2024-07-05T10:07:54.708-0700][info][gc,phases   ] GC(4)   Merge Heap Roots: 0.2ms
[2024-07-05T10:07:54.708-0700][info][gc,phases   ] GC(4)   Evacuate Collection Set: 83.4ms
[2024-07-05T10:07:54.708-0700][info][gc,phases   ] GC(4)   Post Evacuate Collection Set: 0.5ms
[2024-07-05T10:07:54.708-0700][info][gc,phases   ] GC(4)   Other: 0.1ms
[2024-07-05T10:07:54.708-0700][info][gc,heap     ] GC(4) Eden regions: 89->0(89)
[2024-07-05T10:07:54.708-0700][info][gc,heap     ] GC(4) Survivor regions: 13->13(13)
[2024-07-05T10:07:54.708-0700][info][gc,heap     ] GC(4) Old regions: 255->336
[2024-07-05T10:07:54.708-0700][info][gc,heap     ] GC(4) Archive regions: 2->2
[2024-07-05T10:07:54.708-0700][info][gc,heap     ] GC(4) Humongous regions: 3->3
[2024-07-05T10:07:54.708-0700][info][gc,metaspace] GC(4) Metaspace: 236K(448K)->236K(448K) NonClass: 229K(320K)->229K(320K) Class: 6K(128K)->6K(128K)
[2024-07-05T10:07:54.708-0700][info][gc          ] GC(4) Pause Young (Normal) (G1 Evacuation Pause) 720M->705M(4096M) 84.536ms
[2024-07-05T10:07:54.708-0700][info][gc,cpu      ] GC(4) User=0.14s Sys=0.19s Real=0.08s
[2024-07-05T10:07:57.272-0700][info][gc,start    ] GC(5) Pause Young (Normal) (G1 Evacuation Pause)
[2024-07-05T10:07:57.272-0700][info][gc,task     ] GC(5) Using 4 workers of 4 for evacuation
[2024-07-05T10:07:57.360-0700][info][gc,phases   ] GC(5)   Pre Evacuate Collection Set: 0.3ms
[2024-07-05T10:07:57.360-0700][info][gc,phases   ] GC(5)   Merge Heap Roots: 0.2ms
[2024-07-05T10:07:57.360-0700][info][gc,phases   ] GC(5)   Evacuate Collection Set: 86.8ms
[2024-07-05T10:07:57.360-0700][info][gc,phases   ] GC(5)   Post Evacuate Collection Set: 0.4ms
[2024-07-05T10:07:57.360-0700][info][gc,phases   ] GC(5)   Other: 0.1ms
[2024-07-05T10:07:57.360-0700][info][gc,heap     ] GC(5) Eden regions: 89->0(89)
[2024-07-05T10:07:57.360-0700][info][gc,heap     ] GC(5) Survivor regions: 13->13(13)
[2024-07-05T10:07:57.360-0700][info][gc,heap     ] GC(5) Old regions: 336->423
[2024-07-05T10:07:57.360-0700][info][gc,heap     ] GC(5) Archive regions: 2->2
[2024-07-05T10:07:57.360-0700][info][gc,heap     ] GC(5) Humongous regions: 5->5
[2024-07-05T10:07:57.360-0700][info][gc,metaspace] GC(5) Metaspace: 256K(448K)->256K(448K) NonClass: 249K(320K)->249K(320K) Class: 6K(128K)->6K(128K)
[2024-07-05T10:07:57.360-0700][info][gc          ] GC(5) Pause Young (Normal) (G1 Evacuation Pause) 887M->882M(4096M) 87.920ms
[2024-07-05T10:07:57.360-0700][info][gc,cpu      ] GC(5) User=0.15s Sys=0.18s Real=0.09s
[2024-07-05T10:08:00.447-0700][info][gc,start    ] GC(6) Pause Young (Normal) (G1 Evacuation Pause)
[2024-07-05T10:08:00.447-0700][info][gc,task     ] GC(6) Using 4 workers of 4 for evacuation
[2024-07-05T10:08:00.530-0700][info][gc,phases   ] GC(6)   Pre Evacuate Collection Set: 0.3ms
[2024-07-05T10:08:00.530-0700][info][gc,phases   ] GC(6)   Merge Heap Roots: 0.1ms
[2024-07-05T10:08:00.530-0700][info][gc,phases   ] GC(6)   Evacuate Collection Set: 82.5ms
[2024-07-05T10:08:00.530-0700][info][gc,phases   ] GC(6)   Post Evacuate Collection Set: 0.5ms
[2024-07-05T10:08:00.530-0700][info][gc,phases   ] GC(6)   Other: 0.1ms
[2024-07-05T10:08:00.530-0700][info][gc,heap     ] GC(6) Eden regions: 89->0(89)
[2024-07-05T10:08:00.530-0700][info][gc,heap     ] GC(6) Survivor regions: 13->13(13)
[2024-07-05T10:08:00.530-0700][info][gc,heap     ] GC(6) Old regions: 423->505
[2024-07-05T10:08:00.530-0700][info][gc,heap     ] GC(6) Archive regions: 2->2
[2024-07-05T10:08:00.530-0700][info][gc,heap     ] GC(6) Humongous regions: 5->5
[2024-07-05T10:08:00.530-0700][info][gc,metaspace] GC(6) Metaspace: 260K(448K)->260K(448K) NonClass: 254K(320K)->254K(320K) Class: 6K(128K)->6K(128K)
[2024-07-05T10:08:00.530-0700][info][gc          ] GC(6) Pause Young (Normal) (G1 Evacuation Pause) 1060M->1047M(4096M) 83.543ms
[2024-07-05T10:08:00.530-0700][info][gc,cpu      ] GC(6) User=0.14s Sys=0.18s Real=0.08s
[2024-07-05T10:08:04.113-0700][info][gc,start    ] GC(7) Pause Young (Normal) (G1 Evacuation Pause)
[2024-07-05T10:08:04.113-0700][info][gc,task     ] GC(7) Using 4 workers of 4 for evacuation
[2024-07-05T10:08:04.201-0700][info][gc,phases   ] GC(7)   Pre Evacuate Collection Set: 0.2ms
[2024-07-05T10:08:04.201-0700][info][gc,phases   ] GC(7)   Merge Heap Roots: 0.1ms
[2024-07-05T10:08:04.201-0700][info][gc,phases   ] GC(7)   Evacuate Collection Set: 87.1ms
[2024-07-05T10:08:04.201-0700][info][gc,phases   ] GC(7)   Post Evacuate Collection Set: 0.4ms
[2024-07-05T10:08:04.201-0700][info][gc,phases   ] GC(7)   Other: 0.1ms
[2024-07-05T10:08:04.201-0700][info][gc,heap     ] GC(7) Eden regions: 89->0(89)
[2024-07-05T10:08:04.201-0700][info][gc,heap     ] GC(7) Survivor regions: 13->13(13)
[2024-07-05T10:08:04.201-0700][info][gc,heap     ] GC(7) Old regions: 505->587
[2024-07-05T10:08:04.201-0700][info][gc,heap     ] GC(7) Archive regions: 2->2
[2024-07-05T10:08:04.201-0700][info][gc,heap     ] GC(7) Humongous regions: 5->5
[2024-07-05T10:08:04.201-0700][info][gc,metaspace] GC(7) Metaspace: 264K(448K)->264K(448K) NonClass: 257K(320K)->257K(320K) Class: 6K(128K)->6K(128K)
[2024-07-05T10:08:04.201-0700][info][gc          ] GC(7) Pause Young (Normal) (G1 Evacuation Pause) 1225M->1211M(4096M) 88.034ms
[2024-07-05T10:08:04.201-0700][info][gc,cpu      ] GC(7) User=0.13s Sys=0.20s Real=0.09s
[2024-07-05T10:08:08.304-0700][info][gc,start    ] GC(8) Pause Young (Normal) (G1 Evacuation Pause)
[2024-07-05T10:08:08.304-0700][info][gc,task     ] GC(8) Using 4 workers of 4 for evacuation
[2024-07-05T10:08:08.399-0700][info][gc,phases   ] GC(8)   Pre Evacuate Collection Set: 0.2ms
[2024-07-05T10:08:08.399-0700][info][gc,phases   ] GC(8)   Merge Heap Roots: 0.1ms
[2024-07-05T10:08:08.399-0700][info][gc,phases   ] GC(8)   Evacuate Collection Set: 93.3ms
[2024-07-05T10:08:08.399-0700][info][gc,phases   ] GC(8)   Post Evacuate Collection Set: 0.5ms
[2024-07-05T10:08:08.399-0700][info][gc,phases   ] GC(8)   Other: 0.1ms
[2024-07-05T10:08:08.399-0700][info][gc,heap     ] GC(8) Eden regions: 89->0(89)
[2024-07-05T10:08:08.399-0700][info][gc,heap     ] GC(8) Survivor regions: 13->13(13)
[2024-07-05T10:08:08.399-0700][info][gc,heap     ] GC(8) Old regions: 587->676
[2024-07-05T10:08:08.399-0700][info][gc,heap     ] GC(8) Archive regions: 2->2
[2024-07-05T10:08:08.399-0700][info][gc,heap     ] GC(8) Humongous regions: 8->8
[2024-07-05T10:08:08.399-0700][info][gc,metaspace] GC(8) Metaspace: 267K(448K)->267K(448K) NonClass: 260K(320K)->260K(320K) Class: 6K(128K)->6K(128K)
[2024-07-05T10:08:08.399-0700][info][gc          ] GC(8) Pause Young (Normal) (G1 Evacuation Pause) 1395M->1394M(4096M) 94.345ms
[2024-07-05T10:08:08.399-0700][info][gc,cpu      ] GC(8) User=0.15s Sys=0.21s Real=0.09s
[2024-07-05T10:08:13.070-0700][info][gc,start    ] GC(9) Pause Young (Normal) (G1 Evacuation Pause)
[2024-07-05T10:08:13.070-0700][info][gc,task     ] GC(9) Using 4 workers of 4 for evacuation
[2024-07-05T10:08:13.161-0700][info][gc,phases   ] GC(9)   Pre Evacuate Collection Set: 0.2ms
[2024-07-05T10:08:13.161-0700][info][gc,phases   ] GC(9)   Merge Heap Roots: 0.1ms
[2024-07-05T10:08:13.161-0700][info][gc,phases   ] GC(9)   Evacuate Collection Set: 89.7ms
[2024-07-05T10:08:13.161-0700][info][gc,phases   ] GC(9)   Post Evacuate Collection Set: 0.3ms
[2024-07-05T10:08:13.161-0700][info][gc,phases   ] GC(9)   Other: 0.1ms
[2024-07-05T10:08:13.161-0700][info][gc,heap     ] GC(9) Eden regions: 89->0(89)
[2024-07-05T10:08:13.161-0700][info][gc,heap     ] GC(9) Survivor regions: 13->13(13)
[2024-07-05T10:08:13.161-0700][info][gc,heap     ] GC(9) Old regions: 676->761
[2024-07-05T10:08:13.161-0700][info][gc,heap     ] GC(9) Archive regions: 2->2
[2024-07-05T10:08:13.161-0700][info][gc,heap     ] GC(9) Humongous regions: 8->8
[2024-07-05T10:08:13.161-0700][info][gc,metaspace] GC(9) Metaspace: 267K(448K)->267K(448K) NonClass: 260K(320K)->260K(320K) Class: 6K(128K)->6K(128K)
[2024-07-05T10:08:13.161-0700][info][gc          ] GC(9) Pause Young (Normal) (G1 Evacuation Pause) 1572M->1564M(4096M) 90.447ms
[2024-07-05T10:08:13.161-0700][info][gc,cpu      ] GC(9) User=0.20s Sys=0.15s Real=0.09s
[2024-07-05T10:08:18.367-0700][info][gc,start    ] GC(10) Pause Young (Normal) (G1 Evacuation Pause)
[2024-07-05T10:08:18.367-0700][info][gc,task     ] GC(10) Using 4 workers of 4 for evacuation
[2024-07-05T10:08:18.455-0700][info][gc,phases   ] GC(10)   Pre Evacuate Collection Set: 0.2ms
[2024-07-05T10:08:18.455-0700][info][gc,phases   ] GC(10)   Merge Heap Roots: 0.1ms
[2024-07-05T10:08:18.455-0700][info][gc,phases   ] GC(10)   Evacuate Collection Set: 87.0ms
[2024-07-05T10:08:18.455-0700][info][gc,phases   ] GC(10)   Post Evacuate Collection Set: 0.3ms
[2024-07-05T10:08:18.455-0700][info][gc,phases   ] GC(10)   Other: 0.1ms
[2024-07-05T10:08:18.455-0700][info][gc,heap     ] GC(10) Eden regions: 89->0(89)
[2024-07-05T10:08:18.455-0700][info][gc,heap     ] GC(10) Survivor regions: 13->13(13)
[2024-07-05T10:08:18.455-0700][info][gc,heap     ] GC(10) Old regions: 761->844
[2024-07-05T10:08:18.455-0700][info][gc,heap     ] GC(10) Archive regions: 2->2
[2024-07-05T10:08:18.455-0700][info][gc,heap     ] GC(10) Humongous regions: 8->8
[2024-07-05T10:08:18.455-0700][info][gc,metaspace] GC(10) Metaspace: 267K(448K)->267K(448K) NonClass: 260K(320K)->260K(320K) Class: 6K(128K)->6K(128K)
[2024-07-05T10:08:18.455-0700][info][gc          ] GC(10) Pause Young (Normal) (G1 Evacuation Pause) 1742M->1731M(4096M) 87.886ms
[2024-07-05T10:08:18.455-0700][info][gc,cpu      ] GC(10) User=0.13s Sys=0.21s Real=0.09s
[2024-07-05T10:08:24.670-0700][info][gc,start    ] GC(11) Pause Young (Normal) (G1 Evacuation Pause)
[2024-07-05T10:08:24.670-0700][info][gc,task     ] GC(11) Using 4 workers of 4 for evacuation
[2024-07-05T10:08:24.760-0700][info][gc,phases   ] GC(11)   Pre Evacuate Collection Set: 0.2ms
[2024-07-05T10:08:24.760-0700][info][gc,phases   ] GC(11)   Merge Heap Roots: 0.1ms
[2024-07-05T10:08:24.760-0700][info][gc,phases   ] GC(11)   Evacuate Collection Set: 89.2ms
[2024-07-05T10:08:24.760-0700][info][gc,phases   ] GC(11)   Post Evacuate Collection Set: 0.4ms
[2024-07-05T10:08:24.760-0700][info][gc,phases   ] GC(11)   Other: 0.1ms
[2024-07-05T10:08:24.760-0700][info][gc,heap     ] GC(11) Eden regions: 89->0(89)
[2024-07-05T10:08:24.760-0700][info][gc,heap     ] GC(11) Survivor regions: 13->13(13)
[2024-07-05T10:08:24.760-0700][info][gc,heap     ] GC(11) Old regions: 844->928
[2024-07-05T10:08:24.760-0700][info][gc,heap     ] GC(11) Archive regions: 2->2
[2024-07-05T10:08:24.760-0700][info][gc,heap     ] GC(11) Humongous regions: 8->8
[2024-07-05T10:08:24.760-0700][info][gc,metaspace] GC(11) Metaspace: 267K(448K)->267K(448K) NonClass: 260K(320K)->260K(320K) Class: 6K(128K)->6K(128K)
[2024-07-05T10:08:24.760-0700][info][gc          ] GC(11) Pause Young (Normal) (G1 Evacuation Pause) 1909M->1899M(4096M) 90.057ms
[2024-07-05T10:08:24.760-0700][info][gc,cpu      ] GC(11) User=0.15s Sys=0.20s Real=0.09s
[2024-07-05T10:08:32.763-0700][info][gc,start    ] GC(12) Pause Young (Concurrent Start) (G1 Evacuation Pause)
[2024-07-05T10:08:32.763-0700][info][gc,task     ] GC(12) Using 4 workers of 4 for evacuation
[2024-07-05T10:08:32.859-0700][info][gc,phases   ] GC(12)   Pre Evacuate Collection Set: 0.2ms
[2024-07-05T10:08:32.859-0700][info][gc,phases   ] GC(12)   Merge Heap Roots: 0.2ms
[2024-07-05T10:08:32.859-0700][info][gc,phases   ] GC(12)   Evacuate Collection Set: 94.9ms
[2024-07-05T10:08:32.859-0700][info][gc,phases   ] GC(12)   Post Evacuate Collection Set: 0.3ms
[2024-07-05T10:08:32.859-0700][info][gc,phases   ] GC(12)   Other: 0.4ms
[2024-07-05T10:08:32.859-0700][info][gc,heap     ] GC(12) Eden regions: 89->0(89)
[2024-07-05T10:08:32.859-0700][info][gc,heap     ] GC(12) Survivor regions: 13->13(13)
[2024-07-05T10:08:32.859-0700][info][gc,heap     ] GC(12) Old regions: 928->1013
[2024-07-05T10:08:32.859-0700][info][gc,heap     ] GC(12) Archive regions: 2->2
[2024-07-05T10:08:32.859-0700][info][gc,heap     ] GC(12) Humongous regions: 8->8
[2024-07-05T10:08:32.859-0700][info][gc,metaspace] GC(12) Metaspace: 276K(512K)->276K(512K) NonClass: 269K(384K)->269K(384K) Class: 6K(128K)->6K(128K)
[2024-07-05T10:08:32.859-0700][info][gc          ] GC(12) Pause Young (Concurrent Start) (G1 Evacuation Pause) 2077M->2068M(4096M) 96.128ms
[2024-07-05T10:08:32.859-0700][info][gc,cpu      ] GC(12) User=0.17s Sys=0.20s Real=0.10s
[2024-07-05T10:08:32.859-0700][info][gc          ] GC(13) Concurrent Mark Cycle
[2024-07-05T10:08:32.859-0700][info][gc,marking  ] GC(13) Concurrent Clear Claimed Marks
[2024-07-05T10:08:32.859-0700][info][gc,marking  ] GC(13) Concurrent Clear Claimed Marks 0.006ms
[2024-07-05T10:08:32.859-0700][info][gc,marking  ] GC(13) Concurrent Scan Root Regions
[2024-07-05T10:08:32.873-0700][info][gc,marking  ] GC(13) Concurrent Scan Root Regions 13.625ms
[2024-07-05T10:08:32.873-0700][info][gc,marking  ] GC(13) Concurrent Mark
[2024-07-05T10:08:32.873-0700][info][gc,marking  ] GC(13) Concurrent Mark From Roots
[2024-07-05T10:08:32.873-0700][info][gc,task     ] GC(13) Using 1 workers of 1 for marking
[2024-07-05T10:08:33.106-0700][info][gc,marking  ] GC(13) Concurrent Mark From Roots 233.592ms
[2024-07-05T10:08:33.106-0700][info][gc,marking  ] GC(13) Concurrent Preclean
[2024-07-05T10:08:33.106-0700][info][gc,marking  ] GC(13) Concurrent Preclean 0.059ms
[2024-07-05T10:08:46.156-0700][info][gc,start    ] GC(13) Pause Remark
[2024-07-05T10:08:46.157-0700][info][gc          ] GC(13) Pause Remark 2076M->2066M(4096M) 1.169ms
[2024-07-05T10:08:46.157-0700][info][gc,cpu      ] GC(13) User=0.00s Sys=0.00s Real=0.00s
[2024-07-05T10:08:46.157-0700][info][gc,marking  ] GC(13) Concurrent Mark 13284.692ms
[2024-07-05T10:08:46.157-0700][info][gc,marking  ] GC(13) Concurrent Rebuild Remembered Sets
[2024-07-05T10:08:46.324-0700][info][gc,marking  ] GC(13) Concurrent Rebuild Remembered Sets 166.173ms
[2024-07-05T10:08:46.348-0700][info][gc,start    ] GC(13) Pause Cleanup
[2024-07-05T10:08:46.349-0700][info][gc          ] GC(13) Pause Cleanup 2076M->2076M(4096M) 0.701ms
[2024-07-05T10:08:46.349-0700][info][gc,cpu      ] GC(13) User=0.00s Sys=0.00s Real=0.00s
[2024-07-05T10:08:46.349-0700][info][gc,marking  ] GC(13) Concurrent Cleanup for Next Mark
[2024-07-05T10:08:46.385-0700][info][gc,marking  ] GC(13) Concurrent Cleanup for Next Mark 35.710ms
[2024-07-05T10:08:46.385-0700][info][gc          ] GC(13) Concurrent Mark Cycle 13525.785ms
[2024-07-05T10:08:54.162-0700][info][gc,start    ] GC(14) Pause Young (Prepare Mixed) (G1 Evacuation Pause)
[2024-07-05T10:08:54.162-0700][info][gc,task     ] GC(14) Using 4 workers of 4 for evacuation
[2024-07-05T10:08:54.248-0700][info][gc,phases   ] GC(14)   Pre Evacuate Collection Set: 0.2ms
[2024-07-05T10:08:54.248-0700][info][gc,phases   ] GC(14)   Merge Heap Roots: 0.1ms
[2024-07-05T10:08:54.248-0700][info][gc,phases   ] GC(14)   Evacuate Collection Set: 85.2ms
[2024-07-05T10:08:54.248-0700][info][gc,phases   ] GC(14)   Post Evacuate Collection Set: 0.3ms
[2024-07-05T10:08:54.248-0700][info][gc,phases   ] GC(14)   Other: 0.1ms
[2024-07-05T10:08:54.248-0700][info][gc,heap     ] GC(14) Eden regions: 89->0(89)
[2024-07-05T10:08:54.248-0700][info][gc,heap     ] GC(14) Survivor regions: 13->13(13)
[2024-07-05T10:08:54.248-0700][info][gc,heap     ] GC(14) Old regions: 1013->1101
[2024-07-05T10:08:54.248-0700][info][gc,heap     ] GC(14) Archive regions: 2->2
[2024-07-05T10:08:54.248-0700][info][gc,heap     ] GC(14) Humongous regions: 7->7
[2024-07-05T10:08:54.248-0700][info][gc,metaspace] GC(14) Metaspace: 279K(512K)->279K(512K) NonClass: 272K(384K)->272K(384K) Class: 6K(128K)->6K(128K)
[2024-07-05T10:08:54.248-0700][info][gc          ] GC(14) Pause Young (Prepare Mixed) (G1 Evacuation Pause) 2244M->2242M(4096M) 86.055ms
[2024-07-05T10:08:54.248-0700][info][gc,cpu      ] GC(14) User=0.16s Sys=0.18s Real=0.09s
[2024-07-05T10:09:02.134-0700][info][gc,start    ] GC(15) Pause Young (Mixed) (G1 Evacuation Pause)
[2024-07-05T10:09:02.134-0700][info][gc,task     ] GC(15) Using 4 workers of 4 for evacuation
[2024-07-05T10:09:02.226-0700][info][gc,phases   ] GC(15)   Pre Evacuate Collection Set: 0.3ms
[2024-07-05T10:09:02.226-0700][info][gc,phases   ] GC(15)   Merge Heap Roots: 0.2ms
[2024-07-05T10:09:02.226-0700][info][gc,phases   ] GC(15)   Evacuate Collection Set: 91.1ms
[2024-07-05T10:09:02.226-0700][info][gc,phases   ] GC(15)   Post Evacuate Collection Set: 0.4ms
[2024-07-05T10:09:02.226-0700][info][gc,phases   ] GC(15)   Other: 0.1ms
[2024-07-05T10:09:02.226-0700][info][gc,heap     ] GC(15) Eden regions: 89->0(89)
[2024-07-05T10:09:02.226-0700][info][gc,heap     ] GC(15) Survivor regions: 13->13(13)
[2024-07-05T10:09:02.226-0700][info][gc,heap     ] GC(15) Old regions: 1101->1134
[2024-07-05T10:09:02.226-0700][info][gc,heap     ] GC(15) Archive regions: 2->2
[2024-07-05T10:09:02.226-0700][info][gc,heap     ] GC(15) Humongous regions: 7->7
[2024-07-05T10:09:02.226-0700][info][gc,metaspace] GC(15) Metaspace: 287K(512K)->287K(512K) NonClass: 281K(384K)->281K(384K) Class: 6K(128K)->6K(128K)
[2024-07-05T10:09:02.226-0700][info][gc          ] GC(15) Pause Young (Mixed) (G1 Evacuation Pause) 2420M->2308M(4096M) 92.138ms
[2024-07-05T10:09:02.226-0700][info][gc,cpu      ] GC(15) User=0.21s Sys=0.15s Real=0.10s
[2024-07-05T10:09:10.019-0700][info][gc,start    ] GC(16) Pause Young (Mixed) (G1 Evacuation Pause)
[2024-07-05T10:09:10.019-0700][info][gc,task     ] GC(16) Using 4 workers of 4 for evacuation
[2024-07-05T10:09:10.090-0700][info][gc,phases   ] GC(16)   Pre Evacuate Collection Set: 0.2ms
[2024-07-05T10:09:10.090-0700][info][gc,phases   ] GC(16)   Merge Heap Roots: 0.1ms
[2024-07-05T10:09:10.090-0700][info][gc,phases   ] GC(16)   Evacuate Collection Set: 69.8ms
[2024-07-05T10:09:10.090-0700][info][gc,phases   ] GC(16)   Post Evacuate Collection Set: 0.4ms
[2024-07-05T10:09:10.090-0700][info][gc,phases   ] GC(16)   Other: 0.1ms
[2024-07-05T10:09:10.090-0700][info][gc,heap     ] GC(16) Eden regions: 89->0(89)
[2024-07-05T10:09:10.090-0700][info][gc,heap     ] GC(16) Survivor regions: 13->13(13)
[2024-07-05T10:09:10.090-0700][info][gc,heap     ] GC(16) Old regions: 1134->1171
[2024-07-05T10:09:10.090-0700][info][gc,heap     ] GC(16) Archive regions: 2->2
[2024-07-05T10:09:10.090-0700][info][gc,heap     ] GC(16) Humongous regions: 7->7
[2024-07-05T10:09:10.090-0700][info][gc,metaspace] GC(16) Metaspace: 287K(512K)->287K(512K) NonClass: 281K(384K)->281K(384K) Class: 6K(128K)->6K(128K)
[2024-07-05T10:09:10.090-0700][info][gc          ] GC(16) Pause Young (Mixed) (G1 Evacuation Pause) 2486M->2383M(4096M) 70.737ms
[2024-07-05T10:09:10.090-0700][info][gc,cpu      ] GC(16) User=0.16s Sys=0.10s Real=0.07s
[2024-07-05T10:09:18.441-0700][info][gc,start    ] GC(17) Pause Young (Mixed) (G1 Evacuation Pause)
[2024-07-05T10:09:18.441-0700][info][gc,task     ] GC(17) Using 4 workers of 4 for evacuation
[2024-07-05T10:09:18.518-0700][info][gc,phases   ] GC(17)   Pre Evacuate Collection Set: 0.3ms
[2024-07-05T10:09:18.518-0700][info][gc,phases   ] GC(17)   Merge Heap Roots: 0.2ms
[2024-07-05T10:09:18.518-0700][info][gc,phases   ] GC(17)   Evacuate Collection Set: 76.6ms
[2024-07-05T10:09:18.518-0700][info][gc,phases   ] GC(17)   Post Evacuate Collection Set: 0.6ms
[2024-07-05T10:09:18.518-0700][info][gc,phases   ] GC(17)   Other: 0.1ms
[2024-07-05T10:09:18.518-0700][info][gc,heap     ] GC(17) Eden regions: 89->0(89)
[2024-07-05T10:09:18.518-0700][info][gc,heap     ] GC(17) Survivor regions: 13->13(13)
[2024-07-05T10:09:18.518-0700][info][gc,heap     ] GC(17) Old regions: 1171->1213
[2024-07-05T10:09:18.518-0700][info][gc,heap     ] GC(17) Archive regions: 2->2
[2024-07-05T10:09:18.518-0700][info][gc,heap     ] GC(17) Humongous regions: 7->7
[2024-07-05T10:09:18.518-0700][info][gc,metaspace] GC(17) Metaspace: 293K(512K)->293K(512K) NonClass: 286K(384K)->286K(384K) Class: 6K(128K)->6K(128K)
[2024-07-05T10:09:18.518-0700][info][gc          ] GC(17) Pause Young (Mixed) (G1 Evacuation Pause) 2561M->2466M(4096M) 77.868ms
[2024-07-05T10:09:18.518-0700][info][gc,cpu      ] GC(17) User=0.20s Sys=0.10s Real=0.08s
[2024-07-05T10:09:28.955-0700][info][gc,start    ] GC(18) Pause Young (Mixed) (G1 Evacuation Pause)
[2024-07-05T10:09:28.955-0700][info][gc,task     ] GC(18) Using 4 workers of 4 for evacuation
[2024-07-05T10:09:29.028-0700][info][gc,phases   ] GC(18)   Pre Evacuate Collection Set: 0.3ms
[2024-07-05T10:09:29.028-0700][info][gc,phases   ] GC(18)   Merge Heap Roots: 0.2ms
[2024-07-05T10:09:29.028-0700][info][gc,phases   ] GC(18)   Evacuate Collection Set: 72.2ms
[2024-07-05T10:09:29.028-0700][info][gc,phases   ] GC(18)   Post Evacuate Collection Set: 0.5ms
[2024-07-05T10:09:29.028-0700][info][gc,phases   ] GC(18)   Other: 0.1ms
[2024-07-05T10:09:29.028-0700][info][gc,heap     ] GC(18) Eden regions: 89->0(89)
[2024-07-05T10:09:29.028-0700][info][gc,heap     ] GC(18) Survivor regions: 13->13(13)
[2024-07-05T10:09:29.028-0700][info][gc,heap     ] GC(18) Old regions: 1213->1255
[2024-07-05T10:09:29.028-0700][info][gc,heap     ] GC(18) Archive regions: 2->2
[2024-07-05T10:09:29.028-0700][info][gc,heap     ] GC(18) Humongous regions: 7->7
[2024-07-05T10:09:29.028-0700][info][gc,metaspace] GC(18) Metaspace: 293K(512K)->293K(512K) NonClass: 286K(384K)->286K(384K) Class: 6K(128K)->6K(128K)
[2024-07-05T10:09:29.028-0700][info][gc          ] GC(18) Pause Young (Mixed) (G1 Evacuation Pause) 2644M->2550M(4096M) 73.368ms
[2024-07-05T10:09:29.028-0700][info][gc,cpu      ] GC(18) User=0.15s Sys=0.12s Real=0.08s
[2024-07-05T10:09:39.199-0700][info][gc,start    ] GC(19) Pause Young (Mixed) (G1 Evacuation Pause)
[2024-07-05T10:09:39.199-0700][info][gc,task     ] GC(19) Using 4 workers of 4 for evacuation
[2024-07-05T10:09:39.278-0700][info][gc,phases   ] GC(19)   Pre Evacuate Collection Set: 0.2ms
[2024-07-05T10:09:39.278-0700][info][gc,phases   ] GC(19)   Merge Heap Roots: 0.2ms
[2024-07-05T10:09:39.278-0700][info][gc,phases   ] GC(19)   Evacuate Collection Set: 77.5ms
[2024-07-05T10:09:39.278-0700][info][gc,phases   ] GC(19)   Post Evacuate Collection Set: 0.5ms
[2024-07-05T10:09:39.278-0700][info][gc,phases   ] GC(19)   Other: 0.1ms
[2024-07-05T10:09:39.278-0700][info][gc,heap     ] GC(19) Eden regions: 89->0(89)
[2024-07-05T10:09:39.278-0700][info][gc,heap     ] GC(19) Survivor regions: 13->13(13)
[2024-07-05T10:09:39.278-0700][info][gc,heap     ] GC(19) Old regions: 1255->1302
[2024-07-05T10:09:39.278-0700][info][gc,heap     ] GC(19) Archive regions: 2->2
[2024-07-05T10:09:39.278-0700][info][gc,heap     ] GC(19) Humongous regions: 7->7
[2024-07-05T10:09:39.278-0700][info][gc,metaspace] GC(19) Metaspace: 293K(512K)->293K(512K) NonClass: 286K(384K)->286K(384K) Class: 6K(128K)->6K(128K)
[2024-07-05T10:09:39.278-0700][info][gc          ] GC(19) Pause Young (Mixed) (G1 Evacuation Pause) 2728M->2644M(4096M) 78.542ms
[2024-07-05T10:09:39.278-0700][info][gc,cpu      ] GC(19) User=0.18s Sys=0.12s Real=0.08s
[2024-07-05T10:09:49.990-0700][info][gc,start    ] GC(20) Pause Young (Mixed) (G1 Evacuation Pause)
[2024-07-05T10:09:49.990-0700][info][gc,task     ] GC(20) Using 4 workers of 4 for evacuation
[2024-07-05T10:09:50.077-0700][info][gc,phases   ] GC(20)   Pre Evacuate Collection Set: 0.3ms
[2024-07-05T10:09:50.077-0700][info][gc,phases   ] GC(20)   Merge Heap Roots: 0.2ms
[2024-07-05T10:09:50.077-0700][info][gc,phases   ] GC(20)   Evacuate Collection Set: 85.7ms
[2024-07-05T10:09:50.077-0700][info][gc,phases   ] GC(20)   Post Evacuate Collection Set: 0.5ms
[2024-07-05T10:09:50.077-0700][info][gc,phases   ] GC(20)   Other: 0.1ms
[2024-07-05T10:09:50.077-0700][info][gc,heap     ] GC(20) Eden regions: 89->0(89)
[2024-07-05T10:09:50.077-0700][info][gc,heap     ] GC(20) Survivor regions: 13->13(13)
[2024-07-05T10:09:50.077-0700][info][gc,heap     ] GC(20) Old regions: 1302->1352
[2024-07-05T10:09:50.077-0700][info][gc,heap     ] GC(20) Archive regions: 2->2
[2024-07-05T10:09:50.077-0700][info][gc,heap     ] GC(20) Humongous regions: 7->7
[2024-07-05T10:09:50.077-0700][info][gc,metaspace] GC(20) Metaspace: 298K(512K)->298K(512K) NonClass: 290K(384K)->290K(384K) Class: 7K(128K)->7K(128K)
[2024-07-05T10:09:50.077-0700][info][gc          ] GC(20) Pause Young (Mixed) (G1 Evacuation Pause) 2822M->2744M(4096M) 86.795ms
[2024-07-05T10:09:50.077-0700][info][gc,cpu      ] GC(20) User=0.19s Sys=0.14s Real=0.09s
[2024-07-05T10:10:01.795-0700][info][gc,start    ] GC(21) Pause Young (Mixed) (G1 Evacuation Pause)
[2024-07-05T10:10:01.795-0700][info][gc,task     ] GC(21) Using 4 workers of 4 for evacuation
[2024-07-05T10:10:01.893-0700][info][gc,phases   ] GC(21)   Pre Evacuate Collection Set: 0.3ms
[2024-07-05T10:10:01.893-0700][info][gc,phases   ] GC(21)   Merge Heap Roots: 0.2ms
[2024-07-05T10:10:01.893-0700][info][gc,phases   ] GC(21)   Evacuate Collection Set: 97.4ms
[2024-07-05T10:10:01.893-0700][info][gc,phases   ] GC(21)   Post Evacuate Collection Set: 0.5ms
[2024-07-05T10:10:01.893-0700][info][gc,phases   ] GC(21)   Other: 0.1ms
[2024-07-05T10:10:01.893-0700][info][gc,heap     ] GC(21) Eden regions: 89->0(89)
[2024-07-05T10:10:01.893-0700][info][gc,heap     ] GC(21) Survivor regions: 13->13(13)
[2024-07-05T10:10:01.893-0700][info][gc,heap     ] GC(21) Old regions: 1352->1407
[2024-07-05T10:10:01.893-0700][info][gc,heap     ] GC(21) Archive regions: 2->2
[2024-07-05T10:10:01.893-0700][info][gc,heap     ] GC(21) Humongous regions: 13->13
[2024-07-05T10:10:01.893-0700][info][gc,metaspace] GC(21) Metaspace: 298K(512K)->298K(512K) NonClass: 290K(384K)->290K(384K) Class: 7K(128K)->7K(128K)
[2024-07-05T10:10:01.893-0700][info][gc          ] GC(21) Pause Young (Mixed) (G1 Evacuation Pause) 2934M->2866M(4096M) 98.583ms
[2024-07-05T10:10:01.893-0700][info][gc,cpu      ] GC(21) User=0.24s Sys=0.13s Real=0.10s
[2024-07-05T10:10:14.231-0700][info][gc,start    ] GC(22) Pause Young (Mixed) (G1 Evacuation Pause)
[2024-07-05T10:10:14.231-0700][info][gc,task     ] GC(22) Using 4 workers of 4 for evacuation
[2024-07-05T10:10:14.325-0700][info][gc,phases   ] GC(22)   Pre Evacuate Collection Set: 0.3ms
[2024-07-05T10:10:14.325-0700][info][gc,phases   ] GC(22)   Merge Heap Roots: 0.2ms
[2024-07-05T10:10:14.325-0700][info][gc,phases   ] GC(22)   Evacuate Collection Set: 92.6ms
[2024-07-05T10:10:14.325-0700][info][gc,phases   ] GC(22)   Post Evacuate Collection Set: 0.5ms
[2024-07-05T10:10:14.325-0700][info][gc,phases   ] GC(22)   Other: 0.1ms
[2024-07-05T10:10:14.325-0700][info][gc,heap     ] GC(22) Eden regions: 89->0(89)
[2024-07-05T10:10:14.325-0700][info][gc,heap     ] GC(22) Survivor regions: 13->13(13)
[2024-07-05T10:10:14.325-0700][info][gc,heap     ] GC(22) Old regions: 1407->1464
[2024-07-05T10:10:14.325-0700][info][gc,heap     ] GC(22) Archive regions: 2->2
[2024-07-05T10:10:14.325-0700][info][gc,heap     ] GC(22) Humongous regions: 13->13
[2024-07-05T10:10:14.325-0700][info][gc,metaspace] GC(22) Metaspace: 298K(512K)->298K(512K) NonClass: 291K(384K)->291K(384K) Class: 7K(128K)->7K(128K)
[2024-07-05T10:10:14.325-0700][info][gc          ] GC(22) Pause Young (Mixed) (G1 Evacuation Pause) 3044M->2981M(4096M) 93.819ms
[2024-07-05T10:10:14.325-0700][info][gc,cpu      ] GC(22) User=0.22s Sys=0.14s Real=0.10s
[2024-07-05T10:10:27.422-0700][info][gc,start    ] GC(23) Pause Young (Concurrent Start) (G1 Evacuation Pause)
[2024-07-05T10:10:27.422-0700][info][gc,task     ] GC(23) Using 4 workers of 4 for evacuation
[2024-07-05T10:10:27.481-0700][info][gc,phases   ] GC(23)   Pre Evacuate Collection Set: 0.2ms
[2024-07-05T10:10:27.481-0700][info][gc,phases   ] GC(23)   Merge Heap Roots: 0.1ms
[2024-07-05T10:10:27.481-0700][info][gc,phases   ] GC(23)   Evacuate Collection Set: 58.4ms
[2024-07-05T10:10:27.481-0700][info][gc,phases   ] GC(23)   Post Evacuate Collection Set: 0.4ms
[2024-07-05T10:10:27.481-0700][info][gc,phases   ] GC(23)   Other: 0.3ms
[2024-07-05T10:10:27.481-0700][info][gc,heap     ] GC(23) Eden regions: 89->0(89)
[2024-07-05T10:10:27.481-0700][info][gc,heap     ] GC(23) Survivor regions: 13->13(13)
[2024-07-05T10:10:27.481-0700][info][gc,heap     ] GC(23) Old regions: 1464->1551
[2024-07-05T10:10:27.481-0700][info][gc,heap     ] GC(23) Archive regions: 2->2
[2024-07-05T10:10:27.481-0700][info][gc,heap     ] GC(23) Humongous regions: 13->13
[2024-07-05T10:10:27.481-0700][info][gc,metaspace] GC(23) Metaspace: 298K(512K)->298K(512K) NonClass: 291K(384K)->291K(384K) Class: 7K(128K)->7K(128K)
[2024-07-05T10:10:27.481-0700][info][gc          ] GC(23) Pause Young (Concurrent Start) (G1 Evacuation Pause) 3159M->3154M(4096M) 59.592ms
[2024-07-05T10:10:27.481-0700][info][gc,cpu      ] GC(23) User=0.16s Sys=0.05s Real=0.06s
[2024-07-05T10:10:27.481-0700][info][gc          ] GC(24) Concurrent Mark Cycle
[2024-07-05T10:10:27.481-0700][info][gc,marking  ] GC(24) Concurrent Clear Claimed Marks
[2024-07-05T10:10:27.481-0700][info][gc,marking  ] GC(24) Concurrent Clear Claimed Marks 0.005ms
[2024-07-05T10:10:27.481-0700][info][gc,marking  ] GC(24) Concurrent Scan Root Regions
[2024-07-05T10:10:27.495-0700][info][gc,marking  ] GC(24) Concurrent Scan Root Regions 13.294ms
[2024-07-05T10:10:27.495-0700][info][gc,marking  ] GC(24) Concurrent Mark
[2024-07-05T10:10:27.495-0700][info][gc,marking  ] GC(24) Concurrent Mark From Roots
[2024-07-05T10:10:27.495-0700][info][gc,task     ] GC(24) Using 1 workers of 1 for marking
[2024-07-05T10:10:27.825-0700][info][gc,marking  ] GC(24) Concurrent Mark From Roots 330.196ms
[2024-07-05T10:10:27.825-0700][info][gc,marking  ] GC(24) Concurrent Preclean
[2024-07-05T10:10:27.825-0700][info][gc,marking  ] GC(24) Concurrent Preclean 0.056ms
[2024-07-05T10:10:44.737-0700][info][gc,start    ] GC(24) Pause Remark
[2024-07-05T10:10:44.738-0700][info][gc          ] GC(24) Pause Remark 3162M->3142M(4096M) 1.440ms
[2024-07-05T10:10:44.738-0700][info][gc,cpu      ] GC(24) User=0.00s Sys=0.00s Real=0.00s
[2024-07-05T10:10:44.738-0700][info][gc,marking  ] GC(24) Concurrent Mark 17243.569ms
[2024-07-05T10:10:44.738-0700][info][gc,marking  ] GC(24) Concurrent Rebuild Remembered Sets
[2024-07-05T10:10:44.918-0700][info][gc,marking  ] GC(24) Concurrent Rebuild Remembered Sets 179.521ms
[2024-07-05T10:10:45.147-0700][info][gc,start    ] GC(24) Pause Cleanup
[2024-07-05T10:10:45.148-0700][info][gc          ] GC(24) Pause Cleanup 3142M->3142M(4096M) 0.987ms
[2024-07-05T10:10:45.148-0700][info][gc,cpu      ] GC(24) User=0.00s Sys=0.00s Real=0.00s
[2024-07-05T10:10:45.148-0700][info][gc,marking  ] GC(24) Concurrent Cleanup for Next Mark
[2024-07-05T10:10:45.173-0700][info][gc,marking  ] GC(24) Concurrent Cleanup for Next Mark 24.201ms
[2024-07-05T10:10:45.173-0700][info][gc          ] GC(24) Concurrent Mark Cycle 17691.582ms
[2024-07-05T10:10:58.189-0700][info][gc,start    ] GC(25) Pause Young (Prepare Mixed) (G1 Evacuation Pause)
[2024-07-05T10:10:58.189-0700][info][gc,task     ] GC(25) Using 4 workers of 4 for evacuation
[2024-07-05T10:10:58.277-0700][info][gc,phases   ] GC(25)   Pre Evacuate Collection Set: 0.3ms
[2024-07-05T10:10:58.277-0700][info][gc,phases   ] GC(25)   Merge Heap Roots: 0.2ms
[2024-07-05T10:10:58.277-0700][info][gc,phases   ] GC(25)   Evacuate Collection Set: 87.5ms
[2024-07-05T10:10:58.277-0700][info][gc,phases   ] GC(25)   Post Evacuate Collection Set: 0.5ms
[2024-07-05T10:10:58.277-0700][info][gc,phases   ] GC(25)   Other: 0.1ms
[2024-07-05T10:10:58.277-0700][info][gc,heap     ] GC(25) Eden regions: 89->0(89)
[2024-07-05T10:10:58.277-0700][info][gc,heap     ] GC(25) Survivor regions: 13->13(13)
[2024-07-05T10:10:58.277-0700][info][gc,heap     ] GC(25) Old regions: 1548->1634
[2024-07-05T10:10:58.277-0700][info][gc,heap     ] GC(25) Archive regions: 2->2
[2024-07-05T10:10:58.277-0700][info][gc,heap     ] GC(25) Humongous regions: 6->6
[2024-07-05T10:10:58.277-0700][info][gc,metaspace] GC(25) Metaspace: 298K(512K)->298K(512K) NonClass: 291K(384K)->291K(384K) Class: 7K(128K)->7K(128K)
[2024-07-05T10:10:58.277-0700][info][gc          ] GC(25) Pause Young (Prepare Mixed) (G1 Evacuation Pause) 3312M->3307M(4096M) 88.585ms
[2024-07-05T10:10:58.277-0700][info][gc,cpu      ] GC(25) User=0.17s Sys=0.17s Real=0.09s
[2024-07-05T10:11:12.877-0700][info][gc,start    ] GC(26) Pause Young (Mixed) (G1 Evacuation Pause)
[2024-07-05T10:11:12.877-0700][info][gc,task     ] GC(26) Using 4 workers of 4 for evacuation
[2024-07-05T10:11:13.000-0700][info][gc,mmu      ] GC(26) MMU target violated: 101.0ms (100.0ms/101.0ms)
[2024-07-05T10:11:13.000-0700][info][gc,phases   ] GC(26)   Pre Evacuate Collection Set: 0.4ms
[2024-07-05T10:11:13.000-0700][info][gc,phases   ] GC(26)   Merge Heap Roots: 0.2ms
[2024-07-05T10:11:13.000-0700][info][gc,phases   ] GC(26)   Evacuate Collection Set: 121.5ms
[2024-07-05T10:11:13.000-0700][info][gc,phases   ] GC(26)   Post Evacuate Collection Set: 0.5ms
[2024-07-05T10:11:13.000-0700][info][gc,phases   ] GC(26)   Other: 0.2ms
[2024-07-05T10:11:13.000-0700][info][gc,heap     ] GC(26) Eden regions: 89->0(89)
[2024-07-05T10:11:13.000-0700][info][gc,heap     ] GC(26) Survivor regions: 13->13(13)
[2024-07-05T10:11:13.000-0700][info][gc,heap     ] GC(26) Old regions: 1634->1649
[2024-07-05T10:11:13.000-0700][info][gc,heap     ] GC(26) Archive regions: 2->2
[2024-07-05T10:11:13.000-0700][info][gc,heap     ] GC(26) Humongous regions: 6->6
[2024-07-05T10:11:13.000-0700][info][gc,metaspace] GC(26) Metaspace: 298K(512K)->298K(512K) NonClass: 291K(384K)->291K(384K) Class: 7K(128K)->7K(128K)
[2024-07-05T10:11:13.000-0700][info][gc          ] GC(26) Pause Young (Mixed) (G1 Evacuation Pause) 3485M->3337M(4096M) 122.737ms
[2024-07-05T10:11:13.000-0700][info][gc,cpu      ] GC(26) User=0.17s Sys=0.30s Real=0.12s
[2024-07-05T10:11:28.474-0700][info][gc,start    ] GC(27) Pause Young (Mixed) (G1 Evacuation Pause)
[2024-07-05T10:11:28.474-0700][info][gc,task     ] GC(27) Using 4 workers of 4 for evacuation
[2024-07-05T10:11:28.548-0700][info][gc,phases   ] GC(27)   Pre Evacuate Collection Set: 0.2ms
[2024-07-05T10:11:28.548-0700][info][gc,phases   ] GC(27)   Merge Heap Roots: 0.2ms
[2024-07-05T10:11:28.548-0700][info][gc,phases   ] GC(27)   Evacuate Collection Set: 72.1ms
[2024-07-05T10:11:28.548-0700][info][gc,phases   ] GC(27)   Post Evacuate Collection Set: 0.9ms
[2024-07-05T10:11:28.548-0700][info][gc,phases   ] GC(27)   Other: 0.1ms
[2024-07-05T10:11:28.548-0700][info][gc,heap     ] GC(27) Eden regions: 89->0(89)
[2024-07-05T10:11:28.548-0700][info][gc,heap     ] GC(27) Survivor regions: 13->13(13)
[2024-07-05T10:11:28.548-0700][info][gc,heap     ] GC(27) Old regions: 1649->1667
[2024-07-05T10:11:28.548-0700][info][gc,heap     ] GC(27) Archive regions: 2->2
[2024-07-05T10:11:28.548-0700][info][gc,heap     ] GC(27) Humongous regions: 6->6
[2024-07-05T10:11:28.548-0700][info][gc,metaspace] GC(27) Metaspace: 298K(512K)->298K(512K) NonClass: 291K(384K)->291K(384K) Class: 7K(128K)->7K(128K)
[2024-07-05T10:11:28.548-0700][info][gc          ] GC(27) Pause Young (Mixed) (G1 Evacuation Pause) 3515M->3372M(4096M) 73.655ms
[2024-07-05T10:11:28.548-0700][info][gc,cpu      ] GC(27) User=0.21s Sys=0.06s Real=0.08s
[2024-07-05T10:11:44.437-0700][info][gc,start    ] GC(28) Pause Young (Mixed) (G1 Evacuation Pause)
[2024-07-05T10:11:44.437-0700][info][gc,task     ] GC(28) Using 4 workers of 4 for evacuation
[2024-07-05T10:11:44.515-0700][info][gc,phases   ] GC(28)   Pre Evacuate Collection Set: 0.4ms
[2024-07-05T10:11:44.515-0700][info][gc,phases   ] GC(28)   Merge Heap Roots: 0.3ms
[2024-07-05T10:11:44.515-0700][info][gc,phases   ] GC(28)   Evacuate Collection Set: 76.3ms
[2024-07-05T10:11:44.515-0700][info][gc,phases   ] GC(28)   Post Evacuate Collection Set: 0.8ms
[2024-07-05T10:11:44.515-0700][info][gc,phases   ] GC(28)   Other: 0.2ms
[2024-07-05T10:11:44.515-0700][info][gc,heap     ] GC(28) Eden regions: 89->0(89)
[2024-07-05T10:11:44.515-0700][info][gc,heap     ] GC(28) Survivor regions: 13->13(13)
[2024-07-05T10:11:44.515-0700][info][gc,heap     ] GC(28) Old regions: 1667->1689
[2024-07-05T10:11:44.515-0700][info][gc,heap     ] GC(28) Archive regions: 2->2
[2024-07-05T10:11:44.515-0700][info][gc,heap     ] GC(28) Humongous regions: 6->6
[2024-07-05T10:11:44.515-0700][info][gc,metaspace] GC(28) Metaspace: 298K(512K)->298K(512K) NonClass: 291K(384K)->291K(384K) Class: 7K(128K)->7K(128K)
[2024-07-05T10:11:44.515-0700][info][gc          ] GC(28) Pause Young (Mixed) (G1 Evacuation Pause) 3550M->3416M(4096M) 77.920ms
[2024-07-05T10:11:44.515-0700][info][gc,cpu      ] GC(28) User=0.20s Sys=0.08s Real=0.08s
[2024-07-05T10:12:01.807-0700][info][gc,start    ] GC(29) Pause Young (Mixed) (G1 Evacuation Pause)
[2024-07-05T10:12:01.807-0700][info][gc,task     ] GC(29) Using 4 workers of 4 for evacuation
[2024-07-05T10:12:01.894-0700][info][gc,phases   ] GC(29)   Pre Evacuate Collection Set: 0.4ms
[2024-07-05T10:12:01.894-0700][info][gc,phases   ] GC(29)   Merge Heap Roots: 0.3ms
[2024-07-05T10:12:01.894-0700][info][gc,phases   ] GC(29)   Evacuate Collection Set: 85.6ms
[2024-07-05T10:12:01.894-0700][info][gc,phases   ] GC(29)   Post Evacuate Collection Set: 0.7ms
[2024-07-05T10:12:01.894-0700][info][gc,phases   ] GC(29)   Other: 0.1ms
[2024-07-05T10:12:01.894-0700][info][gc,heap     ] GC(29) Eden regions: 89->0(89)
[2024-07-05T10:12:01.894-0700][info][gc,heap     ] GC(29) Survivor regions: 13->13(13)
[2024-07-05T10:12:01.894-0700][info][gc,heap     ] GC(29) Old regions: 1689->1715
[2024-07-05T10:12:01.894-0700][info][gc,heap     ] GC(29) Archive regions: 2->2
[2024-07-05T10:12:01.894-0700][info][gc,heap     ] GC(29) Humongous regions: 6->6
[2024-07-05T10:12:01.894-0700][info][gc,metaspace] GC(29) Metaspace: 298K(512K)->298K(512K) NonClass: 291K(384K)->291K(384K) Class: 7K(128K)->7K(128K)
[2024-07-05T10:12:01.894-0700][info][gc          ] GC(29) Pause Young (Mixed) (G1 Evacuation Pause) 3594M->3468M(4096M) 87.249ms
[2024-07-05T10:12:01.894-0700][info][gc,cpu      ] GC(29) User=0.24s Sys=0.08s Real=0.08s
[2024-07-05T10:12:19.551-0700][info][gc,start    ] GC(30) Pause Young (Mixed) (G1 Evacuation Pause)
[2024-07-05T10:12:19.551-0700][info][gc,task     ] GC(30) Using 4 workers of 4 for evacuation
[2024-07-05T10:12:19.633-0700][info][gc,phases   ] GC(30)   Pre Evacuate Collection Set: 0.3ms
[2024-07-05T10:12:19.633-0700][info][gc,phases   ] GC(30)   Merge Heap Roots: 0.2ms
[2024-07-05T10:12:19.633-0700][info][gc,phases   ] GC(30)   Evacuate Collection Set: 80.9ms
[2024-07-05T10:12:19.633-0700][info][gc,phases   ] GC(30)   Post Evacuate Collection Set: 0.5ms
[2024-07-05T10:12:19.633-0700][info][gc,phases   ] GC(30)   Other: 0.1ms
[2024-07-05T10:12:19.633-0700][info][gc,heap     ] GC(30) Eden regions: 89->0(89)
[2024-07-05T10:12:19.633-0700][info][gc,heap     ] GC(30) Survivor regions: 13->13(13)
[2024-07-05T10:12:19.633-0700][info][gc,heap     ] GC(30) Old regions: 1715->1743
[2024-07-05T10:12:19.633-0700][info][gc,heap     ] GC(30) Archive regions: 2->2
[2024-07-05T10:12:19.633-0700][info][gc,heap     ] GC(30) Humongous regions: 6->6
[2024-07-05T10:12:19.633-0700][info][gc,metaspace] GC(30) Metaspace: 298K(512K)->298K(512K) NonClass: 291K(384K)->291K(384K) Class: 7K(128K)->7K(128K)
[2024-07-05T10:12:19.633-0700][info][gc          ] GC(30) Pause Young (Mixed) (G1 Evacuation Pause) 3646M->3525M(4096M) 82.098ms
[2024-07-05T10:12:19.633-0700][info][gc,cpu      ] GC(30) User=0.18s Sys=0.12s Real=0.08s
[2024-07-05T10:12:38.567-0700][info][gc,start    ] GC(31) Pause Young (Mixed) (G1 Evacuation Pause)
[2024-07-05T10:12:38.567-0700][info][gc,task     ] GC(31) Using 4 workers of 4 for evacuation
[2024-07-05T10:12:38.658-0700][info][gc,phases   ] GC(31)   Pre Evacuate Collection Set: 0.3ms
[2024-07-05T10:12:38.658-0700][info][gc,phases   ] GC(31)   Merge Heap Roots: 0.4ms
[2024-07-05T10:12:38.658-0700][info][gc,phases   ] GC(31)   Evacuate Collection Set: 90.0ms
[2024-07-05T10:12:38.658-0700][info][gc,phases   ] GC(31)   Post Evacuate Collection Set: 0.7ms
[2024-07-05T10:12:38.658-0700][info][gc,phases   ] GC(31)   Other: 0.1ms
[2024-07-05T10:12:38.658-0700][info][gc,heap     ] GC(31) Eden regions: 89->0(89)
[2024-07-05T10:12:38.658-0700][info][gc,heap     ] GC(31) Survivor regions: 13->13(13)
[2024-07-05T10:12:38.658-0700][info][gc,heap     ] GC(31) Old regions: 1743->1773
[2024-07-05T10:12:38.658-0700][info][gc,heap     ] GC(31) Archive regions: 2->2
[2024-07-05T10:12:38.658-0700][info][gc,heap     ] GC(31) Humongous regions: 6->6
[2024-07-05T10:12:38.658-0700][info][gc,metaspace] GC(31) Metaspace: 298K(512K)->298K(512K) NonClass: 291K(384K)->291K(384K) Class: 7K(128K)->7K(128K)
[2024-07-05T10:12:38.658-0700][info][gc          ] GC(31) Pause Young (Mixed) (G1 Evacuation Pause) 3703M->3585M(4096M) 91.616ms
[2024-07-05T10:12:38.658-0700][info][gc,cpu      ] GC(31) User=0.24s Sys=0.10s Real=0.09s
[2024-07-05T10:12:56.240-0700][info][gc,start    ] GC(32) Pause Young (Mixed) (G1 Preventive Collection)
[2024-07-05T10:12:56.240-0700][info][gc,task     ] GC(32) Using 4 workers of 4 for evacuation
[2024-07-05T10:12:56.332-0700][info][gc,phases   ] GC(32)   Pre Evacuate Collection Set: 0.3ms
[2024-07-05T10:12:56.332-0700][info][gc,phases   ] GC(32)   Merge Heap Roots: 0.3ms
[2024-07-05T10:12:56.332-0700][info][gc,phases   ] GC(32)   Evacuate Collection Set: 90.0ms
[2024-07-05T10:12:56.332-0700][info][gc,phases   ] GC(32)   Post Evacuate Collection Set: 0.8ms
[2024-07-05T10:12:56.332-0700][info][gc,phases   ] GC(32)   Other: 0.1ms
[2024-07-05T10:12:56.332-0700][info][gc,heap     ] GC(32) Eden regions: 78->0(89)
[2024-07-05T10:12:56.332-0700][info][gc,heap     ] GC(32) Survivor regions: 13->13(13)
[2024-07-05T10:12:56.332-0700][info][gc,heap     ] GC(32) Old regions: 1773->1798
[2024-07-05T10:12:56.332-0700][info][gc,heap     ] GC(32) Archive regions: 2->2
[2024-07-05T10:12:56.332-0700][info][gc,heap     ] GC(32) Humongous regions: 14->14
[2024-07-05T10:12:56.332-0700][info][gc,metaspace] GC(32) Metaspace: 298K(512K)->298K(512K) NonClass: 291K(384K)->291K(384K) Class: 7K(128K)->7K(128K)
[2024-07-05T10:12:56.332-0700][info][gc          ] GC(32) Pause Young (Mixed) (G1 Preventive Collection) 3757M->3649M(4096M) 91.568ms
[2024-07-05T10:12:56.332-0700][info][gc,cpu      ] GC(32) User=0.27s Sys=0.08s Real=0.09s
[2024-07-05T10:13:11.671-0700][info][gc,start    ] GC(33) Pause Young (Mixed) (G1 Preventive Collection)
[2024-07-05T10:13:11.671-0700][info][gc,task     ] GC(33) Using 4 workers of 4 for evacuation
[2024-07-05T10:13:11.752-0700][info][gc,phases   ] GC(33)   Pre Evacuate Collection Set: 0.3ms
[2024-07-05T10:13:11.752-0700][info][gc,phases   ] GC(33)   Merge Heap Roots: 0.3ms
[2024-07-05T10:13:11.752-0700][info][gc,phases   ] GC(33)   Evacuate Collection Set: 79.8ms
[2024-07-05T10:13:11.752-0700][info][gc,phases   ] GC(33)   Post Evacuate Collection Set: 0.6ms
[2024-07-05T10:13:11.752-0700][info][gc,phases   ] GC(33)   Other: 0.1ms
[2024-07-05T10:13:11.752-0700][info][gc,heap     ] GC(33) Eden regions: 64->0(89)
[2024-07-05T10:13:11.752-0700][info][gc,heap     ] GC(33) Survivor regions: 13->13(13)
[2024-07-05T10:13:11.752-0700][info][gc,heap     ] GC(33) Old regions: 1798->1817
[2024-07-05T10:13:11.752-0700][info][gc,heap     ] GC(33) Archive regions: 2->2
[2024-07-05T10:13:11.752-0700][info][gc,heap     ] GC(33) Humongous regions: 14->14
[2024-07-05T10:13:11.752-0700][info][gc,metaspace] GC(33) Metaspace: 298K(512K)->298K(512K) NonClass: 291K(384K)->291K(384K) Class: 7K(128K)->7K(128K)
[2024-07-05T10:13:11.752-0700][info][gc          ] GC(33) Pause Young (Mixed) (G1 Preventive Collection) 3777M->3688M(4096M) 81.114ms
[2024-07-05T10:13:11.752-0700][info][gc,cpu      ] GC(33) User=0.19s Sys=0.11s Real=0.08s
[2024-07-05T10:13:34.290-0700][info][gc,start    ] GC(34) Pause Young (Concurrent Start) (G1 Evacuation Pause)
[2024-07-05T10:13:34.290-0700][info][gc,task     ] GC(34) Using 4 workers of 4 for evacuation
[2024-07-05T10:13:34.339-0700][info][gc,phases   ] GC(34)   Pre Evacuate Collection Set: 0.2ms
[2024-07-05T10:13:34.339-0700][info][gc,phases   ] GC(34)   Merge Heap Roots: 0.3ms
[2024-07-05T10:13:34.339-0700][info][gc,phases   ] GC(34)   Evacuate Collection Set: 47.7ms
[2024-07-05T10:13:34.339-0700][info][gc,phases   ] GC(34)   Post Evacuate Collection Set: 0.4ms
[2024-07-05T10:13:34.339-0700][info][gc,phases   ] GC(34)   Other: 0.2ms
[2024-07-05T10:13:34.339-0700][info][gc,heap     ] GC(34) Eden regions: 89->0(89)
[2024-07-05T10:13:34.339-0700][info][gc,heap     ] GC(34) Survivor regions: 13->13(13)
[2024-07-05T10:13:34.339-0700][info][gc,heap     ] GC(34) Old regions: 1817->1904
[2024-07-05T10:13:34.339-0700][info][gc,heap     ] GC(34) Archive regions: 2->2
[2024-07-05T10:13:34.339-0700][info][gc,heap     ] GC(34) Humongous regions: 14->14
[2024-07-05T10:13:34.339-0700][info][gc,metaspace] GC(34) Metaspace: 298K(512K)->298K(512K) NonClass: 291K(384K)->291K(384K) Class: 7K(128K)->7K(128K)
[2024-07-05T10:13:34.339-0700][info][gc          ] GC(34) Pause Young (Concurrent Start) (G1 Evacuation Pause) 3866M->3862M(4096M) 48.923ms
[2024-07-05T10:13:34.339-0700][info][gc,cpu      ] GC(34) User=0.14s Sys=0.03s Real=0.05s
[2024-07-05T10:13:34.339-0700][info][gc          ] GC(35) Concurrent Mark Cycle
[2024-07-05T10:13:34.339-0700][info][gc,marking  ] GC(35) Concurrent Clear Claimed Marks
[2024-07-05T10:13:34.339-0700][info][gc,marking  ] GC(35) Concurrent Clear Claimed Marks 0.006ms
[2024-07-05T10:13:34.339-0700][info][gc,marking  ] GC(35) Concurrent Scan Root Regions
[2024-07-05T10:13:34.352-0700][info][gc,marking  ] GC(35) Concurrent Scan Root Regions 12.744ms
[2024-07-05T10:13:34.352-0700][info][gc,marking  ] GC(35) Concurrent Mark
[2024-07-05T10:13:34.352-0700][info][gc,marking  ] GC(35) Concurrent Mark From Roots
[2024-07-05T10:13:34.352-0700][info][gc,task     ] GC(35) Using 1 workers of 1 for marking
[2024-07-05T10:13:34.911-0700][info][gc,marking  ] GC(35) Concurrent Mark From Roots 558.899ms
[2024-07-05T10:13:34.911-0700][info][gc,marking  ] GC(35) Concurrent Preclean
[2024-07-05T10:13:34.911-0700][info][gc,marking  ] GC(35) Concurrent Preclean 0.064ms
[2024-07-05T10:13:44.422-0700][info][gc,start    ] GC(35) Pause Remark
[2024-07-05T10:13:44.424-0700][info][gc          ] GC(35) Pause Remark 3871M->3859M(4096M) 2.522ms
[2024-07-05T10:13:44.424-0700][info][gc,cpu      ] GC(35) User=0.01s Sys=0.00s Real=0.01s
[2024-07-05T10:13:44.424-0700][info][gc,marking  ] GC(35) Concurrent Mark 10072.776ms
[2024-07-05T10:13:44.424-0700][info][gc,marking  ] GC(35) Concurrent Rebuild Remembered Sets
[2024-07-05T10:13:44.693-0700][info][gc,marking  ] GC(35) Concurrent Rebuild Remembered Sets 268.568ms
[2024-07-05T10:13:44.718-0700][info][gc,start    ] GC(35) Pause Cleanup
[2024-07-05T10:13:44.719-0700][info][gc          ] GC(35) Pause Cleanup 3859M->3859M(4096M) 1.304ms
[2024-07-05T10:13:44.719-0700][info][gc,cpu      ] GC(35) User=0.00s Sys=0.00s Real=0.00s
[2024-07-05T10:13:44.720-0700][info][gc,marking  ] GC(35) Concurrent Cleanup for Next Mark
[2024-07-05T10:13:44.727-0700][info][gc,marking  ] GC(35) Concurrent Cleanup for Next Mark 7.044ms
[2024-07-05T10:13:44.727-0700][info][gc          ] GC(35) Concurrent Mark Cycle 10387.808ms
[2024-07-05T10:13:57.197-0700][info][gc,start    ] GC(36) Pause Young (Prepare Mixed) (G1 Preventive Collection)
[2024-07-05T10:13:57.197-0700][info][gc,task     ] GC(36) Using 4 workers of 4 for evacuation
[2024-07-05T10:13:57.230-0700][info][gc,phases   ] GC(36)   Pre Evacuate Collection Set: 0.5ms
[2024-07-05T10:13:57.230-0700][info][gc,phases   ] GC(36)   Merge Heap Roots: 0.2ms
[2024-07-05T10:13:57.230-0700][info][gc,phases   ] GC(36)   Evacuate Collection Set: 31.4ms
[2024-07-05T10:13:57.230-0700][info][gc,phases   ] GC(36)   Post Evacuate Collection Set: 0.5ms
[2024-07-05T10:13:57.230-0700][info][gc,phases   ] GC(36)   Other: 0.1ms
[2024-07-05T10:13:57.230-0700][info][gc,heap     ] GC(36) Eden regions: 51->0(89)
[2024-07-05T10:13:57.230-0700][info][gc,heap     ] GC(36) Survivor regions: 13->13(13)
[2024-07-05T10:13:57.230-0700][info][gc,heap     ] GC(36) Old regions: 1904->1954
[2024-07-05T10:13:57.230-0700][info][gc,heap     ] GC(36) Archive regions: 2->2
[2024-07-05T10:13:57.230-0700][info][gc,heap     ] GC(36) Humongous regions: 8->8
[2024-07-05T10:13:57.230-0700][info][gc,metaspace] GC(36) Metaspace: 298K(512K)->298K(512K) NonClass: 291K(384K)->291K(384K) Class: 7K(128K)->7K(128K)
[2024-07-05T10:13:57.230-0700][info][gc          ] GC(36) Pause Young (Prepare Mixed) (G1 Preventive Collection) 3952M->3951M(4096M) 32.788ms
[2024-07-05T10:13:57.230-0700][info][gc,cpu      ] GC(36) User=0.11s Sys=0.01s Real=0.03s
[2024-07-05T10:13:57.230-0700][info][gc,start    ] GC(37) Pause Young (Mixed) (G1 Preventive Collection)
[2024-07-05T10:13:57.230-0700][info][gc,task     ] GC(37) Using 4 workers of 4 for evacuation
[2024-07-05T10:13:57.287-0700][info][gc          ] GC(37) To-space exhausted
[2024-07-05T10:13:57.287-0700][info][gc,phases   ] GC(37)   Pre Evacuate Collection Set: 0.3ms
[2024-07-05T10:13:57.287-0700][info][gc,phases   ] GC(37)   Merge Heap Roots: 0.1ms
[2024-07-05T10:13:57.287-0700][info][gc,phases   ] GC(37)   Evacuate Collection Set: 51.0ms
[2024-07-05T10:13:57.287-0700][info][gc,phases   ] GC(37)   Post Evacuate Collection Set: 5.4ms
[2024-07-05T10:13:57.287-0700][info][gc,phases   ] GC(37)   Other: 0.1ms
[2024-07-05T10:13:57.287-0700][info][gc,heap     ] GC(37) Eden regions: 2->0(100)
[2024-07-05T10:13:57.287-0700][info][gc,heap     ] GC(37) Survivor regions: 13->2(13)
[2024-07-05T10:13:57.287-0700][info][gc,heap     ] GC(37) Old regions: 1954->1954
[2024-07-05T10:13:57.287-0700][info][gc,heap     ] GC(37) Archive regions: 2->2
[2024-07-05T10:13:57.287-0700][info][gc,heap     ] GC(37) Humongous regions: 8->8
[2024-07-05T10:13:57.287-0700][info][gc,metaspace] GC(37) Metaspace: 298K(512K)->298K(512K) NonClass: 291K(384K)->291K(384K) Class: 7K(128K)->7K(128K)
[2024-07-05T10:13:57.288-0700][info][gc          ] GC(37) Pause Young (Mixed) (G1 Preventive Collection) 3955M->3929M(4096M) 57.101ms
[2024-07-05T10:13:57.288-0700][info][gc,cpu      ] GC(37) User=0.17s Sys=0.04s Real=0.06s
[2024-07-05T10:14:00.088-0700][info][gc,start    ] GC(38) Pause Young (Mixed) (G1 Preventive Collection)
[2024-07-05T10:14:00.088-0700][info][gc,task     ] GC(38) Using 4 workers of 4 for evacuation
[2024-07-05T10:14:00.148-0700][info][gc          ] GC(38) To-space exhausted
[2024-07-05T10:14:00.148-0700][info][gc,phases   ] GC(38)   Pre Evacuate Collection Set: 0.3ms
[2024-07-05T10:14:00.148-0700][info][gc,phases   ] GC(38)   Merge Heap Roots: 0.3ms
[2024-07-05T10:14:00.148-0700][info][gc,phases   ] GC(38)   Evacuate Collection Set: 52.9ms
[2024-07-05T10:14:00.148-0700][info][gc,phases   ] GC(38)   Post Evacuate Collection Set: 6.4ms
[2024-07-05T10:14:00.148-0700][info][gc,phases   ] GC(38)   Other: 0.1ms
[2024-07-05T10:14:00.148-0700][info][gc,heap     ] GC(38) Eden regions: 10->0(90)
[2024-07-05T10:14:00.148-0700][info][gc,heap     ] GC(38) Survivor regions: 2->12(13)
[2024-07-05T10:14:00.148-0700][info][gc,heap     ] GC(38) Old regions: 1954->1961
[2024-07-05T10:14:00.148-0700][info][gc,heap     ] GC(38) Archive regions: 2->2
[2024-07-05T10:14:00.148-0700][info][gc,heap     ] GC(38) Humongous regions: 8->8
[2024-07-05T10:14:00.148-0700][info][gc,metaspace] GC(38) Metaspace: 298K(512K)->298K(512K) NonClass: 291K(384K)->291K(384K) Class: 7K(128K)->7K(128K)
[2024-07-05T10:14:00.148-0700][info][gc          ] GC(38) Pause Young (Mixed) (G1 Preventive Collection) 3949M->3963M(4096M) 60.059ms
[2024-07-05T10:14:00.148-0700][info][gc,cpu      ] GC(38) User=0.20s Sys=0.02s Real=0.06s
[2024-07-05T10:14:01.590-0700][info][gc,start    ] GC(39) Pause Young (Mixed) (G1 Preventive Collection)
[2024-07-05T10:14:01.590-0700][info][gc,task     ] GC(39) Using 4 workers of 4 for evacuation
[2024-07-05T10:14:01.663-0700][info][gc          ] GC(39) To-space exhausted
[2024-07-05T10:14:01.663-0700][info][gc,phases   ] GC(39)   Pre Evacuate Collection Set: 0.6ms
[2024-07-05T10:14:01.663-0700][info][gc,phases   ] GC(39)   Merge Heap Roots: 0.3ms
[2024-07-05T10:14:01.663-0700][info][gc,phases   ] GC(39)   Evacuate Collection Set: 67.0ms
[2024-07-05T10:14:01.663-0700][info][gc,phases   ] GC(39)   Post Evacuate Collection Set: 5.3ms
[2024-07-05T10:14:01.663-0700][info][gc,phases   ] GC(39)   Other: 0.3ms
[2024-07-05T10:14:01.663-0700][info][gc,heap     ] GC(39) Eden regions: 1->0(101)
[2024-07-05T10:14:01.663-0700][info][gc,heap     ] GC(39) Survivor regions: 12->1(13)
[2024-07-05T10:14:01.663-0700][info][gc,heap     ] GC(39) Old regions: 1961->1963
[2024-07-05T10:14:01.663-0700][info][gc,heap     ] GC(39) Archive regions: 2->2
[2024-07-05T10:14:01.663-0700][info][gc,heap     ] GC(39) Humongous regions: 8->8
[2024-07-05T10:14:01.663-0700][info][gc,metaspace] GC(39) Metaspace: 298K(512K)->298K(512K) NonClass: 291K(384K)->291K(384K) Class: 7K(128K)->7K(128K)
[2024-07-05T10:14:01.663-0700][info][gc          ] GC(39) Pause Young (Mixed) (G1 Preventive Collection) 3965M->3945M(4096M) 73.467ms
[2024-07-05T10:14:01.663-0700][info][gc,cpu      ] GC(39) User=0.23s Sys=0.04s Real=0.08s
[2024-07-05T10:14:01.663-0700][info][gc,start    ] GC(40) Pause Young (Mixed) (G1 Preventive Collection)
[2024-07-05T10:14:01.663-0700][info][gc,task     ] GC(40) Using 4 workers of 4 for evacuation
[2024-07-05T10:14:01.719-0700][info][gc,mmu      ] GC(40) MMU target violated: 100.5ms (100.0ms/101.0ms)
[2024-07-05T10:14:01.719-0700][info][gc          ] GC(40) To-space exhausted
[2024-07-05T10:14:01.719-0700][info][gc,phases   ] GC(40)   Pre Evacuate Collection Set: 0.3ms
[2024-07-05T10:14:01.719-0700][info][gc,phases   ] GC(40)   Merge Heap Roots: 0.2ms
[2024-07-05T10:14:01.719-0700][info][gc,phases   ] GC(40)   Evacuate Collection Set: 52.0ms
[2024-07-05T10:14:01.719-0700][info][gc,phases   ] GC(40)   Post Evacuate Collection Set: 3.4ms
[2024-07-05T10:14:01.719-0700][info][gc,phases   ] GC(40)   Other: 0.1ms
[2024-07-05T10:14:01.719-0700][info][gc,heap     ] GC(40) Eden regions: 1->0(100)
[2024-07-05T10:14:01.719-0700][info][gc,heap     ] GC(40) Survivor regions: 1->2(13)
[2024-07-05T10:14:01.719-0700][info][gc,heap     ] GC(40) Old regions: 1963->1948
[2024-07-05T10:14:01.719-0700][info][gc,heap     ] GC(40) Archive regions: 2->2
[2024-07-05T10:14:01.719-0700][info][gc,heap     ] GC(40) Humongous regions: 8->8
[2024-07-05T10:14:01.719-0700][info][gc,metaspace] GC(40) Metaspace: 298K(512K)->298K(512K) NonClass: 291K(384K)->291K(384K) Class: 7K(128K)->7K(128K)
[2024-07-05T10:14:01.720-0700][info][gc          ] GC(40) Pause Young (Mixed) (G1 Preventive Collection) 3947M->3917M(4096M) 56.120ms
[2024-07-05T10:14:01.720-0700][info][gc,cpu      ] GC(40) User=0.17s Sys=0.03s Real=0.05s
[2024-07-05T10:14:11.921-0700][info][gc,start    ] GC(41) Pause Young (Mixed) (G1 Preventive Collection)
[2024-07-05T10:14:11.921-0700][info][gc,task     ] GC(41) Using 4 workers of 4 for evacuation
[2024-07-05T10:14:11.942-0700][info][gc,phases   ] GC(41)   Pre Evacuate Collection Set: 0.3ms
[2024-07-05T10:14:11.942-0700][info][gc,phases   ] GC(41)   Merge Heap Roots: 0.2ms
[2024-07-05T10:14:11.942-0700][info][gc,phases   ] GC(41)   Evacuate Collection Set: 19.8ms
[2024-07-05T10:14:11.942-0700][info][gc,phases   ] GC(41)   Post Evacuate Collection Set: 0.7ms
[2024-07-05T10:14:11.942-0700][info][gc,phases   ] GC(41)   Other: 0.1ms
[2024-07-05T10:14:11.942-0700][info][gc,heap     ] GC(41) Eden regions: 40->0(89)
[2024-07-05T10:14:11.942-0700][info][gc,heap     ] GC(41) Survivor regions: 2->13(13)
[2024-07-05T10:14:11.942-0700][info][gc,heap     ] GC(41) Old regions: 1948->1977
[2024-07-05T10:14:11.942-0700][info][gc,heap     ] GC(41) Archive regions: 2->2
[2024-07-05T10:14:11.942-0700][info][gc,heap     ] GC(41) Humongous regions: 8->8
[2024-07-05T10:14:11.942-0700][info][gc,metaspace] GC(41) Metaspace: 298K(512K)->298K(512K) NonClass: 291K(384K)->291K(384K) Class: 7K(128K)->7K(128K)
[2024-07-05T10:14:11.942-0700][info][gc          ] GC(41) Pause Young (Mixed) (G1 Preventive Collection) 3997M->3996M(4096M) 21.256ms
[2024-07-05T10:14:11.942-0700][info][gc,cpu      ] GC(41) User=0.06s Sys=0.01s Real=0.02s
[2024-07-05T10:14:15.858-0700][info][gc,start    ] GC(42) Pause Young (Concurrent Start) (G1 Preventive Collection)
[2024-07-05T10:14:15.858-0700][info][gc,task     ] GC(42) Using 4 workers of 4 for evacuation
[2024-07-05T10:14:15.873-0700][info][gc,phases   ] GC(42)   Pre Evacuate Collection Set: 0.3ms
[2024-07-05T10:14:15.873-0700][info][gc,phases   ] GC(42)   Merge Heap Roots: 0.2ms
[2024-07-05T10:14:15.873-0700][info][gc,phases   ] GC(42)   Evacuate Collection Set: 14.0ms
[2024-07-05T10:14:15.873-0700][info][gc,phases   ] GC(42)   Post Evacuate Collection Set: 0.5ms
[2024-07-05T10:14:15.873-0700][info][gc,phases   ] GC(42)   Other: 0.2ms
[2024-07-05T10:14:15.873-0700][info][gc,heap     ] GC(42) Eden regions: 16->0(89)
[2024-07-05T10:14:15.873-0700][info][gc,heap     ] GC(42) Survivor regions: 13->13(13)
[2024-07-05T10:14:15.873-0700][info][gc,heap     ] GC(42) Old regions: 1977->1992
[2024-07-05T10:14:15.873-0700][info][gc,heap     ] GC(42) Archive regions: 2->2
[2024-07-05T10:14:15.873-0700][info][gc,heap     ] GC(42) Humongous regions: 8->8
[2024-07-05T10:14:15.873-0700][info][gc,metaspace] GC(42) Metaspace: 298K(512K)->298K(512K) NonClass: 291K(384K)->291K(384K) Class: 7K(128K)->7K(128K)
[2024-07-05T10:14:15.873-0700][info][gc          ] GC(42) Pause Young (Concurrent Start) (G1 Preventive Collection) 4028M->4027M(4096M) 15.273ms
[2024-07-05T10:14:15.873-0700][info][gc,cpu      ] GC(42) User=0.06s Sys=0.00s Real=0.01s
[2024-07-05T10:14:15.873-0700][info][gc          ] GC(43) Concurrent Mark Cycle
[2024-07-05T10:14:15.873-0700][info][gc,marking  ] GC(43) Concurrent Clear Claimed Marks
[2024-07-05T10:14:15.873-0700][info][gc,marking  ] GC(43) Concurrent Clear Claimed Marks 0.006ms
[2024-07-05T10:14:15.873-0700][info][gc,marking  ] GC(43) Concurrent Scan Root Regions
[2024-07-05T10:14:15.877-0700][info][gc,marking  ] GC(43) Concurrent Scan Root Regions 3.621ms
[2024-07-05T10:14:15.877-0700][info][gc,marking  ] GC(43) Concurrent Mark
[2024-07-05T10:14:15.877-0700][info][gc,marking  ] GC(43) Concurrent Mark From Roots
[2024-07-05T10:14:15.877-0700][info][gc,task     ] GC(43) Using 1 workers of 1 for marking
[2024-07-05T10:14:16.359-0700][info][gc,marking  ] GC(43) Concurrent Mark From Roots 482.696ms
[2024-07-05T10:14:16.359-0700][info][gc,marking  ] GC(43) Concurrent Preclean
[2024-07-05T10:14:16.359-0700][info][gc,marking  ] GC(43) Concurrent Preclean 0.058ms
[2024-07-05T10:14:19.306-0700][info][gc,start    ] GC(43) Pause Remark
[2024-07-05T10:14:19.307-0700][info][gc          ] GC(43) Pause Remark 4032M->4032M(4096M) 1.242ms
[2024-07-05T10:14:19.307-0700][info][gc,cpu      ] GC(43) User=0.00s Sys=0.00s Real=0.00s
[2024-07-05T10:14:19.308-0700][info][gc,marking  ] GC(43) Concurrent Mark 3430.869ms
[2024-07-05T10:14:19.308-0700][info][gc,marking  ] GC(43) Concurrent Rebuild Remembered Sets
[2024-07-05T10:14:19.546-0700][info][gc,marking  ] GC(43) Concurrent Rebuild Remembered Sets 238.116ms
[2024-07-05T10:14:20.272-0700][info][gc,start    ] GC(43) Pause Cleanup
[2024-07-05T10:14:20.273-0700][info][gc          ] GC(43) Pause Cleanup 4032M->4032M(4096M) 1.001ms
[2024-07-05T10:14:20.273-0700][info][gc,cpu      ] GC(43) User=0.00s Sys=0.00s Real=0.00s
[2024-07-05T10:14:20.273-0700][info][gc,marking  ] GC(43) Concurrent Cleanup for Next Mark
[2024-07-05T10:14:20.279-0700][info][gc,marking  ] GC(43) Concurrent Cleanup for Next Mark 5.734ms
[2024-07-05T10:14:20.279-0700][info][gc          ] GC(43) Concurrent Mark Cycle 4406.039ms
[2024-07-05T10:14:21.834-0700][info][gc,start    ] GC(44) Pause Young (Prepare Mixed) (G1 Preventive Collection)
[2024-07-05T10:14:21.834-0700][info][gc,task     ] GC(44) Using 4 workers of 4 for evacuation
[2024-07-05T10:14:21.845-0700][info][gc,phases   ] GC(44)   Pre Evacuate Collection Set: 0.3ms
[2024-07-05T10:14:21.845-0700][info][gc,phases   ] GC(44)   Merge Heap Roots: 0.2ms
[2024-07-05T10:14:21.845-0700][info][gc,phases   ] GC(44)   Evacuate Collection Set: 9.5ms
[2024-07-05T10:14:21.845-0700][info][gc,phases   ] GC(44)   Post Evacuate Collection Set: 0.9ms
[2024-07-05T10:14:21.845-0700][info][gc,phases   ] GC(44)   Other: 0.1ms
[2024-07-05T10:14:21.845-0700][info][gc,heap     ] GC(44) Eden regions: 8->0(93)
[2024-07-05T10:14:21.845-0700][info][gc,heap     ] GC(44) Survivor regions: 13->9(13)
[2024-07-05T10:14:21.845-0700][info][gc,heap     ] GC(44) Old regions: 1992->2005
[2024-07-05T10:14:21.845-0700][info][gc,heap     ] GC(44) Archive regions: 2->2
[2024-07-05T10:14:21.845-0700][info][gc,heap     ] GC(44) Humongous regions: 8->8
[2024-07-05T10:14:21.845-0700][info][gc,metaspace] GC(44) Metaspace: 298K(512K)->298K(512K) NonClass: 291K(384K)->291K(384K) Class: 7K(128K)->7K(128K)
[2024-07-05T10:14:21.845-0700][info][gc          ] GC(44) Pause Young (Prepare Mixed) (G1 Preventive Collection) 4043M->4044M(4096M) 11.070ms
[2024-07-05T10:14:21.845-0700][info][gc,cpu      ] GC(44) User=0.04s Sys=0.00s Real=0.02s
[2024-07-05T10:14:21.846-0700][info][gc,start    ] GC(45) Pause Young (Mixed) (G1 Preventive Collection)
[2024-07-05T10:14:21.846-0700][info][gc,task     ] GC(45) Using 4 workers of 4 for evacuation
[2024-07-05T10:14:21.866-0700][info][gc          ] GC(45) To-space exhausted
[2024-07-05T10:14:21.866-0700][info][gc,phases   ] GC(45)   Pre Evacuate Collection Set: 0.4ms
[2024-07-05T10:14:21.866-0700][info][gc,phases   ] GC(45)   Merge Heap Roots: 0.3ms
[2024-07-05T10:14:21.866-0700][info][gc,phases   ] GC(45)   Evacuate Collection Set: 15.4ms
[2024-07-05T10:14:21.866-0700][info][gc,phases   ] GC(45)   Post Evacuate Collection Set: 3.8ms
[2024-07-05T10:14:21.866-0700][info][gc,phases   ] GC(45)   Other: 0.1ms
[2024-07-05T10:14:21.866-0700][info][gc,heap     ] GC(45) Eden regions: 2->0(100)
[2024-07-05T10:14:21.866-0700][info][gc,heap     ] GC(45) Survivor regions: 9->2(13)
[2024-07-05T10:14:21.866-0700][info][gc,heap     ] GC(45) Old regions: 2005->1962
[2024-07-05T10:14:21.866-0700][info][gc,heap     ] GC(45) Archive regions: 2->2
[2024-07-05T10:14:21.866-0700][info][gc,heap     ] GC(45) Humongous regions: 8->8
[2024-07-05T10:14:21.866-0700][info][gc,metaspace] GC(45) Metaspace: 298K(512K)->298K(512K) NonClass: 291K(384K)->291K(384K) Class: 7K(128K)->7K(128K)
[2024-07-05T10:14:21.866-0700][info][gc          ] GC(45) Pause Young (Mixed) (G1 Preventive Collection) 4048M->3945M(4096M) 20.126ms
[2024-07-05T10:14:21.866-0700][info][gc,cpu      ] GC(45) User=0.06s Sys=0.02s Real=0.02s
[2024-07-05T10:14:25.590-0700][info][gc,start    ] GC(46) Pause Young (Mixed) (G1 Preventive Collection)
[2024-07-05T10:14:25.590-0700][info][gc,task     ] GC(46) Using 4 workers of 4 for evacuation
[2024-07-05T10:14:25.649-0700][info][gc          ] GC(46) To-space exhausted
[2024-07-05T10:14:25.649-0700][info][gc,phases   ] GC(46)   Pre Evacuate Collection Set: 0.5ms
[2024-07-05T10:14:25.649-0700][info][gc,phases   ] GC(46)   Merge Heap Roots: 0.4ms
[2024-07-05T10:14:25.649-0700][info][gc,phases   ] GC(46)   Evacuate Collection Set: 50.8ms
[2024-07-05T10:14:25.649-0700][info][gc,phases   ] GC(46)   Post Evacuate Collection Set: 7.1ms
[2024-07-05T10:14:25.649-0700][info][gc,phases   ] GC(46)   Other: 0.2ms
[2024-07-05T10:14:25.649-0700][info][gc,heap     ] GC(46) Eden regions: 14->0(89)
[2024-07-05T10:14:25.649-0700][info][gc,heap     ] GC(46) Survivor regions: 2->13(13)
[2024-07-05T10:14:25.649-0700][info][gc,heap     ] GC(46) Old regions: 1962->1945
[2024-07-05T10:14:25.649-0700][info][gc,heap     ] GC(46) Archive regions: 2->2
[2024-07-05T10:14:25.649-0700][info][gc,heap     ] GC(46) Humongous regions: 8->8
[2024-07-05T10:14:25.649-0700][info][gc,metaspace] GC(46) Metaspace: 298K(512K)->298K(512K) NonClass: 291K(384K)->291K(384K) Class: 7K(128K)->7K(128K)
[2024-07-05T10:14:25.649-0700][info][gc          ] GC(46) Pause Young (Mixed) (G1 Preventive Collection) 3973M->3933M(4096M) 59.058ms
[2024-07-05T10:14:25.649-0700][info][gc,cpu      ] GC(46) User=0.17s Sys=0.04s Real=0.06s
[2024-07-05T10:14:25.650-0700][info][gc,start    ] GC(47) Pause Young (Mixed) (G1 Preventive Collection)
[2024-07-05T10:14:25.650-0700][info][gc,task     ] GC(47) Using 4 workers of 4 for evacuation
[2024-07-05T10:14:25.727-0700][info][gc,mmu      ] GC(47) MMU target violated: 100.1ms (100.0ms/101.0ms)
[2024-07-05T10:14:25.727-0700][info][gc          ] GC(47) To-space exhausted
[2024-07-05T10:14:25.727-0700][info][gc,phases   ] GC(47)   Pre Evacuate Collection Set: 0.4ms
[2024-07-05T10:14:25.727-0700][info][gc,phases   ] GC(47)   Merge Heap Roots: 0.2ms
[2024-07-05T10:14:25.727-0700][info][gc,phases   ] GC(47)   Evacuate Collection Set: 71.3ms
[2024-07-05T10:14:25.727-0700][info][gc,phases   ] GC(47)   Post Evacuate Collection Set: 5.6ms
[2024-07-05T10:14:25.727-0700][info][gc,phases   ] GC(47)   Other: 0.1ms
[2024-07-05T10:14:25.727-0700][info][gc,heap     ] GC(47) Eden regions: 3->0(102)
[2024-07-05T10:14:25.727-0700][info][gc,heap     ] GC(47) Survivor regions: 13->0(13)
[2024-07-05T10:14:25.727-0700][info][gc,heap     ] GC(47) Old regions: 1945->1957
[2024-07-05T10:14:25.727-0700][info][gc,heap     ] GC(47) Archive regions: 2->2
[2024-07-05T10:14:25.727-0700][info][gc,heap     ] GC(47) Humongous regions: 8->8
[2024-07-05T10:14:25.727-0700][info][gc,metaspace] GC(47) Metaspace: 298K(512K)->298K(512K) NonClass: 291K(384K)->291K(384K) Class: 7K(128K)->7K(128K)
[2024-07-05T10:14:25.727-0700][info][gc          ] GC(47) Pause Young (Mixed) (G1 Preventive Collection) 3939M->3931M(4096M) 77.616ms
[2024-07-05T10:14:25.727-0700][info][gc,cpu      ] GC(47) User=0.22s Sys=0.06s Real=0.08s
[2024-07-05T10:14:33.995-0700][info][gc,start    ] GC(48) Pause Young (Mixed) (G1 Preventive Collection)
[2024-07-05T10:14:33.995-0700][info][gc,task     ] GC(48) Using 4 workers of 4 for evacuation
[2024-07-05T10:14:34.017-0700][info][gc,phases   ] GC(48)   Pre Evacuate Collection Set: 0.3ms
[2024-07-05T10:14:34.017-0700][info][gc,phases   ] GC(48)   Merge Heap Roots: 0.2ms
[2024-07-05T10:14:34.017-0700][info][gc,phases   ] GC(48)   Evacuate Collection Set: 21.1ms
[2024-07-05T10:14:34.017-0700][info][gc,phases   ] GC(48)   Post Evacuate Collection Set: 0.5ms
[2024-07-05T10:14:34.018-0700][info][gc,phases   ] GC(48)   Other: 0.1ms
[2024-07-05T10:14:34.018-0700][info][gc,heap     ] GC(48) Eden regions: 27->0(89)
[2024-07-05T10:14:34.018-0700][info][gc,heap     ] GC(48) Survivor regions: 0->13(13)
[2024-07-05T10:14:34.018-0700][info][gc,heap     ] GC(48) Old regions: 1957->1964
[2024-07-05T10:14:34.018-0700][info][gc,heap     ] GC(48) Archive regions: 2->2
[2024-07-05T10:14:34.018-0700][info][gc,heap     ] GC(48) Humongous regions: 8->8
[2024-07-05T10:14:34.018-0700][info][gc,metaspace] GC(48) Metaspace: 298K(512K)->298K(512K) NonClass: 291K(384K)->291K(384K) Class: 7K(128K)->7K(128K)
[2024-07-05T10:14:34.018-0700][info][gc          ] GC(48) Pause Young (Mixed) (G1 Preventive Collection) 3985M->3970M(4096M) 22.329ms
[2024-07-05T10:14:34.018-0700][info][gc,cpu      ] GC(48) User=0.07s Sys=0.01s Real=0.02s
[2024-07-05T10:14:39.282-0700][info][gc,start    ] GC(49) Pause Young (Concurrent Start) (G1 Preventive Collection)
[2024-07-05T10:14:39.282-0700][info][gc,task     ] GC(49) Using 4 workers of 4 for evacuation
[2024-07-05T10:14:39.299-0700][info][gc,phases   ] GC(49)   Pre Evacuate Collection Set: 0.5ms
[2024-07-05T10:14:39.299-0700][info][gc,phases   ] GC(49)   Merge Heap Roots: 0.3ms
[2024-07-05T10:14:39.299-0700][info][gc,phases   ] GC(49)   Evacuate Collection Set: 15.7ms
[2024-07-05T10:14:39.299-0700][info][gc,phases   ] GC(49)   Post Evacuate Collection Set: 0.6ms
[2024-07-05T10:14:39.299-0700][info][gc,phases   ] GC(49)   Other: 0.2ms
[2024-07-05T10:14:39.299-0700][info][gc,heap     ] GC(49) Eden regions: 22->0(89)
[2024-07-05T10:14:39.299-0700][info][gc,heap     ] GC(49) Survivor regions: 13->13(13)
[2024-07-05T10:14:39.299-0700][info][gc,heap     ] GC(49) Old regions: 1964->1986
[2024-07-05T10:14:39.299-0700][info][gc,heap     ] GC(49) Archive regions: 2->2
[2024-07-05T10:14:39.299-0700][info][gc,heap     ] GC(49) Humongous regions: 8->8
[2024-07-05T10:14:39.299-0700][info][gc,metaspace] GC(49) Metaspace: 298K(512K)->298K(512K) NonClass: 291K(384K)->291K(384K) Class: 7K(128K)->7K(128K)
[2024-07-05T10:14:39.299-0700][info][gc          ] GC(49) Pause Young (Concurrent Start) (G1 Preventive Collection) 4014M->4014M(4096M) 17.414ms
[2024-07-05T10:14:39.299-0700][info][gc,cpu      ] GC(49) User=0.05s Sys=0.01s Real=0.02s
[2024-07-05T10:14:39.299-0700][info][gc          ] GC(50) Concurrent Mark Cycle
[2024-07-05T10:14:39.299-0700][info][gc,marking  ] GC(50) Concurrent Clear Claimed Marks
[2024-07-05T10:14:39.299-0700][info][gc,marking  ] GC(50) Concurrent Clear Claimed Marks 0.006ms
[2024-07-05T10:14:39.299-0700][info][gc,marking  ] GC(50) Concurrent Scan Root Regions
[2024-07-05T10:14:39.304-0700][info][gc,marking  ] GC(50) Concurrent Scan Root Regions 4.428ms
[2024-07-05T10:14:39.304-0700][info][gc,marking  ] GC(50) Concurrent Mark
[2024-07-05T10:14:39.304-0700][info][gc,marking  ] GC(50) Concurrent Mark From Roots
[2024-07-05T10:14:39.304-0700][info][gc,task     ] GC(50) Using 1 workers of 1 for marking
[2024-07-05T10:14:39.789-0700][info][gc,marking  ] GC(50) Concurrent Mark From Roots 485.394ms
[2024-07-05T10:14:39.789-0700][info][gc,marking  ] GC(50) Concurrent Preclean
[2024-07-05T10:14:39.789-0700][info][gc,marking  ] GC(50) Concurrent Preclean 0.058ms
[2024-07-05T10:14:40.715-0700][info][gc,start    ] GC(50) Pause Remark
[2024-07-05T10:14:40.716-0700][info][gc          ] GC(50) Pause Remark 4016M->4016M(4096M) 1.340ms
[2024-07-05T10:14:40.716-0700][info][gc,cpu      ] GC(50) User=0.01s Sys=0.00s Real=0.01s
[2024-07-05T10:14:40.716-0700][info][gc,marking  ] GC(50) Concurrent Mark 1412.456ms
[2024-07-05T10:14:40.716-0700][info][gc,marking  ] GC(50) Concurrent Rebuild Remembered Sets
[2024-07-05T10:14:40.952-0700][info][gc,marking  ] GC(50) Concurrent Rebuild Remembered Sets 235.568ms
[2024-07-05T10:14:40.990-0700][info][gc,start    ] GC(50) Pause Cleanup
[2024-07-05T10:14:40.991-0700][info][gc          ] GC(50) Pause Cleanup 4016M->4016M(4096M) 1.022ms
[2024-07-05T10:14:40.991-0700][info][gc,cpu      ] GC(50) User=0.00s Sys=0.00s Real=0.00s
[2024-07-05T10:14:40.991-0700][info][gc,marking  ] GC(50) Concurrent Cleanup for Next Mark
[2024-07-05T10:14:40.997-0700][info][gc,marking  ] GC(50) Concurrent Cleanup for Next Mark 5.452ms
[2024-07-05T10:14:40.997-0700][info][gc          ] GC(50) Concurrent Mark Cycle 1697.722ms
[2024-07-05T10:14:44.640-0700][info][gc,start    ] GC(51) Pause Young (Prepare Mixed) (G1 Preventive Collection)
[2024-07-05T10:14:44.640-0700][info][gc,task     ] GC(51) Using 4 workers of 4 for evacuation
[2024-07-05T10:14:44.653-0700][info][gc,phases   ] GC(51)   Pre Evacuate Collection Set: 0.3ms
[2024-07-05T10:14:44.653-0700][info][gc,phases   ] GC(51)   Merge Heap Roots: 0.2ms
[2024-07-05T10:14:44.653-0700][info][gc,phases   ] GC(51)   Evacuate Collection Set: 11.2ms
[2024-07-05T10:14:44.653-0700][info][gc,phases   ] GC(51)   Post Evacuate Collection Set: 0.7ms
[2024-07-05T10:14:44.653-0700][info][gc,phases   ] GC(51)   Other: 0.1ms
[2024-07-05T10:14:44.653-0700][info][gc,heap     ] GC(51) Eden regions: 12->0(89)
[2024-07-05T10:14:44.653-0700][info][gc,heap     ] GC(51) Survivor regions: 13->13(13)
[2024-07-05T10:14:44.653-0700][info][gc,heap     ] GC(51) Old regions: 1986->1999
[2024-07-05T10:14:44.653-0700][info][gc,heap     ] GC(51) Archive regions: 2->2
[2024-07-05T10:14:44.653-0700][info][gc,heap     ] GC(51) Humongous regions: 8->8
[2024-07-05T10:14:44.653-0700][info][gc,metaspace] GC(51) Metaspace: 298K(512K)->298K(512K) NonClass: 291K(384K)->291K(384K) Class: 7K(128K)->7K(128K)
[2024-07-05T10:14:44.653-0700][info][gc          ] GC(51) Pause Young (Prepare Mixed) (G1 Preventive Collection) 4038M->4039M(4096M) 12.582ms
[2024-07-05T10:14:44.653-0700][info][gc,cpu      ] GC(51) User=0.05s Sys=0.00s Real=0.01s
[2024-07-05T10:14:44.653-0700][info][gc,start    ] GC(52) Pause Young (Mixed) (G1 Preventive Collection)
[2024-07-05T10:14:44.653-0700][info][gc,task     ] GC(52) Using 4 workers of 4 for evacuation
[2024-07-05T10:14:44.675-0700][info][gc          ] GC(52) To-space exhausted
[2024-07-05T10:14:44.675-0700][info][gc,phases   ] GC(52)   Pre Evacuate Collection Set: 0.3ms
[2024-07-05T10:14:44.675-0700][info][gc,phases   ] GC(52)   Merge Heap Roots: 0.2ms
[2024-07-05T10:14:44.675-0700][info][gc,phases   ] GC(52)   Evacuate Collection Set: 17.9ms
[2024-07-05T10:14:44.675-0700][info][gc,phases   ] GC(52)   Post Evacuate Collection Set: 3.1ms
[2024-07-05T10:14:44.675-0700][info][gc,phases   ] GC(52)   Other: 0.1ms
[2024-07-05T10:14:44.675-0700][info][gc,heap     ] GC(52) Eden regions: 2->0(101)
[2024-07-05T10:14:44.675-0700][info][gc,heap     ] GC(52) Survivor regions: 13->1(13)
[2024-07-05T10:14:44.675-0700][info][gc,heap     ] GC(52) Old regions: 1999->1908
[2024-07-05T10:14:44.675-0700][info][gc,heap     ] GC(52) Archive regions: 2->2
[2024-07-05T10:14:44.675-0700][info][gc,heap     ] GC(52) Humongous regions: 8->8
[2024-07-05T10:14:44.675-0700][info][gc,metaspace] GC(52) Metaspace: 298K(512K)->298K(512K) NonClass: 291K(384K)->291K(384K) Class: 7K(128K)->7K(128K)
[2024-07-05T10:14:44.675-0700][info][gc          ] GC(52) Pause Young (Mixed) (G1 Preventive Collection) 4043M->3835M(4096M) 21.726ms
[2024-07-05T10:14:44.675-0700][info][gc,cpu      ] GC(52) User=0.06s Sys=0.01s Real=0.02s
[2024-07-05T10:14:57.546-0700][info][gc,start    ] GC(53) Pause Young (Mixed) (G1 Preventive Collection)
[2024-07-05T10:14:57.546-0700][info][gc,task     ] GC(53) Using 4 workers of 4 for evacuation
[2024-07-05T10:14:57.619-0700][info][gc          ] GC(53) To-space exhausted
[2024-07-05T10:14:57.619-0700][info][gc,phases   ] GC(53)   Pre Evacuate Collection Set: 0.4ms
[2024-07-05T10:14:57.619-0700][info][gc,phases   ] GC(53)   Merge Heap Roots: 0.2ms
[2024-07-05T10:14:57.619-0700][info][gc,phases   ] GC(53)   Evacuate Collection Set: 66.1ms
[2024-07-05T10:14:57.619-0700][info][gc,phases   ] GC(53)   Post Evacuate Collection Set: 6.0ms
[2024-07-05T10:14:57.619-0700][info][gc,phases   ] GC(53)   Other: 0.1ms
[2024-07-05T10:14:57.619-0700][info][gc,heap     ] GC(53) Eden regions: 44->0(89)
[2024-07-05T10:14:57.619-0700][info][gc,heap     ] GC(53) Survivor regions: 1->13(13)
[2024-07-05T10:14:57.619-0700][info][gc,heap     ] GC(53) Old regions: 1908->1898
[2024-07-05T10:14:57.619-0700][info][gc,heap     ] GC(53) Archive regions: 2->2
[2024-07-05T10:14:57.619-0700][info][gc,heap     ] GC(53) Humongous regions: 8->8
[2024-07-05T10:14:57.619-0700][info][gc,metaspace] GC(53) Metaspace: 298K(512K)->298K(512K) NonClass: 291K(384K)->291K(384K) Class: 7K(128K)->7K(128K)
[2024-07-05T10:14:57.619-0700][info][gc          ] GC(53) Pause Young (Mixed) (G1 Preventive Collection) 3923M->3839M(4096M) 72.931ms
[2024-07-05T10:14:57.619-0700][info][gc,cpu      ] GC(53) User=0.23s Sys=0.04s Real=0.07s
[2024-07-05T10:15:05.865-0700][info][gc,start    ] GC(54) Pause Young (Mixed) (G1 Preventive Collection)
[2024-07-05T10:15:05.865-0700][info][gc,task     ] GC(54) Using 4 workers of 4 for evacuation
[2024-07-05T10:15:05.920-0700][info][gc          ] GC(54) To-space exhausted
[2024-07-05T10:15:05.921-0700][info][gc,phases   ] GC(54)   Pre Evacuate Collection Set: 0.3ms
[2024-07-05T10:15:05.921-0700][info][gc,phases   ] GC(54)   Merge Heap Roots: 0.3ms
[2024-07-05T10:15:05.921-0700][info][gc,phases   ] GC(54)   Evacuate Collection Set: 52.5ms
[2024-07-05T10:15:05.921-0700][info][gc,phases   ] GC(54)   Post Evacuate Collection Set: 2.4ms
[2024-07-05T10:15:05.921-0700][info][gc,phases   ] GC(54)   Other: 0.1ms
[2024-07-05T10:15:05.921-0700][info][gc,heap     ] GC(54) Eden regions: 29->0(89)
[2024-07-05T10:15:05.921-0700][info][gc,heap     ] GC(54) Survivor regions: 13->13(13)
[2024-07-05T10:15:05.921-0700][info][gc,heap     ] GC(54) Old regions: 1898->1921
[2024-07-05T10:15:05.921-0700][info][gc,heap     ] GC(54) Archive regions: 2->2
[2024-07-05T10:15:05.921-0700][info][gc,heap     ] GC(54) Humongous regions: 8->8
[2024-07-05T10:15:05.921-0700][info][gc,metaspace] GC(54) Metaspace: 298K(512K)->298K(512K) NonClass: 291K(384K)->291K(384K) Class: 7K(128K)->7K(128K)
[2024-07-05T10:15:05.921-0700][info][gc          ] GC(54) Pause Young (Mixed) (G1 Preventive Collection) 3897M->3885M(4096M) 55.628ms
[2024-07-05T10:15:05.921-0700][info][gc,cpu      ] GC(54) User=0.17s Sys=0.03s Real=0.05s
[2024-07-05T10:15:18.524-0700][info][gc,start    ] GC(55) Pause Young (Concurrent Start) (G1 Preventive Collection)
[2024-07-05T10:15:18.524-0700][info][gc,task     ] GC(55) Using 4 workers of 4 for evacuation
[2024-07-05T10:15:18.554-0700][info][gc,phases   ] GC(55)   Pre Evacuate Collection Set: 0.4ms
[2024-07-05T10:15:18.554-0700][info][gc,phases   ] GC(55)   Merge Heap Roots: 0.3ms
[2024-07-05T10:15:18.554-0700][info][gc,phases   ] GC(55)   Evacuate Collection Set: 28.4ms
[2024-07-05T10:15:18.554-0700][info][gc,phases   ] GC(55)   Post Evacuate Collection Set: 0.7ms
[2024-07-05T10:15:18.554-0700][info][gc,phases   ] GC(55)   Other: 0.3ms
[2024-07-05T10:15:18.554-0700][info][gc,heap     ] GC(55) Eden regions: 44->0(89)
[2024-07-05T10:15:18.554-0700][info][gc,heap     ] GC(55) Survivor regions: 13->13(13)
[2024-07-05T10:15:18.554-0700][info][gc,heap     ] GC(55) Old regions: 1921->1965
[2024-07-05T10:15:18.554-0700][info][gc,heap     ] GC(55) Archive regions: 2->2
[2024-07-05T10:15:18.554-0700][info][gc,heap     ] GC(55) Humongous regions: 8->8
[2024-07-05T10:15:18.554-0700][info][gc,metaspace] GC(55) Metaspace: 298K(512K)->298K(512K) NonClass: 291K(384K)->291K(384K) Class: 7K(128K)->7K(128K)
[2024-07-05T10:15:18.554-0700][info][gc          ] GC(55) Pause Young (Concurrent Start) (G1 Preventive Collection) 3973M->3972M(4096M) 30.187ms
[2024-07-05T10:15:18.554-0700][info][gc,cpu      ] GC(55) User=0.09s Sys=0.01s Real=0.02s
[2024-07-05T10:15:18.554-0700][info][gc          ] GC(56) Concurrent Mark Cycle
[2024-07-05T10:15:18.554-0700][info][gc,marking  ] GC(56) Concurrent Clear Claimed Marks
[2024-07-05T10:15:18.554-0700][info][gc,marking  ] GC(56) Concurrent Clear Claimed Marks 0.007ms
[2024-07-05T10:15:18.554-0700][info][gc,marking  ] GC(56) Concurrent Scan Root Regions
[2024-07-05T10:15:18.561-0700][info][gc,marking  ] GC(56) Concurrent Scan Root Regions 6.742ms
[2024-07-05T10:15:18.561-0700][info][gc,marking  ] GC(56) Concurrent Mark
[2024-07-05T10:15:18.561-0700][info][gc,marking  ] GC(56) Concurrent Mark From Roots
[2024-07-05T10:15:18.561-0700][info][gc,task     ] GC(56) Using 1 workers of 1 for marking
[2024-07-05T10:15:19.054-0700][info][gc,marking  ] GC(56) Concurrent Mark From Roots 493.268ms
[2024-07-05T10:15:19.055-0700][info][gc,marking  ] GC(56) Concurrent Preclean
[2024-07-05T10:15:19.055-0700][info][gc,marking  ] GC(56) Concurrent Preclean 0.058ms
[2024-07-05T10:15:19.994-0700][info][gc,start    ] GC(56) Pause Remark
[2024-07-05T10:15:19.995-0700][info][gc          ] GC(56) Pause Remark 3980M->3980M(4096M) 1.292ms
[2024-07-05T10:15:19.995-0700][info][gc,cpu      ] GC(56) User=0.00s Sys=0.00s Real=0.00s
[2024-07-05T10:15:19.995-0700][info][gc,marking  ] GC(56) Concurrent Mark 1433.747ms
[2024-07-05T10:15:19.995-0700][info][gc,marking  ] GC(56) Concurrent Rebuild Remembered Sets
[2024-07-05T10:15:20.254-0700][info][gc,marking  ] GC(56) Concurrent Rebuild Remembered Sets 258.605ms
[2024-07-05T10:15:21.291-0700][info][gc,start    ] GC(56) Pause Cleanup
[2024-07-05T10:15:21.292-0700][info][gc          ] GC(56) Pause Cleanup 3980M->3980M(4096M) 0.963ms
[2024-07-05T10:15:21.292-0700][info][gc,cpu      ] GC(56) User=0.00s Sys=0.00s Real=0.00s
[2024-07-05T10:15:21.292-0700][info][gc,marking  ] GC(56) Concurrent Cleanup for Next Mark
[2024-07-05T10:15:21.298-0700][info][gc,marking  ] GC(56) Concurrent Cleanup for Next Mark 5.819ms
[2024-07-05T10:15:21.298-0700][info][gc          ] GC(56) Concurrent Mark Cycle 2743.612ms
[2024-07-05T10:15:26.500-0700][info][gc,start    ] GC(57) Pause Young (Prepare Mixed) (G1 Preventive Collection)
[2024-07-05T10:15:26.500-0700][info][gc,task     ] GC(57) Using 4 workers of 4 for evacuation
[2024-07-05T10:15:26.516-0700][info][gc,phases   ] GC(57)   Pre Evacuate Collection Set: 0.3ms
[2024-07-05T10:15:26.516-0700][info][gc,phases   ] GC(57)   Merge Heap Roots: 0.2ms
[2024-07-05T10:15:26.516-0700][info][gc,phases   ] GC(57)   Evacuate Collection Set: 14.7ms
[2024-07-05T10:15:26.516-0700][info][gc,phases   ] GC(57)   Post Evacuate Collection Set: 0.5ms
[2024-07-05T10:15:26.516-0700][info][gc,phases   ] GC(57)   Other: 0.1ms
[2024-07-05T10:15:26.516-0700][info][gc,heap     ] GC(57) Eden regions: 22->0(89)
[2024-07-05T10:15:26.516-0700][info][gc,heap     ] GC(57) Survivor regions: 13->13(13)
[2024-07-05T10:15:26.516-0700][info][gc,heap     ] GC(57) Old regions: 1965->1987
[2024-07-05T10:15:26.516-0700][info][gc,heap     ] GC(57) Archive regions: 2->2
[2024-07-05T10:15:26.516-0700][info][gc,heap     ] GC(57) Humongous regions: 8->8
[2024-07-05T10:15:26.516-0700][info][gc,metaspace] GC(57) Metaspace: 298K(512K)->298K(512K) NonClass: 291K(384K)->291K(384K) Class: 7K(128K)->7K(128K)
[2024-07-05T10:15:26.516-0700][info][gc          ] GC(57) Pause Young (Prepare Mixed) (G1 Preventive Collection) 4016M->4016M(4096M) 15.816ms
[2024-07-05T10:15:26.516-0700][info][gc,cpu      ] GC(57) User=0.04s Sys=0.00s Real=0.02s
[2024-07-05T10:15:30.054-0700][info][gc,start    ] GC(58) Pause Young (Mixed) (G1 Preventive Collection)
[2024-07-05T10:15:30.054-0700][info][gc,task     ] GC(58) Using 4 workers of 4 for evacuation
[2024-07-05T10:15:30.095-0700][info][gc          ] GC(58) To-space exhausted
[2024-07-05T10:15:30.095-0700][info][gc,phases   ] GC(58)   Pre Evacuate Collection Set: 0.5ms
[2024-07-05T10:15:30.095-0700][info][gc,phases   ] GC(58)   Merge Heap Roots: 0.3ms
[2024-07-05T10:15:30.095-0700][info][gc,phases   ] GC(58)   Evacuate Collection Set: 33.1ms
[2024-07-05T10:15:30.095-0700][info][gc,phases   ] GC(58)   Post Evacuate Collection Set: 6.4ms
[2024-07-05T10:15:30.095-0700][info][gc,phases   ] GC(58)   Other: 0.2ms
[2024-07-05T10:15:30.095-0700][info][gc,heap     ] GC(58) Eden regions: 9->0(102)
[2024-07-05T10:15:30.095-0700][info][gc,heap     ] GC(58) Survivor regions: 13->0(13)
[2024-07-05T10:15:30.095-0700][info][gc,heap     ] GC(58) Old regions: 1987->1956
[2024-07-05T10:15:30.095-0700][info][gc,heap     ] GC(58) Archive regions: 2->2
[2024-07-05T10:15:30.095-0700][info][gc,heap     ] GC(58) Humongous regions: 8->8
[2024-07-05T10:15:30.095-0700][info][gc,metaspace] GC(58) Metaspace: 298K(512K)->298K(512K) NonClass: 291K(384K)->291K(384K) Class: 7K(128K)->7K(128K)
[2024-07-05T10:15:30.095-0700][info][gc          ] GC(58) Pause Young (Mixed) (G1 Preventive Collection) 4034M->3929M(4096M) 40.543ms
[2024-07-05T10:15:30.095-0700][info][gc,cpu      ] GC(58) User=0.13s Sys=0.01s Real=0.04s
[2024-07-05T10:15:36.674-0700][info][gc,start    ] GC(59) Pause Young (Mixed) (G1 Preventive Collection)
[2024-07-05T10:15:36.674-0700][info][gc,task     ] GC(59) Using 4 workers of 4 for evacuation
[2024-07-05T10:15:36.741-0700][info][gc          ] GC(59) To-space exhausted
[2024-07-05T10:15:36.741-0700][info][gc,phases   ] GC(59)   Pre Evacuate Collection Set: 0.3ms
[2024-07-05T10:15:36.741-0700][info][gc,phases   ] GC(59)   Merge Heap Roots: 0.2ms
[2024-07-05T10:15:36.741-0700][info][gc,phases   ] GC(59)   Evacuate Collection Set: 59.8ms
[2024-07-05T10:15:36.741-0700][info][gc,phases   ] GC(59)   Post Evacuate Collection Set: 7.0ms
[2024-07-05T10:15:36.741-0700][info][gc,phases   ] GC(59)   Other: 0.1ms
[2024-07-05T10:15:36.741-0700][info][gc,heap     ] GC(59) Eden regions: 20->0(99)
[2024-07-05T10:15:36.741-0700][info][gc,heap     ] GC(59) Survivor regions: 0->3(13)
[2024-07-05T10:15:36.741-0700][info][gc,heap     ] GC(59) Old regions: 1956->1993
[2024-07-05T10:15:36.741-0700][info][gc,heap     ] GC(59) Archive regions: 2->2
[2024-07-05T10:15:36.741-0700][info][gc,heap     ] GC(59) Humongous regions: 8->8
[2024-07-05T10:15:36.741-0700][info][gc,metaspace] GC(59) Metaspace: 298K(512K)->298K(512K) NonClass: 291K(384K)->291K(384K) Class: 7K(128K)->7K(128K)
[2024-07-05T10:15:36.741-0700][info][gc          ] GC(59) Pause Young (Mixed) (G1 Preventive Collection) 3969M->4009M(4096M) 67.411ms
[2024-07-05T10:15:36.741-0700][info][gc,cpu      ] GC(59) User=0.21s Sys=0.04s Real=0.07s
[2024-07-05T10:15:42.730-0700][info][gc,start    ] GC(60) Pause Young (Concurrent Start) (G1 Preventive Collection)
[2024-07-05T10:15:42.731-0700][info][gc,task     ] GC(60) Using 4 workers of 4 for evacuation
[2024-07-05T10:15:42.745-0700][info][gc          ] GC(60) To-space exhausted
[2024-07-05T10:15:42.745-0700][info][gc,phases   ] GC(60)   Pre Evacuate Collection Set: 0.3ms
[2024-07-05T10:15:42.745-0700][info][gc,phases   ] GC(60)   Merge Heap Roots: 0.2ms
[2024-07-05T10:15:42.745-0700][info][gc,phases   ] GC(60)   Evacuate Collection Set: 12.9ms
[2024-07-05T10:15:42.745-0700][info][gc,phases   ] GC(60)   Post Evacuate Collection Set: 0.7ms
[2024-07-05T10:15:42.745-0700][info][gc,phases   ] GC(60)   Other: 0.4ms
[2024-07-05T10:15:42.745-0700][info][gc,heap     ] GC(60) Eden regions: 20->0(89)
[2024-07-05T10:15:42.745-0700][info][gc,heap     ] GC(60) Survivor regions: 3->13(13)
[2024-07-05T10:15:42.745-0700][info][gc,heap     ] GC(60) Old regions: 1993->2004
[2024-07-05T10:15:42.745-0700][info][gc,heap     ] GC(60) Archive regions: 2->2
[2024-07-05T10:15:42.745-0700][info][gc,heap     ] GC(60) Humongous regions: 8->8
[2024-07-05T10:15:42.745-0700][info][gc,metaspace] GC(60) Metaspace: 298K(512K)->298K(512K) NonClass: 291K(384K)->291K(384K) Class: 7K(128K)->7K(128K)
[2024-07-05T10:15:42.745-0700][info][gc          ] GC(60) Pause Young (Concurrent Start) (G1 Preventive Collection) 4049M->4051M(4096M) 14.468ms
[2024-07-05T10:15:42.745-0700][info][gc,cpu      ] GC(60) User=0.05s Sys=0.00s Real=0.02s
[2024-07-05T10:15:42.745-0700][info][gc          ] GC(61) Concurrent Mark Cycle
[2024-07-05T10:15:42.745-0700][info][gc,marking  ] GC(61) Concurrent Clear Claimed Marks
[2024-07-05T10:15:42.745-0700][info][gc,marking  ] GC(61) Concurrent Clear Claimed Marks 0.006ms
[2024-07-05T10:15:42.745-0700][info][gc,marking  ] GC(61) Concurrent Scan Root Regions
[2024-07-05T10:15:42.749-0700][info][gc,marking  ] GC(61) Concurrent Scan Root Regions 3.419ms
[2024-07-05T10:15:42.749-0700][info][gc,marking  ] GC(61) Concurrent Mark
[2024-07-05T10:15:42.749-0700][info][gc,marking  ] GC(61) Concurrent Mark From Roots
[2024-07-05T10:15:42.749-0700][info][gc,task     ] GC(61) Using 1 workers of 1 for marking
[2024-07-05T10:15:43.245-0700][info][gc,marking  ] GC(61) Concurrent Mark From Roots 496.002ms
[2024-07-05T10:15:43.245-0700][info][gc,marking  ] GC(61) Concurrent Preclean
[2024-07-05T10:15:43.245-0700][info][gc,marking  ] GC(61) Concurrent Preclean 0.057ms
[2024-07-05T10:16:11.272-0700][info][gc,start    ] GC(61) Pause Remark
[2024-07-05T10:16:11.274-0700][info][gc          ] GC(61) Pause Remark 4056M->4056M(4096M) 2.138ms
[2024-07-05T10:16:11.274-0700][info][gc,cpu      ] GC(61) User=0.00s Sys=0.00s Real=0.00s
[2024-07-05T10:16:11.275-0700][info][gc,marking  ] GC(61) Concurrent Mark 28526.450ms
[2024-07-05T10:16:11.275-0700][info][gc,marking  ] GC(61) Concurrent Rebuild Remembered Sets
[2024-07-05T10:16:11.627-0700][info][gc,marking  ] GC(61) Concurrent Rebuild Remembered Sets 351.671ms
[2024-07-05T10:16:11.668-0700][info][gc,start    ] GC(61) Pause Cleanup
[2024-07-05T10:16:11.669-0700][info][gc          ] GC(61) Pause Cleanup 4056M->4056M(4096M) 0.906ms
[2024-07-05T10:16:11.669-0700][info][gc,cpu      ] GC(61) User=0.00s Sys=0.00s Real=0.00s
[2024-07-05T10:16:11.669-0700][info][gc,marking  ] GC(61) Concurrent Cleanup for Next Mark
[2024-07-05T10:16:11.675-0700][info][gc,marking  ] GC(61) Concurrent Cleanup for Next Mark 5.803ms
[2024-07-05T10:16:11.675-0700][info][gc          ] GC(61) Concurrent Mark Cycle 28929.893ms
[2024-07-05T10:16:12.410-0700][info][gc,start    ] GC(62) Pause Young (Prepare Mixed) (G1 Preventive Collection)
[2024-07-05T10:16:12.410-0700][info][gc,task     ] GC(62) Using 4 workers of 4 for evacuation
[2024-07-05T10:16:12.421-0700][info][gc,phases   ] GC(62)   Pre Evacuate Collection Set: 0.3ms
[2024-07-05T10:16:12.421-0700][info][gc,phases   ] GC(62)   Merge Heap Roots: 0.5ms
[2024-07-05T10:16:12.421-0700][info][gc,phases   ] GC(62)   Evacuate Collection Set: 8.9ms
[2024-07-05T10:16:12.421-0700][info][gc,phases   ] GC(62)   Post Evacuate Collection Set: 0.8ms
[2024-07-05T10:16:12.421-0700][info][gc,phases   ] GC(62)   Other: 0.2ms
[2024-07-05T10:16:12.421-0700][info][gc,heap     ] GC(62) Eden regions: 3->0(98)
[2024-07-05T10:16:12.421-0700][info][gc,heap     ] GC(62) Survivor regions: 13->4(13)
[2024-07-05T10:16:12.421-0700][info][gc,heap     ] GC(62) Old regions: 2004->2017
[2024-07-05T10:16:12.421-0700][info][gc,heap     ] GC(62) Archive regions: 2->2
[2024-07-05T10:16:12.421-0700][info][gc,heap     ] GC(62) Humongous regions: 8->8
[2024-07-05T10:16:12.421-0700][info][gc,metaspace] GC(62) Metaspace: 298K(512K)->298K(512K) NonClass: 291K(384K)->291K(384K) Class: 7K(128K)->7K(128K)
[2024-07-05T10:16:12.421-0700][info][gc          ] GC(62) Pause Young (Prepare Mixed) (G1 Preventive Collection) 4057M->4058M(4096M) 10.667ms
[2024-07-05T10:16:12.421-0700][info][gc,cpu      ] GC(62) User=0.03s Sys=0.00s Real=0.01s
[2024-07-05T10:16:12.422-0700][info][gc,start    ] GC(63) Pause Young (Mixed) (G1 Preventive Collection)
[2024-07-05T10:16:12.422-0700][info][gc,task     ] GC(63) Using 4 workers of 4 for evacuation
[2024-07-05T10:16:12.450-0700][info][gc          ] GC(63) To-space exhausted
[2024-07-05T10:16:12.450-0700][info][gc,phases   ] GC(63)   Pre Evacuate Collection Set: 0.4ms
[2024-07-05T10:16:12.450-0700][info][gc,phases   ] GC(63)   Merge Heap Roots: 0.2ms
[2024-07-05T10:16:12.450-0700][info][gc,phases   ] GC(63)   Evacuate Collection Set: 20.6ms
[2024-07-05T10:16:12.450-0700][info][gc,phases   ] GC(63)   Post Evacuate Collection Set: 6.9ms
[2024-07-05T10:16:12.450-0700][info][gc,phases   ] GC(63)   Other: 0.1ms
[2024-07-05T10:16:12.450-0700][info][gc,heap     ] GC(63) Eden regions: 4->0(99)
[2024-07-05T10:16:12.450-0700][info][gc,heap     ] GC(63) Survivor regions: 4->3(13)
[2024-07-05T10:16:12.450-0700][info][gc,heap     ] GC(63) Old regions: 2017->2005
[2024-07-05T10:16:12.450-0700][info][gc,heap     ] GC(63) Archive regions: 2->2
[2024-07-05T10:16:12.450-0700][info][gc,heap     ] GC(63) Humongous regions: 8->8
[2024-07-05T10:16:12.450-0700][info][gc,metaspace] GC(63) Metaspace: 298K(512K)->298K(512K) NonClass: 291K(384K)->291K(384K) Class: 7K(128K)->7K(128K)
[2024-07-05T10:16:12.450-0700][info][gc          ] GC(63) Pause Young (Mixed) (G1 Preventive Collection) 4066M->4032M(4096M) 28.340ms
[2024-07-05T10:16:12.450-0700][info][gc,cpu      ] GC(63) User=0.09s Sys=0.01s Real=0.03s
[2024-07-05T10:16:14.737-0700][info][gc,start    ] GC(64) Pause Young (Mixed) (G1 Preventive Collection)
[2024-07-05T10:16:14.737-0700][info][gc,task     ] GC(64) Using 4 workers of 4 for evacuation
[2024-07-05T10:16:14.790-0700][info][gc          ] GC(64) To-space exhausted
[2024-07-05T10:16:14.790-0700][info][gc,phases   ] GC(64)   Pre Evacuate Collection Set: 0.4ms
[2024-07-05T10:16:14.790-0700][info][gc,phases   ] GC(64)   Merge Heap Roots: 0.2ms
[2024-07-05T10:16:14.790-0700][info][gc,phases   ] GC(64)   Evacuate Collection Set: 45.2ms
[2024-07-05T10:16:14.790-0700][info][gc,phases   ] GC(64)   Post Evacuate Collection Set: 6.8ms
[2024-07-05T10:16:14.790-0700][info][gc,phases   ] GC(64)   Other: 0.2ms
[2024-07-05T10:16:14.790-0700][info][gc,heap     ] GC(64) Eden regions: 1->0(97)
[2024-07-05T10:16:14.790-0700][info][gc,heap     ] GC(64) Survivor regions: 3->5(13)
[2024-07-05T10:16:14.790-0700][info][gc,heap     ] GC(64) Old regions: 2005->2013
[2024-07-05T10:16:14.790-0700][info][gc,heap     ] GC(64) Archive regions: 2->2
[2024-07-05T10:16:14.790-0700][info][gc,heap     ] GC(64) Humongous regions: 8->8
[2024-07-05T10:16:14.790-0700][info][gc,metaspace] GC(64) Metaspace: 298K(512K)->298K(512K) NonClass: 291K(384K)->291K(384K) Class: 7K(128K)->7K(128K)
[2024-07-05T10:16:14.790-0700][info][gc          ] GC(64) Pause Young (Mixed) (G1 Preventive Collection) 4034M->4051M(4096M) 52.930ms
[2024-07-05T10:16:14.790-0700][info][gc,cpu      ] GC(64) User=0.16s Sys=0.03s Real=0.05s
[2024-07-05T10:16:16.471-0700][info][gc,start    ] GC(65) Pause Young (Concurrent Start) (G1 Preventive Collection)
[2024-07-05T10:16:16.471-0700][info][gc,task     ] GC(65) Using 4 workers of 4 for evacuation
[2024-07-05T10:16:16.480-0700][info][gc,phases   ] GC(65)   Pre Evacuate Collection Set: 0.5ms
[2024-07-05T10:16:16.480-0700][info][gc,phases   ] GC(65)   Merge Heap Roots: 0.3ms
[2024-07-05T10:16:16.480-0700][info][gc,phases   ] GC(65)   Evacuate Collection Set: 7.1ms
[2024-07-05T10:16:16.480-0700][info][gc,phases   ] GC(65)   Post Evacuate Collection Set: 0.5ms
[2024-07-05T10:16:16.480-0700][info][gc,phases   ] GC(65)   Other: 0.4ms
[2024-07-05T10:16:16.480-0700][info][gc,heap     ] GC(65) Eden regions: 7->0(90)
[2024-07-05T10:16:16.480-0700][info][gc,heap     ] GC(65) Survivor regions: 5->12(13)
[2024-07-05T10:16:16.480-0700][info][gc,heap     ] GC(65) Old regions: 2013->2013
[2024-07-05T10:16:16.480-0700][info][gc,heap     ] GC(65) Archive regions: 2->2
[2024-07-05T10:16:16.480-0700][info][gc,heap     ] GC(65) Humongous regions: 8->8
[2024-07-05T10:16:16.480-0700][info][gc,metaspace] GC(65) Metaspace: 298K(512K)->298K(512K) NonClass: 291K(384K)->291K(384K) Class: 7K(128K)->7K(128K)
[2024-07-05T10:16:16.480-0700][info][gc          ] GC(65) Pause Young (Concurrent Start) (G1 Preventive Collection) 4065M->4065M(4096M) 8.763ms
[2024-07-05T10:16:16.480-0700][info][gc,cpu      ] GC(65) User=0.03s Sys=0.00s Real=0.01s
[2024-07-05T10:16:16.480-0700][info][gc          ] GC(66) Concurrent Mark Cycle
[2024-07-05T10:16:16.480-0700][info][gc,marking  ] GC(66) Concurrent Clear Claimed Marks
[2024-07-05T10:16:16.480-0700][info][gc,marking  ] GC(66) Concurrent Clear Claimed Marks 0.007ms
[2024-07-05T10:16:16.480-0700][info][gc,marking  ] GC(66) Concurrent Scan Root Regions
[2024-07-05T10:16:16.482-0700][info][gc,marking  ] GC(66) Concurrent Scan Root Regions 1.548ms
[2024-07-05T10:16:16.482-0700][info][gc,marking  ] GC(66) Concurrent Mark
[2024-07-05T10:16:16.482-0700][info][gc,marking  ] GC(66) Concurrent Mark From Roots
[2024-07-05T10:16:16.482-0700][info][gc,task     ] GC(66) Using 1 workers of 1 for marking
[2024-07-05T10:16:16.482-0700][info][gc,start    ] GC(67) Pause Young (Normal) (G1 Preventive Collection)
[2024-07-05T10:16:16.482-0700][info][gc,task     ] GC(67) Using 4 workers of 4 for evacuation
[2024-07-05T10:16:16.489-0700][info][gc          ] GC(67) To-space exhausted
[2024-07-05T10:16:16.489-0700][info][gc,phases   ] GC(67)   Pre Evacuate Collection Set: 1.7ms
[2024-07-05T10:16:16.489-0700][info][gc,phases   ] GC(67)   Merge Heap Roots: 0.2ms
[2024-07-05T10:16:16.489-0700][info][gc,phases   ] GC(67)   Evacuate Collection Set: 6.1ms
[2024-07-05T10:16:16.489-0700][info][gc,phases   ] GC(67)   Post Evacuate Collection Set: 0.9ms
[2024-07-05T10:16:16.489-0700][info][gc,phases   ] GC(67)   Other: 0.1ms
[2024-07-05T10:16:16.489-0700][info][gc,heap     ] GC(67) Eden regions: 1->0(100)
[2024-07-05T10:16:16.489-0700][info][gc,heap     ] GC(67) Survivor regions: 12->2(12)
[2024-07-05T10:16:16.489-0700][info][gc,heap     ] GC(67) Old regions: 2013->2027
[2024-07-05T10:16:16.489-0700][info][gc,heap     ] GC(67) Archive regions: 2->2
[2024-07-05T10:16:16.489-0700][info][gc,heap     ] GC(67) Humongous regions: 8->8
[2024-07-05T10:16:16.489-0700][info][gc,metaspace] GC(67) Metaspace: 298K(512K)->298K(512K) NonClass: 291K(384K)->291K(384K) Class: 7K(128K)->7K(128K)
[2024-07-05T10:16:16.489-0700][info][gc          ] GC(67) Pause Young (Normal) (G1 Preventive Collection) 4067M->4073M(4096M) 7.718ms
[2024-07-05T10:16:16.489-0700][info][gc,cpu      ] GC(67) User=0.01s Sys=0.01s Real=0.01s
[2024-07-05T10:16:17.018-0700][info][gc,marking  ] GC(66) Concurrent Mark From Roots 536.191ms
[2024-07-05T10:16:17.018-0700][info][gc,marking  ] GC(66) Concurrent Preclean
[2024-07-05T10:16:17.018-0700][info][gc,marking  ] GC(66) Concurrent Preclean 0.059ms
[2024-07-05T10:17:03.475-0700][info][gc,start    ] GC(66) Pause Remark
[2024-07-05T10:17:03.476-0700][info][gc          ] GC(66) Pause Remark 4076M->4076M(4096M) 1.607ms
[2024-07-05T10:17:03.476-0700][info][gc,cpu      ] GC(66) User=0.00s Sys=0.01s Real=0.01s
[2024-07-05T10:17:03.477-0700][info][gc,marking  ] GC(66) Concurrent Mark 46994.897ms
[2024-07-05T10:17:03.477-0700][info][gc,marking  ] GC(66) Concurrent Rebuild Remembered Sets
[2024-07-05T10:17:03.729-0700][info][gc,marking  ] GC(66) Concurrent Rebuild Remembered Sets 252.504ms
[2024-07-05T10:17:04.040-0700][info][gc,start    ] GC(66) Pause Cleanup
[2024-07-05T10:17:04.041-0700][info][gc          ] GC(66) Pause Cleanup 4076M->4076M(4096M) 0.946ms
[2024-07-05T10:17:04.041-0700][info][gc,cpu      ] GC(66) User=0.00s Sys=0.00s Real=0.00s
[2024-07-05T10:17:04.041-0700][info][gc,marking  ] GC(66) Concurrent Cleanup for Next Mark
[2024-07-05T10:17:04.042-0700][info][gc,start    ] GC(68) Pause Young (Prepare Mixed) (G1 Preventive Collection)
[2024-07-05T10:17:04.042-0700][info][gc,task     ] GC(68) Using 4 workers of 4 for evacuation
[2024-07-05T10:17:04.048-0700][info][gc,phases   ] GC(68)   Pre Evacuate Collection Set: 0.3ms
[2024-07-05T10:17:04.048-0700][info][gc,phases   ] GC(68)   Merge Heap Roots: 0.2ms
[2024-07-05T10:17:04.048-0700][info][gc,phases   ] GC(68)   Evacuate Collection Set: 5.4ms
[2024-07-05T10:17:04.048-0700][info][gc,phases   ] GC(68)   Post Evacuate Collection Set: 0.6ms
[2024-07-05T10:17:04.048-0700][info][gc,phases   ] GC(68)   Other: 0.1ms
[2024-07-05T10:17:04.049-0700][info][gc,heap     ] GC(68) Eden regions: 3->0(97)
[2024-07-05T10:17:04.049-0700][info][gc,heap     ] GC(68) Survivor regions: 2->5(6)
[2024-07-05T10:17:04.049-0700][info][gc,heap     ] GC(68) Old regions: 2027->2027
[2024-07-05T10:17:04.049-0700][info][gc,heap     ] GC(68) Archive regions: 2->2
[2024-07-05T10:17:04.049-0700][info][gc,heap     ] GC(68) Humongous regions: 8->8
[2024-07-05T10:17:04.049-0700][info][gc,metaspace] GC(68) Metaspace: 298K(512K)->298K(512K) NonClass: 291K(384K)->291K(384K) Class: 7K(128K)->7K(128K)
[2024-07-05T10:17:04.049-0700][info][gc          ] GC(68) Pause Young (Prepare Mixed) (G1 Preventive Collection) 4079M->4079M(4096M) 6.620ms
[2024-07-05T10:17:04.049-0700][info][gc,cpu      ] GC(68) User=0.02s Sys=0.00s Real=0.01s
[2024-07-05T10:17:04.049-0700][info][gc,start    ] GC(69) Pause Young (Mixed) (G1 Preventive Collection)
[2024-07-05T10:17:04.049-0700][info][gc,task     ] GC(69) Using 4 workers of 4 for evacuation
[2024-07-05T10:17:04.072-0700][info][gc          ] GC(69) To-space exhausted
[2024-07-05T10:17:04.072-0700][info][gc,phases   ] GC(69)   Pre Evacuate Collection Set: 0.4ms
[2024-07-05T10:17:04.072-0700][info][gc,phases   ] GC(69)   Merge Heap Roots: 0.2ms
[2024-07-05T10:17:04.072-0700][info][gc,phases   ] GC(69)   Evacuate Collection Set: 14.6ms
[2024-07-05T10:17:04.072-0700][info][gc,phases   ] GC(69)   Post Evacuate Collection Set: 7.5ms
[2024-07-05T10:17:04.072-0700][info][gc,phases   ] GC(69)   Other: 0.1ms
[2024-07-05T10:17:04.072-0700][info][gc,heap     ] GC(69) Eden regions: 1->0(101)
[2024-07-05T10:17:04.072-0700][info][gc,heap     ] GC(69) Survivor regions: 5->1(5)
[2024-07-05T10:17:04.072-0700][info][gc,heap     ] GC(69) Old regions: 2027->2021
[2024-07-05T10:17:04.072-0700][info][gc,heap     ] GC(69) Archive regions: 2->2
[2024-07-05T10:17:04.072-0700][info][gc,heap     ] GC(69) Humongous regions: 8->8
[2024-07-05T10:17:04.072-0700][info][gc,metaspace] GC(69) Metaspace: 298K(512K)->298K(512K) NonClass: 291K(384K)->291K(384K) Class: 7K(128K)->7K(128K)
[2024-07-05T10:17:04.072-0700][info][gc          ] GC(69) Pause Young (Mixed) (G1 Preventive Collection) 4081M->4060M(4096M) 22.834ms
[2024-07-05T10:17:04.072-0700][info][gc,cpu      ] GC(69) User=0.07s Sys=0.01s Real=0.02s
[2024-07-05T10:17:04.072-0700][info][gc,start    ] GC(70) Pause Young (Mixed) (G1 Preventive Collection)
[2024-07-05T10:17:04.072-0700][info][gc,task     ] GC(70) Using 4 workers of 4 for evacuation
[2024-07-05T10:17:04.112-0700][info][gc          ] GC(70) To-space exhausted
[2024-07-05T10:17:04.112-0700][info][gc,phases   ] GC(70)   Pre Evacuate Collection Set: 0.3ms
[2024-07-05T10:17:04.112-0700][info][gc,phases   ] GC(70)   Merge Heap Roots: 0.2ms
[2024-07-05T10:17:04.112-0700][info][gc,phases   ] GC(70)   Evacuate Collection Set: 32.7ms
[2024-07-05T10:17:04.112-0700][info][gc,phases   ] GC(70)   Post Evacuate Collection Set: 6.1ms
[2024-07-05T10:17:04.112-0700][info][gc,phases   ] GC(70)   Other: 0.1ms
[2024-07-05T10:17:04.112-0700][info][gc,heap     ] GC(70) Eden regions: 1->0(100)
[2024-07-05T10:17:04.112-0700][info][gc,heap     ] GC(70) Survivor regions: 1->2(13)
[2024-07-05T10:17:04.112-0700][info][gc,heap     ] GC(70) Old regions: 2021->2026
[2024-07-05T10:17:04.112-0700][info][gc,heap     ] GC(70) Archive regions: 2->2
[2024-07-05T10:17:04.112-0700][info][gc,heap     ] GC(70) Humongous regions: 8->8
[2024-07-05T10:17:04.112-0700][info][gc,metaspace] GC(70) Metaspace: 298K(512K)->298K(512K) NonClass: 291K(384K)->291K(384K) Class: 7K(128K)->7K(128K)
[2024-07-05T10:17:04.112-0700][info][gc          ] GC(70) Pause Young (Mixed) (G1 Preventive Collection) 4062M->4072M(4096M) 39.634ms
[2024-07-05T10:17:04.112-0700][info][gc,cpu      ] GC(70) User=0.10s Sys=0.04s Real=0.04s
[2024-07-05T10:17:04.117-0700][info][gc,marking  ] GC(66) Concurrent Cleanup for Next Mark 75.583ms
[2024-07-05T10:17:04.117-0700][info][gc          ] GC(66) Concurrent Mark Cycle 47636.562ms
[2024-07-05T10:17:05.642-0700][info][gc,start    ] GC(71) Pause Young (Normal) (G1 Preventive Collection)
[2024-07-05T10:17:05.642-0700][info][gc,task     ] GC(71) Using 4 workers of 4 for evacuation
[2024-07-05T10:17:05.649-0700][info][gc          ] GC(71) To-space exhausted
[2024-07-05T10:17:05.649-0700][info][gc,phases   ] GC(71)   Pre Evacuate Collection Set: 0.3ms
[2024-07-05T10:17:05.649-0700][info][gc,phases   ] GC(71)   Merge Heap Roots: 0.2ms
[2024-07-05T10:17:05.649-0700][info][gc,phases   ] GC(71)   Evacuate Collection Set: 5.5ms
[2024-07-05T10:17:05.649-0700][info][gc,phases   ] GC(71)   Post Evacuate Collection Set: 0.8ms
[2024-07-05T10:17:05.649-0700][info][gc,phases   ] GC(71)   Other: 0.1ms
[2024-07-05T10:17:05.649-0700][info][gc,heap     ] GC(71) Eden regions: 4->0(96)
[2024-07-05T10:17:05.649-0700][info][gc,heap     ] GC(71) Survivor regions: 2->6(6)
[2024-07-05T10:17:05.649-0700][info][gc,heap     ] GC(71) Old regions: 2026->2027
[2024-07-05T10:17:05.649-0700][info][gc,heap     ] GC(71) Archive regions: 2->2
[2024-07-05T10:17:05.649-0700][info][gc,heap     ] GC(71) Humongous regions: 8->8
[2024-07-05T10:17:05.649-0700][info][gc,metaspace] GC(71) Metaspace: 298K(512K)->298K(512K) NonClass: 291K(384K)->291K(384K) Class: 7K(128K)->7K(128K)
[2024-07-05T10:17:05.649-0700][info][gc          ] GC(71) Pause Young (Normal) (G1 Preventive Collection) 4080M->4082M(4096M) 7.065ms
[2024-07-05T10:17:05.649-0700][info][gc,cpu      ] GC(71) User=0.02s Sys=0.00s Real=0.01s
[2024-07-05T10:17:05.649-0700][info][gc,start    ] GC(72) Pause Young (Concurrent Start) (G1 Preventive Collection)
[2024-07-05T10:17:05.649-0700][info][gc,task     ] GC(72) Using 4 workers of 4 for evacuation
[2024-07-05T10:17:05.653-0700][info][gc          ] GC(72) To-space exhausted
[2024-07-05T10:17:05.653-0700][info][gc,phases   ] GC(72)   Pre Evacuate Collection Set: 0.3ms
[2024-07-05T10:17:05.653-0700][info][gc,phases   ] GC(72)   Merge Heap Roots: 0.2ms
[2024-07-05T10:17:05.653-0700][info][gc,phases   ] GC(72)   Evacuate Collection Set: 2.1ms
[2024-07-05T10:17:05.653-0700][info][gc,phases   ] GC(72)   Post Evacuate Collection Set: 1.0ms
[2024-07-05T10:17:05.653-0700][info][gc,phases   ] GC(72)   Other: 0.1ms
[2024-07-05T10:17:05.653-0700][info][gc,heap     ] GC(72) Eden regions: 1->0(98)
[2024-07-05T10:17:05.653-0700][info][gc,heap     ] GC(72) Survivor regions: 6->4(4)
[2024-07-05T10:17:05.653-0700][info][gc,heap     ] GC(72) Old regions: 2027->2031
[2024-07-05T10:17:05.653-0700][info][gc,heap     ] GC(72) Archive regions: 2->2
[2024-07-05T10:17:05.653-0700][info][gc,heap     ] GC(72) Humongous regions: 8->8
[2024-07-05T10:17:05.653-0700][info][gc,metaspace] GC(72) Metaspace: 298K(512K)->298K(512K) NonClass: 291K(384K)->291K(384K) Class: 7K(128K)->7K(128K)
[2024-07-05T10:17:05.653-0700][info][gc          ] GC(72) Pause Young (Concurrent Start) (G1 Preventive Collection) 4084M->4086M(4096M) 3.690ms
[2024-07-05T10:17:05.653-0700][info][gc,cpu      ] GC(72) User=0.01s Sys=0.00s Real=0.00s
[2024-07-05T10:17:05.653-0700][info][gc          ] GC(73) Concurrent Mark Cycle
[2024-07-05T10:17:05.653-0700][info][gc,marking  ] GC(73) Concurrent Clear Claimed Marks
[2024-07-05T10:17:05.653-0700][info][gc,marking  ] GC(73) Concurrent Clear Claimed Marks 0.006ms
[2024-07-05T10:17:05.653-0700][info][gc,marking  ] GC(73) Concurrent Scan Root Regions
[2024-07-05T10:17:05.654-0700][info][gc,marking  ] GC(73) Concurrent Scan Root Regions 0.759ms
[2024-07-05T10:17:05.654-0700][info][gc,marking  ] GC(73) Concurrent Mark
[2024-07-05T10:17:05.654-0700][info][gc,marking  ] GC(73) Concurrent Mark From Roots
[2024-07-05T10:17:05.654-0700][info][gc,task     ] GC(73) Using 1 workers of 1 for marking
[2024-07-05T10:17:05.654-0700][info][gc,start    ] GC(74) Pause Young (Normal) (G1 Preventive Collection)
[2024-07-05T10:17:05.654-0700][info][gc,task     ] GC(74) Using 4 workers of 4 for evacuation
[2024-07-05T10:17:05.657-0700][info][gc          ] GC(74) To-space exhausted
[2024-07-05T10:17:05.657-0700][info][gc,phases   ] GC(74)   Pre Evacuate Collection Set: 0.9ms
[2024-07-05T10:17:05.657-0700][info][gc,phases   ] GC(74)   Merge Heap Roots: 0.2ms
[2024-07-05T10:17:05.657-0700][info][gc,phases   ] GC(74)   Evacuate Collection Set: 1.4ms
[2024-07-05T10:17:05.657-0700][info][gc,phases   ] GC(74)   Post Evacuate Collection Set: 0.8ms
[2024-07-05T10:17:05.657-0700][info][gc,phases   ] GC(74)   Other: 0.1ms
[2024-07-05T10:17:05.657-0700][info][gc,heap     ] GC(74) Eden regions: 1->0(100)
[2024-07-05T10:17:05.657-0700][info][gc,heap     ] GC(74) Survivor regions: 4->2(2)
[2024-07-05T10:17:05.657-0700][info][gc,heap     ] GC(74) Old regions: 2031->2036
[2024-07-05T10:17:05.657-0700][info][gc,heap     ] GC(74) Archive regions: 2->2
[2024-07-05T10:17:05.657-0700][info][gc,heap     ] GC(74) Humongous regions: 8->8
[2024-07-05T10:17:05.657-0700][info][gc,metaspace] GC(74) Metaspace: 298K(512K)->298K(512K) NonClass: 291K(384K)->291K(384K) Class: 7K(128K)->7K(128K)
[2024-07-05T10:17:05.657-0700][info][gc          ] GC(74) Pause Young (Normal) (G1 Preventive Collection) 4088M->4092M(4096M) 2.799ms
[2024-07-05T10:17:05.657-0700][info][gc,cpu      ] GC(74) User=0.01s Sys=0.00s Real=0.01s
[2024-07-05T10:17:05.657-0700][info][gc,ergo     ] Attempting full compaction
[2024-07-05T10:17:05.657-0700][info][gc,task     ] GC(75) Using 4 workers of 4 for full compaction
[2024-07-05T10:17:05.657-0700][info][gc,start    ] GC(75) Pause Full (G1 Compaction Pause)
[2024-07-05T10:17:05.660-0700][info][gc,phases,start] GC(75) Phase 1: Mark live objects
[2024-07-05T10:17:05.743-0700][info][gc,phases      ] GC(75) Phase 1: Mark live objects 82.557ms
[2024-07-05T10:17:05.743-0700][info][gc,phases,start] GC(75) Phase 2: Prepare for compaction
[2024-07-05T10:17:05.814-0700][info][gc,phases      ] GC(75) Phase 2: Prepare for compaction 71.524ms
[2024-07-05T10:17:05.814-0700][info][gc,phases,start] GC(75) Phase 3: Adjust pointers
[2024-07-05T10:17:05.897-0700][info][gc,phases      ] GC(75) Phase 3: Adjust pointers 82.416ms
[2024-07-05T10:17:05.897-0700][info][gc,phases,start] GC(75) Phase 4: Compact heap
[2024-07-05T10:17:06.258-0700][info][gc,phases      ] GC(75) Phase 4: Compact heap 361.511ms
[2024-07-05T10:17:06.261-0700][info][gc,heap        ] GC(75) Eden regions: 0->0(102)
[2024-07-05T10:17:06.261-0700][info][gc,heap        ] GC(75) Survivor regions: 2->0(2)
[2024-07-05T10:17:06.261-0700][info][gc,heap        ] GC(75) Old regions: 2036->1679
[2024-07-05T10:17:06.261-0700][info][gc,heap        ] GC(75) Archive regions: 2->2
[2024-07-05T10:17:06.261-0700][info][gc,heap        ] GC(75) Humongous regions: 8->8
[2024-07-05T10:17:06.261-0700][info][gc,metaspace   ] GC(75) Metaspace: 298K(512K)->298K(512K) NonClass: 291K(384K)->291K(384K) Class: 7K(128K)->7K(128K)
[2024-07-05T10:17:06.261-0700][info][gc             ] GC(75) Pause Full (G1 Compaction Pause) 4092M->3372M(4096M) 604.583ms
[2024-07-05T10:17:06.262-0700][info][gc,cpu         ] GC(75) User=2.36s Sys=0.01s Real=0.60s
[2024-07-05T10:17:06.262-0700][info][gc,marking     ] GC(73) Concurrent Mark From Roots 607.896ms
[2024-07-05T10:17:06.262-0700][info][gc,marking     ] GC(73) Concurrent Mark Abort
[2024-07-05T10:17:06.262-0700][info][gc             ] GC(73) Concurrent Mark Cycle 608.726ms
[2024-07-05T10:17:38.902-0700][info][gc,start       ] GC(76) Pause Young (Normal) (G1 Evacuation Pause)
[2024-07-05T10:17:38.902-0700][info][gc,task        ] GC(76) Using 4 workers of 4 for evacuation
[2024-07-05T10:17:38.960-0700][info][gc,phases      ] GC(76)   Pre Evacuate Collection Set: 0.3ms
[2024-07-05T10:17:38.960-0700][info][gc,phases      ] GC(76)   Merge Heap Roots: 0.2ms
[2024-07-05T10:17:38.960-0700][info][gc,phases      ] GC(76)   Evacuate Collection Set: 56.0ms
[2024-07-05T10:17:38.960-0700][info][gc,phases      ] GC(76)   Post Evacuate Collection Set: 0.6ms
[2024-07-05T10:17:38.960-0700][info][gc,phases      ] GC(76)   Other: 0.1ms
[2024-07-05T10:17:38.960-0700][info][gc,heap        ] GC(76) Eden regions: 102->0(89)
[2024-07-05T10:17:38.960-0700][info][gc,heap        ] GC(76) Survivor regions: 0->13(13)
[2024-07-05T10:17:38.960-0700][info][gc,heap        ] GC(76) Old regions: 1679->1767
[2024-07-05T10:17:38.960-0700][info][gc,heap        ] GC(76) Archive regions: 2->2
[2024-07-05T10:17:38.960-0700][info][gc,heap        ] GC(76) Humongous regions: 8->8
[2024-07-05T10:17:38.960-0700][info][gc,metaspace   ] GC(76) Metaspace: 298K(512K)->298K(512K) NonClass: 291K(384K)->291K(384K) Class: 7K(128K)->7K(128K)
[2024-07-05T10:17:38.960-0700][info][gc             ] GC(76) Pause Young (Normal) (G1 Evacuation Pause) 3576M->3572M(4096M) 57.253ms
[2024-07-05T10:17:38.960-0700][info][gc,cpu         ] GC(76) User=0.16s Sys=0.04s Real=0.06s
[2024-07-05T10:18:07.455-0700][info][gc,start       ] GC(77) Pause Young (Concurrent Start) (G1 Evacuation Pause)
[2024-07-05T10:18:07.455-0700][info][gc,task        ] GC(77) Using 4 workers of 4 for evacuation
[2024-07-05T10:18:07.510-0700][info][gc,phases      ] GC(77)   Pre Evacuate Collection Set: 0.3ms
[2024-07-05T10:18:07.510-0700][info][gc,phases      ] GC(77)   Merge Heap Roots: 0.2ms
[2024-07-05T10:18:07.510-0700][info][gc,phases      ] GC(77)   Evacuate Collection Set: 53.5ms
[2024-07-05T10:18:07.510-0700][info][gc,phases      ] GC(77)   Post Evacuate Collection Set: 0.7ms
[2024-07-05T10:18:07.510-0700][info][gc,phases      ] GC(77)   Other: 0.2ms
[2024-07-05T10:18:07.510-0700][info][gc,heap        ] GC(77) Eden regions: 89->0(89)
[2024-07-05T10:18:07.510-0700][info][gc,heap        ] GC(77) Survivor regions: 13->13(13)
[2024-07-05T10:18:07.510-0700][info][gc,heap        ] GC(77) Old regions: 1767->1854
[2024-07-05T10:18:07.510-0700][info][gc,heap        ] GC(77) Archive regions: 2->2
[2024-07-05T10:18:07.510-0700][info][gc,heap        ] GC(77) Humongous regions: 8->8
[2024-07-05T10:18:07.510-0700][info][gc,metaspace   ] GC(77) Metaspace: 298K(512K)->298K(512K) NonClass: 291K(384K)->291K(384K) Class: 7K(128K)->7K(128K)
[2024-07-05T10:18:07.510-0700][info][gc             ] GC(77) Pause Young (Concurrent Start) (G1 Evacuation Pause) 3750M->3747M(4096M) 54.875ms
[2024-07-05T10:18:07.510-0700][info][gc,cpu         ] GC(77) User=0.15s Sys=0.04s Real=0.05s
[2024-07-05T10:18:07.510-0700][info][gc             ] GC(78) Concurrent Mark Cycle
[2024-07-05T10:18:07.510-0700][info][gc,marking     ] GC(78) Concurrent Clear Claimed Marks
[2024-07-05T10:18:07.510-0700][info][gc,marking     ] GC(78) Concurrent Clear Claimed Marks 0.006ms
[2024-07-05T10:18:07.510-0700][info][gc,marking     ] GC(78) Concurrent Scan Root Regions
[2024-07-05T10:18:07.522-0700][info][gc,marking     ] GC(78) Concurrent Scan Root Regions 11.590ms
[2024-07-05T10:18:07.522-0700][info][gc,marking     ] GC(78) Concurrent Mark
[2024-07-05T10:18:07.522-0700][info][gc,marking     ] GC(78) Concurrent Mark From Roots
[2024-07-05T10:18:07.522-0700][info][gc,task        ] GC(78) Using 1 workers of 1 for marking
[2024-07-05T10:18:08.078-0700][info][gc,marking     ] GC(78) Concurrent Mark From Roots 556.116ms
[2024-07-05T10:18:08.078-0700][info][gc,marking     ] GC(78) Concurrent Preclean
[2024-07-05T10:18:08.078-0700][info][gc,marking     ] GC(78) Concurrent Preclean 0.059ms
[2024-07-05T10:18:28.750-0700][info][gc,start       ] GC(78) Pause Remark
[2024-07-05T10:18:28.751-0700][info][gc             ] GC(78) Pause Remark 3754M->3754M(4096M) 1.330ms
[2024-07-05T10:18:28.751-0700][info][gc,cpu         ] GC(78) User=0.00s Sys=0.00s Real=0.00s
[2024-07-05T10:18:28.751-0700][info][gc,marking     ] GC(78) Concurrent Mark 21229.486ms
[2024-07-05T10:18:28.751-0700][info][gc,marking     ] GC(78) Concurrent Rebuild Remembered Sets
[2024-07-05T10:18:28.990-0700][info][gc,marking     ] GC(78) Concurrent Rebuild Remembered Sets 238.685ms
[2024-07-05T10:18:29.295-0700][info][gc,start       ] GC(78) Pause Cleanup
[2024-07-05T10:18:29.296-0700][info][gc             ] GC(78) Pause Cleanup 3754M->3754M(4096M) 0.666ms
[2024-07-05T10:18:29.296-0700][info][gc,cpu         ] GC(78) User=0.01s Sys=0.00s Real=0.00s
[2024-07-05T10:18:29.296-0700][info][gc,marking     ] GC(78) Concurrent Cleanup for Next Mark
[2024-07-05T10:18:29.302-0700][info][gc,marking     ] GC(78) Concurrent Cleanup for Next Mark 6.148ms
[2024-07-05T10:18:29.302-0700][info][gc             ] GC(78) Concurrent Mark Cycle 21792.220ms
[2024-07-05T10:18:53.891-0700][info][gc,start       ] GC(79) Pause Young (Normal) (G1 Preventive Collection)
[2024-07-05T10:18:53.891-0700][info][gc,task        ] GC(79) Using 4 workers of 4 for evacuation
[2024-07-05T10:18:53.935-0700][info][gc,phases      ] GC(79)   Pre Evacuate Collection Set: 0.3ms
[2024-07-05T10:18:53.935-0700][info][gc,phases      ] GC(79)   Merge Heap Roots: 0.2ms
[2024-07-05T10:18:53.935-0700][info][gc,phases      ] GC(79)   Evacuate Collection Set: 43.0ms
[2024-07-05T10:18:53.935-0700][info][gc,phases      ] GC(79)   Post Evacuate Collection Set: 0.5ms
[2024-07-05T10:18:53.935-0700][info][gc,phases      ] GC(79)   Other: 0.1ms
[2024-07-05T10:18:53.935-0700][info][gc,heap        ] GC(79) Eden regions: 74->0(89)
[2024-07-05T10:18:53.935-0700][info][gc,heap        ] GC(79) Survivor regions: 13->13(13)
[2024-07-05T10:18:53.935-0700][info][gc,heap        ] GC(79) Old regions: 1854->1927
[2024-07-05T10:18:53.935-0700][info][gc,heap        ] GC(79) Archive regions: 2->2
[2024-07-05T10:18:53.935-0700][info][gc,heap        ] GC(79) Humongous regions: 8->8
[2024-07-05T10:18:53.935-0700][info][gc,metaspace   ] GC(79) Metaspace: 298K(512K)->298K(512K) NonClass: 291K(384K)->291K(384K) Class: 7K(128K)->7K(128K)
[2024-07-05T10:18:53.935-0700][info][gc             ] GC(79) Pause Young (Normal) (G1 Preventive Collection) 3895M->3893M(4096M) 44.290ms
[2024-07-05T10:18:53.935-0700][info][gc,cpu         ] GC(79) User=0.13s Sys=0.03s Real=0.04s
[2024-07-05T10:19:07.629-0700][info][gc,start       ] GC(80) Pause Young (Concurrent Start) (G1 Preventive Collection)
[2024-07-05T10:19:07.629-0700][info][gc,task        ] GC(80) Using 4 workers of 4 for evacuation
[2024-07-05T10:19:07.654-0700][info][gc,phases      ] GC(80)   Pre Evacuate Collection Set: 0.5ms
[2024-07-05T10:19:07.654-0700][info][gc,phases      ] GC(80)   Merge Heap Roots: 0.3ms
[2024-07-05T10:19:07.654-0700][info][gc,phases      ] GC(80)   Evacuate Collection Set: 23.9ms
[2024-07-05T10:19:07.654-0700][info][gc,phases      ] GC(80)   Post Evacuate Collection Set: 0.5ms
[2024-07-05T10:19:07.654-0700][info][gc,phases      ] GC(80)   Other: 0.2ms
[2024-07-05T10:19:07.654-0700][info][gc,heap        ] GC(80) Eden regions: 39->0(89)
[2024-07-05T10:19:07.654-0700][info][gc,heap        ] GC(80) Survivor regions: 13->13(13)
[2024-07-05T10:19:07.654-0700][info][gc,heap        ] GC(80) Old regions: 1927->1966
[2024-07-05T10:19:07.654-0700][info][gc,heap        ] GC(80) Archive regions: 2->2
[2024-07-05T10:19:07.654-0700][info][gc,heap        ] GC(80) Humongous regions: 8->8
[2024-07-05T10:19:07.654-0700][info][gc,metaspace   ] GC(80) Metaspace: 298K(512K)->298K(512K) NonClass: 291K(384K)->291K(384K) Class: 7K(128K)->7K(128K)
[2024-07-05T10:19:07.654-0700][info][gc             ] GC(80) Pause Young (Concurrent Start) (G1 Preventive Collection) 3971M->3970M(4096M) 25.368ms
[2024-07-05T10:19:07.654-0700][info][gc,cpu         ] GC(80) User=0.08s Sys=0.01s Real=0.02s
[2024-07-05T10:19:07.654-0700][info][gc             ] GC(81) Concurrent Mark Cycle
[2024-07-05T10:19:07.654-0700][info][gc,marking     ] GC(81) Concurrent Clear Claimed Marks
[2024-07-05T10:19:07.654-0700][info][gc,marking     ] GC(81) Concurrent Clear Claimed Marks 0.006ms
[2024-07-05T10:19:07.654-0700][info][gc,marking     ] GC(81) Concurrent Scan Root Regions
[2024-07-05T10:19:07.663-0700][info][gc,marking     ] GC(81) Concurrent Scan Root Regions 8.253ms
[2024-07-05T10:19:07.663-0700][info][gc,marking     ] GC(81) Concurrent Mark
[2024-07-05T10:19:07.663-0700][info][gc,marking     ] GC(81) Concurrent Mark From Roots
[2024-07-05T10:19:07.663-0700][info][gc,task        ] GC(81) Using 1 workers of 1 for marking
[2024-07-05T10:19:08.211-0700][info][gc,marking     ] GC(81) Concurrent Mark From Roots 548.432ms
[2024-07-05T10:19:08.211-0700][info][gc,marking     ] GC(81) Concurrent Preclean
[2024-07-05T10:19:08.211-0700][info][gc,marking     ] GC(81) Concurrent Preclean 0.061ms
[2024-07-05T10:19:39.674-0700][info][gc,start       ] GC(81) Pause Remark
[2024-07-05T10:19:39.677-0700][info][gc             ] GC(81) Pause Remark 3979M->3979M(4096M) 2.299ms
[2024-07-05T10:19:39.677-0700][info][gc,cpu         ] GC(81) User=0.01s Sys=0.00s Real=0.01s
[2024-07-05T10:19:39.677-0700][info][gc,marking     ] GC(81) Concurrent Mark 32014.309ms
[2024-07-05T10:19:39.677-0700][info][gc,marking     ] GC(81) Concurrent Rebuild Remembered Sets
[2024-07-05T10:19:39.937-0700][info][gc,marking     ] GC(81) Concurrent Rebuild Remembered Sets 260.381ms
[2024-07-05T10:19:40.131-0700][info][gc,start       ] GC(81) Pause Cleanup
[2024-07-05T10:19:40.131-0700][info][gc             ] GC(81) Pause Cleanup 3979M->3979M(4096M) 0.691ms
[2024-07-05T10:19:40.131-0700][info][gc,cpu         ] GC(81) User=0.00s Sys=0.00s Real=0.00s
[2024-07-05T10:19:40.131-0700][info][gc,marking     ] GC(81) Concurrent Cleanup for Next Mark
[2024-07-05T10:19:40.137-0700][info][gc,marking     ] GC(81) Concurrent Cleanup for Next Mark 5.663ms
[2024-07-05T10:19:40.137-0700][info][gc             ] GC(81) Concurrent Mark Cycle 32482.866ms
[2024-07-05T10:19:46.012-0700][info][gc,start       ] GC(82) Pause Young (Normal) (G1 Preventive Collection)
[2024-07-05T10:19:46.013-0700][info][gc,task        ] GC(82) Using 4 workers of 4 for evacuation
[2024-07-05T10:19:46.030-0700][info][gc,phases      ] GC(82)   Pre Evacuate Collection Set: 0.4ms
[2024-07-05T10:19:46.030-0700][info][gc,phases      ] GC(82)   Merge Heap Roots: 0.2ms
[2024-07-05T10:19:46.030-0700][info][gc,phases      ] GC(82)   Evacuate Collection Set: 15.8ms
[2024-07-05T10:19:46.030-0700][info][gc,phases      ] GC(82)   Post Evacuate Collection Set: 0.5ms
[2024-07-05T10:19:46.030-0700][info][gc,phases      ] GC(82)   Other: 0.1ms
[2024-07-05T10:19:46.030-0700][info][gc,heap        ] GC(82) Eden regions: 21->0(89)
[2024-07-05T10:19:46.030-0700][info][gc,heap        ] GC(82) Survivor regions: 13->13(13)
[2024-07-05T10:19:46.030-0700][info][gc,heap        ] GC(82) Old regions: 1966->1986
[2024-07-05T10:19:46.030-0700][info][gc,heap        ] GC(82) Archive regions: 2->2
[2024-07-05T10:19:46.030-0700][info][gc,heap        ] GC(82) Humongous regions: 8->8
[2024-07-05T10:19:46.030-0700][info][gc,metaspace   ] GC(82) Metaspace: 298K(512K)->298K(512K) NonClass: 291K(384K)->291K(384K) Class: 7K(128K)->7K(128K)
[2024-07-05T10:19:46.030-0700][info][gc             ] GC(82) Pause Young (Normal) (G1 Preventive Collection) 4012M->4012M(4096M) 17.201ms
[2024-07-05T10:19:46.030-0700][info][gc,cpu         ] GC(82) User=0.05s Sys=0.00s Real=0.02s
[2024-07-05T10:19:49.562-0700][info][gc,start       ] GC(83) Pause Young (Concurrent Start) (G1 Preventive Collection)
[2024-07-05T10:19:49.562-0700][info][gc,task        ] GC(83) Using 4 workers of 4 for evacuation
[2024-07-05T10:19:49.575-0700][info][gc,phases      ] GC(83)   Pre Evacuate Collection Set: 0.4ms
[2024-07-05T10:19:49.575-0700][info][gc,phases      ] GC(83)   Merge Heap Roots: 0.3ms
[2024-07-05T10:19:49.575-0700][info][gc,phases      ] GC(83)   Evacuate Collection Set: 12.2ms
[2024-07-05T10:19:49.575-0700][info][gc,phases      ] GC(83)   Post Evacuate Collection Set: 0.5ms
[2024-07-05T10:19:49.575-0700][info][gc,phases      ] GC(83)   Other: 0.2ms
[2024-07-05T10:19:49.575-0700][info][gc,heap        ] GC(83) Eden regions: 11->0(91)
[2024-07-05T10:19:49.575-0700][info][gc,heap        ] GC(83) Survivor regions: 13->11(13)
[2024-07-05T10:19:49.575-0700][info][gc,heap        ] GC(83) Old regions: 1986->1999
[2024-07-05T10:19:49.575-0700][info][gc,heap        ] GC(83) Archive regions: 2->2
[2024-07-05T10:19:49.575-0700][info][gc,heap        ] GC(83) Humongous regions: 8->8
[2024-07-05T10:19:49.575-0700][info][gc,metaspace   ] GC(83) Metaspace: 298K(512K)->298K(512K) NonClass: 291K(384K)->291K(384K) Class: 7K(128K)->7K(128K)
[2024-07-05T10:19:49.575-0700][info][gc             ] GC(83) Pause Young (Concurrent Start) (G1 Preventive Collection) 4034M->4034M(4096M) 13.607ms
[2024-07-05T10:19:49.575-0700][info][gc,cpu         ] GC(83) User=0.04s Sys=0.00s Real=0.02s
[2024-07-05T10:19:49.576-0700][info][gc             ] GC(84) Concurrent Mark Cycle
[2024-07-05T10:19:49.576-0700][info][gc,marking     ] GC(84) Concurrent Clear Claimed Marks
[2024-07-05T10:19:49.576-0700][info][gc,marking     ] GC(84) Concurrent Clear Claimed Marks 0.005ms
[2024-07-05T10:19:49.576-0700][info][gc,marking     ] GC(84) Concurrent Scan Root Regions
[2024-07-05T10:19:49.579-0700][info][gc,marking     ] GC(84) Concurrent Scan Root Regions 3.824ms
[2024-07-05T10:19:49.579-0700][info][gc,marking     ] GC(84) Concurrent Mark
[2024-07-05T10:19:49.579-0700][info][gc,marking     ] GC(84) Concurrent Mark From Roots
[2024-07-05T10:19:49.579-0700][info][gc,task        ] GC(84) Using 1 workers of 1 for marking
[2024-07-05T10:19:50.131-0700][info][gc,marking     ] GC(84) Concurrent Mark From Roots 551.426ms
[2024-07-05T10:19:50.131-0700][info][gc,marking     ] GC(84) Concurrent Preclean
[2024-07-05T10:19:50.131-0700][info][gc,marking     ] GC(84) Concurrent Preclean 0.078ms
[2024-07-05T10:20:08.359-0700][info][gc,start       ] GC(84) Pause Remark
[2024-07-05T10:20:08.362-0700][info][gc             ] GC(84) Pause Remark 4039M->4039M(4096M) 2.574ms
[2024-07-05T10:20:08.362-0700][info][gc,cpu         ] GC(84) User=0.00s Sys=0.00s Real=0.00s
[2024-07-05T10:20:08.362-0700][info][gc,marking     ] GC(84) Concurrent Mark 18782.308ms
[2024-07-05T10:20:08.362-0700][info][gc,marking     ] GC(84) Concurrent Rebuild Remembered Sets
[2024-07-05T10:20:08.618-0700][info][gc,marking     ] GC(84) Concurrent Rebuild Remembered Sets 256.419ms
[2024-07-05T10:20:08.991-0700][info][gc,start       ] GC(84) Pause Cleanup
[2024-07-05T10:20:08.992-0700][info][gc             ] GC(84) Pause Cleanup 4039M->4039M(4096M) 0.533ms
[2024-07-05T10:20:08.992-0700][info][gc,cpu         ] GC(84) User=0.00s Sys=0.00s Real=0.00s
[2024-07-05T10:20:08.992-0700][info][gc,marking     ] GC(84) Concurrent Cleanup for Next Mark
[2024-07-05T10:20:08.998-0700][info][gc,marking     ] GC(84) Concurrent Cleanup for Next Mark 5.886ms
[2024-07-05T10:20:08.998-0700][info][gc             ] GC(84) Concurrent Mark Cycle 19422.551ms
[2024-07-05T10:20:09.726-0700][info][gc,start       ] GC(85) Pause Young (Normal) (G1 Preventive Collection)
[2024-07-05T10:20:09.726-0700][info][gc,task        ] GC(85) Using 4 workers of 4 for evacuation
[2024-07-05T10:20:09.736-0700][info][gc,phases      ] GC(85)   Pre Evacuate Collection Set: 0.3ms
[2024-07-05T10:20:09.736-0700][info][gc,phases      ] GC(85)   Merge Heap Roots: 0.2ms
[2024-07-05T10:20:09.736-0700][info][gc,phases      ] GC(85)   Evacuate Collection Set: 8.8ms
[2024-07-05T10:20:09.736-0700][info][gc,phases      ] GC(85)   Post Evacuate Collection Set: 0.5ms
[2024-07-05T10:20:09.736-0700][info][gc,phases      ] GC(85)   Other: 0.1ms
[2024-07-05T10:20:09.736-0700][info][gc,heap        ] GC(85) Eden regions: 7->0(93)
[2024-07-05T10:20:09.736-0700][info][gc,heap        ] GC(85) Survivor regions: 11->9(13)
[2024-07-05T10:20:09.736-0700][info][gc,heap        ] GC(85) Old regions: 1999->2010
[2024-07-05T10:20:09.736-0700][info][gc,heap        ] GC(85) Archive regions: 2->2
[2024-07-05T10:20:09.736-0700][info][gc,heap        ] GC(85) Humongous regions: 8->8
[2024-07-05T10:20:09.736-0700][info][gc,metaspace   ] GC(85) Metaspace: 298K(512K)->298K(512K) NonClass: 291K(384K)->291K(384K) Class: 7K(128K)->7K(128K)
[2024-07-05T10:20:09.736-0700][info][gc             ] GC(85) Pause Young (Normal) (G1 Preventive Collection) 4048M->4050M(4096M) 10.004ms
[2024-07-05T10:20:09.736-0700][info][gc,cpu         ] GC(85) User=0.04s Sys=0.00s Real=0.01s
[2024-07-05T10:20:11.494-0700][info][gc,start       ] GC(86) Pause Young (Concurrent Start) (G1 Preventive Collection)
[2024-07-05T10:20:11.494-0700][info][gc,task        ] GC(86) Using 4 workers of 4 for evacuation
[2024-07-05T10:20:11.504-0700][info][gc,phases      ] GC(86)   Pre Evacuate Collection Set: 0.5ms
[2024-07-05T10:20:11.504-0700][info][gc,phases      ] GC(86)   Merge Heap Roots: 0.3ms
[2024-07-05T10:20:11.504-0700][info][gc,phases      ] GC(86)   Evacuate Collection Set: 8.2ms
[2024-07-05T10:20:11.504-0700][info][gc,phases      ] GC(86)   Post Evacuate Collection Set: 0.8ms
[2024-07-05T10:20:11.504-0700][info][gc,phases      ] GC(86)   Other: 0.2ms
[2024-07-05T10:20:11.504-0700][info][gc,heap        ] GC(86) Eden regions: 4->0(98)
[2024-07-05T10:20:11.504-0700][info][gc,heap        ] GC(86) Survivor regions: 9->4(13)
[2024-07-05T10:20:11.504-0700][info][gc,heap        ] GC(86) Old regions: 2010->2017
[2024-07-05T10:20:11.504-0700][info][gc,heap        ] GC(86) Archive regions: 2->2
[2024-07-05T10:20:11.504-0700][info][gc,heap        ] GC(86) Humongous regions: 8->8
[2024-07-05T10:20:11.504-0700][info][gc,metaspace   ] GC(86) Metaspace: 298K(512K)->298K(512K) NonClass: 291K(384K)->291K(384K) Class: 7K(128K)->7K(128K)
[2024-07-05T10:20:11.504-0700][info][gc             ] GC(86) Pause Young (Concurrent Start) (G1 Preventive Collection) 4058M->4055M(4096M) 10.071ms
[2024-07-05T10:20:11.504-0700][info][gc,cpu         ] GC(86) User=0.03s Sys=0.00s Real=0.02s
[2024-07-05T10:20:11.504-0700][info][gc             ] GC(87) Concurrent Mark Cycle
[2024-07-05T10:20:11.504-0700][info][gc,marking     ] GC(87) Concurrent Clear Claimed Marks
[2024-07-05T10:20:11.504-0700][info][gc,marking     ] GC(87) Concurrent Clear Claimed Marks 0.008ms
[2024-07-05T10:20:11.504-0700][info][gc,marking     ] GC(87) Concurrent Scan Root Regions
[2024-07-05T10:20:11.506-0700][info][gc,marking     ] GC(87) Concurrent Scan Root Regions 1.904ms
[2024-07-05T10:20:11.506-0700][info][gc,marking     ] GC(87) Concurrent Mark
[2024-07-05T10:20:11.506-0700][info][gc,marking     ] GC(87) Concurrent Mark From Roots
[2024-07-05T10:20:11.506-0700][info][gc,task        ] GC(87) Using 1 workers of 1 for marking
[2024-07-05T10:20:12.086-0700][info][gc,marking     ] GC(87) Concurrent Mark From Roots 580.307ms
[2024-07-05T10:20:12.086-0700][info][gc,marking     ] GC(87) Concurrent Preclean
[2024-07-05T10:20:12.086-0700][info][gc,marking     ] GC(87) Concurrent Preclean 0.061ms
[2024-07-05T10:20:34.634-0700][info][gc,start       ] GC(87) Pause Remark
[2024-07-05T10:20:34.635-0700][info][gc             ] GC(87) Pause Remark 4058M->4058M(4096M) 1.283ms
[2024-07-05T10:20:34.635-0700][info][gc,cpu         ] GC(87) User=0.01s Sys=0.00s Real=0.01s
[2024-07-05T10:20:34.635-0700][info][gc,marking     ] GC(87) Concurrent Mark 23129.363ms
[2024-07-05T10:20:34.635-0700][info][gc,marking     ] GC(87) Concurrent Rebuild Remembered Sets
[2024-07-05T10:20:34.910-0700][info][gc,marking     ] GC(87) Concurrent Rebuild Remembered Sets 274.659ms
[2024-07-05T10:20:35.277-0700][info][gc,start       ] GC(87) Pause Cleanup
[2024-07-05T10:20:35.278-0700][info][gc             ] GC(87) Pause Cleanup 4058M->4058M(4096M) 0.638ms
[2024-07-05T10:20:35.278-0700][info][gc,cpu         ] GC(87) User=0.00s Sys=0.00s Real=0.00s
[2024-07-05T10:20:35.278-0700][info][gc,marking     ] GC(87) Concurrent Cleanup for Next Mark
[2024-07-05T10:20:35.284-0700][info][gc,marking     ] GC(87) Concurrent Cleanup for Next Mark 5.777ms
[2024-07-05T10:20:35.284-0700][info][gc             ] GC(87) Concurrent Mark Cycle 23779.797ms
[2024-07-05T10:20:36.047-0700][info][gc,start       ] GC(88) Pause Young (Normal) (G1 Preventive Collection)
[2024-07-05T10:20:36.047-0700][info][gc,task        ] GC(88) Using 4 workers of 4 for evacuation
[2024-07-05T10:20:36.054-0700][info][gc,phases      ] GC(88)   Pre Evacuate Collection Set: 0.4ms
[2024-07-05T10:20:36.054-0700][info][gc,phases      ] GC(88)   Merge Heap Roots: 0.3ms
[2024-07-05T10:20:36.054-0700][info][gc,phases      ] GC(88)   Evacuate Collection Set: 5.8ms
[2024-07-05T10:20:36.054-0700][info][gc,phases      ] GC(88)   Post Evacuate Collection Set: 0.7ms
[2024-07-05T10:20:36.054-0700][info][gc,phases      ] GC(88)   Other: 0.1ms
[2024-07-05T10:20:36.054-0700][info][gc,heap        ] GC(88) Eden regions: 6->0(91)
[2024-07-05T10:20:36.054-0700][info][gc,heap        ] GC(88) Survivor regions: 4->11(11)
[2024-07-05T10:20:36.054-0700][info][gc,heap        ] GC(88) Old regions: 2017->2017
[2024-07-05T10:20:36.054-0700][info][gc,heap        ] GC(88) Archive regions: 2->2
[2024-07-05T10:20:36.054-0700][info][gc,heap        ] GC(88) Humongous regions: 8->8
[2024-07-05T10:20:36.054-0700][info][gc,metaspace   ] GC(88) Metaspace: 298K(512K)->298K(512K) NonClass: 291K(384K)->291K(384K) Class: 7K(128K)->7K(128K)
[2024-07-05T10:20:36.054-0700][info][gc             ] GC(88) Pause Young (Normal) (G1 Preventive Collection) 4067M->4068M(4096M) 7.309ms
[2024-07-05T10:20:36.054-0700][info][gc,cpu         ] GC(88) User=0.03s Sys=0.00s Real=0.00s
[2024-07-05T10:20:37.838-0700][info][gc,start       ] GC(89) Pause Young (Concurrent Start) (G1 Preventive Collection)
[2024-07-05T10:20:37.838-0700][info][gc,task        ] GC(89) Using 4 workers of 4 for evacuation
[2024-07-05T10:20:37.847-0700][info][gc             ] GC(89) To-space exhausted
[2024-07-05T10:20:37.847-0700][info][gc,phases      ] GC(89)   Pre Evacuate Collection Set: 0.4ms
[2024-07-05T10:20:37.847-0700][info][gc,phases      ] GC(89)   Merge Heap Roots: 0.2ms
[2024-07-05T10:20:37.847-0700][info][gc,phases      ] GC(89)   Evacuate Collection Set: 6.9ms
[2024-07-05T10:20:37.847-0700][info][gc,phases      ] GC(89)   Post Evacuate Collection Set: 1.0ms
[2024-07-05T10:20:37.847-0700][info][gc,phases      ] GC(89)   Other: 0.2ms
[2024-07-05T10:20:37.847-0700][info][gc,heap        ] GC(89) Eden regions: 1->0(97)
[2024-07-05T10:20:37.847-0700][info][gc,heap        ] GC(89) Survivor regions: 11->5(9)
[2024-07-05T10:20:37.847-0700][info][gc,heap        ] GC(89) Old regions: 2017->2027
[2024-07-05T10:20:37.847-0700][info][gc,heap        ] GC(89) Archive regions: 2->2
[2024-07-05T10:20:37.847-0700][info][gc,heap        ] GC(89) Humongous regions: 8->8
[2024-07-05T10:20:37.847-0700][info][gc,metaspace   ] GC(89) Metaspace: 298K(512K)->298K(512K) NonClass: 291K(384K)->291K(384K) Class: 7K(128K)->7K(128K)
[2024-07-05T10:20:37.847-0700][info][gc             ] GC(89) Pause Young (Concurrent Start) (G1 Preventive Collection) 4070M->4076M(4096M) 8.838ms
[2024-07-05T10:20:37.847-0700][info][gc,cpu         ] GC(89) User=0.02s Sys=0.01s Real=0.01s
[2024-07-05T10:20:37.847-0700][info][gc             ] GC(90) Concurrent Mark Cycle
[2024-07-05T10:20:37.847-0700][info][gc,marking     ] GC(90) Concurrent Clear Claimed Marks
[2024-07-05T10:20:37.847-0700][info][gc,marking     ] GC(90) Concurrent Clear Claimed Marks 0.007ms
[2024-07-05T10:20:37.847-0700][info][gc,marking     ] GC(90) Concurrent Scan Root Regions
[2024-07-05T10:20:37.849-0700][info][gc,marking     ] GC(90) Concurrent Scan Root Regions 1.401ms
[2024-07-05T10:20:37.849-0700][info][gc,marking     ] GC(90) Concurrent Mark
[2024-07-05T10:20:37.849-0700][info][gc,marking     ] GC(90) Concurrent Mark From Roots
[2024-07-05T10:20:37.849-0700][info][gc,task        ] GC(90) Using 1 workers of 1 for marking
[2024-07-05T10:20:37.849-0700][info][gc,start       ] GC(91) Pause Young (Normal) (G1 Preventive Collection)
[2024-07-05T10:20:37.849-0700][info][gc,task        ] GC(91) Using 4 workers of 4 for evacuation
[2024-07-05T10:20:37.852-0700][info][gc             ] GC(91) To-space exhausted
[2024-07-05T10:20:37.852-0700][info][gc,phases      ] GC(91)   Pre Evacuate Collection Set: 1.5ms
[2024-07-05T10:20:37.852-0700][info][gc,phases      ] GC(91)   Merge Heap Roots: 0.2ms
[2024-07-05T10:20:37.852-0700][info][gc,phases      ] GC(91)   Evacuate Collection Set: 2.0ms
[2024-07-05T10:20:37.852-0700][info][gc,phases      ] GC(91)   Post Evacuate Collection Set: 0.8ms
[2024-07-05T10:20:37.852-0700][info][gc,phases      ] GC(91)   Other: 0.1ms
[2024-07-05T10:20:37.852-0700][info][gc,heap        ] GC(91) Eden regions: 1->0(97)
[2024-07-05T10:20:37.852-0700][info][gc,heap        ] GC(91) Survivor regions: 5->5(5)
[2024-07-05T10:20:37.852-0700][info][gc,heap        ] GC(91) Old regions: 2027->2030
[2024-07-05T10:20:37.852-0700][info][gc,heap        ] GC(91) Archive regions: 2->2
[2024-07-05T10:20:37.852-0700][info][gc,heap        ] GC(91) Humongous regions: 8->8
[2024-07-05T10:20:37.852-0700][info][gc,metaspace   ] GC(91) Metaspace: 298K(512K)->298K(512K) NonClass: 291K(384K)->291K(384K) Class: 7K(128K)->7K(128K)
[2024-07-05T10:20:37.852-0700][info][gc             ] GC(91) Pause Young (Normal) (G1 Preventive Collection) 4078M->4082M(4096M) 3.382ms
[2024-07-05T10:20:37.852-0700][info][gc,cpu         ] GC(91) User=0.00s Sys=0.00s Real=0.00s
[2024-07-05T10:20:37.852-0700][info][gc,start       ] GC(92) Pause Young (Normal) (G1 Preventive Collection)
[2024-07-05T10:20:37.852-0700][info][gc,task        ] GC(92) Using 4 workers of 4 for evacuation
[2024-07-05T10:20:37.856-0700][info][gc             ] GC(92) To-space exhausted
[2024-07-05T10:20:37.856-0700][info][gc,phases      ] GC(92)   Pre Evacuate Collection Set: 0.3ms
[2024-07-05T10:20:37.856-0700][info][gc,phases      ] GC(92)   Merge Heap Roots: 0.1ms
[2024-07-05T10:20:37.856-0700][info][gc,phases      ] GC(92)   Evacuate Collection Set: 1.7ms
[2024-07-05T10:20:37.856-0700][info][gc,phases      ] GC(92)   Post Evacuate Collection Set: 1.1ms
[2024-07-05T10:20:37.856-0700][info][gc,phases      ] GC(92)   Other: 0.1ms
[2024-07-05T10:20:37.856-0700][info][gc,heap        ] GC(92) Eden regions: 1->0(100)
[2024-07-05T10:20:37.856-0700][info][gc,heap        ] GC(92) Survivor regions: 5->2(2)
[2024-07-05T10:20:37.856-0700][info][gc,heap        ] GC(92) Old regions: 2030->2036
[2024-07-05T10:20:37.856-0700][info][gc,heap        ] GC(92) Archive regions: 2->2
[2024-07-05T10:20:37.856-0700][info][gc,heap        ] GC(92) Humongous regions: 8->8
[2024-07-05T10:20:37.856-0700][info][gc,metaspace   ] GC(92) Metaspace: 298K(512K)->298K(512K) NonClass: 291K(384K)->291K(384K) Class: 7K(128K)->7K(128K)
[2024-07-05T10:20:37.856-0700][info][gc             ] GC(92) Pause Young (Normal) (G1 Preventive Collection) 4084M->4088M(4096M) 3.302ms
[2024-07-05T10:20:37.856-0700][info][gc,cpu         ] GC(92) User=0.00s Sys=0.00s Real=0.01s
[2024-07-05T10:20:37.856-0700][info][gc,ergo        ] Attempting full compaction
[2024-07-05T10:20:37.856-0700][info][gc,task        ] GC(93) Using 4 workers of 4 for full compaction
[2024-07-05T10:20:37.856-0700][info][gc,start       ] GC(93) Pause Full (G1 Compaction Pause)
[2024-07-05T10:20:37.859-0700][info][gc,phases,start] GC(93) Phase 1: Mark live objects
[2024-07-05T10:20:37.951-0700][info][gc,phases      ] GC(93) Phase 1: Mark live objects 91.633ms
[2024-07-05T10:20:37.951-0700][info][gc,phases,start] GC(93) Phase 2: Prepare for compaction
[2024-07-05T10:20:38.041-0700][info][gc,phases      ] GC(93) Phase 2: Prepare for compaction 89.993ms
[2024-07-05T10:20:38.041-0700][info][gc,phases,start] GC(93) Phase 3: Adjust pointers
[2024-07-05T10:20:38.134-0700][info][gc,phases      ] GC(93) Phase 3: Adjust pointers 92.910ms
[2024-07-05T10:20:38.134-0700][info][gc,phases,start] GC(93) Phase 4: Compact heap
[2024-07-05T10:20:38.587-0700][info][gc,phases      ] GC(93) Phase 4: Compact heap 453.225ms
[2024-07-05T10:20:38.590-0700][info][gc,heap        ] GC(93) Eden regions: 0->0(102)
[2024-07-05T10:20:38.590-0700][info][gc,heap        ] GC(93) Survivor regions: 2->0(2)
[2024-07-05T10:20:38.590-0700][info][gc,heap        ] GC(93) Old regions: 2036->1853
[2024-07-05T10:20:38.590-0700][info][gc,heap        ] GC(93) Archive regions: 2->2
[2024-07-05T10:20:38.590-0700][info][gc,heap        ] GC(93) Humongous regions: 8->8
[2024-07-05T10:20:38.590-0700][info][gc,metaspace   ] GC(93) Metaspace: 298K(512K)->298K(512K) NonClass: 291K(384K)->291K(384K) Class: 7K(128K)->7K(128K)
[2024-07-05T10:20:38.590-0700][info][gc             ] GC(93) Pause Full (G1 Compaction Pause) 4088M->3720M(4096M) 734.505ms
[2024-07-05T10:20:38.590-0700][info][gc,cpu         ] GC(93) User=2.89s Sys=0.00s Real=0.73s
[2024-07-05T10:20:38.590-0700][info][gc,marking     ] GC(90) Concurrent Mark From Roots 741.824ms
[2024-07-05T10:20:38.590-0700][info][gc,marking     ] GC(90) Concurrent Mark Abort
[2024-07-05T10:20:38.590-0700][info][gc             ] GC(90) Concurrent Mark Cycle 743.297ms
[2024-07-05T10:21:12.828-0700][info][gc,start       ] GC(94) Pause Young (Normal) (G1 Preventive Collection)
[2024-07-05T10:21:12.828-0700][info][gc,task        ] GC(94) Using 4 workers of 4 for evacuation
[2024-07-05T10:21:12.879-0700][info][gc,phases      ] GC(94)   Pre Evacuate Collection Set: 0.4ms
[2024-07-05T10:21:12.879-0700][info][gc,phases      ] GC(94)   Merge Heap Roots: 0.3ms
[2024-07-05T10:21:12.879-0700][info][gc,phases      ] GC(94)   Evacuate Collection Set: 48.9ms
[2024-07-05T10:21:12.879-0700][info][gc,phases      ] GC(94)   Post Evacuate Collection Set: 0.5ms
[2024-07-05T10:21:12.879-0700][info][gc,phases      ] GC(94)   Other: 0.1ms
[2024-07-05T10:21:12.879-0700][info][gc,heap        ] GC(94) Eden regions: 88->0(89)
[2024-07-05T10:21:12.879-0700][info][gc,heap        ] GC(94) Survivor regions: 0->13(13)
[2024-07-05T10:21:12.879-0700][info][gc,heap        ] GC(94) Old regions: 1853->1927
[2024-07-05T10:21:12.879-0700][info][gc,heap        ] GC(94) Archive regions: 2->2
[2024-07-05T10:21:12.879-0700][info][gc,heap        ] GC(94) Humongous regions: 8->8
[2024-07-05T10:21:12.879-0700][info][gc,metaspace   ] GC(94) Metaspace: 298K(512K)->298K(512K) NonClass: 291K(384K)->291K(384K) Class: 7K(128K)->7K(128K)
[2024-07-05T10:21:12.879-0700][info][gc             ] GC(94) Pause Young (Normal) (G1 Preventive Collection) 3896M->3893M(4096M) 50.223ms
[2024-07-05T10:21:12.879-0700][info][gc,cpu         ] GC(94) User=0.15s Sys=0.03s Real=0.05s
[2024-07-05T10:21:30.024-0700][info][gc,start       ] GC(95) Pause Young (Concurrent Start) (G1 Preventive Collection)
[2024-07-05T10:21:30.024-0700][info][gc,task        ] GC(95) Using 4 workers of 4 for evacuation
[2024-07-05T10:21:30.054-0700][info][gc             ] GC(95) To-space exhausted
[2024-07-05T10:21:30.054-0700][info][gc,phases      ] GC(95)   Pre Evacuate Collection Set: 0.6ms
[2024-07-05T10:21:30.054-0700][info][gc,phases      ] GC(95)   Merge Heap Roots: 0.4ms
[2024-07-05T10:21:30.054-0700][info][gc,phases      ] GC(95)   Evacuate Collection Set: 27.7ms
[2024-07-05T10:21:30.054-0700][info][gc,phases      ] GC(95)   Post Evacuate Collection Set: 1.0ms
[2024-07-05T10:21:30.054-0700][info][gc,phases      ] GC(95)   Other: 0.7ms
[2024-07-05T10:21:30.054-0700][info][gc,heap        ] GC(95) Eden regions: 46->0(89)
[2024-07-05T10:21:30.054-0700][info][gc,heap        ] GC(95) Survivor regions: 13->13(13)
[2024-07-05T10:21:30.054-0700][info][gc,heap        ] GC(95) Old regions: 1927->1978
[2024-07-05T10:21:30.054-0700][info][gc,heap        ] GC(95) Archive regions: 2->2
[2024-07-05T10:21:30.054-0700][info][gc,heap        ] GC(95) Humongous regions: 8->8
[2024-07-05T10:21:30.054-0700][info][gc,metaspace   ] GC(95) Metaspace: 302K(512K)->302K(512K) NonClass: 294K(384K)->294K(384K) Class: 7K(128K)->7K(128K)
[2024-07-05T10:21:30.054-0700][info][gc             ] GC(95) Pause Young (Concurrent Start) (G1 Preventive Collection) 3985M->3996M(4096M) 30.372ms
[2024-07-05T10:21:30.054-0700][info][gc,cpu         ] GC(95) User=0.08s Sys=0.02s Real=0.02s
[2024-07-05T10:21:30.054-0700][info][gc             ] GC(96) Concurrent Mark Cycle
[2024-07-05T10:21:30.054-0700][info][gc,marking     ] GC(96) Concurrent Clear Claimed Marks
[2024-07-05T10:21:30.054-0700][info][gc,marking     ] GC(96) Concurrent Clear Claimed Marks 0.006ms
[2024-07-05T10:21:30.054-0700][info][gc,marking     ] GC(96) Concurrent Scan Root Regions
[2024-07-05T10:21:30.060-0700][info][gc,marking     ] GC(96) Concurrent Scan Root Regions 5.912ms
[2024-07-05T10:21:30.060-0700][info][gc,marking     ] GC(96) Concurrent Mark
[2024-07-05T10:21:30.060-0700][info][gc,marking     ] GC(96) Concurrent Mark From Roots
[2024-07-05T10:21:30.060-0700][info][gc,task        ] GC(96) Using 1 workers of 1 for marking
[2024-07-05T10:21:30.676-0700][info][gc,marking     ] GC(96) Concurrent Mark From Roots 616.142ms
[2024-07-05T10:21:30.676-0700][info][gc,marking     ] GC(96) Concurrent Preclean
[2024-07-05T10:21:30.676-0700][info][gc,marking     ] GC(96) Concurrent Preclean 0.060ms
[2024-07-05T10:21:47.973-0700][info][gc,start       ] GC(96) Pause Remark
[2024-07-05T10:21:47.974-0700][info][gc             ] GC(96) Pause Remark 4001M->4001M(4096M) 1.074ms
[2024-07-05T10:21:47.974-0700][info][gc,cpu         ] GC(96) User=0.00s Sys=0.00s Real=0.00s
[2024-07-05T10:21:47.974-0700][info][gc,marking     ] GC(96) Concurrent Mark 17913.960ms
[2024-07-05T10:21:47.974-0700][info][gc,marking     ] GC(96) Concurrent Rebuild Remembered Sets
[2024-07-05T10:21:48.265-0700][info][gc,marking     ] GC(96) Concurrent Rebuild Remembered Sets 290.798ms
[2024-07-05T10:21:48.748-0700][info][gc,start       ] GC(96) Pause Cleanup
[2024-07-05T10:21:48.749-0700][info][gc             ] GC(96) Pause Cleanup 4001M->4001M(4096M) 0.752ms
[2024-07-05T10:21:48.749-0700][info][gc,cpu         ] GC(96) User=0.00s Sys=0.00s Real=0.00s
[2024-07-05T10:21:48.749-0700][info][gc,marking     ] GC(96) Concurrent Cleanup for Next Mark
[2024-07-05T10:21:48.756-0700][info][gc,marking     ] GC(96) Concurrent Cleanup for Next Mark 7.275ms
[2024-07-05T10:21:48.756-0700][info][gc             ] GC(96) Concurrent Mark Cycle 18701.901ms
[2024-07-05T10:22:06.364-0700][info][gc,start       ] GC(97) Pause Young (Prepare Mixed) (G1 Preventive Collection)
[2024-07-05T10:22:06.364-0700][info][gc,task        ] GC(97) Using 4 workers of 4 for evacuation
[2024-07-05T10:22:06.383-0700][info][gc,phases      ] GC(97)   Pre Evacuate Collection Set: 0.3ms
[2024-07-05T10:22:06.383-0700][info][gc,phases      ] GC(97)   Merge Heap Roots: 0.2ms
[2024-07-05T10:22:06.383-0700][info][gc,phases      ] GC(97)   Evacuate Collection Set: 17.8ms
[2024-07-05T10:22:06.383-0700][info][gc,phases      ] GC(97)   Post Evacuate Collection Set: 0.5ms
[2024-07-05T10:22:06.383-0700][info][gc,phases      ] GC(97)   Other: 0.1ms
[2024-07-05T10:22:06.383-0700][info][gc,heap        ] GC(97) Eden regions: 15->0(89)
[2024-07-05T10:22:06.383-0700][info][gc,heap        ] GC(97) Survivor regions: 13->13(13)
[2024-07-05T10:22:06.383-0700][info][gc,heap        ] GC(97) Old regions: 1978->1994
[2024-07-05T10:22:06.383-0700][info][gc,heap        ] GC(97) Archive regions: 2->2
[2024-07-05T10:22:06.383-0700][info][gc,heap        ] GC(97) Humongous regions: 8->8
[2024-07-05T10:22:06.383-0700][info][gc,metaspace   ] GC(97) Metaspace: 302K(512K)->302K(512K) NonClass: 294K(384K)->294K(384K) Class: 7K(128K)->7K(128K)
[2024-07-05T10:22:06.383-0700][info][gc             ] GC(97) Pause Young (Prepare Mixed) (G1 Preventive Collection) 4026M->4026M(4096M) 19.067ms
[2024-07-05T10:22:06.383-0700][info][gc,cpu         ] GC(97) User=0.06s Sys=0.00s Real=0.01s
[2024-07-05T10:22:12.647-0700][info][gc,start       ] GC(98) Pause Young (Mixed) (G1 Preventive Collection)
[2024-07-05T10:22:12.647-0700][info][gc,task        ] GC(98) Using 4 workers of 4 for evacuation
[2024-07-05T10:22:12.659-0700][info][gc,phases      ] GC(98)   Pre Evacuate Collection Set: 0.3ms
[2024-07-05T10:22:12.659-0700][info][gc,phases      ] GC(98)   Merge Heap Roots: 0.2ms
[2024-07-05T10:22:12.659-0700][info][gc,phases      ] GC(98)   Evacuate Collection Set: 10.7ms
[2024-07-05T10:22:12.659-0700][info][gc,phases      ] GC(98)   Post Evacuate Collection Set: 0.7ms
[2024-07-05T10:22:12.659-0700][info][gc,phases      ] GC(98)   Other: 0.2ms
[2024-07-05T10:22:12.659-0700][info][gc,heap        ] GC(98) Eden regions: 7->0(94)
[2024-07-05T10:22:12.659-0700][info][gc,heap        ] GC(98) Survivor regions: 13->8(13)
[2024-07-05T10:22:12.659-0700][info][gc,heap        ] GC(98) Old regions: 1994->2005
[2024-07-05T10:22:12.659-0700][info][gc,heap        ] GC(98) Archive regions: 2->2
[2024-07-05T10:22:12.659-0700][info][gc,heap        ] GC(98) Humongous regions: 8->8
[2024-07-05T10:22:12.659-0700][info][gc,metaspace   ] GC(98) Metaspace: 302K(512K)->302K(512K) NonClass: 294K(384K)->294K(384K) Class: 7K(128K)->7K(128K)
[2024-07-05T10:22:12.659-0700][info][gc             ] GC(98) Pause Young (Mixed) (G1 Preventive Collection) 4040M->4039M(4096M) 12.135ms
[2024-07-05T10:22:12.659-0700][info][gc,cpu         ] GC(98) User=0.04s Sys=0.00s Real=0.01s
[2024-07-05T10:22:21.034-0700][info][gc,start       ] GC(99) Pause Young (Concurrent Start) (G1 Preventive Collection)
[2024-07-05T10:22:21.034-0700][info][gc,task        ] GC(99) Using 4 workers of 4 for evacuation
[2024-07-05T10:22:21.044-0700][info][gc,phases      ] GC(99)   Pre Evacuate Collection Set: 0.2ms
[2024-07-05T10:22:21.044-0700][info][gc,phases      ] GC(99)   Merge Heap Roots: 0.1ms
[2024-07-05T10:22:21.044-0700][info][gc,phases      ] GC(99)   Evacuate Collection Set: 8.3ms
[2024-07-05T10:22:21.044-0700][info][gc,phases      ] GC(99)   Post Evacuate Collection Set: 0.6ms
[2024-07-05T10:22:21.044-0700][info][gc,phases      ] GC(99)   Other: 0.2ms
[2024-07-05T10:22:21.044-0700][info][gc,heap        ] GC(99) Eden regions: 7->0(94)
[2024-07-05T10:22:21.044-0700][info][gc,heap        ] GC(99) Survivor regions: 8->8(13)
[2024-07-05T10:22:21.044-0700][info][gc,heap        ] GC(99) Old regions: 2005->2012
[2024-07-05T10:22:21.044-0700][info][gc,heap        ] GC(99) Archive regions: 2->2
[2024-07-05T10:22:21.044-0700][info][gc,heap        ] GC(99) Humongous regions: 8->8
[2024-07-05T10:22:21.044-0700][info][gc,metaspace   ] GC(99) Metaspace: 302K(512K)->302K(512K) NonClass: 294K(384K)->294K(384K) Class: 7K(128K)->7K(128K)
[2024-07-05T10:22:21.044-0700][info][gc             ] GC(99) Pause Young (Concurrent Start) (G1 Preventive Collection) 4053M->4053M(4096M) 9.500ms
[2024-07-05T10:22:21.044-0700][info][gc,cpu         ] GC(99) User=0.03s Sys=0.00s Real=0.02s
[2024-07-05T10:22:21.044-0700][info][gc             ] GC(100) Concurrent Mark Cycle
[2024-07-05T10:22:21.044-0700][info][gc,marking     ] GC(100) Concurrent Clear Claimed Marks
[2024-07-05T10:22:21.044-0700][info][gc,marking     ] GC(100) Concurrent Clear Claimed Marks 0.007ms
[2024-07-05T10:22:21.044-0700][info][gc,marking     ] GC(100) Concurrent Scan Root Regions
[2024-07-05T10:22:21.046-0700][info][gc,marking     ] GC(100) Concurrent Scan Root Regions 1.846ms
[2024-07-05T10:22:21.046-0700][info][gc,marking     ] GC(100) Concurrent Mark
[2024-07-05T10:22:21.046-0700][info][gc,marking     ] GC(100) Concurrent Mark From Roots
[2024-07-05T10:22:21.046-0700][info][gc,task        ] GC(100) Using 1 workers of 1 for marking
[2024-07-05T10:22:21.711-0700][info][gc,marking     ] GC(100) Concurrent Mark From Roots 664.836ms
[2024-07-05T10:22:21.711-0700][info][gc,marking     ] GC(100) Concurrent Preclean
[2024-07-05T10:22:21.711-0700][info][gc,marking     ] GC(100) Concurrent Preclean 0.067ms
[2024-07-05T10:23:45.069-0700][info][gc,start       ] GC(100) Pause Remark
[2024-07-05T10:23:45.071-0700][info][gc             ] GC(100) Pause Remark 4059M->4059M(4096M) 1.968ms
[2024-07-05T10:23:45.071-0700][info][gc,cpu         ] GC(100) User=0.00s Sys=0.00s Real=0.00s
[2024-07-05T10:23:45.071-0700][info][gc,marking     ] GC(100) Concurrent Mark 84024.999ms
[2024-07-05T10:23:45.071-0700][info][gc,marking     ] GC(100) Concurrent Rebuild Remembered Sets
[2024-07-05T10:23:45.072-0700][info][gc,start       ] GC(101) Pause Young (Normal) (G1 Preventive Collection)
[2024-07-05T10:23:45.072-0700][info][gc,task        ] GC(101) Using 4 workers of 4 for evacuation
[2024-07-05T10:23:45.081-0700][info][gc,phases      ] GC(101)   Pre Evacuate Collection Set: 0.4ms
[2024-07-05T10:23:45.081-0700][info][gc,phases      ] GC(101)   Merge Heap Roots: 0.3ms
[2024-07-05T10:23:45.081-0700][info][gc,phases      ] GC(101)   Evacuate Collection Set: 7.8ms
[2024-07-05T10:23:45.081-0700][info][gc,phases      ] GC(101)   Post Evacuate Collection Set: 0.7ms
[2024-07-05T10:23:45.081-0700][info][gc,phases      ] GC(101)   Other: 0.1ms
[2024-07-05T10:23:45.081-0700][info][gc,heap        ] GC(101) Eden regions: 4->0(97)
[2024-07-05T10:23:45.081-0700][info][gc,heap        ] GC(101) Survivor regions: 8->5(13)
[2024-07-05T10:23:45.081-0700][info][gc,heap        ] GC(101) Old regions: 2012->2019
[2024-07-05T10:23:45.081-0700][info][gc,heap        ] GC(101) Archive regions: 2->2
[2024-07-05T10:23:45.081-0700][info][gc,heap        ] GC(101) Humongous regions: 8->8
[2024-07-05T10:23:45.081-0700][info][gc,metaspace   ] GC(101) Metaspace: 302K(512K)->302K(512K) NonClass: 294K(384K)->294K(384K) Class: 7K(128K)->7K(128K)
[2024-07-05T10:23:45.081-0700][info][gc             ] GC(101) Pause Young (Normal) (G1 Preventive Collection) 4061M->4061M(4096M) 9.329ms
[2024-07-05T10:23:45.081-0700][info][gc,cpu         ] GC(101) User=0.02s Sys=0.00s Real=0.01s
[2024-07-05T10:23:45.590-0700][info][gc,marking     ] GC(100) Concurrent Rebuild Remembered Sets 519.430ms
[2024-07-05T10:23:45.764-0700][info][gc,start       ] GC(100) Pause Cleanup
[2024-07-05T10:23:45.765-0700][info][gc             ] GC(100) Pause Cleanup 4069M->4069M(4096M) 0.744ms
[2024-07-05T10:23:45.765-0700][info][gc,cpu         ] GC(100) User=0.01s Sys=0.00s Real=0.00s
[2024-07-05T10:23:45.765-0700][info][gc,marking     ] GC(100) Concurrent Cleanup for Next Mark
[2024-07-05T10:23:45.773-0700][info][gc,marking     ] GC(100) Concurrent Cleanup for Next Mark 8.159ms
[2024-07-05T10:23:45.773-0700][info][gc             ] GC(100) Concurrent Mark Cycle 84729.243ms
[2024-07-05T10:23:47.250-0700][info][gc,start       ] GC(102) Pause Young (Prepare Mixed) (G1 Preventive Collection)
[2024-07-05T10:23:47.251-0700][info][gc,task        ] GC(102) Using 4 workers of 4 for evacuation
[2024-07-05T10:23:47.258-0700][info][gc,phases      ] GC(102)   Pre Evacuate Collection Set: 0.4ms
[2024-07-05T10:23:47.258-0700][info][gc,phases      ] GC(102)   Merge Heap Roots: 0.2ms
[2024-07-05T10:23:47.258-0700][info][gc,phases      ] GC(102)   Evacuate Collection Set: 6.6ms
[2024-07-05T10:23:47.258-0700][info][gc,phases      ] GC(102)   Post Evacuate Collection Set: 0.5ms
[2024-07-05T10:23:47.258-0700][info][gc,phases      ] GC(102)   Other: 0.2ms
[2024-07-05T10:23:47.258-0700][info][gc,heap        ] GC(102) Eden regions: 4->0(93)
[2024-07-05T10:23:47.258-0700][info][gc,heap        ] GC(102) Survivor regions: 5->9(10)
[2024-07-05T10:23:47.258-0700][info][gc,heap        ] GC(102) Old regions: 2019->2019
[2024-07-05T10:23:47.258-0700][info][gc,heap        ] GC(102) Archive regions: 2->2
[2024-07-05T10:23:47.258-0700][info][gc,heap        ] GC(102) Humongous regions: 8->8
[2024-07-05T10:23:47.258-0700][info][gc,metaspace   ] GC(102) Metaspace: 302K(512K)->302K(512K) NonClass: 294K(384K)->294K(384K) Class: 7K(128K)->7K(128K)
[2024-07-05T10:23:47.258-0700][info][gc             ] GC(102) Pause Young (Prepare Mixed) (G1 Preventive Collection) 4069M->4068M(4096M) 7.879ms
[2024-07-05T10:23:47.258-0700][info][gc,cpu         ] GC(102) User=0.02s Sys=0.01s Real=0.01s
[2024-07-05T10:23:47.259-0700][info][gc,start       ] GC(103) Pause Young (Mixed) (G1 Preventive Collection)
[2024-07-05T10:23:47.259-0700][info][gc,task        ] GC(103) Using 4 workers of 4 for evacuation
[2024-07-05T10:23:47.262-0700][info][gc             ] GC(103) To-space exhausted
[2024-07-05T10:23:47.262-0700][info][gc,phases      ] GC(103)   Pre Evacuate Collection Set: 0.3ms
[2024-07-05T10:23:47.263-0700][info][gc,phases      ] GC(103)   Merge Heap Roots: 0.1ms
[2024-07-05T10:23:47.263-0700][info][gc,phases      ] GC(103)   Evacuate Collection Set: 2.8ms
[2024-07-05T10:23:47.263-0700][info][gc,phases      ] GC(103)   Post Evacuate Collection Set: 0.6ms
[2024-07-05T10:23:47.263-0700][info][gc,phases      ] GC(103)   Other: 0.1ms
[2024-07-05T10:23:47.263-0700][info][gc,heap        ] GC(103) Eden regions: 1->0(96)
[2024-07-05T10:23:47.263-0700][info][gc,heap        ] GC(103) Survivor regions: 9->6(9)
[2024-07-05T10:23:47.263-0700][info][gc,heap        ] GC(103) Old regions: 2019->2023
[2024-07-05T10:23:47.263-0700][info][gc,heap        ] GC(103) Archive regions: 2->2
[2024-07-05T10:23:47.263-0700][info][gc,heap        ] GC(103) Humongous regions: 8->8
[2024-07-05T10:23:47.263-0700][info][gc,metaspace   ] GC(103) Metaspace: 302K(512K)->302K(512K) NonClass: 294K(384K)->294K(384K) Class: 7K(128K)->7K(128K)
[2024-07-05T10:23:47.263-0700][info][gc             ] GC(103) Pause Young (Mixed) (G1 Preventive Collection) 4070M->4071M(4096M) 3.840ms
[2024-07-05T10:23:47.263-0700][info][gc,cpu         ] GC(103) User=0.01s Sys=0.00s Real=0.00s
[2024-07-05T10:23:47.263-0700][info][gc,start       ] GC(104) Pause Young (Concurrent Start) (G1 Preventive Collection)
[2024-07-05T10:23:47.263-0700][info][gc,task        ] GC(104) Using 4 workers of 4 for evacuation
[2024-07-05T10:23:47.266-0700][info][gc,phases      ] GC(104)   Pre Evacuate Collection Set: 0.3ms
[2024-07-05T10:23:47.266-0700][info][gc,phases      ] GC(104)   Merge Heap Roots: 0.1ms
[2024-07-05T10:23:47.266-0700][info][gc,phases      ] GC(104)   Evacuate Collection Set: 2.0ms
[2024-07-05T10:23:47.266-0700][info][gc,phases      ] GC(104)   Post Evacuate Collection Set: 0.5ms
[2024-07-05T10:23:47.266-0700][info][gc,phases      ] GC(104)   Other: 0.1ms
[2024-07-05T10:23:47.266-0700][info][gc,heap        ] GC(104) Eden regions: 1->0(95)
[2024-07-05T10:23:47.266-0700][info][gc,heap        ] GC(104) Survivor regions: 6->7(8)
[2024-07-05T10:23:47.266-0700][info][gc,heap        ] GC(104) Old regions: 2023->2023
[2024-07-05T10:23:47.266-0700][info][gc,heap        ] GC(104) Archive regions: 2->2
[2024-07-05T10:23:47.266-0700][info][gc,heap        ] GC(104) Humongous regions: 8->8
[2024-07-05T10:23:47.266-0700][info][gc,metaspace   ] GC(104) Metaspace: 302K(512K)->302K(512K) NonClass: 294K(384K)->294K(384K) Class: 7K(128K)->7K(128K)
[2024-07-05T10:23:47.266-0700][info][gc             ] GC(104) Pause Young (Concurrent Start) (G1 Preventive Collection) 4073M->4073M(4096M) 3.107ms
[2024-07-05T10:23:47.266-0700][info][gc,cpu         ] GC(104) User=0.01s Sys=0.00s Real=0.01s
[2024-07-05T10:23:47.266-0700][info][gc             ] GC(105) Concurrent Mark Cycle
[2024-07-05T10:23:47.266-0700][info][gc,marking     ] GC(105) Concurrent Clear Claimed Marks
[2024-07-05T10:23:47.266-0700][info][gc,marking     ] GC(105) Concurrent Clear Claimed Marks 0.006ms
[2024-07-05T10:23:47.266-0700][info][gc,marking     ] GC(105) Concurrent Scan Root Regions
[2024-07-05T10:23:47.267-0700][info][gc,marking     ] GC(105) Concurrent Scan Root Regions 0.753ms
[2024-07-05T10:23:47.267-0700][info][gc,marking     ] GC(105) Concurrent Mark
[2024-07-05T10:23:47.267-0700][info][gc,marking     ] GC(105) Concurrent Mark From Roots
[2024-07-05T10:23:47.267-0700][info][gc,task        ] GC(105) Using 1 workers of 1 for marking
[2024-07-05T10:23:47.267-0700][info][gc,start       ] GC(106) Pause Young (Normal) (G1 Preventive Collection)
[2024-07-05T10:23:47.267-0700][info][gc,task        ] GC(106) Using 4 workers of 4 for evacuation
[2024-07-05T10:23:47.270-0700][info][gc             ] GC(106) To-space exhausted
[2024-07-05T10:23:47.270-0700][info][gc,phases      ] GC(106)   Pre Evacuate Collection Set: 0.7ms
[2024-07-05T10:23:47.270-0700][info][gc,phases      ] GC(106)   Merge Heap Roots: 0.1ms
[2024-07-05T10:23:47.270-0700][info][gc,phases      ] GC(106)   Evacuate Collection Set: 2.1ms
[2024-07-05T10:23:47.270-0700][info][gc,phases      ] GC(106)   Post Evacuate Collection Set: 0.8ms
[2024-07-05T10:23:47.270-0700][info][gc,phases      ] GC(106)   Other: 0.1ms
[2024-07-05T10:23:47.270-0700][info][gc,heap        ] GC(106) Eden regions: 1->0(95)
[2024-07-05T10:23:47.270-0700][info][gc,heap        ] GC(106) Survivor regions: 7->7(7)
[2024-07-05T10:23:47.270-0700][info][gc,heap        ] GC(106) Old regions: 2023->2026
[2024-07-05T10:23:47.270-0700][info][gc,heap        ] GC(106) Archive regions: 2->2
[2024-07-05T10:23:47.270-0700][info][gc,heap        ] GC(106) Humongous regions: 8->8
[2024-07-05T10:23:47.270-0700][info][gc,metaspace   ] GC(106) Metaspace: 302K(512K)->302K(512K) NonClass: 294K(384K)->294K(384K) Class: 7K(128K)->7K(128K)
[2024-07-05T10:23:47.270-0700][info][gc             ] GC(106) Pause Young (Normal) (G1 Preventive Collection) 4075M->4080M(4096M) 3.328ms
[2024-07-05T10:23:47.270-0700][info][gc,cpu         ] GC(106) User=0.01s Sys=0.00s Real=0.00s
[2024-07-05T10:23:47.271-0700][info][gc,start       ] GC(107) Pause Young (Normal) (G1 Preventive Collection)
[2024-07-05T10:23:47.271-0700][info][gc,task        ] GC(107) Using 4 workers of 4 for evacuation
[2024-07-05T10:23:47.275-0700][info][gc             ] GC(107) To-space exhausted
[2024-07-05T10:23:47.275-0700][info][gc,phases      ] GC(107)   Pre Evacuate Collection Set: 0.3ms
[2024-07-05T10:23:47.275-0700][info][gc,phases      ] GC(107)   Merge Heap Roots: 0.1ms
[2024-07-05T10:23:47.275-0700][info][gc,phases      ] GC(107)   Evacuate Collection Set: 2.9ms
[2024-07-05T10:23:47.275-0700][info][gc,phases      ] GC(107)   Post Evacuate Collection Set: 0.9ms
[2024-07-05T10:23:47.275-0700][info][gc,phases      ] GC(107)   Other: 0.1ms
[2024-07-05T10:23:47.275-0700][info][gc,heap        ] GC(107) Eden regions: 1->0(100)
[2024-07-05T10:23:47.275-0700][info][gc,heap        ] GC(107) Survivor regions: 7->2(4)
[2024-07-05T10:23:47.275-0700][info][gc,heap        ] GC(107) Old regions: 2026->2035
[2024-07-05T10:23:47.275-0700][info][gc,heap        ] GC(107) Archive regions: 2->2
[2024-07-05T10:23:47.275-0700][info][gc,heap        ] GC(107) Humongous regions: 8->8
[2024-07-05T10:23:47.275-0700][info][gc,metaspace   ] GC(107) Metaspace: 302K(512K)->302K(512K) NonClass: 294K(384K)->294K(384K) Class: 7K(128K)->7K(128K)
[2024-07-05T10:23:47.275-0700][info][gc             ] GC(107) Pause Young (Normal) (G1 Preventive Collection) 4082M->4088M(4096M) 4.311ms
[2024-07-05T10:23:47.275-0700][info][gc,cpu         ] GC(107) User=0.00s Sys=0.01s Real=0.01s
[2024-07-05T10:23:47.865-0700][info][gc,marking     ] GC(105) Concurrent Mark From Roots 598.520ms
[2024-07-05T10:23:47.865-0700][info][gc,marking     ] GC(105) Concurrent Preclean
[2024-07-05T10:23:47.866-0700][info][gc,marking     ] GC(105) Concurrent Preclean 0.058ms
[2024-07-05T10:24:09.755-0700][info][gc,start       ] GC(105) Pause Remark
[2024-07-05T10:24:09.757-0700][info][gc             ] GC(105) Pause Remark 4090M->4090M(4096M) 2.585ms
[2024-07-05T10:24:09.757-0700][info][gc,cpu         ] GC(105) User=0.01s Sys=0.00s Real=0.01s
[2024-07-05T10:24:09.757-0700][info][gc,marking     ] GC(105) Concurrent Mark 22490.489ms
[2024-07-05T10:24:09.757-0700][info][gc,marking     ] GC(105) Concurrent Rebuild Remembered Sets
[2024-07-05T10:24:10.082-0700][info][gc,marking     ] GC(105) Concurrent Rebuild Remembered Sets 324.551ms
[2024-07-05T10:24:11.253-0700][info][gc,start       ] GC(105) Pause Cleanup
[2024-07-05T10:24:11.254-0700][info][gc             ] GC(105) Pause Cleanup 4090M->4090M(4096M) 0.771ms
[2024-07-05T10:24:11.254-0700][info][gc,cpu         ] GC(105) User=0.01s Sys=0.00s Real=0.00s
[2024-07-05T10:24:11.254-0700][info][gc,marking     ] GC(105) Concurrent Cleanup for Next Mark
[2024-07-05T10:24:11.254-0700][info][gc,start       ] GC(108) Pause Young (Prepare Mixed) (G1 Evacuation Pause)
[2024-07-05T10:24:11.254-0700][info][gc,task        ] GC(108) Using 4 workers of 4 for evacuation
[2024-07-05T10:24:11.261-0700][info][gc             ] GC(108) To-space exhausted
[2024-07-05T10:24:11.261-0700][info][gc,phases      ] GC(108)   Pre Evacuate Collection Set: 0.2ms
[2024-07-05T10:24:11.261-0700][info][gc,phases      ] GC(108)   Merge Heap Roots: 0.4ms
[2024-07-05T10:24:11.261-0700][info][gc,phases      ] GC(108)   Evacuate Collection Set: 5.2ms
[2024-07-05T10:24:11.261-0700][info][gc,phases      ] GC(108)   Post Evacuate Collection Set: 0.8ms
[2024-07-05T10:24:11.261-0700][info][gc,phases      ] GC(108)   Other: 0.1ms
[2024-07-05T10:24:11.261-0700][info][gc,heap        ] GC(108) Eden regions: 1->0(102)
[2024-07-05T10:24:11.261-0700][info][gc,heap        ] GC(108) Survivor regions: 2->0(0)
[2024-07-05T10:24:11.261-0700][info][gc,heap        ] GC(108) Old regions: 2035->2038
[2024-07-05T10:24:11.261-0700][info][gc,heap        ] GC(108) Archive regions: 2->2
[2024-07-05T10:24:11.261-0700][info][gc,heap        ] GC(108) Humongous regions: 8->8
[2024-07-05T10:24:11.261-0700][info][gc,metaspace   ] GC(108) Metaspace: 302K(512K)->302K(512K) NonClass: 294K(384K)->294K(384K) Class: 7K(128K)->7K(128K)
[2024-07-05T10:24:11.261-0700][info][gc             ] GC(108) Pause Young (Prepare Mixed) (G1 Evacuation Pause) 4090M->4090M(4096M) 6.747ms
[2024-07-05T10:24:11.261-0700][info][gc,cpu         ] GC(108) User=0.01s Sys=0.01s Real=0.01s
[2024-07-05T10:24:11.261-0700][info][gc,ergo        ] Attempting full compaction
[2024-07-05T10:24:11.261-0700][info][gc,task        ] GC(109) Using 4 workers of 4 for full compaction
[2024-07-05T10:24:11.261-0700][info][gc,start       ] GC(109) Pause Full (G1 Compaction Pause)
[2024-07-05T10:24:11.264-0700][info][gc,phases,start] GC(109) Phase 1: Mark live objects
[2024-07-05T10:24:11.360-0700][info][gc,phases      ] GC(109) Phase 1: Mark live objects 95.139ms
[2024-07-05T10:24:11.360-0700][info][gc,phases,start] GC(109) Phase 2: Prepare for compaction
[2024-07-05T10:24:11.391-0700][info][gc,phases      ] GC(109) Phase 2: Prepare for compaction 31.862ms
[2024-07-05T10:24:11.391-0700][info][gc,phases,start] GC(109) Phase 3: Adjust pointers
[2024-07-05T10:24:11.467-0700][info][gc,phases      ] GC(109) Phase 3: Adjust pointers 75.899ms
[2024-07-05T10:24:11.467-0700][info][gc,phases,start] GC(109) Phase 4: Compact heap
[2024-07-05T10:24:11.608-0700][info][gc,phases      ] GC(109) Phase 4: Compact heap 140.235ms
[2024-07-05T10:24:11.611-0700][info][gc,heap        ] GC(109) Eden regions: 0->0(102)
[2024-07-05T10:24:11.611-0700][info][gc,heap        ] GC(109) Survivor regions: 0->0(0)
[2024-07-05T10:24:11.611-0700][info][gc,heap        ] GC(109) Old regions: 2038->1995
[2024-07-05T10:24:11.611-0700][info][gc,heap        ] GC(109) Archive regions: 2->2
[2024-07-05T10:24:11.611-0700][info][gc,heap        ] GC(109) Humongous regions: 8->8
[2024-07-05T10:24:11.611-0700][info][gc,metaspace   ] GC(109) Metaspace: 302K(512K)->302K(512K) NonClass: 294K(384K)->294K(384K) Class: 7K(128K)->7K(128K)
[2024-07-05T10:24:11.611-0700][info][gc             ] GC(109) Pause Full (G1 Compaction Pause) 4090M->4002M(4096M) 349.844ms
[2024-07-05T10:24:11.611-0700][info][gc,cpu         ] GC(109) User=1.35s Sys=0.00s Real=0.35s
[2024-07-05T10:24:11.611-0700][info][gc,marking     ] GC(105) Concurrent Cleanup for Next Mark 356.904ms
[2024-07-05T10:24:11.611-0700][info][gc,marking     ] GC(105) Concurrent Mark Abort
[2024-07-05T10:24:11.611-0700][info][gc             ] GC(105) Concurrent Mark Cycle 24344.964ms
[2024-07-05T10:24:20.228-0700][info][gc,start       ] GC(110) Pause Young (Normal) (G1 Preventive Collection)
[2024-07-05T10:24:20.228-0700][info][gc,task        ] GC(110) Using 4 workers of 4 for evacuation
[2024-07-05T10:24:20.242-0700][info][gc,phases      ] GC(110)   Pre Evacuate Collection Set: 0.2ms
[2024-07-05T10:24:20.242-0700][info][gc,phases      ] GC(110)   Merge Heap Roots: 0.1ms
[2024-07-05T10:24:20.242-0700][info][gc,phases      ] GC(110)   Evacuate Collection Set: 13.0ms
[2024-07-05T10:24:20.242-0700][info][gc,phases      ] GC(110)   Post Evacuate Collection Set: 0.4ms
[2024-07-05T10:24:20.242-0700][info][gc,phases      ] GC(110)   Other: 0.1ms
[2024-07-05T10:24:20.242-0700][info][gc,heap        ] GC(110) Eden regions: 21->0(89)
[2024-07-05T10:24:20.242-0700][info][gc,heap        ] GC(110) Survivor regions: 0->13(13)
[2024-07-05T10:24:20.242-0700][info][gc,heap        ] GC(110) Old regions: 1995->2003
[2024-07-05T10:24:20.242-0700][info][gc,heap        ] GC(110) Archive regions: 2->2
[2024-07-05T10:24:20.242-0700][info][gc,heap        ] GC(110) Humongous regions: 8->8
[2024-07-05T10:24:20.242-0700][info][gc,metaspace   ] GC(110) Metaspace: 302K(512K)->302K(512K) NonClass: 294K(384K)->294K(384K) Class: 7K(128K)->7K(128K)
[2024-07-05T10:24:20.242-0700][info][gc             ] GC(110) Pause Young (Normal) (G1 Preventive Collection) 4044M->4044M(4096M) 13.927ms
[2024-07-05T10:24:20.242-0700][info][gc,cpu         ] GC(110) User=0.05s Sys=0.00s Real=0.01s
[2024-07-05T10:24:24.740-0700][info][gc,start       ] GC(111) Pause Young (Concurrent Start) (G1 Preventive Collection)
[2024-07-05T10:24:24.740-0700][info][gc,task        ] GC(111) Using 4 workers of 4 for evacuation
[2024-07-05T10:24:24.752-0700][info][gc             ] GC(111) To-space exhausted
[2024-07-05T10:24:24.752-0700][info][gc,phases      ] GC(111)   Pre Evacuate Collection Set: 0.3ms
[2024-07-05T10:24:24.752-0700][info][gc,phases      ] GC(111)   Merge Heap Roots: 0.2ms
[2024-07-05T10:24:24.752-0700][info][gc,phases      ] GC(111)   Evacuate Collection Set: 9.0ms
[2024-07-05T10:24:24.752-0700][info][gc,phases      ] GC(111)   Post Evacuate Collection Set: 1.9ms
[2024-07-05T10:24:24.752-0700][info][gc,phases      ] GC(111)   Other: 0.3ms
[2024-07-05T10:24:24.752-0700][info][gc,heap        ] GC(111) Eden regions: 10->0(100)
[2024-07-05T10:24:24.752-0700][info][gc,heap        ] GC(111) Survivor regions: 13->2(12)
[2024-07-05T10:24:24.752-0700][info][gc,heap        ] GC(111) Old regions: 2003->2031
[2024-07-05T10:24:24.752-0700][info][gc,heap        ] GC(111) Archive regions: 2->2
[2024-07-05T10:24:24.752-0700][info][gc,heap        ] GC(111) Humongous regions: 8->8
[2024-07-05T10:24:24.752-0700][info][gc,metaspace   ] GC(111) Metaspace: 302K(512K)->302K(512K) NonClass: 294K(384K)->294K(384K) Class: 7K(128K)->7K(128K)
[2024-07-05T10:24:24.752-0700][info][gc             ] GC(111) Pause Young (Concurrent Start) (G1 Preventive Collection) 4064M->4078M(4096M) 11.587ms
[2024-07-05T10:24:24.752-0700][info][gc,cpu         ] GC(111) User=0.04s Sys=0.00s Real=0.01s
[2024-07-05T10:24:24.752-0700][info][gc             ] GC(112) Concurrent Mark Cycle
[2024-07-05T10:24:24.752-0700][info][gc,marking     ] GC(112) Concurrent Clear Claimed Marks
[2024-07-05T10:24:24.752-0700][info][gc,marking     ] GC(112) Concurrent Clear Claimed Marks 0.022ms
[2024-07-05T10:24:24.752-0700][info][gc,marking     ] GC(112) Concurrent Scan Root Regions
[2024-07-05T10:24:24.754-0700][info][gc,marking     ] GC(112) Concurrent Scan Root Regions 1.635ms
[2024-07-05T10:24:24.754-0700][info][gc,marking     ] GC(112) Concurrent Mark
[2024-07-05T10:24:24.754-0700][info][gc,marking     ] GC(112) Concurrent Mark From Roots
[2024-07-05T10:24:24.754-0700][info][gc,task        ] GC(112) Using 1 workers of 1 for marking
[2024-07-05T10:24:24.754-0700][info][gc,start       ] GC(113) Pause Young (Normal) (G1 Preventive Collection)
[2024-07-05T10:24:24.754-0700][info][gc,task        ] GC(113) Using 4 workers of 4 for evacuation
[2024-07-05T10:24:24.756-0700][info][gc,phases      ] GC(113)   Pre Evacuate Collection Set: 1.7ms
[2024-07-05T10:24:24.756-0700][info][gc,phases      ] GC(113)   Merge Heap Roots: 0.2ms
[2024-07-05T10:24:24.756-0700][info][gc,phases      ] GC(113)   Evacuate Collection Set: 1.0ms
[2024-07-05T10:24:24.756-0700][info][gc,phases      ] GC(113)   Post Evacuate Collection Set: 0.6ms
[2024-07-05T10:24:24.756-0700][info][gc,phases      ] GC(113)   Other: 0.1ms
[2024-07-05T10:24:24.756-0700][info][gc,heap        ] GC(113) Eden regions: 1->0(99)
[2024-07-05T10:24:24.756-0700][info][gc,heap        ] GC(113) Survivor regions: 2->3(4)
[2024-07-05T10:24:24.756-0700][info][gc,heap        ] GC(113) Old regions: 2031->2031
[2024-07-05T10:24:24.756-0700][info][gc,heap        ] GC(113) Archive regions: 2->2
[2024-07-05T10:24:24.756-0700][info][gc,heap        ] GC(113) Humongous regions: 8->8
[2024-07-05T10:24:24.756-0700][info][gc,metaspace   ] GC(113) Metaspace: 302K(512K)->302K(512K) NonClass: 294K(384K)->294K(384K) Class: 7K(128K)->7K(128K)
[2024-07-05T10:24:24.756-0700][info][gc             ] GC(113) Pause Young (Normal) (G1 Preventive Collection) 4080M->4080M(4096M) 2.347ms
[2024-07-05T10:24:24.756-0700][info][gc,cpu         ] GC(113) User=0.01s Sys=0.00s Real=0.01s
[2024-07-05T10:24:24.757-0700][info][gc,start       ] GC(114) Pause Young (Normal) (G1 Preventive Collection)
[2024-07-05T10:24:24.757-0700][info][gc,task        ] GC(114) Using 4 workers of 4 for evacuation
[2024-07-05T10:24:24.759-0700][info][gc             ] GC(114) To-space exhausted
[2024-07-05T10:24:24.759-0700][info][gc,phases      ] GC(114)   Pre Evacuate Collection Set: 0.4ms
[2024-07-05T10:24:24.759-0700][info][gc,phases      ] GC(114)   Merge Heap Roots: 0.2ms
[2024-07-05T10:24:24.759-0700][info][gc,phases      ] GC(114)   Evacuate Collection Set: 1.2ms
[2024-07-05T10:24:24.759-0700][info][gc,phases      ] GC(114)   Post Evacuate Collection Set: 0.9ms
[2024-07-05T10:24:24.759-0700][info][gc,phases      ] GC(114)   Other: 0.1ms
[2024-07-05T10:24:24.759-0700][info][gc,heap        ] GC(114) Eden regions: 1->0(99)
[2024-07-05T10:24:24.759-0700][info][gc,heap        ] GC(114) Survivor regions: 3->3(3)
[2024-07-05T10:24:24.759-0700][info][gc,heap        ] GC(114) Old regions: 2031->2035
[2024-07-05T10:24:24.759-0700][info][gc,heap        ] GC(114) Archive regions: 2->2
[2024-07-05T10:24:24.759-0700][info][gc,heap        ] GC(114) Humongous regions: 8->8
[2024-07-05T10:24:24.759-0700][info][gc,metaspace   ] GC(114) Metaspace: 302K(512K)->302K(512K) NonClass: 294K(384K)->294K(384K) Class: 7K(128K)->7K(128K)
[2024-07-05T10:24:24.759-0700][info][gc             ] GC(114) Pause Young (Normal) (G1 Preventive Collection) 4082M->4088M(4096M) 2.767ms
[2024-07-05T10:24:24.759-0700][info][gc,cpu         ] GC(114) User=0.00s Sys=0.00s Real=0.00s
[2024-07-05T10:24:24.759-0700][info][gc,ergo        ] Attempting full compaction
[2024-07-05T10:24:24.759-0700][info][gc,task        ] GC(115) Using 4 workers of 4 for full compaction
[2024-07-05T10:24:24.759-0700][info][gc,start       ] GC(115) Pause Full (G1 Compaction Pause)
[2024-07-05T10:24:24.763-0700][info][gc,phases,start] GC(115) Phase 1: Mark live objects
[2024-07-05T10:24:24.864-0700][info][gc,phases      ] GC(115) Phase 1: Mark live objects 100.745ms
[2024-07-05T10:24:24.864-0700][info][gc,phases,start] GC(115) Phase 2: Prepare for compaction
[2024-07-05T10:24:24.914-0700][info][gc,phases      ] GC(115) Phase 2: Prepare for compaction 49.570ms
[2024-07-05T10:24:24.914-0700][info][gc,phases,start] GC(115) Phase 3: Adjust pointers
[2024-07-05T10:24:25.002-0700][info][gc,phases      ] GC(115) Phase 3: Adjust pointers 87.982ms
[2024-07-05T10:24:25.002-0700][info][gc,phases,start] GC(115) Phase 4: Compact heap
[2024-07-05T10:24:25.236-0700][info][gc,phases      ] GC(115) Phase 4: Compact heap 234.231ms
[2024-07-05T10:24:25.239-0700][info][gc,heap        ] GC(115) Eden regions: 0->0(102)
[2024-07-05T10:24:25.239-0700][info][gc,heap        ] GC(115) Survivor regions: 3->0(3)
[2024-07-05T10:24:25.239-0700][info][gc,heap        ] GC(115) Old regions: 2035->1978
[2024-07-05T10:24:25.239-0700][info][gc,heap        ] GC(115) Archive regions: 2->2
[2024-07-05T10:24:25.239-0700][info][gc,heap        ] GC(115) Humongous regions: 8->8
[2024-07-05T10:24:25.239-0700][info][gc,metaspace   ] GC(115) Metaspace: 302K(512K)->302K(512K) NonClass: 294K(384K)->294K(384K) Class: 7K(128K)->7K(128K)
[2024-07-05T10:24:25.239-0700][info][gc             ] GC(115) Pause Full (G1 Compaction Pause) 4088M->3969M(4096M) 480.031ms
[2024-07-05T10:24:25.240-0700][info][gc,cpu         ] GC(115) User=1.86s Sys=0.00s Real=0.48s
[2024-07-05T10:24:25.240-0700][info][gc,marking     ] GC(112) Concurrent Mark From Roots 485.879ms
[2024-07-05T10:24:25.240-0700][info][gc,marking     ] GC(112) Concurrent Mark Abort
[2024-07-05T10:24:25.240-0700][info][gc             ] GC(112) Concurrent Mark Cycle 487.680ms
[2024-07-05T10:24:40.611-0700][info][gc,start       ] GC(116) Pause Young (Normal) (G1 Preventive Collection)
[2024-07-05T10:24:40.611-0700][info][gc,task        ] GC(116) Using 4 workers of 4 for evacuation
[2024-07-05T10:24:40.644-0700][info][gc             ] GC(116) To-space exhausted
[2024-07-05T10:24:40.644-0700][info][gc,phases      ] GC(116)   Pre Evacuate Collection Set: 0.3ms
[2024-07-05T10:24:40.644-0700][info][gc,phases      ] GC(116)   Merge Heap Roots: 0.2ms
[2024-07-05T10:24:40.644-0700][info][gc,phases      ] GC(116)   Evacuate Collection Set: 31.2ms
[2024-07-05T10:24:40.644-0700][info][gc,phases      ] GC(116)   Post Evacuate Collection Set: 1.5ms
[2024-07-05T10:24:40.644-0700][info][gc,phases      ] GC(116)   Other: 0.1ms
[2024-07-05T10:24:40.644-0700][info][gc,heap        ] GC(116) Eden regions: 31->0(89)
[2024-07-05T10:24:40.644-0700][info][gc,heap        ] GC(116) Survivor regions: 0->13(13)
[2024-07-05T10:24:40.644-0700][info][gc,heap        ] GC(116) Old regions: 1978->2001
[2024-07-05T10:24:40.644-0700][info][gc,heap        ] GC(116) Archive regions: 2->2
[2024-07-05T10:24:40.644-0700][info][gc,heap        ] GC(116) Humongous regions: 8->8
[2024-07-05T10:24:40.644-0700][info][gc,metaspace   ] GC(116) Metaspace: 302K(512K)->302K(512K) NonClass: 294K(384K)->294K(384K) Class: 7K(128K)->7K(128K)
[2024-07-05T10:24:40.644-0700][info][gc             ] GC(116) Pause Young (Normal) (G1 Preventive Collection) 4031M->4041M(4096M) 33.321ms
[2024-07-05T10:24:40.644-0700][info][gc,cpu         ] GC(116) User=0.09s Sys=0.00s Real=0.04s
[2024-07-05T10:24:47.933-0700][info][gc,start       ] GC(117) Pause Young (Concurrent Start) (G1 Preventive Collection)
[2024-07-05T10:24:47.933-0700][info][gc,task        ] GC(117) Using 4 workers of 4 for evacuation
[2024-07-05T10:24:47.946-0700][info][gc             ] GC(117) To-space exhausted
[2024-07-05T10:24:47.946-0700][info][gc,phases      ] GC(117)   Pre Evacuate Collection Set: 0.4ms
[2024-07-05T10:24:47.946-0700][info][gc,phases      ] GC(117)   Merge Heap Roots: 0.3ms
[2024-07-05T10:24:47.946-0700][info][gc,phases      ] GC(117)   Evacuate Collection Set: 9.6ms
[2024-07-05T10:24:47.946-0700][info][gc,phases      ] GC(117)   Post Evacuate Collection Set: 1.7ms
[2024-07-05T10:24:47.946-0700][info][gc,phases      ] GC(117)   Other: 0.2ms
[2024-07-05T10:24:47.946-0700][info][gc,heap        ] GC(117) Eden regions: 11->0(101)
[2024-07-05T10:24:47.946-0700][info][gc,heap        ] GC(117) Survivor regions: 13->1(13)
[2024-07-05T10:24:47.946-0700][info][gc,heap        ] GC(117) Old regions: 2001->2030
[2024-07-05T10:24:47.946-0700][info][gc,heap        ] GC(117) Archive regions: 2->2
[2024-07-05T10:24:47.946-0700][info][gc,heap        ] GC(117) Humongous regions: 8->8
[2024-07-05T10:24:47.946-0700][info][gc,metaspace   ] GC(117) Metaspace: 302K(512K)->302K(512K) NonClass: 294K(384K)->294K(384K) Class: 7K(128K)->7K(128K)
[2024-07-05T10:24:47.946-0700][info][gc             ] GC(117) Pause Young (Concurrent Start) (G1 Preventive Collection) 4063M->4075M(4096M) 12.240ms
[2024-07-05T10:24:47.946-0700][info][gc,cpu         ] GC(117) User=0.03s Sys=0.00s Real=0.02s
[2024-07-05T10:24:47.946-0700][info][gc             ] GC(118) Concurrent Mark Cycle
[2024-07-05T10:24:47.946-0700][info][gc,marking     ] GC(118) Concurrent Clear Claimed Marks
[2024-07-05T10:24:47.946-0700][info][gc,marking     ] GC(118) Concurrent Clear Claimed Marks 0.006ms
[2024-07-05T10:24:47.946-0700][info][gc,marking     ] GC(118) Concurrent Scan Root Regions
[2024-07-05T10:24:47.948-0700][info][gc,marking     ] GC(118) Concurrent Scan Root Regions 2.023ms
[2024-07-05T10:24:47.948-0700][info][gc,marking     ] GC(118) Concurrent Mark
[2024-07-05T10:24:47.948-0700][info][gc,marking     ] GC(118) Concurrent Mark From Roots
[2024-07-05T10:24:47.948-0700][info][gc,task        ] GC(118) Using 1 workers of 1 for marking
[2024-07-05T10:24:47.948-0700][info][gc,start       ] GC(119) Pause Young (Normal) (G1 Preventive Collection)
[2024-07-05T10:24:47.948-0700][info][gc,task        ] GC(119) Using 4 workers of 4 for evacuation
[2024-07-05T10:24:47.950-0700][info][gc             ] GC(119) To-space exhausted
[2024-07-05T10:24:47.950-0700][info][gc,phases      ] GC(119)   Pre Evacuate Collection Set: 1.7ms
[2024-07-05T10:24:47.950-0700][info][gc,phases      ] GC(119)   Merge Heap Roots: 0.2ms
[2024-07-05T10:24:47.950-0700][info][gc,phases      ] GC(119)   Evacuate Collection Set: 1.4ms
[2024-07-05T10:24:47.950-0700][info][gc,phases      ] GC(119)   Post Evacuate Collection Set: 0.5ms
[2024-07-05T10:24:47.950-0700][info][gc,phases      ] GC(119)   Other: 0.1ms
[2024-07-05T10:24:47.950-0700][info][gc,heap        ] GC(119) Eden regions: 3->0(98)
[2024-07-05T10:24:47.950-0700][info][gc,heap        ] GC(119) Survivor regions: 1->4(4)
[2024-07-05T10:24:47.950-0700][info][gc,heap        ] GC(119) Old regions: 2030->2031
[2024-07-05T10:24:47.950-0700][info][gc,heap        ] GC(119) Archive regions: 2->2
[2024-07-05T10:24:47.950-0700][info][gc,heap        ] GC(119) Humongous regions: 8->8
[2024-07-05T10:24:47.950-0700][info][gc,metaspace   ] GC(119) Metaspace: 302K(512K)->302K(512K) NonClass: 294K(384K)->294K(384K) Class: 7K(128K)->7K(128K)
[2024-07-05T10:24:47.950-0700][info][gc             ] GC(119) Pause Young (Normal) (G1 Preventive Collection) 4081M->4083M(4096M) 2.574ms
[2024-07-05T10:24:47.950-0700][info][gc,cpu         ] GC(119) User=0.00s Sys=0.00s Real=0.00s
[2024-07-05T10:24:47.951-0700][info][gc,start       ] GC(120) Pause Young (Normal) (G1 Preventive Collection)
[2024-07-05T10:24:47.951-0700][info][gc,task        ] GC(120) Using 4 workers of 4 for evacuation
[2024-07-05T10:24:47.953-0700][info][gc             ] GC(120) To-space exhausted
[2024-07-05T10:24:47.953-0700][info][gc,phases      ] GC(120)   Pre Evacuate Collection Set: 0.2ms
[2024-07-05T10:24:47.953-0700][info][gc,phases      ] GC(120)   Merge Heap Roots: 0.1ms
[2024-07-05T10:24:47.953-0700][info][gc,phases      ] GC(120)   Evacuate Collection Set: 1.4ms
[2024-07-05T10:24:47.953-0700][info][gc,phases      ] GC(120)   Post Evacuate Collection Set: 0.7ms
[2024-07-05T10:24:47.953-0700][info][gc,phases      ] GC(120)   Other: 0.1ms
[2024-07-05T10:24:47.953-0700][info][gc,heap        ] GC(120) Eden regions: 1->0(100)
[2024-07-05T10:24:47.953-0700][info][gc,heap        ] GC(120) Survivor regions: 4->2(2)
[2024-07-05T10:24:47.953-0700][info][gc,heap        ] GC(120) Old regions: 2031->2035
[2024-07-05T10:24:47.953-0700][info][gc,heap        ] GC(120) Archive regions: 2->2
[2024-07-05T10:24:47.953-0700][info][gc,heap        ] GC(120) Humongous regions: 8->8
[2024-07-05T10:24:47.953-0700][info][gc,metaspace   ] GC(120) Metaspace: 302K(512K)->302K(512K) NonClass: 294K(384K)->294K(384K) Class: 7K(128K)->7K(128K)
[2024-07-05T10:24:47.953-0700][info][gc             ] GC(120) Pause Young (Normal) (G1 Preventive Collection) 4085M->4087M(4096M) 2.594ms
[2024-07-05T10:24:47.953-0700][info][gc,cpu         ] GC(120) User=0.01s Sys=0.00s Real=0.00s
[2024-07-05T10:24:48.543-0700][info][gc,marking     ] GC(118) Concurrent Mark From Roots 594.899ms
[2024-07-05T10:24:48.543-0700][info][gc,marking     ] GC(118) Concurrent Preclean
[2024-07-05T10:24:48.543-0700][info][gc,marking     ] GC(118) Concurrent Preclean 0.061ms
[2024-07-05T10:25:05.676-0700][info][gc,start       ] GC(118) Pause Remark
[2024-07-05T10:25:05.677-0700][info][gc             ] GC(118) Pause Remark 4088M->4088M(4096M) 1.182ms
[2024-07-05T10:25:05.677-0700][info][gc,cpu         ] GC(118) User=0.00s Sys=0.00s Real=0.00s
[2024-07-05T10:25:05.678-0700][info][gc,marking     ] GC(118) Concurrent Mark 17729.670ms
[2024-07-05T10:25:05.678-0700][info][gc,marking     ] GC(118) Concurrent Rebuild Remembered Sets
[2024-07-05T10:25:05.996-0700][info][gc,marking     ] GC(118) Concurrent Rebuild Remembered Sets 318.919ms
[2024-07-05T10:25:06.417-0700][info][gc,start       ] GC(118) Pause Cleanup
[2024-07-05T10:25:06.418-0700][info][gc             ] GC(118) Pause Cleanup 4088M->4088M(4096M) 0.738ms
[2024-07-05T10:25:06.418-0700][info][gc,cpu         ] GC(118) User=0.00s Sys=0.00s Real=0.00s
[2024-07-05T10:25:06.418-0700][info][gc,marking     ] GC(118) Concurrent Cleanup for Next Mark
[2024-07-05T10:25:06.426-0700][info][gc,marking     ] GC(118) Concurrent Cleanup for Next Mark 8.001ms
[2024-07-05T10:25:06.426-0700][info][gc             ] GC(118) Concurrent Mark Cycle 18480.537ms
[2024-07-05T10:25:07.970-0700][info][gc,start       ] GC(121) Pause Young (Prepare Mixed) (G1 Evacuation Pause)
[2024-07-05T10:25:07.970-0700][info][gc,task        ] GC(121) Using 4 workers of 4 for evacuation
[2024-07-05T10:25:07.978-0700][info][gc             ] GC(121) To-space exhausted
[2024-07-05T10:25:07.978-0700][info][gc,phases      ] GC(121)   Pre Evacuate Collection Set: 0.4ms
[2024-07-05T10:25:07.978-0700][info][gc,phases      ] GC(121)   Merge Heap Roots: 0.2ms
[2024-07-05T10:25:07.978-0700][info][gc,phases      ] GC(121)   Evacuate Collection Set: 6.0ms
[2024-07-05T10:25:07.978-0700][info][gc,phases      ] GC(121)   Post Evacuate Collection Set: 0.8ms
[2024-07-05T10:25:07.978-0700][info][gc,phases      ] GC(121)   Other: 0.2ms
[2024-07-05T10:25:07.978-0700][info][gc,heap        ] GC(121) Eden regions: 1->0(102)
[2024-07-05T10:25:07.978-0700][info][gc,heap        ] GC(121) Survivor regions: 2->0(0)
[2024-07-05T10:25:07.978-0700][info][gc,heap        ] GC(121) Old regions: 2035->2038
[2024-07-05T10:25:07.978-0700][info][gc,heap        ] GC(121) Archive regions: 2->2
[2024-07-05T10:25:07.978-0700][info][gc,heap        ] GC(121) Humongous regions: 8->8
[2024-07-05T10:25:07.978-0700][info][gc,metaspace   ] GC(121) Metaspace: 302K(512K)->302K(512K) NonClass: 294K(384K)->294K(384K) Class: 7K(128K)->7K(128K)
[2024-07-05T10:25:07.978-0700][info][gc             ] GC(121) Pause Young (Prepare Mixed) (G1 Evacuation Pause) 4089M->4089M(4096M) 7.582ms
[2024-07-05T10:25:07.978-0700][info][gc,cpu         ] GC(121) User=0.02s Sys=0.00s Real=0.01s
[2024-07-05T10:25:07.978-0700][info][gc,ergo        ] Attempting full compaction
[2024-07-05T10:25:07.978-0700][info][gc,task        ] GC(122) Using 4 workers of 4 for full compaction
[2024-07-05T10:25:07.978-0700][info][gc,start       ] GC(122) Pause Full (G1 Compaction Pause)
[2024-07-05T10:25:07.978-0700][info][gc,phases,start] GC(122) Phase 1: Mark live objects
[2024-07-05T10:25:08.109-0700][info][gc,phases      ] GC(122) Phase 1: Mark live objects 131.122ms
[2024-07-05T10:25:08.109-0700][info][gc,phases,start] GC(122) Phase 2: Prepare for compaction
[2024-07-05T10:25:08.136-0700][info][gc,phases      ] GC(122) Phase 2: Prepare for compaction 26.901ms
[2024-07-05T10:25:08.136-0700][info][gc,phases,start] GC(122) Phase 3: Adjust pointers
[2024-07-05T10:25:08.210-0700][info][gc,phases      ] GC(122) Phase 3: Adjust pointers 73.844ms
[2024-07-05T10:25:08.210-0700][info][gc,phases,start] GC(122) Phase 4: Compact heap
[2024-07-05T10:25:08.323-0700][info][gc,phases      ] GC(122) Phase 4: Compact heap 112.588ms
[2024-07-05T10:25:08.327-0700][info][gc,heap        ] GC(122) Eden regions: 0->0(102)
[2024-07-05T10:25:08.327-0700][info][gc,heap        ] GC(122) Survivor regions: 0->0(0)
[2024-07-05T10:25:08.327-0700][info][gc,heap        ] GC(122) Old regions: 2038->2002
[2024-07-05T10:25:08.327-0700][info][gc,heap        ] GC(122) Archive regions: 2->2
[2024-07-05T10:25:08.327-0700][info][gc,heap        ] GC(122) Humongous regions: 8->8
[2024-07-05T10:25:08.327-0700][info][gc,metaspace   ] GC(122) Metaspace: 302K(512K)->302K(512K) NonClass: 294K(384K)->294K(384K) Class: 7K(128K)->7K(128K)
[2024-07-05T10:25:08.327-0700][info][gc             ] GC(122) Pause Full (G1 Compaction Pause) 4089M->4017M(4096M) 348.686ms
[2024-07-05T10:25:08.327-0700][info][gc,cpu         ] GC(122) User=1.35s Sys=0.00s Real=0.35s
[2024-07-05T10:25:17.811-0700][info][gc,start       ] GC(123) Pause Young (Concurrent Start) (G1 Preventive Collection)
[2024-07-05T10:25:17.811-0700][info][gc,task        ] GC(123) Using 4 workers of 4 for evacuation
[2024-07-05T10:25:17.824-0700][info][gc             ] GC(123) To-space exhausted
[2024-07-05T10:25:17.824-0700][info][gc,phases      ] GC(123)   Pre Evacuate Collection Set: 0.4ms
[2024-07-05T10:25:17.824-0700][info][gc,phases      ] GC(123)   Merge Heap Roots: 0.3ms
[2024-07-05T10:25:17.824-0700][info][gc,phases      ] GC(123)   Evacuate Collection Set: 10.9ms
[2024-07-05T10:25:17.824-0700][info][gc,phases      ] GC(123)   Post Evacuate Collection Set: 1.0ms
[2024-07-05T10:25:17.824-0700][info][gc,phases      ] GC(123)   Other: 0.2ms
[2024-07-05T10:25:17.824-0700][info][gc,heap        ] GC(123) Eden regions: 21->0(89)
[2024-07-05T10:25:17.824-0700][info][gc,heap        ] GC(123) Survivor regions: 0->13(13)
[2024-07-05T10:25:17.824-0700][info][gc,heap        ] GC(123) Old regions: 2002->2013
[2024-07-05T10:25:17.824-0700][info][gc,heap        ] GC(123) Archive regions: 2->2
[2024-07-05T10:25:17.824-0700][info][gc,heap        ] GC(123) Humongous regions: 8->8
[2024-07-05T10:25:17.824-0700][info][gc,metaspace   ] GC(123) Metaspace: 302K(512K)->302K(512K) NonClass: 294K(384K)->294K(384K) Class: 7K(128K)->7K(128K)
[2024-07-05T10:25:17.824-0700][info][gc             ] GC(123) Pause Young (Concurrent Start) (G1 Preventive Collection) 4059M->4065M(4096M) 12.814ms
[2024-07-05T10:25:17.824-0700][info][gc,cpu         ] GC(123) User=0.04s Sys=0.00s Real=0.02s
[2024-07-05T10:25:17.824-0700][info][gc             ] GC(124) Concurrent Mark Cycle
[2024-07-05T10:25:17.824-0700][info][gc,marking     ] GC(124) Concurrent Clear Claimed Marks
[2024-07-05T10:25:17.824-0700][info][gc,marking     ] GC(124) Concurrent Clear Claimed Marks 0.006ms
[2024-07-05T10:25:17.824-0700][info][gc,marking     ] GC(124) Concurrent Scan Root Regions
[2024-07-05T10:25:17.826-0700][info][gc,marking     ] GC(124) Concurrent Scan Root Regions 1.934ms
[2024-07-05T10:25:17.826-0700][info][gc,marking     ] GC(124) Concurrent Mark
[2024-07-05T10:25:17.826-0700][info][gc,marking     ] GC(124) Concurrent Mark From Roots
[2024-07-05T10:25:17.826-0700][info][gc,task        ] GC(124) Using 1 workers of 1 for marking
[2024-07-05T10:25:18.383-0700][info][gc,marking     ] GC(124) Concurrent Mark From Roots 557.117ms
[2024-07-05T10:25:18.383-0700][info][gc,marking     ] GC(124) Concurrent Preclean
[2024-07-05T10:25:18.383-0700][info][gc,marking     ] GC(124) Concurrent Preclean 0.058ms
[2024-07-05T10:25:26.463-0700][info][gc,start       ] GC(124) Pause Remark
[2024-07-05T10:25:26.464-0700][info][gc             ] GC(124) Pause Remark 4072M->4072M(4096M) 1.384ms
[2024-07-05T10:25:26.464-0700][info][gc,cpu         ] GC(124) User=0.00s Sys=0.00s Real=0.00s
[2024-07-05T10:25:26.464-0700][info][gc,marking     ] GC(124) Concurrent Mark 8638.691ms
[2024-07-05T10:25:26.464-0700][info][gc,marking     ] GC(124) Concurrent Rebuild Remembered Sets
[2024-07-05T10:25:26.806-0700][info][gc,marking     ] GC(124) Concurrent Rebuild Remembered Sets 341.397ms
[2024-07-05T10:25:26.848-0700][info][gc,start       ] GC(124) Pause Cleanup
[2024-07-05T10:25:26.849-0700][info][gc             ] GC(124) Pause Cleanup 4072M->4072M(4096M) 0.683ms
[2024-07-05T10:25:26.849-0700][info][gc,cpu         ] GC(124) User=0.00s Sys=0.00s Real=0.00s
[2024-07-05T10:25:26.849-0700][info][gc,marking     ] GC(124) Concurrent Cleanup for Next Mark
[2024-07-05T10:25:26.856-0700][info][gc,marking     ] GC(124) Concurrent Cleanup for Next Mark 7.619ms
[2024-07-05T10:25:26.856-0700][info][gc             ] GC(124) Concurrent Mark Cycle 9032.662ms
[2024-07-05T10:25:28.931-0700][info][gc,start       ] GC(125) Pause Young (Normal) (G1 Preventive Collection)
[2024-07-05T10:25:28.931-0700][info][gc,task        ] GC(125) Using 4 workers of 4 for evacuation
[2024-07-05T10:25:28.942-0700][info][gc             ] GC(125) To-space exhausted
[2024-07-05T10:25:28.942-0700][info][gc,phases      ] GC(125)   Pre Evacuate Collection Set: 0.4ms
[2024-07-05T10:25:28.942-0700][info][gc,phases      ] GC(125)   Merge Heap Roots: 0.3ms
[2024-07-05T10:25:28.942-0700][info][gc,phases      ] GC(125)   Evacuate Collection Set: 9.2ms
[2024-07-05T10:25:28.942-0700][info][gc,phases      ] GC(125)   Post Evacuate Collection Set: 1.3ms
[2024-07-05T10:25:28.942-0700][info][gc,phases      ] GC(125)   Other: 0.1ms
[2024-07-05T10:25:28.942-0700][info][gc,heap        ] GC(125) Eden regions: 6->0(102)
[2024-07-05T10:25:28.942-0700][info][gc,heap        ] GC(125) Survivor regions: 13->0(6)
[2024-07-05T10:25:28.942-0700][info][gc,heap        ] GC(125) Old regions: 2013->2034
[2024-07-05T10:25:28.942-0700][info][gc,heap        ] GC(125) Archive regions: 2->2
[2024-07-05T10:25:28.942-0700][info][gc,heap        ] GC(125) Humongous regions: 8->8
[2024-07-05T10:25:28.942-0700][info][gc,metaspace   ] GC(125) Metaspace: 302K(512K)->302K(512K) NonClass: 294K(384K)->294K(384K) Class: 7K(128K)->7K(128K)
[2024-07-05T10:25:28.942-0700][info][gc             ] GC(125) Pause Young (Normal) (G1 Preventive Collection) 4077M->4081M(4096M) 11.246ms
[2024-07-05T10:25:28.943-0700][info][gc,cpu         ] GC(125) User=0.03s Sys=0.00s Real=0.01s
[2024-07-05T10:25:28.943-0700][info][gc,start       ] GC(126) Pause Young (Concurrent Start) (G1 Preventive Collection)
[2024-07-05T10:25:28.943-0700][info][gc,task        ] GC(126) Using 4 workers of 4 for evacuation
[2024-07-05T10:25:28.945-0700][info][gc             ] GC(126) To-space exhausted
[2024-07-05T10:25:28.945-0700][info][gc,phases      ] GC(126)   Pre Evacuate Collection Set: 0.4ms
[2024-07-05T10:25:28.945-0700][info][gc,phases      ] GC(126)   Merge Heap Roots: 0.1ms
[2024-07-05T10:25:28.945-0700][info][gc,phases      ] GC(126)   Evacuate Collection Set: 0.6ms
[2024-07-05T10:25:28.945-0700][info][gc,phases      ] GC(126)   Post Evacuate Collection Set: 0.5ms
[2024-07-05T10:25:28.945-0700][info][gc,phases      ] GC(126)   Other: 0.1ms
[2024-07-05T10:25:28.945-0700][info][gc,heap        ] GC(126) Eden regions: 2->0(100)
[2024-07-05T10:25:28.945-0700][info][gc,heap        ] GC(126) Survivor regions: 0->2(2)
[2024-07-05T10:25:28.945-0700][info][gc,heap        ] GC(126) Old regions: 2034->2035
[2024-07-05T10:25:28.945-0700][info][gc,heap        ] GC(126) Archive regions: 2->2
[2024-07-05T10:25:28.945-0700][info][gc,heap        ] GC(126) Humongous regions: 8->8
[2024-07-05T10:25:28.945-0700][info][gc,metaspace   ] GC(126) Metaspace: 302K(512K)->302K(512K) NonClass: 294K(384K)->294K(384K) Class: 7K(128K)->7K(128K)
[2024-07-05T10:25:28.945-0700][info][gc             ] GC(126) Pause Young (Concurrent Start) (G1 Preventive Collection) 4085M->4087M(4096M) 1.814ms
[2024-07-05T10:25:28.945-0700][info][gc,cpu         ] GC(126) User=0.00s Sys=0.00s Real=0.00s
[2024-07-05T10:25:28.945-0700][info][gc             ] GC(127) Concurrent Mark Cycle
[2024-07-05T10:25:28.945-0700][info][gc,marking     ] GC(127) Concurrent Clear Claimed Marks
[2024-07-05T10:25:28.945-0700][info][gc,marking     ] GC(127) Concurrent Clear Claimed Marks 0.005ms
[2024-07-05T10:25:28.945-0700][info][gc,marking     ] GC(127) Concurrent Scan Root Regions
[2024-07-05T10:25:28.945-0700][info][gc,marking     ] GC(127) Concurrent Scan Root Regions 0.330ms
[2024-07-05T10:25:28.945-0700][info][gc,marking     ] GC(127) Concurrent Mark
[2024-07-05T10:25:28.945-0700][info][gc,marking     ] GC(127) Concurrent Mark From Roots
[2024-07-05T10:25:28.945-0700][info][gc,task        ] GC(127) Using 1 workers of 1 for marking
[2024-07-05T10:25:29.561-0700][info][gc,marking     ] GC(127) Concurrent Mark From Roots 616.060ms
[2024-07-05T10:25:29.561-0700][info][gc,marking     ] GC(127) Concurrent Preclean
[2024-07-05T10:25:29.561-0700][info][gc,marking     ] GC(127) Concurrent Preclean 0.062ms
[2024-07-05T10:25:49.381-0700][info][gc,start       ] GC(127) Pause Remark
[2024-07-05T10:25:49.382-0700][info][gc             ] GC(127) Pause Remark 4088M->4088M(4096M) 1.226ms
[2024-07-05T10:25:49.382-0700][info][gc,cpu         ] GC(127) User=0.00s Sys=0.00s Real=0.00s
[2024-07-05T10:25:49.382-0700][info][gc,marking     ] GC(127) Concurrent Mark 20436.682ms
[2024-07-05T10:25:49.382-0700][info][gc,marking     ] GC(127) Concurrent Rebuild Remembered Sets
[2024-07-05T10:25:49.716-0700][info][gc,marking     ] GC(127) Concurrent Rebuild Remembered Sets 333.804ms
[2024-07-05T10:25:51.173-0700][info][gc,start       ] GC(127) Pause Cleanup
[2024-07-05T10:25:51.174-0700][info][gc             ] GC(127) Pause Cleanup 4088M->4088M(4096M) 0.590ms
[2024-07-05T10:25:51.174-0700][info][gc,cpu         ] GC(127) User=0.01s Sys=0.00s Real=0.00s
[2024-07-05T10:25:51.174-0700][info][gc,marking     ] GC(127) Concurrent Cleanup for Next Mark
[2024-07-05T10:25:51.174-0700][info][gc,start       ] GC(128) Pause Young (Prepare Mixed) (G1 Evacuation Pause)
[2024-07-05T10:25:51.174-0700][info][gc,task        ] GC(128) Using 4 workers of 4 for evacuation
[2024-07-05T10:25:51.181-0700][info][gc             ] GC(128) To-space exhausted
[2024-07-05T10:25:51.181-0700][info][gc,phases      ] GC(128)   Pre Evacuate Collection Set: 0.2ms
[2024-07-05T10:25:51.181-0700][info][gc,phases      ] GC(128)   Merge Heap Roots: 0.2ms
[2024-07-05T10:25:51.181-0700][info][gc,phases      ] GC(128)   Evacuate Collection Set: 5.4ms
[2024-07-05T10:25:51.181-0700][info][gc,phases      ] GC(128)   Post Evacuate Collection Set: 0.9ms
[2024-07-05T10:25:51.181-0700][info][gc,phases      ] GC(128)   Other: 0.1ms
[2024-07-05T10:25:51.181-0700][info][gc,heap        ] GC(128) Eden regions: 1->0(102)
[2024-07-05T10:25:51.181-0700][info][gc,heap        ] GC(128) Survivor regions: 2->0(0)
[2024-07-05T10:25:51.181-0700][info][gc,heap        ] GC(128) Old regions: 2035->2038
[2024-07-05T10:25:51.181-0700][info][gc,heap        ] GC(128) Archive regions: 2->2
[2024-07-05T10:25:51.181-0700][info][gc,heap        ] GC(128) Humongous regions: 8->8
[2024-07-05T10:25:51.181-0700][info][gc,metaspace   ] GC(128) Metaspace: 302K(512K)->302K(512K) NonClass: 294K(384K)->294K(384K) Class: 7K(128K)->7K(128K)
[2024-07-05T10:25:51.181-0700][info][gc             ] GC(128) Pause Young (Prepare Mixed) (G1 Evacuation Pause) 4089M->4089M(4096M) 6.917ms
[2024-07-05T10:25:51.181-0700][info][gc,cpu         ] GC(128) User=0.01s Sys=0.01s Real=0.01s
[2024-07-05T10:25:51.181-0700][info][gc,ergo        ] Attempting full compaction
[2024-07-05T10:25:51.181-0700][info][gc,task        ] GC(129) Using 4 workers of 4 for full compaction
[2024-07-05T10:25:51.181-0700][info][gc,start       ] GC(129) Pause Full (G1 Compaction Pause)
[2024-07-05T10:25:51.185-0700][info][gc,phases,start] GC(129) Phase 1: Mark live objects
[2024-07-05T10:25:51.292-0700][info][gc,phases      ] GC(129) Phase 1: Mark live objects 107.004ms
[2024-07-05T10:25:51.292-0700][info][gc,phases,start] GC(129) Phase 2: Prepare for compaction
[2024-07-05T10:25:51.295-0700][info][gc,phases      ] GC(129) Phase 2: Prepare for compaction 3.099ms
[2024-07-05T10:25:51.295-0700][info][gc,phases,start] GC(129) Phase 3: Adjust pointers
[2024-07-05T10:25:51.359-0700][info][gc,phases      ] GC(129) Phase 3: Adjust pointers 64.560ms
[2024-07-05T10:25:51.359-0700][info][gc,phases,start] GC(129) Phase 4: Compact heap
[2024-07-05T10:25:51.370-0700][info][gc,phases      ] GC(129) Phase 4: Compact heap 10.556ms
[2024-07-05T10:25:51.373-0700][info][gc,heap        ] GC(129) Eden regions: 0->0(102)
[2024-07-05T10:25:51.373-0700][info][gc,heap        ] GC(129) Survivor regions: 0->0(0)
[2024-07-05T10:25:51.373-0700][info][gc,heap        ] GC(129) Old regions: 2038->2030
[2024-07-05T10:25:51.373-0700][info][gc,heap        ] GC(129) Archive regions: 2->2
[2024-07-05T10:25:51.373-0700][info][gc,heap        ] GC(129) Humongous regions: 8->8
[2024-07-05T10:25:51.373-0700][info][gc,metaspace   ] GC(129) Metaspace: 302K(512K)->302K(512K) NonClass: 294K(384K)->294K(384K) Class: 7K(128K)->7K(128K)
[2024-07-05T10:25:51.373-0700][info][gc             ] GC(129) Pause Full (G1 Compaction Pause) 4089M->4073M(4096M) 191.831ms
[2024-07-05T10:25:51.373-0700][info][gc,cpu         ] GC(129) User=0.76s Sys=0.00s Real=0.19s
[2024-07-05T10:25:51.373-0700][info][gc,marking     ] GC(127) Concurrent Cleanup for Next Mark 199.539ms
[2024-07-05T10:25:51.373-0700][info][gc,marking     ] GC(127) Concurrent Mark Abort
[2024-07-05T10:25:51.373-0700][info][gc             ] GC(127) Concurrent Mark Cycle 22428.533ms
[2024-07-05T10:25:51.374-0700][info][gc,start       ] GC(130) Pause Young (Normal) (G1 Preventive Collection)
[2024-07-05T10:25:51.374-0700][info][gc,task        ] GC(130) Using 4 workers of 4 for evacuation
[2024-07-05T10:25:51.376-0700][info][gc             ] GC(130) To-space exhausted
[2024-07-05T10:25:51.376-0700][info][gc,phases      ] GC(130)   Pre Evacuate Collection Set: 0.2ms
[2024-07-05T10:25:51.376-0700][info][gc,phases      ] GC(130)   Merge Heap Roots: 0.1ms
[2024-07-05T10:25:51.376-0700][info][gc,phases      ] GC(130)   Evacuate Collection Set: 1.3ms
[2024-07-05T10:25:51.376-0700][info][gc,phases      ] GC(130)   Post Evacuate Collection Set: 0.3ms
[2024-07-05T10:25:51.376-0700][info][gc,phases      ] GC(130)   Other: 0.1ms
[2024-07-05T10:25:51.376-0700][info][gc,heap        ] GC(130) Eden regions: 4->0(98)
[2024-07-05T10:25:51.376-0700][info][gc,heap        ] GC(130) Survivor regions: 0->4(4)
[2024-07-05T10:25:51.376-0700][info][gc,heap        ] GC(130) Old regions: 2030->2031
[2024-07-05T10:25:51.376-0700][info][gc,heap        ] GC(130) Archive regions: 2->2
[2024-07-05T10:25:51.376-0700][info][gc,heap        ] GC(130) Humongous regions: 8->8
[2024-07-05T10:25:51.376-0700][info][gc,metaspace   ] GC(130) Metaspace: 302K(512K)->302K(512K) NonClass: 294K(384K)->294K(384K) Class: 7K(128K)->7K(128K)
[2024-07-05T10:25:51.376-0700][info][gc             ] GC(130) Pause Young (Normal) (G1 Preventive Collection) 4081M->4083M(4096M) 2.013ms
[2024-07-05T10:25:51.376-0700][info][gc,cpu         ] GC(130) User=0.00s Sys=0.00s Real=0.01s
[2024-07-05T10:25:53.489-0700][info][gc,start       ] GC(131) Pause Young (Concurrent Start) (G1 Preventive Collection)
[2024-07-05T10:25:53.489-0700][info][gc,task        ] GC(131) Using 4 workers of 4 for evacuation
[2024-07-05T10:25:53.496-0700][info][gc             ] GC(131) To-space exhausted
[2024-07-05T10:25:53.496-0700][info][gc,phases      ] GC(131)   Pre Evacuate Collection Set: 0.4ms
[2024-07-05T10:25:53.496-0700][info][gc,phases      ] GC(131)   Merge Heap Roots: 0.3ms
[2024-07-05T10:25:53.496-0700][info][gc,phases      ] GC(131)   Evacuate Collection Set: 5.6ms
[2024-07-05T10:25:53.496-0700][info][gc,phases      ] GC(131)   Post Evacuate Collection Set: 0.9ms
[2024-07-05T10:25:53.496-0700][info][gc,phases      ] GC(131)   Other: 0.3ms
[2024-07-05T10:25:53.496-0700][info][gc,heap        ] GC(131) Eden regions: 1->0(100)
[2024-07-05T10:25:53.496-0700][info][gc,heap        ] GC(131) Survivor regions: 4->2(2)
[2024-07-05T10:25:53.496-0700][info][gc,heap        ] GC(131) Old regions: 2031->2036
[2024-07-05T10:25:53.496-0700][info][gc,heap        ] GC(131) Archive regions: 2->2
[2024-07-05T10:25:53.496-0700][info][gc,heap        ] GC(131) Humongous regions: 8->8
[2024-07-05T10:25:53.496-0700][info][gc,metaspace   ] GC(131) Metaspace: 302K(512K)->302K(512K) NonClass: 294K(384K)->294K(384K) Class: 7K(128K)->7K(128K)
[2024-07-05T10:25:53.496-0700][info][gc             ] GC(131) Pause Young (Concurrent Start) (G1 Preventive Collection) 4085M->4089M(4096M) 7.397ms
[2024-07-05T10:25:53.496-0700][info][gc,cpu         ] GC(131) User=0.02s Sys=0.00s Real=0.01s
[2024-07-05T10:25:53.496-0700][info][gc,ergo        ] Attempting full compaction
[2024-07-05T10:25:53.496-0700][info][gc,task        ] GC(132) Using 4 workers of 4 for full compaction
[2024-07-05T10:25:53.496-0700][info][gc,start       ] GC(132) Pause Full (G1 Compaction Pause)
[2024-07-05T10:25:53.496-0700][info][gc             ] GC(133) Concurrent Mark Cycle
[2024-07-05T10:25:53.496-0700][info][gc,marking     ] GC(133) Concurrent Clear Claimed Marks
[2024-07-05T10:25:53.496-0700][info][gc,marking     ] GC(133) Concurrent Clear Claimed Marks 0.006ms
[2024-07-05T10:25:53.496-0700][info][gc,marking     ] GC(133) Concurrent Scan Root Regions
[2024-07-05T10:25:53.496-0700][info][gc,marking     ] GC(133) Concurrent Scan Root Regions 0.164ms
[2024-07-05T10:25:53.496-0700][info][gc,marking     ] GC(133) Concurrent Mark
[2024-07-05T10:25:53.496-0700][info][gc,marking     ] GC(133) Concurrent Mark From Roots
[2024-07-05T10:25:53.496-0700][info][gc,task        ] GC(133) Using 1 workers of 1 for marking
[2024-07-05T10:25:53.500-0700][info][gc,phases,start] GC(132) Phase 1: Mark live objects
[2024-07-05T10:25:53.600-0700][info][gc,phases      ] GC(132) Phase 1: Mark live objects 100.214ms
[2024-07-05T10:25:53.600-0700][info][gc,phases,start] GC(132) Phase 2: Prepare for compaction
[2024-07-05T10:25:53.602-0700][info][gc,phases      ] GC(132) Phase 2: Prepare for compaction 2.061ms
[2024-07-05T10:25:53.602-0700][info][gc,phases,start] GC(132) Phase 3: Adjust pointers
[2024-07-05T10:25:53.667-0700][info][gc,phases      ] GC(132) Phase 3: Adjust pointers 64.776ms
[2024-07-05T10:25:53.667-0700][info][gc,phases,start] GC(132) Phase 4: Compact heap
[2024-07-05T10:25:53.669-0700][info][gc,phases      ] GC(132) Phase 4: Compact heap 2.587ms
[2024-07-05T10:25:53.673-0700][info][gc,heap        ] GC(132) Eden regions: 0->0(102)
[2024-07-05T10:25:53.673-0700][info][gc,heap        ] GC(132) Survivor regions: 2->0(2)
[2024-07-05T10:25:53.673-0700][info][gc,heap        ] GC(132) Old regions: 2036->2035
[2024-07-05T10:25:53.673-0700][info][gc,heap        ] GC(132) Archive regions: 2->2
[2024-07-05T10:25:53.673-0700][info][gc,heap        ] GC(132) Humongous regions: 8->8
[2024-07-05T10:25:53.673-0700][info][gc,metaspace   ] GC(132) Metaspace: 302K(512K)->302K(512K) NonClass: 294K(384K)->294K(384K) Class: 7K(128K)->7K(128K)
[2024-07-05T10:25:53.673-0700][info][gc             ] GC(132) Pause Full (G1 Compaction Pause) 4089M->4082M(4096M) 176.422ms
[2024-07-05T10:25:53.673-0700][info][gc,cpu         ] GC(132) User=0.70s Sys=0.00s Real=0.17s
[2024-07-05T10:25:53.673-0700][info][gc,marking     ] GC(133) Concurrent Mark From Roots 176.451ms
[2024-07-05T10:25:53.673-0700][info][gc,marking     ] GC(133) Concurrent Mark Abort
[2024-07-05T10:25:53.673-0700][info][gc             ] GC(133) Concurrent Mark Cycle 176.697ms
[2024-07-05T10:25:53.673-0700][info][gc,start       ] GC(134) Pause Young (Normal) (G1 Preventive Collection)
[2024-07-05T10:25:53.673-0700][info][gc,task        ] GC(134) Using 4 workers of 4 for evacuation
[2024-07-05T10:25:53.674-0700][info][gc,phases      ] GC(134)   Pre Evacuate Collection Set: 0.2ms
[2024-07-05T10:25:53.674-0700][info][gc,phases      ] GC(134)   Merge Heap Roots: 0.1ms
[2024-07-05T10:25:53.674-0700][info][gc,phases      ] GC(134)   Evacuate Collection Set: 0.4ms
[2024-07-05T10:25:53.674-0700][info][gc,phases      ] GC(134)   Post Evacuate Collection Set: 0.4ms
[2024-07-05T10:25:53.674-0700][info][gc,phases      ] GC(134)   Other: 0.1ms
[2024-07-05T10:25:53.674-0700][info][gc,heap        ] GC(134) Eden regions: 1->0(100)
[2024-07-05T10:25:53.674-0700][info][gc,heap        ] GC(134) Survivor regions: 0->2(2)
[2024-07-05T10:25:53.674-0700][info][gc,heap        ] GC(134) Old regions: 2035->2035
[2024-07-05T10:25:53.674-0700][info][gc,heap        ] GC(134) Archive regions: 2->2
[2024-07-05T10:25:53.674-0700][info][gc,heap        ] GC(134) Humongous regions: 8->8
[2024-07-05T10:25:53.674-0700][info][gc,metaspace   ] GC(134) Metaspace: 302K(512K)->302K(512K) NonClass: 294K(384K)->294K(384K) Class: 7K(128K)->7K(128K)
[2024-07-05T10:25:53.674-0700][info][gc             ] GC(134) Pause Young (Normal) (G1 Preventive Collection) 4084M->4084M(4096M) 1.108ms
[2024-07-05T10:25:53.674-0700][info][gc,cpu         ] GC(134) User=0.00s Sys=0.00s Real=0.00s
[2024-07-05T10:25:53.674-0700][info][gc,start       ] GC(135) Pause Young (Concurrent Start) (G1 Evacuation Pause)
[2024-07-05T10:25:53.674-0700][info][gc,task        ] GC(135) Using 4 workers of 4 for evacuation
[2024-07-05T10:25:53.676-0700][info][gc             ] GC(135) To-space exhausted
[2024-07-05T10:25:53.676-0700][info][gc,phases      ] GC(135)   Pre Evacuate Collection Set: 0.2ms
[2024-07-05T10:25:53.676-0700][info][gc,phases      ] GC(135)   Merge Heap Roots: 0.1ms
[2024-07-05T10:25:53.676-0700][info][gc,phases      ] GC(135)   Evacuate Collection Set: 0.5ms
[2024-07-05T10:25:53.676-0700][info][gc,phases      ] GC(135)   Post Evacuate Collection Set: 0.5ms
[2024-07-05T10:25:53.676-0700][info][gc,phases      ] GC(135)   Other: 0.1ms
[2024-07-05T10:25:53.676-0700][info][gc,heap        ] GC(135) Eden regions: 1->0(102)
[2024-07-05T10:25:53.676-0700][info][gc,heap        ] GC(135) Survivor regions: 2->0(0)
[2024-07-05T10:25:53.676-0700][info][gc,heap        ] GC(135) Old regions: 2035->2038
[2024-07-05T10:25:53.676-0700][info][gc,heap        ] GC(135) Archive regions: 2->2
[2024-07-05T10:25:53.676-0700][info][gc,heap        ] GC(135) Humongous regions: 8->8
[2024-07-05T10:25:53.676-0700][info][gc,metaspace   ] GC(135) Metaspace: 302K(512K)->302K(512K) NonClass: 294K(384K)->294K(384K) Class: 7K(128K)->7K(128K)
[2024-07-05T10:25:53.676-0700][info][gc             ] GC(135) Pause Young (Concurrent Start) (G1 Evacuation Pause) 4086M->4086M(4096M) 1.447ms
[2024-07-05T10:25:53.676-0700][info][gc,cpu         ] GC(135) User=0.00s Sys=0.00s Real=0.01s
[2024-07-05T10:25:53.676-0700][info][gc,ergo        ] Attempting full compaction
[2024-07-05T10:25:53.676-0700][info][gc,task        ] GC(136) Using 4 workers of 4 for full compaction
[2024-07-05T10:25:53.676-0700][info][gc             ] GC(137) Concurrent Mark Cycle
[2024-07-05T10:25:53.676-0700][info][gc,marking     ] GC(137) Concurrent Clear Claimed Marks
[2024-07-05T10:25:53.676-0700][info][gc,marking     ] GC(137) Concurrent Clear Claimed Marks 0.011ms
[2024-07-05T10:25:53.676-0700][info][gc,marking     ] GC(137) Concurrent Scan Root Regions
[2024-07-05T10:25:53.676-0700][info][gc,marking     ] GC(137) Concurrent Scan Root Regions 0.004ms
[2024-07-05T10:25:53.676-0700][info][gc,marking     ] GC(137) Concurrent Mark
[2024-07-05T10:25:53.676-0700][info][gc,marking     ] GC(137) Concurrent Mark From Roots
[2024-07-05T10:25:53.676-0700][info][gc,task        ] GC(137) Using 1 workers of 1 for marking
[2024-07-05T10:25:53.676-0700][info][gc,start       ] GC(136) Pause Full (G1 Compaction Pause)
[2024-07-05T10:25:53.680-0700][info][gc,phases,start] GC(136) Phase 1: Mark live objects
[2024-07-05T10:25:53.779-0700][info][gc,phases      ] GC(136) Phase 1: Mark live objects 99.206ms
[2024-07-05T10:25:53.779-0700][info][gc,phases,start] GC(136) Phase 2: Prepare for compaction
[2024-07-05T10:25:53.780-0700][info][gc,phases      ] GC(136) Phase 2: Prepare for compaction 1.238ms
[2024-07-05T10:25:53.780-0700][info][gc,phases,start] GC(136) Phase 3: Adjust pointers
[2024-07-05T10:25:53.847-0700][info][gc,phases      ] GC(136) Phase 3: Adjust pointers 66.839ms
[2024-07-05T10:25:53.847-0700][info][gc,phases,start] GC(136) Phase 4: Compact heap
[2024-07-05T10:25:53.848-0700][info][gc,phases      ] GC(136) Phase 4: Compact heap 0.478ms
[2024-07-05T10:25:53.851-0700][info][gc,heap        ] GC(136) Eden regions: 0->0(102)
[2024-07-05T10:25:53.851-0700][info][gc,heap        ] GC(136) Survivor regions: 0->0(0)
[2024-07-05T10:25:53.851-0700][info][gc,heap        ] GC(136) Old regions: 2038->2037
[2024-07-05T10:25:53.851-0700][info][gc,heap        ] GC(136) Archive regions: 2->2
[2024-07-05T10:25:53.851-0700][info][gc,heap        ] GC(136) Humongous regions: 8->8
[2024-07-05T10:25:53.851-0700][info][gc,metaspace   ] GC(136) Metaspace: 302K(512K)->302K(512K) NonClass: 294K(384K)->294K(384K) Class: 7K(128K)->7K(128K)
[2024-07-05T10:25:53.851-0700][info][gc             ] GC(136) Pause Full (G1 Compaction Pause) 4086M->4086M(4096M) 174.762ms
[2024-07-05T10:25:53.851-0700][info][gc,cpu         ] GC(136) User=0.68s Sys=0.01s Real=0.17s
[2024-07-05T10:25:53.851-0700][info][gc,marking     ] GC(137) Concurrent Mark From Roots 174.913ms
[2024-07-05T10:25:53.851-0700][info][gc,marking     ] GC(137) Concurrent Mark Abort
[2024-07-05T10:25:53.851-0700][info][gc             ] GC(137) Concurrent Mark Cycle 175.010ms
[2024-07-05T10:25:53.851-0700][info][gc,start       ] GC(138) Pause Young (Normal) (G1 Evacuation Pause)
[2024-07-05T10:25:53.851-0700][info][gc,task        ] GC(138) Using 4 workers of 4 for evacuation
[2024-07-05T10:25:53.852-0700][info][gc             ] GC(138) To-space exhausted
[2024-07-05T10:25:53.852-0700][info][gc,phases      ] GC(138)   Pre Evacuate Collection Set: 0.2ms
[2024-07-05T10:25:53.852-0700][info][gc,phases      ] GC(138)   Merge Heap Roots: 0.1ms
[2024-07-05T10:25:53.852-0700][info][gc,phases      ] GC(138)   Evacuate Collection Set: 0.3ms
[2024-07-05T10:25:53.852-0700][info][gc,phases      ] GC(138)   Post Evacuate Collection Set: 0.3ms
[2024-07-05T10:25:53.852-0700][info][gc,phases      ] GC(138)   Other: 0.1ms
[2024-07-05T10:25:53.852-0700][info][gc,heap        ] GC(138) Eden regions: 1->0(102)
[2024-07-05T10:25:53.852-0700][info][gc,heap        ] GC(138) Survivor regions: 0->0(0)
[2024-07-05T10:25:53.852-0700][info][gc,heap        ] GC(138) Old regions: 2037->2038
[2024-07-05T10:25:53.852-0700][info][gc,heap        ] GC(138) Archive regions: 2->2
[2024-07-05T10:25:53.852-0700][info][gc,heap        ] GC(138) Humongous regions: 8->8
[2024-07-05T10:25:53.852-0700][info][gc,metaspace   ] GC(138) Metaspace: 302K(512K)->302K(512K) NonClass: 294K(384K)->294K(384K) Class: 7K(128K)->7K(128K)
[2024-07-05T10:25:53.852-0700][info][gc             ] GC(138) Pause Young (Normal) (G1 Evacuation Pause) 4088M->4088M(4096M) 0.993ms
[2024-07-05T10:25:53.852-0700][info][gc,cpu         ] GC(138) User=0.00s Sys=0.00s Real=0.00s
[2024-07-05T10:25:53.852-0700][info][gc,ergo        ] Attempting full compaction
[2024-07-05T10:25:53.852-0700][info][gc,task        ] GC(139) Using 4 workers of 4 for full compaction
[2024-07-05T10:25:53.852-0700][info][gc,start       ] GC(139) Pause Full (G1 Compaction Pause)
[2024-07-05T10:25:53.852-0700][info][gc,phases,start] GC(139) Phase 1: Mark live objects
[2024-07-05T10:25:53.951-0700][info][gc,phases      ] GC(139) Phase 1: Mark live objects 99.107ms
[2024-07-05T10:25:53.952-0700][info][gc,phases,start] GC(139) Phase 2: Prepare for compaction
[2024-07-05T10:25:53.953-0700][info][gc,phases      ] GC(139) Phase 2: Prepare for compaction 1.024ms
[2024-07-05T10:25:53.953-0700][info][gc,phases,start] GC(139) Phase 3: Adjust pointers
[2024-07-05T10:25:54.026-0700][info][gc,phases      ] GC(139) Phase 3: Adjust pointers 73.250ms
[2024-07-05T10:25:54.026-0700][info][gc,phases,start] GC(139) Phase 4: Compact heap
[2024-07-05T10:25:54.026-0700][info][gc,phases      ] GC(139) Phase 4: Compact heap 0.318ms
[2024-07-05T10:25:54.030-0700][info][gc,heap        ] GC(139) Eden regions: 0->0(102)
[2024-07-05T10:25:54.030-0700][info][gc,heap        ] GC(139) Survivor regions: 0->0(0)
[2024-07-05T10:25:54.030-0700][info][gc,heap        ] GC(139) Old regions: 2038->2037
[2024-07-05T10:25:54.030-0700][info][gc,heap        ] GC(139) Archive regions: 2->2
[2024-07-05T10:25:54.030-0700][info][gc,heap        ] GC(139) Humongous regions: 8->8
[2024-07-05T10:25:54.030-0700][info][gc,metaspace   ] GC(139) Metaspace: 302K(512K)->302K(512K) NonClass: 294K(384K)->294K(384K) Class: 7K(128K)->7K(128K)
[2024-07-05T10:25:54.030-0700][info][gc             ] GC(139) Pause Full (G1 Compaction Pause) 4088M->4088M(4096M) 177.625ms
[2024-07-05T10:25:54.030-0700][info][gc,cpu         ] GC(139) User=0.70s Sys=0.00s Real=0.18s
[2024-07-05T10:25:54.030-0700][info][gc,start       ] GC(140) Pause Young (Concurrent Start) (G1 Evacuation Pause)
[2024-07-05T10:25:54.030-0700][info][gc,task        ] GC(140) Using 4 workers of 4 for evacuation
[2024-07-05T10:25:54.032-0700][info][gc             ] GC(140) To-space exhausted
[2024-07-05T10:25:54.032-0700][info][gc,phases      ] GC(140)   Pre Evacuate Collection Set: 0.3ms
[2024-07-05T10:25:54.032-0700][info][gc,phases      ] GC(140)   Merge Heap Roots: 0.1ms
[2024-07-05T10:25:54.032-0700][info][gc,phases      ] GC(140)   Evacuate Collection Set: 0.4ms
[2024-07-05T10:25:54.032-0700][info][gc,phases      ] GC(140)   Post Evacuate Collection Set: 0.3ms
[2024-07-05T10:25:54.032-0700][info][gc,phases      ] GC(140)   Other: 0.1ms
[2024-07-05T10:25:54.032-0700][info][gc,heap        ] GC(140) Eden regions: 1->0(102)
[2024-07-05T10:25:54.032-0700][info][gc,heap        ] GC(140) Survivor regions: 0->0(0)
[2024-07-05T10:25:54.032-0700][info][gc,heap        ] GC(140) Old regions: 2037->2038
[2024-07-05T10:25:54.032-0700][info][gc,heap        ] GC(140) Archive regions: 2->2
[2024-07-05T10:25:54.032-0700][info][gc,heap        ] GC(140) Humongous regions: 8->8
[2024-07-05T10:25:54.032-0700][info][gc,metaspace   ] GC(140) Metaspace: 302K(512K)->302K(512K) NonClass: 294K(384K)->294K(384K) Class: 7K(128K)->7K(128K)
[2024-07-05T10:25:54.032-0700][info][gc             ] GC(140) Pause Young (Concurrent Start) (G1 Evacuation Pause) 4090M->4090M(4096M) 1.330ms
[2024-07-05T10:25:54.032-0700][info][gc,cpu         ] GC(140) User=0.00s Sys=0.00s Real=0.00s
[2024-07-05T10:25:54.032-0700][info][gc,ergo        ] Attempting full compaction
[2024-07-05T10:25:54.032-0700][info][gc,task        ] GC(141) Using 4 workers of 4 for full compaction
[2024-07-05T10:25:54.032-0700][info][gc             ] GC(142) Concurrent Mark Cycle
[2024-07-05T10:25:54.032-0700][info][gc,marking     ] GC(142) Concurrent Clear Claimed Marks
[2024-07-05T10:25:54.032-0700][info][gc,start       ] GC(141) Pause Full (G1 Compaction Pause)
[2024-07-05T10:25:54.032-0700][info][gc,marking     ] GC(142) Concurrent Clear Claimed Marks 0.012ms
[2024-07-05T10:25:54.032-0700][info][gc,marking     ] GC(142) Concurrent Scan Root Regions
[2024-07-05T10:25:54.032-0700][info][gc,marking     ] GC(142) Concurrent Scan Root Regions 0.005ms
[2024-07-05T10:25:54.032-0700][info][gc,marking     ] GC(142) Concurrent Mark
[2024-07-05T10:25:54.032-0700][info][gc,marking     ] GC(142) Concurrent Mark From Roots
[2024-07-05T10:25:54.032-0700][info][gc,task        ] GC(142) Using 1 workers of 1 for marking
[2024-07-05T10:25:54.035-0700][info][gc,phases,start] GC(141) Phase 1: Mark live objects
[2024-07-05T10:25:54.150-0700][info][gc,phases      ] GC(141) Phase 1: Mark live objects 114.560ms
[2024-07-05T10:25:54.150-0700][info][gc,phases,start] GC(141) Phase 2: Prepare for compaction
[2024-07-05T10:25:54.151-0700][info][gc,phases      ] GC(141) Phase 2: Prepare for compaction 1.213ms
[2024-07-05T10:25:54.151-0700][info][gc,phases,start] GC(141) Phase 3: Adjust pointers
[2024-07-05T10:25:54.215-0700][info][gc,phases      ] GC(141) Phase 3: Adjust pointers 63.997ms
[2024-07-05T10:25:54.215-0700][info][gc,phases,start] GC(141) Phase 4: Compact heap
[2024-07-05T10:25:54.216-0700][info][gc,phases      ] GC(141) Phase 4: Compact heap 0.383ms
[2024-07-05T10:25:54.219-0700][info][gc,heap        ] GC(141) Eden regions: 0->0(102)
[2024-07-05T10:25:54.219-0700][info][gc,heap        ] GC(141) Survivor regions: 0->0(0)
[2024-07-05T10:25:54.219-0700][info][gc,heap        ] GC(141) Old regions: 2038->2037
[2024-07-05T10:25:54.219-0700][info][gc,heap        ] GC(141) Archive regions: 2->2
[2024-07-05T10:25:54.219-0700][info][gc,heap        ] GC(141) Humongous regions: 8->8
[2024-07-05T10:25:54.219-0700][info][gc,metaspace   ] GC(141) Metaspace: 302K(512K)->302K(512K) NonClass: 294K(384K)->294K(384K) Class: 7K(128K)->7K(128K)
[2024-07-05T10:25:54.219-0700][info][gc             ] GC(141) Pause Full (G1 Compaction Pause) 4090M->4090M(4096M) 186.933ms
[2024-07-05T10:25:54.219-0700][info][gc,cpu         ] GC(141) User=0.74s Sys=0.00s Real=0.19s
[2024-07-05T10:25:54.219-0700][info][gc,marking     ] GC(142) Concurrent Mark From Roots 187.057ms
[2024-07-05T10:25:54.219-0700][info][gc,marking     ] GC(142) Concurrent Mark Abort
[2024-07-05T10:25:54.219-0700][info][gc             ] GC(142) Concurrent Mark Cycle 187.216ms
[2024-07-05T10:25:56.257-0700][info][gc,start       ] GC(143) Pause Young (Normal) (G1 Evacuation Pause)
[2024-07-05T10:25:56.257-0700][info][gc,task        ] GC(143) Using 4 workers of 4 for evacuation
[2024-07-05T10:25:56.265-0700][info][gc             ] GC(143) To-space exhausted
[2024-07-05T10:25:56.265-0700][info][gc,phases      ] GC(143)   Pre Evacuate Collection Set: 0.2ms
[2024-07-05T10:25:56.265-0700][info][gc,phases      ] GC(143)   Merge Heap Roots: 0.3ms
[2024-07-05T10:25:56.265-0700][info][gc,phases      ] GC(143)   Evacuate Collection Set: 6.4ms
[2024-07-05T10:25:56.265-0700][info][gc,phases      ] GC(143)   Post Evacuate Collection Set: 1.0ms
[2024-07-05T10:25:56.265-0700][info][gc,phases      ] GC(143)   Other: 0.1ms
[2024-07-05T10:25:56.265-0700][info][gc,heap        ] GC(143) Eden regions: 1->0(102)
[2024-07-05T10:25:56.265-0700][info][gc,heap        ] GC(143) Survivor regions: 0->0(0)
[2024-07-05T10:25:56.265-0700][info][gc,heap        ] GC(143) Old regions: 2037->2038
[2024-07-05T10:25:56.265-0700][info][gc,heap        ] GC(143) Archive regions: 2->2
[2024-07-05T10:25:56.265-0700][info][gc,heap        ] GC(143) Humongous regions: 8->8
[2024-07-05T10:25:56.265-0700][info][gc,metaspace   ] GC(143) Metaspace: 302K(512K)->302K(512K) NonClass: 294K(384K)->294K(384K) Class: 7K(128K)->7K(128K)
[2024-07-05T10:25:56.265-0700][info][gc             ] GC(143) Pause Young (Normal) (G1 Evacuation Pause) 4092M->4092M(4096M) 8.048ms
[2024-07-05T10:25:56.265-0700][info][gc,cpu         ] GC(143) User=0.02s Sys=0.00s Real=0.01s
[2024-07-05T10:25:56.265-0700][info][gc,ergo        ] Attempting full compaction
[2024-07-05T10:25:56.265-0700][info][gc,task        ] GC(144) Using 4 workers of 4 for full compaction
[2024-07-05T10:25:56.265-0700][info][gc,start       ] GC(144) Pause Full (G1 Compaction Pause)
[2024-07-05T10:25:56.265-0700][info][gc,phases,start] GC(144) Phase 1: Mark live objects
[2024-07-05T10:25:56.383-0700][info][gc,phases      ] GC(144) Phase 1: Mark live objects 118.270ms
[2024-07-05T10:25:56.384-0700][info][gc,phases,start] GC(144) Phase 2: Prepare for compaction
[2024-07-05T10:25:56.386-0700][info][gc,phases      ] GC(144) Phase 2: Prepare for compaction 2.015ms
[2024-07-05T10:25:56.386-0700][info][gc,phases,start] GC(144) Phase 3: Adjust pointers
[2024-07-05T10:25:56.454-0700][info][gc,phases      ] GC(144) Phase 3: Adjust pointers 68.679ms
[2024-07-05T10:25:56.454-0700][info][gc,phases,start] GC(144) Phase 4: Compact heap
[2024-07-05T10:25:56.457-0700][info][gc,phases      ] GC(144) Phase 4: Compact heap 2.497ms
[2024-07-05T10:25:56.461-0700][info][gc,heap        ] GC(144) Eden regions: 0->0(102)
[2024-07-05T10:25:56.461-0700][info][gc,heap        ] GC(144) Survivor regions: 0->0(0)
[2024-07-05T10:25:56.461-0700][info][gc,heap        ] GC(144) Old regions: 2038->2037
[2024-07-05T10:25:56.461-0700][info][gc,heap        ] GC(144) Archive regions: 2->2
[2024-07-05T10:25:56.461-0700][info][gc,heap        ] GC(144) Humongous regions: 8->8
[2024-07-05T10:25:56.461-0700][info][gc,metaspace   ] GC(144) Metaspace: 302K(512K)->302K(512K) NonClass: 294K(384K)->294K(384K) Class: 7K(128K)->7K(128K)
[2024-07-05T10:25:56.461-0700][info][gc             ] GC(144) Pause Full (G1 Compaction Pause) 4092M->4091M(4096M) 195.611ms
[2024-07-05T10:25:56.461-0700][info][gc,cpu         ] GC(144) User=0.77s Sys=0.00s Real=0.19s
[2024-07-05T10:25:56.461-0700][info][gc,start       ] GC(145) Pause Young (Concurrent Start) (G1 Evacuation Pause)
[2024-07-05T10:25:56.461-0700][info][gc,task        ] GC(145) Using 4 workers of 4 for evacuation
[2024-07-05T10:25:56.462-0700][info][gc             ] GC(145) To-space exhausted
[2024-07-05T10:25:56.462-0700][info][gc,phases      ] GC(145)   Pre Evacuate Collection Set: 0.2ms
[2024-07-05T10:25:56.462-0700][info][gc,phases      ] GC(145)   Merge Heap Roots: 0.1ms
[2024-07-05T10:25:56.462-0700][info][gc,phases      ] GC(145)   Evacuate Collection Set: 0.4ms
[2024-07-05T10:25:56.462-0700][info][gc,phases      ] GC(145)   Post Evacuate Collection Set: 0.3ms
[2024-07-05T10:25:56.462-0700][info][gc,phases      ] GC(145)   Other: 0.1ms
[2024-07-05T10:25:56.462-0700][info][gc,heap        ] GC(145) Eden regions: 1->0(102)
[2024-07-05T10:25:56.462-0700][info][gc,heap        ] GC(145) Survivor regions: 0->0(0)
[2024-07-05T10:25:56.462-0700][info][gc,heap        ] GC(145) Old regions: 2037->2038
[2024-07-05T10:25:56.462-0700][info][gc,heap        ] GC(145) Archive regions: 2->2
[2024-07-05T10:25:56.462-0700][info][gc,heap        ] GC(145) Humongous regions: 8->8
[2024-07-05T10:25:56.462-0700][info][gc,metaspace   ] GC(145) Metaspace: 302K(512K)->302K(512K) NonClass: 294K(384K)->294K(384K) Class: 7K(128K)->7K(128K)
[2024-07-05T10:25:56.462-0700][info][gc             ] GC(145) Pause Young (Concurrent Start) (G1 Evacuation Pause) 4093M->4093M(4096M) 1.192ms
[2024-07-05T10:25:56.462-0700][info][gc,cpu         ] GC(145) User=0.00s Sys=0.00s Real=0.00s
[2024-07-05T10:25:56.462-0700][info][gc,ergo        ] Attempting full compaction
[2024-07-05T10:25:56.462-0700][info][gc,task        ] GC(146) Using 4 workers of 4 for full compaction
[2024-07-05T10:25:56.463-0700][info][gc,start       ] GC(146) Pause Full (G1 Compaction Pause)
[2024-07-05T10:25:56.463-0700][info][gc             ] GC(147) Concurrent Mark Cycle
[2024-07-05T10:25:56.463-0700][info][gc,marking     ] GC(147) Concurrent Clear Claimed Marks
[2024-07-05T10:25:56.463-0700][info][gc,marking     ] GC(147) Concurrent Clear Claimed Marks 0.005ms
[2024-07-05T10:25:56.463-0700][info][gc,marking     ] GC(147) Concurrent Scan Root Regions
[2024-07-05T10:25:56.463-0700][info][gc,marking     ] GC(147) Concurrent Scan Root Regions 0.003ms
[2024-07-05T10:25:56.463-0700][info][gc,marking     ] GC(147) Concurrent Mark
[2024-07-05T10:25:56.463-0700][info][gc,marking     ] GC(147) Concurrent Mark From Roots
[2024-07-05T10:25:56.463-0700][info][gc,task        ] GC(147) Using 1 workers of 1 for marking
[2024-07-05T10:25:56.466-0700][info][gc,phases,start] GC(146) Phase 1: Mark live objects
[2024-07-05T10:25:56.583-0700][info][gc,phases      ] GC(146) Phase 1: Mark live objects 116.614ms
[2024-07-05T10:25:56.583-0700][info][gc,phases,start] GC(146) Phase 2: Prepare for compaction
[2024-07-05T10:25:56.584-0700][info][gc,phases      ] GC(146) Phase 2: Prepare for compaction 0.850ms
[2024-07-05T10:25:56.584-0700][info][gc,phases,start] GC(146) Phase 3: Adjust pointers
[2024-07-05T10:25:56.651-0700][info][gc,phases      ] GC(146) Phase 3: Adjust pointers 67.326ms
[2024-07-05T10:25:56.651-0700][info][gc,phases,start] GC(146) Phase 4: Compact heap
[2024-07-05T10:25:56.651-0700][info][gc,phases      ] GC(146) Phase 4: Compact heap 0.183ms
[2024-07-05T10:25:56.654-0700][info][gc,heap        ] GC(146) Eden regions: 0->0(102)
[2024-07-05T10:25:56.654-0700][info][gc,heap        ] GC(146) Survivor regions: 0->0(0)
[2024-07-05T10:25:56.654-0700][info][gc,heap        ] GC(146) Old regions: 2038->2038
[2024-07-05T10:25:56.654-0700][info][gc,heap        ] GC(146) Archive regions: 2->2
[2024-07-05T10:25:56.654-0700][info][gc,heap        ] GC(146) Humongous regions: 8->8
[2024-07-05T10:25:56.654-0700][info][gc,metaspace   ] GC(146) Metaspace: 302K(512K)->302K(512K) NonClass: 294K(384K)->294K(384K) Class: 7K(128K)->7K(128K)
[2024-07-05T10:25:56.654-0700][info][gc             ] GC(146) Pause Full (G1 Compaction Pause) 4093M->4093M(4096M) 191.826ms
[2024-07-05T10:25:56.654-0700][info][gc,cpu         ] GC(146) User=0.76s Sys=0.00s Real=0.19s
[2024-07-05T10:25:56.654-0700][info][gc,ergo        ] Attempting maximum full compaction clearing soft references
[2024-07-05T10:25:56.654-0700][info][gc,task        ] GC(148) Using 4 workers of 4 for full compaction
[2024-07-05T10:25:56.654-0700][info][gc,start       ] GC(148) Pause Full (G1 Compaction Pause)
[2024-07-05T10:25:56.655-0700][info][gc,phases,start] GC(148) Phase 1: Mark live objects
[2024-07-05T10:25:56.755-0700][info][gc,phases      ] GC(148) Phase 1: Mark live objects 100.660ms
[2024-07-05T10:25:56.755-0700][info][gc,phases,start] GC(148) Phase 2: Prepare for compaction
[2024-07-05T10:25:56.838-0700][info][gc,phases      ] GC(148) Phase 2: Prepare for compaction 82.936ms
[2024-07-05T10:25:56.838-0700][info][gc,phases,start] GC(148) Phase 3: Adjust pointers
[2024-07-05T10:25:56.933-0700][info][gc,phases      ] GC(148) Phase 3: Adjust pointers 94.352ms
[2024-07-05T10:25:56.933-0700][info][gc,phases,start] GC(148) Phase 4: Compact heap
[2024-07-05T10:25:57.456-0700][info][gc,phases      ] GC(148) Phase 4: Compact heap 522.827ms
[2024-07-05T10:25:57.459-0700][info][gc,heap        ] GC(148) Eden regions: 0->0(102)
[2024-07-05T10:25:57.459-0700][info][gc,heap        ] GC(148) Survivor regions: 0->0(0)
[2024-07-05T10:25:57.459-0700][info][gc,heap        ] GC(148) Old regions: 2038->1996
[2024-07-05T10:25:57.459-0700][info][gc,heap        ] GC(148) Archive regions: 2->2
[2024-07-05T10:25:57.459-0700][info][gc,heap        ] GC(148) Humongous regions: 8->8
[2024-07-05T10:25:57.459-0700][info][gc,metaspace   ] GC(148) Metaspace: 302K(512K)->302K(512K) NonClass: 294K(384K)->294K(384K) Class: 7K(128K)->7K(128K)
[2024-07-05T10:25:57.459-0700][info][gc             ] GC(148) Pause Full (G1 Compaction Pause) 4093M->4003M(4096M) 804.320ms
[2024-07-05T10:25:57.459-0700][info][gc,cpu         ] GC(148) User=3.11s Sys=0.01s Real=0.81s
[2024-07-05T10:25:57.459-0700][info][gc,marking     ] GC(147) Concurrent Mark From Roots 996.370ms
[2024-07-05T10:25:57.459-0700][info][gc,marking     ] GC(147) Concurrent Mark Abort
[2024-07-05T10:25:57.459-0700][info][gc             ] GC(147) Concurrent Mark Cycle 996.422ms
[2024-07-05T10:26:13.496-0700][info][gc,start       ] GC(149) Pause Young (Normal) (G1 Preventive Collection)
[2024-07-05T10:26:13.496-0700][info][gc,task        ] GC(149) Using 4 workers of 4 for evacuation
[2024-07-05T10:26:13.516-0700][info][gc             ] GC(149) To-space exhausted
[2024-07-05T10:26:13.516-0700][info][gc,phases      ] GC(149)   Pre Evacuate Collection Set: 0.4ms
[2024-07-05T10:26:13.516-0700][info][gc,phases      ] GC(149)   Merge Heap Roots: 0.2ms
[2024-07-05T10:26:13.516-0700][info][gc,phases      ] GC(149)   Evacuate Collection Set: 17.2ms
[2024-07-05T10:26:13.516-0700][info][gc,phases      ] GC(149)   Post Evacuate Collection Set: 1.9ms
[2024-07-05T10:26:13.516-0700][info][gc,phases      ] GC(149)   Other: 0.3ms
[2024-07-05T10:26:13.516-0700][info][gc,heap        ] GC(149) Eden regions: 33->0(93)
[2024-07-05T10:26:13.516-0700][info][gc,heap        ] GC(149) Survivor regions: 0->9(9)
[2024-07-05T10:26:13.516-0700][info][gc,heap        ] GC(149) Old regions: 1996->2025
[2024-07-05T10:26:13.516-0700][info][gc,heap        ] GC(149) Archive regions: 2->2
[2024-07-05T10:26:13.516-0700][info][gc,heap        ] GC(149) Humongous regions: 8->8
[2024-07-05T10:26:13.516-0700][info][gc,metaspace   ] GC(149) Metaspace: 302K(512K)->302K(512K) NonClass: 294K(384K)->294K(384K) Class: 7K(128K)->7K(128K)
[2024-07-05T10:26:13.516-0700][info][gc             ] GC(149) Pause Young (Normal) (G1 Preventive Collection) 4069M->4079M(4096M) 20.029ms
[2024-07-05T10:26:13.516-0700][info][gc,cpu         ] GC(149) User=0.06s Sys=0.01s Real=0.02s
[2024-07-05T10:26:13.517-0700][info][gc,start       ] GC(150) Pause Young (Concurrent Start) (G1 Preventive Collection)
[2024-07-05T10:26:13.517-0700][info][gc,task        ] GC(150) Using 4 workers of 4 for evacuation
[2024-07-05T10:26:13.522-0700][info][gc             ] GC(150) To-space exhausted
[2024-07-05T10:26:13.522-0700][info][gc,phases      ] GC(150)   Pre Evacuate Collection Set: 0.3ms
[2024-07-05T10:26:13.522-0700][info][gc,phases      ] GC(150)   Merge Heap Roots: 0.2ms
[2024-07-05T10:26:13.522-0700][info][gc,phases      ] GC(150)   Evacuate Collection Set: 3.6ms
[2024-07-05T10:26:13.522-0700][info][gc,phases      ] GC(150)   Post Evacuate Collection Set: 1.2ms
[2024-07-05T10:26:13.522-0700][info][gc,phases      ] GC(150)   Other: 0.2ms
[2024-07-05T10:26:13.522-0700][info][gc,heap        ] GC(150) Eden regions: 2->0(102)
[2024-07-05T10:26:13.522-0700][info][gc,heap        ] GC(150) Survivor regions: 9->0(2)
[2024-07-05T10:26:13.522-0700][info][gc,heap        ] GC(150) Old regions: 2025->2038
[2024-07-05T10:26:13.522-0700][info][gc,heap        ] GC(150) Archive regions: 2->2
[2024-07-05T10:26:13.522-0700][info][gc,heap        ] GC(150) Humongous regions: 8->8
[2024-07-05T10:26:13.522-0700][info][gc,metaspace   ] GC(150) Metaspace: 302K(512K)->302K(512K) NonClass: 294K(384K)->294K(384K) Class: 7K(128K)->7K(128K)
[2024-07-05T10:26:13.522-0700][info][gc             ] GC(150) Pause Young (Concurrent Start) (G1 Preventive Collection) 4083M->4087M(4096M) 5.513ms
[2024-07-05T10:26:13.522-0700][info][gc,cpu         ] GC(150) User=0.02s Sys=0.00s Real=0.00s
[2024-07-05T10:26:13.522-0700][info][gc,ergo        ] Attempting full compaction
[2024-07-05T10:26:13.522-0700][info][gc,task        ] GC(151) Using 4 workers of 4 for full compaction
[2024-07-05T10:26:13.522-0700][info][gc             ] GC(152) Concurrent Mark Cycle
[2024-07-05T10:26:13.522-0700][info][gc,marking     ] GC(152) Concurrent Clear Claimed Marks
[2024-07-05T10:26:13.522-0700][info][gc,start       ] GC(151) Pause Full (G1 Compaction Pause)
[2024-07-05T10:26:13.522-0700][info][gc,marking     ] GC(152) Concurrent Clear Claimed Marks 0.013ms
[2024-07-05T10:26:13.522-0700][info][gc,marking     ] GC(152) Concurrent Scan Root Regions
[2024-07-05T10:26:13.523-0700][info][gc,marking     ] GC(152) Concurrent Scan Root Regions 0.162ms
[2024-07-05T10:26:13.523-0700][info][gc,marking     ] GC(152) Concurrent Mark
[2024-07-05T10:26:13.523-0700][info][gc,marking     ] GC(152) Concurrent Mark From Roots
[2024-07-05T10:26:13.523-0700][info][gc,task        ] GC(152) Using 1 workers of 1 for marking
[2024-07-05T10:26:13.526-0700][info][gc,phases,start] GC(151) Phase 1: Mark live objects
[2024-07-05T10:26:13.630-0700][info][gc,phases      ] GC(151) Phase 1: Mark live objects 103.777ms
[2024-07-05T10:26:13.630-0700][info][gc,phases,start] GC(151) Phase 2: Prepare for compaction
[2024-07-05T10:26:13.631-0700][info][gc,phases      ] GC(151) Phase 2: Prepare for compaction 1.351ms
[2024-07-05T10:26:13.631-0700][info][gc,phases,start] GC(151) Phase 3: Adjust pointers
[2024-07-05T10:26:13.700-0700][info][gc,phases      ] GC(151) Phase 3: Adjust pointers 68.560ms
[2024-07-05T10:26:13.700-0700][info][gc,phases,start] GC(151) Phase 4: Compact heap
[2024-07-05T10:26:13.702-0700][info][gc,phases      ] GC(151) Phase 4: Compact heap 2.107ms
[2024-07-05T10:26:13.705-0700][info][gc,heap        ] GC(151) Eden regions: 0->0(102)
[2024-07-05T10:26:13.705-0700][info][gc,heap        ] GC(151) Survivor regions: 0->0(2)
[2024-07-05T10:26:13.705-0700][info][gc,heap        ] GC(151) Old regions: 2038->2030
[2024-07-05T10:26:13.705-0700][info][gc,heap        ] GC(151) Archive regions: 2->2
[2024-07-05T10:26:13.705-0700][info][gc,heap        ] GC(151) Humongous regions: 8->8
[2024-07-05T10:26:13.705-0700][info][gc,metaspace   ] GC(151) Metaspace: 302K(512K)->302K(512K) NonClass: 294K(384K)->294K(384K) Class: 7K(128K)->7K(128K)
[2024-07-05T10:26:13.705-0700][info][gc             ] GC(151) Pause Full (G1 Compaction Pause) 4087M->4073M(4096M) 182.731ms
[2024-07-05T10:26:13.705-0700][info][gc,cpu         ] GC(151) User=0.72s Sys=0.00s Real=0.19s
[2024-07-05T10:26:13.705-0700][info][gc,marking     ] GC(152) Concurrent Mark From Roots 182.621ms
[2024-07-05T10:26:13.705-0700][info][gc,marking     ] GC(152) Concurrent Mark Abort
[2024-07-05T10:26:13.705-0700][info][gc             ] GC(152) Concurrent Mark Cycle 182.984ms
[2024-07-05T10:26:15.751-0700][info][gc,start       ] GC(153) Pause Young (Normal) (G1 Preventive Collection)
[2024-07-05T10:26:15.751-0700][info][gc,task        ] GC(153) Using 4 workers of 4 for evacuation
[2024-07-05T10:26:15.759-0700][info][gc             ] GC(153) To-space exhausted
[2024-07-05T10:26:15.759-0700][info][gc,phases      ] GC(153)   Pre Evacuate Collection Set: 0.4ms
[2024-07-05T10:26:15.759-0700][info][gc,phases      ] GC(153)   Merge Heap Roots: 0.3ms
[2024-07-05T10:26:15.759-0700][info][gc,phases      ] GC(153)   Evacuate Collection Set: 6.3ms
[2024-07-05T10:26:15.759-0700][info][gc,phases      ] GC(153)   Post Evacuate Collection Set: 1.0ms
[2024-07-05T10:26:15.759-0700][info][gc,phases      ] GC(153)   Other: 0.1ms
[2024-07-05T10:26:15.759-0700][info][gc,heap        ] GC(153) Eden regions: 6->0(100)
[2024-07-05T10:26:15.759-0700][info][gc,heap        ] GC(153) Survivor regions: 0->2(2)
[2024-07-05T10:26:15.759-0700][info][gc,heap        ] GC(153) Old regions: 2030->2035
[2024-07-05T10:26:15.759-0700][info][gc,heap        ] GC(153) Archive regions: 2->2
[2024-07-05T10:26:15.759-0700][info][gc,heap        ] GC(153) Humongous regions: 8->8
[2024-07-05T10:26:15.759-0700][info][gc,metaspace   ] GC(153) Metaspace: 302K(512K)->302K(512K) NonClass: 294K(384K)->294K(384K) Class: 7K(128K)->7K(128K)
[2024-07-05T10:26:15.759-0700][info][gc             ] GC(153) Pause Young (Normal) (G1 Preventive Collection) 4085M->4087M(4096M) 8.145ms
[2024-07-05T10:26:15.759-0700][info][gc,cpu         ] GC(153) User=0.02s Sys=0.00s Real=0.01s
[2024-07-05T10:26:15.760-0700][info][gc,start       ] GC(154) Pause Young (Concurrent Start) (G1 Evacuation Pause)
[2024-07-05T10:26:15.760-0700][info][gc,task        ] GC(154) Using 4 workers of 4 for evacuation
[2024-07-05T10:26:15.762-0700][info][gc             ] GC(154) To-space exhausted
[2024-07-05T10:26:15.762-0700][info][gc,phases      ] GC(154)   Pre Evacuate Collection Set: 0.3ms
[2024-07-05T10:26:15.762-0700][info][gc,phases      ] GC(154)   Merge Heap Roots: 0.2ms
[2024-07-05T10:26:15.762-0700][info][gc,phases      ] GC(154)   Evacuate Collection Set: 1.1ms
[2024-07-05T10:26:15.762-0700][info][gc,phases      ] GC(154)   Post Evacuate Collection Set: 0.7ms
[2024-07-05T10:26:15.762-0700][info][gc,phases      ] GC(154)   Other: 0.1ms
[2024-07-05T10:26:15.762-0700][info][gc,heap        ] GC(154) Eden regions: 1->0(102)
[2024-07-05T10:26:15.762-0700][info][gc,heap        ] GC(154) Survivor regions: 2->0(0)
[2024-07-05T10:26:15.762-0700][info][gc,heap        ] GC(154) Old regions: 2035->2038
[2024-07-05T10:26:15.762-0700][info][gc,heap        ] GC(154) Archive regions: 2->2
[2024-07-05T10:26:15.762-0700][info][gc,heap        ] GC(154) Humongous regions: 8->8
[2024-07-05T10:26:15.762-0700][info][gc,metaspace   ] GC(154) Metaspace: 302K(512K)->302K(512K) NonClass: 294K(384K)->294K(384K) Class: 7K(128K)->7K(128K)
[2024-07-05T10:26:15.762-0700][info][gc             ] GC(154) Pause Young (Concurrent Start) (G1 Evacuation Pause) 4089M->4089M(4096M) 2.530ms
[2024-07-05T10:26:15.762-0700][info][gc,cpu         ] GC(154) User=0.01s Sys=0.00s Real=0.00s
[2024-07-05T10:26:15.762-0700][info][gc,ergo        ] Attempting full compaction
[2024-07-05T10:26:15.762-0700][info][gc,task        ] GC(155) Using 4 workers of 4 for full compaction
[2024-07-05T10:26:15.762-0700][info][gc,start       ] GC(155) Pause Full (G1 Compaction Pause)
[2024-07-05T10:26:15.762-0700][info][gc             ] GC(156) Concurrent Mark Cycle
[2024-07-05T10:26:15.762-0700][info][gc,marking     ] GC(156) Concurrent Clear Claimed Marks
[2024-07-05T10:26:15.762-0700][info][gc,marking     ] GC(156) Concurrent Clear Claimed Marks 0.005ms
[2024-07-05T10:26:15.762-0700][info][gc,marking     ] GC(156) Concurrent Scan Root Regions
[2024-07-05T10:26:15.762-0700][info][gc,marking     ] GC(156) Concurrent Scan Root Regions 0.003ms
[2024-07-05T10:26:15.762-0700][info][gc,marking     ] GC(156) Concurrent Mark
[2024-07-05T10:26:15.762-0700][info][gc,marking     ] GC(156) Concurrent Mark From Roots
[2024-07-05T10:26:15.762-0700][info][gc,task        ] GC(156) Using 1 workers of 1 for marking
[2024-07-05T10:26:15.765-0700][info][gc,phases,start] GC(155) Phase 1: Mark live objects
[2024-07-05T10:26:15.884-0700][info][gc,phases      ] GC(155) Phase 1: Mark live objects 118.776ms
[2024-07-05T10:26:15.884-0700][info][gc,phases,start] GC(155) Phase 2: Prepare for compaction
[2024-07-05T10:26:15.886-0700][info][gc,phases      ] GC(155) Phase 2: Prepare for compaction 1.205ms
[2024-07-05T10:26:15.886-0700][info][gc,phases,start] GC(155) Phase 3: Adjust pointers
[2024-07-05T10:26:15.951-0700][info][gc,phases      ] GC(155) Phase 3: Adjust pointers 65.182ms
[2024-07-05T10:26:15.951-0700][info][gc,phases,start] GC(155) Phase 4: Compact heap
[2024-07-05T10:26:15.951-0700][info][gc,phases      ] GC(155) Phase 4: Compact heap 0.639ms
[2024-07-05T10:26:15.955-0700][info][gc,heap        ] GC(155) Eden regions: 0->0(102)
[2024-07-05T10:26:15.955-0700][info][gc,heap        ] GC(155) Survivor regions: 0->0(0)
[2024-07-05T10:26:15.955-0700][info][gc,heap        ] GC(155) Old regions: 2038->2036
[2024-07-05T10:26:15.955-0700][info][gc,heap        ] GC(155) Archive regions: 2->2
[2024-07-05T10:26:15.955-0700][info][gc,heap        ] GC(155) Humongous regions: 8->8
[2024-07-05T10:26:15.955-0700][info][gc,metaspace   ] GC(155) Metaspace: 302K(512K)->302K(512K) NonClass: 294K(384K)->294K(384K) Class: 7K(128K)->7K(128K)
[2024-07-05T10:26:15.955-0700][info][gc             ] GC(155) Pause Full (G1 Compaction Pause) 4089M->4087M(4096M) 192.432ms
[2024-07-05T10:26:15.955-0700][info][gc,cpu         ] GC(155) User=0.75s Sys=0.00s Real=0.19s
[2024-07-05T10:26:15.955-0700][info][gc,marking     ] GC(156) Concurrent Mark From Roots 192.543ms
[2024-07-05T10:26:15.955-0700][info][gc,marking     ] GC(156) Concurrent Mark Abort
[2024-07-05T10:26:15.955-0700][info][gc             ] GC(156) Concurrent Mark Cycle 192.610ms
[2024-07-05T10:26:18.098-0700][info][gc,start       ] GC(157) Pause Young (Normal) (G1 Preventive Collection)
[2024-07-05T10:26:18.098-0700][info][gc,task        ] GC(157) Using 4 workers of 4 for evacuation
[2024-07-05T10:26:18.104-0700][info][gc,phases      ] GC(157)   Pre Evacuate Collection Set: 0.3ms
[2024-07-05T10:26:18.104-0700][info][gc,phases      ] GC(157)   Merge Heap Roots: 0.2ms
[2024-07-05T10:26:18.104-0700][info][gc,phases      ] GC(157)   Evacuate Collection Set: 4.7ms
[2024-07-05T10:26:18.104-0700][info][gc,phases      ] GC(157)   Post Evacuate Collection Set: 0.3ms
[2024-07-05T10:26:18.104-0700][info][gc,phases      ] GC(157)   Other: 0.1ms
[2024-07-05T10:26:18.104-0700][info][gc,heap        ] GC(157) Eden regions: 1->0(101)
[2024-07-05T10:26:18.104-0700][info][gc,heap        ] GC(157) Survivor regions: 0->1(1)
[2024-07-05T10:26:18.104-0700][info][gc,heap        ] GC(157) Old regions: 2036->2036
[2024-07-05T10:26:18.104-0700][info][gc,heap        ] GC(157) Archive regions: 2->2
[2024-07-05T10:26:18.104-0700][info][gc,heap        ] GC(157) Humongous regions: 8->8
[2024-07-05T10:26:18.104-0700][info][gc,metaspace   ] GC(157) Metaspace: 302K(512K)->302K(512K) NonClass: 294K(384K)->294K(384K) Class: 7K(128K)->7K(128K)
[2024-07-05T10:26:18.104-0700][info][gc             ] GC(157) Pause Young (Normal) (G1 Preventive Collection) 4089M->4089M(4096M) 5.635ms
[2024-07-05T10:26:18.104-0700][info][gc,cpu         ] GC(157) User=0.02s Sys=0.00s Real=0.01s
[2024-07-05T10:26:18.104-0700][info][gc,start       ] GC(158) Pause Young (Concurrent Start) (G1 Evacuation Pause)
[2024-07-05T10:26:18.104-0700][info][gc,task        ] GC(158) Using 4 workers of 4 for evacuation
[2024-07-05T10:26:18.106-0700][info][gc             ] GC(158) To-space exhausted
[2024-07-05T10:26:18.106-0700][info][gc,phases      ] GC(158)   Pre Evacuate Collection Set: 0.2ms
[2024-07-05T10:26:18.106-0700][info][gc,phases      ] GC(158)   Merge Heap Roots: 0.1ms
[2024-07-05T10:26:18.106-0700][info][gc,phases      ] GC(158)   Evacuate Collection Set: 0.7ms
[2024-07-05T10:26:18.106-0700][info][gc,phases      ] GC(158)   Post Evacuate Collection Set: 0.5ms
[2024-07-05T10:26:18.106-0700][info][gc,phases      ] GC(158)   Other: 0.1ms
[2024-07-05T10:26:18.106-0700][info][gc,heap        ] GC(158) Eden regions: 1->0(102)
[2024-07-05T10:26:18.106-0700][info][gc,heap        ] GC(158) Survivor regions: 1->0(0)
[2024-07-05T10:26:18.106-0700][info][gc,heap        ] GC(158) Old regions: 2036->2038
[2024-07-05T10:26:18.106-0700][info][gc,heap        ] GC(158) Archive regions: 2->2
[2024-07-05T10:26:18.106-0700][info][gc,heap        ] GC(158) Humongous regions: 8->8
[2024-07-05T10:26:18.106-0700][info][gc,metaspace   ] GC(158) Metaspace: 302K(512K)->302K(512K) NonClass: 294K(384K)->294K(384K) Class: 7K(128K)->7K(128K)
[2024-07-05T10:26:18.106-0700][info][gc             ] GC(158) Pause Young (Concurrent Start) (G1 Evacuation Pause) 4091M->4091M(4096M) 1.700ms
[2024-07-05T10:26:18.106-0700][info][gc,cpu         ] GC(158) User=0.00s Sys=0.00s Real=0.00s
[2024-07-05T10:26:18.106-0700][info][gc,ergo        ] Attempting full compaction
[2024-07-05T10:26:18.106-0700][info][gc,task        ] GC(159) Using 4 workers of 4 for full compaction
[2024-07-05T10:26:18.106-0700][info][gc,start       ] GC(159) Pause Full (G1 Compaction Pause)
[2024-07-05T10:26:18.106-0700][info][gc             ] GC(160) Concurrent Mark Cycle
[2024-07-05T10:26:18.106-0700][info][gc,marking     ] GC(160) Concurrent Clear Claimed Marks
[2024-07-05T10:26:18.106-0700][info][gc,marking     ] GC(160) Concurrent Clear Claimed Marks 0.005ms
[2024-07-05T10:26:18.106-0700][info][gc,marking     ] GC(160) Concurrent Scan Root Regions
[2024-07-05T10:26:18.106-0700][info][gc,marking     ] GC(160) Concurrent Scan Root Regions 0.003ms
[2024-07-05T10:26:18.106-0700][info][gc,marking     ] GC(160) Concurrent Mark
[2024-07-05T10:26:18.106-0700][info][gc,marking     ] GC(160) Concurrent Mark From Roots
[2024-07-05T10:26:18.106-0700][info][gc,task        ] GC(160) Using 1 workers of 1 for marking
[2024-07-05T10:26:18.109-0700][info][gc,phases,start] GC(159) Phase 1: Mark live objects
[2024-07-05T10:26:18.223-0700][info][gc,phases      ] GC(159) Phase 1: Mark live objects 114.320ms
[2024-07-05T10:26:18.223-0700][info][gc,phases,start] GC(159) Phase 2: Prepare for compaction
[2024-07-05T10:26:18.225-0700][info][gc,phases      ] GC(159) Phase 2: Prepare for compaction 1.354ms
[2024-07-05T10:26:18.225-0700][info][gc,phases,start] GC(159) Phase 3: Adjust pointers
[2024-07-05T10:26:18.293-0700][info][gc,phases      ] GC(159) Phase 3: Adjust pointers 67.932ms
[2024-07-05T10:26:18.293-0700][info][gc,phases,start] GC(159) Phase 4: Compact heap
[2024-07-05T10:26:18.293-0700][info][gc,phases      ] GC(159) Phase 4: Compact heap 0.672ms
[2024-07-05T10:26:18.297-0700][info][gc,heap        ] GC(159) Eden regions: 0->0(102)
[2024-07-05T10:26:18.297-0700][info][gc,heap        ] GC(159) Survivor regions: 0->0(0)
[2024-07-05T10:26:18.297-0700][info][gc,heap        ] GC(159) Old regions: 2038->2038
[2024-07-05T10:26:18.297-0700][info][gc,heap        ] GC(159) Archive regions: 2->2
[2024-07-05T10:26:18.297-0700][info][gc,heap        ] GC(159) Humongous regions: 8->8
[2024-07-05T10:26:18.297-0700][info][gc,metaspace   ] GC(159) Metaspace: 302K(512K)->302K(512K) NonClass: 294K(384K)->294K(384K) Class: 7K(128K)->7K(128K)
[2024-07-05T10:26:18.297-0700][info][gc             ] GC(159) Pause Full (G1 Compaction Pause) 4091M->4091M(4096M) 190.796ms
[2024-07-05T10:26:18.297-0700][info][gc,cpu         ] GC(159) User=0.76s Sys=0.00s Real=0.19s
[2024-07-05T10:26:18.297-0700][info][gc,ergo        ] Attempting maximum full compaction clearing soft references
[2024-07-05T10:26:18.297-0700][info][gc,task        ] GC(161) Using 4 workers of 4 for full compaction
[2024-07-05T10:26:18.297-0700][info][gc,start       ] GC(161) Pause Full (G1 Compaction Pause)
[2024-07-05T10:26:18.297-0700][info][gc,phases,start] GC(161) Phase 1: Mark live objects
[2024-07-05T10:26:18.416-0700][info][gc,phases      ] GC(161) Phase 1: Mark live objects 119.218ms
[2024-07-05T10:26:18.416-0700][info][gc,phases,start] GC(161) Phase 2: Prepare for compaction
[2024-07-05T10:26:18.502-0700][info][gc,phases      ] GC(161) Phase 2: Prepare for compaction 86.125ms
[2024-07-05T10:26:18.503-0700][info][gc,phases,start] GC(161) Phase 3: Adjust pointers
[2024-07-05T10:26:18.628-0700][info][gc,phases      ] GC(161) Phase 3: Adjust pointers 125.701ms
[2024-07-05T10:26:18.628-0700][info][gc,phases,start] GC(161) Phase 4: Compact heap
[2024-07-05T10:26:19.189-0700][info][gc,phases      ] GC(161) Phase 4: Compact heap 560.441ms
[2024-07-05T10:26:19.192-0700][info][gc,heap        ] GC(161) Eden regions: 0->0(102)
[2024-07-05T10:26:19.192-0700][info][gc,heap        ] GC(161) Survivor regions: 0->0(0)
[2024-07-05T10:26:19.192-0700][info][gc,heap        ] GC(161) Old regions: 2038->2017
[2024-07-05T10:26:19.192-0700][info][gc,heap        ] GC(161) Archive regions: 2->2
[2024-07-05T10:26:19.192-0700][info][gc,heap        ] GC(161) Humongous regions: 8->8
[2024-07-05T10:26:19.192-0700][info][gc,metaspace   ] GC(161) Metaspace: 302K(512K)->302K(512K) NonClass: 294K(384K)->294K(384K) Class: 7K(128K)->7K(128K)
[2024-07-05T10:26:19.192-0700][info][gc             ] GC(161) Pause Full (G1 Compaction Pause) 4091M->4047M(4096M) 895.284ms
[2024-07-05T10:26:19.192-0700][info][gc,cpu         ] GC(161) User=3.51s Sys=0.00s Real=0.89s
[2024-07-05T10:26:19.192-0700][info][gc,marking     ] GC(160) Concurrent Mark From Roots 1086.347ms
[2024-07-05T10:26:19.192-0700][info][gc,marking     ] GC(160) Concurrent Mark Abort
[2024-07-05T10:26:19.192-0700][info][gc             ] GC(160) Concurrent Mark Cycle 1086.411ms
[2024-07-05T10:26:26.870-0700][info][gc,start       ] GC(162) Pause Young (Normal) (G1 Preventive Collection)
[2024-07-05T10:26:26.870-0700][info][gc,task        ] GC(162) Using 4 workers of 4 for evacuation
[2024-07-05T10:26:26.882-0700][info][gc             ] GC(162) To-space exhausted
[2024-07-05T10:26:26.882-0700][info][gc,phases      ] GC(162)   Pre Evacuate Collection Set: 0.3ms
[2024-07-05T10:26:26.882-0700][info][gc,phases      ] GC(162)   Merge Heap Roots: 0.3ms
[2024-07-05T10:26:26.882-0700][info][gc,phases      ] GC(162)   Evacuate Collection Set: 10.4ms
[2024-07-05T10:26:26.882-0700][info][gc,phases      ] GC(162)   Post Evacuate Collection Set: 1.2ms
[2024-07-05T10:26:26.882-0700][info][gc,phases      ] GC(162)   Other: 0.2ms
[2024-07-05T10:26:26.883-0700][info][gc,heap        ] GC(162) Eden regions: 14->0(95)
[2024-07-05T10:26:26.883-0700][info][gc,heap        ] GC(162) Survivor regions: 0->7(7)
[2024-07-05T10:26:26.883-0700][info][gc,heap        ] GC(162) Old regions: 2017->2027
[2024-07-05T10:26:26.883-0700][info][gc,heap        ] GC(162) Archive regions: 2->2
[2024-07-05T10:26:26.883-0700][info][gc,heap        ] GC(162) Humongous regions: 8->8
[2024-07-05T10:26:26.883-0700][info][gc,metaspace   ] GC(162) Metaspace: 302K(512K)->302K(512K) NonClass: 294K(384K)->294K(384K) Class: 7K(128K)->7K(128K)
[2024-07-05T10:26:26.883-0700][info][gc             ] GC(162) Pause Young (Normal) (G1 Preventive Collection) 4075M->4081M(4096M) 12.484ms
[2024-07-05T10:26:26.883-0700][info][gc,cpu         ] GC(162) User=0.04s Sys=0.00s Real=0.01s
[2024-07-05T10:26:26.883-0700][info][gc,start       ] GC(163) Pause Young (Concurrent Start) (G1 Preventive Collection)
[2024-07-05T10:26:26.883-0700][info][gc,task        ] GC(163) Using 4 workers of 4 for evacuation
[2024-07-05T10:26:26.888-0700][info][gc             ] GC(163) To-space exhausted
[2024-07-05T10:26:26.888-0700][info][gc,phases      ] GC(163)   Pre Evacuate Collection Set: 0.3ms
[2024-07-05T10:26:26.888-0700][info][gc,phases      ] GC(163)   Merge Heap Roots: 0.2ms
[2024-07-05T10:26:26.888-0700][info][gc,phases      ] GC(163)   Evacuate Collection Set: 3.1ms
[2024-07-05T10:26:26.888-0700][info][gc,phases      ] GC(163)   Post Evacuate Collection Set: 1.0ms
[2024-07-05T10:26:26.888-0700][info][gc,phases      ] GC(163)   Other: 0.2ms
[2024-07-05T10:26:26.888-0700][info][gc,heap        ] GC(163) Eden regions: 2->0(102)
[2024-07-05T10:26:26.888-0700][info][gc,heap        ] GC(163) Survivor regions: 7->0(2)
[2024-07-05T10:26:26.888-0700][info][gc,heap        ] GC(163) Old regions: 2027->2038
[2024-07-05T10:26:26.888-0700][info][gc,heap        ] GC(163) Archive regions: 2->2
[2024-07-05T10:26:26.888-0700][info][gc,heap        ] GC(163) Humongous regions: 8->8
[2024-07-05T10:26:26.888-0700][info][gc,metaspace   ] GC(163) Metaspace: 302K(512K)->302K(512K) NonClass: 294K(384K)->294K(384K) Class: 7K(128K)->7K(128K)
[2024-07-05T10:26:26.888-0700][info][gc             ] GC(163) Pause Young (Concurrent Start) (G1 Preventive Collection) 4085M->4089M(4096M) 4.922ms
[2024-07-05T10:26:26.888-0700][info][gc,cpu         ] GC(163) User=0.01s Sys=0.00s Real=0.00s
[2024-07-05T10:26:26.888-0700][info][gc,ergo        ] Attempting full compaction
[2024-07-05T10:26:26.888-0700][info][gc,task        ] GC(164) Using 4 workers of 4 for full compaction
[2024-07-05T10:26:26.888-0700][info][gc             ] GC(165) Concurrent Mark Cycle
[2024-07-05T10:26:26.888-0700][info][gc,marking     ] GC(165) Concurrent Clear Claimed Marks
[2024-07-05T10:26:26.888-0700][info][gc,start       ] GC(164) Pause Full (G1 Compaction Pause)
[2024-07-05T10:26:26.888-0700][info][gc,marking     ] GC(165) Concurrent Clear Claimed Marks 0.006ms
[2024-07-05T10:26:26.888-0700][info][gc,marking     ] GC(165) Concurrent Scan Root Regions
[2024-07-05T10:26:26.888-0700][info][gc,marking     ] GC(165) Concurrent Scan Root Regions 0.203ms
[2024-07-05T10:26:26.888-0700][info][gc,marking     ] GC(165) Concurrent Mark
[2024-07-05T10:26:26.888-0700][info][gc,marking     ] GC(165) Concurrent Mark From Roots
[2024-07-05T10:26:26.888-0700][info][gc,task        ] GC(165) Using 1 workers of 1 for marking
[2024-07-05T10:26:26.892-0700][info][gc,phases,start] GC(164) Phase 1: Mark live objects
[2024-07-05T10:26:26.996-0700][info][gc,phases      ] GC(164) Phase 1: Mark live objects 104.465ms
[2024-07-05T10:26:26.996-0700][info][gc,phases,start] GC(164) Phase 2: Prepare for compaction
[2024-07-05T10:26:26.998-0700][info][gc,phases      ] GC(164) Phase 2: Prepare for compaction 1.469ms
[2024-07-05T10:26:26.998-0700][info][gc,phases,start] GC(164) Phase 3: Adjust pointers
[2024-07-05T10:26:27.065-0700][info][gc,phases      ] GC(164) Phase 3: Adjust pointers 67.144ms
[2024-07-05T10:26:27.065-0700][info][gc,phases,start] GC(164) Phase 4: Compact heap
[2024-07-05T10:26:27.067-0700][info][gc,phases      ] GC(164) Phase 4: Compact heap 2.124ms
[2024-07-05T10:26:27.070-0700][info][gc,heap        ] GC(164) Eden regions: 0->0(102)
[2024-07-05T10:26:27.070-0700][info][gc,heap        ] GC(164) Survivor regions: 0->0(2)
[2024-07-05T10:26:27.070-0700][info][gc,heap        ] GC(164) Old regions: 2038->2032
[2024-07-05T10:26:27.070-0700][info][gc,heap        ] GC(164) Archive regions: 2->2
[2024-07-05T10:26:27.070-0700][info][gc,heap        ] GC(164) Humongous regions: 8->8
[2024-07-05T10:26:27.070-0700][info][gc,metaspace   ] GC(164) Metaspace: 302K(512K)->302K(512K) NonClass: 294K(384K)->294K(384K) Class: 7K(128K)->7K(128K)
[2024-07-05T10:26:27.070-0700][info][gc             ] GC(164) Pause Full (G1 Compaction Pause) 4089M->4079M(4096M) 181.904ms
[2024-07-05T10:26:27.070-0700][info][gc,cpu         ] GC(164) User=0.71s Sys=0.00s Real=0.18s
[2024-07-05T10:26:27.070-0700][info][gc,marking     ] GC(165) Concurrent Mark From Roots 181.873ms
[2024-07-05T10:26:27.070-0700][info][gc,marking     ] GC(165) Concurrent Mark Abort
[2024-07-05T10:26:27.070-0700][info][gc             ] GC(165) Concurrent Mark Cycle 182.160ms
[2024-07-05T10:26:29.781-0700][info][gc,start       ] GC(166) Pause Young (Normal) (G1 Preventive Collection)
[2024-07-05T10:26:29.781-0700][info][gc,task        ] GC(166) Using 4 workers of 4 for evacuation
[2024-07-05T10:26:29.788-0700][info][gc             ] GC(166) To-space exhausted
[2024-07-05T10:26:29.788-0700][info][gc,phases      ] GC(166)   Pre Evacuate Collection Set: 0.4ms
[2024-07-05T10:26:29.788-0700][info][gc,phases      ] GC(166)   Merge Heap Roots: 0.2ms
[2024-07-05T10:26:29.788-0700][info][gc,phases      ] GC(166)   Evacuate Collection Set: 5.6ms
[2024-07-05T10:26:29.788-0700][info][gc,phases      ] GC(166)   Post Evacuate Collection Set: 0.8ms
[2024-07-05T10:26:29.788-0700][info][gc,phases      ] GC(166)   Other: 0.1ms
[2024-07-05T10:26:29.788-0700][info][gc,heap        ] GC(166) Eden regions: 4->0(100)
[2024-07-05T10:26:29.788-0700][info][gc,heap        ] GC(166) Survivor regions: 0->2(2)
[2024-07-05T10:26:29.788-0700][info][gc,heap        ] GC(166) Old regions: 2032->2035
[2024-07-05T10:26:29.788-0700][info][gc,heap        ] GC(166) Archive regions: 2->2
[2024-07-05T10:26:29.789-0700][info][gc,heap        ] GC(166) Humongous regions: 8->8
[2024-07-05T10:26:29.789-0700][info][gc,metaspace   ] GC(166) Metaspace: 302K(512K)->302K(512K) NonClass: 294K(384K)->294K(384K) Class: 7K(128K)->7K(128K)
[2024-07-05T10:26:29.789-0700][info][gc             ] GC(166) Pause Young (Normal) (G1 Preventive Collection) 4087M->4089M(4096M) 7.124ms
[2024-07-05T10:26:29.789-0700][info][gc,cpu         ] GC(166) User=0.02s Sys=0.00s Real=0.01s
[2024-07-05T10:26:29.789-0700][info][gc,start       ] GC(167) Pause Young (Concurrent Start) (G1 Evacuation Pause)
[2024-07-05T10:26:29.789-0700][info][gc,task        ] GC(167) Using 4 workers of 4 for evacuation
[2024-07-05T10:26:29.791-0700][info][gc             ] GC(167) To-space exhausted
[2024-07-05T10:26:29.791-0700][info][gc,phases      ] GC(167)   Pre Evacuate Collection Set: 0.3ms
[2024-07-05T10:26:29.791-0700][info][gc,phases      ] GC(167)   Merge Heap Roots: 0.2ms
[2024-07-05T10:26:29.791-0700][info][gc,phases      ] GC(167)   Evacuate Collection Set: 1.0ms
[2024-07-05T10:26:29.791-0700][info][gc,phases      ] GC(167)   Post Evacuate Collection Set: 0.7ms
[2024-07-05T10:26:29.791-0700][info][gc,phases      ] GC(167)   Other: 0.1ms
[2024-07-05T10:26:29.791-0700][info][gc,heap        ] GC(167) Eden regions: 1->0(102)
[2024-07-05T10:26:29.791-0700][info][gc,heap        ] GC(167) Survivor regions: 2->0(0)
[2024-07-05T10:26:29.791-0700][info][gc,heap        ] GC(167) Old regions: 2035->2038
[2024-07-05T10:26:29.791-0700][info][gc,heap        ] GC(167) Archive regions: 2->2
[2024-07-05T10:26:29.791-0700][info][gc,heap        ] GC(167) Humongous regions: 8->8
[2024-07-05T10:26:29.791-0700][info][gc,metaspace   ] GC(167) Metaspace: 302K(512K)->302K(512K) NonClass: 294K(384K)->294K(384K) Class: 7K(128K)->7K(128K)
[2024-07-05T10:26:29.791-0700][info][gc             ] GC(167) Pause Young (Concurrent Start) (G1 Evacuation Pause) 4091M->4091M(4096M) 2.392ms
[2024-07-05T10:26:29.791-0700][info][gc,cpu         ] GC(167) User=0.01s Sys=0.00s Real=0.00s
[2024-07-05T10:26:29.791-0700][info][gc,ergo        ] Attempting full compaction
[2024-07-05T10:26:29.791-0700][info][gc,task        ] GC(168) Using 4 workers of 4 for full compaction
[2024-07-05T10:26:29.791-0700][info][gc,start       ] GC(168) Pause Full (G1 Compaction Pause)
[2024-07-05T10:26:29.791-0700][info][gc             ] GC(169) Concurrent Mark Cycle
[2024-07-05T10:26:29.791-0700][info][gc,marking     ] GC(169) Concurrent Clear Claimed Marks
[2024-07-05T10:26:29.791-0700][info][gc,marking     ] GC(169) Concurrent Clear Claimed Marks 0.006ms
[2024-07-05T10:26:29.791-0700][info][gc,marking     ] GC(169) Concurrent Scan Root Regions
[2024-07-05T10:26:29.791-0700][info][gc,marking     ] GC(169) Concurrent Scan Root Regions 0.003ms
[2024-07-05T10:26:29.791-0700][info][gc,marking     ] GC(169) Concurrent Mark
[2024-07-05T10:26:29.791-0700][info][gc,marking     ] GC(169) Concurrent Mark From Roots
[2024-07-05T10:26:29.791-0700][info][gc,task        ] GC(169) Using 1 workers of 1 for marking
[2024-07-05T10:26:29.795-0700][info][gc,phases,start] GC(168) Phase 1: Mark live objects
[2024-07-05T10:26:29.905-0700][info][gc,phases      ] GC(168) Phase 1: Mark live objects 109.832ms
[2024-07-05T10:26:29.905-0700][info][gc,phases,start] GC(168) Phase 2: Prepare for compaction
[2024-07-05T10:26:29.906-0700][info][gc,phases      ] GC(168) Phase 2: Prepare for compaction 1.164ms
[2024-07-05T10:26:29.906-0700][info][gc,phases,start] GC(168) Phase 3: Adjust pointers
[2024-07-05T10:26:29.970-0700][info][gc,phases      ] GC(168) Phase 3: Adjust pointers 64.005ms
[2024-07-05T10:26:29.970-0700][info][gc,phases,start] GC(168) Phase 4: Compact heap
[2024-07-05T10:26:29.971-0700][info][gc,phases      ] GC(168) Phase 4: Compact heap 0.803ms
[2024-07-05T10:26:29.974-0700][info][gc,heap        ] GC(168) Eden regions: 0->0(102)
[2024-07-05T10:26:29.974-0700][info][gc,heap        ] GC(168) Survivor regions: 0->0(0)
[2024-07-05T10:26:29.974-0700][info][gc,heap        ] GC(168) Old regions: 2038->2037
[2024-07-05T10:26:29.974-0700][info][gc,heap        ] GC(168) Archive regions: 2->2
[2024-07-05T10:26:29.974-0700][info][gc,heap        ] GC(168) Humongous regions: 8->8
[2024-07-05T10:26:29.974-0700][info][gc,metaspace   ] GC(168) Metaspace: 302K(512K)->302K(512K) NonClass: 294K(384K)->294K(384K) Class: 7K(128K)->7K(128K)
[2024-07-05T10:26:29.974-0700][info][gc             ] GC(168) Pause Full (G1 Compaction Pause) 4091M->4088M(4096M) 182.472ms
[2024-07-05T10:26:29.974-0700][info][gc,cpu         ] GC(168) User=0.70s Sys=0.01s Real=0.18s
[2024-07-05T10:26:29.974-0700][info][gc,marking     ] GC(169) Concurrent Mark From Roots 182.687ms
[2024-07-05T10:26:29.974-0700][info][gc,marking     ] GC(169) Concurrent Mark Abort
[2024-07-05T10:26:29.974-0700][info][gc             ] GC(169) Concurrent Mark Cycle 182.757ms
[2024-07-05T10:26:29.974-0700][info][gc,start       ] GC(170) Pause Young (Normal) (G1 Evacuation Pause)
[2024-07-05T10:26:29.974-0700][info][gc,task        ] GC(170) Using 4 workers of 4 for evacuation
[2024-07-05T10:26:29.976-0700][info][gc             ] GC(170) To-space exhausted
[2024-07-05T10:26:29.976-0700][info][gc,phases      ] GC(170)   Pre Evacuate Collection Set: 0.3ms
[2024-07-05T10:26:29.976-0700][info][gc,phases      ] GC(170)   Merge Heap Roots: 0.1ms
[2024-07-05T10:26:29.976-0700][info][gc,phases      ] GC(170)   Evacuate Collection Set: 0.5ms
[2024-07-05T10:26:29.976-0700][info][gc,phases      ] GC(170)   Post Evacuate Collection Set: 0.3ms
[2024-07-05T10:26:29.976-0700][info][gc,phases      ] GC(170)   Other: 0.1ms
[2024-07-05T10:26:29.976-0700][info][gc,heap        ] GC(170) Eden regions: 1->0(102)
[2024-07-05T10:26:29.976-0700][info][gc,heap        ] GC(170) Survivor regions: 0->0(0)
[2024-07-05T10:26:29.976-0700][info][gc,heap        ] GC(170) Old regions: 2037->2038
[2024-07-05T10:26:29.976-0700][info][gc,heap        ] GC(170) Archive regions: 2->2
[2024-07-05T10:26:29.976-0700][info][gc,heap        ] GC(170) Humongous regions: 8->8
[2024-07-05T10:26:29.976-0700][info][gc,metaspace   ] GC(170) Metaspace: 302K(512K)->302K(512K) NonClass: 294K(384K)->294K(384K) Class: 7K(128K)->7K(128K)
[2024-07-05T10:26:29.976-0700][info][gc             ] GC(170) Pause Young (Normal) (G1 Evacuation Pause) 4090M->4090M(4096M) 1.248ms
[2024-07-05T10:26:29.976-0700][info][gc,cpu         ] GC(170) User=0.00s Sys=0.00s Real=0.01s
[2024-07-05T10:26:29.976-0700][info][gc,ergo        ] Attempting full compaction
[2024-07-05T10:26:29.976-0700][info][gc,task        ] GC(171) Using 4 workers of 4 for full compaction
[2024-07-05T10:26:29.976-0700][info][gc,start       ] GC(171) Pause Full (G1 Compaction Pause)
[2024-07-05T10:26:29.976-0700][info][gc,phases,start] GC(171) Phase 1: Mark live objects
[2024-07-05T10:26:30.173-0700][info][gc,phases      ] GC(171) Phase 1: Mark live objects 197.662ms
[2024-07-05T10:26:30.173-0700][info][gc,phases,start] GC(171) Phase 2: Prepare for compaction
[2024-07-05T10:26:30.176-0700][info][gc,phases      ] GC(171) Phase 2: Prepare for compaction 2.121ms
[2024-07-05T10:26:30.176-0700][info][gc,phases,start] GC(171) Phase 3: Adjust pointers
[2024-07-05T10:26:30.251-0700][info][gc,phases      ] GC(171) Phase 3: Adjust pointers 75.707ms
[2024-07-05T10:26:30.251-0700][info][gc,phases,start] GC(171) Phase 4: Compact heap
[2024-07-05T10:26:30.252-0700][info][gc,phases      ] GC(171) Phase 4: Compact heap 0.768ms
[2024-07-05T10:26:30.257-0700][info][gc,heap        ] GC(171) Eden regions: 0->0(102)
[2024-07-05T10:26:30.257-0700][info][gc,heap        ] GC(171) Survivor regions: 0->0(0)
[2024-07-05T10:26:30.257-0700][info][gc,heap        ] GC(171) Old regions: 2038->2038
[2024-07-05T10:26:30.257-0700][info][gc,heap        ] GC(171) Archive regions: 2->2
[2024-07-05T10:26:30.257-0700][info][gc,heap        ] GC(171) Humongous regions: 8->8
[2024-07-05T10:26:30.257-0700][info][gc,metaspace   ] GC(171) Metaspace: 302K(512K)->302K(512K) NonClass: 294K(384K)->294K(384K) Class: 7K(128K)->7K(128K)
[2024-07-05T10:26:30.257-0700][info][gc             ] GC(171) Pause Full (G1 Compaction Pause) 4090M->4090M(4096M) 281.118ms
[2024-07-05T10:26:30.257-0700][info][gc,cpu         ] GC(171) User=1.11s Sys=0.00s Real=0.28s
[2024-07-05T10:26:30.257-0700][info][gc,ergo        ] Attempting maximum full compaction clearing soft references
[2024-07-05T10:26:30.257-0700][info][gc,task        ] GC(172) Using 4 workers of 4 for full compaction
[2024-07-05T10:26:30.257-0700][info][gc,start       ] GC(172) Pause Full (G1 Compaction Pause)
[2024-07-05T10:26:30.257-0700][info][gc,phases,start] GC(172) Phase 1: Mark live objects
[2024-07-05T10:26:30.413-0700][info][gc,phases      ] GC(172) Phase 1: Mark live objects 156.123ms
[2024-07-05T10:26:30.413-0700][info][gc,phases,start] GC(172) Phase 2: Prepare for compaction
[2024-07-05T10:26:30.524-0700][info][gc,phases      ] GC(172) Phase 2: Prepare for compaction 110.322ms
[2024-07-05T10:26:30.524-0700][info][gc,phases,start] GC(172) Phase 3: Adjust pointers
[2024-07-05T10:26:30.641-0700][info][gc,phases      ] GC(172) Phase 3: Adjust pointers 116.917ms
[2024-07-05T10:26:30.641-0700][info][gc,phases,start] GC(172) Phase 4: Compact heap
[2024-07-05T10:26:31.232-0700][info][gc,phases      ] GC(172) Phase 4: Compact heap 591.457ms
[2024-07-05T10:26:31.236-0700][info][gc,heap        ] GC(172) Eden regions: 0->0(102)
[2024-07-05T10:26:31.236-0700][info][gc,heap        ] GC(172) Survivor regions: 0->0(0)
[2024-07-05T10:26:31.236-0700][info][gc,heap        ] GC(172) Old regions: 2038->2029
[2024-07-05T10:26:31.236-0700][info][gc,heap        ] GC(172) Archive regions: 2->2
[2024-07-05T10:26:31.236-0700][info][gc,heap        ] GC(172) Humongous regions: 8->8
[2024-07-05T10:26:31.236-0700][info][gc,metaspace   ] GC(172) Metaspace: 302K(512K)->302K(512K) NonClass: 294K(384K)->294K(384K) Class: 7K(128K)->7K(128K)
[2024-07-05T10:26:31.236-0700][info][gc             ] GC(172) Pause Full (G1 Compaction Pause) 4090M->4071M(4096M) 979.328ms
[2024-07-05T10:26:31.236-0700][info][gc,cpu         ] GC(172) User=3.87s Sys=0.00s Real=0.98s
[2024-07-05T10:26:36.476-0700][info][gc,start       ] GC(173) Pause Young (Concurrent Start) (G1 Preventive Collection)
[2024-07-05T10:26:36.476-0700][info][gc,task        ] GC(173) Using 4 workers of 4 for evacuation
[2024-07-05T10:26:36.485-0700][info][gc             ] GC(173) To-space exhausted
[2024-07-05T10:26:36.485-0700][info][gc,phases      ] GC(173)   Pre Evacuate Collection Set: 0.3ms
[2024-07-05T10:26:36.485-0700][info][gc,phases      ] GC(173)   Merge Heap Roots: 0.2ms
[2024-07-05T10:26:36.485-0700][info][gc,phases      ] GC(173)   Evacuate Collection Set: 7.4ms
[2024-07-05T10:26:36.485-0700][info][gc,phases      ] GC(173)   Post Evacuate Collection Set: 1.0ms
[2024-07-05T10:26:36.485-0700][info][gc,phases      ] GC(173)   Other: 0.3ms
[2024-07-05T10:26:36.485-0700][info][gc,heap        ] GC(173) Eden regions: 7->0(100)
[2024-07-05T10:26:36.485-0700][info][gc,heap        ] GC(173) Survivor regions: 0->2(2)
[2024-07-05T10:26:36.485-0700][info][gc,heap        ] GC(173) Old regions: 2029->2036
[2024-07-05T10:26:36.485-0700][info][gc,heap        ] GC(173) Archive regions: 2->2
[2024-07-05T10:26:36.485-0700][info][gc,heap        ] GC(173) Humongous regions: 8->8
[2024-07-05T10:26:36.485-0700][info][gc,metaspace   ] GC(173) Metaspace: 302K(512K)->302K(512K) NonClass: 294K(384K)->294K(384K) Class: 7K(128K)->7K(128K)
[2024-07-05T10:26:36.485-0700][info][gc             ] GC(173) Pause Young (Concurrent Start) (G1 Preventive Collection) 4085M->4089M(4096M) 9.154ms
[2024-07-05T10:26:36.485-0700][info][gc,cpu         ] GC(173) User=0.03s Sys=0.00s Real=0.01s
[2024-07-05T10:26:36.486-0700][info][gc,ergo        ] Attempting full compaction
[2024-07-05T10:26:36.486-0700][info][gc,task        ] GC(174) Using 4 workers of 4 for full compaction
[2024-07-05T10:26:36.486-0700][info][gc             ] GC(175) Concurrent Mark Cycle
[2024-07-05T10:26:36.486-0700][info][gc,start       ] GC(174) Pause Full (G1 Compaction Pause)
[2024-07-05T10:26:36.486-0700][info][gc,marking     ] GC(175) Concurrent Clear Claimed Marks
[2024-07-05T10:26:36.486-0700][info][gc,marking     ] GC(175) Concurrent Clear Claimed Marks 0.032ms
[2024-07-05T10:26:36.486-0700][info][gc,marking     ] GC(175) Concurrent Scan Root Regions
[2024-07-05T10:26:36.486-0700][info][gc,marking     ] GC(175) Concurrent Scan Root Regions 0.142ms
[2024-07-05T10:26:36.486-0700][info][gc,marking     ] GC(175) Concurrent Mark
[2024-07-05T10:26:36.486-0700][info][gc,marking     ] GC(175) Concurrent Mark From Roots
[2024-07-05T10:26:36.486-0700][info][gc,task        ] GC(175) Using 1 workers of 1 for marking
[2024-07-05T10:26:36.489-0700][info][gc,phases,start] GC(174) Phase 1: Mark live objects
[2024-07-05T10:26:36.601-0700][info][gc,phases      ] GC(174) Phase 1: Mark live objects 112.010ms
[2024-07-05T10:26:36.601-0700][info][gc,phases,start] GC(174) Phase 2: Prepare for compaction
[2024-07-05T10:26:36.603-0700][info][gc,phases      ] GC(174) Phase 2: Prepare for compaction 1.689ms
[2024-07-05T10:26:36.603-0700][info][gc,phases,start] GC(174) Phase 3: Adjust pointers
[2024-07-05T10:26:36.677-0700][info][gc,phases      ] GC(174) Phase 3: Adjust pointers 74.436ms
[2024-07-05T10:26:36.677-0700][info][gc,phases,start] GC(174) Phase 4: Compact heap
[2024-07-05T10:26:36.678-0700][info][gc,phases      ] GC(174) Phase 4: Compact heap 0.861ms
[2024-07-05T10:26:36.681-0700][info][gc,heap        ] GC(174) Eden regions: 0->0(102)
[2024-07-05T10:26:36.681-0700][info][gc,heap        ] GC(174) Survivor regions: 2->0(2)
[2024-07-05T10:26:36.681-0700][info][gc,heap        ] GC(174) Old regions: 2036->2036
[2024-07-05T10:26:36.681-0700][info][gc,heap        ] GC(174) Archive regions: 2->2
[2024-07-05T10:26:36.681-0700][info][gc,heap        ] GC(174) Humongous regions: 8->8
[2024-07-05T10:26:36.681-0700][info][gc,metaspace   ] GC(174) Metaspace: 302K(512K)->302K(512K) NonClass: 294K(384K)->294K(384K) Class: 7K(128K)->7K(128K)
[2024-07-05T10:26:36.681-0700][info][gc             ] GC(174) Pause Full (G1 Compaction Pause) 4089M->4085M(4096M) 195.872ms
[2024-07-05T10:26:36.682-0700][info][gc,cpu         ] GC(174) User=0.75s Sys=0.00s Real=0.19s
[2024-07-05T10:26:36.682-0700][info][gc,marking     ] GC(175) Concurrent Mark From Roots 195.956ms
[2024-07-05T10:26:36.682-0700][info][gc,marking     ] GC(175) Concurrent Mark Abort
[2024-07-05T10:26:36.682-0700][info][gc             ] GC(175) Concurrent Mark Cycle 196.224ms
[2024-07-05T10:26:36.682-0700][info][gc,start       ] GC(176) Pause Young (Normal) (G1 Preventive Collection)
[2024-07-05T10:26:36.682-0700][info][gc,task        ] GC(176) Using 4 workers of 4 for evacuation
[2024-07-05T10:26:36.684-0700][info][gc,phases      ] GC(176)   Pre Evacuate Collection Set: 0.2ms
[2024-07-05T10:26:36.684-0700][info][gc,phases      ] GC(176)   Merge Heap Roots: 0.1ms
[2024-07-05T10:26:36.684-0700][info][gc,phases      ] GC(176)   Evacuate Collection Set: 0.7ms
[2024-07-05T10:26:36.684-0700][info][gc,phases      ] GC(176)   Post Evacuate Collection Set: 0.6ms
[2024-07-05T10:26:36.684-0700][info][gc,phases      ] GC(176)   Other: 0.1ms
[2024-07-05T10:26:36.684-0700][info][gc,heap        ] GC(176) Eden regions: 1->0(101)
[2024-07-05T10:26:36.684-0700][info][gc,heap        ] GC(176) Survivor regions: 0->1(1)
[2024-07-05T10:26:36.684-0700][info][gc,heap        ] GC(176) Old regions: 2036->2036
[2024-07-05T10:26:36.684-0700][info][gc,heap        ] GC(176) Archive regions: 2->2
[2024-07-05T10:26:36.684-0700][info][gc,heap        ] GC(176) Humongous regions: 8->8
[2024-07-05T10:26:36.684-0700][info][gc,metaspace   ] GC(176) Metaspace: 302K(512K)->302K(512K) NonClass: 294K(384K)->294K(384K) Class: 7K(128K)->7K(128K)
[2024-07-05T10:26:36.684-0700][info][gc             ] GC(176) Pause Young (Normal) (G1 Preventive Collection) 4087M->4087M(4096M) 1.648ms
[2024-07-05T10:26:36.684-0700][info][gc,cpu         ] GC(176) User=0.00s Sys=0.00s Real=0.01s
[2024-07-05T10:26:36.684-0700][info][gc,start       ] GC(177) Pause Young (Concurrent Start) (G1 Evacuation Pause)
[2024-07-05T10:26:36.684-0700][info][gc,task        ] GC(177) Using 4 workers of 4 for evacuation
[2024-07-05T10:26:36.686-0700][info][gc             ] GC(177) To-space exhausted
[2024-07-05T10:26:36.686-0700][info][gc,phases      ] GC(177)   Pre Evacuate Collection Set: 0.3ms
[2024-07-05T10:26:36.686-0700][info][gc,phases      ] GC(177)   Merge Heap Roots: 0.1ms
[2024-07-05T10:26:36.686-0700][info][gc,phases      ] GC(177)   Evacuate Collection Set: 0.8ms
[2024-07-05T10:26:36.686-0700][info][gc,phases      ] GC(177)   Post Evacuate Collection Set: 0.6ms
[2024-07-05T10:26:36.686-0700][info][gc,phases      ] GC(177)   Other: 0.1ms
[2024-07-05T10:26:36.686-0700][info][gc,heap        ] GC(177) Eden regions: 1->0(102)
[2024-07-05T10:26:36.686-0700][info][gc,heap        ] GC(177) Survivor regions: 1->0(0)
[2024-07-05T10:26:36.686-0700][info][gc,heap        ] GC(177) Old regions: 2036->2038
[2024-07-05T10:26:36.686-0700][info][gc,heap        ] GC(177) Archive regions: 2->2
[2024-07-05T10:26:36.686-0700][info][gc,heap        ] GC(177) Humongous regions: 8->8
[2024-07-05T10:26:36.686-0700][info][gc,metaspace   ] GC(177) Metaspace: 302K(512K)->302K(512K) NonClass: 294K(384K)->294K(384K) Class: 7K(128K)->7K(128K)
[2024-07-05T10:26:36.686-0700][info][gc             ] GC(177) Pause Young (Concurrent Start) (G1 Evacuation Pause) 4089M->4089M(4096M) 1.943ms
[2024-07-05T10:26:36.686-0700][info][gc,cpu         ] GC(177) User=0.00s Sys=0.00s Real=0.00s
[2024-07-05T10:26:36.686-0700][info][gc,ergo        ] Attempting full compaction
[2024-07-05T10:26:36.686-0700][info][gc,task        ] GC(178) Using 4 workers of 4 for full compaction
[2024-07-05T10:26:36.686-0700][info][gc,start       ] GC(178) Pause Full (G1 Compaction Pause)
[2024-07-05T10:26:36.686-0700][info][gc             ] GC(179) Concurrent Mark Cycle
[2024-07-05T10:26:36.686-0700][info][gc,marking     ] GC(179) Concurrent Clear Claimed Marks
[2024-07-05T10:26:36.686-0700][info][gc,marking     ] GC(179) Concurrent Clear Claimed Marks 0.006ms
[2024-07-05T10:26:36.686-0700][info][gc,marking     ] GC(179) Concurrent Scan Root Regions
[2024-07-05T10:26:36.686-0700][info][gc,marking     ] GC(179) Concurrent Scan Root Regions 0.003ms
[2024-07-05T10:26:36.686-0700][info][gc,marking     ] GC(179) Concurrent Mark
[2024-07-05T10:26:36.686-0700][info][gc,marking     ] GC(179) Concurrent Mark From Roots
[2024-07-05T10:26:36.686-0700][info][gc,task        ] GC(179) Using 1 workers of 1 for marking
[2024-07-05T10:26:36.689-0700][info][gc,phases,start] GC(178) Phase 1: Mark live objects
[2024-07-05T10:26:36.836-0700][info][gc,phases      ] GC(178) Phase 1: Mark live objects 147.061ms
[2024-07-05T10:26:36.836-0700][info][gc,phases,start] GC(178) Phase 2: Prepare for compaction
[2024-07-05T10:26:36.838-0700][info][gc,phases      ] GC(178) Phase 2: Prepare for compaction 1.307ms
[2024-07-05T10:26:36.838-0700][info][gc,phases,start] GC(178) Phase 3: Adjust pointers
[2024-07-05T10:26:36.905-0700][info][gc,phases      ] GC(178) Phase 3: Adjust pointers 66.855ms
[2024-07-05T10:26:36.905-0700][info][gc,phases,start] GC(178) Phase 4: Compact heap
[2024-07-05T10:26:36.905-0700][info][gc,phases      ] GC(178) Phase 4: Compact heap 0.468ms
[2024-07-05T10:26:36.908-0700][info][gc,heap        ] GC(178) Eden regions: 0->0(102)
[2024-07-05T10:26:36.908-0700][info][gc,heap        ] GC(178) Survivor regions: 0->0(0)
[2024-07-05T10:26:36.908-0700][info][gc,heap        ] GC(178) Old regions: 2038->2037
[2024-07-05T10:26:36.908-0700][info][gc,heap        ] GC(178) Archive regions: 2->2
[2024-07-05T10:26:36.908-0700][info][gc,heap        ] GC(178) Humongous regions: 8->8
[2024-07-05T10:26:36.908-0700][info][gc,metaspace   ] GC(178) Metaspace: 302K(512K)->302K(512K) NonClass: 294K(384K)->294K(384K) Class: 7K(128K)->7K(128K)
[2024-07-05T10:26:36.908-0700][info][gc             ] GC(178) Pause Full (G1 Compaction Pause) 4089M->4089M(4096M) 222.340ms
[2024-07-05T10:26:36.908-0700][info][gc,cpu         ] GC(178) User=0.88s Sys=0.00s Real=0.22s
[2024-07-05T10:26:36.909-0700][info][gc,marking     ] GC(179) Concurrent Mark From Roots 222.450ms
[2024-07-05T10:26:36.909-0700][info][gc,marking     ] GC(179) Concurrent Mark Abort
[2024-07-05T10:26:36.909-0700][info][gc             ] GC(179) Concurrent Mark Cycle 222.526ms
[2024-07-05T10:26:36.909-0700][info][gc,start       ] GC(180) Pause Young (Normal) (G1 Evacuation Pause)
[2024-07-05T10:26:36.909-0700][info][gc,task        ] GC(180) Using 4 workers of 4 for evacuation
[2024-07-05T10:26:36.910-0700][info][gc             ] GC(180) To-space exhausted
[2024-07-05T10:26:36.910-0700][info][gc,phases      ] GC(180)   Pre Evacuate Collection Set: 0.2ms
[2024-07-05T10:26:36.910-0700][info][gc,phases      ] GC(180)   Merge Heap Roots: 0.1ms
[2024-07-05T10:26:36.910-0700][info][gc,phases      ] GC(180)   Evacuate Collection Set: 0.4ms
[2024-07-05T10:26:36.910-0700][info][gc,phases      ] GC(180)   Post Evacuate Collection Set: 0.4ms
[2024-07-05T10:26:36.910-0700][info][gc,phases      ] GC(180)   Other: 0.1ms
[2024-07-05T10:26:36.910-0700][info][gc,heap        ] GC(180) Eden regions: 1->0(102)
[2024-07-05T10:26:36.910-0700][info][gc,heap        ] GC(180) Survivor regions: 0->0(0)
[2024-07-05T10:26:36.910-0700][info][gc,heap        ] GC(180) Old regions: 2037->2038
[2024-07-05T10:26:36.910-0700][info][gc,heap        ] GC(180) Archive regions: 2->2
[2024-07-05T10:26:36.910-0700][info][gc,heap        ] GC(180) Humongous regions: 8->8
[2024-07-05T10:26:36.910-0700][info][gc,metaspace   ] GC(180) Metaspace: 302K(512K)->302K(512K) NonClass: 294K(384K)->294K(384K) Class: 7K(128K)->7K(128K)
[2024-07-05T10:26:36.910-0700][info][gc             ] GC(180) Pause Young (Normal) (G1 Evacuation Pause) 4091M->4091M(4096M) 1.095ms
[2024-07-05T10:26:36.910-0700][info][gc,cpu         ] GC(180) User=0.00s Sys=0.00s Real=0.00s
[2024-07-05T10:26:36.910-0700][info][gc,ergo        ] Attempting full compaction
[2024-07-05T10:26:36.910-0700][info][gc,task        ] GC(181) Using 4 workers of 4 for full compaction
[2024-07-05T10:26:36.910-0700][info][gc,start       ] GC(181) Pause Full (G1 Compaction Pause)
[2024-07-05T10:26:36.910-0700][info][gc,phases,start] GC(181) Phase 1: Mark live objects
[2024-07-05T10:26:37.040-0700][info][gc,phases      ] GC(181) Phase 1: Mark live objects 130.092ms
[2024-07-05T10:26:37.040-0700][info][gc,phases,start] GC(181) Phase 2: Prepare for compaction
[2024-07-05T10:26:37.041-0700][info][gc,phases      ] GC(181) Phase 2: Prepare for compaction 1.165ms
[2024-07-05T10:26:37.042-0700][info][gc,phases,start] GC(181) Phase 3: Adjust pointers
[2024-07-05T10:26:37.120-0700][info][gc,phases      ] GC(181) Phase 3: Adjust pointers 78.834ms
[2024-07-05T10:26:37.120-0700][info][gc,phases,start] GC(181) Phase 4: Compact heap
[2024-07-05T10:26:37.121-0700][info][gc,phases      ] GC(181) Phase 4: Compact heap 0.156ms
[2024-07-05T10:26:37.124-0700][info][gc,heap        ] GC(181) Eden regions: 0->0(102)
[2024-07-05T10:26:37.124-0700][info][gc,heap        ] GC(181) Survivor regions: 0->0(0)
[2024-07-05T10:26:37.124-0700][info][gc,heap        ] GC(181) Old regions: 2038->2038
[2024-07-05T10:26:37.124-0700][info][gc,heap        ] GC(181) Archive regions: 2->2
[2024-07-05T10:26:37.124-0700][info][gc,heap        ] GC(181) Humongous regions: 8->8
[2024-07-05T10:26:37.124-0700][info][gc,metaspace   ] GC(181) Metaspace: 302K(512K)->302K(512K) NonClass: 294K(384K)->294K(384K) Class: 7K(128K)->7K(128K)
[2024-07-05T10:26:37.124-0700][info][gc             ] GC(181) Pause Full (G1 Compaction Pause) 4091M->4091M(4096M) 214.030ms
[2024-07-05T10:26:37.124-0700][info][gc,cpu         ] GC(181) User=0.85s Sys=0.00s Real=0.22s
[2024-07-05T10:26:37.124-0700][info][gc,ergo        ] Attempting maximum full compaction clearing soft references
[2024-07-05T10:26:37.124-0700][info][gc,task        ] GC(182) Using 4 workers of 4 for full compaction
[2024-07-05T10:26:37.124-0700][info][gc,start       ] GC(182) Pause Full (G1 Compaction Pause)
[2024-07-05T10:26:37.124-0700][info][gc,phases,start] GC(182) Phase 1: Mark live objects
[2024-07-05T10:26:37.250-0700][info][gc,phases      ] GC(182) Phase 1: Mark live objects 125.870ms
[2024-07-05T10:26:37.250-0700][info][gc,phases,start] GC(182) Phase 2: Prepare for compaction
[2024-07-05T10:26:37.348-0700][info][gc,phases      ] GC(182) Phase 2: Prepare for compaction 97.147ms
[2024-07-05T10:26:37.348-0700][info][gc,phases,start] GC(182) Phase 3: Adjust pointers
[2024-07-05T10:26:37.446-0700][info][gc,phases      ] GC(182) Phase 3: Adjust pointers 98.820ms
[2024-07-05T10:26:37.446-0700][info][gc,phases,start] GC(182) Phase 4: Compact heap
[2024-07-05T10:26:37.941-0700][info][gc,phases      ] GC(182) Phase 4: Compact heap 494.853ms
[2024-07-05T10:26:37.945-0700][info][gc,heap        ] GC(182) Eden regions: 0->0(102)
[2024-07-05T10:26:37.945-0700][info][gc,heap        ] GC(182) Survivor regions: 0->0(0)
[2024-07-05T10:26:37.945-0700][info][gc,heap        ] GC(182) Old regions: 2038->2033
[2024-07-05T10:26:37.945-0700][info][gc,heap        ] GC(182) Archive regions: 2->2
[2024-07-05T10:26:37.945-0700][info][gc,heap        ] GC(182) Humongous regions: 8->8
[2024-07-05T10:26:37.945-0700][info][gc,metaspace   ] GC(182) Metaspace: 302K(512K)->302K(512K) NonClass: 294K(384K)->294K(384K) Class: 7K(128K)->7K(128K)
[2024-07-05T10:26:37.945-0700][info][gc             ] GC(182) Pause Full (G1 Compaction Pause) 4091M->4081M(4096M) 820.908ms
[2024-07-05T10:26:37.945-0700][info][gc,cpu         ] GC(182) User=3.26s Sys=0.00s Real=0.82s
[2024-07-05T10:26:40.323-0700][info][gc,start       ] GC(183) Pause Young (Concurrent Start) (G1 Preventive Collection)
[2024-07-05T10:26:40.323-0700][info][gc,task        ] GC(183) Using 4 workers of 4 for evacuation
[2024-07-05T10:26:40.331-0700][info][gc             ] GC(183) To-space exhausted
[2024-07-05T10:26:40.331-0700][info][gc,phases      ] GC(183)   Pre Evacuate Collection Set: 0.4ms
[2024-07-05T10:26:40.331-0700][info][gc,phases      ] GC(183)   Merge Heap Roots: 0.3ms
[2024-07-05T10:26:40.331-0700][info][gc,phases      ] GC(183)   Evacuate Collection Set: 6.3ms
[2024-07-05T10:26:40.331-0700][info][gc,phases      ] GC(183)   Post Evacuate Collection Set: 0.7ms
[2024-07-05T10:26:40.331-0700][info][gc,phases      ] GC(183)   Other: 0.2ms
[2024-07-05T10:26:40.331-0700][info][gc,heap        ] GC(183) Eden regions: 3->0(100)
[2024-07-05T10:26:40.331-0700][info][gc,heap        ] GC(183) Survivor regions: 0->2(2)
[2024-07-05T10:26:40.331-0700][info][gc,heap        ] GC(183) Old regions: 2033->2035
[2024-07-05T10:26:40.331-0700][info][gc,heap        ] GC(183) Archive regions: 2->2
[2024-07-05T10:26:40.331-0700][info][gc,heap        ] GC(183) Humongous regions: 8->8
[2024-07-05T10:26:40.331-0700][info][gc,metaspace   ] GC(183) Metaspace: 302K(512K)->302K(512K) NonClass: 294K(384K)->294K(384K) Class: 7K(128K)->7K(128K)
[2024-07-05T10:26:40.331-0700][info][gc             ] GC(183) Pause Young (Concurrent Start) (G1 Preventive Collection) 4087M->4089M(4096M) 7.993ms
[2024-07-05T10:26:40.331-0700][info][gc,cpu         ] GC(183) User=0.02s Sys=0.00s Real=0.00s
[2024-07-05T10:26:40.331-0700][info][gc             ] GC(184) Concurrent Mark Cycle
[2024-07-05T10:26:40.331-0700][info][gc,marking     ] GC(184) Concurrent Clear Claimed Marks
[2024-07-05T10:26:40.331-0700][info][gc,marking     ] GC(184) Concurrent Clear Claimed Marks 0.006ms
[2024-07-05T10:26:40.331-0700][info][gc,marking     ] GC(184) Concurrent Scan Root Regions
[2024-07-05T10:26:40.332-0700][info][gc,marking     ] GC(184) Concurrent Scan Root Regions 0.511ms
[2024-07-05T10:26:40.332-0700][info][gc,marking     ] GC(184) Concurrent Mark
[2024-07-05T10:26:40.332-0700][info][gc,marking     ] GC(184) Concurrent Mark From Roots
[2024-07-05T10:26:40.332-0700][info][gc,task        ] GC(184) Using 1 workers of 1 for marking
[2024-07-05T10:26:40.332-0700][info][gc,start       ] GC(185) Pause Young (Normal) (G1 Evacuation Pause)
[2024-07-05T10:26:40.332-0700][info][gc,task        ] GC(185) Using 4 workers of 4 for evacuation
[2024-07-05T10:26:40.334-0700][info][gc             ] GC(185) To-space exhausted
[2024-07-05T10:26:40.334-0700][info][gc,phases      ] GC(185)   Pre Evacuate Collection Set: 0.6ms
[2024-07-05T10:26:40.334-0700][info][gc,phases      ] GC(185)   Merge Heap Roots: 0.2ms
[2024-07-05T10:26:40.334-0700][info][gc,phases      ] GC(185)   Evacuate Collection Set: 1.0ms
[2024-07-05T10:26:40.334-0700][info][gc,phases      ] GC(185)   Post Evacuate Collection Set: 0.7ms
[2024-07-05T10:26:40.334-0700][info][gc,phases      ] GC(185)   Other: 0.1ms
[2024-07-05T10:26:40.334-0700][info][gc,heap        ] GC(185) Eden regions: 1->0(102)
[2024-07-05T10:26:40.334-0700][info][gc,heap        ] GC(185) Survivor regions: 2->0(0)
[2024-07-05T10:26:40.334-0700][info][gc,heap        ] GC(185) Old regions: 2035->2038
[2024-07-05T10:26:40.334-0700][info][gc,heap        ] GC(185) Archive regions: 2->2
[2024-07-05T10:26:40.334-0700][info][gc,heap        ] GC(185) Humongous regions: 8->8
[2024-07-05T10:26:40.334-0700][info][gc,metaspace   ] GC(185) Metaspace: 302K(512K)->302K(512K) NonClass: 294K(384K)->294K(384K) Class: 7K(128K)->7K(128K)
[2024-07-05T10:26:40.334-0700][info][gc             ] GC(185) Pause Young (Normal) (G1 Evacuation Pause) 4091M->4091M(4096M) 2.386ms
[2024-07-05T10:26:40.334-0700][info][gc,cpu         ] GC(185) User=0.00s Sys=0.00s Real=0.00s
[2024-07-05T10:26:40.334-0700][info][gc,ergo        ] Attempting full compaction
[2024-07-05T10:26:40.334-0700][info][gc,task        ] GC(186) Using 4 workers of 4 for full compaction
[2024-07-05T10:26:40.334-0700][info][gc,start       ] GC(186) Pause Full (G1 Compaction Pause)
[2024-07-05T10:26:40.338-0700][info][gc,phases,start] GC(186) Phase 1: Mark live objects
[2024-07-05T10:26:40.449-0700][info][gc,phases      ] GC(186) Phase 1: Mark live objects 111.394ms
[2024-07-05T10:26:40.449-0700][info][gc,phases,start] GC(186) Phase 2: Prepare for compaction
[2024-07-05T10:26:40.450-0700][info][gc,phases      ] GC(186) Phase 2: Prepare for compaction 1.429ms
[2024-07-05T10:26:40.450-0700][info][gc,phases,start] GC(186) Phase 3: Adjust pointers
[2024-07-05T10:26:40.515-0700][info][gc,phases      ] GC(186) Phase 3: Adjust pointers 64.807ms
[2024-07-05T10:26:40.515-0700][info][gc,phases,start] GC(186) Phase 4: Compact heap
[2024-07-05T10:26:40.516-0700][info][gc,phases      ] GC(186) Phase 4: Compact heap 0.812ms
[2024-07-05T10:26:40.519-0700][info][gc,heap        ] GC(186) Eden regions: 0->0(102)
[2024-07-05T10:26:40.519-0700][info][gc,heap        ] GC(186) Survivor regions: 0->0(0)
[2024-07-05T10:26:40.519-0700][info][gc,heap        ] GC(186) Old regions: 2038->2037
[2024-07-05T10:26:40.519-0700][info][gc,heap        ] GC(186) Archive regions: 2->2
[2024-07-05T10:26:40.519-0700][info][gc,heap        ] GC(186) Humongous regions: 8->8
[2024-07-05T10:26:40.519-0700][info][gc,metaspace   ] GC(186) Metaspace: 302K(512K)->302K(512K) NonClass: 294K(384K)->294K(384K) Class: 7K(128K)->7K(128K)
[2024-07-05T10:26:40.519-0700][info][gc             ] GC(186) Pause Full (G1 Compaction Pause) 4091M->4089M(4096M) 184.910ms
[2024-07-05T10:26:40.519-0700][info][gc,cpu         ] GC(186) User=0.73s Sys=0.00s Real=0.19s
[2024-07-05T10:26:40.519-0700][info][gc,marking     ] GC(184) Concurrent Mark From Roots 187.548ms
[2024-07-05T10:26:40.519-0700][info][gc,marking     ] GC(184) Concurrent Mark Abort
[2024-07-05T10:26:40.519-0700][info][gc             ] GC(184) Concurrent Mark Cycle 188.121ms
[2024-07-05T10:26:40.520-0700][info][gc,start       ] GC(187) Pause Young (Normal) (G1 Evacuation Pause)
[2024-07-05T10:26:40.520-0700][info][gc,task        ] GC(187) Using 4 workers of 4 for evacuation
[2024-07-05T10:26:40.521-0700][info][gc             ] GC(187) To-space exhausted
[2024-07-05T10:26:40.521-0700][info][gc,phases      ] GC(187)   Pre Evacuate Collection Set: 0.2ms
[2024-07-05T10:26:40.521-0700][info][gc,phases      ] GC(187)   Merge Heap Roots: 0.1ms
[2024-07-05T10:26:40.521-0700][info][gc,phases      ] GC(187)   Evacuate Collection Set: 0.3ms
[2024-07-05T10:26:40.521-0700][info][gc,phases      ] GC(187)   Post Evacuate Collection Set: 0.5ms
[2024-07-05T10:26:40.521-0700][info][gc,phases      ] GC(187)   Other: 0.1ms
[2024-07-05T10:26:40.521-0700][info][gc,heap        ] GC(187) Eden regions: 1->0(102)
[2024-07-05T10:26:40.521-0700][info][gc,heap        ] GC(187) Survivor regions: 0->0(0)
[2024-07-05T10:26:40.521-0700][info][gc,heap        ] GC(187) Old regions: 2037->2038
[2024-07-05T10:26:40.521-0700][info][gc,heap        ] GC(187) Archive regions: 2->2
[2024-07-05T10:26:40.521-0700][info][gc,heap        ] GC(187) Humongous regions: 8->8
[2024-07-05T10:26:40.521-0700][info][gc,metaspace   ] GC(187) Metaspace: 302K(512K)->302K(512K) NonClass: 294K(384K)->294K(384K) Class: 7K(128K)->7K(128K)
[2024-07-05T10:26:40.521-0700][info][gc             ] GC(187) Pause Young (Normal) (G1 Evacuation Pause) 4091M->4091M(4096M) 1.201ms
[2024-07-05T10:26:40.521-0700][info][gc,cpu         ] GC(187) User=0.00s Sys=0.00s Real=0.00s
[2024-07-05T10:26:40.521-0700][info][gc,ergo        ] Attempting full compaction
[2024-07-05T10:26:40.521-0700][info][gc,task        ] GC(188) Using 4 workers of 4 for full compaction
[2024-07-05T10:26:40.521-0700][info][gc,start       ] GC(188) Pause Full (G1 Compaction Pause)
[2024-07-05T10:26:40.521-0700][info][gc,phases,start] GC(188) Phase 1: Mark live objects
[2024-07-05T10:26:40.631-0700][info][gc,phases      ] GC(188) Phase 1: Mark live objects 109.529ms
[2024-07-05T10:26:40.631-0700][info][gc,phases,start] GC(188) Phase 2: Prepare for compaction
[2024-07-05T10:26:40.632-0700][info][gc,phases      ] GC(188) Phase 2: Prepare for compaction 1.372ms
[2024-07-05T10:26:40.632-0700][info][gc,phases,start] GC(188) Phase 3: Adjust pointers
[2024-07-05T10:26:40.701-0700][info][gc,phases      ] GC(188) Phase 3: Adjust pointers 69.455ms
[2024-07-05T10:26:40.702-0700][info][gc,phases,start] GC(188) Phase 4: Compact heap
[2024-07-05T10:26:40.702-0700][info][gc,phases      ] GC(188) Phase 4: Compact heap 0.856ms
[2024-07-05T10:26:40.706-0700][info][gc,heap        ] GC(188) Eden regions: 0->0(102)
[2024-07-05T10:26:40.707-0700][info][gc,heap        ] GC(188) Survivor regions: 0->0(0)
[2024-07-05T10:26:40.707-0700][info][gc,heap        ] GC(188) Old regions: 2038->2038
[2024-07-05T10:26:40.707-0700][info][gc,heap        ] GC(188) Archive regions: 2->2
[2024-07-05T10:26:40.707-0700][info][gc,heap        ] GC(188) Humongous regions: 8->8
[2024-07-05T10:26:40.707-0700][info][gc,metaspace   ] GC(188) Metaspace: 302K(512K)->302K(512K) NonClass: 294K(384K)->294K(384K) Class: 7K(128K)->7K(128K)
[2024-07-05T10:26:40.707-0700][info][gc             ] GC(188) Pause Full (G1 Compaction Pause) 4091M->4091M(4096M) 185.596ms
[2024-07-05T10:26:40.707-0700][info][gc,cpu         ] GC(188) User=0.73s Sys=0.00s Real=0.19s
[2024-07-05T10:26:40.707-0700][info][gc,ergo        ] Attempting maximum full compaction clearing soft references
[2024-07-05T10:26:40.707-0700][info][gc,task        ] GC(189) Using 4 workers of 4 for full compaction
[2024-07-05T10:26:40.707-0700][info][gc,start       ] GC(189) Pause Full (G1 Compaction Pause)
[2024-07-05T10:26:40.707-0700][info][gc,phases,start] GC(189) Phase 1: Mark live objects
[2024-07-05T10:26:40.839-0700][info][gc,phases      ] GC(189) Phase 1: Mark live objects 132.478ms
[2024-07-05T10:26:40.839-0700][info][gc,phases,start] GC(189) Phase 2: Prepare for compaction
[2024-07-05T10:26:40.922-0700][info][gc,phases      ] GC(189) Phase 2: Prepare for compaction 82.240ms
[2024-07-05T10:26:40.922-0700][info][gc,phases,start] GC(189) Phase 3: Adjust pointers
[2024-07-05T10:26:41.024-0700][info][gc,phases      ] GC(189) Phase 3: Adjust pointers 102.800ms
[2024-07-05T10:26:41.025-0700][info][gc,phases,start] GC(189) Phase 4: Compact heap
[2024-07-05T10:26:41.437-0700][info][gc,phases      ] GC(189) Phase 4: Compact heap 412.105ms
[2024-07-05T10:26:41.440-0700][info][gc,heap        ] GC(189) Eden regions: 0->0(102)
[2024-07-05T10:26:41.440-0700][info][gc,heap        ] GC(189) Survivor regions: 0->0(0)
[2024-07-05T10:26:41.440-0700][info][gc,heap        ] GC(189) Old regions: 2038->2037
[2024-07-05T10:26:41.440-0700][info][gc,heap        ] GC(189) Archive regions: 2->2
[2024-07-05T10:26:41.440-0700][info][gc,heap        ] GC(189) Humongous regions: 8->8
[2024-07-05T10:26:41.440-0700][info][gc,metaspace   ] GC(189) Metaspace: 302K(512K)->302K(512K) NonClass: 294K(384K)->294K(384K) Class: 7K(128K)->7K(128K)
[2024-07-05T10:26:41.440-0700][info][gc             ] GC(189) Pause Full (G1 Compaction Pause) 4091M->4086M(4096M) 733.295ms
[2024-07-05T10:26:41.440-0700][info][gc,cpu         ] GC(189) User=2.87s Sys=0.01s Real=0.73s
[2024-07-05T10:26:41.440-0700][info][gc,start       ] GC(190) Pause Young (Concurrent Start) (G1 Humongous Allocation)
[2024-07-05T10:26:41.440-0700][info][gc,task        ] GC(190) Using 4 workers of 4 for evacuation
[2024-07-05T10:26:41.441-0700][info][gc             ] GC(190) To-space exhausted
[2024-07-05T10:26:41.441-0700][info][gc,phases      ] GC(190)   Pre Evacuate Collection Set: 0.2ms
[2024-07-05T10:26:41.441-0700][info][gc,phases      ] GC(190)   Merge Heap Roots: 0.1ms
[2024-07-05T10:26:41.441-0700][info][gc,phases      ] GC(190)   Evacuate Collection Set: 0.2ms
[2024-07-05T10:26:41.441-0700][info][gc,phases      ] GC(190)   Post Evacuate Collection Set: 0.3ms
[2024-07-05T10:26:41.441-0700][info][gc,phases      ] GC(190)   Other: 0.1ms
[2024-07-05T10:26:41.441-0700][info][gc,heap        ] GC(190) Eden regions: 1->0(102)
[2024-07-05T10:26:41.441-0700][info][gc,heap        ] GC(190) Survivor regions: 0->0(0)
[2024-07-05T10:26:41.441-0700][info][gc,heap        ] GC(190) Old regions: 2037->2038
[2024-07-05T10:26:41.441-0700][info][gc,heap        ] GC(190) Archive regions: 2->2
[2024-07-05T10:26:41.441-0700][info][gc,heap        ] GC(190) Humongous regions: 8->8
[2024-07-05T10:26:41.441-0700][info][gc,metaspace   ] GC(190) Metaspace: 302K(512K)->302K(512K) NonClass: 294K(384K)->294K(384K) Class: 7K(128K)->7K(128K)
[2024-07-05T10:26:41.441-0700][info][gc             ] GC(190) Pause Young (Concurrent Start) (G1 Humongous Allocation) 4087M->4087M(4096M) 0.905ms
[2024-07-05T10:26:41.441-0700][info][gc,cpu         ] GC(190) User=0.00s Sys=0.00s Real=0.00s
[2024-07-05T10:26:41.441-0700][info][gc,ergo        ] Attempting full compaction clearing soft references
[2024-07-05T10:26:41.441-0700][info][gc,task        ] GC(191) Using 4 workers of 4 for full compaction
[2024-07-05T10:26:41.441-0700][info][gc,start       ] GC(191) Pause Full (G1 Compaction Pause)
[2024-07-05T10:26:41.442-0700][info][gc             ] GC(192) Concurrent Mark Cycle
[2024-07-05T10:26:41.442-0700][info][gc,marking     ] GC(192) Concurrent Clear Claimed Marks
[2024-07-05T10:26:41.442-0700][info][gc,marking     ] GC(192) Concurrent Clear Claimed Marks 0.005ms
[2024-07-05T10:26:41.442-0700][info][gc,marking     ] GC(192) Concurrent Scan Root Regions
[2024-07-05T10:26:41.442-0700][info][gc,marking     ] GC(192) Concurrent Scan Root Regions 0.003ms
[2024-07-05T10:26:41.442-0700][info][gc,marking     ] GC(192) Concurrent Mark
[2024-07-05T10:26:41.442-0700][info][gc,marking     ] GC(192) Concurrent Mark From Roots
[2024-07-05T10:26:41.442-0700][info][gc,task        ] GC(192) Using 1 workers of 1 for marking
[2024-07-05T10:26:41.445-0700][info][gc,phases,start] GC(191) Phase 1: Mark live objects
[2024-07-05T10:26:41.551-0700][info][gc,phases      ] GC(191) Phase 1: Mark live objects 105.640ms
[2024-07-05T10:26:41.551-0700][info][gc,phases,start] GC(191) Phase 2: Prepare for compaction
[2024-07-05T10:26:41.552-0700][info][gc,phases      ] GC(191) Phase 2: Prepare for compaction 1.127ms
[2024-07-05T10:26:41.553-0700][info][gc,phases,start] GC(191) Phase 3: Adjust pointers
[2024-07-05T10:26:41.621-0700][info][gc,phases      ] GC(191) Phase 3: Adjust pointers 68.883ms
[2024-07-05T10:26:41.621-0700][info][gc,phases,start] GC(191) Phase 4: Compact heap
[2024-07-05T10:26:41.622-0700][info][gc,phases      ] GC(191) Phase 4: Compact heap 0.318ms
[2024-07-05T10:26:41.625-0700][info][gc,heap        ] GC(191) Eden regions: 0->0(102)
[2024-07-05T10:26:41.625-0700][info][gc,heap        ] GC(191) Survivor regions: 0->0(0)
[2024-07-05T10:26:41.625-0700][info][gc,heap        ] GC(191) Old regions: 2038->2037
[2024-07-05T10:26:41.625-0700][info][gc,heap        ] GC(191) Archive regions: 2->2
[2024-07-05T10:26:41.625-0700][info][gc,heap        ] GC(191) Humongous regions: 8->8
[2024-07-05T10:26:41.625-0700][info][gc,metaspace   ] GC(191) Metaspace: 302K(512K)->302K(512K) NonClass: 294K(384K)->294K(384K) Class: 7K(128K)->7K(128K)
[2024-07-05T10:26:41.625-0700][info][gc             ] GC(191) Pause Full (G1 Compaction Pause) 4087M->4086M(4096M) 183.345ms
[2024-07-05T10:26:41.625-0700][info][gc,cpu         ] GC(191) User=0.72s Sys=0.00s Real=0.19s
[2024-07-05T10:26:41.625-0700][info][gc,marking     ] GC(192) Concurrent Mark From Roots 183.362ms
[2024-07-05T10:26:41.625-0700][info][gc,marking     ] GC(192) Concurrent Mark Abort
[2024-07-05T10:26:41.625-0700][info][gc             ] GC(192) Concurrent Mark Cycle 183.435ms
[2024-07-05T10:26:41.625-0700][info][gc,start       ] GC(193) Pause Young (Normal) (G1 Humongous Allocation)
[2024-07-05T10:26:41.625-0700][info][gc,task        ] GC(193) Using 4 workers of 4 for evacuation
[2024-07-05T10:26:41.626-0700][info][gc,phases      ] GC(193)   Pre Evacuate Collection Set: 0.2ms
[2024-07-05T10:26:41.626-0700][info][gc,phases      ] GC(193)   Merge Heap Roots: 0.1ms
[2024-07-05T10:26:41.626-0700][info][gc,phases      ] GC(193)   Evacuate Collection Set: 0.2ms
[2024-07-05T10:26:41.626-0700][info][gc,phases      ] GC(193)   Post Evacuate Collection Set: 0.3ms
[2024-07-05T10:26:41.626-0700][info][gc,phases      ] GC(193)   Other: 0.1ms
[2024-07-05T10:26:41.626-0700][info][gc,heap        ] GC(193) Eden regions: 0->0(102)
[2024-07-05T10:26:41.626-0700][info][gc,heap        ] GC(193) Survivor regions: 0->0(1)
[2024-07-05T10:26:41.626-0700][info][gc,heap        ] GC(193) Old regions: 2037->2037
[2024-07-05T10:26:41.626-0700][info][gc,heap        ] GC(193) Archive regions: 2->2
[2024-07-05T10:26:41.626-0700][info][gc,heap        ] GC(193) Humongous regions: 8->8
[2024-07-05T10:26:41.626-0700][info][gc,metaspace   ] GC(193) Metaspace: 302K(512K)->302K(512K) NonClass: 294K(384K)->294K(384K) Class: 7K(128K)->7K(128K)
[2024-07-05T10:26:41.626-0700][info][gc             ] GC(193) Pause Young (Normal) (G1 Humongous Allocation) 4086M->4086M(4096M) 0.880ms
[2024-07-05T10:26:41.626-0700][info][gc,cpu         ] GC(193) User=0.00s Sys=0.00s Real=0.00s
[2024-07-05T10:26:41.626-0700][info][gc,ergo        ] Attempting full compaction
[2024-07-05T10:26:41.626-0700][info][gc,task        ] GC(194) Using 4 workers of 4 for full compaction
[2024-07-05T10:26:41.626-0700][info][gc,start       ] GC(194) Pause Full (G1 Compaction Pause)
[2024-07-05T10:26:41.626-0700][info][gc,phases,start] GC(194) Phase 1: Mark live objects
[2024-07-05T10:26:41.731-0700][info][gc,phases      ] GC(194) Phase 1: Mark live objects 104.472ms
[2024-07-05T10:26:41.731-0700][info][gc,phases,start] GC(194) Phase 2: Prepare for compaction
[2024-07-05T10:26:41.732-0700][info][gc,phases      ] GC(194) Phase 2: Prepare for compaction 1.053ms
[2024-07-05T10:26:41.732-0700][info][gc,phases,start] GC(194) Phase 3: Adjust pointers
[2024-07-05T10:26:41.797-0700][info][gc,phases      ] GC(194) Phase 3: Adjust pointers 65.216ms
[2024-07-05T10:26:41.797-0700][info][gc,phases,start] GC(194) Phase 4: Compact heap
[2024-07-05T10:26:41.797-0700][info][gc,phases      ] GC(194) Phase 4: Compact heap 0.263ms
[2024-07-05T10:26:41.801-0700][info][gc,heap        ] GC(194) Eden regions: 0->0(102)
[2024-07-05T10:26:41.801-0700][info][gc,heap        ] GC(194) Survivor regions: 0->0(1)
[2024-07-05T10:26:41.801-0700][info][gc,heap        ] GC(194) Old regions: 2037->2037
[2024-07-05T10:26:41.801-0700][info][gc,heap        ] GC(194) Archive regions: 2->2
[2024-07-05T10:26:41.801-0700][info][gc,heap        ] GC(194) Humongous regions: 8->8
[2024-07-05T10:26:41.801-0700][info][gc,metaspace   ] GC(194) Metaspace: 302K(512K)->302K(512K) NonClass: 294K(384K)->294K(384K) Class: 7K(128K)->7K(128K)
[2024-07-05T10:26:41.801-0700][info][gc             ] GC(194) Pause Full (G1 Compaction Pause) 4086M->4086M(4096M) 175.022ms
[2024-07-05T10:26:41.801-0700][info][gc,cpu         ] GC(194) User=0.70s Sys=0.00s Real=0.17s
[2024-07-05T10:26:41.801-0700][info][gc,ergo        ] Attempting maximum full compaction clearing soft references
[2024-07-05T10:26:41.801-0700][info][gc,task        ] GC(195) Using 4 workers of 4 for full compaction
[2024-07-05T10:26:41.801-0700][info][gc,start       ] GC(195) Pause Full (G1 Compaction Pause)
[2024-07-05T10:26:41.802-0700][info][gc,phases,start] GC(195) Phase 1: Mark live objects
[2024-07-05T10:26:41.909-0700][info][gc,phases      ] GC(195) Phase 1: Mark live objects 107.721ms
[2024-07-05T10:26:41.909-0700][info][gc,phases,start] GC(195) Phase 2: Prepare for compaction
[2024-07-05T10:26:41.988-0700][info][gc,phases      ] GC(195) Phase 2: Prepare for compaction 78.931ms
[2024-07-05T10:26:41.988-0700][info][gc,phases,start] GC(195) Phase 3: Adjust pointers
[2024-07-05T10:26:42.085-0700][info][gc,phases      ] GC(195) Phase 3: Adjust pointers 96.919ms
[2024-07-05T10:26:42.085-0700][info][gc,phases,start] GC(195) Phase 4: Compact heap
[2024-07-05T10:26:42.151-0700][info][gc,phases      ] GC(195) Phase 4: Compact heap 65.964ms
[2024-07-05T10:26:42.154-0700][info][gc,heap        ] GC(195) Eden regions: 0->0(102)
[2024-07-05T10:26:42.155-0700][info][gc,heap        ] GC(195) Survivor regions: 0->0(1)
[2024-07-05T10:26:42.155-0700][info][gc,heap        ] GC(195) Old regions: 2037->2036
[2024-07-05T10:26:42.155-0700][info][gc,heap        ] GC(195) Archive regions: 2->2
[2024-07-05T10:26:42.155-0700][info][gc,heap        ] GC(195) Humongous regions: 8->8
[2024-07-05T10:26:42.155-0700][info][gc,metaspace   ] GC(195) Metaspace: 302K(512K)->302K(512K) NonClass: 294K(384K)->294K(384K) Class: 7K(128K)->7K(128K)
[2024-07-05T10:26:42.155-0700][info][gc             ] GC(195) Pause Full (G1 Compaction Pause) 4086M->4086M(4096M) 353.310ms
[2024-07-05T10:26:42.155-0700][info][gc,cpu         ] GC(195) User=1.38s Sys=0.00s Real=0.35s
[2024-07-05T10:26:42.158-0700][info][gc,heap,exit   ] Heap
[2024-07-05T10:26:42.158-0700][info][gc,heap,exit   ]  garbage-first heap   total 4194304K, used 4186914K [0x0000000700000000, 0x0000000800000000)
[2024-07-05T10:26:42.158-0700][info][gc,heap,exit   ]   region size 2048K, 1 young (2048K), 0 survivors (0K)
[2024-07-05T10:26:42.158-0700][info][gc,heap,exit   ]  Metaspace       used 313K, committed 512K, reserved 1114112K
[2024-07-05T10:26:42.158-0700][info][gc,heap,exit   ]   class space    used 9K, committed 128K, reserved 1048576K
