[2024-07-05T06:11:53.112-0700][info][gc] Using G1
[2024-07-05T06:11:53.141-0700][info][gc,init] Version: 17.0.11+1-LTS (release)
[2024-07-05T06:11:53.141-0700][info][gc,init] CPUs: 4 total, 4 available
[2024-07-05T06:11:53.141-0700][info][gc,init] Memory: 15953M
[2024-07-05T06:11:53.141-0700][info][gc,init] Large Page Support: Disabled
[2024-07-05T06:11:53.141-0700][info][gc,init] NUMA Support: Disabled
[2024-07-05T06:11:53.141-0700][info][gc,init] Compressed Oops: Enabled (Zero based)
[2024-07-05T06:11:53.141-0700][info][gc,init] Heap Region Size: 1M
[2024-07-05T06:11:53.141-0700][info][gc,init] Heap Min Capacity: 4G
[2024-07-05T06:11:53.141-0700][info][gc,init] Heap Initial Capacity: 4G
[2024-07-05T06:11:53.141-0700][info][gc,init] Heap Max Capacity: 4G
[2024-07-05T06:11:53.141-0700][info][gc,init] Pre-touch: Disabled
[2024-07-05T06:11:53.141-0700][info][gc,init] Parallel Workers: 4
[2024-07-05T06:11:53.141-0700][info][gc,init] Concurrent Workers: 1
[2024-07-05T06:11:53.141-0700][info][gc,init] Concurrent Refinement Workers: 4
[2024-07-05T06:11:53.141-0700][info][gc,init] Periodic GC: Disabled
[2024-07-05T06:11:53.148-0700][info][gc,metaspace] CDS archive(s) mapped at: [0x00007f0b5f000000-0x00007f0b5fbbb000-0x00007f0b5fbbb000), size 12300288, SharedBaseAddress: 0x00007f0b5f000000, ArchiveRelocationMode: 1.
[2024-07-05T06:11:53.148-0700][info][gc,metaspace] Compressed class space mapped at: 0x00007f0b60000000-0x00007f0ba0000000, reserved size: 1073741824
[2024-07-05T06:11:53.148-0700][info][gc,metaspace] Narrow klass base: 0x00007f0b5f000000, Narrow klass shift: 0, Narrow klass range: 0x100000000
[2024-07-05T06:11:53.511-0700][info][gc,start    ] GC(0) Pause Young (Normal) (G1 Evacuation Pause)
[2024-07-05T06:11:53.512-0700][info][gc,task     ] GC(0) Using 4 workers of 4 for evacuation
[2024-07-05T06:11:53.564-0700][info][gc,phases   ] GC(0)   Pre Evacuate Collection Set: 0.4ms
[2024-07-05T06:11:53.564-0700][info][gc,phases   ] GC(0)   Merge Heap Roots: 0.2ms
[2024-07-05T06:11:53.564-0700][info][gc,phases   ] GC(0)   Evacuate Collection Set: 50.4ms
[2024-07-05T06:11:53.564-0700][info][gc,phases   ] GC(0)   Post Evacuate Collection Set: 1.2ms
[2024-07-05T06:11:53.564-0700][info][gc,phases   ] GC(0)   Other: 0.9ms
[2024-07-05T06:11:53.564-0700][info][gc,heap     ] GC(0) Eden regions: 204->0(178)
[2024-07-05T06:11:53.564-0700][info][gc,heap     ] GC(0) Survivor regions: 0->26(26)
[2024-07-05T06:11:53.564-0700][info][gc,heap     ] GC(0) Old regions: 0->78
[2024-07-05T06:11:53.564-0700][info][gc,heap     ] GC(0) Archive regions: 2->2
[2024-07-05T06:11:53.564-0700][info][gc,heap     ] GC(0) Humongous regions: 0->0
[2024-07-05T06:11:53.564-0700][info][gc,metaspace] GC(0) Metaspace: 179K(384K)->179K(384K) NonClass: 172K(256K)->172K(256K) Class: 6K(128K)->6K(128K)
[2024-07-05T06:11:53.564-0700][info][gc          ] GC(0) Pause Young (Normal) (G1 Evacuation Pause) 204M->104M(4096M) 53.209ms
[2024-07-05T06:11:53.564-0700][info][gc,cpu      ] GC(0) User=0.09s Sys=0.11s Real=0.06s
[2024-07-05T06:11:54.263-0700][info][gc,start    ] GC(1) Pause Young (Normal) (G1 Evacuation Pause)
[2024-07-05T06:11:54.263-0700][info][gc,task     ] GC(1) Using 4 workers of 4 for evacuation
[2024-07-05T06:11:54.350-0700][info][gc,phases   ] GC(1)   Pre Evacuate Collection Set: 0.6ms
[2024-07-05T06:11:54.350-0700][info][gc,phases   ] GC(1)   Merge Heap Roots: 0.3ms
[2024-07-05T06:11:54.350-0700][info][gc,phases   ] GC(1)   Evacuate Collection Set: 85.3ms
[2024-07-05T06:11:54.350-0700][info][gc,phases   ] GC(1)   Post Evacuate Collection Set: 0.6ms
[2024-07-05T06:11:54.350-0700][info][gc,phases   ] GC(1)   Other: 0.1ms
[2024-07-05T06:11:54.350-0700][info][gc,heap     ] GC(1) Eden regions: 178->0(178)
[2024-07-05T06:11:54.350-0700][info][gc,heap     ] GC(1) Survivor regions: 26->26(26)
[2024-07-05T06:11:54.350-0700][info][gc,heap     ] GC(1) Old regions: 78->223
[2024-07-05T06:11:54.350-0700][info][gc,heap     ] GC(1) Archive regions: 2->2
[2024-07-05T06:11:54.350-0700][info][gc,heap     ] GC(1) Humongous regions: 2->2
[2024-07-05T06:11:54.350-0700][info][gc,metaspace] GC(1) Metaspace: 190K(384K)->190K(384K) NonClass: 183K(256K)->183K(256K) Class: 6K(128K)->6K(128K)
[2024-07-05T06:11:54.350-0700][info][gc          ] GC(1) Pause Young (Normal) (G1 Evacuation Pause) 284M->251M(4096M) 86.853ms
[2024-07-05T06:11:54.350-0700][info][gc,cpu      ] GC(1) User=0.17s Sys=0.16s Real=0.08s
[2024-07-05T06:11:55.453-0700][info][gc,start    ] GC(2) Pause Young (Normal) (G1 Evacuation Pause)
[2024-07-05T06:11:55.453-0700][info][gc,task     ] GC(2) Using 4 workers of 4 for evacuation
[2024-07-05T06:11:55.548-0700][info][gc,phases   ] GC(2)   Pre Evacuate Collection Set: 0.3ms
[2024-07-05T06:11:55.548-0700][info][gc,phases   ] GC(2)   Merge Heap Roots: 0.2ms
[2024-07-05T06:11:55.548-0700][info][gc,phases   ] GC(2)   Evacuate Collection Set: 94.4ms
[2024-07-05T06:11:55.548-0700][info][gc,phases   ] GC(2)   Post Evacuate Collection Set: 0.6ms
[2024-07-05T06:11:55.548-0700][info][gc,phases   ] GC(2)   Other: 0.1ms
[2024-07-05T06:11:55.548-0700][info][gc,heap     ] GC(2) Eden regions: 178->0(178)
[2024-07-05T06:11:55.548-0700][info][gc,heap     ] GC(2) Survivor regions: 26->26(26)
[2024-07-05T06:11:55.548-0700][info][gc,heap     ] GC(2) Old regions: 223->389
[2024-07-05T06:11:55.548-0700][info][gc,heap     ] GC(2) Archive regions: 2->2
[2024-07-05T06:11:55.548-0700][info][gc,heap     ] GC(2) Humongous regions: 4->4
[2024-07-05T06:11:55.548-0700][info][gc,metaspace] GC(2) Metaspace: 196K(384K)->196K(384K) NonClass: 189K(256K)->189K(256K) Class: 6K(128K)->6K(128K)
[2024-07-05T06:11:55.548-0700][info][gc          ] GC(2) Pause Young (Normal) (G1 Evacuation Pause) 431M->419M(4096M) 95.708ms
[2024-07-05T06:11:55.548-0700][info][gc,cpu      ] GC(2) User=0.16s Sys=0.21s Real=0.10s
[2024-07-05T06:11:56.995-0700][info][gc,start    ] GC(3) Pause Young (Normal) (G1 Evacuation Pause)
[2024-07-05T06:11:56.995-0700][info][gc,task     ] GC(3) Using 4 workers of 4 for evacuation
[2024-07-05T06:11:57.086-0700][info][gc,phases   ] GC(3)   Pre Evacuate Collection Set: 0.5ms
[2024-07-05T06:11:57.086-0700][info][gc,phases   ] GC(3)   Merge Heap Roots: 0.2ms
[2024-07-05T06:11:57.086-0700][info][gc,phases   ] GC(3)   Evacuate Collection Set: 89.2ms
[2024-07-05T06:11:57.086-0700][info][gc,phases   ] GC(3)   Post Evacuate Collection Set: 0.6ms
[2024-07-05T06:11:57.086-0700][info][gc,phases   ] GC(3)   Other: 0.1ms
[2024-07-05T06:11:57.086-0700][info][gc,heap     ] GC(3) Eden regions: 178->0(178)
[2024-07-05T06:11:57.086-0700][info][gc,heap     ] GC(3) Survivor regions: 26->26(26)
[2024-07-05T06:11:57.086-0700][info][gc,heap     ] GC(3) Old regions: 389->550
[2024-07-05T06:11:57.086-0700][info][gc,heap     ] GC(3) Archive regions: 2->2
[2024-07-05T06:11:57.086-0700][info][gc,heap     ] GC(3) Humongous regions: 7->7
[2024-07-05T06:11:57.086-0700][info][gc,metaspace] GC(3) Metaspace: 226K(448K)->226K(448K) NonClass: 219K(320K)->219K(320K) Class: 6K(128K)->6K(128K)
[2024-07-05T06:11:57.086-0700][info][gc          ] GC(3) Pause Young (Normal) (G1 Evacuation Pause) 600M->583M(4096M) 90.695ms
[2024-07-05T06:11:57.086-0700][info][gc,cpu      ] GC(3) User=0.17s Sys=0.17s Real=0.09s
[2024-07-05T06:11:59.173-0700][info][gc,start    ] GC(4) Pause Young (Normal) (G1 Evacuation Pause)
[2024-07-05T06:11:59.173-0700][info][gc,task     ] GC(4) Using 4 workers of 4 for evacuation
[2024-07-05T06:11:59.266-0700][info][gc,phases   ] GC(4)   Pre Evacuate Collection Set: 0.5ms
[2024-07-05T06:11:59.266-0700][info][gc,phases   ] GC(4)   Merge Heap Roots: 0.2ms
[2024-07-05T06:11:59.266-0700][info][gc,phases   ] GC(4)   Evacuate Collection Set: 90.8ms
[2024-07-05T06:11:59.266-0700][info][gc,phases   ] GC(4)   Post Evacuate Collection Set: 0.8ms
[2024-07-05T06:11:59.266-0700][info][gc,phases   ] GC(4)   Other: 0.1ms
[2024-07-05T06:11:59.266-0700][info][gc,heap     ] GC(4) Eden regions: 178->0(178)
[2024-07-05T06:11:59.266-0700][info][gc,heap     ] GC(4) Survivor regions: 26->26(26)
[2024-07-05T06:11:59.266-0700][info][gc,heap     ] GC(4) Old regions: 550->712
[2024-07-05T06:11:59.266-0700][info][gc,heap     ] GC(4) Archive regions: 2->2
[2024-07-05T06:11:59.266-0700][info][gc,heap     ] GC(4) Humongous regions: 7->7
[2024-07-05T06:11:59.266-0700][info][gc,metaspace] GC(4) Metaspace: 236K(448K)->236K(448K) NonClass: 229K(320K)->229K(320K) Class: 6K(128K)->6K(128K)
[2024-07-05T06:11:59.266-0700][info][gc          ] GC(4) Pause Young (Normal) (G1 Evacuation Pause) 761M->745M(4096M) 92.531ms
[2024-07-05T06:11:59.266-0700][info][gc,cpu      ] GC(4) User=0.14s Sys=0.21s Real=0.10s
[2024-07-05T06:12:02.046-0700][info][gc,start    ] GC(5) Pause Young (Normal) (G1 Evacuation Pause)
[2024-07-05T06:12:02.047-0700][info][gc,task     ] GC(5) Using 4 workers of 4 for evacuation
[2024-07-05T06:12:02.140-0700][info][gc,phases   ] GC(5)   Pre Evacuate Collection Set: 0.7ms
[2024-07-05T06:12:02.140-0700][info][gc,phases   ] GC(5)   Merge Heap Roots: 0.2ms
[2024-07-05T06:12:02.140-0700][info][gc,phases   ] GC(5)   Evacuate Collection Set: 92.1ms
[2024-07-05T06:12:02.140-0700][info][gc,phases   ] GC(5)   Post Evacuate Collection Set: 0.5ms
[2024-07-05T06:12:02.140-0700][info][gc,phases   ] GC(5)   Other: 0.6ms
[2024-07-05T06:12:02.140-0700][info][gc,heap     ] GC(5) Eden regions: 178->0(178)
[2024-07-05T06:12:02.140-0700][info][gc,heap     ] GC(5) Survivor regions: 26->26(26)
[2024-07-05T06:12:02.140-0700][info][gc,heap     ] GC(5) Old regions: 712->881
[2024-07-05T06:12:02.140-0700][info][gc,heap     ] GC(5) Archive regions: 2->2
[2024-07-05T06:12:02.140-0700][info][gc,heap     ] GC(5) Humongous regions: 11->11
[2024-07-05T06:12:02.140-0700][info][gc,metaspace] GC(5) Metaspace: 261K(448K)->261K(448K) NonClass: 254K(320K)->254K(320K) Class: 6K(128K)->6K(128K)
[2024-07-05T06:12:02.140-0700][info][gc          ] GC(5) Pause Young (Normal) (G1 Evacuation Pause) 927M->918M(4096M) 94.235ms
[2024-07-05T06:12:02.141-0700][info][gc,cpu      ] GC(5) User=0.18s Sys=0.18s Real=0.09s
[2024-07-05T06:12:05.446-0700][info][gc,start    ] GC(6) Pause Young (Normal) (G1 Evacuation Pause)
[2024-07-05T06:12:05.446-0700][info][gc,task     ] GC(6) Using 4 workers of 4 for evacuation
[2024-07-05T06:12:05.535-0700][info][gc,phases   ] GC(6)   Pre Evacuate Collection Set: 0.3ms
[2024-07-05T06:12:05.535-0700][info][gc,phases   ] GC(6)   Merge Heap Roots: 0.1ms
[2024-07-05T06:12:05.535-0700][info][gc,phases   ] GC(6)   Evacuate Collection Set: 87.8ms
[2024-07-05T06:12:05.535-0700][info][gc,phases   ] GC(6)   Post Evacuate Collection Set: 0.5ms
[2024-07-05T06:12:05.535-0700][info][gc,phases   ] GC(6)   Other: 0.1ms
[2024-07-05T06:12:05.535-0700][info][gc,heap     ] GC(6) Eden regions: 178->0(178)
[2024-07-05T06:12:05.535-0700][info][gc,heap     ] GC(6) Survivor regions: 26->26(26)
[2024-07-05T06:12:05.535-0700][info][gc,heap     ] GC(6) Old regions: 881->1045
[2024-07-05T06:12:05.535-0700][info][gc,heap     ] GC(6) Archive regions: 2->2
[2024-07-05T06:12:05.535-0700][info][gc,heap     ] GC(6) Humongous regions: 11->11
[2024-07-05T06:12:05.535-0700][info][gc,metaspace] GC(6) Metaspace: 263K(448K)->263K(448K) NonClass: 256K(320K)->256K(320K) Class: 6K(128K)->6K(128K)
[2024-07-05T06:12:05.535-0700][info][gc          ] GC(6) Pause Young (Normal) (G1 Evacuation Pause) 1096M->1082M(4096M) 88.932ms
[2024-07-05T06:12:05.535-0700][info][gc,cpu      ] GC(6) User=0.17s Sys=0.17s Real=0.09s
[2024-07-05T06:12:09.414-0700][info][gc,start    ] GC(7) Pause Young (Normal) (G1 Evacuation Pause)
[2024-07-05T06:12:09.414-0700][info][gc,task     ] GC(7) Using 4 workers of 4 for evacuation
[2024-07-05T06:12:09.508-0700][info][gc,phases   ] GC(7)   Pre Evacuate Collection Set: 0.3ms
[2024-07-05T06:12:09.508-0700][info][gc,phases   ] GC(7)   Merge Heap Roots: 0.2ms
[2024-07-05T06:12:09.508-0700][info][gc,phases   ] GC(7)   Evacuate Collection Set: 93.6ms
[2024-07-05T06:12:09.508-0700][info][gc,phases   ] GC(7)   Post Evacuate Collection Set: 0.4ms
[2024-07-05T06:12:09.508-0700][info][gc,phases   ] GC(7)   Other: 0.1ms
[2024-07-05T06:12:09.508-0700][info][gc,heap     ] GC(7) Eden regions: 178->0(178)
[2024-07-05T06:12:09.508-0700][info][gc,heap     ] GC(7) Survivor regions: 26->26(26)
[2024-07-05T06:12:09.508-0700][info][gc,heap     ] GC(7) Old regions: 1045->1209
[2024-07-05T06:12:09.508-0700][info][gc,heap     ] GC(7) Archive regions: 2->2
[2024-07-05T06:12:09.508-0700][info][gc,heap     ] GC(7) Humongous regions: 11->11
[2024-07-05T06:12:09.508-0700][info][gc,metaspace] GC(7) Metaspace: 264K(448K)->264K(448K) NonClass: 257K(320K)->257K(320K) Class: 6K(128K)->6K(128K)
[2024-07-05T06:12:09.508-0700][info][gc          ] GC(7) Pause Young (Normal) (G1 Evacuation Pause) 1260M->1246M(4096M) 94.718ms
[2024-07-05T06:12:09.508-0700][info][gc,cpu      ] GC(7) User=0.13s Sys=0.23s Real=0.10s
[2024-07-05T06:12:15.302-0700][info][gc,start    ] GC(8) Pause Young (Normal) (G1 Evacuation Pause)
[2024-07-05T06:12:15.302-0700][info][gc,task     ] GC(8) Using 4 workers of 4 for evacuation
[2024-07-05T06:12:15.397-0700][info][gc,phases   ] GC(8)   Pre Evacuate Collection Set: 0.5ms
[2024-07-05T06:12:15.397-0700][info][gc,phases   ] GC(8)   Merge Heap Roots: 0.2ms
[2024-07-05T06:12:15.397-0700][info][gc,phases   ] GC(8)   Evacuate Collection Set: 93.7ms
[2024-07-05T06:12:15.397-0700][info][gc,phases   ] GC(8)   Post Evacuate Collection Set: 0.5ms
[2024-07-05T06:12:15.397-0700][info][gc,phases   ] GC(8)   Other: 0.1ms
[2024-07-05T06:12:15.397-0700][info][gc,heap     ] GC(8) Eden regions: 178->0(178)
[2024-07-05T06:12:15.397-0700][info][gc,heap     ] GC(8) Survivor regions: 26->26(26)
[2024-07-05T06:12:15.397-0700][info][gc,heap     ] GC(8) Old regions: 1209->1376
[2024-07-05T06:12:15.397-0700][info][gc,heap     ] GC(8) Archive regions: 2->2
[2024-07-05T06:12:15.397-0700][info][gc,heap     ] GC(8) Humongous regions: 16->16
[2024-07-05T06:12:15.397-0700][info][gc,metaspace] GC(8) Metaspace: 269K(512K)->269K(512K) NonClass: 262K(384K)->262K(384K) Class: 6K(128K)->6K(128K)
[2024-07-05T06:12:15.397-0700][info][gc          ] GC(8) Pause Young (Normal) (G1 Evacuation Pause) 1429M->1418M(4096M) 95.016ms
[2024-07-05T06:12:15.397-0700][info][gc,cpu      ] GC(8) User=0.16s Sys=0.20s Real=0.09s
[2024-07-05T06:12:21.972-0700][info][gc,start    ] GC(9) Pause Young (Normal) (G1 Evacuation Pause)
[2024-07-05T06:12:21.972-0700][info][gc,task     ] GC(9) Using 4 workers of 4 for evacuation
[2024-07-05T06:12:22.073-0700][info][gc,phases   ] GC(9)   Pre Evacuate Collection Set: 0.4ms
[2024-07-05T06:12:22.073-0700][info][gc,phases   ] GC(9)   Merge Heap Roots: 0.2ms
[2024-07-05T06:12:22.073-0700][info][gc,phases   ] GC(9)   Evacuate Collection Set: 99.7ms
[2024-07-05T06:12:22.073-0700][info][gc,phases   ] GC(9)   Post Evacuate Collection Set: 0.5ms
[2024-07-05T06:12:22.073-0700][info][gc,phases   ] GC(9)   Other: 0.1ms
[2024-07-05T06:12:22.073-0700][info][gc,heap     ] GC(9) Eden regions: 178->0(178)
[2024-07-05T06:12:22.073-0700][info][gc,heap     ] GC(9) Survivor regions: 26->26(26)
[2024-07-05T06:12:22.073-0700][info][gc,heap     ] GC(9) Old regions: 1376->1545
[2024-07-05T06:12:22.073-0700][info][gc,heap     ] GC(9) Archive regions: 2->2
[2024-07-05T06:12:22.073-0700][info][gc,heap     ] GC(9) Humongous regions: 16->16
[2024-07-05T06:12:22.073-0700][info][gc,metaspace] GC(9) Metaspace: 269K(512K)->269K(512K) NonClass: 262K(384K)->262K(384K) Class: 6K(128K)->6K(128K)
[2024-07-05T06:12:22.073-0700][info][gc          ] GC(9) Pause Young (Normal) (G1 Evacuation Pause) 1596M->1587M(4096M) 100.980ms
[2024-07-05T06:12:22.073-0700][info][gc,cpu      ] GC(9) User=0.16s Sys=0.22s Real=0.10s
[2024-07-05T06:12:29.791-0700][info][gc,start    ] GC(10) Pause Young (Normal) (G1 Evacuation Pause)
[2024-07-05T06:12:29.791-0700][info][gc,task     ] GC(10) Using 4 workers of 4 for evacuation
[2024-07-05T06:12:29.885-0700][info][gc,phases   ] GC(10)   Pre Evacuate Collection Set: 0.4ms
[2024-07-05T06:12:29.885-0700][info][gc,phases   ] GC(10)   Merge Heap Roots: 0.2ms
[2024-07-05T06:12:29.885-0700][info][gc,phases   ] GC(10)   Evacuate Collection Set: 92.9ms
[2024-07-05T06:12:29.885-0700][info][gc,phases   ] GC(10)   Post Evacuate Collection Set: 0.5ms
[2024-07-05T06:12:29.885-0700][info][gc,phases   ] GC(10)   Other: 0.1ms
[2024-07-05T06:12:29.885-0700][info][gc,heap     ] GC(10) Eden regions: 178->0(178)
[2024-07-05T06:12:29.885-0700][info][gc,heap     ] GC(10) Survivor regions: 26->26(26)
[2024-07-05T06:12:29.885-0700][info][gc,heap     ] GC(10) Old regions: 1545->1712
[2024-07-05T06:12:29.885-0700][info][gc,heap     ] GC(10) Archive regions: 2->2
[2024-07-05T06:12:29.885-0700][info][gc,heap     ] GC(10) Humongous regions: 16->16
[2024-07-05T06:12:29.885-0700][info][gc,metaspace] GC(10) Metaspace: 269K(512K)->269K(512K) NonClass: 262K(384K)->262K(384K) Class: 6K(128K)->6K(128K)
[2024-07-05T06:12:29.885-0700][info][gc          ] GC(10) Pause Young (Normal) (G1 Evacuation Pause) 1765M->1754M(4096M) 94.195ms
[2024-07-05T06:12:29.885-0700][info][gc,cpu      ] GC(10) User=0.16s Sys=0.19s Real=0.10s
[2024-07-05T06:12:40.313-0700][info][gc,start    ] GC(11) Pause Young (Normal) (G1 Evacuation Pause)
[2024-07-05T06:12:40.313-0700][info][gc,task     ] GC(11) Using 4 workers of 4 for evacuation
[2024-07-05T06:12:40.405-0700][info][gc,phases   ] GC(11)   Pre Evacuate Collection Set: 0.5ms
[2024-07-05T06:12:40.405-0700][info][gc,phases   ] GC(11)   Merge Heap Roots: 0.2ms
[2024-07-05T06:12:40.405-0700][info][gc,phases   ] GC(11)   Evacuate Collection Set: 90.7ms
[2024-07-05T06:12:40.405-0700][info][gc,phases   ] GC(11)   Post Evacuate Collection Set: 0.5ms
[2024-07-05T06:12:40.405-0700][info][gc,phases   ] GC(11)   Other: 0.1ms
[2024-07-05T06:12:40.405-0700][info][gc,heap     ] GC(11) Eden regions: 178->0(178)
[2024-07-05T06:12:40.405-0700][info][gc,heap     ] GC(11) Survivor regions: 26->26(26)
[2024-07-05T06:12:40.405-0700][info][gc,heap     ] GC(11) Old regions: 1712->1879
[2024-07-05T06:12:40.405-0700][info][gc,heap     ] GC(11) Archive regions: 2->2
[2024-07-05T06:12:40.405-0700][info][gc,heap     ] GC(11) Humongous regions: 16->16
[2024-07-05T06:12:40.405-0700][info][gc,metaspace] GC(11) Metaspace: 269K(512K)->269K(512K) NonClass: 262K(384K)->262K(384K) Class: 6K(128K)->6K(128K)
[2024-07-05T06:12:40.405-0700][info][gc          ] GC(11) Pause Young (Normal) (G1 Evacuation Pause) 1932M->1921M(4096M) 92.081ms
[2024-07-05T06:12:40.406-0700][info][gc,cpu      ] GC(11) User=0.15s Sys=0.19s Real=0.10s
[2024-07-05T06:12:50.870-0700][info][gc,start    ] GC(12) Pause Young (Concurrent Start) (G1 Evacuation Pause)
[2024-07-05T06:12:50.870-0700][info][gc,task     ] GC(12) Using 4 workers of 4 for evacuation
[2024-07-05T06:12:50.964-0700][info][gc,phases   ] GC(12)   Pre Evacuate Collection Set: 0.4ms
[2024-07-05T06:12:50.964-0700][info][gc,phases   ] GC(12)   Merge Heap Roots: 0.2ms
[2024-07-05T06:12:50.964-0700][info][gc,phases   ] GC(12)   Evacuate Collection Set: 92.5ms
[2024-07-05T06:12:50.964-0700][info][gc,phases   ] GC(12)   Post Evacuate Collection Set: 0.4ms
[2024-07-05T06:12:50.964-0700][info][gc,phases   ] GC(12)   Other: 0.3ms
[2024-07-05T06:12:50.964-0700][info][gc,heap     ] GC(12) Eden regions: 178->0(178)
[2024-07-05T06:12:50.964-0700][info][gc,heap     ] GC(12) Survivor regions: 26->26(26)
[2024-07-05T06:12:50.964-0700][info][gc,heap     ] GC(12) Old regions: 1879->2049
[2024-07-05T06:12:50.964-0700][info][gc,heap     ] GC(12) Archive regions: 2->2
[2024-07-05T06:12:50.964-0700][info][gc,heap     ] GC(12) Humongous regions: 16->16
[2024-07-05T06:12:50.964-0700][info][gc,metaspace] GC(12) Metaspace: 277K(512K)->277K(512K) NonClass: 270K(384K)->270K(384K) Class: 6K(128K)->6K(128K)
[2024-07-05T06:12:50.964-0700][info][gc          ] GC(12) Pause Young (Concurrent Start) (G1 Evacuation Pause) 2099M->2090M(4096M) 93.902ms
[2024-07-05T06:12:50.964-0700][info][gc,cpu      ] GC(12) User=0.15s Sys=0.21s Real=0.10s
[2024-07-05T06:12:50.964-0700][info][gc          ] GC(13) Concurrent Mark Cycle
[2024-07-05T06:12:50.964-0700][info][gc,marking  ] GC(13) Concurrent Clear Claimed Marks
[2024-07-05T06:12:50.964-0700][info][gc,marking  ] GC(13) Concurrent Clear Claimed Marks 0.006ms
[2024-07-05T06:12:50.964-0700][info][gc,marking  ] GC(13) Concurrent Scan Root Regions
[2024-07-05T06:12:50.973-0700][info][gc,marking  ] GC(13) Concurrent Scan Root Regions 9.048ms
[2024-07-05T06:12:50.973-0700][info][gc,marking  ] GC(13) Concurrent Mark
[2024-07-05T06:12:50.973-0700][info][gc,marking  ] GC(13) Concurrent Mark From Roots
[2024-07-05T06:12:50.973-0700][info][gc,task     ] GC(13) Using 1 workers of 1 for marking
[2024-07-05T06:12:51.203-0700][info][gc,marking  ] GC(13) Concurrent Mark From Roots 229.856ms
[2024-07-05T06:12:51.203-0700][info][gc,marking  ] GC(13) Concurrent Preclean
[2024-07-05T06:12:51.203-0700][info][gc,marking  ] GC(13) Concurrent Preclean 0.063ms
[2024-07-05T06:13:14.522-0700][info][gc,start    ] GC(13) Pause Remark
[2024-07-05T06:13:14.525-0700][info][gc          ] GC(13) Pause Remark 2091M->2080M(4096M) 2.725ms
[2024-07-05T06:13:14.525-0700][info][gc,cpu      ] GC(13) User=0.01s Sys=0.00s Real=0.01s
[2024-07-05T06:13:14.525-0700][info][gc,marking  ] GC(13) Concurrent Mark 23551.730ms
[2024-07-05T06:13:14.525-0700][info][gc,marking  ] GC(13) Concurrent Rebuild Remembered Sets
[2024-07-05T06:13:14.643-0700][info][gc,marking  ] GC(13) Concurrent Rebuild Remembered Sets 118.478ms
[2024-07-05T06:13:14.925-0700][info][gc,start    ] GC(13) Pause Cleanup
[2024-07-05T06:13:14.926-0700][info][gc          ] GC(13) Pause Cleanup 2090M->2090M(4096M) 1.381ms
[2024-07-05T06:13:14.926-0700][info][gc,cpu      ] GC(13) User=0.00s Sys=0.00s Real=0.00s
[2024-07-05T06:13:14.926-0700][info][gc,marking  ] GC(13) Concurrent Cleanup for Next Mark
[2024-07-05T06:13:14.963-0700][info][gc,marking  ] GC(13) Concurrent Cleanup for Next Mark 37.237ms
[2024-07-05T06:13:14.963-0700][info][gc          ] GC(13) Concurrent Mark Cycle 23999.376ms
[2024-07-05T06:13:27.656-0700][info][gc,start    ] GC(14) Pause Young (Prepare Mixed) (G1 Evacuation Pause)
[2024-07-05T06:13:27.656-0700][info][gc,task     ] GC(14) Using 4 workers of 4 for evacuation
[2024-07-05T06:13:27.754-0700][info][gc,phases   ] GC(14)   Pre Evacuate Collection Set: 0.5ms
[2024-07-05T06:13:27.754-0700][info][gc,phases   ] GC(14)   Merge Heap Roots: 0.2ms
[2024-07-05T06:13:27.754-0700][info][gc,phases   ] GC(14)   Evacuate Collection Set: 97.3ms
[2024-07-05T06:13:27.754-0700][info][gc,phases   ] GC(14)   Post Evacuate Collection Set: 0.5ms
[2024-07-05T06:13:27.754-0700][info][gc,phases   ] GC(14)   Other: 0.1ms
[2024-07-05T06:13:27.754-0700][info][gc,heap     ] GC(14) Eden regions: 178->0(178)
[2024-07-05T06:13:27.754-0700][info][gc,heap     ] GC(14) Survivor regions: 26->26(26)
[2024-07-05T06:13:27.754-0700][info][gc,heap     ] GC(14) Old regions: 2049->2222
[2024-07-05T06:13:27.754-0700][info][gc,heap     ] GC(14) Archive regions: 2->2
[2024-07-05T06:13:27.754-0700][info][gc,heap     ] GC(14) Humongous regions: 12->12
[2024-07-05T06:13:27.754-0700][info][gc,metaspace] GC(14) Metaspace: 278K(512K)->278K(512K) NonClass: 272K(384K)->272K(384K) Class: 6K(128K)->6K(128K)
[2024-07-05T06:13:27.754-0700][info][gc          ] GC(14) Pause Young (Prepare Mixed) (G1 Evacuation Pause) 2264M->2260M(4096M) 98.704ms
[2024-07-05T06:13:27.754-0700][info][gc,cpu      ] GC(14) User=0.17s Sys=0.21s Real=0.10s
[2024-07-05T06:13:40.761-0700][info][gc,start    ] GC(15) Pause Young (Mixed) (G1 Evacuation Pause)
[2024-07-05T06:13:40.761-0700][info][gc,task     ] GC(15) Using 4 workers of 4 for evacuation
[2024-07-05T06:13:40.871-0700][info][gc,phases   ] GC(15)   Pre Evacuate Collection Set: 0.5ms
[2024-07-05T06:13:40.871-0700][info][gc,phases   ] GC(15)   Merge Heap Roots: 0.2ms
[2024-07-05T06:13:40.871-0700][info][gc,phases   ] GC(15)   Evacuate Collection Set: 108.8ms
[2024-07-05T06:13:40.871-0700][info][gc,phases   ] GC(15)   Post Evacuate Collection Set: 0.6ms
[2024-07-05T06:13:40.871-0700][info][gc,phases   ] GC(15)   Other: 0.2ms
[2024-07-05T06:13:40.871-0700][info][gc,heap     ] GC(15) Eden regions: 178->0(178)
[2024-07-05T06:13:40.871-0700][info][gc,heap     ] GC(15) Survivor regions: 26->26(26)
[2024-07-05T06:13:40.871-0700][info][gc,heap     ] GC(15) Old regions: 2222->2286
[2024-07-05T06:13:40.871-0700][info][gc,heap     ] GC(15) Archive regions: 2->2
[2024-07-05T06:13:40.871-0700][info][gc,heap     ] GC(15) Humongous regions: 12->12
[2024-07-05T06:13:40.871-0700][info][gc,metaspace] GC(15) Metaspace: 288K(512K)->288K(512K) NonClass: 281K(384K)->281K(384K) Class: 6K(128K)->6K(128K)
[2024-07-05T06:13:40.871-0700][info][gc          ] GC(15) Pause Young (Mixed) (G1 Evacuation Pause) 2438M->2324M(4096M) 110.432ms
[2024-07-05T06:13:40.871-0700][info][gc,cpu      ] GC(15) User=0.19s Sys=0.24s Real=0.11s
[2024-07-05T06:13:54.597-0700][info][gc,start    ] GC(16) Pause Young (Mixed) (G1 Evacuation Pause)
[2024-07-05T06:13:54.597-0700][info][gc,task     ] GC(16) Using 4 workers of 4 for evacuation
[2024-07-05T06:13:54.676-0700][info][gc,phases   ] GC(16)   Pre Evacuate Collection Set: 0.4ms
[2024-07-05T06:13:54.676-0700][info][gc,phases   ] GC(16)   Merge Heap Roots: 0.2ms
[2024-07-05T06:13:54.676-0700][info][gc,phases   ] GC(16)   Evacuate Collection Set: 77.3ms
[2024-07-05T06:13:54.676-0700][info][gc,phases   ] GC(16)   Post Evacuate Collection Set: 0.8ms
[2024-07-05T06:13:54.676-0700][info][gc,phases   ] GC(16)   Other: 0.1ms
[2024-07-05T06:13:54.676-0700][info][gc,heap     ] GC(16) Eden regions: 178->0(178)
[2024-07-05T06:13:54.676-0700][info][gc,heap     ] GC(16) Survivor regions: 26->26(26)
[2024-07-05T06:13:54.676-0700][info][gc,heap     ] GC(16) Old regions: 2286->2354
[2024-07-05T06:13:54.676-0700][info][gc,heap     ] GC(16) Archive regions: 2->2
[2024-07-05T06:13:54.676-0700][info][gc,heap     ] GC(16) Humongous regions: 12->12
[2024-07-05T06:13:54.676-0700][info][gc,metaspace] GC(16) Metaspace: 288K(512K)->288K(512K) NonClass: 281K(384K)->281K(384K) Class: 6K(128K)->6K(128K)
[2024-07-05T06:13:54.676-0700][info][gc          ] GC(16) Pause Young (Mixed) (G1 Evacuation Pause) 2502M->2392M(4096M) 78.813ms
[2024-07-05T06:13:54.676-0700][info][gc,cpu      ] GC(16) User=0.16s Sys=0.13s Real=0.08s
[2024-07-05T06:14:08.084-0700][info][gc,start    ] GC(17) Pause Young (Mixed) (G1 Evacuation Pause)
[2024-07-05T06:14:08.084-0700][info][gc,task     ] GC(17) Using 4 workers of 4 for evacuation
[2024-07-05T06:14:08.173-0700][info][gc,phases   ] GC(17)   Pre Evacuate Collection Set: 0.5ms
[2024-07-05T06:14:08.173-0700][info][gc,phases   ] GC(17)   Merge Heap Roots: 0.3ms
[2024-07-05T06:14:08.173-0700][info][gc,phases   ] GC(17)   Evacuate Collection Set: 86.7ms
[2024-07-05T06:14:08.173-0700][info][gc,phases   ] GC(17)   Post Evacuate Collection Set: 0.7ms
[2024-07-05T06:14:08.173-0700][info][gc,phases   ] GC(17)   Other: 0.1ms
[2024-07-05T06:14:08.173-0700][info][gc,heap     ] GC(17) Eden regions: 178->0(178)
[2024-07-05T06:14:08.173-0700][info][gc,heap     ] GC(17) Survivor regions: 26->26(26)
[2024-07-05T06:14:08.173-0700][info][gc,heap     ] GC(17) Old regions: 2354->2428
[2024-07-05T06:14:08.173-0700][info][gc,heap     ] GC(17) Archive regions: 2->2
[2024-07-05T06:14:08.173-0700][info][gc,heap     ] GC(17) Humongous regions: 12->12
[2024-07-05T06:14:08.173-0700][info][gc,metaspace] GC(17) Metaspace: 293K(512K)->293K(512K) NonClass: 286K(384K)->286K(384K) Class: 6K(128K)->6K(128K)
[2024-07-05T06:14:08.173-0700][info][gc          ] GC(17) Pause Young (Mixed) (G1 Evacuation Pause) 2570M->2466M(4096M) 88.377ms
[2024-07-05T06:14:08.173-0700][info][gc,cpu      ] GC(17) User=0.18s Sys=0.15s Real=0.08s
[2024-07-05T06:14:22.035-0700][info][gc,start    ] GC(18) Pause Young (Mixed) (G1 Evacuation Pause)
[2024-07-05T06:14:22.036-0700][info][gc,task     ] GC(18) Using 4 workers of 4 for evacuation
[2024-07-05T06:14:22.133-0700][info][gc,phases   ] GC(18)   Pre Evacuate Collection Set: 0.4ms
[2024-07-05T06:14:22.133-0700][info][gc,phases   ] GC(18)   Merge Heap Roots: 0.3ms
[2024-07-05T06:14:22.133-0700][info][gc,phases   ] GC(18)   Evacuate Collection Set: 96.0ms
[2024-07-05T06:14:22.133-0700][info][gc,phases   ] GC(18)   Post Evacuate Collection Set: 0.7ms
[2024-07-05T06:14:22.133-0700][info][gc,phases   ] GC(18)   Other: 0.4ms
[2024-07-05T06:14:22.133-0700][info][gc,heap     ] GC(18) Eden regions: 178->0(178)
[2024-07-05T06:14:22.133-0700][info][gc,heap     ] GC(18) Survivor regions: 26->26(26)
[2024-07-05T06:14:22.133-0700][info][gc,heap     ] GC(18) Old regions: 2428->2511
[2024-07-05T06:14:22.133-0700][info][gc,heap     ] GC(18) Archive regions: 2->2
[2024-07-05T06:14:22.133-0700][info][gc,heap     ] GC(18) Humongous regions: 12->12
[2024-07-05T06:14:22.133-0700][info][gc,metaspace] GC(18) Metaspace: 293K(512K)->293K(512K) NonClass: 286K(384K)->286K(384K) Class: 6K(128K)->6K(128K)
[2024-07-05T06:14:22.133-0700][info][gc          ] GC(18) Pause Young (Mixed) (G1 Evacuation Pause) 2644M->2549M(4096M) 97.864ms
[2024-07-05T06:14:22.133-0700][info][gc,cpu      ] GC(18) User=0.19s Sys=0.18s Real=0.09s
[2024-07-05T06:14:35.282-0700][info][gc,start    ] GC(19) Pause Young (Mixed) (G1 Evacuation Pause)
[2024-07-05T06:14:35.282-0700][info][gc,task     ] GC(19) Using 4 workers of 4 for evacuation
[2024-07-05T06:14:35.368-0700][info][gc,phases   ] GC(19)   Pre Evacuate Collection Set: 0.4ms
[2024-07-05T06:14:35.368-0700][info][gc,phases   ] GC(19)   Merge Heap Roots: 0.3ms
[2024-07-05T06:14:35.368-0700][info][gc,phases   ] GC(19)   Evacuate Collection Set: 85.0ms
[2024-07-05T06:14:35.368-0700][info][gc,phases   ] GC(19)   Post Evacuate Collection Set: 0.8ms
[2024-07-05T06:14:35.368-0700][info][gc,phases   ] GC(19)   Other: 0.1ms
[2024-07-05T06:14:35.368-0700][info][gc,heap     ] GC(19) Eden regions: 178->0(178)
[2024-07-05T06:14:35.368-0700][info][gc,heap     ] GC(19) Survivor regions: 26->26(26)
[2024-07-05T06:14:35.368-0700][info][gc,heap     ] GC(19) Old regions: 2511->2600
[2024-07-05T06:14:35.368-0700][info][gc,heap     ] GC(19) Archive regions: 2->2
[2024-07-05T06:14:35.368-0700][info][gc,heap     ] GC(19) Humongous regions: 12->12
[2024-07-05T06:14:35.368-0700][info][gc,metaspace] GC(19) Metaspace: 293K(512K)->293K(512K) NonClass: 286K(384K)->286K(384K) Class: 6K(128K)->6K(128K)
[2024-07-05T06:14:35.368-0700][info][gc          ] GC(19) Pause Young (Mixed) (G1 Evacuation Pause) 2727M->2638M(4096M) 86.622ms
[2024-07-05T06:14:35.368-0700][info][gc,cpu      ] GC(19) User=0.18s Sys=0.14s Real=0.09s
[2024-07-05T06:14:48.321-0700][info][gc,start    ] GC(20) Pause Young (Mixed) (G1 Evacuation Pause)
[2024-07-05T06:14:48.321-0700][info][gc,task     ] GC(20) Using 4 workers of 4 for evacuation
[2024-07-05T06:14:48.419-0700][info][gc,phases   ] GC(20)   Pre Evacuate Collection Set: 0.5ms
[2024-07-05T06:14:48.420-0700][info][gc,phases   ] GC(20)   Merge Heap Roots: 0.3ms
[2024-07-05T06:14:48.420-0700][info][gc,phases   ] GC(20)   Evacuate Collection Set: 93.2ms
[2024-07-05T06:14:48.420-0700][info][gc,phases   ] GC(20)   Merge Optional Heap Roots: 0.1ms
[2024-07-05T06:14:48.420-0700][info][gc,phases   ] GC(20)   Evacuate Optional Collection Set: 3.4ms
[2024-07-05T06:14:48.420-0700][info][gc,phases   ] GC(20)   Post Evacuate Collection Set: 0.6ms
[2024-07-05T06:14:48.420-0700][info][gc,phases   ] GC(20)   Other: 0.1ms
[2024-07-05T06:14:48.420-0700][info][gc,heap     ] GC(20) Eden regions: 178->0(178)
[2024-07-05T06:14:48.420-0700][info][gc,heap     ] GC(20) Survivor regions: 26->26(26)
[2024-07-05T06:14:48.420-0700][info][gc,heap     ] GC(20) Old regions: 2600->2689
[2024-07-05T06:14:48.420-0700][info][gc,heap     ] GC(20) Archive regions: 2->2
[2024-07-05T06:14:48.420-0700][info][gc,heap     ] GC(20) Humongous regions: 12->12
[2024-07-05T06:14:48.420-0700][info][gc,metaspace] GC(20) Metaspace: 298K(512K)->298K(512K) NonClass: 291K(384K)->291K(384K) Class: 7K(128K)->7K(128K)
[2024-07-05T06:14:48.420-0700][info][gc          ] GC(20) Pause Young (Mixed) (G1 Evacuation Pause) 2816M->2727M(4096M) 98.286ms
[2024-07-05T06:14:48.420-0700][info][gc,cpu      ] GC(20) User=0.21s Sys=0.15s Real=0.10s
[2024-07-05T06:15:02.270-0700][info][gc,start    ] GC(21) Pause Young (Mixed) (G1 Evacuation Pause)
[2024-07-05T06:15:02.270-0700][info][gc,task     ] GC(21) Using 4 workers of 4 for evacuation
[2024-07-05T06:15:02.376-0700][info][gc,phases   ] GC(21)   Pre Evacuate Collection Set: 0.4ms
[2024-07-05T06:15:02.376-0700][info][gc,phases   ] GC(21)   Merge Heap Roots: 0.3ms
[2024-07-05T06:15:02.376-0700][info][gc,phases   ] GC(21)   Evacuate Collection Set: 96.4ms
[2024-07-05T06:15:02.376-0700][info][gc,phases   ] GC(21)   Merge Optional Heap Roots: 0.2ms
[2024-07-05T06:15:02.376-0700][info][gc,phases   ] GC(21)   Evacuate Optional Collection Set: 7.6ms
[2024-07-05T06:15:02.376-0700][info][gc,phases   ] GC(21)   Post Evacuate Collection Set: 0.7ms
[2024-07-05T06:15:02.376-0700][info][gc,phases   ] GC(21)   Other: 0.1ms
[2024-07-05T06:15:02.376-0700][info][gc,heap     ] GC(21) Eden regions: 178->0(178)
[2024-07-05T06:15:02.376-0700][info][gc,heap     ] GC(21) Survivor regions: 26->26(26)
[2024-07-05T06:15:02.376-0700][info][gc,heap     ] GC(21) Old regions: 2689->2780
[2024-07-05T06:15:02.376-0700][info][gc,heap     ] GC(21) Archive regions: 2->2
[2024-07-05T06:15:02.376-0700][info][gc,heap     ] GC(21) Humongous regions: 23->23
[2024-07-05T06:15:02.376-0700][info][gc,metaspace] GC(21) Metaspace: 298K(512K)->298K(512K) NonClass: 291K(384K)->291K(384K) Class: 7K(128K)->7K(128K)
[2024-07-05T06:15:02.376-0700][info][gc          ] GC(21) Pause Young (Mixed) (G1 Evacuation Pause) 2916M->2829M(4096M) 105.957ms
[2024-07-05T06:15:02.376-0700][info][gc,cpu      ] GC(21) User=0.26s Sys=0.13s Real=0.11s
[2024-07-05T06:15:16.560-0700][info][gc,start    ] GC(22) Pause Young (Mixed) (G1 Evacuation Pause)
[2024-07-05T06:15:16.560-0700][info][gc,task     ] GC(22) Using 4 workers of 4 for evacuation
[2024-07-05T06:15:16.649-0700][info][gc,phases   ] GC(22)   Pre Evacuate Collection Set: 0.4ms
[2024-07-05T06:15:16.649-0700][info][gc,phases   ] GC(22)   Merge Heap Roots: 0.3ms
[2024-07-05T06:15:16.649-0700][info][gc,phases   ] GC(22)   Evacuate Collection Set: 87.7ms
[2024-07-05T06:15:16.649-0700][info][gc,phases   ] GC(22)   Post Evacuate Collection Set: 0.8ms
[2024-07-05T06:15:16.649-0700][info][gc,phases   ] GC(22)   Other: 0.1ms
[2024-07-05T06:15:16.649-0700][info][gc,heap     ] GC(22) Eden regions: 178->0(228)
[2024-07-05T06:15:16.649-0700][info][gc,heap     ] GC(22) Survivor regions: 26->26(26)
[2024-07-05T06:15:16.649-0700][info][gc,heap     ] GC(22) Old regions: 2780->2916
[2024-07-05T06:15:16.649-0700][info][gc,heap     ] GC(22) Archive regions: 2->2
[2024-07-05T06:15:16.649-0700][info][gc,heap     ] GC(22) Humongous regions: 23->23
[2024-07-05T06:15:16.649-0700][info][gc,metaspace] GC(22) Metaspace: 300K(512K)->300K(512K) NonClass: 293K(384K)->293K(384K) Class: 7K(128K)->7K(128K)
[2024-07-05T06:15:16.649-0700][info][gc          ] GC(22) Pause Young (Mixed) (G1 Evacuation Pause) 3007M->2965M(4096M) 89.402ms
[2024-07-05T06:15:16.649-0700][info][gc,cpu      ] GC(22) User=0.18s Sys=0.15s Real=0.09s
[2024-07-05T06:15:42.459-0700][info][gc,start    ] GC(23) Pause Young (Concurrent Start) (G1 Evacuation Pause)
[2024-07-05T06:15:42.459-0700][info][gc,task     ] GC(23) Using 4 workers of 4 for evacuation
[2024-07-05T06:15:42.572-0700][info][gc,phases   ] GC(23)   Pre Evacuate Collection Set: 0.4ms
[2024-07-05T06:15:42.572-0700][info][gc,phases   ] GC(23)   Merge Heap Roots: 0.2ms
[2024-07-05T06:15:42.572-0700][info][gc,phases   ] GC(23)   Evacuate Collection Set: 111.3ms
[2024-07-05T06:15:42.572-0700][info][gc,phases   ] GC(23)   Post Evacuate Collection Set: 0.9ms
[2024-07-05T06:15:42.572-0700][info][gc,phases   ] GC(23)   Other: 0.4ms
[2024-07-05T06:15:42.572-0700][info][gc,heap     ] GC(23) Eden regions: 228->0(172)
[2024-07-05T06:15:42.572-0700][info][gc,heap     ] GC(23) Survivor regions: 26->32(32)
[2024-07-05T06:15:42.572-0700][info][gc,heap     ] GC(23) Old regions: 2916->3130
[2024-07-05T06:15:42.572-0700][info][gc,heap     ] GC(23) Archive regions: 2->2
[2024-07-05T06:15:42.572-0700][info][gc,heap     ] GC(23) Humongous regions: 23->23
[2024-07-05T06:15:42.572-0700][info][gc,metaspace] GC(23) Metaspace: 300K(512K)->300K(512K) NonClass: 293K(384K)->293K(384K) Class: 7K(128K)->7K(128K)
[2024-07-05T06:15:42.572-0700][info][gc          ] GC(23) Pause Young (Concurrent Start) (G1 Evacuation Pause) 3193M->3184M(4096M) 113.308ms
[2024-07-05T06:15:42.572-0700][info][gc,cpu      ] GC(23) User=0.22s Sys=0.20s Real=0.11s
[2024-07-05T06:15:42.572-0700][info][gc          ] GC(24) Concurrent Mark Cycle
[2024-07-05T06:15:42.572-0700][info][gc,marking  ] GC(24) Concurrent Clear Claimed Marks
[2024-07-05T06:15:42.572-0700][info][gc,marking  ] GC(24) Concurrent Clear Claimed Marks 0.007ms
[2024-07-05T06:15:42.572-0700][info][gc,marking  ] GC(24) Concurrent Scan Root Regions
[2024-07-05T06:15:42.587-0700][info][gc,marking  ] GC(24) Concurrent Scan Root Regions 14.572ms
[2024-07-05T06:15:42.587-0700][info][gc,marking  ] GC(24) Concurrent Mark
[2024-07-05T06:15:42.587-0700][info][gc,marking  ] GC(24) Concurrent Mark From Roots
[2024-07-05T06:15:42.587-0700][info][gc,task     ] GC(24) Using 1 workers of 1 for marking
[2024-07-05T06:15:43.063-0700][info][gc,marking  ] GC(24) Concurrent Mark From Roots 476.497ms
[2024-07-05T06:15:43.063-0700][info][gc,marking  ] GC(24) Concurrent Preclean
[2024-07-05T06:15:43.063-0700][info][gc,marking  ] GC(24) Concurrent Preclean 0.061ms
[2024-07-05T06:15:58.045-0700][info][gc,start    ] GC(24) Pause Remark
[2024-07-05T06:15:58.046-0700][info][gc          ] GC(24) Pause Remark 3186M->3174M(4096M) 1.672ms
[2024-07-05T06:15:58.047-0700][info][gc,cpu      ] GC(24) User=0.00s Sys=0.00s Real=0.00s
[2024-07-05T06:15:58.047-0700][info][gc,marking  ] GC(24) Concurrent Mark 15459.832ms
[2024-07-05T06:15:58.047-0700][info][gc,marking  ] GC(24) Concurrent Rebuild Remembered Sets
[2024-07-05T06:15:58.230-0700][info][gc,marking  ] GC(24) Concurrent Rebuild Remembered Sets 183.185ms
[2024-07-05T06:15:58.449-0700][info][gc,start    ] GC(24) Pause Cleanup
[2024-07-05T06:15:58.451-0700][info][gc          ] GC(24) Pause Cleanup 3174M->3174M(4096M) 1.711ms
[2024-07-05T06:15:58.451-0700][info][gc,cpu      ] GC(24) User=0.00s Sys=0.00s Real=0.00s
[2024-07-05T06:15:58.451-0700][info][gc,marking  ] GC(24) Concurrent Cleanup for Next Mark
[2024-07-05T06:15:58.478-0700][info][gc,marking  ] GC(24) Concurrent Cleanup for Next Mark 26.386ms
[2024-07-05T06:15:58.478-0700][info][gc          ] GC(24) Concurrent Mark Cycle 15905.650ms
[2024-07-05T06:16:15.850-0700][info][gc,start    ] GC(25) Pause Young (Prepare Mixed) (G1 Evacuation Pause)
[2024-07-05T06:16:15.850-0700][info][gc,task     ] GC(25) Using 4 workers of 4 for evacuation
[2024-07-05T06:16:15.960-0700][info][gc,phases   ] GC(25)   Pre Evacuate Collection Set: 0.5ms
[2024-07-05T06:16:15.960-0700][info][gc,phases   ] GC(25)   Merge Heap Roots: 0.4ms
[2024-07-05T06:16:15.960-0700][info][gc,phases   ] GC(25)   Evacuate Collection Set: 108.1ms
[2024-07-05T06:16:15.960-0700][info][gc,phases   ] GC(25)   Post Evacuate Collection Set: 0.6ms
[2024-07-05T06:16:15.960-0700][info][gc,phases   ] GC(25)   Other: 0.1ms
[2024-07-05T06:16:15.960-0700][info][gc,heap     ] GC(25) Eden regions: 172->0(178)
[2024-07-05T06:16:15.960-0700][info][gc,heap     ] GC(25) Survivor regions: 32->26(26)
[2024-07-05T06:16:15.960-0700][info][gc,heap     ] GC(25) Old regions: 3130->3302
[2024-07-05T06:16:15.960-0700][info][gc,heap     ] GC(25) Archive regions: 2->2
[2024-07-05T06:16:15.960-0700][info][gc,heap     ] GC(25) Humongous regions: 11->11
[2024-07-05T06:16:15.960-0700][info][gc,metaspace] GC(25) Metaspace: 300K(512K)->300K(512K) NonClass: 293K(384K)->293K(384K) Class: 7K(128K)->7K(128K)
[2024-07-05T06:16:15.960-0700][info][gc          ] GC(25) Pause Young (Prepare Mixed) (G1 Evacuation Pause) 3344M->3339M(4096M) 109.817ms
[2024-07-05T06:16:15.960-0700][info][gc,cpu      ] GC(25) User=0.16s Sys=0.15s Real=0.11s
[2024-07-05T06:16:35.763-0700][info][gc,start    ] GC(26) Pause Young (Mixed) (G1 Evacuation Pause)
[2024-07-05T06:16:35.763-0700][info][gc,task     ] GC(26) Using 4 workers of 4 for evacuation
[2024-07-05T06:16:35.929-0700][info][gc,phases   ] GC(26)   Pre Evacuate Collection Set: 0.7ms
[2024-07-05T06:16:35.929-0700][info][gc,phases   ] GC(26)   Merge Heap Roots: 0.3ms
[2024-07-05T06:16:35.929-0700][info][gc,phases   ] GC(26)   Evacuate Collection Set: 152.2ms
[2024-07-05T06:16:35.929-0700][info][gc,phases   ] GC(26)   Merge Optional Heap Roots: 0.3ms
[2024-07-05T06:16:35.929-0700][info][gc,phases   ] GC(26)   Evacuate Optional Collection Set: 11.8ms
[2024-07-05T06:16:35.929-0700][info][gc,phases   ] GC(26)   Post Evacuate Collection Set: 0.8ms
[2024-07-05T06:16:35.929-0700][info][gc,phases   ] GC(26)   Other: 0.1ms
[2024-07-05T06:16:35.929-0700][info][gc,heap     ] GC(26) Eden regions: 178->0(178)
[2024-07-05T06:16:35.929-0700][info][gc,heap     ] GC(26) Survivor regions: 26->26(26)
[2024-07-05T06:16:35.929-0700][info][gc,heap     ] GC(26) Old regions: 3302->3290
[2024-07-05T06:16:35.929-0700][info][gc,heap     ] GC(26) Archive regions: 2->2
[2024-07-05T06:16:35.929-0700][info][gc,heap     ] GC(26) Humongous regions: 11->11
[2024-07-05T06:16:35.929-0700][info][gc,metaspace] GC(26) Metaspace: 300K(512K)->300K(512K) NonClass: 293K(384K)->293K(384K) Class: 7K(128K)->7K(128K)
[2024-07-05T06:16:35.929-0700][info][gc          ] GC(26) Pause Young (Mixed) (G1 Evacuation Pause) 3517M->3327M(4096M) 166.344ms
[2024-07-05T06:16:35.929-0700][info][gc,cpu      ] GC(26) User=0.22s Sys=0.26s Real=0.16s
[2024-07-05T06:16:56.894-0700][info][gc,start    ] GC(27) Pause Young (Mixed) (G1 Evacuation Pause)
[2024-07-05T06:16:56.894-0700][info][gc,task     ] GC(27) Using 4 workers of 4 for evacuation
[2024-07-05T06:16:56.973-0700][info][gc,phases   ] GC(27)   Pre Evacuate Collection Set: 0.6ms
[2024-07-05T06:16:56.973-0700][info][gc,phases   ] GC(27)   Merge Heap Roots: 0.4ms
[2024-07-05T06:16:56.973-0700][info][gc,phases   ] GC(27)   Evacuate Collection Set: 75.4ms
[2024-07-05T06:16:56.973-0700][info][gc,phases   ] GC(27)   Merge Optional Heap Roots: 0.1ms
[2024-07-05T06:16:56.973-0700][info][gc,phases   ] GC(27)   Evacuate Optional Collection Set: 1.0ms
[2024-07-05T06:16:56.973-0700][info][gc,phases   ] GC(27)   Post Evacuate Collection Set: 0.8ms
[2024-07-05T06:16:56.973-0700][info][gc,phases   ] GC(27)   Other: 0.1ms
[2024-07-05T06:16:56.973-0700][info][gc,heap     ] GC(27) Eden regions: 178->0(178)
[2024-07-05T06:16:56.973-0700][info][gc,heap     ] GC(27) Survivor regions: 26->26(26)
[2024-07-05T06:16:56.973-0700][info][gc,heap     ] GC(27) Old regions: 3290->3327
[2024-07-05T06:16:56.973-0700][info][gc,heap     ] GC(27) Archive regions: 2->2
[2024-07-05T06:16:56.973-0700][info][gc,heap     ] GC(27) Humongous regions: 11->11
[2024-07-05T06:16:56.973-0700][info][gc,metaspace] GC(27) Metaspace: 300K(512K)->300K(512K) NonClass: 293K(384K)->293K(384K) Class: 7K(128K)->7K(128K)
[2024-07-05T06:16:56.973-0700][info][gc          ] GC(27) Pause Young (Mixed) (G1 Evacuation Pause) 3505M->3364M(4096M) 78.451ms
[2024-07-05T06:16:56.973-0700][info][gc,cpu      ] GC(27) User=0.20s Sys=0.02s Real=0.07s
[2024-07-05T06:17:24.138-0700][info][gc,start    ] GC(28) Pause Young (Mixed) (G1 Evacuation Pause)
[2024-07-05T06:17:24.138-0700][info][gc,task     ] GC(28) Using 4 workers of 4 for evacuation
[2024-07-05T06:17:24.253-0700][info][gc,phases   ] GC(28)   Pre Evacuate Collection Set: 0.9ms
[2024-07-05T06:17:24.253-0700][info][gc,phases   ] GC(28)   Merge Heap Roots: 0.6ms
[2024-07-05T06:17:24.253-0700][info][gc,phases   ] GC(28)   Evacuate Collection Set: 97.4ms
[2024-07-05T06:17:24.253-0700][info][gc,phases   ] GC(28)   Merge Optional Heap Roots: 0.4ms
[2024-07-05T06:17:24.253-0700][info][gc,phases   ] GC(28)   Evacuate Optional Collection Set: 14.9ms
[2024-07-05T06:17:24.253-0700][info][gc,phases   ] GC(28)   Post Evacuate Collection Set: 0.9ms
[2024-07-05T06:17:24.253-0700][info][gc,phases   ] GC(28)   Other: 0.2ms
[2024-07-05T06:17:24.253-0700][info][gc,heap     ] GC(28) Eden regions: 178->0(178)
[2024-07-05T06:17:24.253-0700][info][gc,heap     ] GC(28) Survivor regions: 26->26(26)
[2024-07-05T06:17:24.253-0700][info][gc,heap     ] GC(28) Old regions: 3327->3343
[2024-07-05T06:17:24.253-0700][info][gc,heap     ] GC(28) Archive regions: 2->2
[2024-07-05T06:17:24.253-0700][info][gc,heap     ] GC(28) Humongous regions: 11->11
[2024-07-05T06:17:24.253-0700][info][gc,metaspace] GC(28) Metaspace: 300K(512K)->300K(512K) NonClass: 293K(384K)->293K(384K) Class: 7K(128K)->7K(128K)
[2024-07-05T06:17:24.253-0700][info][gc          ] GC(28) Pause Young (Mixed) (G1 Evacuation Pause) 3542M->3380M(4096M) 115.285ms
[2024-07-05T06:17:24.253-0700][info][gc,cpu      ] GC(28) User=0.27s Sys=0.06s Real=0.11s
[2024-07-05T06:17:50.669-0700][info][gc,start    ] GC(29) Pause Young (Mixed) (G1 Evacuation Pause)
[2024-07-05T06:17:50.669-0700][info][gc,task     ] GC(29) Using 4 workers of 4 for evacuation
[2024-07-05T06:17:50.762-0700][info][gc,phases   ] GC(29)   Pre Evacuate Collection Set: 0.6ms
[2024-07-05T06:17:50.762-0700][info][gc,phases   ] GC(29)   Merge Heap Roots: 0.5ms
[2024-07-05T06:17:50.762-0700][info][gc,phases   ] GC(29)   Evacuate Collection Set: 83.7ms
[2024-07-05T06:17:50.762-0700][info][gc,phases   ] GC(29)   Merge Optional Heap Roots: 0.2ms
[2024-07-05T06:17:50.762-0700][info][gc,phases   ] GC(29)   Evacuate Optional Collection Set: 6.9ms
[2024-07-05T06:17:50.762-0700][info][gc,phases   ] GC(29)   Post Evacuate Collection Set: 0.7ms
[2024-07-05T06:17:50.762-0700][info][gc,phases   ] GC(29)   Other: 0.1ms
[2024-07-05T06:17:50.762-0700][info][gc,heap     ] GC(29) Eden regions: 178->0(178)
[2024-07-05T06:17:50.762-0700][info][gc,heap     ] GC(29) Survivor regions: 26->26(26)
[2024-07-05T06:17:50.762-0700][info][gc,heap     ] GC(29) Old regions: 3343->3386
[2024-07-05T06:17:50.762-0700][info][gc,heap     ] GC(29) Archive regions: 2->2
[2024-07-05T06:17:50.762-0700][info][gc,heap     ] GC(29) Humongous regions: 11->11
[2024-07-05T06:17:50.762-0700][info][gc,metaspace] GC(29) Metaspace: 300K(512K)->300K(512K) NonClass: 293K(384K)->293K(384K) Class: 7K(128K)->7K(128K)
[2024-07-05T06:17:50.762-0700][info][gc          ] GC(29) Pause Young (Mixed) (G1 Evacuation Pause) 3558M->3423M(4096M) 92.939ms
[2024-07-05T06:17:50.762-0700][info][gc,cpu      ] GC(29) User=0.22s Sys=0.04s Real=0.10s
[2024-07-05T06:18:27.165-0700][info][gc,start    ] GC(30) Pause Young (Mixed) (G1 Evacuation Pause)
[2024-07-05T06:18:27.165-0700][info][gc,task     ] GC(30) Using 4 workers of 4 for evacuation
[2024-07-05T06:18:27.306-0700][info][gc,phases   ] GC(30)   Pre Evacuate Collection Set: 0.6ms
[2024-07-05T06:18:27.306-0700][info][gc,phases   ] GC(30)   Merge Heap Roots: 0.5ms
[2024-07-05T06:18:27.306-0700][info][gc,phases   ] GC(30)   Evacuate Collection Set: 121.1ms
[2024-07-05T06:18:27.306-0700][info][gc,phases   ] GC(30)   Merge Optional Heap Roots: 0.3ms
[2024-07-05T06:18:27.306-0700][info][gc,phases   ] GC(30)   Evacuate Optional Collection Set: 17.2ms
[2024-07-05T06:18:27.306-0700][info][gc,phases   ] GC(30)   Post Evacuate Collection Set: 0.9ms
[2024-07-05T06:18:27.306-0700][info][gc,phases   ] GC(30)   Other: 0.2ms
[2024-07-05T06:18:27.306-0700][info][gc,heap     ] GC(30) Eden regions: 178->0(178)
[2024-07-05T06:18:27.306-0700][info][gc,heap     ] GC(30) Survivor regions: 26->26(26)
[2024-07-05T06:18:27.306-0700][info][gc,heap     ] GC(30) Old regions: 3386->3423
[2024-07-05T06:18:27.306-0700][info][gc,heap     ] GC(30) Archive regions: 2->2
[2024-07-05T06:18:27.306-0700][info][gc,heap     ] GC(30) Humongous regions: 11->11
[2024-07-05T06:18:27.306-0700][info][gc,metaspace] GC(30) Metaspace: 300K(512K)->300K(512K) NonClass: 293K(384K)->293K(384K) Class: 7K(128K)->7K(128K)
[2024-07-05T06:18:27.306-0700][info][gc          ] GC(30) Pause Young (Mixed) (G1 Evacuation Pause) 3601M->3460M(4096M) 140.776ms
[2024-07-05T06:18:27.306-0700][info][gc,cpu      ] GC(30) User=0.30s Sys=0.09s Real=0.14s
[2024-07-05T06:18:56.885-0700][info][gc,start    ] GC(31) Pause Young (Mixed) (G1 Evacuation Pause)
[2024-07-05T06:18:56.885-0700][info][gc,task     ] GC(31) Using 4 workers of 4 for evacuation
[2024-07-05T06:18:56.983-0700][info][gc,phases   ] GC(31)   Pre Evacuate Collection Set: 0.5ms
[2024-07-05T06:18:56.983-0700][info][gc,phases   ] GC(31)   Merge Heap Roots: 0.5ms
[2024-07-05T06:18:56.983-0700][info][gc,phases   ] GC(31)   Evacuate Collection Set: 88.6ms
[2024-07-05T06:18:56.983-0700][info][gc,phases   ] GC(31)   Merge Optional Heap Roots: 0.2ms
[2024-07-05T06:18:56.983-0700][info][gc,phases   ] GC(31)   Evacuate Optional Collection Set: 8.0ms
[2024-07-05T06:18:56.983-0700][info][gc,phases   ] GC(31)   Post Evacuate Collection Set: 0.7ms
[2024-07-05T06:18:56.983-0700][info][gc,phases   ] GC(31)   Other: 0.1ms
[2024-07-05T06:18:56.983-0700][info][gc,heap     ] GC(31) Eden regions: 178->0(178)
[2024-07-05T06:18:56.983-0700][info][gc,heap     ] GC(31) Survivor regions: 26->26(26)
[2024-07-05T06:18:56.984-0700][info][gc,heap     ] GC(31) Old regions: 3423->3477
[2024-07-05T06:18:56.984-0700][info][gc,heap     ] GC(31) Archive regions: 2->2
[2024-07-05T06:18:56.984-0700][info][gc,heap     ] GC(31) Humongous regions: 11->11
[2024-07-05T06:18:56.984-0700][info][gc,metaspace] GC(31) Metaspace: 300K(512K)->300K(512K) NonClass: 293K(384K)->293K(384K) Class: 7K(128K)->7K(128K)
[2024-07-05T06:18:56.984-0700][info][gc          ] GC(31) Pause Young (Mixed) (G1 Evacuation Pause) 3638M->3514M(4096M) 98.740ms
[2024-07-05T06:18:56.984-0700][info][gc,cpu      ] GC(31) User=0.22s Sys=0.05s Real=0.10s
[2024-07-05T06:19:24.053-0700][info][gc,start    ] GC(32) Pause Young (Mixed) (G1 Evacuation Pause)
[2024-07-05T06:19:24.053-0700][info][gc,task     ] GC(32) Using 4 workers of 4 for evacuation
[2024-07-05T06:19:24.162-0700][info][gc,phases   ] GC(32)   Pre Evacuate Collection Set: 0.6ms
[2024-07-05T06:19:24.162-0700][info][gc,phases   ] GC(32)   Merge Heap Roots: 0.6ms
[2024-07-05T06:19:24.162-0700][info][gc,phases   ] GC(32)   Evacuate Collection Set: 106.5ms
[2024-07-05T06:19:24.162-0700][info][gc,phases   ] GC(32)   Post Evacuate Collection Set: 1.0ms
[2024-07-05T06:19:24.162-0700][info][gc,phases   ] GC(32)   Other: 0.1ms
[2024-07-05T06:19:24.162-0700][info][gc,heap     ] GC(32) Eden regions: 178->0(178)
[2024-07-05T06:19:24.162-0700][info][gc,heap     ] GC(32) Survivor regions: 26->26(26)
[2024-07-05T06:19:24.162-0700][info][gc,heap     ] GC(32) Old regions: 3477->3556
[2024-07-05T06:19:24.162-0700][info][gc,heap     ] GC(32) Archive regions: 2->2
[2024-07-05T06:19:24.162-0700][info][gc,heap     ] GC(32) Humongous regions: 27->27
[2024-07-05T06:19:24.162-0700][info][gc,metaspace] GC(32) Metaspace: 300K(512K)->300K(512K) NonClass: 293K(384K)->293K(384K) Class: 7K(128K)->7K(128K)
[2024-07-05T06:19:24.162-0700][info][gc          ] GC(32) Pause Young (Mixed) (G1 Evacuation Pause) 3708M->3609M(4096M) 108.851ms
[2024-07-05T06:19:24.162-0700][info][gc,cpu      ] GC(32) User=0.23s Sys=0.08s Real=0.11s
[2024-07-05T06:19:55.396-0700][info][gc,start    ] GC(33) Pause Young (Concurrent Start) (G1 Evacuation Pause)
[2024-07-05T06:19:55.396-0700][info][gc,task     ] GC(33) Using 4 workers of 4 for evacuation
[2024-07-05T06:19:55.460-0700][info][gc,phases   ] GC(33)   Pre Evacuate Collection Set: 0.5ms
[2024-07-05T06:19:55.460-0700][info][gc,phases   ] GC(33)   Merge Heap Roots: 0.3ms
[2024-07-05T06:19:55.460-0700][info][gc,phases   ] GC(33)   Evacuate Collection Set: 62.7ms
[2024-07-05T06:19:55.460-0700][info][gc,phases   ] GC(33)   Post Evacuate Collection Set: 0.6ms
[2024-07-05T06:19:55.460-0700][info][gc,phases   ] GC(33)   Other: 0.5ms
[2024-07-05T06:19:55.460-0700][info][gc,heap     ] GC(33) Eden regions: 178->0(178)
[2024-07-05T06:19:55.460-0700][info][gc,heap     ] GC(33) Survivor regions: 26->26(26)
[2024-07-05T06:19:55.460-0700][info][gc,heap     ] GC(33) Old regions: 3556->3731
[2024-07-05T06:19:55.460-0700][info][gc,heap     ] GC(33) Archive regions: 2->2
[2024-07-05T06:19:55.460-0700][info][gc,heap     ] GC(33) Humongous regions: 27->27
[2024-07-05T06:19:55.460-0700][info][gc,metaspace] GC(33) Metaspace: 300K(512K)->300K(512K) NonClass: 293K(384K)->293K(384K) Class: 7K(128K)->7K(128K)
[2024-07-05T06:19:55.460-0700][info][gc          ] GC(33) Pause Young (Concurrent Start) (G1 Evacuation Pause) 3787M->3784M(4096M) 64.616ms
[2024-07-05T06:19:55.460-0700][info][gc,cpu      ] GC(33) User=0.15s Sys=0.04s Real=0.06s
[2024-07-05T06:19:55.461-0700][info][gc          ] GC(34) Concurrent Mark Cycle
[2024-07-05T06:19:55.461-0700][info][gc,marking  ] GC(34) Concurrent Clear Claimed Marks
[2024-07-05T06:19:55.461-0700][info][gc,marking  ] GC(34) Concurrent Clear Claimed Marks 0.007ms
[2024-07-05T06:19:55.461-0700][info][gc,marking  ] GC(34) Concurrent Scan Root Regions
[2024-07-05T06:19:55.473-0700][info][gc,marking  ] GC(34) Concurrent Scan Root Regions 12.619ms
[2024-07-05T06:19:55.473-0700][info][gc,marking  ] GC(34) Concurrent Mark
[2024-07-05T06:19:55.473-0700][info][gc,marking  ] GC(34) Concurrent Mark From Roots
[2024-07-05T06:19:55.473-0700][info][gc,task     ] GC(34) Using 1 workers of 1 for marking
[2024-07-05T06:19:56.801-0700][info][gc,marking  ] GC(34) Concurrent Mark From Roots 1328.124ms
[2024-07-05T06:19:56.801-0700][info][gc,marking  ] GC(34) Concurrent Preclean
[2024-07-05T06:19:56.801-0700][info][gc,marking  ] GC(34) Concurrent Preclean 0.065ms
[2024-07-05T06:20:01.462-0700][info][gc,start    ] GC(34) Pause Remark
[2024-07-05T06:20:01.465-0700][info][gc          ] GC(34) Pause Remark 3792M->3780M(4096M) 2.334ms
[2024-07-05T06:20:01.465-0700][info][gc,cpu      ] GC(34) User=0.00s Sys=0.00s Real=0.00s
[2024-07-05T06:20:01.465-0700][info][gc,marking  ] GC(34) Concurrent Mark 5991.474ms
[2024-07-05T06:20:01.465-0700][info][gc,marking  ] GC(34) Concurrent Rebuild Remembered Sets
[2024-07-05T06:20:01.830-0700][info][gc,marking  ] GC(34) Concurrent Rebuild Remembered Sets 365.317ms
[2024-07-05T06:20:02.084-0700][info][gc,start    ] GC(34) Pause Cleanup
[2024-07-05T06:20:02.087-0700][info][gc          ] GC(34) Pause Cleanup 3780M->3780M(4096M) 2.580ms
[2024-07-05T06:20:02.087-0700][info][gc,cpu      ] GC(34) User=0.00s Sys=0.00s Real=0.00s
[2024-07-05T06:20:02.087-0700][info][gc,marking  ] GC(34) Concurrent Cleanup for Next Mark
[2024-07-05T06:20:02.106-0700][info][gc,marking  ] GC(34) Concurrent Cleanup for Next Mark 18.487ms
[2024-07-05T06:20:02.106-0700][info][gc          ] GC(34) Concurrent Mark Cycle 6645.155ms
[2024-07-05T06:20:39.635-0700][info][gc,start    ] GC(35) Pause Young (Prepare Mixed) (G1 Preventive Collection)
[2024-07-05T06:20:39.636-0700][info][gc,task     ] GC(35) Using 4 workers of 4 for evacuation
[2024-07-05T06:20:39.921-0700][info][gc,mmu      ] GC(35) MMU target violated: 201.0ms (200.0ms/201.0ms)
[2024-07-05T06:20:39.921-0700][info][gc,phases   ] GC(35)   Pre Evacuate Collection Set: 0.4ms
[2024-07-05T06:20:39.921-0700][info][gc,phases   ] GC(35)   Merge Heap Roots: 0.2ms
[2024-07-05T06:20:39.921-0700][info][gc,phases   ] GC(35)   Evacuate Collection Set: 283.6ms
[2024-07-05T06:20:39.921-0700][info][gc,phases   ] GC(35)   Post Evacuate Collection Set: 0.7ms
[2024-07-05T06:20:39.921-0700][info][gc,phases   ] GC(35)   Other: 0.2ms
[2024-07-05T06:20:39.921-0700][info][gc,heap     ] GC(35) Eden regions: 140->0(178)
[2024-07-05T06:20:39.921-0700][info][gc,heap     ] GC(35) Survivor regions: 26->26(26)
[2024-07-05T06:20:39.921-0700][info][gc,heap     ] GC(35) Old regions: 3730->3867
[2024-07-05T06:20:39.921-0700][info][gc,heap     ] GC(35) Archive regions: 2->2
[2024-07-05T06:20:39.921-0700][info][gc,heap     ] GC(35) Humongous regions: 16->16
[2024-07-05T06:20:39.921-0700][info][gc,metaspace] GC(35) Metaspace: 300K(512K)->300K(512K) NonClass: 293K(384K)->293K(384K) Class: 7K(128K)->7K(128K)
[2024-07-05T06:20:39.921-0700][info][gc          ] GC(35) Pause Young (Prepare Mixed) (G1 Preventive Collection) 3912M->3909M(4096M) 285.220ms
[2024-07-05T06:20:39.921-0700][info][gc,cpu      ] GC(35) User=0.18s Sys=0.66s Real=0.28s
[2024-07-05T06:20:47.405-0700][info][gc,start    ] GC(36) Pause Young (Mixed) (G1 Preventive Collection)
[2024-07-05T06:20:47.405-0700][info][gc,task     ] GC(36) Using 4 workers of 4 for evacuation
[2024-07-05T06:20:47.466-0700][info][gc          ] GC(36) To-space exhausted
[2024-07-05T06:20:47.466-0700][info][gc,phases   ] GC(36)   Pre Evacuate Collection Set: 0.6ms
[2024-07-05T06:20:47.466-0700][info][gc,phases   ] GC(36)   Merge Heap Roots: 0.3ms
[2024-07-05T06:20:47.466-0700][info][gc,phases   ] GC(36)   Evacuate Collection Set: 55.7ms
[2024-07-05T06:20:47.466-0700][info][gc,phases   ] GC(36)   Post Evacuate Collection Set: 4.9ms
[2024-07-05T06:20:47.466-0700][info][gc,phases   ] GC(36)   Other: 0.2ms
[2024-07-05T06:20:47.466-0700][info][gc,heap     ] GC(36) Eden regions: 29->0(178)
[2024-07-05T06:20:47.466-0700][info][gc,heap     ] GC(36) Survivor regions: 26->26(26)
[2024-07-05T06:20:47.466-0700][info][gc,heap     ] GC(36) Old regions: 3867->3788
[2024-07-05T06:20:47.466-0700][info][gc,heap     ] GC(36) Archive regions: 2->2
[2024-07-05T06:20:47.466-0700][info][gc,heap     ] GC(36) Humongous regions: 16->16
[2024-07-05T06:20:47.466-0700][info][gc,metaspace] GC(36) Metaspace: 300K(512K)->300K(512K) NonClass: 293K(384K)->293K(384K) Class: 7K(128K)->7K(128K)
[2024-07-05T06:20:47.466-0700][info][gc          ] GC(36) Pause Young (Mixed) (G1 Preventive Collection) 3938M->3830M(4096M) 61.624ms
[2024-07-05T06:20:47.466-0700][info][gc,cpu      ] GC(36) User=0.16s Sys=0.02s Real=0.06s
[2024-07-05T06:21:09.624-0700][info][gc,start    ] GC(37) Pause Young (Mixed) (G1 Preventive Collection)
[2024-07-05T06:21:09.624-0700][info][gc,task     ] GC(37) Using 4 workers of 4 for evacuation
[2024-07-05T06:21:09.692-0700][info][gc,phases   ] GC(37)   Pre Evacuate Collection Set: 0.5ms
[2024-07-05T06:21:09.693-0700][info][gc,phases   ] GC(37)   Merge Heap Roots: 0.3ms
[2024-07-05T06:21:09.693-0700][info][gc,phases   ] GC(37)   Evacuate Collection Set: 62.2ms
[2024-07-05T06:21:09.693-0700][info][gc,phases   ] GC(37)   Merge Optional Heap Roots: 0.1ms
[2024-07-05T06:21:09.693-0700][info][gc,phases   ] GC(37)   Evacuate Optional Collection Set: 2.9ms
[2024-07-05T06:21:09.693-0700][info][gc,phases   ] GC(37)   Post Evacuate Collection Set: 2.0ms
[2024-07-05T06:21:09.693-0700][info][gc,phases   ] GC(37)   Other: 0.1ms
[2024-07-05T06:21:09.693-0700][info][gc,heap     ] GC(37) Eden regions: 62->0(178)
[2024-07-05T06:21:09.693-0700][info][gc,heap     ] GC(37) Survivor regions: 26->26(26)
[2024-07-05T06:21:09.693-0700][info][gc,heap     ] GC(37) Old regions: 3788->3758
[2024-07-05T06:21:09.693-0700][info][gc,heap     ] GC(37) Archive regions: 2->2
[2024-07-05T06:21:09.693-0700][info][gc,heap     ] GC(37) Humongous regions: 16->16
[2024-07-05T06:21:09.693-0700][info][gc,metaspace] GC(37) Metaspace: 300K(512K)->300K(512K) NonClass: 293K(384K)->293K(384K) Class: 7K(128K)->7K(128K)
[2024-07-05T06:21:09.693-0700][info][gc          ] GC(37) Pause Young (Mixed) (G1 Preventive Collection) 3892M->3800M(4096M) 68.166ms
[2024-07-05T06:21:09.693-0700][info][gc,cpu      ] GC(37) User=0.18s Sys=0.02s Real=0.06s
[2024-07-05T06:21:27.646-0700][info][gc,start    ] GC(38) Pause Young (Mixed) (G1 Preventive Collection)
[2024-07-05T06:21:27.646-0700][info][gc,task     ] GC(38) Using 4 workers of 4 for evacuation
[2024-07-05T06:21:27.728-0700][info][gc,phases   ] GC(38)   Pre Evacuate Collection Set: 0.5ms
[2024-07-05T06:21:27.728-0700][info][gc,phases   ] GC(38)   Merge Heap Roots: 0.3ms
[2024-07-05T06:21:27.728-0700][info][gc,phases   ] GC(38)   Evacuate Collection Set: 66.9ms
[2024-07-05T06:21:27.728-0700][info][gc,phases   ] GC(38)   Merge Optional Heap Roots: 0.2ms
[2024-07-05T06:21:27.728-0700][info][gc,phases   ] GC(38)   Evacuate Optional Collection Set: 9.0ms
[2024-07-05T06:21:27.728-0700][info][gc,phases   ] GC(38)   Post Evacuate Collection Set: 4.9ms
[2024-07-05T06:21:27.728-0700][info][gc,phases   ] GC(38)   Other: 0.1ms
[2024-07-05T06:21:27.728-0700][info][gc,heap     ] GC(38) Eden regions: 74->0(178)
[2024-07-05T06:21:27.728-0700][info][gc,heap     ] GC(38) Survivor regions: 26->26(26)
[2024-07-05T06:21:27.728-0700][info][gc,heap     ] GC(38) Old regions: 3758->3733
[2024-07-05T06:21:27.728-0700][info][gc,heap     ] GC(38) Archive regions: 2->2
[2024-07-05T06:21:27.728-0700][info][gc,heap     ] GC(38) Humongous regions: 16->16
[2024-07-05T06:21:27.728-0700][info][gc,metaspace] GC(38) Metaspace: 300K(512K)->300K(512K) NonClass: 293K(384K)->293K(384K) Class: 7K(128K)->7K(128K)
[2024-07-05T06:21:27.728-0700][info][gc          ] GC(38) Pause Young (Mixed) (G1 Preventive Collection) 3874M->3775M(4096M) 81.967ms
[2024-07-05T06:21:27.728-0700][info][gc,cpu      ] GC(38) User=0.21s Sys=0.02s Real=0.08s
[2024-07-05T06:22:01.935-0700][info][gc,start    ] GC(39) Pause Young (Mixed) (G1 Preventive Collection)
[2024-07-05T06:22:01.935-0700][info][gc,task     ] GC(39) Using 4 workers of 4 for evacuation
[2024-07-05T06:22:02.020-0700][info][gc,phases   ] GC(39)   Pre Evacuate Collection Set: 0.6ms
[2024-07-05T06:22:02.020-0700][info][gc,phases   ] GC(39)   Merge Heap Roots: 0.9ms
[2024-07-05T06:22:02.020-0700][info][gc,phases   ] GC(39)   Evacuate Collection Set: 68.3ms
[2024-07-05T06:22:02.020-0700][info][gc,phases   ] GC(39)   Merge Optional Heap Roots: 0.3ms
[2024-07-05T06:22:02.020-0700][info][gc,phases   ] GC(39)   Evacuate Optional Collection Set: 12.7ms
[2024-07-05T06:22:02.020-0700][info][gc,phases   ] GC(39)   Post Evacuate Collection Set: 2.7ms
[2024-07-05T06:22:02.020-0700][info][gc,phases   ] GC(39)   Other: 0.2ms
[2024-07-05T06:22:02.020-0700][info][gc,heap     ] GC(39) Eden regions: 83->0(178)
[2024-07-05T06:22:02.020-0700][info][gc,heap     ] GC(39) Survivor regions: 26->26(26)
[2024-07-05T06:22:02.020-0700][info][gc,heap     ] GC(39) Old regions: 3733->3715
[2024-07-05T06:22:02.020-0700][info][gc,heap     ] GC(39) Archive regions: 2->2
[2024-07-05T06:22:02.020-0700][info][gc,heap     ] GC(39) Humongous regions: 16->16
[2024-07-05T06:22:02.020-0700][info][gc,metaspace] GC(39) Metaspace: 300K(512K)->300K(512K) NonClass: 293K(384K)->293K(384K) Class: 7K(128K)->7K(128K)
[2024-07-05T06:22:02.020-0700][info][gc          ] GC(39) Pause Young (Mixed) (G1 Preventive Collection) 3858M->3757M(4096M) 85.810ms
[2024-07-05T06:22:02.020-0700][info][gc,cpu      ] GC(39) User=0.22s Sys=0.02s Real=0.08s
[2024-07-05T06:22:32.253-0700][info][gc,start    ] GC(40) Pause Young (Mixed) (G1 Preventive Collection)
[2024-07-05T06:22:32.253-0700][info][gc,task     ] GC(40) Using 4 workers of 4 for evacuation
[2024-07-05T06:22:32.490-0700][info][gc,mmu      ] GC(40) MMU target violated: 201.0ms (200.0ms/201.0ms)
[2024-07-05T06:22:32.490-0700][info][gc,phases   ] GC(40)   Pre Evacuate Collection Set: 5.2ms
[2024-07-05T06:22:32.490-0700][info][gc,phases   ] GC(40)   Merge Heap Roots: 0.9ms
[2024-07-05T06:22:32.490-0700][info][gc,phases   ] GC(40)   Evacuate Collection Set: 227.7ms
[2024-07-05T06:22:32.490-0700][info][gc,phases   ] GC(40)   Post Evacuate Collection Set: 2.6ms
[2024-07-05T06:22:32.490-0700][info][gc,phases   ] GC(40)   Other: 0.4ms
[2024-07-05T06:22:32.490-0700][info][gc,heap     ] GC(40) Eden regions: 88->0(178)
[2024-07-05T06:22:32.490-0700][info][gc,heap     ] GC(40) Survivor regions: 26->26(26)
[2024-07-05T06:22:32.490-0700][info][gc,heap     ] GC(40) Old regions: 3715->3714
[2024-07-05T06:22:32.490-0700][info][gc,heap     ] GC(40) Archive regions: 2->2
[2024-07-05T06:22:32.490-0700][info][gc,heap     ] GC(40) Humongous regions: 16->16
[2024-07-05T06:22:32.490-0700][info][gc,metaspace] GC(40) Metaspace: 300K(512K)->300K(512K) NonClass: 293K(384K)->293K(384K) Class: 7K(128K)->7K(128K)
[2024-07-05T06:22:32.490-0700][info][gc          ] GC(40) Pause Young (Mixed) (G1 Preventive Collection) 3845M->3756M(4096M) 236.927ms
[2024-07-05T06:22:32.490-0700][info][gc,cpu      ] GC(40) User=0.67s Sys=0.02s Real=0.24s
[2024-07-05T06:23:09.334-0700][info][gc,start    ] GC(41) Pause Young (Mixed) (G1 Preventive Collection)
[2024-07-05T06:23:09.334-0700][info][gc,task     ] GC(41) Using 4 workers of 4 for evacuation
[2024-07-05T06:23:09.515-0700][info][gc,phases   ] GC(41)   Pre Evacuate Collection Set: 1.1ms
[2024-07-05T06:23:09.515-0700][info][gc,phases   ] GC(41)   Merge Heap Roots: 0.4ms
[2024-07-05T06:23:09.515-0700][info][gc,phases   ] GC(41)   Evacuate Collection Set: 165.7ms
[2024-07-05T06:23:09.515-0700][info][gc,phases   ] GC(41)   Merge Optional Heap Roots: 0.2ms
[2024-07-05T06:23:09.515-0700][info][gc,phases   ] GC(41)   Evacuate Optional Collection Set: 9.8ms
[2024-07-05T06:23:09.515-0700][info][gc,phases   ] GC(41)   Post Evacuate Collection Set: 3.1ms
[2024-07-05T06:23:09.515-0700][info][gc,phases   ] GC(41)   Other: 0.2ms
[2024-07-05T06:23:09.515-0700][info][gc,heap     ] GC(41) Eden regions: 86->0(178)
[2024-07-05T06:23:09.515-0700][info][gc,heap     ] GC(41) Survivor regions: 26->26(26)
[2024-07-05T06:23:09.515-0700][info][gc,heap     ] GC(41) Old regions: 3714->3723
[2024-07-05T06:23:09.515-0700][info][gc,heap     ] GC(41) Archive regions: 2->2
[2024-07-05T06:23:09.515-0700][info][gc,heap     ] GC(41) Humongous regions: 16->16
[2024-07-05T06:23:09.515-0700][info][gc,metaspace] GC(41) Metaspace: 300K(512K)->300K(512K) NonClass: 293K(384K)->293K(384K) Class: 7K(128K)->7K(128K)
[2024-07-05T06:23:09.515-0700][info][gc          ] GC(41) Pause Young (Mixed) (G1 Preventive Collection) 3842M->3765M(4096M) 180.781ms
[2024-07-05T06:23:09.515-0700][info][gc,cpu      ] GC(41) User=0.47s Sys=0.04s Real=0.18s
[2024-07-05T06:23:48.259-0700][info][gc,start    ] GC(42) Pause Young (Mixed) (G1 Preventive Collection)
[2024-07-05T06:23:48.259-0700][info][gc,task     ] GC(42) Using 4 workers of 4 for evacuation
[2024-07-05T06:23:48.427-0700][info][gc,phases   ] GC(42)   Pre Evacuate Collection Set: 1.3ms
[2024-07-05T06:23:48.427-0700][info][gc,phases   ] GC(42)   Merge Heap Roots: 0.7ms
[2024-07-05T06:23:48.427-0700][info][gc,phases   ] GC(42)   Evacuate Collection Set: 151.8ms
[2024-07-05T06:23:48.427-0700][info][gc,phases   ] GC(42)   Merge Optional Heap Roots: 0.3ms
[2024-07-05T06:23:48.427-0700][info][gc,phases   ] GC(42)   Evacuate Optional Collection Set: 6.5ms
[2024-07-05T06:23:48.427-0700][info][gc,phases   ] GC(42)   Post Evacuate Collection Set: 7.1ms
[2024-07-05T06:23:48.427-0700][info][gc,phases   ] GC(42)   Other: 0.3ms
[2024-07-05T06:23:48.427-0700][info][gc,heap     ] GC(42) Eden regions: 78->0(178)
[2024-07-05T06:23:48.427-0700][info][gc,heap     ] GC(42) Survivor regions: 26->26(26)
[2024-07-05T06:23:48.427-0700][info][gc,heap     ] GC(42) Old regions: 3723->3730
[2024-07-05T06:23:48.427-0700][info][gc,heap     ] GC(42) Archive regions: 2->2
[2024-07-05T06:23:48.427-0700][info][gc,heap     ] GC(42) Humongous regions: 16->16
[2024-07-05T06:23:48.427-0700][info][gc,metaspace] GC(42) Metaspace: 300K(512K)->300K(512K) NonClass: 293K(384K)->293K(384K) Class: 7K(128K)->7K(128K)
[2024-07-05T06:23:48.427-0700][info][gc          ] GC(42) Pause Young (Mixed) (G1 Preventive Collection) 3843M->3772M(4096M) 168.006ms
[2024-07-05T06:23:48.427-0700][info][gc,cpu      ] GC(42) User=0.41s Sys=0.04s Real=0.17s
[2024-07-05T06:24:44.708-0700][info][gc,start    ] GC(43) Pause Young (Concurrent Start) (G1 Preventive Collection)
[2024-07-05T06:24:44.708-0700][info][gc,task     ] GC(43) Using 4 workers of 4 for evacuation
[2024-07-05T06:24:44.765-0700][info][gc,phases   ] GC(43)   Pre Evacuate Collection Set: 0.7ms
[2024-07-05T06:24:44.765-0700][info][gc,phases   ] GC(43)   Merge Heap Roots: 0.3ms
[2024-07-05T06:24:44.765-0700][info][gc,phases   ] GC(43)   Evacuate Collection Set: 55.4ms
[2024-07-05T06:24:44.765-0700][info][gc,phases   ] GC(43)   Post Evacuate Collection Set: 0.6ms
[2024-07-05T06:24:44.765-0700][info][gc,phases   ] GC(43)   Other: 0.8ms
[2024-07-05T06:24:44.765-0700][info][gc,heap     ] GC(43) Eden regions: 140->0(178)
[2024-07-05T06:24:44.765-0700][info][gc,heap     ] GC(43) Survivor regions: 26->26(26)
[2024-07-05T06:24:44.765-0700][info][gc,heap     ] GC(43) Old regions: 3730->3868
[2024-07-05T06:24:44.765-0700][info][gc,heap     ] GC(43) Archive regions: 2->2
[2024-07-05T06:24:44.765-0700][info][gc,heap     ] GC(43) Humongous regions: 16->16
[2024-07-05T06:24:44.765-0700][info][gc,metaspace] GC(43) Metaspace: 300K(512K)->300K(512K) NonClass: 293K(384K)->293K(384K) Class: 7K(128K)->7K(128K)
[2024-07-05T06:24:44.765-0700][info][gc          ] GC(43) Pause Young (Concurrent Start) (G1 Preventive Collection) 3912M->3910M(4096M) 57.858ms
[2024-07-05T06:24:44.766-0700][info][gc,cpu      ] GC(43) User=0.14s Sys=0.01s Real=0.06s
[2024-07-05T06:24:44.766-0700][info][gc          ] GC(44) Concurrent Mark Cycle
[2024-07-05T06:24:44.766-0700][info][gc,marking  ] GC(44) Concurrent Clear Claimed Marks
[2024-07-05T06:24:44.766-0700][info][gc,marking  ] GC(44) Concurrent Clear Claimed Marks 0.007ms
[2024-07-05T06:24:44.766-0700][info][gc,marking  ] GC(44) Concurrent Scan Root Regions
[2024-07-05T06:24:44.775-0700][info][gc,marking  ] GC(44) Concurrent Scan Root Regions 8.886ms
[2024-07-05T06:24:44.775-0700][info][gc,marking  ] GC(44) Concurrent Mark
[2024-07-05T06:24:44.775-0700][info][gc,marking  ] GC(44) Concurrent Mark From Roots
[2024-07-05T06:24:44.775-0700][info][gc,task     ] GC(44) Using 1 workers of 1 for marking
[2024-07-05T06:24:47.946-0700][info][gc,marking  ] GC(44) Concurrent Mark From Roots 3171.637ms
[2024-07-05T06:24:47.946-0700][info][gc,marking  ] GC(44) Concurrent Preclean
[2024-07-05T06:24:47.946-0700][info][gc,marking  ] GC(44) Concurrent Preclean 0.069ms
[2024-07-05T06:24:48.306-0700][info][gc,start    ] GC(44) Pause Remark
[2024-07-05T06:24:48.311-0700][info][gc          ] GC(44) Pause Remark 3914M->3914M(4096M) 4.784ms
[2024-07-05T06:24:48.311-0700][info][gc,cpu      ] GC(44) User=0.01s Sys=0.00s Real=0.00s
[2024-07-05T06:24:48.311-0700][info][gc,marking  ] GC(44) Concurrent Mark 3536.419ms
[2024-07-05T06:24:48.311-0700][info][gc,marking  ] GC(44) Concurrent Rebuild Remembered Sets
[2024-07-05T06:24:48.695-0700][info][gc,marking  ] GC(44) Concurrent Rebuild Remembered Sets 383.544ms
[2024-07-05T06:24:49.402-0700][info][gc,start    ] GC(44) Pause Cleanup
[2024-07-05T06:24:49.404-0700][info][gc          ] GC(44) Pause Cleanup 3914M->3914M(4096M) 2.167ms
[2024-07-05T06:24:49.404-0700][info][gc,cpu      ] GC(44) User=0.00s Sys=0.00s Real=0.01s
[2024-07-05T06:24:49.404-0700][info][gc,marking  ] GC(44) Concurrent Cleanup for Next Mark
[2024-07-05T06:24:49.446-0700][info][gc,marking  ] GC(44) Concurrent Cleanup for Next Mark 41.630ms
[2024-07-05T06:24:49.446-0700][info][gc          ] GC(44) Concurrent Mark Cycle 4680.043ms
[2024-07-05T06:25:13.969-0700][info][gc,start    ] GC(45) Pause Young (Prepare Mixed) (G1 Preventive Collection)
[2024-07-05T06:25:13.969-0700][info][gc,task     ] GC(45) Using 4 workers of 4 for evacuation
[2024-07-05T06:25:14.011-0700][info][gc,phases   ] GC(45)   Pre Evacuate Collection Set: 0.6ms
[2024-07-05T06:25:14.011-0700][info][gc,phases   ] GC(45)   Merge Heap Roots: 0.3ms
[2024-07-05T06:25:14.011-0700][info][gc,phases   ] GC(45)   Evacuate Collection Set: 39.7ms
[2024-07-05T06:25:14.011-0700][info][gc,phases   ] GC(45)   Post Evacuate Collection Set: 0.9ms
[2024-07-05T06:25:14.011-0700][info][gc,phases   ] GC(45)   Other: 0.2ms
[2024-07-05T06:25:14.011-0700][info][gc,heap     ] GC(45) Eden regions: 74->0(178)
[2024-07-05T06:25:14.011-0700][info][gc,heap     ] GC(45) Survivor regions: 26->26(26)
[2024-07-05T06:25:14.011-0700][info][gc,heap     ] GC(45) Old regions: 3868->3941
[2024-07-05T06:25:14.011-0700][info][gc,heap     ] GC(45) Archive regions: 2->2
[2024-07-05T06:25:14.011-0700][info][gc,heap     ] GC(45) Humongous regions: 16->16
[2024-07-05T06:25:14.011-0700][info][gc,metaspace] GC(45) Metaspace: 300K(512K)->300K(512K) NonClass: 293K(384K)->293K(384K) Class: 7K(128K)->7K(128K)
[2024-07-05T06:25:14.011-0700][info][gc          ] GC(45) Pause Young (Prepare Mixed) (G1 Preventive Collection) 3984M->3983M(4096M) 42.003ms
[2024-07-05T06:25:14.011-0700][info][gc,cpu      ] GC(45) User=0.09s Sys=0.02s Real=0.04s
[2024-07-05T06:25:14.012-0700][info][gc,start    ] GC(46) Pause Young (Mixed) (G1 Preventive Collection)
[2024-07-05T06:25:14.012-0700][info][gc,task     ] GC(46) Using 4 workers of 4 for evacuation
[2024-07-05T06:25:14.103-0700][info][gc          ] GC(46) To-space exhausted
[2024-07-05T06:25:14.103-0700][info][gc,phases   ] GC(46)   Pre Evacuate Collection Set: 1.2ms
[2024-07-05T06:25:14.103-0700][info][gc,phases   ] GC(46)   Merge Heap Roots: 0.2ms
[2024-07-05T06:25:14.103-0700][info][gc,phases   ] GC(46)   Evacuate Collection Set: 75.0ms
[2024-07-05T06:25:14.103-0700][info][gc,phases   ] GC(46)   Post Evacuate Collection Set: 14.1ms
[2024-07-05T06:25:14.103-0700][info][gc,phases   ] GC(46)   Other: 0.2ms
[2024-07-05T06:25:14.103-0700][info][gc,heap     ] GC(46) Eden regions: 1->0(203)
[2024-07-05T06:25:14.103-0700][info][gc,heap     ] GC(46) Survivor regions: 26->1(26)
[2024-07-05T06:25:14.103-0700][info][gc,heap     ] GC(46) Old regions: 3941->3947
[2024-07-05T06:25:14.103-0700][info][gc,heap     ] GC(46) Archive regions: 2->2
[2024-07-05T06:25:14.103-0700][info][gc,heap     ] GC(46) Humongous regions: 16->16
[2024-07-05T06:25:14.103-0700][info][gc,metaspace] GC(46) Metaspace: 300K(512K)->300K(512K) NonClass: 293K(384K)->293K(384K) Class: 7K(128K)->7K(128K)
[2024-07-05T06:25:14.103-0700][info][gc          ] GC(46) Pause Young (Mixed) (G1 Preventive Collection) 3984M->3964M(4096M) 90.868ms
[2024-07-05T06:25:14.103-0700][info][gc,cpu      ] GC(46) User=0.22s Sys=0.03s Real=0.10s
[2024-07-05T06:25:17.376-0700][info][gc,start    ] GC(47) Pause Young (Mixed) (G1 Preventive Collection)
[2024-07-05T06:25:17.376-0700][info][gc,task     ] GC(47) Using 4 workers of 4 for evacuation
[2024-07-05T06:25:17.451-0700][info][gc          ] GC(47) To-space exhausted
[2024-07-05T06:25:17.451-0700][info][gc,phases   ] GC(47)   Pre Evacuate Collection Set: 1.8ms
[2024-07-05T06:25:17.451-0700][info][gc,phases   ] GC(47)   Merge Heap Roots: 0.5ms
[2024-07-05T06:25:17.451-0700][info][gc,phases   ] GC(47)   Evacuate Collection Set: 63.9ms
[2024-07-05T06:25:17.451-0700][info][gc,phases   ] GC(47)   Post Evacuate Collection Set: 8.6ms
[2024-07-05T06:25:17.451-0700][info][gc,phases   ] GC(47)   Other: 0.6ms
[2024-07-05T06:25:17.451-0700][info][gc,heap     ] GC(47) Eden regions: 17->0(185)
[2024-07-05T06:25:17.451-0700][info][gc,heap     ] GC(47) Survivor regions: 1->19(26)
[2024-07-05T06:25:17.451-0700][info][gc,heap     ] GC(47) Old regions: 3947->3950
[2024-07-05T06:25:17.451-0700][info][gc,heap     ] GC(47) Archive regions: 2->2
[2024-07-05T06:25:17.451-0700][info][gc,heap     ] GC(47) Humongous regions: 16->16
[2024-07-05T06:25:17.451-0700][info][gc,metaspace] GC(47) Metaspace: 300K(512K)->300K(512K) NonClass: 293K(384K)->293K(384K) Class: 7K(128K)->7K(128K)
[2024-07-05T06:25:17.451-0700][info][gc          ] GC(47) Pause Young (Mixed) (G1 Preventive Collection) 3981M->3985M(4096M) 75.295ms
[2024-07-05T06:25:17.451-0700][info][gc,cpu      ] GC(47) User=0.19s Sys=0.01s Real=0.07s
[2024-07-05T06:25:17.452-0700][info][gc,start    ] GC(48) Pause Young (Mixed) (G1 Preventive Collection)
[2024-07-05T06:25:17.452-0700][info][gc,task     ] GC(48) Using 4 workers of 4 for evacuation
[2024-07-05T06:25:17.518-0700][info][gc          ] GC(48) To-space exhausted
[2024-07-05T06:25:17.518-0700][info][gc,phases   ] GC(48)   Pre Evacuate Collection Set: 0.5ms
[2024-07-05T06:25:17.518-0700][info][gc,phases   ] GC(48)   Merge Heap Roots: 0.2ms
[2024-07-05T06:25:17.518-0700][info][gc,phases   ] GC(48)   Evacuate Collection Set: 58.4ms
[2024-07-05T06:25:17.518-0700][info][gc,phases   ] GC(48)   Post Evacuate Collection Set: 7.5ms
[2024-07-05T06:25:17.518-0700][info][gc,phases   ] GC(48)   Other: 0.2ms
[2024-07-05T06:25:17.518-0700][info][gc,heap     ] GC(48) Eden regions: 1->0(203)
[2024-07-05T06:25:17.518-0700][info][gc,heap     ] GC(48) Survivor regions: 19->1(26)
[2024-07-05T06:25:17.518-0700][info][gc,heap     ] GC(48) Old regions: 3950->3973
[2024-07-05T06:25:17.518-0700][info][gc,heap     ] GC(48) Archive regions: 2->2
[2024-07-05T06:25:17.518-0700][info][gc,heap     ] GC(48) Humongous regions: 16->16
[2024-07-05T06:25:17.518-0700][info][gc,metaspace] GC(48) Metaspace: 300K(512K)->300K(512K) NonClass: 293K(384K)->293K(384K) Class: 7K(128K)->7K(128K)
[2024-07-05T06:25:17.518-0700][info][gc          ] GC(48) Pause Young (Mixed) (G1 Preventive Collection) 3986M->3990M(4096M) 66.802ms
[2024-07-05T06:25:17.518-0700][info][gc,cpu      ] GC(48) User=0.17s Sys=0.02s Real=0.07s
[2024-07-05T06:25:36.051-0700][info][gc,start    ] GC(49) Pause Young (Concurrent Start) (G1 Preventive Collection)
[2024-07-05T06:25:36.051-0700][info][gc,task     ] GC(49) Using 4 workers of 4 for evacuation
[2024-07-05T06:25:36.071-0700][info][gc,phases   ] GC(49)   Pre Evacuate Collection Set: 0.6ms
[2024-07-05T06:25:36.071-0700][info][gc,phases   ] GC(49)   Merge Heap Roots: 0.3ms
[2024-07-05T06:25:36.071-0700][info][gc,phases   ] GC(49)   Evacuate Collection Set: 17.3ms
[2024-07-05T06:25:36.071-0700][info][gc,phases   ] GC(49)   Post Evacuate Collection Set: 1.1ms
[2024-07-05T06:25:36.071-0700][info][gc,phases   ] GC(49)   Other: 0.3ms
[2024-07-05T06:25:36.071-0700][info][gc,heap     ] GC(49) Eden regions: 49->0(178)
[2024-07-05T06:25:36.071-0700][info][gc,heap     ] GC(49) Survivor regions: 1->26(26)
[2024-07-05T06:25:36.071-0700][info][gc,heap     ] GC(49) Old regions: 3973->3997
[2024-07-05T06:25:36.071-0700][info][gc,heap     ] GC(49) Archive regions: 2->2
[2024-07-05T06:25:36.071-0700][info][gc,heap     ] GC(49) Humongous regions: 16->16
[2024-07-05T06:25:36.071-0700][info][gc,metaspace] GC(49) Metaspace: 300K(512K)->300K(512K) NonClass: 293K(384K)->293K(384K) Class: 7K(128K)->7K(128K)
[2024-07-05T06:25:36.071-0700][info][gc          ] GC(49) Pause Young (Concurrent Start) (G1 Preventive Collection) 4039M->4039M(4096M) 19.890ms
[2024-07-05T06:25:36.071-0700][info][gc,cpu      ] GC(49) User=0.05s Sys=0.00s Real=0.02s
[2024-07-05T06:25:36.071-0700][info][gc          ] GC(50) Concurrent Mark Cycle
[2024-07-05T06:25:36.071-0700][info][gc,marking  ] GC(50) Concurrent Clear Claimed Marks
[2024-07-05T06:25:36.071-0700][info][gc,marking  ] GC(50) Concurrent Clear Claimed Marks 0.009ms
[2024-07-05T06:25:36.071-0700][info][gc,marking  ] GC(50) Concurrent Scan Root Regions
[2024-07-05T06:25:36.078-0700][info][gc,marking  ] GC(50) Concurrent Scan Root Regions 7.109ms
[2024-07-05T06:25:36.078-0700][info][gc,marking  ] GC(50) Concurrent Mark
[2024-07-05T06:25:36.078-0700][info][gc,marking  ] GC(50) Concurrent Mark From Roots
[2024-07-05T06:25:36.078-0700][info][gc,task     ] GC(50) Using 1 workers of 1 for marking
[2024-07-05T06:25:36.849-0700][info][gc,marking  ] GC(50) Concurrent Mark From Roots 770.170ms
[2024-07-05T06:25:36.849-0700][info][gc,marking  ] GC(50) Concurrent Preclean
[2024-07-05T06:25:36.849-0700][info][gc,marking  ] GC(50) Concurrent Preclean 0.066ms
[2024-07-05T06:25:58.220-0700][info][gc,start    ] GC(50) Pause Remark
[2024-07-05T06:25:58.223-0700][info][gc          ] GC(50) Pause Remark 4041M->4041M(4096M) 2.656ms
[2024-07-05T06:25:58.223-0700][info][gc,cpu      ] GC(50) User=0.00s Sys=0.00s Real=0.01s
[2024-07-05T06:25:58.223-0700][info][gc,marking  ] GC(50) Concurrent Mark 22144.679ms
[2024-07-05T06:25:58.223-0700][info][gc,marking  ] GC(50) Concurrent Rebuild Remembered Sets
[2024-07-05T06:25:58.680-0700][info][gc,marking  ] GC(50) Concurrent Rebuild Remembered Sets 456.944ms
[2024-07-05T06:25:58.893-0700][info][gc,start    ] GC(50) Pause Cleanup
[2024-07-05T06:25:58.895-0700][info][gc          ] GC(50) Pause Cleanup 4041M->4041M(4096M) 2.225ms
[2024-07-05T06:25:58.895-0700][info][gc,cpu      ] GC(50) User=0.00s Sys=0.00s Real=0.01s
[2024-07-05T06:25:58.895-0700][info][gc,marking  ] GC(50) Concurrent Cleanup for Next Mark
[2024-07-05T06:25:58.913-0700][info][gc,marking  ] GC(50) Concurrent Cleanup for Next Mark 17.955ms
[2024-07-05T06:25:58.913-0700][info][gc          ] GC(50) Concurrent Mark Cycle 22842.180ms
[2024-07-05T06:26:04.280-0700][info][gc,start    ] GC(51) Pause Young (Prepare Mixed) (G1 Preventive Collection)
[2024-07-05T06:26:04.280-0700][info][gc,task     ] GC(51) Using 4 workers of 4 for evacuation
[2024-07-05T06:26:04.296-0700][info][gc,phases   ] GC(51)   Pre Evacuate Collection Set: 1.0ms
[2024-07-05T06:26:04.296-0700][info][gc,phases   ] GC(51)   Merge Heap Roots: 0.4ms
[2024-07-05T06:26:04.296-0700][info][gc,phases   ] GC(51)   Evacuate Collection Set: 14.3ms
[2024-07-05T06:26:04.296-0700][info][gc,phases   ] GC(51)   Post Evacuate Collection Set: 0.6ms
[2024-07-05T06:26:04.296-0700][info][gc,phases   ] GC(51)   Other: 0.2ms
[2024-07-05T06:26:04.296-0700][info][gc,heap     ] GC(51) Eden regions: 12->0(191)
[2024-07-05T06:26:04.296-0700][info][gc,heap     ] GC(51) Survivor regions: 26->13(26)
[2024-07-05T06:26:04.296-0700][info][gc,heap     ] GC(51) Old regions: 3997->4023
[2024-07-05T06:26:04.296-0700][info][gc,heap     ] GC(51) Archive regions: 2->2
[2024-07-05T06:26:04.296-0700][info][gc,heap     ] GC(51) Humongous regions: 16->16
[2024-07-05T06:26:04.296-0700][info][gc,metaspace] GC(51) Metaspace: 300K(512K)->300K(512K) NonClass: 293K(384K)->293K(384K) Class: 7K(128K)->7K(128K)
[2024-07-05T06:26:04.296-0700][info][gc          ] GC(51) Pause Young (Prepare Mixed) (G1 Preventive Collection) 4051M->4052M(4096M) 16.459ms
[2024-07-05T06:26:04.296-0700][info][gc,cpu      ] GC(51) User=0.05s Sys=0.00s Real=0.02s
[2024-07-05T06:26:04.297-0700][info][gc,start    ] GC(52) Pause Young (Mixed) (G1 Preventive Collection)
[2024-07-05T06:26:04.297-0700][info][gc,task     ] GC(52) Using 4 workers of 4 for evacuation
[2024-07-05T06:26:04.359-0700][info][gc          ] GC(52) To-space exhausted
[2024-07-05T06:26:04.359-0700][info][gc,phases   ] GC(52)   Pre Evacuate Collection Set: 2.0ms
[2024-07-05T06:26:04.359-0700][info][gc,phases   ] GC(52)   Merge Heap Roots: 0.4ms
[2024-07-05T06:26:04.359-0700][info][gc,phases   ] GC(52)   Evacuate Collection Set: 43.9ms
[2024-07-05T06:26:04.359-0700][info][gc,phases   ] GC(52)   Post Evacuate Collection Set: 15.5ms
[2024-07-05T06:26:04.359-0700][info][gc,phases   ] GC(52)   Other: 0.3ms
[2024-07-05T06:26:04.359-0700][info][gc,heap     ] GC(52) Eden regions: 1->0(204)
[2024-07-05T06:26:04.359-0700][info][gc,heap     ] GC(52) Survivor regions: 13->0(26)
[2024-07-05T06:26:04.359-0700][info][gc,heap     ] GC(52) Old regions: 4023->4010
[2024-07-05T06:26:04.359-0700][info][gc,heap     ] GC(52) Archive regions: 2->2
[2024-07-05T06:26:04.359-0700][info][gc,heap     ] GC(52) Humongous regions: 16->16
[2024-07-05T06:26:04.359-0700][info][gc,metaspace] GC(52) Metaspace: 300K(512K)->300K(512K) NonClass: 293K(384K)->293K(384K) Class: 7K(128K)->7K(128K)
[2024-07-05T06:26:04.359-0700][info][gc          ] GC(52) Pause Young (Mixed) (G1 Preventive Collection) 4053M->4026M(4096M) 61.975ms
[2024-07-05T06:26:04.359-0700][info][gc,cpu      ] GC(52) User=0.17s Sys=0.01s Real=0.06s
[2024-07-05T06:26:04.359-0700][info][gc,start    ] GC(53) Pause Young (Mixed) (G1 Preventive Collection)
[2024-07-05T06:26:04.359-0700][info][gc,task     ] GC(53) Using 4 workers of 4 for evacuation
[2024-07-05T06:26:04.442-0700][info][gc          ] GC(53) To-space exhausted
[2024-07-05T06:26:04.442-0700][info][gc,phases   ] GC(53)   Pre Evacuate Collection Set: 0.6ms
[2024-07-05T06:26:04.442-0700][info][gc,phases   ] GC(53)   Merge Heap Roots: 0.2ms
[2024-07-05T06:26:04.442-0700][info][gc,phases   ] GC(53)   Evacuate Collection Set: 66.4ms
[2024-07-05T06:26:04.442-0700][info][gc,phases   ] GC(53)   Post Evacuate Collection Set: 14.9ms
[2024-07-05T06:26:04.442-0700][info][gc,phases   ] GC(53)   Other: 0.1ms
[2024-07-05T06:26:04.442-0700][info][gc,heap     ] GC(53) Eden regions: 1->0(203)
[2024-07-05T06:26:04.442-0700][info][gc,heap     ] GC(53) Survivor regions: 0->1(26)
[2024-07-05T06:26:04.442-0700][info][gc,heap     ] GC(53) Old regions: 4010->4037
[2024-07-05T06:26:04.442-0700][info][gc,heap     ] GC(53) Archive regions: 2->2
[2024-07-05T06:26:04.442-0700][info][gc,heap     ] GC(53) Humongous regions: 16->16
[2024-07-05T06:26:04.442-0700][info][gc,metaspace] GC(53) Metaspace: 300K(512K)->300K(512K) NonClass: 293K(384K)->293K(384K) Class: 7K(128K)->7K(128K)
[2024-07-05T06:26:04.442-0700][info][gc          ] GC(53) Pause Young (Mixed) (G1 Preventive Collection) 4027M->4054M(4096M) 82.371ms
[2024-07-05T06:26:04.442-0700][info][gc,cpu      ] GC(53) User=0.23s Sys=0.01s Real=0.08s
[2024-07-05T06:26:04.442-0700][info][gc,start    ] GC(54) Pause Young (Mixed) (G1 Preventive Collection)
[2024-07-05T06:26:04.442-0700][info][gc,task     ] GC(54) Using 4 workers of 4 for evacuation
[2024-07-05T06:26:04.455-0700][info][gc,phases   ] GC(54)   Pre Evacuate Collection Set: 0.5ms
[2024-07-05T06:26:04.455-0700][info][gc,phases   ] GC(54)   Merge Heap Roots: 0.1ms
[2024-07-05T06:26:04.455-0700][info][gc,phases   ] GC(54)   Evacuate Collection Set: 11.7ms
[2024-07-05T06:26:04.455-0700][info][gc,phases   ] GC(54)   Post Evacuate Collection Set: 0.7ms
[2024-07-05T06:26:04.455-0700][info][gc,phases   ] GC(54)   Other: 0.1ms
[2024-07-05T06:26:04.455-0700][info][gc,heap     ] GC(54) Eden regions: 6->0(196)
[2024-07-05T06:26:04.455-0700][info][gc,heap     ] GC(54) Survivor regions: 1->8(26)
[2024-07-05T06:26:04.456-0700][info][gc,heap     ] GC(54) Old regions: 4037->4030
[2024-07-05T06:26:04.456-0700][info][gc,heap     ] GC(54) Archive regions: 2->2
[2024-07-05T06:26:04.456-0700][info][gc,heap     ] GC(54) Humongous regions: 16->16
[2024-07-05T06:26:04.456-0700][info][gc,metaspace] GC(54) Metaspace: 300K(512K)->300K(512K) NonClass: 293K(384K)->293K(384K) Class: 7K(128K)->7K(128K)
[2024-07-05T06:26:04.456-0700][info][gc          ] GC(54) Pause Young (Mixed) (G1 Preventive Collection) 4060M->4053M(4096M) 13.146ms
[2024-07-05T06:26:04.456-0700][info][gc,cpu      ] GC(54) User=0.04s Sys=0.00s Real=0.01s
[2024-07-05T06:26:11.330-0700][info][gc,start    ] GC(55) Pause Young (Concurrent Start) (G1 Preventive Collection)
[2024-07-05T06:26:11.330-0700][info][gc,task     ] GC(55) Using 4 workers of 4 for evacuation
[2024-07-05T06:26:11.345-0700][info][gc,phases   ] GC(55)   Pre Evacuate Collection Set: 0.6ms
[2024-07-05T06:26:11.345-0700][info][gc,phases   ] GC(55)   Merge Heap Roots: 0.3ms
[2024-07-05T06:26:11.345-0700][info][gc,phases   ] GC(55)   Evacuate Collection Set: 13.1ms
[2024-07-05T06:26:11.345-0700][info][gc,phases   ] GC(55)   Post Evacuate Collection Set: 0.9ms
[2024-07-05T06:26:11.345-0700][info][gc,phases   ] GC(55)   Other: 0.3ms
[2024-07-05T06:26:11.345-0700][info][gc,heap     ] GC(55) Eden regions: 15->0(181)
[2024-07-05T06:26:11.345-0700][info][gc,heap     ] GC(55) Survivor regions: 8->23(25)
[2024-07-05T06:26:11.345-0700][info][gc,heap     ] GC(55) Old regions: 4030->4030
[2024-07-05T06:26:11.345-0700][info][gc,heap     ] GC(55) Archive regions: 2->2
[2024-07-05T06:26:11.345-0700][info][gc,heap     ] GC(55) Humongous regions: 16->16
[2024-07-05T06:26:11.345-0700][info][gc,metaspace] GC(55) Metaspace: 300K(512K)->300K(512K) NonClass: 293K(384K)->293K(384K) Class: 7K(128K)->7K(128K)
[2024-07-05T06:26:11.345-0700][info][gc          ] GC(55) Pause Young (Concurrent Start) (G1 Preventive Collection) 4068M->4068M(4096M) 15.136ms
[2024-07-05T06:26:11.345-0700][info][gc,cpu      ] GC(55) User=0.04s Sys=0.00s Real=0.02s
[2024-07-05T06:26:11.346-0700][info][gc          ] GC(56) Concurrent Mark Cycle
[2024-07-05T06:26:11.346-0700][info][gc,marking  ] GC(56) Concurrent Clear Claimed Marks
[2024-07-05T06:26:11.346-0700][info][gc,marking  ] GC(56) Concurrent Clear Claimed Marks 0.006ms
[2024-07-05T06:26:11.346-0700][info][gc,marking  ] GC(56) Concurrent Scan Root Regions
[2024-07-05T06:26:11.348-0700][info][gc,marking  ] GC(56) Concurrent Scan Root Regions 2.018ms
[2024-07-05T06:26:11.348-0700][info][gc,marking  ] GC(56) Concurrent Mark
[2024-07-05T06:26:11.348-0700][info][gc,marking  ] GC(56) Concurrent Mark From Roots
[2024-07-05T06:26:11.348-0700][info][gc,task     ] GC(56) Using 1 workers of 1 for marking
[2024-07-05T06:26:11.348-0700][info][gc,start    ] GC(57) Pause Young (Normal) (G1 Preventive Collection)
[2024-07-05T06:26:11.348-0700][info][gc,task     ] GC(57) Using 4 workers of 4 for evacuation
[2024-07-05T06:26:11.356-0700][info][gc,phases   ] GC(57)   Pre Evacuate Collection Set: 2.6ms
[2024-07-05T06:26:11.356-0700][info][gc,phases   ] GC(57)   Merge Heap Roots: 0.1ms
[2024-07-05T06:26:11.356-0700][info][gc,phases   ] GC(57)   Evacuate Collection Set: 6.7ms
[2024-07-05T06:26:11.356-0700][info][gc,phases   ] GC(57)   Post Evacuate Collection Set: 0.8ms
[2024-07-05T06:26:11.356-0700][info][gc,phases   ] GC(57)   Other: 0.1ms
[2024-07-05T06:26:11.356-0700][info][gc,heap     ] GC(57) Eden regions: 1->0(202)
[2024-07-05T06:26:11.356-0700][info][gc,heap     ] GC(57) Survivor regions: 23->2(24)
[2024-07-05T06:26:11.357-0700][info][gc,heap     ] GC(57) Old regions: 4030->4052
[2024-07-05T06:26:11.357-0700][info][gc,heap     ] GC(57) Archive regions: 2->2
[2024-07-05T06:26:11.357-0700][info][gc,heap     ] GC(57) Humongous regions: 16->16
[2024-07-05T06:26:11.357-0700][info][gc,metaspace] GC(57) Metaspace: 300K(512K)->300K(512K) NonClass: 293K(384K)->293K(384K) Class: 7K(128K)->7K(128K)
[2024-07-05T06:26:11.357-0700][info][gc          ] GC(57) Pause Young (Normal) (G1 Preventive Collection) 4069M->4069M(4096M) 8.957ms
[2024-07-05T06:26:11.357-0700][info][gc,cpu      ] GC(57) User=0.01s Sys=0.00s Real=0.01s
[2024-07-05T06:26:12.216-0700][info][gc,marking  ] GC(56) Concurrent Mark From Roots 868.809ms
[2024-07-05T06:26:12.216-0700][info][gc,marking  ] GC(56) Concurrent Preclean
[2024-07-05T06:26:12.217-0700][info][gc,marking  ] GC(56) Concurrent Preclean 0.105ms
[2024-07-05T06:26:19.003-0700][info][gc,start    ] GC(56) Pause Remark
[2024-07-05T06:26:19.005-0700][info][gc          ] GC(56) Pause Remark 4074M->4074M(4096M) 2.373ms
[2024-07-05T06:26:19.006-0700][info][gc,cpu      ] GC(56) User=0.01s Sys=0.00s Real=0.00s
[2024-07-05T06:26:19.006-0700][info][gc,marking  ] GC(56) Concurrent Mark 7658.685ms
[2024-07-05T06:26:19.006-0700][info][gc,marking  ] GC(56) Concurrent Rebuild Remembered Sets
[2024-07-05T06:26:19.493-0700][info][gc,marking  ] GC(56) Concurrent Rebuild Remembered Sets 486.598ms
[2024-07-05T06:26:19.572-0700][info][gc,start    ] GC(56) Pause Cleanup
[2024-07-05T06:26:19.573-0700][info][gc          ] GC(56) Pause Cleanup 4074M->4074M(4096M) 1.713ms
[2024-07-05T06:26:19.573-0700][info][gc,cpu      ] GC(56) User=0.00s Sys=0.00s Real=0.00s
[2024-07-05T06:26:19.573-0700][info][gc,marking  ] GC(56) Concurrent Cleanup for Next Mark
[2024-07-05T06:26:19.581-0700][info][gc,marking  ] GC(56) Concurrent Cleanup for Next Mark 7.168ms
[2024-07-05T06:26:19.581-0700][info][gc          ] GC(56) Concurrent Mark Cycle 8235.336ms
[2024-07-05T06:26:22.625-0700][info][gc,start    ] GC(58) Pause Young (Prepare Mixed) (G1 Preventive Collection)
[2024-07-05T06:26:22.625-0700][info][gc,task     ] GC(58) Using 4 workers of 4 for evacuation
[2024-07-05T06:26:22.639-0700][info][gc,phases   ] GC(58)   Pre Evacuate Collection Set: 0.5ms
[2024-07-05T06:26:22.639-0700][info][gc,phases   ] GC(58)   Merge Heap Roots: 0.2ms
[2024-07-05T06:26:22.639-0700][info][gc,phases   ] GC(58)   Evacuate Collection Set: 12.8ms
[2024-07-05T06:26:22.639-0700][info][gc,phases   ] GC(58)   Post Evacuate Collection Set: 0.8ms
[2024-07-05T06:26:22.639-0700][info][gc,phases   ] GC(58)   Other: 0.1ms
[2024-07-05T06:26:22.639-0700][info][gc,heap     ] GC(58) Eden regions: 10->0(192)
[2024-07-05T06:26:22.639-0700][info][gc,heap     ] GC(58) Survivor regions: 2->12(14)
[2024-07-05T06:26:22.639-0700][info][gc,heap     ] GC(58) Old regions: 4052->4052
[2024-07-05T06:26:22.639-0700][info][gc,heap     ] GC(58) Archive regions: 2->2
[2024-07-05T06:26:22.639-0700][info][gc,heap     ] GC(58) Humongous regions: 16->16
[2024-07-05T06:26:22.639-0700][info][gc,metaspace] GC(58) Metaspace: 300K(512K)->300K(512K) NonClass: 293K(384K)->293K(384K) Class: 7K(128K)->7K(128K)
[2024-07-05T06:26:22.639-0700][info][gc          ] GC(58) Pause Young (Prepare Mixed) (G1 Preventive Collection) 4079M->4079M(4096M) 14.506ms
[2024-07-05T06:26:22.639-0700][info][gc,cpu      ] GC(58) User=0.04s Sys=0.00s Real=0.01s
[2024-07-05T06:26:22.640-0700][info][gc,start    ] GC(59) Pause Young (Mixed) (G1 Preventive Collection)
[2024-07-05T06:26:22.640-0700][info][gc,task     ] GC(59) Using 4 workers of 4 for evacuation
[2024-07-05T06:26:22.680-0700][info][gc          ] GC(59) To-space exhausted
[2024-07-05T06:26:22.680-0700][info][gc,phases   ] GC(59)   Pre Evacuate Collection Set: 0.8ms
[2024-07-05T06:26:22.680-0700][info][gc,phases   ] GC(59)   Merge Heap Roots: 0.3ms
[2024-07-05T06:26:22.680-0700][info][gc,phases   ] GC(59)   Evacuate Collection Set: 26.6ms
[2024-07-05T06:26:22.680-0700][info][gc,phases   ] GC(59)   Post Evacuate Collection Set: 12.3ms
[2024-07-05T06:26:22.680-0700][info][gc,phases   ] GC(59)   Other: 0.2ms
[2024-07-05T06:26:22.680-0700][info][gc,heap     ] GC(59) Eden regions: 1->0(204)
[2024-07-05T06:26:22.680-0700][info][gc,heap     ] GC(59) Survivor regions: 12->0(13)
[2024-07-05T06:26:22.680-0700][info][gc,heap     ] GC(59) Old regions: 4052->4050
[2024-07-05T06:26:22.680-0700][info][gc,heap     ] GC(59) Archive regions: 2->2
[2024-07-05T06:26:22.680-0700][info][gc,heap     ] GC(59) Humongous regions: 16->16
[2024-07-05T06:26:22.680-0700][info][gc,metaspace] GC(59) Metaspace: 300K(512K)->300K(512K) NonClass: 293K(384K)->293K(384K) Class: 7K(128K)->7K(128K)
[2024-07-05T06:26:22.680-0700][info][gc          ] GC(59) Pause Young (Mixed) (G1 Preventive Collection) 4080M->4066M(4096M) 40.232ms
[2024-07-05T06:26:22.680-0700][info][gc,cpu      ] GC(59) User=0.09s Sys=0.01s Real=0.04s
[2024-07-05T06:26:22.680-0700][info][gc,start    ] GC(60) Pause Young (Mixed) (G1 Preventive Collection)
[2024-07-05T06:26:22.681-0700][info][gc,task     ] GC(60) Using 4 workers of 4 for evacuation
[2024-07-05T06:26:22.742-0700][info][gc          ] GC(60) To-space exhausted
[2024-07-05T06:26:22.742-0700][info][gc,phases   ] GC(60)   Pre Evacuate Collection Set: 1.5ms
[2024-07-05T06:26:22.742-0700][info][gc,phases   ] GC(60)   Merge Heap Roots: 0.2ms
[2024-07-05T06:26:22.742-0700][info][gc,phases   ] GC(60)   Evacuate Collection Set: 42.8ms
[2024-07-05T06:26:22.742-0700][info][gc,phases   ] GC(60)   Post Evacuate Collection Set: 16.4ms
[2024-07-05T06:26:22.742-0700][info][gc,phases   ] GC(60)   Other: 0.4ms
[2024-07-05T06:26:22.742-0700][info][gc,heap     ] GC(60) Eden regions: 1->0(204)
[2024-07-05T06:26:22.742-0700][info][gc,heap     ] GC(60) Survivor regions: 0->0(26)
[2024-07-05T06:26:22.742-0700][info][gc,heap     ] GC(60) Old regions: 4050->4056
[2024-07-05T06:26:22.742-0700][info][gc,heap     ] GC(60) Archive regions: 2->2
[2024-07-05T06:26:22.742-0700][info][gc,heap     ] GC(60) Humongous regions: 16->16
[2024-07-05T06:26:22.742-0700][info][gc,metaspace] GC(60) Metaspace: 300K(512K)->300K(512K) NonClass: 293K(384K)->293K(384K) Class: 7K(128K)->7K(128K)
[2024-07-05T06:26:22.742-0700][info][gc          ] GC(60) Pause Young (Mixed) (G1 Preventive Collection) 4067M->4072M(4096M) 61.431ms
[2024-07-05T06:26:22.742-0700][info][gc,cpu      ] GC(60) User=0.15s Sys=0.03s Real=0.06s
[2024-07-05T06:26:26.670-0700][info][gc,start    ] GC(61) Pause Young (Concurrent Start) (G1 Preventive Collection)
[2024-07-05T06:26:26.670-0700][info][gc,task     ] GC(61) Using 4 workers of 4 for evacuation
[2024-07-05T06:26:26.682-0700][info][gc,phases   ] GC(61)   Pre Evacuate Collection Set: 0.8ms
[2024-07-05T06:26:26.682-0700][info][gc,phases   ] GC(61)   Merge Heap Roots: 0.3ms
[2024-07-05T06:26:26.682-0700][info][gc,phases   ] GC(61)   Evacuate Collection Set: 10.7ms
[2024-07-05T06:26:26.682-0700][info][gc,phases   ] GC(61)   Post Evacuate Collection Set: 0.6ms
[2024-07-05T06:26:26.682-0700][info][gc,phases   ] GC(61)   Other: 0.2ms
[2024-07-05T06:26:26.682-0700][info][gc,heap     ] GC(61) Eden regions: 10->0(193)
[2024-07-05T06:26:26.682-0700][info][gc,heap     ] GC(61) Survivor regions: 0->11(12)
[2024-07-05T06:26:26.682-0700][info][gc,heap     ] GC(61) Old regions: 4056->4056
[2024-07-05T06:26:26.682-0700][info][gc,heap     ] GC(61) Archive regions: 2->2
[2024-07-05T06:26:26.682-0700][info][gc,heap     ] GC(61) Humongous regions: 16->16
[2024-07-05T06:26:26.682-0700][info][gc,metaspace] GC(61) Metaspace: 300K(512K)->300K(512K) NonClass: 293K(384K)->293K(384K) Class: 7K(128K)->7K(128K)
[2024-07-05T06:26:26.682-0700][info][gc          ] GC(61) Pause Young (Concurrent Start) (G1 Preventive Collection) 4082M->4082M(4096M) 12.648ms
[2024-07-05T06:26:26.682-0700][info][gc,cpu      ] GC(61) User=0.03s Sys=0.00s Real=0.02s
[2024-07-05T06:26:26.682-0700][info][gc          ] GC(62) Concurrent Mark Cycle
[2024-07-05T06:26:26.682-0700][info][gc,marking  ] GC(62) Concurrent Clear Claimed Marks
[2024-07-05T06:26:26.682-0700][info][gc,marking  ] GC(62) Concurrent Clear Claimed Marks 0.006ms
[2024-07-05T06:26:26.682-0700][info][gc,marking  ] GC(62) Concurrent Scan Root Regions
[2024-07-05T06:26:26.683-0700][info][gc,marking  ] GC(62) Concurrent Scan Root Regions 0.678ms
[2024-07-05T06:26:26.683-0700][info][gc,marking  ] GC(62) Concurrent Mark
[2024-07-05T06:26:26.683-0700][info][gc,marking  ] GC(62) Concurrent Mark From Roots
[2024-07-05T06:26:26.683-0700][info][gc,task     ] GC(62) Using 1 workers of 1 for marking
[2024-07-05T06:26:26.683-0700][info][gc,start    ] GC(63) Pause Young (Normal) (G1 Preventive Collection)
[2024-07-05T06:26:26.683-0700][info][gc,task     ] GC(63) Using 4 workers of 4 for evacuation
[2024-07-05T06:26:26.686-0700][info][gc          ] GC(63) To-space exhausted
[2024-07-05T06:26:26.686-0700][info][gc,phases   ] GC(63)   Pre Evacuate Collection Set: 0.9ms
[2024-07-05T06:26:26.686-0700][info][gc,phases   ] GC(63)   Merge Heap Roots: 0.1ms
[2024-07-05T06:26:26.686-0700][info][gc,phases   ] GC(63)   Evacuate Collection Set: 2.0ms
[2024-07-05T06:26:26.686-0700][info][gc,phases   ] GC(63)   Post Evacuate Collection Set: 0.7ms
[2024-07-05T06:26:26.686-0700][info][gc,phases   ] GC(63)   Other: 0.1ms
[2024-07-05T06:26:26.686-0700][info][gc,heap     ] GC(63) Eden regions: 1->0(194)
[2024-07-05T06:26:26.686-0700][info][gc,heap     ] GC(63) Survivor regions: 11->10(10)
[2024-07-05T06:26:26.686-0700][info][gc,heap     ] GC(63) Old regions: 4056->4059
[2024-07-05T06:26:26.686-0700][info][gc,heap     ] GC(63) Archive regions: 2->2
[2024-07-05T06:26:26.686-0700][info][gc,heap     ] GC(63) Humongous regions: 16->16
[2024-07-05T06:26:26.686-0700][info][gc,metaspace] GC(63) Metaspace: 300K(512K)->300K(512K) NonClass: 293K(384K)->293K(384K) Class: 7K(128K)->7K(128K)
[2024-07-05T06:26:26.686-0700][info][gc          ] GC(63) Pause Young (Normal) (G1 Preventive Collection) 4083M->4085M(4096M) 3.265ms
[2024-07-05T06:26:26.686-0700][info][gc,cpu      ] GC(63) User=0.00s Sys=0.00s Real=0.00s
[2024-07-05T06:26:26.687-0700][info][gc,start    ] GC(64) Pause Young (Normal) (G1 Preventive Collection)
[2024-07-05T06:26:26.687-0700][info][gc,task     ] GC(64) Using 4 workers of 4 for evacuation
[2024-07-05T06:26:26.691-0700][info][gc          ] GC(64) To-space exhausted
[2024-07-05T06:26:26.691-0700][info][gc,phases   ] GC(64)   Pre Evacuate Collection Set: 0.5ms
[2024-07-05T06:26:26.691-0700][info][gc,phases   ] GC(64)   Merge Heap Roots: 0.1ms
[2024-07-05T06:26:26.691-0700][info][gc,phases   ] GC(64)   Evacuate Collection Set: 2.2ms
[2024-07-05T06:26:26.691-0700][info][gc,phases   ] GC(64)   Post Evacuate Collection Set: 1.3ms
[2024-07-05T06:26:26.691-0700][info][gc,phases   ] GC(64)   Other: 0.2ms
[2024-07-05T06:26:26.691-0700][info][gc,heap     ] GC(64) Eden regions: 1->0(196)
[2024-07-05T06:26:26.691-0700][info][gc,heap     ] GC(64) Survivor regions: 10->8(8)
[2024-07-05T06:26:26.691-0700][info][gc,heap     ] GC(64) Old regions: 4059->4064
[2024-07-05T06:26:26.691-0700][info][gc,heap     ] GC(64) Archive regions: 2->2
[2024-07-05T06:26:26.691-0700][info][gc,heap     ] GC(64) Humongous regions: 16->16
[2024-07-05T06:26:26.691-0700][info][gc,metaspace] GC(64) Metaspace: 300K(512K)->300K(512K) NonClass: 293K(384K)->293K(384K) Class: 7K(128K)->7K(128K)
[2024-07-05T06:26:26.691-0700][info][gc          ] GC(64) Pause Young (Normal) (G1 Preventive Collection) 4086M->4088M(4096M) 4.285ms
[2024-07-05T06:26:26.691-0700][info][gc,cpu      ] GC(64) User=0.01s Sys=0.00s Real=0.00s
[2024-07-05T06:26:26.692-0700][info][gc,start    ] GC(65) Pause Young (Normal) (G1 Preventive Collection)
[2024-07-05T06:26:26.692-0700][info][gc,task     ] GC(65) Using 4 workers of 4 for evacuation
[2024-07-05T06:26:26.697-0700][info][gc          ] GC(65) To-space exhausted
[2024-07-05T06:26:26.697-0700][info][gc,phases   ] GC(65)   Pre Evacuate Collection Set: 0.7ms
[2024-07-05T06:26:26.697-0700][info][gc,phases   ] GC(65)   Merge Heap Roots: 0.1ms
[2024-07-05T06:26:26.697-0700][info][gc,phases   ] GC(65)   Evacuate Collection Set: 3.0ms
[2024-07-05T06:26:26.697-0700][info][gc,phases   ] GC(65)   Post Evacuate Collection Set: 1.0ms
[2024-07-05T06:26:26.697-0700][info][gc,phases   ] GC(65)   Other: 0.2ms
[2024-07-05T06:26:26.697-0700][info][gc,heap     ] GC(65) Eden regions: 1->0(199)
[2024-07-05T06:26:26.697-0700][info][gc,heap     ] GC(65) Survivor regions: 8->5(5)
[2024-07-05T06:26:26.697-0700][info][gc,heap     ] GC(65) Old regions: 4064->4073
[2024-07-05T06:26:26.697-0700][info][gc,heap     ] GC(65) Archive regions: 2->2
[2024-07-05T06:26:26.697-0700][info][gc,heap     ] GC(65) Humongous regions: 16->16
[2024-07-05T06:26:26.697-0700][info][gc,metaspace] GC(65) Metaspace: 300K(512K)->300K(512K) NonClass: 293K(384K)->293K(384K) Class: 7K(128K)->7K(128K)
[2024-07-05T06:26:26.697-0700][info][gc          ] GC(65) Pause Young (Normal) (G1 Preventive Collection) 4089M->4094M(4096M) 4.995ms
[2024-07-05T06:26:26.697-0700][info][gc,cpu      ] GC(65) User=0.02s Sys=0.00s Real=0.01s
[2024-07-05T06:26:26.697-0700][info][gc,ergo     ] Attempting full compaction
[2024-07-05T06:26:26.697-0700][info][gc,task     ] GC(66) Using 4 workers of 4 for full compaction
[2024-07-05T06:26:26.697-0700][info][gc,start    ] GC(66) Pause Full (G1 Compaction Pause)
[2024-07-05T06:26:26.701-0700][info][gc,phases,start] GC(66) Phase 1: Mark live objects
[2024-07-05T06:26:26.855-0700][info][gc,phases      ] GC(66) Phase 1: Mark live objects 154.141ms
[2024-07-05T06:26:26.855-0700][info][gc,phases,start] GC(66) Phase 2: Prepare for compaction
[2024-07-05T06:26:26.995-0700][info][gc,phases      ] GC(66) Phase 2: Prepare for compaction 139.399ms
[2024-07-05T06:26:26.995-0700][info][gc,phases,start] GC(66) Phase 3: Adjust pointers
[2024-07-05T06:26:27.133-0700][info][gc,phases      ] GC(66) Phase 3: Adjust pointers 138.059ms
[2024-07-05T06:26:27.133-0700][info][gc,phases,start] GC(66) Phase 4: Compact heap
[2024-07-05T06:26:27.692-0700][info][gc,phases      ] GC(66) Phase 4: Compact heap 558.958ms
[2024-07-05T06:26:27.699-0700][info][gc,heap        ] GC(66) Eden regions: 0->0(204)
[2024-07-05T06:26:27.699-0700][info][gc,heap        ] GC(66) Survivor regions: 5->0(5)
[2024-07-05T06:26:27.699-0700][info][gc,heap        ] GC(66) Old regions: 4073->3387
[2024-07-05T06:26:27.699-0700][info][gc,heap        ] GC(66) Archive regions: 2->2
[2024-07-05T06:26:27.699-0700][info][gc,heap        ] GC(66) Humongous regions: 16->16
[2024-07-05T06:26:27.699-0700][info][gc,metaspace   ] GC(66) Metaspace: 300K(512K)->300K(512K) NonClass: 293K(384K)->293K(384K) Class: 7K(128K)->7K(128K)
[2024-07-05T06:26:27.699-0700][info][gc             ] GC(66) Pause Full (G1 Compaction Pause) 4094M->3401M(4096M) 1002.031ms
[2024-07-05T06:26:27.699-0700][info][gc,cpu         ] GC(66) User=2.78s Sys=0.04s Real=1.00s
[2024-07-05T06:26:27.699-0700][info][gc,marking     ] GC(62) Concurrent Mark From Roots 1016.166ms
[2024-07-05T06:26:27.699-0700][info][gc,marking     ] GC(62) Concurrent Mark Abort
[2024-07-05T06:26:27.699-0700][info][gc             ] GC(62) Concurrent Mark Cycle 1016.917ms
[2024-07-05T06:27:47.493-0700][info][gc,start       ] GC(67) Pause Young (Normal) (G1 Evacuation Pause)
[2024-07-05T06:27:47.493-0700][info][gc,task        ] GC(67) Using 4 workers of 4 for evacuation
[2024-07-05T06:27:47.579-0700][info][gc,phases      ] GC(67)   Pre Evacuate Collection Set: 0.6ms
[2024-07-05T06:27:47.579-0700][info][gc,phases      ] GC(67)   Merge Heap Roots: 0.2ms
[2024-07-05T06:27:47.579-0700][info][gc,phases      ] GC(67)   Evacuate Collection Set: 84.4ms
[2024-07-05T06:27:47.579-0700][info][gc,phases      ] GC(67)   Post Evacuate Collection Set: 0.5ms
[2024-07-05T06:27:47.579-0700][info][gc,phases      ] GC(67)   Other: 0.1ms
[2024-07-05T06:27:47.579-0700][info][gc,heap        ] GC(67) Eden regions: 204->0(178)
[2024-07-05T06:27:47.579-0700][info][gc,heap        ] GC(67) Survivor regions: 0->26(26)
[2024-07-05T06:27:47.579-0700][info][gc,heap        ] GC(67) Old regions: 3387->3562
[2024-07-05T06:27:47.579-0700][info][gc,heap        ] GC(67) Archive regions: 2->2
[2024-07-05T06:27:47.579-0700][info][gc,heap        ] GC(67) Humongous regions: 16->16
[2024-07-05T06:27:47.579-0700][info][gc,metaspace   ] GC(67) Metaspace: 300K(512K)->300K(512K) NonClass: 293K(384K)->293K(384K) Class: 7K(128K)->7K(128K)
[2024-07-05T06:27:47.579-0700][info][gc             ] GC(67) Pause Young (Normal) (G1 Evacuation Pause) 3605M->3601M(4096M) 85.835ms
[2024-07-05T06:27:47.579-0700][info][gc,cpu         ] GC(67) User=0.20s Sys=0.03s Real=0.09s
[2024-07-05T06:29:16.980-0700][info][gc,start       ] GC(68) Pause Young (Concurrent Start) (G1 Evacuation Pause)
[2024-07-05T06:29:16.980-0700][info][gc,task        ] GC(68) Using 4 workers of 4 for evacuation
[2024-07-05T06:29:17.060-0700][info][gc,phases      ] GC(68)   Pre Evacuate Collection Set: 0.6ms
[2024-07-05T06:29:17.060-0700][info][gc,phases      ] GC(68)   Merge Heap Roots: 0.5ms
[2024-07-05T06:29:17.060-0700][info][gc,phases      ] GC(68)   Evacuate Collection Set: 77.2ms
[2024-07-05T06:29:17.060-0700][info][gc,phases      ] GC(68)   Post Evacuate Collection Set: 0.6ms
[2024-07-05T06:29:17.060-0700][info][gc,phases      ] GC(68)   Other: 0.9ms
[2024-07-05T06:29:17.060-0700][info][gc,heap        ] GC(68) Eden regions: 178->0(178)
[2024-07-05T06:29:17.060-0700][info][gc,heap        ] GC(68) Survivor regions: 26->26(26)
[2024-07-05T06:29:17.060-0700][info][gc,heap        ] GC(68) Old regions: 3562->3736
[2024-07-05T06:29:17.060-0700][info][gc,heap        ] GC(68) Archive regions: 2->2
[2024-07-05T06:29:17.060-0700][info][gc,heap        ] GC(68) Humongous regions: 16->16
[2024-07-05T06:29:17.060-0700][info][gc,metaspace   ] GC(68) Metaspace: 300K(512K)->300K(512K) NonClass: 293K(384K)->293K(384K) Class: 7K(128K)->7K(128K)
[2024-07-05T06:29:17.060-0700][info][gc             ] GC(68) Pause Young (Concurrent Start) (G1 Evacuation Pause) 3779M->3776M(4096M) 79.906ms
[2024-07-05T06:29:17.060-0700][info][gc,cpu         ] GC(68) User=0.19s Sys=0.03s Real=0.08s
[2024-07-05T06:29:17.060-0700][info][gc             ] GC(69) Concurrent Mark Cycle
[2024-07-05T06:29:17.060-0700][info][gc,marking     ] GC(69) Concurrent Clear Claimed Marks
[2024-07-05T06:29:17.060-0700][info][gc,marking     ] GC(69) Concurrent Clear Claimed Marks 0.008ms
[2024-07-05T06:29:17.060-0700][info][gc,marking     ] GC(69) Concurrent Scan Root Regions
[2024-07-05T06:29:17.073-0700][info][gc,marking     ] GC(69) Concurrent Scan Root Regions 12.799ms
[2024-07-05T06:29:17.073-0700][info][gc,marking     ] GC(69) Concurrent Mark
[2024-07-05T06:29:17.073-0700][info][gc,marking     ] GC(69) Concurrent Mark From Roots
[2024-07-05T06:29:17.073-0700][info][gc,task        ] GC(69) Using 1 workers of 1 for marking
[2024-07-05T06:29:17.992-0700][info][gc,marking     ] GC(69) Concurrent Mark From Roots 918.834ms
[2024-07-05T06:29:17.992-0700][info][gc,marking     ] GC(69) Concurrent Preclean
[2024-07-05T06:29:17.992-0700][info][gc,marking     ] GC(69) Concurrent Preclean 0.092ms
[2024-07-05T06:29:45.952-0700][info][gc,start       ] GC(69) Pause Remark
[2024-07-05T06:29:45.954-0700][info][gc             ] GC(69) Pause Remark 3782M->3782M(4096M) 1.758ms
[2024-07-05T06:29:45.954-0700][info][gc,cpu         ] GC(69) User=0.00s Sys=0.00s Real=0.00s
[2024-07-05T06:29:45.954-0700][info][gc,marking     ] GC(69) Concurrent Mark 28881.568ms
[2024-07-05T06:29:45.954-0700][info][gc,marking     ] GC(69) Concurrent Rebuild Remembered Sets
[2024-07-05T06:29:46.572-0700][info][gc,marking     ] GC(69) Concurrent Rebuild Remembered Sets 617.845ms
[2024-07-05T06:29:46.665-0700][info][gc,start       ] GC(69) Pause Cleanup
[2024-07-05T06:29:46.669-0700][info][gc             ] GC(69) Pause Cleanup 3782M->3782M(4096M) 3.659ms
[2024-07-05T06:29:46.669-0700][info][gc,cpu         ] GC(69) User=0.01s Sys=0.00s Real=0.00s
[2024-07-05T06:29:46.669-0700][info][gc,marking     ] GC(69) Concurrent Cleanup for Next Mark
[2024-07-05T06:29:46.679-0700][info][gc,marking     ] GC(69) Concurrent Cleanup for Next Mark 10.197ms
[2024-07-05T06:29:46.680-0700][info][gc             ] GC(69) Concurrent Mark Cycle 29619.737ms
[2024-07-05T06:30:39.323-0700][info][gc,start       ] GC(70) Pause Young (Normal) (G1 Preventive Collection)
[2024-07-05T06:30:39.323-0700][info][gc,task        ] GC(70) Using 4 workers of 4 for evacuation
[2024-07-05T06:30:39.380-0700][info][gc,phases      ] GC(70)   Pre Evacuate Collection Set: 0.6ms
[2024-07-05T06:30:39.380-0700][info][gc,phases      ] GC(70)   Merge Heap Roots: 0.3ms
[2024-07-05T06:30:39.380-0700][info][gc,phases      ] GC(70)   Evacuate Collection Set: 55.3ms
[2024-07-05T06:30:39.380-0700][info][gc,phases      ] GC(70)   Post Evacuate Collection Set: 0.7ms
[2024-07-05T06:30:39.380-0700][info][gc,phases      ] GC(70)   Other: 0.2ms
[2024-07-05T06:30:39.380-0700][info][gc,heap        ] GC(70) Eden regions: 137->0(178)
[2024-07-05T06:30:39.380-0700][info][gc,heap        ] GC(70) Survivor regions: 26->26(26)
[2024-07-05T06:30:39.380-0700][info][gc,heap        ] GC(70) Old regions: 3736->3871
[2024-07-05T06:30:39.380-0700][info][gc,heap        ] GC(70) Archive regions: 2->2
[2024-07-05T06:30:39.380-0700][info][gc,heap        ] GC(70) Humongous regions: 16->16
[2024-07-05T06:30:39.380-0700][info][gc,metaspace   ] GC(70) Metaspace: 300K(512K)->300K(512K) NonClass: 293K(384K)->293K(384K) Class: 7K(128K)->7K(128K)
[2024-07-05T06:30:39.380-0700][info][gc             ] GC(70) Pause Young (Normal) (G1 Preventive Collection) 3913M->3910M(4096M) 57.134ms
[2024-07-05T06:30:39.380-0700][info][gc,cpu         ] GC(70) User=0.15s Sys=0.01s Real=0.05s
[2024-07-05T06:31:07.100-0700][info][gc,start       ] GC(71) Pause Young (Concurrent Start) (G1 Preventive Collection)
[2024-07-05T06:31:07.100-0700][info][gc,task        ] GC(71) Using 4 workers of 4 for evacuation
[2024-07-05T06:31:07.139-0700][info][gc,phases      ] GC(71)   Pre Evacuate Collection Set: 0.4ms
[2024-07-05T06:31:07.139-0700][info][gc,phases      ] GC(71)   Merge Heap Roots: 0.2ms
[2024-07-05T06:31:07.139-0700][info][gc,phases      ] GC(71)   Evacuate Collection Set: 38.0ms
[2024-07-05T06:31:07.140-0700][info][gc,phases      ] GC(71)   Post Evacuate Collection Set: 0.7ms
[2024-07-05T06:31:07.140-0700][info][gc,phases      ] GC(71)   Other: 0.4ms
[2024-07-05T06:31:07.140-0700][info][gc,heap        ] GC(71) Eden regions: 72->0(178)
[2024-07-05T06:31:07.140-0700][info][gc,heap        ] GC(71) Survivor regions: 26->26(26)
[2024-07-05T06:31:07.140-0700][info][gc,heap        ] GC(71) Old regions: 3871->3942
[2024-07-05T06:31:07.140-0700][info][gc,heap        ] GC(71) Archive regions: 2->2
[2024-07-05T06:31:07.140-0700][info][gc,heap        ] GC(71) Humongous regions: 16->16
[2024-07-05T06:31:07.140-0700][info][gc,metaspace   ] GC(71) Metaspace: 300K(512K)->300K(512K) NonClass: 293K(384K)->293K(384K) Class: 7K(128K)->7K(128K)
[2024-07-05T06:31:07.140-0700][info][gc             ] GC(71) Pause Young (Concurrent Start) (G1 Preventive Collection) 3982M->3982M(4096M) 39.792ms
[2024-07-05T06:31:07.140-0700][info][gc,cpu         ] GC(71) User=0.10s Sys=0.00s Real=0.04s
[2024-07-05T06:31:07.140-0700][info][gc             ] GC(72) Concurrent Mark Cycle
[2024-07-05T06:31:07.140-0700][info][gc,marking     ] GC(72) Concurrent Clear Claimed Marks
[2024-07-05T06:31:07.140-0700][info][gc,marking     ] GC(72) Concurrent Clear Claimed Marks 0.007ms
[2024-07-05T06:31:07.140-0700][info][gc,marking     ] GC(72) Concurrent Scan Root Regions
[2024-07-05T06:31:07.146-0700][info][gc,marking     ] GC(72) Concurrent Scan Root Regions 6.742ms
[2024-07-05T06:31:07.146-0700][info][gc,marking     ] GC(72) Concurrent Mark
[2024-07-05T06:31:07.146-0700][info][gc,marking     ] GC(72) Concurrent Mark From Roots
[2024-07-05T06:31:07.146-0700][info][gc,task        ] GC(72) Using 1 workers of 1 for marking
[2024-07-05T06:31:07.974-0700][info][gc,marking     ] GC(72) Concurrent Mark From Roots 827.108ms
[2024-07-05T06:31:07.974-0700][info][gc,marking     ] GC(72) Concurrent Preclean
[2024-07-05T06:31:07.974-0700][info][gc,marking     ] GC(72) Concurrent Preclean 0.079ms
[2024-07-05T06:32:12.577-0700][info][gc,start       ] GC(72) Pause Remark
[2024-07-05T06:32:12.580-0700][info][gc             ] GC(72) Pause Remark 3988M->3988M(4096M) 2.501ms
[2024-07-05T06:32:12.580-0700][info][gc,cpu         ] GC(72) User=0.00s Sys=0.00s Real=0.00s
[2024-07-05T06:32:12.582-0700][info][gc,marking     ] GC(72) Concurrent Mark 65435.610ms
[2024-07-05T06:32:12.582-0700][info][gc,marking     ] GC(72) Concurrent Rebuild Remembered Sets
[2024-07-05T06:32:13.100-0700][info][gc,marking     ] GC(72) Concurrent Rebuild Remembered Sets 518.073ms
[2024-07-05T06:32:13.194-0700][info][gc,start       ] GC(72) Pause Cleanup
[2024-07-05T06:32:13.195-0700][info][gc             ] GC(72) Pause Cleanup 3988M->3988M(4096M) 1.305ms
[2024-07-05T06:32:13.195-0700][info][gc,cpu         ] GC(72) User=0.00s Sys=0.00s Real=0.01s
[2024-07-05T06:32:13.195-0700][info][gc,marking     ] GC(72) Concurrent Cleanup for Next Mark
[2024-07-05T06:32:13.202-0700][info][gc,marking     ] GC(72) Concurrent Cleanup for Next Mark 7.191ms
[2024-07-05T06:32:13.202-0700][info][gc             ] GC(72) Concurrent Mark Cycle 66062.800ms
[2024-07-05T06:32:25.044-0700][info][gc,start       ] GC(73) Pause Young (Normal) (G1 Preventive Collection)
[2024-07-05T06:32:25.044-0700][info][gc,task        ] GC(73) Using 4 workers of 4 for evacuation
[2024-07-05T06:32:25.070-0700][info][gc,phases      ] GC(73)   Pre Evacuate Collection Set: 0.8ms
[2024-07-05T06:32:25.070-0700][info][gc,phases      ] GC(73)   Merge Heap Roots: 0.8ms
[2024-07-05T06:32:25.070-0700][info][gc,phases      ] GC(73)   Evacuate Collection Set: 23.5ms
[2024-07-05T06:32:25.070-0700][info][gc,phases      ] GC(73)   Post Evacuate Collection Set: 0.9ms
[2024-07-05T06:32:25.070-0700][info][gc,phases      ] GC(73)   Other: 0.2ms
[2024-07-05T06:32:25.070-0700][info][gc,heap        ] GC(73) Eden regions: 38->0(178)
[2024-07-05T06:32:25.070-0700][info][gc,heap        ] GC(73) Survivor regions: 26->26(26)
[2024-07-05T06:32:25.070-0700][info][gc,heap        ] GC(73) Old regions: 3942->3980
[2024-07-05T06:32:25.070-0700][info][gc,heap        ] GC(73) Archive regions: 2->2
[2024-07-05T06:32:25.070-0700][info][gc,heap        ] GC(73) Humongous regions: 16->16
[2024-07-05T06:32:25.070-0700][info][gc,metaspace   ] GC(73) Metaspace: 300K(512K)->300K(512K) NonClass: 293K(384K)->293K(384K) Class: 7K(128K)->7K(128K)
[2024-07-05T06:32:25.070-0700][info][gc             ] GC(73) Pause Young (Normal) (G1 Preventive Collection) 4020M->4019M(4096M) 26.300ms
[2024-07-05T06:32:25.070-0700][info][gc,cpu         ] GC(73) User=0.08s Sys=0.00s Real=0.02s
[2024-07-05T06:32:32.476-0700][info][gc,start       ] GC(74) Pause Young (Concurrent Start) (G1 Preventive Collection)
[2024-07-05T06:32:32.476-0700][info][gc,task        ] GC(74) Using 4 workers of 4 for evacuation
[2024-07-05T06:32:32.498-0700][info][gc,phases      ] GC(74)   Pre Evacuate Collection Set: 1.0ms
[2024-07-05T06:32:32.498-0700][info][gc,phases      ] GC(74)   Merge Heap Roots: 0.2ms
[2024-07-05T06:32:32.498-0700][info][gc,phases      ] GC(74)   Evacuate Collection Set: 19.3ms
[2024-07-05T06:32:32.498-0700][info][gc,phases      ] GC(74)   Post Evacuate Collection Set: 0.5ms
[2024-07-05T06:32:32.498-0700][info][gc,phases      ] GC(74)   Other: 0.5ms
[2024-07-05T06:32:32.498-0700][info][gc,heap        ] GC(74) Eden regions: 20->0(183)
[2024-07-05T06:32:32.498-0700][info][gc,heap        ] GC(74) Survivor regions: 26->21(26)
[2024-07-05T06:32:32.498-0700][info][gc,heap        ] GC(74) Old regions: 3980->4006
[2024-07-05T06:32:32.498-0700][info][gc,heap        ] GC(74) Archive regions: 2->2
[2024-07-05T06:32:32.498-0700][info][gc,heap        ] GC(74) Humongous regions: 16->16
[2024-07-05T06:32:32.498-0700][info][gc,metaspace   ] GC(74) Metaspace: 300K(512K)->300K(512K) NonClass: 293K(384K)->293K(384K) Class: 7K(128K)->7K(128K)
[2024-07-05T06:32:32.498-0700][info][gc             ] GC(74) Pause Young (Concurrent Start) (G1 Preventive Collection) 4039M->4040M(4096M) 21.496ms
[2024-07-05T06:32:32.498-0700][info][gc,cpu         ] GC(74) User=0.06s Sys=0.00s Real=0.02s
[2024-07-05T06:32:32.498-0700][info][gc             ] GC(75) Concurrent Mark Cycle
[2024-07-05T06:32:32.498-0700][info][gc,marking     ] GC(75) Concurrent Clear Claimed Marks
[2024-07-05T06:32:32.498-0700][info][gc,marking     ] GC(75) Concurrent Clear Claimed Marks 0.007ms
[2024-07-05T06:32:32.498-0700][info][gc,marking     ] GC(75) Concurrent Scan Root Regions
[2024-07-05T06:32:32.501-0700][info][gc,marking     ] GC(75) Concurrent Scan Root Regions 3.025ms
[2024-07-05T06:32:32.501-0700][info][gc,marking     ] GC(75) Concurrent Mark
[2024-07-05T06:32:32.501-0700][info][gc,marking     ] GC(75) Concurrent Mark From Roots
[2024-07-05T06:32:32.501-0700][info][gc,task        ] GC(75) Using 1 workers of 1 for marking
[2024-07-05T06:32:33.453-0700][info][gc,marking     ] GC(75) Concurrent Mark From Roots 951.849ms
[2024-07-05T06:32:33.453-0700][info][gc,marking     ] GC(75) Concurrent Preclean
[2024-07-05T06:32:33.453-0700][info][gc,marking     ] GC(75) Concurrent Preclean 0.086ms
[2024-07-05T06:32:49.763-0700][info][gc,start       ] GC(75) Pause Remark
[2024-07-05T06:32:49.766-0700][info][gc             ] GC(75) Pause Remark 4048M->4048M(4096M) 2.978ms
[2024-07-05T06:32:49.766-0700][info][gc,cpu         ] GC(75) User=0.01s Sys=0.00s Real=0.00s
[2024-07-05T06:32:49.770-0700][info][gc,marking     ] GC(75) Concurrent Mark 17269.613ms
[2024-07-05T06:32:49.770-0700][info][gc,marking     ] GC(75) Concurrent Rebuild Remembered Sets
[2024-07-05T06:32:50.245-0700][info][gc,marking     ] GC(75) Concurrent Rebuild Remembered Sets 474.471ms
[2024-07-05T06:32:51.768-0700][info][gc,start       ] GC(75) Pause Cleanup
[2024-07-05T06:32:51.769-0700][info][gc             ] GC(75) Pause Cleanup 4048M->4048M(4096M) 1.485ms
[2024-07-05T06:32:51.769-0700][info][gc,cpu         ] GC(75) User=0.00s Sys=0.00s Real=0.00s
[2024-07-05T06:32:51.769-0700][info][gc,marking     ] GC(75) Concurrent Cleanup for Next Mark
[2024-07-05T06:32:51.782-0700][info][gc,marking     ] GC(75) Concurrent Cleanup for Next Mark 12.997ms
[2024-07-05T06:32:51.783-0700][info][gc             ] GC(75) Concurrent Mark Cycle 19284.835ms
[2024-07-05T06:32:53.900-0700][info][gc,start       ] GC(76) Pause Young (Normal) (G1 Preventive Collection)
[2024-07-05T06:32:53.900-0700][info][gc,task        ] GC(76) Using 4 workers of 4 for evacuation
[2024-07-05T06:32:53.920-0700][info][gc,phases      ] GC(76)   Pre Evacuate Collection Set: 1.1ms
[2024-07-05T06:32:53.920-0700][info][gc,phases      ] GC(76)   Merge Heap Roots: 0.4ms
[2024-07-05T06:32:53.920-0700][info][gc,phases      ] GC(76)   Evacuate Collection Set: 17.6ms
[2024-07-05T06:32:53.920-0700][info][gc,phases      ] GC(76)   Post Evacuate Collection Set: 0.9ms
[2024-07-05T06:32:53.920-0700][info][gc,phases      ] GC(76)   Other: 0.2ms
[2024-07-05T06:32:53.920-0700][info][gc,heap        ] GC(76) Eden regions: 13->0(189)
[2024-07-05T06:32:53.920-0700][info][gc,heap        ] GC(76) Survivor regions: 21->15(26)
[2024-07-05T06:32:53.920-0700][info][gc,heap        ] GC(76) Old regions: 4006->4026
[2024-07-05T06:32:53.920-0700][info][gc,heap        ] GC(76) Archive regions: 2->2
[2024-07-05T06:32:53.920-0700][info][gc,heap        ] GC(76) Humongous regions: 16->16
[2024-07-05T06:32:53.920-0700][info][gc,metaspace   ] GC(76) Metaspace: 300K(512K)->300K(512K) NonClass: 293K(384K)->293K(384K) Class: 7K(128K)->7K(128K)
[2024-07-05T06:32:53.920-0700][info][gc             ] GC(76) Pause Young (Normal) (G1 Preventive Collection) 4053M->4054M(4096M) 20.420ms
[2024-07-05T06:32:53.920-0700][info][gc,cpu         ] GC(76) User=0.04s Sys=0.00s Real=0.02s
[2024-07-05T06:32:58.426-0700][info][gc,start       ] GC(77) Pause Young (Concurrent Start) (G1 Preventive Collection)
[2024-07-05T06:32:58.426-0700][info][gc,task        ] GC(77) Using 4 workers of 4 for evacuation
[2024-07-05T06:32:58.444-0700][info][gc,phases      ] GC(77)   Pre Evacuate Collection Set: 0.6ms
[2024-07-05T06:32:58.444-0700][info][gc,phases      ] GC(77)   Merge Heap Roots: 0.4ms
[2024-07-05T06:32:58.444-0700][info][gc,phases      ] GC(77)   Evacuate Collection Set: 15.4ms
[2024-07-05T06:32:58.444-0700][info][gc,phases      ] GC(77)   Post Evacuate Collection Set: 0.9ms
[2024-07-05T06:32:58.444-0700][info][gc,phases      ] GC(77)   Other: 0.7ms
[2024-07-05T06:32:58.444-0700][info][gc,heap        ] GC(77) Eden regions: 10->0(180)
[2024-07-05T06:32:58.444-0700][info][gc,heap        ] GC(77) Survivor regions: 15->24(26)
[2024-07-05T06:32:58.444-0700][info][gc,heap        ] GC(77) Old regions: 4026->4026
[2024-07-05T06:32:58.444-0700][info][gc,heap        ] GC(77) Archive regions: 2->2
[2024-07-05T06:32:58.444-0700][info][gc,heap        ] GC(77) Humongous regions: 16->16
[2024-07-05T06:32:58.444-0700][info][gc,metaspace   ] GC(77) Metaspace: 300K(512K)->300K(512K) NonClass: 293K(384K)->293K(384K) Class: 7K(128K)->7K(128K)
[2024-07-05T06:32:58.444-0700][info][gc             ] GC(77) Pause Young (Concurrent Start) (G1 Preventive Collection) 4064M->4063M(4096M) 18.117ms
[2024-07-05T06:32:58.444-0700][info][gc,cpu         ] GC(77) User=0.05s Sys=0.00s Real=0.02s
[2024-07-05T06:32:58.444-0700][info][gc             ] GC(78) Concurrent Mark Cycle
[2024-07-05T06:32:58.444-0700][info][gc,marking     ] GC(78) Concurrent Clear Claimed Marks
[2024-07-05T06:32:58.444-0700][info][gc,marking     ] GC(78) Concurrent Clear Claimed Marks 0.018ms
[2024-07-05T06:32:58.445-0700][info][gc,marking     ] GC(78) Concurrent Scan Root Regions
[2024-07-05T06:32:58.447-0700][info][gc,marking     ] GC(78) Concurrent Scan Root Regions 2.192ms
[2024-07-05T06:32:58.447-0700][info][gc,marking     ] GC(78) Concurrent Mark
[2024-07-05T06:32:58.447-0700][info][gc,marking     ] GC(78) Concurrent Mark From Roots
[2024-07-05T06:32:58.447-0700][info][gc,start       ] GC(79) Pause Young (Normal) (G1 Preventive Collection)
[2024-07-05T06:32:58.447-0700][info][gc,task        ] GC(79) Using 4 workers of 4 for evacuation
[2024-07-05T06:32:58.447-0700][info][gc,task        ] GC(78) Using 1 workers of 1 for marking
[2024-07-05T06:32:58.461-0700][info][gc,phases      ] GC(79)   Pre Evacuate Collection Set: 1.9ms
[2024-07-05T06:32:58.461-0700][info][gc,phases      ] GC(79)   Merge Heap Roots: 0.2ms
[2024-07-05T06:32:58.461-0700][info][gc,phases      ] GC(79)   Evacuate Collection Set: 11.7ms
[2024-07-05T06:32:58.461-0700][info][gc,phases      ] GC(79)   Post Evacuate Collection Set: 0.6ms
[2024-07-05T06:32:58.461-0700][info][gc,phases      ] GC(79)   Other: 0.2ms
[2024-07-05T06:32:58.461-0700][info][gc,heap        ] GC(79) Eden regions: 1->0(192)
[2024-07-05T06:32:58.461-0700][info][gc,heap        ] GC(79) Survivor regions: 24->12(26)
[2024-07-05T06:32:58.461-0700][info][gc,heap        ] GC(79) Old regions: 4026->4039
[2024-07-05T06:32:58.461-0700][info][gc,heap        ] GC(79) Archive regions: 2->2
[2024-07-05T06:32:58.461-0700][info][gc,heap        ] GC(79) Humongous regions: 16->16
[2024-07-05T06:32:58.461-0700][info][gc,metaspace   ] GC(79) Metaspace: 300K(512K)->300K(512K) NonClass: 293K(384K)->293K(384K) Class: 7K(128K)->7K(128K)
[2024-07-05T06:32:58.461-0700][info][gc             ] GC(79) Pause Young (Normal) (G1 Preventive Collection) 4064M->4063M(4096M) 14.319ms
[2024-07-05T06:32:58.461-0700][info][gc,cpu         ] GC(79) User=0.04s Sys=0.00s Real=0.01s
[2024-07-05T06:32:59.373-0700][info][gc,marking     ] GC(78) Concurrent Mark From Roots 925.967ms
[2024-07-05T06:32:59.373-0700][info][gc,marking     ] GC(78) Concurrent Preclean
[2024-07-05T06:32:59.373-0700][info][gc,marking     ] GC(78) Concurrent Preclean 0.075ms
[2024-07-05T06:33:01.860-0700][info][gc,start       ] GC(78) Pause Remark
[2024-07-05T06:33:01.862-0700][info][gc             ] GC(78) Pause Remark 4067M->4067M(4096M) 2.032ms
[2024-07-05T06:33:01.862-0700][info][gc,cpu         ] GC(78) User=0.01s Sys=0.00s Real=0.00s
[2024-07-05T06:33:01.862-0700][info][gc,marking     ] GC(78) Concurrent Mark 3415.414ms
[2024-07-05T06:33:01.862-0700][info][gc,marking     ] GC(78) Concurrent Rebuild Remembered Sets
[2024-07-05T06:33:02.305-0700][info][gc,marking     ] GC(78) Concurrent Rebuild Remembered Sets 442.692ms
[2024-07-05T06:33:05.519-0700][info][gc,start       ] GC(78) Pause Cleanup
[2024-07-05T06:33:05.521-0700][info][gc             ] GC(78) Pause Cleanup 4067M->4067M(4096M) 1.530ms
[2024-07-05T06:33:05.521-0700][info][gc,cpu         ] GC(78) User=0.00s Sys=0.00s Real=0.00s
[2024-07-05T06:33:05.521-0700][info][gc,marking     ] GC(78) Concurrent Cleanup for Next Mark
[2024-07-05T06:33:05.538-0700][info][gc,marking     ] GC(78) Concurrent Cleanup for Next Mark 16.341ms
[2024-07-05T06:33:05.538-0700][info][gc             ] GC(78) Concurrent Mark Cycle 7093.169ms
[2024-07-05T06:33:06.301-0700][info][gc,start       ] GC(80) Pause Young (Prepare Mixed) (G1 Preventive Collection)
[2024-07-05T06:33:06.301-0700][info][gc,task        ] GC(80) Using 4 workers of 4 for evacuation
[2024-07-05T06:33:06.317-0700][info][gc,phases      ] GC(80)   Pre Evacuate Collection Set: 0.7ms
[2024-07-05T06:33:06.317-0700][info][gc,phases      ] GC(80)   Merge Heap Roots: 0.2ms
[2024-07-05T06:33:06.317-0700][info][gc,phases      ] GC(80)   Evacuate Collection Set: 14.4ms
[2024-07-05T06:33:06.317-0700][info][gc,phases      ] GC(80)   Post Evacuate Collection Set: 0.5ms
[2024-07-05T06:33:06.317-0700][info][gc,phases      ] GC(80)   Other: 0.1ms
[2024-07-05T06:33:06.317-0700][info][gc,heap        ] GC(80) Eden regions: 6->0(186)
[2024-07-05T06:33:06.317-0700][info][gc,heap        ] GC(80) Survivor regions: 12->18(21)
[2024-07-05T06:33:06.317-0700][info][gc,heap        ] GC(80) Old regions: 4039->4039
[2024-07-05T06:33:06.317-0700][info][gc,heap        ] GC(80) Archive regions: 2->2
[2024-07-05T06:33:06.317-0700][info][gc,heap        ] GC(80) Humongous regions: 16->16
[2024-07-05T06:33:06.317-0700][info][gc,metaspace   ] GC(80) Metaspace: 300K(512K)->300K(512K) NonClass: 293K(384K)->293K(384K) Class: 7K(128K)->7K(128K)
[2024-07-05T06:33:06.317-0700][info][gc             ] GC(80) Pause Young (Prepare Mixed) (G1 Preventive Collection) 4069M->4070M(4096M) 16.089ms
[2024-07-05T06:33:06.317-0700][info][gc,cpu         ] GC(80) User=0.04s Sys=0.00s Real=0.02s
[2024-07-05T06:33:06.317-0700][info][gc,start       ] GC(81) Pause Young (Mixed) (G1 Preventive Collection)
[2024-07-05T06:33:06.317-0700][info][gc,task        ] GC(81) Using 4 workers of 4 for evacuation
[2024-07-05T06:33:06.322-0700][info][gc,phases      ] GC(81)   Pre Evacuate Collection Set: 0.5ms
[2024-07-05T06:33:06.322-0700][info][gc,phases      ] GC(81)   Merge Heap Roots: 0.1ms
[2024-07-05T06:33:06.322-0700][info][gc,phases      ] GC(81)   Evacuate Collection Set: 4.0ms
[2024-07-05T06:33:06.322-0700][info][gc,phases      ] GC(81)   Post Evacuate Collection Set: 0.4ms
[2024-07-05T06:33:06.322-0700][info][gc,phases      ] GC(81)   Other: 0.1ms
[2024-07-05T06:33:06.322-0700][info][gc,heap        ] GC(81) Eden regions: 1->0(195)
[2024-07-05T06:33:06.322-0700][info][gc,heap        ] GC(81) Survivor regions: 18->9(20)
[2024-07-05T06:33:06.322-0700][info][gc,heap        ] GC(81) Old regions: 4039->4048
[2024-07-05T06:33:06.322-0700][info][gc,heap        ] GC(81) Archive regions: 2->2
[2024-07-05T06:33:06.323-0700][info][gc,heap        ] GC(81) Humongous regions: 16->16
[2024-07-05T06:33:06.323-0700][info][gc,metaspace   ] GC(81) Metaspace: 300K(512K)->300K(512K) NonClass: 293K(384K)->293K(384K) Class: 7K(128K)->7K(128K)
[2024-07-05T06:33:06.323-0700][info][gc             ] GC(81) Pause Young (Mixed) (G1 Preventive Collection) 4071M->4070M(4096M) 5.186ms
[2024-07-05T06:33:06.323-0700][info][gc,cpu         ] GC(81) User=0.01s Sys=0.00s Real=0.01s
[2024-07-05T06:33:06.323-0700][info][gc,start       ] GC(82) Pause Young (Concurrent Start) (G1 Preventive Collection)
[2024-07-05T06:33:06.323-0700][info][gc,task        ] GC(82) Using 4 workers of 4 for evacuation
[2024-07-05T06:33:06.332-0700][info][gc,phases      ] GC(82)   Pre Evacuate Collection Set: 0.6ms
[2024-07-05T06:33:06.333-0700][info][gc,phases      ] GC(82)   Merge Heap Roots: 0.2ms
[2024-07-05T06:33:06.333-0700][info][gc,phases      ] GC(82)   Evacuate Collection Set: 7.0ms
[2024-07-05T06:33:06.333-0700][info][gc,phases      ] GC(82)   Post Evacuate Collection Set: 0.8ms
[2024-07-05T06:33:06.333-0700][info][gc,phases      ] GC(82)   Other: 0.7ms
[2024-07-05T06:33:06.333-0700][info][gc,heap        ] GC(82) Eden regions: 5->0(190)
[2024-07-05T06:33:06.333-0700][info][gc,heap        ] GC(82) Survivor regions: 9->14(16)
[2024-07-05T06:33:06.333-0700][info][gc,heap        ] GC(82) Old regions: 4048->4048
[2024-07-05T06:33:06.333-0700][info][gc,heap        ] GC(82) Archive regions: 2->2
[2024-07-05T06:33:06.333-0700][info][gc,heap        ] GC(82) Humongous regions: 16->16
[2024-07-05T06:33:06.333-0700][info][gc,metaspace   ] GC(82) Metaspace: 300K(512K)->300K(512K) NonClass: 293K(384K)->293K(384K) Class: 7K(128K)->7K(128K)
[2024-07-05T06:33:06.333-0700][info][gc             ] GC(82) Pause Young (Concurrent Start) (G1 Preventive Collection) 4075M->4076M(4096M) 9.449ms
[2024-07-05T06:33:06.333-0700][info][gc,cpu         ] GC(82) User=0.03s Sys=0.00s Real=0.00s
[2024-07-05T06:33:06.333-0700][info][gc             ] GC(83) Concurrent Mark Cycle
[2024-07-05T06:33:06.333-0700][info][gc,marking     ] GC(83) Concurrent Clear Claimed Marks
[2024-07-05T06:33:06.333-0700][info][gc,marking     ] GC(83) Concurrent Clear Claimed Marks 0.010ms
[2024-07-05T06:33:06.333-0700][info][gc,marking     ] GC(83) Concurrent Scan Root Regions
[2024-07-05T06:33:06.334-0700][info][gc,marking     ] GC(83) Concurrent Scan Root Regions 0.950ms
[2024-07-05T06:33:06.334-0700][info][gc,marking     ] GC(83) Concurrent Mark
[2024-07-05T06:33:06.334-0700][info][gc,marking     ] GC(83) Concurrent Mark From Roots
[2024-07-05T06:33:06.334-0700][info][gc,task        ] GC(83) Using 1 workers of 1 for marking
[2024-07-05T06:33:06.334-0700][info][gc,start       ] GC(84) Pause Young (Normal) (G1 Preventive Collection)
[2024-07-05T06:33:06.334-0700][info][gc,task        ] GC(84) Using 4 workers of 4 for evacuation
[2024-07-05T06:33:06.338-0700][info][gc,phases      ] GC(84)   Pre Evacuate Collection Set: 1.4ms
[2024-07-05T06:33:06.338-0700][info][gc,phases      ] GC(84)   Merge Heap Roots: 0.1ms
[2024-07-05T06:33:06.338-0700][info][gc,phases      ] GC(84)   Evacuate Collection Set: 2.9ms
[2024-07-05T06:33:06.338-0700][info][gc,phases      ] GC(84)   Post Evacuate Collection Set: 0.4ms
[2024-07-05T06:33:06.338-0700][info][gc,phases      ] GC(84)   Other: 0.1ms
[2024-07-05T06:33:06.338-0700][info][gc,heap        ] GC(84) Eden regions: 1->0(189)
[2024-07-05T06:33:06.338-0700][info][gc,heap        ] GC(84) Survivor regions: 14->15(15)
[2024-07-05T06:33:06.338-0700][info][gc,heap        ] GC(84) Old regions: 4048->4048
[2024-07-05T06:33:06.338-0700][info][gc,heap        ] GC(84) Archive regions: 2->2
[2024-07-05T06:33:06.338-0700][info][gc,heap        ] GC(84) Humongous regions: 16->16
[2024-07-05T06:33:06.338-0700][info][gc,metaspace   ] GC(84) Metaspace: 300K(512K)->300K(512K) NonClass: 293K(384K)->293K(384K) Class: 7K(128K)->7K(128K)
[2024-07-05T06:33:06.338-0700][info][gc             ] GC(84) Pause Young (Normal) (G1 Preventive Collection) 4077M->4076M(4096M) 4.309ms
[2024-07-05T06:33:06.338-0700][info][gc,cpu         ] GC(84) User=0.01s Sys=0.00s Real=0.01s
[2024-07-05T06:33:07.365-0700][info][gc,marking     ] GC(83) Concurrent Mark From Roots 1031.315ms
[2024-07-05T06:33:07.365-0700][info][gc,marking     ] GC(83) Concurrent Preclean
[2024-07-05T06:33:07.365-0700][info][gc,marking     ] GC(83) Concurrent Preclean 0.085ms
[2024-07-05T06:33:34.548-0700][info][gc,start       ] GC(83) Pause Remark
[2024-07-05T06:33:34.552-0700][info][gc             ] GC(83) Pause Remark 4077M->4077M(4096M) 4.882ms
[2024-07-05T06:33:34.552-0700][info][gc,cpu         ] GC(83) User=0.00s Sys=0.00s Real=0.00s
[2024-07-05T06:33:34.553-0700][info][gc,marking     ] GC(83) Concurrent Mark 28218.935ms
[2024-07-05T06:33:34.553-0700][info][gc,marking     ] GC(83) Concurrent Rebuild Remembered Sets
[2024-07-05T06:33:34.952-0700][info][gc,marking     ] GC(83) Concurrent Rebuild Remembered Sets 399.337ms
[2024-07-05T06:33:35.751-0700][info][gc,start       ] GC(83) Pause Cleanup
[2024-07-05T06:33:35.753-0700][info][gc             ] GC(83) Pause Cleanup 4077M->4077M(4096M) 1.562ms
[2024-07-05T06:33:35.753-0700][info][gc,cpu         ] GC(83) User=0.00s Sys=0.00s Real=0.00s
[2024-07-05T06:33:35.753-0700][info][gc,marking     ] GC(83) Concurrent Cleanup for Next Mark
[2024-07-05T06:33:35.760-0700][info][gc,marking     ] GC(83) Concurrent Cleanup for Next Mark 6.470ms
[2024-07-05T06:33:35.760-0700][info][gc             ] GC(83) Concurrent Mark Cycle 29426.958ms
[2024-07-05T06:33:37.370-0700][info][gc,start       ] GC(85) Pause Young (Prepare Mixed) (G1 Preventive Collection)
[2024-07-05T06:33:37.370-0700][info][gc,task        ] GC(85) Using 4 workers of 4 for evacuation
[2024-07-05T06:33:37.383-0700][info][gc             ] GC(85) To-space exhausted
[2024-07-05T06:33:37.383-0700][info][gc,phases      ] GC(85)   Pre Evacuate Collection Set: 1.2ms
[2024-07-05T06:33:37.383-0700][info][gc,phases      ] GC(85)   Merge Heap Roots: 0.3ms
[2024-07-05T06:33:37.383-0700][info][gc,phases      ] GC(85)   Evacuate Collection Set: 10.0ms
[2024-07-05T06:33:37.383-0700][info][gc,phases      ] GC(85)   Post Evacuate Collection Set: 1.2ms
[2024-07-05T06:33:37.383-0700][info][gc,phases      ] GC(85)   Other: 0.2ms
[2024-07-05T06:33:37.383-0700][info][gc,heap        ] GC(85) Eden regions: 1->0(191)
[2024-07-05T06:33:37.383-0700][info][gc,heap        ] GC(85) Survivor regions: 15->13(14)
[2024-07-05T06:33:37.383-0700][info][gc,heap        ] GC(85) Old regions: 4048->4052
[2024-07-05T06:33:37.383-0700][info][gc,heap        ] GC(85) Archive regions: 2->2
[2024-07-05T06:33:37.383-0700][info][gc,heap        ] GC(85) Humongous regions: 16->16
[2024-07-05T06:33:37.383-0700][info][gc,metaspace   ] GC(85) Metaspace: 300K(512K)->300K(512K) NonClass: 293K(384K)->293K(384K) Class: 7K(128K)->7K(128K)
[2024-07-05T06:33:37.383-0700][info][gc             ] GC(85) Pause Young (Prepare Mixed) (G1 Preventive Collection) 4077M->4080M(4096M) 13.115ms
[2024-07-05T06:33:37.383-0700][info][gc,cpu         ] GC(85) User=0.03s Sys=0.01s Real=0.02s
[2024-07-05T06:33:37.383-0700][info][gc,start       ] GC(86) Pause Young (Mixed) (G1 Preventive Collection)
[2024-07-05T06:33:37.383-0700][info][gc,task        ] GC(86) Using 4 workers of 4 for evacuation
[2024-07-05T06:33:37.388-0700][info][gc             ] GC(86) To-space exhausted
[2024-07-05T06:33:37.388-0700][info][gc,phases      ] GC(86)   Pre Evacuate Collection Set: 0.6ms
[2024-07-05T06:33:37.388-0700][info][gc,phases      ] GC(86)   Merge Heap Roots: 0.2ms
[2024-07-05T06:33:37.388-0700][info][gc,phases      ] GC(86)   Evacuate Collection Set: 2.9ms
[2024-07-05T06:33:37.388-0700][info][gc,phases      ] GC(86)   Post Evacuate Collection Set: 1.1ms
[2024-07-05T06:33:37.388-0700][info][gc,phases      ] GC(86)   Other: 0.1ms
[2024-07-05T06:33:37.388-0700][info][gc,heap        ] GC(86) Eden regions: 1->0(193)
[2024-07-05T06:33:37.388-0700][info][gc,heap        ] GC(86) Survivor regions: 13->11(12)
[2024-07-05T06:33:37.388-0700][info][gc,heap        ] GC(86) Old regions: 4052->4058
[2024-07-05T06:33:37.388-0700][info][gc,heap        ] GC(86) Archive regions: 2->2
[2024-07-05T06:33:37.388-0700][info][gc,heap        ] GC(86) Humongous regions: 16->16
[2024-07-05T06:33:37.388-0700][info][gc,metaspace   ] GC(86) Metaspace: 300K(512K)->300K(512K) NonClass: 293K(384K)->293K(384K) Class: 7K(128K)->7K(128K)
[2024-07-05T06:33:37.388-0700][info][gc             ] GC(86) Pause Young (Mixed) (G1 Preventive Collection) 4081M->4084M(4096M) 5.056ms
[2024-07-05T06:33:37.388-0700][info][gc,cpu         ] GC(86) User=0.01s Sys=0.00s Real=0.00s
[2024-07-05T06:33:37.389-0700][info][gc,start       ] GC(87) Pause Young (Concurrent Start) (G1 Preventive Collection)
[2024-07-05T06:33:37.389-0700][info][gc,task        ] GC(87) Using 4 workers of 4 for evacuation
[2024-07-05T06:33:37.393-0700][info][gc             ] GC(87) To-space exhausted
[2024-07-05T06:33:37.393-0700][info][gc,phases      ] GC(87)   Pre Evacuate Collection Set: 0.6ms
[2024-07-05T06:33:37.393-0700][info][gc,phases      ] GC(87)   Merge Heap Roots: 0.2ms
[2024-07-05T06:33:37.393-0700][info][gc,phases      ] GC(87)   Evacuate Collection Set: 2.1ms
[2024-07-05T06:33:37.393-0700][info][gc,phases      ] GC(87)   Post Evacuate Collection Set: 1.1ms
[2024-07-05T06:33:37.393-0700][info][gc,phases      ] GC(87)   Other: 0.3ms
[2024-07-05T06:33:37.393-0700][info][gc,heap        ] GC(87) Eden regions: 1->0(196)
[2024-07-05T06:33:37.393-0700][info][gc,heap        ] GC(87) Survivor regions: 11->8(8)
[2024-07-05T06:33:37.393-0700][info][gc,heap        ] GC(87) Old regions: 4058->4064
[2024-07-05T06:33:37.393-0700][info][gc,heap        ] GC(87) Archive regions: 2->2
[2024-07-05T06:33:37.393-0700][info][gc,heap        ] GC(87) Humongous regions: 16->16
[2024-07-05T06:33:37.393-0700][info][gc,metaspace   ] GC(87) Metaspace: 300K(512K)->300K(512K) NonClass: 293K(384K)->293K(384K) Class: 7K(128K)->7K(128K)
[2024-07-05T06:33:37.393-0700][info][gc             ] GC(87) Pause Young (Concurrent Start) (G1 Preventive Collection) 4085M->4087M(4096M) 4.372ms
[2024-07-05T06:33:37.393-0700][info][gc,cpu         ] GC(87) User=0.01s Sys=0.00s Real=0.00s
[2024-07-05T06:33:37.393-0700][info][gc             ] GC(88) Concurrent Mark Cycle
[2024-07-05T06:33:37.393-0700][info][gc,marking     ] GC(88) Concurrent Clear Claimed Marks
[2024-07-05T06:33:37.393-0700][info][gc,marking     ] GC(88) Concurrent Clear Claimed Marks 0.007ms
[2024-07-05T06:33:37.393-0700][info][gc,marking     ] GC(88) Concurrent Scan Root Regions
[2024-07-05T06:33:37.394-0700][info][gc,marking     ] GC(88) Concurrent Scan Root Regions 0.827ms
[2024-07-05T06:33:37.394-0700][info][gc,marking     ] GC(88) Concurrent Mark
[2024-07-05T06:33:37.394-0700][info][gc,marking     ] GC(88) Concurrent Mark From Roots
[2024-07-05T06:33:37.394-0700][info][gc,task        ] GC(88) Using 1 workers of 1 for marking
[2024-07-05T06:33:37.394-0700][info][gc,start       ] GC(89) Pause Young (Normal) (G1 Preventive Collection)
[2024-07-05T06:33:37.394-0700][info][gc,task        ] GC(89) Using 4 workers of 4 for evacuation
[2024-07-05T06:33:37.399-0700][info][gc             ] GC(89) To-space exhausted
[2024-07-05T06:33:37.399-0700][info][gc,phases      ] GC(89)   Pre Evacuate Collection Set: 0.7ms
[2024-07-05T06:33:37.399-0700][info][gc,phases      ] GC(89)   Merge Heap Roots: 0.2ms
[2024-07-05T06:33:37.399-0700][info][gc,phases      ] GC(89)   Evacuate Collection Set: 2.3ms
[2024-07-05T06:33:37.399-0700][info][gc,phases      ] GC(89)   Post Evacuate Collection Set: 1.5ms
[2024-07-05T06:33:37.399-0700][info][gc,phases      ] GC(89)   Other: 0.1ms
[2024-07-05T06:33:37.399-0700][info][gc,heap        ] GC(89) Eden regions: 1->0(199)
[2024-07-05T06:33:37.399-0700][info][gc,heap        ] GC(89) Survivor regions: 8->5(5)
[2024-07-05T06:33:37.399-0700][info][gc,heap        ] GC(89) Old regions: 4064->4070
[2024-07-05T06:33:37.399-0700][info][gc,heap        ] GC(89) Archive regions: 2->2
[2024-07-05T06:33:37.399-0700][info][gc,heap        ] GC(89) Humongous regions: 16->16
[2024-07-05T06:33:37.399-0700][info][gc,metaspace   ] GC(89) Metaspace: 300K(512K)->300K(512K) NonClass: 293K(384K)->293K(384K) Class: 7K(128K)->7K(128K)
[2024-07-05T06:33:37.399-0700][info][gc             ] GC(89) Pause Young (Normal) (G1 Preventive Collection) 4088M->4090M(4096M) 4.676ms
[2024-07-05T06:33:37.399-0700][info][gc,cpu         ] GC(89) User=0.00s Sys=0.00s Real=0.01s
[2024-07-05T06:33:37.402-0700][info][gc,start       ] GC(90) Pause Young (Normal) (G1 Preventive Collection)
[2024-07-05T06:33:37.403-0700][info][gc,task        ] GC(90) Using 4 workers of 4 for evacuation
[2024-07-05T06:33:37.405-0700][info][gc             ] GC(90) To-space exhausted
[2024-07-05T06:33:37.405-0700][info][gc,phases      ] GC(90)   Pre Evacuate Collection Set: 0.7ms
[2024-07-05T06:33:37.405-0700][info][gc,phases      ] GC(90)   Merge Heap Roots: 0.2ms
[2024-07-05T06:33:37.405-0700][info][gc,phases      ] GC(90)   Evacuate Collection Set: 1.0ms
[2024-07-05T06:33:37.405-0700][info][gc,phases      ] GC(90)   Post Evacuate Collection Set: 1.0ms
[2024-07-05T06:33:37.406-0700][info][gc,phases      ] GC(90)   Other: 0.1ms
[2024-07-05T06:33:37.406-0700][info][gc,heap        ] GC(90) Eden regions: 1->0(202)
[2024-07-05T06:33:37.406-0700][info][gc,heap        ] GC(90) Survivor regions: 5->2(2)
[2024-07-05T06:33:37.406-0700][info][gc,heap        ] GC(90) Old regions: 4070->4075
[2024-07-05T06:33:37.406-0700][info][gc,heap        ] GC(90) Archive regions: 2->2
[2024-07-05T06:33:37.406-0700][info][gc,heap        ] GC(90) Humongous regions: 16->16
[2024-07-05T06:33:37.406-0700][info][gc,metaspace   ] GC(90) Metaspace: 300K(512K)->300K(512K) NonClass: 293K(384K)->293K(384K) Class: 7K(128K)->7K(128K)
[2024-07-05T06:33:37.406-0700][info][gc             ] GC(90) Pause Young (Normal) (G1 Preventive Collection) 4091M->4092M(4096M) 3.067ms
[2024-07-05T06:33:37.406-0700][info][gc,cpu         ] GC(90) User=0.01s Sys=0.00s Real=0.00s
[2024-07-05T06:33:37.406-0700][info][gc,start       ] GC(91) Pause Young (Normal) (G1 Evacuation Pause)
[2024-07-05T06:33:37.406-0700][info][gc,task        ] GC(91) Using 4 workers of 4 for evacuation
[2024-07-05T06:33:37.408-0700][info][gc             ] GC(91) To-space exhausted
[2024-07-05T06:33:37.408-0700][info][gc,phases      ] GC(91)   Pre Evacuate Collection Set: 0.6ms
[2024-07-05T06:33:37.408-0700][info][gc,phases      ] GC(91)   Merge Heap Roots: 0.2ms
[2024-07-05T06:33:37.408-0700][info][gc,phases      ] GC(91)   Evacuate Collection Set: 0.6ms
[2024-07-05T06:33:37.408-0700][info][gc,phases      ] GC(91)   Post Evacuate Collection Set: 1.0ms
[2024-07-05T06:33:37.408-0700][info][gc,phases      ] GC(91)   Other: 0.1ms
[2024-07-05T06:33:37.408-0700][info][gc,heap        ] GC(91) Eden regions: 1->0(204)
[2024-07-05T06:33:37.408-0700][info][gc,heap        ] GC(91) Survivor regions: 2->0(0)
[2024-07-05T06:33:37.408-0700][info][gc,heap        ] GC(91) Old regions: 4075->4078
[2024-07-05T06:33:37.408-0700][info][gc,heap        ] GC(91) Archive regions: 2->2
[2024-07-05T06:33:37.408-0700][info][gc,heap        ] GC(91) Humongous regions: 16->16
[2024-07-05T06:33:37.408-0700][info][gc,metaspace   ] GC(91) Metaspace: 300K(512K)->300K(512K) NonClass: 293K(384K)->293K(384K) Class: 7K(128K)->7K(128K)
[2024-07-05T06:33:37.408-0700][info][gc             ] GC(91) Pause Young (Normal) (G1 Evacuation Pause) 4093M->4093M(4096M) 2.613ms
[2024-07-05T06:33:37.408-0700][info][gc,cpu         ] GC(91) User=0.00s Sys=0.00s Real=0.00s
[2024-07-05T06:33:37.408-0700][info][gc,ergo        ] Attempting full compaction
[2024-07-05T06:33:37.408-0700][info][gc,task        ] GC(92) Using 4 workers of 4 for full compaction
[2024-07-05T06:33:37.409-0700][info][gc,start       ] GC(92) Pause Full (G1 Compaction Pause)
[2024-07-05T06:33:37.412-0700][info][gc,phases,start] GC(92) Phase 1: Mark live objects
[2024-07-05T06:33:37.576-0700][info][gc,phases      ] GC(92) Phase 1: Mark live objects 163.311ms
[2024-07-05T06:33:37.576-0700][info][gc,phases,start] GC(92) Phase 2: Prepare for compaction
[2024-07-05T06:33:37.748-0700][info][gc,phases      ] GC(92) Phase 2: Prepare for compaction 171.997ms
[2024-07-05T06:33:37.748-0700][info][gc,phases,start] GC(92) Phase 3: Adjust pointers
[2024-07-05T06:33:37.885-0700][info][gc,phases      ] GC(92) Phase 3: Adjust pointers 136.778ms
[2024-07-05T06:33:37.885-0700][info][gc,phases,start] GC(92) Phase 4: Compact heap
[2024-07-05T06:33:38.502-0700][info][gc,phases      ] GC(92) Phase 4: Compact heap 616.798ms
[2024-07-05T06:33:38.508-0700][info][gc,heap        ] GC(92) Eden regions: 0->0(204)
[2024-07-05T06:33:38.508-0700][info][gc,heap        ] GC(92) Survivor regions: 0->0(0)
[2024-07-05T06:33:38.508-0700][info][gc,heap        ] GC(92) Old regions: 4078->3724
[2024-07-05T06:33:38.508-0700][info][gc,heap        ] GC(92) Archive regions: 2->2
[2024-07-05T06:33:38.508-0700][info][gc,heap        ] GC(92) Humongous regions: 16->16
[2024-07-05T06:33:38.508-0700][info][gc,metaspace   ] GC(92) Metaspace: 300K(512K)->300K(512K) NonClass: 293K(384K)->293K(384K) Class: 7K(128K)->7K(128K)
[2024-07-05T06:33:38.508-0700][info][gc             ] GC(92) Pause Full (G1 Compaction Pause) 4093M->3737M(4096M) 1099.679ms
[2024-07-05T06:33:38.508-0700][info][gc,cpu         ] GC(92) User=3.15s Sys=0.01s Real=1.10s
[2024-07-05T06:33:38.509-0700][info][gc,marking     ] GC(88) Concurrent Mark From Roots 1114.572ms
[2024-07-05T06:33:38.509-0700][info][gc,marking     ] GC(88) Concurrent Mark Abort
[2024-07-05T06:33:38.509-0700][info][gc             ] GC(88) Concurrent Mark Cycle 1115.514ms
[2024-07-05T06:34:58.814-0700][info][gc,start       ] GC(93) Pause Young (Normal) (G1 Preventive Collection)
[2024-07-05T06:34:58.814-0700][info][gc,task        ] GC(93) Using 4 workers of 4 for evacuation
[2024-07-05T06:34:58.909-0700][info][gc,phases      ] GC(93)   Pre Evacuate Collection Set: 0.7ms
[2024-07-05T06:34:58.909-0700][info][gc,phases      ] GC(93)   Merge Heap Roots: 0.3ms
[2024-07-05T06:34:58.909-0700][info][gc,phases      ] GC(93)   Evacuate Collection Set: 93.4ms
[2024-07-05T06:34:58.909-0700][info][gc,phases      ] GC(93)   Post Evacuate Collection Set: 0.5ms
[2024-07-05T06:34:58.909-0700][info][gc,phases      ] GC(93)   Other: 0.1ms
[2024-07-05T06:34:58.909-0700][info][gc,heap        ] GC(93) Eden regions: 175->0(178)
[2024-07-05T06:34:58.909-0700][info][gc,heap        ] GC(93) Survivor regions: 0->26(26)
[2024-07-05T06:34:58.909-0700][info][gc,heap        ] GC(93) Old regions: 3724->3871
[2024-07-05T06:34:58.909-0700][info][gc,heap        ] GC(93) Archive regions: 2->2
[2024-07-05T06:34:58.909-0700][info][gc,heap        ] GC(93) Humongous regions: 16->16
[2024-07-05T06:34:58.909-0700][info][gc,metaspace   ] GC(93) Metaspace: 300K(512K)->300K(512K) NonClass: 293K(384K)->293K(384K) Class: 7K(128K)->7K(128K)
[2024-07-05T06:34:58.909-0700][info][gc             ] GC(93) Pause Young (Normal) (G1 Preventive Collection) 3912M->3910M(4096M) 95.120ms
[2024-07-05T06:34:58.909-0700][info][gc,cpu         ] GC(93) User=0.20s Sys=0.03s Real=0.09s
[2024-07-05T06:35:38.208-0700][info][gc,start       ] GC(94) Pause Young (Concurrent Start) (G1 Preventive Collection)
[2024-07-05T06:35:38.208-0700][info][gc,task        ] GC(94) Using 4 workers of 4 for evacuation
[2024-07-05T06:35:38.258-0700][info][gc             ] GC(94) To-space exhausted
[2024-07-05T06:35:38.258-0700][info][gc,phases      ] GC(94)   Pre Evacuate Collection Set: 0.9ms
[2024-07-05T06:35:38.258-0700][info][gc,phases      ] GC(94)   Merge Heap Roots: 0.4ms
[2024-07-05T06:35:38.258-0700][info][gc,phases      ] GC(94)   Evacuate Collection Set: 45.9ms
[2024-07-05T06:35:38.258-0700][info][gc,phases      ] GC(94)   Post Evacuate Collection Set: 1.8ms
[2024-07-05T06:35:38.258-0700][info][gc,phases      ] GC(94)   Other: 1.0ms
[2024-07-05T06:35:38.258-0700][info][gc,heap        ] GC(94) Eden regions: 86->0(178)
[2024-07-05T06:35:38.258-0700][info][gc,heap        ] GC(94) Survivor regions: 26->26(26)
[2024-07-05T06:35:38.258-0700][info][gc,heap        ] GC(94) Old regions: 3871->3967
[2024-07-05T06:35:38.258-0700][info][gc,heap        ] GC(94) Archive regions: 2->2
[2024-07-05T06:35:38.258-0700][info][gc,heap        ] GC(94) Humongous regions: 16->16
[2024-07-05T06:35:38.258-0700][info][gc,metaspace   ] GC(94) Metaspace: 304K(512K)->304K(512K) NonClass: 296K(384K)->296K(384K) Class: 7K(128K)->7K(128K)
[2024-07-05T06:35:38.258-0700][info][gc             ] GC(94) Pause Young (Concurrent Start) (G1 Preventive Collection) 3996M->4006M(4096M) 49.928ms
[2024-07-05T06:35:38.258-0700][info][gc,cpu         ] GC(94) User=0.11s Sys=0.02s Real=0.05s
[2024-07-05T06:35:38.258-0700][info][gc             ] GC(95) Concurrent Mark Cycle
[2024-07-05T06:35:38.258-0700][info][gc,marking     ] GC(95) Concurrent Clear Claimed Marks
[2024-07-05T06:35:38.258-0700][info][gc,marking     ] GC(95) Concurrent Clear Claimed Marks 0.009ms
[2024-07-05T06:35:38.258-0700][info][gc,marking     ] GC(95) Concurrent Scan Root Regions
[2024-07-05T06:35:38.264-0700][info][gc,marking     ] GC(95) Concurrent Scan Root Regions 6.061ms
[2024-07-05T06:35:38.264-0700][info][gc,marking     ] GC(95) Concurrent Mark
[2024-07-05T06:35:38.264-0700][info][gc,marking     ] GC(95) Concurrent Mark From Roots
[2024-07-05T06:35:38.264-0700][info][gc,task        ] GC(95) Using 1 workers of 1 for marking
[2024-07-05T06:35:39.454-0700][info][gc,marking     ] GC(95) Concurrent Mark From Roots 1189.887ms
[2024-07-05T06:35:39.454-0700][info][gc,marking     ] GC(95) Concurrent Preclean
[2024-07-05T06:35:39.455-0700][info][gc,marking     ] GC(95) Concurrent Preclean 0.270ms
[2024-07-05T06:36:03.543-0700][info][gc,start       ] GC(95) Pause Remark
[2024-07-05T06:36:03.547-0700][info][gc             ] GC(95) Pause Remark 4009M->4009M(4096M) 4.747ms
[2024-07-05T06:36:03.548-0700][info][gc,cpu         ] GC(95) User=0.01s Sys=0.00s Real=0.00s
[2024-07-05T06:36:03.548-0700][info][gc,marking     ] GC(95) Concurrent Mark 25283.743ms
[2024-07-05T06:36:03.548-0700][info][gc,marking     ] GC(95) Concurrent Rebuild Remembered Sets
[2024-07-05T06:36:04.170-0700][info][gc,marking     ] GC(95) Concurrent Rebuild Remembered Sets 621.692ms
[2024-07-05T06:36:04.988-0700][info][gc,start       ] GC(95) Pause Cleanup
[2024-07-05T06:36:04.989-0700][info][gc             ] GC(95) Pause Cleanup 4009M->4009M(4096M) 1.479ms
[2024-07-05T06:36:04.989-0700][info][gc,cpu         ] GC(95) User=0.00s Sys=0.00s Real=0.00s
[2024-07-05T06:36:04.989-0700][info][gc,marking     ] GC(95) Concurrent Cleanup for Next Mark
[2024-07-05T06:36:04.998-0700][info][gc,marking     ] GC(95) Concurrent Cleanup for Next Mark 9.331ms
[2024-07-05T06:36:04.999-0700][info][gc             ] GC(95) Concurrent Mark Cycle 26740.604ms
[2024-07-05T06:36:25.001-0700][info][gc,start       ] GC(96) Pause Young (Prepare Mixed) (G1 Preventive Collection)
[2024-07-05T06:36:25.001-0700][info][gc,task        ] GC(96) Using 4 workers of 4 for evacuation
[2024-07-05T06:36:25.032-0700][info][gc             ] GC(96) To-space exhausted
[2024-07-05T06:36:25.032-0700][info][gc,phases      ] GC(96)   Pre Evacuate Collection Set: 1.4ms
[2024-07-05T06:36:25.032-0700][info][gc,phases      ] GC(96)   Merge Heap Roots: 0.3ms
[2024-07-05T06:36:25.032-0700][info][gc,phases      ] GC(96)   Evacuate Collection Set: 27.2ms
[2024-07-05T06:36:25.032-0700][info][gc,phases      ] GC(96)   Post Evacuate Collection Set: 2.0ms
[2024-07-05T06:36:25.032-0700][info][gc,phases      ] GC(96)   Other: 0.6ms
[2024-07-05T06:36:25.032-0700][info][gc,heap        ] GC(96) Eden regions: 33->0(178)
[2024-07-05T06:36:25.032-0700][info][gc,heap        ] GC(96) Survivor regions: 26->26(26)
[2024-07-05T06:36:25.032-0700][info][gc,heap        ] GC(96) Old regions: 3967->4007
[2024-07-05T06:36:25.032-0700][info][gc,heap        ] GC(96) Archive regions: 2->2
[2024-07-05T06:36:25.032-0700][info][gc,heap        ] GC(96) Humongous regions: 16->16
[2024-07-05T06:36:25.032-0700][info][gc,metaspace   ] GC(96) Metaspace: 304K(512K)->304K(512K) NonClass: 296K(384K)->296K(384K) Class: 7K(128K)->7K(128K)
[2024-07-05T06:36:25.032-0700][info][gc             ] GC(96) Pause Young (Prepare Mixed) (G1 Preventive Collection) 4039M->4046M(4096M) 31.576ms
[2024-07-05T06:36:25.032-0700][info][gc,cpu         ] GC(96) User=0.07s Sys=0.02s Real=0.03s
[2024-07-05T06:36:31.172-0700][info][gc,start       ] GC(97) Pause Young (Mixed) (G1 Preventive Collection)
[2024-07-05T06:36:31.172-0700][info][gc,task        ] GC(97) Using 4 workers of 4 for evacuation
[2024-07-05T06:36:31.195-0700][info][gc             ] GC(97) To-space exhausted
[2024-07-05T06:36:31.195-0700][info][gc,phases      ] GC(97)   Pre Evacuate Collection Set: 1.0ms
[2024-07-05T06:36:31.195-0700][info][gc,phases      ] GC(97)   Merge Heap Roots: 1.1ms
[2024-07-05T06:36:31.195-0700][info][gc,phases      ] GC(97)   Evacuate Collection Set: 19.8ms
[2024-07-05T06:36:31.195-0700][info][gc,phases      ] GC(97)   Post Evacuate Collection Set: 1.2ms
[2024-07-05T06:36:31.195-0700][info][gc,phases      ] GC(97)   Other: 0.2ms
[2024-07-05T06:36:31.196-0700][info][gc,heap        ] GC(97) Eden regions: 11->0(195)
[2024-07-05T06:36:31.196-0700][info][gc,heap        ] GC(97) Survivor regions: 26->9(26)
[2024-07-05T06:36:31.196-0700][info][gc,heap        ] GC(97) Old regions: 4007->4042
[2024-07-05T06:36:31.196-0700][info][gc,heap        ] GC(97) Archive regions: 2->2
[2024-07-05T06:36:31.196-0700][info][gc,heap        ] GC(97) Humongous regions: 16->16
[2024-07-05T06:36:31.196-0700][info][gc,metaspace   ] GC(97) Metaspace: 304K(512K)->304K(512K) NonClass: 296K(384K)->296K(384K) Class: 7K(128K)->7K(128K)
[2024-07-05T06:36:31.196-0700][info][gc             ] GC(97) Pause Young (Mixed) (G1 Preventive Collection) 4057M->4064M(4096M) 23.427ms
[2024-07-05T06:36:31.196-0700][info][gc,cpu         ] GC(97) User=0.06s Sys=0.01s Real=0.03s
[2024-07-05T06:36:37.646-0700][info][gc,start       ] GC(98) Pause Young (Concurrent Start) (G1 Preventive Collection)
[2024-07-05T06:36:37.646-0700][info][gc,task        ] GC(98) Using 4 workers of 4 for evacuation
[2024-07-05T06:36:37.670-0700][info][gc             ] GC(98) To-space exhausted
[2024-07-05T06:36:37.670-0700][info][gc,phases      ] GC(98)   Pre Evacuate Collection Set: 1.4ms
[2024-07-05T06:36:37.670-0700][info][gc,phases      ] GC(98)   Merge Heap Roots: 0.7ms
[2024-07-05T06:36:37.670-0700][info][gc,phases      ] GC(98)   Evacuate Collection Set: 19.6ms
[2024-07-05T06:36:37.670-0700][info][gc,phases      ] GC(98)   Post Evacuate Collection Set: 1.1ms
[2024-07-05T06:36:37.670-0700][info][gc,phases      ] GC(98)   Other: 1.2ms
[2024-07-05T06:36:37.670-0700][info][gc,heap        ] GC(98) Eden regions: 9->0(186)
[2024-07-05T06:36:37.670-0700][info][gc,heap        ] GC(98) Survivor regions: 9->18(18)
[2024-07-05T06:36:37.670-0700][info][gc,heap        ] GC(98) Old regions: 4042->4043
[2024-07-05T06:36:37.670-0700][info][gc,heap        ] GC(98) Archive regions: 2->2
[2024-07-05T06:36:37.670-0700][info][gc,heap        ] GC(98) Humongous regions: 16->16
[2024-07-05T06:36:37.670-0700][info][gc,metaspace   ] GC(98) Metaspace: 304K(512K)->304K(512K) NonClass: 296K(384K)->296K(384K) Class: 7K(128K)->7K(128K)
[2024-07-05T06:36:37.670-0700][info][gc             ] GC(98) Pause Young (Concurrent Start) (G1 Preventive Collection) 4073M->4074M(4096M) 23.946ms
[2024-07-05T06:36:37.670-0700][info][gc,cpu         ] GC(98) User=0.06s Sys=0.00s Real=0.02s
[2024-07-05T06:36:37.670-0700][info][gc             ] GC(99) Concurrent Mark Cycle
[2024-07-05T06:36:37.670-0700][info][gc,marking     ] GC(99) Concurrent Clear Claimed Marks
[2024-07-05T06:36:37.670-0700][info][gc,marking     ] GC(99) Concurrent Clear Claimed Marks 0.009ms
[2024-07-05T06:36:37.670-0700][info][gc,marking     ] GC(99) Concurrent Scan Root Regions
[2024-07-05T06:36:37.671-0700][info][gc,marking     ] GC(99) Concurrent Scan Root Regions 1.237ms
[2024-07-05T06:36:37.671-0700][info][gc,marking     ] GC(99) Concurrent Mark
[2024-07-05T06:36:37.671-0700][info][gc,marking     ] GC(99) Concurrent Mark From Roots
[2024-07-05T06:36:37.671-0700][info][gc,task        ] GC(99) Using 1 workers of 1 for marking
[2024-07-05T06:36:37.672-0700][info][gc,start       ] GC(100) Pause Young (Normal) (G1 Preventive Collection)
[2024-07-05T06:36:37.672-0700][info][gc,task        ] GC(100) Using 4 workers of 4 for evacuation
[2024-07-05T06:36:37.678-0700][info][gc             ] GC(100) To-space exhausted
[2024-07-05T06:36:37.678-0700][info][gc,phases      ] GC(100)   Pre Evacuate Collection Set: 0.6ms
[2024-07-05T06:36:37.678-0700][info][gc,phases      ] GC(100)   Merge Heap Roots: 0.1ms
[2024-07-05T06:36:37.678-0700][info][gc,phases      ] GC(100)   Evacuate Collection Set: 4.6ms
[2024-07-05T06:36:37.678-0700][info][gc,phases      ] GC(100)   Post Evacuate Collection Set: 0.7ms
[2024-07-05T06:36:37.678-0700][info][gc,phases      ] GC(100)   Other: 0.1ms
[2024-07-05T06:36:37.678-0700][info][gc,heap        ] GC(100) Eden regions: 1->0(197)
[2024-07-05T06:36:37.678-0700][info][gc,heap        ] GC(100) Survivor regions: 18->7(16)
[2024-07-05T06:36:37.678-0700][info][gc,heap        ] GC(100) Old regions: 4043->4061
[2024-07-05T06:36:37.678-0700][info][gc,heap        ] GC(100) Archive regions: 2->2
[2024-07-05T06:36:37.678-0700][info][gc,heap        ] GC(100) Humongous regions: 16->16
[2024-07-05T06:36:37.678-0700][info][gc,metaspace   ] GC(100) Metaspace: 304K(512K)->304K(512K) NonClass: 296K(384K)->296K(384K) Class: 7K(128K)->7K(128K)
[2024-07-05T06:36:37.678-0700][info][gc             ] GC(100) Pause Young (Normal) (G1 Preventive Collection) 4075M->4081M(4096M) 6.179ms
[2024-07-05T06:36:37.678-0700][info][gc,cpu         ] GC(100) User=0.01s Sys=0.01s Real=0.01s
[2024-07-05T06:36:37.678-0700][info][gc,start       ] GC(101) Pause Young (Normal) (G1 Preventive Collection)
[2024-07-05T06:36:37.678-0700][info][gc,task        ] GC(101) Using 4 workers of 4 for evacuation
[2024-07-05T06:36:37.683-0700][info][gc,phases      ] GC(101)   Pre Evacuate Collection Set: 0.9ms
[2024-07-05T06:36:37.683-0700][info][gc,phases      ] GC(101)   Merge Heap Roots: 0.3ms
[2024-07-05T06:36:37.683-0700][info][gc,phases      ] GC(101)   Evacuate Collection Set: 2.9ms
[2024-07-05T06:36:37.683-0700][info][gc,phases      ] GC(101)   Post Evacuate Collection Set: 0.7ms
[2024-07-05T06:36:37.683-0700][info][gc,phases      ] GC(101)   Other: 0.1ms
[2024-07-05T06:36:37.683-0700][info][gc,heap        ] GC(101) Eden regions: 1->0(195)
[2024-07-05T06:36:37.683-0700][info][gc,heap        ] GC(101) Survivor regions: 7->9(9)
[2024-07-05T06:36:37.683-0700][info][gc,heap        ] GC(101) Old regions: 4061->4061
[2024-07-05T06:36:37.683-0700][info][gc,heap        ] GC(101) Archive regions: 2->2
[2024-07-05T06:36:37.683-0700][info][gc,heap        ] GC(101) Humongous regions: 16->16
[2024-07-05T06:36:37.683-0700][info][gc,metaspace   ] GC(101) Metaspace: 304K(512K)->304K(512K) NonClass: 296K(384K)->296K(384K) Class: 7K(128K)->7K(128K)
[2024-07-05T06:36:37.683-0700][info][gc             ] GC(101) Pause Young (Normal) (G1 Preventive Collection) 4082M->4083M(4096M) 4.997ms
[2024-07-05T06:36:37.683-0700][info][gc,cpu         ] GC(101) User=0.00s Sys=0.01s Real=0.01s
[2024-07-05T06:36:37.684-0700][info][gc,start       ] GC(102) Pause Young (Normal) (G1 Preventive Collection)
[2024-07-05T06:36:37.684-0700][info][gc,task        ] GC(102) Using 4 workers of 4 for evacuation
[2024-07-05T06:36:37.689-0700][info][gc             ] GC(102) To-space exhausted
[2024-07-05T06:36:37.689-0700][info][gc,phases      ] GC(102)   Pre Evacuate Collection Set: 0.8ms
[2024-07-05T06:36:37.689-0700][info][gc,phases      ] GC(102)   Merge Heap Roots: 0.1ms
[2024-07-05T06:36:37.689-0700][info][gc,phases      ] GC(102)   Evacuate Collection Set: 3.5ms
[2024-07-05T06:36:37.689-0700][info][gc,phases      ] GC(102)   Post Evacuate Collection Set: 0.8ms
[2024-07-05T06:36:37.689-0700][info][gc,phases      ] GC(102)   Other: 0.1ms
[2024-07-05T06:36:37.689-0700][info][gc,heap        ] GC(102) Eden regions: 1->0(197)
[2024-07-05T06:36:37.689-0700][info][gc,heap        ] GC(102) Survivor regions: 9->7(7)
[2024-07-05T06:36:37.689-0700][info][gc,heap        ] GC(102) Old regions: 4061->4064
[2024-07-05T06:36:37.689-0700][info][gc,heap        ] GC(102) Archive regions: 2->2
[2024-07-05T06:36:37.689-0700][info][gc,heap        ] GC(102) Humongous regions: 16->16
[2024-07-05T06:36:37.689-0700][info][gc,metaspace   ] GC(102) Metaspace: 304K(512K)->304K(512K) NonClass: 296K(384K)->296K(384K) Class: 7K(128K)->7K(128K)
[2024-07-05T06:36:37.689-0700][info][gc             ] GC(102) Pause Young (Normal) (G1 Preventive Collection) 4084M->4084M(4096M) 5.413ms
[2024-07-05T06:36:37.689-0700][info][gc,cpu         ] GC(102) User=0.01s Sys=0.00s Real=0.00s
[2024-07-05T06:36:37.689-0700][info][gc,start       ] GC(103) Pause Young (Normal) (G1 Preventive Collection)
[2024-07-05T06:36:37.689-0700][info][gc,task        ] GC(103) Using 4 workers of 4 for evacuation
[2024-07-05T06:36:37.692-0700][info][gc             ] GC(103) To-space exhausted
[2024-07-05T06:36:37.692-0700][info][gc,phases      ] GC(103)   Pre Evacuate Collection Set: 0.6ms
[2024-07-05T06:36:37.692-0700][info][gc,phases      ] GC(103)   Merge Heap Roots: 0.1ms
[2024-07-05T06:36:37.692-0700][info][gc,phases      ] GC(103)   Evacuate Collection Set: 1.6ms
[2024-07-05T06:36:37.692-0700][info][gc,phases      ] GC(103)   Post Evacuate Collection Set: 0.8ms
[2024-07-05T06:36:37.692-0700][info][gc,phases      ] GC(103)   Other: 0.1ms
[2024-07-05T06:36:37.692-0700][info][gc,heap        ] GC(103) Eden regions: 1->0(198)
[2024-07-05T06:36:37.692-0700][info][gc,heap        ] GC(103) Survivor regions: 7->6(6)
[2024-07-05T06:36:37.692-0700][info][gc,heap        ] GC(103) Old regions: 4064->4070
[2024-07-05T06:36:37.692-0700][info][gc,heap        ] GC(103) Archive regions: 2->2
[2024-07-05T06:36:37.692-0700][info][gc,heap        ] GC(103) Humongous regions: 16->16
[2024-07-05T06:36:37.692-0700][info][gc,metaspace   ] GC(103) Metaspace: 304K(512K)->304K(512K) NonClass: 296K(384K)->296K(384K) Class: 7K(128K)->7K(128K)
[2024-07-05T06:36:37.692-0700][info][gc             ] GC(103) Pause Young (Normal) (G1 Preventive Collection) 4085M->4089M(4096M) 3.232ms
[2024-07-05T06:36:37.692-0700][info][gc,cpu         ] GC(103) User=0.01s Sys=0.00s Real=0.00s
[2024-07-05T06:36:37.693-0700][info][gc,start       ] GC(104) Pause Young (Normal) (G1 Preventive Collection)
[2024-07-05T06:36:37.693-0700][info][gc,task        ] GC(104) Using 4 workers of 4 for evacuation
[2024-07-05T06:36:37.696-0700][info][gc             ] GC(104) To-space exhausted
[2024-07-05T06:36:37.696-0700][info][gc,phases      ] GC(104)   Pre Evacuate Collection Set: 0.6ms
[2024-07-05T06:36:37.696-0700][info][gc,phases      ] GC(104)   Merge Heap Roots: 0.1ms
[2024-07-05T06:36:37.696-0700][info][gc,phases      ] GC(104)   Evacuate Collection Set: 1.1ms
[2024-07-05T06:36:37.696-0700][info][gc,phases      ] GC(104)   Post Evacuate Collection Set: 1.2ms
[2024-07-05T06:36:37.696-0700][info][gc,phases      ] GC(104)   Other: 0.1ms
[2024-07-05T06:36:37.696-0700][info][gc,heap        ] GC(104) Eden regions: 1->0(203)
[2024-07-05T06:36:37.696-0700][info][gc,heap        ] GC(104) Survivor regions: 6->1(1)
[2024-07-05T06:36:37.696-0700][info][gc,heap        ] GC(104) Old regions: 4070->4077
[2024-07-05T06:36:37.696-0700][info][gc,heap        ] GC(104) Archive regions: 2->2
[2024-07-05T06:36:37.696-0700][info][gc,heap        ] GC(104) Humongous regions: 16->16
[2024-07-05T06:36:37.696-0700][info][gc,metaspace   ] GC(104) Metaspace: 304K(512K)->304K(512K) NonClass: 296K(384K)->296K(384K) Class: 7K(128K)->7K(128K)
[2024-07-05T06:36:37.696-0700][info][gc             ] GC(104) Pause Young (Normal) (G1 Preventive Collection) 4090M->4091M(4096M) 3.308ms
[2024-07-05T06:36:37.696-0700][info][gc,cpu         ] GC(104) User=0.01s Sys=0.00s Real=0.01s
[2024-07-05T06:36:37.696-0700][info][gc,ergo        ] Attempting full compaction
[2024-07-05T06:36:37.696-0700][info][gc,task        ] GC(105) Using 4 workers of 4 for full compaction
[2024-07-05T06:36:37.696-0700][info][gc,start       ] GC(105) Pause Full (G1 Compaction Pause)
[2024-07-05T06:36:37.706-0700][info][gc,phases,start] GC(105) Phase 1: Mark live objects
[2024-07-05T06:36:37.969-0700][info][gc,phases      ] GC(105) Phase 1: Mark live objects 263.395ms
[2024-07-05T06:36:37.969-0700][info][gc,phases,start] GC(105) Phase 2: Prepare for compaction
[2024-07-05T06:36:38.013-0700][info][gc,phases      ] GC(105) Phase 2: Prepare for compaction 43.272ms
[2024-07-05T06:36:38.013-0700][info][gc,phases,start] GC(105) Phase 3: Adjust pointers
[2024-07-05T06:36:38.161-0700][info][gc,phases      ] GC(105) Phase 3: Adjust pointers 148.869ms
[2024-07-05T06:36:38.162-0700][info][gc,phases,start] GC(105) Phase 4: Compact heap
[2024-07-05T06:36:38.308-0700][info][gc,phases      ] GC(105) Phase 4: Compact heap 146.916ms
[2024-07-05T06:36:38.317-0700][info][gc,heap        ] GC(105) Eden regions: 0->0(204)
[2024-07-05T06:36:38.317-0700][info][gc,heap        ] GC(105) Survivor regions: 1->0(1)
[2024-07-05T06:36:38.317-0700][info][gc,heap        ] GC(105) Old regions: 4077->4001
[2024-07-05T06:36:38.317-0700][info][gc,heap        ] GC(105) Archive regions: 2->2
[2024-07-05T06:36:38.317-0700][info][gc,heap        ] GC(105) Humongous regions: 16->16
[2024-07-05T06:36:38.317-0700][info][gc,metaspace   ] GC(105) Metaspace: 304K(512K)->304K(512K) NonClass: 296K(384K)->296K(384K) Class: 7K(128K)->7K(128K)
[2024-07-05T06:36:38.317-0700][info][gc             ] GC(105) Pause Full (G1 Compaction Pause) 4091M->4014M(4096M) 620.760ms
[2024-07-05T06:36:38.317-0700][info][gc,cpu         ] GC(105) User=1.75s Sys=0.00s Real=0.62s
[2024-07-05T06:36:38.326-0700][info][gc,marking     ] GC(99) Concurrent Mark From Roots 654.765ms
[2024-07-05T06:36:38.326-0700][info][gc,marking     ] GC(99) Concurrent Mark Abort
[2024-07-05T06:36:38.326-0700][info][gc             ] GC(99) Concurrent Mark Cycle 656.211ms
[2024-07-05T06:36:58.343-0700][info][gc,start       ] GC(106) Pause Young (Normal) (G1 Preventive Collection)
[2024-07-05T06:36:58.343-0700][info][gc,task        ] GC(106) Using 4 workers of 4 for evacuation
[2024-07-05T06:36:58.366-0700][info][gc,phases      ] GC(106)   Pre Evacuate Collection Set: 2.6ms
[2024-07-05T06:36:58.366-0700][info][gc,phases      ] GC(106)   Merge Heap Roots: 0.5ms
[2024-07-05T06:36:58.366-0700][info][gc,phases      ] GC(106)   Evacuate Collection Set: 18.6ms
[2024-07-05T06:36:58.366-0700][info][gc,phases      ] GC(106)   Post Evacuate Collection Set: 1.3ms
[2024-07-05T06:36:58.366-0700][info][gc,phases      ] GC(106)   Other: 0.2ms
[2024-07-05T06:36:58.366-0700][info][gc,heap        ] GC(106) Eden regions: 36->0(178)
[2024-07-05T06:36:58.366-0700][info][gc,heap        ] GC(106) Survivor regions: 0->26(26)
[2024-07-05T06:36:58.366-0700][info][gc,heap        ] GC(106) Old regions: 4001->4011
[2024-07-05T06:36:58.366-0700][info][gc,heap        ] GC(106) Archive regions: 2->2
[2024-07-05T06:36:58.366-0700][info][gc,heap        ] GC(106) Humongous regions: 16->16
[2024-07-05T06:36:58.366-0700][info][gc,metaspace   ] GC(106) Metaspace: 304K(512K)->304K(512K) NonClass: 296K(384K)->296K(384K) Class: 7K(128K)->7K(128K)
[2024-07-05T06:36:58.366-0700][info][gc             ] GC(106) Pause Young (Normal) (G1 Preventive Collection) 4050M->4050M(4096M) 23.502ms
[2024-07-05T06:36:58.366-0700][info][gc,cpu         ] GC(106) User=0.05s Sys=0.00s Real=0.02s
[2024-07-05T06:37:11.289-0700][info][gc,start       ] GC(107) Pause Young (Concurrent Start) (G1 Preventive Collection)
[2024-07-05T06:37:11.289-0700][info][gc,task        ] GC(107) Using 4 workers of 4 for evacuation
[2024-07-05T06:37:11.305-0700][info][gc             ] GC(107) To-space exhausted
[2024-07-05T06:37:11.305-0700][info][gc,phases      ] GC(107)   Pre Evacuate Collection Set: 0.6ms
[2024-07-05T06:37:11.305-0700][info][gc,phases      ] GC(107)   Merge Heap Roots: 0.2ms
[2024-07-05T06:37:11.305-0700][info][gc,phases      ] GC(107)   Evacuate Collection Set: 11.7ms
[2024-07-05T06:37:11.305-0700][info][gc,phases      ] GC(107)   Post Evacuate Collection Set: 3.6ms
[2024-07-05T06:37:11.305-0700][info][gc,phases      ] GC(107)   Other: 0.5ms
[2024-07-05T06:37:11.306-0700][info][gc,heap        ] GC(107) Eden regions: 19->0(204)
[2024-07-05T06:37:11.306-0700][info][gc,heap        ] GC(107) Survivor regions: 26->0(22)
[2024-07-05T06:37:11.306-0700][info][gc,heap        ] GC(107) Old regions: 4011->4058
[2024-07-05T06:37:11.306-0700][info][gc,heap        ] GC(107) Archive regions: 2->2
[2024-07-05T06:37:11.306-0700][info][gc,heap        ] GC(107) Humongous regions: 16->16
[2024-07-05T06:37:11.306-0700][info][gc,metaspace   ] GC(107) Metaspace: 304K(512K)->304K(512K) NonClass: 296K(384K)->296K(384K) Class: 7K(128K)->7K(128K)
[2024-07-05T06:37:11.306-0700][info][gc             ] GC(107) Pause Young (Concurrent Start) (G1 Preventive Collection) 4069M->4071M(4096M) 16.771ms
[2024-07-05T06:37:11.306-0700][info][gc,cpu         ] GC(107) User=0.05s Sys=0.00s Real=0.02s
[2024-07-05T06:37:11.306-0700][info][gc             ] GC(108) Concurrent Mark Cycle
[2024-07-05T06:37:11.306-0700][info][gc,marking     ] GC(108) Concurrent Clear Claimed Marks
[2024-07-05T06:37:11.306-0700][info][gc,marking     ] GC(108) Concurrent Clear Claimed Marks 0.008ms
[2024-07-05T06:37:11.306-0700][info][gc,marking     ] GC(108) Concurrent Scan Root Regions
[2024-07-05T06:37:11.307-0700][info][gc,marking     ] GC(108) Concurrent Scan Root Regions 1.695ms
[2024-07-05T06:37:11.307-0700][info][gc,marking     ] GC(108) Concurrent Mark
[2024-07-05T06:37:11.307-0700][info][gc,marking     ] GC(108) Concurrent Mark From Roots
[2024-07-05T06:37:11.307-0700][info][gc,task        ] GC(108) Using 1 workers of 1 for marking
[2024-07-05T06:37:12.456-0700][info][gc,marking     ] GC(108) Concurrent Mark From Roots 1148.619ms
[2024-07-05T06:37:12.456-0700][info][gc,marking     ] GC(108) Concurrent Preclean
[2024-07-05T06:37:12.456-0700][info][gc,marking     ] GC(108) Concurrent Preclean 0.082ms
[2024-07-05T06:37:38.131-0700][info][gc,start       ] GC(108) Pause Remark
[2024-07-05T06:37:38.134-0700][info][gc             ] GC(108) Pause Remark 4080M->4080M(4096M) 3.112ms
[2024-07-05T06:37:38.134-0700][info][gc,cpu         ] GC(108) User=0.01s Sys=0.00s Real=0.01s
[2024-07-05T06:37:38.135-0700][info][gc,marking     ] GC(108) Concurrent Mark 26827.112ms
[2024-07-05T06:37:38.135-0700][info][gc,marking     ] GC(108) Concurrent Rebuild Remembered Sets
[2024-07-05T06:37:38.497-0700][info][gc,marking     ] GC(108) Concurrent Rebuild Remembered Sets 362.745ms
[2024-07-05T06:37:40.702-0700][info][gc,start       ] GC(108) Pause Cleanup
[2024-07-05T06:37:40.704-0700][info][gc             ] GC(108) Pause Cleanup 4080M->4080M(4096M) 1.419ms
[2024-07-05T06:37:40.704-0700][info][gc,cpu         ] GC(108) User=0.01s Sys=0.00s Real=0.00s
[2024-07-05T06:37:40.704-0700][info][gc,marking     ] GC(108) Concurrent Cleanup for Next Mark
[2024-07-05T06:37:40.704-0700][info][gc,start       ] GC(109) Pause Young (Prepare Mixed) (G1 Preventive Collection)
[2024-07-05T06:37:40.704-0700][info][gc,task        ] GC(109) Using 4 workers of 4 for evacuation
[2024-07-05T06:37:40.717-0700][info][gc             ] GC(109) To-space exhausted
[2024-07-05T06:37:40.717-0700][info][gc,phases      ] GC(109)   Pre Evacuate Collection Set: 1.0ms
[2024-07-05T06:37:40.717-0700][info][gc,phases      ] GC(109)   Merge Heap Roots: 0.4ms
[2024-07-05T06:37:40.717-0700][info][gc,phases      ] GC(109)   Evacuate Collection Set: 10.2ms
[2024-07-05T06:37:40.717-0700][info][gc,phases      ] GC(109)   Post Evacuate Collection Set: 0.8ms
[2024-07-05T06:37:40.717-0700][info][gc,phases      ] GC(109)   Other: 0.1ms
[2024-07-05T06:37:40.717-0700][info][gc,heap        ] GC(109) Eden regions: 10->0(194)
[2024-07-05T06:37:40.717-0700][info][gc,heap        ] GC(109) Survivor regions: 0->10(10)
[2024-07-05T06:37:40.717-0700][info][gc,heap        ] GC(109) Old regions: 4058->4059
[2024-07-05T06:37:40.717-0700][info][gc,heap        ] GC(109) Archive regions: 2->2
[2024-07-05T06:37:40.717-0700][info][gc,heap        ] GC(109) Humongous regions: 16->16
[2024-07-05T06:37:40.717-0700][info][gc,metaspace   ] GC(109) Metaspace: 304K(512K)->304K(512K) NonClass: 296K(384K)->296K(384K) Class: 7K(128K)->7K(128K)
[2024-07-05T06:37:40.717-0700][info][gc             ] GC(109) Pause Young (Prepare Mixed) (G1 Preventive Collection) 4081M->4082M(4096M) 12.522ms
[2024-07-05T06:37:40.717-0700][info][gc,cpu         ] GC(109) User=0.02s Sys=0.00s Real=0.01s
[2024-07-05T06:37:40.717-0700][info][gc,start       ] GC(110) Pause Young (Mixed) (G1 Preventive Collection)
[2024-07-05T06:37:40.717-0700][info][gc,task        ] GC(110) Using 4 workers of 4 for evacuation
[2024-07-05T06:37:40.724-0700][info][gc             ] GC(110) To-space exhausted
[2024-07-05T06:37:40.724-0700][info][gc,phases      ] GC(110)   Pre Evacuate Collection Set: 0.6ms
[2024-07-05T06:37:40.724-0700][info][gc,phases      ] GC(110)   Merge Heap Roots: 0.1ms
[2024-07-05T06:37:40.724-0700][info][gc,phases      ] GC(110)   Evacuate Collection Set: 4.4ms
[2024-07-05T06:37:40.724-0700][info][gc,phases      ] GC(110)   Post Evacuate Collection Set: 1.1ms
[2024-07-05T06:37:40.724-0700][info][gc,phases      ] GC(110)   Other: 0.1ms
[2024-07-05T06:37:40.724-0700][info][gc,heap        ] GC(110) Eden regions: 1->0(196)
[2024-07-05T06:37:40.724-0700][info][gc,heap        ] GC(110) Survivor regions: 10->8(8)
[2024-07-05T06:37:40.724-0700][info][gc,heap        ] GC(110) Old regions: 4059->4063
[2024-07-05T06:37:40.724-0700][info][gc,heap        ] GC(110) Archive regions: 2->2
[2024-07-05T06:37:40.724-0700][info][gc,heap        ] GC(110) Humongous regions: 16->16
[2024-07-05T06:37:40.724-0700][info][gc,metaspace   ] GC(110) Metaspace: 304K(512K)->304K(512K) NonClass: 296K(384K)->296K(384K) Class: 7K(128K)->7K(128K)
[2024-07-05T06:37:40.724-0700][info][gc             ] GC(110) Pause Young (Mixed) (G1 Preventive Collection) 4083M->4084M(4096M) 6.345ms
[2024-07-05T06:37:40.724-0700][info][gc,cpu         ] GC(110) User=0.01s Sys=0.00s Real=0.01s
[2024-07-05T06:37:40.724-0700][info][gc,start       ] GC(111) Pause Young (Normal) (G1 Preventive Collection)
[2024-07-05T06:37:40.724-0700][info][gc,task        ] GC(111) Using 4 workers of 4 for evacuation
[2024-07-05T06:37:40.727-0700][info][gc             ] GC(111) To-space exhausted
[2024-07-05T06:37:40.727-0700][info][gc,phases      ] GC(111)   Pre Evacuate Collection Set: 0.6ms
[2024-07-05T06:37:40.727-0700][info][gc,phases      ] GC(111)   Merge Heap Roots: 0.2ms
[2024-07-05T06:37:40.727-0700][info][gc,phases      ] GC(111)   Evacuate Collection Set: 1.5ms
[2024-07-05T06:37:40.727-0700][info][gc,phases      ] GC(111)   Post Evacuate Collection Set: 1.0ms
[2024-07-05T06:37:40.727-0700][info][gc,phases      ] GC(111)   Other: 0.1ms
[2024-07-05T06:37:40.727-0700][info][gc,heap        ] GC(111) Eden regions: 1->0(198)
[2024-07-05T06:37:40.727-0700][info][gc,heap        ] GC(111) Survivor regions: 8->6(6)
[2024-07-05T06:37:40.727-0700][info][gc,heap        ] GC(111) Old regions: 4063->4067
[2024-07-05T06:37:40.728-0700][info][gc,heap        ] GC(111) Archive regions: 2->2
[2024-07-05T06:37:40.728-0700][info][gc,heap        ] GC(111) Humongous regions: 16->16
[2024-07-05T06:37:40.728-0700][info][gc,metaspace   ] GC(111) Metaspace: 304K(512K)->304K(512K) NonClass: 296K(384K)->296K(384K) Class: 7K(128K)->7K(128K)
[2024-07-05T06:37:40.728-0700][info][gc             ] GC(111) Pause Young (Normal) (G1 Preventive Collection) 4085M->4086M(4096M) 3.462ms
[2024-07-05T06:37:40.728-0700][info][gc,cpu         ] GC(111) User=0.01s Sys=0.00s Real=0.00s
[2024-07-05T06:37:40.728-0700][info][gc,start       ] GC(112) Pause Young (Normal) (G1 Preventive Collection)
[2024-07-05T06:37:40.728-0700][info][gc,task        ] GC(112) Using 4 workers of 4 for evacuation
[2024-07-05T06:37:40.731-0700][info][gc             ] GC(112) To-space exhausted
[2024-07-05T06:37:40.731-0700][info][gc,phases      ] GC(112)   Pre Evacuate Collection Set: 0.6ms
[2024-07-05T06:37:40.731-0700][info][gc,phases      ] GC(112)   Merge Heap Roots: 0.2ms
[2024-07-05T06:37:40.731-0700][info][gc,phases      ] GC(112)   Evacuate Collection Set: 1.2ms
[2024-07-05T06:37:40.731-0700][info][gc,phases      ] GC(112)   Post Evacuate Collection Set: 0.8ms
[2024-07-05T06:37:40.731-0700][info][gc,phases      ] GC(112)   Other: 0.1ms
[2024-07-05T06:37:40.731-0700][info][gc,heap        ] GC(112) Eden regions: 1->0(200)
[2024-07-05T06:37:40.731-0700][info][gc,heap        ] GC(112) Survivor regions: 6->4(4)
[2024-07-05T06:37:40.731-0700][info][gc,heap        ] GC(112) Old regions: 4067->4072
[2024-07-05T06:37:40.731-0700][info][gc,heap        ] GC(112) Archive regions: 2->2
[2024-07-05T06:37:40.731-0700][info][gc,heap        ] GC(112) Humongous regions: 16->16
[2024-07-05T06:37:40.731-0700][info][gc,metaspace   ] GC(112) Metaspace: 304K(512K)->304K(512K) NonClass: 296K(384K)->296K(384K) Class: 7K(128K)->7K(128K)
[2024-07-05T06:37:40.731-0700][info][gc             ] GC(112) Pause Young (Normal) (G1 Preventive Collection) 4087M->4089M(4096M) 2.968ms
[2024-07-05T06:37:40.731-0700][info][gc,cpu         ] GC(112) User=0.00s Sys=0.01s Real=0.00s
[2024-07-05T06:37:40.731-0700][info][gc,start       ] GC(113) Pause Young (Normal) (G1 Preventive Collection)
[2024-07-05T06:37:40.731-0700][info][gc,task        ] GC(113) Using 4 workers of 4 for evacuation
[2024-07-05T06:37:40.734-0700][info][gc             ] GC(113) To-space exhausted
[2024-07-05T06:37:40.734-0700][info][gc,phases      ] GC(113)   Pre Evacuate Collection Set: 0.5ms
[2024-07-05T06:37:40.734-0700][info][gc,phases      ] GC(113)   Merge Heap Roots: 0.2ms
[2024-07-05T06:37:40.734-0700][info][gc,phases      ] GC(113)   Evacuate Collection Set: 0.9ms
[2024-07-05T06:37:40.734-0700][info][gc,phases      ] GC(113)   Post Evacuate Collection Set: 0.9ms
[2024-07-05T06:37:40.734-0700][info][gc,phases      ] GC(113)   Other: 0.1ms
[2024-07-05T06:37:40.734-0700][info][gc,heap        ] GC(113) Eden regions: 1->0(203)
[2024-07-05T06:37:40.734-0700][info][gc,heap        ] GC(113) Survivor regions: 4->1(1)
[2024-07-05T06:37:40.734-0700][info][gc,heap        ] GC(113) Old regions: 4072->4077
[2024-07-05T06:37:40.734-0700][info][gc,heap        ] GC(113) Archive regions: 2->2
[2024-07-05T06:37:40.734-0700][info][gc,heap        ] GC(113) Humongous regions: 16->16
[2024-07-05T06:37:40.734-0700][info][gc,metaspace   ] GC(113) Metaspace: 304K(512K)->304K(512K) NonClass: 296K(384K)->296K(384K) Class: 7K(128K)->7K(128K)
[2024-07-05T06:37:40.734-0700][info][gc             ] GC(113) Pause Young (Normal) (G1 Preventive Collection) 4090M->4091M(4096M) 2.634ms
[2024-07-05T06:37:40.734-0700][info][gc,cpu         ] GC(113) User=0.00s Sys=0.00s Real=0.00s
[2024-07-05T06:37:40.734-0700][info][gc,ergo        ] Attempting full compaction
[2024-07-05T06:37:40.734-0700][info][gc,task        ] GC(114) Using 4 workers of 4 for full compaction
[2024-07-05T06:37:40.734-0700][info][gc,start       ] GC(114) Pause Full (G1 Compaction Pause)
[2024-07-05T06:37:40.738-0700][info][gc,phases,start] GC(114) Phase 1: Mark live objects
[2024-07-05T06:37:40.869-0700][info][gc,phases      ] GC(114) Phase 1: Mark live objects 130.779ms
[2024-07-05T06:37:40.869-0700][info][gc,phases,start] GC(114) Phase 2: Prepare for compaction
[2024-07-05T06:37:40.921-0700][info][gc,phases      ] GC(114) Phase 2: Prepare for compaction 52.142ms
[2024-07-05T06:37:40.921-0700][info][gc,phases,start] GC(114) Phase 3: Adjust pointers
[2024-07-05T06:37:41.020-0700][info][gc,phases      ] GC(114) Phase 3: Adjust pointers 98.276ms
[2024-07-05T06:37:41.020-0700][info][gc,phases,start] GC(114) Phase 4: Compact heap
[2024-07-05T06:37:41.193-0700][info][gc,phases      ] GC(114) Phase 4: Compact heap 173.187ms
[2024-07-05T06:37:41.198-0700][info][gc,heap        ] GC(114) Eden regions: 0->0(204)
[2024-07-05T06:37:41.198-0700][info][gc,heap        ] GC(114) Survivor regions: 1->0(1)
[2024-07-05T06:37:41.198-0700][info][gc,heap        ] GC(114) Old regions: 4077->3997
[2024-07-05T06:37:41.198-0700][info][gc,heap        ] GC(114) Archive regions: 2->2
[2024-07-05T06:37:41.198-0700][info][gc,heap        ] GC(114) Humongous regions: 16->16
[2024-07-05T06:37:41.198-0700][info][gc,metaspace   ] GC(114) Metaspace: 304K(512K)->304K(512K) NonClass: 296K(384K)->296K(384K) Class: 7K(128K)->7K(128K)
[2024-07-05T06:37:41.198-0700][info][gc             ] GC(114) Pause Full (G1 Compaction Pause) 4091M->4011M(4096M) 463.975ms
[2024-07-05T06:37:41.198-0700][info][gc,cpu         ] GC(114) User=1.35s Sys=0.00s Real=0.47s
[2024-07-05T06:37:41.198-0700][info][gc,marking     ] GC(108) Concurrent Cleanup for Next Mark 494.154ms
[2024-07-05T06:37:41.198-0700][info][gc,marking     ] GC(108) Concurrent Mark Abort
[2024-07-05T06:37:41.198-0700][info][gc             ] GC(108) Concurrent Mark Cycle 29892.608ms
[2024-07-05T06:37:54.907-0700][info][gc,start       ] GC(115) Pause Young (Normal) (G1 Preventive Collection)
[2024-07-05T06:37:54.907-0700][info][gc,task        ] GC(115) Using 4 workers of 4 for evacuation
[2024-07-05T06:37:54.922-0700][info][gc             ] GC(115) To-space exhausted
[2024-07-05T06:37:54.922-0700][info][gc,phases      ] GC(115)   Pre Evacuate Collection Set: 0.9ms
[2024-07-05T06:37:54.922-0700][info][gc,phases      ] GC(115)   Merge Heap Roots: 0.4ms
[2024-07-05T06:37:54.922-0700][info][gc,phases      ] GC(115)   Evacuate Collection Set: 11.7ms
[2024-07-05T06:37:54.922-0700][info][gc,phases      ] GC(115)   Post Evacuate Collection Set: 1.2ms
[2024-07-05T06:37:54.922-0700][info][gc,phases      ] GC(115)   Other: 0.1ms
[2024-07-05T06:37:54.922-0700][info][gc,heap        ] GC(115) Eden regions: 45->0(178)
[2024-07-05T06:37:54.922-0700][info][gc,heap        ] GC(115) Survivor regions: 0->26(26)
[2024-07-05T06:37:54.922-0700][info][gc,heap        ] GC(115) Old regions: 3997->4020
[2024-07-05T06:37:54.922-0700][info][gc,heap        ] GC(115) Archive regions: 2->2
[2024-07-05T06:37:54.922-0700][info][gc,heap        ] GC(115) Humongous regions: 16->16
[2024-07-05T06:37:54.922-0700][info][gc,metaspace   ] GC(115) Metaspace: 304K(512K)->304K(512K) NonClass: 296K(384K)->296K(384K) Class: 7K(128K)->7K(128K)
[2024-07-05T06:37:54.922-0700][info][gc             ] GC(115) Pause Young (Normal) (G1 Preventive Collection) 4056M->4060M(4096M) 14.368ms
[2024-07-05T06:37:54.922-0700][info][gc,cpu         ] GC(115) User=0.04s Sys=0.00s Real=0.01s
[2024-07-05T06:37:57.688-0700][info][gc,start       ] GC(116) Pause Young (Concurrent Start) (G1 Preventive Collection)
[2024-07-05T06:37:57.688-0700][info][gc,task        ] GC(116) Using 4 workers of 4 for evacuation
[2024-07-05T06:37:57.706-0700][info][gc             ] GC(116) To-space exhausted
[2024-07-05T06:37:57.706-0700][info][gc,phases      ] GC(116)   Pre Evacuate Collection Set: 0.8ms
[2024-07-05T06:37:57.706-0700][info][gc,phases      ] GC(116)   Merge Heap Roots: 0.4ms
[2024-07-05T06:37:57.706-0700][info][gc,phases      ] GC(116)   Evacuate Collection Set: 10.6ms
[2024-07-05T06:37:57.706-0700][info][gc,phases      ] GC(116)   Post Evacuate Collection Set: 5.5ms
[2024-07-05T06:37:57.706-0700][info][gc,phases      ] GC(116)   Other: 0.5ms
[2024-07-05T06:37:57.706-0700][info][gc,heap        ] GC(116) Eden regions: 16->0(203)
[2024-07-05T06:37:57.706-0700][info][gc,heap        ] GC(116) Survivor regions: 26->1(16)
[2024-07-05T06:37:57.706-0700][info][gc,heap        ] GC(116) Old regions: 4020->4067
[2024-07-05T06:37:57.706-0700][info][gc,heap        ] GC(116) Archive regions: 2->2
[2024-07-05T06:37:57.706-0700][info][gc,heap        ] GC(116) Humongous regions: 16->16
[2024-07-05T06:37:57.706-0700][info][gc,metaspace   ] GC(116) Metaspace: 304K(512K)->304K(512K) NonClass: 296K(384K)->296K(384K) Class: 7K(128K)->7K(128K)
[2024-07-05T06:37:57.706-0700][info][gc             ] GC(116) Pause Young (Concurrent Start) (G1 Preventive Collection) 4076M->4082M(4096M) 17.857ms
[2024-07-05T06:37:57.706-0700][info][gc,cpu         ] GC(116) User=0.03s Sys=0.01s Real=0.02s
[2024-07-05T06:37:57.706-0700][info][gc             ] GC(117) Concurrent Mark Cycle
[2024-07-05T06:37:57.706-0700][info][gc,marking     ] GC(117) Concurrent Clear Claimed Marks
[2024-07-05T06:37:57.706-0700][info][gc,marking     ] GC(117) Concurrent Clear Claimed Marks 0.015ms
[2024-07-05T06:37:57.706-0700][info][gc,marking     ] GC(117) Concurrent Scan Root Regions
[2024-07-05T06:37:57.707-0700][info][gc,marking     ] GC(117) Concurrent Scan Root Regions 1.298ms
[2024-07-05T06:37:57.707-0700][info][gc,marking     ] GC(117) Concurrent Mark
[2024-07-05T06:37:57.707-0700][info][gc,marking     ] GC(117) Concurrent Mark From Roots
[2024-07-05T06:37:57.707-0700][info][gc,task        ] GC(117) Using 1 workers of 1 for marking
[2024-07-05T06:37:58.411-0700][info][gc,marking     ] GC(117) Concurrent Mark From Roots 703.674ms
[2024-07-05T06:37:58.411-0700][info][gc,marking     ] GC(117) Concurrent Preclean
[2024-07-05T06:37:58.411-0700][info][gc,marking     ] GC(117) Concurrent Preclean 0.072ms
[2024-07-05T06:38:00.513-0700][info][gc,start       ] GC(117) Pause Remark
[2024-07-05T06:38:00.515-0700][info][gc             ] GC(117) Pause Remark 4085M->4085M(4096M) 1.691ms
[2024-07-05T06:38:00.515-0700][info][gc,cpu         ] GC(117) User=0.00s Sys=0.00s Real=0.01s
[2024-07-05T06:38:00.515-0700][info][gc,marking     ] GC(117) Concurrent Mark 2807.723ms
[2024-07-05T06:38:00.515-0700][info][gc,marking     ] GC(117) Concurrent Rebuild Remembered Sets
[2024-07-05T06:38:00.919-0700][info][gc,marking     ] GC(117) Concurrent Rebuild Remembered Sets 403.521ms
[2024-07-05T06:38:02.031-0700][info][gc,start       ] GC(117) Pause Cleanup
[2024-07-05T06:38:02.033-0700][info][gc             ] GC(117) Pause Cleanup 4085M->4085M(4096M) 1.871ms
[2024-07-05T06:38:02.033-0700][info][gc,cpu         ] GC(117) User=0.00s Sys=0.00s Real=0.00s
[2024-07-05T06:38:02.033-0700][info][gc,marking     ] GC(117) Concurrent Cleanup for Next Mark
[2024-07-05T06:38:02.040-0700][info][gc,marking     ] GC(117) Concurrent Cleanup for Next Mark 6.747ms
[2024-07-05T06:38:02.040-0700][info][gc             ] GC(117) Concurrent Mark Cycle 4334.205ms
[2024-07-05T06:38:03.336-0700][info][gc,start       ] GC(118) Pause Young (Prepare Mixed) (G1 Preventive Collection)
[2024-07-05T06:38:03.336-0700][info][gc,task        ] GC(118) Using 4 workers of 4 for evacuation
[2024-07-05T06:38:03.346-0700][info][gc             ] GC(118) To-space exhausted
[2024-07-05T06:38:03.346-0700][info][gc,phases      ] GC(118)   Pre Evacuate Collection Set: 1.0ms
[2024-07-05T06:38:03.346-0700][info][gc,phases      ] GC(118)   Merge Heap Roots: 0.2ms
[2024-07-05T06:38:03.346-0700][info][gc,phases      ] GC(118)   Evacuate Collection Set: 7.5ms
[2024-07-05T06:38:03.346-0700][info][gc,phases      ] GC(118)   Post Evacuate Collection Set: 0.7ms
[2024-07-05T06:38:03.346-0700][info][gc,phases      ] GC(118)   Other: 0.2ms
[2024-07-05T06:38:03.346-0700][info][gc,heap        ] GC(118) Eden regions: 5->0(199)
[2024-07-05T06:38:03.346-0700][info][gc,heap        ] GC(118) Survivor regions: 1->5(5)
[2024-07-05T06:38:03.346-0700][info][gc,heap        ] GC(118) Old regions: 4067->4070
[2024-07-05T06:38:03.346-0700][info][gc,heap        ] GC(118) Archive regions: 2->2
[2024-07-05T06:38:03.346-0700][info][gc,heap        ] GC(118) Humongous regions: 16->16
[2024-07-05T06:38:03.346-0700][info][gc,metaspace   ] GC(118) Metaspace: 304K(512K)->304K(512K) NonClass: 296K(384K)->296K(384K) Class: 7K(128K)->7K(128K)
[2024-07-05T06:38:03.346-0700][info][gc             ] GC(118) Pause Young (Prepare Mixed) (G1 Preventive Collection) 4087M->4089M(4096M) 9.611ms
[2024-07-05T06:38:03.346-0700][info][gc,cpu         ] GC(118) User=0.02s Sys=0.00s Real=0.01s
[2024-07-05T06:38:03.346-0700][info][gc,start       ] GC(119) Pause Young (Mixed) (G1 Preventive Collection)
[2024-07-05T06:38:03.346-0700][info][gc,task        ] GC(119) Using 4 workers of 4 for evacuation
[2024-07-05T06:38:03.349-0700][info][gc             ] GC(119) To-space exhausted
[2024-07-05T06:38:03.349-0700][info][gc,phases      ] GC(119)   Pre Evacuate Collection Set: 0.6ms
[2024-07-05T06:38:03.349-0700][info][gc,phases      ] GC(119)   Merge Heap Roots: 0.1ms
[2024-07-05T06:38:03.349-0700][info][gc,phases      ] GC(119)   Evacuate Collection Set: 1.2ms
[2024-07-05T06:38:03.349-0700][info][gc,phases      ] GC(119)   Post Evacuate Collection Set: 0.9ms
[2024-07-05T06:38:03.349-0700][info][gc,phases      ] GC(119)   Other: 0.1ms
[2024-07-05T06:38:03.349-0700][info][gc,heap        ] GC(119) Eden regions: 1->0(203)
[2024-07-05T06:38:03.349-0700][info][gc,heap        ] GC(119) Survivor regions: 5->1(2)
[2024-07-05T06:38:03.349-0700][info][gc,heap        ] GC(119) Old regions: 4070->4075
[2024-07-05T06:38:03.349-0700][info][gc,heap        ] GC(119) Archive regions: 2->2
[2024-07-05T06:38:03.349-0700][info][gc,heap        ] GC(119) Humongous regions: 16->16
[2024-07-05T06:38:03.349-0700][info][gc,metaspace   ] GC(119) Metaspace: 304K(512K)->304K(512K) NonClass: 296K(384K)->296K(384K) Class: 7K(128K)->7K(128K)
[2024-07-05T06:38:03.349-0700][info][gc             ] GC(119) Pause Young (Mixed) (G1 Preventive Collection) 4090M->4090M(4096M) 3.038ms
[2024-07-05T06:38:03.349-0700][info][gc,cpu         ] GC(119) User=0.01s Sys=0.00s Real=0.00s
[2024-07-05T06:38:03.350-0700][info][gc,start       ] GC(120) Pause Young (Concurrent Start) (G1 Preventive Collection)
[2024-07-05T06:38:03.350-0700][info][gc,task        ] GC(120) Using 4 workers of 4 for evacuation
[2024-07-05T06:38:03.355-0700][info][gc             ] GC(120) To-space exhausted
[2024-07-05T06:38:03.355-0700][info][gc,phases      ] GC(120)   Pre Evacuate Collection Set: 0.7ms
[2024-07-05T06:38:03.355-0700][info][gc,phases      ] GC(120)   Merge Heap Roots: 0.1ms
[2024-07-05T06:38:03.355-0700][info][gc,phases      ] GC(120)   Evacuate Collection Set: 3.7ms
[2024-07-05T06:38:03.355-0700][info][gc,phases      ] GC(120)   Post Evacuate Collection Set: 0.7ms
[2024-07-05T06:38:03.355-0700][info][gc,phases      ] GC(120)   Other: 0.3ms
[2024-07-05T06:38:03.355-0700][info][gc,heap        ] GC(120) Eden regions: 1->0(203)
[2024-07-05T06:38:03.355-0700][info][gc,heap        ] GC(120) Survivor regions: 1->1(1)
[2024-07-05T06:38:03.355-0700][info][gc,heap        ] GC(120) Old regions: 4075->4077
[2024-07-05T06:38:03.355-0700][info][gc,heap        ] GC(120) Archive regions: 2->2
[2024-07-05T06:38:03.355-0700][info][gc,heap        ] GC(120) Humongous regions: 16->16
[2024-07-05T06:38:03.355-0700][info][gc,metaspace   ] GC(120) Metaspace: 304K(512K)->304K(512K) NonClass: 296K(384K)->296K(384K) Class: 7K(128K)->7K(128K)
[2024-07-05T06:38:03.355-0700][info][gc             ] GC(120) Pause Young (Concurrent Start) (G1 Preventive Collection) 4091M->4092M(4096M) 5.596ms
[2024-07-05T06:38:03.355-0700][info][gc,cpu         ] GC(120) User=0.00s Sys=0.00s Real=0.01s
[2024-07-05T06:38:03.355-0700][info][gc,ergo        ] Attempting full compaction
[2024-07-05T06:38:03.355-0700][info][gc,task        ] GC(121) Using 4 workers of 4 for full compaction
[2024-07-05T06:38:03.355-0700][info][gc             ] GC(122) Concurrent Mark Cycle
[2024-07-05T06:38:03.355-0700][info][gc,marking     ] GC(122) Concurrent Clear Claimed Marks
[2024-07-05T06:38:03.355-0700][info][gc,marking     ] GC(122) Concurrent Clear Claimed Marks 0.008ms
[2024-07-05T06:38:03.355-0700][info][gc,marking     ] GC(122) Concurrent Scan Root Regions
[2024-07-05T06:38:03.355-0700][info][gc,start       ] GC(121) Pause Full (G1 Compaction Pause)
[2024-07-05T06:38:03.355-0700][info][gc,marking     ] GC(122) Concurrent Scan Root Regions 0.137ms
[2024-07-05T06:38:03.356-0700][info][gc,marking     ] GC(122) Concurrent Mark
[2024-07-05T06:38:03.356-0700][info][gc,marking     ] GC(122) Concurrent Mark From Roots
[2024-07-05T06:38:03.356-0700][info][gc,task        ] GC(122) Using 1 workers of 1 for marking
[2024-07-05T06:38:03.360-0700][info][gc,phases,start] GC(121) Phase 1: Mark live objects
[2024-07-05T06:38:03.528-0700][info][gc,phases      ] GC(121) Phase 1: Mark live objects 167.727ms
[2024-07-05T06:38:03.528-0700][info][gc,phases,start] GC(121) Phase 2: Prepare for compaction
[2024-07-05T06:38:03.602-0700][info][gc,phases      ] GC(121) Phase 2: Prepare for compaction 74.279ms
[2024-07-05T06:38:03.602-0700][info][gc,phases,start] GC(121) Phase 3: Adjust pointers
[2024-07-05T06:38:03.709-0700][info][gc,phases      ] GC(121) Phase 3: Adjust pointers 107.266ms
[2024-07-05T06:38:03.709-0700][info][gc,phases,start] GC(121) Phase 4: Compact heap
[2024-07-05T06:38:03.893-0700][info][gc,phases      ] GC(121) Phase 4: Compact heap 183.777ms
[2024-07-05T06:38:03.897-0700][info][gc,heap        ] GC(121) Eden regions: 0->0(204)
[2024-07-05T06:38:03.897-0700][info][gc,heap        ] GC(121) Survivor regions: 1->0(1)
[2024-07-05T06:38:03.897-0700][info][gc,heap        ] GC(121) Old regions: 4077->3991
[2024-07-05T06:38:03.897-0700][info][gc,heap        ] GC(121) Archive regions: 2->2
[2024-07-05T06:38:03.897-0700][info][gc,heap        ] GC(121) Humongous regions: 16->16
[2024-07-05T06:38:03.897-0700][info][gc,metaspace   ] GC(121) Metaspace: 304K(512K)->304K(512K) NonClass: 296K(384K)->296K(384K) Class: 7K(128K)->7K(128K)
[2024-07-05T06:38:03.897-0700][info][gc             ] GC(121) Pause Full (G1 Compaction Pause) 4092M->4005M(4096M) 541.981ms
[2024-07-05T06:38:03.897-0700][info][gc,cpu         ] GC(121) User=1.56s Sys=0.01s Real=0.54s
[2024-07-05T06:38:03.898-0700][info][gc,marking     ] GC(122) Concurrent Mark From Roots 542.058ms
[2024-07-05T06:38:03.898-0700][info][gc,marking     ] GC(122) Concurrent Mark Abort
[2024-07-05T06:38:03.898-0700][info][gc             ] GC(122) Concurrent Mark Cycle 542.297ms
[2024-07-05T06:38:17.678-0700][info][gc,start       ] GC(123) Pause Young (Normal) (G1 Preventive Collection)
[2024-07-05T06:38:17.678-0700][info][gc,task        ] GC(123) Using 4 workers of 4 for evacuation
[2024-07-05T06:38:17.695-0700][info][gc             ] GC(123) To-space exhausted
[2024-07-05T06:38:17.695-0700][info][gc,phases      ] GC(123)   Pre Evacuate Collection Set: 0.5ms
[2024-07-05T06:38:17.695-0700][info][gc,phases      ] GC(123)   Merge Heap Roots: 0.2ms
[2024-07-05T06:38:17.695-0700][info][gc,phases      ] GC(123)   Evacuate Collection Set: 14.3ms
[2024-07-05T06:38:17.695-0700][info][gc,phases      ] GC(123)   Post Evacuate Collection Set: 1.1ms
[2024-07-05T06:38:17.695-0700][info][gc,phases      ] GC(123)   Other: 0.1ms
[2024-07-05T06:38:17.695-0700][info][gc,heap        ] GC(123) Eden regions: 49->0(178)
[2024-07-05T06:38:17.695-0700][info][gc,heap        ] GC(123) Survivor regions: 0->26(26)
[2024-07-05T06:38:17.695-0700][info][gc,heap        ] GC(123) Old regions: 3991->4020
[2024-07-05T06:38:17.695-0700][info][gc,heap        ] GC(123) Archive regions: 2->2
[2024-07-05T06:38:17.695-0700][info][gc,heap        ] GC(123) Humongous regions: 16->16
[2024-07-05T06:38:17.695-0700][info][gc,metaspace   ] GC(123) Metaspace: 304K(512K)->304K(512K) NonClass: 296K(384K)->296K(384K) Class: 7K(128K)->7K(128K)
[2024-07-05T06:38:17.695-0700][info][gc             ] GC(123) Pause Young (Normal) (G1 Preventive Collection) 4054M->4060M(4096M) 16.285ms
[2024-07-05T06:38:17.695-0700][info][gc,cpu         ] GC(123) User=0.04s Sys=0.01s Real=0.02s
[2024-07-05T06:38:23.183-0700][info][gc,start       ] GC(124) Pause Young (Concurrent Start) (G1 Preventive Collection)
[2024-07-05T06:38:23.183-0700][info][gc,task        ] GC(124) Using 4 workers of 4 for evacuation
[2024-07-05T06:38:23.204-0700][info][gc             ] GC(124) To-space exhausted
[2024-07-05T06:38:23.204-0700][info][gc,phases      ] GC(124)   Pre Evacuate Collection Set: 0.6ms
[2024-07-05T06:38:23.204-0700][info][gc,phases      ] GC(124)   Merge Heap Roots: 0.3ms
[2024-07-05T06:38:23.204-0700][info][gc,phases      ] GC(124)   Evacuate Collection Set: 17.1ms
[2024-07-05T06:38:23.204-0700][info][gc,phases      ] GC(124)   Post Evacuate Collection Set: 2.4ms
[2024-07-05T06:38:23.204-0700][info][gc,phases      ] GC(124)   Other: 0.6ms
[2024-07-05T06:38:23.204-0700][info][gc,heap        ] GC(124) Eden regions: 18->0(204)
[2024-07-05T06:38:23.204-0700][info][gc,heap        ] GC(124) Survivor regions: 26->0(14)
[2024-07-05T06:38:23.204-0700][info][gc,heap        ] GC(124) Old regions: 4020->4068
[2024-07-05T06:38:23.204-0700][info][gc,heap        ] GC(124) Archive regions: 2->2
[2024-07-05T06:38:23.204-0700][info][gc,heap        ] GC(124) Humongous regions: 16->16
[2024-07-05T06:38:23.204-0700][info][gc,metaspace   ] GC(124) Metaspace: 304K(512K)->304K(512K) NonClass: 296K(384K)->296K(384K) Class: 7K(128K)->7K(128K)
[2024-07-05T06:38:23.204-0700][info][gc             ] GC(124) Pause Young (Concurrent Start) (G1 Preventive Collection) 4078M->4082M(4096M) 21.109ms
[2024-07-05T06:38:23.204-0700][info][gc,cpu         ] GC(124) User=0.06s Sys=0.00s Real=0.02s
[2024-07-05T06:38:23.204-0700][info][gc             ] GC(125) Concurrent Mark Cycle
[2024-07-05T06:38:23.204-0700][info][gc,marking     ] GC(125) Concurrent Clear Claimed Marks
[2024-07-05T06:38:23.204-0700][info][gc,marking     ] GC(125) Concurrent Clear Claimed Marks 0.012ms
[2024-07-05T06:38:23.204-0700][info][gc,marking     ] GC(125) Concurrent Scan Root Regions
[2024-07-05T06:38:23.205-0700][info][gc,marking     ] GC(125) Concurrent Scan Root Regions 1.010ms
[2024-07-05T06:38:23.207-0700][info][gc,marking     ] GC(125) Concurrent Mark
[2024-07-05T06:38:23.207-0700][info][gc,marking     ] GC(125) Concurrent Mark From Roots
[2024-07-05T06:38:23.207-0700][info][gc,task        ] GC(125) Using 1 workers of 1 for marking
[2024-07-05T06:38:23.207-0700][info][gc,start       ] GC(126) Pause Young (Normal) (G1 Preventive Collection)
[2024-07-05T06:38:23.207-0700][info][gc,task        ] GC(126) Using 4 workers of 4 for evacuation
[2024-07-05T06:38:23.214-0700][info][gc             ] GC(126) To-space exhausted
[2024-07-05T06:38:23.214-0700][info][gc,phases      ] GC(126)   Pre Evacuate Collection Set: 0.9ms
[2024-07-05T06:38:23.214-0700][info][gc,phases      ] GC(126)   Merge Heap Roots: 0.1ms
[2024-07-05T06:38:23.214-0700][info][gc,phases      ] GC(126)   Evacuate Collection Set: 5.0ms
[2024-07-05T06:38:23.214-0700][info][gc,phases      ] GC(126)   Post Evacuate Collection Set: 0.9ms
[2024-07-05T06:38:23.214-0700][info][gc,phases      ] GC(126)   Other: 0.1ms
[2024-07-05T06:38:23.214-0700][info][gc,heap        ] GC(126) Eden regions: 6->0(200)
[2024-07-05T06:38:23.214-0700][info][gc,heap        ] GC(126) Survivor regions: 0->4(4)
[2024-07-05T06:38:23.214-0700][info][gc,heap        ] GC(126) Old regions: 4068->4071
[2024-07-05T06:38:23.214-0700][info][gc,heap        ] GC(126) Archive regions: 2->2
[2024-07-05T06:38:23.214-0700][info][gc,heap        ] GC(126) Humongous regions: 16->16
[2024-07-05T06:38:23.214-0700][info][gc,metaspace   ] GC(126) Metaspace: 304K(512K)->304K(512K) NonClass: 296K(384K)->296K(384K) Class: 7K(128K)->7K(128K)
[2024-07-05T06:38:23.214-0700][info][gc             ] GC(126) Pause Young (Normal) (G1 Preventive Collection) 4088M->4089M(4096M) 7.035ms
[2024-07-05T06:38:23.214-0700][info][gc,cpu         ] GC(126) User=0.01s Sys=0.00s Real=0.00s
[2024-07-05T06:38:23.215-0700][info][gc,start       ] GC(127) Pause Young (Normal) (G1 Preventive Collection)
[2024-07-05T06:38:23.215-0700][info][gc,task        ] GC(127) Using 4 workers of 4 for evacuation
[2024-07-05T06:38:23.217-0700][info][gc             ] GC(127) To-space exhausted
[2024-07-05T06:38:23.217-0700][info][gc,phases      ] GC(127)   Pre Evacuate Collection Set: 0.5ms
[2024-07-05T06:38:23.217-0700][info][gc,phases      ] GC(127)   Merge Heap Roots: 0.1ms
[2024-07-05T06:38:23.217-0700][info][gc,phases      ] GC(127)   Evacuate Collection Set: 1.0ms
[2024-07-05T06:38:23.217-0700][info][gc,phases      ] GC(127)   Post Evacuate Collection Set: 0.6ms
[2024-07-05T06:38:23.217-0700][info][gc,phases      ] GC(127)   Other: 0.1ms
[2024-07-05T06:38:23.217-0700][info][gc,heap        ] GC(127) Eden regions: 1->0(202)
[2024-07-05T06:38:23.217-0700][info][gc,heap        ] GC(127) Survivor regions: 4->2(2)
[2024-07-05T06:38:23.217-0700][info][gc,heap        ] GC(127) Old regions: 4071->4075
[2024-07-05T06:38:23.217-0700][info][gc,heap        ] GC(127) Archive regions: 2->2
[2024-07-05T06:38:23.217-0700][info][gc,heap        ] GC(127) Humongous regions: 16->16
[2024-07-05T06:38:23.217-0700][info][gc,metaspace   ] GC(127) Metaspace: 304K(512K)->304K(512K) NonClass: 296K(384K)->296K(384K) Class: 7K(128K)->7K(128K)
[2024-07-05T06:38:23.217-0700][info][gc             ] GC(127) Pause Young (Normal) (G1 Preventive Collection) 4090M->4091M(4096M) 2.333ms
[2024-07-05T06:38:23.217-0700][info][gc,cpu         ] GC(127) User=0.01s Sys=0.00s Real=0.00s
[2024-07-05T06:38:23.217-0700][info][gc,start       ] GC(128) Pause Young (Normal) (G1 Evacuation Pause)
[2024-07-05T06:38:23.217-0700][info][gc,task        ] GC(128) Using 4 workers of 4 for evacuation
[2024-07-05T06:38:23.219-0700][info][gc             ] GC(128) To-space exhausted
[2024-07-05T06:38:23.219-0700][info][gc,phases      ] GC(128)   Pre Evacuate Collection Set: 0.4ms
[2024-07-05T06:38:23.219-0700][info][gc,phases      ] GC(128)   Merge Heap Roots: 0.1ms
[2024-07-05T06:38:23.219-0700][info][gc,phases      ] GC(128)   Evacuate Collection Set: 0.6ms
[2024-07-05T06:38:23.219-0700][info][gc,phases      ] GC(128)   Post Evacuate Collection Set: 0.4ms
[2024-07-05T06:38:23.219-0700][info][gc,phases      ] GC(128)   Other: 0.1ms
[2024-07-05T06:38:23.219-0700][info][gc,heap        ] GC(128) Eden regions: 1->0(204)
[2024-07-05T06:38:23.219-0700][info][gc,heap        ] GC(128) Survivor regions: 2->0(0)
[2024-07-05T06:38:23.219-0700][info][gc,heap        ] GC(128) Old regions: 4075->4078
[2024-07-05T06:38:23.219-0700][info][gc,heap        ] GC(128) Archive regions: 2->2
[2024-07-05T06:38:23.219-0700][info][gc,heap        ] GC(128) Humongous regions: 16->16
[2024-07-05T06:38:23.219-0700][info][gc,metaspace   ] GC(128) Metaspace: 304K(512K)->304K(512K) NonClass: 296K(384K)->296K(384K) Class: 7K(128K)->7K(128K)
[2024-07-05T06:38:23.219-0700][info][gc             ] GC(128) Pause Young (Normal) (G1 Evacuation Pause) 4092M->4092M(4096M) 1.552ms
[2024-07-05T06:38:23.219-0700][info][gc,cpu         ] GC(128) User=0.00s Sys=0.00s Real=0.00s
[2024-07-05T06:38:23.219-0700][info][gc,ergo        ] Attempting full compaction
[2024-07-05T06:38:23.219-0700][info][gc,task        ] GC(129) Using 4 workers of 4 for full compaction
[2024-07-05T06:38:23.219-0700][info][gc,start       ] GC(129) Pause Full (G1 Compaction Pause)
[2024-07-05T06:38:23.223-0700][info][gc,phases,start] GC(129) Phase 1: Mark live objects
[2024-07-05T06:38:23.376-0700][info][gc,phases      ] GC(129) Phase 1: Mark live objects 152.999ms
[2024-07-05T06:38:23.376-0700][info][gc,phases,start] GC(129) Phase 2: Prepare for compaction
[2024-07-05T06:38:23.396-0700][info][gc,phases      ] GC(129) Phase 2: Prepare for compaction 20.594ms
[2024-07-05T06:38:23.397-0700][info][gc,phases,start] GC(129) Phase 3: Adjust pointers
[2024-07-05T06:38:23.469-0700][info][gc,phases      ] GC(129) Phase 3: Adjust pointers 72.608ms
[2024-07-05T06:38:23.469-0700][info][gc,phases,start] GC(129) Phase 4: Compact heap
[2024-07-05T06:38:23.523-0700][info][gc,phases      ] GC(129) Phase 4: Compact heap 54.083ms
[2024-07-05T06:38:23.527-0700][info][gc,heap        ] GC(129) Eden regions: 0->0(204)
[2024-07-05T06:38:23.527-0700][info][gc,heap        ] GC(129) Survivor regions: 0->0(0)
[2024-07-05T06:38:23.527-0700][info][gc,heap        ] GC(129) Old regions: 4078->4042
[2024-07-05T06:38:23.527-0700][info][gc,heap        ] GC(129) Archive regions: 2->2
[2024-07-05T06:38:23.527-0700][info][gc,heap        ] GC(129) Humongous regions: 16->16
[2024-07-05T06:38:23.527-0700][info][gc,metaspace   ] GC(129) Metaspace: 304K(512K)->304K(512K) NonClass: 296K(384K)->296K(384K) Class: 7K(128K)->7K(128K)
[2024-07-05T06:38:23.527-0700][info][gc             ] GC(129) Pause Full (G1 Compaction Pause) 4092M->4056M(4096M) 308.131ms
[2024-07-05T06:38:23.527-0700][info][gc,cpu         ] GC(129) User=1.00s Sys=0.00s Real=0.31s
[2024-07-05T06:38:23.527-0700][info][gc,marking     ] GC(125) Concurrent Mark From Roots 320.595ms
[2024-07-05T06:38:23.527-0700][info][gc,marking     ] GC(125) Concurrent Mark Abort
[2024-07-05T06:38:23.527-0700][info][gc             ] GC(125) Concurrent Mark Cycle 323.336ms
[2024-07-05T06:38:31.984-0700][info][gc,start       ] GC(130) Pause Young (Normal) (G1 Preventive Collection)
[2024-07-05T06:38:31.984-0700][info][gc,task        ] GC(130) Using 4 workers of 4 for evacuation
[2024-07-05T06:38:31.994-0700][info][gc             ] GC(130) To-space exhausted
[2024-07-05T06:38:31.995-0700][info][gc,phases      ] GC(130)   Pre Evacuate Collection Set: 0.5ms
[2024-07-05T06:38:31.995-0700][info][gc,phases      ] GC(130)   Merge Heap Roots: 0.3ms
[2024-07-05T06:38:31.995-0700][info][gc,phases      ] GC(130)   Evacuate Collection Set: 8.8ms
[2024-07-05T06:38:31.995-0700][info][gc,phases      ] GC(130)   Post Evacuate Collection Set: 1.2ms
[2024-07-05T06:38:31.995-0700][info][gc,phases      ] GC(130)   Other: 0.2ms
[2024-07-05T06:38:31.995-0700][info][gc,heap        ] GC(130) Eden regions: 22->0(190)
[2024-07-05T06:38:31.995-0700][info][gc,heap        ] GC(130) Survivor regions: 0->14(14)
[2024-07-05T06:38:31.995-0700][info][gc,heap        ] GC(130) Old regions: 4042->4052
[2024-07-05T06:38:31.995-0700][info][gc,heap        ] GC(130) Archive regions: 2->2
[2024-07-05T06:38:31.995-0700][info][gc,heap        ] GC(130) Humongous regions: 16->16
[2024-07-05T06:38:31.995-0700][info][gc,metaspace   ] GC(130) Metaspace: 304K(512K)->304K(512K) NonClass: 296K(384K)->296K(384K) Class: 7K(128K)->7K(128K)
[2024-07-05T06:38:31.995-0700][info][gc             ] GC(130) Pause Young (Normal) (G1 Preventive Collection) 4078M->4080M(4096M) 10.893ms
[2024-07-05T06:38:31.995-0700][info][gc,cpu         ] GC(130) User=0.03s Sys=0.01s Real=0.01s
[2024-07-05T06:38:31.995-0700][info][gc,start       ] GC(131) Pause Young (Concurrent Start) (G1 Preventive Collection)
[2024-07-05T06:38:31.995-0700][info][gc,task        ] GC(131) Using 4 workers of 4 for evacuation
[2024-07-05T06:38:32.001-0700][info][gc             ] GC(131) To-space exhausted
[2024-07-05T06:38:32.001-0700][info][gc,phases      ] GC(131)   Pre Evacuate Collection Set: 0.5ms
[2024-07-05T06:38:32.001-0700][info][gc,phases      ] GC(131)   Merge Heap Roots: 0.1ms
[2024-07-05T06:38:32.001-0700][info][gc,phases      ] GC(131)   Evacuate Collection Set: 3.7ms
[2024-07-05T06:38:32.001-0700][info][gc,phases      ] GC(131)   Post Evacuate Collection Set: 1.0ms
[2024-07-05T06:38:32.001-0700][info][gc,phases      ] GC(131)   Other: 0.3ms
[2024-07-05T06:38:32.001-0700][info][gc,heap        ] GC(131) Eden regions: 7->0(204)
[2024-07-05T06:38:32.001-0700][info][gc,heap        ] GC(131) Survivor regions: 14->0(5)
[2024-07-05T06:38:32.001-0700][info][gc,heap        ] GC(131) Old regions: 4052->4075
[2024-07-05T06:38:32.001-0700][info][gc,heap        ] GC(131) Archive regions: 2->2
[2024-07-05T06:38:32.001-0700][info][gc,heap        ] GC(131) Humongous regions: 16->16
[2024-07-05T06:38:32.001-0700][info][gc,metaspace   ] GC(131) Metaspace: 304K(512K)->304K(512K) NonClass: 296K(384K)->296K(384K) Class: 7K(128K)->7K(128K)
[2024-07-05T06:38:32.001-0700][info][gc             ] GC(131) Pause Young (Concurrent Start) (G1 Preventive Collection) 4087M->4089M(4096M) 5.630ms
[2024-07-05T06:38:32.001-0700][info][gc,cpu         ] GC(131) User=0.01s Sys=0.00s Real=0.00s
[2024-07-05T06:38:32.001-0700][info][gc             ] GC(132) Concurrent Mark Cycle
[2024-07-05T06:38:32.001-0700][info][gc,marking     ] GC(132) Concurrent Clear Claimed Marks
[2024-07-05T06:38:32.001-0700][info][gc,marking     ] GC(132) Concurrent Clear Claimed Marks 0.008ms
[2024-07-05T06:38:32.001-0700][info][gc,marking     ] GC(132) Concurrent Scan Root Regions
[2024-07-05T06:38:32.002-0700][info][gc,marking     ] GC(132) Concurrent Scan Root Regions 0.400ms
[2024-07-05T06:38:32.002-0700][info][gc,marking     ] GC(132) Concurrent Mark
[2024-07-05T06:38:32.002-0700][info][gc,marking     ] GC(132) Concurrent Mark From Roots
[2024-07-05T06:38:32.002-0700][info][gc,task        ] GC(132) Using 1 workers of 1 for marking
[2024-07-05T06:38:32.662-0700][info][gc,marking     ] GC(132) Concurrent Mark From Roots 659.918ms
[2024-07-05T06:38:32.662-0700][info][gc,marking     ] GC(132) Concurrent Preclean
[2024-07-05T06:38:32.662-0700][info][gc,marking     ] GC(132) Concurrent Preclean 0.065ms
[2024-07-05T06:38:40.972-0700][info][gc,start       ] GC(132) Pause Remark
[2024-07-05T06:38:40.974-0700][info][gc             ] GC(132) Pause Remark 4091M->4091M(4096M) 2.051ms
[2024-07-05T06:38:40.974-0700][info][gc,cpu         ] GC(132) User=0.00s Sys=0.00s Real=0.00s
[2024-07-05T06:38:40.974-0700][info][gc,marking     ] GC(132) Concurrent Mark 8972.168ms
[2024-07-05T06:38:40.974-0700][info][gc,marking     ] GC(132) Concurrent Rebuild Remembered Sets
[2024-07-05T06:38:41.348-0700][info][gc,marking     ] GC(132) Concurrent Rebuild Remembered Sets 374.608ms
[2024-07-05T06:38:41.565-0700][info][gc,start       ] GC(132) Pause Cleanup
[2024-07-05T06:38:41.567-0700][info][gc             ] GC(132) Pause Cleanup 4091M->4091M(4096M) 1.676ms
[2024-07-05T06:38:41.567-0700][info][gc,cpu         ] GC(132) User=0.00s Sys=0.00s Real=0.00s
[2024-07-05T06:38:41.567-0700][info][gc,marking     ] GC(132) Concurrent Cleanup for Next Mark
[2024-07-05T06:38:41.573-0700][info][gc,marking     ] GC(132) Concurrent Cleanup for Next Mark 6.069ms
[2024-07-05T06:38:41.574-0700][info][gc             ] GC(132) Concurrent Mark Cycle 9572.302ms
[2024-07-05T06:38:43.450-0700][info][gc,start       ] GC(133) Pause Young (Prepare Mixed) (G1 Preventive Collection)
[2024-07-05T06:38:43.450-0700][info][gc,task        ] GC(133) Using 4 workers of 4 for evacuation
[2024-07-05T06:38:43.458-0700][info][gc             ] GC(133) To-space exhausted
[2024-07-05T06:38:43.458-0700][info][gc,phases      ] GC(133)   Pre Evacuate Collection Set: 0.9ms
[2024-07-05T06:38:43.458-0700][info][gc,phases      ] GC(133)   Merge Heap Roots: 0.2ms
[2024-07-05T06:38:43.458-0700][info][gc,phases      ] GC(133)   Evacuate Collection Set: 6.5ms
[2024-07-05T06:38:43.458-0700][info][gc,phases      ] GC(133)   Post Evacuate Collection Set: 0.9ms
[2024-07-05T06:38:43.458-0700][info][gc,phases      ] GC(133)   Other: 0.1ms
[2024-07-05T06:38:43.458-0700][info][gc,heap        ] GC(133) Eden regions: 2->0(203)
[2024-07-05T06:38:43.458-0700][info][gc,heap        ] GC(133) Survivor regions: 0->1(1)
[2024-07-05T06:38:43.458-0700][info][gc,heap        ] GC(133) Old regions: 4075->4077
[2024-07-05T06:38:43.458-0700][info][gc,heap        ] GC(133) Archive regions: 2->2
[2024-07-05T06:38:43.458-0700][info][gc,heap        ] GC(133) Humongous regions: 16->16
[2024-07-05T06:38:43.458-0700][info][gc,metaspace   ] GC(133) Metaspace: 304K(512K)->304K(512K) NonClass: 296K(384K)->296K(384K) Class: 7K(128K)->7K(128K)
[2024-07-05T06:38:43.458-0700][info][gc             ] GC(133) Pause Young (Prepare Mixed) (G1 Preventive Collection) 4091M->4092M(4096M) 8.719ms
[2024-07-05T06:38:43.458-0700][info][gc,cpu         ] GC(133) User=0.02s Sys=0.00s Real=0.01s
[2024-07-05T06:38:43.458-0700][info][gc,ergo        ] Attempting full compaction
[2024-07-05T06:38:43.458-0700][info][gc,task        ] GC(134) Using 4 workers of 4 for full compaction
[2024-07-05T06:38:43.458-0700][info][gc,start       ] GC(134) Pause Full (G1 Compaction Pause)
[2024-07-05T06:38:43.459-0700][info][gc,phases,start] GC(134) Phase 1: Mark live objects
[2024-07-05T06:38:43.594-0700][info][gc,phases      ] GC(134) Phase 1: Mark live objects 135.746ms
[2024-07-05T06:38:43.594-0700][info][gc,phases,start] GC(134) Phase 2: Prepare for compaction
[2024-07-05T06:38:43.600-0700][info][gc,phases      ] GC(134) Phase 2: Prepare for compaction 5.563ms
[2024-07-05T06:38:43.600-0700][info][gc,phases,start] GC(134) Phase 3: Adjust pointers
[2024-07-05T06:38:43.685-0700][info][gc,phases      ] GC(134) Phase 3: Adjust pointers 85.032ms
[2024-07-05T06:38:43.685-0700][info][gc,phases,start] GC(134) Phase 4: Compact heap
[2024-07-05T06:38:43.694-0700][info][gc,phases      ] GC(134) Phase 4: Compact heap 8.589ms
[2024-07-05T06:38:43.697-0700][info][gc,heap        ] GC(134) Eden regions: 0->0(204)
[2024-07-05T06:38:43.697-0700][info][gc,heap        ] GC(134) Survivor regions: 1->0(1)
[2024-07-05T06:38:43.697-0700][info][gc,heap        ] GC(134) Old regions: 4077->4068
[2024-07-05T06:38:43.697-0700][info][gc,heap        ] GC(134) Archive regions: 2->2
[2024-07-05T06:38:43.697-0700][info][gc,heap        ] GC(134) Humongous regions: 16->16
[2024-07-05T06:38:43.697-0700][info][gc,metaspace   ] GC(134) Metaspace: 304K(512K)->304K(512K) NonClass: 296K(384K)->296K(384K) Class: 7K(128K)->7K(128K)
[2024-07-05T06:38:43.697-0700][info][gc             ] GC(134) Pause Full (G1 Compaction Pause) 4092M->4082M(4096M) 238.952ms
[2024-07-05T06:38:43.697-0700][info][gc,cpu         ] GC(134) User=0.71s Sys=0.00s Real=0.24s
[2024-07-05T06:38:43.698-0700][info][gc,start       ] GC(135) Pause Young (Concurrent Start) (G1 Preventive Collection)
[2024-07-05T06:38:43.698-0700][info][gc,task        ] GC(135) Using 4 workers of 4 for evacuation
[2024-07-05T06:38:43.701-0700][info][gc             ] GC(135) To-space exhausted
[2024-07-05T06:38:43.701-0700][info][gc,phases      ] GC(135)   Pre Evacuate Collection Set: 0.4ms
[2024-07-05T06:38:43.701-0700][info][gc,phases      ] GC(135)   Merge Heap Roots: 0.1ms
[2024-07-05T06:38:43.701-0700][info][gc,phases      ] GC(135)   Evacuate Collection Set: 1.2ms
[2024-07-05T06:38:43.701-0700][info][gc,phases      ] GC(135)   Post Evacuate Collection Set: 0.6ms
[2024-07-05T06:38:43.701-0700][info][gc,phases      ] GC(135)   Other: 0.2ms
[2024-07-05T06:38:43.701-0700][info][gc,heap        ] GC(135) Eden regions: 7->0(201)
[2024-07-05T06:38:43.701-0700][info][gc,heap        ] GC(135) Survivor regions: 0->3(3)
[2024-07-05T06:38:43.701-0700][info][gc,heap        ] GC(135) Old regions: 4068->4074
[2024-07-05T06:38:43.701-0700][info][gc,heap        ] GC(135) Archive regions: 2->2
[2024-07-05T06:38:43.701-0700][info][gc,heap        ] GC(135) Humongous regions: 16->16
[2024-07-05T06:38:43.701-0700][info][gc,metaspace   ] GC(135) Metaspace: 304K(512K)->304K(512K) NonClass: 296K(384K)->296K(384K) Class: 7K(128K)->7K(128K)
[2024-07-05T06:38:43.701-0700][info][gc             ] GC(135) Pause Young (Concurrent Start) (G1 Preventive Collection) 4089M->4091M(4096M) 2.592ms
[2024-07-05T06:38:43.701-0700][info][gc,cpu         ] GC(135) User=0.00s Sys=0.00s Real=0.00s
[2024-07-05T06:38:43.701-0700][info][gc             ] GC(136) Concurrent Mark Cycle
[2024-07-05T06:38:43.701-0700][info][gc,marking     ] GC(136) Concurrent Clear Claimed Marks
[2024-07-05T06:38:43.701-0700][info][gc,marking     ] GC(136) Concurrent Clear Claimed Marks 0.007ms
[2024-07-05T06:38:43.701-0700][info][gc,marking     ] GC(136) Concurrent Scan Root Regions
[2024-07-05T06:38:43.701-0700][info][gc,marking     ] GC(136) Concurrent Scan Root Regions 0.237ms
[2024-07-05T06:38:43.701-0700][info][gc,marking     ] GC(136) Concurrent Mark
[2024-07-05T06:38:43.701-0700][info][gc,marking     ] GC(136) Concurrent Mark From Roots
[2024-07-05T06:38:43.701-0700][info][gc,task        ] GC(136) Using 1 workers of 1 for marking
[2024-07-05T06:38:43.701-0700][info][gc,start       ] GC(137) Pause Young (Normal) (G1 Evacuation Pause)
[2024-07-05T06:38:43.701-0700][info][gc,task        ] GC(137) Using 4 workers of 4 for evacuation
[2024-07-05T06:38:43.703-0700][info][gc             ] GC(137) To-space exhausted
[2024-07-05T06:38:43.703-0700][info][gc,phases      ] GC(137)   Pre Evacuate Collection Set: 0.6ms
[2024-07-05T06:38:43.703-0700][info][gc,phases      ] GC(137)   Merge Heap Roots: 0.1ms
[2024-07-05T06:38:43.703-0700][info][gc,phases      ] GC(137)   Evacuate Collection Set: 0.7ms
[2024-07-05T06:38:43.703-0700][info][gc,phases      ] GC(137)   Post Evacuate Collection Set: 0.4ms
[2024-07-05T06:38:43.703-0700][info][gc,phases      ] GC(137)   Other: 0.1ms
[2024-07-05T06:38:43.703-0700][info][gc,heap        ] GC(137) Eden regions: 1->0(204)
[2024-07-05T06:38:43.703-0700][info][gc,heap        ] GC(137) Survivor regions: 3->0(0)
[2024-07-05T06:38:43.703-0700][info][gc,heap        ] GC(137) Old regions: 4074->4078
[2024-07-05T06:38:43.703-0700][info][gc,heap        ] GC(137) Archive regions: 2->2
[2024-07-05T06:38:43.703-0700][info][gc,heap        ] GC(137) Humongous regions: 16->16
[2024-07-05T06:38:43.703-0700][info][gc,metaspace   ] GC(137) Metaspace: 304K(512K)->304K(512K) NonClass: 296K(384K)->296K(384K) Class: 7K(128K)->7K(128K)
[2024-07-05T06:38:43.703-0700][info][gc             ] GC(137) Pause Young (Normal) (G1 Evacuation Pause) 4092M->4092M(4096M) 1.716ms
[2024-07-05T06:38:43.703-0700][info][gc,cpu         ] GC(137) User=0.00s Sys=0.00s Real=0.01s
[2024-07-05T06:38:43.703-0700][info][gc,ergo        ] Attempting full compaction
[2024-07-05T06:38:43.703-0700][info][gc,task        ] GC(138) Using 4 workers of 4 for full compaction
[2024-07-05T06:38:43.703-0700][info][gc,start       ] GC(138) Pause Full (G1 Compaction Pause)
[2024-07-05T06:38:43.706-0700][info][gc,phases,start] GC(138) Phase 1: Mark live objects
[2024-07-05T06:38:43.876-0700][info][gc,phases      ] GC(138) Phase 1: Mark live objects 169.655ms
[2024-07-05T06:38:43.876-0700][info][gc,phases,start] GC(138) Phase 2: Prepare for compaction
[2024-07-05T06:38:43.878-0700][info][gc,phases      ] GC(138) Phase 2: Prepare for compaction 1.838ms
[2024-07-05T06:38:43.878-0700][info][gc,phases,start] GC(138) Phase 3: Adjust pointers
[2024-07-05T06:38:43.969-0700][info][gc,phases      ] GC(138) Phase 3: Adjust pointers 90.552ms
[2024-07-05T06:38:43.969-0700][info][gc,phases,start] GC(138) Phase 4: Compact heap
[2024-07-05T06:38:43.969-0700][info][gc,phases      ] GC(138) Phase 4: Compact heap 0.444ms
[2024-07-05T06:38:43.973-0700][info][gc,heap        ] GC(138) Eden regions: 0->0(204)
[2024-07-05T06:38:43.973-0700][info][gc,heap        ] GC(138) Survivor regions: 0->0(0)
[2024-07-05T06:38:43.973-0700][info][gc,heap        ] GC(138) Old regions: 4078->4076
[2024-07-05T06:38:43.973-0700][info][gc,heap        ] GC(138) Archive regions: 2->2
[2024-07-05T06:38:43.973-0700][info][gc,heap        ] GC(138) Humongous regions: 16->16
[2024-07-05T06:38:43.973-0700][info][gc,metaspace   ] GC(138) Metaspace: 304K(512K)->304K(512K) NonClass: 296K(384K)->296K(384K) Class: 7K(128K)->7K(128K)
[2024-07-05T06:38:43.973-0700][info][gc             ] GC(138) Pause Full (G1 Compaction Pause) 4092M->4090M(4096M) 270.275ms
[2024-07-05T06:38:43.973-0700][info][gc,cpu         ] GC(138) User=0.80s Sys=0.01s Real=0.26s
[2024-07-05T06:38:43.973-0700][info][gc,marking     ] GC(136) Concurrent Mark From Roots 272.288ms
[2024-07-05T06:38:43.973-0700][info][gc,marking     ] GC(136) Concurrent Mark Abort
[2024-07-05T06:38:43.973-0700][info][gc             ] GC(136) Concurrent Mark Cycle 272.612ms
[2024-07-05T06:38:43.974-0700][info][gc,start       ] GC(139) Pause Young (Normal) (G1 Preventive Collection)
[2024-07-05T06:38:43.974-0700][info][gc,task        ] GC(139) Using 4 workers of 4 for evacuation
[2024-07-05T06:38:43.975-0700][info][gc             ] GC(139) To-space exhausted
[2024-07-05T06:38:43.975-0700][info][gc,phases      ] GC(139)   Pre Evacuate Collection Set: 0.5ms
[2024-07-05T06:38:43.975-0700][info][gc,phases      ] GC(139)   Merge Heap Roots: 0.1ms
[2024-07-05T06:38:43.975-0700][info][gc,phases      ] GC(139)   Evacuate Collection Set: 0.4ms
[2024-07-05T06:38:43.975-0700][info][gc,phases      ] GC(139)   Post Evacuate Collection Set: 0.5ms
[2024-07-05T06:38:43.975-0700][info][gc,phases      ] GC(139)   Other: 0.1ms
[2024-07-05T06:38:43.975-0700][info][gc,heap        ] GC(139) Eden regions: 1->0(203)
[2024-07-05T06:38:43.975-0700][info][gc,heap        ] GC(139) Survivor regions: 0->1(1)
[2024-07-05T06:38:43.975-0700][info][gc,heap        ] GC(139) Old regions: 4076->4077
[2024-07-05T06:38:43.975-0700][info][gc,heap        ] GC(139) Archive regions: 2->2
[2024-07-05T06:38:43.975-0700][info][gc,heap        ] GC(139) Humongous regions: 16->16
[2024-07-05T06:38:43.975-0700][info][gc,metaspace   ] GC(139) Metaspace: 304K(512K)->304K(512K) NonClass: 296K(384K)->296K(384K) Class: 7K(128K)->7K(128K)
[2024-07-05T06:38:43.975-0700][info][gc             ] GC(139) Pause Young (Normal) (G1 Preventive Collection) 4091M->4092M(4096M) 1.713ms
[2024-07-05T06:38:43.975-0700][info][gc,cpu         ] GC(139) User=0.00s Sys=0.00s Real=0.01s
[2024-07-05T06:38:43.975-0700][info][gc,ergo        ] Attempting full compaction
[2024-07-05T06:38:43.975-0700][info][gc,task        ] GC(140) Using 4 workers of 4 for full compaction
[2024-07-05T06:38:43.975-0700][info][gc,start       ] GC(140) Pause Full (G1 Compaction Pause)
[2024-07-05T06:38:43.976-0700][info][gc,phases,start] GC(140) Phase 1: Mark live objects
[2024-07-05T06:38:44.154-0700][info][gc,phases      ] GC(140) Phase 1: Mark live objects 178.629ms
[2024-07-05T06:38:44.154-0700][info][gc,phases,start] GC(140) Phase 2: Prepare for compaction
[2024-07-05T06:38:44.157-0700][info][gc,phases      ] GC(140) Phase 2: Prepare for compaction 2.380ms
[2024-07-05T06:38:44.157-0700][info][gc,phases,start] GC(140) Phase 3: Adjust pointers
[2024-07-05T06:38:44.249-0700][info][gc,phases      ] GC(140) Phase 3: Adjust pointers 92.032ms
[2024-07-05T06:38:44.249-0700][info][gc,phases,start] GC(140) Phase 4: Compact heap
[2024-07-05T06:38:44.249-0700][info][gc,phases      ] GC(140) Phase 4: Compact heap 0.321ms
[2024-07-05T06:38:44.253-0700][info][gc,heap        ] GC(140) Eden regions: 0->0(204)
[2024-07-05T06:38:44.253-0700][info][gc,heap        ] GC(140) Survivor regions: 1->0(1)
[2024-07-05T06:38:44.253-0700][info][gc,heap        ] GC(140) Old regions: 4077->4077
[2024-07-05T06:38:44.253-0700][info][gc,heap        ] GC(140) Archive regions: 2->2
[2024-07-05T06:38:44.253-0700][info][gc,heap        ] GC(140) Humongous regions: 16->16
[2024-07-05T06:38:44.253-0700][info][gc,metaspace   ] GC(140) Metaspace: 304K(512K)->304K(512K) NonClass: 296K(384K)->296K(384K) Class: 7K(128K)->7K(128K)
[2024-07-05T06:38:44.253-0700][info][gc             ] GC(140) Pause Full (G1 Compaction Pause) 4092M->4091M(4096M) 277.239ms
[2024-07-05T06:38:44.253-0700][info][gc,cpu         ] GC(140) User=0.82s Sys=0.00s Real=0.27s
[2024-07-05T06:38:47.099-0700][info][gc,start       ] GC(141) Pause Young (Concurrent Start) (G1 Evacuation Pause)
[2024-07-05T06:38:47.099-0700][info][gc,task        ] GC(141) Using 4 workers of 4 for evacuation
[2024-07-05T06:38:47.109-0700][info][gc             ] GC(141) To-space exhausted
[2024-07-05T06:38:47.109-0700][info][gc,phases      ] GC(141)   Pre Evacuate Collection Set: 0.6ms
[2024-07-05T06:38:47.109-0700][info][gc,phases      ] GC(141)   Merge Heap Roots: 0.3ms
[2024-07-05T06:38:47.109-0700][info][gc,phases      ] GC(141)   Evacuate Collection Set: 7.6ms
[2024-07-05T06:38:47.109-0700][info][gc,phases      ] GC(141)   Post Evacuate Collection Set: 0.6ms
[2024-07-05T06:38:47.109-0700][info][gc,phases      ] GC(141)   Other: 0.3ms
[2024-07-05T06:38:47.109-0700][info][gc,heap        ] GC(141) Eden regions: 1->0(204)
[2024-07-05T06:38:47.109-0700][info][gc,heap        ] GC(141) Survivor regions: 0->0(0)
[2024-07-05T06:38:47.109-0700][info][gc,heap        ] GC(141) Old regions: 4077->4078
[2024-07-05T06:38:47.109-0700][info][gc,heap        ] GC(141) Archive regions: 2->2
[2024-07-05T06:38:47.109-0700][info][gc,heap        ] GC(141) Humongous regions: 16->16
[2024-07-05T06:38:47.109-0700][info][gc,metaspace   ] GC(141) Metaspace: 304K(512K)->304K(512K) NonClass: 296K(384K)->296K(384K) Class: 7K(128K)->7K(128K)
[2024-07-05T06:38:47.109-0700][info][gc             ] GC(141) Pause Young (Concurrent Start) (G1 Evacuation Pause) 4092M->4092M(4096M) 9.369ms
[2024-07-05T06:38:47.109-0700][info][gc,cpu         ] GC(141) User=0.02s Sys=0.00s Real=0.01s
[2024-07-05T06:38:47.109-0700][info][gc,ergo        ] Attempting full compaction
[2024-07-05T06:38:47.109-0700][info][gc,task        ] GC(142) Using 4 workers of 4 for full compaction
[2024-07-05T06:38:47.109-0700][info][gc             ] GC(143) Concurrent Mark Cycle
[2024-07-05T06:38:47.109-0700][info][gc,start       ] GC(142) Pause Full (G1 Compaction Pause)
[2024-07-05T06:38:47.109-0700][info][gc,marking     ] GC(143) Concurrent Clear Claimed Marks
[2024-07-05T06:38:47.109-0700][info][gc,marking     ] GC(143) Concurrent Clear Claimed Marks 0.017ms
[2024-07-05T06:38:47.109-0700][info][gc,marking     ] GC(143) Concurrent Scan Root Regions
[2024-07-05T06:38:47.109-0700][info][gc,marking     ] GC(143) Concurrent Scan Root Regions 0.004ms
[2024-07-05T06:38:47.109-0700][info][gc,marking     ] GC(143) Concurrent Mark
[2024-07-05T06:38:47.109-0700][info][gc,marking     ] GC(143) Concurrent Mark From Roots
[2024-07-05T06:38:47.109-0700][info][gc,task        ] GC(143) Using 1 workers of 1 for marking
[2024-07-05T06:38:47.113-0700][info][gc,phases,start] GC(142) Phase 1: Mark live objects
[2024-07-05T06:38:47.243-0700][info][gc,phases      ] GC(142) Phase 1: Mark live objects 130.056ms
[2024-07-05T06:38:47.243-0700][info][gc,phases,start] GC(142) Phase 2: Prepare for compaction
[2024-07-05T06:38:47.246-0700][info][gc,phases      ] GC(142) Phase 2: Prepare for compaction 2.855ms
[2024-07-05T06:38:47.246-0700][info][gc,phases,start] GC(142) Phase 3: Adjust pointers
[2024-07-05T06:38:47.327-0700][info][gc,phases      ] GC(142) Phase 3: Adjust pointers 81.573ms
[2024-07-05T06:38:47.327-0700][info][gc,phases,start] GC(142) Phase 4: Compact heap
[2024-07-05T06:38:47.328-0700][info][gc,phases      ] GC(142) Phase 4: Compact heap 1.263ms
[2024-07-05T06:38:47.332-0700][info][gc,heap        ] GC(142) Eden regions: 0->0(204)
[2024-07-05T06:38:47.332-0700][info][gc,heap        ] GC(142) Survivor regions: 0->0(0)
[2024-07-05T06:38:47.332-0700][info][gc,heap        ] GC(142) Old regions: 4078->4077
[2024-07-05T06:38:47.332-0700][info][gc,heap        ] GC(142) Archive regions: 2->2
[2024-07-05T06:38:47.332-0700][info][gc,heap        ] GC(142) Humongous regions: 16->16
[2024-07-05T06:38:47.332-0700][info][gc,metaspace   ] GC(142) Metaspace: 304K(512K)->304K(512K) NonClass: 296K(384K)->296K(384K) Class: 7K(128K)->7K(128K)
[2024-07-05T06:38:47.332-0700][info][gc             ] GC(142) Pause Full (G1 Compaction Pause) 4092M->4092M(4096M) 223.300ms
[2024-07-05T06:38:47.332-0700][info][gc,cpu         ] GC(142) User=0.70s Sys=0.01s Real=0.22s
[2024-07-05T06:38:47.332-0700][info][gc,marking     ] GC(143) Concurrent Mark From Roots 223.517ms
[2024-07-05T06:38:47.332-0700][info][gc,marking     ] GC(143) Concurrent Mark Abort
[2024-07-05T06:38:47.332-0700][info][gc             ] GC(143) Concurrent Mark Cycle 223.617ms
[2024-07-05T06:38:47.333-0700][info][gc,start       ] GC(144) Pause Young (Normal) (G1 Evacuation Pause)
[2024-07-05T06:38:47.333-0700][info][gc,task        ] GC(144) Using 4 workers of 4 for evacuation
[2024-07-05T06:38:47.335-0700][info][gc             ] GC(144) To-space exhausted
[2024-07-05T06:38:47.335-0700][info][gc,phases      ] GC(144)   Pre Evacuate Collection Set: 1.6ms
[2024-07-05T06:38:47.335-0700][info][gc,phases      ] GC(144)   Merge Heap Roots: 0.1ms
[2024-07-05T06:38:47.335-0700][info][gc,phases      ] GC(144)   Evacuate Collection Set: 0.4ms
[2024-07-05T06:38:47.335-0700][info][gc,phases      ] GC(144)   Post Evacuate Collection Set: 0.5ms
[2024-07-05T06:38:47.335-0700][info][gc,phases      ] GC(144)   Other: 0.1ms
[2024-07-05T06:38:47.335-0700][info][gc,heap        ] GC(144) Eden regions: 1->0(204)
[2024-07-05T06:38:47.335-0700][info][gc,heap        ] GC(144) Survivor regions: 0->0(0)
[2024-07-05T06:38:47.335-0700][info][gc,heap        ] GC(144) Old regions: 4077->4078
[2024-07-05T06:38:47.335-0700][info][gc,heap        ] GC(144) Archive regions: 2->2
[2024-07-05T06:38:47.335-0700][info][gc,heap        ] GC(144) Humongous regions: 16->16
[2024-07-05T06:38:47.335-0700][info][gc,metaspace   ] GC(144) Metaspace: 304K(512K)->304K(512K) NonClass: 296K(384K)->296K(384K) Class: 7K(128K)->7K(128K)
[2024-07-05T06:38:47.335-0700][info][gc             ] GC(144) Pause Young (Normal) (G1 Evacuation Pause) 4093M->4093M(4096M) 2.731ms
[2024-07-05T06:38:47.335-0700][info][gc,cpu         ] GC(144) User=0.00s Sys=0.00s Real=0.01s
[2024-07-05T06:38:47.335-0700][info][gc,ergo        ] Attempting full compaction
[2024-07-05T06:38:47.335-0700][info][gc,task        ] GC(145) Using 4 workers of 4 for full compaction
[2024-07-05T06:38:47.335-0700][info][gc,start       ] GC(145) Pause Full (G1 Compaction Pause)
[2024-07-05T06:38:47.336-0700][info][gc,phases,start] GC(145) Phase 1: Mark live objects
[2024-07-05T06:38:47.460-0700][info][gc,phases      ] GC(145) Phase 1: Mark live objects 124.806ms
[2024-07-05T06:38:47.460-0700][info][gc,phases,start] GC(145) Phase 2: Prepare for compaction
[2024-07-05T06:38:47.462-0700][info][gc,phases      ] GC(145) Phase 2: Prepare for compaction 1.962ms
[2024-07-05T06:38:47.462-0700][info][gc,phases,start] GC(145) Phase 3: Adjust pointers
[2024-07-05T06:38:47.544-0700][info][gc,phases      ] GC(145) Phase 3: Adjust pointers 81.904ms
[2024-07-05T06:38:47.544-0700][info][gc,phases,start] GC(145) Phase 4: Compact heap
[2024-07-05T06:38:47.545-0700][info][gc,phases      ] GC(145) Phase 4: Compact heap 0.273ms
[2024-07-05T06:38:47.548-0700][info][gc,heap        ] GC(145) Eden regions: 0->0(204)
[2024-07-05T06:38:47.548-0700][info][gc,heap        ] GC(145) Survivor regions: 0->0(0)
[2024-07-05T06:38:47.548-0700][info][gc,heap        ] GC(145) Old regions: 4078->4078
[2024-07-05T06:38:47.548-0700][info][gc,heap        ] GC(145) Archive regions: 2->2
[2024-07-05T06:38:47.548-0700][info][gc,heap        ] GC(145) Humongous regions: 16->16
[2024-07-05T06:38:47.548-0700][info][gc,metaspace   ] GC(145) Metaspace: 304K(512K)->304K(512K) NonClass: 296K(384K)->296K(384K) Class: 7K(128K)->7K(128K)
[2024-07-05T06:38:47.548-0700][info][gc             ] GC(145) Pause Full (G1 Compaction Pause) 4093M->4093M(4096M) 212.658ms
[2024-07-05T06:38:47.548-0700][info][gc,cpu         ] GC(145) User=0.65s Sys=0.00s Real=0.21s
[2024-07-05T06:38:47.548-0700][info][gc,ergo        ] Attempting maximum full compaction clearing soft references
[2024-07-05T06:38:47.548-0700][info][gc,task        ] GC(146) Using 4 workers of 4 for full compaction
[2024-07-05T06:38:47.548-0700][info][gc,start       ] GC(146) Pause Full (G1 Compaction Pause)
[2024-07-05T06:38:47.548-0700][info][gc,phases,start] GC(146) Phase 1: Mark live objects
[2024-07-05T06:38:47.674-0700][info][gc,phases      ] GC(146) Phase 1: Mark live objects 125.342ms
[2024-07-05T06:38:47.674-0700][info][gc,phases,start] GC(146) Phase 2: Prepare for compaction
[2024-07-05T06:38:47.782-0700][info][gc,phases      ] GC(146) Phase 2: Prepare for compaction 108.602ms
[2024-07-05T06:38:47.783-0700][info][gc,phases,start] GC(146) Phase 3: Adjust pointers
[2024-07-05T06:38:47.920-0700][info][gc,phases      ] GC(146) Phase 3: Adjust pointers 137.342ms
[2024-07-05T06:38:47.920-0700][info][gc,phases,start] GC(146) Phase 4: Compact heap
[2024-07-05T06:38:48.458-0700][info][gc,phases      ] GC(146) Phase 4: Compact heap 537.630ms
[2024-07-05T06:38:48.461-0700][info][gc,heap        ] GC(146) Eden regions: 0->0(204)
[2024-07-05T06:38:48.461-0700][info][gc,heap        ] GC(146) Survivor regions: 0->0(0)
[2024-07-05T06:38:48.461-0700][info][gc,heap        ] GC(146) Old regions: 4078->3997
[2024-07-05T06:38:48.461-0700][info][gc,heap        ] GC(146) Archive regions: 2->2
[2024-07-05T06:38:48.461-0700][info][gc,heap        ] GC(146) Humongous regions: 16->16
[2024-07-05T06:38:48.461-0700][info][gc,metaspace   ] GC(146) Metaspace: 304K(512K)->304K(512K) NonClass: 296K(384K)->296K(384K) Class: 7K(128K)->7K(128K)
[2024-07-05T06:38:48.461-0700][info][gc             ] GC(146) Pause Full (G1 Compaction Pause) 4093M->4010M(4096M) 912.881ms
[2024-07-05T06:38:48.461-0700][info][gc,cpu         ] GC(146) User=2.77s Sys=0.02s Real=0.91s
[2024-07-05T06:39:01.867-0700][info][gc,start       ] GC(147) Pause Young (Concurrent Start) (G1 Preventive Collection)
[2024-07-05T06:39:01.867-0700][info][gc,task        ] GC(147) Using 4 workers of 4 for evacuation
[2024-07-05T06:39:01.883-0700][info][gc             ] GC(147) To-space exhausted
[2024-07-05T06:39:01.883-0700][info][gc,phases      ] GC(147)   Pre Evacuate Collection Set: 0.6ms
[2024-07-05T06:39:01.884-0700][info][gc,phases      ] GC(147)   Merge Heap Roots: 0.2ms
[2024-07-05T06:39:01.884-0700][info][gc,phases      ] GC(147)   Evacuate Collection Set: 13.3ms
[2024-07-05T06:39:01.884-0700][info][gc,phases      ] GC(147)   Post Evacuate Collection Set: 1.7ms
[2024-07-05T06:39:01.884-0700][info][gc,phases      ] GC(147)   Other: 0.3ms
[2024-07-05T06:39:01.884-0700][info][gc,heap        ] GC(147) Eden regions: 55->0(178)
[2024-07-05T06:39:01.884-0700][info][gc,heap        ] GC(147) Survivor regions: 0->26(26)
[2024-07-05T06:39:01.884-0700][info][gc,heap        ] GC(147) Old regions: 3997->4029
[2024-07-05T06:39:01.884-0700][info][gc,heap        ] GC(147) Archive regions: 2->2
[2024-07-05T06:39:01.884-0700][info][gc,heap        ] GC(147) Humongous regions: 16->16
[2024-07-05T06:39:01.884-0700][info][gc,metaspace   ] GC(147) Metaspace: 304K(512K)->304K(512K) NonClass: 296K(384K)->296K(384K) Class: 7K(128K)->7K(128K)
[2024-07-05T06:39:01.884-0700][info][gc             ] GC(147) Pause Young (Concurrent Start) (G1 Preventive Collection) 4065M->4068M(4096M) 16.145ms
[2024-07-05T06:39:01.884-0700][info][gc,cpu         ] GC(147) User=0.04s Sys=0.01s Real=0.02s
[2024-07-05T06:39:01.884-0700][info][gc             ] GC(148) Concurrent Mark Cycle
[2024-07-05T06:39:01.884-0700][info][gc,marking     ] GC(148) Concurrent Clear Claimed Marks
[2024-07-05T06:39:01.884-0700][info][gc,marking     ] GC(148) Concurrent Clear Claimed Marks 0.007ms
[2024-07-05T06:39:01.884-0700][info][gc,marking     ] GC(148) Concurrent Scan Root Regions
[2024-07-05T06:39:01.886-0700][info][gc,marking     ] GC(148) Concurrent Scan Root Regions 1.833ms
[2024-07-05T06:39:01.886-0700][info][gc,marking     ] GC(148) Concurrent Mark
[2024-07-05T06:39:01.886-0700][info][gc,marking     ] GC(148) Concurrent Mark From Roots
[2024-07-05T06:39:01.886-0700][info][gc,task        ] GC(148) Using 1 workers of 1 for marking
[2024-07-05T06:39:02.492-0700][info][gc,marking     ] GC(148) Concurrent Mark From Roots 606.721ms
[2024-07-05T06:39:02.492-0700][info][gc,marking     ] GC(148) Concurrent Preclean
[2024-07-05T06:39:02.492-0700][info][gc,marking     ] GC(148) Concurrent Preclean 0.064ms
[2024-07-05T06:39:50.661-0700][info][gc,start       ] GC(148) Pause Remark
[2024-07-05T06:39:50.663-0700][info][gc             ] GC(148) Pause Remark 4072M->4072M(4096M) 2.081ms
[2024-07-05T06:39:50.663-0700][info][gc,cpu         ] GC(148) User=0.00s Sys=0.00s Real=0.01s
[2024-07-05T06:39:50.664-0700][info][gc,marking     ] GC(148) Concurrent Mark 48778.062ms
[2024-07-05T06:39:50.664-0700][info][gc,marking     ] GC(148) Concurrent Rebuild Remembered Sets
[2024-07-05T06:39:51.312-0700][info][gc,marking     ] GC(148) Concurrent Rebuild Remembered Sets 648.407ms
[2024-07-05T06:39:51.868-0700][info][gc,start       ] GC(148) Pause Cleanup
[2024-07-05T06:39:51.870-0700][info][gc             ] GC(148) Pause Cleanup 4072M->4072M(4096M) 2.393ms
[2024-07-05T06:39:51.871-0700][info][gc,cpu         ] GC(148) User=0.00s Sys=0.00s Real=0.00s
[2024-07-05T06:39:51.871-0700][info][gc,marking     ] GC(148) Concurrent Cleanup for Next Mark
[2024-07-05T06:39:51.880-0700][info][gc,marking     ] GC(148) Concurrent Cleanup for Next Mark 9.435ms
[2024-07-05T06:39:51.880-0700][info][gc             ] GC(148) Concurrent Mark Cycle 49996.550ms
[2024-07-05T06:40:00.026-0700][info][gc,start       ] GC(149) Pause Young (Prepare Mixed) (G1 Preventive Collection)
[2024-07-05T06:40:00.026-0700][info][gc,task        ] GC(149) Using 4 workers of 4 for evacuation
[2024-07-05T06:40:00.064-0700][info][gc             ] GC(149) To-space exhausted
[2024-07-05T06:40:00.064-0700][info][gc,phases      ] GC(149)   Pre Evacuate Collection Set: 2.6ms
[2024-07-05T06:40:00.064-0700][info][gc,phases      ] GC(149)   Merge Heap Roots: 0.8ms
[2024-07-05T06:40:00.064-0700][info][gc,phases      ] GC(149)   Evacuate Collection Set: 30.8ms
[2024-07-05T06:40:00.064-0700][info][gc,phases      ] GC(149)   Post Evacuate Collection Set: 2.9ms
[2024-07-05T06:40:00.064-0700][info][gc,phases      ] GC(149)   Other: 0.3ms
[2024-07-05T06:40:00.064-0700][info][gc,heap        ] GC(149) Eden regions: 16->0(204)
[2024-07-05T06:40:00.064-0700][info][gc,heap        ] GC(149) Survivor regions: 26->0(7)
[2024-07-05T06:40:00.064-0700][info][gc,heap        ] GC(149) Old regions: 4029->4074
[2024-07-05T06:40:00.064-0700][info][gc,heap        ] GC(149) Archive regions: 2->2
[2024-07-05T06:40:00.064-0700][info][gc,heap        ] GC(149) Humongous regions: 16->16
[2024-07-05T06:40:00.064-0700][info][gc,metaspace   ] GC(149) Metaspace: 304K(512K)->304K(512K) NonClass: 296K(384K)->296K(384K) Class: 7K(128K)->7K(128K)
[2024-07-05T06:40:00.064-0700][info][gc             ] GC(149) Pause Young (Prepare Mixed) (G1 Preventive Collection) 4084M->4087M(4096M) 37.444ms
[2024-07-05T06:40:00.064-0700][info][gc,cpu         ] GC(149) User=0.07s Sys=0.00s Real=0.04s
[2024-07-05T06:40:00.064-0700][info][gc,start       ] GC(150) Pause Young (Mixed) (G1 Preventive Collection)
[2024-07-05T06:40:00.064-0700][info][gc,task        ] GC(150) Using 4 workers of 4 for evacuation
[2024-07-05T06:40:00.066-0700][info][gc             ] GC(150) To-space exhausted
[2024-07-05T06:40:00.066-0700][info][gc,phases      ] GC(150)   Pre Evacuate Collection Set: 0.6ms
[2024-07-05T06:40:00.066-0700][info][gc,phases      ] GC(150)   Merge Heap Roots: 0.1ms
[2024-07-05T06:40:00.066-0700][info][gc,phases      ] GC(150)   Evacuate Collection Set: 0.6ms
[2024-07-05T06:40:00.066-0700][info][gc,phases      ] GC(150)   Post Evacuate Collection Set: 0.6ms
[2024-07-05T06:40:00.066-0700][info][gc,phases      ] GC(150)   Other: 0.1ms
[2024-07-05T06:40:00.066-0700][info][gc,heap        ] GC(150) Eden regions: 2->0(202)
[2024-07-05T06:40:00.066-0700][info][gc,heap        ] GC(150) Survivor regions: 0->2(2)
[2024-07-05T06:40:00.066-0700][info][gc,heap        ] GC(150) Old regions: 4074->4074
[2024-07-05T06:40:00.066-0700][info][gc,heap        ] GC(150) Archive regions: 2->2
[2024-07-05T06:40:00.066-0700][info][gc,heap        ] GC(150) Humongous regions: 16->16
[2024-07-05T06:40:00.066-0700][info][gc,metaspace   ] GC(150) Metaspace: 304K(512K)->304K(512K) NonClass: 296K(384K)->296K(384K) Class: 7K(128K)->7K(128K)
[2024-07-05T06:40:00.066-0700][info][gc             ] GC(150) Pause Young (Mixed) (G1 Preventive Collection) 4089M->4089M(4096M) 2.112ms
[2024-07-05T06:40:00.066-0700][info][gc,cpu         ] GC(150) User=0.00s Sys=0.00s Real=0.00s
[2024-07-05T06:40:00.066-0700][info][gc,start       ] GC(151) Pause Young (Concurrent Start) (G1 Preventive Collection)
[2024-07-05T06:40:00.067-0700][info][gc,task        ] GC(151) Using 4 workers of 4 for evacuation
[2024-07-05T06:40:00.069-0700][info][gc             ] GC(151) To-space exhausted
[2024-07-05T06:40:00.069-0700][info][gc,phases      ] GC(151)   Pre Evacuate Collection Set: 0.5ms
[2024-07-05T06:40:00.069-0700][info][gc,phases      ] GC(151)   Merge Heap Roots: 0.1ms
[2024-07-05T06:40:00.069-0700][info][gc,phases      ] GC(151)   Evacuate Collection Set: 0.8ms
[2024-07-05T06:40:00.069-0700][info][gc,phases      ] GC(151)   Post Evacuate Collection Set: 0.5ms
[2024-07-05T06:40:00.069-0700][info][gc,phases      ] GC(151)   Other: 0.3ms
[2024-07-05T06:40:00.069-0700][info][gc,heap        ] GC(151) Eden regions: 1->0(203)
[2024-07-05T06:40:00.069-0700][info][gc,heap        ] GC(151) Survivor regions: 2->1(1)
[2024-07-05T06:40:00.069-0700][info][gc,heap        ] GC(151) Old regions: 4074->4077
[2024-07-05T06:40:00.069-0700][info][gc,heap        ] GC(151) Archive regions: 2->2
[2024-07-05T06:40:00.069-0700][info][gc,heap        ] GC(151) Humongous regions: 16->16
[2024-07-05T06:40:00.069-0700][info][gc,metaspace   ] GC(151) Metaspace: 304K(512K)->304K(512K) NonClass: 296K(384K)->296K(384K) Class: 7K(128K)->7K(128K)
[2024-07-05T06:40:00.069-0700][info][gc             ] GC(151) Pause Young (Concurrent Start) (G1 Preventive Collection) 4090M->4091M(4096M) 2.255ms
[2024-07-05T06:40:00.069-0700][info][gc,cpu         ] GC(151) User=0.01s Sys=0.00s Real=0.00s
[2024-07-05T06:40:00.069-0700][info][gc,ergo        ] Attempting full compaction
[2024-07-05T06:40:00.069-0700][info][gc,task        ] GC(152) Using 4 workers of 4 for full compaction
[2024-07-05T06:40:00.069-0700][info][gc,start       ] GC(152) Pause Full (G1 Compaction Pause)
[2024-07-05T06:40:00.069-0700][info][gc             ] GC(153) Concurrent Mark Cycle
[2024-07-05T06:40:00.069-0700][info][gc,marking     ] GC(153) Concurrent Clear Claimed Marks
[2024-07-05T06:40:00.069-0700][info][gc,marking     ] GC(153) Concurrent Clear Claimed Marks 0.010ms
[2024-07-05T06:40:00.069-0700][info][gc,marking     ] GC(153) Concurrent Scan Root Regions
[2024-07-05T06:40:00.069-0700][info][gc,marking     ] GC(153) Concurrent Scan Root Regions 0.097ms
[2024-07-05T06:40:00.069-0700][info][gc,marking     ] GC(153) Concurrent Mark
[2024-07-05T06:40:00.069-0700][info][gc,marking     ] GC(153) Concurrent Mark From Roots
[2024-07-05T06:40:00.069-0700][info][gc,task        ] GC(153) Using 1 workers of 1 for marking
[2024-07-05T06:40:00.075-0700][info][gc,phases,start] GC(152) Phase 1: Mark live objects
[2024-07-05T06:40:00.407-0700][info][gc,phases      ] GC(152) Phase 1: Mark live objects 331.707ms
[2024-07-05T06:40:00.407-0700][info][gc,phases,start] GC(152) Phase 2: Prepare for compaction
[2024-07-05T06:40:00.415-0700][info][gc,phases      ] GC(152) Phase 2: Prepare for compaction 7.905ms
[2024-07-05T06:40:00.415-0700][info][gc,phases,start] GC(152) Phase 3: Adjust pointers
[2024-07-05T06:40:00.589-0700][info][gc,phases      ] GC(152) Phase 3: Adjust pointers 174.745ms
[2024-07-05T06:40:00.589-0700][info][gc,phases,start] GC(152) Phase 4: Compact heap
[2024-07-05T06:40:00.592-0700][info][gc,phases      ] GC(152) Phase 4: Compact heap 2.585ms
[2024-07-05T06:40:00.599-0700][info][gc,heap        ] GC(152) Eden regions: 0->0(204)
[2024-07-05T06:40:00.600-0700][info][gc,heap        ] GC(152) Survivor regions: 1->0(1)
[2024-07-05T06:40:00.600-0700][info][gc,heap        ] GC(152) Old regions: 4077->4070
[2024-07-05T06:40:00.600-0700][info][gc,heap        ] GC(152) Archive regions: 2->2
[2024-07-05T06:40:00.600-0700][info][gc,heap        ] GC(152) Humongous regions: 16->16
[2024-07-05T06:40:00.600-0700][info][gc,metaspace   ] GC(152) Metaspace: 304K(512K)->304K(512K) NonClass: 296K(384K)->296K(384K) Class: 7K(128K)->7K(128K)
[2024-07-05T06:40:00.600-0700][info][gc             ] GC(152) Pause Full (G1 Compaction Pause) 4091M->4083M(4096M) 530.700ms
[2024-07-05T06:40:00.600-0700][info][gc,cpu         ] GC(152) User=1.17s Sys=0.01s Real=0.53s
[2024-07-05T06:40:00.600-0700][info][gc,marking     ] GC(153) Concurrent Mark From Roots 530.580ms
[2024-07-05T06:40:00.600-0700][info][gc,marking     ] GC(153) Concurrent Mark Abort
[2024-07-05T06:40:00.600-0700][info][gc             ] GC(153) Concurrent Mark Cycle 530.806ms
[2024-07-05T06:40:06.574-0700][info][gc,start       ] GC(154) Pause Young (Normal) (G1 Preventive Collection)
[2024-07-05T06:40:06.574-0700][info][gc,task        ] GC(154) Using 4 workers of 4 for evacuation
[2024-07-05T06:40:06.595-0700][info][gc             ] GC(154) To-space exhausted
[2024-07-05T06:40:06.595-0700][info][gc,phases      ] GC(154)   Pre Evacuate Collection Set: 0.9ms
[2024-07-05T06:40:06.595-0700][info][gc,phases      ] GC(154)   Merge Heap Roots: 0.5ms
[2024-07-05T06:40:06.595-0700][info][gc,phases      ] GC(154)   Evacuate Collection Set: 18.3ms
[2024-07-05T06:40:06.595-0700][info][gc,phases      ] GC(154)   Post Evacuate Collection Set: 1.0ms
[2024-07-05T06:40:06.595-0700][info][gc,phases      ] GC(154)   Other: 0.3ms
[2024-07-05T06:40:06.595-0700][info][gc,heap        ] GC(154) Eden regions: 5->0(201)
[2024-07-05T06:40:06.595-0700][info][gc,heap        ] GC(154) Survivor regions: 0->3(3)
[2024-07-05T06:40:06.595-0700][info][gc,heap        ] GC(154) Old regions: 4070->4074
[2024-07-05T06:40:06.595-0700][info][gc,heap        ] GC(154) Archive regions: 2->2
[2024-07-05T06:40:06.595-0700][info][gc,heap        ] GC(154) Humongous regions: 16->16
[2024-07-05T06:40:06.595-0700][info][gc,metaspace   ] GC(154) Metaspace: 304K(512K)->304K(512K) NonClass: 296K(384K)->296K(384K) Class: 7K(128K)->7K(128K)
[2024-07-05T06:40:06.595-0700][info][gc             ] GC(154) Pause Young (Normal) (G1 Preventive Collection) 4088M->4090M(4096M) 21.177ms
[2024-07-05T06:40:06.595-0700][info][gc,cpu         ] GC(154) User=0.04s Sys=0.00s Real=0.03s
[2024-07-05T06:40:06.596-0700][info][gc,start       ] GC(155) Pause Young (Concurrent Start) (G1 Evacuation Pause)
[2024-07-05T06:40:06.596-0700][info][gc,task        ] GC(155) Using 4 workers of 4 for evacuation
[2024-07-05T06:40:06.598-0700][info][gc             ] GC(155) To-space exhausted
[2024-07-05T06:40:06.598-0700][info][gc,phases      ] GC(155)   Pre Evacuate Collection Set: 0.6ms
[2024-07-05T06:40:06.598-0700][info][gc,phases      ] GC(155)   Merge Heap Roots: 0.1ms
[2024-07-05T06:40:06.598-0700][info][gc,phases      ] GC(155)   Evacuate Collection Set: 0.8ms
[2024-07-05T06:40:06.598-0700][info][gc,phases      ] GC(155)   Post Evacuate Collection Set: 0.7ms
[2024-07-05T06:40:06.598-0700][info][gc,phases      ] GC(155)   Other: 0.3ms
[2024-07-05T06:40:06.598-0700][info][gc,heap        ] GC(155) Eden regions: 1->0(204)
[2024-07-05T06:40:06.598-0700][info][gc,heap        ] GC(155) Survivor regions: 3->0(0)
[2024-07-05T06:40:06.598-0700][info][gc,heap        ] GC(155) Old regions: 4074->4078
[2024-07-05T06:40:06.598-0700][info][gc,heap        ] GC(155) Archive regions: 2->2
[2024-07-05T06:40:06.598-0700][info][gc,heap        ] GC(155) Humongous regions: 16->16
[2024-07-05T06:40:06.598-0700][info][gc,metaspace   ] GC(155) Metaspace: 304K(512K)->304K(512K) NonClass: 296K(384K)->296K(384K) Class: 7K(128K)->7K(128K)
[2024-07-05T06:40:06.598-0700][info][gc             ] GC(155) Pause Young (Concurrent Start) (G1 Evacuation Pause) 4091M->4091M(4096M) 2.660ms
[2024-07-05T06:40:06.598-0700][info][gc,cpu         ] GC(155) User=0.00s Sys=0.00s Real=0.00s
[2024-07-05T06:40:06.598-0700][info][gc,ergo        ] Attempting full compaction
[2024-07-05T06:40:06.598-0700][info][gc             ] GC(157) Concurrent Mark Cycle
[2024-07-05T06:40:06.598-0700][info][gc,marking     ] GC(157) Concurrent Clear Claimed Marks
[2024-07-05T06:40:06.598-0700][info][gc,task        ] GC(156) Using 4 workers of 4 for full compaction
[2024-07-05T06:40:06.598-0700][info][gc,marking     ] GC(157) Concurrent Clear Claimed Marks 0.017ms
[2024-07-05T06:40:06.599-0700][info][gc,marking     ] GC(157) Concurrent Scan Root Regions
[2024-07-05T06:40:06.599-0700][info][gc,marking     ] GC(157) Concurrent Scan Root Regions 0.007ms
[2024-07-05T06:40:06.599-0700][info][gc,marking     ] GC(157) Concurrent Mark
[2024-07-05T06:40:06.599-0700][info][gc,marking     ] GC(157) Concurrent Mark From Roots
[2024-07-05T06:40:06.599-0700][info][gc,task        ] GC(157) Using 1 workers of 1 for marking
[2024-07-05T06:40:06.599-0700][info][gc,start       ] GC(156) Pause Full (G1 Compaction Pause)
[2024-07-05T06:40:06.605-0700][info][gc,phases,start] GC(156) Phase 1: Mark live objects
[2024-07-05T06:40:06.880-0700][info][gc,phases      ] GC(156) Phase 1: Mark live objects 274.853ms
[2024-07-05T06:40:06.880-0700][info][gc,phases,start] GC(156) Phase 2: Prepare for compaction
[2024-07-05T06:40:06.883-0700][info][gc,phases      ] GC(156) Phase 2: Prepare for compaction 2.310ms
[2024-07-05T06:40:06.883-0700][info][gc,phases,start] GC(156) Phase 3: Adjust pointers
[2024-07-05T06:40:07.008-0700][info][gc,phases      ] GC(156) Phase 3: Adjust pointers 125.313ms
[2024-07-05T06:40:07.008-0700][info][gc,phases,start] GC(156) Phase 4: Compact heap
[2024-07-05T06:40:07.009-0700][info][gc,phases      ] GC(156) Phase 4: Compact heap 0.590ms
[2024-07-05T06:40:07.012-0700][info][gc,heap        ] GC(156) Eden regions: 0->0(204)
[2024-07-05T06:40:07.012-0700][info][gc,heap        ] GC(156) Survivor regions: 0->0(0)
[2024-07-05T06:40:07.012-0700][info][gc,heap        ] GC(156) Old regions: 4078->4075
[2024-07-05T06:40:07.012-0700][info][gc,heap        ] GC(156) Archive regions: 2->2
[2024-07-05T06:40:07.012-0700][info][gc,heap        ] GC(156) Humongous regions: 16->16
[2024-07-05T06:40:07.012-0700][info][gc,metaspace   ] GC(156) Metaspace: 304K(512K)->304K(512K) NonClass: 296K(384K)->296K(384K) Class: 7K(128K)->7K(128K)
[2024-07-05T06:40:07.012-0700][info][gc             ] GC(156) Pause Full (G1 Compaction Pause) 4091M->4089M(4096M) 413.655ms
[2024-07-05T06:40:07.012-0700][info][gc,cpu         ] GC(156) User=0.92s Sys=0.00s Real=0.41s
[2024-07-05T06:40:07.012-0700][info][gc,marking     ] GC(157) Concurrent Mark From Roots 413.871ms
[2024-07-05T06:40:07.012-0700][info][gc,marking     ] GC(157) Concurrent Mark Abort
[2024-07-05T06:40:07.012-0700][info][gc             ] GC(157) Concurrent Mark Cycle 414.067ms
[2024-07-05T06:40:07.013-0700][info][gc,start       ] GC(158) Pause Young (Normal) (G1 Preventive Collection)
[2024-07-05T06:40:07.013-0700][info][gc,task        ] GC(158) Using 4 workers of 4 for evacuation
[2024-07-05T06:40:07.015-0700][info][gc             ] GC(158) To-space exhausted
[2024-07-05T06:40:07.015-0700][info][gc,phases      ] GC(158)   Pre Evacuate Collection Set: 0.5ms
[2024-07-05T06:40:07.015-0700][info][gc,phases      ] GC(158)   Merge Heap Roots: 0.1ms
[2024-07-05T06:40:07.015-0700][info][gc,phases      ] GC(158)   Evacuate Collection Set: 0.5ms
[2024-07-05T06:40:07.015-0700][info][gc,phases      ] GC(158)   Post Evacuate Collection Set: 0.6ms
[2024-07-05T06:40:07.015-0700][info][gc,phases      ] GC(158)   Other: 0.2ms
[2024-07-05T06:40:07.015-0700][info][gc,heap        ] GC(158) Eden regions: 2->0(203)
[2024-07-05T06:40:07.015-0700][info][gc,heap        ] GC(158) Survivor regions: 0->1(1)
[2024-07-05T06:40:07.015-0700][info][gc,heap        ] GC(158) Old regions: 4075->4077
[2024-07-05T06:40:07.015-0700][info][gc,heap        ] GC(158) Archive regions: 2->2
[2024-07-05T06:40:07.015-0700][info][gc,heap        ] GC(158) Humongous regions: 16->16
[2024-07-05T06:40:07.015-0700][info][gc,metaspace   ] GC(158) Metaspace: 304K(512K)->304K(512K) NonClass: 296K(384K)->296K(384K) Class: 7K(128K)->7K(128K)
[2024-07-05T06:40:07.015-0700][info][gc             ] GC(158) Pause Young (Normal) (G1 Preventive Collection) 4091M->4092M(4096M) 1.999ms
[2024-07-05T06:40:07.015-0700][info][gc,cpu         ] GC(158) User=0.00s Sys=0.00s Real=0.01s
[2024-07-05T06:40:07.015-0700][info][gc,ergo        ] Attempting full compaction
[2024-07-05T06:40:07.015-0700][info][gc,task        ] GC(159) Using 4 workers of 4 for full compaction
[2024-07-05T06:40:07.015-0700][info][gc,start       ] GC(159) Pause Full (G1 Compaction Pause)
[2024-07-05T06:40:07.015-0700][info][gc,phases,start] GC(159) Phase 1: Mark live objects
[2024-07-05T06:40:07.195-0700][info][gc,phases      ] GC(159) Phase 1: Mark live objects 179.943ms
[2024-07-05T06:40:07.195-0700][info][gc,phases,start] GC(159) Phase 2: Prepare for compaction
[2024-07-05T06:40:07.197-0700][info][gc,phases      ] GC(159) Phase 2: Prepare for compaction 2.045ms
[2024-07-05T06:40:07.197-0700][info][gc,phases,start] GC(159) Phase 3: Adjust pointers
[2024-07-05T06:40:07.319-0700][info][gc,phases      ] GC(159) Phase 3: Adjust pointers 121.409ms
[2024-07-05T06:40:07.319-0700][info][gc,phases,start] GC(159) Phase 4: Compact heap
[2024-07-05T06:40:07.319-0700][info][gc,phases      ] GC(159) Phase 4: Compact heap 0.810ms
[2024-07-05T06:40:07.326-0700][info][gc,heap        ] GC(159) Eden regions: 0->0(204)
[2024-07-05T06:40:07.326-0700][info][gc,heap        ] GC(159) Survivor regions: 1->0(1)
[2024-07-05T06:40:07.326-0700][info][gc,heap        ] GC(159) Old regions: 4077->4077
[2024-07-05T06:40:07.326-0700][info][gc,heap        ] GC(159) Archive regions: 2->2
[2024-07-05T06:40:07.326-0700][info][gc,heap        ] GC(159) Humongous regions: 16->16
[2024-07-05T06:40:07.326-0700][info][gc,metaspace   ] GC(159) Metaspace: 304K(512K)->304K(512K) NonClass: 296K(384K)->296K(384K) Class: 7K(128K)->7K(128K)
[2024-07-05T06:40:07.326-0700][info][gc             ] GC(159) Pause Full (G1 Compaction Pause) 4092M->4091M(4096M) 311.390ms
[2024-07-05T06:40:07.326-0700][info][gc,cpu         ] GC(159) User=0.93s Sys=0.00s Real=0.31s
[2024-07-05T06:40:07.327-0700][info][gc,start       ] GC(160) Pause Young (Concurrent Start) (G1 Evacuation Pause)
[2024-07-05T06:40:07.327-0700][info][gc,task        ] GC(160) Using 4 workers of 4 for evacuation
[2024-07-05T06:40:07.328-0700][info][gc             ] GC(160) To-space exhausted
[2024-07-05T06:40:07.328-0700][info][gc,phases      ] GC(160)   Pre Evacuate Collection Set: 0.5ms
[2024-07-05T06:40:07.328-0700][info][gc,phases      ] GC(160)   Merge Heap Roots: 0.1ms
[2024-07-05T06:40:07.328-0700][info][gc,phases      ] GC(160)   Evacuate Collection Set: 0.3ms
[2024-07-05T06:40:07.328-0700][info][gc,phases      ] GC(160)   Post Evacuate Collection Set: 0.5ms
[2024-07-05T06:40:07.328-0700][info][gc,phases      ] GC(160)   Other: 0.2ms
[2024-07-05T06:40:07.328-0700][info][gc,heap        ] GC(160) Eden regions: 1->0(204)
[2024-07-05T06:40:07.328-0700][info][gc,heap        ] GC(160) Survivor regions: 0->0(0)
[2024-07-05T06:40:07.328-0700][info][gc,heap        ] GC(160) Old regions: 4077->4078
[2024-07-05T06:40:07.328-0700][info][gc,heap        ] GC(160) Archive regions: 2->2
[2024-07-05T06:40:07.328-0700][info][gc,heap        ] GC(160) Humongous regions: 16->16
[2024-07-05T06:40:07.328-0700][info][gc,metaspace   ] GC(160) Metaspace: 304K(512K)->304K(512K) NonClass: 296K(384K)->296K(384K) Class: 7K(128K)->7K(128K)
[2024-07-05T06:40:07.328-0700][info][gc             ] GC(160) Pause Young (Concurrent Start) (G1 Evacuation Pause) 4092M->4092M(4096M) 1.662ms
[2024-07-05T06:40:07.328-0700][info][gc,cpu         ] GC(160) User=0.00s Sys=0.00s Real=0.00s
[2024-07-05T06:40:07.328-0700][info][gc,ergo        ] Attempting full compaction
[2024-07-05T06:40:07.328-0700][info][gc             ] GC(161) Concurrent Mark Cycle
[2024-07-05T06:40:07.329-0700][info][gc,marking     ] GC(161) Concurrent Clear Claimed Marks
[2024-07-05T06:40:07.328-0700][info][gc,task        ] GC(162) Using 4 workers of 4 for full compaction
[2024-07-05T06:40:07.329-0700][info][gc,marking     ] GC(161) Concurrent Clear Claimed Marks 0.015ms
[2024-07-05T06:40:07.329-0700][info][gc,marking     ] GC(161) Concurrent Scan Root Regions
[2024-07-05T06:40:07.329-0700][info][gc,marking     ] GC(161) Concurrent Scan Root Regions 0.006ms
[2024-07-05T06:40:07.329-0700][info][gc,marking     ] GC(161) Concurrent Mark
[2024-07-05T06:40:07.329-0700][info][gc,marking     ] GC(161) Concurrent Mark From Roots
[2024-07-05T06:40:07.329-0700][info][gc,task        ] GC(161) Using 1 workers of 1 for marking
[2024-07-05T06:40:07.329-0700][info][gc,start       ] GC(162) Pause Full (G1 Compaction Pause)
[2024-07-05T06:40:07.332-0700][info][gc,phases,start] GC(162) Phase 1: Mark live objects
[2024-07-05T06:40:07.507-0700][info][gc,phases      ] GC(162) Phase 1: Mark live objects 174.730ms
[2024-07-05T06:40:07.507-0700][info][gc,phases,start] GC(162) Phase 2: Prepare for compaction
[2024-07-05T06:40:07.509-0700][info][gc,phases      ] GC(162) Phase 2: Prepare for compaction 1.957ms
[2024-07-05T06:40:07.509-0700][info][gc,phases,start] GC(162) Phase 3: Adjust pointers
[2024-07-05T06:40:07.629-0700][info][gc,phases      ] GC(162) Phase 3: Adjust pointers 120.172ms
[2024-07-05T06:40:07.629-0700][info][gc,phases,start] GC(162) Phase 4: Compact heap
[2024-07-05T06:40:07.630-0700][info][gc,phases      ] GC(162) Phase 4: Compact heap 0.808ms
[2024-07-05T06:40:07.636-0700][info][gc,heap        ] GC(162) Eden regions: 0->0(204)
[2024-07-05T06:40:07.636-0700][info][gc,heap        ] GC(162) Survivor regions: 0->0(0)
[2024-07-05T06:40:07.636-0700][info][gc,heap        ] GC(162) Old regions: 4078->4078
[2024-07-05T06:40:07.636-0700][info][gc,heap        ] GC(162) Archive regions: 2->2
[2024-07-05T06:40:07.636-0700][info][gc,heap        ] GC(162) Humongous regions: 16->16
[2024-07-05T06:40:07.636-0700][info][gc,metaspace   ] GC(162) Metaspace: 304K(512K)->304K(512K) NonClass: 296K(384K)->296K(384K) Class: 7K(128K)->7K(128K)
[2024-07-05T06:40:07.636-0700][info][gc             ] GC(162) Pause Full (G1 Compaction Pause) 4092M->4092M(4096M) 307.339ms
[2024-07-05T06:40:07.636-0700][info][gc,cpu         ] GC(162) User=0.91s Sys=0.00s Real=0.31s
[2024-07-05T06:40:07.636-0700][info][gc,ergo        ] Attempting maximum full compaction clearing soft references
[2024-07-05T06:40:07.636-0700][info][gc,task        ] GC(163) Using 4 workers of 4 for full compaction
[2024-07-05T06:40:07.637-0700][info][gc,start       ] GC(163) Pause Full (G1 Compaction Pause)
[2024-07-05T06:40:07.638-0700][info][gc,phases,start] GC(163) Phase 1: Mark live objects
[2024-07-05T06:40:07.888-0700][info][gc,phases      ] GC(163) Phase 1: Mark live objects 249.747ms
[2024-07-05T06:40:07.888-0700][info][gc,phases,start] GC(163) Phase 2: Prepare for compaction
[2024-07-05T06:40:08.030-0700][info][gc,phases      ] GC(163) Phase 2: Prepare for compaction 142.371ms
[2024-07-05T06:40:08.030-0700][info][gc,phases,start] GC(163) Phase 3: Adjust pointers
[2024-07-05T06:40:08.218-0700][info][gc,phases      ] GC(163) Phase 3: Adjust pointers 187.623ms
[2024-07-05T06:40:08.218-0700][info][gc,phases,start] GC(163) Phase 4: Compact heap
[2024-07-05T06:40:09.000-0700][info][gc,phases      ] GC(163) Phase 4: Compact heap 781.898ms
[2024-07-05T06:40:09.008-0700][info][gc,heap        ] GC(163) Eden regions: 0->0(204)
[2024-07-05T06:40:09.008-0700][info][gc,heap        ] GC(163) Survivor regions: 0->0(0)
[2024-07-05T06:40:09.008-0700][info][gc,heap        ] GC(163) Old regions: 4078->4039
[2024-07-05T06:40:09.008-0700][info][gc,heap        ] GC(163) Archive regions: 2->2
[2024-07-05T06:40:09.008-0700][info][gc,heap        ] GC(163) Humongous regions: 16->16
[2024-07-05T06:40:09.008-0700][info][gc,metaspace   ] GC(163) Metaspace: 304K(512K)->304K(512K) NonClass: 296K(384K)->296K(384K) Class: 7K(128K)->7K(128K)
[2024-07-05T06:40:09.008-0700][info][gc             ] GC(163) Pause Full (G1 Compaction Pause) 4092M->4053M(4096M) 1371.154ms
[2024-07-05T06:40:09.008-0700][info][gc,cpu         ] GC(163) User=3.80s Sys=0.01s Real=1.37s
[2024-07-05T06:40:09.008-0700][info][gc,marking     ] GC(161) Concurrent Mark From Roots 1679.334ms
[2024-07-05T06:40:09.008-0700][info][gc,marking     ] GC(161) Concurrent Mark Abort
[2024-07-05T06:40:09.008-0700][info][gc             ] GC(161) Concurrent Mark Cycle 1679.515ms
[2024-07-05T06:40:21.777-0700][info][gc,start       ] GC(164) Pause Young (Normal) (G1 Preventive Collection)
[2024-07-05T06:40:21.777-0700][info][gc,task        ] GC(164) Using 4 workers of 4 for evacuation
[2024-07-05T06:40:21.791-0700][info][gc             ] GC(164) To-space exhausted
[2024-07-05T06:40:21.791-0700][info][gc,phases      ] GC(164)   Pre Evacuate Collection Set: 0.7ms
[2024-07-05T06:40:21.791-0700][info][gc,phases      ] GC(164)   Merge Heap Roots: 0.3ms
[2024-07-05T06:40:21.791-0700][info][gc,phases      ] GC(164)   Evacuate Collection Set: 11.6ms
[2024-07-05T06:40:21.791-0700][info][gc,phases      ] GC(164)   Post Evacuate Collection Set: 1.1ms
[2024-07-05T06:40:21.791-0700][info][gc,phases      ] GC(164)   Other: 0.1ms
[2024-07-05T06:40:21.791-0700][info][gc,heap        ] GC(164) Eden regions: 26->0(191)
[2024-07-05T06:40:21.791-0700][info][gc,heap        ] GC(164) Survivor regions: 0->13(13)
[2024-07-05T06:40:21.791-0700][info][gc,heap        ] GC(164) Old regions: 4039->4054
[2024-07-05T06:40:21.791-0700][info][gc,heap        ] GC(164) Archive regions: 2->2
[2024-07-05T06:40:21.791-0700][info][gc,heap        ] GC(164) Humongous regions: 16->16
[2024-07-05T06:40:21.791-0700][info][gc,metaspace   ] GC(164) Metaspace: 304K(512K)->304K(512K) NonClass: 296K(384K)->296K(384K) Class: 7K(128K)->7K(128K)
[2024-07-05T06:40:21.791-0700][info][gc             ] GC(164) Pause Young (Normal) (G1 Preventive Collection) 4079M->4081M(4096M) 13.836ms
[2024-07-05T06:40:21.791-0700][info][gc,cpu         ] GC(164) User=0.04s Sys=0.00s Real=0.01s
[2024-07-05T06:40:21.792-0700][info][gc,start       ] GC(165) Pause Young (Concurrent Start) (G1 Preventive Collection)
[2024-07-05T06:40:21.792-0700][info][gc,task        ] GC(165) Using 4 workers of 4 for evacuation
[2024-07-05T06:40:21.797-0700][info][gc             ] GC(165) To-space exhausted
[2024-07-05T06:40:21.797-0700][info][gc,phases      ] GC(165)   Pre Evacuate Collection Set: 0.5ms
[2024-07-05T06:40:21.797-0700][info][gc,phases      ] GC(165)   Merge Heap Roots: 0.1ms
[2024-07-05T06:40:21.797-0700][info][gc,phases      ] GC(165)   Evacuate Collection Set: 3.3ms
[2024-07-05T06:40:21.797-0700][info][gc,phases      ] GC(165)   Post Evacuate Collection Set: 1.0ms
[2024-07-05T06:40:21.797-0700][info][gc,phases      ] GC(165)   Other: 0.3ms
[2024-07-05T06:40:21.797-0700][info][gc,heap        ] GC(165) Eden regions: 7->0(200)
[2024-07-05T06:40:21.797-0700][info][gc,heap        ] GC(165) Survivor regions: 13->4(4)
[2024-07-05T06:40:21.797-0700][info][gc,heap        ] GC(165) Old regions: 4054->4074
[2024-07-05T06:40:21.797-0700][info][gc,heap        ] GC(165) Archive regions: 2->2
[2024-07-05T06:40:21.797-0700][info][gc,heap        ] GC(165) Humongous regions: 16->16
[2024-07-05T06:40:21.797-0700][info][gc,metaspace   ] GC(165) Metaspace: 304K(512K)->304K(512K) NonClass: 296K(384K)->296K(384K) Class: 7K(128K)->7K(128K)
[2024-07-05T06:40:21.797-0700][info][gc             ] GC(165) Pause Young (Concurrent Start) (G1 Preventive Collection) 4088M->4092M(4096M) 5.266ms
[2024-07-05T06:40:21.797-0700][info][gc,cpu         ] GC(165) User=0.01s Sys=0.00s Real=0.01s
[2024-07-05T06:40:21.797-0700][info][gc,ergo        ] Attempting full compaction
[2024-07-05T06:40:21.797-0700][info][gc             ] GC(167) Concurrent Mark Cycle
[2024-07-05T06:40:21.797-0700][info][gc,marking     ] GC(167) Concurrent Clear Claimed Marks
[2024-07-05T06:40:21.797-0700][info][gc,marking     ] GC(167) Concurrent Clear Claimed Marks 0.015ms
[2024-07-05T06:40:21.797-0700][info][gc,marking     ] GC(167) Concurrent Scan Root Regions
[2024-07-05T06:40:21.798-0700][info][gc,marking     ] GC(167) Concurrent Scan Root Regions 0.237ms
[2024-07-05T06:40:21.798-0700][info][gc,marking     ] GC(167) Concurrent Mark
[2024-07-05T06:40:21.798-0700][info][gc,marking     ] GC(167) Concurrent Mark From Roots
[2024-07-05T06:40:21.798-0700][info][gc,task        ] GC(167) Using 1 workers of 1 for marking
[2024-07-05T06:40:21.797-0700][info][gc,task        ] GC(166) Using 4 workers of 4 for full compaction
[2024-07-05T06:40:21.798-0700][info][gc,start       ] GC(166) Pause Full (G1 Compaction Pause)
[2024-07-05T06:40:21.801-0700][info][gc,phases,start] GC(166) Phase 1: Mark live objects
[2024-07-05T06:40:21.960-0700][info][gc,phases      ] GC(166) Phase 1: Mark live objects 158.691ms
[2024-07-05T06:40:21.960-0700][info][gc,phases,start] GC(166) Phase 2: Prepare for compaction
[2024-07-05T06:40:21.963-0700][info][gc,phases      ] GC(166) Phase 2: Prepare for compaction 3.252ms
[2024-07-05T06:40:21.963-0700][info][gc,phases,start] GC(166) Phase 3: Adjust pointers
[2024-07-05T06:40:22.075-0700][info][gc,phases      ] GC(166) Phase 3: Adjust pointers 111.605ms
[2024-07-05T06:40:22.075-0700][info][gc,phases,start] GC(166) Phase 4: Compact heap
[2024-07-05T06:40:22.076-0700][info][gc,phases      ] GC(166) Phase 4: Compact heap 1.131ms
[2024-07-05T06:40:22.080-0700][info][gc,heap        ] GC(166) Eden regions: 0->0(204)
[2024-07-05T06:40:22.080-0700][info][gc,heap        ] GC(166) Survivor regions: 4->0(4)
[2024-07-05T06:40:22.080-0700][info][gc,heap        ] GC(166) Old regions: 4074->4071
[2024-07-05T06:40:22.080-0700][info][gc,heap        ] GC(166) Archive regions: 2->2
[2024-07-05T06:40:22.080-0700][info][gc,heap        ] GC(166) Humongous regions: 16->16
[2024-07-05T06:40:22.080-0700][info][gc,metaspace   ] GC(166) Metaspace: 304K(512K)->304K(512K) NonClass: 296K(384K)->296K(384K) Class: 7K(128K)->7K(128K)
[2024-07-05T06:40:22.080-0700][info][gc             ] GC(166) Pause Full (G1 Compaction Pause) 4092M->4086M(4096M) 282.382ms
[2024-07-05T06:40:22.080-0700][info][gc,cpu         ] GC(166) User=0.71s Sys=0.01s Real=0.28s
[2024-07-05T06:40:22.080-0700][info][gc,marking     ] GC(167) Concurrent Mark From Roots 282.656ms
[2024-07-05T06:40:22.080-0700][info][gc,marking     ] GC(167) Concurrent Mark Abort
[2024-07-05T06:40:22.080-0700][info][gc             ] GC(167) Concurrent Mark Cycle 283.026ms
[2024-07-05T06:40:24.794-0700][info][gc,start       ] GC(168) Pause Young (Normal) (G1 Preventive Collection)
[2024-07-05T06:40:24.794-0700][info][gc,task        ] GC(168) Using 4 workers of 4 for evacuation
[2024-07-05T06:40:24.803-0700][info][gc             ] GC(168) To-space exhausted
[2024-07-05T06:40:24.803-0700][info][gc,phases      ] GC(168)   Pre Evacuate Collection Set: 0.6ms
[2024-07-05T06:40:24.803-0700][info][gc,phases      ] GC(168)   Merge Heap Roots: 0.3ms
[2024-07-05T06:40:24.803-0700][info][gc,phases      ] GC(168)   Evacuate Collection Set: 7.0ms
[2024-07-05T06:40:24.803-0700][info][gc,phases      ] GC(168)   Post Evacuate Collection Set: 1.0ms
[2024-07-05T06:40:24.803-0700][info][gc,phases      ] GC(168)   Other: 0.2ms
[2024-07-05T06:40:24.803-0700][info][gc,heap        ] GC(168) Eden regions: 5->0(202)
[2024-07-05T06:40:24.803-0700][info][gc,heap        ] GC(168) Survivor regions: 0->2(2)
[2024-07-05T06:40:24.804-0700][info][gc,heap        ] GC(168) Old regions: 4071->4075
[2024-07-05T06:40:24.804-0700][info][gc,heap        ] GC(168) Archive regions: 2->2
[2024-07-05T06:40:24.804-0700][info][gc,heap        ] GC(168) Humongous regions: 16->16
[2024-07-05T06:40:24.804-0700][info][gc,metaspace   ] GC(168) Metaspace: 304K(512K)->304K(512K) NonClass: 296K(384K)->296K(384K) Class: 7K(128K)->7K(128K)
[2024-07-05T06:40:24.804-0700][info][gc             ] GC(168) Pause Young (Normal) (G1 Preventive Collection) 4091M->4092M(4096M) 9.122ms
[2024-07-05T06:40:24.804-0700][info][gc,cpu         ] GC(168) User=0.02s Sys=0.00s Real=0.01s
[2024-07-05T06:40:24.804-0700][info][gc,start       ] GC(169) Pause Young (Concurrent Start) (G1 Evacuation Pause)
[2024-07-05T06:40:24.804-0700][info][gc,task        ] GC(169) Using 4 workers of 4 for evacuation
[2024-07-05T06:40:24.806-0700][info][gc             ] GC(169) To-space exhausted
[2024-07-05T06:40:24.806-0700][info][gc,phases      ] GC(169)   Pre Evacuate Collection Set: 0.5ms
[2024-07-05T06:40:24.806-0700][info][gc,phases      ] GC(169)   Merge Heap Roots: 0.2ms
[2024-07-05T06:40:24.806-0700][info][gc,phases      ] GC(169)   Evacuate Collection Set: 0.8ms
[2024-07-05T06:40:24.806-0700][info][gc,phases      ] GC(169)   Post Evacuate Collection Set: 0.8ms
[2024-07-05T06:40:24.806-0700][info][gc,phases      ] GC(169)   Other: 0.3ms
[2024-07-05T06:40:24.806-0700][info][gc,heap        ] GC(169) Eden regions: 1->0(204)
[2024-07-05T06:40:24.806-0700][info][gc,heap        ] GC(169) Survivor regions: 2->0(0)
[2024-07-05T06:40:24.806-0700][info][gc,heap        ] GC(169) Old regions: 4075->4078
[2024-07-05T06:40:24.806-0700][info][gc,heap        ] GC(169) Archive regions: 2->2
[2024-07-05T06:40:24.806-0700][info][gc,heap        ] GC(169) Humongous regions: 16->16
[2024-07-05T06:40:24.806-0700][info][gc,metaspace   ] GC(169) Metaspace: 304K(512K)->304K(512K) NonClass: 296K(384K)->296K(384K) Class: 7K(128K)->7K(128K)
[2024-07-05T06:40:24.806-0700][info][gc             ] GC(169) Pause Young (Concurrent Start) (G1 Evacuation Pause) 4093M->4093M(4096M) 2.530ms
[2024-07-05T06:40:24.806-0700][info][gc,cpu         ] GC(169) User=0.01s Sys=0.00s Real=0.00s
[2024-07-05T06:40:24.806-0700][info][gc,ergo        ] Attempting full compaction
[2024-07-05T06:40:24.806-0700][info][gc,task        ] GC(170) Using 4 workers of 4 for full compaction
[2024-07-05T06:40:24.807-0700][info][gc             ] GC(171) Concurrent Mark Cycle
[2024-07-05T06:40:24.807-0700][info][gc,marking     ] GC(171) Concurrent Clear Claimed Marks
[2024-07-05T06:40:24.807-0700][info][gc,marking     ] GC(171) Concurrent Clear Claimed Marks 0.006ms
[2024-07-05T06:40:24.807-0700][info][gc,marking     ] GC(171) Concurrent Scan Root Regions
[2024-07-05T06:40:24.807-0700][info][gc,marking     ] GC(171) Concurrent Scan Root Regions 0.004ms
[2024-07-05T06:40:24.807-0700][info][gc,marking     ] GC(171) Concurrent Mark
[2024-07-05T06:40:24.807-0700][info][gc,marking     ] GC(171) Concurrent Mark From Roots
[2024-07-05T06:40:24.807-0700][info][gc,start       ] GC(170) Pause Full (G1 Compaction Pause)
[2024-07-05T06:40:24.807-0700][info][gc,task        ] GC(171) Using 1 workers of 1 for marking
[2024-07-05T06:40:24.810-0700][info][gc,phases,start] GC(170) Phase 1: Mark live objects
[2024-07-05T06:40:24.931-0700][info][gc,phases      ] GC(170) Phase 1: Mark live objects 120.977ms
[2024-07-05T06:40:24.931-0700][info][gc,phases,start] GC(170) Phase 2: Prepare for compaction
[2024-07-05T06:40:24.933-0700][info][gc,phases      ] GC(170) Phase 2: Prepare for compaction 1.958ms
[2024-07-05T06:40:24.933-0700][info][gc,phases,start] GC(170) Phase 3: Adjust pointers
[2024-07-05T06:40:25.014-0700][info][gc,phases      ] GC(170) Phase 3: Adjust pointers 81.393ms
[2024-07-05T06:40:25.014-0700][info][gc,phases,start] GC(170) Phase 4: Compact heap
[2024-07-05T06:40:25.015-0700][info][gc,phases      ] GC(170) Phase 4: Compact heap 0.433ms
[2024-07-05T06:40:25.018-0700][info][gc,heap        ] GC(170) Eden regions: 0->0(204)
[2024-07-05T06:40:25.018-0700][info][gc,heap        ] GC(170) Survivor regions: 0->0(0)
[2024-07-05T06:40:25.018-0700][info][gc,heap        ] GC(170) Old regions: 4078->4077
[2024-07-05T06:40:25.018-0700][info][gc,heap        ] GC(170) Archive regions: 2->2
[2024-07-05T06:40:25.018-0700][info][gc,heap        ] GC(170) Humongous regions: 16->16
[2024-07-05T06:40:25.018-0700][info][gc,metaspace   ] GC(170) Metaspace: 304K(512K)->304K(512K) NonClass: 296K(384K)->296K(384K) Class: 7K(128K)->7K(128K)
[2024-07-05T06:40:25.018-0700][info][gc             ] GC(170) Pause Full (G1 Compaction Pause) 4093M->4092M(4096M) 211.903ms
[2024-07-05T06:40:25.019-0700][info][gc,cpu         ] GC(170) User=0.82s Sys=0.00s Real=0.21s
[2024-07-05T06:40:25.019-0700][info][gc,marking     ] GC(171) Concurrent Mark From Roots 212.066ms
[2024-07-05T06:40:25.019-0700][info][gc,marking     ] GC(171) Concurrent Mark Abort
[2024-07-05T06:40:25.019-0700][info][gc             ] GC(171) Concurrent Mark Cycle 212.149ms
[2024-07-05T06:40:25.019-0700][info][gc,start       ] GC(172) Pause Young (Normal) (G1 Evacuation Pause)
[2024-07-05T06:40:25.019-0700][info][gc,task        ] GC(172) Using 4 workers of 4 for evacuation
[2024-07-05T06:40:25.020-0700][info][gc             ] GC(172) To-space exhausted
[2024-07-05T06:40:25.020-0700][info][gc,phases      ] GC(172)   Pre Evacuate Collection Set: 0.4ms
[2024-07-05T06:40:25.020-0700][info][gc,phases      ] GC(172)   Merge Heap Roots: 0.1ms
[2024-07-05T06:40:25.020-0700][info][gc,phases      ] GC(172)   Evacuate Collection Set: 0.3ms
[2024-07-05T06:40:25.020-0700][info][gc,phases      ] GC(172)   Post Evacuate Collection Set: 0.4ms
[2024-07-05T06:40:25.020-0700][info][gc,phases      ] GC(172)   Other: 0.1ms
[2024-07-05T06:40:25.020-0700][info][gc,heap        ] GC(172) Eden regions: 1->0(204)
[2024-07-05T06:40:25.020-0700][info][gc,heap        ] GC(172) Survivor regions: 0->0(0)
[2024-07-05T06:40:25.020-0700][info][gc,heap        ] GC(172) Old regions: 4077->4078
[2024-07-05T06:40:25.020-0700][info][gc,heap        ] GC(172) Archive regions: 2->2
[2024-07-05T06:40:25.020-0700][info][gc,heap        ] GC(172) Humongous regions: 16->16
[2024-07-05T06:40:25.020-0700][info][gc,metaspace   ] GC(172) Metaspace: 304K(512K)->304K(512K) NonClass: 296K(384K)->296K(384K) Class: 7K(128K)->7K(128K)
[2024-07-05T06:40:25.020-0700][info][gc             ] GC(172) Pause Young (Normal) (G1 Evacuation Pause) 4093M->4093M(4096M) 1.390ms
[2024-07-05T06:40:25.020-0700][info][gc,cpu         ] GC(172) User=0.01s Sys=0.00s Real=0.00s
[2024-07-05T06:40:25.020-0700][info][gc,ergo        ] Attempting full compaction
[2024-07-05T06:40:25.020-0700][info][gc,task        ] GC(173) Using 4 workers of 4 for full compaction
[2024-07-05T06:40:25.020-0700][info][gc,start       ] GC(173) Pause Full (G1 Compaction Pause)
[2024-07-05T06:40:25.021-0700][info][gc,phases,start] GC(173) Phase 1: Mark live objects
[2024-07-05T06:40:25.148-0700][info][gc,phases      ] GC(173) Phase 1: Mark live objects 127.143ms
[2024-07-05T06:40:25.148-0700][info][gc,phases,start] GC(173) Phase 2: Prepare for compaction
[2024-07-05T06:40:25.149-0700][info][gc,phases      ] GC(173) Phase 2: Prepare for compaction 1.668ms
[2024-07-05T06:40:25.149-0700][info][gc,phases,start] GC(173) Phase 3: Adjust pointers
[2024-07-05T06:40:25.220-0700][info][gc,phases      ] GC(173) Phase 3: Adjust pointers 70.240ms
[2024-07-05T06:40:25.220-0700][info][gc,phases,start] GC(173) Phase 4: Compact heap
[2024-07-05T06:40:25.220-0700][info][gc,phases      ] GC(173) Phase 4: Compact heap 0.320ms
[2024-07-05T06:40:25.223-0700][info][gc,heap        ] GC(173) Eden regions: 0->0(204)
[2024-07-05T06:40:25.223-0700][info][gc,heap        ] GC(173) Survivor regions: 0->0(0)
[2024-07-05T06:40:25.223-0700][info][gc,heap        ] GC(173) Old regions: 4078->4078
[2024-07-05T06:40:25.223-0700][info][gc,heap        ] GC(173) Archive regions: 2->2
[2024-07-05T06:40:25.223-0700][info][gc,heap        ] GC(173) Humongous regions: 16->16
[2024-07-05T06:40:25.223-0700][info][gc,metaspace   ] GC(173) Metaspace: 304K(512K)->304K(512K) NonClass: 296K(384K)->296K(384K) Class: 7K(128K)->7K(128K)
[2024-07-05T06:40:25.223-0700][info][gc             ] GC(173) Pause Full (G1 Compaction Pause) 4093M->4093M(4096M) 203.042ms
[2024-07-05T06:40:25.223-0700][info][gc,cpu         ] GC(173) User=0.80s Sys=0.00s Real=0.21s
[2024-07-05T06:40:25.223-0700][info][gc,ergo        ] Attempting maximum full compaction clearing soft references
[2024-07-05T06:40:25.223-0700][info][gc,task        ] GC(174) Using 4 workers of 4 for full compaction
[2024-07-05T06:40:25.224-0700][info][gc,start       ] GC(174) Pause Full (G1 Compaction Pause)
[2024-07-05T06:40:25.224-0700][info][gc,phases,start] GC(174) Phase 1: Mark live objects
[2024-07-05T06:40:25.333-0700][info][gc,phases      ] GC(174) Phase 1: Mark live objects 109.492ms
[2024-07-05T06:40:25.333-0700][info][gc,phases,start] GC(174) Phase 2: Prepare for compaction
[2024-07-05T06:40:25.418-0700][info][gc,phases      ] GC(174) Phase 2: Prepare for compaction 84.181ms
[2024-07-05T06:40:25.418-0700][info][gc,phases,start] GC(174) Phase 3: Adjust pointers
[2024-07-05T06:40:25.515-0700][info][gc,phases      ] GC(174) Phase 3: Adjust pointers 96.884ms
[2024-07-05T06:40:25.515-0700][info][gc,phases,start] GC(174) Phase 4: Compact heap
[2024-07-05T06:40:25.989-0700][info][gc,phases      ] GC(174) Phase 4: Compact heap 474.635ms
[2024-07-05T06:40:25.993-0700][info][gc,heap        ] GC(174) Eden regions: 0->0(204)
[2024-07-05T06:40:25.993-0700][info][gc,heap        ] GC(174) Survivor regions: 0->0(0)
[2024-07-05T06:40:25.993-0700][info][gc,heap        ] GC(174) Old regions: 4078->4059
[2024-07-05T06:40:25.993-0700][info][gc,heap        ] GC(174) Archive regions: 2->2
[2024-07-05T06:40:25.993-0700][info][gc,heap        ] GC(174) Humongous regions: 16->16
[2024-07-05T06:40:25.993-0700][info][gc,metaspace   ] GC(174) Metaspace: 304K(512K)->304K(512K) NonClass: 296K(384K)->296K(384K) Class: 7K(128K)->7K(128K)
[2024-07-05T06:40:25.993-0700][info][gc             ] GC(174) Pause Full (G1 Compaction Pause) 4093M->4073M(4096M) 769.085ms
[2024-07-05T06:40:25.993-0700][info][gc,cpu         ] GC(174) User=3.03s Sys=0.00s Real=0.76s
[2024-07-05T06:40:28.746-0700][info][gc,start       ] GC(175) Pause Young (Concurrent Start) (G1 Preventive Collection)
[2024-07-05T06:40:28.746-0700][info][gc,task        ] GC(175) Using 4 workers of 4 for evacuation
[2024-07-05T06:40:28.755-0700][info][gc             ] GC(175) To-space exhausted
[2024-07-05T06:40:28.755-0700][info][gc,phases      ] GC(175)   Pre Evacuate Collection Set: 0.4ms
[2024-07-05T06:40:28.755-0700][info][gc,phases      ] GC(175)   Merge Heap Roots: 0.2ms
[2024-07-05T06:40:28.755-0700][info][gc,phases      ] GC(175)   Evacuate Collection Set: 7.5ms
[2024-07-05T06:40:28.755-0700][info][gc,phases      ] GC(175)   Post Evacuate Collection Set: 0.6ms
[2024-07-05T06:40:28.755-0700][info][gc,phases      ] GC(175)   Other: 0.3ms
[2024-07-05T06:40:28.755-0700][info][gc,heap        ] GC(175) Eden regions: 14->0(199)
[2024-07-05T06:40:28.755-0700][info][gc,heap        ] GC(175) Survivor regions: 0->5(5)
[2024-07-05T06:40:28.755-0700][info][gc,heap        ] GC(175) Old regions: 4059->4070
[2024-07-05T06:40:28.755-0700][info][gc,heap        ] GC(175) Archive regions: 2->2
[2024-07-05T06:40:28.755-0700][info][gc,heap        ] GC(175) Humongous regions: 16->16
[2024-07-05T06:40:28.755-0700][info][gc,metaspace   ] GC(175) Metaspace: 304K(512K)->304K(512K) NonClass: 296K(384K)->296K(384K) Class: 7K(128K)->7K(128K)
[2024-07-05T06:40:28.755-0700][info][gc             ] GC(175) Pause Young (Concurrent Start) (G1 Preventive Collection) 4087M->4089M(4096M) 9.016ms
[2024-07-05T06:40:28.755-0700][info][gc,cpu         ] GC(175) User=0.03s Sys=0.00s Real=0.01s
[2024-07-05T06:40:28.755-0700][info][gc             ] GC(177) Concurrent Mark Cycle
[2024-07-05T06:40:28.755-0700][info][gc,marking     ] GC(177) Concurrent Clear Claimed Marks
[2024-07-05T06:40:28.755-0700][info][gc,marking     ] GC(177) Concurrent Clear Claimed Marks 0.007ms
[2024-07-05T06:40:28.755-0700][info][gc,marking     ] GC(177) Concurrent Scan Root Regions
[2024-07-05T06:40:28.756-0700][info][gc,marking     ] GC(177) Concurrent Scan Root Regions 0.584ms
[2024-07-05T06:40:28.756-0700][info][gc,marking     ] GC(177) Concurrent Mark
[2024-07-05T06:40:28.756-0700][info][gc,marking     ] GC(177) Concurrent Mark From Roots
[2024-07-05T06:40:28.756-0700][info][gc,task        ] GC(177) Using 1 workers of 1 for marking
[2024-07-05T06:40:28.756-0700][info][gc,start       ] GC(176) Pause Young (Normal) (G1 Preventive Collection)
[2024-07-05T06:40:28.756-0700][info][gc,task        ] GC(176) Using 4 workers of 4 for evacuation
[2024-07-05T06:40:28.758-0700][info][gc             ] GC(176) To-space exhausted
[2024-07-05T06:40:28.758-0700][info][gc,phases      ] GC(176)   Pre Evacuate Collection Set: 1.0ms
[2024-07-05T06:40:28.758-0700][info][gc,phases      ] GC(176)   Merge Heap Roots: 0.1ms
[2024-07-05T06:40:28.758-0700][info][gc,phases      ] GC(176)   Evacuate Collection Set: 1.3ms
[2024-07-05T06:40:28.758-0700][info][gc,phases      ] GC(176)   Post Evacuate Collection Set: 0.5ms
[2024-07-05T06:40:28.758-0700][info][gc,phases      ] GC(176)   Other: 0.1ms
[2024-07-05T06:40:28.758-0700][info][gc,heap        ] GC(176) Eden regions: 1->0(202)
[2024-07-05T06:40:28.758-0700][info][gc,heap        ] GC(176) Survivor regions: 5->2(2)
[2024-07-05T06:40:28.758-0700][info][gc,heap        ] GC(176) Old regions: 4070->4076
[2024-07-05T06:40:28.758-0700][info][gc,heap        ] GC(176) Archive regions: 2->2
[2024-07-05T06:40:28.758-0700][info][gc,heap        ] GC(176) Humongous regions: 16->16
[2024-07-05T06:40:28.758-0700][info][gc,metaspace   ] GC(176) Metaspace: 304K(512K)->304K(512K) NonClass: 296K(384K)->296K(384K) Class: 7K(128K)->7K(128K)
[2024-07-05T06:40:28.758-0700][info][gc             ] GC(176) Pause Young (Normal) (G1 Preventive Collection) 4090M->4092M(4096M) 2.315ms
[2024-07-05T06:40:28.758-0700][info][gc,cpu         ] GC(176) User=0.01s Sys=0.00s Real=0.00s
[2024-07-05T06:40:28.758-0700][info][gc,ergo        ] Attempting full compaction
[2024-07-05T06:40:28.758-0700][info][gc,task        ] GC(178) Using 4 workers of 4 for full compaction
[2024-07-05T06:40:28.758-0700][info][gc,start       ] GC(178) Pause Full (G1 Compaction Pause)
[2024-07-05T06:40:28.762-0700][info][gc,phases,start] GC(178) Phase 1: Mark live objects
[2024-07-05T06:40:28.906-0700][info][gc,phases      ] GC(178) Phase 1: Mark live objects 143.990ms
[2024-07-05T06:40:28.906-0700][info][gc,phases,start] GC(178) Phase 2: Prepare for compaction
[2024-07-05T06:40:28.908-0700][info][gc,phases      ] GC(178) Phase 2: Prepare for compaction 2.287ms
[2024-07-05T06:40:28.908-0700][info][gc,phases,start] GC(178) Phase 3: Adjust pointers
[2024-07-05T06:40:29.013-0700][info][gc,phases      ] GC(178) Phase 3: Adjust pointers 105.419ms
[2024-07-05T06:40:29.013-0700][info][gc,phases,start] GC(178) Phase 4: Compact heap
[2024-07-05T06:40:29.015-0700][info][gc,phases      ] GC(178) Phase 4: Compact heap 1.357ms
[2024-07-05T06:40:29.018-0700][info][gc,heap        ] GC(178) Eden regions: 0->0(204)
[2024-07-05T06:40:29.018-0700][info][gc,heap        ] GC(178) Survivor regions: 2->0(2)
[2024-07-05T06:40:29.018-0700][info][gc,heap        ] GC(178) Old regions: 4076->4074
[2024-07-05T06:40:29.018-0700][info][gc,heap        ] GC(178) Archive regions: 2->2
[2024-07-05T06:40:29.018-0700][info][gc,heap        ] GC(178) Humongous regions: 16->16
[2024-07-05T06:40:29.018-0700][info][gc,metaspace   ] GC(178) Metaspace: 304K(512K)->304K(512K) NonClass: 296K(384K)->296K(384K) Class: 7K(128K)->7K(128K)
[2024-07-05T06:40:29.018-0700][info][gc             ] GC(178) Pause Full (G1 Compaction Pause) 4092M->4088M(4096M) 260.083ms
[2024-07-05T06:40:29.019-0700][info][gc,cpu         ] GC(178) User=0.75s Sys=0.01s Real=0.26s
[2024-07-05T06:40:29.019-0700][info][gc,marking     ] GC(177) Concurrent Mark From Roots 262.813ms
[2024-07-05T06:40:29.019-0700][info][gc,marking     ] GC(177) Concurrent Mark Abort
[2024-07-05T06:40:29.019-0700][info][gc             ] GC(177) Concurrent Mark Cycle 263.491ms
[2024-07-05T06:40:32.108-0700][info][gc,start       ] GC(179) Pause Young (Normal) (G1 Preventive Collection)
[2024-07-05T06:40:32.108-0700][info][gc,task        ] GC(179) Using 4 workers of 4 for evacuation
[2024-07-05T06:40:32.119-0700][info][gc             ] GC(179) To-space exhausted
[2024-07-05T06:40:32.119-0700][info][gc,phases      ] GC(179)   Pre Evacuate Collection Set: 0.7ms
[2024-07-05T06:40:32.119-0700][info][gc,phases      ] GC(179)   Merge Heap Roots: 0.3ms
[2024-07-05T06:40:32.119-0700][info][gc,phases      ] GC(179)   Evacuate Collection Set: 9.0ms
[2024-07-05T06:40:32.119-0700][info][gc,phases      ] GC(179)   Post Evacuate Collection Set: 1.0ms
[2024-07-05T06:40:32.119-0700][info][gc,phases      ] GC(179)   Other: 0.2ms
[2024-07-05T06:40:32.119-0700][info][gc,heap        ] GC(179) Eden regions: 3->0(203)
[2024-07-05T06:40:32.119-0700][info][gc,heap        ] GC(179) Survivor regions: 0->1(1)
[2024-07-05T06:40:32.119-0700][info][gc,heap        ] GC(179) Old regions: 4074->4077
[2024-07-05T06:40:32.119-0700][info][gc,heap        ] GC(179) Archive regions: 2->2
[2024-07-05T06:40:32.119-0700][info][gc,heap        ] GC(179) Humongous regions: 16->16
[2024-07-05T06:40:32.119-0700][info][gc,metaspace   ] GC(179) Metaspace: 304K(512K)->304K(512K) NonClass: 296K(384K)->296K(384K) Class: 7K(128K)->7K(128K)
[2024-07-05T06:40:32.119-0700][info][gc             ] GC(179) Pause Young (Normal) (G1 Preventive Collection) 4091M->4092M(4096M) 11.257ms
[2024-07-05T06:40:32.119-0700][info][gc,cpu         ] GC(179) User=0.03s Sys=0.00s Real=0.01s
[2024-07-05T06:40:32.119-0700][info][gc,ergo        ] Attempting full compaction
[2024-07-05T06:40:32.119-0700][info][gc,task        ] GC(180) Using 4 workers of 4 for full compaction
[2024-07-05T06:40:32.119-0700][info][gc,start       ] GC(180) Pause Full (G1 Compaction Pause)
[2024-07-05T06:40:32.120-0700][info][gc,phases,start] GC(180) Phase 1: Mark live objects
[2024-07-05T06:40:32.277-0700][info][gc,phases      ] GC(180) Phase 1: Mark live objects 157.395ms
[2024-07-05T06:40:32.277-0700][info][gc,phases,start] GC(180) Phase 2: Prepare for compaction
[2024-07-05T06:40:32.280-0700][info][gc,phases      ] GC(180) Phase 2: Prepare for compaction 3.181ms
[2024-07-05T06:40:32.280-0700][info][gc,phases,start] GC(180) Phase 3: Adjust pointers
[2024-07-05T06:40:32.382-0700][info][gc,phases      ] GC(180) Phase 3: Adjust pointers 101.674ms
[2024-07-05T06:40:32.382-0700][info][gc,phases,start] GC(180) Phase 4: Compact heap
[2024-07-05T06:40:32.382-0700][info][gc,phases      ] GC(180) Phase 4: Compact heap 0.532ms
[2024-07-05T06:40:32.386-0700][info][gc,heap        ] GC(180) Eden regions: 0->0(204)
[2024-07-05T06:40:32.386-0700][info][gc,heap        ] GC(180) Survivor regions: 1->0(1)
[2024-07-05T06:40:32.386-0700][info][gc,heap        ] GC(180) Old regions: 4077->4076
[2024-07-05T06:40:32.386-0700][info][gc,heap        ] GC(180) Archive regions: 2->2
[2024-07-05T06:40:32.386-0700][info][gc,heap        ] GC(180) Humongous regions: 16->16
[2024-07-05T06:40:32.386-0700][info][gc,metaspace   ] GC(180) Metaspace: 304K(512K)->304K(512K) NonClass: 296K(384K)->296K(384K) Class: 7K(128K)->7K(128K)
[2024-07-05T06:40:32.386-0700][info][gc             ] GC(180) Pause Full (G1 Compaction Pause) 4092M->4091M(4096M) 266.808ms
[2024-07-05T06:40:32.386-0700][info][gc,cpu         ] GC(180) User=0.77s Sys=0.00s Real=0.27s
[2024-07-05T06:40:32.390-0700][info][gc,start       ] GC(181) Pause Young (Concurrent Start) (G1 Preventive Collection)
[2024-07-05T06:40:32.390-0700][info][gc,task        ] GC(181) Using 4 workers of 4 for evacuation
[2024-07-05T06:40:32.392-0700][info][gc,phases      ] GC(181)   Pre Evacuate Collection Set: 0.6ms
[2024-07-05T06:40:32.392-0700][info][gc,phases      ] GC(181)   Merge Heap Roots: 0.0ms
[2024-07-05T06:40:32.392-0700][info][gc,phases      ] GC(181)   Evacuate Collection Set: 0.5ms
[2024-07-05T06:40:32.392-0700][info][gc,phases      ] GC(181)   Post Evacuate Collection Set: 0.3ms
[2024-07-05T06:40:32.392-0700][info][gc,phases      ] GC(181)   Other: 0.2ms
[2024-07-05T06:40:32.392-0700][info][gc,heap        ] GC(181) Eden regions: 1->0(203)
[2024-07-05T06:40:32.392-0700][info][gc,heap        ] GC(181) Survivor regions: 0->1(1)
[2024-07-05T06:40:32.392-0700][info][gc,heap        ] GC(181) Old regions: 4076->4076
[2024-07-05T06:40:32.392-0700][info][gc,heap        ] GC(181) Archive regions: 2->2
[2024-07-05T06:40:32.392-0700][info][gc,heap        ] GC(181) Humongous regions: 16->16
[2024-07-05T06:40:32.392-0700][info][gc,metaspace   ] GC(181) Metaspace: 304K(512K)->304K(512K) NonClass: 296K(384K)->296K(384K) Class: 7K(128K)->7K(128K)
[2024-07-05T06:40:32.392-0700][info][gc             ] GC(181) Pause Young (Concurrent Start) (G1 Preventive Collection) 4092M->4092M(4096M) 1.782ms
[2024-07-05T06:40:32.392-0700][info][gc,cpu         ] GC(181) User=0.01s Sys=0.00s Real=0.00s
[2024-07-05T06:40:32.392-0700][info][gc             ] GC(182) Concurrent Mark Cycle
[2024-07-05T06:40:32.392-0700][info][gc,marking     ] GC(182) Concurrent Clear Claimed Marks
[2024-07-05T06:40:32.392-0700][info][gc,marking     ] GC(182) Concurrent Clear Claimed Marks 0.008ms
[2024-07-05T06:40:32.392-0700][info][gc,marking     ] GC(182) Concurrent Scan Root Regions
[2024-07-05T06:40:32.392-0700][info][gc,marking     ] GC(182) Concurrent Scan Root Regions 0.069ms
[2024-07-05T06:40:32.392-0700][info][gc,marking     ] GC(182) Concurrent Mark
[2024-07-05T06:40:32.392-0700][info][gc,marking     ] GC(182) Concurrent Mark From Roots
[2024-07-05T06:40:32.392-0700][info][gc,task        ] GC(182) Using 1 workers of 1 for marking
[2024-07-05T06:40:32.392-0700][info][gc,start       ] GC(183) Pause Young (Normal) (G1 Evacuation Pause)
[2024-07-05T06:40:32.392-0700][info][gc,task        ] GC(183) Using 4 workers of 4 for evacuation
[2024-07-05T06:40:32.394-0700][info][gc             ] GC(183) To-space exhausted
[2024-07-05T06:40:32.394-0700][info][gc,phases      ] GC(183)   Pre Evacuate Collection Set: 0.4ms
[2024-07-05T06:40:32.394-0700][info][gc,phases      ] GC(183)   Merge Heap Roots: 0.1ms
[2024-07-05T06:40:32.394-0700][info][gc,phases      ] GC(183)   Evacuate Collection Set: 0.5ms
[2024-07-05T06:40:32.394-0700][info][gc,phases      ] GC(183)   Post Evacuate Collection Set: 0.5ms
[2024-07-05T06:40:32.394-0700][info][gc,phases      ] GC(183)   Other: 0.1ms
[2024-07-05T06:40:32.394-0700][info][gc,heap        ] GC(183) Eden regions: 1->0(204)
[2024-07-05T06:40:32.394-0700][info][gc,heap        ] GC(183) Survivor regions: 1->0(0)
[2024-07-05T06:40:32.394-0700][info][gc,heap        ] GC(183) Old regions: 4076->4078
[2024-07-05T06:40:32.394-0700][info][gc,heap        ] GC(183) Archive regions: 2->2
[2024-07-05T06:40:32.394-0700][info][gc,heap        ] GC(183) Humongous regions: 16->16
[2024-07-05T06:40:32.394-0700][info][gc,metaspace   ] GC(183) Metaspace: 304K(512K)->304K(512K) NonClass: 296K(384K)->296K(384K) Class: 7K(128K)->7K(128K)
[2024-07-05T06:40:32.394-0700][info][gc             ] GC(183) Pause Young (Normal) (G1 Evacuation Pause) 4093M->4093M(4096M) 1.508ms
[2024-07-05T06:40:32.394-0700][info][gc,cpu         ] GC(183) User=0.00s Sys=0.00s Real=0.00s
[2024-07-05T06:40:32.394-0700][info][gc,ergo        ] Attempting full compaction
[2024-07-05T06:40:32.394-0700][info][gc,task        ] GC(184) Using 4 workers of 4 for full compaction
[2024-07-05T06:40:32.394-0700][info][gc,start       ] GC(184) Pause Full (G1 Compaction Pause)
[2024-07-05T06:40:32.397-0700][info][gc,phases,start] GC(184) Phase 1: Mark live objects
[2024-07-05T06:40:32.536-0700][info][gc,phases      ] GC(184) Phase 1: Mark live objects 138.818ms
[2024-07-05T06:40:32.536-0700][info][gc,phases,start] GC(184) Phase 2: Prepare for compaction
[2024-07-05T06:40:32.538-0700][info][gc,phases      ] GC(184) Phase 2: Prepare for compaction 2.141ms
[2024-07-05T06:40:32.538-0700][info][gc,phases,start] GC(184) Phase 3: Adjust pointers
[2024-07-05T06:40:32.626-0700][info][gc,phases      ] GC(184) Phase 3: Adjust pointers 88.069ms
[2024-07-05T06:40:32.626-0700][info][gc,phases,start] GC(184) Phase 4: Compact heap
[2024-07-05T06:40:32.627-0700][info][gc,phases      ] GC(184) Phase 4: Compact heap 0.455ms
[2024-07-05T06:40:32.631-0700][info][gc,heap        ] GC(184) Eden regions: 0->0(204)
[2024-07-05T06:40:32.631-0700][info][gc,heap        ] GC(184) Survivor regions: 0->0(0)
[2024-07-05T06:40:32.631-0700][info][gc,heap        ] GC(184) Old regions: 4078->4078
[2024-07-05T06:40:32.631-0700][info][gc,heap        ] GC(184) Archive regions: 2->2
[2024-07-05T06:40:32.631-0700][info][gc,heap        ] GC(184) Humongous regions: 16->16
[2024-07-05T06:40:32.631-0700][info][gc,metaspace   ] GC(184) Metaspace: 304K(512K)->304K(512K) NonClass: 296K(384K)->296K(384K) Class: 7K(128K)->7K(128K)
[2024-07-05T06:40:32.631-0700][info][gc             ] GC(184) Pause Full (G1 Compaction Pause) 4093M->4093M(4096M) 236.867ms
[2024-07-05T06:40:32.631-0700][info][gc,cpu         ] GC(184) User=0.69s Sys=0.00s Real=0.24s
[2024-07-05T06:40:32.631-0700][info][gc,ergo        ] Attempting maximum full compaction clearing soft references
[2024-07-05T06:40:32.631-0700][info][gc,task        ] GC(185) Using 4 workers of 4 for full compaction
[2024-07-05T06:40:32.631-0700][info][gc,start       ] GC(185) Pause Full (G1 Compaction Pause)
[2024-07-05T06:40:32.631-0700][info][gc,phases,start] GC(185) Phase 1: Mark live objects
[2024-07-05T06:40:32.776-0700][info][gc,phases      ] GC(185) Phase 1: Mark live objects 144.633ms
[2024-07-05T06:40:32.776-0700][info][gc,phases,start] GC(185) Phase 2: Prepare for compaction
[2024-07-05T06:40:32.881-0700][info][gc,phases      ] GC(185) Phase 2: Prepare for compaction 105.206ms
[2024-07-05T06:40:32.881-0700][info][gc,phases,start] GC(185) Phase 3: Adjust pointers
[2024-07-05T06:40:33.008-0700][info][gc,phases      ] GC(185) Phase 3: Adjust pointers 126.948ms
[2024-07-05T06:40:33.008-0700][info][gc,phases,start] GC(185) Phase 4: Compact heap
[2024-07-05T06:40:33.485-0700][info][gc,phases      ] GC(185) Phase 4: Compact heap 476.967ms
[2024-07-05T06:40:33.489-0700][info][gc,heap        ] GC(185) Eden regions: 0->0(204)
[2024-07-05T06:40:33.489-0700][info][gc,heap        ] GC(185) Survivor regions: 0->0(0)
[2024-07-05T06:40:33.489-0700][info][gc,heap        ] GC(185) Old regions: 4078->4069
[2024-07-05T06:40:33.489-0700][info][gc,heap        ] GC(185) Archive regions: 2->2
[2024-07-05T06:40:33.489-0700][info][gc,heap        ] GC(185) Humongous regions: 16->16
[2024-07-05T06:40:33.489-0700][info][gc,metaspace   ] GC(185) Metaspace: 304K(512K)->304K(512K) NonClass: 296K(384K)->296K(384K) Class: 7K(128K)->7K(128K)
[2024-07-05T06:40:33.489-0700][info][gc             ] GC(185) Pause Full (G1 Compaction Pause) 4093M->4083M(4096M) 857.955ms
[2024-07-05T06:40:33.489-0700][info][gc,cpu         ] GC(185) User=2.40s Sys=0.00s Real=0.86s
[2024-07-05T06:40:33.489-0700][info][gc,marking     ] GC(182) Concurrent Mark From Roots 1096.803ms
[2024-07-05T06:40:33.489-0700][info][gc,marking     ] GC(182) Concurrent Mark Abort
[2024-07-05T06:40:33.489-0700][info][gc             ] GC(182) Concurrent Mark Cycle 1096.956ms
[2024-07-05T06:40:33.489-0700][info][gc,start       ] GC(186) Pause Young (Concurrent Start) (G1 Humongous Allocation)
[2024-07-05T06:40:33.490-0700][info][gc,task        ] GC(186) Using 4 workers of 4 for evacuation
[2024-07-05T06:40:33.494-0700][info][gc,phases      ] GC(186)   Pre Evacuate Collection Set: 0.5ms
[2024-07-05T06:40:33.494-0700][info][gc,phases      ] GC(186)   Merge Heap Roots: 0.1ms
[2024-07-05T06:40:33.494-0700][info][gc,phases      ] GC(186)   Evacuate Collection Set: 2.8ms
[2024-07-05T06:40:33.494-0700][info][gc,phases      ] GC(186)   Post Evacuate Collection Set: 0.7ms
[2024-07-05T06:40:33.494-0700][info][gc,phases      ] GC(186)   Other: 0.3ms
[2024-07-05T06:40:33.494-0700][info][gc,heap        ] GC(186) Eden regions: 3->0(201)
[2024-07-05T06:40:33.494-0700][info][gc,heap        ] GC(186) Survivor regions: 0->3(6)
[2024-07-05T06:40:33.494-0700][info][gc,heap        ] GC(186) Old regions: 4069->4069
[2024-07-05T06:40:33.494-0700][info][gc,heap        ] GC(186) Archive regions: 2->2
[2024-07-05T06:40:33.494-0700][info][gc,heap        ] GC(186) Humongous regions: 16->16
[2024-07-05T06:40:33.494-0700][info][gc,metaspace   ] GC(186) Metaspace: 304K(512K)->304K(512K) NonClass: 296K(384K)->296K(384K) Class: 7K(128K)->7K(128K)
[2024-07-05T06:40:33.494-0700][info][gc             ] GC(186) Pause Young (Concurrent Start) (G1 Humongous Allocation) 4085M->4085M(4096M) 4.592ms
[2024-07-05T06:40:33.494-0700][info][gc,cpu         ] GC(186) User=0.01s Sys=0.00s Real=0.00s
[2024-07-05T06:40:33.494-0700][info][gc             ] GC(187) Concurrent Mark Cycle
[2024-07-05T06:40:33.494-0700][info][gc,marking     ] GC(187) Concurrent Clear Claimed Marks
[2024-07-05T06:40:33.494-0700][info][gc,marking     ] GC(187) Concurrent Clear Claimed Marks 0.011ms
[2024-07-05T06:40:33.494-0700][info][gc,marking     ] GC(187) Concurrent Scan Root Regions
[2024-07-05T06:40:33.495-0700][info][gc,marking     ] GC(187) Concurrent Scan Root Regions 0.357ms
[2024-07-05T06:40:33.495-0700][info][gc,marking     ] GC(187) Concurrent Mark
[2024-07-05T06:40:33.495-0700][info][gc,marking     ] GC(187) Concurrent Mark From Roots
[2024-07-05T06:40:33.495-0700][info][gc,task        ] GC(187) Using 1 workers of 1 for marking
[2024-07-05T06:40:33.495-0700][info][gc,start       ] GC(188) Pause Young (Normal) (G1 Humongous Allocation)
[2024-07-05T06:40:33.495-0700][info][gc,task        ] GC(188) Using 4 workers of 4 for evacuation
[2024-07-05T06:40:33.497-0700][info][gc,phases      ] GC(188)   Pre Evacuate Collection Set: 0.9ms
[2024-07-05T06:40:33.497-0700][info][gc,phases      ] GC(188)   Merge Heap Roots: 0.1ms
[2024-07-05T06:40:33.497-0700][info][gc,phases      ] GC(188)   Evacuate Collection Set: 0.6ms
[2024-07-05T06:40:33.497-0700][info][gc,phases      ] GC(188)   Post Evacuate Collection Set: 0.5ms
[2024-07-05T06:40:33.497-0700][info][gc,phases      ] GC(188)   Other: 0.1ms
[2024-07-05T06:40:33.497-0700][info][gc,heap        ] GC(188) Eden regions: 0->0(201)
[2024-07-05T06:40:33.497-0700][info][gc,heap        ] GC(188) Survivor regions: 3->3(6)
[2024-07-05T06:40:33.497-0700][info][gc,heap        ] GC(188) Old regions: 4069->4069
[2024-07-05T06:40:33.497-0700][info][gc,heap        ] GC(188) Archive regions: 2->2
[2024-07-05T06:40:33.497-0700][info][gc,heap        ] GC(188) Humongous regions: 16->16
[2024-07-05T06:40:33.497-0700][info][gc,metaspace   ] GC(188) Metaspace: 304K(512K)->304K(512K) NonClass: 296K(384K)->296K(384K) Class: 7K(128K)->7K(128K)
[2024-07-05T06:40:33.497-0700][info][gc             ] GC(188) Pause Young (Normal) (G1 Humongous Allocation) 4085M->4085M(4096M) 1.939ms
[2024-07-05T06:40:33.497-0700][info][gc,cpu         ] GC(188) User=0.00s Sys=0.00s Real=0.00s
[2024-07-05T06:40:33.497-0700][info][gc,ergo        ] Attempting full compaction
[2024-07-05T06:40:33.497-0700][info][gc,task        ] GC(189) Using 4 workers of 4 for full compaction
[2024-07-05T06:40:33.497-0700][info][gc,start       ] GC(189) Pause Full (G1 Compaction Pause)
[2024-07-05T06:40:33.501-0700][info][gc,phases,start] GC(189) Phase 1: Mark live objects
[2024-07-05T06:40:33.644-0700][info][gc,phases      ] GC(189) Phase 1: Mark live objects 142.734ms
[2024-07-05T06:40:33.644-0700][info][gc,phases,start] GC(189) Phase 2: Prepare for compaction
[2024-07-05T06:40:33.647-0700][info][gc,phases      ] GC(189) Phase 2: Prepare for compaction 2.559ms
[2024-07-05T06:40:33.647-0700][info][gc,phases,start] GC(189) Phase 3: Adjust pointers
[2024-07-05T06:40:33.735-0700][info][gc,phases      ] GC(189) Phase 3: Adjust pointers 88.570ms
[2024-07-05T06:40:33.735-0700][info][gc,phases,start] GC(189) Phase 4: Compact heap
[2024-07-05T06:40:33.736-0700][info][gc,phases      ] GC(189) Phase 4: Compact heap 0.617ms
[2024-07-05T06:40:33.740-0700][info][gc,heap        ] GC(189) Eden regions: 0->0(204)
[2024-07-05T06:40:33.740-0700][info][gc,heap        ] GC(189) Survivor regions: 3->0(6)
[2024-07-05T06:40:33.740-0700][info][gc,heap        ] GC(189) Old regions: 4069->4071
[2024-07-05T06:40:33.740-0700][info][gc,heap        ] GC(189) Archive regions: 2->2
[2024-07-05T06:40:33.740-0700][info][gc,heap        ] GC(189) Humongous regions: 16->16
[2024-07-05T06:40:33.740-0700][info][gc,metaspace   ] GC(189) Metaspace: 304K(512K)->304K(512K) NonClass: 296K(384K)->296K(384K) Class: 7K(128K)->7K(128K)
[2024-07-05T06:40:33.740-0700][info][gc             ] GC(189) Pause Full (G1 Compaction Pause) 4085M->4085M(4096M) 243.215ms
[2024-07-05T06:40:33.740-0700][info][gc,cpu         ] GC(189) User=0.71s Sys=0.01s Real=0.24s
[2024-07-05T06:40:33.740-0700][info][gc,ergo        ] Attempting maximum full compaction clearing soft references
[2024-07-05T06:40:33.740-0700][info][gc,task        ] GC(190) Using 4 workers of 4 for full compaction
[2024-07-05T06:40:33.740-0700][info][gc,start       ] GC(190) Pause Full (G1 Compaction Pause)
[2024-07-05T06:40:33.740-0700][info][gc,phases,start] GC(190) Phase 1: Mark live objects
[2024-07-05T06:40:33.892-0700][info][gc,phases      ] GC(190) Phase 1: Mark live objects 151.739ms
[2024-07-05T06:40:33.892-0700][info][gc,phases,start] GC(190) Phase 2: Prepare for compaction
[2024-07-05T06:40:33.994-0700][info][gc,phases      ] GC(190) Phase 2: Prepare for compaction 101.797ms
[2024-07-05T06:40:33.994-0700][info][gc,phases,start] GC(190) Phase 3: Adjust pointers
[2024-07-05T06:40:34.118-0700][info][gc,phases      ] GC(190) Phase 3: Adjust pointers 123.599ms
[2024-07-05T06:40:34.118-0700][info][gc,phases,start] GC(190) Phase 4: Compact heap
[2024-07-05T06:40:34.220-0700][info][gc,phases      ] GC(190) Phase 4: Compact heap 102.182ms
[2024-07-05T06:40:34.224-0700][info][gc,heap        ] GC(190) Eden regions: 0->0(204)
[2024-07-05T06:40:34.224-0700][info][gc,heap        ] GC(190) Survivor regions: 0->0(6)
[2024-07-05T06:40:34.224-0700][info][gc,heap        ] GC(190) Old regions: 4071->4071
[2024-07-05T06:40:34.224-0700][info][gc,heap        ] GC(190) Archive regions: 2->2
[2024-07-05T06:40:34.224-0700][info][gc,heap        ] GC(190) Humongous regions: 16->16
[2024-07-05T06:40:34.224-0700][info][gc,metaspace   ] GC(190) Metaspace: 304K(512K)->304K(512K) NonClass: 296K(384K)->296K(384K) Class: 7K(128K)->7K(128K)
[2024-07-05T06:40:34.224-0700][info][gc             ] GC(190) Pause Full (G1 Compaction Pause) 4085M->4085M(4096M) 484.068ms
[2024-07-05T06:40:34.224-0700][info][gc,cpu         ] GC(190) User=1.36s Sys=0.00s Real=0.49s
[2024-07-05T06:40:34.224-0700][info][gc,marking     ] GC(187) Concurrent Mark From Roots 729.699ms
[2024-07-05T06:40:34.224-0700][info][gc,marking     ] GC(187) Concurrent Mark Abort
[2024-07-05T06:40:34.224-0700][info][gc             ] GC(187) Concurrent Mark Cycle 730.161ms
[2024-07-05T06:40:34.229-0700][info][gc,heap,exit   ] Heap
[2024-07-05T06:40:34.230-0700][info][gc,heap,exit   ]  garbage-first heap   total 4194304K, used 4184866K [0x0000000700000000, 0x0000000800000000)
[2024-07-05T06:40:34.230-0700][info][gc,heap,exit   ]   region size 1024K, 1 young (1024K), 0 survivors (0K)
[2024-07-05T06:40:34.230-0700][info][gc,heap,exit   ]  Metaspace       used 315K, committed 512K, reserved 1114112K
[2024-07-05T06:40:34.230-0700][info][gc,heap,exit   ]   class space    used 9K, committed 128K, reserved 1048576K
