[2024-07-05T20:37:17.166-0700][info][gc] Using G1
[2024-07-05T20:37:17.266-0700][info][gc,init] Version: 17.0.11+1-LTS (release)
[2024-07-05T20:37:17.266-0700][info][gc,init] CPUs: 4 total, 4 available
[2024-07-05T20:37:17.266-0700][info][gc,init] Memory: 15953M
[2024-07-05T20:37:17.266-0700][info][gc,init] Large Page Support: Disabled
[2024-07-05T20:37:17.266-0700][info][gc,init] NUMA Support: Disabled
[2024-07-05T20:37:17.266-0700][info][gc,init] Compressed Oops: Enabled (Zero based)
[2024-07-05T20:37:17.266-0700][info][gc,init] Heap Region Size: 1M
[2024-07-05T20:37:17.266-0700][info][gc,init] Heap Min Capacity: 16G
[2024-07-05T20:37:17.266-0700][info][gc,init] Heap Initial Capacity: 16G
[2024-07-05T20:37:17.266-0700][info][gc,init] Heap Max Capacity: 16G
[2024-07-05T20:37:17.266-0700][info][gc,init] Pre-touch: Disabled
[2024-07-05T20:37:17.266-0700][info][gc,init] Parallel Workers: 4
[2024-07-05T20:37:17.266-0700][info][gc,init] Concurrent Workers: 1
[2024-07-05T20:37:17.266-0700][info][gc,init] Concurrent Refinement Workers: 4
[2024-07-05T20:37:17.266-0700][info][gc,init] Periodic GC: Disabled
[2024-07-05T20:37:17.273-0700][info][gc,metaspace] CDS archive(s) mapped at: [0x00007f1e3f000000-0x00007f1e3fbbb000-0x00007f1e3fbbb000), size 12300288, SharedBaseAddress: 0x00007f1e3f000000, ArchiveRelocationMode: 1.
[2024-07-05T20:37:17.273-0700][info][gc,metaspace] Compressed class space mapped at: 0x00007f1e40000000-0x00007f1e80000000, reserved size: 1073741824
[2024-07-05T20:37:17.273-0700][info][gc,metaspace] Narrow klass base: 0x00007f1e3f000000, Narrow klass shift: 0, Narrow klass range: 0x100000000
[2024-07-05T20:37:21.912-0700][info][gc,start    ] GC(0) Pause Young (Normal) (G1 Evacuation Pause)
[2024-07-05T20:37:21.913-0700][info][gc,task     ] GC(0) Using 4 workers of 4 for evacuation
[2024-07-05T20:37:22.216-0700][info][gc,mmu      ] GC(0) MMU target violated: 101.0ms (100.0ms/101.0ms)
[2024-07-05T20:37:22.216-0700][info][gc,phases   ] GC(0)   Pre Evacuate Collection Set: 1.6ms
[2024-07-05T20:37:22.216-0700][info][gc,phases   ] GC(0)   Merge Heap Roots: 0.9ms
[2024-07-05T20:37:22.216-0700][info][gc,phases   ] GC(0)   Evacuate Collection Set: 299.6ms
[2024-07-05T20:37:22.216-0700][info][gc,phases   ] GC(0)   Post Evacuate Collection Set: 1.0ms
[2024-07-05T20:37:22.216-0700][info][gc,phases   ] GC(0)   Other: 1.3ms
[2024-07-05T20:37:22.216-0700][info][gc,heap     ] GC(0) Eden regions: 819->0(716)
[2024-07-05T20:37:22.216-0700][info][gc,heap     ] GC(0) Survivor regions: 0->103(103)
[2024-07-05T20:37:22.216-0700][info][gc,heap     ] GC(0) Old regions: 0->496
[2024-07-05T20:37:22.216-0700][info][gc,heap     ] GC(0) Archive regions: 2->2
[2024-07-05T20:37:22.216-0700][info][gc,heap     ] GC(0) Humongous regions: 7->7
[2024-07-05T20:37:22.216-0700][info][gc,metaspace] GC(0) Metaspace: 229K(448K)->229K(448K) NonClass: 223K(320K)->223K(320K) Class: 6K(128K)->6K(128K)
[2024-07-05T20:37:22.217-0700][info][gc          ] GC(0) Pause Young (Normal) (G1 Evacuation Pause) 826M->606M(16384M) 304.560ms
[2024-07-05T20:37:22.217-0700][info][gc,cpu      ] GC(0) User=0.57s Sys=0.60s Real=0.31s
[2024-07-05T20:37:41.231-0700][info][gc,start    ] GC(1) Pause Young (Normal) (G1 Evacuation Pause)
[2024-07-05T20:37:41.231-0700][info][gc,task     ] GC(1) Using 4 workers of 4 for evacuation
[2024-07-05T20:37:41.571-0700][info][gc,mmu      ] GC(1) MMU target violated: 101.0ms (100.0ms/101.0ms)
[2024-07-05T20:37:41.571-0700][info][gc,phases   ] GC(1)   Pre Evacuate Collection Set: 0.9ms
[2024-07-05T20:37:41.571-0700][info][gc,phases   ] GC(1)   Merge Heap Roots: 0.7ms
[2024-07-05T20:37:41.571-0700][info][gc,phases   ] GC(1)   Evacuate Collection Set: 336.9ms
[2024-07-05T20:37:41.571-0700][info][gc,phases   ] GC(1)   Post Evacuate Collection Set: 1.0ms
[2024-07-05T20:37:41.571-0700][info][gc,phases   ] GC(1)   Other: 0.2ms
[2024-07-05T20:37:41.571-0700][info][gc,heap     ] GC(1) Eden regions: 716->0(716)
[2024-07-05T20:37:41.571-0700][info][gc,heap     ] GC(1) Survivor regions: 103->103(103)
[2024-07-05T20:37:41.571-0700][info][gc,heap     ] GC(1) Old regions: 496->1111
[2024-07-05T20:37:41.571-0700][info][gc,heap     ] GC(1) Archive regions: 2->2
[2024-07-05T20:37:41.571-0700][info][gc,heap     ] GC(1) Humongous regions: 11->11
[2024-07-05T20:37:41.571-0700][info][gc,metaspace] GC(1) Metaspace: 265K(448K)->265K(448K) NonClass: 258K(320K)->258K(320K) Class: 6K(128K)->6K(128K)
[2024-07-05T20:37:41.571-0700][info][gc          ] GC(1) Pause Young (Normal) (G1 Evacuation Pause) 1326M->1225M(16384M) 339.864ms
[2024-07-05T20:37:41.571-0700][info][gc,cpu      ] GC(1) User=0.68s Sys=0.62s Real=0.34s
[2024-07-05T20:38:48.886-0700][info][gc,start    ] GC(2) Pause Young (Normal) (G1 Evacuation Pause)
[2024-07-05T20:38:48.886-0700][info][gc,task     ] GC(2) Using 4 workers of 4 for evacuation
[2024-07-05T20:38:49.205-0700][info][gc,mmu      ] GC(2) MMU target violated: 101.0ms (100.0ms/101.0ms)
[2024-07-05T20:38:49.205-0700][info][gc,phases   ] GC(2)   Pre Evacuate Collection Set: 1.0ms
[2024-07-05T20:38:49.205-0700][info][gc,phases   ] GC(2)   Merge Heap Roots: 0.7ms
[2024-07-05T20:38:49.205-0700][info][gc,phases   ] GC(2)   Evacuate Collection Set: 316.0ms
[2024-07-05T20:38:49.205-0700][info][gc,phases   ] GC(2)   Post Evacuate Collection Set: 1.2ms
[2024-07-05T20:38:49.205-0700][info][gc,phases   ] GC(2)   Other: 0.2ms
[2024-07-05T20:38:49.205-0700][info][gc,heap     ] GC(2) Eden regions: 716->0(716)
[2024-07-05T20:38:49.205-0700][info][gc,heap     ] GC(2) Survivor regions: 103->103(103)
[2024-07-05T20:38:49.205-0700][info][gc,heap     ] GC(2) Old regions: 1111->1730
[2024-07-05T20:38:49.205-0700][info][gc,heap     ] GC(2) Archive regions: 2->2
[2024-07-05T20:38:49.205-0700][info][gc,heap     ] GC(2) Humongous regions: 16->16
[2024-07-05T20:38:49.205-0700][info][gc,metaspace] GC(2) Metaspace: 275K(512K)->275K(512K) NonClass: 268K(384K)->268K(384K) Class: 6K(128K)->6K(128K)
[2024-07-05T20:38:49.205-0700][info][gc          ] GC(2) Pause Young (Normal) (G1 Evacuation Pause) 1946M->1849M(16384M) 319.075ms
[2024-07-05T20:38:49.205-0700][info][gc,cpu      ] GC(2) User=0.59s Sys=0.64s Real=0.32s
[2024-07-05T20:41:28.919-0700][info][gc,start    ] GC(3) Pause Young (Normal) (G1 Evacuation Pause)
[2024-07-05T20:41:28.919-0700][info][gc,task     ] GC(3) Using 4 workers of 4 for evacuation
[2024-07-05T20:41:29.295-0700][info][gc,mmu      ] GC(3) MMU target violated: 101.0ms (100.0ms/101.0ms)
[2024-07-05T20:41:29.296-0700][info][gc,phases   ] GC(3)   Pre Evacuate Collection Set: 1.0ms
[2024-07-05T20:41:29.296-0700][info][gc,phases   ] GC(3)   Merge Heap Roots: 0.8ms
[2024-07-05T20:41:29.296-0700][info][gc,phases   ] GC(3)   Evacuate Collection Set: 373.2ms
[2024-07-05T20:41:29.296-0700][info][gc,phases   ] GC(3)   Post Evacuate Collection Set: 0.9ms
[2024-07-05T20:41:29.296-0700][info][gc,phases   ] GC(3)   Other: 0.6ms
[2024-07-05T20:41:29.296-0700][info][gc,heap     ] GC(3) Eden regions: 716->0(716)
[2024-07-05T20:41:29.296-0700][info][gc,heap     ] GC(3) Survivor regions: 103->103(103)
[2024-07-05T20:41:29.296-0700][info][gc,heap     ] GC(3) Old regions: 1730->2383
[2024-07-05T20:41:29.296-0700][info][gc,heap     ] GC(3) Archive regions: 2->2
[2024-07-05T20:41:29.296-0700][info][gc,heap     ] GC(3) Humongous regions: 23->23
[2024-07-05T20:41:29.296-0700][info][gc,metaspace] GC(3) Metaspace: 286K(512K)->286K(512K) NonClass: 279K(384K)->279K(384K) Class: 6K(128K)->6K(128K)
[2024-07-05T20:41:29.296-0700][info][gc          ] GC(3) Pause Young (Normal) (G1 Evacuation Pause) 2572M->2508M(16384M) 376.537ms
[2024-07-05T20:41:29.296-0700][info][gc,cpu      ] GC(3) User=0.70s Sys=0.75s Real=0.38s
[2024-07-05T20:46:21.564-0700][info][gc,start    ] GC(4) Pause Young (Normal) (G1 Evacuation Pause)
[2024-07-05T20:46:21.564-0700][info][gc,task     ] GC(4) Using 4 workers of 4 for evacuation
[2024-07-05T20:46:21.946-0700][info][gc,mmu      ] GC(4) MMU target violated: 101.0ms (100.0ms/101.0ms)
[2024-07-05T20:46:21.946-0700][info][gc,phases   ] GC(4)   Pre Evacuate Collection Set: 1.2ms
[2024-07-05T20:46:21.946-0700][info][gc,phases   ] GC(4)   Merge Heap Roots: 1.2ms
[2024-07-05T20:46:21.946-0700][info][gc,phases   ] GC(4)   Evacuate Collection Set: 377.9ms
[2024-07-05T20:46:21.946-0700][info][gc,phases   ] GC(4)   Post Evacuate Collection Set: 0.9ms
[2024-07-05T20:46:21.946-0700][info][gc,phases   ] GC(4)   Other: 0.2ms
[2024-07-05T20:46:21.946-0700][info][gc,heap     ] GC(4) Eden regions: 716->0(716)
[2024-07-05T20:46:21.946-0700][info][gc,heap     ] GC(4) Survivor regions: 103->103(103)
[2024-07-05T20:46:21.946-0700][info][gc,heap     ] GC(4) Old regions: 2383->3040
[2024-07-05T20:46:21.946-0700][info][gc,heap     ] GC(4) Archive regions: 2->2
[2024-07-05T20:46:21.946-0700][info][gc,heap     ] GC(4) Humongous regions: 34->34
[2024-07-05T20:46:21.946-0700][info][gc,metaspace] GC(4) Metaspace: 296K(512K)->296K(512K) NonClass: 289K(384K)->289K(384K) Class: 7K(128K)->7K(128K)
[2024-07-05T20:46:21.946-0700][info][gc          ] GC(4) Pause Young (Normal) (G1 Evacuation Pause) 3235M->3177M(16384M) 381.498ms
[2024-07-05T20:46:21.946-0700][info][gc,cpu      ] GC(4) User=0.70s Sys=0.78s Real=0.38s
[2024-07-05T20:52:53.152-0700][info][gc,start    ] GC(5) Pause Young (Normal) (G1 Evacuation Pause)
[2024-07-05T20:52:53.152-0700][info][gc,task     ] GC(5) Using 4 workers of 4 for evacuation
[2024-07-05T20:52:53.487-0700][info][gc,mmu      ] GC(5) MMU target violated: 101.0ms (100.0ms/101.0ms)
[2024-07-05T20:52:53.487-0700][info][gc,phases   ] GC(5)   Pre Evacuate Collection Set: 0.9ms
[2024-07-05T20:52:53.487-0700][info][gc,phases   ] GC(5)   Merge Heap Roots: 0.8ms
[2024-07-05T20:52:53.487-0700][info][gc,phases   ] GC(5)   Evacuate Collection Set: 331.7ms
[2024-07-05T20:52:53.487-0700][info][gc,phases   ] GC(5)   Post Evacuate Collection Set: 0.9ms
[2024-07-05T20:52:53.487-0700][info][gc,phases   ] GC(5)   Other: 0.2ms
[2024-07-05T20:52:53.487-0700][info][gc,heap     ] GC(5) Eden regions: 716->0(716)
[2024-07-05T20:52:53.487-0700][info][gc,heap     ] GC(5) Survivor regions: 103->103(103)
[2024-07-05T20:52:53.487-0700][info][gc,heap     ] GC(5) Old regions: 3040->3697
[2024-07-05T20:52:53.487-0700][info][gc,heap     ] GC(5) Archive regions: 2->2
[2024-07-05T20:52:53.487-0700][info][gc,heap     ] GC(5) Humongous regions: 34->34
[2024-07-05T20:52:53.487-0700][info][gc,metaspace] GC(5) Metaspace: 298K(512K)->298K(512K) NonClass: 291K(384K)->291K(384K) Class: 7K(128K)->7K(128K)
[2024-07-05T20:52:53.487-0700][info][gc          ] GC(5) Pause Young (Normal) (G1 Evacuation Pause) 3893M->3834M(16384M) 334.599ms
[2024-07-05T20:52:53.487-0700][info][gc,cpu      ] GC(5) User=0.67s Sys=0.63s Real=0.34s
[2024-07-05T21:00:49.178-0700][info][gc,start    ] GC(6) Pause Young (Normal) (G1 Evacuation Pause)
[2024-07-05T21:00:49.178-0700][info][gc,task     ] GC(6) Using 4 workers of 4 for evacuation
[2024-07-05T21:00:49.552-0700][info][gc,mmu      ] GC(6) MMU target violated: 101.0ms (100.0ms/101.0ms)
[2024-07-05T21:00:49.552-0700][info][gc,phases   ] GC(6)   Pre Evacuate Collection Set: 1.1ms
[2024-07-05T21:00:49.552-0700][info][gc,phases   ] GC(6)   Merge Heap Roots: 0.9ms
[2024-07-05T21:00:49.552-0700][info][gc,phases   ] GC(6)   Evacuate Collection Set: 371.3ms
[2024-07-05T21:00:49.552-0700][info][gc,phases   ] GC(6)   Post Evacuate Collection Set: 0.9ms
[2024-07-05T21:00:49.552-0700][info][gc,phases   ] GC(6)   Other: 0.2ms
[2024-07-05T21:00:49.552-0700][info][gc,heap     ] GC(6) Eden regions: 716->0(716)
[2024-07-05T21:00:49.552-0700][info][gc,heap     ] GC(6) Survivor regions: 103->103(103)
[2024-07-05T21:00:49.552-0700][info][gc,heap     ] GC(6) Old regions: 3697->4347
[2024-07-05T21:00:49.552-0700][info][gc,heap     ] GC(6) Archive regions: 2->2
[2024-07-05T21:00:49.552-0700][info][gc,heap     ] GC(6) Humongous regions: 34->34
[2024-07-05T21:00:49.552-0700][info][gc,metaspace] GC(6) Metaspace: 298K(512K)->298K(512K) NonClass: 291K(384K)->291K(384K) Class: 7K(128K)->7K(128K)
[2024-07-05T21:00:49.552-0700][info][gc          ] GC(6) Pause Young (Normal) (G1 Evacuation Pause) 4550M->4483M(16384M) 374.491ms
[2024-07-05T21:00:49.552-0700][info][gc,cpu      ] GC(6) User=0.63s Sys=0.81s Real=0.37s
[2024-07-05T21:10:30.066-0700][info][gc,start    ] GC(7) Pause Young (Normal) (G1 Evacuation Pause)
[2024-07-05T21:10:30.066-0700][info][gc,task     ] GC(7) Using 4 workers of 4 for evacuation
[2024-07-05T21:10:30.487-0700][info][gc,mmu      ] GC(7) MMU target violated: 101.0ms (100.0ms/101.0ms)
[2024-07-05T21:10:30.487-0700][info][gc,phases   ] GC(7)   Pre Evacuate Collection Set: 1.2ms
[2024-07-05T21:10:30.487-0700][info][gc,phases   ] GC(7)   Merge Heap Roots: 1.3ms
[2024-07-05T21:10:30.487-0700][info][gc,phases   ] GC(7)   Evacuate Collection Set: 418.0ms
[2024-07-05T21:10:30.487-0700][info][gc,phases   ] GC(7)   Post Evacuate Collection Set: 1.0ms
[2024-07-05T21:10:30.488-0700][info][gc,phases   ] GC(7)   Other: 0.3ms
[2024-07-05T21:10:30.488-0700][info][gc,heap     ] GC(7) Eden regions: 716->0(716)
[2024-07-05T21:10:30.488-0700][info][gc,heap     ] GC(7) Survivor regions: 103->103(103)
[2024-07-05T21:10:30.488-0700][info][gc,heap     ] GC(7) Old regions: 4347->5044
[2024-07-05T21:10:30.488-0700][info][gc,heap     ] GC(7) Archive regions: 2->2
[2024-07-05T21:10:30.488-0700][info][gc,heap     ] GC(7) Humongous regions: 50->50
[2024-07-05T21:10:30.488-0700][info][gc,metaspace] GC(7) Metaspace: 298K(512K)->298K(512K) NonClass: 291K(384K)->291K(384K) Class: 7K(128K)->7K(128K)
[2024-07-05T21:10:30.488-0700][info][gc          ] GC(7) Pause Young (Normal) (G1 Evacuation Pause) 5215M->5197M(16384M) 421.740ms
[2024-07-05T21:10:30.488-0700][info][gc,cpu      ] GC(7) User=0.78s Sys=0.85s Real=0.42s
[2024-07-05T21:21:32.477-0700][info][gc,start    ] GC(8) Pause Young (Normal) (G1 Evacuation Pause)
[2024-07-05T21:21:32.477-0700][info][gc,task     ] GC(8) Using 4 workers of 4 for evacuation
[2024-07-05T21:21:32.843-0700][info][gc,mmu      ] GC(8) MMU target violated: 101.0ms (100.0ms/101.0ms)
[2024-07-05T21:21:32.843-0700][info][gc,phases   ] GC(8)   Pre Evacuate Collection Set: 1.0ms
[2024-07-05T21:21:32.843-0700][info][gc,phases   ] GC(8)   Merge Heap Roots: 0.9ms
[2024-07-05T21:21:32.843-0700][info][gc,phases   ] GC(8)   Evacuate Collection Set: 362.7ms
[2024-07-05T21:21:32.843-0700][info][gc,phases   ] GC(8)   Post Evacuate Collection Set: 0.9ms
[2024-07-05T21:21:32.843-0700][info][gc,phases   ] GC(8)   Other: 0.2ms
[2024-07-05T21:21:32.843-0700][info][gc,heap     ] GC(8) Eden regions: 716->0(716)
[2024-07-05T21:21:32.843-0700][info][gc,heap     ] GC(8) Survivor regions: 103->103(103)
[2024-07-05T21:21:32.843-0700][info][gc,heap     ] GC(8) Old regions: 5044->5713
[2024-07-05T21:21:32.843-0700][info][gc,heap     ] GC(8) Archive regions: 2->2
[2024-07-05T21:21:32.843-0700][info][gc,heap     ] GC(8) Humongous regions: 50->50
[2024-07-05T21:21:32.843-0700][info][gc,metaspace] GC(8) Metaspace: 298K(512K)->298K(512K) NonClass: 291K(384K)->291K(384K) Class: 7K(128K)->7K(128K)
[2024-07-05T21:21:32.843-0700][info][gc          ] GC(8) Pause Young (Normal) (G1 Evacuation Pause) 5913M->5866M(16384M) 365.834ms
[2024-07-05T21:21:32.843-0700][info][gc,cpu      ] GC(8) User=0.67s Sys=0.74s Real=0.37s
[2024-07-05T21:34:03.762-0700][info][gc,start    ] GC(9) Pause Young (Normal) (G1 Evacuation Pause)
[2024-07-05T21:34:03.762-0700][info][gc,task     ] GC(9) Using 4 workers of 4 for evacuation
[2024-07-05T21:34:04.142-0700][info][gc,mmu      ] GC(9) MMU target violated: 101.0ms (100.0ms/101.0ms)
[2024-07-05T21:34:04.142-0700][info][gc,phases   ] GC(9)   Pre Evacuate Collection Set: 0.9ms
[2024-07-05T21:34:04.142-0700][info][gc,phases   ] GC(9)   Merge Heap Roots: 0.9ms
[2024-07-05T21:34:04.142-0700][info][gc,phases   ] GC(9)   Evacuate Collection Set: 376.9ms
[2024-07-05T21:34:04.142-0700][info][gc,phases   ] GC(9)   Post Evacuate Collection Set: 1.0ms
[2024-07-05T21:34:04.142-0700][info][gc,phases   ] GC(9)   Other: 0.2ms
[2024-07-05T21:34:04.142-0700][info][gc,heap     ] GC(9) Eden regions: 716->0(716)
[2024-07-05T21:34:04.142-0700][info][gc,heap     ] GC(9) Survivor regions: 103->103(103)
[2024-07-05T21:34:04.142-0700][info][gc,heap     ] GC(9) Old regions: 5713->6381
[2024-07-05T21:34:04.142-0700][info][gc,heap     ] GC(9) Archive regions: 2->2
[2024-07-05T21:34:04.142-0700][info][gc,heap     ] GC(9) Humongous regions: 50->50
[2024-07-05T21:34:04.142-0700][info][gc,metaspace] GC(9) Metaspace: 298K(512K)->298K(512K) NonClass: 291K(384K)->291K(384K) Class: 7K(128K)->7K(128K)
[2024-07-05T21:34:04.142-0700][info][gc          ] GC(9) Pause Young (Normal) (G1 Evacuation Pause) 6582M->6534M(16384M) 379.999ms
[2024-07-05T21:34:04.142-0700][info][gc,cpu      ] GC(9) User=0.67s Sys=0.78s Real=0.38s
[2024-07-05T21:47:52.470-0700][info][gc,start    ] GC(10) Pause Young (Normal) (G1 Evacuation Pause)
[2024-07-05T21:47:52.470-0700][info][gc,task     ] GC(10) Using 4 workers of 4 for evacuation
[2024-07-05T21:47:52.814-0700][info][gc,mmu      ] GC(10) MMU target violated: 101.0ms (100.0ms/101.0ms)
[2024-07-05T21:47:52.814-0700][info][gc,phases   ] GC(10)   Pre Evacuate Collection Set: 0.9ms
[2024-07-05T21:47:52.814-0700][info][gc,phases   ] GC(10)   Merge Heap Roots: 1.1ms
[2024-07-05T21:47:52.814-0700][info][gc,phases   ] GC(10)   Evacuate Collection Set: 340.9ms
[2024-07-05T21:47:52.814-0700][info][gc,phases   ] GC(10)   Post Evacuate Collection Set: 1.0ms
[2024-07-05T21:47:52.814-0700][info][gc,phases   ] GC(10)   Other: 0.2ms
[2024-07-05T21:47:52.814-0700][info][gc,heap     ] GC(10) Eden regions: 716->0(716)
[2024-07-05T21:47:52.814-0700][info][gc,heap     ] GC(10) Survivor regions: 103->103(103)
[2024-07-05T21:47:52.814-0700][info][gc,heap     ] GC(10) Old regions: 6381->7054
[2024-07-05T21:47:52.814-0700][info][gc,heap     ] GC(10) Archive regions: 2->2
[2024-07-05T21:47:52.814-0700][info][gc,heap     ] GC(10) Humongous regions: 50->50
[2024-07-05T21:47:52.814-0700][info][gc,metaspace] GC(10) Metaspace: 301K(512K)->301K(512K) NonClass: 294K(384K)->294K(384K) Class: 7K(128K)->7K(128K)
[2024-07-05T21:47:52.814-0700][info][gc          ] GC(10) Pause Young (Normal) (G1 Evacuation Pause) 7250M->7207M(16384M) 344.112ms
[2024-07-05T21:47:52.814-0700][info][gc,cpu      ] GC(10) User=0.66s Sys=0.67s Real=0.34s
[2024-07-05T22:03:04.676-0700][info][gc,start    ] GC(11) Pause Young (Normal) (G1 Evacuation Pause)
[2024-07-05T22:03:04.676-0700][info][gc,task     ] GC(11) Using 4 workers of 4 for evacuation
[2024-07-05T22:03:07.034-0700][info][gc,mmu      ] GC(11) MMU target violated: 101.0ms (100.0ms/101.0ms)
[2024-07-05T22:03:07.034-0700][info][gc,phases   ] GC(11)   Pre Evacuate Collection Set: 1.5ms
[2024-07-05T22:03:07.034-0700][info][gc,phases   ] GC(11)   Merge Heap Roots: 1.3ms
[2024-07-05T22:03:07.034-0700][info][gc,phases   ] GC(11)   Evacuate Collection Set: 2353.6ms
[2024-07-05T22:03:07.034-0700][info][gc,phases   ] GC(11)   Post Evacuate Collection Set: 1.3ms
[2024-07-05T22:03:07.034-0700][info][gc,phases   ] GC(11)   Other: 0.2ms
[2024-07-05T22:03:07.034-0700][info][gc,heap     ] GC(11) Eden regions: 716->0(716)
[2024-07-05T22:03:07.034-0700][info][gc,heap     ] GC(11) Survivor regions: 103->103(103)
[2024-07-05T22:03:07.034-0700][info][gc,heap     ] GC(11) Old regions: 7054->7748
[2024-07-05T22:03:07.034-0700][info][gc,heap     ] GC(11) Archive regions: 2->2
[2024-07-05T22:03:07.034-0700][info][gc,heap     ] GC(11) Humongous regions: 74->74
[2024-07-05T22:03:07.034-0700][info][gc,metaspace] GC(11) Metaspace: 301K(512K)->301K(512K) NonClass: 294K(384K)->294K(384K) Class: 7K(128K)->7K(128K)
[2024-07-05T22:03:07.034-0700][info][gc          ] GC(11) Pause Young (Normal) (G1 Evacuation Pause) 7947M->7925M(16384M) 2357.897ms
[2024-07-05T22:03:07.034-0700][info][gc,cpu      ] GC(11) User=0.79s Sys=8.61s Real=2.35s
[2024-07-05T22:19:25.652-0700][info][gc,start    ] GC(12) Pause Young (Concurrent Start) (G1 Evacuation Pause)
[2024-07-05T22:19:25.652-0700][info][gc,task     ] GC(12) Using 4 workers of 4 for evacuation
[2024-07-05T22:19:28.453-0700][info][gc,mmu      ] GC(12) MMU target violated: 101.0ms (100.0ms/101.0ms)
[2024-07-05T22:19:28.453-0700][info][gc,phases   ] GC(12)   Pre Evacuate Collection Set: 1.0ms
[2024-07-05T22:19:28.453-0700][info][gc,phases   ] GC(12)   Merge Heap Roots: 2.1ms
[2024-07-05T22:19:28.453-0700][info][gc,phases   ] GC(12)   Evacuate Collection Set: 2792.0ms
[2024-07-05T22:19:28.453-0700][info][gc,phases   ] GC(12)   Post Evacuate Collection Set: 1.0ms
[2024-07-05T22:19:28.453-0700][info][gc,phases   ] GC(12)   Other: 5.1ms
[2024-07-05T22:19:28.453-0700][info][gc,heap     ] GC(12) Eden regions: 716->0(716)
[2024-07-05T22:19:28.453-0700][info][gc,heap     ] GC(12) Survivor regions: 103->103(103)
[2024-07-05T22:19:28.453-0700][info][gc,heap     ] GC(12) Old regions: 7748->8426
[2024-07-05T22:19:28.453-0700][info][gc,heap     ] GC(12) Archive regions: 2->2
[2024-07-05T22:19:28.453-0700][info][gc,heap     ] GC(12) Humongous regions: 74->74
[2024-07-05T22:19:28.453-0700][info][gc,metaspace] GC(12) Metaspace: 301K(512K)->301K(512K) NonClass: 294K(384K)->294K(384K) Class: 7K(128K)->7K(128K)
[2024-07-05T22:19:28.453-0700][info][gc          ] GC(12) Pause Young (Concurrent Start) (G1 Evacuation Pause) 8641M->8603M(16384M) 2801.189ms
[2024-07-05T22:19:28.453-0700][info][gc,cpu      ] GC(12) User=0.87s Sys=10.30s Real=2.80s
[2024-07-05T22:19:28.453-0700][info][gc          ] GC(13) Concurrent Mark Cycle
[2024-07-05T22:19:28.453-0700][info][gc,marking  ] GC(13) Concurrent Clear Claimed Marks
[2024-07-05T22:19:28.453-0700][info][gc,marking  ] GC(13) Concurrent Clear Claimed Marks 0.007ms
[2024-07-05T22:19:28.453-0700][info][gc,marking  ] GC(13) Concurrent Scan Root Regions
[2024-07-05T22:19:28.488-0700][info][gc,marking  ] GC(13) Concurrent Scan Root Regions 34.974ms
[2024-07-05T22:19:28.488-0700][info][gc,marking  ] GC(13) Concurrent Mark
[2024-07-05T22:19:28.488-0700][info][gc,marking  ] GC(13) Concurrent Mark From Roots
[2024-07-05T22:19:28.488-0700][info][gc,task     ] GC(13) Using 1 workers of 1 for marking
[2024-07-05T22:19:32.194-0700][info][gc,marking  ] GC(13) Concurrent Mark From Roots 3706.054ms
[2024-07-05T22:19:32.194-0700][info][gc,marking  ] GC(13) Concurrent Preclean
[2024-07-05T22:19:32.194-0700][info][gc,marking  ] GC(13) Concurrent Preclean 0.094ms
[2024-07-05T22:19:36.029-0700][info][gc,start    ] GC(13) Pause Remark
[2024-07-05T22:19:36.032-0700][info][gc          ] GC(13) Pause Remark 8608M->8501M(16384M) 2.945ms
[2024-07-05T22:19:36.032-0700][info][gc,cpu      ] GC(13) User=0.00s Sys=0.00s Real=0.00s
[2024-07-05T22:19:36.033-0700][info][gc,marking  ] GC(13) Concurrent Mark 7545.104ms
[2024-07-05T22:19:36.033-0700][info][gc,marking  ] GC(13) Concurrent Rebuild Remembered Sets
[2024-07-05T22:19:36.548-0700][info][gc,marking  ] GC(13) Concurrent Rebuild Remembered Sets 514.817ms
[2024-07-05T22:19:37.513-0700][info][gc,start    ] GC(13) Pause Cleanup
[2024-07-05T22:19:37.521-0700][info][gc          ] GC(13) Pause Cleanup 8501M->8501M(16384M) 7.901ms
[2024-07-05T22:19:37.521-0700][info][gc,cpu      ] GC(13) User=0.00s Sys=0.00s Real=0.01s
[2024-07-05T22:19:37.525-0700][info][gc,marking  ] GC(13) Concurrent Cleanup for Next Mark
[2024-07-05T22:19:40.021-0700][info][gc,marking  ] GC(13) Concurrent Cleanup for Next Mark 2496.795ms
[2024-07-05T22:19:40.021-0700][info][gc          ] GC(13) Concurrent Mark Cycle 11568.390ms
[2024-07-05T22:33:44.584-0700][info][gc,heap,exit] Heap
[2024-07-05T22:33:44.584-0700][info][gc,heap,exit]  garbage-first heap   total 16777216K, used 9256560K [0x0000000400000000, 0x0000000800000000)
[2024-07-05T22:33:44.584-0700][info][gc,heap,exit]   region size 1024K, 646 young (661504K), 103 survivors (105472K)
[2024-07-05T22:33:44.584-0700][info][gc,heap,exit]  Metaspace       used 302K, committed 512K, reserved 1114112K
[2024-07-05T22:33:44.584-0700][info][gc,heap,exit]   class space    used 7K, committed 128K, reserved 1048576K
