[2024-07-05T10:27:56.650-0700][info][gc] Using G1
[2024-07-05T10:27:56.663-0700][info][gc,init] Version: 17.0.11+1-LTS (release)
[2024-07-05T10:27:56.663-0700][info][gc,init] CPUs: 4 total, 4 available
[2024-07-05T10:27:56.663-0700][info][gc,init] Memory: 15953M
[2024-07-05T10:27:56.663-0700][info][gc,init] Large Page Support: Disabled
[2024-07-05T10:27:56.663-0700][info][gc,init] NUMA Support: Disabled
[2024-07-05T10:27:56.663-0700][info][gc,init] Compressed Oops: Enabled (Zero based)
[2024-07-05T10:27:56.663-0700][info][gc,init] Heap Region Size: 4M
[2024-07-05T10:27:56.663-0700][info][gc,init] Heap Min Capacity: 4G
[2024-07-05T10:27:56.663-0700][info][gc,init] Heap Initial Capacity: 4G
[2024-07-05T10:27:56.663-0700][info][gc,init] Heap Max Capacity: 4G
[2024-07-05T10:27:56.663-0700][info][gc,init] Pre-touch: Disabled
[2024-07-05T10:27:56.663-0700][info][gc,init] Parallel Workers: 4
[2024-07-05T10:27:56.663-0700][info][gc,init] Concurrent Workers: 1
[2024-07-05T10:27:56.663-0700][info][gc,init] Concurrent Refinement Workers: 4
[2024-07-05T10:27:56.663-0700][info][gc,init] Periodic GC: Disabled
[2024-07-05T10:27:56.670-0700][info][gc,metaspace] CDS archive(s) mapped at: [0x00007f88c3000000-0x00007f88c3bbb000-0x00007f88c3bbb000), size 12300288, SharedBaseAddress: 0x00007f88c3000000, ArchiveRelocationMode: 1.
[2024-07-05T10:27:56.670-0700][info][gc,metaspace] Compressed class space mapped at: 0x00007f88c4000000-0x00007f8904000000, reserved size: 1073741824
[2024-07-05T10:27:56.670-0700][info][gc,metaspace] Narrow klass base: 0x00007f88c3000000, Narrow klass shift: 0, Narrow klass range: 0x100000000
[2024-07-05T10:27:57.079-0700][info][gc,start    ] GC(0) Pause Young (Normal) (G1 Evacuation Pause)
[2024-07-05T10:27:57.080-0700][info][gc,task     ] GC(0) Using 4 workers of 4 for evacuation
[2024-07-05T10:27:57.126-0700][info][gc,phases   ] GC(0)   Pre Evacuate Collection Set: 0.2ms
[2024-07-05T10:27:57.126-0700][info][gc,phases   ] GC(0)   Merge Heap Roots: 0.1ms
[2024-07-05T10:27:57.126-0700][info][gc,phases   ] GC(0)   Evacuate Collection Set: 45.1ms
[2024-07-05T10:27:57.126-0700][info][gc,phases   ] GC(0)   Post Evacuate Collection Set: 0.5ms
[2024-07-05T10:27:57.126-0700][info][gc,phases   ] GC(0)   Other: 0.7ms
[2024-07-05T10:27:57.126-0700][info][gc,heap     ] GC(0) Eden regions: 51->0(44)
[2024-07-05T10:27:57.126-0700][info][gc,heap     ] GC(0) Survivor regions: 0->7(7)
[2024-07-05T10:27:57.126-0700][info][gc,heap     ] GC(0) Old regions: 0->19
[2024-07-05T10:27:57.126-0700][info][gc,heap     ] GC(0) Archive regions: 2->2
[2024-07-05T10:27:57.126-0700][info][gc,heap     ] GC(0) Humongous regions: 0->0
[2024-07-05T10:27:57.126-0700][info][gc,metaspace] GC(0) Metaspace: 179K(384K)->179K(384K) NonClass: 172K(256K)->172K(256K) Class: 6K(128K)->6K(128K)
[2024-07-05T10:27:57.126-0700][info][gc          ] GC(0) Pause Young (Normal) (G1 Evacuation Pause) 207M->106M(4096M) 46.662ms
[2024-07-05T10:27:57.126-0700][info][gc,cpu      ] GC(0) User=0.08s Sys=0.09s Real=0.05s
[2024-07-05T10:27:57.729-0700][info][gc,start    ] GC(1) Pause Young (Normal) (G1 Evacuation Pause)
[2024-07-05T10:27:57.729-0700][info][gc,task     ] GC(1) Using 4 workers of 4 for evacuation
[2024-07-05T10:27:57.812-0700][info][gc,phases   ] GC(1)   Pre Evacuate Collection Set: 0.2ms
[2024-07-05T10:27:57.812-0700][info][gc,phases   ] GC(1)   Merge Heap Roots: 0.1ms
[2024-07-05T10:27:57.812-0700][info][gc,phases   ] GC(1)   Evacuate Collection Set: 81.9ms
[2024-07-05T10:27:57.812-0700][info][gc,phases   ] GC(1)   Post Evacuate Collection Set: 0.4ms
[2024-07-05T10:27:57.812-0700][info][gc,phases   ] GC(1)   Other: 0.1ms
[2024-07-05T10:27:57.812-0700][info][gc,heap     ] GC(1) Eden regions: 44->0(44)
[2024-07-05T10:27:57.812-0700][info][gc,heap     ] GC(1) Survivor regions: 7->7(7)
[2024-07-05T10:27:57.812-0700][info][gc,heap     ] GC(1) Old regions: 19->50
[2024-07-05T10:27:57.812-0700][info][gc,heap     ] GC(1) Archive regions: 2->2
[2024-07-05T10:27:57.812-0700][info][gc,heap     ] GC(1) Humongous regions: 0->0
[2024-07-05T10:27:57.812-0700][info][gc,metaspace] GC(1) Metaspace: 189K(384K)->189K(384K) NonClass: 182K(256K)->182K(256K) Class: 6K(128K)->6K(128K)
[2024-07-05T10:27:57.812-0700][info][gc          ] GC(1) Pause Young (Normal) (G1 Evacuation Pause) 282M->229M(4096M) 82.712ms
[2024-07-05T10:27:57.812-0700][info][gc,cpu      ] GC(1) User=0.11s Sys=0.21s Real=0.08s
[2024-07-05T10:27:58.893-0700][info][gc,start    ] GC(2) Pause Young (Normal) (G1 Evacuation Pause)
[2024-07-05T10:27:58.893-0700][info][gc,task     ] GC(2) Using 4 workers of 4 for evacuation
[2024-07-05T10:27:58.992-0700][info][gc,phases   ] GC(2)   Pre Evacuate Collection Set: 0.3ms
[2024-07-05T10:27:58.992-0700][info][gc,phases   ] GC(2)   Merge Heap Roots: 0.3ms
[2024-07-05T10:27:58.992-0700][info][gc,phases   ] GC(2)   Evacuate Collection Set: 97.4ms
[2024-07-05T10:27:58.992-0700][info][gc,phases   ] GC(2)   Post Evacuate Collection Set: 0.4ms
[2024-07-05T10:27:58.992-0700][info][gc,phases   ] GC(2)   Other: 0.1ms
[2024-07-05T10:27:58.992-0700][info][gc,heap     ] GC(2) Eden regions: 44->0(44)
[2024-07-05T10:27:58.992-0700][info][gc,heap     ] GC(2) Survivor regions: 7->7(7)
[2024-07-05T10:27:58.992-0700][info][gc,heap     ] GC(2) Old regions: 50->84
[2024-07-05T10:27:58.992-0700][info][gc,heap     ] GC(2) Archive regions: 2->2
[2024-07-05T10:27:58.992-0700][info][gc,heap     ] GC(2) Humongous regions: 0->0
[2024-07-05T10:27:58.992-0700][info][gc,metaspace] GC(2) Metaspace: 196K(384K)->196K(384K) NonClass: 189K(256K)->189K(256K) Class: 6K(128K)->6K(128K)
[2024-07-05T10:27:58.992-0700][info][gc          ] GC(2) Pause Young (Normal) (G1 Evacuation Pause) 405M->367M(4096M) 98.690ms
[2024-07-05T10:27:58.992-0700][info][gc,cpu      ] GC(2) User=0.12s Sys=0.25s Real=0.10s
[2024-07-05T10:28:00.515-0700][info][gc,start    ] GC(3) Pause Young (Normal) (G1 Evacuation Pause)
[2024-07-05T10:28:00.515-0700][info][gc,task     ] GC(3) Using 4 workers of 4 for evacuation
[2024-07-05T10:28:00.596-0700][info][gc,phases   ] GC(3)   Pre Evacuate Collection Set: 0.2ms
[2024-07-05T10:28:00.596-0700][info][gc,phases   ] GC(3)   Merge Heap Roots: 0.1ms
[2024-07-05T10:28:00.596-0700][info][gc,phases   ] GC(3)   Evacuate Collection Set: 80.1ms
[2024-07-05T10:28:00.596-0700][info][gc,phases   ] GC(3)   Post Evacuate Collection Set: 0.4ms
[2024-07-05T10:28:00.596-0700][info][gc,phases   ] GC(3)   Other: 0.1ms
[2024-07-05T10:28:00.596-0700][info][gc,heap     ] GC(3) Eden regions: 44->0(44)
[2024-07-05T10:28:00.596-0700][info][gc,heap     ] GC(3) Survivor regions: 7->7(7)
[2024-07-05T10:28:00.596-0700][info][gc,heap     ] GC(3) Old regions: 84->121
[2024-07-05T10:28:00.596-0700][info][gc,heap     ] GC(3) Archive regions: 2->2
[2024-07-05T10:28:00.596-0700][info][gc,heap     ] GC(3) Humongous regions: 1->1
[2024-07-05T10:28:00.596-0700][info][gc,metaspace] GC(3) Metaspace: 226K(448K)->226K(448K) NonClass: 219K(320K)->219K(320K) Class: 6K(128K)->6K(128K)
[2024-07-05T10:28:00.596-0700][info][gc          ] GC(3) Pause Young (Normal) (G1 Evacuation Pause) 547M->517M(4096M) 80.967ms
[2024-07-05T10:28:00.596-0700][info][gc,cpu      ] GC(3) User=0.11s Sys=0.19s Real=0.08s
[2024-07-05T10:28:02.505-0700][info][gc,start    ] GC(4) Pause Young (Normal) (G1 Evacuation Pause)
[2024-07-05T10:28:02.505-0700][info][gc,task     ] GC(4) Using 4 workers of 4 for evacuation
[2024-07-05T10:28:02.594-0700][info][gc,phases   ] GC(4)   Pre Evacuate Collection Set: 0.3ms
[2024-07-05T10:28:02.594-0700][info][gc,phases   ] GC(4)   Merge Heap Roots: 0.1ms
[2024-07-05T10:28:02.594-0700][info][gc,phases   ] GC(4)   Evacuate Collection Set: 87.8ms
[2024-07-05T10:28:02.594-0700][info][gc,phases   ] GC(4)   Post Evacuate Collection Set: 0.4ms
[2024-07-05T10:28:02.594-0700][info][gc,phases   ] GC(4)   Other: 0.1ms
[2024-07-05T10:28:02.594-0700][info][gc,heap     ] GC(4) Eden regions: 44->0(44)
[2024-07-05T10:28:02.594-0700][info][gc,heap     ] GC(4) Survivor regions: 7->7(7)
[2024-07-05T10:28:02.594-0700][info][gc,heap     ] GC(4) Old regions: 121->159
[2024-07-05T10:28:02.594-0700][info][gc,heap     ] GC(4) Archive regions: 2->2
[2024-07-05T10:28:02.594-0700][info][gc,heap     ] GC(4) Humongous regions: 1->1
[2024-07-05T10:28:02.594-0700][info][gc,metaspace] GC(4) Metaspace: 227K(448K)->227K(448K) NonClass: 220K(320K)->220K(320K) Class: 6K(128K)->6K(128K)
[2024-07-05T10:28:02.594-0700][info][gc          ] GC(4) Pause Young (Normal) (G1 Evacuation Pause) 693M->671M(4096M) 88.878ms
[2024-07-05T10:28:02.594-0700][info][gc,cpu      ] GC(4) User=0.15s Sys=0.19s Real=0.08s
[2024-07-05T10:28:05.203-0700][info][gc,start    ] GC(5) Pause Young (Normal) (G1 Evacuation Pause)
[2024-07-05T10:28:05.203-0700][info][gc,task     ] GC(5) Using 4 workers of 4 for evacuation
[2024-07-05T10:28:05.299-0700][info][gc,phases   ] GC(5)   Pre Evacuate Collection Set: 0.3ms
[2024-07-05T10:28:05.299-0700][info][gc,phases   ] GC(5)   Merge Heap Roots: 0.1ms
[2024-07-05T10:28:05.299-0700][info][gc,phases   ] GC(5)   Evacuate Collection Set: 95.9ms
[2024-07-05T10:28:05.299-0700][info][gc,phases   ] GC(5)   Post Evacuate Collection Set: 0.3ms
[2024-07-05T10:28:05.299-0700][info][gc,phases   ] GC(5)   Other: 0.1ms
[2024-07-05T10:28:05.299-0700][info][gc,heap     ] GC(5) Eden regions: 44->0(44)
[2024-07-05T10:28:05.299-0700][info][gc,heap     ] GC(5) Survivor regions: 7->7(7)
[2024-07-05T10:28:05.299-0700][info][gc,heap     ] GC(5) Old regions: 159->200
[2024-07-05T10:28:05.299-0700][info][gc,heap     ] GC(5) Archive regions: 2->2
[2024-07-05T10:28:05.299-0700][info][gc,heap     ] GC(5) Humongous regions: 2->2
[2024-07-05T10:28:05.299-0700][info][gc,metaspace] GC(5) Metaspace: 257K(448K)->257K(448K) NonClass: 250K(320K)->250K(320K) Class: 6K(128K)->6K(128K)
[2024-07-05T10:28:05.299-0700][info][gc          ] GC(5) Pause Young (Normal) (G1 Evacuation Pause) 851M->837M(4096M) 96.821ms
[2024-07-05T10:28:05.299-0700][info][gc,cpu      ] GC(5) User=0.15s Sys=0.22s Real=0.10s
[2024-07-05T10:28:08.663-0700][info][gc,start    ] GC(6) Pause Young (Normal) (G1 Evacuation Pause)
[2024-07-05T10:28:08.663-0700][info][gc,task     ] GC(6) Using 4 workers of 4 for evacuation
[2024-07-05T10:28:08.753-0700][info][gc,phases   ] GC(6)   Pre Evacuate Collection Set: 0.2ms
[2024-07-05T10:28:08.753-0700][info][gc,phases   ] GC(6)   Merge Heap Roots: 0.1ms
[2024-07-05T10:28:08.753-0700][info][gc,phases   ] GC(6)   Evacuate Collection Set: 89.7ms
[2024-07-05T10:28:08.753-0700][info][gc,phases   ] GC(6)   Post Evacuate Collection Set: 0.3ms
[2024-07-05T10:28:08.753-0700][info][gc,phases   ] GC(6)   Other: 0.1ms
[2024-07-05T10:28:08.753-0700][info][gc,heap     ] GC(6) Eden regions: 44->0(44)
[2024-07-05T10:28:08.753-0700][info][gc,heap     ] GC(6) Survivor regions: 7->7(7)
[2024-07-05T10:28:08.753-0700][info][gc,heap     ] GC(6) Old regions: 200->241
[2024-07-05T10:28:08.753-0700][info][gc,heap     ] GC(6) Archive regions: 2->2
[2024-07-05T10:28:08.753-0700][info][gc,heap     ] GC(6) Humongous regions: 2->2
[2024-07-05T10:28:08.753-0700][info][gc,metaspace] GC(6) Metaspace: 258K(448K)->258K(448K) NonClass: 251K(320K)->251K(320K) Class: 6K(128K)->6K(128K)
[2024-07-05T10:28:08.753-0700][info][gc          ] GC(6) Pause Young (Normal) (G1 Evacuation Pause) 1013M->1002M(4096M) 90.457ms
[2024-07-05T10:28:08.753-0700][info][gc,cpu      ] GC(6) User=0.16s Sys=0.19s Real=0.09s
[2024-07-05T10:28:12.808-0700][info][gc,start    ] GC(7) Pause Young (Normal) (G1 Evacuation Pause)
[2024-07-05T10:28:12.808-0700][info][gc,task     ] GC(7) Using 4 workers of 4 for evacuation
[2024-07-05T10:28:12.916-0700][info][gc,mmu      ] GC(7) MMU target violated: 101.0ms (100.0ms/101.0ms)
[2024-07-05T10:28:12.916-0700][info][gc,phases   ] GC(7)   Pre Evacuate Collection Set: 0.2ms
[2024-07-05T10:28:12.916-0700][info][gc,phases   ] GC(7)   Merge Heap Roots: 0.1ms
[2024-07-05T10:28:12.916-0700][info][gc,phases   ] GC(7)   Evacuate Collection Set: 107.9ms
[2024-07-05T10:28:12.916-0700][info][gc,phases   ] GC(7)   Post Evacuate Collection Set: 0.3ms
[2024-07-05T10:28:12.916-0700][info][gc,phases   ] GC(7)   Other: 0.1ms
[2024-07-05T10:28:12.916-0700][info][gc,heap     ] GC(7) Eden regions: 44->0(44)
[2024-07-05T10:28:12.916-0700][info][gc,heap     ] GC(7) Survivor regions: 7->7(7)
[2024-07-05T10:28:12.916-0700][info][gc,heap     ] GC(7) Old regions: 241->282
[2024-07-05T10:28:12.916-0700][info][gc,heap     ] GC(7) Archive regions: 2->2
[2024-07-05T10:28:12.916-0700][info][gc,heap     ] GC(7) Humongous regions: 2->2
[2024-07-05T10:28:12.916-0700][info][gc,metaspace] GC(7) Metaspace: 266K(448K)->266K(448K) NonClass: 259K(320K)->259K(320K) Class: 6K(128K)->6K(128K)
[2024-07-05T10:28:12.916-0700][info][gc          ] GC(7) Pause Young (Normal) (G1 Evacuation Pause) 1178M->1164M(4096M) 108.673ms
[2024-07-05T10:28:12.916-0700][info][gc,cpu      ] GC(7) User=0.17s Sys=0.23s Real=0.11s
[2024-07-05T10:28:18.149-0700][info][gc,start    ] GC(8) Pause Young (Normal) (G1 Evacuation Pause)
[2024-07-05T10:28:18.149-0700][info][gc,task     ] GC(8) Using 4 workers of 4 for evacuation
[2024-07-05T10:28:18.268-0700][info][gc,mmu      ] GC(8) MMU target violated: 101.0ms (100.0ms/101.0ms)
[2024-07-05T10:28:18.268-0700][info][gc,phases   ] GC(8)   Pre Evacuate Collection Set: 0.2ms
[2024-07-05T10:28:18.268-0700][info][gc,phases   ] GC(8)   Merge Heap Roots: 0.1ms
[2024-07-05T10:28:18.268-0700][info][gc,phases   ] GC(8)   Evacuate Collection Set: 117.9ms
[2024-07-05T10:28:18.268-0700][info][gc,phases   ] GC(8)   Post Evacuate Collection Set: 0.4ms
[2024-07-05T10:28:18.268-0700][info][gc,phases   ] GC(8)   Other: 0.1ms
[2024-07-05T10:28:18.268-0700][info][gc,heap     ] GC(8) Eden regions: 44->0(44)
[2024-07-05T10:28:18.268-0700][info][gc,heap     ] GC(8) Survivor regions: 7->7(7)
[2024-07-05T10:28:18.268-0700][info][gc,heap     ] GC(8) Old regions: 282->325
[2024-07-05T10:28:18.268-0700][info][gc,heap     ] GC(8) Archive regions: 2->2
[2024-07-05T10:28:18.268-0700][info][gc,heap     ] GC(8) Humongous regions: 4->4
[2024-07-05T10:28:18.268-0700][info][gc,metaspace] GC(8) Metaspace: 269K(512K)->269K(512K) NonClass: 262K(384K)->262K(384K) Class: 6K(128K)->6K(128K)
[2024-07-05T10:28:18.268-0700][info][gc          ] GC(8) Pause Young (Normal) (G1 Evacuation Pause) 1348M->1346M(4096M) 118.770ms
[2024-07-05T10:28:18.268-0700][info][gc,cpu      ] GC(8) User=0.17s Sys=0.27s Real=0.12s
[2024-07-05T10:28:24.984-0700][info][gc,start    ] GC(9) Pause Young (Normal) (G1 Evacuation Pause)
[2024-07-05T10:28:24.984-0700][info][gc,task     ] GC(9) Using 4 workers of 4 for evacuation
[2024-07-05T10:28:25.082-0700][info][gc,phases   ] GC(9)   Pre Evacuate Collection Set: 0.2ms
[2024-07-05T10:28:25.082-0700][info][gc,phases   ] GC(9)   Merge Heap Roots: 0.1ms
[2024-07-05T10:28:25.082-0700][info][gc,phases   ] GC(9)   Evacuate Collection Set: 97.4ms
[2024-07-05T10:28:25.082-0700][info][gc,phases   ] GC(9)   Post Evacuate Collection Set: 0.2ms
[2024-07-05T10:28:25.082-0700][info][gc,phases   ] GC(9)   Other: 0.1ms
[2024-07-05T10:28:25.082-0700][info][gc,heap     ] GC(9) Eden regions: 44->0(44)
[2024-07-05T10:28:25.082-0700][info][gc,heap     ] GC(9) Survivor regions: 7->7(7)
[2024-07-05T10:28:25.082-0700][info][gc,heap     ] GC(9) Old regions: 325->368
[2024-07-05T10:28:25.082-0700][info][gc,heap     ] GC(9) Archive regions: 2->2
[2024-07-05T10:28:25.082-0700][info][gc,heap     ] GC(9) Humongous regions: 4->4
[2024-07-05T10:28:25.082-0700][info][gc,metaspace] GC(9) Metaspace: 269K(512K)->269K(512K) NonClass: 262K(384K)->262K(384K) Class: 6K(128K)->6K(128K)
[2024-07-05T10:28:25.082-0700][info][gc          ] GC(9) Pause Young (Normal) (G1 Evacuation Pause) 1522M->1516M(4096M) 98.061ms
[2024-07-05T10:28:25.082-0700][info][gc,cpu      ] GC(9) User=0.14s Sys=0.24s Real=0.09s
[2024-07-05T10:28:33.582-0700][info][gc,start    ] GC(10) Pause Young (Normal) (G1 Evacuation Pause)
[2024-07-05T10:28:33.582-0700][info][gc,task     ] GC(10) Using 4 workers of 4 for evacuation
[2024-07-05T10:28:33.671-0700][info][gc,phases   ] GC(10)   Pre Evacuate Collection Set: 0.2ms
[2024-07-05T10:28:33.671-0700][info][gc,phases   ] GC(10)   Merge Heap Roots: 0.2ms
[2024-07-05T10:28:33.671-0700][info][gc,phases   ] GC(10)   Evacuate Collection Set: 88.0ms
[2024-07-05T10:28:33.671-0700][info][gc,phases   ] GC(10)   Post Evacuate Collection Set: 0.4ms
[2024-07-05T10:28:33.671-0700][info][gc,phases   ] GC(10)   Other: 0.1ms
[2024-07-05T10:28:33.671-0700][info][gc,heap     ] GC(10) Eden regions: 44->0(44)
[2024-07-05T10:28:33.671-0700][info][gc,heap     ] GC(10) Survivor regions: 7->7(7)
[2024-07-05T10:28:33.671-0700][info][gc,heap     ] GC(10) Old regions: 368->409
[2024-07-05T10:28:33.671-0700][info][gc,heap     ] GC(10) Archive regions: 2->2
[2024-07-05T10:28:33.671-0700][info][gc,heap     ] GC(10) Humongous regions: 4->4
[2024-07-05T10:28:33.671-0700][info][gc,metaspace] GC(10) Metaspace: 269K(512K)->269K(512K) NonClass: 262K(384K)->262K(384K) Class: 6K(128K)->6K(128K)
[2024-07-05T10:28:33.671-0700][info][gc          ] GC(10) Pause Young (Normal) (G1 Evacuation Pause) 1692M->1681M(4096M) 88.939ms
[2024-07-05T10:28:33.671-0700][info][gc,cpu      ] GC(10) User=0.14s Sys=0.20s Real=0.09s
[2024-07-05T10:28:43.473-0700][info][gc,start    ] GC(11) Pause Young (Normal) (G1 Evacuation Pause)
[2024-07-05T10:28:43.473-0700][info][gc,task     ] GC(11) Using 4 workers of 4 for evacuation
[2024-07-05T10:28:43.563-0700][info][gc,phases   ] GC(11)   Pre Evacuate Collection Set: 0.2ms
[2024-07-05T10:28:43.563-0700][info][gc,phases   ] GC(11)   Merge Heap Roots: 0.1ms
[2024-07-05T10:28:43.563-0700][info][gc,phases   ] GC(11)   Evacuate Collection Set: 89.1ms
[2024-07-05T10:28:43.563-0700][info][gc,phases   ] GC(11)   Post Evacuate Collection Set: 0.3ms
[2024-07-05T10:28:43.563-0700][info][gc,phases   ] GC(11)   Other: 0.1ms
[2024-07-05T10:28:43.563-0700][info][gc,heap     ] GC(11) Eden regions: 44->0(44)
[2024-07-05T10:28:43.563-0700][info][gc,heap     ] GC(11) Survivor regions: 7->7(7)
[2024-07-05T10:28:43.563-0700][info][gc,heap     ] GC(11) Old regions: 409->451
[2024-07-05T10:28:43.563-0700][info][gc,heap     ] GC(11) Archive regions: 2->2
[2024-07-05T10:28:43.563-0700][info][gc,heap     ] GC(11) Humongous regions: 4->4
[2024-07-05T10:28:43.563-0700][info][gc,metaspace] GC(11) Metaspace: 269K(512K)->269K(512K) NonClass: 262K(384K)->262K(384K) Class: 6K(128K)->6K(128K)
[2024-07-05T10:28:43.563-0700][info][gc          ] GC(11) Pause Young (Normal) (G1 Evacuation Pause) 1857M->1848M(4096M) 89.865ms
[2024-07-05T10:28:43.563-0700][info][gc,cpu      ] GC(11) User=0.16s Sys=0.19s Real=0.10s
[2024-07-05T10:28:55.255-0700][info][gc,start    ] GC(12) Pause Young (Normal) (G1 Evacuation Pause)
[2024-07-05T10:28:55.255-0700][info][gc,task     ] GC(12) Using 4 workers of 4 for evacuation
[2024-07-05T10:28:55.362-0700][info][gc,mmu      ] GC(12) MMU target violated: 101.0ms (100.0ms/101.0ms)
[2024-07-05T10:28:55.362-0700][info][gc,phases   ] GC(12)   Pre Evacuate Collection Set: 0.2ms
[2024-07-05T10:28:55.362-0700][info][gc,phases   ] GC(12)   Merge Heap Roots: 0.1ms
[2024-07-05T10:28:55.362-0700][info][gc,phases   ] GC(12)   Evacuate Collection Set: 107.1ms
[2024-07-05T10:28:55.362-0700][info][gc,phases   ] GC(12)   Post Evacuate Collection Set: 0.3ms
[2024-07-05T10:28:55.362-0700][info][gc,phases   ] GC(12)   Other: 0.2ms
[2024-07-05T10:28:55.362-0700][info][gc,heap     ] GC(12) Eden regions: 44->0(44)
[2024-07-05T10:28:55.362-0700][info][gc,heap     ] GC(12) Survivor regions: 7->7(7)
[2024-07-05T10:28:55.362-0700][info][gc,heap     ] GC(12) Old regions: 451->492
[2024-07-05T10:28:55.362-0700][info][gc,heap     ] GC(12) Archive regions: 2->2
[2024-07-05T10:28:55.362-0700][info][gc,heap     ] GC(12) Humongous regions: 4->4
[2024-07-05T10:28:55.362-0700][info][gc,metaspace] GC(12) Metaspace: 277K(512K)->277K(512K) NonClass: 270K(384K)->270K(384K) Class: 6K(128K)->6K(128K)
[2024-07-05T10:28:55.362-0700][info][gc          ] GC(12) Pause Young (Normal) (G1 Evacuation Pause) 2024M->2015M(4096M) 107.915ms
[2024-07-05T10:28:55.362-0700][info][gc,cpu      ] GC(12) User=0.16s Sys=0.24s Real=0.11s
[2024-07-05T10:29:02.839-0700][info][gc,start    ] GC(13) Pause Young (Concurrent Start) (G1 Humongous Allocation)
[2024-07-05T10:29:02.839-0700][info][gc,task     ] GC(13) Using 4 workers of 4 for evacuation
[2024-07-05T10:29:02.891-0700][info][gc,phases   ] GC(13)   Pre Evacuate Collection Set: 0.2ms
[2024-07-05T10:29:02.891-0700][info][gc,phases   ] GC(13)   Merge Heap Roots: 0.1ms
[2024-07-05T10:29:02.891-0700][info][gc,phases   ] GC(13)   Evacuate Collection Set: 51.2ms
[2024-07-05T10:29:02.891-0700][info][gc,phases   ] GC(13)   Post Evacuate Collection Set: 0.3ms
[2024-07-05T10:29:02.891-0700][info][gc,phases   ] GC(13)   Other: 0.2ms
[2024-07-05T10:29:02.891-0700][info][gc,heap     ] GC(13) Eden regions: 25->0(44)
[2024-07-05T10:29:02.891-0700][info][gc,heap     ] GC(13) Survivor regions: 7->7(7)
[2024-07-05T10:29:02.891-0700][info][gc,heap     ] GC(13) Old regions: 492->516
[2024-07-05T10:29:02.891-0700][info][gc,heap     ] GC(13) Archive regions: 2->2
[2024-07-05T10:29:02.891-0700][info][gc,heap     ] GC(13) Humongous regions: 4->4
[2024-07-05T10:29:02.891-0700][info][gc,metaspace] GC(13) Metaspace: 278K(512K)->278K(512K) NonClass: 272K(384K)->272K(384K) Class: 6K(128K)->6K(128K)
[2024-07-05T10:29:02.891-0700][info][gc          ] GC(13) Pause Young (Concurrent Start) (G1 Humongous Allocation) 2115M->2110M(4096M) 51.992ms
[2024-07-05T10:29:02.891-0700][info][gc,cpu      ] GC(13) User=0.10s Sys=0.10s Real=0.05s
[2024-07-05T10:29:02.891-0700][info][gc          ] GC(14) Concurrent Mark Cycle
[2024-07-05T10:29:02.891-0700][info][gc,marking  ] GC(14) Concurrent Clear Claimed Marks
[2024-07-05T10:29:02.891-0700][info][gc,marking  ] GC(14) Concurrent Clear Claimed Marks 0.005ms
[2024-07-05T10:29:02.891-0700][info][gc,marking  ] GC(14) Concurrent Scan Root Regions
[2024-07-05T10:29:02.899-0700][info][gc,marking  ] GC(14) Concurrent Scan Root Regions 7.220ms
[2024-07-05T10:29:02.899-0700][info][gc,marking  ] GC(14) Concurrent Mark
[2024-07-05T10:29:02.899-0700][info][gc,marking  ] GC(14) Concurrent Mark From Roots
[2024-07-05T10:29:02.899-0700][info][gc,task     ] GC(14) Using 1 workers of 1 for marking
[2024-07-05T10:29:03.130-0700][info][gc,marking  ] GC(14) Concurrent Mark From Roots 231.757ms
[2024-07-05T10:29:03.130-0700][info][gc,marking  ] GC(14) Concurrent Preclean
[2024-07-05T10:29:03.130-0700][info][gc,marking  ] GC(14) Concurrent Preclean 0.061ms
[2024-07-05T10:29:10.910-0700][info][gc,start    ] GC(14) Pause Remark
[2024-07-05T10:29:10.912-0700][info][gc          ] GC(14) Pause Remark 2124M->2116M(4096M) 2.167ms
[2024-07-05T10:29:10.913-0700][info][gc,cpu      ] GC(14) User=0.00s Sys=0.00s Real=0.00s
[2024-07-05T10:29:10.913-0700][info][gc,marking  ] GC(14) Concurrent Mark 8014.086ms
[2024-07-05T10:29:10.913-0700][info][gc,marking  ] GC(14) Concurrent Rebuild Remembered Sets
[2024-07-05T10:29:11.034-0700][info][gc,marking  ] GC(14) Concurrent Rebuild Remembered Sets 121.306ms
[2024-07-05T10:29:11.192-0700][info][gc,start    ] GC(14) Pause Cleanup
[2024-07-05T10:29:11.192-0700][info][gc          ] GC(14) Pause Cleanup 2116M->2116M(4096M) 0.449ms
[2024-07-05T10:29:11.192-0700][info][gc,cpu      ] GC(14) User=0.00s Sys=0.00s Real=0.00s
[2024-07-05T10:29:11.193-0700][info][gc,marking  ] GC(14) Concurrent Cleanup for Next Mark
[2024-07-05T10:29:11.230-0700][info][gc,marking  ] GC(14) Concurrent Cleanup for Next Mark 37.295ms
[2024-07-05T10:29:11.230-0700][info][gc          ] GC(14) Concurrent Mark Cycle 8338.559ms
[2024-07-05T10:29:22.303-0700][info][gc,start    ] GC(15) Pause Young (Prepare Mixed) (G1 Evacuation Pause)
[2024-07-05T10:29:22.304-0700][info][gc,task     ] GC(15) Using 4 workers of 4 for evacuation
[2024-07-05T10:29:22.405-0700][info][gc,mmu      ] GC(15) MMU target violated: 101.0ms (100.0ms/101.0ms)
[2024-07-05T10:29:22.405-0700][info][gc,phases   ] GC(15)   Pre Evacuate Collection Set: 0.3ms
[2024-07-05T10:29:22.405-0700][info][gc,phases   ] GC(15)   Merge Heap Roots: 0.9ms
[2024-07-05T10:29:22.405-0700][info][gc,phases   ] GC(15)   Evacuate Collection Set: 99.2ms
[2024-07-05T10:29:22.405-0700][info][gc,phases   ] GC(15)   Post Evacuate Collection Set: 0.3ms
[2024-07-05T10:29:22.405-0700][info][gc,phases   ] GC(15)   Other: 0.5ms
[2024-07-05T10:29:22.405-0700][info][gc,heap     ] GC(15) Eden regions: 44->0(44)
[2024-07-05T10:29:22.405-0700][info][gc,heap     ] GC(15) Survivor regions: 7->7(7)
[2024-07-05T10:29:22.405-0700][info][gc,heap     ] GC(15) Old regions: 516->559
[2024-07-05T10:29:22.405-0700][info][gc,heap     ] GC(15) Archive regions: 2->2
[2024-07-05T10:29:22.405-0700][info][gc,heap     ] GC(15) Humongous regions: 4->4
[2024-07-05T10:29:22.405-0700][info][gc,metaspace] GC(15) Metaspace: 286K(512K)->286K(512K) NonClass: 279K(384K)->279K(384K) Class: 6K(128K)->6K(128K)
[2024-07-05T10:29:22.405-0700][info][gc          ] GC(15) Pause Young (Prepare Mixed) (G1 Evacuation Pause) 2286M->2281M(4096M) 101.199ms
[2024-07-05T10:29:22.405-0700][info][gc,cpu      ] GC(15) User=0.15s Sys=0.23s Real=0.10s
[2024-07-05T10:29:33.553-0700][info][gc,start    ] GC(16) Pause Young (Mixed) (G1 Evacuation Pause)
[2024-07-05T10:29:33.553-0700][info][gc,task     ] GC(16) Using 4 workers of 4 for evacuation
[2024-07-05T10:29:33.658-0700][info][gc,mmu      ] GC(16) MMU target violated: 101.0ms (100.0ms/101.0ms)
[2024-07-05T10:29:33.658-0700][info][gc,phases   ] GC(16)   Pre Evacuate Collection Set: 0.4ms
[2024-07-05T10:29:33.658-0700][info][gc,phases   ] GC(16)   Merge Heap Roots: 0.2ms
[2024-07-05T10:29:33.658-0700][info][gc,phases   ] GC(16)   Evacuate Collection Set: 103.4ms
[2024-07-05T10:29:33.658-0700][info][gc,phases   ] GC(16)   Post Evacuate Collection Set: 0.5ms
[2024-07-05T10:29:33.658-0700][info][gc,phases   ] GC(16)   Other: 0.1ms
[2024-07-05T10:29:33.658-0700][info][gc,heap     ] GC(16) Eden regions: 44->0(44)
[2024-07-05T10:29:33.658-0700][info][gc,heap     ] GC(16) Survivor regions: 7->7(7)
[2024-07-05T10:29:33.658-0700][info][gc,heap     ] GC(16) Old regions: 559->574
[2024-07-05T10:29:33.658-0700][info][gc,heap     ] GC(16) Archive regions: 2->2
[2024-07-05T10:29:33.658-0700][info][gc,heap     ] GC(16) Humongous regions: 4->4
[2024-07-05T10:29:33.658-0700][info][gc,metaspace] GC(16) Metaspace: 286K(512K)->286K(512K) NonClass: 279K(384K)->279K(384K) Class: 6K(128K)->6K(128K)
[2024-07-05T10:29:33.658-0700][info][gc          ] GC(16) Pause Young (Mixed) (G1 Evacuation Pause) 2457M->2341M(4096M) 104.610ms
[2024-07-05T10:29:33.658-0700][info][gc,cpu      ] GC(16) User=0.18s Sys=0.21s Real=0.11s
[2024-07-05T10:29:45.155-0700][info][gc,start    ] GC(17) Pause Young (Mixed) (G1 Evacuation Pause)
[2024-07-05T10:29:45.155-0700][info][gc,task     ] GC(17) Using 4 workers of 4 for evacuation
[2024-07-05T10:29:45.257-0700][info][gc,mmu      ] GC(17) MMU target violated: 101.0ms (100.0ms/101.0ms)
[2024-07-05T10:29:45.257-0700][info][gc,phases   ] GC(17)   Pre Evacuate Collection Set: 0.2ms
[2024-07-05T10:29:45.257-0700][info][gc,phases   ] GC(17)   Merge Heap Roots: 0.1ms
[2024-07-05T10:29:45.257-0700][info][gc,phases   ] GC(17)   Evacuate Collection Set: 100.5ms
[2024-07-05T10:29:45.257-0700][info][gc,phases   ] GC(17)   Post Evacuate Collection Set: 0.5ms
[2024-07-05T10:29:45.257-0700][info][gc,phases   ] GC(17)   Other: 0.2ms
[2024-07-05T10:29:45.257-0700][info][gc,heap     ] GC(17) Eden regions: 44->0(44)
[2024-07-05T10:29:45.257-0700][info][gc,heap     ] GC(17) Survivor regions: 7->7(7)
[2024-07-05T10:29:45.257-0700][info][gc,heap     ] GC(17) Old regions: 574->591
[2024-07-05T10:29:45.257-0700][info][gc,heap     ] GC(17) Archive regions: 2->2
[2024-07-05T10:29:45.257-0700][info][gc,heap     ] GC(17) Humongous regions: 4->4
[2024-07-05T10:29:45.257-0700][info][gc,metaspace] GC(17) Metaspace: 286K(512K)->286K(512K) NonClass: 279K(384K)->279K(384K) Class: 6K(128K)->6K(128K)
[2024-07-05T10:29:45.257-0700][info][gc          ] GC(17) Pause Young (Mixed) (G1 Evacuation Pause) 2517M->2410M(4096M) 101.463ms
[2024-07-05T10:29:45.257-0700][info][gc,cpu      ] GC(17) User=0.21s Sys=0.12s Real=0.10s
[2024-07-05T10:29:57.697-0700][info][gc,start    ] GC(18) Pause Young (Mixed) (G1 Evacuation Pause)
[2024-07-05T10:29:57.697-0700][info][gc,task     ] GC(18) Using 4 workers of 4 for evacuation
[2024-07-05T10:29:57.773-0700][info][gc,phases   ] GC(18)   Pre Evacuate Collection Set: 0.3ms
[2024-07-05T10:29:57.773-0700][info][gc,phases   ] GC(18)   Merge Heap Roots: 0.2ms
[2024-07-05T10:29:57.773-0700][info][gc,phases   ] GC(18)   Evacuate Collection Set: 74.5ms
[2024-07-05T10:29:57.773-0700][info][gc,phases   ] GC(18)   Post Evacuate Collection Set: 0.5ms
[2024-07-05T10:29:57.773-0700][info][gc,phases   ] GC(18)   Other: 0.1ms
[2024-07-05T10:29:57.773-0700][info][gc,heap     ] GC(18) Eden regions: 44->0(44)
[2024-07-05T10:29:57.773-0700][info][gc,heap     ] GC(18) Survivor regions: 7->7(7)
[2024-07-05T10:29:57.773-0700][info][gc,heap     ] GC(18) Old regions: 591->610
[2024-07-05T10:29:57.773-0700][info][gc,heap     ] GC(18) Archive regions: 2->2
[2024-07-05T10:29:57.773-0700][info][gc,heap     ] GC(18) Humongous regions: 4->4
[2024-07-05T10:29:57.773-0700][info][gc,metaspace] GC(18) Metaspace: 291K(512K)->291K(512K) NonClass: 285K(384K)->285K(384K) Class: 6K(128K)->6K(128K)
[2024-07-05T10:29:57.773-0700][info][gc          ] GC(18) Pause Young (Mixed) (G1 Evacuation Pause) 2586M->2487M(4096M) 75.610ms
[2024-07-05T10:29:57.773-0700][info][gc,cpu      ] GC(18) User=0.17s Sys=0.12s Real=0.07s
[2024-07-05T10:30:10.084-0700][info][gc,start    ] GC(19) Pause Young (Mixed) (G1 Evacuation Pause)
[2024-07-05T10:30:10.084-0700][info][gc,task     ] GC(19) Using 4 workers of 4 for evacuation
[2024-07-05T10:30:10.164-0700][info][gc,phases   ] GC(19)   Pre Evacuate Collection Set: 0.2ms
[2024-07-05T10:30:10.164-0700][info][gc,phases   ] GC(19)   Merge Heap Roots: 0.1ms
[2024-07-05T10:30:10.164-0700][info][gc,phases   ] GC(19)   Evacuate Collection Set: 78.9ms
[2024-07-05T10:30:10.164-0700][info][gc,phases   ] GC(19)   Post Evacuate Collection Set: 0.4ms
[2024-07-05T10:30:10.164-0700][info][gc,phases   ] GC(19)   Other: 0.1ms
[2024-07-05T10:30:10.164-0700][info][gc,heap     ] GC(19) Eden regions: 44->0(44)
[2024-07-05T10:30:10.164-0700][info][gc,heap     ] GC(19) Survivor regions: 7->7(7)
[2024-07-05T10:30:10.164-0700][info][gc,heap     ] GC(19) Old regions: 610->632
[2024-07-05T10:30:10.164-0700][info][gc,heap     ] GC(19) Archive regions: 2->2
[2024-07-05T10:30:10.164-0700][info][gc,heap     ] GC(19) Humongous regions: 4->4
[2024-07-05T10:30:10.164-0700][info][gc,metaspace] GC(19) Metaspace: 291K(512K)->291K(512K) NonClass: 285K(384K)->285K(384K) Class: 6K(128K)->6K(128K)
[2024-07-05T10:30:10.164-0700][info][gc          ] GC(19) Pause Young (Mixed) (G1 Evacuation Pause) 2663M->2573M(4096M) 79.776ms
[2024-07-05T10:30:10.164-0700][info][gc,cpu      ] GC(19) User=0.17s Sys=0.13s Real=0.08s
[2024-07-05T10:30:21.754-0700][info][gc,start    ] GC(20) Pause Young (Mixed) (G1 Evacuation Pause)
[2024-07-05T10:30:21.754-0700][info][gc,task     ] GC(20) Using 4 workers of 4 for evacuation
[2024-07-05T10:30:21.840-0700][info][gc,phases   ] GC(20)   Pre Evacuate Collection Set: 0.2ms
[2024-07-05T10:30:21.840-0700][info][gc,phases   ] GC(20)   Merge Heap Roots: 0.1ms
[2024-07-05T10:30:21.840-0700][info][gc,phases   ] GC(20)   Evacuate Collection Set: 85.4ms
[2024-07-05T10:30:21.840-0700][info][gc,phases   ] GC(20)   Post Evacuate Collection Set: 0.4ms
[2024-07-05T10:30:21.840-0700][info][gc,phases   ] GC(20)   Other: 0.1ms
[2024-07-05T10:30:21.840-0700][info][gc,heap     ] GC(20) Eden regions: 44->0(44)
[2024-07-05T10:30:21.840-0700][info][gc,heap     ] GC(20) Survivor regions: 7->7(7)
[2024-07-05T10:30:21.840-0700][info][gc,heap     ] GC(20) Old regions: 632->655
[2024-07-05T10:30:21.840-0700][info][gc,heap     ] GC(20) Archive regions: 2->2
[2024-07-05T10:30:21.840-0700][info][gc,heap     ] GC(20) Humongous regions: 4->4
[2024-07-05T10:30:21.840-0700][info][gc,metaspace] GC(20) Metaspace: 291K(512K)->291K(512K) NonClass: 285K(384K)->285K(384K) Class: 6K(128K)->6K(128K)
[2024-07-05T10:30:21.840-0700][info][gc          ] GC(20) Pause Young (Mixed) (G1 Evacuation Pause) 2749M->2665M(4096M) 86.258ms
[2024-07-05T10:30:21.840-0700][info][gc,cpu      ] GC(20) User=0.18s Sys=0.15s Real=0.09s
[2024-07-05T10:30:35.933-0700][info][gc,start    ] GC(21) Pause Young (Mixed) (G1 Evacuation Pause)
[2024-07-05T10:30:35.933-0700][info][gc,task     ] GC(21) Using 4 workers of 4 for evacuation
[2024-07-05T10:30:36.031-0700][info][gc,phases   ] GC(21)   Pre Evacuate Collection Set: 0.2ms
[2024-07-05T10:30:36.031-0700][info][gc,phases   ] GC(21)   Merge Heap Roots: 0.1ms
[2024-07-05T10:30:36.031-0700][info][gc,phases   ] GC(21)   Evacuate Collection Set: 97.1ms
[2024-07-05T10:30:36.031-0700][info][gc,phases   ] GC(21)   Post Evacuate Collection Set: 0.4ms
[2024-07-05T10:30:36.031-0700][info][gc,phases   ] GC(21)   Other: 0.1ms
[2024-07-05T10:30:36.031-0700][info][gc,heap     ] GC(21) Eden regions: 44->0(44)
[2024-07-05T10:30:36.031-0700][info][gc,heap     ] GC(21) Survivor regions: 7->7(7)
[2024-07-05T10:30:36.031-0700][info][gc,heap     ] GC(21) Old regions: 655->682
[2024-07-05T10:30:36.031-0700][info][gc,heap     ] GC(21) Archive regions: 2->2
[2024-07-05T10:30:36.031-0700][info][gc,heap     ] GC(21) Humongous regions: 7->7
[2024-07-05T10:30:36.031-0700][info][gc,metaspace] GC(21) Metaspace: 297K(512K)->297K(512K) NonClass: 289K(384K)->289K(384K) Class: 7K(128K)->7K(128K)
[2024-07-05T10:30:36.031-0700][info][gc          ] GC(21) Pause Young (Mixed) (G1 Evacuation Pause) 2853M->2784M(4096M) 98.078ms
[2024-07-05T10:30:36.031-0700][info][gc,cpu      ] GC(21) User=0.24s Sys=0.12s Real=0.10s
[2024-07-05T10:30:49.631-0700][info][gc,start    ] GC(22) Pause Young (Mixed) (G1 Evacuation Pause)
[2024-07-05T10:30:49.631-0700][info][gc,task     ] GC(22) Using 4 workers of 4 for evacuation
[2024-07-05T10:30:49.728-0700][info][gc,phases   ] GC(22)   Pre Evacuate Collection Set: 0.2ms
[2024-07-05T10:30:49.728-0700][info][gc,phases   ] GC(22)   Merge Heap Roots: 0.1ms
[2024-07-05T10:30:49.728-0700][info][gc,phases   ] GC(22)   Evacuate Collection Set: 96.0ms
[2024-07-05T10:30:49.728-0700][info][gc,phases   ] GC(22)   Post Evacuate Collection Set: 0.4ms
[2024-07-05T10:30:49.728-0700][info][gc,phases   ] GC(22)   Other: 0.1ms
[2024-07-05T10:30:49.728-0700][info][gc,heap     ] GC(22) Eden regions: 44->0(44)
[2024-07-05T10:30:49.728-0700][info][gc,heap     ] GC(22) Survivor regions: 7->7(7)
[2024-07-05T10:30:49.728-0700][info][gc,heap     ] GC(22) Old regions: 682->710
[2024-07-05T10:30:49.728-0700][info][gc,heap     ] GC(22) Archive regions: 2->2
[2024-07-05T10:30:49.728-0700][info][gc,heap     ] GC(22) Humongous regions: 7->7
[2024-07-05T10:30:49.728-0700][info][gc,metaspace] GC(22) Metaspace: 300K(512K)->300K(512K) NonClass: 293K(384K)->293K(384K) Class: 7K(128K)->7K(128K)
[2024-07-05T10:30:49.728-0700][info][gc          ] GC(22) Pause Young (Mixed) (G1 Evacuation Pause) 2960M->2898M(4096M) 96.798ms
[2024-07-05T10:30:49.728-0700][info][gc,cpu      ] GC(22) User=0.23s Sys=0.14s Real=0.10s
[2024-07-05T10:31:05.743-0700][info][gc,start    ] GC(23) Pause Young (Mixed) (G1 Evacuation Pause)
[2024-07-05T10:31:05.743-0700][info][gc,task     ] GC(23) Using 4 workers of 4 for evacuation
[2024-07-05T10:31:05.837-0700][info][gc,phases   ] GC(23)   Pre Evacuate Collection Set: 0.2ms
[2024-07-05T10:31:05.837-0700][info][gc,phases   ] GC(23)   Merge Heap Roots: 0.2ms
[2024-07-05T10:31:05.837-0700][info][gc,phases   ] GC(23)   Evacuate Collection Set: 93.4ms
[2024-07-05T10:31:05.837-0700][info][gc,phases   ] GC(23)   Post Evacuate Collection Set: 0.5ms
[2024-07-05T10:31:05.837-0700][info][gc,phases   ] GC(23)   Other: 0.1ms
[2024-07-05T10:31:05.837-0700][info][gc,heap     ] GC(23) Eden regions: 44->0(44)
[2024-07-05T10:31:05.837-0700][info][gc,heap     ] GC(23) Survivor regions: 7->7(7)
[2024-07-05T10:31:05.837-0700][info][gc,heap     ] GC(23) Old regions: 710->741
[2024-07-05T10:31:05.837-0700][info][gc,heap     ] GC(23) Archive regions: 2->2
[2024-07-05T10:31:05.837-0700][info][gc,heap     ] GC(23) Humongous regions: 7->7
[2024-07-05T10:31:05.837-0700][info][gc,metaspace] GC(23) Metaspace: 300K(512K)->300K(512K) NonClass: 293K(384K)->293K(384K) Class: 7K(128K)->7K(128K)
[2024-07-05T10:31:05.837-0700][info][gc          ] GC(23) Pause Young (Mixed) (G1 Evacuation Pause) 3074M->3022M(4096M) 94.500ms
[2024-07-05T10:31:05.837-0700][info][gc,cpu      ] GC(23) User=0.20s Sys=0.16s Real=0.10s
[2024-07-05T10:31:21.590-0700][info][gc,start    ] GC(24) Pause Young (Concurrent Start) (G1 Evacuation Pause)
[2024-07-05T10:31:21.590-0700][info][gc,task     ] GC(24) Using 4 workers of 4 for evacuation
[2024-07-05T10:31:21.655-0700][info][gc,phases   ] GC(24)   Pre Evacuate Collection Set: 0.2ms
[2024-07-05T10:31:21.655-0700][info][gc,phases   ] GC(24)   Merge Heap Roots: 0.1ms
[2024-07-05T10:31:21.655-0700][info][gc,phases   ] GC(24)   Evacuate Collection Set: 64.6ms
[2024-07-05T10:31:21.655-0700][info][gc,phases   ] GC(24)   Post Evacuate Collection Set: 0.3ms
[2024-07-05T10:31:21.655-0700][info][gc,phases   ] GC(24)   Other: 0.2ms
[2024-07-05T10:31:21.655-0700][info][gc,heap     ] GC(24) Eden regions: 44->0(44)
[2024-07-05T10:31:21.655-0700][info][gc,heap     ] GC(24) Survivor regions: 7->7(7)
[2024-07-05T10:31:21.655-0700][info][gc,heap     ] GC(24) Old regions: 741->784
[2024-07-05T10:31:21.655-0700][info][gc,heap     ] GC(24) Archive regions: 2->2
[2024-07-05T10:31:21.655-0700][info][gc,heap     ] GC(24) Humongous regions: 7->7
[2024-07-05T10:31:21.655-0700][info][gc,metaspace] GC(24) Metaspace: 300K(512K)->300K(512K) NonClass: 293K(384K)->293K(384K) Class: 7K(128K)->7K(128K)
[2024-07-05T10:31:21.655-0700][info][gc          ] GC(24) Pause Young (Concurrent Start) (G1 Evacuation Pause) 3198M->3193M(4096M) 65.544ms
[2024-07-05T10:31:21.655-0700][info][gc,cpu      ] GC(24) User=0.17s Sys=0.08s Real=0.07s
[2024-07-05T10:31:21.655-0700][info][gc          ] GC(25) Concurrent Mark Cycle
[2024-07-05T10:31:21.655-0700][info][gc,marking  ] GC(25) Concurrent Clear Claimed Marks
[2024-07-05T10:31:21.655-0700][info][gc,marking  ] GC(25) Concurrent Clear Claimed Marks 0.006ms
[2024-07-05T10:31:21.655-0700][info][gc,marking  ] GC(25) Concurrent Scan Root Regions
[2024-07-05T10:31:21.671-0700][info][gc,marking  ] GC(25) Concurrent Scan Root Regions 16.093ms
[2024-07-05T10:31:21.671-0700][info][gc,marking  ] GC(25) Concurrent Mark
[2024-07-05T10:31:21.671-0700][info][gc,marking  ] GC(25) Concurrent Mark From Roots
[2024-07-05T10:31:21.671-0700][info][gc,task     ] GC(25) Using 1 workers of 1 for marking
[2024-07-05T10:31:22.008-0700][info][gc,marking  ] GC(25) Concurrent Mark From Roots 336.642ms
[2024-07-05T10:31:22.008-0700][info][gc,marking  ] GC(25) Concurrent Preclean
[2024-07-05T10:31:22.008-0700][info][gc,marking  ] GC(25) Concurrent Preclean 0.057ms
[2024-07-05T10:31:34.819-0700][info][gc,start    ] GC(25) Pause Remark
[2024-07-05T10:31:34.823-0700][info][gc          ] GC(25) Pause Remark 3195M->3179M(4096M) 3.521ms
[2024-07-05T10:31:34.823-0700][info][gc,cpu      ] GC(25) User=0.01s Sys=0.00s Real=0.01s
[2024-07-05T10:31:34.827-0700][info][gc,marking  ] GC(25) Concurrent Mark 13155.631ms
[2024-07-05T10:31:34.827-0700][info][gc,marking  ] GC(25) Concurrent Rebuild Remembered Sets
[2024-07-05T10:31:35.034-0700][info][gc,marking  ] GC(25) Concurrent Rebuild Remembered Sets 207.412ms
[2024-07-05T10:31:35.138-0700][info][gc,start    ] GC(25) Pause Cleanup
[2024-07-05T10:31:35.138-0700][info][gc          ] GC(25) Pause Cleanup 3179M->3179M(4096M) 0.580ms
[2024-07-05T10:31:35.138-0700][info][gc,cpu      ] GC(25) User=0.00s Sys=0.00s Real=0.00s
[2024-07-05T10:31:35.138-0700][info][gc,marking  ] GC(25) Concurrent Cleanup for Next Mark
[2024-07-05T10:31:35.158-0700][info][gc,marking  ] GC(25) Concurrent Cleanup for Next Mark 19.891ms
[2024-07-05T10:31:35.158-0700][info][gc          ] GC(25) Concurrent Mark Cycle 13503.051ms
[2024-07-05T10:31:53.146-0700][info][gc,start    ] GC(26) Pause Young (Prepare Mixed) (G1 Evacuation Pause)
[2024-07-05T10:31:53.146-0700][info][gc,task     ] GC(26) Using 4 workers of 4 for evacuation
[2024-07-05T10:31:53.241-0700][info][gc,phases   ] GC(26)   Pre Evacuate Collection Set: 0.2ms
[2024-07-05T10:31:53.241-0700][info][gc,phases   ] GC(26)   Merge Heap Roots: 0.2ms
[2024-07-05T10:31:53.241-0700][info][gc,phases   ] GC(26)   Evacuate Collection Set: 94.6ms
[2024-07-05T10:31:53.241-0700][info][gc,phases   ] GC(26)   Post Evacuate Collection Set: 0.3ms
[2024-07-05T10:31:53.241-0700][info][gc,phases   ] GC(26)   Other: 0.1ms
[2024-07-05T10:31:53.241-0700][info][gc,heap     ] GC(26) Eden regions: 44->0(44)
[2024-07-05T10:31:53.241-0700][info][gc,heap     ] GC(26) Survivor regions: 7->7(7)
[2024-07-05T10:31:53.241-0700][info][gc,heap     ] GC(26) Old regions: 784->827
[2024-07-05T10:31:53.241-0700][info][gc,heap     ] GC(26) Archive regions: 2->2
[2024-07-05T10:31:53.241-0700][info][gc,heap     ] GC(26) Humongous regions: 3->3
[2024-07-05T10:31:53.241-0700][info][gc,metaspace] GC(26) Metaspace: 300K(512K)->300K(512K) NonClass: 293K(384K)->293K(384K) Class: 7K(128K)->7K(128K)
[2024-07-05T10:31:53.241-0700][info][gc          ] GC(26) Pause Young (Prepare Mixed) (G1 Evacuation Pause) 3353M->3348M(4096M) 95.527ms
[2024-07-05T10:31:53.241-0700][info][gc,cpu      ] GC(26) User=0.14s Sys=0.23s Real=0.09s
[2024-07-05T10:32:12.500-0700][info][gc,start    ] GC(27) Pause Young (Mixed) (G1 Evacuation Pause)
[2024-07-05T10:32:12.500-0700][info][gc,task     ] GC(27) Using 4 workers of 4 for evacuation
[2024-07-05T10:32:12.638-0700][info][gc,mmu      ] GC(27) MMU target violated: 101.0ms (100.0ms/101.0ms)
[2024-07-05T10:32:12.638-0700][info][gc,phases   ] GC(27)   Pre Evacuate Collection Set: 0.3ms
[2024-07-05T10:32:12.638-0700][info][gc,phases   ] GC(27)   Merge Heap Roots: 0.2ms
[2024-07-05T10:32:12.638-0700][info][gc,phases   ] GC(27)   Evacuate Collection Set: 136.7ms
[2024-07-05T10:32:12.638-0700][info][gc,phases   ] GC(27)   Post Evacuate Collection Set: 0.7ms
[2024-07-05T10:32:12.638-0700][info][gc,phases   ] GC(27)   Other: 0.2ms
[2024-07-05T10:32:12.638-0700][info][gc,heap     ] GC(27) Eden regions: 44->0(44)
[2024-07-05T10:32:12.638-0700][info][gc,heap     ] GC(27) Survivor regions: 7->7(7)
[2024-07-05T10:32:12.638-0700][info][gc,heap     ] GC(27) Old regions: 827->833
[2024-07-05T10:32:12.638-0700][info][gc,heap     ] GC(27) Archive regions: 2->2
[2024-07-05T10:32:12.638-0700][info][gc,heap     ] GC(27) Humongous regions: 3->3
[2024-07-05T10:32:12.638-0700][info][gc,metaspace] GC(27) Metaspace: 300K(512K)->300K(512K) NonClass: 293K(384K)->293K(384K) Class: 7K(128K)->7K(128K)
[2024-07-05T10:32:12.638-0700][info][gc          ] GC(27) Pause Young (Mixed) (G1 Evacuation Pause) 3524M->3372M(4096M) 138.119ms
[2024-07-05T10:32:12.638-0700][info][gc,cpu      ] GC(27) User=0.22s Sys=0.32s Real=0.14s
[2024-07-05T10:32:36.412-0700][info][gc,start    ] GC(28) Pause Young (Mixed) (G1 Evacuation Pause)
[2024-07-05T10:32:36.412-0700][info][gc,task     ] GC(28) Using 4 workers of 4 for evacuation
[2024-07-05T10:32:36.489-0700][info][gc,phases   ] GC(28)   Pre Evacuate Collection Set: 0.3ms
[2024-07-05T10:32:36.489-0700][info][gc,phases   ] GC(28)   Merge Heap Roots: 0.2ms
[2024-07-05T10:32:36.489-0700][info][gc,phases   ] GC(28)   Evacuate Collection Set: 75.9ms
[2024-07-05T10:32:36.489-0700][info][gc,phases   ] GC(28)   Post Evacuate Collection Set: 0.5ms
[2024-07-05T10:32:36.489-0700][info][gc,phases   ] GC(28)   Other: 0.1ms
[2024-07-05T10:32:36.489-0700][info][gc,heap     ] GC(28) Eden regions: 44->0(44)
[2024-07-05T10:32:36.489-0700][info][gc,heap     ] GC(28) Survivor regions: 7->7(7)
[2024-07-05T10:32:36.489-0700][info][gc,heap     ] GC(28) Old regions: 833->840
[2024-07-05T10:32:36.489-0700][info][gc,heap     ] GC(28) Archive regions: 2->2
[2024-07-05T10:32:36.489-0700][info][gc,heap     ] GC(28) Humongous regions: 3->3
[2024-07-05T10:32:36.489-0700][info][gc,metaspace] GC(28) Metaspace: 300K(512K)->300K(512K) NonClass: 293K(384K)->293K(384K) Class: 7K(128K)->7K(128K)
[2024-07-05T10:32:36.489-0700][info][gc          ] GC(28) Pause Young (Mixed) (G1 Evacuation Pause) 3548M->3402M(4096M) 77.003ms
[2024-07-05T10:32:36.489-0700][info][gc,cpu      ] GC(28) User=0.19s Sys=0.10s Real=0.08s
[2024-07-05T10:32:58.110-0700][info][gc,start    ] GC(29) Pause Young (Mixed) (G1 Evacuation Pause)
[2024-07-05T10:32:58.110-0700][info][gc,task     ] GC(29) Using 4 workers of 4 for evacuation
[2024-07-05T10:32:58.198-0700][info][gc,phases   ] GC(29)   Pre Evacuate Collection Set: 0.2ms
[2024-07-05T10:32:58.198-0700][info][gc,phases   ] GC(29)   Merge Heap Roots: 0.2ms
[2024-07-05T10:32:58.198-0700][info][gc,phases   ] GC(29)   Evacuate Collection Set: 87.1ms
[2024-07-05T10:32:58.198-0700][info][gc,phases   ] GC(29)   Post Evacuate Collection Set: 0.6ms
[2024-07-05T10:32:58.198-0700][info][gc,phases   ] GC(29)   Other: 0.1ms
[2024-07-05T10:32:58.198-0700][info][gc,heap     ] GC(29) Eden regions: 44->0(44)
[2024-07-05T10:32:58.198-0700][info][gc,heap     ] GC(29) Survivor regions: 7->7(7)
[2024-07-05T10:32:58.198-0700][info][gc,heap     ] GC(29) Old regions: 840->850
[2024-07-05T10:32:58.198-0700][info][gc,heap     ] GC(29) Archive regions: 2->2
[2024-07-05T10:32:58.198-0700][info][gc,heap     ] GC(29) Humongous regions: 3->3
[2024-07-05T10:32:58.198-0700][info][gc,metaspace] GC(29) Metaspace: 300K(512K)->300K(512K) NonClass: 293K(384K)->293K(384K) Class: 7K(128K)->7K(128K)
[2024-07-05T10:32:58.198-0700][info][gc          ] GC(29) Pause Young (Mixed) (G1 Evacuation Pause) 3578M->3443M(4096M) 88.201ms
[2024-07-05T10:32:58.199-0700][info][gc,cpu      ] GC(29) User=0.25s Sys=0.08s Real=0.09s
[2024-07-05T10:33:15.957-0700][info][gc,start    ] GC(30) Pause Young (Mixed) (G1 Evacuation Pause)
[2024-07-05T10:33:15.957-0700][info][gc,task     ] GC(30) Using 4 workers of 4 for evacuation
[2024-07-05T10:33:16.042-0700][info][gc,phases   ] GC(30)   Pre Evacuate Collection Set: 0.2ms
[2024-07-05T10:33:16.042-0700][info][gc,phases   ] GC(30)   Merge Heap Roots: 0.2ms
[2024-07-05T10:33:16.042-0700][info][gc,phases   ] GC(30)   Evacuate Collection Set: 83.2ms
[2024-07-05T10:33:16.042-0700][info][gc,phases   ] GC(30)   Post Evacuate Collection Set: 0.5ms
[2024-07-05T10:33:16.042-0700][info][gc,phases   ] GC(30)   Other: 0.1ms
[2024-07-05T10:33:16.042-0700][info][gc,heap     ] GC(30) Eden regions: 44->0(44)
[2024-07-05T10:33:16.042-0700][info][gc,heap     ] GC(30) Survivor regions: 7->7(7)
[2024-07-05T10:33:16.042-0700][info][gc,heap     ] GC(30) Old regions: 850->862
[2024-07-05T10:33:16.042-0700][info][gc,heap     ] GC(30) Archive regions: 2->2
[2024-07-05T10:33:16.042-0700][info][gc,heap     ] GC(30) Humongous regions: 3->3
[2024-07-05T10:33:16.042-0700][info][gc,metaspace] GC(30) Metaspace: 300K(512K)->300K(512K) NonClass: 293K(384K)->293K(384K) Class: 7K(128K)->7K(128K)
[2024-07-05T10:33:16.042-0700][info][gc          ] GC(30) Pause Young (Mixed) (G1 Evacuation Pause) 3619M->3490M(4096M) 84.294ms
[2024-07-05T10:33:16.042-0700][info][gc,cpu      ] GC(30) User=0.22s Sys=0.10s Real=0.08s
[2024-07-05T10:33:37.912-0700][info][gc,start    ] GC(31) Pause Young (Mixed) (G1 Evacuation Pause)
[2024-07-05T10:33:37.912-0700][info][gc,task     ] GC(31) Using 4 workers of 4 for evacuation
[2024-07-05T10:33:38.007-0700][info][gc,phases   ] GC(31)   Pre Evacuate Collection Set: 0.2ms
[2024-07-05T10:33:38.007-0700][info][gc,phases   ] GC(31)   Merge Heap Roots: 0.2ms
[2024-07-05T10:33:38.007-0700][info][gc,phases   ] GC(31)   Evacuate Collection Set: 94.3ms
[2024-07-05T10:33:38.007-0700][info][gc,phases   ] GC(31)   Post Evacuate Collection Set: 0.7ms
[2024-07-05T10:33:38.007-0700][info][gc,phases   ] GC(31)   Other: 0.1ms
[2024-07-05T10:33:38.007-0700][info][gc,heap     ] GC(31) Eden regions: 44->0(44)
[2024-07-05T10:33:38.007-0700][info][gc,heap     ] GC(31) Survivor regions: 7->7(7)
[2024-07-05T10:33:38.007-0700][info][gc,heap     ] GC(31) Old regions: 862->875
[2024-07-05T10:33:38.007-0700][info][gc,heap     ] GC(31) Archive regions: 2->2
[2024-07-05T10:33:38.007-0700][info][gc,heap     ] GC(31) Humongous regions: 3->3
[2024-07-05T10:33:38.007-0700][info][gc,metaspace] GC(31) Metaspace: 300K(512K)->300K(512K) NonClass: 293K(384K)->293K(384K) Class: 7K(128K)->7K(128K)
[2024-07-05T10:33:38.008-0700][info][gc          ] GC(31) Pause Young (Mixed) (G1 Evacuation Pause) 3666M->3541M(4096M) 95.633ms
[2024-07-05T10:33:38.008-0700][info][gc,cpu      ] GC(31) User=0.27s Sys=0.09s Real=0.10s
[2024-07-05T10:33:58.382-0700][info][gc,start    ] GC(32) Pause Young (Mixed) (G1 Evacuation Pause)
[2024-07-05T10:33:58.382-0700][info][gc,task     ] GC(32) Using 4 workers of 4 for evacuation
[2024-07-05T10:33:58.475-0700][info][gc,phases   ] GC(32)   Pre Evacuate Collection Set: 0.6ms
[2024-07-05T10:33:58.475-0700][info][gc,phases   ] GC(32)   Merge Heap Roots: 0.3ms
[2024-07-05T10:33:58.475-0700][info][gc,phases   ] GC(32)   Evacuate Collection Set: 91.8ms
[2024-07-05T10:33:58.475-0700][info][gc,phases   ] GC(32)   Post Evacuate Collection Set: 0.7ms
[2024-07-05T10:33:58.475-0700][info][gc,phases   ] GC(32)   Other: 0.1ms
[2024-07-05T10:33:58.475-0700][info][gc,heap     ] GC(32) Eden regions: 44->0(44)
[2024-07-05T10:33:58.475-0700][info][gc,heap     ] GC(32) Survivor regions: 7->7(7)
[2024-07-05T10:33:58.475-0700][info][gc,heap     ] GC(32) Old regions: 875->888
[2024-07-05T10:33:58.475-0700][info][gc,heap     ] GC(32) Archive regions: 2->2
[2024-07-05T10:33:58.475-0700][info][gc,heap     ] GC(32) Humongous regions: 3->3
[2024-07-05T10:33:58.475-0700][info][gc,metaspace] GC(32) Metaspace: 300K(512K)->300K(512K) NonClass: 293K(384K)->293K(384K) Class: 7K(128K)->7K(128K)
[2024-07-05T10:33:58.475-0700][info][gc          ] GC(32) Pause Young (Mixed) (G1 Evacuation Pause) 3717M->3595M(4096M) 93.568ms
[2024-07-05T10:33:58.475-0700][info][gc,cpu      ] GC(32) User=0.26s Sys=0.09s Real=0.10s
[2024-07-05T10:34:15.277-0700][info][gc,start    ] GC(33) Pause Young (Mixed) (G1 Preventive Collection)
[2024-07-05T10:34:15.277-0700][info][gc,task     ] GC(33) Using 4 workers of 4 for evacuation
[2024-07-05T10:34:15.365-0700][info][gc,phases   ] GC(33)   Pre Evacuate Collection Set: 0.3ms
[2024-07-05T10:34:15.365-0700][info][gc,phases   ] GC(33)   Merge Heap Roots: 0.4ms
[2024-07-05T10:34:15.365-0700][info][gc,phases   ] GC(33)   Evacuate Collection Set: 86.0ms
[2024-07-05T10:34:15.365-0700][info][gc,phases   ] GC(33)   Post Evacuate Collection Set: 0.6ms
[2024-07-05T10:34:15.365-0700][info][gc,phases   ] GC(33)   Other: 0.1ms
[2024-07-05T10:34:15.365-0700][info][gc,heap     ] GC(33) Eden regions: 36->0(44)
[2024-07-05T10:34:15.365-0700][info][gc,heap     ] GC(33) Survivor regions: 7->7(7)
[2024-07-05T10:34:15.365-0700][info][gc,heap     ] GC(33) Old regions: 888->896
[2024-07-05T10:34:15.365-0700][info][gc,heap     ] GC(33) Archive regions: 2->2
[2024-07-05T10:34:15.365-0700][info][gc,heap     ] GC(33) Humongous regions: 7->7
[2024-07-05T10:34:15.365-0700][info][gc,metaspace] GC(33) Metaspace: 300K(512K)->300K(512K) NonClass: 293K(384K)->293K(384K) Class: 7K(128K)->7K(128K)
[2024-07-05T10:34:15.365-0700][info][gc          ] GC(33) Pause Young (Mixed) (G1 Preventive Collection) 3755M->3640M(4096M) 87.452ms
[2024-07-05T10:34:15.365-0700][info][gc,cpu      ] GC(33) User=0.19s Sys=0.13s Real=0.09s
[2024-07-05T10:34:29.704-0700][info][gc,start    ] GC(34) Pause Young (Mixed) (G1 Preventive Collection)
[2024-07-05T10:34:29.704-0700][info][gc,task     ] GC(34) Using 4 workers of 4 for evacuation
[2024-07-05T10:34:29.782-0700][info][gc,phases   ] GC(34)   Pre Evacuate Collection Set: 0.2ms
[2024-07-05T10:34:29.783-0700][info][gc,phases   ] GC(34)   Merge Heap Roots: 0.3ms
[2024-07-05T10:34:29.783-0700][info][gc,phases   ] GC(34)   Evacuate Collection Set: 77.2ms
[2024-07-05T10:34:29.783-0700][info][gc,phases   ] GC(34)   Post Evacuate Collection Set: 0.4ms
[2024-07-05T10:34:29.783-0700][info][gc,phases   ] GC(34)   Other: 0.1ms
[2024-07-05T10:34:29.783-0700][info][gc,heap     ] GC(34) Eden regions: 31->0(44)
[2024-07-05T10:34:29.783-0700][info][gc,heap     ] GC(34) Survivor regions: 7->7(7)
[2024-07-05T10:34:29.783-0700][info][gc,heap     ] GC(34) Old regions: 896->903
[2024-07-05T10:34:29.783-0700][info][gc,heap     ] GC(34) Archive regions: 2->2
[2024-07-05T10:34:29.783-0700][info][gc,heap     ] GC(34) Humongous regions: 7->7
[2024-07-05T10:34:29.783-0700][info][gc,metaspace] GC(34) Metaspace: 300K(512K)->300K(512K) NonClass: 293K(384K)->293K(384K) Class: 7K(128K)->7K(128K)
[2024-07-05T10:34:29.783-0700][info][gc          ] GC(34) Pause Young (Mixed) (G1 Preventive Collection) 3764M->3670M(4096M) 78.310ms
[2024-07-05T10:34:29.783-0700][info][gc,cpu      ] GC(34) User=0.22s Sys=0.06s Real=0.07s
[2024-07-05T10:34:59.241-0700][info][gc,start    ] GC(35) Pause Young (Concurrent Start) (G1 Evacuation Pause)
[2024-07-05T10:34:59.241-0700][info][gc,task     ] GC(35) Using 4 workers of 4 for evacuation
[2024-07-05T10:34:59.308-0700][info][gc,phases   ] GC(35)   Pre Evacuate Collection Set: 0.2ms
[2024-07-05T10:34:59.308-0700][info][gc,phases   ] GC(35)   Merge Heap Roots: 0.3ms
[2024-07-05T10:34:59.308-0700][info][gc,phases   ] GC(35)   Evacuate Collection Set: 65.6ms
[2024-07-05T10:34:59.308-0700][info][gc,phases   ] GC(35)   Post Evacuate Collection Set: 0.7ms
[2024-07-05T10:34:59.308-0700][info][gc,phases   ] GC(35)   Other: 0.2ms
[2024-07-05T10:34:59.308-0700][info][gc,heap     ] GC(35) Eden regions: 44->0(44)
[2024-07-05T10:34:59.308-0700][info][gc,heap     ] GC(35) Survivor regions: 7->7(7)
[2024-07-05T10:34:59.308-0700][info][gc,heap     ] GC(35) Old regions: 903->946
[2024-07-05T10:34:59.308-0700][info][gc,heap     ] GC(35) Archive regions: 2->2
[2024-07-05T10:34:59.308-0700][info][gc,heap     ] GC(35) Humongous regions: 7->7
[2024-07-05T10:34:59.308-0700][info][gc,metaspace] GC(35) Metaspace: 300K(512K)->300K(512K) NonClass: 293K(384K)->293K(384K) Class: 7K(128K)->7K(128K)
[2024-07-05T10:34:59.308-0700][info][gc          ] GC(35) Pause Young (Concurrent Start) (G1 Evacuation Pause) 3846M->3842M(4096M) 67.016ms
[2024-07-05T10:34:59.308-0700][info][gc,cpu      ] GC(35) User=0.21s Sys=0.03s Real=0.07s
[2024-07-05T10:34:59.308-0700][info][gc          ] GC(36) Concurrent Mark Cycle
[2024-07-05T10:34:59.308-0700][info][gc,marking  ] GC(36) Concurrent Clear Claimed Marks
[2024-07-05T10:34:59.308-0700][info][gc,marking  ] GC(36) Concurrent Clear Claimed Marks 0.013ms
[2024-07-05T10:34:59.308-0700][info][gc,marking  ] GC(36) Concurrent Scan Root Regions
[2024-07-05T10:34:59.322-0700][info][gc,marking  ] GC(36) Concurrent Scan Root Regions 14.049ms
[2024-07-05T10:34:59.322-0700][info][gc,marking  ] GC(36) Concurrent Mark
[2024-07-05T10:34:59.322-0700][info][gc,marking  ] GC(36) Concurrent Mark From Roots
[2024-07-05T10:34:59.322-0700][info][gc,task     ] GC(36) Using 1 workers of 1 for marking
[2024-07-05T10:35:00.101-0700][info][gc,marking  ] GC(36) Concurrent Mark From Roots 778.635ms
[2024-07-05T10:35:00.101-0700][info][gc,marking  ] GC(36) Concurrent Preclean
[2024-07-05T10:35:00.101-0700][info][gc,marking  ] GC(36) Concurrent Preclean 0.069ms
[2024-07-05T10:35:33.629-0700][info][gc,start    ] GC(36) Pause Remark
[2024-07-05T10:35:33.631-0700][info][gc          ] GC(36) Pause Remark 3846M->3834M(4096M) 1.833ms
[2024-07-05T10:35:33.631-0700][info][gc,cpu      ] GC(36) User=0.00s Sys=0.00s Real=0.00s
[2024-07-05T10:35:33.633-0700][info][gc,marking  ] GC(36) Concurrent Mark 34310.903ms
[2024-07-05T10:35:33.633-0700][info][gc,marking  ] GC(36) Concurrent Rebuild Remembered Sets
[2024-07-05T10:35:33.921-0700][info][gc,marking  ] GC(36) Concurrent Rebuild Remembered Sets 287.935ms
[2024-07-05T10:35:34.295-0700][info][gc,start    ] GC(36) Pause Cleanup
[2024-07-05T10:35:34.296-0700][info][gc          ] GC(36) Pause Cleanup 3834M->3834M(4096M) 0.706ms
[2024-07-05T10:35:34.296-0700][info][gc,cpu      ] GC(36) User=0.00s Sys=0.00s Real=0.00s
[2024-07-05T10:35:34.296-0700][info][gc,marking  ] GC(36) Concurrent Cleanup for Next Mark
[2024-07-05T10:35:34.308-0700][info][gc,marking  ] GC(36) Concurrent Cleanup for Next Mark 11.638ms
[2024-07-05T10:35:34.308-0700][info][gc          ] GC(36) Concurrent Mark Cycle 34999.512ms
[2024-07-05T10:35:48.832-0700][info][gc,start    ] GC(37) Pause Young (Prepare Mixed) (G1 Preventive Collection)
[2024-07-05T10:35:48.832-0700][info][gc,task     ] GC(37) Using 4 workers of 4 for evacuation
[2024-07-05T10:35:48.870-0700][info][gc,phases   ] GC(37)   Pre Evacuate Collection Set: 0.2ms
[2024-07-05T10:35:48.870-0700][info][gc,phases   ] GC(37)   Merge Heap Roots: 0.1ms
[2024-07-05T10:35:48.870-0700][info][gc,phases   ] GC(37)   Evacuate Collection Set: 36.7ms
[2024-07-05T10:35:48.870-0700][info][gc,phases   ] GC(37)   Post Evacuate Collection Set: 0.5ms
[2024-07-05T10:35:48.870-0700][info][gc,phases   ] GC(37)   Other: 0.1ms
[2024-07-05T10:35:48.870-0700][info][gc,heap     ] GC(37) Eden regions: 27->0(44)
[2024-07-05T10:35:48.870-0700][info][gc,heap     ] GC(37) Survivor regions: 7->7(7)
[2024-07-05T10:35:48.870-0700][info][gc,heap     ] GC(37) Old regions: 946->973
[2024-07-05T10:35:48.870-0700][info][gc,heap     ] GC(37) Archive regions: 2->2
[2024-07-05T10:35:48.870-0700][info][gc,heap     ] GC(37) Humongous regions: 4->4
[2024-07-05T10:35:48.870-0700][info][gc,metaspace] GC(37) Metaspace: 300K(512K)->300K(512K) NonClass: 293K(384K)->293K(384K) Class: 7K(128K)->7K(128K)
[2024-07-05T10:35:48.870-0700][info][gc          ] GC(37) Pause Young (Prepare Mixed) (G1 Preventive Collection) 3938M->3936M(4096M) 37.761ms
[2024-07-05T10:35:48.870-0700][info][gc,cpu      ] GC(37) User=0.10s Sys=0.04s Real=0.04s
[2024-07-05T10:35:50.493-0700][info][gc,start    ] GC(38) Pause Young (Mixed) (G1 Preventive Collection)
[2024-07-05T10:35:50.493-0700][info][gc,task     ] GC(38) Using 4 workers of 4 for evacuation
[2024-07-05T10:35:50.556-0700][info][gc          ] GC(38) To-space exhausted
[2024-07-05T10:35:50.556-0700][info][gc,phases   ] GC(38)   Pre Evacuate Collection Set: 0.2ms
[2024-07-05T10:35:50.556-0700][info][gc,phases   ] GC(38)   Merge Heap Roots: 0.2ms
[2024-07-05T10:35:50.556-0700][info][gc,phases   ] GC(38)   Evacuate Collection Set: 56.0ms
[2024-07-05T10:35:50.556-0700][info][gc,phases   ] GC(38)   Post Evacuate Collection Set: 6.6ms
[2024-07-05T10:35:50.556-0700][info][gc,phases   ] GC(38)   Other: 0.1ms
[2024-07-05T10:35:50.556-0700][info][gc,heap     ] GC(38) Eden regions: 3->0(47)
[2024-07-05T10:35:50.556-0700][info][gc,heap     ] GC(38) Survivor regions: 7->4(7)
[2024-07-05T10:35:50.556-0700][info][gc,heap     ] GC(38) Old regions: 973->978
[2024-07-05T10:35:50.556-0700][info][gc,heap     ] GC(38) Archive regions: 2->2
[2024-07-05T10:35:50.556-0700][info][gc,heap     ] GC(38) Humongous regions: 4->4
[2024-07-05T10:35:50.556-0700][info][gc,metaspace] GC(38) Metaspace: 300K(512K)->300K(512K) NonClass: 293K(384K)->293K(384K) Class: 7K(128K)->7K(128K)
[2024-07-05T10:35:50.556-0700][info][gc          ] GC(38) Pause Young (Mixed) (G1 Preventive Collection) 3948M->3945M(4096M) 63.236ms
[2024-07-05T10:35:50.556-0700][info][gc,cpu      ] GC(38) User=0.20s Sys=0.03s Real=0.07s
[2024-07-05T10:35:52.220-0700][info][gc,start    ] GC(39) Pause Young (Mixed) (G1 Preventive Collection)
[2024-07-05T10:35:52.220-0700][info][gc,task     ] GC(39) Using 4 workers of 4 for evacuation
[2024-07-05T10:35:52.278-0700][info][gc          ] GC(39) To-space exhausted
[2024-07-05T10:35:52.278-0700][info][gc,phases   ] GC(39)   Pre Evacuate Collection Set: 0.2ms
[2024-07-05T10:35:52.278-0700][info][gc,phases   ] GC(39)   Merge Heap Roots: 0.2ms
[2024-07-05T10:35:52.278-0700][info][gc,phases   ] GC(39)   Evacuate Collection Set: 51.1ms
[2024-07-05T10:35:52.278-0700][info][gc,phases   ] GC(39)   Post Evacuate Collection Set: 6.1ms
[2024-07-05T10:35:52.278-0700][info][gc,phases   ] GC(39)   Other: 0.1ms
[2024-07-05T10:35:52.278-0700][info][gc,heap     ] GC(39) Eden regions: 2->0(46)
[2024-07-05T10:35:52.278-0700][info][gc,heap     ] GC(39) Survivor regions: 4->5(7)
[2024-07-05T10:35:52.278-0700][info][gc,heap     ] GC(39) Old regions: 978->968
[2024-07-05T10:35:52.278-0700][info][gc,heap     ] GC(39) Archive regions: 2->2
[2024-07-05T10:35:52.278-0700][info][gc,heap     ] GC(39) Humongous regions: 4->4
[2024-07-05T10:35:52.278-0700][info][gc,metaspace] GC(39) Metaspace: 300K(512K)->300K(512K) NonClass: 293K(384K)->293K(384K) Class: 7K(128K)->7K(128K)
[2024-07-05T10:35:52.278-0700][info][gc          ] GC(39) Pause Young (Mixed) (G1 Preventive Collection) 3953M->3911M(4096M) 57.857ms
[2024-07-05T10:35:52.278-0700][info][gc,cpu      ] GC(39) User=0.18s Sys=0.03s Real=0.06s
[2024-07-05T10:35:55.433-0700][info][gc,start    ] GC(40) Pause Young (Mixed) (G1 Preventive Collection)
[2024-07-05T10:35:55.433-0700][info][gc,task     ] GC(40) Using 4 workers of 4 for evacuation
[2024-07-05T10:35:55.500-0700][info][gc          ] GC(40) To-space exhausted
[2024-07-05T10:35:55.500-0700][info][gc,phases   ] GC(40)   Pre Evacuate Collection Set: 0.2ms
[2024-07-05T10:35:55.500-0700][info][gc,phases   ] GC(40)   Merge Heap Roots: 0.3ms
[2024-07-05T10:35:55.500-0700][info][gc,phases   ] GC(40)   Evacuate Collection Set: 60.3ms
[2024-07-05T10:35:55.500-0700][info][gc,phases   ] GC(40)   Post Evacuate Collection Set: 5.4ms
[2024-07-05T10:35:55.500-0700][info][gc,phases   ] GC(40)   Other: 0.2ms
[2024-07-05T10:35:55.500-0700][info][gc,heap     ] GC(40) Eden regions: 4->0(45)
[2024-07-05T10:35:55.500-0700][info][gc,heap     ] GC(40) Survivor regions: 5->6(7)
[2024-07-05T10:35:55.500-0700][info][gc,heap     ] GC(40) Old regions: 968->961
[2024-07-05T10:35:55.500-0700][info][gc,heap     ] GC(40) Archive regions: 2->2
[2024-07-05T10:35:55.500-0700][info][gc,heap     ] GC(40) Humongous regions: 4->4
[2024-07-05T10:35:55.500-0700][info][gc,metaspace] GC(40) Metaspace: 300K(512K)->300K(512K) NonClass: 293K(384K)->293K(384K) Class: 7K(128K)->7K(128K)
[2024-07-05T10:35:55.500-0700][info][gc          ] GC(40) Pause Young (Mixed) (G1 Preventive Collection) 3927M->3887M(4096M) 66.454ms
[2024-07-05T10:35:55.500-0700][info][gc,cpu      ] GC(40) User=0.20s Sys=0.05s Real=0.07s
[2024-07-05T10:35:57.018-0700][info][gc,start    ] GC(41) Pause Young (Mixed) (G1 Preventive Collection)
[2024-07-05T10:35:57.018-0700][info][gc,task     ] GC(41) Using 4 workers of 4 for evacuation
[2024-07-05T10:35:57.079-0700][info][gc          ] GC(41) To-space exhausted
[2024-07-05T10:35:57.079-0700][info][gc,phases   ] GC(41)   Pre Evacuate Collection Set: 0.2ms
[2024-07-05T10:35:57.079-0700][info][gc,phases   ] GC(41)   Merge Heap Roots: 0.2ms
[2024-07-05T10:35:57.079-0700][info][gc,phases   ] GC(41)   Evacuate Collection Set: 57.9ms
[2024-07-05T10:35:57.079-0700][info][gc,phases   ] GC(41)   Post Evacuate Collection Set: 2.5ms
[2024-07-05T10:35:57.079-0700][info][gc,phases   ] GC(41)   Other: 0.1ms
[2024-07-05T10:35:57.079-0700][info][gc,heap     ] GC(41) Eden regions: 4->0(46)
[2024-07-05T10:35:57.079-0700][info][gc,heap     ] GC(41) Survivor regions: 6->5(7)
[2024-07-05T10:35:57.079-0700][info][gc,heap     ] GC(41) Old regions: 961->961
[2024-07-05T10:35:57.079-0700][info][gc,heap     ] GC(41) Archive regions: 2->2
[2024-07-05T10:35:57.079-0700][info][gc,heap     ] GC(41) Humongous regions: 4->4
[2024-07-05T10:35:57.079-0700][info][gc,metaspace] GC(41) Metaspace: 300K(512K)->300K(512K) NonClass: 293K(384K)->293K(384K) Class: 7K(128K)->7K(128K)
[2024-07-05T10:35:57.079-0700][info][gc          ] GC(41) Pause Young (Mixed) (G1 Preventive Collection) 3903M->3881M(4096M) 60.987ms
[2024-07-05T10:35:57.079-0700][info][gc,cpu      ] GC(41) User=0.20s Sys=0.02s Real=0.06s
[2024-07-05T10:36:12.223-0700][info][gc,start    ] GC(42) Pause Young (Concurrent Start) (G1 Preventive Collection)
[2024-07-05T10:36:12.223-0700][info][gc,task     ] GC(42) Using 4 workers of 4 for evacuation
[2024-07-05T10:36:12.256-0700][info][gc,phases   ] GC(42)   Pre Evacuate Collection Set: 0.2ms
[2024-07-05T10:36:12.256-0700][info][gc,phases   ] GC(42)   Merge Heap Roots: 0.1ms
[2024-07-05T10:36:12.256-0700][info][gc,phases   ] GC(42)   Evacuate Collection Set: 31.8ms
[2024-07-05T10:36:12.256-0700][info][gc,phases   ] GC(42)   Post Evacuate Collection Set: 0.4ms
[2024-07-05T10:36:12.256-0700][info][gc,phases   ] GC(42)   Other: 0.2ms
[2024-07-05T10:36:12.256-0700][info][gc,heap     ] GC(42) Eden regions: 22->0(44)
[2024-07-05T10:36:12.256-0700][info][gc,heap     ] GC(42) Survivor regions: 5->7(7)
[2024-07-05T10:36:12.256-0700][info][gc,heap     ] GC(42) Old regions: 961->980
[2024-07-05T10:36:12.256-0700][info][gc,heap     ] GC(42) Archive regions: 2->2
[2024-07-05T10:36:12.256-0700][info][gc,heap     ] GC(42) Humongous regions: 4->4
[2024-07-05T10:36:12.256-0700][info][gc,metaspace] GC(42) Metaspace: 300K(512K)->300K(512K) NonClass: 293K(384K)->293K(384K) Class: 7K(128K)->7K(128K)
[2024-07-05T10:36:12.256-0700][info][gc          ] GC(42) Pause Young (Concurrent Start) (G1 Preventive Collection) 3969M->3966M(4096M) 32.850ms
[2024-07-05T10:36:12.256-0700][info][gc,cpu      ] GC(42) User=0.09s Sys=0.02s Real=0.03s
[2024-07-05T10:36:12.256-0700][info][gc          ] GC(43) Concurrent Mark Cycle
[2024-07-05T10:36:12.256-0700][info][gc,marking  ] GC(43) Concurrent Clear Claimed Marks
[2024-07-05T10:36:12.256-0700][info][gc,marking  ] GC(43) Concurrent Clear Claimed Marks 0.006ms
[2024-07-05T10:36:12.256-0700][info][gc,marking  ] GC(43) Concurrent Scan Root Regions
[2024-07-05T10:36:12.263-0700][info][gc,marking  ] GC(43) Concurrent Scan Root Regions 7.207ms
[2024-07-05T10:36:12.264-0700][info][gc,marking  ] GC(43) Concurrent Mark
[2024-07-05T10:36:12.264-0700][info][gc,marking  ] GC(43) Concurrent Mark From Roots
[2024-07-05T10:36:12.264-0700][info][gc,task     ] GC(43) Using 1 workers of 1 for marking
[2024-07-05T10:36:12.765-0700][info][gc,marking  ] GC(43) Concurrent Mark From Roots 501.762ms
[2024-07-05T10:36:12.765-0700][info][gc,marking  ] GC(43) Concurrent Preclean
[2024-07-05T10:36:12.765-0700][info][gc,marking  ] GC(43) Concurrent Preclean 0.061ms
[2024-07-05T10:36:39.596-0700][info][gc,start    ] GC(43) Pause Remark
[2024-07-05T10:36:39.597-0700][info][gc          ] GC(43) Pause Remark 3972M->3972M(4096M) 0.953ms
[2024-07-05T10:36:39.597-0700][info][gc,cpu      ] GC(43) User=0.00s Sys=0.00s Real=0.00s
[2024-07-05T10:36:39.597-0700][info][gc,marking  ] GC(43) Concurrent Mark 27333.771ms
[2024-07-05T10:36:39.597-0700][info][gc,marking  ] GC(43) Concurrent Rebuild Remembered Sets
[2024-07-05T10:36:39.951-0700][info][gc,marking  ] GC(43) Concurrent Rebuild Remembered Sets 353.935ms
[2024-07-05T10:36:41.699-0700][info][gc,start    ] GC(43) Pause Cleanup
[2024-07-05T10:36:41.700-0700][info][gc          ] GC(43) Pause Cleanup 3972M->3972M(4096M) 0.535ms
[2024-07-05T10:36:41.700-0700][info][gc,cpu      ] GC(43) User=0.00s Sys=0.00s Real=0.00s
[2024-07-05T10:36:41.700-0700][info][gc,marking  ] GC(43) Concurrent Cleanup for Next Mark
[2024-07-05T10:36:41.708-0700][info][gc,marking  ] GC(43) Concurrent Cleanup for Next Mark 8.230ms
[2024-07-05T10:36:41.708-0700][info][gc          ] GC(43) Concurrent Mark Cycle 29452.035ms
[2024-07-05T10:36:48.298-0700][info][gc,start    ] GC(44) Pause Young (Prepare Mixed) (G1 Preventive Collection)
[2024-07-05T10:36:48.298-0700][info][gc,task     ] GC(44) Using 4 workers of 4 for evacuation
[2024-07-05T10:36:48.318-0700][info][gc,phases   ] GC(44)   Pre Evacuate Collection Set: 0.3ms
[2024-07-05T10:36:48.318-0700][info][gc,phases   ] GC(44)   Merge Heap Roots: 0.2ms
[2024-07-05T10:36:48.318-0700][info][gc,phases   ] GC(44)   Evacuate Collection Set: 19.2ms
[2024-07-05T10:36:48.318-0700][info][gc,phases   ] GC(44)   Post Evacuate Collection Set: 0.4ms
[2024-07-05T10:36:48.318-0700][info][gc,phases   ] GC(44)   Other: 0.1ms
[2024-07-05T10:36:48.318-0700][info][gc,heap     ] GC(44) Eden regions: 11->0(44)
[2024-07-05T10:36:48.318-0700][info][gc,heap     ] GC(44) Survivor regions: 7->7(7)
[2024-07-05T10:36:48.318-0700][info][gc,heap     ] GC(44) Old regions: 980->991
[2024-07-05T10:36:48.318-0700][info][gc,heap     ] GC(44) Archive regions: 2->2
[2024-07-05T10:36:48.318-0700][info][gc,heap     ] GC(44) Humongous regions: 4->4
[2024-07-05T10:36:48.318-0700][info][gc,metaspace] GC(44) Metaspace: 300K(512K)->300K(512K) NonClass: 293K(384K)->293K(384K) Class: 7K(128K)->7K(128K)
[2024-07-05T10:36:48.318-0700][info][gc          ] GC(44) Pause Young (Prepare Mixed) (G1 Preventive Collection) 4010M->4010M(4096M) 20.344ms
[2024-07-05T10:36:48.318-0700][info][gc,cpu      ] GC(44) User=0.06s Sys=0.01s Real=0.02s
[2024-07-05T10:36:50.020-0700][info][gc,start    ] GC(45) Pause Young (Mixed) (G1 Preventive Collection)
[2024-07-05T10:36:50.020-0700][info][gc,task     ] GC(45) Using 4 workers of 4 for evacuation
[2024-07-05T10:36:50.052-0700][info][gc          ] GC(45) To-space exhausted
[2024-07-05T10:36:50.052-0700][info][gc,phases   ] GC(45)   Pre Evacuate Collection Set: 0.2ms
[2024-07-05T10:36:50.052-0700][info][gc,phases   ] GC(45)   Merge Heap Roots: 0.1ms
[2024-07-05T10:36:50.052-0700][info][gc,phases   ] GC(45)   Evacuate Collection Set: 26.8ms
[2024-07-05T10:36:50.052-0700][info][gc,phases   ] GC(45)   Post Evacuate Collection Set: 4.6ms
[2024-07-05T10:36:50.052-0700][info][gc,phases   ] GC(45)   Other: 0.2ms
[2024-07-05T10:36:50.052-0700][info][gc,heap     ] GC(45) Eden regions: 4->0(51)
[2024-07-05T10:36:50.052-0700][info][gc,heap     ] GC(45) Survivor regions: 7->0(7)
[2024-07-05T10:36:50.052-0700][info][gc,heap     ] GC(45) Old regions: 991->974
[2024-07-05T10:36:50.052-0700][info][gc,heap     ] GC(45) Archive regions: 2->2
[2024-07-05T10:36:50.052-0700][info][gc,heap     ] GC(45) Humongous regions: 4->4
[2024-07-05T10:36:50.052-0700][info][gc,metaspace] GC(45) Metaspace: 300K(512K)->300K(512K) NonClass: 293K(384K)->293K(384K) Class: 7K(128K)->7K(128K)
[2024-07-05T10:36:50.052-0700][info][gc          ] GC(45) Pause Young (Mixed) (G1 Preventive Collection) 4026M->3915M(4096M) 32.051ms
[2024-07-05T10:36:50.052-0700][info][gc,cpu      ] GC(45) User=0.08s Sys=0.02s Real=0.03s
[2024-07-05T10:36:58.563-0700][info][gc,start    ] GC(46) Pause Young (Mixed) (G1 Preventive Collection)
[2024-07-05T10:36:58.563-0700][info][gc,task     ] GC(46) Using 4 workers of 4 for evacuation
[2024-07-05T10:36:58.645-0700][info][gc          ] GC(46) To-space exhausted
[2024-07-05T10:36:58.645-0700][info][gc,phases   ] GC(46)   Pre Evacuate Collection Set: 0.3ms
[2024-07-05T10:36:58.645-0700][info][gc,phases   ] GC(46)   Merge Heap Roots: 0.3ms
[2024-07-05T10:36:58.645-0700][info][gc,phases   ] GC(46)   Evacuate Collection Set: 71.4ms
[2024-07-05T10:36:58.645-0700][info][gc,phases   ] GC(46)   Post Evacuate Collection Set: 9.8ms
[2024-07-05T10:36:58.645-0700][info][gc,phases   ] GC(46)   Other: 0.3ms
[2024-07-05T10:36:58.645-0700][info][gc,heap     ] GC(46) Eden regions: 11->0(51)
[2024-07-05T10:36:58.645-0700][info][gc,heap     ] GC(46) Survivor regions: 0->0(7)
[2024-07-05T10:36:58.645-0700][info][gc,heap     ] GC(46) Old regions: 974->969
[2024-07-05T10:36:58.645-0700][info][gc,heap     ] GC(46) Archive regions: 2->2
[2024-07-05T10:36:58.645-0700][info][gc,heap     ] GC(46) Humongous regions: 4->4
[2024-07-05T10:36:58.645-0700][info][gc,metaspace] GC(46) Metaspace: 300K(512K)->300K(512K) NonClass: 293K(384K)->293K(384K) Class: 7K(128K)->7K(128K)
[2024-07-05T10:36:58.645-0700][info][gc          ] GC(46) Pause Young (Mixed) (G1 Preventive Collection) 3959M->3895M(4096M) 82.085ms
[2024-07-05T10:36:58.645-0700][info][gc,cpu      ] GC(46) User=0.26s Sys=0.03s Real=0.09s
[2024-07-05T10:37:06.235-0700][info][gc,start    ] GC(47) Pause Young (Mixed) (G1 Preventive Collection)
[2024-07-05T10:37:06.235-0700][info][gc,task     ] GC(47) Using 4 workers of 4 for evacuation
[2024-07-05T10:37:06.289-0700][info][gc          ] GC(47) To-space exhausted
[2024-07-05T10:37:06.289-0700][info][gc,phases   ] GC(47)   Pre Evacuate Collection Set: 0.3ms
[2024-07-05T10:37:06.289-0700][info][gc,phases   ] GC(47)   Merge Heap Roots: 0.2ms
[2024-07-05T10:37:06.289-0700][info][gc,phases   ] GC(47)   Evacuate Collection Set: 48.0ms
[2024-07-05T10:37:06.289-0700][info][gc,phases   ] GC(47)   Post Evacuate Collection Set: 5.8ms
[2024-07-05T10:37:06.289-0700][info][gc,phases   ] GC(47)   Other: 0.2ms
[2024-07-05T10:37:06.289-0700][info][gc,heap     ] GC(47) Eden regions: 10->0(44)
[2024-07-05T10:37:06.289-0700][info][gc,heap     ] GC(47) Survivor regions: 0->7(7)
[2024-07-05T10:37:06.289-0700][info][gc,heap     ] GC(47) Old regions: 969->994
[2024-07-05T10:37:06.289-0700][info][gc,heap     ] GC(47) Archive regions: 2->2
[2024-07-05T10:37:06.289-0700][info][gc,heap     ] GC(47) Humongous regions: 4->4
[2024-07-05T10:37:06.289-0700][info][gc,metaspace] GC(47) Metaspace: 300K(512K)->300K(512K) NonClass: 293K(384K)->293K(384K) Class: 7K(128K)->7K(128K)
[2024-07-05T10:37:06.289-0700][info][gc          ] GC(47) Pause Young (Mixed) (G1 Preventive Collection) 3935M->4023M(4096M) 54.397ms
[2024-07-05T10:37:06.289-0700][info][gc,cpu      ] GC(47) User=0.14s Sys=0.05s Real=0.06s
[2024-07-05T10:37:08.074-0700][info][gc,start    ] GC(48) Pause Young (Concurrent Start) (G1 Preventive Collection)
[2024-07-05T10:37:08.074-0700][info][gc,task     ] GC(48) Using 4 workers of 4 for evacuation
[2024-07-05T10:37:08.088-0700][info][gc,phases   ] GC(48)   Pre Evacuate Collection Set: 0.2ms
[2024-07-05T10:37:08.088-0700][info][gc,phases   ] GC(48)   Merge Heap Roots: 0.2ms
[2024-07-05T10:37:08.088-0700][info][gc,phases   ] GC(48)   Evacuate Collection Set: 12.7ms
[2024-07-05T10:37:08.088-0700][info][gc,phases   ] GC(48)   Post Evacuate Collection Set: 0.4ms
[2024-07-05T10:37:08.088-0700][info][gc,phases   ] GC(48)   Other: 0.2ms
[2024-07-05T10:37:08.088-0700][info][gc,heap     ] GC(48) Eden regions: 4->0(46)
[2024-07-05T10:37:08.088-0700][info][gc,heap     ] GC(48) Survivor regions: 7->5(7)
[2024-07-05T10:37:08.088-0700][info][gc,heap     ] GC(48) Old regions: 994->1001
[2024-07-05T10:37:08.088-0700][info][gc,heap     ] GC(48) Archive regions: 2->2
[2024-07-05T10:37:08.088-0700][info][gc,heap     ] GC(48) Humongous regions: 4->4
[2024-07-05T10:37:08.088-0700][info][gc,metaspace] GC(48) Metaspace: 300K(512K)->300K(512K) NonClass: 293K(384K)->293K(384K) Class: 7K(128K)->7K(128K)
[2024-07-05T10:37:08.088-0700][info][gc          ] GC(48) Pause Young (Concurrent Start) (G1 Preventive Collection) 4039M->4041M(4096M) 13.823ms
[2024-07-05T10:37:08.088-0700][info][gc,cpu      ] GC(48) User=0.04s Sys=0.01s Real=0.02s
[2024-07-05T10:37:08.088-0700][info][gc          ] GC(49) Concurrent Mark Cycle
[2024-07-05T10:37:08.088-0700][info][gc,marking  ] GC(49) Concurrent Clear Claimed Marks
[2024-07-05T10:37:08.088-0700][info][gc,marking  ] GC(49) Concurrent Clear Claimed Marks 0.007ms
[2024-07-05T10:37:08.088-0700][info][gc,marking  ] GC(49) Concurrent Scan Root Regions
[2024-07-05T10:37:08.091-0700][info][gc,marking  ] GC(49) Concurrent Scan Root Regions 2.579ms
[2024-07-05T10:37:08.091-0700][info][gc,marking  ] GC(49) Concurrent Mark
[2024-07-05T10:37:08.091-0700][info][gc,marking  ] GC(49) Concurrent Mark From Roots
[2024-07-05T10:37:08.091-0700][info][gc,task     ] GC(49) Using 1 workers of 1 for marking
[2024-07-05T10:37:08.602-0700][info][gc,marking  ] GC(49) Concurrent Mark From Roots 510.882ms
[2024-07-05T10:37:08.602-0700][info][gc,marking  ] GC(49) Concurrent Preclean
[2024-07-05T10:37:08.602-0700][info][gc,marking  ] GC(49) Concurrent Preclean 0.059ms
[2024-07-05T10:38:01.969-0700][info][gc,start    ] GC(49) Pause Remark
[2024-07-05T10:38:01.972-0700][info][gc          ] GC(49) Pause Remark 4045M->4045M(4096M) 2.417ms
[2024-07-05T10:38:01.972-0700][info][gc,cpu      ] GC(49) User=0.00s Sys=0.00s Real=0.00s
[2024-07-05T10:38:01.972-0700][info][gc,marking  ] GC(49) Concurrent Mark 53881.085ms
[2024-07-05T10:38:01.972-0700][info][gc,marking  ] GC(49) Concurrent Rebuild Remembered Sets
[2024-07-05T10:38:02.420-0700][info][gc,marking  ] GC(49) Concurrent Rebuild Remembered Sets 447.883ms
[2024-07-05T10:38:02.772-0700][info][gc,start    ] GC(49) Pause Cleanup
[2024-07-05T10:38:02.773-0700][info][gc          ] GC(49) Pause Cleanup 4045M->4045M(4096M) 0.547ms
[2024-07-05T10:38:02.773-0700][info][gc,cpu      ] GC(49) User=0.00s Sys=0.00s Real=0.00s
[2024-07-05T10:38:02.773-0700][info][gc,marking  ] GC(49) Concurrent Cleanup for Next Mark
[2024-07-05T10:38:02.776-0700][info][gc,start    ] GC(50) Pause Young (Prepare Mixed) (G1 Preventive Collection)
[2024-07-05T10:38:02.776-0700][info][gc,task     ] GC(50) Using 4 workers of 4 for evacuation
[2024-07-05T10:38:02.788-0700][info][gc,phases   ] GC(50)   Pre Evacuate Collection Set: 0.2ms
[2024-07-05T10:38:02.788-0700][info][gc,phases   ] GC(50)   Merge Heap Roots: 0.2ms
[2024-07-05T10:38:02.788-0700][info][gc,phases   ] GC(50)   Evacuate Collection Set: 11.3ms
[2024-07-05T10:38:02.788-0700][info][gc,phases   ] GC(50)   Post Evacuate Collection Set: 0.5ms
[2024-07-05T10:38:02.788-0700][info][gc,phases   ] GC(50)   Other: 0.1ms
[2024-07-05T10:38:02.788-0700][info][gc,heap     ] GC(50) Eden regions: 3->0(48)
[2024-07-05T10:38:02.788-0700][info][gc,heap     ] GC(50) Survivor regions: 5->3(7)
[2024-07-05T10:38:02.788-0700][info][gc,heap     ] GC(50) Old regions: 1001->1005
[2024-07-05T10:38:02.788-0700][info][gc,heap     ] GC(50) Archive regions: 2->2
[2024-07-05T10:38:02.788-0700][info][gc,heap     ] GC(50) Humongous regions: 4->4
[2024-07-05T10:38:02.788-0700][info][gc,metaspace] GC(50) Metaspace: 300K(512K)->300K(512K) NonClass: 293K(384K)->293K(384K) Class: 7K(128K)->7K(128K)
[2024-07-05T10:38:02.788-0700][info][gc          ] GC(50) Pause Young (Prepare Mixed) (G1 Preventive Collection) 4053M->4051M(4096M) 12.426ms
[2024-07-05T10:38:02.788-0700][info][gc,cpu      ] GC(50) User=0.04s Sys=0.01s Real=0.01s
[2024-07-05T10:38:02.793-0700][info][gc,marking  ] GC(49) Concurrent Cleanup for Next Mark 19.995ms
[2024-07-05T10:38:02.793-0700][info][gc          ] GC(49) Concurrent Mark Cycle 54705.094ms
[2024-07-05T10:38:04.636-0700][info][gc,start    ] GC(51) Pause Young (Mixed) (G1 Preventive Collection)
[2024-07-05T10:38:04.636-0700][info][gc,task     ] GC(51) Using 4 workers of 4 for evacuation
[2024-07-05T10:38:04.653-0700][info][gc          ] GC(51) To-space exhausted
[2024-07-05T10:38:04.653-0700][info][gc,phases   ] GC(51)   Pre Evacuate Collection Set: 0.4ms
[2024-07-05T10:38:04.653-0700][info][gc,phases   ] GC(51)   Merge Heap Roots: 0.3ms
[2024-07-05T10:38:04.653-0700][info][gc,phases   ] GC(51)   Evacuate Collection Set: 12.4ms
[2024-07-05T10:38:04.653-0700][info][gc,phases   ] GC(51)   Post Evacuate Collection Set: 3.5ms
[2024-07-05T10:38:04.653-0700][info][gc,phases   ] GC(51)   Other: 0.2ms
[2024-07-05T10:38:04.653-0700][info][gc,heap     ] GC(51) Eden regions: 2->0(46)
[2024-07-05T10:38:04.653-0700][info][gc,heap     ] GC(51) Survivor regions: 3->5(7)
[2024-07-05T10:38:04.653-0700][info][gc,heap     ] GC(51) Old regions: 1005->985
[2024-07-05T10:38:04.653-0700][info][gc,heap     ] GC(51) Archive regions: 2->2
[2024-07-05T10:38:04.653-0700][info][gc,heap     ] GC(51) Humongous regions: 4->4
[2024-07-05T10:38:04.653-0700][info][gc,metaspace] GC(51) Metaspace: 300K(512K)->300K(512K) NonClass: 293K(384K)->293K(384K) Class: 7K(128K)->7K(128K)
[2024-07-05T10:38:04.653-0700][info][gc          ] GC(51) Pause Young (Mixed) (G1 Preventive Collection) 4059M->3979M(4096M) 16.771ms
[2024-07-05T10:38:04.653-0700][info][gc,cpu      ] GC(51) User=0.05s Sys=0.00s Real=0.01s
[2024-07-05T10:38:06.974-0700][info][gc,start    ] GC(52) Pause Young (Mixed) (G1 Preventive Collection)
[2024-07-05T10:38:06.974-0700][info][gc,task     ] GC(52) Using 4 workers of 4 for evacuation
[2024-07-05T10:38:07.040-0700][info][gc          ] GC(52) To-space exhausted
[2024-07-05T10:38:07.040-0700][info][gc,phases   ] GC(52)   Pre Evacuate Collection Set: 0.4ms
[2024-07-05T10:38:07.040-0700][info][gc,phases   ] GC(52)   Merge Heap Roots: 0.5ms
[2024-07-05T10:38:07.040-0700][info][gc,phases   ] GC(52)   Evacuate Collection Set: 57.3ms
[2024-07-05T10:38:07.040-0700][info][gc,phases   ] GC(52)   Post Evacuate Collection Set: 7.5ms
[2024-07-05T10:38:07.040-0700][info][gc,phases   ] GC(52)   Other: 0.2ms
[2024-07-05T10:38:07.040-0700][info][gc,heap     ] GC(52) Eden regions: 3->0(46)
[2024-07-05T10:38:07.040-0700][info][gc,heap     ] GC(52) Survivor regions: 5->5(7)
[2024-07-05T10:38:07.040-0700][info][gc,heap     ] GC(52) Old regions: 985->992
[2024-07-05T10:38:07.040-0700][info][gc,heap     ] GC(52) Archive regions: 2->2
[2024-07-05T10:38:07.040-0700][info][gc,heap     ] GC(52) Humongous regions: 4->4
[2024-07-05T10:38:07.040-0700][info][gc,metaspace] GC(52) Metaspace: 300K(512K)->300K(512K) NonClass: 293K(384K)->293K(384K) Class: 7K(128K)->7K(128K)
[2024-07-05T10:38:07.040-0700][info][gc          ] GC(52) Pause Young (Mixed) (G1 Preventive Collection) 3991M->4007M(4096M) 66.002ms
[2024-07-05T10:38:07.040-0700][info][gc,cpu      ] GC(52) User=0.21s Sys=0.03s Real=0.07s
[2024-07-05T10:38:08.447-0700][info][gc,start    ] GC(53) Pause Young (Mixed) (G1 Preventive Collection)
[2024-07-05T10:38:08.447-0700][info][gc,task     ] GC(53) Using 4 workers of 4 for evacuation
[2024-07-05T10:38:08.476-0700][info][gc          ] GC(53) To-space exhausted
[2024-07-05T10:38:08.476-0700][info][gc,phases   ] GC(53)   Pre Evacuate Collection Set: 0.2ms
[2024-07-05T10:38:08.476-0700][info][gc,phases   ] GC(53)   Merge Heap Roots: 0.1ms
[2024-07-05T10:38:08.476-0700][info][gc,phases   ] GC(53)   Evacuate Collection Set: 25.3ms
[2024-07-05T10:38:08.476-0700][info][gc,phases   ] GC(53)   Post Evacuate Collection Set: 3.6ms
[2024-07-05T10:38:08.476-0700][info][gc,phases   ] GC(53)   Other: 0.2ms
[2024-07-05T10:38:08.476-0700][info][gc,heap     ] GC(53) Eden regions: 1->0(46)
[2024-07-05T10:38:08.476-0700][info][gc,heap     ] GC(53) Survivor regions: 5->5(7)
[2024-07-05T10:38:08.476-0700][info][gc,heap     ] GC(53) Old regions: 992->1004
[2024-07-05T10:38:08.476-0700][info][gc,heap     ] GC(53) Archive regions: 2->2
[2024-07-05T10:38:08.476-0700][info][gc,heap     ] GC(53) Humongous regions: 4->4
[2024-07-05T10:38:08.476-0700][info][gc,metaspace] GC(53) Metaspace: 300K(512K)->300K(512K) NonClass: 293K(384K)->293K(384K) Class: 7K(128K)->7K(128K)
[2024-07-05T10:38:08.476-0700][info][gc          ] GC(53) Pause Young (Mixed) (G1 Preventive Collection) 4011M->4052M(4096M) 29.506ms
[2024-07-05T10:38:08.476-0700][info][gc,cpu      ] GC(53) User=0.09s Sys=0.02s Real=0.03s
[2024-07-05T10:38:10.768-0700][info][gc,start    ] GC(54) Pause Young (Concurrent Start) (G1 Preventive Collection)
[2024-07-05T10:38:10.768-0700][info][gc,task     ] GC(54) Using 4 workers of 4 for evacuation
[2024-07-05T10:38:10.775-0700][info][gc,phases   ] GC(54)   Pre Evacuate Collection Set: 0.2ms
[2024-07-05T10:38:10.775-0700][info][gc,phases   ] GC(54)   Merge Heap Roots: 0.2ms
[2024-07-05T10:38:10.775-0700][info][gc,phases   ] GC(54)   Evacuate Collection Set: 5.2ms
[2024-07-05T10:38:10.775-0700][info][gc,phases   ] GC(54)   Post Evacuate Collection Set: 0.7ms
[2024-07-05T10:38:10.775-0700][info][gc,phases   ] GC(54)   Other: 0.1ms
[2024-07-05T10:38:10.775-0700][info][gc,heap     ] GC(54) Eden regions: 2->0(47)
[2024-07-05T10:38:10.775-0700][info][gc,heap     ] GC(54) Survivor regions: 5->4(7)
[2024-07-05T10:38:10.775-0700][info][gc,heap     ] GC(54) Old regions: 1004->1007
[2024-07-05T10:38:10.775-0700][info][gc,heap     ] GC(54) Archive regions: 2->2
[2024-07-05T10:38:10.775-0700][info][gc,heap     ] GC(54) Humongous regions: 4->4
[2024-07-05T10:38:10.775-0700][info][gc,metaspace] GC(54) Metaspace: 300K(512K)->300K(512K) NonClass: 293K(384K)->293K(384K) Class: 7K(128K)->7K(128K)
[2024-07-05T10:38:10.775-0700][info][gc          ] GC(54) Pause Young (Concurrent Start) (G1 Preventive Collection) 4060M->4060M(4096M) 6.353ms
[2024-07-05T10:38:10.775-0700][info][gc,cpu      ] GC(54) User=0.02s Sys=0.00s Real=0.00s
[2024-07-05T10:38:10.775-0700][info][gc          ] GC(55) Concurrent Mark Cycle
[2024-07-05T10:38:10.775-0700][info][gc,marking  ] GC(55) Concurrent Clear Claimed Marks
[2024-07-05T10:38:10.775-0700][info][gc,marking  ] GC(55) Concurrent Clear Claimed Marks 0.006ms
[2024-07-05T10:38:10.775-0700][info][gc,marking  ] GC(55) Concurrent Scan Root Regions
[2024-07-05T10:38:10.776-0700][info][gc,marking  ] GC(55) Concurrent Scan Root Regions 1.329ms
[2024-07-05T10:38:10.776-0700][info][gc,marking  ] GC(55) Concurrent Mark
[2024-07-05T10:38:10.776-0700][info][gc,marking  ] GC(55) Concurrent Mark From Roots
[2024-07-05T10:38:10.776-0700][info][gc,task     ] GC(55) Using 1 workers of 1 for marking
[2024-07-05T10:38:10.776-0700][info][gc,start    ] GC(56) Pause Young (Normal) (G1 Preventive Collection)
[2024-07-05T10:38:10.776-0700][info][gc,task     ] GC(56) Using 4 workers of 4 for evacuation
[2024-07-05T10:38:10.779-0700][info][gc,phases   ] GC(56)   Pre Evacuate Collection Set: 1.2ms
[2024-07-05T10:38:10.779-0700][info][gc,phases   ] GC(56)   Merge Heap Roots: 0.2ms
[2024-07-05T10:38:10.779-0700][info][gc,phases   ] GC(56)   Evacuate Collection Set: 2.3ms
[2024-07-05T10:38:10.779-0700][info][gc,phases   ] GC(56)   Post Evacuate Collection Set: 0.6ms
[2024-07-05T10:38:10.779-0700][info][gc,phases   ] GC(56)   Other: 0.1ms
[2024-07-05T10:38:10.779-0700][info][gc,heap     ] GC(56) Eden regions: 1->0(46)
[2024-07-05T10:38:10.779-0700][info][gc,heap     ] GC(56) Survivor regions: 4->5(6)
[2024-07-05T10:38:10.779-0700][info][gc,heap     ] GC(56) Old regions: 1007->1007
[2024-07-05T10:38:10.779-0700][info][gc,heap     ] GC(56) Archive regions: 2->2
[2024-07-05T10:38:10.779-0700][info][gc,heap     ] GC(56) Humongous regions: 4->4
[2024-07-05T10:38:10.779-0700][info][gc,metaspace] GC(56) Metaspace: 300K(512K)->300K(512K) NonClass: 293K(384K)->293K(384K) Class: 7K(128K)->7K(128K)
[2024-07-05T10:38:10.780-0700][info][gc          ] GC(56) Pause Young (Normal) (G1 Preventive Collection) 4064M->4065M(4096M) 3.372ms
[2024-07-05T10:38:10.780-0700][info][gc,cpu      ] GC(56) User=0.01s Sys=0.00s Real=0.00s
[2024-07-05T10:38:10.780-0700][info][gc,start    ] GC(57) Pause Young (Normal) (G1 Preventive Collection)
[2024-07-05T10:38:10.780-0700][info][gc,task     ] GC(57) Using 4 workers of 4 for evacuation
[2024-07-05T10:38:10.784-0700][info][gc          ] GC(57) To-space exhausted
[2024-07-05T10:38:10.784-0700][info][gc,phases   ] GC(57)   Pre Evacuate Collection Set: 0.2ms
[2024-07-05T10:38:10.784-0700][info][gc,phases   ] GC(57)   Merge Heap Roots: 0.2ms
[2024-07-05T10:38:10.784-0700][info][gc,phases   ] GC(57)   Evacuate Collection Set: 2.9ms
[2024-07-05T10:38:10.784-0700][info][gc,phases   ] GC(57)   Post Evacuate Collection Set: 0.9ms
[2024-07-05T10:38:10.784-0700][info][gc,phases   ] GC(57)   Other: 0.1ms
[2024-07-05T10:38:10.784-0700][info][gc,heap     ] GC(57) Eden regions: 1->0(47)
[2024-07-05T10:38:10.784-0700][info][gc,heap     ] GC(57) Survivor regions: 5->4(5)
[2024-07-05T10:38:10.784-0700][info][gc,heap     ] GC(57) Old regions: 1007->1010
[2024-07-05T10:38:10.784-0700][info][gc,heap     ] GC(57) Archive regions: 2->2
[2024-07-05T10:38:10.784-0700][info][gc,heap     ] GC(57) Humongous regions: 4->4
[2024-07-05T10:38:10.784-0700][info][gc,metaspace] GC(57) Metaspace: 300K(512K)->300K(512K) NonClass: 293K(384K)->293K(384K) Class: 7K(128K)->7K(128K)
[2024-07-05T10:38:10.784-0700][info][gc          ] GC(57) Pause Young (Normal) (G1 Preventive Collection) 4069M->4075M(4096M) 4.350ms
[2024-07-05T10:38:10.784-0700][info][gc,cpu      ] GC(57) User=0.01s Sys=0.00s Real=0.01s
[2024-07-05T10:38:11.358-0700][info][gc,marking  ] GC(55) Concurrent Mark From Roots 581.700ms
[2024-07-05T10:38:11.358-0700][info][gc,marking  ] GC(55) Concurrent Preclean
[2024-07-05T10:38:11.358-0700][info][gc,marking  ] GC(55) Concurrent Preclean 0.062ms
[2024-07-05T10:38:31.443-0700][info][gc,start    ] GC(55) Pause Remark
[2024-07-05T10:38:31.444-0700][info][gc          ] GC(55) Pause Remark 4077M->4077M(4096M) 1.874ms
[2024-07-05T10:38:31.444-0700][info][gc,cpu      ] GC(55) User=0.01s Sys=0.00s Real=0.01s
[2024-07-05T10:38:31.445-0700][info][gc,marking  ] GC(55) Concurrent Mark 20668.479ms
[2024-07-05T10:38:31.445-0700][info][gc,marking  ] GC(55) Concurrent Rebuild Remembered Sets
[2024-07-05T10:38:31.841-0700][info][gc,marking  ] GC(55) Concurrent Rebuild Remembered Sets 396.846ms
[2024-07-05T10:38:32.262-0700][info][gc,start    ] GC(55) Pause Cleanup
[2024-07-05T10:38:32.263-0700][info][gc          ] GC(55) Pause Cleanup 4077M->4077M(4096M) 0.750ms
[2024-07-05T10:38:32.263-0700][info][gc,cpu      ] GC(55) User=0.00s Sys=0.00s Real=0.01s
[2024-07-05T10:38:32.263-0700][info][gc,marking  ] GC(55) Concurrent Cleanup for Next Mark
[2024-07-05T10:38:32.271-0700][info][gc,marking  ] GC(55) Concurrent Cleanup for Next Mark 7.630ms
[2024-07-05T10:38:32.271-0700][info][gc          ] GC(55) Concurrent Mark Cycle 21496.105ms
[2024-07-05T10:38:33.006-0700][info][gc,start    ] GC(58) Pause Young (Prepare Mixed) (G1 Preventive Collection)
[2024-07-05T10:38:33.006-0700][info][gc,task     ] GC(58) Using 4 workers of 4 for evacuation
[2024-07-05T10:38:33.013-0700][info][gc          ] GC(58) To-space exhausted
[2024-07-05T10:38:33.013-0700][info][gc,phases   ] GC(58)   Pre Evacuate Collection Set: 0.4ms
[2024-07-05T10:38:33.013-0700][info][gc,phases   ] GC(58)   Merge Heap Roots: 0.2ms
[2024-07-05T10:38:33.013-0700][info][gc,phases   ] GC(58)   Evacuate Collection Set: 5.8ms
[2024-07-05T10:38:33.013-0700][info][gc,phases   ] GC(58)   Post Evacuate Collection Set: 1.2ms
[2024-07-05T10:38:33.013-0700][info][gc,phases   ] GC(58)   Other: 0.1ms
[2024-07-05T10:38:33.013-0700][info][gc,heap     ] GC(58) Eden regions: 1->0(50)
[2024-07-05T10:38:33.013-0700][info][gc,heap     ] GC(58) Survivor regions: 4->1(3)
[2024-07-05T10:38:33.013-0700][info][gc,heap     ] GC(58) Old regions: 1010->1017
[2024-07-05T10:38:33.013-0700][info][gc,heap     ] GC(58) Archive regions: 2->2
[2024-07-05T10:38:33.013-0700][info][gc,heap     ] GC(58) Humongous regions: 4->4
[2024-07-05T10:38:33.013-0700][info][gc,metaspace] GC(58) Metaspace: 300K(512K)->300K(512K) NonClass: 293K(384K)->293K(384K) Class: 7K(128K)->7K(128K)
[2024-07-05T10:38:33.013-0700][info][gc          ] GC(58) Pause Young (Prepare Mixed) (G1 Preventive Collection) 4079M->4091M(4096M) 7.819ms
[2024-07-05T10:38:33.014-0700][info][gc,cpu      ] GC(58) User=0.03s Sys=0.00s Real=0.00s
[2024-07-05T10:38:33.014-0700][info][gc,ergo     ] Attempting full compaction
[2024-07-05T10:38:33.014-0700][info][gc,task     ] GC(59) Using 4 workers of 4 for full compaction
[2024-07-05T10:38:33.014-0700][info][gc,start    ] GC(59) Pause Full (G1 Compaction Pause)
[2024-07-05T10:38:33.014-0700][info][gc,phases,start] GC(59) Phase 1: Mark live objects
[2024-07-05T10:38:33.107-0700][info][gc,phases      ] GC(59) Phase 1: Mark live objects 93.144ms
[2024-07-05T10:38:33.107-0700][info][gc,phases,start] GC(59) Phase 2: Prepare for compaction
[2024-07-05T10:38:33.172-0700][info][gc,phases      ] GC(59) Phase 2: Prepare for compaction 65.406ms
[2024-07-05T10:38:33.172-0700][info][gc,phases,start] GC(59) Phase 3: Adjust pointers
[2024-07-05T10:38:33.251-0700][info][gc,phases      ] GC(59) Phase 3: Adjust pointers 78.363ms
[2024-07-05T10:38:33.251-0700][info][gc,phases,start] GC(59) Phase 4: Compact heap
[2024-07-05T10:38:33.594-0700][info][gc,phases      ] GC(59) Phase 4: Compact heap 342.877ms
[2024-07-05T10:38:33.597-0700][info][gc,heap        ] GC(59) Eden regions: 0->0(51)
[2024-07-05T10:38:33.597-0700][info][gc,heap        ] GC(59) Survivor regions: 1->0(3)
[2024-07-05T10:38:33.597-0700][info][gc,heap        ] GC(59) Old regions: 1017->795
[2024-07-05T10:38:33.597-0700][info][gc,heap        ] GC(59) Archive regions: 2->2
[2024-07-05T10:38:33.597-0700][info][gc,heap        ] GC(59) Humongous regions: 4->4
[2024-07-05T10:38:33.597-0700][info][gc,metaspace   ] GC(59) Metaspace: 300K(512K)->300K(512K) NonClass: 293K(384K)->293K(384K) Class: 7K(128K)->7K(128K)
[2024-07-05T10:38:33.597-0700][info][gc             ] GC(59) Pause Full (G1 Compaction Pause) 4091M->3192M(4096M) 583.493ms
[2024-07-05T10:38:33.597-0700][info][gc,cpu         ] GC(59) User=2.23s Sys=0.01s Real=0.59s
[2024-07-05T10:39:11.712-0700][info][gc,start       ] GC(60) Pause Young (Concurrent Start) (G1 Evacuation Pause)
[2024-07-05T10:39:11.712-0700][info][gc,task        ] GC(60) Using 4 workers of 4 for evacuation
[2024-07-05T10:39:11.765-0700][info][gc,phases      ] GC(60)   Pre Evacuate Collection Set: 0.2ms
[2024-07-05T10:39:11.765-0700][info][gc,phases      ] GC(60)   Merge Heap Roots: 0.3ms
[2024-07-05T10:39:11.765-0700][info][gc,phases      ] GC(60)   Evacuate Collection Set: 52.3ms
[2024-07-05T10:39:11.765-0700][info][gc,phases      ] GC(60)   Post Evacuate Collection Set: 0.7ms
[2024-07-05T10:39:11.765-0700][info][gc,phases      ] GC(60)   Other: 0.2ms
[2024-07-05T10:39:11.765-0700][info][gc,heap        ] GC(60) Eden regions: 51->0(44)
[2024-07-05T10:39:11.765-0700][info][gc,heap        ] GC(60) Survivor regions: 0->7(7)
[2024-07-05T10:39:11.765-0700][info][gc,heap        ] GC(60) Old regions: 795->839
[2024-07-05T10:39:11.765-0700][info][gc,heap        ] GC(60) Archive regions: 2->2
[2024-07-05T10:39:11.765-0700][info][gc,heap        ] GC(60) Humongous regions: 4->4
[2024-07-05T10:39:11.766-0700][info][gc,metaspace   ] GC(60) Metaspace: 300K(512K)->300K(512K) NonClass: 293K(384K)->293K(384K) Class: 7K(128K)->7K(128K)
[2024-07-05T10:39:11.766-0700][info][gc             ] GC(60) Pause Young (Concurrent Start) (G1 Evacuation Pause) 3396M->3393M(4096M) 53.758ms
[2024-07-05T10:39:11.766-0700][info][gc,cpu         ] GC(60) User=0.15s Sys=0.04s Real=0.06s
[2024-07-05T10:39:11.766-0700][info][gc             ] GC(61) Concurrent Mark Cycle
[2024-07-05T10:39:11.766-0700][info][gc,marking     ] GC(61) Concurrent Clear Claimed Marks
[2024-07-05T10:39:11.766-0700][info][gc,marking     ] GC(61) Concurrent Clear Claimed Marks 0.006ms
[2024-07-05T10:39:11.766-0700][info][gc,marking     ] GC(61) Concurrent Scan Root Regions
[2024-07-05T10:39:11.778-0700][info][gc,marking     ] GC(61) Concurrent Scan Root Regions 12.174ms
[2024-07-05T10:39:11.778-0700][info][gc,marking     ] GC(61) Concurrent Mark
[2024-07-05T10:39:11.778-0700][info][gc,marking     ] GC(61) Concurrent Mark From Roots
[2024-07-05T10:39:11.778-0700][info][gc,task        ] GC(61) Using 1 workers of 1 for marking
[2024-07-05T10:39:12.328-0700][info][gc,marking     ] GC(61) Concurrent Mark From Roots 550.346ms
[2024-07-05T10:39:12.328-0700][info][gc,marking     ] GC(61) Concurrent Preclean
[2024-07-05T10:39:12.328-0700][info][gc,marking     ] GC(61) Concurrent Preclean 0.084ms
[2024-07-05T10:40:22.293-0700][info][gc,start       ] GC(61) Pause Remark
[2024-07-05T10:40:22.295-0700][info][gc             ] GC(61) Pause Remark 3395M->3395M(4096M) 1.112ms
[2024-07-05T10:40:22.295-0700][info][gc,cpu         ] GC(61) User=0.00s Sys=0.00s Real=0.00s
[2024-07-05T10:40:22.295-0700][info][gc,marking     ] GC(61) Concurrent Mark 70516.868ms
[2024-07-05T10:40:22.295-0700][info][gc,marking     ] GC(61) Concurrent Rebuild Remembered Sets
[2024-07-05T10:40:22.601-0700][info][gc,marking     ] GC(61) Concurrent Rebuild Remembered Sets 306.652ms
[2024-07-05T10:40:22.659-0700][info][gc,start       ] GC(61) Pause Cleanup
[2024-07-05T10:40:22.660-0700][info][gc             ] GC(61) Pause Cleanup 3405M->3405M(4096M) 0.379ms
[2024-07-05T10:40:22.660-0700][info][gc,cpu         ] GC(61) User=0.00s Sys=0.00s Real=0.00s
[2024-07-05T10:40:22.660-0700][info][gc,marking     ] GC(61) Concurrent Cleanup for Next Mark
[2024-07-05T10:40:22.668-0700][info][gc,marking     ] GC(61) Concurrent Cleanup for Next Mark 8.306ms
[2024-07-05T10:40:22.668-0700][info][gc             ] GC(61) Concurrent Mark Cycle 70902.402ms
[2024-07-05T10:40:52.895-0700][info][gc,start       ] GC(62) Pause Young (Normal) (G1 Evacuation Pause)
[2024-07-05T10:40:52.895-0700][info][gc,task        ] GC(62) Using 4 workers of 4 for evacuation
[2024-07-05T10:40:52.959-0700][info][gc,phases      ] GC(62)   Pre Evacuate Collection Set: 0.2ms
[2024-07-05T10:40:52.959-0700][info][gc,phases      ] GC(62)   Merge Heap Roots: 0.1ms
[2024-07-05T10:40:52.959-0700][info][gc,phases      ] GC(62)   Evacuate Collection Set: 63.4ms
[2024-07-05T10:40:52.959-0700][info][gc,phases      ] GC(62)   Post Evacuate Collection Set: 0.5ms
[2024-07-05T10:40:52.959-0700][info][gc,phases      ] GC(62)   Other: 0.1ms
[2024-07-05T10:40:52.959-0700][info][gc,heap        ] GC(62) Eden regions: 44->0(44)
[2024-07-05T10:40:52.959-0700][info][gc,heap        ] GC(62) Survivor regions: 7->7(7)
[2024-07-05T10:40:52.959-0700][info][gc,heap        ] GC(62) Old regions: 839->882
[2024-07-05T10:40:52.959-0700][info][gc,heap        ] GC(62) Archive regions: 2->2
[2024-07-05T10:40:52.959-0700][info][gc,heap        ] GC(62) Humongous regions: 4->4
[2024-07-05T10:40:52.959-0700][info][gc,metaspace   ] GC(62) Metaspace: 300K(512K)->300K(512K) NonClass: 293K(384K)->293K(384K) Class: 7K(128K)->7K(128K)
[2024-07-05T10:40:52.959-0700][info][gc             ] GC(62) Pause Young (Normal) (G1 Evacuation Pause) 3569M->3565M(4096M) 64.430ms
[2024-07-05T10:40:52.959-0700][info][gc,cpu         ] GC(62) User=0.17s Sys=0.06s Real=0.07s
[2024-07-05T10:41:27.764-0700][info][gc,start       ] GC(63) Pause Young (Concurrent Start) (G1 Evacuation Pause)
[2024-07-05T10:41:27.764-0700][info][gc,task        ] GC(63) Using 4 workers of 4 for evacuation
[2024-07-05T10:41:27.826-0700][info][gc,phases      ] GC(63)   Pre Evacuate Collection Set: 0.4ms
[2024-07-05T10:41:27.826-0700][info][gc,phases      ] GC(63)   Merge Heap Roots: 0.3ms
[2024-07-05T10:41:27.826-0700][info][gc,phases      ] GC(63)   Evacuate Collection Set: 60.1ms
[2024-07-05T10:41:27.826-0700][info][gc,phases      ] GC(63)   Post Evacuate Collection Set: 0.7ms
[2024-07-05T10:41:27.826-0700][info][gc,phases      ] GC(63)   Other: 0.2ms
[2024-07-05T10:41:27.826-0700][info][gc,heap        ] GC(63) Eden regions: 44->0(44)
[2024-07-05T10:41:27.826-0700][info][gc,heap        ] GC(63) Survivor regions: 7->7(7)
[2024-07-05T10:41:27.826-0700][info][gc,heap        ] GC(63) Old regions: 882->925
[2024-07-05T10:41:27.826-0700][info][gc,heap        ] GC(63) Archive regions: 2->2
[2024-07-05T10:41:27.826-0700][info][gc,heap        ] GC(63) Humongous regions: 4->4
[2024-07-05T10:41:27.826-0700][info][gc,metaspace   ] GC(63) Metaspace: 300K(512K)->300K(512K) NonClass: 293K(384K)->293K(384K) Class: 7K(128K)->7K(128K)
[2024-07-05T10:41:27.826-0700][info][gc             ] GC(63) Pause Young (Concurrent Start) (G1 Evacuation Pause) 3741M->3738M(4096M) 61.737ms
[2024-07-05T10:41:27.826-0700][info][gc,cpu         ] GC(63) User=0.18s Sys=0.05s Real=0.06s
[2024-07-05T10:41:27.826-0700][info][gc             ] GC(64) Concurrent Mark Cycle
[2024-07-05T10:41:27.826-0700][info][gc,marking     ] GC(64) Concurrent Clear Claimed Marks
[2024-07-05T10:41:27.826-0700][info][gc,marking     ] GC(64) Concurrent Clear Claimed Marks 0.006ms
[2024-07-05T10:41:27.826-0700][info][gc,marking     ] GC(64) Concurrent Scan Root Regions
[2024-07-05T10:41:27.839-0700][info][gc,marking     ] GC(64) Concurrent Scan Root Regions 13.049ms
[2024-07-05T10:41:27.839-0700][info][gc,marking     ] GC(64) Concurrent Mark
[2024-07-05T10:41:27.839-0700][info][gc,marking     ] GC(64) Concurrent Mark From Roots
[2024-07-05T10:41:27.839-0700][info][gc,task        ] GC(64) Using 1 workers of 1 for marking
[2024-07-05T10:41:28.387-0700][info][gc,marking     ] GC(64) Concurrent Mark From Roots 548.112ms
[2024-07-05T10:41:28.388-0700][info][gc,marking     ] GC(64) Concurrent Preclean
[2024-07-05T10:41:28.388-0700][info][gc,marking     ] GC(64) Concurrent Preclean 0.118ms
[2024-07-05T10:41:30.707-0700][info][gc,start       ] GC(64) Pause Remark
[2024-07-05T10:41:30.708-0700][info][gc             ] GC(64) Pause Remark 3746M->3746M(4096M) 0.998ms
[2024-07-05T10:41:30.708-0700][info][gc,cpu         ] GC(64) User=0.00s Sys=0.00s Real=0.00s
[2024-07-05T10:41:30.708-0700][info][gc,marking     ] GC(64) Concurrent Mark 2869.275ms
[2024-07-05T10:41:30.709-0700][info][gc,marking     ] GC(64) Concurrent Rebuild Remembered Sets
[2024-07-05T10:41:30.989-0700][info][gc,marking     ] GC(64) Concurrent Rebuild Remembered Sets 280.607ms
[2024-07-05T10:41:31.097-0700][info][gc,start       ] GC(64) Pause Cleanup
[2024-07-05T10:41:31.098-0700][info][gc             ] GC(64) Pause Cleanup 3746M->3746M(4096M) 0.476ms
[2024-07-05T10:41:31.098-0700][info][gc,cpu         ] GC(64) User=0.00s Sys=0.00s Real=0.00s
[2024-07-05T10:41:31.098-0700][info][gc,marking     ] GC(64) Concurrent Cleanup for Next Mark
[2024-07-05T10:41:31.107-0700][info][gc,marking     ] GC(64) Concurrent Cleanup for Next Mark 8.736ms
[2024-07-05T10:41:31.107-0700][info][gc             ] GC(64) Concurrent Mark Cycle 3280.575ms
[2024-07-05T10:42:00.987-0700][info][gc,start       ] GC(65) Pause Young (Normal) (G1 Preventive Collection)
[2024-07-05T10:42:00.988-0700][info][gc,task        ] GC(65) Using 4 workers of 4 for evacuation
[2024-07-05T10:42:01.035-0700][info][gc,phases      ] GC(65)   Pre Evacuate Collection Set: 0.4ms
[2024-07-05T10:42:01.035-0700][info][gc,phases      ] GC(65)   Merge Heap Roots: 0.3ms
[2024-07-05T10:42:01.035-0700][info][gc,phases      ] GC(65)   Evacuate Collection Set: 45.8ms
[2024-07-05T10:42:01.035-0700][info][gc,phases      ] GC(65)   Post Evacuate Collection Set: 0.6ms
[2024-07-05T10:42:01.035-0700][info][gc,phases      ] GC(65)   Other: 0.8ms
[2024-07-05T10:42:01.035-0700][info][gc,heap        ] GC(65) Eden regions: 37->0(44)
[2024-07-05T10:42:01.035-0700][info][gc,heap        ] GC(65) Survivor regions: 7->7(7)
[2024-07-05T10:42:01.035-0700][info][gc,heap        ] GC(65) Old regions: 925->962
[2024-07-05T10:42:01.035-0700][info][gc,heap        ] GC(65) Archive regions: 2->2
[2024-07-05T10:42:01.035-0700][info][gc,heap        ] GC(65) Humongous regions: 4->4
[2024-07-05T10:42:01.035-0700][info][gc,metaspace   ] GC(65) Metaspace: 300K(512K)->300K(512K) NonClass: 293K(384K)->293K(384K) Class: 7K(128K)->7K(128K)
[2024-07-05T10:42:01.035-0700][info][gc             ] GC(65) Pause Young (Normal) (G1 Preventive Collection) 3886M->3884M(4096M) 47.901ms
[2024-07-05T10:42:01.035-0700][info][gc,cpu         ] GC(65) User=0.15s Sys=0.01s Real=0.04s
[2024-07-05T10:42:17.209-0700][info][gc,start       ] GC(66) Pause Young (Concurrent Start) (G1 Preventive Collection)
[2024-07-05T10:42:17.209-0700][info][gc,task        ] GC(66) Using 4 workers of 4 for evacuation
[2024-07-05T10:42:17.234-0700][info][gc,phases      ] GC(66)   Pre Evacuate Collection Set: 0.3ms
[2024-07-05T10:42:17.234-0700][info][gc,phases      ] GC(66)   Merge Heap Roots: 0.1ms
[2024-07-05T10:42:17.234-0700][info][gc,phases      ] GC(66)   Evacuate Collection Set: 23.6ms
[2024-07-05T10:42:17.234-0700][info][gc,phases      ] GC(66)   Post Evacuate Collection Set: 0.5ms
[2024-07-05T10:42:17.234-0700][info][gc,phases      ] GC(66)   Other: 0.1ms
[2024-07-05T10:42:17.234-0700][info][gc,heap        ] GC(66) Eden regions: 19->0(44)
[2024-07-05T10:42:17.234-0700][info][gc,heap        ] GC(66) Survivor regions: 7->7(7)
[2024-07-05T10:42:17.234-0700][info][gc,heap        ] GC(66) Old regions: 962->980
[2024-07-05T10:42:17.234-0700][info][gc,heap        ] GC(66) Archive regions: 2->2
[2024-07-05T10:42:17.234-0700][info][gc,heap        ] GC(66) Humongous regions: 4->4
[2024-07-05T10:42:17.234-0700][info][gc,metaspace   ] GC(66) Metaspace: 300K(512K)->300K(512K) NonClass: 293K(384K)->293K(384K) Class: 7K(128K)->7K(128K)
[2024-07-05T10:42:17.234-0700][info][gc             ] GC(66) Pause Young (Concurrent Start) (G1 Preventive Collection) 3960M->3959M(4096M) 24.722ms
[2024-07-05T10:42:17.234-0700][info][gc,cpu         ] GC(66) User=0.08s Sys=0.01s Real=0.02s
[2024-07-05T10:42:17.234-0700][info][gc             ] GC(67) Concurrent Mark Cycle
[2024-07-05T10:42:17.234-0700][info][gc,marking     ] GC(67) Concurrent Clear Claimed Marks
[2024-07-05T10:42:17.234-0700][info][gc,marking     ] GC(67) Concurrent Clear Claimed Marks 0.006ms
[2024-07-05T10:42:17.234-0700][info][gc,marking     ] GC(67) Concurrent Scan Root Regions
[2024-07-05T10:42:17.240-0700][info][gc,marking     ] GC(67) Concurrent Scan Root Regions 6.332ms
[2024-07-05T10:42:17.240-0700][info][gc,marking     ] GC(67) Concurrent Mark
[2024-07-05T10:42:17.240-0700][info][gc,marking     ] GC(67) Concurrent Mark From Roots
[2024-07-05T10:42:17.240-0700][info][gc,task        ] GC(67) Using 1 workers of 1 for marking
[2024-07-05T10:42:17.839-0700][info][gc,marking     ] GC(67) Concurrent Mark From Roots 598.437ms
[2024-07-05T10:42:17.839-0700][info][gc,marking     ] GC(67) Concurrent Preclean
[2024-07-05T10:42:17.839-0700][info][gc,marking     ] GC(67) Concurrent Preclean 0.061ms
[2024-07-05T10:42:19.205-0700][info][gc,start       ] GC(67) Pause Remark
[2024-07-05T10:42:19.208-0700][info][gc             ] GC(67) Pause Remark 3961M->3961M(4096M) 2.123ms
[2024-07-05T10:42:19.208-0700][info][gc,cpu         ] GC(67) User=0.00s Sys=0.00s Real=0.00s
[2024-07-05T10:42:19.208-0700][info][gc,marking     ] GC(67) Concurrent Mark 1967.567ms
[2024-07-05T10:42:19.208-0700][info][gc,marking     ] GC(67) Concurrent Rebuild Remembered Sets
[2024-07-05T10:42:19.490-0700][info][gc,marking     ] GC(67) Concurrent Rebuild Remembered Sets 282.232ms
[2024-07-05T10:42:20.831-0700][info][gc,start       ] GC(67) Pause Cleanup
[2024-07-05T10:42:20.831-0700][info][gc             ] GC(67) Pause Cleanup 3961M->3961M(4096M) 0.511ms
[2024-07-05T10:42:20.831-0700][info][gc,cpu         ] GC(67) User=0.00s Sys=0.00s Real=0.00s
[2024-07-05T10:42:20.832-0700][info][gc,marking     ] GC(67) Concurrent Cleanup for Next Mark
[2024-07-05T10:42:20.839-0700][info][gc,marking     ] GC(67) Concurrent Cleanup for Next Mark 7.674ms
[2024-07-05T10:42:20.840-0700][info][gc             ] GC(67) Concurrent Mark Cycle 3605.813ms
[2024-07-05T10:42:29.031-0700][info][gc,start       ] GC(68) Pause Young (Prepare Mixed) (G1 Preventive Collection)
[2024-07-05T10:42:29.031-0700][info][gc,task        ] GC(68) Using 4 workers of 4 for evacuation
[2024-07-05T10:42:29.049-0700][info][gc,phases      ] GC(68)   Pre Evacuate Collection Set: 0.3ms
[2024-07-05T10:42:29.049-0700][info][gc,phases      ] GC(68)   Merge Heap Roots: 0.2ms
[2024-07-05T10:42:29.049-0700][info][gc,phases      ] GC(68)   Evacuate Collection Set: 16.5ms
[2024-07-05T10:42:29.049-0700][info][gc,phases      ] GC(68)   Post Evacuate Collection Set: 0.5ms
[2024-07-05T10:42:29.049-0700][info][gc,phases      ] GC(68)   Other: 0.1ms
[2024-07-05T10:42:29.049-0700][info][gc,heap        ] GC(68) Eden regions: 11->0(44)
[2024-07-05T10:42:29.049-0700][info][gc,heap        ] GC(68) Survivor regions: 7->7(7)
[2024-07-05T10:42:29.049-0700][info][gc,heap        ] GC(68) Old regions: 980->991
[2024-07-05T10:42:29.049-0700][info][gc,heap        ] GC(68) Archive regions: 2->2
[2024-07-05T10:42:29.049-0700][info][gc,heap        ] GC(68) Humongous regions: 4->4
[2024-07-05T10:42:29.049-0700][info][gc,metaspace   ] GC(68) Metaspace: 300K(512K)->300K(512K) NonClass: 293K(384K)->293K(384K) Class: 7K(128K)->7K(128K)
[2024-07-05T10:42:29.049-0700][info][gc             ] GC(68) Pause Young (Prepare Mixed) (G1 Preventive Collection) 4003M->4003M(4096M) 17.693ms
[2024-07-05T10:42:29.049-0700][info][gc,cpu         ] GC(68) User=0.06s Sys=0.00s Real=0.02s
[2024-07-05T10:42:33.805-0700][info][gc,start       ] GC(69) Pause Young (Mixed) (G1 Preventive Collection)
[2024-07-05T10:42:33.805-0700][info][gc,task        ] GC(69) Using 4 workers of 4 for evacuation
[2024-07-05T10:42:33.819-0700][info][gc,phases      ] GC(69)   Pre Evacuate Collection Set: 0.2ms
[2024-07-05T10:42:33.819-0700][info][gc,phases      ] GC(69)   Merge Heap Roots: 0.2ms
[2024-07-05T10:42:33.819-0700][info][gc,phases      ] GC(69)   Evacuate Collection Set: 13.2ms
[2024-07-05T10:42:33.819-0700][info][gc,phases      ] GC(69)   Post Evacuate Collection Set: 0.6ms
[2024-07-05T10:42:33.819-0700][info][gc,phases      ] GC(69)   Other: 0.1ms
[2024-07-05T10:42:33.819-0700][info][gc,heap        ] GC(69) Eden regions: 5->0(45)
[2024-07-05T10:42:33.819-0700][info][gc,heap        ] GC(69) Survivor regions: 7->6(7)
[2024-07-05T10:42:33.819-0700][info][gc,heap        ] GC(69) Old regions: 991->996
[2024-07-05T10:42:33.819-0700][info][gc,heap        ] GC(69) Archive regions: 2->2
[2024-07-05T10:42:33.819-0700][info][gc,heap        ] GC(69) Humongous regions: 4->4
[2024-07-05T10:42:33.819-0700][info][gc,metaspace   ] GC(69) Metaspace: 300K(512K)->300K(512K) NonClass: 293K(384K)->293K(384K) Class: 7K(128K)->7K(128K)
[2024-07-05T10:42:33.819-0700][info][gc             ] GC(69) Pause Young (Mixed) (G1 Preventive Collection) 4023M->4025M(4096M) 14.329ms
[2024-07-05T10:42:33.819-0700][info][gc,cpu         ] GC(69) User=0.05s Sys=0.01s Real=0.01s
[2024-07-05T10:42:35.792-0700][info][gc,start       ] GC(70) Pause Young (Concurrent Start) (G1 Preventive Collection)
[2024-07-05T10:42:35.792-0700][info][gc,task        ] GC(70) Using 4 workers of 4 for evacuation
[2024-07-05T10:42:35.802-0700][info][gc,phases      ] GC(70)   Pre Evacuate Collection Set: 0.2ms
[2024-07-05T10:42:35.802-0700][info][gc,phases      ] GC(70)   Merge Heap Roots: 0.2ms
[2024-07-05T10:42:35.802-0700][info][gc,phases      ] GC(70)   Evacuate Collection Set: 8.4ms
[2024-07-05T10:42:35.802-0700][info][gc,phases      ] GC(70)   Post Evacuate Collection Set: 0.7ms
[2024-07-05T10:42:35.802-0700][info][gc,phases      ] GC(70)   Other: 0.2ms
[2024-07-05T10:42:35.802-0700][info][gc,heap        ] GC(70) Eden regions: 4->0(46)
[2024-07-05T10:42:35.802-0700][info][gc,heap        ] GC(70) Survivor regions: 6->5(7)
[2024-07-05T10:42:35.802-0700][info][gc,heap        ] GC(70) Old regions: 996->1001
[2024-07-05T10:42:35.802-0700][info][gc,heap        ] GC(70) Archive regions: 2->2
[2024-07-05T10:42:35.802-0700][info][gc,heap        ] GC(70) Humongous regions: 4->4
[2024-07-05T10:42:35.802-0700][info][gc,metaspace   ] GC(70) Metaspace: 300K(512K)->300K(512K) NonClass: 293K(384K)->293K(384K) Class: 7K(128K)->7K(128K)
[2024-07-05T10:42:35.802-0700][info][gc             ] GC(70) Pause Young (Concurrent Start) (G1 Preventive Collection) 4041M->4040M(4096M) 9.690ms
[2024-07-05T10:42:35.802-0700][info][gc,cpu         ] GC(70) User=0.03s Sys=0.00s Real=0.01s
[2024-07-05T10:42:35.802-0700][info][gc             ] GC(71) Concurrent Mark Cycle
[2024-07-05T10:42:35.802-0700][info][gc,marking     ] GC(71) Concurrent Clear Claimed Marks
[2024-07-05T10:42:35.802-0700][info][gc,marking     ] GC(71) Concurrent Clear Claimed Marks 0.006ms
[2024-07-05T10:42:35.802-0700][info][gc,marking     ] GC(71) Concurrent Scan Root Regions
[2024-07-05T10:42:35.805-0700][info][gc,marking     ] GC(71) Concurrent Scan Root Regions 2.623ms
[2024-07-05T10:42:35.805-0700][info][gc,marking     ] GC(71) Concurrent Mark
[2024-07-05T10:42:35.805-0700][info][gc,marking     ] GC(71) Concurrent Mark From Roots
[2024-07-05T10:42:35.805-0700][info][gc,task        ] GC(71) Using 1 workers of 1 for marking
[2024-07-05T10:42:36.391-0700][info][gc,marking     ] GC(71) Concurrent Mark From Roots 585.827ms
[2024-07-05T10:42:36.391-0700][info][gc,marking     ] GC(71) Concurrent Preclean
[2024-07-05T10:42:36.391-0700][info][gc,marking     ] GC(71) Concurrent Preclean 0.064ms
[2024-07-05T10:43:30.601-0700][info][gc,start       ] GC(71) Pause Remark
[2024-07-05T10:43:30.603-0700][info][gc             ] GC(71) Pause Remark 4042M->4042M(4096M) 1.943ms
[2024-07-05T10:43:30.603-0700][info][gc,cpu         ] GC(71) User=0.01s Sys=0.00s Real=0.01s
[2024-07-05T10:43:30.604-0700][info][gc,marking     ] GC(71) Concurrent Mark 54798.780ms
[2024-07-05T10:43:30.604-0700][info][gc,marking     ] GC(71) Concurrent Rebuild Remembered Sets
[2024-07-05T10:43:30.994-0700][info][gc,marking     ] GC(71) Concurrent Rebuild Remembered Sets 390.089ms
[2024-07-05T10:43:31.429-0700][info][gc,start       ] GC(71) Pause Cleanup
[2024-07-05T10:43:31.430-0700][info][gc             ] GC(71) Pause Cleanup 4042M->4042M(4096M) 0.520ms
[2024-07-05T10:43:31.430-0700][info][gc,cpu         ] GC(71) User=0.00s Sys=0.00s Real=0.00s
[2024-07-05T10:43:31.430-0700][info][gc,marking     ] GC(71) Concurrent Cleanup for Next Mark
[2024-07-05T10:43:31.440-0700][info][gc,marking     ] GC(71) Concurrent Cleanup for Next Mark 9.953ms
[2024-07-05T10:43:31.440-0700][info][gc             ] GC(71) Concurrent Mark Cycle 55637.734ms
[2024-07-05T10:43:34.969-0700][info][gc,start       ] GC(72) Pause Young (Prepare Mixed) (G1 Preventive Collection)
[2024-07-05T10:43:34.969-0700][info][gc,task        ] GC(72) Using 4 workers of 4 for evacuation
[2024-07-05T10:43:34.978-0700][info][gc,phases      ] GC(72)   Pre Evacuate Collection Set: 0.2ms
[2024-07-05T10:43:34.978-0700][info][gc,phases      ] GC(72)   Merge Heap Roots: 0.3ms
[2024-07-05T10:43:34.978-0700][info][gc,phases      ] GC(72)   Evacuate Collection Set: 8.2ms
[2024-07-05T10:43:34.978-0700][info][gc,phases      ] GC(72)   Post Evacuate Collection Set: 0.7ms
[2024-07-05T10:43:34.978-0700][info][gc,phases      ] GC(72)   Other: 0.1ms
[2024-07-05T10:43:34.978-0700][info][gc,heap        ] GC(72) Eden regions: 3->0(47)
[2024-07-05T10:43:34.978-0700][info][gc,heap        ] GC(72) Survivor regions: 5->4(7)
[2024-07-05T10:43:34.978-0700][info][gc,heap        ] GC(72) Old regions: 1001->1005
[2024-07-05T10:43:34.978-0700][info][gc,heap        ] GC(72) Archive regions: 2->2
[2024-07-05T10:43:34.978-0700][info][gc,heap        ] GC(72) Humongous regions: 4->4
[2024-07-05T10:43:34.978-0700][info][gc,metaspace   ] GC(72) Metaspace: 300K(512K)->300K(512K) NonClass: 293K(384K)->293K(384K) Class: 7K(128K)->7K(128K)
[2024-07-05T10:43:34.978-0700][info][gc             ] GC(72) Pause Young (Prepare Mixed) (G1 Preventive Collection) 4052M->4051M(4096M) 9.477ms
[2024-07-05T10:43:34.978-0700][info][gc,cpu         ] GC(72) User=0.03s Sys=0.00s Real=0.01s
[2024-07-05T10:43:34.980-0700][info][gc,start       ] GC(73) Pause Young (Mixed) (G1 Preventive Collection)
[2024-07-05T10:43:34.980-0700][info][gc,task        ] GC(73) Using 4 workers of 4 for evacuation
[2024-07-05T10:43:34.988-0700][info][gc             ] GC(73) To-space exhausted
[2024-07-05T10:43:34.989-0700][info][gc,phases      ] GC(73)   Pre Evacuate Collection Set: 0.3ms
[2024-07-05T10:43:34.989-0700][info][gc,phases      ] GC(73)   Merge Heap Roots: 0.2ms
[2024-07-05T10:43:34.989-0700][info][gc,phases      ] GC(73)   Evacuate Collection Set: 6.5ms
[2024-07-05T10:43:34.989-0700][info][gc,phases      ] GC(73)   Post Evacuate Collection Set: 1.7ms
[2024-07-05T10:43:34.989-0700][info][gc,phases      ] GC(73)   Other: 0.1ms
[2024-07-05T10:43:34.989-0700][info][gc,heap        ] GC(73) Eden regions: 2->0(47)
[2024-07-05T10:43:34.989-0700][info][gc,heap        ] GC(73) Survivor regions: 4->4(7)
[2024-07-05T10:43:34.989-0700][info][gc,heap        ] GC(73) Old regions: 1005->1010
[2024-07-05T10:43:34.989-0700][info][gc,heap        ] GC(73) Archive regions: 2->2
[2024-07-05T10:43:34.989-0700][info][gc,heap        ] GC(73) Humongous regions: 4->4
[2024-07-05T10:43:34.989-0700][info][gc,metaspace   ] GC(73) Metaspace: 300K(512K)->300K(512K) NonClass: 293K(384K)->293K(384K) Class: 7K(128K)->7K(128K)
[2024-07-05T10:43:34.989-0700][info][gc             ] GC(73) Pause Young (Mixed) (G1 Preventive Collection) 4059M->4075M(4096M) 8.783ms
[2024-07-05T10:43:34.989-0700][info][gc,cpu         ] GC(73) User=0.03s Sys=0.00s Real=0.01s
[2024-07-05T10:43:37.316-0700][info][gc,start       ] GC(74) Pause Young (Concurrent Start) (G1 Preventive Collection)
[2024-07-05T10:43:37.316-0700][info][gc,task        ] GC(74) Using 4 workers of 4 for evacuation
[2024-07-05T10:43:37.324-0700][info][gc             ] GC(74) To-space exhausted
[2024-07-05T10:43:37.324-0700][info][gc,phases      ] GC(74)   Pre Evacuate Collection Set: 0.3ms
[2024-07-05T10:43:37.324-0700][info][gc,phases      ] GC(74)   Merge Heap Roots: 0.2ms
[2024-07-05T10:43:37.324-0700][info][gc,phases      ] GC(74)   Evacuate Collection Set: 6.2ms
[2024-07-05T10:43:37.324-0700][info][gc,phases      ] GC(74)   Post Evacuate Collection Set: 1.2ms
[2024-07-05T10:43:37.324-0700][info][gc,phases      ] GC(74)   Other: 0.2ms
[2024-07-05T10:43:37.324-0700][info][gc,heap        ] GC(74) Eden regions: 1->0(50)
[2024-07-05T10:43:37.324-0700][info][gc,heap        ] GC(74) Survivor regions: 4->1(3)
[2024-07-05T10:43:37.324-0700][info][gc,heap        ] GC(74) Old regions: 1010->1017
[2024-07-05T10:43:37.324-0700][info][gc,heap        ] GC(74) Archive regions: 2->2
[2024-07-05T10:43:37.324-0700][info][gc,heap        ] GC(74) Humongous regions: 4->4
[2024-07-05T10:43:37.324-0700][info][gc,metaspace   ] GC(74) Metaspace: 300K(512K)->300K(512K) NonClass: 293K(384K)->293K(384K) Class: 7K(128K)->7K(128K)
[2024-07-05T10:43:37.324-0700][info][gc             ] GC(74) Pause Young (Concurrent Start) (G1 Preventive Collection) 4079M->4091M(4096M) 8.187ms
[2024-07-05T10:43:37.324-0700][info][gc,cpu         ] GC(74) User=0.01s Sys=0.01s Real=0.01s
[2024-07-05T10:43:37.324-0700][info][gc,ergo        ] Attempting full compaction
[2024-07-05T10:43:37.324-0700][info][gc,task        ] GC(75) Using 4 workers of 4 for full compaction
[2024-07-05T10:43:37.325-0700][info][gc             ] GC(76) Concurrent Mark Cycle
[2024-07-05T10:43:37.325-0700][info][gc,marking     ] GC(76) Concurrent Clear Claimed Marks
[2024-07-05T10:43:37.325-0700][info][gc,marking     ] GC(76) Concurrent Clear Claimed Marks 0.006ms
[2024-07-05T10:43:37.325-0700][info][gc,marking     ] GC(76) Concurrent Scan Root Regions
[2024-07-05T10:43:37.325-0700][info][gc,start       ] GC(75) Pause Full (G1 Compaction Pause)
[2024-07-05T10:43:37.325-0700][info][gc,marking     ] GC(76) Concurrent Scan Root Regions 0.172ms
[2024-07-05T10:43:37.325-0700][info][gc,marking     ] GC(76) Concurrent Mark
[2024-07-05T10:43:37.325-0700][info][gc,marking     ] GC(76) Concurrent Mark From Roots
[2024-07-05T10:43:37.325-0700][info][gc,task        ] GC(76) Using 1 workers of 1 for marking
[2024-07-05T10:43:37.329-0700][info][gc,phases,start] GC(75) Phase 1: Mark live objects
[2024-07-05T10:43:37.435-0700][info][gc,phases      ] GC(75) Phase 1: Mark live objects 106.339ms
[2024-07-05T10:43:37.435-0700][info][gc,phases,start] GC(75) Phase 2: Prepare for compaction
[2024-07-05T10:43:37.534-0700][info][gc,phases      ] GC(75) Phase 2: Prepare for compaction 99.332ms
[2024-07-05T10:43:37.534-0700][info][gc,phases,start] GC(75) Phase 3: Adjust pointers
[2024-07-05T10:43:37.630-0700][info][gc,phases      ] GC(75) Phase 3: Adjust pointers 95.697ms
[2024-07-05T10:43:37.630-0700][info][gc,phases,start] GC(75) Phase 4: Compact heap
[2024-07-05T10:43:38.130-0700][info][gc,phases      ] GC(75) Phase 4: Compact heap 499.599ms
[2024-07-05T10:43:38.133-0700][info][gc,heap        ] GC(75) Eden regions: 0->0(51)
[2024-07-05T10:43:38.133-0700][info][gc,heap        ] GC(75) Survivor regions: 1->0(3)
[2024-07-05T10:43:38.133-0700][info][gc,heap        ] GC(75) Old regions: 1017->905
[2024-07-05T10:43:38.133-0700][info][gc,heap        ] GC(75) Archive regions: 2->2
[2024-07-05T10:43:38.133-0700][info][gc,heap        ] GC(75) Humongous regions: 4->4
[2024-07-05T10:43:38.133-0700][info][gc,metaspace   ] GC(75) Metaspace: 300K(512K)->300K(512K) NonClass: 293K(384K)->293K(384K) Class: 7K(128K)->7K(128K)
[2024-07-05T10:43:38.133-0700][info][gc             ] GC(75) Pause Full (G1 Compaction Pause) 4091M->3626M(4096M) 808.203ms
[2024-07-05T10:43:38.133-0700][info][gc,cpu         ] GC(75) User=3.16s Sys=0.00s Real=0.80s
[2024-07-05T10:43:38.133-0700][info][gc,marking     ] GC(76) Concurrent Mark From Roots 808.140ms
[2024-07-05T10:43:38.133-0700][info][gc,marking     ] GC(76) Concurrent Mark Abort
[2024-07-05T10:43:38.133-0700][info][gc             ] GC(76) Concurrent Mark Cycle 808.385ms
[2024-07-05T10:44:20.804-0700][info][gc,start       ] GC(77) Pause Young (Normal) (G1 Evacuation Pause)
[2024-07-05T10:44:20.804-0700][info][gc,task        ] GC(77) Using 4 workers of 4 for evacuation
[2024-07-05T10:44:20.858-0700][info][gc,phases      ] GC(77)   Pre Evacuate Collection Set: 0.3ms
[2024-07-05T10:44:20.858-0700][info][gc,phases      ] GC(77)   Merge Heap Roots: 0.3ms
[2024-07-05T10:44:20.858-0700][info][gc,phases      ] GC(77)   Evacuate Collection Set: 53.0ms
[2024-07-05T10:44:20.858-0700][info][gc,phases      ] GC(77)   Post Evacuate Collection Set: 0.7ms
[2024-07-05T10:44:20.858-0700][info][gc,phases      ] GC(77)   Other: 0.1ms
[2024-07-05T10:44:20.858-0700][info][gc,heap        ] GC(77) Eden regions: 51->0(44)
[2024-07-05T10:44:20.858-0700][info][gc,heap        ] GC(77) Survivor regions: 0->7(7)
[2024-07-05T10:44:20.858-0700][info][gc,heap        ] GC(77) Old regions: 905->949
[2024-07-05T10:44:20.858-0700][info][gc,heap        ] GC(77) Archive regions: 2->2
[2024-07-05T10:44:20.858-0700][info][gc,heap        ] GC(77) Humongous regions: 4->4
[2024-07-05T10:44:20.858-0700][info][gc,metaspace   ] GC(77) Metaspace: 300K(512K)->300K(512K) NonClass: 293K(384K)->293K(384K) Class: 7K(128K)->7K(128K)
[2024-07-05T10:44:20.858-0700][info][gc             ] GC(77) Pause Young (Normal) (G1 Evacuation Pause) 3830M->3827M(4096M) 54.446ms
[2024-07-05T10:44:20.858-0700][info][gc,cpu         ] GC(77) User=0.15s Sys=0.04s Real=0.05s
[2024-07-05T10:44:48.917-0700][info][gc,start       ] GC(78) Pause Young (Concurrent Start) (G1 Preventive Collection)
[2024-07-05T10:44:48.917-0700][info][gc,task        ] GC(78) Using 4 workers of 4 for evacuation
[2024-07-05T10:44:48.956-0700][info][gc             ] GC(78) To-space exhausted
[2024-07-05T10:44:48.956-0700][info][gc,phases      ] GC(78)   Pre Evacuate Collection Set: 0.3ms
[2024-07-05T10:44:48.956-0700][info][gc,phases      ] GC(78)   Merge Heap Roots: 0.4ms
[2024-07-05T10:44:48.956-0700][info][gc,phases      ] GC(78)   Evacuate Collection Set: 36.8ms
[2024-07-05T10:44:48.956-0700][info][gc,phases      ] GC(78)   Post Evacuate Collection Set: 1.3ms
[2024-07-05T10:44:48.956-0700][info][gc,phases      ] GC(78)   Other: 0.2ms
[2024-07-05T10:44:48.956-0700][info][gc,heap        ] GC(78) Eden regions: 29->0(44)
[2024-07-05T10:44:48.956-0700][info][gc,heap        ] GC(78) Survivor regions: 7->7(7)
[2024-07-05T10:44:48.956-0700][info][gc,heap        ] GC(78) Old regions: 949->979
[2024-07-05T10:44:48.956-0700][info][gc,heap        ] GC(78) Archive regions: 2->2
[2024-07-05T10:44:48.956-0700][info][gc,heap        ] GC(78) Humongous regions: 4->4
[2024-07-05T10:44:48.956-0700][info][gc,metaspace   ] GC(78) Metaspace: 300K(512K)->300K(512K) NonClass: 293K(384K)->293K(384K) Class: 7K(128K)->7K(128K)
[2024-07-05T10:44:48.956-0700][info][gc             ] GC(78) Pause Young (Concurrent Start) (G1 Preventive Collection) 3943M->3950M(4096M) 39.063ms
[2024-07-05T10:44:48.956-0700][info][gc,cpu         ] GC(78) User=0.11s Sys=0.03s Real=0.04s
[2024-07-05T10:44:48.957-0700][info][gc             ] GC(79) Concurrent Mark Cycle
[2024-07-05T10:44:48.957-0700][info][gc,marking     ] GC(79) Concurrent Clear Claimed Marks
[2024-07-05T10:44:48.957-0700][info][gc,marking     ] GC(79) Concurrent Clear Claimed Marks 0.005ms
[2024-07-05T10:44:48.957-0700][info][gc,marking     ] GC(79) Concurrent Scan Root Regions
[2024-07-05T10:44:48.966-0700][info][gc,marking     ] GC(79) Concurrent Scan Root Regions 9.765ms
[2024-07-05T10:44:48.966-0700][info][gc,marking     ] GC(79) Concurrent Mark
[2024-07-05T10:44:48.966-0700][info][gc,marking     ] GC(79) Concurrent Mark From Roots
[2024-07-05T10:44:48.966-0700][info][gc,task        ] GC(79) Using 1 workers of 1 for marking
[2024-07-05T10:44:49.605-0700][info][gc,marking     ] GC(79) Concurrent Mark From Roots 638.993ms
[2024-07-05T10:44:49.605-0700][info][gc,marking     ] GC(79) Concurrent Preclean
[2024-07-05T10:44:49.605-0700][info][gc,marking     ] GC(79) Concurrent Preclean 0.060ms
[2024-07-05T10:44:51.002-0700][info][gc,start       ] GC(79) Pause Remark
[2024-07-05T10:44:51.004-0700][info][gc             ] GC(79) Pause Remark 3954M->3954M(4096M) 2.209ms
[2024-07-05T10:44:51.004-0700][info][gc,cpu         ] GC(79) User=0.00s Sys=0.00s Real=0.01s
[2024-07-05T10:44:51.004-0700][info][gc,marking     ] GC(79) Concurrent Mark 2037.758ms
[2024-07-05T10:44:51.004-0700][info][gc,marking     ] GC(79) Concurrent Rebuild Remembered Sets
[2024-07-05T10:44:51.268-0700][info][gc,marking     ] GC(79) Concurrent Rebuild Remembered Sets 263.415ms
[2024-07-05T10:44:51.584-0700][info][gc,start       ] GC(79) Pause Cleanup
[2024-07-05T10:44:51.584-0700][info][gc             ] GC(79) Pause Cleanup 3954M->3954M(4096M) 0.568ms
[2024-07-05T10:44:51.584-0700][info][gc,cpu         ] GC(79) User=0.00s Sys=0.00s Real=0.00s
[2024-07-05T10:44:51.585-0700][info][gc,marking     ] GC(79) Concurrent Cleanup for Next Mark
[2024-07-05T10:44:51.591-0700][info][gc,marking     ] GC(79) Concurrent Cleanup for Next Mark 6.626ms
[2024-07-05T10:44:51.591-0700][info][gc             ] GC(79) Concurrent Mark Cycle 2634.691ms
[2024-07-05T10:45:03.458-0700][info][gc,start       ] GC(80) Pause Young (Normal) (G1 Preventive Collection)
[2024-07-05T10:45:03.458-0700][info][gc,task        ] GC(80) Using 4 workers of 4 for evacuation
[2024-07-05T10:45:03.477-0700][info][gc,phases      ] GC(80)   Pre Evacuate Collection Set: 0.2ms
[2024-07-05T10:45:03.477-0700][info][gc,phases      ] GC(80)   Merge Heap Roots: 0.2ms
[2024-07-05T10:45:03.477-0700][info][gc,phases      ] GC(80)   Evacuate Collection Set: 18.0ms
[2024-07-05T10:45:03.477-0700][info][gc,phases      ] GC(80)   Post Evacuate Collection Set: 0.5ms
[2024-07-05T10:45:03.477-0700][info][gc,phases      ] GC(80)   Other: 0.1ms
[2024-07-05T10:45:03.478-0700][info][gc,heap        ] GC(80) Eden regions: 11->0(44)
[2024-07-05T10:45:03.478-0700][info][gc,heap        ] GC(80) Survivor regions: 7->7(7)
[2024-07-05T10:45:03.478-0700][info][gc,heap        ] GC(80) Old regions: 979->990
[2024-07-05T10:45:03.478-0700][info][gc,heap        ] GC(80) Archive regions: 2->2
[2024-07-05T10:45:03.478-0700][info][gc,heap        ] GC(80) Humongous regions: 4->4
[2024-07-05T10:45:03.478-0700][info][gc,metaspace   ] GC(80) Metaspace: 300K(512K)->300K(512K) NonClass: 293K(384K)->293K(384K) Class: 7K(128K)->7K(128K)
[2024-07-05T10:45:03.478-0700][info][gc             ] GC(80) Pause Young (Normal) (G1 Preventive Collection) 3994M->3994M(4096M) 19.305ms
[2024-07-05T10:45:03.478-0700][info][gc,cpu         ] GC(80) User=0.07s Sys=0.00s Real=0.02s
[2024-07-05T10:45:08.548-0700][info][gc,start       ] GC(81) Pause Young (Concurrent Start) (G1 Preventive Collection)
[2024-07-05T10:45:08.548-0700][info][gc,task        ] GC(81) Using 4 workers of 4 for evacuation
[2024-07-05T10:45:08.562-0700][info][gc,phases      ] GC(81)   Pre Evacuate Collection Set: 0.4ms
[2024-07-05T10:45:08.562-0700][info][gc,phases      ] GC(81)   Merge Heap Roots: 0.2ms
[2024-07-05T10:45:08.562-0700][info][gc,phases      ] GC(81)   Evacuate Collection Set: 13.2ms
[2024-07-05T10:45:08.562-0700][info][gc,phases      ] GC(81)   Post Evacuate Collection Set: 0.2ms
[2024-07-05T10:45:08.562-0700][info][gc,phases      ] GC(81)   Other: 0.2ms
[2024-07-05T10:45:08.562-0700][info][gc,heap        ] GC(81) Eden regions: 6->0(44)
[2024-07-05T10:45:08.562-0700][info][gc,heap        ] GC(81) Survivor regions: 7->7(7)
[2024-07-05T10:45:08.562-0700][info][gc,heap        ] GC(81) Old regions: 990->997
[2024-07-05T10:45:08.562-0700][info][gc,heap        ] GC(81) Archive regions: 2->2
[2024-07-05T10:45:08.562-0700][info][gc,heap        ] GC(81) Humongous regions: 4->4
[2024-07-05T10:45:08.562-0700][info][gc,metaspace   ] GC(81) Metaspace: 300K(512K)->300K(512K) NonClass: 293K(384K)->293K(384K) Class: 7K(128K)->7K(128K)
[2024-07-05T10:45:08.562-0700][info][gc             ] GC(81) Pause Young (Concurrent Start) (G1 Preventive Collection) 4018M->4020M(4096M) 14.404ms
[2024-07-05T10:45:08.562-0700][info][gc,cpu         ] GC(81) User=0.04s Sys=0.01s Real=0.01s
[2024-07-05T10:45:08.563-0700][info][gc             ] GC(82) Concurrent Mark Cycle
[2024-07-05T10:45:08.563-0700][info][gc,marking     ] GC(82) Concurrent Clear Claimed Marks
[2024-07-05T10:45:08.563-0700][info][gc,marking     ] GC(82) Concurrent Clear Claimed Marks 0.005ms
[2024-07-05T10:45:08.563-0700][info][gc,marking     ] GC(82) Concurrent Scan Root Regions
[2024-07-05T10:45:08.566-0700][info][gc,marking     ] GC(82) Concurrent Scan Root Regions 3.250ms
[2024-07-05T10:45:08.566-0700][info][gc,marking     ] GC(82) Concurrent Mark
[2024-07-05T10:45:08.566-0700][info][gc,marking     ] GC(82) Concurrent Mark From Roots
[2024-07-05T10:45:08.566-0700][info][gc,task        ] GC(82) Using 1 workers of 1 for marking
[2024-07-05T10:45:09.130-0700][info][gc,marking     ] GC(82) Concurrent Mark From Roots 564.345ms
[2024-07-05T10:45:09.130-0700][info][gc,marking     ] GC(82) Concurrent Preclean
[2024-07-05T10:45:09.130-0700][info][gc,marking     ] GC(82) Concurrent Preclean 0.071ms
[2024-07-05T10:45:55.172-0700][info][gc,start       ] GC(82) Pause Remark
[2024-07-05T10:45:55.174-0700][info][gc             ] GC(82) Pause Remark 4026M->4026M(4096M) 1.250ms
[2024-07-05T10:45:55.174-0700][info][gc,cpu         ] GC(82) User=0.01s Sys=0.00s Real=0.00s
[2024-07-05T10:45:55.174-0700][info][gc,marking     ] GC(82) Concurrent Mark 46607.905ms
[2024-07-05T10:45:55.174-0700][info][gc,marking     ] GC(82) Concurrent Rebuild Remembered Sets
[2024-07-05T10:45:55.527-0700][info][gc,marking     ] GC(82) Concurrent Rebuild Remembered Sets 353.548ms
[2024-07-05T10:45:55.555-0700][info][gc,start       ] GC(82) Pause Cleanup
[2024-07-05T10:45:55.555-0700][info][gc             ] GC(82) Pause Cleanup 4026M->4026M(4096M) 0.463ms
[2024-07-05T10:45:55.555-0700][info][gc,cpu         ] GC(82) User=0.00s Sys=0.00s Real=0.01s
[2024-07-05T10:45:55.555-0700][info][gc,marking     ] GC(82) Concurrent Cleanup for Next Mark
[2024-07-05T10:45:55.562-0700][info][gc,marking     ] GC(82) Concurrent Cleanup for Next Mark 6.654ms
[2024-07-05T10:45:55.562-0700][info][gc             ] GC(82) Concurrent Mark Cycle 46999.449ms
[2024-07-05T10:45:56.181-0700][info][gc,start       ] GC(83) Pause Young (Normal) (G1 Preventive Collection)
[2024-07-05T10:45:56.181-0700][info][gc,task        ] GC(83) Using 4 workers of 4 for evacuation
[2024-07-05T10:45:56.191-0700][info][gc,phases      ] GC(83)   Pre Evacuate Collection Set: 0.3ms
[2024-07-05T10:45:56.191-0700][info][gc,phases      ] GC(83)   Merge Heap Roots: 0.3ms
[2024-07-05T10:45:56.191-0700][info][gc,phases      ] GC(83)   Evacuate Collection Set: 8.9ms
[2024-07-05T10:45:56.191-0700][info][gc,phases      ] GC(83)   Post Evacuate Collection Set: 0.6ms
[2024-07-05T10:45:56.191-0700][info][gc,phases      ] GC(83)   Other: 0.1ms
[2024-07-05T10:45:56.191-0700][info][gc,heap        ] GC(83) Eden regions: 3->0(47)
[2024-07-05T10:45:56.191-0700][info][gc,heap        ] GC(83) Survivor regions: 7->4(7)
[2024-07-05T10:45:56.191-0700][info][gc,heap        ] GC(83) Old regions: 997->1003
[2024-07-05T10:45:56.191-0700][info][gc,heap        ] GC(83) Archive regions: 2->2
[2024-07-05T10:45:56.191-0700][info][gc,heap        ] GC(83) Humongous regions: 4->4
[2024-07-05T10:45:56.191-0700][info][gc,metaspace   ] GC(83) Metaspace: 300K(512K)->300K(512K) NonClass: 293K(384K)->293K(384K) Class: 7K(128K)->7K(128K)
[2024-07-05T10:45:56.191-0700][info][gc             ] GC(83) Pause Young (Normal) (G1 Preventive Collection) 4032M->4032M(4096M) 10.209ms
[2024-07-05T10:45:56.191-0700][info][gc,cpu         ] GC(83) User=0.04s Sys=0.00s Real=0.01s
[2024-07-05T10:45:58.278-0700][info][gc,start       ] GC(84) Pause Young (Concurrent Start) (G1 Preventive Collection)
[2024-07-05T10:45:58.278-0700][info][gc,task        ] GC(84) Using 4 workers of 4 for evacuation
[2024-07-05T10:45:58.286-0700][info][gc,phases      ] GC(84)   Pre Evacuate Collection Set: 0.3ms
[2024-07-05T10:45:58.286-0700][info][gc,phases      ] GC(84)   Merge Heap Roots: 0.3ms
[2024-07-05T10:45:58.286-0700][info][gc,phases      ] GC(84)   Evacuate Collection Set: 7.2ms
[2024-07-05T10:45:58.286-0700][info][gc,phases      ] GC(84)   Post Evacuate Collection Set: 0.6ms
[2024-07-05T10:45:58.286-0700][info][gc,phases      ] GC(84)   Other: 0.1ms
[2024-07-05T10:45:58.286-0700][info][gc,heap        ] GC(84) Eden regions: 3->0(44)
[2024-07-05T10:45:58.286-0700][info][gc,heap        ] GC(84) Survivor regions: 4->7(7)
[2024-07-05T10:45:58.286-0700][info][gc,heap        ] GC(84) Old regions: 1003->1003
[2024-07-05T10:45:58.286-0700][info][gc,heap        ] GC(84) Archive regions: 2->2
[2024-07-05T10:45:58.286-0700][info][gc,heap        ] GC(84) Humongous regions: 4->4
[2024-07-05T10:45:58.286-0700][info][gc,metaspace   ] GC(84) Metaspace: 300K(512K)->300K(512K) NonClass: 293K(384K)->293K(384K) Class: 7K(128K)->7K(128K)
[2024-07-05T10:45:58.286-0700][info][gc             ] GC(84) Pause Young (Concurrent Start) (G1 Preventive Collection) 4044M->4043M(4096M) 8.525ms
[2024-07-05T10:45:58.286-0700][info][gc,cpu         ] GC(84) User=0.03s Sys=0.00s Real=0.01s
[2024-07-05T10:45:58.286-0700][info][gc             ] GC(85) Concurrent Mark Cycle
[2024-07-05T10:45:58.286-0700][info][gc,marking     ] GC(85) Concurrent Clear Claimed Marks
[2024-07-05T10:45:58.286-0700][info][gc,marking     ] GC(85) Concurrent Clear Claimed Marks 0.006ms
[2024-07-05T10:45:58.286-0700][info][gc,marking     ] GC(85) Concurrent Scan Root Regions
[2024-07-05T10:45:58.288-0700][info][gc,marking     ] GC(85) Concurrent Scan Root Regions 1.930ms
[2024-07-05T10:45:58.288-0700][info][gc,marking     ] GC(85) Concurrent Mark
[2024-07-05T10:45:58.288-0700][info][gc,marking     ] GC(85) Concurrent Mark From Roots
[2024-07-05T10:45:58.288-0700][info][gc,task        ] GC(85) Using 1 workers of 1 for marking
[2024-07-05T10:45:58.872-0700][info][gc,marking     ] GC(85) Concurrent Mark From Roots 583.809ms
[2024-07-05T10:45:58.872-0700][info][gc,marking     ] GC(85) Concurrent Preclean
[2024-07-05T10:45:58.872-0700][info][gc,marking     ] GC(85) Concurrent Preclean 0.058ms
[2024-07-05T10:45:59.652-0700][info][gc,start       ] GC(85) Pause Remark
[2024-07-05T10:45:59.655-0700][info][gc             ] GC(85) Pause Remark 4045M->4045M(4096M) 2.412ms
[2024-07-05T10:45:59.655-0700][info][gc,cpu         ] GC(85) User=0.00s Sys=0.00s Real=0.00s
[2024-07-05T10:45:59.655-0700][info][gc,marking     ] GC(85) Concurrent Mark 1366.634ms
[2024-07-05T10:45:59.655-0700][info][gc,marking     ] GC(85) Concurrent Rebuild Remembered Sets
[2024-07-05T10:45:59.931-0700][info][gc,marking     ] GC(85) Concurrent Rebuild Remembered Sets 276.039ms
[2024-07-05T10:46:00.512-0700][info][gc,start       ] GC(85) Pause Cleanup
[2024-07-05T10:46:00.513-0700][info][gc             ] GC(85) Pause Cleanup 4045M->4045M(4096M) 0.663ms
[2024-07-05T10:46:00.513-0700][info][gc,cpu         ] GC(85) User=0.00s Sys=0.00s Real=0.00s
[2024-07-05T10:46:00.513-0700][info][gc,marking     ] GC(85) Concurrent Cleanup for Next Mark
[2024-07-05T10:46:00.519-0700][info][gc,marking     ] GC(85) Concurrent Cleanup for Next Mark 5.858ms
[2024-07-05T10:46:00.519-0700][info][gc             ] GC(85) Concurrent Mark Cycle 2232.720ms
[2024-07-05T10:46:01.721-0700][info][gc,start       ] GC(86) Pause Young (Normal) (G1 Preventive Collection)
[2024-07-05T10:46:01.721-0700][info][gc,task        ] GC(86) Using 4 workers of 4 for evacuation
[2024-07-05T10:46:01.730-0700][info][gc,phases      ] GC(86)   Pre Evacuate Collection Set: 0.3ms
[2024-07-05T10:46:01.730-0700][info][gc,phases      ] GC(86)   Merge Heap Roots: 0.3ms
[2024-07-05T10:46:01.730-0700][info][gc,phases      ] GC(86)   Evacuate Collection Set: 7.7ms
[2024-07-05T10:46:01.730-0700][info][gc,phases      ] GC(86)   Post Evacuate Collection Set: 0.7ms
[2024-07-05T10:46:01.730-0700][info][gc,phases      ] GC(86)   Other: 0.1ms
[2024-07-05T10:46:01.730-0700][info][gc,heap        ] GC(86) Eden regions: 1->0(47)
[2024-07-05T10:46:01.730-0700][info][gc,heap        ] GC(86) Survivor regions: 7->4(7)
[2024-07-05T10:46:01.730-0700][info][gc,heap        ] GC(86) Old regions: 1003->1006
[2024-07-05T10:46:01.730-0700][info][gc,heap        ] GC(86) Archive regions: 2->2
[2024-07-05T10:46:01.730-0700][info][gc,heap        ] GC(86) Humongous regions: 4->4
[2024-07-05T10:46:01.730-0700][info][gc,metaspace   ] GC(86) Metaspace: 300K(512K)->300K(512K) NonClass: 293K(384K)->293K(384K) Class: 7K(128K)->7K(128K)
[2024-07-05T10:46:01.730-0700][info][gc             ] GC(86) Pause Young (Normal) (G1 Preventive Collection) 4047M->4046M(4096M) 9.201ms
[2024-07-05T10:46:01.730-0700][info][gc,cpu         ] GC(86) User=0.04s Sys=0.00s Real=0.01s
[2024-07-05T10:46:01.731-0700][info][gc,start       ] GC(87) Pause Young (Concurrent Start) (G1 Preventive Collection)
[2024-07-05T10:46:01.731-0700][info][gc,task        ] GC(87) Using 4 workers of 4 for evacuation
[2024-07-05T10:46:01.736-0700][info][gc,phases      ] GC(87)   Pre Evacuate Collection Set: 0.2ms
[2024-07-05T10:46:01.736-0700][info][gc,phases      ] GC(87)   Merge Heap Roots: 0.2ms
[2024-07-05T10:46:01.736-0700][info][gc,phases      ] GC(87)   Evacuate Collection Set: 3.8ms
[2024-07-05T10:46:01.736-0700][info][gc,phases      ] GC(87)   Post Evacuate Collection Set: 0.7ms
[2024-07-05T10:46:01.736-0700][info][gc,phases      ] GC(87)   Other: 0.1ms
[2024-07-05T10:46:01.736-0700][info][gc,heap        ] GC(87) Eden regions: 1->0(48)
[2024-07-05T10:46:01.736-0700][info][gc,heap        ] GC(87) Survivor regions: 4->3(7)
[2024-07-05T10:46:01.736-0700][info][gc,heap        ] GC(87) Old regions: 1006->1009
[2024-07-05T10:46:01.736-0700][info][gc,heap        ] GC(87) Archive regions: 2->2
[2024-07-05T10:46:01.736-0700][info][gc,heap        ] GC(87) Humongous regions: 4->4
[2024-07-05T10:46:01.736-0700][info][gc,metaspace   ] GC(87) Metaspace: 300K(512K)->300K(512K) NonClass: 293K(384K)->293K(384K) Class: 7K(128K)->7K(128K)
[2024-07-05T10:46:01.736-0700][info][gc             ] GC(87) Pause Young (Concurrent Start) (G1 Preventive Collection) 4050M->4050M(4096M) 5.074ms
[2024-07-05T10:46:01.736-0700][info][gc,cpu         ] GC(87) User=0.01s Sys=0.00s Real=0.01s
[2024-07-05T10:46:01.736-0700][info][gc             ] GC(88) Concurrent Mark Cycle
[2024-07-05T10:46:01.736-0700][info][gc,marking     ] GC(88) Concurrent Clear Claimed Marks
[2024-07-05T10:46:01.736-0700][info][gc,marking     ] GC(88) Concurrent Clear Claimed Marks 0.005ms
[2024-07-05T10:46:01.736-0700][info][gc,marking     ] GC(88) Concurrent Scan Root Regions
[2024-07-05T10:46:01.738-0700][info][gc,marking     ] GC(88) Concurrent Scan Root Regions 1.494ms
[2024-07-05T10:46:01.738-0700][info][gc,marking     ] GC(88) Concurrent Mark
[2024-07-05T10:46:01.738-0700][info][gc,marking     ] GC(88) Concurrent Mark From Roots
[2024-07-05T10:46:01.738-0700][info][gc,task        ] GC(88) Using 1 workers of 1 for marking
[2024-07-05T10:46:02.301-0700][info][gc,marking     ] GC(88) Concurrent Mark From Roots 563.339ms
[2024-07-05T10:46:02.301-0700][info][gc,marking     ] GC(88) Concurrent Preclean
[2024-07-05T10:46:02.301-0700][info][gc,marking     ] GC(88) Concurrent Preclean 0.073ms
[2024-07-05T10:46:24.314-0700][info][gc,start       ] GC(88) Pause Remark
[2024-07-05T10:46:24.315-0700][info][gc             ] GC(88) Pause Remark 4054M->4054M(4096M) 0.992ms
[2024-07-05T10:46:24.315-0700][info][gc,cpu         ] GC(88) User=0.00s Sys=0.00s Real=0.01s
[2024-07-05T10:46:24.315-0700][info][gc,marking     ] GC(88) Concurrent Mark 22577.714ms
[2024-07-05T10:46:24.315-0700][info][gc,marking     ] GC(88) Concurrent Rebuild Remembered Sets
[2024-07-05T10:46:24.669-0700][info][gc,marking     ] GC(88) Concurrent Rebuild Remembered Sets 353.365ms
[2024-07-05T10:46:25.687-0700][info][gc,start       ] GC(88) Pause Cleanup
[2024-07-05T10:46:25.688-0700][info][gc             ] GC(88) Pause Cleanup 4054M->4054M(4096M) 0.489ms
[2024-07-05T10:46:25.688-0700][info][gc,cpu         ] GC(88) User=0.01s Sys=0.00s Real=0.00s
[2024-07-05T10:46:25.688-0700][info][gc,marking     ] GC(88) Concurrent Cleanup for Next Mark
[2024-07-05T10:46:25.695-0700][info][gc,marking     ] GC(88) Concurrent Cleanup for Next Mark 6.791ms
[2024-07-05T10:46:25.695-0700][info][gc             ] GC(88) Concurrent Mark Cycle 23958.698ms
[2024-07-05T10:46:26.665-0700][info][gc,start       ] GC(89) Pause Young (Normal) (G1 Preventive Collection)
[2024-07-05T10:46:26.665-0700][info][gc,task        ] GC(89) Using 4 workers of 4 for evacuation
[2024-07-05T10:46:26.673-0700][info][gc,phases      ] GC(89)   Pre Evacuate Collection Set: 0.2ms
[2024-07-05T10:46:26.673-0700][info][gc,phases      ] GC(89)   Merge Heap Roots: 0.4ms
[2024-07-05T10:46:26.673-0700][info][gc,phases      ] GC(89)   Evacuate Collection Set: 7.2ms
[2024-07-05T10:46:26.673-0700][info][gc,phases      ] GC(89)   Post Evacuate Collection Set: 0.7ms
[2024-07-05T10:46:26.673-0700][info][gc,phases      ] GC(89)   Other: 0.1ms
[2024-07-05T10:46:26.673-0700][info][gc,heap        ] GC(89) Eden regions: 1->0(47)
[2024-07-05T10:46:26.673-0700][info][gc,heap        ] GC(89) Survivor regions: 3->4(5)
[2024-07-05T10:46:26.673-0700][info][gc,heap        ] GC(89) Old regions: 1009->1009
[2024-07-05T10:46:26.673-0700][info][gc,heap        ] GC(89) Archive regions: 2->2
[2024-07-05T10:46:26.673-0700][info][gc,heap        ] GC(89) Humongous regions: 4->4
[2024-07-05T10:46:26.673-0700][info][gc,metaspace   ] GC(89) Metaspace: 300K(512K)->300K(512K) NonClass: 293K(384K)->293K(384K) Class: 7K(128K)->7K(128K)
[2024-07-05T10:46:26.673-0700][info][gc             ] GC(89) Pause Young (Normal) (G1 Preventive Collection) 4054M->4054M(4096M) 8.675ms
[2024-07-05T10:46:26.673-0700][info][gc,cpu         ] GC(89) User=0.03s Sys=0.00s Real=0.00s
[2024-07-05T10:46:26.674-0700][info][gc,start       ] GC(90) Pause Young (Concurrent Start) (G1 Preventive Collection)
[2024-07-05T10:46:26.674-0700][info][gc,task        ] GC(90) Using 4 workers of 4 for evacuation
[2024-07-05T10:46:26.677-0700][info][gc,phases      ] GC(90)   Pre Evacuate Collection Set: 0.2ms
[2024-07-05T10:46:26.677-0700][info][gc,phases      ] GC(90)   Merge Heap Roots: 0.2ms
[2024-07-05T10:46:26.677-0700][info][gc,phases      ] GC(90)   Evacuate Collection Set: 2.4ms
[2024-07-05T10:46:26.677-0700][info][gc,phases      ] GC(90)   Post Evacuate Collection Set: 0.7ms
[2024-07-05T10:46:26.677-0700][info][gc,phases      ] GC(90)   Other: 0.1ms
[2024-07-05T10:46:26.677-0700][info][gc,heap        ] GC(90) Eden regions: 1->0(47)
[2024-07-05T10:46:26.677-0700][info][gc,heap        ] GC(90) Survivor regions: 4->4(4)
[2024-07-05T10:46:26.677-0700][info][gc,heap        ] GC(90) Old regions: 1009->1009
[2024-07-05T10:46:26.677-0700][info][gc,heap        ] GC(90) Archive regions: 2->2
[2024-07-05T10:46:26.677-0700][info][gc,heap        ] GC(90) Humongous regions: 4->4
[2024-07-05T10:46:26.677-0700][info][gc,metaspace   ] GC(90) Metaspace: 300K(512K)->300K(512K) NonClass: 293K(384K)->293K(384K) Class: 7K(128K)->7K(128K)
[2024-07-05T10:46:26.677-0700][info][gc             ] GC(90) Pause Young (Concurrent Start) (G1 Preventive Collection) 4058M->4057M(4096M) 3.578ms
[2024-07-05T10:46:26.677-0700][info][gc,cpu         ] GC(90) User=0.01s Sys=0.00s Real=0.01s
[2024-07-05T10:46:26.677-0700][info][gc             ] GC(91) Concurrent Mark Cycle
[2024-07-05T10:46:26.677-0700][info][gc,marking     ] GC(91) Concurrent Clear Claimed Marks
[2024-07-05T10:46:26.677-0700][info][gc,marking     ] GC(91) Concurrent Clear Claimed Marks 0.005ms
[2024-07-05T10:46:26.677-0700][info][gc,marking     ] GC(91) Concurrent Scan Root Regions
[2024-07-05T10:46:26.679-0700][info][gc,marking     ] GC(91) Concurrent Scan Root Regions 1.297ms
[2024-07-05T10:46:26.679-0700][info][gc,marking     ] GC(91) Concurrent Mark
[2024-07-05T10:46:26.679-0700][info][gc,marking     ] GC(91) Concurrent Mark From Roots
[2024-07-05T10:46:26.679-0700][info][gc,task        ] GC(91) Using 1 workers of 1 for marking
[2024-07-05T10:46:26.679-0700][info][gc,start       ] GC(92) Pause Young (Normal) (G1 Preventive Collection)
[2024-07-05T10:46:26.679-0700][info][gc,task        ] GC(92) Using 4 workers of 4 for evacuation
[2024-07-05T10:46:26.684-0700][info][gc             ] GC(92) To-space exhausted
[2024-07-05T10:46:26.684-0700][info][gc,phases      ] GC(92)   Pre Evacuate Collection Set: 1.0ms
[2024-07-05T10:46:26.684-0700][info][gc,phases      ] GC(92)   Merge Heap Roots: 0.1ms
[2024-07-05T10:46:26.684-0700][info][gc,phases      ] GC(92)   Evacuate Collection Set: 3.7ms
[2024-07-05T10:46:26.684-0700][info][gc,phases      ] GC(92)   Post Evacuate Collection Set: 1.0ms
[2024-07-05T10:46:26.684-0700][info][gc,phases      ] GC(92)   Other: 0.1ms
[2024-07-05T10:46:26.684-0700][info][gc,heap        ] GC(92) Eden regions: 1->0(48)
[2024-07-05T10:46:26.684-0700][info][gc,heap        ] GC(92) Survivor regions: 4->3(4)
[2024-07-05T10:46:26.684-0700][info][gc,heap        ] GC(92) Old regions: 1009->1013
[2024-07-05T10:46:26.684-0700][info][gc,heap        ] GC(92) Archive regions: 2->2
[2024-07-05T10:46:26.684-0700][info][gc,heap        ] GC(92) Humongous regions: 4->4
[2024-07-05T10:46:26.684-0700][info][gc,metaspace   ] GC(92) Metaspace: 300K(512K)->300K(512K) NonClass: 293K(384K)->293K(384K) Class: 7K(128K)->7K(128K)
[2024-07-05T10:46:26.684-0700][info][gc             ] GC(92) Pause Young (Normal) (G1 Preventive Collection) 4061M->4070M(4096M) 5.007ms
[2024-07-05T10:46:26.684-0700][info][gc,cpu         ] GC(92) User=0.02s Sys=0.00s Real=0.01s
[2024-07-05T10:46:27.340-0700][info][gc,marking     ] GC(91) Concurrent Mark From Roots 661.491ms
[2024-07-05T10:46:27.340-0700][info][gc,marking     ] GC(91) Concurrent Preclean
[2024-07-05T10:46:27.340-0700][info][gc,marking     ] GC(91) Concurrent Preclean 0.062ms
[2024-07-05T10:46:38.002-0700][info][gc,start       ] GC(91) Pause Remark
[2024-07-05T10:46:38.004-0700][info][gc             ] GC(91) Pause Remark 4072M->4072M(4096M) 2.299ms
[2024-07-05T10:46:38.004-0700][info][gc,cpu         ] GC(91) User=0.01s Sys=0.00s Real=0.01s
[2024-07-05T10:46:38.004-0700][info][gc,marking     ] GC(91) Concurrent Mark 11325.313ms
[2024-07-05T10:46:38.004-0700][info][gc,marking     ] GC(91) Concurrent Rebuild Remembered Sets
[2024-07-05T10:46:38.409-0700][info][gc,marking     ] GC(91) Concurrent Rebuild Remembered Sets 404.519ms
[2024-07-05T10:46:38.443-0700][info][gc,start       ] GC(91) Pause Cleanup
[2024-07-05T10:46:38.443-0700][info][gc             ] GC(91) Pause Cleanup 4072M->4072M(4096M) 0.406ms
[2024-07-05T10:46:38.443-0700][info][gc,cpu         ] GC(91) User=0.00s Sys=0.00s Real=0.01s
[2024-07-05T10:46:38.444-0700][info][gc,marking     ] GC(91) Concurrent Cleanup for Next Mark
[2024-07-05T10:46:38.450-0700][info][gc,marking     ] GC(91) Concurrent Cleanup for Next Mark 5.976ms
[2024-07-05T10:46:38.450-0700][info][gc             ] GC(91) Concurrent Mark Cycle 11772.110ms
[2024-07-05T10:46:40.591-0700][info][gc,start       ] GC(93) Pause Young (Normal) (G1 Preventive Collection)
[2024-07-05T10:46:40.591-0700][info][gc,task        ] GC(93) Using 4 workers of 4 for evacuation
[2024-07-05T10:46:40.598-0700][info][gc             ] GC(93) To-space exhausted
[2024-07-05T10:46:40.598-0700][info][gc,phases      ] GC(93)   Pre Evacuate Collection Set: 0.3ms
[2024-07-05T10:46:40.598-0700][info][gc,phases      ] GC(93)   Merge Heap Roots: 0.2ms
[2024-07-05T10:46:40.598-0700][info][gc,phases      ] GC(93)   Evacuate Collection Set: 5.2ms
[2024-07-05T10:46:40.598-0700][info][gc,phases      ] GC(93)   Post Evacuate Collection Set: 0.9ms
[2024-07-05T10:46:40.598-0700][info][gc,phases      ] GC(93)   Other: 0.2ms
[2024-07-05T10:46:40.598-0700][info][gc,heap        ] GC(93) Eden regions: 1->0(50)
[2024-07-05T10:46:40.598-0700][info][gc,heap        ] GC(93) Survivor regions: 3->1(1)
[2024-07-05T10:46:40.598-0700][info][gc,heap        ] GC(93) Old regions: 1013->1017
[2024-07-05T10:46:40.598-0700][info][gc,heap        ] GC(93) Archive regions: 2->2
[2024-07-05T10:46:40.598-0700][info][gc,heap        ] GC(93) Humongous regions: 4->4
[2024-07-05T10:46:40.598-0700][info][gc,metaspace   ] GC(93) Metaspace: 300K(512K)->300K(512K) NonClass: 293K(384K)->293K(384K) Class: 7K(128K)->7K(128K)
[2024-07-05T10:46:40.598-0700][info][gc             ] GC(93) Pause Young (Normal) (G1 Preventive Collection) 4074M->4078M(4096M) 6.679ms
[2024-07-05T10:46:40.598-0700][info][gc,cpu         ] GC(93) User=0.02s Sys=0.00s Real=0.01s
[2024-07-05T10:46:40.598-0700][info][gc,ergo        ] Attempting full compaction
[2024-07-05T10:46:40.598-0700][info][gc,task        ] GC(94) Using 4 workers of 4 for full compaction
[2024-07-05T10:46:40.598-0700][info][gc,start       ] GC(94) Pause Full (G1 Compaction Pause)
[2024-07-05T10:46:40.598-0700][info][gc,phases,start] GC(94) Phase 1: Mark live objects
[2024-07-05T10:46:40.721-0700][info][gc,phases      ] GC(94) Phase 1: Mark live objects 122.864ms
[2024-07-05T10:46:40.721-0700][info][gc,phases,start] GC(94) Phase 2: Prepare for compaction
[2024-07-05T10:46:40.833-0700][info][gc,phases      ] GC(94) Phase 2: Prepare for compaction 111.972ms
[2024-07-05T10:46:40.833-0700][info][gc,phases,start] GC(94) Phase 3: Adjust pointers
[2024-07-05T10:46:40.942-0700][info][gc,phases      ] GC(94) Phase 3: Adjust pointers 109.019ms
[2024-07-05T10:46:40.942-0700][info][gc,phases,start] GC(94) Phase 4: Compact heap
[2024-07-05T10:46:41.463-0700][info][gc,phases      ] GC(94) Phase 4: Compact heap 520.918ms
[2024-07-05T10:46:41.466-0700][info][gc,heap        ] GC(94) Eden regions: 0->0(51)
[2024-07-05T10:46:41.466-0700][info][gc,heap        ] GC(94) Survivor regions: 1->0(1)
[2024-07-05T10:46:41.466-0700][info][gc,heap        ] GC(94) Old regions: 1017->958
[2024-07-05T10:46:41.466-0700][info][gc,heap        ] GC(94) Archive regions: 2->2
[2024-07-05T10:46:41.466-0700][info][gc,heap        ] GC(94) Humongous regions: 4->4
[2024-07-05T10:46:41.466-0700][info][gc,metaspace   ] GC(94) Metaspace: 300K(512K)->300K(512K) NonClass: 293K(384K)->293K(384K) Class: 7K(128K)->7K(128K)
[2024-07-05T10:46:41.466-0700][info][gc             ] GC(94) Pause Full (G1 Compaction Pause) 4078M->3842M(4096M) 868.352ms
[2024-07-05T10:46:41.467-0700][info][gc,cpu         ] GC(94) User=3.38s Sys=0.00s Real=0.87s
[2024-07-05T10:47:10.345-0700][info][gc,start       ] GC(95) Pause Young (Concurrent Start) (G1 Preventive Collection)
[2024-07-05T10:47:10.345-0700][info][gc,task        ] GC(95) Using 4 workers of 4 for evacuation
[2024-07-05T10:47:10.382-0700][info][gc,phases      ] GC(95)   Pre Evacuate Collection Set: 0.3ms
[2024-07-05T10:47:10.382-0700][info][gc,phases      ] GC(95)   Merge Heap Roots: 0.3ms
[2024-07-05T10:47:10.382-0700][info][gc,phases      ] GC(95)   Evacuate Collection Set: 35.8ms
[2024-07-05T10:47:10.382-0700][info][gc,phases      ] GC(95)   Post Evacuate Collection Set: 0.5ms
[2024-07-05T10:47:10.382-0700][info][gc,phases      ] GC(95)   Other: 0.1ms
[2024-07-05T10:47:10.382-0700][info][gc,heap        ] GC(95) Eden regions: 29->0(44)
[2024-07-05T10:47:10.382-0700][info][gc,heap        ] GC(95) Survivor regions: 0->7(7)
[2024-07-05T10:47:10.382-0700][info][gc,heap        ] GC(95) Old regions: 958->980
[2024-07-05T10:47:10.382-0700][info][gc,heap        ] GC(95) Archive regions: 2->2
[2024-07-05T10:47:10.382-0700][info][gc,heap        ] GC(95) Humongous regions: 4->4
[2024-07-05T10:47:10.382-0700][info][gc,metaspace   ] GC(95) Metaspace: 300K(512K)->300K(512K) NonClass: 293K(384K)->293K(384K) Class: 7K(128K)->7K(128K)
[2024-07-05T10:47:10.382-0700][info][gc             ] GC(95) Pause Young (Concurrent Start) (G1 Preventive Collection) 3958M->3957M(4096M) 37.039ms
[2024-07-05T10:47:10.382-0700][info][gc,cpu         ] GC(95) User=0.11s Sys=0.02s Real=0.03s
[2024-07-05T10:47:10.383-0700][info][gc             ] GC(96) Concurrent Mark Cycle
[2024-07-05T10:47:10.383-0700][info][gc,marking     ] GC(96) Concurrent Clear Claimed Marks
[2024-07-05T10:47:10.383-0700][info][gc,marking     ] GC(96) Concurrent Clear Claimed Marks 0.006ms
[2024-07-05T10:47:10.383-0700][info][gc,marking     ] GC(96) Concurrent Scan Root Regions
[2024-07-05T10:47:10.392-0700][info][gc,marking     ] GC(96) Concurrent Scan Root Regions 9.425ms
[2024-07-05T10:47:10.392-0700][info][gc,marking     ] GC(96) Concurrent Mark
[2024-07-05T10:47:10.392-0700][info][gc,marking     ] GC(96) Concurrent Mark From Roots
[2024-07-05T10:47:10.392-0700][info][gc,task        ] GC(96) Using 1 workers of 1 for marking
[2024-07-05T10:47:11.048-0700][info][gc,marking     ] GC(96) Concurrent Mark From Roots 655.682ms
[2024-07-05T10:47:11.048-0700][info][gc,marking     ] GC(96) Concurrent Preclean
[2024-07-05T10:47:11.048-0700][info][gc,marking     ] GC(96) Concurrent Preclean 0.062ms
[2024-07-05T10:47:14.366-0700][info][gc,start       ] GC(96) Pause Remark
[2024-07-05T10:47:14.367-0700][info][gc             ] GC(96) Pause Remark 3959M->3959M(4096M) 1.259ms
[2024-07-05T10:47:14.367-0700][info][gc,cpu         ] GC(96) User=0.00s Sys=0.00s Real=0.00s
[2024-07-05T10:47:14.367-0700][info][gc,marking     ] GC(96) Concurrent Mark 3974.916ms
[2024-07-05T10:47:14.367-0700][info][gc,marking     ] GC(96) Concurrent Rebuild Remembered Sets
[2024-07-05T10:47:14.710-0700][info][gc,marking     ] GC(96) Concurrent Rebuild Remembered Sets 343.141ms
[2024-07-05T10:47:15.845-0700][info][gc,start       ] GC(96) Pause Cleanup
[2024-07-05T10:47:15.845-0700][info][gc             ] GC(96) Pause Cleanup 3959M->3959M(4096M) 0.626ms
[2024-07-05T10:47:15.845-0700][info][gc,cpu         ] GC(96) User=0.00s Sys=0.00s Real=0.00s
[2024-07-05T10:47:15.845-0700][info][gc,marking     ] GC(96) Concurrent Cleanup for Next Mark
[2024-07-05T10:47:15.851-0700][info][gc,marking     ] GC(96) Concurrent Cleanup for Next Mark 5.709ms
[2024-07-05T10:47:15.851-0700][info][gc             ] GC(96) Concurrent Mark Cycle 5468.630ms
[2024-07-05T10:47:28.238-0700][info][gc,start       ] GC(97) Pause Young (Normal) (G1 Preventive Collection)
[2024-07-05T10:47:28.239-0700][info][gc,task        ] GC(97) Using 4 workers of 4 for evacuation
[2024-07-05T10:47:28.260-0700][info][gc             ] GC(97) To-space exhausted
[2024-07-05T10:47:28.260-0700][info][gc,phases      ] GC(97)   Pre Evacuate Collection Set: 0.3ms
[2024-07-05T10:47:28.260-0700][info][gc,phases      ] GC(97)   Merge Heap Roots: 0.3ms
[2024-07-05T10:47:28.260-0700][info][gc,phases      ] GC(97)   Evacuate Collection Set: 19.1ms
[2024-07-05T10:47:28.260-0700][info][gc,phases      ] GC(97)   Post Evacuate Collection Set: 1.6ms
[2024-07-05T10:47:28.260-0700][info][gc,phases      ] GC(97)   Other: 0.1ms
[2024-07-05T10:47:28.260-0700][info][gc,heap        ] GC(97) Eden regions: 14->0(44)
[2024-07-05T10:47:28.260-0700][info][gc,heap        ] GC(97) Survivor regions: 7->7(7)
[2024-07-05T10:47:28.260-0700][info][gc,heap        ] GC(97) Old regions: 980->998
[2024-07-05T10:47:28.260-0700][info][gc,heap        ] GC(97) Archive regions: 2->2
[2024-07-05T10:47:28.260-0700][info][gc,heap        ] GC(97) Humongous regions: 4->4
[2024-07-05T10:47:28.260-0700][info][gc,metaspace   ] GC(97) Metaspace: 300K(512K)->300K(512K) NonClass: 293K(384K)->293K(384K) Class: 7K(128K)->7K(128K)
[2024-07-05T10:47:28.260-0700][info][gc             ] GC(97) Pause Young (Normal) (G1 Preventive Collection) 4013M->4030M(4096M) 21.460ms
[2024-07-05T10:47:28.260-0700][info][gc,cpu         ] GC(97) User=0.07s Sys=0.01s Real=0.02s
[2024-07-05T10:47:30.772-0700][info][gc,start       ] GC(98) Pause Young (Concurrent Start) (G1 Preventive Collection)
[2024-07-05T10:47:30.772-0700][info][gc,task        ] GC(98) Using 4 workers of 4 for evacuation
[2024-07-05T10:47:30.783-0700][info][gc,phases      ] GC(98)   Pre Evacuate Collection Set: 0.2ms
[2024-07-05T10:47:30.783-0700][info][gc,phases      ] GC(98)   Merge Heap Roots: 0.2ms
[2024-07-05T10:47:30.783-0700][info][gc,phases      ] GC(98)   Evacuate Collection Set: 11.0ms
[2024-07-05T10:47:30.783-0700][info][gc,phases      ] GC(98)   Post Evacuate Collection Set: 0.4ms
[2024-07-05T10:47:30.783-0700][info][gc,phases      ] GC(98)   Other: 0.1ms
[2024-07-05T10:47:30.783-0700][info][gc,heap        ] GC(98) Eden regions: 2->0(48)
[2024-07-05T10:47:30.783-0700][info][gc,heap        ] GC(98) Survivor regions: 7->3(7)
[2024-07-05T10:47:30.783-0700][info][gc,heap        ] GC(98) Old regions: 998->1005
[2024-07-05T10:47:30.783-0700][info][gc,heap        ] GC(98) Archive regions: 2->2
[2024-07-05T10:47:30.783-0700][info][gc,heap        ] GC(98) Humongous regions: 4->4
[2024-07-05T10:47:30.783-0700][info][gc,metaspace   ] GC(98) Metaspace: 304K(512K)->304K(512K) NonClass: 296K(384K)->296K(384K) Class: 7K(128K)->7K(128K)
[2024-07-05T10:47:30.783-0700][info][gc             ] GC(98) Pause Young (Concurrent Start) (G1 Preventive Collection) 4038M->4040M(4096M) 11.954ms
[2024-07-05T10:47:30.784-0700][info][gc,cpu         ] GC(98) User=0.04s Sys=0.01s Real=0.02s
[2024-07-05T10:47:30.784-0700][info][gc             ] GC(99) Concurrent Mark Cycle
[2024-07-05T10:47:30.784-0700][info][gc,marking     ] GC(99) Concurrent Clear Claimed Marks
[2024-07-05T10:47:30.784-0700][info][gc,marking     ] GC(99) Concurrent Clear Claimed Marks 0.006ms
[2024-07-05T10:47:30.784-0700][info][gc,marking     ] GC(99) Concurrent Scan Root Regions
[2024-07-05T10:47:30.787-0700][info][gc,marking     ] GC(99) Concurrent Scan Root Regions 3.000ms
[2024-07-05T10:47:30.787-0700][info][gc,marking     ] GC(99) Concurrent Mark
[2024-07-05T10:47:30.787-0700][info][gc,marking     ] GC(99) Concurrent Mark From Roots
[2024-07-05T10:47:30.787-0700][info][gc,task        ] GC(99) Using 1 workers of 1 for marking
[2024-07-05T10:47:31.398-0700][info][gc,marking     ] GC(99) Concurrent Mark From Roots 611.563ms
[2024-07-05T10:47:31.398-0700][info][gc,marking     ] GC(99) Concurrent Preclean
[2024-07-05T10:47:31.398-0700][info][gc,marking     ] GC(99) Concurrent Preclean 0.061ms
[2024-07-05T10:47:53.320-0700][info][gc,start       ] GC(99) Pause Remark
[2024-07-05T10:47:53.321-0700][info][gc             ] GC(99) Pause Remark 4046M->4046M(4096M) 1.211ms
[2024-07-05T10:47:53.321-0700][info][gc,cpu         ] GC(99) User=0.00s Sys=0.00s Real=0.00s
[2024-07-05T10:47:53.321-0700][info][gc,marking     ] GC(99) Concurrent Mark 22534.478ms
[2024-07-05T10:47:53.321-0700][info][gc,marking     ] GC(99) Concurrent Rebuild Remembered Sets
[2024-07-05T10:47:53.693-0700][info][gc,marking     ] GC(99) Concurrent Rebuild Remembered Sets 371.986ms
[2024-07-05T10:47:53.971-0700][info][gc,start       ] GC(99) Pause Cleanup
[2024-07-05T10:47:53.971-0700][info][gc             ] GC(99) Pause Cleanup 4046M->4046M(4096M) 0.576ms
[2024-07-05T10:47:53.971-0700][info][gc,cpu         ] GC(99) User=0.00s Sys=0.00s Real=0.00s
[2024-07-05T10:47:53.971-0700][info][gc,marking     ] GC(99) Concurrent Cleanup for Next Mark
[2024-07-05T10:47:53.977-0700][info][gc,marking     ] GC(99) Concurrent Cleanup for Next Mark 5.590ms
[2024-07-05T10:47:53.977-0700][info][gc             ] GC(99) Concurrent Mark Cycle 23193.443ms
[2024-07-05T10:47:54.846-0700][info][gc,start       ] GC(100) Pause Young (Prepare Mixed) (G1 Preventive Collection)
[2024-07-05T10:47:54.846-0700][info][gc,task        ] GC(100) Using 4 workers of 4 for evacuation
[2024-07-05T10:47:54.854-0700][info][gc,phases      ] GC(100)   Pre Evacuate Collection Set: 0.5ms
[2024-07-05T10:47:54.854-0700][info][gc,phases      ] GC(100)   Merge Heap Roots: 0.3ms
[2024-07-05T10:47:54.854-0700][info][gc,phases      ] GC(100)   Evacuate Collection Set: 6.7ms
[2024-07-05T10:47:54.854-0700][info][gc,phases      ] GC(100)   Post Evacuate Collection Set: 0.7ms
[2024-07-05T10:47:54.854-0700][info][gc,phases      ] GC(100)   Other: 0.1ms
[2024-07-05T10:47:54.854-0700][info][gc,heap        ] GC(100) Eden regions: 3->0(45)
[2024-07-05T10:47:54.854-0700][info][gc,heap        ] GC(100) Survivor regions: 3->6(7)
[2024-07-05T10:47:54.854-0700][info][gc,heap        ] GC(100) Old regions: 1005->1005
[2024-07-05T10:47:54.854-0700][info][gc,heap        ] GC(100) Archive regions: 2->2
[2024-07-05T10:47:54.854-0700][info][gc,heap        ] GC(100) Humongous regions: 4->4
[2024-07-05T10:47:54.854-0700][info][gc,metaspace   ] GC(100) Metaspace: 304K(512K)->304K(512K) NonClass: 296K(384K)->296K(384K) Class: 7K(128K)->7K(128K)
[2024-07-05T10:47:54.854-0700][info][gc             ] GC(100) Pause Young (Prepare Mixed) (G1 Preventive Collection) 4052M->4052M(4096M) 8.307ms
[2024-07-05T10:47:54.854-0700][info][gc,cpu         ] GC(100) User=0.02s Sys=0.00s Real=0.00s
[2024-07-05T10:47:56.843-0700][info][gc,start       ] GC(101) Pause Young (Mixed) (G1 Preventive Collection)
[2024-07-05T10:47:56.843-0700][info][gc,task        ] GC(101) Using 4 workers of 4 for evacuation
[2024-07-05T10:47:56.853-0700][info][gc             ] GC(101) To-space exhausted
[2024-07-05T10:47:56.853-0700][info][gc,phases      ] GC(101)   Pre Evacuate Collection Set: 0.2ms
[2024-07-05T10:47:56.853-0700][info][gc,phases      ] GC(101)   Merge Heap Roots: 0.1ms
[2024-07-05T10:47:56.853-0700][info][gc,phases      ] GC(101)   Evacuate Collection Set: 8.1ms
[2024-07-05T10:47:56.853-0700][info][gc,phases      ] GC(101)   Post Evacuate Collection Set: 0.8ms
[2024-07-05T10:47:56.853-0700][info][gc,phases      ] GC(101)   Other: 0.1ms
[2024-07-05T10:47:56.853-0700][info][gc,heap        ] GC(101) Eden regions: 1->0(47)
[2024-07-05T10:47:56.853-0700][info][gc,heap        ] GC(101) Survivor regions: 6->4(6)
[2024-07-05T10:47:56.853-0700][info][gc,heap        ] GC(101) Old regions: 1005->1008
[2024-07-05T10:47:56.853-0700][info][gc,heap        ] GC(101) Archive regions: 2->2
[2024-07-05T10:47:56.853-0700][info][gc,heap        ] GC(101) Humongous regions: 4->4
[2024-07-05T10:47:56.853-0700][info][gc,metaspace   ] GC(101) Metaspace: 304K(512K)->304K(512K) NonClass: 296K(384K)->296K(384K) Class: 7K(128K)->7K(128K)
[2024-07-05T10:47:56.853-0700][info][gc             ] GC(101) Pause Young (Mixed) (G1 Preventive Collection) 4056M->4058M(4096M) 9.446ms
[2024-07-05T10:47:56.853-0700][info][gc,cpu         ] GC(101) User=0.03s Sys=0.00s Real=0.00s
[2024-07-05T10:47:56.853-0700][info][gc,start       ] GC(102) Pause Young (Concurrent Start) (G1 Preventive Collection)
[2024-07-05T10:47:56.853-0700][info][gc,task        ] GC(102) Using 4 workers of 4 for evacuation
[2024-07-05T10:47:56.859-0700][info][gc             ] GC(102) To-space exhausted
[2024-07-05T10:47:56.859-0700][info][gc,phases      ] GC(102)   Pre Evacuate Collection Set: 0.2ms
[2024-07-05T10:47:56.859-0700][info][gc,phases      ] GC(102)   Merge Heap Roots: 0.2ms
[2024-07-05T10:47:56.859-0700][info][gc,phases      ] GC(102)   Evacuate Collection Set: 3.6ms
[2024-07-05T10:47:56.859-0700][info][gc,phases      ] GC(102)   Post Evacuate Collection Set: 1.3ms
[2024-07-05T10:47:56.859-0700][info][gc,phases      ] GC(102)   Other: 0.1ms
[2024-07-05T10:47:56.859-0700][info][gc,heap        ] GC(102) Eden regions: 1->0(48)
[2024-07-05T10:47:56.859-0700][info][gc,heap        ] GC(102) Survivor regions: 4->3(5)
[2024-07-05T10:47:56.859-0700][info][gc,heap        ] GC(102) Old regions: 1008->1014
[2024-07-05T10:47:56.859-0700][info][gc,heap        ] GC(102) Archive regions: 2->2
[2024-07-05T10:47:56.859-0700][info][gc,heap        ] GC(102) Humongous regions: 4->4
[2024-07-05T10:47:56.859-0700][info][gc,metaspace   ] GC(102) Metaspace: 304K(512K)->304K(512K) NonClass: 296K(384K)->296K(384K) Class: 7K(128K)->7K(128K)
[2024-07-05T10:47:56.859-0700][info][gc             ] GC(102) Pause Young (Concurrent Start) (G1 Preventive Collection) 4062M->4075M(4096M) 5.463ms
[2024-07-05T10:47:56.859-0700][info][gc,cpu         ] GC(102) User=0.01s Sys=0.00s Real=0.01s
[2024-07-05T10:47:56.859-0700][info][gc             ] GC(103) Concurrent Mark Cycle
[2024-07-05T10:47:56.859-0700][info][gc,marking     ] GC(103) Concurrent Clear Claimed Marks
[2024-07-05T10:47:56.859-0700][info][gc,marking     ] GC(103) Concurrent Clear Claimed Marks 0.006ms
[2024-07-05T10:47:56.859-0700][info][gc,marking     ] GC(103) Concurrent Scan Root Regions
[2024-07-05T10:47:56.860-0700][info][gc,marking     ] GC(103) Concurrent Scan Root Regions 0.991ms
[2024-07-05T10:47:56.860-0700][info][gc,marking     ] GC(103) Concurrent Mark
[2024-07-05T10:47:56.860-0700][info][gc,marking     ] GC(103) Concurrent Mark From Roots
[2024-07-05T10:47:56.860-0700][info][gc,task        ] GC(103) Using 1 workers of 1 for marking
[2024-07-05T10:47:56.860-0700][info][gc,start       ] GC(104) Pause Young (Normal) (G1 Evacuation Pause)
[2024-07-05T10:47:56.860-0700][info][gc,task        ] GC(104) Using 4 workers of 4 for evacuation
[2024-07-05T10:47:56.864-0700][info][gc             ] GC(104) To-space exhausted
[2024-07-05T10:47:56.864-0700][info][gc,phases      ] GC(104)   Pre Evacuate Collection Set: 0.7ms
[2024-07-05T10:47:56.864-0700][info][gc,phases      ] GC(104)   Merge Heap Roots: 0.2ms
[2024-07-05T10:47:56.864-0700][info][gc,phases      ] GC(104)   Evacuate Collection Set: 1.9ms
[2024-07-05T10:47:56.864-0700][info][gc,phases      ] GC(104)   Post Evacuate Collection Set: 1.2ms
[2024-07-05T10:47:56.864-0700][info][gc,phases      ] GC(104)   Other: 0.1ms
[2024-07-05T10:47:56.864-0700][info][gc,heap        ] GC(104) Eden regions: 1->0(51)
[2024-07-05T10:47:56.864-0700][info][gc,heap        ] GC(104) Survivor regions: 3->0(0)
[2024-07-05T10:47:56.864-0700][info][gc,heap        ] GC(104) Old regions: 1014->1018
[2024-07-05T10:47:56.864-0700][info][gc,heap        ] GC(104) Archive regions: 2->2
[2024-07-05T10:47:56.864-0700][info][gc,heap        ] GC(104) Humongous regions: 4->4
[2024-07-05T10:47:56.864-0700][info][gc,metaspace   ] GC(104) Metaspace: 304K(512K)->304K(512K) NonClass: 296K(384K)->296K(384K) Class: 7K(128K)->7K(128K)
[2024-07-05T10:47:56.864-0700][info][gc             ] GC(104) Pause Young (Normal) (G1 Evacuation Pause) 4079M->4079M(4096M) 3.725ms
[2024-07-05T10:47:56.864-0700][info][gc,cpu         ] GC(104) User=0.01s Sys=0.00s Real=0.01s
[2024-07-05T10:47:56.864-0700][info][gc,ergo        ] Attempting full compaction
[2024-07-05T10:47:56.864-0700][info][gc,task        ] GC(105) Using 4 workers of 4 for full compaction
[2024-07-05T10:47:56.864-0700][info][gc,start       ] GC(105) Pause Full (G1 Compaction Pause)
[2024-07-05T10:47:56.867-0700][info][gc,phases,start] GC(105) Phase 1: Mark live objects
[2024-07-05T10:47:56.971-0700][info][gc,phases      ] GC(105) Phase 1: Mark live objects 104.639ms
[2024-07-05T10:47:56.971-0700][info][gc,phases,start] GC(105) Phase 2: Prepare for compaction
[2024-07-05T10:47:56.979-0700][info][gc,phases      ] GC(105) Phase 2: Prepare for compaction 7.489ms
[2024-07-05T10:47:56.979-0700][info][gc,phases,start] GC(105) Phase 3: Adjust pointers
[2024-07-05T10:47:57.043-0700][info][gc,phases      ] GC(105) Phase 3: Adjust pointers 64.360ms
[2024-07-05T10:47:57.043-0700][info][gc,phases,start] GC(105) Phase 4: Compact heap
[2024-07-05T10:47:57.075-0700][info][gc,phases      ] GC(105) Phase 4: Compact heap 31.511ms
[2024-07-05T10:47:57.079-0700][info][gc,heap        ] GC(105) Eden regions: 0->0(51)
[2024-07-05T10:47:57.079-0700][info][gc,heap        ] GC(105) Survivor regions: 0->0(0)
[2024-07-05T10:47:57.079-0700][info][gc,heap        ] GC(105) Old regions: 1018->1004
[2024-07-05T10:47:57.079-0700][info][gc,heap        ] GC(105) Archive regions: 2->2
[2024-07-05T10:47:57.079-0700][info][gc,heap        ] GC(105) Humongous regions: 4->4
[2024-07-05T10:47:57.079-0700][info][gc,metaspace   ] GC(105) Metaspace: 304K(512K)->304K(512K) NonClass: 296K(384K)->296K(384K) Class: 7K(128K)->7K(128K)
[2024-07-05T10:47:57.079-0700][info][gc             ] GC(105) Pause Full (G1 Compaction Pause) 4079M->4030M(4096M) 214.863ms
[2024-07-05T10:47:57.079-0700][info][gc,cpu         ] GC(105) User=0.81s Sys=0.00s Real=0.21s
[2024-07-05T10:47:57.079-0700][info][gc,marking     ] GC(103) Concurrent Mark From Roots 218.938ms
[2024-07-05T10:47:57.079-0700][info][gc,marking     ] GC(103) Concurrent Mark Abort
[2024-07-05T10:47:57.079-0700][info][gc             ] GC(103) Concurrent Mark Cycle 220.003ms
[2024-07-05T10:48:03.048-0700][info][gc,start       ] GC(106) Pause Young (Normal) (G1 Preventive Collection)
[2024-07-05T10:48:03.048-0700][info][gc,task        ] GC(106) Using 4 workers of 4 for evacuation
[2024-07-05T10:48:03.057-0700][info][gc,phases      ] GC(106)   Pre Evacuate Collection Set: 0.2ms
[2024-07-05T10:48:03.057-0700][info][gc,phases      ] GC(106)   Merge Heap Roots: 0.2ms
[2024-07-05T10:48:03.057-0700][info][gc,phases      ] GC(106)   Evacuate Collection Set: 7.4ms
[2024-07-05T10:48:03.057-0700][info][gc,phases      ] GC(106)   Post Evacuate Collection Set: 0.7ms
[2024-07-05T10:48:03.057-0700][info][gc,phases      ] GC(106)   Other: 0.1ms
[2024-07-05T10:48:03.057-0700][info][gc,heap        ] GC(106) Eden regions: 6->0(44)
[2024-07-05T10:48:03.057-0700][info][gc,heap        ] GC(106) Survivor regions: 0->7(7)
[2024-07-05T10:48:03.057-0700][info][gc,heap        ] GC(106) Old regions: 1004->1004
[2024-07-05T10:48:03.057-0700][info][gc,heap        ] GC(106) Archive regions: 2->2
[2024-07-05T10:48:03.057-0700][info][gc,heap        ] GC(106) Humongous regions: 4->4
[2024-07-05T10:48:03.057-0700][info][gc,metaspace   ] GC(106) Metaspace: 304K(512K)->304K(512K) NonClass: 296K(384K)->296K(384K) Class: 7K(128K)->7K(128K)
[2024-07-05T10:48:03.057-0700][info][gc             ] GC(106) Pause Young (Normal) (G1 Preventive Collection) 4054M->4054M(4096M) 8.705ms
[2024-07-05T10:48:03.057-0700][info][gc,cpu         ] GC(106) User=0.03s Sys=0.00s Real=0.01s
[2024-07-05T10:48:05.003-0700][info][gc,start       ] GC(107) Pause Young (Concurrent Start) (G1 Preventive Collection)
[2024-07-05T10:48:05.003-0700][info][gc,task        ] GC(107) Using 4 workers of 4 for evacuation
[2024-07-05T10:48:05.015-0700][info][gc             ] GC(107) To-space exhausted
[2024-07-05T10:48:05.015-0700][info][gc,phases      ] GC(107)   Pre Evacuate Collection Set: 0.3ms
[2024-07-05T10:48:05.015-0700][info][gc,phases      ] GC(107)   Merge Heap Roots: 0.3ms
[2024-07-05T10:48:05.015-0700][info][gc,phases      ] GC(107)   Evacuate Collection Set: 9.6ms
[2024-07-05T10:48:05.015-0700][info][gc,phases      ] GC(107)   Post Evacuate Collection Set: 1.7ms
[2024-07-05T10:48:05.015-0700][info][gc,phases      ] GC(107)   Other: 0.3ms
[2024-07-05T10:48:05.015-0700][info][gc,heap        ] GC(107) Eden regions: 3->0(50)
[2024-07-05T10:48:05.015-0700][info][gc,heap        ] GC(107) Survivor regions: 7->1(4)
[2024-07-05T10:48:05.015-0700][info][gc,heap        ] GC(107) Old regions: 1004->1016
[2024-07-05T10:48:05.015-0700][info][gc,heap        ] GC(107) Archive regions: 2->2
[2024-07-05T10:48:05.015-0700][info][gc,heap        ] GC(107) Humongous regions: 4->4
[2024-07-05T10:48:05.015-0700][info][gc,metaspace   ] GC(107) Metaspace: 304K(512K)->304K(512K) NonClass: 296K(384K)->296K(384K) Class: 7K(128K)->7K(128K)
[2024-07-05T10:48:05.015-0700][info][gc             ] GC(107) Pause Young (Concurrent Start) (G1 Preventive Collection) 4066M->4082M(4096M) 12.263ms
[2024-07-05T10:48:05.015-0700][info][gc,cpu         ] GC(107) User=0.03s Sys=0.01s Real=0.02s
[2024-07-05T10:48:05.015-0700][info][gc             ] GC(108) Concurrent Mark Cycle
[2024-07-05T10:48:05.015-0700][info][gc,marking     ] GC(108) Concurrent Clear Claimed Marks
[2024-07-05T10:48:05.015-0700][info][gc,marking     ] GC(108) Concurrent Clear Claimed Marks 0.006ms
[2024-07-05T10:48:05.015-0700][info][gc,marking     ] GC(108) Concurrent Scan Root Regions
[2024-07-05T10:48:05.017-0700][info][gc,marking     ] GC(108) Concurrent Scan Root Regions 1.290ms
[2024-07-05T10:48:05.017-0700][info][gc,marking     ] GC(108) Concurrent Mark
[2024-07-05T10:48:05.017-0700][info][gc,marking     ] GC(108) Concurrent Mark From Roots
[2024-07-05T10:48:05.017-0700][info][gc,task        ] GC(108) Using 1 workers of 1 for marking
[2024-07-05T10:48:05.017-0700][info][gc,start       ] GC(109) Pause Young (Normal) (G1 Evacuation Pause)
[2024-07-05T10:48:05.017-0700][info][gc,task        ] GC(109) Using 4 workers of 4 for evacuation
[2024-07-05T10:48:05.019-0700][info][gc             ] GC(109) To-space exhausted
[2024-07-05T10:48:05.019-0700][info][gc,phases      ] GC(109)   Pre Evacuate Collection Set: 1.1ms
[2024-07-05T10:48:05.019-0700][info][gc,phases      ] GC(109)   Merge Heap Roots: 0.2ms
[2024-07-05T10:48:05.019-0700][info][gc,phases      ] GC(109)   Evacuate Collection Set: 1.2ms
[2024-07-05T10:48:05.019-0700][info][gc,phases      ] GC(109)   Post Evacuate Collection Set: 1.0ms
[2024-07-05T10:48:05.019-0700][info][gc,phases      ] GC(109)   Other: 0.1ms
[2024-07-05T10:48:05.019-0700][info][gc,heap        ] GC(109) Eden regions: 1->0(51)
[2024-07-05T10:48:05.019-0700][info][gc,heap        ] GC(109) Survivor regions: 1->0(0)
[2024-07-05T10:48:05.019-0700][info][gc,heap        ] GC(109) Old regions: 1016->1018
[2024-07-05T10:48:05.019-0700][info][gc,heap        ] GC(109) Archive regions: 2->2
[2024-07-05T10:48:05.019-0700][info][gc,heap        ] GC(109) Humongous regions: 4->4
[2024-07-05T10:48:05.019-0700][info][gc,metaspace   ] GC(109) Metaspace: 304K(512K)->304K(512K) NonClass: 296K(384K)->296K(384K) Class: 7K(128K)->7K(128K)
[2024-07-05T10:48:05.020-0700][info][gc             ] GC(109) Pause Young (Normal) (G1 Evacuation Pause) 4086M->4086M(4096M) 2.826ms
[2024-07-05T10:48:05.020-0700][info][gc,cpu         ] GC(109) User=0.00s Sys=0.01s Real=0.00s
[2024-07-05T10:48:05.020-0700][info][gc,ergo        ] Attempting full compaction
[2024-07-05T10:48:05.020-0700][info][gc,task        ] GC(110) Using 4 workers of 4 for full compaction
[2024-07-05T10:48:05.020-0700][info][gc,start       ] GC(110) Pause Full (G1 Compaction Pause)
[2024-07-05T10:48:05.023-0700][info][gc,phases,start] GC(110) Phase 1: Mark live objects
[2024-07-05T10:48:05.151-0700][info][gc,phases      ] GC(110) Phase 1: Mark live objects 127.931ms
[2024-07-05T10:48:05.151-0700][info][gc,phases,start] GC(110) Phase 2: Prepare for compaction
[2024-07-05T10:48:05.153-0700][info][gc,phases      ] GC(110) Phase 2: Prepare for compaction 1.776ms
[2024-07-05T10:48:05.153-0700][info][gc,phases,start] GC(110) Phase 3: Adjust pointers
[2024-07-05T10:48:05.217-0700][info][gc,phases      ] GC(110) Phase 3: Adjust pointers 63.812ms
[2024-07-05T10:48:05.217-0700][info][gc,phases,start] GC(110) Phase 4: Compact heap
[2024-07-05T10:48:05.221-0700][info][gc,phases      ] GC(110) Phase 4: Compact heap 3.769ms
[2024-07-05T10:48:05.224-0700][info][gc,heap        ] GC(110) Eden regions: 0->0(51)
[2024-07-05T10:48:05.224-0700][info][gc,heap        ] GC(110) Survivor regions: 0->0(0)
[2024-07-05T10:48:05.224-0700][info][gc,heap        ] GC(110) Old regions: 1018->1015
[2024-07-05T10:48:05.224-0700][info][gc,heap        ] GC(110) Archive regions: 2->2
[2024-07-05T10:48:05.224-0700][info][gc,heap        ] GC(110) Humongous regions: 4->4
[2024-07-05T10:48:05.224-0700][info][gc,metaspace   ] GC(110) Metaspace: 304K(512K)->304K(512K) NonClass: 296K(384K)->296K(384K) Class: 7K(128K)->7K(128K)
[2024-07-05T10:48:05.224-0700][info][gc             ] GC(110) Pause Full (G1 Compaction Pause) 4086M->4069M(4096M) 204.722ms
[2024-07-05T10:48:05.224-0700][info][gc,cpu         ] GC(110) User=0.79s Sys=0.00s Real=0.21s
[2024-07-05T10:48:05.224-0700][info][gc,marking     ] GC(108) Concurrent Mark From Roots 207.819ms
[2024-07-05T10:48:05.224-0700][info][gc,marking     ] GC(108) Concurrent Mark Abort
[2024-07-05T10:48:05.224-0700][info][gc             ] GC(108) Concurrent Mark Cycle 209.183ms
[2024-07-05T10:48:07.153-0700][info][gc,start       ] GC(111) Pause Young (Normal) (G1 Preventive Collection)
[2024-07-05T10:48:07.153-0700][info][gc,task        ] GC(111) Using 4 workers of 4 for evacuation
[2024-07-05T10:48:07.159-0700][info][gc,phases      ] GC(111)   Pre Evacuate Collection Set: 0.3ms
[2024-07-05T10:48:07.159-0700][info][gc,phases      ] GC(111)   Merge Heap Roots: 0.3ms
[2024-07-05T10:48:07.159-0700][info][gc,phases      ] GC(111)   Evacuate Collection Set: 4.7ms
[2024-07-05T10:48:07.159-0700][info][gc,phases      ] GC(111)   Post Evacuate Collection Set: 0.5ms
[2024-07-05T10:48:07.159-0700][info][gc,phases      ] GC(111)   Other: 0.1ms
[2024-07-05T10:48:07.159-0700][info][gc,heap        ] GC(111) Eden regions: 1->0(49)
[2024-07-05T10:48:07.159-0700][info][gc,heap        ] GC(111) Survivor regions: 0->2(2)
[2024-07-05T10:48:07.159-0700][info][gc,heap        ] GC(111) Old regions: 1015->1015
[2024-07-05T10:48:07.159-0700][info][gc,heap        ] GC(111) Archive regions: 2->2
[2024-07-05T10:48:07.159-0700][info][gc,heap        ] GC(111) Humongous regions: 4->4
[2024-07-05T10:48:07.159-0700][info][gc,metaspace   ] GC(111) Metaspace: 304K(512K)->304K(512K) NonClass: 296K(384K)->296K(384K) Class: 7K(128K)->7K(128K)
[2024-07-05T10:48:07.159-0700][info][gc             ] GC(111) Pause Young (Normal) (G1 Preventive Collection) 4073M->4074M(4096M) 5.974ms
[2024-07-05T10:48:07.159-0700][info][gc,cpu         ] GC(111) User=0.02s Sys=0.00s Real=0.01s
[2024-07-05T10:48:07.160-0700][info][gc,start       ] GC(112) Pause Young (Concurrent Start) (G1 Evacuation Pause)
[2024-07-05T10:48:07.160-0700][info][gc,task        ] GC(112) Using 4 workers of 4 for evacuation
[2024-07-05T10:48:07.163-0700][info][gc             ] GC(112) To-space exhausted
[2024-07-05T10:48:07.163-0700][info][gc,phases      ] GC(112)   Pre Evacuate Collection Set: 0.3ms
[2024-07-05T10:48:07.163-0700][info][gc,phases      ] GC(112)   Merge Heap Roots: 0.2ms
[2024-07-05T10:48:07.163-0700][info][gc,phases      ] GC(112)   Evacuate Collection Set: 1.6ms
[2024-07-05T10:48:07.163-0700][info][gc,phases      ] GC(112)   Post Evacuate Collection Set: 1.4ms
[2024-07-05T10:48:07.163-0700][info][gc,phases      ] GC(112)   Other: 0.1ms
[2024-07-05T10:48:07.163-0700][info][gc,heap        ] GC(112) Eden regions: 1->0(51)
[2024-07-05T10:48:07.163-0700][info][gc,heap        ] GC(112) Survivor regions: 2->0(0)
[2024-07-05T10:48:07.163-0700][info][gc,heap        ] GC(112) Old regions: 1015->1018
[2024-07-05T10:48:07.163-0700][info][gc,heap        ] GC(112) Archive regions: 2->2
[2024-07-05T10:48:07.163-0700][info][gc,heap        ] GC(112) Humongous regions: 4->4
[2024-07-05T10:48:07.163-0700][info][gc,metaspace   ] GC(112) Metaspace: 304K(512K)->304K(512K) NonClass: 296K(384K)->296K(384K) Class: 7K(128K)->7K(128K)
[2024-07-05T10:48:07.163-0700][info][gc             ] GC(112) Pause Young (Concurrent Start) (G1 Evacuation Pause) 4078M->4078M(4096M) 3.656ms
[2024-07-05T10:48:07.163-0700][info][gc,cpu         ] GC(112) User=0.00s Sys=0.00s Real=0.01s
[2024-07-05T10:48:07.163-0700][info][gc,ergo        ] Attempting full compaction
[2024-07-05T10:48:07.163-0700][info][gc,task        ] GC(113) Using 4 workers of 4 for full compaction
[2024-07-05T10:48:07.163-0700][info][gc,start       ] GC(113) Pause Full (G1 Compaction Pause)
[2024-07-05T10:48:07.164-0700][info][gc             ] GC(114) Concurrent Mark Cycle
[2024-07-05T10:48:07.164-0700][info][gc,marking     ] GC(114) Concurrent Clear Claimed Marks
[2024-07-05T10:48:07.164-0700][info][gc,marking     ] GC(114) Concurrent Clear Claimed Marks 0.010ms
[2024-07-05T10:48:07.164-0700][info][gc,marking     ] GC(114) Concurrent Scan Root Regions
[2024-07-05T10:48:07.164-0700][info][gc,marking     ] GC(114) Concurrent Scan Root Regions 0.003ms
[2024-07-05T10:48:07.164-0700][info][gc,marking     ] GC(114) Concurrent Mark
[2024-07-05T10:48:07.164-0700][info][gc,marking     ] GC(114) Concurrent Mark From Roots
[2024-07-05T10:48:07.164-0700][info][gc,task        ] GC(114) Using 1 workers of 1 for marking
[2024-07-05T10:48:07.166-0700][info][gc,phases,start] GC(113) Phase 1: Mark live objects
[2024-07-05T10:48:07.265-0700][info][gc,phases      ] GC(113) Phase 1: Mark live objects 98.423ms
[2024-07-05T10:48:07.265-0700][info][gc,phases,start] GC(113) Phase 2: Prepare for compaction
[2024-07-05T10:48:07.266-0700][info][gc,phases      ] GC(113) Phase 2: Prepare for compaction 1.531ms
[2024-07-05T10:48:07.266-0700][info][gc,phases,start] GC(113) Phase 3: Adjust pointers
[2024-07-05T10:48:07.339-0700][info][gc,phases      ] GC(113) Phase 3: Adjust pointers 72.496ms
[2024-07-05T10:48:07.339-0700][info][gc,phases,start] GC(113) Phase 4: Compact heap
[2024-07-05T10:48:07.341-0700][info][gc,phases      ] GC(113) Phase 4: Compact heap 2.384ms
[2024-07-05T10:48:07.345-0700][info][gc,heap        ] GC(113) Eden regions: 0->0(51)
[2024-07-05T10:48:07.345-0700][info][gc,heap        ] GC(113) Survivor regions: 0->0(0)
[2024-07-05T10:48:07.345-0700][info][gc,heap        ] GC(113) Old regions: 1018->1016
[2024-07-05T10:48:07.345-0700][info][gc,heap        ] GC(113) Archive regions: 2->2
[2024-07-05T10:48:07.345-0700][info][gc,heap        ] GC(113) Humongous regions: 4->4
[2024-07-05T10:48:07.345-0700][info][gc,metaspace   ] GC(113) Metaspace: 304K(512K)->304K(512K) NonClass: 296K(384K)->296K(384K) Class: 7K(128K)->7K(128K)
[2024-07-05T10:48:07.345-0700][info][gc             ] GC(113) Pause Full (G1 Compaction Pause) 4078M->4077M(4096M) 181.762ms
[2024-07-05T10:48:07.345-0700][info][gc,cpu         ] GC(113) User=0.70s Sys=0.00s Real=0.18s
[2024-07-05T10:48:07.345-0700][info][gc,marking     ] GC(114) Concurrent Mark From Roots 180.793ms
[2024-07-05T10:48:07.345-0700][info][gc,marking     ] GC(114) Concurrent Mark Abort
[2024-07-05T10:48:07.345-0700][info][gc             ] GC(114) Concurrent Mark Cycle 180.934ms
[2024-07-05T10:48:09.331-0700][info][gc,start       ] GC(115) Pause Young (Normal) (G1 Preventive Collection)
[2024-07-05T10:48:09.331-0700][info][gc,task        ] GC(115) Using 4 workers of 4 for evacuation
[2024-07-05T10:48:09.338-0700][info][gc             ] GC(115) To-space exhausted
[2024-07-05T10:48:09.338-0700][info][gc,phases      ] GC(115)   Pre Evacuate Collection Set: 0.2ms
[2024-07-05T10:48:09.338-0700][info][gc,phases      ] GC(115)   Merge Heap Roots: 0.2ms
[2024-07-05T10:48:09.338-0700][info][gc,phases      ] GC(115)   Evacuate Collection Set: 5.6ms
[2024-07-05T10:48:09.338-0700][info][gc,phases      ] GC(115)   Post Evacuate Collection Set: 0.8ms
[2024-07-05T10:48:09.338-0700][info][gc,phases      ] GC(115)   Other: 0.2ms
[2024-07-05T10:48:09.338-0700][info][gc,heap        ] GC(115) Eden regions: 1->0(50)
[2024-07-05T10:48:09.338-0700][info][gc,heap        ] GC(115) Survivor regions: 0->1(1)
[2024-07-05T10:48:09.338-0700][info][gc,heap        ] GC(115) Old regions: 1016->1017
[2024-07-05T10:48:09.338-0700][info][gc,heap        ] GC(115) Archive regions: 2->2
[2024-07-05T10:48:09.338-0700][info][gc,heap        ] GC(115) Humongous regions: 4->4
[2024-07-05T10:48:09.338-0700][info][gc,metaspace   ] GC(115) Metaspace: 304K(512K)->304K(512K) NonClass: 296K(384K)->296K(384K) Class: 7K(128K)->7K(128K)
[2024-07-05T10:48:09.338-0700][info][gc             ] GC(115) Pause Young (Normal) (G1 Preventive Collection) 4081M->4085M(4096M) 7.016ms
[2024-07-05T10:48:09.338-0700][info][gc,cpu         ] GC(115) User=0.03s Sys=0.00s Real=0.01s
[2024-07-05T10:48:09.338-0700][info][gc,ergo        ] Attempting full compaction
[2024-07-05T10:48:09.338-0700][info][gc,task        ] GC(116) Using 4 workers of 4 for full compaction
[2024-07-05T10:48:09.338-0700][info][gc,start       ] GC(116) Pause Full (G1 Compaction Pause)
[2024-07-05T10:48:09.338-0700][info][gc,phases,start] GC(116) Phase 1: Mark live objects
[2024-07-05T10:48:09.438-0700][info][gc,phases      ] GC(116) Phase 1: Mark live objects 99.688ms
[2024-07-05T10:48:09.438-0700][info][gc,phases,start] GC(116) Phase 2: Prepare for compaction
[2024-07-05T10:48:09.439-0700][info][gc,phases      ] GC(116) Phase 2: Prepare for compaction 1.190ms
[2024-07-05T10:48:09.439-0700][info][gc,phases,start] GC(116) Phase 3: Adjust pointers
[2024-07-05T10:48:09.506-0700][info][gc,phases      ] GC(116) Phase 3: Adjust pointers 67.298ms
[2024-07-05T10:48:09.506-0700][info][gc,phases,start] GC(116) Phase 4: Compact heap
[2024-07-05T10:48:09.508-0700][info][gc,phases      ] GC(116) Phase 4: Compact heap 1.485ms
[2024-07-05T10:48:09.511-0700][info][gc,heap        ] GC(116) Eden regions: 0->0(51)
[2024-07-05T10:48:09.511-0700][info][gc,heap        ] GC(116) Survivor regions: 1->0(1)
[2024-07-05T10:48:09.511-0700][info][gc,heap        ] GC(116) Old regions: 1017->1017
[2024-07-05T10:48:09.511-0700][info][gc,heap        ] GC(116) Archive regions: 2->2
[2024-07-05T10:48:09.511-0700][info][gc,heap        ] GC(116) Humongous regions: 4->4
[2024-07-05T10:48:09.511-0700][info][gc,metaspace   ] GC(116) Metaspace: 304K(512K)->304K(512K) NonClass: 296K(384K)->296K(384K) Class: 7K(128K)->7K(128K)
[2024-07-05T10:48:09.512-0700][info][gc             ] GC(116) Pause Full (G1 Compaction Pause) 4085M->4080M(4096M) 173.593ms
[2024-07-05T10:48:09.512-0700][info][gc,cpu         ] GC(116) User=0.68s Sys=0.00s Real=0.17s
[2024-07-05T10:48:09.512-0700][info][gc,start       ] GC(117) Pause Young (Concurrent Start) (G1 Evacuation Pause)
[2024-07-05T10:48:09.512-0700][info][gc,task        ] GC(117) Using 4 workers of 4 for evacuation
[2024-07-05T10:48:09.514-0700][info][gc             ] GC(117) To-space exhausted
[2024-07-05T10:48:09.514-0700][info][gc,phases      ] GC(117)   Pre Evacuate Collection Set: 0.2ms
[2024-07-05T10:48:09.514-0700][info][gc,phases      ] GC(117)   Merge Heap Roots: 0.1ms
[2024-07-05T10:48:09.514-0700][info][gc,phases      ] GC(117)   Evacuate Collection Set: 0.7ms
[2024-07-05T10:48:09.514-0700][info][gc,phases      ] GC(117)   Post Evacuate Collection Set: 0.4ms
[2024-07-05T10:48:09.514-0700][info][gc,phases      ] GC(117)   Other: 0.2ms
[2024-07-05T10:48:09.514-0700][info][gc,heap        ] GC(117) Eden regions: 1->0(51)
[2024-07-05T10:48:09.514-0700][info][gc,heap        ] GC(117) Survivor regions: 0->0(0)
[2024-07-05T10:48:09.514-0700][info][gc,heap        ] GC(117) Old regions: 1017->1018
[2024-07-05T10:48:09.514-0700][info][gc,heap        ] GC(117) Archive regions: 2->2
[2024-07-05T10:48:09.514-0700][info][gc,heap        ] GC(117) Humongous regions: 4->4
[2024-07-05T10:48:09.514-0700][info][gc,metaspace   ] GC(117) Metaspace: 304K(512K)->304K(512K) NonClass: 296K(384K)->296K(384K) Class: 7K(128K)->7K(128K)
[2024-07-05T10:48:09.514-0700][info][gc             ] GC(117) Pause Young (Concurrent Start) (G1 Evacuation Pause) 4084M->4084M(4096M) 1.695ms
[2024-07-05T10:48:09.514-0700][info][gc,cpu         ] GC(117) User=0.00s Sys=0.00s Real=0.00s
[2024-07-05T10:48:09.514-0700][info][gc,ergo        ] Attempting full compaction
[2024-07-05T10:48:09.514-0700][info][gc,task        ] GC(118) Using 4 workers of 4 for full compaction
[2024-07-05T10:48:09.514-0700][info][gc,start       ] GC(118) Pause Full (G1 Compaction Pause)
[2024-07-05T10:48:09.514-0700][info][gc             ] GC(119) Concurrent Mark Cycle
[2024-07-05T10:48:09.514-0700][info][gc,marking     ] GC(119) Concurrent Clear Claimed Marks
[2024-07-05T10:48:09.514-0700][info][gc,marking     ] GC(119) Concurrent Clear Claimed Marks 0.007ms
[2024-07-05T10:48:09.514-0700][info][gc,marking     ] GC(119) Concurrent Scan Root Regions
[2024-07-05T10:48:09.514-0700][info][gc,marking     ] GC(119) Concurrent Scan Root Regions 0.003ms
[2024-07-05T10:48:09.514-0700][info][gc,marking     ] GC(119) Concurrent Mark
[2024-07-05T10:48:09.514-0700][info][gc,marking     ] GC(119) Concurrent Mark From Roots
[2024-07-05T10:48:09.514-0700][info][gc,task        ] GC(119) Using 1 workers of 1 for marking
[2024-07-05T10:48:09.517-0700][info][gc,phases,start] GC(118) Phase 1: Mark live objects
[2024-07-05T10:48:09.625-0700][info][gc,phases      ] GC(118) Phase 1: Mark live objects 107.868ms
[2024-07-05T10:48:09.625-0700][info][gc,phases,start] GC(118) Phase 2: Prepare for compaction
[2024-07-05T10:48:09.627-0700][info][gc,phases      ] GC(118) Phase 2: Prepare for compaction 1.378ms
[2024-07-05T10:48:09.627-0700][info][gc,phases,start] GC(118) Phase 3: Adjust pointers
[2024-07-05T10:48:09.690-0700][info][gc,phases      ] GC(118) Phase 3: Adjust pointers 63.859ms
[2024-07-05T10:48:09.690-0700][info][gc,phases,start] GC(118) Phase 4: Compact heap
[2024-07-05T10:48:09.691-0700][info][gc,phases      ] GC(118) Phase 4: Compact heap 0.927ms
[2024-07-05T10:48:09.695-0700][info][gc,heap        ] GC(118) Eden regions: 0->0(51)
[2024-07-05T10:48:09.695-0700][info][gc,heap        ] GC(118) Survivor regions: 0->0(0)
[2024-07-05T10:48:09.695-0700][info][gc,heap        ] GC(118) Old regions: 1018->1017
[2024-07-05T10:48:09.695-0700][info][gc,heap        ] GC(118) Archive regions: 2->2
[2024-07-05T10:48:09.695-0700][info][gc,heap        ] GC(118) Humongous regions: 4->4
[2024-07-05T10:48:09.695-0700][info][gc,metaspace   ] GC(118) Metaspace: 304K(512K)->304K(512K) NonClass: 296K(384K)->296K(384K) Class: 7K(128K)->7K(128K)
[2024-07-05T10:48:09.695-0700][info][gc             ] GC(118) Pause Full (G1 Compaction Pause) 4084M->4084M(4096M) 180.679ms
[2024-07-05T10:48:09.695-0700][info][gc,cpu         ] GC(118) User=0.71s Sys=0.00s Real=0.18s
[2024-07-05T10:48:09.695-0700][info][gc,marking     ] GC(119) Concurrent Mark From Roots 180.850ms
[2024-07-05T10:48:09.695-0700][info][gc,marking     ] GC(119) Concurrent Mark Abort
[2024-07-05T10:48:09.695-0700][info][gc             ] GC(119) Concurrent Mark Cycle 180.919ms
[2024-07-05T10:48:09.695-0700][info][gc,start       ] GC(120) Pause Young (Normal) (G1 Evacuation Pause)
[2024-07-05T10:48:09.695-0700][info][gc,task        ] GC(120) Using 4 workers of 4 for evacuation
[2024-07-05T10:48:09.697-0700][info][gc             ] GC(120) To-space exhausted
[2024-07-05T10:48:09.697-0700][info][gc,phases      ] GC(120)   Pre Evacuate Collection Set: 0.2ms
[2024-07-05T10:48:09.697-0700][info][gc,phases      ] GC(120)   Merge Heap Roots: 0.1ms
[2024-07-05T10:48:09.697-0700][info][gc,phases      ] GC(120)   Evacuate Collection Set: 0.6ms
[2024-07-05T10:48:09.697-0700][info][gc,phases      ] GC(120)   Post Evacuate Collection Set: 0.4ms
[2024-07-05T10:48:09.697-0700][info][gc,phases      ] GC(120)   Other: 0.1ms
[2024-07-05T10:48:09.697-0700][info][gc,heap        ] GC(120) Eden regions: 1->0(51)
[2024-07-05T10:48:09.697-0700][info][gc,heap        ] GC(120) Survivor regions: 0->0(0)
[2024-07-05T10:48:09.697-0700][info][gc,heap        ] GC(120) Old regions: 1017->1018
[2024-07-05T10:48:09.697-0700][info][gc,heap        ] GC(120) Archive regions: 2->2
[2024-07-05T10:48:09.697-0700][info][gc,heap        ] GC(120) Humongous regions: 4->4
[2024-07-05T10:48:09.697-0700][info][gc,metaspace   ] GC(120) Metaspace: 304K(512K)->304K(512K) NonClass: 296K(384K)->296K(384K) Class: 7K(128K)->7K(128K)
[2024-07-05T10:48:09.697-0700][info][gc             ] GC(120) Pause Young (Normal) (G1 Evacuation Pause) 4088M->4088M(4096M) 1.336ms
[2024-07-05T10:48:09.697-0700][info][gc,cpu         ] GC(120) User=0.01s Sys=0.00s Real=0.00s
[2024-07-05T10:48:09.697-0700][info][gc,ergo        ] Attempting full compaction
[2024-07-05T10:48:09.697-0700][info][gc,task        ] GC(121) Using 4 workers of 4 for full compaction
[2024-07-05T10:48:09.697-0700][info][gc,start       ] GC(121) Pause Full (G1 Compaction Pause)
[2024-07-05T10:48:09.697-0700][info][gc,phases,start] GC(121) Phase 1: Mark live objects
[2024-07-05T10:48:09.795-0700][info][gc,phases      ] GC(121) Phase 1: Mark live objects 98.751ms
[2024-07-05T10:48:09.795-0700][info][gc,phases,start] GC(121) Phase 2: Prepare for compaction
[2024-07-05T10:48:09.796-0700][info][gc,phases      ] GC(121) Phase 2: Prepare for compaction 1.011ms
[2024-07-05T10:48:09.797-0700][info][gc,phases,start] GC(121) Phase 3: Adjust pointers
[2024-07-05T10:48:09.862-0700][info][gc,phases      ] GC(121) Phase 3: Adjust pointers 65.564ms
[2024-07-05T10:48:09.862-0700][info][gc,phases,start] GC(121) Phase 4: Compact heap
[2024-07-05T10:48:09.862-0700][info][gc,phases      ] GC(121) Phase 4: Compact heap 0.235ms
[2024-07-05T10:48:09.866-0700][info][gc,heap        ] GC(121) Eden regions: 0->0(51)
[2024-07-05T10:48:09.866-0700][info][gc,heap        ] GC(121) Survivor regions: 0->0(0)
[2024-07-05T10:48:09.866-0700][info][gc,heap        ] GC(121) Old regions: 1018->1018
[2024-07-05T10:48:09.866-0700][info][gc,heap        ] GC(121) Archive regions: 2->2
[2024-07-05T10:48:09.866-0700][info][gc,heap        ] GC(121) Humongous regions: 4->4
[2024-07-05T10:48:09.866-0700][info][gc,metaspace   ] GC(121) Metaspace: 304K(512K)->304K(512K) NonClass: 296K(384K)->296K(384K) Class: 7K(128K)->7K(128K)
[2024-07-05T10:48:09.866-0700][info][gc             ] GC(121) Pause Full (G1 Compaction Pause) 4088M->4088M(4096M) 169.128ms
[2024-07-05T10:48:09.866-0700][info][gc,cpu         ] GC(121) User=0.66s Sys=0.01s Real=0.17s
[2024-07-05T10:48:09.866-0700][info][gc,ergo        ] Attempting maximum full compaction clearing soft references
[2024-07-05T10:48:09.866-0700][info][gc,task        ] GC(122) Using 4 workers of 4 for full compaction
[2024-07-05T10:48:09.866-0700][info][gc,start       ] GC(122) Pause Full (G1 Compaction Pause)
[2024-07-05T10:48:09.866-0700][info][gc,phases,start] GC(122) Phase 1: Mark live objects
[2024-07-05T10:48:09.971-0700][info][gc,phases      ] GC(122) Phase 1: Mark live objects 105.360ms
[2024-07-05T10:48:09.971-0700][info][gc,phases,start] GC(122) Phase 2: Prepare for compaction
[2024-07-05T10:48:10.050-0700][info][gc,phases      ] GC(122) Phase 2: Prepare for compaction 79.075ms
[2024-07-05T10:48:10.050-0700][info][gc,phases,start] GC(122) Phase 3: Adjust pointers
[2024-07-05T10:48:10.146-0700][info][gc,phases      ] GC(122) Phase 3: Adjust pointers 95.308ms
[2024-07-05T10:48:10.146-0700][info][gc,phases,start] GC(122) Phase 4: Compact heap
[2024-07-05T10:48:10.689-0700][info][gc,phases      ] GC(122) Phase 4: Compact heap 543.018ms
[2024-07-05T10:48:10.692-0700][info][gc,heap        ] GC(122) Eden regions: 0->0(51)
[2024-07-05T10:48:10.692-0700][info][gc,heap        ] GC(122) Survivor regions: 0->0(0)
[2024-07-05T10:48:10.692-0700][info][gc,heap        ] GC(122) Old regions: 1018->990
[2024-07-05T10:48:10.692-0700][info][gc,heap        ] GC(122) Archive regions: 2->2
[2024-07-05T10:48:10.692-0700][info][gc,heap        ] GC(122) Humongous regions: 4->4
[2024-07-05T10:48:10.692-0700][info][gc,metaspace   ] GC(122) Metaspace: 304K(512K)->304K(512K) NonClass: 296K(384K)->296K(384K) Class: 7K(128K)->7K(128K)
[2024-07-05T10:48:10.693-0700][info][gc             ] GC(122) Pause Full (G1 Compaction Pause) 4088M->3966M(4096M) 826.672ms
[2024-07-05T10:48:10.693-0700][info][gc,cpu         ] GC(122) User=3.17s Sys=0.00s Real=0.82s
[2024-07-05T10:48:26.656-0700][info][gc,start       ] GC(123) Pause Young (Concurrent Start) (G1 Preventive Collection)
[2024-07-05T10:48:26.656-0700][info][gc,task        ] GC(123) Using 4 workers of 4 for evacuation
[2024-07-05T10:48:26.674-0700][info][gc             ] GC(123) To-space exhausted
[2024-07-05T10:48:26.674-0700][info][gc,phases      ] GC(123)   Pre Evacuate Collection Set: 0.2ms
[2024-07-05T10:48:26.674-0700][info][gc,phases      ] GC(123)   Merge Heap Roots: 0.2ms
[2024-07-05T10:48:26.674-0700][info][gc,phases      ] GC(123)   Evacuate Collection Set: 15.8ms
[2024-07-05T10:48:26.674-0700][info][gc,phases      ] GC(123)   Post Evacuate Collection Set: 1.8ms
[2024-07-05T10:48:26.674-0700][info][gc,phases      ] GC(123)   Other: 0.2ms
[2024-07-05T10:48:26.674-0700][info][gc,heap        ] GC(123) Eden regions: 17->0(44)
[2024-07-05T10:48:26.674-0700][info][gc,heap        ] GC(123) Survivor regions: 0->7(7)
[2024-07-05T10:48:26.674-0700][info][gc,heap        ] GC(123) Old regions: 990->1006
[2024-07-05T10:48:26.674-0700][info][gc,heap        ] GC(123) Archive regions: 2->2
[2024-07-05T10:48:26.674-0700][info][gc,heap        ] GC(123) Humongous regions: 4->4
[2024-07-05T10:48:26.674-0700][info][gc,metaspace   ] GC(123) Metaspace: 304K(512K)->304K(512K) NonClass: 296K(384K)->296K(384K) Class: 7K(128K)->7K(128K)
[2024-07-05T10:48:26.674-0700][info][gc             ] GC(123) Pause Young (Concurrent Start) (G1 Preventive Collection) 4034M->4058M(4096M) 18.290ms
[2024-07-05T10:48:26.674-0700][info][gc,cpu         ] GC(123) User=0.06s Sys=0.01s Real=0.01s
[2024-07-05T10:48:26.674-0700][info][gc             ] GC(124) Concurrent Mark Cycle
[2024-07-05T10:48:26.674-0700][info][gc,marking     ] GC(124) Concurrent Clear Claimed Marks
[2024-07-05T10:48:26.674-0700][info][gc,marking     ] GC(124) Concurrent Clear Claimed Marks 0.006ms
[2024-07-05T10:48:26.674-0700][info][gc,marking     ] GC(124) Concurrent Scan Root Regions
[2024-07-05T10:48:26.678-0700][info][gc,marking     ] GC(124) Concurrent Scan Root Regions 3.348ms
[2024-07-05T10:48:26.678-0700][info][gc,marking     ] GC(124) Concurrent Mark
[2024-07-05T10:48:26.678-0700][info][gc,marking     ] GC(124) Concurrent Mark From Roots
[2024-07-05T10:48:26.678-0700][info][gc,task        ] GC(124) Using 1 workers of 1 for marking
[2024-07-05T10:48:27.301-0700][info][gc,marking     ] GC(124) Concurrent Mark From Roots 623.773ms
[2024-07-05T10:48:27.301-0700][info][gc,marking     ] GC(124) Concurrent Preclean
[2024-07-05T10:48:27.301-0700][info][gc,marking     ] GC(124) Concurrent Preclean 0.060ms
[2024-07-05T10:48:36.453-0700][info][gc,start       ] GC(124) Pause Remark
[2024-07-05T10:48:36.455-0700][info][gc             ] GC(124) Pause Remark 4062M->4062M(4096M) 1.289ms
[2024-07-05T10:48:36.455-0700][info][gc,cpu         ] GC(124) User=0.00s Sys=0.00s Real=0.00s
[2024-07-05T10:48:36.455-0700][info][gc,marking     ] GC(124) Concurrent Mark 9777.257ms
[2024-07-05T10:48:36.455-0700][info][gc,marking     ] GC(124) Concurrent Rebuild Remembered Sets
[2024-07-05T10:48:36.766-0700][info][gc,marking     ] GC(124) Concurrent Rebuild Remembered Sets 311.174ms
[2024-07-05T10:48:37.909-0700][info][gc,start       ] GC(124) Pause Cleanup
[2024-07-05T10:48:37.910-0700][info][gc             ] GC(124) Pause Cleanup 4062M->4062M(4096M) 0.506ms
[2024-07-05T10:48:37.910-0700][info][gc,cpu         ] GC(124) User=0.00s Sys=0.00s Real=0.00s
[2024-07-05T10:48:37.910-0700][info][gc,marking     ] GC(124) Concurrent Cleanup for Next Mark
[2024-07-05T10:48:37.916-0700][info][gc,marking     ] GC(124) Concurrent Cleanup for Next Mark 5.967ms
[2024-07-05T10:48:37.916-0700][info][gc             ] GC(124) Concurrent Mark Cycle 11241.680ms
[2024-07-05T10:48:38.945-0700][info][gc,start       ] GC(125) Pause Young (Prepare Mixed) (G1 Preventive Collection)
[2024-07-05T10:48:38.945-0700][info][gc,task        ] GC(125) Using 4 workers of 4 for evacuation
[2024-07-05T10:48:38.963-0700][info][gc             ] GC(125) To-space exhausted
[2024-07-05T10:48:38.963-0700][info][gc,phases      ] GC(125)   Pre Evacuate Collection Set: 0.3ms
[2024-07-05T10:48:38.963-0700][info][gc,phases      ] GC(125)   Merge Heap Roots: 0.2ms
[2024-07-05T10:48:38.963-0700][info][gc,phases      ] GC(125)   Evacuate Collection Set: 14.7ms
[2024-07-05T10:48:38.963-0700][info][gc,phases      ] GC(125)   Post Evacuate Collection Set: 2.9ms
[2024-07-05T10:48:38.963-0700][info][gc,phases      ] GC(125)   Other: 0.2ms
[2024-07-05T10:48:38.964-0700][info][gc,heap        ] GC(125) Eden regions: 2->0(51)
[2024-07-05T10:48:38.964-0700][info][gc,heap        ] GC(125) Survivor regions: 7->0(3)
[2024-07-05T10:48:38.964-0700][info][gc,heap        ] GC(125) Old regions: 1006->1018
[2024-07-05T10:48:38.964-0700][info][gc,heap        ] GC(125) Archive regions: 2->2
[2024-07-05T10:48:38.964-0700][info][gc,heap        ] GC(125) Humongous regions: 4->4
[2024-07-05T10:48:38.964-0700][info][gc,metaspace   ] GC(125) Metaspace: 304K(512K)->304K(512K) NonClass: 296K(384K)->296K(384K) Class: 7K(128K)->7K(128K)
[2024-07-05T10:48:38.964-0700][info][gc             ] GC(125) Pause Young (Prepare Mixed) (G1 Preventive Collection) 4066M->4078M(4096M) 18.328ms
[2024-07-05T10:48:38.964-0700][info][gc,cpu         ] GC(125) User=0.06s Sys=0.00s Real=0.02s
[2024-07-05T10:48:38.964-0700][info][gc,ergo        ] Attempting full compaction
[2024-07-05T10:48:38.964-0700][info][gc,task        ] GC(126) Using 4 workers of 4 for full compaction
[2024-07-05T10:48:38.964-0700][info][gc,start       ] GC(126) Pause Full (G1 Compaction Pause)
[2024-07-05T10:48:38.964-0700][info][gc,phases,start] GC(126) Phase 1: Mark live objects
[2024-07-05T10:48:39.077-0700][info][gc,phases      ] GC(126) Phase 1: Mark live objects 113.132ms
[2024-07-05T10:48:39.077-0700][info][gc,phases,start] GC(126) Phase 2: Prepare for compaction
[2024-07-05T10:48:39.079-0700][info][gc,phases      ] GC(126) Phase 2: Prepare for compaction 1.906ms
[2024-07-05T10:48:39.079-0700][info][gc,phases,start] GC(126) Phase 3: Adjust pointers
[2024-07-05T10:48:39.145-0700][info][gc,phases      ] GC(126) Phase 3: Adjust pointers 65.674ms
[2024-07-05T10:48:39.145-0700][info][gc,phases,start] GC(126) Phase 4: Compact heap
[2024-07-05T10:48:39.150-0700][info][gc,phases      ] GC(126) Phase 4: Compact heap 4.887ms
[2024-07-05T10:48:39.153-0700][info][gc,heap        ] GC(126) Eden regions: 0->0(51)
[2024-07-05T10:48:39.153-0700][info][gc,heap        ] GC(126) Survivor regions: 0->0(3)
[2024-07-05T10:48:39.153-0700][info][gc,heap        ] GC(126) Old regions: 1018->1008
[2024-07-05T10:48:39.153-0700][info][gc,heap        ] GC(126) Archive regions: 2->2
[2024-07-05T10:48:39.153-0700][info][gc,heap        ] GC(126) Humongous regions: 4->4
[2024-07-05T10:48:39.153-0700][info][gc,metaspace   ] GC(126) Metaspace: 304K(512K)->304K(512K) NonClass: 296K(384K)->296K(384K) Class: 7K(128K)->7K(128K)
[2024-07-05T10:48:39.153-0700][info][gc             ] GC(126) Pause Full (G1 Compaction Pause) 4078M->4041M(4096M) 189.581ms
[2024-07-05T10:48:39.153-0700][info][gc,cpu         ] GC(126) User=0.74s Sys=0.00s Real=0.18s
[2024-07-05T10:48:45.153-0700][info][gc,start       ] GC(127) Pause Young (Concurrent Start) (G1 Preventive Collection)
[2024-07-05T10:48:45.153-0700][info][gc,task        ] GC(127) Using 4 workers of 4 for evacuation
[2024-07-05T10:48:45.163-0700][info][gc             ] GC(127) To-space exhausted
[2024-07-05T10:48:45.163-0700][info][gc,phases      ] GC(127)   Pre Evacuate Collection Set: 0.2ms
[2024-07-05T10:48:45.163-0700][info][gc,phases      ] GC(127)   Merge Heap Roots: 0.2ms
[2024-07-05T10:48:45.163-0700][info][gc,phases      ] GC(127)   Evacuate Collection Set: 8.4ms
[2024-07-05T10:48:45.163-0700][info][gc,phases      ] GC(127)   Post Evacuate Collection Set: 1.3ms
[2024-07-05T10:48:45.163-0700][info][gc,phases      ] GC(127)   Other: 0.2ms
[2024-07-05T10:48:45.163-0700][info][gc,heap        ] GC(127) Eden regions: 6->0(47)
[2024-07-05T10:48:45.163-0700][info][gc,heap        ] GC(127) Survivor regions: 0->4(4)
[2024-07-05T10:48:45.163-0700][info][gc,heap        ] GC(127) Old regions: 1008->1013
[2024-07-05T10:48:45.163-0700][info][gc,heap        ] GC(127) Archive regions: 2->2
[2024-07-05T10:48:45.163-0700][info][gc,heap        ] GC(127) Humongous regions: 4->4
[2024-07-05T10:48:45.163-0700][info][gc,metaspace   ] GC(127) Metaspace: 304K(512K)->304K(512K) NonClass: 296K(384K)->296K(384K) Class: 7K(128K)->7K(128K)
[2024-07-05T10:48:45.163-0700][info][gc             ] GC(127) Pause Young (Concurrent Start) (G1 Preventive Collection) 4065M->4077M(4096M) 10.384ms
[2024-07-05T10:48:45.163-0700][info][gc,cpu         ] GC(127) User=0.04s Sys=0.00s Real=0.02s
[2024-07-05T10:48:45.163-0700][info][gc             ] GC(128) Concurrent Mark Cycle
[2024-07-05T10:48:45.163-0700][info][gc,marking     ] GC(128) Concurrent Clear Claimed Marks
[2024-07-05T10:48:45.163-0700][info][gc,marking     ] GC(128) Concurrent Clear Claimed Marks 0.006ms
[2024-07-05T10:48:45.163-0700][info][gc,marking     ] GC(128) Concurrent Scan Root Regions
[2024-07-05T10:48:45.164-0700][info][gc,marking     ] GC(128) Concurrent Scan Root Regions 1.010ms
[2024-07-05T10:48:45.164-0700][info][gc,marking     ] GC(128) Concurrent Mark
[2024-07-05T10:48:45.164-0700][info][gc,marking     ] GC(128) Concurrent Mark From Roots
[2024-07-05T10:48:45.164-0700][info][gc,task        ] GC(128) Using 1 workers of 1 for marking
[2024-07-05T10:48:45.944-0700][info][gc,marking     ] GC(128) Concurrent Mark From Roots 779.642ms
[2024-07-05T10:48:45.944-0700][info][gc,marking     ] GC(128) Concurrent Preclean
[2024-07-05T10:48:45.944-0700][info][gc,marking     ] GC(128) Concurrent Preclean 0.060ms
[2024-07-05T10:48:46.006-0700][info][gc,start       ] GC(128) Pause Remark
[2024-07-05T10:48:46.007-0700][info][gc             ] GC(128) Pause Remark 4079M->4079M(4096M) 1.245ms
[2024-07-05T10:48:46.007-0700][info][gc,cpu         ] GC(128) User=0.00s Sys=0.00s Real=0.00s
[2024-07-05T10:48:46.007-0700][info][gc,marking     ] GC(128) Concurrent Mark 842.740ms
[2024-07-05T10:48:46.007-0700][info][gc,marking     ] GC(128) Concurrent Rebuild Remembered Sets
[2024-07-05T10:48:46.284-0700][info][gc,marking     ] GC(128) Concurrent Rebuild Remembered Sets 276.855ms
[2024-07-05T10:48:48.240-0700][info][gc,start       ] GC(128) Pause Cleanup
[2024-07-05T10:48:48.241-0700][info][gc             ] GC(128) Pause Cleanup 4079M->4079M(4096M) 0.644ms
[2024-07-05T10:48:48.241-0700][info][gc,cpu         ] GC(128) User=0.00s Sys=0.00s Real=0.00s
[2024-07-05T10:48:48.241-0700][info][gc,marking     ] GC(128) Concurrent Cleanup for Next Mark
[2024-07-05T10:48:48.250-0700][info][gc,marking     ] GC(128) Concurrent Cleanup for Next Mark 8.906ms
[2024-07-05T10:48:48.250-0700][info][gc             ] GC(128) Concurrent Mark Cycle 3086.727ms
[2024-07-05T10:48:49.242-0700][info][gc,start       ] GC(129) Pause Young (Normal) (G1 Evacuation Pause)
[2024-07-05T10:48:49.243-0700][info][gc,task        ] GC(129) Using 4 workers of 4 for evacuation
[2024-07-05T10:48:49.251-0700][info][gc             ] GC(129) To-space exhausted
[2024-07-05T10:48:49.252-0700][info][gc,phases      ] GC(129)   Pre Evacuate Collection Set: 0.4ms
[2024-07-05T10:48:49.252-0700][info][gc,phases      ] GC(129)   Merge Heap Roots: 0.1ms
[2024-07-05T10:48:49.252-0700][info][gc,phases      ] GC(129)   Evacuate Collection Set: 7.2ms
[2024-07-05T10:48:49.252-0700][info][gc,phases      ] GC(129)   Post Evacuate Collection Set: 0.9ms
[2024-07-05T10:48:49.252-0700][info][gc,phases      ] GC(129)   Other: 0.4ms
[2024-07-05T10:48:49.252-0700][info][gc,heap        ] GC(129) Eden regions: 1->0(51)
[2024-07-05T10:48:49.252-0700][info][gc,heap        ] GC(129) Survivor regions: 4->0(0)
[2024-07-05T10:48:49.252-0700][info][gc,heap        ] GC(129) Old regions: 1013->1018
[2024-07-05T10:48:49.252-0700][info][gc,heap        ] GC(129) Archive regions: 2->2
[2024-07-05T10:48:49.252-0700][info][gc,heap        ] GC(129) Humongous regions: 4->4
[2024-07-05T10:48:49.252-0700][info][gc,metaspace   ] GC(129) Metaspace: 304K(512K)->304K(512K) NonClass: 296K(384K)->296K(384K) Class: 7K(128K)->7K(128K)
[2024-07-05T10:48:49.252-0700][info][gc             ] GC(129) Pause Young (Normal) (G1 Evacuation Pause) 4081M->4081M(4096M) 9.112ms
[2024-07-05T10:48:49.252-0700][info][gc,cpu         ] GC(129) User=0.03s Sys=0.00s Real=0.01s
[2024-07-05T10:48:49.252-0700][info][gc,ergo        ] Attempting full compaction
[2024-07-05T10:48:49.252-0700][info][gc,task        ] GC(130) Using 4 workers of 4 for full compaction
[2024-07-05T10:48:49.252-0700][info][gc,start       ] GC(130) Pause Full (G1 Compaction Pause)
[2024-07-05T10:48:49.252-0700][info][gc,phases,start] GC(130) Phase 1: Mark live objects
[2024-07-05T10:48:49.392-0700][info][gc,phases      ] GC(130) Phase 1: Mark live objects 140.000ms
[2024-07-05T10:48:49.392-0700][info][gc,phases,start] GC(130) Phase 2: Prepare for compaction
[2024-07-05T10:48:49.393-0700][info][gc,phases      ] GC(130) Phase 2: Prepare for compaction 1.130ms
[2024-07-05T10:48:49.393-0700][info][gc,phases,start] GC(130) Phase 3: Adjust pointers
[2024-07-05T10:48:49.460-0700][info][gc,phases      ] GC(130) Phase 3: Adjust pointers 67.439ms
[2024-07-05T10:48:49.460-0700][info][gc,phases,start] GC(130) Phase 4: Compact heap
[2024-07-05T10:48:49.462-0700][info][gc,phases      ] GC(130) Phase 4: Compact heap 1.574ms
[2024-07-05T10:48:49.466-0700][info][gc,heap        ] GC(130) Eden regions: 0->0(51)
[2024-07-05T10:48:49.467-0700][info][gc,heap        ] GC(130) Survivor regions: 0->0(0)
[2024-07-05T10:48:49.467-0700][info][gc,heap        ] GC(130) Old regions: 1018->1014
[2024-07-05T10:48:49.467-0700][info][gc,heap        ] GC(130) Archive regions: 2->2
[2024-07-05T10:48:49.467-0700][info][gc,heap        ] GC(130) Humongous regions: 4->4
[2024-07-05T10:48:49.467-0700][info][gc,metaspace   ] GC(130) Metaspace: 304K(512K)->304K(512K) NonClass: 296K(384K)->296K(384K) Class: 7K(128K)->7K(128K)
[2024-07-05T10:48:49.467-0700][info][gc             ] GC(130) Pause Full (G1 Compaction Pause) 4081M->4069M(4096M) 214.947ms
[2024-07-05T10:48:49.467-0700][info][gc,cpu         ] GC(130) User=0.85s Sys=0.00s Real=0.22s
[2024-07-05T10:48:53.131-0700][info][gc,start       ] GC(131) Pause Young (Concurrent Start) (G1 Preventive Collection)
[2024-07-05T10:48:53.131-0700][info][gc,task        ] GC(131) Using 4 workers of 4 for evacuation
[2024-07-05T10:48:53.141-0700][info][gc,phases      ] GC(131)   Pre Evacuate Collection Set: 0.2ms
[2024-07-05T10:48:53.142-0700][info][gc,phases      ] GC(131)   Merge Heap Roots: 0.2ms
[2024-07-05T10:48:53.142-0700][info][gc,phases      ] GC(131)   Evacuate Collection Set: 9.1ms
[2024-07-05T10:48:53.142-0700][info][gc,phases      ] GC(131)   Post Evacuate Collection Set: 0.5ms
[2024-07-05T10:48:53.142-0700][info][gc,phases      ] GC(131)   Other: 0.4ms
[2024-07-05T10:48:53.142-0700][info][gc,heap        ] GC(131) Eden regions: 2->0(49)
[2024-07-05T10:48:53.142-0700][info][gc,heap        ] GC(131) Survivor regions: 0->2(2)
[2024-07-05T10:48:53.142-0700][info][gc,heap        ] GC(131) Old regions: 1014->1014
[2024-07-05T10:48:53.142-0700][info][gc,heap        ] GC(131) Archive regions: 2->2
[2024-07-05T10:48:53.142-0700][info][gc,heap        ] GC(131) Humongous regions: 4->4
[2024-07-05T10:48:53.142-0700][info][gc,metaspace   ] GC(131) Metaspace: 304K(512K)->304K(512K) NonClass: 296K(384K)->296K(384K) Class: 7K(128K)->7K(128K)
[2024-07-05T10:48:53.142-0700][info][gc             ] GC(131) Pause Young (Concurrent Start) (G1 Preventive Collection) 4077M->4077M(4096M) 10.271ms
[2024-07-05T10:48:53.142-0700][info][gc,cpu         ] GC(131) User=0.03s Sys=0.00s Real=0.01s
[2024-07-05T10:48:53.142-0700][info][gc             ] GC(132) Concurrent Mark Cycle
[2024-07-05T10:48:53.142-0700][info][gc,marking     ] GC(132) Concurrent Clear Claimed Marks
[2024-07-05T10:48:53.142-0700][info][gc,marking     ] GC(132) Concurrent Clear Claimed Marks 0.008ms
[2024-07-05T10:48:53.142-0700][info][gc,marking     ] GC(132) Concurrent Scan Root Regions
[2024-07-05T10:48:53.143-0700][info][gc,marking     ] GC(132) Concurrent Scan Root Regions 0.868ms
[2024-07-05T10:48:53.143-0700][info][gc,marking     ] GC(132) Concurrent Mark
[2024-07-05T10:48:53.143-0700][info][gc,marking     ] GC(132) Concurrent Mark From Roots
[2024-07-05T10:48:53.143-0700][info][gc,task        ] GC(132) Using 1 workers of 1 for marking
[2024-07-05T10:48:53.143-0700][info][gc,start       ] GC(133) Pause Young (Normal) (G1 Preventive Collection)
[2024-07-05T10:48:53.143-0700][info][gc,task        ] GC(133) Using 4 workers of 4 for evacuation
[2024-07-05T10:48:53.146-0700][info][gc             ] GC(133) To-space exhausted
[2024-07-05T10:48:53.146-0700][info][gc,phases      ] GC(133)   Pre Evacuate Collection Set: 0.4ms
[2024-07-05T10:48:53.146-0700][info][gc,phases      ] GC(133)   Merge Heap Roots: 0.1ms
[2024-07-05T10:48:53.146-0700][info][gc,phases      ] GC(133)   Evacuate Collection Set: 2.2ms
[2024-07-05T10:48:53.146-0700][info][gc,phases      ] GC(133)   Post Evacuate Collection Set: 0.9ms
[2024-07-05T10:48:53.146-0700][info][gc,phases      ] GC(133)   Other: 0.1ms
[2024-07-05T10:48:53.146-0700][info][gc,heap        ] GC(133) Eden regions: 1->0(50)
[2024-07-05T10:48:53.146-0700][info][gc,heap        ] GC(133) Survivor regions: 2->1(1)
[2024-07-05T10:48:53.146-0700][info][gc,heap        ] GC(133) Old regions: 1014->1017
[2024-07-05T10:48:53.146-0700][info][gc,heap        ] GC(133) Archive regions: 2->2
[2024-07-05T10:48:53.146-0700][info][gc,heap        ] GC(133) Humongous regions: 4->4
[2024-07-05T10:48:53.146-0700][info][gc,metaspace   ] GC(133) Metaspace: 304K(512K)->304K(512K) NonClass: 296K(384K)->296K(384K) Class: 7K(128K)->7K(128K)
[2024-07-05T10:48:53.146-0700][info][gc             ] GC(133) Pause Young (Normal) (G1 Preventive Collection) 4081M->4085M(4096M) 3.542ms
[2024-07-05T10:48:53.146-0700][info][gc,cpu         ] GC(133) User=0.01s Sys=0.00s Real=0.01s
[2024-07-05T10:48:53.146-0700][info][gc,ergo        ] Attempting full compaction
[2024-07-05T10:48:53.146-0700][info][gc,task        ] GC(134) Using 4 workers of 4 for full compaction
[2024-07-05T10:48:53.146-0700][info][gc,start       ] GC(134) Pause Full (G1 Compaction Pause)
[2024-07-05T10:48:53.151-0700][info][gc,phases,start] GC(134) Phase 1: Mark live objects
[2024-07-05T10:48:53.293-0700][info][gc,phases      ] GC(134) Phase 1: Mark live objects 141.884ms
[2024-07-05T10:48:53.293-0700][info][gc,phases,start] GC(134) Phase 2: Prepare for compaction
[2024-07-05T10:48:53.295-0700][info][gc,phases      ] GC(134) Phase 2: Prepare for compaction 2.268ms
[2024-07-05T10:48:53.295-0700][info][gc,phases,start] GC(134) Phase 3: Adjust pointers
[2024-07-05T10:48:53.371-0700][info][gc,phases      ] GC(134) Phase 3: Adjust pointers 76.193ms
[2024-07-05T10:48:53.371-0700][info][gc,phases,start] GC(134) Phase 4: Compact heap
[2024-07-05T10:48:53.375-0700][info][gc,phases      ] GC(134) Phase 4: Compact heap 3.638ms
[2024-07-05T10:48:53.379-0700][info][gc,heap        ] GC(134) Eden regions: 0->0(51)
[2024-07-05T10:48:53.379-0700][info][gc,heap        ] GC(134) Survivor regions: 1->0(1)
[2024-07-05T10:48:53.379-0700][info][gc,heap        ] GC(134) Old regions: 1017->1016
[2024-07-05T10:48:53.379-0700][info][gc,heap        ] GC(134) Archive regions: 2->2
[2024-07-05T10:48:53.379-0700][info][gc,heap        ] GC(134) Humongous regions: 4->4
[2024-07-05T10:48:53.379-0700][info][gc,metaspace   ] GC(134) Metaspace: 304K(512K)->304K(512K) NonClass: 296K(384K)->296K(384K) Class: 7K(128K)->7K(128K)
[2024-07-05T10:48:53.379-0700][info][gc             ] GC(134) Pause Full (G1 Compaction Pause) 4085M->4081M(4096M) 232.705ms
[2024-07-05T10:48:53.379-0700][info][gc,cpu         ] GC(134) User=0.89s Sys=0.01s Real=0.23s
[2024-07-05T10:48:53.379-0700][info][gc,marking     ] GC(132) Concurrent Mark From Roots 236.477ms
[2024-07-05T10:48:53.379-0700][info][gc,marking     ] GC(132) Concurrent Mark Abort
[2024-07-05T10:48:53.379-0700][info][gc             ] GC(132) Concurrent Mark Cycle 237.425ms
[2024-07-05T10:48:53.380-0700][info][gc,start       ] GC(135) Pause Young (Normal) (G1 Preventive Collection)
[2024-07-05T10:48:53.380-0700][info][gc,task        ] GC(135) Using 4 workers of 4 for evacuation
[2024-07-05T10:48:53.381-0700][info][gc,phases      ] GC(135)   Pre Evacuate Collection Set: 0.2ms
[2024-07-05T10:48:53.381-0700][info][gc,phases      ] GC(135)   Merge Heap Roots: 0.1ms
[2024-07-05T10:48:53.381-0700][info][gc,phases      ] GC(135)   Evacuate Collection Set: 0.9ms
[2024-07-05T10:48:53.381-0700][info][gc,phases      ] GC(135)   Post Evacuate Collection Set: 0.3ms
[2024-07-05T10:48:53.381-0700][info][gc,phases      ] GC(135)   Other: 0.1ms
[2024-07-05T10:48:53.381-0700][info][gc,heap        ] GC(135) Eden regions: 1->0(50)
[2024-07-05T10:48:53.381-0700][info][gc,heap        ] GC(135) Survivor regions: 0->1(1)
[2024-07-05T10:48:53.381-0700][info][gc,heap        ] GC(135) Old regions: 1016->1016
[2024-07-05T10:48:53.381-0700][info][gc,heap        ] GC(135) Archive regions: 2->2
[2024-07-05T10:48:53.381-0700][info][gc,heap        ] GC(135) Humongous regions: 4->4
[2024-07-05T10:48:53.381-0700][info][gc,metaspace   ] GC(135) Metaspace: 304K(512K)->304K(512K) NonClass: 296K(384K)->296K(384K) Class: 7K(128K)->7K(128K)
[2024-07-05T10:48:53.381-0700][info][gc             ] GC(135) Pause Young (Normal) (G1 Preventive Collection) 4085M->4085M(4096M) 1.745ms
[2024-07-05T10:48:53.381-0700][info][gc,cpu         ] GC(135) User=0.00s Sys=0.00s Real=0.00s
[2024-07-05T10:48:56.696-0700][info][gc,start       ] GC(136) Pause Young (Concurrent Start) (G1 Evacuation Pause)
[2024-07-05T10:48:56.696-0700][info][gc,task        ] GC(136) Using 4 workers of 4 for evacuation
[2024-07-05T10:48:56.703-0700][info][gc             ] GC(136) To-space exhausted
[2024-07-05T10:48:56.703-0700][info][gc,phases      ] GC(136)   Pre Evacuate Collection Set: 0.3ms
[2024-07-05T10:48:56.703-0700][info][gc,phases      ] GC(136)   Merge Heap Roots: 0.3ms
[2024-07-05T10:48:56.703-0700][info][gc,phases      ] GC(136)   Evacuate Collection Set: 5.2ms
[2024-07-05T10:48:56.703-0700][info][gc,phases      ] GC(136)   Post Evacuate Collection Set: 0.9ms
[2024-07-05T10:48:56.703-0700][info][gc,phases      ] GC(136)   Other: 0.2ms
[2024-07-05T10:48:56.703-0700][info][gc,heap        ] GC(136) Eden regions: 1->0(51)
[2024-07-05T10:48:56.703-0700][info][gc,heap        ] GC(136) Survivor regions: 1->0(0)
[2024-07-05T10:48:56.703-0700][info][gc,heap        ] GC(136) Old regions: 1016->1018
[2024-07-05T10:48:56.703-0700][info][gc,heap        ] GC(136) Archive regions: 2->2
[2024-07-05T10:48:56.703-0700][info][gc,heap        ] GC(136) Humongous regions: 4->4
[2024-07-05T10:48:56.703-0700][info][gc,metaspace   ] GC(136) Metaspace: 304K(512K)->304K(512K) NonClass: 296K(384K)->296K(384K) Class: 7K(128K)->7K(128K)
[2024-07-05T10:48:56.703-0700][info][gc             ] GC(136) Pause Young (Concurrent Start) (G1 Evacuation Pause) 4089M->4089M(4096M) 6.896ms
[2024-07-05T10:48:56.703-0700][info][gc,cpu         ] GC(136) User=0.02s Sys=0.00s Real=0.00s
[2024-07-05T10:48:56.703-0700][info][gc,ergo        ] Attempting full compaction
[2024-07-05T10:48:56.703-0700][info][gc,task        ] GC(137) Using 4 workers of 4 for full compaction
[2024-07-05T10:48:56.703-0700][info][gc,start       ] GC(137) Pause Full (G1 Compaction Pause)
[2024-07-05T10:48:56.703-0700][info][gc             ] GC(138) Concurrent Mark Cycle
[2024-07-05T10:48:56.703-0700][info][gc,marking     ] GC(138) Concurrent Clear Claimed Marks
[2024-07-05T10:48:56.703-0700][info][gc,marking     ] GC(138) Concurrent Clear Claimed Marks 0.005ms
[2024-07-05T10:48:56.703-0700][info][gc,marking     ] GC(138) Concurrent Scan Root Regions
[2024-07-05T10:48:56.703-0700][info][gc,marking     ] GC(138) Concurrent Scan Root Regions 0.003ms
[2024-07-05T10:48:56.703-0700][info][gc,marking     ] GC(138) Concurrent Mark
[2024-07-05T10:48:56.703-0700][info][gc,marking     ] GC(138) Concurrent Mark From Roots
[2024-07-05T10:48:56.703-0700][info][gc,task        ] GC(138) Using 1 workers of 1 for marking
[2024-07-05T10:48:56.708-0700][info][gc,phases,start] GC(137) Phase 1: Mark live objects
[2024-07-05T10:48:56.828-0700][info][gc,phases      ] GC(137) Phase 1: Mark live objects 120.823ms
[2024-07-05T10:48:56.829-0700][info][gc,phases,start] GC(137) Phase 2: Prepare for compaction
[2024-07-05T10:48:56.830-0700][info][gc,phases      ] GC(137) Phase 2: Prepare for compaction 1.000ms
[2024-07-05T10:48:56.830-0700][info][gc,phases,start] GC(137) Phase 3: Adjust pointers
[2024-07-05T10:48:56.897-0700][info][gc,phases      ] GC(137) Phase 3: Adjust pointers 67.575ms
[2024-07-05T10:48:56.897-0700][info][gc,phases,start] GC(137) Phase 4: Compact heap
[2024-07-05T10:48:56.898-0700][info][gc,phases      ] GC(137) Phase 4: Compact heap 0.389ms
[2024-07-05T10:48:56.901-0700][info][gc,heap        ] GC(137) Eden regions: 0->0(51)
[2024-07-05T10:48:56.901-0700][info][gc,heap        ] GC(137) Survivor regions: 0->0(0)
[2024-07-05T10:48:56.901-0700][info][gc,heap        ] GC(137) Old regions: 1018->1018
[2024-07-05T10:48:56.901-0700][info][gc,heap        ] GC(137) Archive regions: 2->2
[2024-07-05T10:48:56.901-0700][info][gc,heap        ] GC(137) Humongous regions: 4->4
[2024-07-05T10:48:56.901-0700][info][gc,metaspace   ] GC(137) Metaspace: 304K(512K)->304K(512K) NonClass: 296K(384K)->296K(384K) Class: 7K(128K)->7K(128K)
[2024-07-05T10:48:56.901-0700][info][gc             ] GC(137) Pause Full (G1 Compaction Pause) 4089M->4089M(4096M) 198.411ms
[2024-07-05T10:48:56.901-0700][info][gc,cpu         ] GC(137) User=0.77s Sys=0.00s Real=0.20s
[2024-07-05T10:48:56.901-0700][info][gc,ergo        ] Attempting maximum full compaction clearing soft references
[2024-07-05T10:48:56.901-0700][info][gc,task        ] GC(139) Using 4 workers of 4 for full compaction
[2024-07-05T10:48:56.901-0700][info][gc,start       ] GC(139) Pause Full (G1 Compaction Pause)
[2024-07-05T10:48:56.901-0700][info][gc,phases,start] GC(139) Phase 1: Mark live objects
[2024-07-05T10:48:57.020-0700][info][gc,phases      ] GC(139) Phase 1: Mark live objects 118.731ms
[2024-07-05T10:48:57.020-0700][info][gc,phases,start] GC(139) Phase 2: Prepare for compaction
[2024-07-05T10:48:57.114-0700][info][gc,phases      ] GC(139) Phase 2: Prepare for compaction 93.379ms
[2024-07-05T10:48:57.114-0700][info][gc,phases,start] GC(139) Phase 3: Adjust pointers
[2024-07-05T10:48:57.234-0700][info][gc,phases      ] GC(139) Phase 3: Adjust pointers 119.904ms
[2024-07-05T10:48:57.234-0700][info][gc,phases,start] GC(139) Phase 4: Compact heap
[2024-07-05T10:48:57.942-0700][info][gc,phases      ] GC(139) Phase 4: Compact heap 708.038ms
[2024-07-05T10:48:57.949-0700][info][gc,heap        ] GC(139) Eden regions: 0->0(51)
[2024-07-05T10:48:57.949-0700][info][gc,heap        ] GC(139) Survivor regions: 0->0(0)
[2024-07-05T10:48:57.949-0700][info][gc,heap        ] GC(139) Old regions: 1018->1002
[2024-07-05T10:48:57.949-0700][info][gc,heap        ] GC(139) Archive regions: 2->2
[2024-07-05T10:48:57.949-0700][info][gc,heap        ] GC(139) Humongous regions: 4->4
[2024-07-05T10:48:57.949-0700][info][gc,metaspace   ] GC(139) Metaspace: 304K(512K)->304K(512K) NonClass: 296K(384K)->296K(384K) Class: 7K(128K)->7K(128K)
[2024-07-05T10:48:57.949-0700][info][gc             ] GC(139) Pause Full (G1 Compaction Pause) 4089M->4025M(4096M) 1047.946ms
[2024-07-05T10:48:57.949-0700][info][gc,cpu         ] GC(139) User=4.05s Sys=0.00s Real=1.05s
[2024-07-05T10:48:57.949-0700][info][gc,marking     ] GC(138) Concurrent Mark From Roots 1246.558ms
[2024-07-05T10:48:57.949-0700][info][gc,marking     ] GC(138) Concurrent Mark Abort
[2024-07-05T10:48:57.949-0700][info][gc             ] GC(138) Concurrent Mark Cycle 1246.621ms
[2024-07-05T10:49:06.825-0700][info][gc,start       ] GC(140) Pause Young (Normal) (G1 Preventive Collection)
[2024-07-05T10:49:06.825-0700][info][gc,task        ] GC(140) Using 4 workers of 4 for evacuation
[2024-07-05T10:49:06.840-0700][info][gc             ] GC(140) To-space exhausted
[2024-07-05T10:49:06.840-0700][info][gc,phases      ] GC(140)   Pre Evacuate Collection Set: 0.3ms
[2024-07-05T10:49:06.840-0700][info][gc,phases      ] GC(140)   Merge Heap Roots: 0.3ms
[2024-07-05T10:49:06.840-0700][info][gc,phases      ] GC(140)   Evacuate Collection Set: 11.9ms
[2024-07-05T10:49:06.840-0700][info][gc,phases      ] GC(140)   Post Evacuate Collection Set: 1.9ms
[2024-07-05T10:49:06.840-0700][info][gc,phases      ] GC(140)   Other: 0.1ms
[2024-07-05T10:49:06.840-0700][info][gc,heap        ] GC(140) Eden regions: 9->0(44)
[2024-07-05T10:49:06.840-0700][info][gc,heap        ] GC(140) Survivor regions: 0->7(7)
[2024-07-05T10:49:06.840-0700][info][gc,heap        ] GC(140) Old regions: 1002->1010
[2024-07-05T10:49:06.840-0700][info][gc,heap        ] GC(140) Archive regions: 2->2
[2024-07-05T10:49:06.840-0700][info][gc,heap        ] GC(140) Humongous regions: 4->4
[2024-07-05T10:49:06.840-0700][info][gc,metaspace   ] GC(140) Metaspace: 304K(512K)->304K(512K) NonClass: 296K(384K)->296K(384K) Class: 7K(128K)->7K(128K)
[2024-07-05T10:49:06.840-0700][info][gc             ] GC(140) Pause Young (Normal) (G1 Preventive Collection) 4061M->4085M(4096M) 14.565ms
[2024-07-05T10:49:06.840-0700][info][gc,cpu         ] GC(140) User=0.05s Sys=0.00s Real=0.01s
[2024-07-05T10:49:09.864-0700][info][gc,start       ] GC(141) Pause Young (Concurrent Start) (G1 Evacuation Pause)
[2024-07-05T10:49:09.864-0700][info][gc,task        ] GC(141) Using 4 workers of 4 for evacuation
[2024-07-05T10:49:09.874-0700][info][gc             ] GC(141) To-space exhausted
[2024-07-05T10:49:09.874-0700][info][gc,phases      ] GC(141)   Pre Evacuate Collection Set: 0.3ms
[2024-07-05T10:49:09.874-0700][info][gc,phases      ] GC(141)   Merge Heap Roots: 0.2ms
[2024-07-05T10:49:09.874-0700][info][gc,phases      ] GC(141)   Evacuate Collection Set: 7.6ms
[2024-07-05T10:49:09.874-0700][info][gc,phases      ] GC(141)   Post Evacuate Collection Set: 1.4ms
[2024-07-05T10:49:09.874-0700][info][gc,phases      ] GC(141)   Other: 0.2ms
[2024-07-05T10:49:09.874-0700][info][gc,heap        ] GC(141) Eden regions: 1->0(51)
[2024-07-05T10:49:09.874-0700][info][gc,heap        ] GC(141) Survivor regions: 7->0(0)
[2024-07-05T10:49:09.874-0700][info][gc,heap        ] GC(141) Old regions: 1010->1018
[2024-07-05T10:49:09.874-0700][info][gc,heap        ] GC(141) Archive regions: 2->2
[2024-07-05T10:49:09.874-0700][info][gc,heap        ] GC(141) Humongous regions: 4->4
[2024-07-05T10:49:09.874-0700][info][gc,metaspace   ] GC(141) Metaspace: 304K(512K)->304K(512K) NonClass: 296K(384K)->296K(384K) Class: 7K(128K)->7K(128K)
[2024-07-05T10:49:09.874-0700][info][gc             ] GC(141) Pause Young (Concurrent Start) (G1 Evacuation Pause) 4089M->4089M(4096M) 9.650ms
[2024-07-05T10:49:09.874-0700][info][gc,cpu         ] GC(141) User=0.03s Sys=0.00s Real=0.00s
[2024-07-05T10:49:09.874-0700][info][gc,ergo        ] Attempting full compaction
[2024-07-05T10:49:09.874-0700][info][gc,task        ] GC(142) Using 4 workers of 4 for full compaction
[2024-07-05T10:49:09.874-0700][info][gc,start       ] GC(142) Pause Full (G1 Compaction Pause)
[2024-07-05T10:49:09.874-0700][info][gc             ] GC(143) Concurrent Mark Cycle
[2024-07-05T10:49:09.874-0700][info][gc,marking     ] GC(143) Concurrent Clear Claimed Marks
[2024-07-05T10:49:09.874-0700][info][gc,marking     ] GC(143) Concurrent Clear Claimed Marks 0.005ms
[2024-07-05T10:49:09.874-0700][info][gc,marking     ] GC(143) Concurrent Scan Root Regions
[2024-07-05T10:49:09.874-0700][info][gc,marking     ] GC(143) Concurrent Scan Root Regions 0.003ms
[2024-07-05T10:49:09.874-0700][info][gc,marking     ] GC(143) Concurrent Mark
[2024-07-05T10:49:09.874-0700][info][gc,marking     ] GC(143) Concurrent Mark From Roots
[2024-07-05T10:49:09.874-0700][info][gc,task        ] GC(143) Using 1 workers of 1 for marking
[2024-07-05T10:49:09.878-0700][info][gc,phases,start] GC(142) Phase 1: Mark live objects
[2024-07-05T10:49:09.990-0700][info][gc,phases      ] GC(142) Phase 1: Mark live objects 112.670ms
[2024-07-05T10:49:09.990-0700][info][gc,phases,start] GC(142) Phase 2: Prepare for compaction
[2024-07-05T10:49:09.992-0700][info][gc,phases      ] GC(142) Phase 2: Prepare for compaction 1.836ms
[2024-07-05T10:49:09.992-0700][info][gc,phases,start] GC(142) Phase 3: Adjust pointers
[2024-07-05T10:49:10.060-0700][info][gc,phases      ] GC(142) Phase 3: Adjust pointers 68.171ms
[2024-07-05T10:49:10.060-0700][info][gc,phases,start] GC(142) Phase 4: Compact heap
[2024-07-05T10:49:10.063-0700][info][gc,phases      ] GC(142) Phase 4: Compact heap 2.364ms
[2024-07-05T10:49:10.066-0700][info][gc,heap        ] GC(142) Eden regions: 0->0(51)
[2024-07-05T10:49:10.066-0700][info][gc,heap        ] GC(142) Survivor regions: 0->0(0)
[2024-07-05T10:49:10.066-0700][info][gc,heap        ] GC(142) Old regions: 1018->1014
[2024-07-05T10:49:10.066-0700][info][gc,heap        ] GC(142) Archive regions: 2->2
[2024-07-05T10:49:10.066-0700][info][gc,heap        ] GC(142) Humongous regions: 4->4
[2024-07-05T10:49:10.066-0700][info][gc,metaspace   ] GC(142) Metaspace: 304K(512K)->304K(512K) NonClass: 296K(384K)->296K(384K) Class: 7K(128K)->7K(128K)
[2024-07-05T10:49:10.066-0700][info][gc             ] GC(142) Pause Full (G1 Compaction Pause) 4089M->4065M(4096M) 192.541ms
[2024-07-05T10:49:10.066-0700][info][gc,cpu         ] GC(142) User=0.75s Sys=0.01s Real=0.20s
[2024-07-05T10:49:10.067-0700][info][gc,marking     ] GC(143) Concurrent Mark From Roots 192.589ms
[2024-07-05T10:49:10.067-0700][info][gc,marking     ] GC(143) Concurrent Mark Abort
[2024-07-05T10:49:10.067-0700][info][gc             ] GC(143) Concurrent Mark Cycle 192.656ms
[2024-07-05T10:49:13.333-0700][info][gc,start       ] GC(144) Pause Young (Normal) (G1 Preventive Collection)
[2024-07-05T10:49:13.333-0700][info][gc,task        ] GC(144) Using 4 workers of 4 for evacuation
[2024-07-05T10:49:13.342-0700][info][gc,phases      ] GC(144)   Pre Evacuate Collection Set: 0.3ms
[2024-07-05T10:49:13.342-0700][info][gc,phases      ] GC(144)   Merge Heap Roots: 0.2ms
[2024-07-05T10:49:13.342-0700][info][gc,phases      ] GC(144)   Evacuate Collection Set: 8.0ms
[2024-07-05T10:49:13.342-0700][info][gc,phases      ] GC(144)   Post Evacuate Collection Set: 0.4ms
[2024-07-05T10:49:13.342-0700][info][gc,phases      ] GC(144)   Other: 0.2ms
[2024-07-05T10:49:13.342-0700][info][gc,heap        ] GC(144) Eden regions: 2->0(49)
[2024-07-05T10:49:13.342-0700][info][gc,heap        ] GC(144) Survivor regions: 0->2(2)
[2024-07-05T10:49:13.342-0700][info][gc,heap        ] GC(144) Old regions: 1014->1014
[2024-07-05T10:49:13.342-0700][info][gc,heap        ] GC(144) Archive regions: 2->2
[2024-07-05T10:49:13.342-0700][info][gc,heap        ] GC(144) Humongous regions: 4->4
[2024-07-05T10:49:13.342-0700][info][gc,metaspace   ] GC(144) Metaspace: 304K(512K)->304K(512K) NonClass: 296K(384K)->296K(384K) Class: 7K(128K)->7K(128K)
[2024-07-05T10:49:13.342-0700][info][gc             ] GC(144) Pause Young (Normal) (G1 Preventive Collection) 4073M->4073M(4096M) 9.280ms
[2024-07-05T10:49:13.342-0700][info][gc,cpu         ] GC(144) User=0.04s Sys=0.00s Real=0.01s
[2024-07-05T10:49:13.343-0700][info][gc,start       ] GC(145) Pause Young (Concurrent Start) (G1 Preventive Collection)
[2024-07-05T10:49:13.343-0700][info][gc,task        ] GC(145) Using 4 workers of 4 for evacuation
[2024-07-05T10:49:13.347-0700][info][gc             ] GC(145) To-space exhausted
[2024-07-05T10:49:13.347-0700][info][gc,phases      ] GC(145)   Pre Evacuate Collection Set: 0.2ms
[2024-07-05T10:49:13.347-0700][info][gc,phases      ] GC(145)   Merge Heap Roots: 0.1ms
[2024-07-05T10:49:13.347-0700][info][gc,phases      ] GC(145)   Evacuate Collection Set: 2.1ms
[2024-07-05T10:49:13.347-0700][info][gc,phases      ] GC(145)   Post Evacuate Collection Set: 0.9ms
[2024-07-05T10:49:13.347-0700][info][gc,phases      ] GC(145)   Other: 0.2ms
[2024-07-05T10:49:13.347-0700][info][gc,heap        ] GC(145) Eden regions: 1->0(50)
[2024-07-05T10:49:13.347-0700][info][gc,heap        ] GC(145) Survivor regions: 2->1(1)
[2024-07-05T10:49:13.347-0700][info][gc,heap        ] GC(145) Old regions: 1014->1017
[2024-07-05T10:49:13.347-0700][info][gc,heap        ] GC(145) Archive regions: 2->2
[2024-07-05T10:49:13.347-0700][info][gc,heap        ] GC(145) Humongous regions: 4->4
[2024-07-05T10:49:13.347-0700][info][gc,metaspace   ] GC(145) Metaspace: 304K(512K)->304K(512K) NonClass: 296K(384K)->296K(384K) Class: 7K(128K)->7K(128K)
[2024-07-05T10:49:13.347-0700][info][gc             ] GC(145) Pause Young (Concurrent Start) (G1 Preventive Collection) 4077M->4081M(4096M) 3.626ms
[2024-07-05T10:49:13.347-0700][info][gc,cpu         ] GC(145) User=0.01s Sys=0.00s Real=0.00s
[2024-07-05T10:49:13.347-0700][info][gc,ergo        ] Attempting full compaction
[2024-07-05T10:49:13.347-0700][info][gc             ] GC(147) Concurrent Mark Cycle
[2024-07-05T10:49:13.347-0700][info][gc,marking     ] GC(147) Concurrent Clear Claimed Marks
[2024-07-05T10:49:13.347-0700][info][gc,task        ] GC(146) Using 4 workers of 4 for full compaction
[2024-07-05T10:49:13.347-0700][info][gc,marking     ] GC(147) Concurrent Clear Claimed Marks 0.015ms
[2024-07-05T10:49:13.347-0700][info][gc,marking     ] GC(147) Concurrent Scan Root Regions
[2024-07-05T10:49:13.347-0700][info][gc,start       ] GC(146) Pause Full (G1 Compaction Pause)
[2024-07-05T10:49:13.347-0700][info][gc,marking     ] GC(147) Concurrent Scan Root Regions 0.319ms
[2024-07-05T10:49:13.347-0700][info][gc,marking     ] GC(147) Concurrent Mark
[2024-07-05T10:49:13.347-0700][info][gc,marking     ] GC(147) Concurrent Mark From Roots
[2024-07-05T10:49:13.347-0700][info][gc,task        ] GC(147) Using 1 workers of 1 for marking
[2024-07-05T10:49:13.353-0700][info][gc,phases,start] GC(146) Phase 1: Mark live objects
[2024-07-05T10:49:13.510-0700][info][gc,phases      ] GC(146) Phase 1: Mark live objects 157.645ms
[2024-07-05T10:49:13.510-0700][info][gc,phases,start] GC(146) Phase 2: Prepare for compaction
[2024-07-05T10:49:13.514-0700][info][gc,phases      ] GC(146) Phase 2: Prepare for compaction 4.076ms
[2024-07-05T10:49:13.515-0700][info][gc,phases,start] GC(146) Phase 3: Adjust pointers
[2024-07-05T10:49:13.605-0700][info][gc,phases      ] GC(146) Phase 3: Adjust pointers 90.897ms
[2024-07-05T10:49:13.606-0700][info][gc,phases,start] GC(146) Phase 4: Compact heap
[2024-07-05T10:49:13.608-0700][info][gc,phases      ] GC(146) Phase 4: Compact heap 2.466ms
[2024-07-05T10:49:13.614-0700][info][gc,heap        ] GC(146) Eden regions: 0->0(51)
[2024-07-05T10:49:13.614-0700][info][gc,heap        ] GC(146) Survivor regions: 1->0(1)
[2024-07-05T10:49:13.614-0700][info][gc,heap        ] GC(146) Old regions: 1017->1016
[2024-07-05T10:49:13.614-0700][info][gc,heap        ] GC(146) Archive regions: 2->2
[2024-07-05T10:49:13.614-0700][info][gc,heap        ] GC(146) Humongous regions: 4->4
[2024-07-05T10:49:13.614-0700][info][gc,metaspace   ] GC(146) Metaspace: 304K(512K)->304K(512K) NonClass: 296K(384K)->296K(384K) Class: 7K(128K)->7K(128K)
[2024-07-05T10:49:13.614-0700][info][gc             ] GC(146) Pause Full (G1 Compaction Pause) 4081M->4077M(4096M) 267.092ms
[2024-07-05T10:49:13.614-0700][info][gc,cpu         ] GC(146) User=1.00s Sys=0.00s Real=0.26s
[2024-07-05T10:49:13.614-0700][info][gc,marking     ] GC(147) Concurrent Mark From Roots 266.924ms
[2024-07-05T10:49:13.614-0700][info][gc,marking     ] GC(147) Concurrent Mark Abort
[2024-07-05T10:49:13.614-0700][info][gc             ] GC(147) Concurrent Mark Cycle 267.483ms
[2024-07-05T10:49:13.615-0700][info][gc,start       ] GC(148) Pause Young (Normal) (G1 Preventive Collection)
[2024-07-05T10:49:13.615-0700][info][gc,task        ] GC(148) Using 4 workers of 4 for evacuation
[2024-07-05T10:49:13.616-0700][info][gc,phases      ] GC(148)   Pre Evacuate Collection Set: 0.2ms
[2024-07-05T10:49:13.616-0700][info][gc,phases      ] GC(148)   Merge Heap Roots: 0.1ms
[2024-07-05T10:49:13.616-0700][info][gc,phases      ] GC(148)   Evacuate Collection Set: 0.7ms
[2024-07-05T10:49:13.616-0700][info][gc,phases      ] GC(148)   Post Evacuate Collection Set: 0.3ms
[2024-07-05T10:49:13.616-0700][info][gc,phases      ] GC(148)   Other: 0.1ms
[2024-07-05T10:49:13.616-0700][info][gc,heap        ] GC(148) Eden regions: 1->0(50)
[2024-07-05T10:49:13.616-0700][info][gc,heap        ] GC(148) Survivor regions: 0->1(1)
[2024-07-05T10:49:13.616-0700][info][gc,heap        ] GC(148) Old regions: 1016->1016
[2024-07-05T10:49:13.616-0700][info][gc,heap        ] GC(148) Archive regions: 2->2
[2024-07-05T10:49:13.616-0700][info][gc,heap        ] GC(148) Humongous regions: 4->4
[2024-07-05T10:49:13.616-0700][info][gc,metaspace   ] GC(148) Metaspace: 304K(512K)->304K(512K) NonClass: 296K(384K)->296K(384K) Class: 7K(128K)->7K(128K)
[2024-07-05T10:49:13.617-0700][info][gc             ] GC(148) Pause Young (Normal) (G1 Preventive Collection) 4081M->4081M(4096M) 1.356ms
[2024-07-05T10:49:13.617-0700][info][gc,cpu         ] GC(148) User=0.00s Sys=0.00s Real=0.00s
[2024-07-05T10:49:17.380-0700][info][gc,start       ] GC(149) Pause Young (Concurrent Start) (G1 Evacuation Pause)
[2024-07-05T10:49:17.380-0700][info][gc,task        ] GC(149) Using 4 workers of 4 for evacuation
[2024-07-05T10:49:17.390-0700][info][gc             ] GC(149) To-space exhausted
[2024-07-05T10:49:17.390-0700][info][gc,phases      ] GC(149)   Pre Evacuate Collection Set: 0.2ms
[2024-07-05T10:49:17.390-0700][info][gc,phases      ] GC(149)   Merge Heap Roots: 0.2ms
[2024-07-05T10:49:17.390-0700][info][gc,phases      ] GC(149)   Evacuate Collection Set: 8.8ms
[2024-07-05T10:49:17.390-0700][info][gc,phases      ] GC(149)   Post Evacuate Collection Set: 0.7ms
[2024-07-05T10:49:17.390-0700][info][gc,phases      ] GC(149)   Other: 0.3ms
[2024-07-05T10:49:17.390-0700][info][gc,heap        ] GC(149) Eden regions: 1->0(51)
[2024-07-05T10:49:17.390-0700][info][gc,heap        ] GC(149) Survivor regions: 1->0(0)
[2024-07-05T10:49:17.390-0700][info][gc,heap        ] GC(149) Old regions: 1016->1018
[2024-07-05T10:49:17.390-0700][info][gc,heap        ] GC(149) Archive regions: 2->2
[2024-07-05T10:49:17.390-0700][info][gc,heap        ] GC(149) Humongous regions: 4->4
[2024-07-05T10:49:17.390-0700][info][gc,metaspace   ] GC(149) Metaspace: 304K(512K)->304K(512K) NonClass: 296K(384K)->296K(384K) Class: 7K(128K)->7K(128K)
[2024-07-05T10:49:17.390-0700][info][gc             ] GC(149) Pause Young (Concurrent Start) (G1 Evacuation Pause) 4085M->4085M(4096M) 10.249ms
[2024-07-05T10:49:17.390-0700][info][gc,cpu         ] GC(149) User=0.04s Sys=0.00s Real=0.01s
[2024-07-05T10:49:17.390-0700][info][gc,ergo        ] Attempting full compaction
[2024-07-05T10:49:17.390-0700][info][gc             ] GC(151) Concurrent Mark Cycle
[2024-07-05T10:49:17.390-0700][info][gc,marking     ] GC(151) Concurrent Clear Claimed Marks
[2024-07-05T10:49:17.390-0700][info][gc,task        ] GC(150) Using 4 workers of 4 for full compaction
[2024-07-05T10:49:17.390-0700][info][gc,marking     ] GC(151) Concurrent Clear Claimed Marks 0.012ms
[2024-07-05T10:49:17.390-0700][info][gc,marking     ] GC(151) Concurrent Scan Root Regions
[2024-07-05T10:49:17.390-0700][info][gc,marking     ] GC(151) Concurrent Scan Root Regions 0.006ms
[2024-07-05T10:49:17.390-0700][info][gc,marking     ] GC(151) Concurrent Mark
[2024-07-05T10:49:17.390-0700][info][gc,marking     ] GC(151) Concurrent Mark From Roots
[2024-07-05T10:49:17.390-0700][info][gc,task        ] GC(151) Using 1 workers of 1 for marking
[2024-07-05T10:49:17.390-0700][info][gc,start       ] GC(150) Pause Full (G1 Compaction Pause)
[2024-07-05T10:49:17.396-0700][info][gc,phases,start] GC(150) Phase 1: Mark live objects
[2024-07-05T10:49:17.512-0700][info][gc,phases      ] GC(150) Phase 1: Mark live objects 116.318ms
[2024-07-05T10:49:17.512-0700][info][gc,phases,start] GC(150) Phase 2: Prepare for compaction
[2024-07-05T10:49:17.515-0700][info][gc,phases      ] GC(150) Phase 2: Prepare for compaction 2.659ms
[2024-07-05T10:49:17.515-0700][info][gc,phases,start] GC(150) Phase 3: Adjust pointers
[2024-07-05T10:49:17.584-0700][info][gc,phases      ] GC(150) Phase 3: Adjust pointers 68.953ms
[2024-07-05T10:49:17.584-0700][info][gc,phases,start] GC(150) Phase 4: Compact heap
[2024-07-05T10:49:17.585-0700][info][gc,phases      ] GC(150) Phase 4: Compact heap 1.101ms
[2024-07-05T10:49:17.588-0700][info][gc,heap        ] GC(150) Eden regions: 0->0(51)
[2024-07-05T10:49:17.588-0700][info][gc,heap        ] GC(150) Survivor regions: 0->0(0)
[2024-07-05T10:49:17.588-0700][info][gc,heap        ] GC(150) Old regions: 1018->1017
[2024-07-05T10:49:17.588-0700][info][gc,heap        ] GC(150) Archive regions: 2->2
[2024-07-05T10:49:17.588-0700][info][gc,heap        ] GC(150) Humongous regions: 4->4
[2024-07-05T10:49:17.588-0700][info][gc,metaspace   ] GC(150) Metaspace: 304K(512K)->304K(512K) NonClass: 296K(384K)->296K(384K) Class: 7K(128K)->7K(128K)
[2024-07-05T10:49:17.588-0700][info][gc             ] GC(150) Pause Full (G1 Compaction Pause) 4085M->4085M(4096M) 197.967ms
[2024-07-05T10:49:17.588-0700][info][gc,cpu         ] GC(150) User=0.77s Sys=0.00s Real=0.20s
[2024-07-05T10:49:17.588-0700][info][gc,marking     ] GC(151) Concurrent Mark From Roots 198.028ms
[2024-07-05T10:49:17.588-0700][info][gc,marking     ] GC(151) Concurrent Mark Abort
[2024-07-05T10:49:17.588-0700][info][gc             ] GC(151) Concurrent Mark Cycle 198.218ms
[2024-07-05T10:49:17.589-0700][info][gc,start       ] GC(152) Pause Young (Normal) (G1 Evacuation Pause)
[2024-07-05T10:49:17.589-0700][info][gc,task        ] GC(152) Using 4 workers of 4 for evacuation
[2024-07-05T10:49:17.590-0700][info][gc             ] GC(152) To-space exhausted
[2024-07-05T10:49:17.590-0700][info][gc,phases      ] GC(152)   Pre Evacuate Collection Set: 0.1ms
[2024-07-05T10:49:17.590-0700][info][gc,phases      ] GC(152)   Merge Heap Roots: 0.1ms
[2024-07-05T10:49:17.590-0700][info][gc,phases      ] GC(152)   Evacuate Collection Set: 0.6ms
[2024-07-05T10:49:17.590-0700][info][gc,phases      ] GC(152)   Post Evacuate Collection Set: 0.5ms
[2024-07-05T10:49:17.590-0700][info][gc,phases      ] GC(152)   Other: 0.1ms
[2024-07-05T10:49:17.590-0700][info][gc,heap        ] GC(152) Eden regions: 1->0(51)
[2024-07-05T10:49:17.590-0700][info][gc,heap        ] GC(152) Survivor regions: 0->0(0)
[2024-07-05T10:49:17.590-0700][info][gc,heap        ] GC(152) Old regions: 1017->1018
[2024-07-05T10:49:17.590-0700][info][gc,heap        ] GC(152) Archive regions: 2->2
[2024-07-05T10:49:17.590-0700][info][gc,heap        ] GC(152) Humongous regions: 4->4
[2024-07-05T10:49:17.590-0700][info][gc,metaspace   ] GC(152) Metaspace: 304K(512K)->304K(512K) NonClass: 296K(384K)->296K(384K) Class: 7K(128K)->7K(128K)
[2024-07-05T10:49:17.590-0700][info][gc             ] GC(152) Pause Young (Normal) (G1 Evacuation Pause) 4089M->4089M(4096M) 1.353ms
[2024-07-05T10:49:17.590-0700][info][gc,cpu         ] GC(152) User=0.00s Sys=0.00s Real=0.00s
[2024-07-05T10:49:17.590-0700][info][gc,ergo        ] Attempting full compaction
[2024-07-05T10:49:17.590-0700][info][gc,task        ] GC(153) Using 4 workers of 4 for full compaction
[2024-07-05T10:49:17.590-0700][info][gc,start       ] GC(153) Pause Full (G1 Compaction Pause)
[2024-07-05T10:49:17.590-0700][info][gc,phases,start] GC(153) Phase 1: Mark live objects
[2024-07-05T10:49:17.696-0700][info][gc,phases      ] GC(153) Phase 1: Mark live objects 106.455ms
[2024-07-05T10:49:17.697-0700][info][gc,phases,start] GC(153) Phase 2: Prepare for compaction
[2024-07-05T10:49:17.697-0700][info][gc,phases      ] GC(153) Phase 2: Prepare for compaction 0.872ms
[2024-07-05T10:49:17.697-0700][info][gc,phases,start] GC(153) Phase 3: Adjust pointers
[2024-07-05T10:49:17.763-0700][info][gc,phases      ] GC(153) Phase 3: Adjust pointers 65.974ms
[2024-07-05T10:49:17.763-0700][info][gc,phases,start] GC(153) Phase 4: Compact heap
[2024-07-05T10:49:17.764-0700][info][gc,phases      ] GC(153) Phase 4: Compact heap 0.243ms
[2024-07-05T10:49:17.766-0700][info][gc,heap        ] GC(153) Eden regions: 0->0(51)
[2024-07-05T10:49:17.767-0700][info][gc,heap        ] GC(153) Survivor regions: 0->0(0)
[2024-07-05T10:49:17.767-0700][info][gc,heap        ] GC(153) Old regions: 1018->1018
[2024-07-05T10:49:17.767-0700][info][gc,heap        ] GC(153) Archive regions: 2->2
[2024-07-05T10:49:17.767-0700][info][gc,heap        ] GC(153) Humongous regions: 4->4
[2024-07-05T10:49:17.767-0700][info][gc,metaspace   ] GC(153) Metaspace: 304K(512K)->304K(512K) NonClass: 296K(384K)->296K(384K) Class: 7K(128K)->7K(128K)
[2024-07-05T10:49:17.767-0700][info][gc             ] GC(153) Pause Full (G1 Compaction Pause) 4089M->4089M(4096M) 176.563ms
[2024-07-05T10:49:17.767-0700][info][gc,cpu         ] GC(153) User=0.70s Sys=0.00s Real=0.18s
[2024-07-05T10:49:17.767-0700][info][gc,ergo        ] Attempting maximum full compaction clearing soft references
[2024-07-05T10:49:17.767-0700][info][gc,task        ] GC(154) Using 4 workers of 4 for full compaction
[2024-07-05T10:49:17.767-0700][info][gc,start       ] GC(154) Pause Full (G1 Compaction Pause)
[2024-07-05T10:49:17.767-0700][info][gc,phases,start] GC(154) Phase 1: Mark live objects
[2024-07-05T10:49:17.876-0700][info][gc,phases      ] GC(154) Phase 1: Mark live objects 108.664ms
[2024-07-05T10:49:17.876-0700][info][gc,phases,start] GC(154) Phase 2: Prepare for compaction
[2024-07-05T10:49:17.959-0700][info][gc,phases      ] GC(154) Phase 2: Prepare for compaction 83.367ms
[2024-07-05T10:49:17.959-0700][info][gc,phases,start] GC(154) Phase 3: Adjust pointers
[2024-07-05T10:49:18.050-0700][info][gc,phases      ] GC(154) Phase 3: Adjust pointers 90.521ms
[2024-07-05T10:49:18.050-0700][info][gc,phases,start] GC(154) Phase 4: Compact heap
[2024-07-05T10:49:18.575-0700][info][gc,phases      ] GC(154) Phase 4: Compact heap 525.669ms
[2024-07-05T10:49:18.580-0700][info][gc,heap        ] GC(154) Eden regions: 0->0(51)
[2024-07-05T10:49:18.580-0700][info][gc,heap        ] GC(154) Survivor regions: 0->0(0)
[2024-07-05T10:49:18.580-0700][info][gc,heap        ] GC(154) Old regions: 1018->1013
[2024-07-05T10:49:18.580-0700][info][gc,heap        ] GC(154) Archive regions: 2->2
[2024-07-05T10:49:18.580-0700][info][gc,heap        ] GC(154) Humongous regions: 4->4
[2024-07-05T10:49:18.580-0700][info][gc,metaspace   ] GC(154) Metaspace: 304K(512K)->304K(512K) NonClass: 296K(384K)->296K(384K) Class: 7K(128K)->7K(128K)
[2024-07-05T10:49:18.580-0700][info][gc             ] GC(154) Pause Full (G1 Compaction Pause) 4089M->4059M(4096M) 813.052ms
[2024-07-05T10:49:18.580-0700][info][gc,cpu         ] GC(154) User=3.14s Sys=0.00s Real=0.81s
[2024-07-05T10:49:23.236-0700][info][gc,start       ] GC(155) Pause Young (Concurrent Start) (G1 Preventive Collection)
[2024-07-05T10:49:23.236-0700][info][gc,task        ] GC(155) Using 4 workers of 4 for evacuation
[2024-07-05T10:49:23.245-0700][info][gc             ] GC(155) To-space exhausted
[2024-07-05T10:49:23.245-0700][info][gc,phases      ] GC(155)   Pre Evacuate Collection Set: 0.2ms
[2024-07-05T10:49:23.245-0700][info][gc,phases      ] GC(155)   Merge Heap Roots: 0.2ms
[2024-07-05T10:49:23.245-0700][info][gc,phases      ] GC(155)   Evacuate Collection Set: 7.2ms
[2024-07-05T10:49:23.245-0700][info][gc,phases      ] GC(155)   Post Evacuate Collection Set: 1.0ms
[2024-07-05T10:49:23.245-0700][info][gc,phases      ] GC(155)   Other: 0.2ms
[2024-07-05T10:49:23.245-0700][info][gc,heap        ] GC(155) Eden regions: 3->0(49)
[2024-07-05T10:49:23.245-0700][info][gc,heap        ] GC(155) Survivor regions: 0->2(2)
[2024-07-05T10:49:23.245-0700][info][gc,heap        ] GC(155) Old regions: 1013->1016
[2024-07-05T10:49:23.245-0700][info][gc,heap        ] GC(155) Archive regions: 2->2
[2024-07-05T10:49:23.245-0700][info][gc,heap        ] GC(155) Humongous regions: 4->4
[2024-07-05T10:49:23.245-0700][info][gc,metaspace   ] GC(155) Metaspace: 304K(512K)->304K(512K) NonClass: 296K(384K)->296K(384K) Class: 7K(128K)->7K(128K)
[2024-07-05T10:49:23.245-0700][info][gc             ] GC(155) Pause Young (Concurrent Start) (G1 Preventive Collection) 4071M->4079M(4096M) 8.727ms
[2024-07-05T10:49:23.245-0700][info][gc,cpu         ] GC(155) User=0.02s Sys=0.00s Real=0.01s
[2024-07-05T10:49:23.245-0700][info][gc,ergo        ] Attempting full compaction
[2024-07-05T10:49:23.245-0700][info][gc,task        ] GC(156) Using 4 workers of 4 for full compaction
[2024-07-05T10:49:23.245-0700][info][gc,start       ] GC(156) Pause Full (G1 Compaction Pause)
[2024-07-05T10:49:23.245-0700][info][gc             ] GC(157) Concurrent Mark Cycle
[2024-07-05T10:49:23.245-0700][info][gc,marking     ] GC(157) Concurrent Clear Claimed Marks
[2024-07-05T10:49:23.245-0700][info][gc,marking     ] GC(157) Concurrent Clear Claimed Marks 0.006ms
[2024-07-05T10:49:23.245-0700][info][gc,marking     ] GC(157) Concurrent Scan Root Regions
[2024-07-05T10:49:23.245-0700][info][gc,marking     ] GC(157) Concurrent Scan Root Regions 0.173ms
[2024-07-05T10:49:23.245-0700][info][gc,marking     ] GC(157) Concurrent Mark
[2024-07-05T10:49:23.245-0700][info][gc,marking     ] GC(157) Concurrent Mark From Roots
[2024-07-05T10:49:23.245-0700][info][gc,task        ] GC(157) Using 1 workers of 1 for marking
[2024-07-05T10:49:23.249-0700][info][gc,phases,start] GC(156) Phase 1: Mark live objects
[2024-07-05T10:49:23.353-0700][info][gc,phases      ] GC(156) Phase 1: Mark live objects 104.015ms
[2024-07-05T10:49:23.353-0700][info][gc,phases,start] GC(156) Phase 2: Prepare for compaction
[2024-07-05T10:49:23.354-0700][info][gc,phases      ] GC(156) Phase 2: Prepare for compaction 1.122ms
[2024-07-05T10:49:23.354-0700][info][gc,phases,start] GC(156) Phase 3: Adjust pointers
[2024-07-05T10:49:23.422-0700][info][gc,phases      ] GC(156) Phase 3: Adjust pointers 67.740ms
[2024-07-05T10:49:23.422-0700][info][gc,phases,start] GC(156) Phase 4: Compact heap
[2024-07-05T10:49:23.423-0700][info][gc,phases      ] GC(156) Phase 4: Compact heap 1.076ms
[2024-07-05T10:49:23.425-0700][info][gc,heap        ] GC(156) Eden regions: 0->0(51)
[2024-07-05T10:49:23.425-0700][info][gc,heap        ] GC(156) Survivor regions: 2->0(2)
[2024-07-05T10:49:23.425-0700][info][gc,heap        ] GC(156) Old regions: 1016->1016
[2024-07-05T10:49:23.425-0700][info][gc,heap        ] GC(156) Archive regions: 2->2
[2024-07-05T10:49:23.425-0700][info][gc,heap        ] GC(156) Humongous regions: 4->4
[2024-07-05T10:49:23.425-0700][info][gc,metaspace   ] GC(156) Metaspace: 304K(512K)->304K(512K) NonClass: 296K(384K)->296K(384K) Class: 7K(128K)->7K(128K)
[2024-07-05T10:49:23.425-0700][info][gc             ] GC(156) Pause Full (G1 Compaction Pause) 4079M->4071M(4096M) 180.226ms
[2024-07-05T10:49:23.426-0700][info][gc,cpu         ] GC(156) User=0.71s Sys=0.00s Real=0.18s
[2024-07-05T10:49:23.426-0700][info][gc,marking     ] GC(157) Concurrent Mark From Roots 180.133ms
[2024-07-05T10:49:23.426-0700][info][gc,marking     ] GC(157) Concurrent Mark Abort
[2024-07-05T10:49:23.426-0700][info][gc             ] GC(157) Concurrent Mark Cycle 180.382ms
[2024-07-05T10:49:23.426-0700][info][gc,start       ] GC(158) Pause Young (Normal) (G1 Preventive Collection)
[2024-07-05T10:49:23.426-0700][info][gc,task        ] GC(158) Using 4 workers of 4 for evacuation
[2024-07-05T10:49:23.427-0700][info][gc,phases      ] GC(158)   Pre Evacuate Collection Set: 0.1ms
[2024-07-05T10:49:23.427-0700][info][gc,phases      ] GC(158)   Merge Heap Roots: 0.1ms
[2024-07-05T10:49:23.427-0700][info][gc,phases      ] GC(158)   Evacuate Collection Set: 0.8ms
[2024-07-05T10:49:23.427-0700][info][gc,phases      ] GC(158)   Post Evacuate Collection Set: 0.2ms
[2024-07-05T10:49:23.427-0700][info][gc,phases      ] GC(158)   Other: 0.1ms
[2024-07-05T10:49:23.427-0700][info][gc,heap        ] GC(158) Eden regions: 1->0(50)
[2024-07-05T10:49:23.427-0700][info][gc,heap        ] GC(158) Survivor regions: 0->1(1)
[2024-07-05T10:49:23.427-0700][info][gc,heap        ] GC(158) Old regions: 1016->1016
[2024-07-05T10:49:23.427-0700][info][gc,heap        ] GC(158) Archive regions: 2->2
[2024-07-05T10:49:23.427-0700][info][gc,heap        ] GC(158) Humongous regions: 4->4
[2024-07-05T10:49:23.427-0700][info][gc,metaspace   ] GC(158) Metaspace: 304K(512K)->304K(512K) NonClass: 296K(384K)->296K(384K) Class: 7K(128K)->7K(128K)
[2024-07-05T10:49:23.427-0700][info][gc             ] GC(158) Pause Young (Normal) (G1 Preventive Collection) 4075M->4075M(4096M) 1.328ms
[2024-07-05T10:49:23.427-0700][info][gc,cpu         ] GC(158) User=0.00s Sys=0.00s Real=0.00s
[2024-07-05T10:49:23.428-0700][info][gc,start       ] GC(159) Pause Young (Concurrent Start) (G1 Evacuation Pause)
[2024-07-05T10:49:23.428-0700][info][gc,task        ] GC(159) Using 4 workers of 4 for evacuation
[2024-07-05T10:49:23.430-0700][info][gc             ] GC(159) To-space exhausted
[2024-07-05T10:49:23.430-0700][info][gc,phases      ] GC(159)   Pre Evacuate Collection Set: 0.1ms
[2024-07-05T10:49:23.430-0700][info][gc,phases      ] GC(159)   Merge Heap Roots: 0.1ms
[2024-07-05T10:49:23.430-0700][info][gc,phases      ] GC(159)   Evacuate Collection Set: 1.3ms
[2024-07-05T10:49:23.430-0700][info][gc,phases      ] GC(159)   Post Evacuate Collection Set: 0.4ms
[2024-07-05T10:49:23.430-0700][info][gc,phases      ] GC(159)   Other: 0.1ms
[2024-07-05T10:49:23.430-0700][info][gc,heap        ] GC(159) Eden regions: 1->0(51)
[2024-07-05T10:49:23.430-0700][info][gc,heap        ] GC(159) Survivor regions: 1->0(0)
[2024-07-05T10:49:23.430-0700][info][gc,heap        ] GC(159) Old regions: 1016->1018
[2024-07-05T10:49:23.430-0700][info][gc,heap        ] GC(159) Archive regions: 2->2
[2024-07-05T10:49:23.430-0700][info][gc,heap        ] GC(159) Humongous regions: 4->4
[2024-07-05T10:49:23.430-0700][info][gc,metaspace   ] GC(159) Metaspace: 304K(512K)->304K(512K) NonClass: 296K(384K)->296K(384K) Class: 7K(128K)->7K(128K)
[2024-07-05T10:49:23.430-0700][info][gc             ] GC(159) Pause Young (Concurrent Start) (G1 Evacuation Pause) 4079M->4079M(4096M) 2.036ms
[2024-07-05T10:49:23.430-0700][info][gc,cpu         ] GC(159) User=0.01s Sys=0.00s Real=0.00s
[2024-07-05T10:49:23.430-0700][info][gc,ergo        ] Attempting full compaction
[2024-07-05T10:49:23.430-0700][info][gc             ] GC(160) Concurrent Mark Cycle
[2024-07-05T10:49:23.430-0700][info][gc,task        ] GC(161) Using 4 workers of 4 for full compaction
[2024-07-05T10:49:23.430-0700][info][gc,marking     ] GC(160) Concurrent Clear Claimed Marks
[2024-07-05T10:49:23.430-0700][info][gc,marking     ] GC(160) Concurrent Clear Claimed Marks 0.062ms
[2024-07-05T10:49:23.430-0700][info][gc,marking     ] GC(160) Concurrent Scan Root Regions
[2024-07-05T10:49:23.430-0700][info][gc,start       ] GC(161) Pause Full (G1 Compaction Pause)
[2024-07-05T10:49:23.430-0700][info][gc,marking     ] GC(160) Concurrent Scan Root Regions 0.011ms
[2024-07-05T10:49:23.430-0700][info][gc,marking     ] GC(160) Concurrent Mark
[2024-07-05T10:49:23.430-0700][info][gc,marking     ] GC(160) Concurrent Mark From Roots
[2024-07-05T10:49:23.430-0700][info][gc,task        ] GC(160) Using 1 workers of 1 for marking
[2024-07-05T10:49:23.433-0700][info][gc,phases,start] GC(161) Phase 1: Mark live objects
[2024-07-05T10:49:23.537-0700][info][gc,phases      ] GC(161) Phase 1: Mark live objects 103.920ms
[2024-07-05T10:49:23.537-0700][info][gc,phases,start] GC(161) Phase 2: Prepare for compaction
[2024-07-05T10:49:23.538-0700][info][gc,phases      ] GC(161) Phase 2: Prepare for compaction 1.053ms
[2024-07-05T10:49:23.538-0700][info][gc,phases,start] GC(161) Phase 3: Adjust pointers
[2024-07-05T10:49:23.604-0700][info][gc,phases      ] GC(161) Phase 3: Adjust pointers 65.898ms
[2024-07-05T10:49:23.605-0700][info][gc,phases,start] GC(161) Phase 4: Compact heap
[2024-07-05T10:49:23.605-0700][info][gc,phases      ] GC(161) Phase 4: Compact heap 0.710ms
[2024-07-05T10:49:23.608-0700][info][gc,heap        ] GC(161) Eden regions: 0->0(51)
[2024-07-05T10:49:23.608-0700][info][gc,heap        ] GC(161) Survivor regions: 0->0(0)
[2024-07-05T10:49:23.608-0700][info][gc,heap        ] GC(161) Old regions: 1018->1016
[2024-07-05T10:49:23.608-0700][info][gc,heap        ] GC(161) Archive regions: 2->2
[2024-07-05T10:49:23.608-0700][info][gc,heap        ] GC(161) Humongous regions: 4->4
[2024-07-05T10:49:23.608-0700][info][gc,metaspace   ] GC(161) Metaspace: 304K(512K)->304K(512K) NonClass: 296K(384K)->296K(384K) Class: 7K(128K)->7K(128K)
[2024-07-05T10:49:23.608-0700][info][gc             ] GC(161) Pause Full (G1 Compaction Pause) 4079M->4079M(4096M) 178.316ms
[2024-07-05T10:49:23.608-0700][info][gc,cpu         ] GC(161) User=0.70s Sys=0.00s Real=0.18s
[2024-07-05T10:49:23.608-0700][info][gc,marking     ] GC(160) Concurrent Mark From Roots 178.330ms
[2024-07-05T10:49:23.608-0700][info][gc,marking     ] GC(160) Concurrent Mark Abort
[2024-07-05T10:49:23.608-0700][info][gc             ] GC(160) Concurrent Mark Cycle 178.527ms
[2024-07-05T10:49:25.900-0700][info][gc,start       ] GC(162) Pause Young (Normal) (G1 Preventive Collection)
[2024-07-05T10:49:25.900-0700][info][gc,task        ] GC(162) Using 4 workers of 4 for evacuation
[2024-07-05T10:49:25.906-0700][info][gc,phases      ] GC(162)   Pre Evacuate Collection Set: 0.2ms
[2024-07-05T10:49:25.906-0700][info][gc,phases      ] GC(162)   Merge Heap Roots: 0.3ms
[2024-07-05T10:49:25.906-0700][info][gc,phases      ] GC(162)   Evacuate Collection Set: 5.2ms
[2024-07-05T10:49:25.906-0700][info][gc,phases      ] GC(162)   Post Evacuate Collection Set: 0.7ms
[2024-07-05T10:49:25.906-0700][info][gc,phases      ] GC(162)   Other: 0.1ms
[2024-07-05T10:49:25.906-0700][info][gc,heap        ] GC(162) Eden regions: 1->0(50)
[2024-07-05T10:49:25.906-0700][info][gc,heap        ] GC(162) Survivor regions: 0->1(1)
[2024-07-05T10:49:25.906-0700][info][gc,heap        ] GC(162) Old regions: 1016->1016
[2024-07-05T10:49:25.906-0700][info][gc,heap        ] GC(162) Archive regions: 2->2
[2024-07-05T10:49:25.906-0700][info][gc,heap        ] GC(162) Humongous regions: 4->4
[2024-07-05T10:49:25.906-0700][info][gc,metaspace   ] GC(162) Metaspace: 304K(512K)->304K(512K) NonClass: 296K(384K)->296K(384K) Class: 7K(128K)->7K(128K)
[2024-07-05T10:49:25.906-0700][info][gc             ] GC(162) Pause Young (Normal) (G1 Preventive Collection) 4083M->4083M(4096M) 6.501ms
[2024-07-05T10:49:25.906-0700][info][gc,cpu         ] GC(162) User=0.02s Sys=0.00s Real=0.01s
[2024-07-05T10:49:25.907-0700][info][gc,start       ] GC(163) Pause Young (Concurrent Start) (G1 Evacuation Pause)
[2024-07-05T10:49:25.907-0700][info][gc,task        ] GC(163) Using 4 workers of 4 for evacuation
[2024-07-05T10:49:25.909-0700][info][gc             ] GC(163) To-space exhausted
[2024-07-05T10:49:25.909-0700][info][gc,phases      ] GC(163)   Pre Evacuate Collection Set: 0.2ms
[2024-07-05T10:49:25.909-0700][info][gc,phases      ] GC(163)   Merge Heap Roots: 0.2ms
[2024-07-05T10:49:25.909-0700][info][gc,phases      ] GC(163)   Evacuate Collection Set: 1.2ms
[2024-07-05T10:49:25.909-0700][info][gc,phases      ] GC(163)   Post Evacuate Collection Set: 0.8ms
[2024-07-05T10:49:25.909-0700][info][gc,phases      ] GC(163)   Other: 0.1ms
[2024-07-05T10:49:25.909-0700][info][gc,heap        ] GC(163) Eden regions: 1->0(51)
[2024-07-05T10:49:25.909-0700][info][gc,heap        ] GC(163) Survivor regions: 1->0(0)
[2024-07-05T10:49:25.909-0700][info][gc,heap        ] GC(163) Old regions: 1016->1018
[2024-07-05T10:49:25.909-0700][info][gc,heap        ] GC(163) Archive regions: 2->2
[2024-07-05T10:49:25.909-0700][info][gc,heap        ] GC(163) Humongous regions: 4->4
[2024-07-05T10:49:25.909-0700][info][gc,metaspace   ] GC(163) Metaspace: 304K(512K)->304K(512K) NonClass: 296K(384K)->296K(384K) Class: 7K(128K)->7K(128K)
[2024-07-05T10:49:25.909-0700][info][gc             ] GC(163) Pause Young (Concurrent Start) (G1 Evacuation Pause) 4087M->4087M(4096M) 2.623ms
[2024-07-05T10:49:25.909-0700][info][gc,cpu         ] GC(163) User=0.00s Sys=0.00s Real=0.00s
[2024-07-05T10:49:25.909-0700][info][gc,ergo        ] Attempting full compaction
[2024-07-05T10:49:25.909-0700][info][gc,task        ] GC(164) Using 4 workers of 4 for full compaction
[2024-07-05T10:49:25.909-0700][info][gc,start       ] GC(164) Pause Full (G1 Compaction Pause)
[2024-07-05T10:49:25.909-0700][info][gc             ] GC(165) Concurrent Mark Cycle
[2024-07-05T10:49:25.909-0700][info][gc,marking     ] GC(165) Concurrent Clear Claimed Marks
[2024-07-05T10:49:25.909-0700][info][gc,marking     ] GC(165) Concurrent Clear Claimed Marks 0.005ms
[2024-07-05T10:49:25.909-0700][info][gc,marking     ] GC(165) Concurrent Scan Root Regions
[2024-07-05T10:49:25.909-0700][info][gc,marking     ] GC(165) Concurrent Scan Root Regions 0.003ms
[2024-07-05T10:49:25.909-0700][info][gc,marking     ] GC(165) Concurrent Mark
[2024-07-05T10:49:25.910-0700][info][gc,marking     ] GC(165) Concurrent Mark From Roots
[2024-07-05T10:49:25.910-0700][info][gc,task        ] GC(165) Using 1 workers of 1 for marking
[2024-07-05T10:49:25.912-0700][info][gc,phases,start] GC(164) Phase 1: Mark live objects
[2024-07-05T10:49:26.016-0700][info][gc,phases      ] GC(164) Phase 1: Mark live objects 103.914ms
[2024-07-05T10:49:26.016-0700][info][gc,phases,start] GC(164) Phase 2: Prepare for compaction
[2024-07-05T10:49:26.017-0700][info][gc,phases      ] GC(164) Phase 2: Prepare for compaction 0.789ms
[2024-07-05T10:49:26.017-0700][info][gc,phases,start] GC(164) Phase 3: Adjust pointers
[2024-07-05T10:49:26.082-0700][info][gc,phases      ] GC(164) Phase 3: Adjust pointers 65.138ms
[2024-07-05T10:49:26.082-0700][info][gc,phases,start] GC(164) Phase 4: Compact heap
[2024-07-05T10:49:26.083-0700][info][gc,phases      ] GC(164) Phase 4: Compact heap 0.295ms
[2024-07-05T10:49:26.086-0700][info][gc,heap        ] GC(164) Eden regions: 0->0(51)
[2024-07-05T10:49:26.086-0700][info][gc,heap        ] GC(164) Survivor regions: 0->0(0)
[2024-07-05T10:49:26.086-0700][info][gc,heap        ] GC(164) Old regions: 1018->1018
[2024-07-05T10:49:26.086-0700][info][gc,heap        ] GC(164) Archive regions: 2->2
[2024-07-05T10:49:26.086-0700][info][gc,heap        ] GC(164) Humongous regions: 4->4
[2024-07-05T10:49:26.086-0700][info][gc,metaspace   ] GC(164) Metaspace: 304K(512K)->304K(512K) NonClass: 296K(384K)->296K(384K) Class: 7K(128K)->7K(128K)
[2024-07-05T10:49:26.086-0700][info][gc             ] GC(164) Pause Full (G1 Compaction Pause) 4087M->4087M(4096M) 176.747ms
[2024-07-05T10:49:26.086-0700][info][gc,cpu         ] GC(164) User=0.70s Sys=0.00s Real=0.18s
[2024-07-05T10:49:26.086-0700][info][gc,ergo        ] Attempting maximum full compaction clearing soft references
[2024-07-05T10:49:26.086-0700][info][gc,task        ] GC(166) Using 4 workers of 4 for full compaction
[2024-07-05T10:49:26.086-0700][info][gc,start       ] GC(166) Pause Full (G1 Compaction Pause)
[2024-07-05T10:49:26.086-0700][info][gc,phases,start] GC(166) Phase 1: Mark live objects
[2024-07-05T10:49:26.209-0700][info][gc,phases      ] GC(166) Phase 1: Mark live objects 122.513ms
[2024-07-05T10:49:26.209-0700][info][gc,phases,start] GC(166) Phase 2: Prepare for compaction
[2024-07-05T10:49:26.302-0700][info][gc,phases      ] GC(166) Phase 2: Prepare for compaction 92.996ms
[2024-07-05T10:49:26.302-0700][info][gc,phases,start] GC(166) Phase 3: Adjust pointers
[2024-07-05T10:49:26.426-0700][info][gc,phases      ] GC(166) Phase 3: Adjust pointers 123.588ms
[2024-07-05T10:49:26.426-0700][info][gc,phases,start] GC(166) Phase 4: Compact heap
[2024-07-05T10:49:26.947-0700][info][gc,phases      ] GC(166) Phase 4: Compact heap 521.219ms
[2024-07-05T10:49:26.950-0700][info][gc,heap        ] GC(166) Eden regions: 0->0(51)
[2024-07-05T10:49:26.950-0700][info][gc,heap        ] GC(166) Survivor regions: 0->0(0)
[2024-07-05T10:49:26.950-0700][info][gc,heap        ] GC(166) Old regions: 1018->1017
[2024-07-05T10:49:26.950-0700][info][gc,heap        ] GC(166) Archive regions: 2->2
[2024-07-05T10:49:26.950-0700][info][gc,heap        ] GC(166) Humongous regions: 4->4
[2024-07-05T10:49:26.950-0700][info][gc,metaspace   ] GC(166) Metaspace: 304K(512K)->304K(512K) NonClass: 296K(384K)->296K(384K) Class: 7K(128K)->7K(128K)
[2024-07-05T10:49:26.950-0700][info][gc             ] GC(166) Pause Full (G1 Compaction Pause) 4087M->4072M(4096M) 863.860ms
[2024-07-05T10:49:26.950-0700][info][gc,cpu         ] GC(166) User=3.38s Sys=0.00s Real=0.86s
[2024-07-05T10:49:26.950-0700][info][gc,marking     ] GC(165) Concurrent Mark From Roots 1040.727ms
[2024-07-05T10:49:26.950-0700][info][gc,marking     ] GC(165) Concurrent Mark Abort
[2024-07-05T10:49:26.950-0700][info][gc             ] GC(165) Concurrent Mark Cycle 1040.815ms
[2024-07-05T10:49:29.165-0700][info][gc,start       ] GC(167) Pause Young (Normal) (G1 Evacuation Pause)
[2024-07-05T10:49:29.165-0700][info][gc,task        ] GC(167) Using 4 workers of 4 for evacuation
[2024-07-05T10:49:29.173-0700][info][gc             ] GC(167) To-space exhausted
[2024-07-05T10:49:29.173-0700][info][gc,phases      ] GC(167)   Pre Evacuate Collection Set: 0.4ms
[2024-07-05T10:49:29.173-0700][info][gc,phases      ] GC(167)   Merge Heap Roots: 0.3ms
[2024-07-05T10:49:29.173-0700][info][gc,phases      ] GC(167)   Evacuate Collection Set: 6.9ms
[2024-07-05T10:49:29.173-0700][info][gc,phases      ] GC(167)   Post Evacuate Collection Set: 0.7ms
[2024-07-05T10:49:29.173-0700][info][gc,phases      ] GC(167)   Other: 0.2ms
[2024-07-05T10:49:29.173-0700][info][gc,heap        ] GC(167) Eden regions: 1->0(51)
[2024-07-05T10:49:29.173-0700][info][gc,heap        ] GC(167) Survivor regions: 0->0(0)
[2024-07-05T10:49:29.173-0700][info][gc,heap        ] GC(167) Old regions: 1017->1018
[2024-07-05T10:49:29.173-0700][info][gc,heap        ] GC(167) Archive regions: 2->2
[2024-07-05T10:49:29.173-0700][info][gc,heap        ] GC(167) Humongous regions: 4->4
[2024-07-05T10:49:29.173-0700][info][gc,metaspace   ] GC(167) Metaspace: 304K(512K)->304K(512K) NonClass: 296K(384K)->296K(384K) Class: 7K(128K)->7K(128K)
[2024-07-05T10:49:29.173-0700][info][gc             ] GC(167) Pause Young (Normal) (G1 Evacuation Pause) 4076M->4076M(4096M) 8.436ms
[2024-07-05T10:49:29.173-0700][info][gc,cpu         ] GC(167) User=0.03s Sys=0.00s Real=0.00s
[2024-07-05T10:49:29.173-0700][info][gc,ergo        ] Attempting full compaction
[2024-07-05T10:49:29.173-0700][info][gc,task        ] GC(168) Using 4 workers of 4 for full compaction
[2024-07-05T10:49:29.173-0700][info][gc,start       ] GC(168) Pause Full (G1 Compaction Pause)
[2024-07-05T10:49:29.174-0700][info][gc,phases,start] GC(168) Phase 1: Mark live objects
[2024-07-05T10:49:29.292-0700][info][gc,phases      ] GC(168) Phase 1: Mark live objects 118.565ms
[2024-07-05T10:49:29.292-0700][info][gc,phases,start] GC(168) Phase 2: Prepare for compaction
[2024-07-05T10:49:29.293-0700][info][gc,phases      ] GC(168) Phase 2: Prepare for compaction 1.308ms
[2024-07-05T10:49:29.293-0700][info][gc,phases,start] GC(168) Phase 3: Adjust pointers
[2024-07-05T10:49:29.365-0700][info][gc,phases      ] GC(168) Phase 3: Adjust pointers 71.927ms
[2024-07-05T10:49:29.365-0700][info][gc,phases,start] GC(168) Phase 4: Compact heap
[2024-07-05T10:49:29.366-0700][info][gc,phases      ] GC(168) Phase 4: Compact heap 0.363ms
[2024-07-05T10:49:29.369-0700][info][gc,heap        ] GC(168) Eden regions: 0->0(51)
[2024-07-05T10:49:29.369-0700][info][gc,heap        ] GC(168) Survivor regions: 0->0(0)
[2024-07-05T10:49:29.369-0700][info][gc,heap        ] GC(168) Old regions: 1018->1015
[2024-07-05T10:49:29.369-0700][info][gc,heap        ] GC(168) Archive regions: 2->2
[2024-07-05T10:49:29.369-0700][info][gc,heap        ] GC(168) Humongous regions: 4->4
[2024-07-05T10:49:29.369-0700][info][gc,metaspace   ] GC(168) Metaspace: 304K(512K)->304K(512K) NonClass: 296K(384K)->296K(384K) Class: 7K(128K)->7K(128K)
[2024-07-05T10:49:29.369-0700][info][gc             ] GC(168) Pause Full (G1 Compaction Pause) 4076M->4076M(4096M) 195.826ms
[2024-07-05T10:49:29.369-0700][info][gc,cpu         ] GC(168) User=0.78s Sys=0.00s Real=0.20s
[2024-07-05T10:49:29.370-0700][info][gc,start       ] GC(169) Pause Young (Concurrent Start) (G1 Preventive Collection)
[2024-07-05T10:49:29.370-0700][info][gc,task        ] GC(169) Using 4 workers of 4 for evacuation
[2024-07-05T10:49:29.371-0700][info][gc,phases      ] GC(169)   Pre Evacuate Collection Set: 0.2ms
[2024-07-05T10:49:29.371-0700][info][gc,phases      ] GC(169)   Merge Heap Roots: 0.1ms
[2024-07-05T10:49:29.371-0700][info][gc,phases      ] GC(169)   Evacuate Collection Set: 0.7ms
[2024-07-05T10:49:29.371-0700][info][gc,phases      ] GC(169)   Post Evacuate Collection Set: 0.2ms
[2024-07-05T10:49:29.371-0700][info][gc,phases      ] GC(169)   Other: 0.1ms
[2024-07-05T10:49:29.371-0700][info][gc,heap        ] GC(169) Eden regions: 1->0(50)
[2024-07-05T10:49:29.371-0700][info][gc,heap        ] GC(169) Survivor regions: 0->1(2)
[2024-07-05T10:49:29.371-0700][info][gc,heap        ] GC(169) Old regions: 1015->1015
[2024-07-05T10:49:29.371-0700][info][gc,heap        ] GC(169) Archive regions: 2->2
[2024-07-05T10:49:29.371-0700][info][gc,heap        ] GC(169) Humongous regions: 4->4
[2024-07-05T10:49:29.371-0700][info][gc,metaspace   ] GC(169) Metaspace: 304K(512K)->304K(512K) NonClass: 296K(384K)->296K(384K) Class: 7K(128K)->7K(128K)
[2024-07-05T10:49:29.371-0700][info][gc             ] GC(169) Pause Young (Concurrent Start) (G1 Preventive Collection) 4080M->4080M(4096M) 1.314ms
[2024-07-05T10:49:29.371-0700][info][gc,cpu         ] GC(169) User=0.00s Sys=0.01s Real=0.00s
[2024-07-05T10:49:29.371-0700][info][gc             ] GC(170) Concurrent Mark Cycle
[2024-07-05T10:49:29.371-0700][info][gc,marking     ] GC(170) Concurrent Clear Claimed Marks
[2024-07-05T10:49:29.371-0700][info][gc,marking     ] GC(170) Concurrent Clear Claimed Marks 0.005ms
[2024-07-05T10:49:29.371-0700][info][gc,marking     ] GC(170) Concurrent Scan Root Regions
[2024-07-05T10:49:29.371-0700][info][gc,marking     ] GC(170) Concurrent Scan Root Regions 0.222ms
[2024-07-05T10:49:29.371-0700][info][gc,marking     ] GC(170) Concurrent Mark
[2024-07-05T10:49:29.371-0700][info][gc,marking     ] GC(170) Concurrent Mark From Roots
[2024-07-05T10:49:29.371-0700][info][gc,task        ] GC(170) Using 1 workers of 1 for marking
[2024-07-05T10:49:29.372-0700][info][gc,start       ] GC(171) Pause Young (Normal) (G1 Preventive Collection)
[2024-07-05T10:49:29.372-0700][info][gc,task        ] GC(171) Using 4 workers of 4 for evacuation
[2024-07-05T10:49:29.374-0700][info][gc             ] GC(171) To-space exhausted
[2024-07-05T10:49:29.374-0700][info][gc,phases      ] GC(171)   Pre Evacuate Collection Set: 0.1ms
[2024-07-05T10:49:29.374-0700][info][gc,phases      ] GC(171)   Merge Heap Roots: 0.1ms
[2024-07-05T10:49:29.374-0700][info][gc,phases      ] GC(171)   Evacuate Collection Set: 1.5ms
[2024-07-05T10:49:29.374-0700][info][gc,phases      ] GC(171)   Post Evacuate Collection Set: 0.9ms
[2024-07-05T10:49:29.374-0700][info][gc,phases      ] GC(171)   Other: 0.1ms
[2024-07-05T10:49:29.374-0700][info][gc,heap        ] GC(171) Eden regions: 1->0(50)
[2024-07-05T10:49:29.374-0700][info][gc,heap        ] GC(171) Survivor regions: 1->1(1)
[2024-07-05T10:49:29.374-0700][info][gc,heap        ] GC(171) Old regions: 1015->1017
[2024-07-05T10:49:29.374-0700][info][gc,heap        ] GC(171) Archive regions: 2->2
[2024-07-05T10:49:29.374-0700][info][gc,heap        ] GC(171) Humongous regions: 4->4
[2024-07-05T10:49:29.374-0700][info][gc,metaspace   ] GC(171) Metaspace: 304K(512K)->304K(512K) NonClass: 296K(384K)->296K(384K) Class: 7K(128K)->7K(128K)
[2024-07-05T10:49:29.374-0700][info][gc             ] GC(171) Pause Young (Normal) (G1 Preventive Collection) 4084M->4088M(4096M) 2.799ms
[2024-07-05T10:49:29.374-0700][info][gc,cpu         ] GC(171) User=0.00s Sys=0.00s Real=0.00s
[2024-07-05T10:49:29.374-0700][info][gc,ergo        ] Attempting full compaction
[2024-07-05T10:49:29.374-0700][info][gc,task        ] GC(172) Using 4 workers of 4 for full compaction
[2024-07-05T10:49:29.374-0700][info][gc,start       ] GC(172) Pause Full (G1 Compaction Pause)
[2024-07-05T10:49:29.379-0700][info][gc,phases,start] GC(172) Phase 1: Mark live objects
[2024-07-05T10:49:29.498-0700][info][gc,phases      ] GC(172) Phase 1: Mark live objects 119.143ms
[2024-07-05T10:49:29.498-0700][info][gc,phases,start] GC(172) Phase 2: Prepare for compaction
[2024-07-05T10:49:29.500-0700][info][gc,phases      ] GC(172) Phase 2: Prepare for compaction 1.614ms
[2024-07-05T10:49:29.500-0700][info][gc,phases,start] GC(172) Phase 3: Adjust pointers
[2024-07-05T10:49:29.575-0700][info][gc,phases      ] GC(172) Phase 3: Adjust pointers 75.809ms
[2024-07-05T10:49:29.575-0700][info][gc,phases,start] GC(172) Phase 4: Compact heap
[2024-07-05T10:49:29.576-0700][info][gc,phases      ] GC(172) Phase 4: Compact heap 1.011ms
[2024-07-05T10:49:29.580-0700][info][gc,heap        ] GC(172) Eden regions: 0->0(51)
[2024-07-05T10:49:29.580-0700][info][gc,heap        ] GC(172) Survivor regions: 1->0(1)
[2024-07-05T10:49:29.580-0700][info][gc,heap        ] GC(172) Old regions: 1017->1017
[2024-07-05T10:49:29.580-0700][info][gc,heap        ] GC(172) Archive regions: 2->2
[2024-07-05T10:49:29.580-0700][info][gc,heap        ] GC(172) Humongous regions: 4->4
[2024-07-05T10:49:29.580-0700][info][gc,metaspace   ] GC(172) Metaspace: 304K(512K)->304K(512K) NonClass: 296K(384K)->296K(384K) Class: 7K(128K)->7K(128K)
[2024-07-05T10:49:29.580-0700][info][gc             ] GC(172) Pause Full (G1 Compaction Pause) 4088M->4084M(4096M) 205.305ms
[2024-07-05T10:49:29.580-0700][info][gc,cpu         ] GC(172) User=0.81s Sys=0.00s Real=0.21s
[2024-07-05T10:49:29.580-0700][info][gc,marking     ] GC(170) Concurrent Mark From Roots 208.492ms
[2024-07-05T10:49:29.580-0700][info][gc,marking     ] GC(170) Concurrent Mark Abort
[2024-07-05T10:49:29.580-0700][info][gc             ] GC(170) Concurrent Mark Cycle 208.770ms
[2024-07-05T10:49:32.193-0700][info][gc,start       ] GC(173) Pause Young (Normal) (G1 Evacuation Pause)
[2024-07-05T10:49:32.193-0700][info][gc,task        ] GC(173) Using 4 workers of 4 for evacuation
[2024-07-05T10:49:32.199-0700][info][gc             ] GC(173) To-space exhausted
[2024-07-05T10:49:32.199-0700][info][gc,phases      ] GC(173)   Pre Evacuate Collection Set: 0.2ms
[2024-07-05T10:49:32.199-0700][info][gc,phases      ] GC(173)   Merge Heap Roots: 0.2ms
[2024-07-05T10:49:32.199-0700][info][gc,phases      ] GC(173)   Evacuate Collection Set: 4.8ms
[2024-07-05T10:49:32.199-0700][info][gc,phases      ] GC(173)   Post Evacuate Collection Set: 0.8ms
[2024-07-05T10:49:32.199-0700][info][gc,phases      ] GC(173)   Other: 0.1ms
[2024-07-05T10:49:32.199-0700][info][gc,heap        ] GC(173) Eden regions: 1->0(51)
[2024-07-05T10:49:32.199-0700][info][gc,heap        ] GC(173) Survivor regions: 0->0(0)
[2024-07-05T10:49:32.199-0700][info][gc,heap        ] GC(173) Old regions: 1017->1018
[2024-07-05T10:49:32.199-0700][info][gc,heap        ] GC(173) Archive regions: 2->2
[2024-07-05T10:49:32.199-0700][info][gc,heap        ] GC(173) Humongous regions: 4->4
[2024-07-05T10:49:32.199-0700][info][gc,metaspace   ] GC(173) Metaspace: 304K(512K)->304K(512K) NonClass: 296K(384K)->296K(384K) Class: 7K(128K)->7K(128K)
[2024-07-05T10:49:32.200-0700][info][gc             ] GC(173) Pause Young (Normal) (G1 Evacuation Pause) 4088M->4088M(4096M) 6.182ms
[2024-07-05T10:49:32.200-0700][info][gc,cpu         ] GC(173) User=0.02s Sys=0.00s Real=0.01s
[2024-07-05T10:49:32.200-0700][info][gc,ergo        ] Attempting full compaction
[2024-07-05T10:49:32.200-0700][info][gc,task        ] GC(174) Using 4 workers of 4 for full compaction
[2024-07-05T10:49:32.200-0700][info][gc,start       ] GC(174) Pause Full (G1 Compaction Pause)
[2024-07-05T10:49:32.200-0700][info][gc,phases,start] GC(174) Phase 1: Mark live objects
[2024-07-05T10:49:32.300-0700][info][gc,phases      ] GC(174) Phase 1: Mark live objects 99.885ms
[2024-07-05T10:49:32.300-0700][info][gc,phases,start] GC(174) Phase 2: Prepare for compaction
[2024-07-05T10:49:32.300-0700][info][gc,phases      ] GC(174) Phase 2: Prepare for compaction 0.745ms
[2024-07-05T10:49:32.300-0700][info][gc,phases,start] GC(174) Phase 3: Adjust pointers
[2024-07-05T10:49:32.365-0700][info][gc,phases      ] GC(174) Phase 3: Adjust pointers 64.995ms
[2024-07-05T10:49:32.365-0700][info][gc,phases,start] GC(174) Phase 4: Compact heap
[2024-07-05T10:49:32.366-0700][info][gc,phases      ] GC(174) Phase 4: Compact heap 0.271ms
[2024-07-05T10:49:32.369-0700][info][gc,heap        ] GC(174) Eden regions: 0->0(51)
[2024-07-05T10:49:32.369-0700][info][gc,heap        ] GC(174) Survivor regions: 0->0(0)
[2024-07-05T10:49:32.369-0700][info][gc,heap        ] GC(174) Old regions: 1018->1018
[2024-07-05T10:49:32.369-0700][info][gc,heap        ] GC(174) Archive regions: 2->2
[2024-07-05T10:49:32.369-0700][info][gc,heap        ] GC(174) Humongous regions: 4->4
[2024-07-05T10:49:32.369-0700][info][gc,metaspace   ] GC(174) Metaspace: 304K(512K)->304K(512K) NonClass: 296K(384K)->296K(384K) Class: 7K(128K)->7K(128K)
[2024-07-05T10:49:32.369-0700][info][gc             ] GC(174) Pause Full (G1 Compaction Pause) 4088M->4088M(4096M) 169.017ms
[2024-07-05T10:49:32.369-0700][info][gc,cpu         ] GC(174) User=0.67s Sys=0.00s Real=0.17s
[2024-07-05T10:49:32.369-0700][info][gc,ergo        ] Attempting maximum full compaction clearing soft references
[2024-07-05T10:49:32.369-0700][info][gc,task        ] GC(175) Using 4 workers of 4 for full compaction
[2024-07-05T10:49:32.369-0700][info][gc,start       ] GC(175) Pause Full (G1 Compaction Pause)
[2024-07-05T10:49:32.369-0700][info][gc,phases,start] GC(175) Phase 1: Mark live objects
[2024-07-05T10:49:32.471-0700][info][gc,phases      ] GC(175) Phase 1: Mark live objects 102.711ms
[2024-07-05T10:49:32.471-0700][info][gc,phases,start] GC(175) Phase 2: Prepare for compaction
[2024-07-05T10:49:32.558-0700][info][gc,phases      ] GC(175) Phase 2: Prepare for compaction 86.698ms
[2024-07-05T10:49:32.558-0700][info][gc,phases,start] GC(175) Phase 3: Adjust pointers
[2024-07-05T10:49:32.657-0700][info][gc,phases      ] GC(175) Phase 3: Adjust pointers 99.259ms
[2024-07-05T10:49:32.657-0700][info][gc,phases,start] GC(175) Phase 4: Compact heap
[2024-07-05T10:49:33.153-0700][info][gc,phases      ] GC(175) Phase 4: Compact heap 495.720ms
[2024-07-05T10:49:33.158-0700][info][gc,heap        ] GC(175) Eden regions: 0->0(51)
[2024-07-05T10:49:33.158-0700][info][gc,heap        ] GC(175) Survivor regions: 0->0(0)
[2024-07-05T10:49:33.158-0700][info][gc,heap        ] GC(175) Old regions: 1018->1017
[2024-07-05T10:49:33.158-0700][info][gc,heap        ] GC(175) Archive regions: 2->2
[2024-07-05T10:49:33.158-0700][info][gc,heap        ] GC(175) Humongous regions: 4->4
[2024-07-05T10:49:33.158-0700][info][gc,metaspace   ] GC(175) Metaspace: 304K(512K)->304K(512K) NonClass: 296K(384K)->296K(384K) Class: 7K(128K)->7K(128K)
[2024-07-05T10:49:33.158-0700][info][gc             ] GC(175) Pause Full (G1 Compaction Pause) 4088M->4078M(4096M) 789.071ms
[2024-07-05T10:49:33.158-0700][info][gc,cpu         ] GC(175) User=3.07s Sys=0.00s Real=0.79s
[2024-07-05T10:49:33.158-0700][info][gc,start       ] GC(176) Pause Young (Concurrent Start) (G1 Evacuation Pause)
[2024-07-05T10:49:33.158-0700][info][gc,task        ] GC(176) Using 4 workers of 4 for evacuation
[2024-07-05T10:49:33.160-0700][info][gc             ] GC(176) To-space exhausted
[2024-07-05T10:49:33.160-0700][info][gc,phases      ] GC(176)   Pre Evacuate Collection Set: 0.2ms
[2024-07-05T10:49:33.160-0700][info][gc,phases      ] GC(176)   Merge Heap Roots: 0.1ms
[2024-07-05T10:49:33.160-0700][info][gc,phases      ] GC(176)   Evacuate Collection Set: 0.7ms
[2024-07-05T10:49:33.160-0700][info][gc,phases      ] GC(176)   Post Evacuate Collection Set: 0.4ms
[2024-07-05T10:49:33.160-0700][info][gc,phases      ] GC(176)   Other: 0.1ms
[2024-07-05T10:49:33.160-0700][info][gc,heap        ] GC(176) Eden regions: 1->0(51)
[2024-07-05T10:49:33.160-0700][info][gc,heap        ] GC(176) Survivor regions: 0->0(0)
[2024-07-05T10:49:33.160-0700][info][gc,heap        ] GC(176) Old regions: 1017->1018
[2024-07-05T10:49:33.160-0700][info][gc,heap        ] GC(176) Archive regions: 2->2
[2024-07-05T10:49:33.160-0700][info][gc,heap        ] GC(176) Humongous regions: 4->4
[2024-07-05T10:49:33.160-0700][info][gc,metaspace   ] GC(176) Metaspace: 304K(512K)->304K(512K) NonClass: 296K(384K)->296K(384K) Class: 7K(128K)->7K(128K)
[2024-07-05T10:49:33.160-0700][info][gc             ] GC(176) Pause Young (Concurrent Start) (G1 Evacuation Pause) 4082M->4082M(4096M) 1.467ms
[2024-07-05T10:49:33.160-0700][info][gc,cpu         ] GC(176) User=0.00s Sys=0.01s Real=0.00s
[2024-07-05T10:49:33.160-0700][info][gc,ergo        ] Attempting full compaction
[2024-07-05T10:49:33.160-0700][info][gc,task        ] GC(177) Using 4 workers of 4 for full compaction
[2024-07-05T10:49:33.160-0700][info][gc,start       ] GC(177) Pause Full (G1 Compaction Pause)
[2024-07-05T10:49:33.160-0700][info][gc             ] GC(178) Concurrent Mark Cycle
[2024-07-05T10:49:33.160-0700][info][gc,marking     ] GC(178) Concurrent Clear Claimed Marks
[2024-07-05T10:49:33.160-0700][info][gc,marking     ] GC(178) Concurrent Clear Claimed Marks 0.007ms
[2024-07-05T10:49:33.160-0700][info][gc,marking     ] GC(178) Concurrent Scan Root Regions
[2024-07-05T10:49:33.160-0700][info][gc,marking     ] GC(178) Concurrent Scan Root Regions 0.003ms
[2024-07-05T10:49:33.160-0700][info][gc,marking     ] GC(178) Concurrent Mark
[2024-07-05T10:49:33.160-0700][info][gc,marking     ] GC(178) Concurrent Mark From Roots
[2024-07-05T10:49:33.160-0700][info][gc,task        ] GC(178) Using 1 workers of 1 for marking
[2024-07-05T10:49:33.163-0700][info][gc,phases,start] GC(177) Phase 1: Mark live objects
[2024-07-05T10:49:33.281-0700][info][gc,phases      ] GC(177) Phase 1: Mark live objects 118.262ms
[2024-07-05T10:49:33.281-0700][info][gc,phases,start] GC(177) Phase 2: Prepare for compaction
[2024-07-05T10:49:33.283-0700][info][gc,phases      ] GC(177) Phase 2: Prepare for compaction 1.398ms
[2024-07-05T10:49:33.283-0700][info][gc,phases,start] GC(177) Phase 3: Adjust pointers
[2024-07-05T10:49:33.353-0700][info][gc,phases      ] GC(177) Phase 3: Adjust pointers 70.658ms
[2024-07-05T10:49:33.353-0700][info][gc,phases,start] GC(177) Phase 4: Compact heap
[2024-07-05T10:49:33.355-0700][info][gc,phases      ] GC(177) Phase 4: Compact heap 1.457ms
[2024-07-05T10:49:33.358-0700][info][gc,heap        ] GC(177) Eden regions: 0->0(51)
[2024-07-05T10:49:33.358-0700][info][gc,heap        ] GC(177) Survivor regions: 0->0(0)
[2024-07-05T10:49:33.358-0700][info][gc,heap        ] GC(177) Old regions: 1018->1017
[2024-07-05T10:49:33.358-0700][info][gc,heap        ] GC(177) Archive regions: 2->2
[2024-07-05T10:49:33.358-0700][info][gc,heap        ] GC(177) Humongous regions: 4->4
[2024-07-05T10:49:33.358-0700][info][gc,metaspace   ] GC(177) Metaspace: 304K(512K)->304K(512K) NonClass: 296K(384K)->296K(384K) Class: 7K(128K)->7K(128K)
[2024-07-05T10:49:33.358-0700][info][gc             ] GC(177) Pause Full (G1 Compaction Pause) 4082M->4082M(4096M) 198.228ms
[2024-07-05T10:49:33.358-0700][info][gc,cpu         ] GC(177) User=0.78s Sys=0.00s Real=0.20s
[2024-07-05T10:49:33.358-0700][info][gc,marking     ] GC(178) Concurrent Mark From Roots 198.226ms
[2024-07-05T10:49:33.358-0700][info][gc,marking     ] GC(178) Concurrent Mark Abort
[2024-07-05T10:49:33.358-0700][info][gc             ] GC(178) Concurrent Mark Cycle 198.282ms
[2024-07-05T10:49:35.706-0700][info][gc,start       ] GC(179) Pause Young (Normal) (G1 Evacuation Pause)
[2024-07-05T10:49:35.706-0700][info][gc,task        ] GC(179) Using 4 workers of 4 for evacuation
[2024-07-05T10:49:35.714-0700][info][gc             ] GC(179) To-space exhausted
[2024-07-05T10:49:35.714-0700][info][gc,phases      ] GC(179)   Pre Evacuate Collection Set: 0.3ms
[2024-07-05T10:49:35.714-0700][info][gc,phases      ] GC(179)   Merge Heap Roots: 0.2ms
[2024-07-05T10:49:35.714-0700][info][gc,phases      ] GC(179)   Evacuate Collection Set: 6.2ms
[2024-07-05T10:49:35.714-0700][info][gc,phases      ] GC(179)   Post Evacuate Collection Set: 0.9ms
[2024-07-05T10:49:35.714-0700][info][gc,phases      ] GC(179)   Other: 0.3ms
[2024-07-05T10:49:35.714-0700][info][gc,heap        ] GC(179) Eden regions: 1->0(51)
[2024-07-05T10:49:35.714-0700][info][gc,heap        ] GC(179) Survivor regions: 0->0(0)
[2024-07-05T10:49:35.714-0700][info][gc,heap        ] GC(179) Old regions: 1017->1018
[2024-07-05T10:49:35.714-0700][info][gc,heap        ] GC(179) Archive regions: 2->2
[2024-07-05T10:49:35.714-0700][info][gc,heap        ] GC(179) Humongous regions: 4->4
[2024-07-05T10:49:35.714-0700][info][gc,metaspace   ] GC(179) Metaspace: 304K(512K)->304K(512K) NonClass: 296K(384K)->296K(384K) Class: 7K(128K)->7K(128K)
[2024-07-05T10:49:35.714-0700][info][gc             ] GC(179) Pause Young (Normal) (G1 Evacuation Pause) 4086M->4086M(4096M) 7.882ms
[2024-07-05T10:49:35.714-0700][info][gc,cpu         ] GC(179) User=0.02s Sys=0.00s Real=0.00s
[2024-07-05T10:49:35.714-0700][info][gc,ergo        ] Attempting full compaction
[2024-07-05T10:49:35.714-0700][info][gc,task        ] GC(180) Using 4 workers of 4 for full compaction
[2024-07-05T10:49:35.714-0700][info][gc,start       ] GC(180) Pause Full (G1 Compaction Pause)
[2024-07-05T10:49:35.714-0700][info][gc,phases,start] GC(180) Phase 1: Mark live objects
[2024-07-05T10:49:35.847-0700][info][gc,phases      ] GC(180) Phase 1: Mark live objects 132.874ms
[2024-07-05T10:49:35.847-0700][info][gc,phases,start] GC(180) Phase 2: Prepare for compaction
[2024-07-05T10:49:35.848-0700][info][gc,phases      ] GC(180) Phase 2: Prepare for compaction 1.037ms
[2024-07-05T10:49:35.848-0700][info][gc,phases,start] GC(180) Phase 3: Adjust pointers
[2024-07-05T10:49:35.929-0700][info][gc,phases      ] GC(180) Phase 3: Adjust pointers 80.248ms
[2024-07-05T10:49:35.929-0700][info][gc,phases,start] GC(180) Phase 4: Compact heap
[2024-07-05T10:49:35.929-0700][info][gc,phases      ] GC(180) Phase 4: Compact heap 0.174ms
[2024-07-05T10:49:35.932-0700][info][gc,heap        ] GC(180) Eden regions: 0->0(51)
[2024-07-05T10:49:35.932-0700][info][gc,heap        ] GC(180) Survivor regions: 0->0(0)
[2024-07-05T10:49:35.932-0700][info][gc,heap        ] GC(180) Old regions: 1018->1018
[2024-07-05T10:49:35.932-0700][info][gc,heap        ] GC(180) Archive regions: 2->2
[2024-07-05T10:49:35.932-0700][info][gc,heap        ] GC(180) Humongous regions: 4->4
[2024-07-05T10:49:35.932-0700][info][gc,metaspace   ] GC(180) Metaspace: 304K(512K)->304K(512K) NonClass: 296K(384K)->296K(384K) Class: 7K(128K)->7K(128K)
[2024-07-05T10:49:35.932-0700][info][gc             ] GC(180) Pause Full (G1 Compaction Pause) 4086M->4086M(4096M) 217.623ms
[2024-07-05T10:49:35.932-0700][info][gc,cpu         ] GC(180) User=0.86s Sys=0.00s Real=0.22s
[2024-07-05T10:49:35.932-0700][info][gc,ergo        ] Attempting maximum full compaction clearing soft references
[2024-07-05T10:49:35.932-0700][info][gc,task        ] GC(181) Using 4 workers of 4 for full compaction
[2024-07-05T10:49:35.932-0700][info][gc,start       ] GC(181) Pause Full (G1 Compaction Pause)
[2024-07-05T10:49:35.932-0700][info][gc,phases,start] GC(181) Phase 1: Mark live objects
[2024-07-05T10:49:36.038-0700][info][gc,phases      ] GC(181) Phase 1: Mark live objects 106.398ms
[2024-07-05T10:49:36.038-0700][info][gc,phases,start] GC(181) Phase 2: Prepare for compaction
[2024-07-05T10:49:36.130-0700][info][gc,phases      ] GC(181) Phase 2: Prepare for compaction 91.427ms
[2024-07-05T10:49:36.130-0700][info][gc,phases,start] GC(181) Phase 3: Adjust pointers
[2024-07-05T10:49:36.238-0700][info][gc,phases      ] GC(181) Phase 3: Adjust pointers 107.962ms
[2024-07-05T10:49:36.238-0700][info][gc,phases,start] GC(181) Phase 4: Compact heap
[2024-07-05T10:49:36.720-0700][info][gc,phases      ] GC(181) Phase 4: Compact heap 481.727ms
[2024-07-05T10:49:36.723-0700][info][gc,heap        ] GC(181) Eden regions: 0->0(51)
[2024-07-05T10:49:36.723-0700][info][gc,heap        ] GC(181) Survivor regions: 0->0(0)
[2024-07-05T10:49:36.723-0700][info][gc,heap        ] GC(181) Old regions: 1018->1017
[2024-07-05T10:49:36.723-0700][info][gc,heap        ] GC(181) Archive regions: 2->2
[2024-07-05T10:49:36.723-0700][info][gc,heap        ] GC(181) Humongous regions: 4->4
[2024-07-05T10:49:36.723-0700][info][gc,metaspace   ] GC(181) Metaspace: 304K(512K)->304K(512K) NonClass: 296K(384K)->296K(384K) Class: 7K(128K)->7K(128K)
[2024-07-05T10:49:36.723-0700][info][gc             ] GC(181) Pause Full (G1 Compaction Pause) 4086M->4081M(4096M) 791.090ms
[2024-07-05T10:49:36.723-0700][info][gc,cpu         ] GC(181) User=3.06s Sys=0.00s Real=0.80s
[2024-07-05T10:49:36.724-0700][info][gc,start       ] GC(182) Pause Young (Concurrent Start) (G1 Evacuation Pause)
[2024-07-05T10:49:36.724-0700][info][gc,task        ] GC(182) Using 4 workers of 4 for evacuation
[2024-07-05T10:49:36.726-0700][info][gc             ] GC(182) To-space exhausted
[2024-07-05T10:49:36.726-0700][info][gc,phases      ] GC(182)   Pre Evacuate Collection Set: 0.2ms
[2024-07-05T10:49:36.726-0700][info][gc,phases      ] GC(182)   Merge Heap Roots: 0.3ms
[2024-07-05T10:49:36.726-0700][info][gc,phases      ] GC(182)   Evacuate Collection Set: 0.9ms
[2024-07-05T10:49:36.726-0700][info][gc,phases      ] GC(182)   Post Evacuate Collection Set: 0.4ms
[2024-07-05T10:49:36.726-0700][info][gc,phases      ] GC(182)   Other: 0.1ms
[2024-07-05T10:49:36.726-0700][info][gc,heap        ] GC(182) Eden regions: 1->0(51)
[2024-07-05T10:49:36.726-0700][info][gc,heap        ] GC(182) Survivor regions: 0->0(0)
[2024-07-05T10:49:36.726-0700][info][gc,heap        ] GC(182) Old regions: 1017->1018
[2024-07-05T10:49:36.726-0700][info][gc,heap        ] GC(182) Archive regions: 2->2
[2024-07-05T10:49:36.726-0700][info][gc,heap        ] GC(182) Humongous regions: 4->4
[2024-07-05T10:49:36.726-0700][info][gc,metaspace   ] GC(182) Metaspace: 304K(512K)->304K(512K) NonClass: 296K(384K)->296K(384K) Class: 7K(128K)->7K(128K)
[2024-07-05T10:49:36.726-0700][info][gc             ] GC(182) Pause Young (Concurrent Start) (G1 Evacuation Pause) 4085M->4085M(4096M) 1.857ms
[2024-07-05T10:49:36.726-0700][info][gc,cpu         ] GC(182) User=0.00s Sys=0.00s Real=0.00s
[2024-07-05T10:49:36.726-0700][info][gc,ergo        ] Attempting full compaction
[2024-07-05T10:49:36.726-0700][info][gc             ] GC(183) Concurrent Mark Cycle
[2024-07-05T10:49:36.726-0700][info][gc,marking     ] GC(183) Concurrent Clear Claimed Marks
[2024-07-05T10:49:36.726-0700][info][gc,marking     ] GC(183) Concurrent Clear Claimed Marks 0.030ms
[2024-07-05T10:49:36.726-0700][info][gc,marking     ] GC(183) Concurrent Scan Root Regions
[2024-07-05T10:49:36.726-0700][info][gc,task        ] GC(184) Using 4 workers of 4 for full compaction
[2024-07-05T10:49:36.726-0700][info][gc,marking     ] GC(183) Concurrent Scan Root Regions 0.011ms
[2024-07-05T10:49:36.726-0700][info][gc,marking     ] GC(183) Concurrent Mark
[2024-07-05T10:49:36.726-0700][info][gc,marking     ] GC(183) Concurrent Mark From Roots
[2024-07-05T10:49:36.726-0700][info][gc,task        ] GC(183) Using 1 workers of 1 for marking
[2024-07-05T10:49:36.726-0700][info][gc,start       ] GC(184) Pause Full (G1 Compaction Pause)
[2024-07-05T10:49:36.729-0700][info][gc,phases,start] GC(184) Phase 1: Mark live objects
[2024-07-05T10:49:36.828-0700][info][gc,phases      ] GC(184) Phase 1: Mark live objects 99.754ms
[2024-07-05T10:49:36.829-0700][info][gc,phases,start] GC(184) Phase 2: Prepare for compaction
[2024-07-05T10:49:36.830-0700][info][gc,phases      ] GC(184) Phase 2: Prepare for compaction 1.374ms
[2024-07-05T10:49:36.830-0700][info][gc,phases,start] GC(184) Phase 3: Adjust pointers
[2024-07-05T10:49:36.898-0700][info][gc,phases      ] GC(184) Phase 3: Adjust pointers 68.271ms
[2024-07-05T10:49:36.898-0700][info][gc,phases,start] GC(184) Phase 4: Compact heap
[2024-07-05T10:49:36.901-0700][info][gc,phases      ] GC(184) Phase 4: Compact heap 2.271ms
[2024-07-05T10:49:36.905-0700][info][gc,heap        ] GC(184) Eden regions: 0->0(51)
[2024-07-05T10:49:36.905-0700][info][gc,heap        ] GC(184) Survivor regions: 0->0(0)
[2024-07-05T10:49:36.905-0700][info][gc,heap        ] GC(184) Old regions: 1018->1017
[2024-07-05T10:49:36.905-0700][info][gc,heap        ] GC(184) Archive regions: 2->2
[2024-07-05T10:49:36.905-0700][info][gc,heap        ] GC(184) Humongous regions: 4->4
[2024-07-05T10:49:36.905-0700][info][gc,metaspace   ] GC(184) Metaspace: 304K(512K)->304K(512K) NonClass: 296K(384K)->296K(384K) Class: 7K(128K)->7K(128K)
[2024-07-05T10:49:36.905-0700][info][gc             ] GC(184) Pause Full (G1 Compaction Pause) 4085M->4085M(4096M) 179.697ms
[2024-07-05T10:49:36.906-0700][info][gc,cpu         ] GC(184) User=0.70s Sys=0.00s Real=0.18s
[2024-07-05T10:49:36.906-0700][info][gc,start       ] GC(185) Pause Young (Normal) (G1 Humongous Allocation)
[2024-07-05T10:49:36.906-0700][info][gc,task        ] GC(185) Using 4 workers of 4 for evacuation
[2024-07-05T10:49:36.907-0700][info][gc,marking     ] GC(183) Concurrent Mark From Roots 181.375ms
[2024-07-05T10:49:36.908-0700][info][gc             ] GC(185) To-space exhausted
[2024-07-05T10:49:36.908-0700][info][gc,phases      ] GC(185)   Pre Evacuate Collection Set: 0.2ms
[2024-07-05T10:49:36.908-0700][info][gc,phases      ] GC(185)   Merge Heap Roots: 0.1ms
[2024-07-05T10:49:36.908-0700][info][gc,phases      ] GC(185)   Evacuate Collection Set: 1.0ms
[2024-07-05T10:49:36.908-0700][info][gc,phases      ] GC(185)   Post Evacuate Collection Set: 0.7ms
[2024-07-05T10:49:36.908-0700][info][gc,phases      ] GC(185)   Other: 0.1ms
[2024-07-05T10:49:36.908-0700][info][gc,heap        ] GC(185) Eden regions: 1->0(51)
[2024-07-05T10:49:36.908-0700][info][gc,heap        ] GC(185) Survivor regions: 0->0(0)
[2024-07-05T10:49:36.908-0700][info][gc,heap        ] GC(185) Old regions: 1017->1018
[2024-07-05T10:49:36.908-0700][info][gc,heap        ] GC(185) Archive regions: 2->2
[2024-07-05T10:49:36.908-0700][info][gc,heap        ] GC(185) Humongous regions: 4->4
[2024-07-05T10:49:36.908-0700][info][gc,metaspace   ] GC(185) Metaspace: 304K(512K)->304K(512K) NonClass: 296K(384K)->296K(384K) Class: 7K(128K)->7K(128K)
[2024-07-05T10:49:36.908-0700][info][gc             ] GC(185) Pause Young (Normal) (G1 Humongous Allocation) 4089M->4089M(4096M) 2.212ms
[2024-07-05T10:49:36.908-0700][info][gc,cpu         ] GC(185) User=0.00s Sys=0.00s Real=0.00s
[2024-07-05T10:49:36.908-0700][info][gc,ergo        ] Attempting full compaction
[2024-07-05T10:49:36.908-0700][info][gc,task        ] GC(186) Using 4 workers of 4 for full compaction
[2024-07-05T10:49:36.908-0700][info][gc,start       ] GC(186) Pause Full (G1 Compaction Pause)
[2024-07-05T10:49:36.908-0700][info][gc,phases,start] GC(186) Phase 1: Mark live objects
[2024-07-05T10:49:37.036-0700][info][gc,phases      ] GC(186) Phase 1: Mark live objects 127.260ms
[2024-07-05T10:49:37.036-0700][info][gc,phases,start] GC(186) Phase 2: Prepare for compaction
[2024-07-05T10:49:37.037-0700][info][gc,phases      ] GC(186) Phase 2: Prepare for compaction 1.102ms
[2024-07-05T10:49:37.037-0700][info][gc,phases,start] GC(186) Phase 3: Adjust pointers
[2024-07-05T10:49:37.106-0700][info][gc,phases      ] GC(186) Phase 3: Adjust pointers 68.778ms
[2024-07-05T10:49:37.106-0700][info][gc,phases,start] GC(186) Phase 4: Compact heap
[2024-07-05T10:49:37.106-0700][info][gc,phases      ] GC(186) Phase 4: Compact heap 0.666ms
[2024-07-05T10:49:37.110-0700][info][gc,heap        ] GC(186) Eden regions: 0->0(51)
[2024-07-05T10:49:37.110-0700][info][gc,heap        ] GC(186) Survivor regions: 0->0(0)
[2024-07-05T10:49:37.110-0700][info][gc,heap        ] GC(186) Old regions: 1018->1018
[2024-07-05T10:49:37.110-0700][info][gc,heap        ] GC(186) Archive regions: 2->2
[2024-07-05T10:49:37.110-0700][info][gc,heap        ] GC(186) Humongous regions: 4->4
[2024-07-05T10:49:37.110-0700][info][gc,metaspace   ] GC(186) Metaspace: 304K(512K)->304K(512K) NonClass: 296K(384K)->296K(384K) Class: 7K(128K)->7K(128K)
[2024-07-05T10:49:37.110-0700][info][gc             ] GC(186) Pause Full (G1 Compaction Pause) 4089M->4088M(4096M) 201.773ms
[2024-07-05T10:49:37.110-0700][info][gc,cpu         ] GC(186) User=0.80s Sys=0.00s Real=0.20s
[2024-07-05T10:49:37.110-0700][info][gc,ergo        ] Attempting maximum full compaction clearing soft references
[2024-07-05T10:49:37.110-0700][info][gc,task        ] GC(187) Using 4 workers of 4 for full compaction
[2024-07-05T10:49:37.110-0700][info][gc,start       ] GC(187) Pause Full (G1 Compaction Pause)
[2024-07-05T10:49:37.110-0700][info][gc,phases,start] GC(187) Phase 1: Mark live objects
[2024-07-05T10:49:37.224-0700][info][gc,phases      ] GC(187) Phase 1: Mark live objects 113.746ms
[2024-07-05T10:49:37.224-0700][info][gc,phases,start] GC(187) Phase 2: Prepare for compaction
[2024-07-05T10:49:37.294-0700][info][gc,phases      ] GC(187) Phase 2: Prepare for compaction 70.314ms
[2024-07-05T10:49:37.294-0700][info][gc,phases,start] GC(187) Phase 3: Adjust pointers
[2024-07-05T10:49:37.388-0700][info][gc,phases      ] GC(187) Phase 3: Adjust pointers 93.672ms
[2024-07-05T10:49:37.388-0700][info][gc,phases,start] GC(187) Phase 4: Compact heap
[2024-07-05T10:49:37.455-0700][info][gc,phases      ] GC(187) Phase 4: Compact heap 66.642ms
[2024-07-05T10:49:37.458-0700][info][gc,heap        ] GC(187) Eden regions: 0->0(51)
[2024-07-05T10:49:37.458-0700][info][gc,heap        ] GC(187) Survivor regions: 0->0(0)
[2024-07-05T10:49:37.458-0700][info][gc,heap        ] GC(187) Old regions: 1018->1018
[2024-07-05T10:49:37.458-0700][info][gc,heap        ] GC(187) Archive regions: 2->2
[2024-07-05T10:49:37.458-0700][info][gc,heap        ] GC(187) Humongous regions: 4->4
[2024-07-05T10:49:37.458-0700][info][gc,metaspace   ] GC(187) Metaspace: 304K(512K)->304K(512K) NonClass: 296K(384K)->296K(384K) Class: 7K(128K)->7K(128K)
[2024-07-05T10:49:37.458-0700][info][gc             ] GC(187) Pause Full (G1 Compaction Pause) 4088M->4088M(4096M) 347.768ms
[2024-07-05T10:49:37.458-0700][info][gc,cpu         ] GC(187) User=1.36s Sys=0.00s Real=0.35s
[2024-07-05T10:49:37.458-0700][info][gc,marking     ] GC(183) Concurrent Mark Abort
[2024-07-05T10:49:37.458-0700][info][gc             ] GC(183) Concurrent Mark Cycle 732.434ms
[2024-07-05T10:49:37.458-0700][info][gc,start       ] GC(188) Pause Young (Normal) (G1 Evacuation Pause)
[2024-07-05T10:49:37.458-0700][info][gc,task        ] GC(188) Using 4 workers of 4 for evacuation
[2024-07-05T10:49:37.459-0700][info][gc,phases      ] GC(188)   Pre Evacuate Collection Set: 0.1ms
[2024-07-05T10:49:37.459-0700][info][gc,phases      ] GC(188)   Merge Heap Roots: 0.1ms
[2024-07-05T10:49:37.459-0700][info][gc,phases      ] GC(188)   Evacuate Collection Set: 0.2ms
[2024-07-05T10:49:37.459-0700][info][gc,phases      ] GC(188)   Post Evacuate Collection Set: 0.2ms
[2024-07-05T10:49:37.459-0700][info][gc,phases      ] GC(188)   Other: 0.1ms
[2024-07-05T10:49:37.459-0700][info][gc,heap        ] GC(188) Eden regions: 0->0(51)
[2024-07-05T10:49:37.459-0700][info][gc,heap        ] GC(188) Survivor regions: 0->0(0)
[2024-07-05T10:49:37.459-0700][info][gc,heap        ] GC(188) Old regions: 1018->1018
[2024-07-05T10:49:37.459-0700][info][gc,heap        ] GC(188) Archive regions: 2->2
[2024-07-05T10:49:37.459-0700][info][gc,heap        ] GC(188) Humongous regions: 4->4
[2024-07-05T10:49:37.459-0700][info][gc,metaspace   ] GC(188) Metaspace: 304K(512K)->304K(512K) NonClass: 296K(384K)->296K(384K) Class: 7K(128K)->7K(128K)
[2024-07-05T10:49:37.459-0700][info][gc             ] GC(188) Pause Young (Normal) (G1 Evacuation Pause) 4088M->4088M(4096M) 0.724ms
[2024-07-05T10:49:37.459-0700][info][gc,cpu         ] GC(188) User=0.00s Sys=0.01s Real=0.00s
[2024-07-05T10:49:37.459-0700][info][gc,ergo        ] Attempting full compaction
[2024-07-05T10:49:37.459-0700][info][gc,task        ] GC(189) Using 4 workers of 4 for full compaction
[2024-07-05T10:49:37.459-0700][info][gc,start       ] GC(189) Pause Full (G1 Compaction Pause)
[2024-07-05T10:49:37.459-0700][info][gc,phases,start] GC(189) Phase 1: Mark live objects
[2024-07-05T10:49:37.460-0700][info][gc,phases      ] GC(189) Phase 1: Mark live objects 0.758ms
[2024-07-05T10:49:37.460-0700][info][gc,phases,start] GC(189) Phase 2: Prepare for compaction
[2024-07-05T10:49:37.464-0700][info][gc,phases      ] GC(189) Phase 2: Prepare for compaction 3.993ms
[2024-07-05T10:49:37.464-0700][info][gc,phases,start] GC(189) Phase 3: Adjust pointers
[2024-07-05T10:49:37.468-0700][info][gc,phases      ] GC(189) Phase 3: Adjust pointers 4.101ms
[2024-07-05T10:49:37.468-0700][info][gc,phases,start] GC(189) Phase 4: Compact heap
[2024-07-05T10:49:37.471-0700][info][gc,phases      ] GC(189) Phase 4: Compact heap 2.977ms
[2024-07-05T10:49:37.474-0700][info][gc,heap        ] GC(189) Eden regions: 0->0(611)
[2024-07-05T10:49:37.474-0700][info][gc,heap        ] GC(189) Survivor regions: 0->0(0)
[2024-07-05T10:49:37.474-0700][info][gc,heap        ] GC(189) Old regions: 1018->4
[2024-07-05T10:49:37.474-0700][info][gc,heap        ] GC(189) Archive regions: 2->2
[2024-07-05T10:49:37.474-0700][info][gc,heap        ] GC(189) Humongous regions: 4->0
[2024-07-05T10:49:37.474-0700][info][gc,metaspace   ] GC(189) Metaspace: 304K(512K)->304K(512K) NonClass: 296K(384K)->296K(384K) Class: 7K(128K)->7K(128K)
[2024-07-05T10:49:37.474-0700][info][gc             ] GC(189) Pause Full (G1 Compaction Pause) 4088M->4M(4096M) 15.041ms
[2024-07-05T10:49:37.474-0700][info][gc,cpu         ] GC(189) User=0.05s Sys=0.00s Real=0.01s
[2024-07-05T10:49:37.476-0700][info][gc,heap,exit   ] Heap
[2024-07-05T10:49:37.476-0700][info][gc,heap,exit   ]  garbage-first heap   total 4194304K, used 8258K [0x0000000700000000, 0x0000000800000000)
[2024-07-05T10:49:37.476-0700][info][gc,heap,exit   ]   region size 4096K, 1 young (4096K), 0 survivors (0K)
[2024-07-05T10:49:37.476-0700][info][gc,heap,exit   ]  Metaspace       used 315K, committed 512K, reserved 1114112K
[2024-07-05T10:49:37.476-0700][info][gc,heap,exit   ]   class space    used 9K, committed 128K, reserved 1048576K
