[2024-07-05T15:28:14.865-0700][info][gc] Using G1
[2024-07-05T15:28:14.899-0700][info][gc,init] Version: 17.0.11+1-LTS (release)
[2024-07-05T15:28:14.899-0700][info][gc,init] CPUs: 4 total, 4 available
[2024-07-05T15:28:14.900-0700][info][gc,init] Memory: 15953M
[2024-07-05T15:28:14.900-0700][info][gc,init] Large Page Support: Disabled
[2024-07-05T15:28:14.900-0700][info][gc,init] NUMA Support: Disabled
[2024-07-05T15:28:14.900-0700][info][gc,init] Compressed Oops: Enabled (Zero based)
[2024-07-05T15:28:14.900-0700][info][gc,init] Heap Region Size: 2M
[2024-07-05T15:28:14.900-0700][info][gc,init] Heap Min Capacity: 8G
[2024-07-05T15:28:14.900-0700][info][gc,init] Heap Initial Capacity: 8G
[2024-07-05T15:28:14.900-0700][info][gc,init] Heap Max Capacity: 8G
[2024-07-05T15:28:14.900-0700][info][gc,init] Pre-touch: Disabled
[2024-07-05T15:28:14.900-0700][info][gc,init] Parallel Workers: 4
[2024-07-05T15:28:14.900-0700][info][gc,init] Concurrent Workers: 1
[2024-07-05T15:28:14.900-0700][info][gc,init] Concurrent Refinement Workers: 4
[2024-07-05T15:28:14.900-0700][info][gc,init] Periodic GC: Disabled
[2024-07-05T15:28:14.906-0700][info][gc,metaspace] CDS archive(s) mapped at: [0x00007f65b7000000-0x00007f65b7bbb000-0x00007f65b7bbb000), size 12300288, SharedBaseAddress: 0x00007f65b7000000, ArchiveRelocationMode: 1.
[2024-07-05T15:28:14.906-0700][info][gc,metaspace] Compressed class space mapped at: 0x00007f65b8000000-0x00007f65f8000000, reserved size: 1073741824
[2024-07-05T15:28:14.906-0700][info][gc,metaspace] Narrow klass base: 0x00007f65b7000000, Narrow klass shift: 0, Narrow klass range: 0x100000000
[2024-07-05T15:28:16.193-0700][info][gc,start    ] GC(0) Pause Young (Normal) (G1 Evacuation Pause)
[2024-07-05T15:28:16.194-0700][info][gc,task     ] GC(0) Using 4 workers of 4 for evacuation
[2024-07-05T15:28:16.313-0700][info][gc,phases   ] GC(0)   Pre Evacuate Collection Set: 0.4ms
[2024-07-05T15:28:16.314-0700][info][gc,phases   ] GC(0)   Merge Heap Roots: 0.2ms
[2024-07-05T15:28:16.314-0700][info][gc,phases   ] GC(0)   Evacuate Collection Set: 118.3ms
[2024-07-05T15:28:16.314-0700][info][gc,phases   ] GC(0)   Post Evacuate Collection Set: 0.9ms
[2024-07-05T15:28:16.314-0700][info][gc,phases   ] GC(0)   Other: 0.9ms
[2024-07-05T15:28:16.314-0700][info][gc,heap     ] GC(0) Eden regions: 204->0(178)
[2024-07-05T15:28:16.314-0700][info][gc,heap     ] GC(0) Survivor regions: 0->26(26)
[2024-07-05T15:28:16.314-0700][info][gc,heap     ] GC(0) Old regions: 0->77
[2024-07-05T15:28:16.314-0700][info][gc,heap     ] GC(0) Archive regions: 2->2
[2024-07-05T15:28:16.314-0700][info][gc,heap     ] GC(0) Humongous regions: 0->0
[2024-07-05T15:28:16.314-0700][info][gc,metaspace] GC(0) Metaspace: 184K(384K)->184K(384K) NonClass: 177K(256K)->177K(256K) Class: 6K(128K)->6K(128K)
[2024-07-05T15:28:16.314-0700][info][gc          ] GC(0) Pause Young (Normal) (G1 Evacuation Pause) 409M->207M(8192M) 120.847ms
[2024-07-05T15:28:16.314-0700][info][gc,cpu      ] GC(0) User=0.16s Sys=0.29s Real=0.12s
[2024-07-05T15:28:19.366-0700][info][gc,start    ] GC(1) Pause Young (Normal) (G1 Evacuation Pause)
[2024-07-05T15:28:19.366-0700][info][gc,task     ] GC(1) Using 4 workers of 4 for evacuation
[2024-07-05T15:28:19.548-0700][info][gc,phases   ] GC(1)   Pre Evacuate Collection Set: 0.4ms
[2024-07-05T15:28:19.549-0700][info][gc,phases   ] GC(1)   Merge Heap Roots: 0.2ms
[2024-07-05T15:28:19.549-0700][info][gc,phases   ] GC(1)   Evacuate Collection Set: 181.0ms
[2024-07-05T15:28:19.549-0700][info][gc,phases   ] GC(1)   Post Evacuate Collection Set: 0.7ms
[2024-07-05T15:28:19.549-0700][info][gc,phases   ] GC(1)   Other: 0.1ms
[2024-07-05T15:28:19.549-0700][info][gc,heap     ] GC(1) Eden regions: 178->0(178)
[2024-07-05T15:28:19.549-0700][info][gc,heap     ] GC(1) Survivor regions: 26->26(26)
[2024-07-05T15:28:19.549-0700][info][gc,heap     ] GC(1) Old regions: 77->215
[2024-07-05T15:28:19.549-0700][info][gc,heap     ] GC(1) Archive regions: 2->2
[2024-07-05T15:28:19.549-0700][info][gc,heap     ] GC(1) Humongous regions: 3->3
[2024-07-05T15:28:19.549-0700][info][gc,metaspace] GC(1) Metaspace: 223K(448K)->223K(448K) NonClass: 216K(320K)->216K(320K) Class: 6K(128K)->6K(128K)
[2024-07-05T15:28:19.549-0700][info][gc          ] GC(1) Pause Young (Normal) (G1 Evacuation Pause) 569M->489M(8192M) 183.062ms
[2024-07-05T15:28:19.549-0700][info][gc,cpu      ] GC(1) User=0.28s Sys=0.43s Real=0.18s
[2024-07-05T15:28:25.990-0700][info][gc,start    ] GC(2) Pause Young (Normal) (G1 Evacuation Pause)
[2024-07-05T15:28:25.990-0700][info][gc,task     ] GC(2) Using 4 workers of 4 for evacuation
[2024-07-05T15:28:26.256-0700][info][gc,mmu      ] GC(2) MMU target violated: 201.0ms (200.0ms/201.0ms)
[2024-07-05T15:28:26.257-0700][info][gc,phases   ] GC(2)   Pre Evacuate Collection Set: 0.4ms
[2024-07-05T15:28:26.257-0700][info][gc,phases   ] GC(2)   Merge Heap Roots: 0.3ms
[2024-07-05T15:28:26.257-0700][info][gc,phases   ] GC(2)   Evacuate Collection Set: 264.9ms
[2024-07-05T15:28:26.257-0700][info][gc,phases   ] GC(2)   Post Evacuate Collection Set: 0.6ms
[2024-07-05T15:28:26.257-0700][info][gc,phases   ] GC(2)   Other: 0.2ms
[2024-07-05T15:28:26.257-0700][info][gc,heap     ] GC(2) Eden regions: 178->0(178)
[2024-07-05T15:28:26.257-0700][info][gc,heap     ] GC(2) Survivor regions: 26->26(26)
[2024-07-05T15:28:26.257-0700][info][gc,heap     ] GC(2) Old regions: 215->375
[2024-07-05T15:28:26.257-0700][info][gc,heap     ] GC(2) Archive regions: 2->2
[2024-07-05T15:28:26.257-0700][info][gc,heap     ] GC(2) Humongous regions: 5->5
[2024-07-05T15:28:26.257-0700][info][gc,metaspace] GC(2) Metaspace: 258K(448K)->258K(448K) NonClass: 251K(320K)->251K(320K) Class: 6K(128K)->6K(128K)
[2024-07-05T15:28:26.257-0700][info][gc          ] GC(2) Pause Young (Normal) (G1 Evacuation Pause) 849M->813M(8192M) 266.401ms
[2024-07-05T15:28:26.257-0700][info][gc,cpu      ] GC(2) User=0.43s Sys=0.59s Real=0.27s
[2024-07-05T15:28:37.266-0700][info][gc,start    ] GC(3) Pause Young (Normal) (G1 Evacuation Pause)
[2024-07-05T15:28:37.266-0700][info][gc,task     ] GC(3) Using 4 workers of 4 for evacuation
[2024-07-05T15:28:37.452-0700][info][gc,phases   ] GC(3)   Pre Evacuate Collection Set: 0.4ms
[2024-07-05T15:28:37.452-0700][info][gc,phases   ] GC(3)   Merge Heap Roots: 0.3ms
[2024-07-05T15:28:37.452-0700][info][gc,phases   ] GC(3)   Evacuate Collection Set: 185.2ms
[2024-07-05T15:28:37.452-0700][info][gc,phases   ] GC(3)   Post Evacuate Collection Set: 0.5ms
[2024-07-05T15:28:37.452-0700][info][gc,phases   ] GC(3)   Other: 0.1ms
[2024-07-05T15:28:37.452-0700][info][gc,heap     ] GC(3) Eden regions: 178->0(178)
[2024-07-05T15:28:37.452-0700][info][gc,heap     ] GC(3) Survivor regions: 26->26(26)
[2024-07-05T15:28:37.452-0700][info][gc,heap     ] GC(3) Old regions: 375->527
[2024-07-05T15:28:37.452-0700][info][gc,heap     ] GC(3) Archive regions: 2->2
[2024-07-05T15:28:37.452-0700][info][gc,heap     ] GC(3) Humongous regions: 5->5
[2024-07-05T15:28:37.452-0700][info][gc,metaspace] GC(3) Metaspace: 260K(448K)->260K(448K) NonClass: 253K(320K)->253K(320K) Class: 6K(128K)->6K(128K)
[2024-07-05T15:28:37.452-0700][info][gc          ] GC(3) Pause Young (Normal) (G1 Evacuation Pause) 1169M->1116M(8192M) 186.599ms
[2024-07-05T15:28:37.452-0700][info][gc,cpu      ] GC(3) User=0.29s Sys=0.44s Real=0.18s
[2024-07-05T15:28:56.664-0700][info][gc,start    ] GC(4) Pause Young (Normal) (G1 Evacuation Pause)
[2024-07-05T15:28:56.664-0700][info][gc,task     ] GC(4) Using 4 workers of 4 for evacuation
[2024-07-05T15:28:56.874-0700][info][gc,mmu      ] GC(4) MMU target violated: 201.0ms (200.0ms/201.0ms)
[2024-07-05T15:28:56.874-0700][info][gc,phases   ] GC(4)   Pre Evacuate Collection Set: 0.4ms
[2024-07-05T15:28:56.874-0700][info][gc,phases   ] GC(4)   Merge Heap Roots: 0.2ms
[2024-07-05T15:28:56.874-0700][info][gc,phases   ] GC(4)   Evacuate Collection Set: 208.2ms
[2024-07-05T15:28:56.874-0700][info][gc,phases   ] GC(4)   Post Evacuate Collection Set: 0.5ms
[2024-07-05T15:28:56.874-0700][info][gc,phases   ] GC(4)   Other: 0.2ms
[2024-07-05T15:28:56.874-0700][info][gc,heap     ] GC(4) Eden regions: 178->0(178)
[2024-07-05T15:28:56.874-0700][info][gc,heap     ] GC(4) Survivor regions: 26->26(26)
[2024-07-05T15:28:56.874-0700][info][gc,heap     ] GC(4) Old regions: 527->695
[2024-07-05T15:28:56.874-0700][info][gc,heap     ] GC(4) Archive regions: 2->2
[2024-07-05T15:28:56.874-0700][info][gc,heap     ] GC(4) Humongous regions: 8->8
[2024-07-05T15:28:56.874-0700][info][gc,metaspace] GC(4) Metaspace: 265K(448K)->265K(448K) NonClass: 259K(320K)->259K(320K) Class: 6K(128K)->6K(128K)
[2024-07-05T15:28:56.874-0700][info][gc          ] GC(4) Pause Young (Normal) (G1 Evacuation Pause) 1478M->1459M(8192M) 209.494ms
[2024-07-05T15:28:56.874-0700][info][gc,cpu      ] GC(4) User=0.42s Sys=0.40s Real=0.20s
[2024-07-05T15:29:27.727-0700][info][gc,start    ] GC(5) Pause Young (Normal) (G1 Evacuation Pause)
[2024-07-05T15:29:27.727-0700][info][gc,task     ] GC(5) Using 4 workers of 4 for evacuation
[2024-07-05T15:29:27.953-0700][info][gc,mmu      ] GC(5) MMU target violated: 201.0ms (200.0ms/201.0ms)
[2024-07-05T15:29:27.953-0700][info][gc,phases   ] GC(5)   Pre Evacuate Collection Set: 0.4ms
[2024-07-05T15:29:27.953-0700][info][gc,phases   ] GC(5)   Merge Heap Roots: 0.2ms
[2024-07-05T15:29:27.953-0700][info][gc,phases   ] GC(5)   Evacuate Collection Set: 224.9ms
[2024-07-05T15:29:27.953-0700][info][gc,phases   ] GC(5)   Post Evacuate Collection Set: 0.6ms
[2024-07-05T15:29:27.953-0700][info][gc,phases   ] GC(5)   Other: 0.2ms
[2024-07-05T15:29:27.953-0700][info][gc,heap     ] GC(5) Eden regions: 178->0(178)
[2024-07-05T15:29:27.953-0700][info][gc,heap     ] GC(5) Survivor regions: 26->26(26)
[2024-07-05T15:29:27.953-0700][info][gc,heap     ] GC(5) Old regions: 695->859
[2024-07-05T15:29:27.953-0700][info][gc,heap     ] GC(5) Archive regions: 2->2
[2024-07-05T15:29:27.953-0700][info][gc,heap     ] GC(5) Humongous regions: 8->8
[2024-07-05T15:29:27.953-0700][info][gc,metaspace] GC(5) Metaspace: 266K(448K)->266K(448K) NonClass: 259K(320K)->259K(320K) Class: 6K(128K)->6K(128K)
[2024-07-05T15:29:27.953-0700][info][gc          ] GC(5) Pause Young (Normal) (G1 Evacuation Pause) 1815M->1786M(8192M) 226.474ms
[2024-07-05T15:29:27.953-0700][info][gc,cpu      ] GC(5) User=0.31s Sys=0.56s Real=0.22s
[2024-07-05T15:30:40.725-0700][info][gc,start    ] GC(6) Pause Young (Normal) (G1 Evacuation Pause)
[2024-07-05T15:30:40.725-0700][info][gc,task     ] GC(6) Using 4 workers of 4 for evacuation
[2024-07-05T15:30:40.944-0700][info][gc,mmu      ] GC(6) MMU target violated: 201.0ms (200.0ms/201.0ms)
[2024-07-05T15:30:40.944-0700][info][gc,phases   ] GC(6)   Pre Evacuate Collection Set: 0.5ms
[2024-07-05T15:30:40.944-0700][info][gc,phases   ] GC(6)   Merge Heap Roots: 0.3ms
[2024-07-05T15:30:40.944-0700][info][gc,phases   ] GC(6)   Evacuate Collection Set: 217.9ms
[2024-07-05T15:30:40.944-0700][info][gc,phases   ] GC(6)   Post Evacuate Collection Set: 0.5ms
[2024-07-05T15:30:40.944-0700][info][gc,phases   ] GC(6)   Other: 0.2ms
[2024-07-05T15:30:40.944-0700][info][gc,heap     ] GC(6) Eden regions: 178->0(178)
[2024-07-05T15:30:40.944-0700][info][gc,heap     ] GC(6) Survivor regions: 26->26(26)
[2024-07-05T15:30:40.944-0700][info][gc,heap     ] GC(6) Old regions: 859->1033
[2024-07-05T15:30:40.944-0700][info][gc,heap     ] GC(6) Archive regions: 2->2
[2024-07-05T15:30:40.944-0700][info][gc,heap     ] GC(6) Humongous regions: 12->12
[2024-07-05T15:30:40.944-0700][info][gc,metaspace] GC(6) Metaspace: 286K(512K)->286K(512K) NonClass: 279K(384K)->279K(384K) Class: 6K(128K)->6K(128K)
[2024-07-05T15:30:40.944-0700][info][gc          ] GC(6) Pause Young (Normal) (G1 Evacuation Pause) 2150M->2142M(8192M) 219.348ms
[2024-07-05T15:30:40.944-0700][info][gc,cpu      ] GC(6) User=0.45s Sys=0.41s Real=0.22s
[2024-07-05T15:32:14.729-0700][info][gc,start    ] GC(7) Pause Young (Normal) (G1 Evacuation Pause)
[2024-07-05T15:32:14.729-0700][info][gc,task     ] GC(7) Using 4 workers of 4 for evacuation
[2024-07-05T15:32:14.960-0700][info][gc,mmu      ] GC(7) MMU target violated: 201.0ms (200.0ms/201.0ms)
[2024-07-05T15:32:14.960-0700][info][gc,phases   ] GC(7)   Pre Evacuate Collection Set: 0.4ms
[2024-07-05T15:32:14.960-0700][info][gc,phases   ] GC(7)   Merge Heap Roots: 0.3ms
[2024-07-05T15:32:14.960-0700][info][gc,phases   ] GC(7)   Evacuate Collection Set: 229.8ms
[2024-07-05T15:32:14.960-0700][info][gc,phases   ] GC(7)   Post Evacuate Collection Set: 0.6ms
[2024-07-05T15:32:14.960-0700][info][gc,phases   ] GC(7)   Other: 0.2ms
[2024-07-05T15:32:14.960-0700][info][gc,heap     ] GC(7) Eden regions: 178->0(178)
[2024-07-05T15:32:14.960-0700][info][gc,heap     ] GC(7) Survivor regions: 26->26(26)
[2024-07-05T15:32:14.960-0700][info][gc,heap     ] GC(7) Old regions: 1033->1200
[2024-07-05T15:32:14.960-0700][info][gc,heap     ] GC(7) Archive regions: 2->2
[2024-07-05T15:32:14.960-0700][info][gc,heap     ] GC(7) Humongous regions: 12->12
[2024-07-05T15:32:14.960-0700][info][gc,metaspace] GC(7) Metaspace: 286K(512K)->286K(512K) NonClass: 279K(384K)->279K(384K) Class: 6K(128K)->6K(128K)
[2024-07-05T15:32:14.960-0700][info][gc          ] GC(7) Pause Young (Normal) (G1 Evacuation Pause) 2498M->2476M(8192M) 231.286ms
[2024-07-05T15:32:14.960-0700][info][gc,cpu      ] GC(7) User=0.39s Sys=0.51s Real=0.23s
[2024-07-05T15:34:07.848-0700][info][gc,start    ] GC(8) Pause Young (Normal) (G1 Evacuation Pause)
[2024-07-05T15:34:07.848-0700][info][gc,task     ] GC(8) Using 4 workers of 4 for evacuation
[2024-07-05T15:34:08.058-0700][info][gc,mmu      ] GC(8) MMU target violated: 201.0ms (200.0ms/201.0ms)
[2024-07-05T15:34:08.058-0700][info][gc,phases   ] GC(8)   Pre Evacuate Collection Set: 0.4ms
[2024-07-05T15:34:08.058-0700][info][gc,phases   ] GC(8)   Merge Heap Roots: 0.2ms
[2024-07-05T15:34:08.058-0700][info][gc,phases   ] GC(8)   Evacuate Collection Set: 208.8ms
[2024-07-05T15:34:08.058-0700][info][gc,phases   ] GC(8)   Post Evacuate Collection Set: 0.8ms
[2024-07-05T15:34:08.058-0700][info][gc,phases   ] GC(8)   Other: 0.2ms
[2024-07-05T15:34:08.058-0700][info][gc,heap     ] GC(8) Eden regions: 178->0(178)
[2024-07-05T15:34:08.058-0700][info][gc,heap     ] GC(8) Survivor regions: 26->26(26)
[2024-07-05T15:34:08.058-0700][info][gc,heap     ] GC(8) Old regions: 1200->1365
[2024-07-05T15:34:08.058-0700][info][gc,heap     ] GC(8) Archive regions: 2->2
[2024-07-05T15:34:08.058-0700][info][gc,heap     ] GC(8) Humongous regions: 12->12
[2024-07-05T15:34:08.058-0700][info][gc,metaspace] GC(8) Metaspace: 291K(512K)->291K(512K) NonClass: 284K(384K)->284K(384K) Class: 6K(128K)->6K(128K)
[2024-07-05T15:34:08.058-0700][info][gc          ] GC(8) Pause Young (Normal) (G1 Evacuation Pause) 2832M->2806M(8192M) 210.416ms
[2024-07-05T15:34:08.058-0700][info][gc,cpu      ] GC(8) User=0.41s Sys=0.41s Real=0.21s
[2024-07-05T15:36:23.880-0700][info][gc,start    ] GC(9) Pause Young (Normal) (G1 Evacuation Pause)
[2024-07-05T15:36:23.881-0700][info][gc,task     ] GC(9) Using 4 workers of 4 for evacuation
[2024-07-05T15:36:24.115-0700][info][gc,mmu      ] GC(9) MMU target violated: 201.0ms (200.0ms/201.0ms)
[2024-07-05T15:36:24.115-0700][info][gc,phases   ] GC(9)   Pre Evacuate Collection Set: 0.4ms
[2024-07-05T15:36:24.115-0700][info][gc,phases   ] GC(9)   Merge Heap Roots: 0.3ms
[2024-07-05T15:36:24.115-0700][info][gc,phases   ] GC(9)   Evacuate Collection Set: 233.2ms
[2024-07-05T15:36:24.115-0700][info][gc,phases   ] GC(9)   Post Evacuate Collection Set: 0.6ms
[2024-07-05T15:36:24.115-0700][info][gc,phases   ] GC(9)   Other: 0.2ms
[2024-07-05T15:36:24.115-0700][info][gc,heap     ] GC(9) Eden regions: 178->0(178)
[2024-07-05T15:36:24.115-0700][info][gc,heap     ] GC(9) Survivor regions: 26->26(26)
[2024-07-05T15:36:24.115-0700][info][gc,heap     ] GC(9) Old regions: 1365->1531
[2024-07-05T15:36:24.115-0700][info][gc,heap     ] GC(9) Archive regions: 2->2
[2024-07-05T15:36:24.115-0700][info][gc,heap     ] GC(9) Humongous regions: 12->12
[2024-07-05T15:36:24.115-0700][info][gc,metaspace] GC(9) Metaspace: 296K(512K)->296K(512K) NonClass: 289K(384K)->289K(384K) Class: 7K(128K)->7K(128K)
[2024-07-05T15:36:24.115-0700][info][gc          ] GC(9) Pause Young (Normal) (G1 Evacuation Pause) 3162M->3138M(8192M) 234.772ms
[2024-07-05T15:36:24.115-0700][info][gc,cpu      ] GC(9) User=0.36s Sys=0.56s Real=0.24s
[2024-07-05T15:38:43.520-0700][info][gc,start    ] GC(10) Pause Young (Normal) (G1 Evacuation Pause)
[2024-07-05T15:38:43.520-0700][info][gc,task     ] GC(10) Using 4 workers of 4 for evacuation
[2024-07-05T15:38:43.741-0700][info][gc,mmu      ] GC(10) MMU target violated: 201.0ms (200.0ms/201.0ms)
[2024-07-05T15:38:43.741-0700][info][gc,phases   ] GC(10)   Pre Evacuate Collection Set: 0.4ms
[2024-07-05T15:38:43.741-0700][info][gc,phases   ] GC(10)   Merge Heap Roots: 0.3ms
[2024-07-05T15:38:43.741-0700][info][gc,phases   ] GC(10)   Evacuate Collection Set: 219.6ms
[2024-07-05T15:38:43.741-0700][info][gc,phases   ] GC(10)   Post Evacuate Collection Set: 0.6ms
[2024-07-05T15:38:43.741-0700][info][gc,phases   ] GC(10)   Other: 0.2ms
[2024-07-05T15:38:43.741-0700][info][gc,heap     ] GC(10) Eden regions: 178->0(178)
[2024-07-05T15:38:43.741-0700][info][gc,heap     ] GC(10) Survivor regions: 26->26(26)
[2024-07-05T15:38:43.741-0700][info][gc,heap     ] GC(10) Old regions: 1531->1703
[2024-07-05T15:38:43.741-0700][info][gc,heap     ] GC(10) Archive regions: 2->2
[2024-07-05T15:38:43.741-0700][info][gc,heap     ] GC(10) Humongous regions: 18->18
[2024-07-05T15:38:43.741-0700][info][gc,metaspace] GC(10) Metaspace: 297K(512K)->297K(512K) NonClass: 289K(384K)->289K(384K) Class: 7K(128K)->7K(128K)
[2024-07-05T15:38:43.741-0700][info][gc          ] GC(10) Pause Young (Normal) (G1 Evacuation Pause) 3506M->3495M(8192M) 220.997ms
[2024-07-05T15:38:43.741-0700][info][gc,cpu      ] GC(10) User=0.42s Sys=0.44s Real=0.22s
[2024-07-05T15:41:34.905-0700][info][gc,start    ] GC(11) Pause Young (Normal) (G1 Evacuation Pause)
[2024-07-05T15:41:34.905-0700][info][gc,task     ] GC(11) Using 4 workers of 4 for evacuation
[2024-07-05T15:41:35.114-0700][info][gc,mmu      ] GC(11) MMU target violated: 201.0ms (200.0ms/201.0ms)
[2024-07-05T15:41:35.114-0700][info][gc,phases   ] GC(11)   Pre Evacuate Collection Set: 0.5ms
[2024-07-05T15:41:35.114-0700][info][gc,phases   ] GC(11)   Merge Heap Roots: 0.3ms
[2024-07-05T15:41:35.114-0700][info][gc,phases   ] GC(11)   Evacuate Collection Set: 207.8ms
[2024-07-05T15:41:35.114-0700][info][gc,phases   ] GC(11)   Post Evacuate Collection Set: 0.5ms
[2024-07-05T15:41:35.114-0700][info][gc,phases   ] GC(11)   Other: 0.2ms
[2024-07-05T15:41:35.114-0700][info][gc,heap     ] GC(11) Eden regions: 178->0(178)
[2024-07-05T15:41:35.114-0700][info][gc,heap     ] GC(11) Survivor regions: 26->26(26)
[2024-07-05T15:41:35.114-0700][info][gc,heap     ] GC(11) Old regions: 1703->1872
[2024-07-05T15:41:35.114-0700][info][gc,heap     ] GC(11) Archive regions: 2->2
[2024-07-05T15:41:35.114-0700][info][gc,heap     ] GC(11) Humongous regions: 18->18
[2024-07-05T15:41:35.114-0700][info][gc,metaspace] GC(11) Metaspace: 297K(512K)->297K(512K) NonClass: 289K(384K)->289K(384K) Class: 7K(128K)->7K(128K)
[2024-07-05T15:41:35.114-0700][info][gc          ] GC(11) Pause Young (Normal) (G1 Evacuation Pause) 3851M->3832M(8192M) 209.368ms
[2024-07-05T15:41:35.114-0700][info][gc,cpu      ] GC(11) User=0.41s Sys=0.42s Real=0.20s
[2024-07-05T15:44:42.545-0700][info][gc,start    ] GC(12) Pause Young (Concurrent Start) (G1 Evacuation Pause)
[2024-07-05T15:44:42.545-0700][info][gc,task     ] GC(12) Using 4 workers of 4 for evacuation
[2024-07-05T15:44:42.783-0700][info][gc,mmu      ] GC(12) MMU target violated: 201.0ms (200.0ms/201.0ms)
[2024-07-05T15:44:42.784-0700][info][gc,phases   ] GC(12)   Pre Evacuate Collection Set: 0.4ms
[2024-07-05T15:44:42.784-0700][info][gc,phases   ] GC(12)   Merge Heap Roots: 0.4ms
[2024-07-05T15:44:42.784-0700][info][gc,phases   ] GC(12)   Evacuate Collection Set: 236.5ms
[2024-07-05T15:44:42.784-0700][info][gc,phases   ] GC(12)   Post Evacuate Collection Set: 0.6ms
[2024-07-05T15:44:42.784-0700][info][gc,phases   ] GC(12)   Other: 0.4ms
[2024-07-05T15:44:42.784-0700][info][gc,heap     ] GC(12) Eden regions: 178->0(178)
[2024-07-05T15:44:42.784-0700][info][gc,heap     ] GC(12) Survivor regions: 26->26(26)
[2024-07-05T15:44:42.784-0700][info][gc,heap     ] GC(12) Old regions: 1872->2041
[2024-07-05T15:44:42.784-0700][info][gc,heap     ] GC(12) Archive regions: 2->2
[2024-07-05T15:44:42.784-0700][info][gc,heap     ] GC(12) Humongous regions: 18->18
[2024-07-05T15:44:42.784-0700][info][gc,metaspace] GC(12) Metaspace: 297K(512K)->297K(512K) NonClass: 289K(384K)->289K(384K) Class: 7K(128K)->7K(128K)
[2024-07-05T15:44:42.784-0700][info][gc          ] GC(12) Pause Young (Concurrent Start) (G1 Evacuation Pause) 4188M->4170M(8192M) 238.396ms
[2024-07-05T15:44:42.784-0700][info][gc,cpu      ] GC(12) User=0.35s Sys=0.56s Real=0.24s
[2024-07-05T15:44:42.784-0700][info][gc          ] GC(13) Concurrent Mark Cycle
[2024-07-05T15:44:42.784-0700][info][gc,marking  ] GC(13) Concurrent Clear Claimed Marks
[2024-07-05T15:44:42.784-0700][info][gc,marking  ] GC(13) Concurrent Clear Claimed Marks 0.009ms
[2024-07-05T15:44:42.784-0700][info][gc,marking  ] GC(13) Concurrent Scan Root Regions
[2024-07-05T15:44:42.805-0700][info][gc,marking  ] GC(13) Concurrent Scan Root Regions 21.631ms
[2024-07-05T15:44:42.805-0700][info][gc,marking  ] GC(13) Concurrent Mark
[2024-07-05T15:44:42.805-0700][info][gc,marking  ] GC(13) Concurrent Mark From Roots
[2024-07-05T15:44:42.805-0700][info][gc,task     ] GC(13) Using 1 workers of 1 for marking
[2024-07-05T15:44:43.264-0700][info][gc,marking  ] GC(13) Concurrent Mark From Roots 458.999ms
[2024-07-05T15:44:43.264-0700][info][gc,marking  ] GC(13) Concurrent Preclean
[2024-07-05T15:44:43.265-0700][info][gc,marking  ] GC(13) Concurrent Preclean 0.074ms
[2024-07-05T15:44:43.268-0700][info][gc,start    ] GC(13) Pause Remark
[2024-07-05T15:44:43.269-0700][info][gc          ] GC(13) Pause Remark 4176M->4152M(8192M) 1.370ms
[2024-07-05T15:44:43.269-0700][info][gc,cpu      ] GC(13) User=0.01s Sys=0.00s Real=0.00s
[2024-07-05T15:44:43.269-0700][info][gc,marking  ] GC(13) Concurrent Mark 463.948ms
[2024-07-05T15:44:43.269-0700][info][gc,marking  ] GC(13) Concurrent Rebuild Remembered Sets
[2024-07-05T15:44:43.574-0700][info][gc,marking  ] GC(13) Concurrent Rebuild Remembered Sets 305.002ms
[2024-07-05T15:44:43.575-0700][info][gc,start    ] GC(13) Pause Cleanup
[2024-07-05T15:44:43.576-0700][info][gc          ] GC(13) Pause Cleanup 4152M->4152M(8192M) 1.389ms
[2024-07-05T15:44:43.576-0700][info][gc,cpu      ] GC(13) User=0.00s Sys=0.00s Real=0.01s
[2024-07-05T15:44:43.576-0700][info][gc,marking  ] GC(13) Concurrent Cleanup for Next Mark
[2024-07-05T15:44:43.655-0700][info][gc,marking  ] GC(13) Concurrent Cleanup for Next Mark 78.396ms
[2024-07-05T15:44:43.655-0700][info][gc          ] GC(13) Concurrent Mark Cycle 870.987ms
[2024-07-05T15:48:07.264-0700][info][gc,start    ] GC(14) Pause Young (Prepare Mixed) (G1 Evacuation Pause)
[2024-07-05T15:48:07.264-0700][info][gc,task     ] GC(14) Using 4 workers of 4 for evacuation
[2024-07-05T15:48:07.474-0700][info][gc,mmu      ] GC(14) MMU target violated: 201.0ms (200.0ms/201.0ms)
[2024-07-05T15:48:07.474-0700][info][gc,phases   ] GC(14)   Pre Evacuate Collection Set: 0.4ms
[2024-07-05T15:48:07.474-0700][info][gc,phases   ] GC(14)   Merge Heap Roots: 0.3ms
[2024-07-05T15:48:07.474-0700][info][gc,phases   ] GC(14)   Evacuate Collection Set: 208.5ms
[2024-07-05T15:48:07.474-0700][info][gc,phases   ] GC(14)   Post Evacuate Collection Set: 0.6ms
[2024-07-05T15:48:07.474-0700][info][gc,phases   ] GC(14)   Other: 0.2ms
[2024-07-05T15:48:07.474-0700][info][gc,heap     ] GC(14) Eden regions: 178->0(178)
[2024-07-05T15:48:07.474-0700][info][gc,heap     ] GC(14) Survivor regions: 26->26(26)
[2024-07-05T15:48:07.474-0700][info][gc,heap     ] GC(14) Old regions: 2041->2210
[2024-07-05T15:48:07.474-0700][info][gc,heap     ] GC(14) Archive regions: 2->2
[2024-07-05T15:48:07.474-0700][info][gc,heap     ] GC(14) Humongous regions: 6->6
[2024-07-05T15:48:07.474-0700][info][gc,metaspace] GC(14) Metaspace: 297K(512K)->297K(512K) NonClass: 289K(384K)->289K(384K) Class: 7K(128K)->7K(128K)
[2024-07-05T15:48:07.474-0700][info][gc          ] GC(14) Pause Young (Prepare Mixed) (G1 Evacuation Pause) 4502M->4485M(8192M) 209.931ms
[2024-07-05T15:48:07.474-0700][info][gc,cpu      ] GC(14) User=0.35s Sys=0.47s Real=0.20s
[2024-07-05T15:51:43.716-0700][info][gc,start    ] GC(15) Pause Young (Mixed) (G1 Evacuation Pause)
[2024-07-05T15:51:43.716-0700][info][gc,task     ] GC(15) Using 4 workers of 4 for evacuation
[2024-07-05T15:51:43.940-0700][info][gc,mmu      ] GC(15) MMU target violated: 201.0ms (200.0ms/201.0ms)
[2024-07-05T15:51:43.940-0700][info][gc,phases   ] GC(15)   Pre Evacuate Collection Set: 0.4ms
[2024-07-05T15:51:43.940-0700][info][gc,phases   ] GC(15)   Merge Heap Roots: 0.3ms
[2024-07-05T15:51:43.940-0700][info][gc,phases   ] GC(15)   Evacuate Collection Set: 222.6ms
[2024-07-05T15:51:43.940-0700][info][gc,phases   ] GC(15)   Post Evacuate Collection Set: 0.9ms
[2024-07-05T15:51:43.940-0700][info][gc,phases   ] GC(15)   Other: 0.2ms
[2024-07-05T15:51:43.940-0700][info][gc,heap     ] GC(15) Eden regions: 178->0(178)
[2024-07-05T15:51:43.940-0700][info][gc,heap     ] GC(15) Survivor regions: 26->26(26)
[2024-07-05T15:51:43.940-0700][info][gc,heap     ] GC(15) Old regions: 2210->2269
[2024-07-05T15:51:43.940-0700][info][gc,heap     ] GC(15) Archive regions: 2->2
[2024-07-05T15:51:43.940-0700][info][gc,heap     ] GC(15) Humongous regions: 6->6
[2024-07-05T15:51:43.940-0700][info][gc,metaspace] GC(15) Metaspace: 297K(512K)->297K(512K) NonClass: 289K(384K)->289K(384K) Class: 7K(128K)->7K(128K)
[2024-07-05T15:51:43.940-0700][info][gc          ] GC(15) Pause Young (Mixed) (G1 Evacuation Pause) 4841M->4603M(8192M) 224.422ms
[2024-07-05T15:51:43.940-0700][info][gc,cpu      ] GC(15) User=0.42s Sys=0.45s Real=0.22s
[2024-07-05T15:55:18.474-0700][info][gc,start    ] GC(16) Pause Young (Mixed) (G1 Evacuation Pause)
[2024-07-05T15:55:18.474-0700][info][gc,task     ] GC(16) Using 4 workers of 4 for evacuation
[2024-07-05T15:55:18.635-0700][info][gc,phases   ] GC(16)   Pre Evacuate Collection Set: 0.5ms
[2024-07-05T15:55:18.635-0700][info][gc,phases   ] GC(16)   Merge Heap Roots: 0.3ms
[2024-07-05T15:55:18.635-0700][info][gc,phases   ] GC(16)   Evacuate Collection Set: 159.7ms
[2024-07-05T15:55:18.635-0700][info][gc,phases   ] GC(16)   Post Evacuate Collection Set: 0.7ms
[2024-07-05T15:55:18.635-0700][info][gc,phases   ] GC(16)   Other: 0.1ms
[2024-07-05T15:55:18.635-0700][info][gc,heap     ] GC(16) Eden regions: 178->0(178)
[2024-07-05T15:55:18.635-0700][info][gc,heap     ] GC(16) Survivor regions: 26->26(26)
[2024-07-05T15:55:18.635-0700][info][gc,heap     ] GC(16) Old regions: 2269->2340
[2024-07-05T15:55:18.635-0700][info][gc,heap     ] GC(16) Archive regions: 2->2
[2024-07-05T15:55:18.635-0700][info][gc,heap     ] GC(16) Humongous regions: 14->14
[2024-07-05T15:55:18.635-0700][info][gc,metaspace] GC(16) Metaspace: 297K(512K)->297K(512K) NonClass: 289K(384K)->289K(384K) Class: 7K(128K)->7K(128K)
[2024-07-05T15:55:18.635-0700][info][gc          ] GC(16) Pause Young (Mixed) (G1 Evacuation Pause) 4975M->4760M(8192M) 161.262ms
[2024-07-05T15:55:18.635-0700][info][gc,cpu      ] GC(16) User=0.36s Sys=0.25s Real=0.17s
[2024-07-05T15:59:01.200-0700][info][gc,start    ] GC(17) Pause Young (Mixed) (G1 Evacuation Pause)
[2024-07-05T15:59:01.200-0700][info][gc,task     ] GC(17) Using 4 workers of 4 for evacuation
[2024-07-05T15:59:01.391-0700][info][gc,phases   ] GC(17)   Pre Evacuate Collection Set: 0.5ms
[2024-07-05T15:59:01.391-0700][info][gc,phases   ] GC(17)   Merge Heap Roots: 0.3ms
[2024-07-05T15:59:01.391-0700][info][gc,phases   ] GC(17)   Evacuate Collection Set: 189.7ms
[2024-07-05T15:59:01.391-0700][info][gc,phases   ] GC(17)   Post Evacuate Collection Set: 0.8ms
[2024-07-05T15:59:01.391-0700][info][gc,phases   ] GC(17)   Other: 0.1ms
[2024-07-05T15:59:01.391-0700][info][gc,heap     ] GC(17) Eden regions: 178->0(178)
[2024-07-05T15:59:01.391-0700][info][gc,heap     ] GC(17) Survivor regions: 26->26(26)
[2024-07-05T15:59:01.391-0700][info][gc,heap     ] GC(17) Old regions: 2340->2414
[2024-07-05T15:59:01.391-0700][info][gc,heap     ] GC(17) Archive regions: 2->2
[2024-07-05T15:59:01.391-0700][info][gc,heap     ] GC(17) Humongous regions: 14->14
[2024-07-05T15:59:01.391-0700][info][gc,metaspace] GC(17) Metaspace: 297K(512K)->297K(512K) NonClass: 289K(384K)->289K(384K) Class: 7K(128K)->7K(128K)
[2024-07-05T15:59:01.391-0700][info][gc          ] GC(17) Pause Young (Mixed) (G1 Evacuation Pause) 5116M->4908M(8192M) 191.520ms
[2024-07-05T15:59:01.391-0700][info][gc,cpu      ] GC(17) User=0.44s Sys=0.27s Real=0.19s
[2024-07-05T16:02:45.897-0700][info][gc,start    ] GC(18) Pause Young (Mixed) (G1 Evacuation Pause)
[2024-07-05T16:02:45.897-0700][info][gc,task     ] GC(18) Using 4 workers of 4 for evacuation
[2024-07-05T16:02:46.095-0700][info][gc,phases   ] GC(18)   Pre Evacuate Collection Set: 0.5ms
[2024-07-05T16:02:46.095-0700][info][gc,phases   ] GC(18)   Merge Heap Roots: 0.4ms
[2024-07-05T16:02:46.095-0700][info][gc,phases   ] GC(18)   Evacuate Collection Set: 196.4ms
[2024-07-05T16:02:46.095-0700][info][gc,phases   ] GC(18)   Post Evacuate Collection Set: 0.8ms
[2024-07-05T16:02:46.095-0700][info][gc,phases   ] GC(18)   Other: 0.1ms
[2024-07-05T16:02:46.095-0700][info][gc,heap     ] GC(18) Eden regions: 178->0(178)
[2024-07-05T16:02:46.095-0700][info][gc,heap     ] GC(18) Survivor regions: 26->26(26)
[2024-07-05T16:02:46.095-0700][info][gc,heap     ] GC(18) Old regions: 2414->2497
[2024-07-05T16:02:46.095-0700][info][gc,heap     ] GC(18) Archive regions: 2->2
[2024-07-05T16:02:46.095-0700][info][gc,heap     ] GC(18) Humongous regions: 14->14
[2024-07-05T16:02:46.095-0700][info][gc,metaspace] GC(18) Metaspace: 297K(512K)->297K(512K) NonClass: 289K(384K)->289K(384K) Class: 7K(128K)->7K(128K)
[2024-07-05T16:02:46.095-0700][info][gc          ] GC(18) Pause Young (Mixed) (G1 Evacuation Pause) 5264M->5074M(8192M) 198.353ms
[2024-07-05T16:02:46.095-0700][info][gc,cpu      ] GC(18) User=0.42s Sys=0.32s Real=0.20s
[2024-07-05T16:06:31.401-0700][info][gc,start    ] GC(19) Pause Young (Mixed) (G1 Evacuation Pause)
[2024-07-05T16:06:31.401-0700][info][gc,task     ] GC(19) Using 4 workers of 4 for evacuation
[2024-07-05T16:06:31.608-0700][info][gc,mmu      ] GC(19) MMU target violated: 201.0ms (200.0ms/201.0ms)
[2024-07-05T16:06:31.608-0700][info][gc,phases   ] GC(19)   Pre Evacuate Collection Set: 0.4ms
[2024-07-05T16:06:31.608-0700][info][gc,phases   ] GC(19)   Merge Heap Roots: 0.4ms
[2024-07-05T16:06:31.608-0700][info][gc,phases   ] GC(19)   Evacuate Collection Set: 204.6ms
[2024-07-05T16:06:31.608-0700][info][gc,phases   ] GC(19)   Post Evacuate Collection Set: 0.8ms
[2024-07-05T16:06:31.608-0700][info][gc,phases   ] GC(19)   Other: 0.2ms
[2024-07-05T16:06:31.608-0700][info][gc,heap     ] GC(19) Eden regions: 178->0(178)
[2024-07-05T16:06:31.608-0700][info][gc,heap     ] GC(19) Survivor regions: 26->26(26)
[2024-07-05T16:06:31.608-0700][info][gc,heap     ] GC(19) Old regions: 2497->2582
[2024-07-05T16:06:31.608-0700][info][gc,heap     ] GC(19) Archive regions: 2->2
[2024-07-05T16:06:31.608-0700][info][gc,heap     ] GC(19) Humongous regions: 14->14
[2024-07-05T16:06:31.608-0700][info][gc,metaspace] GC(19) Metaspace: 297K(512K)->297K(512K) NonClass: 289K(384K)->289K(384K) Class: 7K(128K)->7K(128K)
[2024-07-05T16:06:31.608-0700][info][gc          ] GC(19) Pause Young (Mixed) (G1 Evacuation Pause) 5430M->5245M(8192M) 206.444ms
[2024-07-05T16:06:31.608-0700][info][gc,cpu      ] GC(19) User=0.46s Sys=0.33s Real=0.21s
[2024-07-05T16:10:07.592-0700][info][gc,start    ] GC(20) Pause Young (Mixed) (G1 Evacuation Pause)
[2024-07-05T16:10:07.592-0700][info][gc,task     ] GC(20) Using 4 workers of 4 for evacuation
[2024-07-05T16:10:07.817-0700][info][gc,mmu      ] GC(20) MMU target violated: 201.0ms (200.0ms/201.0ms)
[2024-07-05T16:10:07.817-0700][info][gc,phases   ] GC(20)   Pre Evacuate Collection Set: 0.4ms
[2024-07-05T16:10:07.817-0700][info][gc,phases   ] GC(20)   Merge Heap Roots: 0.5ms
[2024-07-05T16:10:07.817-0700][info][gc,phases   ] GC(20)   Evacuate Collection Set: 222.8ms
[2024-07-05T16:10:07.817-0700][info][gc,phases   ] GC(20)   Post Evacuate Collection Set: 0.8ms
[2024-07-05T16:10:07.817-0700][info][gc,phases   ] GC(20)   Other: 0.2ms
[2024-07-05T16:10:07.817-0700][info][gc,heap     ] GC(20) Eden regions: 178->0(178)
[2024-07-05T16:10:07.817-0700][info][gc,heap     ] GC(20) Survivor regions: 26->26(26)
[2024-07-05T16:10:07.817-0700][info][gc,heap     ] GC(20) Old regions: 2582->2674
[2024-07-05T16:10:07.817-0700][info][gc,heap     ] GC(20) Archive regions: 2->2
[2024-07-05T16:10:07.817-0700][info][gc,heap     ] GC(20) Humongous regions: 14->14
[2024-07-05T16:10:07.817-0700][info][gc,metaspace] GC(20) Metaspace: 297K(512K)->297K(512K) NonClass: 289K(384K)->289K(384K) Class: 7K(128K)->7K(128K)
[2024-07-05T16:10:07.817-0700][info][gc          ] GC(20) Pause Young (Mixed) (G1 Evacuation Pause) 5601M->5428M(8192M) 224.841ms
[2024-07-05T16:10:07.817-0700][info][gc,cpu      ] GC(20) User=0.47s Sys=0.36s Real=0.23s
[2024-07-05T16:13:34.534-0700][info][gc,start    ] GC(21) Pause Young (Mixed) (G1 Evacuation Pause)
[2024-07-05T16:13:34.534-0700][info][gc,task     ] GC(21) Using 4 workers of 4 for evacuation
[2024-07-05T16:13:34.764-0700][info][gc,mmu      ] GC(21) MMU target violated: 201.0ms (200.0ms/201.0ms)
[2024-07-05T16:13:34.764-0700][info][gc,phases   ] GC(21)   Pre Evacuate Collection Set: 0.5ms
[2024-07-05T16:13:34.764-0700][info][gc,phases   ] GC(21)   Merge Heap Roots: 0.5ms
[2024-07-05T16:13:34.764-0700][info][gc,phases   ] GC(21)   Evacuate Collection Set: 227.7ms
[2024-07-05T16:13:34.764-0700][info][gc,phases   ] GC(21)   Post Evacuate Collection Set: 1.3ms
[2024-07-05T16:13:34.764-0700][info][gc,phases   ] GC(21)   Other: 0.3ms
[2024-07-05T16:13:34.764-0700][info][gc,heap     ] GC(21) Eden regions: 178->0(178)
[2024-07-05T16:13:34.764-0700][info][gc,heap     ] GC(21) Survivor regions: 26->26(26)
[2024-07-05T16:13:34.764-0700][info][gc,heap     ] GC(21) Old regions: 2674->2772
[2024-07-05T16:13:34.764-0700][info][gc,heap     ] GC(21) Archive regions: 2->2
[2024-07-05T16:13:34.764-0700][info][gc,heap     ] GC(21) Humongous regions: 14->14
[2024-07-05T16:13:34.764-0700][info][gc,metaspace] GC(21) Metaspace: 297K(512K)->297K(512K) NonClass: 289K(384K)->289K(384K) Class: 7K(128K)->7K(128K)
[2024-07-05T16:13:34.764-0700][info][gc          ] GC(21) Pause Young (Mixed) (G1 Evacuation Pause) 5784M->5625M(8192M) 230.377ms
[2024-07-05T16:13:34.764-0700][info][gc,cpu      ] GC(21) User=0.48s Sys=0.39s Real=0.24s
[2024-07-05T16:16:46.520-0700][info][gc,start    ] GC(22) Pause Young (Mixed) (G1 Evacuation Pause)
[2024-07-05T16:16:46.520-0700][info][gc,task     ] GC(22) Using 4 workers of 4 for evacuation
[2024-07-05T16:16:46.742-0700][info][gc,mmu      ] GC(22) MMU target violated: 201.0ms (200.0ms/201.0ms)
[2024-07-05T16:16:46.742-0700][info][gc,phases   ] GC(22)   Pre Evacuate Collection Set: 0.4ms
[2024-07-05T16:16:46.742-0700][info][gc,phases   ] GC(22)   Merge Heap Roots: 0.5ms
[2024-07-05T16:16:46.742-0700][info][gc,phases   ] GC(22)   Evacuate Collection Set: 220.6ms
[2024-07-05T16:16:46.742-0700][info][gc,phases   ] GC(22)   Post Evacuate Collection Set: 0.8ms
[2024-07-05T16:16:46.742-0700][info][gc,phases   ] GC(22)   Other: 0.2ms
[2024-07-05T16:16:46.742-0700][info][gc,heap     ] GC(22) Eden regions: 178->0(178)
[2024-07-05T16:16:46.742-0700][info][gc,heap     ] GC(22) Survivor regions: 26->26(26)
[2024-07-05T16:16:46.742-0700][info][gc,heap     ] GC(22) Old regions: 2772->2877
[2024-07-05T16:16:46.742-0700][info][gc,heap     ] GC(22) Archive regions: 2->2
[2024-07-05T16:16:46.742-0700][info][gc,heap     ] GC(22) Humongous regions: 14->14
[2024-07-05T16:16:46.742-0700][info][gc,metaspace] GC(22) Metaspace: 300K(512K)->300K(512K) NonClass: 292K(384K)->292K(384K) Class: 7K(128K)->7K(128K)
[2024-07-05T16:16:46.742-0700][info][gc          ] GC(22) Pause Young (Mixed) (G1 Evacuation Pause) 5981M->5834M(8192M) 222.506ms
[2024-07-05T16:16:46.742-0700][info][gc,cpu      ] GC(22) User=0.48s Sys=0.37s Real=0.22s
[2024-07-05T16:19:17.392-0700][info][gc,start    ] GC(23) Pause Young (Concurrent Start) (G1 Humongous Allocation)
[2024-07-05T16:19:17.392-0700][info][gc,task     ] GC(23) Using 4 workers of 4 for evacuation
[2024-07-05T16:19:17.488-0700][info][gc,phases   ] GC(23)   Pre Evacuate Collection Set: 0.4ms
[2024-07-05T16:19:17.488-0700][info][gc,phases   ] GC(23)   Merge Heap Roots: 0.3ms
[2024-07-05T16:19:17.488-0700][info][gc,phases   ] GC(23)   Evacuate Collection Set: 94.2ms
[2024-07-05T16:19:17.488-0700][info][gc,phases   ] GC(23)   Post Evacuate Collection Set: 0.6ms
[2024-07-05T16:19:17.488-0700][info][gc,phases   ] GC(23)   Other: 0.4ms
[2024-07-05T16:19:17.488-0700][info][gc,heap     ] GC(23) Eden regions: 134->0(178)
[2024-07-05T16:19:17.488-0700][info][gc,heap     ] GC(23) Survivor regions: 26->26(26)
[2024-07-05T16:19:17.488-0700][info][gc,heap     ] GC(23) Old regions: 2877->3007
[2024-07-05T16:19:17.488-0700][info][gc,heap     ] GC(23) Archive regions: 2->2
[2024-07-05T16:19:17.488-0700][info][gc,heap     ] GC(23) Humongous regions: 14->14
[2024-07-05T16:19:17.488-0700][info][gc,metaspace] GC(23) Metaspace: 300K(512K)->300K(512K) NonClass: 292K(384K)->292K(384K) Class: 7K(128K)->7K(128K)
[2024-07-05T16:19:17.488-0700][info][gc          ] GC(23) Pause Young (Concurrent Start) (G1 Humongous Allocation) 6101M->6094M(8192M) 96.020ms
[2024-07-05T16:19:17.488-0700][info][gc,cpu      ] GC(23) User=0.25s Sys=0.10s Real=0.10s
[2024-07-05T16:19:17.488-0700][info][gc          ] GC(24) Concurrent Mark Cycle
[2024-07-05T16:19:17.488-0700][info][gc,marking  ] GC(24) Concurrent Clear Claimed Marks
[2024-07-05T16:19:17.488-0700][info][gc,marking  ] GC(24) Concurrent Clear Claimed Marks 0.008ms
[2024-07-05T16:19:17.488-0700][info][gc,marking  ] GC(24) Concurrent Scan Root Regions
[2024-07-05T16:19:17.506-0700][info][gc,marking  ] GC(24) Concurrent Scan Root Regions 17.889ms
[2024-07-05T16:19:17.506-0700][info][gc,marking  ] GC(24) Concurrent Mark
[2024-07-05T16:19:17.506-0700][info][gc,marking  ] GC(24) Concurrent Mark From Roots
[2024-07-05T16:19:17.506-0700][info][gc,task     ] GC(24) Using 1 workers of 1 for marking
[2024-07-05T16:19:18.160-0700][info][gc,marking  ] GC(24) Concurrent Mark From Roots 653.744ms
[2024-07-05T16:19:18.160-0700][info][gc,marking  ] GC(24) Concurrent Preclean
[2024-07-05T16:19:18.160-0700][info][gc,marking  ] GC(24) Concurrent Preclean 0.077ms
[2024-07-05T16:19:18.196-0700][info][gc,start    ] GC(24) Pause Remark
[2024-07-05T16:19:18.198-0700][info][gc          ] GC(24) Pause Remark 6121M->6109M(8192M) 1.938ms
[2024-07-05T16:19:18.198-0700][info][gc,cpu      ] GC(24) User=0.01s Sys=0.00s Real=0.00s
[2024-07-05T16:19:18.198-0700][info][gc,marking  ] GC(24) Concurrent Mark 691.832ms
[2024-07-05T16:19:18.198-0700][info][gc,marking  ] GC(24) Concurrent Rebuild Remembered Sets
[2024-07-05T16:19:18.810-0700][info][gc,marking  ] GC(24) Concurrent Rebuild Remembered Sets 611.217ms
[2024-07-05T16:19:18.812-0700][info][gc,start    ] GC(24) Pause Cleanup
[2024-07-05T16:19:18.814-0700][info][gc          ] GC(24) Pause Cleanup 6109M->6109M(8192M) 2.015ms
[2024-07-05T16:19:18.814-0700][info][gc,cpu      ] GC(24) User=0.01s Sys=0.00s Real=0.00s
[2024-07-05T16:19:18.814-0700][info][gc,marking  ] GC(24) Concurrent Cleanup for Next Mark
[2024-07-05T16:19:18.868-0700][info][gc,marking  ] GC(24) Concurrent Cleanup for Next Mark 53.683ms
[2024-07-05T16:19:18.868-0700][info][gc          ] GC(24) Concurrent Mark Cycle 1379.227ms
[2024-07-05T16:22:19.742-0700][info][gc,start    ] GC(25) Pause Young (Prepare Mixed) (G1 Evacuation Pause)
[2024-07-05T16:22:19.743-0700][info][gc,task     ] GC(25) Using 4 workers of 4 for evacuation
[2024-07-05T16:22:19.999-0700][info][gc,mmu      ] GC(25) MMU target violated: 201.0ms (200.0ms/201.0ms)
[2024-07-05T16:22:19.999-0700][info][gc,phases   ] GC(25)   Pre Evacuate Collection Set: 0.5ms
[2024-07-05T16:22:19.999-0700][info][gc,phases   ] GC(25)   Merge Heap Roots: 0.3ms
[2024-07-05T16:22:19.999-0700][info][gc,phases   ] GC(25)   Evacuate Collection Set: 254.7ms
[2024-07-05T16:22:19.999-0700][info][gc,phases   ] GC(25)   Post Evacuate Collection Set: 1.0ms
[2024-07-05T16:22:19.999-0700][info][gc,phases   ] GC(25)   Other: 0.3ms
[2024-07-05T16:22:19.999-0700][info][gc,heap     ] GC(25) Eden regions: 178->0(178)
[2024-07-05T16:22:19.999-0700][info][gc,heap     ] GC(25) Survivor regions: 26->26(26)
[2024-07-05T16:22:19.999-0700][info][gc,heap     ] GC(25) Old regions: 3007->3181
[2024-07-05T16:22:19.999-0700][info][gc,heap     ] GC(25) Archive regions: 2->2
[2024-07-05T16:22:19.999-0700][info][gc,heap     ] GC(25) Humongous regions: 20->20
[2024-07-05T16:22:19.999-0700][info][gc,metaspace] GC(25) Metaspace: 300K(512K)->300K(512K) NonClass: 292K(384K)->292K(384K) Class: 7K(128K)->7K(128K)
[2024-07-05T16:22:19.999-0700][info][gc          ] GC(25) Pause Young (Prepare Mixed) (G1 Evacuation Pause) 6462M->6455M(8192M) 256.943ms
[2024-07-05T16:22:19.999-0700][info][gc,cpu      ] GC(25) User=0.47s Sys=0.52s Real=0.26s
[2024-07-05T16:25:32.891-0700][info][gc,start    ] GC(26) Pause Young (Mixed) (G1 Evacuation Pause)
[2024-07-05T16:25:32.891-0700][info][gc,task     ] GC(26) Using 4 workers of 4 for evacuation
[2024-07-05T16:25:33.214-0700][info][gc,mmu      ] GC(26) MMU target violated: 201.0ms (200.0ms/201.0ms)
[2024-07-05T16:25:33.214-0700][info][gc,phases   ] GC(26)   Pre Evacuate Collection Set: 0.7ms
[2024-07-05T16:25:33.214-0700][info][gc,phases   ] GC(26)   Merge Heap Roots: 0.6ms
[2024-07-05T16:25:33.214-0700][info][gc,phases   ] GC(26)   Evacuate Collection Set: 321.0ms
[2024-07-05T16:25:33.214-0700][info][gc,phases   ] GC(26)   Post Evacuate Collection Set: 0.9ms
[2024-07-05T16:25:33.214-0700][info][gc,phases   ] GC(26)   Other: 0.2ms
[2024-07-05T16:25:33.214-0700][info][gc,heap     ] GC(26) Eden regions: 178->0(178)
[2024-07-05T16:25:33.214-0700][info][gc,heap     ] GC(26) Survivor regions: 26->26(26)
[2024-07-05T16:25:33.214-0700][info][gc,heap     ] GC(26) Old regions: 3181->3231
[2024-07-05T16:25:33.214-0700][info][gc,heap     ] GC(26) Archive regions: 2->2
[2024-07-05T16:25:33.214-0700][info][gc,heap     ] GC(26) Humongous regions: 20->20
[2024-07-05T16:25:33.214-0700][info][gc,metaspace] GC(26) Metaspace: 300K(512K)->300K(512K) NonClass: 292K(384K)->292K(384K) Class: 7K(128K)->7K(128K)
[2024-07-05T16:25:33.214-0700][info][gc          ] GC(26) Pause Young (Mixed) (G1 Evacuation Pause) 6811M->6554M(8192M) 323.463ms
[2024-07-05T16:25:33.214-0700][info][gc,cpu      ] GC(26) User=0.62s Sys=0.62s Real=0.32s
[2024-07-05T16:29:34.832-0700][info][gc,start    ] GC(27) Pause Young (Mixed) (G1 Evacuation Pause)
[2024-07-05T16:29:34.833-0700][info][gc,task     ] GC(27) Using 4 workers of 4 for evacuation
[2024-07-05T16:29:35.027-0700][info][gc,phases   ] GC(27)   Pre Evacuate Collection Set: 0.7ms
[2024-07-05T16:29:35.027-0700][info][gc,phases   ] GC(27)   Merge Heap Roots: 0.6ms
[2024-07-05T16:29:35.027-0700][info][gc,phases   ] GC(27)   Evacuate Collection Set: 192.0ms
[2024-07-05T16:29:35.027-0700][info][gc,phases   ] GC(27)   Post Evacuate Collection Set: 0.8ms
[2024-07-05T16:29:35.027-0700][info][gc,phases   ] GC(27)   Other: 0.2ms
[2024-07-05T16:29:35.027-0700][info][gc,heap     ] GC(27) Eden regions: 178->0(178)
[2024-07-05T16:29:35.027-0700][info][gc,heap     ] GC(27) Survivor regions: 26->26(26)
[2024-07-05T16:29:35.027-0700][info][gc,heap     ] GC(27) Old regions: 3231->3291
[2024-07-05T16:29:35.027-0700][info][gc,heap     ] GC(27) Archive regions: 2->2
[2024-07-05T16:29:35.027-0700][info][gc,heap     ] GC(27) Humongous regions: 20->20
[2024-07-05T16:29:35.027-0700][info][gc,metaspace] GC(27) Metaspace: 300K(512K)->300K(512K) NonClass: 292K(384K)->292K(384K) Class: 7K(128K)->7K(128K)
[2024-07-05T16:29:35.027-0700][info][gc          ] GC(27) Pause Young (Mixed) (G1 Evacuation Pause) 6910M->6675M(8192M) 194.318ms
[2024-07-05T16:29:35.027-0700][info][gc,cpu      ] GC(27) User=0.47s Sys=0.26s Real=0.20s
[2024-07-05T16:33:53.051-0700][info][gc,start    ] GC(28) Pause Young (Mixed) (G1 Evacuation Pause)
[2024-07-05T16:33:53.051-0700][info][gc,task     ] GC(28) Using 4 workers of 4 for evacuation
[2024-07-05T16:33:53.266-0700][info][gc,mmu      ] GC(28) MMU target violated: 201.0ms (200.0ms/201.0ms)
[2024-07-05T16:33:53.266-0700][info][gc,phases   ] GC(28)   Pre Evacuate Collection Set: 0.5ms
[2024-07-05T16:33:53.266-0700][info][gc,phases   ] GC(28)   Merge Heap Roots: 0.6ms
[2024-07-05T16:33:53.266-0700][info][gc,phases   ] GC(28)   Evacuate Collection Set: 213.5ms
[2024-07-05T16:33:53.266-0700][info][gc,phases   ] GC(28)   Post Evacuate Collection Set: 0.8ms
[2024-07-05T16:33:53.266-0700][info][gc,phases   ] GC(28)   Other: 0.2ms
[2024-07-05T16:33:53.266-0700][info][gc,heap     ] GC(28) Eden regions: 178->0(178)
[2024-07-05T16:33:53.266-0700][info][gc,heap     ] GC(28) Survivor regions: 26->26(26)
[2024-07-05T16:33:53.266-0700][info][gc,heap     ] GC(28) Old regions: 3291->3360
[2024-07-05T16:33:53.266-0700][info][gc,heap     ] GC(28) Archive regions: 2->2
[2024-07-05T16:33:53.266-0700][info][gc,heap     ] GC(28) Humongous regions: 20->20
[2024-07-05T16:33:53.266-0700][info][gc,metaspace] GC(28) Metaspace: 300K(512K)->300K(512K) NonClass: 292K(384K)->292K(384K) Class: 7K(128K)->7K(128K)
[2024-07-05T16:33:53.266-0700][info][gc          ] GC(28) Pause Young (Mixed) (G1 Evacuation Pause) 7031M->6813M(8192M) 215.684ms
[2024-07-05T16:33:53.266-0700][info][gc,cpu      ] GC(28) User=0.52s Sys=0.28s Real=0.22s
[2024-07-05T16:38:05.691-0700][info][gc,start    ] GC(29) Pause Young (Mixed) (G1 Evacuation Pause)
[2024-07-05T16:38:05.691-0700][info][gc,task     ] GC(29) Using 4 workers of 4 for evacuation
[2024-07-05T16:38:05.954-0700][info][gc,mmu      ] GC(29) MMU target violated: 201.0ms (200.0ms/201.0ms)
[2024-07-05T16:38:05.954-0700][info][gc,phases   ] GC(29)   Pre Evacuate Collection Set: 0.5ms
[2024-07-05T16:38:05.954-0700][info][gc,phases   ] GC(29)   Merge Heap Roots: 0.6ms
[2024-07-05T16:38:05.954-0700][info][gc,phases   ] GC(29)   Evacuate Collection Set: 260.8ms
[2024-07-05T16:38:05.954-0700][info][gc,phases   ] GC(29)   Post Evacuate Collection Set: 1.3ms
[2024-07-05T16:38:05.954-0700][info][gc,phases   ] GC(29)   Other: 0.2ms
[2024-07-05T16:38:05.954-0700][info][gc,heap     ] GC(29) Eden regions: 178->0(178)
[2024-07-05T16:38:05.954-0700][info][gc,heap     ] GC(29) Survivor regions: 26->26(26)
[2024-07-05T16:38:05.954-0700][info][gc,heap     ] GC(29) Old regions: 3360->3438
[2024-07-05T16:38:05.954-0700][info][gc,heap     ] GC(29) Archive regions: 2->2
[2024-07-05T16:38:05.954-0700][info][gc,heap     ] GC(29) Humongous regions: 20->20
[2024-07-05T16:38:05.954-0700][info][gc,metaspace] GC(29) Metaspace: 300K(512K)->300K(512K) NonClass: 292K(384K)->292K(384K) Class: 7K(128K)->7K(128K)
[2024-07-05T16:38:05.954-0700][info][gc          ] GC(29) Pause Young (Mixed) (G1 Evacuation Pause) 7169M->6968M(8192M) 263.500ms
[2024-07-05T16:38:05.954-0700][info][gc,cpu      ] GC(29) User=0.63s Sys=0.35s Real=0.26s
[2024-07-05T16:38:19.730-0700][info][gc,heap,exit] Heap
[2024-07-05T16:38:19.730-0700][info][gc,heap,exit]  garbage-first heap   total 8388608K, used 7148403K [0x0000000600000000, 0x0000000800000000)
[2024-07-05T16:38:19.730-0700][info][gc,heap,exit]   region size 2048K, 33 young (67584K), 26 survivors (53248K)
[2024-07-05T16:38:19.730-0700][info][gc,heap,exit]  Metaspace       used 301K, committed 512K, reserved 1114112K
[2024-07-05T16:38:19.730-0700][info][gc,heap,exit]   class space    used 7K, committed 128K, reserved 1048576K
