[2024-07-05T13:24:45.557-0700][info][gc] Using G1
[2024-07-05T13:24:45.607-0700][info][gc,init] Version: 17.0.11+1-LTS (release)
[2024-07-05T13:24:45.607-0700][info][gc,init] CPUs: 4 total, 4 available
[2024-07-05T13:24:45.607-0700][info][gc,init] Memory: 15953M
[2024-07-05T13:24:45.607-0700][info][gc,init] Large Page Support: Disabled
[2024-07-05T13:24:45.607-0700][info][gc,init] NUMA Support: Disabled
[2024-07-05T13:24:45.607-0700][info][gc,init] Compressed Oops: Enabled (Zero based)
[2024-07-05T13:24:45.607-0700][info][gc,init] Heap Region Size: 1M
[2024-07-05T13:24:45.607-0700][info][gc,init] Heap Min Capacity: 8G
[2024-07-05T13:24:45.607-0700][info][gc,init] Heap Initial Capacity: 8G
[2024-07-05T13:24:45.607-0700][info][gc,init] Heap Max Capacity: 8G
[2024-07-05T13:24:45.607-0700][info][gc,init] Pre-touch: Disabled
[2024-07-05T13:24:45.607-0700][info][gc,init] Parallel Workers: 4
[2024-07-05T13:24:45.607-0700][info][gc,init] Concurrent Workers: 1
[2024-07-05T13:24:45.607-0700][info][gc,init] Concurrent Refinement Workers: 4
[2024-07-05T13:24:45.607-0700][info][gc,init] Periodic GC: Disabled
[2024-07-05T13:24:45.613-0700][info][gc,metaspace] CDS archive(s) mapped at: [0x00007f541b000000-0x00007f541bbbb000-0x00007f541bbbb000), size 12300288, SharedBaseAddress: 0x00007f541b000000, ArchiveRelocationMode: 1.
[2024-07-05T13:24:45.613-0700][info][gc,metaspace] Compressed class space mapped at: 0x00007f541c000000-0x00007f545c000000, reserved size: 1073741824
[2024-07-05T13:24:45.613-0700][info][gc,metaspace] Narrow klass base: 0x00007f541b000000, Narrow klass shift: 0, Narrow klass range: 0x100000000
[2024-07-05T13:24:46.845-0700][info][gc,start    ] GC(0) Pause Young (Normal) (G1 Evacuation Pause)
[2024-07-05T13:24:46.846-0700][info][gc,task     ] GC(0) Using 4 workers of 4 for evacuation
[2024-07-05T13:24:46.971-0700][info][gc,phases   ] GC(0)   Pre Evacuate Collection Set: 0.7ms
[2024-07-05T13:24:46.971-0700][info][gc,phases   ] GC(0)   Merge Heap Roots: 0.4ms
[2024-07-05T13:24:46.971-0700][info][gc,phases   ] GC(0)   Evacuate Collection Set: 122.9ms
[2024-07-05T13:24:46.971-0700][info][gc,phases   ] GC(0)   Post Evacuate Collection Set: 1.1ms
[2024-07-05T13:24:46.971-0700][info][gc,phases   ] GC(0)   Other: 0.9ms
[2024-07-05T13:24:46.971-0700][info][gc,heap     ] GC(0) Eden regions: 409->0(357)
[2024-07-05T13:24:46.971-0700][info][gc,heap     ] GC(0) Survivor regions: 0->52(52)
[2024-07-05T13:24:46.971-0700][info][gc,heap     ] GC(0) Old regions: 0->195
[2024-07-05T13:24:46.971-0700][info][gc,heap     ] GC(0) Archive regions: 2->2
[2024-07-05T13:24:46.971-0700][info][gc,heap     ] GC(0) Humongous regions: 2->2
[2024-07-05T13:24:46.971-0700][info][gc,metaspace] GC(0) Metaspace: 186K(384K)->186K(384K) NonClass: 179K(256K)->179K(256K) Class: 6K(128K)->6K(128K)
[2024-07-05T13:24:46.971-0700][info][gc          ] GC(0) Pause Young (Normal) (G1 Evacuation Pause) 411M->249M(8192M) 126.123ms
[2024-07-05T13:24:46.971-0700][info][gc,cpu      ] GC(0) User=0.25s Sys=0.23s Real=0.12s
[2024-07-05T13:24:49.947-0700][info][gc,start    ] GC(1) Pause Young (Normal) (G1 Evacuation Pause)
[2024-07-05T13:24:49.947-0700][info][gc,task     ] GC(1) Using 4 workers of 4 for evacuation
[2024-07-05T13:24:50.153-0700][info][gc,phases   ] GC(1)   Pre Evacuate Collection Set: 0.8ms
[2024-07-05T13:24:50.153-0700][info][gc,phases   ] GC(1)   Merge Heap Roots: 0.3ms
[2024-07-05T13:24:50.153-0700][info][gc,phases   ] GC(1)   Evacuate Collection Set: 203.8ms
[2024-07-05T13:24:50.153-0700][info][gc,phases   ] GC(1)   Post Evacuate Collection Set: 0.9ms
[2024-07-05T13:24:50.153-0700][info][gc,phases   ] GC(1)   Other: 0.2ms
[2024-07-05T13:24:50.153-0700][info][gc,heap     ] GC(1) Eden regions: 357->0(357)
[2024-07-05T13:24:50.153-0700][info][gc,heap     ] GC(1) Survivor regions: 52->52(52)
[2024-07-05T13:24:50.153-0700][info][gc,heap     ] GC(1) Old regions: 195->505
[2024-07-05T13:24:50.153-0700][info][gc,heap     ] GC(1) Archive regions: 2->2
[2024-07-05T13:24:50.153-0700][info][gc,heap     ] GC(1) Humongous regions: 7->7
[2024-07-05T13:24:50.153-0700][info][gc,metaspace] GC(1) Metaspace: 223K(448K)->223K(448K) NonClass: 216K(320K)->216K(320K) Class: 6K(128K)->6K(128K)
[2024-07-05T13:24:50.154-0700][info][gc          ] GC(1) Pause Young (Normal) (G1 Evacuation Pause) 611M->564M(8192M) 206.149ms
[2024-07-05T13:24:50.154-0700][info][gc,cpu      ] GC(1) User=0.29s Sys=0.49s Real=0.20s
[2024-07-05T13:24:56.588-0700][info][gc,start    ] GC(2) Pause Young (Normal) (G1 Evacuation Pause)
[2024-07-05T13:24:56.588-0700][info][gc,task     ] GC(2) Using 4 workers of 4 for evacuation
[2024-07-05T13:24:56.835-0700][info][gc,phases   ] GC(2)   Pre Evacuate Collection Set: 0.6ms
[2024-07-05T13:24:56.835-0700][info][gc,phases   ] GC(2)   Merge Heap Roots: 0.4ms
[2024-07-05T13:24:56.835-0700][info][gc,phases   ] GC(2)   Evacuate Collection Set: 245.3ms
[2024-07-05T13:24:56.835-0700][info][gc,phases   ] GC(2)   Post Evacuate Collection Set: 0.8ms
[2024-07-05T13:24:56.835-0700][info][gc,phases   ] GC(2)   Other: 0.2ms
[2024-07-05T13:24:56.835-0700][info][gc,heap     ] GC(2) Eden regions: 357->0(357)
[2024-07-05T13:24:56.835-0700][info][gc,heap     ] GC(2) Survivor regions: 52->52(52)
[2024-07-05T13:24:56.835-0700][info][gc,heap     ] GC(2) Old regions: 505->830
[2024-07-05T13:24:56.835-0700][info][gc,heap     ] GC(2) Archive regions: 2->2
[2024-07-05T13:24:56.835-0700][info][gc,heap     ] GC(2) Humongous regions: 11->11
[2024-07-05T13:24:56.835-0700][info][gc,metaspace] GC(2) Metaspace: 259K(448K)->259K(448K) NonClass: 252K(320K)->252K(320K) Class: 6K(128K)->6K(128K)
[2024-07-05T13:24:56.835-0700][info][gc          ] GC(2) Pause Young (Normal) (G1 Evacuation Pause) 925M->893M(8192M) 247.436ms
[2024-07-05T13:24:56.835-0700][info][gc,cpu      ] GC(2) User=0.40s Sys=0.56s Real=0.25s
[2024-07-05T13:25:09.030-0700][info][gc,start    ] GC(3) Pause Young (Normal) (G1 Evacuation Pause)
[2024-07-05T13:25:09.030-0700][info][gc,task     ] GC(3) Using 4 workers of 4 for evacuation
[2024-07-05T13:25:09.269-0700][info][gc,phases   ] GC(3)   Pre Evacuate Collection Set: 0.6ms
[2024-07-05T13:25:09.269-0700][info][gc,phases   ] GC(3)   Merge Heap Roots: 0.5ms
[2024-07-05T13:25:09.269-0700][info][gc,phases   ] GC(3)   Evacuate Collection Set: 235.3ms
[2024-07-05T13:25:09.269-0700][info][gc,phases   ] GC(3)   Post Evacuate Collection Set: 1.6ms
[2024-07-05T13:25:09.269-0700][info][gc,phases   ] GC(3)   Other: 0.2ms
[2024-07-05T13:25:09.269-0700][info][gc,heap     ] GC(3) Eden regions: 357->0(357)
[2024-07-05T13:25:09.269-0700][info][gc,heap     ] GC(3) Survivor regions: 52->52(52)
[2024-07-05T13:25:09.269-0700][info][gc,heap     ] GC(3) Old regions: 830->1133
[2024-07-05T13:25:09.269-0700][info][gc,heap     ] GC(3) Archive regions: 2->2
[2024-07-05T13:25:09.269-0700][info][gc,heap     ] GC(3) Humongous regions: 11->11
[2024-07-05T13:25:09.269-0700][info][gc,metaspace] GC(3) Metaspace: 261K(448K)->261K(448K) NonClass: 254K(320K)->254K(320K) Class: 6K(128K)->6K(128K)
[2024-07-05T13:25:09.269-0700][info][gc          ] GC(3) Pause Young (Normal) (G1 Evacuation Pause) 1250M->1196M(8192M) 238.361ms
[2024-07-05T13:25:09.269-0700][info][gc,cpu      ] GC(3) User=0.42s Sys=0.49s Real=0.24s
[2024-07-05T13:25:29.540-0700][info][gc,start    ] GC(4) Pause Young (Normal) (G1 Evacuation Pause)
[2024-07-05T13:25:29.540-0700][info][gc,task     ] GC(4) Using 4 workers of 4 for evacuation
[2024-07-05T13:25:29.763-0700][info][gc,phases   ] GC(4)   Pre Evacuate Collection Set: 0.6ms
[2024-07-05T13:25:29.763-0700][info][gc,phases   ] GC(4)   Merge Heap Roots: 0.4ms
[2024-07-05T13:25:29.763-0700][info][gc,phases   ] GC(4)   Evacuate Collection Set: 221.0ms
[2024-07-05T13:25:29.763-0700][info][gc,phases   ] GC(4)   Post Evacuate Collection Set: 0.7ms
[2024-07-05T13:25:29.763-0700][info][gc,phases   ] GC(4)   Other: 0.1ms
[2024-07-05T13:25:29.763-0700][info][gc,heap     ] GC(4) Eden regions: 357->0(357)
[2024-07-05T13:25:29.763-0700][info][gc,heap     ] GC(4) Survivor regions: 52->52(52)
[2024-07-05T13:25:29.763-0700][info][gc,heap     ] GC(4) Old regions: 1133->1465
[2024-07-05T13:25:29.763-0700][info][gc,heap     ] GC(4) Archive regions: 2->2
[2024-07-05T13:25:29.763-0700][info][gc,heap     ] GC(4) Humongous regions: 16->16
[2024-07-05T13:25:29.763-0700][info][gc,metaspace] GC(4) Metaspace: 266K(448K)->266K(448K) NonClass: 260K(320K)->260K(320K) Class: 6K(128K)->6K(128K)
[2024-07-05T13:25:29.763-0700][info][gc          ] GC(4) Pause Young (Normal) (G1 Evacuation Pause) 1558M->1533M(8192M) 222.885ms
[2024-07-05T13:25:29.763-0700][info][gc,cpu      ] GC(4) User=0.37s Sys=0.49s Real=0.23s
[2024-07-05T13:25:55.529-0700][info][gc,start    ] GC(5) Pause Young (Normal) (G1 Evacuation Pause)
[2024-07-05T13:25:55.529-0700][info][gc,task     ] GC(5) Using 4 workers of 4 for evacuation
[2024-07-05T13:25:55.736-0700][info][gc,phases   ] GC(5)   Pre Evacuate Collection Set: 0.7ms
[2024-07-05T13:25:55.737-0700][info][gc,phases   ] GC(5)   Merge Heap Roots: 0.7ms
[2024-07-05T13:25:55.737-0700][info][gc,phases   ] GC(5)   Evacuate Collection Set: 205.5ms
[2024-07-05T13:25:55.737-0700][info][gc,phases   ] GC(5)   Post Evacuate Collection Set: 0.7ms
[2024-07-05T13:25:55.737-0700][info][gc,phases   ] GC(5)   Other: 0.1ms
[2024-07-05T13:25:55.737-0700][info][gc,heap     ] GC(5) Eden regions: 357->0(357)
[2024-07-05T13:25:55.737-0700][info][gc,heap     ] GC(5) Survivor regions: 52->52(52)
[2024-07-05T13:25:55.737-0700][info][gc,heap     ] GC(5) Old regions: 1465->1790
[2024-07-05T13:25:55.737-0700][info][gc,heap     ] GC(5) Archive regions: 2->2
[2024-07-05T13:25:55.737-0700][info][gc,heap     ] GC(5) Humongous regions: 16->16
[2024-07-05T13:25:55.737-0700][info][gc,metaspace] GC(5) Metaspace: 267K(448K)->267K(448K) NonClass: 260K(320K)->260K(320K) Class: 6K(128K)->6K(128K)
[2024-07-05T13:25:55.737-0700][info][gc          ] GC(5) Pause Young (Normal) (G1 Evacuation Pause) 1890M->1858M(8192M) 207.847ms
[2024-07-05T13:25:55.737-0700][info][gc,cpu      ] GC(5) User=0.30s Sys=0.49s Real=0.21s
[2024-07-05T13:26:24.406-0700][info][gc,start    ] GC(6) Pause Young (Normal) (G1 Evacuation Pause)
[2024-07-05T13:26:24.406-0700][info][gc,task     ] GC(6) Using 4 workers of 4 for evacuation
[2024-07-05T13:26:24.675-0700][info][gc,phases   ] GC(6)   Pre Evacuate Collection Set: 0.6ms
[2024-07-05T13:26:24.675-0700][info][gc,phases   ] GC(6)   Merge Heap Roots: 0.4ms
[2024-07-05T13:26:24.675-0700][info][gc,phases   ] GC(6)   Evacuate Collection Set: 267.5ms
[2024-07-05T13:26:24.675-0700][info][gc,phases   ] GC(6)   Post Evacuate Collection Set: 0.7ms
[2024-07-05T13:26:24.675-0700][info][gc,phases   ] GC(6)   Other: 0.2ms
[2024-07-05T13:26:24.675-0700][info][gc,heap     ] GC(6) Eden regions: 357->0(357)
[2024-07-05T13:26:24.675-0700][info][gc,heap     ] GC(6) Survivor regions: 52->52(52)
[2024-07-05T13:26:24.675-0700][info][gc,heap     ] GC(6) Old regions: 1790->2136
[2024-07-05T13:26:24.675-0700][info][gc,heap     ] GC(6) Archive regions: 2->2
[2024-07-05T13:26:24.675-0700][info][gc,heap     ] GC(6) Humongous regions: 23->23
[2024-07-05T13:26:24.675-0700][info][gc,metaspace] GC(6) Metaspace: 287K(512K)->287K(512K) NonClass: 280K(384K)->280K(384K) Class: 6K(128K)->6K(128K)
[2024-07-05T13:26:24.675-0700][info][gc          ] GC(6) Pause Young (Normal) (G1 Evacuation Pause) 2222M->2211M(8192M) 269.457ms
[2024-07-05T13:26:24.675-0700][info][gc,cpu      ] GC(6) User=0.46s Sys=0.56s Real=0.27s
[2024-07-05T13:27:06.689-0700][info][gc,start    ] GC(7) Pause Young (Normal) (G1 Evacuation Pause)
[2024-07-05T13:27:06.690-0700][info][gc,task     ] GC(7) Using 4 workers of 4 for evacuation
[2024-07-05T13:27:06.897-0700][info][gc,phases   ] GC(7)   Pre Evacuate Collection Set: 0.6ms
[2024-07-05T13:27:06.897-0700][info][gc,phases   ] GC(7)   Merge Heap Roots: 0.4ms
[2024-07-05T13:27:06.897-0700][info][gc,phases   ] GC(7)   Evacuate Collection Set: 205.9ms
[2024-07-05T13:27:06.897-0700][info][gc,phases   ] GC(7)   Post Evacuate Collection Set: 0.7ms
[2024-07-05T13:27:06.897-0700][info][gc,phases   ] GC(7)   Other: 0.1ms
[2024-07-05T13:27:06.897-0700][info][gc,heap     ] GC(7) Eden regions: 357->0(357)
[2024-07-05T13:27:06.897-0700][info][gc,heap     ] GC(7) Survivor regions: 52->52(52)
[2024-07-05T13:27:06.897-0700][info][gc,heap     ] GC(7) Old regions: 2136->2471
[2024-07-05T13:27:06.897-0700][info][gc,heap     ] GC(7) Archive regions: 2->2
[2024-07-05T13:27:06.897-0700][info][gc,heap     ] GC(7) Humongous regions: 23->23
[2024-07-05T13:27:06.897-0700][info][gc,metaspace] GC(7) Metaspace: 287K(512K)->287K(512K) NonClass: 280K(384K)->280K(384K) Class: 6K(128K)->6K(128K)
[2024-07-05T13:27:06.897-0700][info][gc          ] GC(7) Pause Young (Normal) (G1 Evacuation Pause) 2568M->2546M(8192M) 207.799ms
[2024-07-05T13:27:06.897-0700][info][gc,cpu      ] GC(7) User=0.41s Sys=0.39s Real=0.21s
[2024-07-05T13:28:03.207-0700][info][gc,start    ] GC(8) Pause Young (Normal) (G1 Evacuation Pause)
[2024-07-05T13:28:03.207-0700][info][gc,task     ] GC(8) Using 4 workers of 4 for evacuation
[2024-07-05T13:28:03.420-0700][info][gc,phases   ] GC(8)   Pre Evacuate Collection Set: 0.6ms
[2024-07-05T13:28:03.420-0700][info][gc,phases   ] GC(8)   Merge Heap Roots: 0.4ms
[2024-07-05T13:28:03.420-0700][info][gc,phases   ] GC(8)   Evacuate Collection Set: 211.9ms
[2024-07-05T13:28:03.420-0700][info][gc,phases   ] GC(8)   Post Evacuate Collection Set: 0.8ms
[2024-07-05T13:28:03.420-0700][info][gc,phases   ] GC(8)   Other: 0.1ms
[2024-07-05T13:28:03.420-0700][info][gc,heap     ] GC(8) Eden regions: 357->0(357)
[2024-07-05T13:28:03.420-0700][info][gc,heap     ] GC(8) Survivor regions: 52->52(52)
[2024-07-05T13:28:03.420-0700][info][gc,heap     ] GC(8) Old regions: 2471->2802
[2024-07-05T13:28:03.420-0700][info][gc,heap     ] GC(8) Archive regions: 2->2
[2024-07-05T13:28:03.420-0700][info][gc,heap     ] GC(8) Humongous regions: 23->23
[2024-07-05T13:28:03.420-0700][info][gc,metaspace] GC(8) Metaspace: 292K(512K)->292K(512K) NonClass: 285K(384K)->285K(384K) Class: 6K(128K)->6K(128K)
[2024-07-05T13:28:03.420-0700][info][gc          ] GC(8) Pause Young (Normal) (G1 Evacuation Pause) 2903M->2877M(8192M) 213.870ms
[2024-07-05T13:28:03.420-0700][info][gc,cpu      ] GC(8) User=0.32s Sys=0.50s Real=0.21s
[2024-07-05T13:29:10.323-0700][info][gc,start    ] GC(9) Pause Young (Normal) (G1 Evacuation Pause)
[2024-07-05T13:29:10.323-0700][info][gc,task     ] GC(9) Using 4 workers of 4 for evacuation
[2024-07-05T13:29:10.549-0700][info][gc,phases   ] GC(9)   Pre Evacuate Collection Set: 0.6ms
[2024-07-05T13:29:10.549-0700][info][gc,phases   ] GC(9)   Merge Heap Roots: 0.6ms
[2024-07-05T13:29:10.549-0700][info][gc,phases   ] GC(9)   Evacuate Collection Set: 223.5ms
[2024-07-05T13:29:10.549-0700][info][gc,phases   ] GC(9)   Post Evacuate Collection Set: 0.7ms
[2024-07-05T13:29:10.549-0700][info][gc,phases   ] GC(9)   Other: 0.1ms
[2024-07-05T13:29:10.549-0700][info][gc,heap     ] GC(9) Eden regions: 357->0(357)
[2024-07-05T13:29:10.549-0700][info][gc,heap     ] GC(9) Survivor regions: 52->52(52)
[2024-07-05T13:29:10.549-0700][info][gc,heap     ] GC(9) Old regions: 2802->3136
[2024-07-05T13:29:10.549-0700][info][gc,heap     ] GC(9) Archive regions: 2->2
[2024-07-05T13:29:10.549-0700][info][gc,heap     ] GC(9) Humongous regions: 23->23
[2024-07-05T13:29:10.549-0700][info][gc,metaspace] GC(9) Metaspace: 297K(512K)->297K(512K) NonClass: 290K(384K)->290K(384K) Class: 7K(128K)->7K(128K)
[2024-07-05T13:29:10.549-0700][info][gc          ] GC(9) Pause Young (Normal) (G1 Evacuation Pause) 3234M->3210M(8192M) 225.682ms
[2024-07-05T13:29:10.549-0700][info][gc,cpu      ] GC(9) User=0.42s Sys=0.44s Real=0.22s
[2024-07-05T13:31:01.375-0700][info][gc,start    ] GC(10) Pause Young (Normal) (G1 Evacuation Pause)
[2024-07-05T13:31:01.375-0700][info][gc,task     ] GC(10) Using 4 workers of 4 for evacuation
[2024-07-05T13:31:01.588-0700][info][gc,phases   ] GC(10)   Pre Evacuate Collection Set: 0.6ms
[2024-07-05T13:31:01.588-0700][info][gc,phases   ] GC(10)   Merge Heap Roots: 0.4ms
[2024-07-05T13:31:01.588-0700][info][gc,phases   ] GC(10)   Evacuate Collection Set: 211.6ms
[2024-07-05T13:31:01.588-0700][info][gc,phases   ] GC(10)   Post Evacuate Collection Set: 0.6ms
[2024-07-05T13:31:01.588-0700][info][gc,phases   ] GC(10)   Other: 0.1ms
[2024-07-05T13:31:01.588-0700][info][gc,heap     ] GC(10) Eden regions: 357->0(357)
[2024-07-05T13:31:01.588-0700][info][gc,heap     ] GC(10) Survivor regions: 52->52(52)
[2024-07-05T13:31:01.588-0700][info][gc,heap     ] GC(10) Old regions: 3136->3478
[2024-07-05T13:31:01.588-0700][info][gc,heap     ] GC(10) Archive regions: 2->2
[2024-07-05T13:31:01.588-0700][info][gc,heap     ] GC(10) Humongous regions: 34->34
[2024-07-05T13:31:01.588-0700][info][gc,metaspace] GC(10) Metaspace: 298K(512K)->298K(512K) NonClass: 290K(384K)->290K(384K) Class: 7K(128K)->7K(128K)
[2024-07-05T13:31:01.588-0700][info][gc          ] GC(10) Pause Young (Normal) (G1 Evacuation Pause) 3578M->3564M(8192M) 213.442ms
[2024-07-05T13:31:01.588-0700][info][gc,cpu      ] GC(10) User=0.36s Sys=0.46s Real=0.22s
[2024-07-05T13:32:53.629-0700][info][gc,start    ] GC(11) Pause Young (Normal) (G1 Evacuation Pause)
[2024-07-05T13:32:53.629-0700][info][gc,task     ] GC(11) Using 4 workers of 4 for evacuation
[2024-07-05T13:32:53.850-0700][info][gc,phases   ] GC(11)   Pre Evacuate Collection Set: 0.7ms
[2024-07-05T13:32:53.850-0700][info][gc,phases   ] GC(11)   Merge Heap Roots: 0.5ms
[2024-07-05T13:32:53.850-0700][info][gc,phases   ] GC(11)   Evacuate Collection Set: 219.2ms
[2024-07-05T13:32:53.850-0700][info][gc,phases   ] GC(11)   Post Evacuate Collection Set: 0.9ms
[2024-07-05T13:32:53.850-0700][info][gc,phases   ] GC(11)   Other: 0.2ms
[2024-07-05T13:32:53.850-0700][info][gc,heap     ] GC(11) Eden regions: 357->0(357)
[2024-07-05T13:32:53.850-0700][info][gc,heap     ] GC(11) Survivor regions: 52->52(52)
[2024-07-05T13:32:53.850-0700][info][gc,heap     ] GC(11) Old regions: 3478->3815
[2024-07-05T13:32:53.850-0700][info][gc,heap     ] GC(11) Archive regions: 2->2
[2024-07-05T13:32:53.850-0700][info][gc,heap     ] GC(11) Humongous regions: 34->34
[2024-07-05T13:32:53.850-0700][info][gc,metaspace] GC(11) Metaspace: 298K(512K)->298K(512K) NonClass: 290K(384K)->290K(384K) Class: 7K(128K)->7K(128K)
[2024-07-05T13:32:53.850-0700][info][gc          ] GC(11) Pause Young (Normal) (G1 Evacuation Pause) 3921M->3901M(8192M) 221.464ms
[2024-07-05T13:32:53.850-0700][info][gc,cpu      ] GC(11) User=0.40s Sys=0.45s Real=0.22s
[2024-07-05T13:35:01.311-0700][info][gc,start    ] GC(12) Pause Young (Concurrent Start) (G1 Evacuation Pause)
[2024-07-05T13:35:01.311-0700][info][gc,task     ] GC(12) Using 4 workers of 4 for evacuation
[2024-07-05T13:35:01.554-0700][info][gc,phases   ] GC(12)   Pre Evacuate Collection Set: 0.6ms
[2024-07-05T13:35:01.554-0700][info][gc,phases   ] GC(12)   Merge Heap Roots: 0.5ms
[2024-07-05T13:35:01.554-0700][info][gc,phases   ] GC(12)   Evacuate Collection Set: 239.8ms
[2024-07-05T13:35:01.554-0700][info][gc,phases   ] GC(12)   Post Evacuate Collection Set: 0.7ms
[2024-07-05T13:35:01.554-0700][info][gc,phases   ] GC(12)   Other: 0.6ms
[2024-07-05T13:35:01.554-0700][info][gc,heap     ] GC(12) Eden regions: 357->0(357)
[2024-07-05T13:35:01.554-0700][info][gc,heap     ] GC(12) Survivor regions: 52->52(52)
[2024-07-05T13:35:01.554-0700][info][gc,heap     ] GC(12) Old regions: 3815->4153
[2024-07-05T13:35:01.554-0700][info][gc,heap     ] GC(12) Archive regions: 2->2
[2024-07-05T13:35:01.554-0700][info][gc,heap     ] GC(12) Humongous regions: 34->34
[2024-07-05T13:35:01.554-0700][info][gc,metaspace] GC(12) Metaspace: 298K(512K)->298K(512K) NonClass: 290K(384K)->290K(384K) Class: 7K(128K)->7K(128K)
[2024-07-05T13:35:01.554-0700][info][gc          ] GC(12) Pause Young (Concurrent Start) (G1 Evacuation Pause) 4258M->4239M(8192M) 242.415ms
[2024-07-05T13:35:01.554-0700][info][gc,cpu      ] GC(12) User=0.41s Sys=0.51s Real=0.24s
[2024-07-05T13:35:01.554-0700][info][gc          ] GC(13) Concurrent Mark Cycle
[2024-07-05T13:35:01.554-0700][info][gc,marking  ] GC(13) Concurrent Clear Claimed Marks
[2024-07-05T13:35:01.554-0700][info][gc,marking  ] GC(13) Concurrent Clear Claimed Marks 0.008ms
[2024-07-05T13:35:01.554-0700][info][gc,marking  ] GC(13) Concurrent Scan Root Regions
[2024-07-05T13:35:01.578-0700][info][gc,marking  ] GC(13) Concurrent Scan Root Regions 23.665ms
[2024-07-05T13:35:01.578-0700][info][gc,marking  ] GC(13) Concurrent Mark
[2024-07-05T13:35:01.578-0700][info][gc,marking  ] GC(13) Concurrent Mark From Roots
[2024-07-05T13:35:01.578-0700][info][gc,task     ] GC(13) Using 1 workers of 1 for marking
[2024-07-05T13:35:02.040-0700][info][gc,marking  ] GC(13) Concurrent Mark From Roots 462.034ms
[2024-07-05T13:35:02.040-0700][info][gc,marking  ] GC(13) Concurrent Preclean
[2024-07-05T13:35:02.040-0700][info][gc,marking  ] GC(13) Concurrent Preclean 0.068ms
[2024-07-05T13:35:02.051-0700][info][gc,start    ] GC(13) Pause Remark
[2024-07-05T13:35:02.053-0700][info][gc          ] GC(13) Pause Remark 4245M->4214M(8192M) 1.904ms
[2024-07-05T13:35:02.053-0700][info][gc,cpu      ] GC(13) User=0.00s Sys=0.00s Real=0.00s
[2024-07-05T13:35:02.053-0700][info][gc,marking  ] GC(13) Concurrent Mark 475.321ms
[2024-07-05T13:35:02.053-0700][info][gc,marking  ] GC(13) Concurrent Rebuild Remembered Sets
[2024-07-05T13:35:02.381-0700][info][gc,marking  ] GC(13) Concurrent Rebuild Remembered Sets 327.817ms
[2024-07-05T13:35:02.381-0700][info][gc,start    ] GC(13) Pause Cleanup
[2024-07-05T13:35:02.384-0700][info][gc          ] GC(13) Pause Cleanup 4214M->4214M(8192M) 2.507ms
[2024-07-05T13:35:02.384-0700][info][gc,cpu      ] GC(13) User=0.00s Sys=0.00s Real=0.01s
[2024-07-05T13:35:02.384-0700][info][gc,marking  ] GC(13) Concurrent Cleanup for Next Mark
[2024-07-05T13:35:02.473-0700][info][gc,marking  ] GC(13) Concurrent Cleanup for Next Mark 88.562ms
[2024-07-05T13:35:02.473-0700][info][gc          ] GC(13) Concurrent Mark Cycle 918.774ms
[2024-07-05T13:37:22.558-0700][info][gc,start    ] GC(14) Pause Young (Prepare Mixed) (G1 Evacuation Pause)
[2024-07-05T13:37:22.558-0700][info][gc,task     ] GC(14) Using 4 workers of 4 for evacuation
[2024-07-05T13:37:22.768-0700][info][gc,phases   ] GC(14)   Pre Evacuate Collection Set: 0.5ms
[2024-07-05T13:37:22.768-0700][info][gc,phases   ] GC(14)   Merge Heap Roots: 0.5ms
[2024-07-05T13:37:22.768-0700][info][gc,phases   ] GC(14)   Evacuate Collection Set: 207.3ms
[2024-07-05T13:37:22.768-0700][info][gc,phases   ] GC(14)   Post Evacuate Collection Set: 0.9ms
[2024-07-05T13:37:22.768-0700][info][gc,phases   ] GC(14)   Other: 0.1ms
[2024-07-05T13:37:22.768-0700][info][gc,heap     ] GC(14) Eden regions: 357->0(357)
[2024-07-05T13:37:22.768-0700][info][gc,heap     ] GC(14) Survivor regions: 52->52(52)
[2024-07-05T13:37:22.768-0700][info][gc,heap     ] GC(14) Old regions: 4145->4485
[2024-07-05T13:37:22.768-0700][info][gc,heap     ] GC(14) Archive regions: 2->2
[2024-07-05T13:37:22.768-0700][info][gc,heap     ] GC(14) Humongous regions: 11->11
[2024-07-05T13:37:22.768-0700][info][gc,metaspace] GC(14) Metaspace: 298K(512K)->298K(512K) NonClass: 290K(384K)->290K(384K) Class: 7K(128K)->7K(128K)
[2024-07-05T13:37:22.768-0700][info][gc          ] GC(14) Pause Young (Prepare Mixed) (G1 Evacuation Pause) 4565M->4548M(8192M) 209.525ms
[2024-07-05T13:37:22.768-0700][info][gc,cpu      ] GC(14) User=0.39s Sys=0.42s Real=0.21s
[2024-07-05T13:39:49.991-0700][info][gc,start    ] GC(15) Pause Young (Mixed) (G1 Evacuation Pause)
[2024-07-05T13:39:49.991-0700][info][gc,task     ] GC(15) Using 4 workers of 4 for evacuation
[2024-07-05T13:39:50.239-0700][info][gc,phases   ] GC(15)   Pre Evacuate Collection Set: 0.8ms
[2024-07-05T13:39:50.239-0700][info][gc,phases   ] GC(15)   Merge Heap Roots: 0.5ms
[2024-07-05T13:39:50.239-0700][info][gc,phases   ] GC(15)   Evacuate Collection Set: 245.3ms
[2024-07-05T13:39:50.239-0700][info][gc,phases   ] GC(15)   Post Evacuate Collection Set: 1.0ms
[2024-07-05T13:39:50.239-0700][info][gc,phases   ] GC(15)   Other: 0.2ms
[2024-07-05T13:39:50.239-0700][info][gc,heap     ] GC(15) Eden regions: 357->0(357)
[2024-07-05T13:39:50.239-0700][info][gc,heap     ] GC(15) Survivor regions: 52->52(52)
[2024-07-05T13:39:50.239-0700][info][gc,heap     ] GC(15) Old regions: 4485->4592
[2024-07-05T13:39:50.239-0700][info][gc,heap     ] GC(15) Archive regions: 2->2
[2024-07-05T13:39:50.239-0700][info][gc,heap     ] GC(15) Humongous regions: 11->11
[2024-07-05T13:39:50.239-0700][info][gc,metaspace] GC(15) Metaspace: 298K(512K)->298K(512K) NonClass: 290K(384K)->290K(384K) Class: 7K(128K)->7K(128K)
[2024-07-05T13:39:50.239-0700][info][gc          ] GC(15) Pause Young (Mixed) (G1 Evacuation Pause) 4905M->4655M(8192M) 247.835ms
[2024-07-05T13:39:50.239-0700][info][gc,cpu      ] GC(15) User=0.38s Sys=0.57s Real=0.25s
[2024-07-05T13:42:21.704-0700][info][gc,start    ] GC(16) Pause Young (Mixed) (G1 Evacuation Pause)
[2024-07-05T13:42:21.704-0700][info][gc,task     ] GC(16) Using 4 workers of 4 for evacuation
[2024-07-05T13:42:21.896-0700][info][gc,phases   ] GC(16)   Pre Evacuate Collection Set: 0.8ms
[2024-07-05T13:42:21.896-0700][info][gc,phases   ] GC(16)   Merge Heap Roots: 0.6ms
[2024-07-05T13:42:21.896-0700][info][gc,phases   ] GC(16)   Evacuate Collection Set: 189.1ms
[2024-07-05T13:42:21.896-0700][info][gc,phases   ] GC(16)   Post Evacuate Collection Set: 0.9ms
[2024-07-05T13:42:21.896-0700][info][gc,phases   ] GC(16)   Other: 0.2ms
[2024-07-05T13:42:21.896-0700][info][gc,heap     ] GC(16) Eden regions: 357->0(357)
[2024-07-05T13:42:21.896-0700][info][gc,heap     ] GC(16) Survivor regions: 52->52(52)
[2024-07-05T13:42:21.896-0700][info][gc,heap     ] GC(16) Old regions: 4592->4716
[2024-07-05T13:42:21.896-0700][info][gc,heap     ] GC(16) Archive regions: 2->2
[2024-07-05T13:42:21.896-0700][info][gc,heap     ] GC(16) Humongous regions: 27->27
[2024-07-05T13:42:21.896-0700][info][gc,metaspace] GC(16) Metaspace: 298K(512K)->298K(512K) NonClass: 290K(384K)->290K(384K) Class: 7K(128K)->7K(128K)
[2024-07-05T13:42:21.896-0700][info][gc          ] GC(16) Pause Young (Mixed) (G1 Evacuation Pause) 5028M->4795M(8192M) 191.636ms
[2024-07-05T13:42:21.896-0700][info][gc,cpu      ] GC(16) User=0.39s Sys=0.31s Real=0.19s
[2024-07-05T13:44:43.271-0700][info][gc,start    ] GC(17) Pause Young (Mixed) (G1 Evacuation Pause)
[2024-07-05T13:44:43.271-0700][info][gc,task     ] GC(17) Using 4 workers of 4 for evacuation
[2024-07-05T13:44:43.473-0700][info][gc,phases   ] GC(17)   Pre Evacuate Collection Set: 0.7ms
[2024-07-05T13:44:43.473-0700][info][gc,phases   ] GC(17)   Merge Heap Roots: 0.5ms
[2024-07-05T13:44:43.473-0700][info][gc,phases   ] GC(17)   Evacuate Collection Set: 199.4ms
[2024-07-05T13:44:43.473-0700][info][gc,phases   ] GC(17)   Post Evacuate Collection Set: 1.6ms
[2024-07-05T13:44:43.473-0700][info][gc,phases   ] GC(17)   Other: 0.2ms
[2024-07-05T13:44:43.473-0700][info][gc,heap     ] GC(17) Eden regions: 357->0(357)
[2024-07-05T13:44:43.473-0700][info][gc,heap     ] GC(17) Survivor regions: 52->52(52)
[2024-07-05T13:44:43.473-0700][info][gc,heap     ] GC(17) Old regions: 4716->4851
[2024-07-05T13:44:43.473-0700][info][gc,heap     ] GC(17) Archive regions: 2->2
[2024-07-05T13:44:43.473-0700][info][gc,heap     ] GC(17) Humongous regions: 27->27
[2024-07-05T13:44:43.473-0700][info][gc,metaspace] GC(17) Metaspace: 298K(512K)->298K(512K) NonClass: 290K(384K)->290K(384K) Class: 7K(128K)->7K(128K)
[2024-07-05T13:44:43.473-0700][info][gc          ] GC(17) Pause Young (Mixed) (G1 Evacuation Pause) 5152M->4930M(8192M) 202.535ms
[2024-07-05T13:44:43.473-0700][info][gc,cpu      ] GC(17) User=0.48s Sys=0.26s Real=0.20s
[2024-07-05T13:47:18.574-0700][info][gc,start    ] GC(18) Pause Young (Mixed) (G1 Evacuation Pause)
[2024-07-05T13:47:18.574-0700][info][gc,task     ] GC(18) Using 4 workers of 4 for evacuation
[2024-07-05T13:47:18.752-0700][info][gc,phases   ] GC(18)   Pre Evacuate Collection Set: 0.6ms
[2024-07-05T13:47:18.752-0700][info][gc,phases   ] GC(18)   Merge Heap Roots: 0.6ms
[2024-07-05T13:47:18.752-0700][info][gc,phases   ] GC(18)   Evacuate Collection Set: 175.8ms
[2024-07-05T13:47:18.752-0700][info][gc,phases   ] GC(18)   Post Evacuate Collection Set: 0.9ms
[2024-07-05T13:47:18.752-0700][info][gc,phases   ] GC(18)   Other: 0.2ms
[2024-07-05T13:47:18.752-0700][info][gc,heap     ] GC(18) Eden regions: 357->0(357)
[2024-07-05T13:47:18.752-0700][info][gc,heap     ] GC(18) Survivor regions: 52->52(52)
[2024-07-05T13:47:18.752-0700][info][gc,heap     ] GC(18) Old regions: 4851->5007
[2024-07-05T13:47:18.752-0700][info][gc,heap     ] GC(18) Archive regions: 2->2
[2024-07-05T13:47:18.752-0700][info][gc,heap     ] GC(18) Humongous regions: 27->27
[2024-07-05T13:47:18.752-0700][info][gc,metaspace] GC(18) Metaspace: 298K(512K)->298K(512K) NonClass: 290K(384K)->290K(384K) Class: 7K(128K)->7K(128K)
[2024-07-05T13:47:18.752-0700][info][gc          ] GC(18) Pause Young (Mixed) (G1 Evacuation Pause) 5287M->5086M(8192M) 178.241ms
[2024-07-05T13:47:18.752-0700][info][gc,cpu      ] GC(18) User=0.41s Sys=0.24s Real=0.18s
[2024-07-05T13:49:53.005-0700][info][gc,start    ] GC(19) Pause Young (Mixed) (G1 Evacuation Pause)
[2024-07-05T13:49:53.005-0700][info][gc,task     ] GC(19) Using 4 workers of 4 for evacuation
[2024-07-05T13:49:53.221-0700][info][gc,phases   ] GC(19)   Pre Evacuate Collection Set: 0.7ms
[2024-07-05T13:49:53.221-0700][info][gc,phases   ] GC(19)   Merge Heap Roots: 0.8ms
[2024-07-05T13:49:53.221-0700][info][gc,phases   ] GC(19)   Evacuate Collection Set: 213.3ms
[2024-07-05T13:49:53.221-0700][info][gc,phases   ] GC(19)   Post Evacuate Collection Set: 1.1ms
[2024-07-05T13:49:53.221-0700][info][gc,phases   ] GC(19)   Other: 0.2ms
[2024-07-05T13:49:53.221-0700][info][gc,heap     ] GC(19) Eden regions: 357->0(357)
[2024-07-05T13:49:53.221-0700][info][gc,heap     ] GC(19) Survivor regions: 52->52(52)
[2024-07-05T13:49:53.221-0700][info][gc,heap     ] GC(19) Old regions: 5007->5174
[2024-07-05T13:49:53.221-0700][info][gc,heap     ] GC(19) Archive regions: 2->2
[2024-07-05T13:49:53.221-0700][info][gc,heap     ] GC(19) Humongous regions: 27->27
[2024-07-05T13:49:53.221-0700][info][gc,metaspace] GC(19) Metaspace: 298K(512K)->298K(512K) NonClass: 290K(384K)->290K(384K) Class: 7K(128K)->7K(128K)
[2024-07-05T13:49:53.221-0700][info][gc          ] GC(19) Pause Young (Mixed) (G1 Evacuation Pause) 5443M->5253M(8192M) 216.217ms
[2024-07-05T13:49:53.221-0700][info][gc,cpu      ] GC(19) User=0.42s Sys=0.37s Real=0.21s
[2024-07-05T13:52:25.712-0700][info][gc,start    ] GC(20) Pause Young (Mixed) (G1 Evacuation Pause)
[2024-07-05T13:52:25.712-0700][info][gc,task     ] GC(20) Using 4 workers of 4 for evacuation
[2024-07-05T13:52:25.943-0700][info][gc,phases   ] GC(20)   Pre Evacuate Collection Set: 0.7ms
[2024-07-05T13:52:25.943-0700][info][gc,phases   ] GC(20)   Merge Heap Roots: 0.8ms
[2024-07-05T13:52:25.943-0700][info][gc,phases   ] GC(20)   Evacuate Collection Set: 227.8ms
[2024-07-05T13:52:25.943-0700][info][gc,phases   ] GC(20)   Post Evacuate Collection Set: 1.1ms
[2024-07-05T13:52:25.943-0700][info][gc,phases   ] GC(20)   Other: 0.2ms
[2024-07-05T13:52:25.943-0700][info][gc,heap     ] GC(20) Eden regions: 357->0(357)
[2024-07-05T13:52:25.943-0700][info][gc,heap     ] GC(20) Survivor regions: 52->52(52)
[2024-07-05T13:52:25.943-0700][info][gc,heap     ] GC(20) Old regions: 5174->5354
[2024-07-05T13:52:25.943-0700][info][gc,heap     ] GC(20) Archive regions: 2->2
[2024-07-05T13:52:25.943-0700][info][gc,heap     ] GC(20) Humongous regions: 27->27
[2024-07-05T13:52:25.943-0700][info][gc,metaspace] GC(20) Metaspace: 298K(512K)->298K(512K) NonClass: 290K(384K)->290K(384K) Class: 7K(128K)->7K(128K)
[2024-07-05T13:52:25.943-0700][info][gc          ] GC(20) Pause Young (Mixed) (G1 Evacuation Pause) 5610M->5433M(8192M) 230.698ms
[2024-07-05T13:52:25.943-0700][info][gc,cpu      ] GC(20) User=0.45s Sys=0.40s Real=0.23s
[2024-07-05T13:55:01.457-0700][info][gc,start    ] GC(21) Pause Young (Mixed) (G1 Evacuation Pause)
[2024-07-05T13:55:01.458-0700][info][gc,task     ] GC(21) Using 4 workers of 4 for evacuation
[2024-07-05T13:55:01.696-0700][info][gc,phases   ] GC(21)   Pre Evacuate Collection Set: 0.7ms
[2024-07-05T13:55:01.696-0700][info][gc,phases   ] GC(21)   Merge Heap Roots: 0.8ms
[2024-07-05T13:55:01.696-0700][info][gc,phases   ] GC(21)   Evacuate Collection Set: 234.8ms
[2024-07-05T13:55:01.696-0700][info][gc,phases   ] GC(21)   Post Evacuate Collection Set: 1.6ms
[2024-07-05T13:55:01.696-0700][info][gc,phases   ] GC(21)   Other: 0.2ms
[2024-07-05T13:55:01.696-0700][info][gc,heap     ] GC(21) Eden regions: 357->0(357)
[2024-07-05T13:55:01.696-0700][info][gc,heap     ] GC(21) Survivor regions: 52->52(52)
[2024-07-05T13:55:01.696-0700][info][gc,heap     ] GC(21) Old regions: 5354->5547
[2024-07-05T13:55:01.696-0700][info][gc,heap     ] GC(21) Archive regions: 2->2
[2024-07-05T13:55:01.696-0700][info][gc,heap     ] GC(21) Humongous regions: 27->27
[2024-07-05T13:55:01.696-0700][info][gc,metaspace] GC(21) Metaspace: 298K(512K)->298K(512K) NonClass: 290K(384K)->290K(384K) Class: 7K(128K)->7K(128K)
[2024-07-05T13:55:01.696-0700][info][gc          ] GC(21) Pause Young (Mixed) (G1 Evacuation Pause) 5790M->5626M(8192M) 238.194ms
[2024-07-05T13:55:01.696-0700][info][gc,cpu      ] GC(21) User=0.48s Sys=0.40s Real=0.24s
[2024-07-05T13:58:03.158-0700][info][gc,start    ] GC(22) Pause Young (Mixed) (G1 Evacuation Pause)
[2024-07-05T13:58:03.158-0700][info][gc,task     ] GC(22) Using 4 workers of 4 for evacuation
[2024-07-05T13:58:03.371-0700][info][gc,phases   ] GC(22)   Pre Evacuate Collection Set: 0.7ms
[2024-07-05T13:58:03.371-0700][info][gc,phases   ] GC(22)   Merge Heap Roots: 1.0ms
[2024-07-05T13:58:03.371-0700][info][gc,phases   ] GC(22)   Evacuate Collection Set: 210.4ms
[2024-07-05T13:58:03.371-0700][info][gc,phases   ] GC(22)   Post Evacuate Collection Set: 1.0ms
[2024-07-05T13:58:03.371-0700][info][gc,phases   ] GC(22)   Other: 0.2ms
[2024-07-05T13:58:03.371-0700][info][gc,heap     ] GC(22) Eden regions: 357->0(489)
[2024-07-05T13:58:03.371-0700][info][gc,heap     ] GC(22) Survivor regions: 52->52(52)
[2024-07-05T13:58:03.371-0700][info][gc,heap     ] GC(22) Old regions: 5547->5754
[2024-07-05T13:58:03.371-0700][info][gc,heap     ] GC(22) Archive regions: 2->2
[2024-07-05T13:58:03.371-0700][info][gc,heap     ] GC(22) Humongous regions: 27->27
[2024-07-05T13:58:03.371-0700][info][gc,metaspace] GC(22) Metaspace: 301K(512K)->301K(512K) NonClass: 293K(384K)->293K(384K) Class: 7K(128K)->7K(128K)
[2024-07-05T13:58:03.371-0700][info][gc          ] GC(22) Pause Young (Mixed) (G1 Evacuation Pause) 5983M->5833M(8192M) 213.295ms
[2024-07-05T13:58:03.371-0700][info][gc,cpu      ] GC(22) User=0.50s Sys=0.28s Real=0.21s
[2024-07-05T14:00:35.347-0700][info][gc,start    ] GC(23) Pause Young (Concurrent Start) (G1 Humongous Allocation)
[2024-07-05T14:00:35.347-0700][info][gc,task     ] GC(23) Using 4 workers of 4 for evacuation
[2024-07-05T14:00:35.441-0700][info][gc,phases   ] GC(23)   Pre Evacuate Collection Set: 0.6ms
[2024-07-05T14:00:35.441-0700][info][gc,phases   ] GC(23)   Merge Heap Roots: 0.3ms
[2024-07-05T14:00:35.441-0700][info][gc,phases   ] GC(23)   Evacuate Collection Set: 91.8ms
[2024-07-05T14:00:35.441-0700][info][gc,phases   ] GC(23)   Post Evacuate Collection Set: 0.7ms
[2024-07-05T14:00:35.441-0700][info][gc,phases   ] GC(23)   Other: 0.4ms
[2024-07-05T14:00:35.441-0700][info][gc,heap     ] GC(23) Eden regions: 254->0(409)
[2024-07-05T14:00:35.441-0700][info][gc,heap     ] GC(23) Survivor regions: 52->68(68)
[2024-07-05T14:00:35.441-0700][info][gc,heap     ] GC(23) Old regions: 5754->5985
[2024-07-05T14:00:35.441-0700][info][gc,heap     ] GC(23) Archive regions: 2->2
[2024-07-05T14:00:35.441-0700][info][gc,heap     ] GC(23) Humongous regions: 27->27
[2024-07-05T14:00:35.441-0700][info][gc,metaspace] GC(23) Metaspace: 301K(512K)->301K(512K) NonClass: 293K(384K)->293K(384K) Class: 7K(128K)->7K(128K)
[2024-07-05T14:00:35.441-0700][info][gc          ] GC(23) Pause Young (Concurrent Start) (G1 Humongous Allocation) 6086M->6080M(8192M) 93.949ms
[2024-07-05T14:00:35.441-0700][info][gc,cpu      ] GC(23) User=0.27s Sys=0.06s Real=0.09s
[2024-07-05T14:00:35.441-0700][info][gc          ] GC(24) Concurrent Mark Cycle
[2024-07-05T14:00:35.441-0700][info][gc,marking  ] GC(24) Concurrent Clear Claimed Marks
[2024-07-05T14:00:35.441-0700][info][gc,marking  ] GC(24) Concurrent Clear Claimed Marks 0.008ms
[2024-07-05T14:00:35.441-0700][info][gc,marking  ] GC(24) Concurrent Scan Root Regions
[2024-07-05T14:00:35.459-0700][info][gc,marking  ] GC(24) Concurrent Scan Root Regions 17.236ms
[2024-07-05T14:00:35.459-0700][info][gc,marking  ] GC(24) Concurrent Mark
[2024-07-05T14:00:35.459-0700][info][gc,marking  ] GC(24) Concurrent Mark From Roots
[2024-07-05T14:00:35.459-0700][info][gc,task     ] GC(24) Using 1 workers of 1 for marking
[2024-07-05T14:00:36.329-0700][info][gc,marking  ] GC(24) Concurrent Mark From Roots 870.649ms
[2024-07-05T14:00:36.329-0700][info][gc,marking  ] GC(24) Concurrent Preclean
[2024-07-05T14:00:36.329-0700][info][gc,marking  ] GC(24) Concurrent Preclean 0.082ms
[2024-07-05T14:00:36.344-0700][info][gc,start    ] GC(24) Pause Remark
[2024-07-05T14:00:36.347-0700][info][gc          ] GC(24) Pause Remark 6107M->6077M(8192M) 2.946ms
[2024-07-05T14:00:36.347-0700][info][gc,cpu      ] GC(24) User=0.00s Sys=0.01s Real=0.00s
[2024-07-05T14:00:36.347-0700][info][gc,marking  ] GC(24) Concurrent Mark 888.603ms
[2024-07-05T14:00:36.347-0700][info][gc,marking  ] GC(24) Concurrent Rebuild Remembered Sets
[2024-07-05T14:00:36.987-0700][info][gc,marking  ] GC(24) Concurrent Rebuild Remembered Sets 640.192ms
[2024-07-05T14:00:36.988-0700][info][gc,start    ] GC(24) Pause Cleanup
[2024-07-05T14:00:36.991-0700][info][gc          ] GC(24) Pause Cleanup 6077M->6077M(8192M) 3.496ms
[2024-07-05T14:00:36.992-0700][info][gc,cpu      ] GC(24) User=0.01s Sys=0.00s Real=0.00s
[2024-07-05T14:00:36.992-0700][info][gc,marking  ] GC(24) Concurrent Cleanup for Next Mark
[2024-07-05T14:00:37.045-0700][info][gc,marking  ] GC(24) Concurrent Cleanup for Next Mark 52.931ms
[2024-07-05T14:00:37.045-0700][info][gc          ] GC(24) Concurrent Mark Cycle 1603.371ms
[2024-07-05T14:04:32.004-0700][info][gc,start    ] GC(25) Pause Young (Prepare Mixed) (G1 Evacuation Pause)
[2024-07-05T14:04:32.004-0700][info][gc,task     ] GC(25) Using 4 workers of 4 for evacuation
[2024-07-05T14:04:32.248-0700][info][gc,phases   ] GC(25)   Pre Evacuate Collection Set: 0.8ms
[2024-07-05T14:04:32.248-0700][info][gc,phases   ] GC(25)   Merge Heap Roots: 0.7ms
[2024-07-05T14:04:32.248-0700][info][gc,phases   ] GC(25)   Evacuate Collection Set: 241.5ms
[2024-07-05T14:04:32.248-0700][info][gc,phases   ] GC(25)   Post Evacuate Collection Set: 0.8ms
[2024-07-05T14:04:32.248-0700][info][gc,phases   ] GC(25)   Other: 0.1ms
[2024-07-05T14:04:32.248-0700][info][gc,heap     ] GC(25) Eden regions: 409->0(349)
[2024-07-05T14:04:32.248-0700][info][gc,heap     ] GC(25) Survivor regions: 68->60(60)
[2024-07-05T14:04:32.248-0700][info][gc,heap     ] GC(25) Old regions: 5966->6372
[2024-07-05T14:04:32.248-0700][info][gc,heap     ] GC(25) Archive regions: 2->2
[2024-07-05T14:04:32.248-0700][info][gc,heap     ] GC(25) Humongous regions: 40->40
[2024-07-05T14:04:32.248-0700][info][gc,metaspace] GC(25) Metaspace: 301K(512K)->301K(512K) NonClass: 293K(384K)->293K(384K) Class: 7K(128K)->7K(128K)
[2024-07-05T14:04:32.248-0700][info][gc          ] GC(25) Pause Young (Prepare Mixed) (G1 Evacuation Pause) 6483M->6472M(8192M) 243.918ms
[2024-07-05T14:04:32.248-0700][info][gc,cpu      ] GC(25) User=0.42s Sys=0.51s Real=0.24s
[2024-07-05T14:08:12.562-0700][info][gc,start    ] GC(26) Pause Young (Mixed) (G1 Evacuation Pause)
[2024-07-05T14:08:12.562-0700][info][gc,task     ] GC(26) Using 4 workers of 4 for evacuation
[2024-07-05T14:08:12.914-0700][info][gc,phases   ] GC(26)   Pre Evacuate Collection Set: 0.8ms
[2024-07-05T14:08:12.914-0700][info][gc,phases   ] GC(26)   Merge Heap Roots: 0.8ms
[2024-07-05T14:08:12.914-0700][info][gc,phases   ] GC(26)   Evacuate Collection Set: 322.9ms
[2024-07-05T14:08:12.914-0700][info][gc,phases   ] GC(26)   Merge Optional Heap Roots: 0.7ms
[2024-07-05T14:08:12.914-0700][info][gc,phases   ] GC(26)   Evacuate Optional Collection Set: 26.1ms
[2024-07-05T14:08:12.914-0700][info][gc,phases   ] GC(26)   Post Evacuate Collection Set: 1.2ms
[2024-07-05T14:08:12.914-0700][info][gc,phases   ] GC(26)   Other: 0.2ms
[2024-07-05T14:08:12.914-0700][info][gc,heap     ] GC(26) Eden regions: 349->0(357)
[2024-07-05T14:08:12.914-0700][info][gc,heap     ] GC(26) Survivor regions: 60->52(52)
[2024-07-05T14:08:12.914-0700][info][gc,heap     ] GC(26) Old regions: 6372->6368
[2024-07-05T14:08:12.914-0700][info][gc,heap     ] GC(26) Archive regions: 2->2
[2024-07-05T14:08:12.914-0700][info][gc,heap     ] GC(26) Humongous regions: 40->40
[2024-07-05T14:08:12.914-0700][info][gc,metaspace] GC(26) Metaspace: 301K(512K)->301K(512K) NonClass: 293K(384K)->293K(384K) Class: 7K(128K)->7K(128K)
[2024-07-05T14:08:12.914-0700][info][gc          ] GC(26) Pause Young (Mixed) (G1 Evacuation Pause) 6821M->6460M(8192M) 352.794ms
[2024-07-05T14:08:12.914-0700][info][gc,cpu      ] GC(26) User=0.65s Sys=0.69s Real=0.35s
[2024-07-05T14:11:56.622-0700][info][gc,start    ] GC(27) Pause Young (Mixed) (G1 Evacuation Pause)
[2024-07-05T14:11:56.622-0700][info][gc,task     ] GC(27) Using 4 workers of 4 for evacuation
[2024-07-05T14:11:56.816-0700][info][gc,phases   ] GC(27)   Pre Evacuate Collection Set: 0.7ms
[2024-07-05T14:11:56.816-0700][info][gc,phases   ] GC(27)   Merge Heap Roots: 0.8ms
[2024-07-05T14:11:56.816-0700][info][gc,phases   ] GC(27)   Evacuate Collection Set: 190.5ms
[2024-07-05T14:11:56.816-0700][info][gc,phases   ] GC(27)   Post Evacuate Collection Set: 1.9ms
[2024-07-05T14:11:56.816-0700][info][gc,phases   ] GC(27)   Other: 0.2ms
[2024-07-05T14:11:56.816-0700][info][gc,heap     ] GC(27) Eden regions: 357->0(357)
[2024-07-05T14:11:56.816-0700][info][gc,heap     ] GC(27) Survivor regions: 52->52(52)
[2024-07-05T14:11:56.816-0700][info][gc,heap     ] GC(27) Old regions: 6368->6504
[2024-07-05T14:11:56.816-0700][info][gc,heap     ] GC(27) Archive regions: 2->2
[2024-07-05T14:11:56.816-0700][info][gc,heap     ] GC(27) Humongous regions: 40->40
[2024-07-05T14:11:56.816-0700][info][gc,metaspace] GC(27) Metaspace: 301K(512K)->301K(512K) NonClass: 293K(384K)->293K(384K) Class: 7K(128K)->7K(128K)
[2024-07-05T14:11:56.816-0700][info][gc          ] GC(27) Pause Young (Mixed) (G1 Evacuation Pause) 6817M->6596M(8192M) 194.476ms
[2024-07-05T14:11:56.816-0700][info][gc,cpu      ] GC(27) User=0.52s Sys=0.15s Real=0.20s
[2024-07-05T14:15:29.286-0700][info][gc,start    ] GC(28) Pause Young (Mixed) (G1 Evacuation Pause)
[2024-07-05T14:15:29.286-0700][info][gc,task     ] GC(28) Using 4 workers of 4 for evacuation
[2024-07-05T14:15:29.482-0700][info][gc,phases   ] GC(28)   Pre Evacuate Collection Set: 0.8ms
[2024-07-05T14:15:29.482-0700][info][gc,phases   ] GC(28)   Merge Heap Roots: 0.8ms
[2024-07-05T14:15:29.482-0700][info][gc,phases   ] GC(28)   Evacuate Collection Set: 193.0ms
[2024-07-05T14:15:29.482-0700][info][gc,phases   ] GC(28)   Post Evacuate Collection Set: 1.0ms
[2024-07-05T14:15:29.482-0700][info][gc,phases   ] GC(28)   Other: 0.2ms
[2024-07-05T14:15:29.482-0700][info][gc,heap     ] GC(28) Eden regions: 357->0(357)
[2024-07-05T14:15:29.482-0700][info][gc,heap     ] GC(28) Survivor regions: 52->52(52)
[2024-07-05T14:15:29.482-0700][info][gc,heap     ] GC(28) Old regions: 6504->6654
[2024-07-05T14:15:29.482-0700][info][gc,heap     ] GC(28) Archive regions: 2->2
[2024-07-05T14:15:29.482-0700][info][gc,heap     ] GC(28) Humongous regions: 40->40
[2024-07-05T14:15:29.482-0700][info][gc,metaspace] GC(28) Metaspace: 301K(512K)->301K(512K) NonClass: 293K(384K)->293K(384K) Class: 7K(128K)->7K(128K)
[2024-07-05T14:15:29.482-0700][info][gc          ] GC(28) Pause Young (Mixed) (G1 Evacuation Pause) 6953M->6746M(8192M) 195.798ms
[2024-07-05T14:15:29.482-0700][info][gc,cpu      ] GC(28) User=0.47s Sys=0.25s Real=0.19s
[2024-07-05T14:18:26.685-0700][info][gc,heap,exit] Heap
[2024-07-05T14:18:26.685-0700][info][gc,heap,exit]  garbage-first heap   total 8388608K, used 7237698K [0x0000000600000000, 0x0000000800000000)
[2024-07-05T14:18:26.685-0700][info][gc,heap,exit]   region size 1024K, 375 young (384000K), 52 survivors (53248K)
[2024-07-05T14:18:26.686-0700][info][gc,heap,exit]  Metaspace       used 302K, committed 512K, reserved 1114112K
[2024-07-05T14:18:26.686-0700][info][gc,heap,exit]   class space    used 7K, committed 128K, reserved 1048576K
