[2024-07-05T11:28:41.689-0700][info][gc] Using G1
[2024-07-05T11:28:41.744-0700][info][gc,init] Version: 17.0.11+1-LTS (release)
[2024-07-05T11:28:41.744-0700][info][gc,init] CPUs: 4 total, 4 available
[2024-07-05T11:28:41.744-0700][info][gc,init] Memory: 15953M
[2024-07-05T11:28:41.744-0700][info][gc,init] Large Page Support: Disabled
[2024-07-05T11:28:41.744-0700][info][gc,init] NUMA Support: Disabled
[2024-07-05T11:28:41.744-0700][info][gc,init] Compressed Oops: Enabled (Zero based)
[2024-07-05T11:28:41.744-0700][info][gc,init] Heap Region Size: 1M
[2024-07-05T11:28:41.744-0700][info][gc,init] Heap Min Capacity: 8G
[2024-07-05T11:28:41.744-0700][info][gc,init] Heap Initial Capacity: 8G
[2024-07-05T11:28:41.744-0700][info][gc,init] Heap Max Capacity: 8G
[2024-07-05T11:28:41.744-0700][info][gc,init] Pre-touch: Disabled
[2024-07-05T11:28:41.744-0700][info][gc,init] Parallel Workers: 4
[2024-07-05T11:28:41.744-0700][info][gc,init] Concurrent Workers: 1
[2024-07-05T11:28:41.744-0700][info][gc,init] Concurrent Refinement Workers: 4
[2024-07-05T11:28:41.744-0700][info][gc,init] Periodic GC: Disabled
[2024-07-05T11:28:41.750-0700][info][gc,metaspace] CDS archive(s) mapped at: [0x00007f7aa7000000-0x00007f7aa7bbb000-0x00007f7aa7bbb000), size 12300288, SharedBaseAddress: 0x00007f7aa7000000, ArchiveRelocationMode: 1.
[2024-07-05T11:28:41.750-0700][info][gc,metaspace] Compressed class space mapped at: 0x00007f7aa8000000-0x00007f7ae8000000, reserved size: 1073741824
[2024-07-05T11:28:41.750-0700][info][gc,metaspace] Narrow klass base: 0x00007f7aa7000000, Narrow klass shift: 0, Narrow klass range: 0x100000000
[2024-07-05T11:28:42.935-0700][info][gc,start    ] GC(0) Pause Young (Normal) (G1 Evacuation Pause)
[2024-07-05T11:28:42.936-0700][info][gc,task     ] GC(0) Using 4 workers of 4 for evacuation
[2024-07-05T11:28:43.051-0700][info][gc,mmu      ] GC(0) MMU target violated: 101.0ms (100.0ms/101.0ms)
[2024-07-05T11:28:43.051-0700][info][gc,phases   ] GC(0)   Pre Evacuate Collection Set: 0.9ms
[2024-07-05T11:28:43.051-0700][info][gc,phases   ] GC(0)   Merge Heap Roots: 0.5ms
[2024-07-05T11:28:43.051-0700][info][gc,phases   ] GC(0)   Evacuate Collection Set: 112.3ms
[2024-07-05T11:28:43.051-0700][info][gc,phases   ] GC(0)   Post Evacuate Collection Set: 0.7ms
[2024-07-05T11:28:43.051-0700][info][gc,phases   ] GC(0)   Other: 1.1ms
[2024-07-05T11:28:43.051-0700][info][gc,heap     ] GC(0) Eden regions: 409->0(357)
[2024-07-05T11:28:43.051-0700][info][gc,heap     ] GC(0) Survivor regions: 0->52(52)
[2024-07-05T11:28:43.051-0700][info][gc,heap     ] GC(0) Old regions: 0->195
[2024-07-05T11:28:43.051-0700][info][gc,heap     ] GC(0) Archive regions: 2->2
[2024-07-05T11:28:43.051-0700][info][gc,heap     ] GC(0) Humongous regions: 2->2
[2024-07-05T11:28:43.051-0700][info][gc,metaspace] GC(0) Metaspace: 189K(384K)->189K(384K) NonClass: 183K(256K)->183K(256K) Class: 6K(128K)->6K(128K)
[2024-07-05T11:28:43.051-0700][info][gc          ] GC(0) Pause Young (Normal) (G1 Evacuation Pause) 411M->249M(8192M) 115.544ms
[2024-07-05T11:28:43.051-0700][info][gc,cpu      ] GC(0) User=0.17s Sys=0.26s Real=0.11s
[2024-07-05T11:28:45.752-0700][info][gc,start    ] GC(1) Pause Young (Normal) (G1 Evacuation Pause)
[2024-07-05T11:28:45.752-0700][info][gc,task     ] GC(1) Using 4 workers of 4 for evacuation
[2024-07-05T11:28:45.915-0700][info][gc,mmu      ] GC(1) MMU target violated: 101.0ms (100.0ms/101.0ms)
[2024-07-05T11:28:45.915-0700][info][gc,phases   ] GC(1)   Pre Evacuate Collection Set: 0.6ms
[2024-07-05T11:28:45.915-0700][info][gc,phases   ] GC(1)   Merge Heap Roots: 0.2ms
[2024-07-05T11:28:45.915-0700][info][gc,phases   ] GC(1)   Evacuate Collection Set: 160.9ms
[2024-07-05T11:28:45.915-0700][info][gc,phases   ] GC(1)   Post Evacuate Collection Set: 0.9ms
[2024-07-05T11:28:45.915-0700][info][gc,phases   ] GC(1)   Other: 0.2ms
[2024-07-05T11:28:45.915-0700][info][gc,heap     ] GC(1) Eden regions: 357->0(357)
[2024-07-05T11:28:45.915-0700][info][gc,heap     ] GC(1) Survivor regions: 52->52(52)
[2024-07-05T11:28:45.915-0700][info][gc,heap     ] GC(1) Old regions: 195->504
[2024-07-05T11:28:45.915-0700][info][gc,heap     ] GC(1) Archive regions: 2->2
[2024-07-05T11:28:45.915-0700][info][gc,heap     ] GC(1) Humongous regions: 7->7
[2024-07-05T11:28:45.915-0700][info][gc,metaspace] GC(1) Metaspace: 229K(448K)->229K(448K) NonClass: 222K(320K)->222K(320K) Class: 6K(128K)->6K(128K)
[2024-07-05T11:28:45.915-0700][info][gc          ] GC(1) Pause Young (Normal) (G1 Evacuation Pause) 611M->563M(8192M) 162.872ms
[2024-07-05T11:28:45.915-0700][info][gc,cpu      ] GC(1) User=0.29s Sys=0.33s Real=0.17s
[2024-07-05T11:28:50.924-0700][info][gc,start    ] GC(2) Pause Young (Normal) (G1 Evacuation Pause)
[2024-07-05T11:28:50.924-0700][info][gc,task     ] GC(2) Using 4 workers of 4 for evacuation
[2024-07-05T11:28:51.110-0700][info][gc,mmu      ] GC(2) MMU target violated: 101.0ms (100.0ms/101.0ms)
[2024-07-05T11:28:51.110-0700][info][gc,phases   ] GC(2)   Pre Evacuate Collection Set: 0.6ms
[2024-07-05T11:28:51.110-0700][info][gc,phases   ] GC(2)   Merge Heap Roots: 0.3ms
[2024-07-05T11:28:51.110-0700][info][gc,phases   ] GC(2)   Evacuate Collection Set: 183.9ms
[2024-07-05T11:28:51.110-0700][info][gc,phases   ] GC(2)   Post Evacuate Collection Set: 0.7ms
[2024-07-05T11:28:51.110-0700][info][gc,phases   ] GC(2)   Other: 0.2ms
[2024-07-05T11:28:51.110-0700][info][gc,heap     ] GC(2) Eden regions: 357->0(357)
[2024-07-05T11:28:51.110-0700][info][gc,heap     ] GC(2) Survivor regions: 52->52(52)
[2024-07-05T11:28:51.110-0700][info][gc,heap     ] GC(2) Old regions: 504->829
[2024-07-05T11:28:51.110-0700][info][gc,heap     ] GC(2) Archive regions: 2->2
[2024-07-05T11:28:51.110-0700][info][gc,heap     ] GC(2) Humongous regions: 11->11
[2024-07-05T11:28:51.110-0700][info][gc,metaspace] GC(2) Metaspace: 261K(448K)->261K(448K) NonClass: 254K(320K)->254K(320K) Class: 6K(128K)->6K(128K)
[2024-07-05T11:28:51.110-0700][info][gc          ] GC(2) Pause Young (Normal) (G1 Evacuation Pause) 924M->892M(8192M) 185.682ms
[2024-07-05T11:28:51.110-0700][info][gc,cpu      ] GC(2) User=0.27s Sys=0.43s Real=0.18s
[2024-07-05T11:29:01.320-0700][info][gc,start    ] GC(3) Pause Young (Normal) (G1 Evacuation Pause)
[2024-07-05T11:29:01.320-0700][info][gc,task     ] GC(3) Using 4 workers of 4 for evacuation
[2024-07-05T11:29:01.489-0700][info][gc,mmu      ] GC(3) MMU target violated: 101.0ms (100.0ms/101.0ms)
[2024-07-05T11:29:01.489-0700][info][gc,phases   ] GC(3)   Pre Evacuate Collection Set: 0.6ms
[2024-07-05T11:29:01.489-0700][info][gc,phases   ] GC(3)   Merge Heap Roots: 0.3ms
[2024-07-05T11:29:01.489-0700][info][gc,phases   ] GC(3)   Evacuate Collection Set: 166.7ms
[2024-07-05T11:29:01.489-0700][info][gc,phases   ] GC(3)   Post Evacuate Collection Set: 0.6ms
[2024-07-05T11:29:01.489-0700][info][gc,phases   ] GC(3)   Other: 0.2ms
[2024-07-05T11:29:01.489-0700][info][gc,heap     ] GC(3) Eden regions: 357->0(357)
[2024-07-05T11:29:01.489-0700][info][gc,heap     ] GC(3) Survivor regions: 52->52(52)
[2024-07-05T11:29:01.489-0700][info][gc,heap     ] GC(3) Old regions: 829->1132
[2024-07-05T11:29:01.489-0700][info][gc,heap     ] GC(3) Archive regions: 2->2
[2024-07-05T11:29:01.489-0700][info][gc,heap     ] GC(3) Humongous regions: 11->11
[2024-07-05T11:29:01.489-0700][info][gc,metaspace] GC(3) Metaspace: 263K(448K)->263K(448K) NonClass: 256K(320K)->256K(320K) Class: 6K(128K)->6K(128K)
[2024-07-05T11:29:01.489-0700][info][gc          ] GC(3) Pause Young (Normal) (G1 Evacuation Pause) 1249M->1195M(8192M) 168.463ms
[2024-07-05T11:29:01.489-0700][info][gc,cpu      ] GC(3) User=0.29s Sys=0.36s Real=0.17s
[2024-07-05T11:29:14.808-0700][info][gc,start    ] GC(4) Pause Young (Normal) (G1 Evacuation Pause)
[2024-07-05T11:29:14.808-0700][info][gc,task     ] GC(4) Using 4 workers of 4 for evacuation
[2024-07-05T11:29:15.007-0700][info][gc,mmu      ] GC(4) MMU target violated: 101.0ms (100.0ms/101.0ms)
[2024-07-05T11:29:15.007-0700][info][gc,phases   ] GC(4)   Pre Evacuate Collection Set: 0.5ms
[2024-07-05T11:29:15.007-0700][info][gc,phases   ] GC(4)   Merge Heap Roots: 0.3ms
[2024-07-05T11:29:15.007-0700][info][gc,phases   ] GC(4)   Evacuate Collection Set: 197.9ms
[2024-07-05T11:29:15.007-0700][info][gc,phases   ] GC(4)   Post Evacuate Collection Set: 0.7ms
[2024-07-05T11:29:15.007-0700][info][gc,phases   ] GC(4)   Other: 0.2ms
[2024-07-05T11:29:15.007-0700][info][gc,heap     ] GC(4) Eden regions: 357->0(357)
[2024-07-05T11:29:15.007-0700][info][gc,heap     ] GC(4) Survivor regions: 52->52(52)
[2024-07-05T11:29:15.007-0700][info][gc,heap     ] GC(4) Old regions: 1132->1466
[2024-07-05T11:29:15.007-0700][info][gc,heap     ] GC(4) Archive regions: 2->2
[2024-07-05T11:29:15.007-0700][info][gc,heap     ] GC(4) Humongous regions: 16->16
[2024-07-05T11:29:15.007-0700][info][gc,metaspace] GC(4) Metaspace: 268K(448K)->268K(448K) NonClass: 262K(320K)->262K(320K) Class: 6K(128K)->6K(128K)
[2024-07-05T11:29:15.007-0700][info][gc          ] GC(4) Pause Young (Normal) (G1 Evacuation Pause) 1557M->1534M(8192M) 199.656ms
[2024-07-05T11:29:15.007-0700][info][gc,cpu      ] GC(4) User=0.37s Sys=0.39s Real=0.20s
[2024-07-05T11:29:35.392-0700][info][gc,start    ] GC(5) Pause Young (Normal) (G1 Evacuation Pause)
[2024-07-05T11:29:35.392-0700][info][gc,task     ] GC(5) Using 4 workers of 4 for evacuation
[2024-07-05T11:29:35.588-0700][info][gc,mmu      ] GC(5) MMU target violated: 101.0ms (100.0ms/101.0ms)
[2024-07-05T11:29:35.588-0700][info][gc,phases   ] GC(5)   Pre Evacuate Collection Set: 0.5ms
[2024-07-05T11:29:35.588-0700][info][gc,phases   ] GC(5)   Merge Heap Roots: 0.3ms
[2024-07-05T11:29:35.588-0700][info][gc,phases   ] GC(5)   Evacuate Collection Set: 194.4ms
[2024-07-05T11:29:35.588-0700][info][gc,phases   ] GC(5)   Post Evacuate Collection Set: 0.7ms
[2024-07-05T11:29:35.588-0700][info][gc,phases   ] GC(5)   Other: 0.2ms
[2024-07-05T11:29:35.588-0700][info][gc,heap     ] GC(5) Eden regions: 357->0(357)
[2024-07-05T11:29:35.588-0700][info][gc,heap     ] GC(5) Survivor regions: 52->52(52)
[2024-07-05T11:29:35.588-0700][info][gc,heap     ] GC(5) Old regions: 1466->1793
[2024-07-05T11:29:35.588-0700][info][gc,heap     ] GC(5) Archive regions: 2->2
[2024-07-05T11:29:35.588-0700][info][gc,heap     ] GC(5) Humongous regions: 16->16
[2024-07-05T11:29:35.588-0700][info][gc,metaspace] GC(5) Metaspace: 269K(512K)->269K(512K) NonClass: 262K(384K)->262K(384K) Class: 6K(128K)->6K(128K)
[2024-07-05T11:29:35.588-0700][info][gc          ] GC(5) Pause Young (Normal) (G1 Evacuation Pause) 1891M->1861M(8192M) 196.081ms
[2024-07-05T11:29:35.588-0700][info][gc,cpu      ] GC(5) User=0.31s Sys=0.44s Real=0.20s
[2024-07-05T11:29:58.866-0700][info][gc,start    ] GC(6) Pause Young (Normal) (G1 Evacuation Pause)
[2024-07-05T11:29:58.866-0700][info][gc,task     ] GC(6) Using 4 workers of 4 for evacuation
[2024-07-05T11:29:59.117-0700][info][gc,mmu      ] GC(6) MMU target violated: 101.0ms (100.0ms/101.0ms)
[2024-07-05T11:29:59.117-0700][info][gc,phases   ] GC(6)   Pre Evacuate Collection Set: 0.6ms
[2024-07-05T11:29:59.117-0700][info][gc,phases   ] GC(6)   Merge Heap Roots: 0.5ms
[2024-07-05T11:29:59.117-0700][info][gc,phases   ] GC(6)   Evacuate Collection Set: 248.5ms
[2024-07-05T11:29:59.117-0700][info][gc,phases   ] GC(6)   Post Evacuate Collection Set: 0.7ms
[2024-07-05T11:29:59.117-0700][info][gc,phases   ] GC(6)   Other: 0.2ms
[2024-07-05T11:29:59.117-0700][info][gc,heap     ] GC(6) Eden regions: 357->0(357)
[2024-07-05T11:29:59.117-0700][info][gc,heap     ] GC(6) Survivor regions: 52->52(52)
[2024-07-05T11:29:59.117-0700][info][gc,heap     ] GC(6) Old regions: 1793->2139
[2024-07-05T11:29:59.117-0700][info][gc,heap     ] GC(6) Archive regions: 2->2
[2024-07-05T11:29:59.117-0700][info][gc,heap     ] GC(6) Humongous regions: 23->23
[2024-07-05T11:29:59.117-0700][info][gc,metaspace] GC(6) Metaspace: 285K(512K)->285K(512K) NonClass: 278K(384K)->278K(384K) Class: 6K(128K)->6K(128K)
[2024-07-05T11:29:59.117-0700][info][gc          ] GC(6) Pause Young (Normal) (G1 Evacuation Pause) 2225M->2214M(8192M) 250.537ms
[2024-07-05T11:29:59.117-0700][info][gc,cpu      ] GC(6) User=0.41s Sys=0.55s Real=0.25s
[2024-07-05T11:30:43.970-0700][info][gc,start    ] GC(7) Pause Young (Normal) (G1 Evacuation Pause)
[2024-07-05T11:30:43.970-0700][info][gc,task     ] GC(7) Using 4 workers of 4 for evacuation
[2024-07-05T11:30:44.153-0700][info][gc,mmu      ] GC(7) MMU target violated: 101.0ms (100.0ms/101.0ms)
[2024-07-05T11:30:44.153-0700][info][gc,phases   ] GC(7)   Pre Evacuate Collection Set: 0.5ms
[2024-07-05T11:30:44.153-0700][info][gc,phases   ] GC(7)   Merge Heap Roots: 0.3ms
[2024-07-05T11:30:44.153-0700][info][gc,phases   ] GC(7)   Evacuate Collection Set: 181.8ms
[2024-07-05T11:30:44.153-0700][info][gc,phases   ] GC(7)   Post Evacuate Collection Set: 0.6ms
[2024-07-05T11:30:44.153-0700][info][gc,phases   ] GC(7)   Other: 0.2ms
[2024-07-05T11:30:44.153-0700][info][gc,heap     ] GC(7) Eden regions: 357->0(357)
[2024-07-05T11:30:44.153-0700][info][gc,heap     ] GC(7) Survivor regions: 52->52(52)
[2024-07-05T11:30:44.153-0700][info][gc,heap     ] GC(7) Old regions: 2139->2475
[2024-07-05T11:30:44.153-0700][info][gc,heap     ] GC(7) Archive regions: 2->2
[2024-07-05T11:30:44.153-0700][info][gc,heap     ] GC(7) Humongous regions: 23->23
[2024-07-05T11:30:44.153-0700][info][gc,metaspace] GC(7) Metaspace: 285K(512K)->285K(512K) NonClass: 278K(384K)->278K(384K) Class: 6K(128K)->6K(128K)
[2024-07-05T11:30:44.153-0700][info][gc          ] GC(7) Pause Young (Normal) (G1 Evacuation Pause) 2571M->2550M(8192M) 183.515ms
[2024-07-05T11:30:44.153-0700][info][gc,cpu      ] GC(7) User=0.33s Sys=0.37s Real=0.18s
[2024-07-05T11:31:42.223-0700][info][gc,start    ] GC(8) Pause Young (Normal) (G1 Evacuation Pause)
[2024-07-05T11:31:42.223-0700][info][gc,task     ] GC(8) Using 4 workers of 4 for evacuation
[2024-07-05T11:31:42.412-0700][info][gc,mmu      ] GC(8) MMU target violated: 101.0ms (100.0ms/101.0ms)
[2024-07-05T11:31:42.412-0700][info][gc,phases   ] GC(8)   Pre Evacuate Collection Set: 0.6ms
[2024-07-05T11:31:42.412-0700][info][gc,phases   ] GC(8)   Merge Heap Roots: 0.3ms
[2024-07-05T11:31:42.412-0700][info][gc,phases   ] GC(8)   Evacuate Collection Set: 187.2ms
[2024-07-05T11:31:42.412-0700][info][gc,phases   ] GC(8)   Post Evacuate Collection Set: 0.7ms
[2024-07-05T11:31:42.412-0700][info][gc,phases   ] GC(8)   Other: 0.2ms
[2024-07-05T11:31:42.412-0700][info][gc,heap     ] GC(8) Eden regions: 357->0(357)
[2024-07-05T11:31:42.412-0700][info][gc,heap     ] GC(8) Survivor regions: 52->52(52)
[2024-07-05T11:31:42.412-0700][info][gc,heap     ] GC(8) Old regions: 2475->2806
[2024-07-05T11:31:42.412-0700][info][gc,heap     ] GC(8) Archive regions: 2->2
[2024-07-05T11:31:42.412-0700][info][gc,heap     ] GC(8) Humongous regions: 23->23
[2024-07-05T11:31:42.412-0700][info][gc,metaspace] GC(8) Metaspace: 291K(512K)->291K(512K) NonClass: 284K(384K)->284K(384K) Class: 6K(128K)->6K(128K)
[2024-07-05T11:31:42.412-0700][info][gc          ] GC(8) Pause Young (Normal) (G1 Evacuation Pause) 2907M->2881M(8192M) 189.001ms
[2024-07-05T11:31:42.412-0700][info][gc,cpu      ] GC(8) User=0.30s Sys=0.42s Real=0.18s
[2024-07-05T11:32:59.760-0700][info][gc,start    ] GC(9) Pause Young (Normal) (G1 Evacuation Pause)
[2024-07-05T11:32:59.760-0700][info][gc,task     ] GC(9) Using 4 workers of 4 for evacuation
[2024-07-05T11:32:59.948-0700][info][gc,mmu      ] GC(9) MMU target violated: 101.0ms (100.0ms/101.0ms)
[2024-07-05T11:32:59.948-0700][info][gc,phases   ] GC(9)   Pre Evacuate Collection Set: 0.6ms
[2024-07-05T11:32:59.948-0700][info][gc,phases   ] GC(9)   Merge Heap Roots: 0.3ms
[2024-07-05T11:32:59.948-0700][info][gc,phases   ] GC(9)   Evacuate Collection Set: 186.8ms
[2024-07-05T11:32:59.949-0700][info][gc,phases   ] GC(9)   Post Evacuate Collection Set: 0.8ms
[2024-07-05T11:32:59.949-0700][info][gc,phases   ] GC(9)   Other: 0.2ms
[2024-07-05T11:32:59.949-0700][info][gc,heap     ] GC(9) Eden regions: 357->0(357)
[2024-07-05T11:32:59.949-0700][info][gc,heap     ] GC(9) Survivor regions: 52->52(52)
[2024-07-05T11:32:59.949-0700][info][gc,heap     ] GC(9) Old regions: 2806->3140
[2024-07-05T11:32:59.949-0700][info][gc,heap     ] GC(9) Archive regions: 2->2
[2024-07-05T11:32:59.949-0700][info][gc,heap     ] GC(9) Humongous regions: 23->23
[2024-07-05T11:32:59.949-0700][info][gc,metaspace] GC(9) Metaspace: 296K(512K)->296K(512K) NonClass: 289K(384K)->289K(384K) Class: 7K(128K)->7K(128K)
[2024-07-05T11:32:59.949-0700][info][gc          ] GC(9) Pause Young (Normal) (G1 Evacuation Pause) 3238M->3215M(8192M) 188.722ms
[2024-07-05T11:32:59.949-0700][info][gc,cpu      ] GC(9) User=0.26s Sys=0.45s Real=0.19s
[2024-07-05T11:34:32.581-0700][info][gc,start    ] GC(10) Pause Young (Normal) (G1 Evacuation Pause)
[2024-07-05T11:34:32.581-0700][info][gc,task     ] GC(10) Using 4 workers of 4 for evacuation
[2024-07-05T11:34:32.776-0700][info][gc,mmu      ] GC(10) MMU target violated: 101.0ms (100.0ms/101.0ms)
[2024-07-05T11:34:32.776-0700][info][gc,phases   ] GC(10)   Pre Evacuate Collection Set: 0.7ms
[2024-07-05T11:34:32.776-0700][info][gc,phases   ] GC(10)   Merge Heap Roots: 0.4ms
[2024-07-05T11:34:32.776-0700][info][gc,phases   ] GC(10)   Evacuate Collection Set: 193.8ms
[2024-07-05T11:34:32.776-0700][info][gc,phases   ] GC(10)   Post Evacuate Collection Set: 0.7ms
[2024-07-05T11:34:32.776-0700][info][gc,phases   ] GC(10)   Other: 0.2ms
[2024-07-05T11:34:32.776-0700][info][gc,heap     ] GC(10) Eden regions: 357->0(357)
[2024-07-05T11:34:32.776-0700][info][gc,heap     ] GC(10) Survivor regions: 52->52(52)
[2024-07-05T11:34:32.776-0700][info][gc,heap     ] GC(10) Old regions: 3140->3483
[2024-07-05T11:34:32.776-0700][info][gc,heap     ] GC(10) Archive regions: 2->2
[2024-07-05T11:34:32.776-0700][info][gc,heap     ] GC(10) Humongous regions: 34->34
[2024-07-05T11:34:32.776-0700][info][gc,metaspace] GC(10) Metaspace: 300K(512K)->300K(512K) NonClass: 292K(384K)->292K(384K) Class: 7K(128K)->7K(128K)
[2024-07-05T11:34:32.776-0700][info][gc          ] GC(10) Pause Young (Normal) (G1 Evacuation Pause) 3583M->3569M(8192M) 195.782ms
[2024-07-05T11:34:32.776-0700][info][gc,cpu      ] GC(10) User=0.28s Sys=0.48s Real=0.20s
[2024-07-05T11:36:10.131-0700][info][gc,start    ] GC(11) Pause Young (Normal) (G1 Evacuation Pause)
[2024-07-05T11:36:10.131-0700][info][gc,task     ] GC(11) Using 4 workers of 4 for evacuation
[2024-07-05T11:36:10.341-0700][info][gc,mmu      ] GC(11) MMU target violated: 101.0ms (100.0ms/101.0ms)
[2024-07-05T11:36:10.341-0700][info][gc,phases   ] GC(11)   Pre Evacuate Collection Set: 0.6ms
[2024-07-05T11:36:10.341-0700][info][gc,phases   ] GC(11)   Merge Heap Roots: 0.6ms
[2024-07-05T11:36:10.341-0700][info][gc,phases   ] GC(11)   Evacuate Collection Set: 208.5ms
[2024-07-05T11:36:10.341-0700][info][gc,phases   ] GC(11)   Post Evacuate Collection Set: 0.7ms
[2024-07-05T11:36:10.341-0700][info][gc,phases   ] GC(11)   Other: 0.2ms
[2024-07-05T11:36:10.341-0700][info][gc,heap     ] GC(11) Eden regions: 357->0(357)
[2024-07-05T11:36:10.341-0700][info][gc,heap     ] GC(11) Survivor regions: 52->52(52)
[2024-07-05T11:36:10.341-0700][info][gc,heap     ] GC(11) Old regions: 3483->3820
[2024-07-05T11:36:10.341-0700][info][gc,heap     ] GC(11) Archive regions: 2->2
[2024-07-05T11:36:10.341-0700][info][gc,heap     ] GC(11) Humongous regions: 34->34
[2024-07-05T11:36:10.341-0700][info][gc,metaspace] GC(11) Metaspace: 300K(512K)->300K(512K) NonClass: 292K(384K)->292K(384K) Class: 7K(128K)->7K(128K)
[2024-07-05T11:36:10.341-0700][info][gc          ] GC(11) Pause Young (Normal) (G1 Evacuation Pause) 3926M->3906M(8192M) 210.596ms
[2024-07-05T11:36:10.341-0700][info][gc,cpu      ] GC(11) User=0.38s Sys=0.42s Real=0.21s
[2024-07-05T11:38:08.227-0700][info][gc,start    ] GC(12) Pause Young (Concurrent Start) (G1 Evacuation Pause)
[2024-07-05T11:38:08.227-0700][info][gc,task     ] GC(12) Using 4 workers of 4 for evacuation
[2024-07-05T11:38:09.530-0700][info][gc,mmu      ] GC(12) MMU target violated: 101.0ms (100.0ms/101.0ms)
[2024-07-05T11:38:09.530-0700][info][gc,phases   ] GC(12)   Pre Evacuate Collection Set: 0.5ms
[2024-07-05T11:38:09.530-0700][info][gc,phases   ] GC(12)   Merge Heap Roots: 0.4ms
[2024-07-05T11:38:09.530-0700][info][gc,phases   ] GC(12)   Evacuate Collection Set: 1299.8ms
[2024-07-05T11:38:09.530-0700][info][gc,phases   ] GC(12)   Post Evacuate Collection Set: 0.8ms
[2024-07-05T11:38:09.530-0700][info][gc,phases   ] GC(12)   Other: 1.2ms
[2024-07-05T11:38:09.530-0700][info][gc,heap     ] GC(12) Eden regions: 357->0(357)
[2024-07-05T11:38:09.530-0700][info][gc,heap     ] GC(12) Survivor regions: 52->52(52)
[2024-07-05T11:38:09.530-0700][info][gc,heap     ] GC(12) Old regions: 3820->4159
[2024-07-05T11:38:09.530-0700][info][gc,heap     ] GC(12) Archive regions: 2->2
[2024-07-05T11:38:09.530-0700][info][gc,heap     ] GC(12) Humongous regions: 34->34
[2024-07-05T11:38:09.530-0700][info][gc,metaspace] GC(12) Metaspace: 300K(512K)->300K(512K) NonClass: 292K(384K)->292K(384K) Class: 7K(128K)->7K(128K)
[2024-07-05T11:38:09.530-0700][info][gc          ] GC(12) Pause Young (Concurrent Start) (G1 Evacuation Pause) 4263M->4245M(8192M) 1302.752ms
[2024-07-05T11:38:09.530-0700][info][gc,cpu      ] GC(12) User=0.48s Sys=4.72s Real=1.30s
[2024-07-05T11:38:09.530-0700][info][gc          ] GC(13) Concurrent Mark Cycle
[2024-07-05T11:38:09.530-0700][info][gc,marking  ] GC(13) Concurrent Clear Claimed Marks
[2024-07-05T11:38:09.530-0700][info][gc,marking  ] GC(13) Concurrent Clear Claimed Marks 0.009ms
[2024-07-05T11:38:09.530-0700][info][gc,marking  ] GC(13) Concurrent Scan Root Regions
[2024-07-05T11:38:09.548-0700][info][gc,marking  ] GC(13) Concurrent Scan Root Regions 18.049ms
[2024-07-05T11:38:09.548-0700][info][gc,marking  ] GC(13) Concurrent Mark
[2024-07-05T11:38:09.548-0700][info][gc,marking  ] GC(13) Concurrent Mark From Roots
[2024-07-05T11:38:09.548-0700][info][gc,task     ] GC(13) Using 1 workers of 1 for marking
[2024-07-05T11:38:11.071-0700][info][gc,marking  ] GC(13) Concurrent Mark From Roots 1522.601ms
[2024-07-05T11:38:11.071-0700][info][gc,marking  ] GC(13) Concurrent Preclean
[2024-07-05T11:38:11.071-0700][info][gc,marking  ] GC(13) Concurrent Preclean 0.088ms
[2024-07-05T11:38:11.085-0700][info][gc,start    ] GC(13) Pause Remark
[2024-07-05T11:38:11.087-0700][info][gc          ] GC(13) Pause Remark 4251M->4228M(8192M) 2.007ms
[2024-07-05T11:38:11.087-0700][info][gc,cpu      ] GC(13) User=0.01s Sys=0.00s Real=0.00s
[2024-07-05T11:38:11.087-0700][info][gc,marking  ] GC(13) Concurrent Mark 1538.784ms
[2024-07-05T11:38:11.087-0700][info][gc,marking  ] GC(13) Concurrent Rebuild Remembered Sets
[2024-07-05T11:38:11.291-0700][info][gc,marking  ] GC(13) Concurrent Rebuild Remembered Sets 203.751ms
[2024-07-05T11:38:11.292-0700][info][gc,start    ] GC(13) Pause Cleanup
[2024-07-05T11:38:11.294-0700][info][gc          ] GC(13) Pause Cleanup 4228M->4228M(8192M) 2.329ms
[2024-07-05T11:38:11.294-0700][info][gc,cpu      ] GC(13) User=0.00s Sys=0.00s Real=0.00s
[2024-07-05T11:38:11.294-0700][info][gc,marking  ] GC(13) Concurrent Cleanup for Next Mark
[2024-07-05T11:38:12.870-0700][info][gc,marking  ] GC(13) Concurrent Cleanup for Next Mark 1575.561ms
[2024-07-05T11:38:12.870-0700][info][gc          ] GC(13) Concurrent Mark Cycle 3339.535ms
[2024-07-05T11:40:25.212-0700][info][gc,start    ] GC(14) Pause Young (Prepare Mixed) (G1 Evacuation Pause)
[2024-07-05T11:40:25.212-0700][info][gc,task     ] GC(14) Using 4 workers of 4 for evacuation
[2024-07-05T11:40:26.592-0700][info][gc,mmu      ] GC(14) MMU target violated: 101.0ms (100.0ms/101.0ms)
[2024-07-05T11:40:26.592-0700][info][gc,phases   ] GC(14)   Pre Evacuate Collection Set: 0.6ms
[2024-07-05T11:40:26.592-0700][info][gc,phases   ] GC(14)   Merge Heap Roots: 0.3ms
[2024-07-05T11:40:26.592-0700][info][gc,phases   ] GC(14)   Evacuate Collection Set: 1378.0ms
[2024-07-05T11:40:26.592-0700][info][gc,phases   ] GC(14)   Post Evacuate Collection Set: 0.8ms
[2024-07-05T11:40:26.592-0700][info][gc,phases   ] GC(14)   Other: 0.3ms
[2024-07-05T11:40:26.592-0700][info][gc,heap     ] GC(14) Eden regions: 357->0(357)
[2024-07-05T11:40:26.592-0700][info][gc,heap     ] GC(14) Survivor regions: 52->52(52)
[2024-07-05T11:40:26.592-0700][info][gc,heap     ] GC(14) Old regions: 4159->4498
[2024-07-05T11:40:26.592-0700][info][gc,heap     ] GC(14) Archive regions: 2->2
[2024-07-05T11:40:26.592-0700][info][gc,heap     ] GC(14) Humongous regions: 11->11
[2024-07-05T11:40:26.592-0700][info][gc,metaspace] GC(14) Metaspace: 300K(512K)->300K(512K) NonClass: 293K(384K)->293K(384K) Class: 7K(128K)->7K(128K)
[2024-07-05T11:40:26.592-0700][info][gc          ] GC(14) Pause Young (Prepare Mixed) (G1 Evacuation Pause) 4579M->4561M(8192M) 1380.151ms
[2024-07-05T11:40:26.592-0700][info][gc,cpu      ] GC(14) User=0.45s Sys=5.07s Real=1.38s
[2024-07-05T11:42:42.459-0700][info][gc,start    ] GC(15) Pause Young (Mixed) (G1 Evacuation Pause)
[2024-07-05T11:42:42.459-0700][info][gc,task     ] GC(15) Using 4 workers of 4 for evacuation
[2024-07-05T11:42:44.012-0700][info][gc,mmu      ] GC(15) MMU target violated: 101.0ms (100.0ms/101.0ms)
[2024-07-05T11:42:44.012-0700][info][gc,phases   ] GC(15)   Pre Evacuate Collection Set: 0.7ms
[2024-07-05T11:42:44.012-0700][info][gc,phases   ] GC(15)   Merge Heap Roots: 0.4ms
[2024-07-05T11:42:44.012-0700][info][gc,phases   ] GC(15)   Evacuate Collection Set: 1549.1ms
[2024-07-05T11:42:44.012-0700][info][gc,phases   ] GC(15)   Post Evacuate Collection Set: 3.0ms
[2024-07-05T11:42:44.012-0700][info][gc,phases   ] GC(15)   Other: 0.2ms
[2024-07-05T11:42:44.012-0700][info][gc,heap     ] GC(15) Eden regions: 357->0(357)
[2024-07-05T11:42:44.012-0700][info][gc,heap     ] GC(15) Survivor regions: 52->52(52)
[2024-07-05T11:42:44.012-0700][info][gc,heap     ] GC(15) Old regions: 4498->4603
[2024-07-05T11:42:44.012-0700][info][gc,heap     ] GC(15) Archive regions: 2->2
[2024-07-05T11:42:44.012-0700][info][gc,heap     ] GC(15) Humongous regions: 11->11
[2024-07-05T11:42:44.012-0700][info][gc,metaspace] GC(15) Metaspace: 300K(512K)->300K(512K) NonClass: 293K(384K)->293K(384K) Class: 7K(128K)->7K(128K)
[2024-07-05T11:42:44.012-0700][info][gc          ] GC(15) Pause Young (Mixed) (G1 Evacuation Pause) 4918M->4666M(8192M) 1553.466ms
[2024-07-05T11:42:44.012-0700][info][gc,cpu      ] GC(15) User=0.54s Sys=5.66s Real=1.55s
[2024-07-05T11:45:11.784-0700][info][gc,start    ] GC(16) Pause Young (Mixed) (G1 Evacuation Pause)
[2024-07-05T11:45:11.784-0700][info][gc,task     ] GC(16) Using 4 workers of 4 for evacuation
[2024-07-05T11:45:12.460-0700][info][gc,mmu      ] GC(16) MMU target violated: 101.0ms (100.0ms/101.0ms)
[2024-07-05T11:45:12.460-0700][info][gc,phases   ] GC(16)   Pre Evacuate Collection Set: 0.7ms
[2024-07-05T11:45:12.460-0700][info][gc,phases   ] GC(16)   Merge Heap Roots: 0.4ms
[2024-07-05T11:45:12.460-0700][info][gc,phases   ] GC(16)   Evacuate Collection Set: 670.7ms
[2024-07-05T11:45:12.460-0700][info][gc,phases   ] GC(16)   Post Evacuate Collection Set: 3.4ms
[2024-07-05T11:45:12.460-0700][info][gc,phases   ] GC(16)   Other: 0.2ms
[2024-07-05T11:45:12.460-0700][info][gc,heap     ] GC(16) Eden regions: 357->0(357)
[2024-07-05T11:45:12.460-0700][info][gc,heap     ] GC(16) Survivor regions: 52->52(52)
[2024-07-05T11:45:12.460-0700][info][gc,heap     ] GC(16) Old regions: 4603->4725
[2024-07-05T11:45:12.460-0700][info][gc,heap     ] GC(16) Archive regions: 2->2
[2024-07-05T11:45:12.460-0700][info][gc,heap     ] GC(16) Humongous regions: 27->27
[2024-07-05T11:45:12.460-0700][info][gc,metaspace] GC(16) Metaspace: 300K(512K)->300K(512K) NonClass: 293K(384K)->293K(384K) Class: 7K(128K)->7K(128K)
[2024-07-05T11:45:12.460-0700][info][gc          ] GC(16) Pause Young (Mixed) (G1 Evacuation Pause) 5039M->4804M(8192M) 675.390ms
[2024-07-05T11:45:12.460-0700][info][gc,cpu      ] GC(16) User=0.35s Sys=2.32s Real=0.67s
[2024-07-05T11:47:41.026-0700][info][gc,start    ] GC(17) Pause Young (Mixed) (G1 Evacuation Pause)
[2024-07-05T11:47:41.026-0700][info][gc,task     ] GC(17) Using 4 workers of 4 for evacuation
[2024-07-05T11:47:41.681-0700][info][gc,mmu      ] GC(17) MMU target violated: 101.0ms (100.0ms/101.0ms)
[2024-07-05T11:47:41.681-0700][info][gc,phases   ] GC(17)   Pre Evacuate Collection Set: 0.7ms
[2024-07-05T11:47:41.681-0700][info][gc,phases   ] GC(17)   Merge Heap Roots: 0.6ms
[2024-07-05T11:47:41.681-0700][info][gc,phases   ] GC(17)   Evacuate Collection Set: 650.3ms
[2024-07-05T11:47:41.681-0700][info][gc,phases   ] GC(17)   Post Evacuate Collection Set: 3.8ms
[2024-07-05T11:47:41.681-0700][info][gc,phases   ] GC(17)   Other: 0.2ms
[2024-07-05T11:47:41.681-0700][info][gc,heap     ] GC(17) Eden regions: 357->0(357)
[2024-07-05T11:47:41.681-0700][info][gc,heap     ] GC(17) Survivor regions: 52->52(52)
[2024-07-05T11:47:41.681-0700][info][gc,heap     ] GC(17) Old regions: 4725->4858
[2024-07-05T11:47:41.681-0700][info][gc,heap     ] GC(17) Archive regions: 2->2
[2024-07-05T11:47:41.681-0700][info][gc,heap     ] GC(17) Humongous regions: 27->27
[2024-07-05T11:47:41.681-0700][info][gc,metaspace] GC(17) Metaspace: 300K(512K)->300K(512K) NonClass: 293K(384K)->293K(384K) Class: 7K(128K)->7K(128K)
[2024-07-05T11:47:41.681-0700][info][gc          ] GC(17) Pause Young (Mixed) (G1 Evacuation Pause) 5161M->4937M(8192M) 655.557ms
[2024-07-05T11:47:41.681-0700][info][gc,cpu      ] GC(17) User=0.39s Sys=2.20s Real=0.65s
[2024-07-05T11:49:52.560-0700][info][gc,start    ] GC(18) Pause Young (Mixed) (G1 Evacuation Pause)
[2024-07-05T11:49:52.560-0700][info][gc,task     ] GC(18) Using 4 workers of 4 for evacuation
[2024-07-05T11:49:53.245-0700][info][gc,mmu      ] GC(18) MMU target violated: 101.0ms (100.0ms/101.0ms)
[2024-07-05T11:49:53.245-0700][info][gc,phases   ] GC(18)   Pre Evacuate Collection Set: 0.8ms
[2024-07-05T11:49:53.245-0700][info][gc,phases   ] GC(18)   Merge Heap Roots: 0.5ms
[2024-07-05T11:49:53.245-0700][info][gc,phases   ] GC(18)   Evacuate Collection Set: 680.2ms
[2024-07-05T11:49:53.245-0700][info][gc,phases   ] GC(18)   Post Evacuate Collection Set: 3.1ms
[2024-07-05T11:49:53.245-0700][info][gc,phases   ] GC(18)   Other: 0.2ms
[2024-07-05T11:49:53.245-0700][info][gc,heap     ] GC(18) Eden regions: 357->0(357)
[2024-07-05T11:49:53.245-0700][info][gc,heap     ] GC(18) Survivor regions: 52->52(52)
[2024-07-05T11:49:53.245-0700][info][gc,heap     ] GC(18) Old regions: 4858->5008
[2024-07-05T11:49:53.245-0700][info][gc,heap     ] GC(18) Archive regions: 2->2
[2024-07-05T11:49:53.245-0700][info][gc,heap     ] GC(18) Humongous regions: 27->27
[2024-07-05T11:49:53.245-0700][info][gc,metaspace] GC(18) Metaspace: 300K(512K)->300K(512K) NonClass: 293K(384K)->293K(384K) Class: 7K(128K)->7K(128K)
[2024-07-05T11:49:53.245-0700][info][gc          ] GC(18) Pause Young (Mixed) (G1 Evacuation Pause) 5294M->5087M(8192M) 684.821ms
[2024-07-05T11:49:53.245-0700][info][gc,cpu      ] GC(18) User=0.45s Sys=2.26s Real=0.69s
[2024-07-05T11:52:12.299-0700][info][gc,start    ] GC(19) Pause Young (Mixed) (G1 Evacuation Pause)
[2024-07-05T11:52:12.299-0700][info][gc,task     ] GC(19) Using 4 workers of 4 for evacuation
[2024-07-05T11:52:13.066-0700][info][gc,mmu      ] GC(19) MMU target violated: 101.0ms (100.0ms/101.0ms)
[2024-07-05T11:52:13.066-0700][info][gc,phases   ] GC(19)   Pre Evacuate Collection Set: 0.6ms
[2024-07-05T11:52:13.066-0700][info][gc,phases   ] GC(19)   Merge Heap Roots: 0.6ms
[2024-07-05T11:52:13.066-0700][info][gc,phases   ] GC(19)   Evacuate Collection Set: 762.4ms
[2024-07-05T11:52:13.066-0700][info][gc,phases   ] GC(19)   Post Evacuate Collection Set: 3.2ms
[2024-07-05T11:52:13.066-0700][info][gc,phases   ] GC(19)   Other: 0.2ms
[2024-07-05T11:52:13.066-0700][info][gc,heap     ] GC(19) Eden regions: 357->0(357)
[2024-07-05T11:52:13.066-0700][info][gc,heap     ] GC(19) Survivor regions: 52->52(52)
[2024-07-05T11:52:13.066-0700][info][gc,heap     ] GC(19) Old regions: 5008->5173
[2024-07-05T11:52:13.066-0700][info][gc,heap     ] GC(19) Archive regions: 2->2
[2024-07-05T11:52:13.066-0700][info][gc,heap     ] GC(19) Humongous regions: 27->27
[2024-07-05T11:52:13.066-0700][info][gc,metaspace] GC(19) Metaspace: 300K(512K)->300K(512K) NonClass: 293K(384K)->293K(384K) Class: 7K(128K)->7K(128K)
[2024-07-05T11:52:13.066-0700][info][gc          ] GC(19) Pause Young (Mixed) (G1 Evacuation Pause) 5444M->5252M(8192M) 767.148ms
[2024-07-05T11:52:13.066-0700][info][gc,cpu      ] GC(19) User=0.47s Sys=2.56s Real=0.77s
[2024-07-05T11:54:44.160-0700][info][gc,start    ] GC(20) Pause Young (Mixed) (G1 Evacuation Pause)
[2024-07-05T11:54:44.160-0700][info][gc,task     ] GC(20) Using 4 workers of 4 for evacuation
[2024-07-05T11:54:45.061-0700][info][gc,mmu      ] GC(20) MMU target violated: 101.0ms (100.0ms/101.0ms)
[2024-07-05T11:54:45.061-0700][info][gc,phases   ] GC(20)   Pre Evacuate Collection Set: 0.7ms
[2024-07-05T11:54:45.061-0700][info][gc,phases   ] GC(20)   Merge Heap Roots: 0.7ms
[2024-07-05T11:54:45.061-0700][info][gc,phases   ] GC(20)   Evacuate Collection Set: 896.4ms
[2024-07-05T11:54:45.061-0700][info][gc,phases   ] GC(20)   Post Evacuate Collection Set: 2.8ms
[2024-07-05T11:54:45.061-0700][info][gc,phases   ] GC(20)   Other: 0.3ms
[2024-07-05T11:54:45.061-0700][info][gc,heap     ] GC(20) Eden regions: 357->0(357)
[2024-07-05T11:54:45.061-0700][info][gc,heap     ] GC(20) Survivor regions: 52->52(52)
[2024-07-05T11:54:45.061-0700][info][gc,heap     ] GC(20) Old regions: 5173->5351
[2024-07-05T11:54:45.061-0700][info][gc,heap     ] GC(20) Archive regions: 2->2
[2024-07-05T11:54:45.061-0700][info][gc,heap     ] GC(20) Humongous regions: 27->27
[2024-07-05T11:54:45.061-0700][info][gc,metaspace] GC(20) Metaspace: 300K(512K)->300K(512K) NonClass: 293K(384K)->293K(384K) Class: 7K(128K)->7K(128K)
[2024-07-05T11:54:45.061-0700][info][gc          ] GC(20) Pause Young (Mixed) (G1 Evacuation Pause) 5609M->5430M(8192M) 900.924ms
[2024-07-05T11:54:45.061-0700][info][gc,cpu      ] GC(20) User=0.48s Sys=3.07s Real=0.90s
[2024-07-05T11:57:27.835-0700][info][gc,start    ] GC(21) Pause Young (Mixed) (G1 Evacuation Pause)
[2024-07-05T11:57:27.835-0700][info][gc,task     ] GC(21) Using 4 workers of 4 for evacuation
[2024-07-05T11:57:28.833-0700][info][gc,mmu      ] GC(21) MMU target violated: 101.0ms (100.0ms/101.0ms)
[2024-07-05T11:57:28.833-0700][info][gc,phases   ] GC(21)   Pre Evacuate Collection Set: 0.6ms
[2024-07-05T11:57:28.833-0700][info][gc,phases   ] GC(21)   Merge Heap Roots: 0.7ms
[2024-07-05T11:57:28.833-0700][info][gc,phases   ] GC(21)   Evacuate Collection Set: 992.7ms
[2024-07-05T11:57:28.833-0700][info][gc,phases   ] GC(21)   Post Evacuate Collection Set: 3.7ms
[2024-07-05T11:57:28.833-0700][info][gc,phases   ] GC(21)   Other: 0.2ms
[2024-07-05T11:57:28.833-0700][info][gc,heap     ] GC(21) Eden regions: 357->0(357)
[2024-07-05T11:57:28.833-0700][info][gc,heap     ] GC(21) Survivor regions: 52->52(52)
[2024-07-05T11:57:28.833-0700][info][gc,heap     ] GC(21) Old regions: 5351->5543
[2024-07-05T11:57:28.833-0700][info][gc,heap     ] GC(21) Archive regions: 2->2
[2024-07-05T11:57:28.833-0700][info][gc,heap     ] GC(21) Humongous regions: 27->27
[2024-07-05T11:57:28.833-0700][info][gc,metaspace] GC(21) Metaspace: 300K(512K)->300K(512K) NonClass: 293K(384K)->293K(384K) Class: 7K(128K)->7K(128K)
[2024-07-05T11:57:28.833-0700][info][gc          ] GC(21) Pause Young (Mixed) (G1 Evacuation Pause) 5787M->5622M(8192M) 998.010ms
[2024-07-05T11:57:28.833-0700][info][gc,cpu      ] GC(21) User=0.58s Sys=3.38s Real=0.99s
[2024-07-05T12:00:26.530-0700][info][gc,start    ] GC(22) Pause Young (Mixed) (G1 Evacuation Pause)
[2024-07-05T12:00:26.530-0700][info][gc,task     ] GC(22) Using 4 workers of 4 for evacuation
[2024-07-05T12:00:27.823-0700][info][gc,mmu      ] GC(22) MMU target violated: 101.0ms (100.0ms/101.0ms)
[2024-07-05T12:00:27.823-0700][info][gc,phases   ] GC(22)   Pre Evacuate Collection Set: 0.7ms
[2024-07-05T12:00:27.823-0700][info][gc,phases   ] GC(22)   Merge Heap Roots: 0.8ms
[2024-07-05T12:00:27.823-0700][info][gc,phases   ] GC(22)   Evacuate Collection Set: 1287.8ms
[2024-07-05T12:00:27.823-0700][info][gc,phases   ] GC(22)   Post Evacuate Collection Set: 3.1ms
[2024-07-05T12:00:27.823-0700][info][gc,phases   ] GC(22)   Other: 0.2ms
[2024-07-05T12:00:27.823-0700][info][gc,heap     ] GC(22) Eden regions: 357->0(357)
[2024-07-05T12:00:27.823-0700][info][gc,heap     ] GC(22) Survivor regions: 52->52(52)
[2024-07-05T12:00:27.823-0700][info][gc,heap     ] GC(22) Old regions: 5543->5748
[2024-07-05T12:00:27.823-0700][info][gc,heap     ] GC(22) Archive regions: 2->2
[2024-07-05T12:00:27.823-0700][info][gc,heap     ] GC(22) Humongous regions: 27->27
[2024-07-05T12:00:27.823-0700][info][gc,metaspace] GC(22) Metaspace: 304K(512K)->304K(512K) NonClass: 296K(384K)->296K(384K) Class: 7K(128K)->7K(128K)
[2024-07-05T12:00:27.823-0700][info][gc          ] GC(22) Pause Young (Mixed) (G1 Evacuation Pause) 5979M->5827M(8192M) 1292.775ms
[2024-07-05T12:00:27.823-0700][info][gc,cpu      ] GC(22) User=0.71s Sys=4.40s Real=1.30s
[2024-07-05T12:02:49.838-0700][info][gc,start    ] GC(23) Pause Young (Concurrent Start) (G1 Humongous Allocation)
[2024-07-05T12:02:49.838-0700][info][gc,task     ] GC(23) Using 4 workers of 4 for evacuation
[2024-07-05T12:02:49.944-0700][info][gc,mmu      ] GC(23) MMU target violated: 101.0ms (100.0ms/101.0ms)
[2024-07-05T12:02:49.944-0700][info][gc,phases   ] GC(23)   Pre Evacuate Collection Set: 0.7ms
[2024-07-05T12:02:49.944-0700][info][gc,phases   ] GC(23)   Merge Heap Roots: 0.4ms
[2024-07-05T12:02:49.944-0700][info][gc,phases   ] GC(23)   Evacuate Collection Set: 103.4ms
[2024-07-05T12:02:49.944-0700][info][gc,phases   ] GC(23)   Post Evacuate Collection Set: 0.7ms
[2024-07-05T12:02:49.944-0700][info][gc,phases   ] GC(23)   Other: 1.2ms
[2024-07-05T12:02:49.944-0700][info][gc,heap     ] GC(23) Eden regions: 254->0(357)
[2024-07-05T12:02:49.944-0700][info][gc,heap     ] GC(23) Survivor regions: 52->52(52)
[2024-07-05T12:02:49.944-0700][info][gc,heap     ] GC(23) Old regions: 5748->5995
[2024-07-05T12:02:49.944-0700][info][gc,heap     ] GC(23) Archive regions: 2->2
[2024-07-05T12:02:49.944-0700][info][gc,heap     ] GC(23) Humongous regions: 27->27
[2024-07-05T12:02:49.944-0700][info][gc,metaspace] GC(23) Metaspace: 304K(512K)->304K(512K) NonClass: 296K(384K)->296K(384K) Class: 7K(128K)->7K(128K)
[2024-07-05T12:02:49.944-0700][info][gc          ] GC(23) Pause Young (Concurrent Start) (G1 Humongous Allocation) 6081M->6074M(8192M) 106.420ms
[2024-07-05T12:02:49.944-0700][info][gc,cpu      ] GC(23) User=0.26s Sys=0.11s Real=0.11s
[2024-07-05T12:02:49.944-0700][info][gc          ] GC(24) Concurrent Mark Cycle
[2024-07-05T12:02:49.944-0700][info][gc,marking  ] GC(24) Concurrent Clear Claimed Marks
[2024-07-05T12:02:49.944-0700][info][gc,marking  ] GC(24) Concurrent Clear Claimed Marks 0.010ms
[2024-07-05T12:02:49.944-0700][info][gc,marking  ] GC(24) Concurrent Scan Root Regions
[2024-07-05T12:02:49.961-0700][info][gc,marking  ] GC(24) Concurrent Scan Root Regions 17.012ms
[2024-07-05T12:02:49.962-0700][info][gc,marking  ] GC(24) Concurrent Mark
[2024-07-05T12:02:49.962-0700][info][gc,marking  ] GC(24) Concurrent Mark From Roots
[2024-07-05T12:02:49.962-0700][info][gc,task     ] GC(24) Using 1 workers of 1 for marking
[2024-07-05T12:02:55.515-0700][info][gc,marking  ] GC(24) Concurrent Mark From Roots 5553.170ms
[2024-07-05T12:02:55.515-0700][info][gc,marking  ] GC(24) Concurrent Preclean
[2024-07-05T12:02:55.515-0700][info][gc,marking  ] GC(24) Concurrent Preclean 0.097ms
[2024-07-05T12:02:55.545-0700][info][gc,start    ] GC(24) Pause Remark
[2024-07-05T12:02:55.547-0700][info][gc          ] GC(24) Pause Remark 6101M->6084M(8192M) 1.856ms
[2024-07-05T12:02:55.547-0700][info][gc,cpu      ] GC(24) User=0.00s Sys=0.00s Real=0.00s
[2024-07-05T12:02:55.547-0700][info][gc,marking  ] GC(24) Concurrent Mark 5585.841ms
[2024-07-05T12:02:55.547-0700][info][gc,marking  ] GC(24) Concurrent Rebuild Remembered Sets
[2024-07-05T12:02:56.420-0700][info][gc,marking  ] GC(24) Concurrent Rebuild Remembered Sets 872.900ms
[2024-07-05T12:02:56.421-0700][info][gc,start    ] GC(24) Pause Cleanup
[2024-07-05T12:02:56.425-0700][info][gc          ] GC(24) Pause Cleanup 6084M->6084M(8192M) 4.661ms
[2024-07-05T12:02:56.426-0700][info][gc,cpu      ] GC(24) User=0.00s Sys=0.00s Real=0.01s
[2024-07-05T12:02:56.426-0700][info][gc,marking  ] GC(24) Concurrent Cleanup for Next Mark
[2024-07-05T12:02:57.667-0700][info][gc,marking  ] GC(24) Concurrent Cleanup for Next Mark 1240.918ms
[2024-07-05T12:02:57.667-0700][info][gc          ] GC(24) Concurrent Mark Cycle 7722.257ms
[2024-07-05T12:07:01.606-0700][info][gc,start    ] GC(25) Pause Young (Prepare Mixed) (G1 Evacuation Pause)
[2024-07-05T12:07:01.606-0700][info][gc,task     ] GC(25) Using 4 workers of 4 for evacuation
[2024-07-05T12:07:03.281-0700][info][gc,mmu      ] GC(25) MMU target violated: 101.0ms (100.0ms/101.0ms)
[2024-07-05T12:07:03.281-0700][info][gc,phases   ] GC(25)   Pre Evacuate Collection Set: 1.1ms
[2024-07-05T12:07:03.281-0700][info][gc,phases   ] GC(25)   Merge Heap Roots: 0.9ms
[2024-07-05T12:07:03.281-0700][info][gc,phases   ] GC(25)   Evacuate Collection Set: 1672.4ms
[2024-07-05T12:07:03.281-0700][info][gc,phases   ] GC(25)   Post Evacuate Collection Set: 0.7ms
[2024-07-05T12:07:03.281-0700][info][gc,phases   ] GC(25)   Other: 0.3ms
[2024-07-05T12:07:03.281-0700][info][gc,heap     ] GC(25) Eden regions: 357->0(357)
[2024-07-05T12:07:03.281-0700][info][gc,heap     ] GC(25) Survivor regions: 52->52(52)
[2024-07-05T12:07:03.281-0700][info][gc,heap     ] GC(25) Old regions: 5989->6338
[2024-07-05T12:07:03.281-0700][info][gc,heap     ] GC(25) Archive regions: 2->2
[2024-07-05T12:07:03.281-0700][info][gc,heap     ] GC(25) Humongous regions: 40->40
[2024-07-05T12:07:03.281-0700][info][gc,metaspace] GC(25) Metaspace: 304K(512K)->304K(512K) NonClass: 296K(384K)->296K(384K) Class: 7K(128K)->7K(128K)
[2024-07-05T12:07:03.281-0700][info][gc          ] GC(25) Pause Young (Prepare Mixed) (G1 Evacuation Pause) 6438M->6430M(8192M) 1675.494ms
[2024-07-05T12:07:03.281-0700][info][gc,cpu      ] GC(25) User=0.52s Sys=6.15s Real=1.67s
[2024-07-05T12:11:08.246-0700][info][gc,start    ] GC(26) Pause Young (Mixed) (G1 Evacuation Pause)
[2024-07-05T12:11:08.246-0700][info][gc,task     ] GC(26) Using 4 workers of 4 for evacuation
[2024-07-05T12:11:10.399-0700][info][gc,mmu      ] GC(26) MMU target violated: 101.0ms (100.0ms/101.0ms)
[2024-07-05T12:11:10.399-0700][info][gc,phases   ] GC(26)   Pre Evacuate Collection Set: 0.7ms
[2024-07-05T12:11:10.399-0700][info][gc,phases   ] GC(26)   Merge Heap Roots: 0.7ms
[2024-07-05T12:11:10.399-0700][info][gc,phases   ] GC(26)   Evacuate Collection Set: 2148.1ms
[2024-07-05T12:11:10.399-0700][info][gc,phases   ] GC(26)   Post Evacuate Collection Set: 3.3ms
[2024-07-05T12:11:10.399-0700][info][gc,phases   ] GC(26)   Other: 0.2ms
[2024-07-05T12:11:10.399-0700][info][gc,heap     ] GC(26) Eden regions: 357->0(357)
[2024-07-05T12:11:10.399-0700][info][gc,heap     ] GC(26) Survivor regions: 52->52(52)
[2024-07-05T12:11:10.399-0700][info][gc,heap     ] GC(26) Old regions: 6338->6442
[2024-07-05T12:11:10.399-0700][info][gc,heap     ] GC(26) Archive regions: 2->2
[2024-07-05T12:11:10.399-0700][info][gc,heap     ] GC(26) Humongous regions: 40->40
[2024-07-05T12:11:10.399-0700][info][gc,metaspace] GC(26) Metaspace: 304K(512K)->304K(512K) NonClass: 296K(384K)->296K(384K) Class: 7K(128K)->7K(128K)
[2024-07-05T12:11:10.399-0700][info][gc          ] GC(26) Pause Young (Mixed) (G1 Evacuation Pause) 6787M->6534M(8192M) 2153.107ms
[2024-07-05T12:11:10.399-0700][info][gc,cpu      ] GC(26) User=0.67s Sys=7.94s Real=2.15s
[2024-07-05T12:15:03.412-0700][info][gc,start    ] GC(27) Pause Young (Mixed) (G1 Evacuation Pause)
[2024-07-05T12:15:03.412-0700][info][gc,task     ] GC(27) Using 4 workers of 4 for evacuation
[2024-07-05T12:15:04.177-0700][info][gc,mmu      ] GC(27) MMU target violated: 101.0ms (100.0ms/101.0ms)
[2024-07-05T12:15:04.177-0700][info][gc,phases   ] GC(27)   Pre Evacuate Collection Set: 0.8ms
[2024-07-05T12:15:04.177-0700][info][gc,phases   ] GC(27)   Merge Heap Roots: 0.8ms
[2024-07-05T12:15:04.177-0700][info][gc,phases   ] GC(27)   Evacuate Collection Set: 759.2ms
[2024-07-05T12:15:04.177-0700][info][gc,phases   ] GC(27)   Post Evacuate Collection Set: 3.9ms
[2024-07-05T12:15:04.177-0700][info][gc,phases   ] GC(27)   Other: 0.2ms
[2024-07-05T12:15:04.177-0700][info][gc,heap     ] GC(27) Eden regions: 357->0(357)
[2024-07-05T12:15:04.177-0700][info][gc,heap     ] GC(27) Survivor regions: 52->52(52)
[2024-07-05T12:15:04.177-0700][info][gc,heap     ] GC(27) Old regions: 6442->6576
[2024-07-05T12:15:04.177-0700][info][gc,heap     ] GC(27) Archive regions: 2->2
[2024-07-05T12:15:04.177-0700][info][gc,heap     ] GC(27) Humongous regions: 40->40
[2024-07-05T12:15:04.177-0700][info][gc,metaspace] GC(27) Metaspace: 304K(512K)->304K(512K) NonClass: 296K(384K)->296K(384K) Class: 7K(128K)->7K(128K)
[2024-07-05T12:15:04.177-0700][info][gc          ] GC(27) Pause Young (Mixed) (G1 Evacuation Pause) 6891M->6668M(8192M) 765.195ms
[2024-07-05T12:15:04.177-0700][info][gc,cpu      ] GC(27) User=0.60s Sys=2.41s Real=0.77s
[2024-07-05T12:18:38.330-0700][info][gc,start    ] GC(28) Pause Young (Mixed) (G1 Evacuation Pause)
[2024-07-05T12:18:38.330-0700][info][gc,task     ] GC(28) Using 4 workers of 4 for evacuation
[2024-07-05T12:18:39.196-0700][info][gc,mmu      ] GC(28) MMU target violated: 101.0ms (100.0ms/101.0ms)
[2024-07-05T12:18:39.196-0700][info][gc,phases   ] GC(28)   Pre Evacuate Collection Set: 0.7ms
[2024-07-05T12:18:39.196-0700][info][gc,phases   ] GC(28)   Merge Heap Roots: 0.9ms
[2024-07-05T12:18:39.196-0700][info][gc,phases   ] GC(28)   Evacuate Collection Set: 859.1ms
[2024-07-05T12:18:39.196-0700][info][gc,phases   ] GC(28)   Post Evacuate Collection Set: 5.3ms
[2024-07-05T12:18:39.196-0700][info][gc,phases   ] GC(28)   Other: 0.2ms
[2024-07-05T12:18:39.196-0700][info][gc,heap     ] GC(28) Eden regions: 357->0(357)
[2024-07-05T12:18:39.196-0700][info][gc,heap     ] GC(28) Survivor regions: 52->52(52)
[2024-07-05T12:18:39.196-0700][info][gc,heap     ] GC(28) Old regions: 6576->6720
[2024-07-05T12:18:39.196-0700][info][gc,heap     ] GC(28) Archive regions: 2->2
[2024-07-05T12:18:39.196-0700][info][gc,heap     ] GC(28) Humongous regions: 40->40
[2024-07-05T12:18:39.196-0700][info][gc,metaspace] GC(28) Metaspace: 304K(512K)->304K(512K) NonClass: 296K(384K)->296K(384K) Class: 7K(128K)->7K(128K)
[2024-07-05T12:18:39.196-0700][info][gc          ] GC(28) Pause Young (Mixed) (G1 Evacuation Pause) 7025M->6812M(8192M) 866.330ms
[2024-07-05T12:18:39.196-0700][info][gc,cpu      ] GC(28) User=0.53s Sys=2.86s Real=0.87s
[2024-07-05T12:21:46.934-0700][info][gc,start    ] GC(29) Pause Young (Mixed) (G1 Evacuation Pause)
[2024-07-05T12:21:46.934-0700][info][gc,task     ] GC(29) Using 4 workers of 4 for evacuation
[2024-07-05T12:21:47.802-0700][info][gc,mmu      ] GC(29) MMU target violated: 101.0ms (100.0ms/101.0ms)
[2024-07-05T12:21:47.802-0700][info][gc,phases   ] GC(29)   Pre Evacuate Collection Set: 0.7ms
[2024-07-05T12:21:47.802-0700][info][gc,phases   ] GC(29)   Merge Heap Roots: 0.9ms
[2024-07-05T12:21:47.802-0700][info][gc,phases   ] GC(29)   Evacuate Collection Set: 862.1ms
[2024-07-05T12:21:47.802-0700][info][gc,phases   ] GC(29)   Post Evacuate Collection Set: 4.3ms
[2024-07-05T12:21:47.802-0700][info][gc,phases   ] GC(29)   Other: 0.2ms
[2024-07-05T12:21:47.802-0700][info][gc,heap     ] GC(29) Eden regions: 357->0(357)
[2024-07-05T12:21:47.802-0700][info][gc,heap     ] GC(29) Survivor regions: 52->52(52)
[2024-07-05T12:21:47.802-0700][info][gc,heap     ] GC(29) Old regions: 6720->6876
[2024-07-05T12:21:47.802-0700][info][gc,heap     ] GC(29) Archive regions: 2->2
[2024-07-05T12:21:47.802-0700][info][gc,heap     ] GC(29) Humongous regions: 40->40
[2024-07-05T12:21:47.802-0700][info][gc,metaspace] GC(29) Metaspace: 304K(512K)->304K(512K) NonClass: 296K(384K)->296K(384K) Class: 7K(128K)->7K(128K)
[2024-07-05T12:21:47.802-0700][info][gc          ] GC(29) Pause Young (Mixed) (G1 Evacuation Pause) 7169M->6968M(8192M) 868.246ms
[2024-07-05T12:21:47.802-0700][info][gc,cpu      ] GC(29) User=0.64s Sys=2.77s Real=0.87s
[2024-07-05T12:21:52.342-0700][info][gc,heap,exit] Heap
[2024-07-05T12:21:52.342-0700][info][gc,heap,exit]  garbage-first heap   total 8388608K, used 7145073K [0x0000000600000000, 0x0000000800000000)
[2024-07-05T12:21:52.342-0700][info][gc,heap,exit]   region size 1024K, 62 young (63488K), 52 survivors (53248K)
[2024-07-05T12:21:52.342-0700][info][gc,heap,exit]  Metaspace       used 304K, committed 512K, reserved 1114112K
[2024-07-05T12:21:52.342-0700][info][gc,heap,exit]   class space    used 7K, committed 128K, reserved 1048576K
