[2024-07-05T05:37:22.547-0700][info][gc] Using G1
[2024-07-05T05:37:22.575-0700][info][gc,init] Version: 17.0.11+1-LTS (release)
[2024-07-05T05:37:22.575-0700][info][gc,init] CPUs: 4 total, 4 available
[2024-07-05T05:37:22.575-0700][info][gc,init] Memory: 15953M
[2024-07-05T05:37:22.575-0700][info][gc,init] Large Page Support: Disabled
[2024-07-05T05:37:22.575-0700][info][gc,init] NUMA Support: Disabled
[2024-07-05T05:37:22.575-0700][info][gc,init] Compressed Oops: Enabled (Zero based)
[2024-07-05T05:37:22.575-0700][info][gc,init] Heap Region Size: 1M
[2024-07-05T05:37:22.575-0700][info][gc,init] Heap Min Capacity: 4G
[2024-07-05T05:37:22.575-0700][info][gc,init] Heap Initial Capacity: 4G
[2024-07-05T05:37:22.575-0700][info][gc,init] Heap Max Capacity: 4G
[2024-07-05T05:37:22.575-0700][info][gc,init] Pre-touch: Disabled
[2024-07-05T05:37:22.575-0700][info][gc,init] Parallel Workers: 4
[2024-07-05T05:37:22.575-0700][info][gc,init] Concurrent Workers: 1
[2024-07-05T05:37:22.575-0700][info][gc,init] Concurrent Refinement Workers: 4
[2024-07-05T05:37:22.575-0700][info][gc,init] Periodic GC: Disabled
[2024-07-05T05:37:22.582-0700][info][gc,metaspace] CDS archive(s) mapped at: [0x00007f785f000000-0x00007f785fbbb000-0x00007f785fbbb000), size 12300288, SharedBaseAddress: 0x00007f785f000000, ArchiveRelocationMode: 1.
[2024-07-05T05:37:22.582-0700][info][gc,metaspace] Compressed class space mapped at: 0x00007f7860000000-0x00007f78a0000000, reserved size: 1073741824
[2024-07-05T05:37:22.582-0700][info][gc,metaspace] Narrow klass base: 0x00007f785f000000, Narrow klass shift: 0, Narrow klass range: 0x100000000
[2024-07-05T05:37:22.928-0700][info][gc,start    ] GC(0) Pause Young (Normal) (G1 Evacuation Pause)
[2024-07-05T05:37:22.929-0700][info][gc,task     ] GC(0) Using 4 workers of 4 for evacuation
[2024-07-05T05:37:22.973-0700][info][gc,phases   ] GC(0)   Pre Evacuate Collection Set: 0.4ms
[2024-07-05T05:37:22.973-0700][info][gc,phases   ] GC(0)   Merge Heap Roots: 0.2ms
[2024-07-05T05:37:22.973-0700][info][gc,phases   ] GC(0)   Evacuate Collection Set: 42.8ms
[2024-07-05T05:37:22.973-0700][info][gc,phases   ] GC(0)   Post Evacuate Collection Set: 0.8ms
[2024-07-05T05:37:22.973-0700][info][gc,phases   ] GC(0)   Other: 0.9ms
[2024-07-05T05:37:22.973-0700][info][gc,heap     ] GC(0) Eden regions: 204->0(178)
[2024-07-05T05:37:22.973-0700][info][gc,heap     ] GC(0) Survivor regions: 0->26(26)
[2024-07-05T05:37:22.973-0700][info][gc,heap     ] GC(0) Old regions: 0->78
[2024-07-05T05:37:22.973-0700][info][gc,heap     ] GC(0) Archive regions: 2->2
[2024-07-05T05:37:22.973-0700][info][gc,heap     ] GC(0) Humongous regions: 0->0
[2024-07-05T05:37:22.973-0700][info][gc,metaspace] GC(0) Metaspace: 177K(384K)->177K(384K) NonClass: 170K(256K)->170K(256K) Class: 6K(128K)->6K(128K)
[2024-07-05T05:37:22.973-0700][info][gc          ] GC(0) Pause Young (Normal) (G1 Evacuation Pause) 204M->104M(4096M) 45.226ms
[2024-07-05T05:37:22.973-0700][info][gc,cpu      ] GC(0) User=0.05s Sys=0.11s Real=0.04s
[2024-07-05T05:37:23.636-0700][info][gc,start    ] GC(1) Pause Young (Normal) (G1 Evacuation Pause)
[2024-07-05T05:37:23.636-0700][info][gc,task     ] GC(1) Using 4 workers of 4 for evacuation
[2024-07-05T05:37:23.719-0700][info][gc,phases   ] GC(1)   Pre Evacuate Collection Set: 0.4ms
[2024-07-05T05:37:23.719-0700][info][gc,phases   ] GC(1)   Merge Heap Roots: 0.3ms
[2024-07-05T05:37:23.719-0700][info][gc,phases   ] GC(1)   Evacuate Collection Set: 81.6ms
[2024-07-05T05:37:23.719-0700][info][gc,phases   ] GC(1)   Post Evacuate Collection Set: 0.5ms
[2024-07-05T05:37:23.719-0700][info][gc,phases   ] GC(1)   Other: 0.1ms
[2024-07-05T05:37:23.719-0700][info][gc,heap     ] GC(1) Eden regions: 178->0(178)
[2024-07-05T05:37:23.719-0700][info][gc,heap     ] GC(1) Survivor regions: 26->26(26)
[2024-07-05T05:37:23.719-0700][info][gc,heap     ] GC(1) Old regions: 78->223
[2024-07-05T05:37:23.719-0700][info][gc,heap     ] GC(1) Archive regions: 2->2
[2024-07-05T05:37:23.719-0700][info][gc,heap     ] GC(1) Humongous regions: 2->2
[2024-07-05T05:37:23.719-0700][info][gc,metaspace] GC(1) Metaspace: 188K(384K)->188K(384K) NonClass: 181K(256K)->181K(256K) Class: 6K(128K)->6K(128K)
[2024-07-05T05:37:23.719-0700][info][gc          ] GC(1) Pause Young (Normal) (G1 Evacuation Pause) 284M->251M(4096M) 83.010ms
[2024-07-05T05:37:23.719-0700][info][gc,cpu      ] GC(1) User=0.13s Sys=0.19s Real=0.08s
[2024-07-05T05:37:24.799-0700][info][gc,start    ] GC(2) Pause Young (Normal) (G1 Evacuation Pause)
[2024-07-05T05:37:24.799-0700][info][gc,task     ] GC(2) Using 4 workers of 4 for evacuation
[2024-07-05T05:37:24.887-0700][info][gc,phases   ] GC(2)   Pre Evacuate Collection Set: 0.4ms
[2024-07-05T05:37:24.887-0700][info][gc,phases   ] GC(2)   Merge Heap Roots: 0.3ms
[2024-07-05T05:37:24.887-0700][info][gc,phases   ] GC(2)   Evacuate Collection Set: 86.8ms
[2024-07-05T05:37:24.887-0700][info][gc,phases   ] GC(2)   Post Evacuate Collection Set: 1.1ms
[2024-07-05T05:37:24.887-0700][info][gc,phases   ] GC(2)   Other: 0.1ms
[2024-07-05T05:37:24.887-0700][info][gc,heap     ] GC(2) Eden regions: 178->0(178)
[2024-07-05T05:37:24.887-0700][info][gc,heap     ] GC(2) Survivor regions: 26->26(26)
[2024-07-05T05:37:24.887-0700][info][gc,heap     ] GC(2) Old regions: 223->390
[2024-07-05T05:37:24.887-0700][info][gc,heap     ] GC(2) Archive regions: 2->2
[2024-07-05T05:37:24.887-0700][info][gc,heap     ] GC(2) Humongous regions: 4->4
[2024-07-05T05:37:24.887-0700][info][gc,metaspace] GC(2) Metaspace: 194K(384K)->194K(384K) NonClass: 187K(256K)->187K(256K) Class: 6K(128K)->6K(128K)
[2024-07-05T05:37:24.887-0700][info][gc          ] GC(2) Pause Young (Normal) (G1 Evacuation Pause) 431M->420M(4096M) 88.714ms
[2024-07-05T05:37:24.887-0700][info][gc,cpu      ] GC(2) User=0.16s Sys=0.17s Real=0.09s
[2024-07-05T05:37:26.297-0700][info][gc,start    ] GC(3) Pause Young (Normal) (G1 Evacuation Pause)
[2024-07-05T05:37:26.297-0700][info][gc,task     ] GC(3) Using 4 workers of 4 for evacuation
[2024-07-05T05:37:26.381-0700][info][gc,phases   ] GC(3)   Pre Evacuate Collection Set: 0.4ms
[2024-07-05T05:37:26.381-0700][info][gc,phases   ] GC(3)   Merge Heap Roots: 0.2ms
[2024-07-05T05:37:26.381-0700][info][gc,phases   ] GC(3)   Evacuate Collection Set: 82.6ms
[2024-07-05T05:37:26.381-0700][info][gc,phases   ] GC(3)   Post Evacuate Collection Set: 0.5ms
[2024-07-05T05:37:26.381-0700][info][gc,phases   ] GC(3)   Other: 0.1ms
[2024-07-05T05:37:26.381-0700][info][gc,heap     ] GC(3) Eden regions: 178->0(178)
[2024-07-05T05:37:26.381-0700][info][gc,heap     ] GC(3) Survivor regions: 26->26(26)
[2024-07-05T05:37:26.381-0700][info][gc,heap     ] GC(3) Old regions: 390->548
[2024-07-05T05:37:26.381-0700][info][gc,heap     ] GC(3) Archive regions: 2->2
[2024-07-05T05:37:26.381-0700][info][gc,heap     ] GC(3) Humongous regions: 7->7
[2024-07-05T05:37:26.381-0700][info][gc,metaspace] GC(3) Metaspace: 231K(448K)->231K(448K) NonClass: 224K(320K)->224K(320K) Class: 6K(128K)->6K(128K)
[2024-07-05T05:37:26.381-0700][info][gc          ] GC(3) Pause Young (Normal) (G1 Evacuation Pause) 601M->581M(4096M) 83.850ms
[2024-07-05T05:37:26.381-0700][info][gc,cpu      ] GC(3) User=0.16s Sys=0.16s Real=0.08s
[2024-07-05T05:37:28.334-0700][info][gc,start    ] GC(4) Pause Young (Normal) (G1 Evacuation Pause)
[2024-07-05T05:37:28.334-0700][info][gc,task     ] GC(4) Using 4 workers of 4 for evacuation
[2024-07-05T05:37:28.425-0700][info][gc,phases   ] GC(4)   Pre Evacuate Collection Set: 0.4ms
[2024-07-05T05:37:28.426-0700][info][gc,phases   ] GC(4)   Merge Heap Roots: 0.2ms
[2024-07-05T05:37:28.426-0700][info][gc,phases   ] GC(4)   Evacuate Collection Set: 89.5ms
[2024-07-05T05:37:28.426-0700][info][gc,phases   ] GC(4)   Post Evacuate Collection Set: 1.0ms
[2024-07-05T05:37:28.426-0700][info][gc,phases   ] GC(4)   Other: 0.1ms
[2024-07-05T05:37:28.426-0700][info][gc,heap     ] GC(4) Eden regions: 178->0(178)
[2024-07-05T05:37:28.426-0700][info][gc,heap     ] GC(4) Survivor regions: 26->26(26)
[2024-07-05T05:37:28.426-0700][info][gc,heap     ] GC(4) Old regions: 548->709
[2024-07-05T05:37:28.426-0700][info][gc,heap     ] GC(4) Archive regions: 2->2
[2024-07-05T05:37:28.426-0700][info][gc,heap     ] GC(4) Humongous regions: 7->7
[2024-07-05T05:37:28.426-0700][info][gc,metaspace] GC(4) Metaspace: 242K(448K)->242K(448K) NonClass: 235K(320K)->235K(320K) Class: 6K(128K)->6K(128K)
[2024-07-05T05:37:28.426-0700][info][gc          ] GC(4) Pause Young (Normal) (G1 Evacuation Pause) 759M->742M(4096M) 91.332ms
[2024-07-05T05:37:28.426-0700][info][gc,cpu      ] GC(4) User=0.16s Sys=0.18s Real=0.09s
[2024-07-05T05:37:30.967-0700][info][gc,start    ] GC(5) Pause Young (Normal) (G1 Evacuation Pause)
[2024-07-05T05:37:30.967-0700][info][gc,task     ] GC(5) Using 4 workers of 4 for evacuation
[2024-07-05T05:37:31.058-0700][info][gc,phases   ] GC(5)   Pre Evacuate Collection Set: 0.3ms
[2024-07-05T05:37:31.058-0700][info][gc,phases   ] GC(5)   Merge Heap Roots: 0.2ms
[2024-07-05T05:37:31.058-0700][info][gc,phases   ] GC(5)   Evacuate Collection Set: 90.5ms
[2024-07-05T05:37:31.058-0700][info][gc,phases   ] GC(5)   Post Evacuate Collection Set: 0.6ms
[2024-07-05T05:37:31.058-0700][info][gc,phases   ] GC(5)   Other: 0.1ms
[2024-07-05T05:37:31.058-0700][info][gc,heap     ] GC(5) Eden regions: 178->0(178)
[2024-07-05T05:37:31.058-0700][info][gc,heap     ] GC(5) Survivor regions: 26->26(26)
[2024-07-05T05:37:31.058-0700][info][gc,heap     ] GC(5) Old regions: 709->880
[2024-07-05T05:37:31.058-0700][info][gc,heap     ] GC(5) Archive regions: 2->2
[2024-07-05T05:37:31.058-0700][info][gc,heap     ] GC(5) Humongous regions: 11->11
[2024-07-05T05:37:31.058-0700][info][gc,metaspace] GC(5) Metaspace: 260K(448K)->260K(448K) NonClass: 253K(320K)->253K(320K) Class: 6K(128K)->6K(128K)
[2024-07-05T05:37:31.058-0700][info][gc          ] GC(5) Pause Young (Normal) (G1 Evacuation Pause) 924M->917M(4096M) 91.723ms
[2024-07-05T05:37:31.058-0700][info][gc,cpu      ] GC(5) User=0.18s Sys=0.18s Real=0.09s
[2024-07-05T05:37:34.425-0700][info][gc,start    ] GC(6) Pause Young (Normal) (G1 Evacuation Pause)
[2024-07-05T05:37:34.425-0700][info][gc,task     ] GC(6) Using 4 workers of 4 for evacuation
[2024-07-05T05:37:34.523-0700][info][gc,phases   ] GC(6)   Pre Evacuate Collection Set: 0.6ms
[2024-07-05T05:37:34.523-0700][info][gc,phases   ] GC(6)   Merge Heap Roots: 0.3ms
[2024-07-05T05:37:34.523-0700][info][gc,phases   ] GC(6)   Evacuate Collection Set: 96.9ms
[2024-07-05T05:37:34.523-0700][info][gc,phases   ] GC(6)   Post Evacuate Collection Set: 0.7ms
[2024-07-05T05:37:34.523-0700][info][gc,phases   ] GC(6)   Other: 0.1ms
[2024-07-05T05:37:34.523-0700][info][gc,heap     ] GC(6) Eden regions: 178->0(178)
[2024-07-05T05:37:34.523-0700][info][gc,heap     ] GC(6) Survivor regions: 26->26(26)
[2024-07-05T05:37:34.523-0700][info][gc,heap     ] GC(6) Old regions: 880->1043
[2024-07-05T05:37:34.523-0700][info][gc,heap     ] GC(6) Archive regions: 2->2
[2024-07-05T05:37:34.523-0700][info][gc,heap     ] GC(6) Humongous regions: 11->11
[2024-07-05T05:37:34.523-0700][info][gc,metaspace] GC(6) Metaspace: 261K(448K)->261K(448K) NonClass: 255K(320K)->255K(320K) Class: 6K(128K)->6K(128K)
[2024-07-05T05:37:34.523-0700][info][gc          ] GC(6) Pause Young (Normal) (G1 Evacuation Pause) 1095M->1080M(4096M) 98.555ms
[2024-07-05T05:37:34.523-0700][info][gc,cpu      ] GC(6) User=0.16s Sys=0.23s Real=0.10s
[2024-07-05T05:37:39.411-0700][info][gc,start    ] GC(7) Pause Young (Normal) (G1 Evacuation Pause)
[2024-07-05T05:37:39.411-0700][info][gc,task     ] GC(7) Using 4 workers of 4 for evacuation
[2024-07-05T05:37:39.511-0700][info][gc,mmu      ] GC(7) MMU target violated: 100.2ms (100.0ms/101.0ms)
[2024-07-05T05:37:39.511-0700][info][gc,phases   ] GC(7)   Pre Evacuate Collection Set: 0.3ms
[2024-07-05T05:37:39.511-0700][info][gc,phases   ] GC(7)   Merge Heap Roots: 0.2ms
[2024-07-05T05:37:39.511-0700][info][gc,phases   ] GC(7)   Evacuate Collection Set: 99.0ms
[2024-07-05T05:37:39.511-0700][info][gc,phases   ] GC(7)   Post Evacuate Collection Set: 0.7ms
[2024-07-05T05:37:39.511-0700][info][gc,phases   ] GC(7)   Other: 0.1ms
[2024-07-05T05:37:39.511-0700][info][gc,heap     ] GC(7) Eden regions: 178->0(178)
[2024-07-05T05:37:39.511-0700][info][gc,heap     ] GC(7) Survivor regions: 26->26(26)
[2024-07-05T05:37:39.511-0700][info][gc,heap     ] GC(7) Old regions: 1043->1206
[2024-07-05T05:37:39.511-0700][info][gc,heap     ] GC(7) Archive regions: 2->2
[2024-07-05T05:37:39.511-0700][info][gc,heap     ] GC(7) Humongous regions: 11->11
[2024-07-05T05:37:39.511-0700][info][gc,metaspace] GC(7) Metaspace: 262K(448K)->262K(448K) NonClass: 255K(320K)->255K(320K) Class: 6K(128K)->6K(128K)
[2024-07-05T05:37:39.511-0700][info][gc          ] GC(7) Pause Young (Normal) (G1 Evacuation Pause) 1258M->1243M(4096M) 100.347ms
[2024-07-05T05:37:39.511-0700][info][gc,cpu      ] GC(7) User=0.18s Sys=0.20s Real=0.10s
[2024-07-05T05:37:46.897-0700][info][gc,start    ] GC(8) Pause Young (Normal) (G1 Evacuation Pause)
[2024-07-05T05:37:46.897-0700][info][gc,task     ] GC(8) Using 4 workers of 4 for evacuation
[2024-07-05T05:37:47.007-0700][info][gc,mmu      ] GC(8) MMU target violated: 101.0ms (100.0ms/101.0ms)
[2024-07-05T05:37:47.007-0700][info][gc,phases   ] GC(8)   Pre Evacuate Collection Set: 0.4ms
[2024-07-05T05:37:47.007-0700][info][gc,phases   ] GC(8)   Merge Heap Roots: 0.2ms
[2024-07-05T05:37:47.007-0700][info][gc,phases   ] GC(8)   Evacuate Collection Set: 108.2ms
[2024-07-05T05:37:47.007-0700][info][gc,phases   ] GC(8)   Post Evacuate Collection Set: 0.5ms
[2024-07-05T05:37:47.007-0700][info][gc,phases   ] GC(8)   Other: 0.2ms
[2024-07-05T05:37:47.007-0700][info][gc,heap     ] GC(8) Eden regions: 178->0(178)
[2024-07-05T05:37:47.007-0700][info][gc,heap     ] GC(8) Survivor regions: 26->26(26)
[2024-07-05T05:37:47.007-0700][info][gc,heap     ] GC(8) Old regions: 1206->1373
[2024-07-05T05:37:47.007-0700][info][gc,heap     ] GC(8) Archive regions: 2->2
[2024-07-05T05:37:47.007-0700][info][gc,heap     ] GC(8) Humongous regions: 16->16
[2024-07-05T05:37:47.007-0700][info][gc,metaspace] GC(8) Metaspace: 267K(448K)->267K(448K) NonClass: 260K(320K)->260K(320K) Class: 6K(128K)->6K(128K)
[2024-07-05T05:37:47.007-0700][info][gc          ] GC(8) Pause Young (Normal) (G1 Evacuation Pause) 1426M->1415M(4096M) 109.552ms
[2024-07-05T05:37:47.007-0700][info][gc,cpu      ] GC(8) User=0.17s Sys=0.25s Real=0.11s
[2024-07-05T05:37:57.996-0700][info][gc,start    ] GC(9) Pause Young (Normal) (G1 Evacuation Pause)
[2024-07-05T05:37:57.996-0700][info][gc,task     ] GC(9) Using 4 workers of 4 for evacuation
[2024-07-05T05:37:58.103-0700][info][gc,mmu      ] GC(9) MMU target violated: 101.0ms (100.0ms/101.0ms)
[2024-07-05T05:37:58.103-0700][info][gc,phases   ] GC(9)   Pre Evacuate Collection Set: 0.4ms
[2024-07-05T05:37:58.103-0700][info][gc,phases   ] GC(9)   Merge Heap Roots: 0.2ms
[2024-07-05T05:37:58.103-0700][info][gc,phases   ] GC(9)   Evacuate Collection Set: 105.9ms
[2024-07-05T05:37:58.103-0700][info][gc,phases   ] GC(9)   Post Evacuate Collection Set: 0.5ms
[2024-07-05T05:37:58.103-0700][info][gc,phases   ] GC(9)   Other: 0.1ms
[2024-07-05T05:37:58.103-0700][info][gc,heap     ] GC(9) Eden regions: 178->0(178)
[2024-07-05T05:37:58.103-0700][info][gc,heap     ] GC(9) Survivor regions: 26->26(26)
[2024-07-05T05:37:58.103-0700][info][gc,heap     ] GC(9) Old regions: 1373->1542
[2024-07-05T05:37:58.103-0700][info][gc,heap     ] GC(9) Archive regions: 2->2
[2024-07-05T05:37:58.103-0700][info][gc,heap     ] GC(9) Humongous regions: 16->16
[2024-07-05T05:37:58.103-0700][info][gc,metaspace] GC(9) Metaspace: 267K(448K)->267K(448K) NonClass: 260K(320K)->260K(320K) Class: 6K(128K)->6K(128K)
[2024-07-05T05:37:58.103-0700][info][gc          ] GC(9) Pause Young (Normal) (G1 Evacuation Pause) 1593M->1584M(4096M) 107.134ms
[2024-07-05T05:37:58.103-0700][info][gc,cpu      ] GC(9) User=0.15s Sys=0.26s Real=0.11s
[2024-07-05T05:38:08.326-0700][info][gc,start    ] GC(10) Pause Young (Normal) (G1 Evacuation Pause)
[2024-07-05T05:38:08.326-0700][info][gc,task     ] GC(10) Using 4 workers of 4 for evacuation
[2024-07-05T05:38:08.428-0700][info][gc,mmu      ] GC(10) MMU target violated: 101.0ms (100.0ms/101.0ms)
[2024-07-05T05:38:08.428-0700][info][gc,phases   ] GC(10)   Pre Evacuate Collection Set: 0.4ms
[2024-07-05T05:38:08.428-0700][info][gc,phases   ] GC(10)   Merge Heap Roots: 0.2ms
[2024-07-05T05:38:08.428-0700][info][gc,phases   ] GC(10)   Evacuate Collection Set: 100.1ms
[2024-07-05T05:38:08.428-0700][info][gc,phases   ] GC(10)   Post Evacuate Collection Set: 0.6ms
[2024-07-05T05:38:08.428-0700][info][gc,phases   ] GC(10)   Other: 0.2ms
[2024-07-05T05:38:08.428-0700][info][gc,heap     ] GC(10) Eden regions: 178->0(178)
[2024-07-05T05:38:08.428-0700][info][gc,heap     ] GC(10) Survivor regions: 26->26(26)
[2024-07-05T05:38:08.428-0700][info][gc,heap     ] GC(10) Old regions: 1542->1709
[2024-07-05T05:38:08.428-0700][info][gc,heap     ] GC(10) Archive regions: 2->2
[2024-07-05T05:38:08.428-0700][info][gc,heap     ] GC(10) Humongous regions: 16->16
[2024-07-05T05:38:08.428-0700][info][gc,metaspace] GC(10) Metaspace: 267K(448K)->267K(448K) NonClass: 260K(320K)->260K(320K) Class: 6K(128K)->6K(128K)
[2024-07-05T05:38:08.428-0700][info][gc          ] GC(10) Pause Young (Normal) (G1 Evacuation Pause) 1762M->1751M(4096M) 101.492ms
[2024-07-05T05:38:08.428-0700][info][gc,cpu      ] GC(10) User=0.17s Sys=0.22s Real=0.10s
[2024-07-05T05:38:21.344-0700][info][gc,start    ] GC(11) Pause Young (Normal) (G1 Evacuation Pause)
[2024-07-05T05:38:21.344-0700][info][gc,task     ] GC(11) Using 4 workers of 4 for evacuation
[2024-07-05T05:38:21.456-0700][info][gc,mmu      ] GC(11) MMU target violated: 101.0ms (100.0ms/101.0ms)
[2024-07-05T05:38:21.457-0700][info][gc,phases   ] GC(11)   Pre Evacuate Collection Set: 0.4ms
[2024-07-05T05:38:21.457-0700][info][gc,phases   ] GC(11)   Merge Heap Roots: 0.2ms
[2024-07-05T05:38:21.457-0700][info][gc,phases   ] GC(11)   Evacuate Collection Set: 111.0ms
[2024-07-05T05:38:21.457-0700][info][gc,phases   ] GC(11)   Post Evacuate Collection Set: 0.6ms
[2024-07-05T05:38:21.457-0700][info][gc,phases   ] GC(11)   Other: 0.2ms
[2024-07-05T05:38:21.457-0700][info][gc,heap     ] GC(11) Eden regions: 178->0(178)
[2024-07-05T05:38:21.457-0700][info][gc,heap     ] GC(11) Survivor regions: 26->26(26)
[2024-07-05T05:38:21.457-0700][info][gc,heap     ] GC(11) Old regions: 1709->1877
[2024-07-05T05:38:21.457-0700][info][gc,heap     ] GC(11) Archive regions: 2->2
[2024-07-05T05:38:21.457-0700][info][gc,heap     ] GC(11) Humongous regions: 16->16
[2024-07-05T05:38:21.457-0700][info][gc,metaspace] GC(11) Metaspace: 267K(448K)->267K(448K) NonClass: 260K(320K)->260K(320K) Class: 6K(128K)->6K(128K)
[2024-07-05T05:38:21.457-0700][info][gc          ] GC(11) Pause Young (Normal) (G1 Evacuation Pause) 1929M->1919M(4096M) 112.423ms
[2024-07-05T05:38:21.457-0700][info][gc,cpu      ] GC(11) User=0.17s Sys=0.26s Real=0.11s
[2024-07-05T05:38:34.803-0700][info][gc,start    ] GC(12) Pause Young (Concurrent Start) (G1 Evacuation Pause)
[2024-07-05T05:38:34.803-0700][info][gc,task     ] GC(12) Using 4 workers of 4 for evacuation
[2024-07-05T05:38:34.907-0700][info][gc,mmu      ] GC(12) MMU target violated: 101.0ms (100.0ms/101.0ms)
[2024-07-05T05:38:34.907-0700][info][gc,phases   ] GC(12)   Pre Evacuate Collection Set: 0.4ms
[2024-07-05T05:38:34.907-0700][info][gc,phases   ] GC(12)   Merge Heap Roots: 0.2ms
[2024-07-05T05:38:34.907-0700][info][gc,phases   ] GC(12)   Evacuate Collection Set: 102.7ms
[2024-07-05T05:38:34.907-0700][info][gc,phases   ] GC(12)   Post Evacuate Collection Set: 0.5ms
[2024-07-05T05:38:34.907-0700][info][gc,phases   ] GC(12)   Other: 0.4ms
[2024-07-05T05:38:34.907-0700][info][gc,heap     ] GC(12) Eden regions: 178->0(178)
[2024-07-05T05:38:34.907-0700][info][gc,heap     ] GC(12) Survivor regions: 26->26(26)
[2024-07-05T05:38:34.907-0700][info][gc,heap     ] GC(12) Old regions: 1877->2046
[2024-07-05T05:38:34.907-0700][info][gc,heap     ] GC(12) Archive regions: 2->2
[2024-07-05T05:38:34.907-0700][info][gc,heap     ] GC(12) Humongous regions: 16->16
[2024-07-05T05:38:34.907-0700][info][gc,metaspace] GC(12) Metaspace: 275K(512K)->275K(512K) NonClass: 268K(384K)->268K(384K) Class: 6K(128K)->6K(128K)
[2024-07-05T05:38:34.907-0700][info][gc          ] GC(12) Pause Young (Concurrent Start) (G1 Evacuation Pause) 2097M->2088M(4096M) 104.210ms
[2024-07-05T05:38:34.907-0700][info][gc,cpu      ] GC(12) User=0.19s Sys=0.21s Real=0.10s
[2024-07-05T05:38:34.907-0700][info][gc          ] GC(13) Concurrent Mark Cycle
[2024-07-05T05:38:34.907-0700][info][gc,marking  ] GC(13) Concurrent Clear Claimed Marks
[2024-07-05T05:38:34.907-0700][info][gc,marking  ] GC(13) Concurrent Clear Claimed Marks 0.008ms
[2024-07-05T05:38:34.907-0700][info][gc,marking  ] GC(13) Concurrent Scan Root Regions
[2024-07-05T05:38:34.917-0700][info][gc,marking  ] GC(13) Concurrent Scan Root Regions 9.545ms
[2024-07-05T05:38:34.917-0700][info][gc,marking  ] GC(13) Concurrent Mark
[2024-07-05T05:38:34.917-0700][info][gc,marking  ] GC(13) Concurrent Mark From Roots
[2024-07-05T05:38:34.917-0700][info][gc,task     ] GC(13) Using 1 workers of 1 for marking
[2024-07-05T05:38:35.192-0700][info][gc,marking  ] GC(13) Concurrent Mark From Roots 275.447ms
[2024-07-05T05:38:35.192-0700][info][gc,marking  ] GC(13) Concurrent Preclean
[2024-07-05T05:38:35.192-0700][info][gc,marking  ] GC(13) Concurrent Preclean 0.066ms
[2024-07-05T05:38:58.280-0700][info][gc,start    ] GC(13) Pause Remark
[2024-07-05T05:38:58.281-0700][info][gc          ] GC(13) Pause Remark 2088M->2076M(4096M) 1.604ms
[2024-07-05T05:38:58.281-0700][info][gc,cpu      ] GC(13) User=0.01s Sys=0.00s Real=0.00s
[2024-07-05T05:38:58.282-0700][info][gc,marking  ] GC(13) Concurrent Mark 23364.715ms
[2024-07-05T05:38:58.282-0700][info][gc,marking  ] GC(13) Concurrent Rebuild Remembered Sets
[2024-07-05T05:38:58.508-0700][info][gc,marking  ] GC(13) Concurrent Rebuild Remembered Sets 226.769ms
[2024-07-05T05:38:58.677-0700][info][gc,start    ] GC(13) Pause Cleanup
[2024-07-05T05:38:58.678-0700][info][gc          ] GC(13) Pause Cleanup 2086M->2086M(4096M) 1.380ms
[2024-07-05T05:38:58.678-0700][info][gc,cpu      ] GC(13) User=0.00s Sys=0.00s Real=0.00s
[2024-07-05T05:38:58.678-0700][info][gc,marking  ] GC(13) Concurrent Cleanup for Next Mark
[2024-07-05T05:38:58.713-0700][info][gc,marking  ] GC(13) Concurrent Cleanup for Next Mark 34.709ms
[2024-07-05T05:38:58.713-0700][info][gc          ] GC(13) Concurrent Mark Cycle 23805.698ms
[2024-07-05T05:39:09.985-0700][info][gc,start    ] GC(14) Pause Young (Prepare Mixed) (G1 Evacuation Pause)
[2024-07-05T05:39:09.985-0700][info][gc,task     ] GC(14) Using 4 workers of 4 for evacuation
[2024-07-05T05:39:10.128-0700][info][gc,mmu      ] GC(14) MMU target violated: 101.0ms (100.0ms/101.0ms)
[2024-07-05T05:39:10.128-0700][info][gc,phases   ] GC(14)   Pre Evacuate Collection Set: 0.8ms
[2024-07-05T05:39:10.128-0700][info][gc,phases   ] GC(14)   Merge Heap Roots: 0.3ms
[2024-07-05T05:39:10.128-0700][info][gc,phases   ] GC(14)   Evacuate Collection Set: 140.4ms
[2024-07-05T05:39:10.128-0700][info][gc,phases   ] GC(14)   Post Evacuate Collection Set: 0.9ms
[2024-07-05T05:39:10.128-0700][info][gc,phases   ] GC(14)   Other: 0.3ms
[2024-07-05T05:39:10.128-0700][info][gc,heap     ] GC(14) Eden regions: 178->0(178)
[2024-07-05T05:39:10.128-0700][info][gc,heap     ] GC(14) Survivor regions: 26->26(26)
[2024-07-05T05:39:10.128-0700][info][gc,heap     ] GC(14) Old regions: 2045->2221
[2024-07-05T05:39:10.128-0700][info][gc,heap     ] GC(14) Archive regions: 2->2
[2024-07-05T05:39:10.128-0700][info][gc,heap     ] GC(14) Humongous regions: 12->12
[2024-07-05T05:39:10.128-0700][info][gc,metaspace] GC(14) Metaspace: 279K(512K)->279K(512K) NonClass: 272K(384K)->272K(384K) Class: 6K(128K)->6K(128K)
[2024-07-05T05:39:10.128-0700][info][gc          ] GC(14) Pause Young (Prepare Mixed) (G1 Evacuation Pause) 2261M->2259M(4096M) 142.831ms
[2024-07-05T05:39:10.128-0700][info][gc,cpu      ] GC(14) User=0.25s Sys=0.28s Real=0.14s
[2024-07-05T05:39:26.893-0700][info][gc,start    ] GC(15) Pause Young (Mixed) (G1 Evacuation Pause)
[2024-07-05T05:39:26.893-0700][info][gc,task     ] GC(15) Using 4 workers of 4 for evacuation
[2024-07-05T05:39:27.014-0700][info][gc,mmu      ] GC(15) MMU target violated: 101.0ms (100.0ms/101.0ms)
[2024-07-05T05:39:27.014-0700][info][gc,phases   ] GC(15)   Pre Evacuate Collection Set: 0.4ms
[2024-07-05T05:39:27.014-0700][info][gc,phases   ] GC(15)   Merge Heap Roots: 0.2ms
[2024-07-05T05:39:27.014-0700][info][gc,phases   ] GC(15)   Evacuate Collection Set: 119.5ms
[2024-07-05T05:39:27.014-0700][info][gc,phases   ] GC(15)   Post Evacuate Collection Set: 0.6ms
[2024-07-05T05:39:27.014-0700][info][gc,phases   ] GC(15)   Other: 0.2ms
[2024-07-05T05:39:27.014-0700][info][gc,heap     ] GC(15) Eden regions: 178->0(178)
[2024-07-05T05:39:27.014-0700][info][gc,heap     ] GC(15) Survivor regions: 26->26(26)
[2024-07-05T05:39:27.014-0700][info][gc,heap     ] GC(15) Old regions: 2221->2285
[2024-07-05T05:39:27.014-0700][info][gc,heap     ] GC(15) Archive regions: 2->2
[2024-07-05T05:39:27.014-0700][info][gc,heap     ] GC(15) Humongous regions: 12->12
[2024-07-05T05:39:27.014-0700][info][gc,metaspace] GC(15) Metaspace: 287K(512K)->287K(512K) NonClass: 281K(384K)->281K(384K) Class: 6K(128K)->6K(128K)
[2024-07-05T05:39:27.014-0700][info][gc          ] GC(15) Pause Young (Mixed) (G1 Evacuation Pause) 2437M->2322M(4096M) 121.060ms
[2024-07-05T05:39:27.014-0700][info][gc,cpu      ] GC(15) User=0.21s Sys=0.24s Real=0.13s
[2024-07-05T05:39:46.286-0700][info][gc,start    ] GC(16) Pause Young (Mixed) (G1 Evacuation Pause)
[2024-07-05T05:39:46.286-0700][info][gc,task     ] GC(16) Using 4 workers of 4 for evacuation
[2024-07-05T05:39:46.376-0700][info][gc,phases   ] GC(16)   Pre Evacuate Collection Set: 0.4ms
[2024-07-05T05:39:46.376-0700][info][gc,phases   ] GC(16)   Merge Heap Roots: 0.3ms
[2024-07-05T05:39:46.376-0700][info][gc,phases   ] GC(16)   Evacuate Collection Set: 88.4ms
[2024-07-05T05:39:46.376-0700][info][gc,phases   ] GC(16)   Post Evacuate Collection Set: 0.7ms
[2024-07-05T05:39:46.376-0700][info][gc,phases   ] GC(16)   Other: 0.1ms
[2024-07-05T05:39:46.376-0700][info][gc,heap     ] GC(16) Eden regions: 178->0(178)
[2024-07-05T05:39:46.376-0700][info][gc,heap     ] GC(16) Survivor regions: 26->26(26)
[2024-07-05T05:39:46.376-0700][info][gc,heap     ] GC(16) Old regions: 2285->2353
[2024-07-05T05:39:46.376-0700][info][gc,heap     ] GC(16) Archive regions: 2->2
[2024-07-05T05:39:46.376-0700][info][gc,heap     ] GC(16) Humongous regions: 12->12
[2024-07-05T05:39:46.376-0700][info][gc,metaspace] GC(16) Metaspace: 287K(512K)->287K(512K) NonClass: 281K(384K)->281K(384K) Class: 6K(128K)->6K(128K)
[2024-07-05T05:39:46.376-0700][info][gc          ] GC(16) Pause Young (Mixed) (G1 Evacuation Pause) 2500M->2391M(4096M) 90.028ms
[2024-07-05T05:39:46.376-0700][info][gc,cpu      ] GC(16) User=0.19s Sys=0.14s Real=0.09s
[2024-07-05T05:40:04.445-0700][info][gc,start    ] GC(17) Pause Young (Mixed) (G1 Evacuation Pause)
[2024-07-05T05:40:04.445-0700][info][gc,task     ] GC(17) Using 4 workers of 4 for evacuation
[2024-07-05T05:40:04.543-0700][info][gc,phases   ] GC(17)   Pre Evacuate Collection Set: 0.5ms
[2024-07-05T05:40:04.543-0700][info][gc,phases   ] GC(17)   Merge Heap Roots: 0.3ms
[2024-07-05T05:40:04.543-0700][info][gc,phases   ] GC(17)   Evacuate Collection Set: 96.1ms
[2024-07-05T05:40:04.543-0700][info][gc,phases   ] GC(17)   Post Evacuate Collection Set: 0.9ms
[2024-07-05T05:40:04.543-0700][info][gc,phases   ] GC(17)   Other: 0.1ms
[2024-07-05T05:40:04.543-0700][info][gc,heap     ] GC(17) Eden regions: 178->0(178)
[2024-07-05T05:40:04.543-0700][info][gc,heap     ] GC(17) Survivor regions: 26->26(26)
[2024-07-05T05:40:04.543-0700][info][gc,heap     ] GC(17) Old regions: 2353->2427
[2024-07-05T05:40:04.543-0700][info][gc,heap     ] GC(17) Archive regions: 2->2
[2024-07-05T05:40:04.543-0700][info][gc,heap     ] GC(17) Humongous regions: 12->12
[2024-07-05T05:40:04.543-0700][info][gc,metaspace] GC(17) Metaspace: 293K(512K)->293K(512K) NonClass: 286K(384K)->286K(384K) Class: 6K(128K)->6K(128K)
[2024-07-05T05:40:04.543-0700][info][gc          ] GC(17) Pause Young (Mixed) (G1 Evacuation Pause) 2569M->2465M(4096M) 97.977ms
[2024-07-05T05:40:04.543-0700][info][gc,cpu      ] GC(17) User=0.22s Sys=0.14s Real=0.10s
[2024-07-05T05:40:24.922-0700][info][gc,start    ] GC(18) Pause Young (Mixed) (G1 Evacuation Pause)
[2024-07-05T05:40:24.922-0700][info][gc,task     ] GC(18) Using 4 workers of 4 for evacuation
[2024-07-05T05:40:25.021-0700][info][gc,phases   ] GC(18)   Pre Evacuate Collection Set: 0.4ms
[2024-07-05T05:40:25.021-0700][info][gc,phases   ] GC(18)   Merge Heap Roots: 0.2ms
[2024-07-05T05:40:25.021-0700][info][gc,phases   ] GC(18)   Evacuate Collection Set: 98.0ms
[2024-07-05T05:40:25.021-0700][info][gc,phases   ] GC(18)   Post Evacuate Collection Set: 0.7ms
[2024-07-05T05:40:25.021-0700][info][gc,phases   ] GC(18)   Other: 0.1ms
[2024-07-05T05:40:25.021-0700][info][gc,heap     ] GC(18) Eden regions: 178->0(178)
[2024-07-05T05:40:25.021-0700][info][gc,heap     ] GC(18) Survivor regions: 26->26(26)
[2024-07-05T05:40:25.021-0700][info][gc,heap     ] GC(18) Old regions: 2427->2512
[2024-07-05T05:40:25.021-0700][info][gc,heap     ] GC(18) Archive regions: 2->2
[2024-07-05T05:40:25.021-0700][info][gc,heap     ] GC(18) Humongous regions: 12->12
[2024-07-05T05:40:25.021-0700][info][gc,metaspace] GC(18) Metaspace: 293K(512K)->293K(512K) NonClass: 286K(384K)->286K(384K) Class: 6K(128K)->6K(128K)
[2024-07-05T05:40:25.021-0700][info][gc          ] GC(18) Pause Young (Mixed) (G1 Evacuation Pause) 2643M->2550M(4096M) 99.660ms
[2024-07-05T05:40:25.021-0700][info][gc,cpu      ] GC(18) User=0.22s Sys=0.15s Real=0.10s
[2024-07-05T05:40:50.017-0700][info][gc,start    ] GC(19) Pause Young (Mixed) (G1 Evacuation Pause)
[2024-07-05T05:40:50.017-0700][info][gc,task     ] GC(19) Using 4 workers of 4 for evacuation
[2024-07-05T05:40:50.124-0700][info][gc,mmu      ] GC(19) MMU target violated: 101.0ms (100.0ms/101.0ms)
[2024-07-05T05:40:50.124-0700][info][gc,phases   ] GC(19)   Pre Evacuate Collection Set: 0.4ms
[2024-07-05T05:40:50.124-0700][info][gc,phases   ] GC(19)   Merge Heap Roots: 0.3ms
[2024-07-05T05:40:50.124-0700][info][gc,phases   ] GC(19)   Evacuate Collection Set: 105.5ms
[2024-07-05T05:40:50.124-0700][info][gc,phases   ] GC(19)   Post Evacuate Collection Set: 0.7ms
[2024-07-05T05:40:50.124-0700][info][gc,phases   ] GC(19)   Other: 0.2ms
[2024-07-05T05:40:50.124-0700][info][gc,heap     ] GC(19) Eden regions: 178->0(178)
[2024-07-05T05:40:50.124-0700][info][gc,heap     ] GC(19) Survivor regions: 26->26(26)
[2024-07-05T05:40:50.124-0700][info][gc,heap     ] GC(19) Old regions: 2512->2602
[2024-07-05T05:40:50.124-0700][info][gc,heap     ] GC(19) Archive regions: 2->2
[2024-07-05T05:40:50.124-0700][info][gc,heap     ] GC(19) Humongous regions: 12->12
[2024-07-05T05:40:50.124-0700][info][gc,metaspace] GC(19) Metaspace: 293K(512K)->293K(512K) NonClass: 286K(384K)->286K(384K) Class: 6K(128K)->6K(128K)
[2024-07-05T05:40:50.124-0700][info][gc          ] GC(19) Pause Young (Mixed) (G1 Evacuation Pause) 2728M->2640M(4096M) 107.159ms
[2024-07-05T05:40:50.124-0700][info][gc,cpu      ] GC(19) User=0.22s Sys=0.17s Real=0.11s
[2024-07-05T05:41:21.212-0700][info][gc,start    ] GC(20) Pause Young (Mixed) (G1 Evacuation Pause)
[2024-07-05T05:41:21.212-0700][info][gc,task     ] GC(20) Using 4 workers of 4 for evacuation
[2024-07-05T05:41:21.325-0700][info][gc,mmu      ] GC(20) MMU target violated: 101.0ms (100.0ms/101.0ms)
[2024-07-05T05:41:21.325-0700][info][gc,phases   ] GC(20)   Pre Evacuate Collection Set: 0.4ms
[2024-07-05T05:41:21.325-0700][info][gc,phases   ] GC(20)   Merge Heap Roots: 0.3ms
[2024-07-05T05:41:21.325-0700][info][gc,phases   ] GC(20)   Evacuate Collection Set: 111.8ms
[2024-07-05T05:41:21.325-0700][info][gc,phases   ] GC(20)   Post Evacuate Collection Set: 0.7ms
[2024-07-05T05:41:21.325-0700][info][gc,phases   ] GC(20)   Other: 0.2ms
[2024-07-05T05:41:21.325-0700][info][gc,heap     ] GC(20) Eden regions: 178->0(178)
[2024-07-05T05:41:21.325-0700][info][gc,heap     ] GC(20) Survivor regions: 26->26(26)
[2024-07-05T05:41:21.325-0700][info][gc,heap     ] GC(20) Old regions: 2602->2699
[2024-07-05T05:41:21.325-0700][info][gc,heap     ] GC(20) Archive regions: 2->2
[2024-07-05T05:41:21.325-0700][info][gc,heap     ] GC(20) Humongous regions: 12->12
[2024-07-05T05:41:21.325-0700][info][gc,metaspace] GC(20) Metaspace: 298K(512K)->298K(512K) NonClass: 290K(384K)->290K(384K) Class: 7K(128K)->7K(128K)
[2024-07-05T05:41:21.325-0700][info][gc          ] GC(20) Pause Young (Mixed) (G1 Evacuation Pause) 2818M->2737M(4096M) 113.452ms
[2024-07-05T05:41:21.325-0700][info][gc,cpu      ] GC(20) User=0.22s Sys=0.19s Real=0.12s
[2024-07-05T05:41:56.302-0700][info][gc,start    ] GC(21) Pause Young (Mixed) (G1 Evacuation Pause)
[2024-07-05T05:41:56.302-0700][info][gc,task     ] GC(21) Using 4 workers of 4 for evacuation
[2024-07-05T05:41:56.465-0700][info][gc,mmu      ] GC(21) MMU target violated: 101.0ms (100.0ms/101.0ms)
[2024-07-05T05:41:56.465-0700][info][gc,phases   ] GC(21)   Pre Evacuate Collection Set: 0.6ms
[2024-07-05T05:41:56.465-0700][info][gc,phases   ] GC(21)   Merge Heap Roots: 0.4ms
[2024-07-05T05:41:56.465-0700][info][gc,phases   ] GC(21)   Evacuate Collection Set: 161.3ms
[2024-07-05T05:41:56.465-0700][info][gc,phases   ] GC(21)   Post Evacuate Collection Set: 0.9ms
[2024-07-05T05:41:56.465-0700][info][gc,phases   ] GC(21)   Other: 0.2ms
[2024-07-05T05:41:56.465-0700][info][gc,heap     ] GC(21) Eden regions: 178->0(178)
[2024-07-05T05:41:56.465-0700][info][gc,heap     ] GC(21) Survivor regions: 26->26(26)
[2024-07-05T05:41:56.465-0700][info][gc,heap     ] GC(21) Old regions: 2699->2804
[2024-07-05T05:41:56.465-0700][info][gc,heap     ] GC(21) Archive regions: 2->2
[2024-07-05T05:41:56.465-0700][info][gc,heap     ] GC(21) Humongous regions: 23->23
[2024-07-05T05:41:56.465-0700][info][gc,metaspace] GC(21) Metaspace: 298K(512K)->298K(512K) NonClass: 290K(384K)->290K(384K) Class: 7K(128K)->7K(128K)
[2024-07-05T05:41:56.465-0700][info][gc          ] GC(21) Pause Young (Mixed) (G1 Evacuation Pause) 2926M->2852M(4096M) 163.518ms
[2024-07-05T05:41:56.465-0700][info][gc,cpu      ] GC(21) User=0.35s Sys=0.22s Real=0.17s
[2024-07-05T05:42:34.229-0700][info][gc,start    ] GC(22) Pause Young (Mixed) (G1 Evacuation Pause)
[2024-07-05T05:42:34.229-0700][info][gc,task     ] GC(22) Using 4 workers of 4 for evacuation
[2024-07-05T05:42:34.357-0700][info][gc,mmu      ] GC(22) MMU target violated: 101.0ms (100.0ms/101.0ms)
[2024-07-05T05:42:34.357-0700][info][gc,phases   ] GC(22)   Pre Evacuate Collection Set: 0.5ms
[2024-07-05T05:42:34.357-0700][info][gc,phases   ] GC(22)   Merge Heap Roots: 0.4ms
[2024-07-05T05:42:34.357-0700][info][gc,phases   ] GC(22)   Evacuate Collection Set: 126.3ms
[2024-07-05T05:42:34.357-0700][info][gc,phases   ] GC(22)   Post Evacuate Collection Set: 0.8ms
[2024-07-05T05:42:34.357-0700][info][gc,phases   ] GC(22)   Other: 0.2ms
[2024-07-05T05:42:34.357-0700][info][gc,heap     ] GC(22) Eden regions: 178->0(178)
[2024-07-05T05:42:34.357-0700][info][gc,heap     ] GC(22) Survivor regions: 26->26(26)
[2024-07-05T05:42:34.357-0700][info][gc,heap     ] GC(22) Old regions: 2804->2917
[2024-07-05T05:42:34.357-0700][info][gc,heap     ] GC(22) Archive regions: 2->2
[2024-07-05T05:42:34.357-0700][info][gc,heap     ] GC(22) Humongous regions: 23->23
[2024-07-05T05:42:34.357-0700][info][gc,metaspace] GC(22) Metaspace: 298K(512K)->298K(512K) NonClass: 291K(384K)->291K(384K) Class: 7K(128K)->7K(128K)
[2024-07-05T05:42:34.357-0700][info][gc          ] GC(22) Pause Young (Mixed) (G1 Evacuation Pause) 3030M->2966M(4096M) 128.168ms
[2024-07-05T05:42:34.357-0700][info][gc,cpu      ] GC(22) User=0.27s Sys=0.22s Real=0.13s
[2024-07-05T05:43:09.191-0700][info][gc,start    ] GC(23) Pause Young (Concurrent Start) (G1 Evacuation Pause)
[2024-07-05T05:43:09.191-0700][info][gc,task     ] GC(23) Using 4 workers of 4 for evacuation
[2024-07-05T05:43:09.345-0700][info][gc,mmu      ] GC(23) MMU target violated: 101.0ms (100.0ms/101.0ms)
[2024-07-05T05:43:09.345-0700][info][gc,phases   ] GC(23)   Pre Evacuate Collection Set: 2.1ms
[2024-07-05T05:43:09.345-0700][info][gc,phases   ] GC(23)   Merge Heap Roots: 0.8ms
[2024-07-05T05:43:09.345-0700][info][gc,phases   ] GC(23)   Evacuate Collection Set: 148.7ms
[2024-07-05T05:43:09.345-0700][info][gc,phases   ] GC(23)   Post Evacuate Collection Set: 1.1ms
[2024-07-05T05:43:09.345-0700][info][gc,phases   ] GC(23)   Other: 1.9ms
[2024-07-05T05:43:09.345-0700][info][gc,heap     ] GC(23) Eden regions: 178->0(178)
[2024-07-05T05:43:09.345-0700][info][gc,heap     ] GC(23) Survivor regions: 26->26(26)
[2024-07-05T05:43:09.345-0700][info][gc,heap     ] GC(23) Old regions: 2917->3090
[2024-07-05T05:43:09.345-0700][info][gc,heap     ] GC(23) Archive regions: 2->2
[2024-07-05T05:43:09.345-0700][info][gc,heap     ] GC(23) Humongous regions: 23->23
[2024-07-05T05:43:09.345-0700][info][gc,metaspace] GC(23) Metaspace: 298K(512K)->298K(512K) NonClass: 291K(384K)->291K(384K) Class: 7K(128K)->7K(128K)
[2024-07-05T05:43:09.345-0700][info][gc          ] GC(23) Pause Young (Concurrent Start) (G1 Evacuation Pause) 3144M->3139M(4096M) 154.766ms
[2024-07-05T05:43:09.346-0700][info][gc,cpu      ] GC(23) User=0.33s Sys=0.22s Real=0.16s
[2024-07-05T05:43:09.346-0700][info][gc          ] GC(24) Concurrent Mark Cycle
[2024-07-05T05:43:09.346-0700][info][gc,marking  ] GC(24) Concurrent Clear Claimed Marks
[2024-07-05T05:43:09.346-0700][info][gc,marking  ] GC(24) Concurrent Clear Claimed Marks 0.026ms
[2024-07-05T05:43:09.346-0700][info][gc,marking  ] GC(24) Concurrent Scan Root Regions
[2024-07-05T05:43:09.364-0700][info][gc,marking  ] GC(24) Concurrent Scan Root Regions 17.884ms
[2024-07-05T05:43:09.364-0700][info][gc,marking  ] GC(24) Concurrent Mark
[2024-07-05T05:43:09.364-0700][info][gc,marking  ] GC(24) Concurrent Mark From Roots
[2024-07-05T05:43:09.364-0700][info][gc,task     ] GC(24) Using 1 workers of 1 for marking
[2024-07-05T05:43:09.902-0700][info][gc,marking  ] GC(24) Concurrent Mark From Roots 538.346ms
[2024-07-05T05:43:09.902-0700][info][gc,marking  ] GC(24) Concurrent Preclean
[2024-07-05T05:43:09.902-0700][info][gc,marking  ] GC(24) Concurrent Preclean 0.091ms
[2024-07-05T05:43:43.950-0700][info][gc,start    ] GC(24) Pause Remark
[2024-07-05T05:43:43.952-0700][info][gc          ] GC(24) Pause Remark 3141M->3116M(4096M) 2.307ms
[2024-07-05T05:43:43.952-0700][info][gc,cpu      ] GC(24) User=0.00s Sys=0.00s Real=0.00s
[2024-07-05T05:43:43.953-0700][info][gc,marking  ] GC(24) Concurrent Mark 34588.939ms
[2024-07-05T05:43:43.953-0700][info][gc,marking  ] GC(24) Concurrent Rebuild Remembered Sets
[2024-07-05T05:43:44.351-0700][info][gc,marking  ] GC(24) Concurrent Rebuild Remembered Sets 397.901ms
[2024-07-05T05:43:44.734-0700][info][gc,start    ] GC(24) Pause Cleanup
[2024-07-05T05:43:44.736-0700][info][gc          ] GC(24) Pause Cleanup 3116M->3116M(4096M) 2.241ms
[2024-07-05T05:43:44.737-0700][info][gc,cpu      ] GC(24) User=0.00s Sys=0.00s Real=0.00s
[2024-07-05T05:43:44.737-0700][info][gc,marking  ] GC(24) Concurrent Cleanup for Next Mark
[2024-07-05T05:43:44.792-0700][info][gc,marking  ] GC(24) Concurrent Cleanup for Next Mark 54.814ms
[2024-07-05T05:43:44.792-0700][info][gc          ] GC(24) Concurrent Mark Cycle 35446.124ms
[2024-07-05T05:44:21.024-0700][info][gc,start    ] GC(25) Pause Young (Prepare Mixed) (G1 Evacuation Pause)
[2024-07-05T05:44:21.024-0700][info][gc,task     ] GC(25) Using 4 workers of 4 for evacuation
[2024-07-05T05:44:21.169-0700][info][gc,mmu      ] GC(25) MMU target violated: 101.0ms (100.0ms/101.0ms)
[2024-07-05T05:44:21.169-0700][info][gc,phases   ] GC(25)   Pre Evacuate Collection Set: 0.7ms
[2024-07-05T05:44:21.169-0700][info][gc,phases   ] GC(25)   Merge Heap Roots: 0.8ms
[2024-07-05T05:44:21.169-0700][info][gc,phases   ] GC(25)   Evacuate Collection Set: 142.1ms
[2024-07-05T05:44:21.169-0700][info][gc,phases   ] GC(25)   Post Evacuate Collection Set: 0.7ms
[2024-07-05T05:44:21.169-0700][info][gc,phases   ] GC(25)   Other: 0.3ms
[2024-07-05T05:44:21.169-0700][info][gc,heap     ] GC(25) Eden regions: 178->0(178)
[2024-07-05T05:44:21.169-0700][info][gc,heap     ] GC(25) Survivor regions: 26->26(26)
[2024-07-05T05:44:21.169-0700][info][gc,heap     ] GC(25) Old regions: 3077->3250
[2024-07-05T05:44:21.169-0700][info][gc,heap     ] GC(25) Archive regions: 2->2
[2024-07-05T05:44:21.169-0700][info][gc,heap     ] GC(25) Humongous regions: 11->11
[2024-07-05T05:44:21.169-0700][info][gc,metaspace] GC(25) Metaspace: 298K(512K)->298K(512K) NonClass: 291K(384K)->291K(384K) Class: 7K(128K)->7K(128K)
[2024-07-05T05:44:21.169-0700][info][gc          ] GC(25) Pause Young (Prepare Mixed) (G1 Evacuation Pause) 3292M->3287M(4096M) 144.696ms
[2024-07-05T05:44:21.169-0700][info][gc,cpu      ] GC(25) User=0.27s Sys=0.28s Real=0.14s
[2024-07-05T05:44:46.540-0700][info][gc,start    ] GC(26) Pause Young (Mixed) (G1 Evacuation Pause)
[2024-07-05T05:44:46.540-0700][info][gc,task     ] GC(26) Using 4 workers of 4 for evacuation
[2024-07-05T05:44:46.712-0700][info][gc,mmu      ] GC(26) MMU target violated: 101.0ms (100.0ms/101.0ms)
[2024-07-05T05:44:46.712-0700][info][gc,phases   ] GC(26)   Pre Evacuate Collection Set: 0.5ms
[2024-07-05T05:44:46.712-0700][info][gc,phases   ] GC(26)   Merge Heap Roots: 0.3ms
[2024-07-05T05:44:46.712-0700][info][gc,phases   ] GC(26)   Evacuate Collection Set: 169.7ms
[2024-07-05T05:44:46.712-0700][info][gc,phases   ] GC(26)   Post Evacuate Collection Set: 0.8ms
[2024-07-05T05:44:46.712-0700][info][gc,phases   ] GC(26)   Other: 0.2ms
[2024-07-05T05:44:46.712-0700][info][gc,heap     ] GC(26) Eden regions: 178->0(178)
[2024-07-05T05:44:46.712-0700][info][gc,heap     ] GC(26) Survivor regions: 26->26(26)
[2024-07-05T05:44:46.712-0700][info][gc,heap     ] GC(26) Old regions: 3250->3286
[2024-07-05T05:44:46.712-0700][info][gc,heap     ] GC(26) Archive regions: 2->2
[2024-07-05T05:44:46.712-0700][info][gc,heap     ] GC(26) Humongous regions: 11->11
[2024-07-05T05:44:46.712-0700][info][gc,metaspace] GC(26) Metaspace: 298K(512K)->298K(512K) NonClass: 291K(384K)->291K(384K) Class: 7K(128K)->7K(128K)
[2024-07-05T05:44:46.712-0700][info][gc          ] GC(26) Pause Young (Mixed) (G1 Evacuation Pause) 3465M->3323M(4096M) 171.634ms
[2024-07-05T05:44:46.712-0700][info][gc,cpu      ] GC(26) User=0.31s Sys=0.36s Real=0.17s
[2024-07-05T05:45:11.890-0700][info][gc,start    ] GC(27) Pause Young (Mixed) (G1 Evacuation Pause)
[2024-07-05T05:45:11.890-0700][info][gc,task     ] GC(27) Using 4 workers of 4 for evacuation
[2024-07-05T05:45:12.020-0700][info][gc,mmu      ] GC(27) MMU target violated: 101.0ms (100.0ms/101.0ms)
[2024-07-05T05:45:12.020-0700][info][gc,phases   ] GC(27)   Pre Evacuate Collection Set: 0.5ms
[2024-07-05T05:45:12.020-0700][info][gc,phases   ] GC(27)   Merge Heap Roots: 0.3ms
[2024-07-05T05:45:12.020-0700][info][gc,phases   ] GC(27)   Evacuate Collection Set: 128.5ms
[2024-07-05T05:45:12.020-0700][info][gc,phases   ] GC(27)   Post Evacuate Collection Set: 1.0ms
[2024-07-05T05:45:12.020-0700][info][gc,phases   ] GC(27)   Other: 0.2ms
[2024-07-05T05:45:12.020-0700][info][gc,heap     ] GC(27) Eden regions: 178->0(178)
[2024-07-05T05:45:12.020-0700][info][gc,heap     ] GC(27) Survivor regions: 26->26(26)
[2024-07-05T05:45:12.020-0700][info][gc,heap     ] GC(27) Old regions: 3286->3330
[2024-07-05T05:45:12.020-0700][info][gc,heap     ] GC(27) Archive regions: 2->2
[2024-07-05T05:45:12.020-0700][info][gc,heap     ] GC(27) Humongous regions: 11->11
[2024-07-05T05:45:12.020-0700][info][gc,metaspace] GC(27) Metaspace: 298K(512K)->298K(512K) NonClass: 291K(384K)->291K(384K) Class: 7K(128K)->7K(128K)
[2024-07-05T05:45:12.020-0700][info][gc          ] GC(27) Pause Young (Mixed) (G1 Evacuation Pause) 3501M->3367M(4096M) 130.490ms
[2024-07-05T05:45:12.020-0700][info][gc,cpu      ] GC(27) User=0.31s Sys=0.15s Real=0.13s
[2024-07-05T05:45:39.769-0700][info][gc,start    ] GC(28) Pause Young (Mixed) (G1 Evacuation Pause)
[2024-07-05T05:45:39.769-0700][info][gc,task     ] GC(28) Using 4 workers of 4 for evacuation
[2024-07-05T05:45:39.900-0700][info][gc,mmu      ] GC(28) MMU target violated: 101.0ms (100.0ms/101.0ms)
[2024-07-05T05:45:39.900-0700][info][gc,phases   ] GC(28)   Pre Evacuate Collection Set: 0.5ms
[2024-07-05T05:45:39.900-0700][info][gc,phases   ] GC(28)   Merge Heap Roots: 0.4ms
[2024-07-05T05:45:39.900-0700][info][gc,phases   ] GC(28)   Evacuate Collection Set: 128.8ms
[2024-07-05T05:45:39.900-0700][info][gc,phases   ] GC(28)   Post Evacuate Collection Set: 0.9ms
[2024-07-05T05:45:39.900-0700][info][gc,phases   ] GC(28)   Other: 0.2ms
[2024-07-05T05:45:39.900-0700][info][gc,heap     ] GC(28) Eden regions: 178->0(178)
[2024-07-05T05:45:39.900-0700][info][gc,heap     ] GC(28) Survivor regions: 26->26(26)
[2024-07-05T05:45:39.900-0700][info][gc,heap     ] GC(28) Old regions: 3330->3380
[2024-07-05T05:45:39.900-0700][info][gc,heap     ] GC(28) Archive regions: 2->2
[2024-07-05T05:45:39.900-0700][info][gc,heap     ] GC(28) Humongous regions: 11->11
[2024-07-05T05:45:39.900-0700][info][gc,metaspace] GC(28) Metaspace: 298K(512K)->298K(512K) NonClass: 291K(384K)->291K(384K) Class: 7K(128K)->7K(128K)
[2024-07-05T05:45:39.900-0700][info][gc          ] GC(28) Pause Young (Mixed) (G1 Evacuation Pause) 3545M->3417M(4096M) 130.866ms
[2024-07-05T05:45:39.900-0700][info][gc,cpu      ] GC(28) User=0.31s Sys=0.16s Real=0.13s
[2024-07-05T05:46:18.998-0700][info][gc,start    ] GC(29) Pause Young (Mixed) (G1 Evacuation Pause)
[2024-07-05T05:46:18.998-0700][info][gc,task     ] GC(29) Using 4 workers of 4 for evacuation
[2024-07-05T05:46:19.172-0700][info][gc,mmu      ] GC(29) MMU target violated: 101.0ms (100.0ms/101.0ms)
[2024-07-05T05:46:19.172-0700][info][gc,phases   ] GC(29)   Pre Evacuate Collection Set: 0.6ms
[2024-07-05T05:46:19.172-0700][info][gc,phases   ] GC(29)   Merge Heap Roots: 0.5ms
[2024-07-05T05:46:19.172-0700][info][gc,phases   ] GC(29)   Evacuate Collection Set: 171.6ms
[2024-07-05T05:46:19.172-0700][info][gc,phases   ] GC(29)   Post Evacuate Collection Set: 1.5ms
[2024-07-05T05:46:19.172-0700][info][gc,phases   ] GC(29)   Other: 0.3ms
[2024-07-05T05:46:19.172-0700][info][gc,heap     ] GC(29) Eden regions: 178->0(178)
[2024-07-05T05:46:19.172-0700][info][gc,heap     ] GC(29) Survivor regions: 26->26(26)
[2024-07-05T05:46:19.172-0700][info][gc,heap     ] GC(29) Old regions: 3380->3435
[2024-07-05T05:46:19.172-0700][info][gc,heap     ] GC(29) Archive regions: 2->2
[2024-07-05T05:46:19.172-0700][info][gc,heap     ] GC(29) Humongous regions: 11->11
[2024-07-05T05:46:19.172-0700][info][gc,metaspace] GC(29) Metaspace: 298K(512K)->298K(512K) NonClass: 291K(384K)->291K(384K) Class: 7K(128K)->7K(128K)
[2024-07-05T05:46:19.172-0700][info][gc          ] GC(29) Pause Young (Mixed) (G1 Evacuation Pause) 3595M->3472M(4096M) 174.551ms
[2024-07-05T05:46:19.172-0700][info][gc,cpu      ] GC(29) User=0.38s Sys=0.24s Real=0.17s
[2024-07-05T05:47:22.812-0700][info][gc,start    ] GC(30) Pause Young (Mixed) (G1 Evacuation Pause)
[2024-07-05T05:47:22.812-0700][info][gc,task     ] GC(30) Using 4 workers of 4 for evacuation
[2024-07-05T05:47:23.105-0700][info][gc,mmu      ] GC(30) MMU target violated: 101.0ms (100.0ms/101.0ms)
[2024-07-05T05:47:23.105-0700][info][gc,phases   ] GC(30)   Pre Evacuate Collection Set: 1.0ms
[2024-07-05T05:47:23.105-0700][info][gc,phases   ] GC(30)   Merge Heap Roots: 5.1ms
[2024-07-05T05:47:23.105-0700][info][gc,phases   ] GC(30)   Evacuate Collection Set: 284.9ms
[2024-07-05T05:47:23.105-0700][info][gc,phases   ] GC(30)   Post Evacuate Collection Set: 1.8ms
[2024-07-05T05:47:23.105-0700][info][gc,phases   ] GC(30)   Other: 0.6ms
[2024-07-05T05:47:23.105-0700][info][gc,heap     ] GC(30) Eden regions: 178->0(178)
[2024-07-05T05:47:23.105-0700][info][gc,heap     ] GC(30) Survivor regions: 26->26(26)
[2024-07-05T05:47:23.105-0700][info][gc,heap     ] GC(30) Old regions: 3435->3495
[2024-07-05T05:47:23.105-0700][info][gc,heap     ] GC(30) Archive regions: 2->2
[2024-07-05T05:47:23.105-0700][info][gc,heap     ] GC(30) Humongous regions: 11->11
[2024-07-05T05:47:23.105-0700][info][gc,metaspace] GC(30) Metaspace: 298K(512K)->298K(512K) NonClass: 291K(384K)->291K(384K) Class: 7K(128K)->7K(128K)
[2024-07-05T05:47:23.105-0700][info][gc          ] GC(30) Pause Young (Mixed) (G1 Evacuation Pause) 3650M->3532M(4096M) 293.574ms
[2024-07-05T05:47:23.105-0700][info][gc,cpu      ] GC(30) User=0.57s Sys=0.43s Real=0.30s
[2024-07-05T05:48:29.512-0700][info][gc,start    ] GC(31) Pause Young (Mixed) (G1 Evacuation Pause)
[2024-07-05T05:48:29.512-0700][info][gc,task     ] GC(31) Using 4 workers of 4 for evacuation
[2024-07-05T05:48:29.695-0700][info][gc,mmu      ] GC(31) MMU target violated: 101.0ms (100.0ms/101.0ms)
[2024-07-05T05:48:29.695-0700][info][gc,phases   ] GC(31)   Pre Evacuate Collection Set: 0.6ms
[2024-07-05T05:48:29.695-0700][info][gc,phases   ] GC(31)   Merge Heap Roots: 1.9ms
[2024-07-05T05:48:29.695-0700][info][gc,phases   ] GC(31)   Evacuate Collection Set: 179.3ms
[2024-07-05T05:48:29.695-0700][info][gc,phases   ] GC(31)   Post Evacuate Collection Set: 1.1ms
[2024-07-05T05:48:29.695-0700][info][gc,phases   ] GC(31)   Other: 0.3ms
[2024-07-05T05:48:29.695-0700][info][gc,heap     ] GC(31) Eden regions: 178->0(178)
[2024-07-05T05:48:29.695-0700][info][gc,heap     ] GC(31) Survivor regions: 26->26(26)
[2024-07-05T05:48:29.695-0700][info][gc,heap     ] GC(31) Old regions: 3495->3558
[2024-07-05T05:48:29.695-0700][info][gc,heap     ] GC(31) Archive regions: 2->2
[2024-07-05T05:48:29.695-0700][info][gc,heap     ] GC(31) Humongous regions: 11->11
[2024-07-05T05:48:29.695-0700][info][gc,metaspace] GC(31) Metaspace: 298K(512K)->298K(512K) NonClass: 291K(384K)->291K(384K) Class: 7K(128K)->7K(128K)
[2024-07-05T05:48:29.695-0700][info][gc          ] GC(31) Pause Young (Mixed) (G1 Evacuation Pause) 3710M->3595M(4096M) 183.452ms
[2024-07-05T05:48:29.695-0700][info][gc,cpu      ] GC(31) User=0.45s Sys=0.22s Real=0.19s
[2024-07-05T05:49:23.873-0700][info][gc,start    ] GC(32) Pause Young (Mixed) (G1 Preventive Collection)
[2024-07-05T05:49:23.873-0700][info][gc,task     ] GC(32) Using 4 workers of 4 for evacuation
[2024-07-05T05:49:24.035-0700][info][gc,mmu      ] GC(32) MMU target violated: 101.0ms (100.0ms/101.0ms)
[2024-07-05T05:49:24.035-0700][info][gc,phases   ] GC(32)   Pre Evacuate Collection Set: 0.7ms
[2024-07-05T05:49:24.035-0700][info][gc,phases   ] GC(32)   Merge Heap Roots: 0.9ms
[2024-07-05T05:49:24.035-0700][info][gc,phases   ] GC(32)   Evacuate Collection Set: 158.7ms
[2024-07-05T05:49:24.035-0700][info][gc,phases   ] GC(32)   Post Evacuate Collection Set: 1.5ms
[2024-07-05T05:49:24.035-0700][info][gc,phases   ] GC(32)   Other: 0.6ms
[2024-07-05T05:49:24.035-0700][info][gc,heap     ] GC(32) Eden regions: 158->0(178)
[2024-07-05T05:49:24.035-0700][info][gc,heap     ] GC(32) Survivor regions: 26->26(26)
[2024-07-05T05:49:24.035-0700][info][gc,heap     ] GC(32) Old regions: 3558->3610
[2024-07-05T05:49:24.035-0700][info][gc,heap     ] GC(32) Archive regions: 2->2
[2024-07-05T05:49:24.035-0700][info][gc,heap     ] GC(32) Humongous regions: 27->27
[2024-07-05T05:49:24.035-0700][info][gc,metaspace] GC(32) Metaspace: 298K(512K)->298K(512K) NonClass: 291K(384K)->291K(384K) Class: 7K(128K)->7K(128K)
[2024-07-05T05:49:24.035-0700][info][gc          ] GC(32) Pause Young (Mixed) (G1 Preventive Collection) 3769M->3663M(4096M) 162.458ms
[2024-07-05T05:49:24.035-0700][info][gc,cpu      ] GC(32) User=0.38s Sys=0.20s Real=0.17s
[2024-07-05T05:50:24.456-0700][info][gc,start    ] GC(33) Pause Young (Mixed) (G1 Preventive Collection)
[2024-07-05T05:50:24.456-0700][info][gc,task     ] GC(33) Using 4 workers of 4 for evacuation
[2024-07-05T05:50:24.675-0700][info][gc,mmu      ] GC(33) MMU target violated: 101.0ms (100.0ms/101.0ms)
[2024-07-05T05:50:24.675-0700][info][gc,phases   ] GC(33)   Pre Evacuate Collection Set: 0.7ms
[2024-07-05T05:50:24.675-0700][info][gc,phases   ] GC(33)   Merge Heap Roots: 0.9ms
[2024-07-05T05:50:24.675-0700][info][gc,phases   ] GC(33)   Evacuate Collection Set: 215.6ms
[2024-07-05T05:50:24.675-0700][info][gc,phases   ] GC(33)   Post Evacuate Collection Set: 1.4ms
[2024-07-05T05:50:24.675-0700][info][gc,phases   ] GC(33)   Other: 0.3ms
[2024-07-05T05:50:24.675-0700][info][gc,heap     ] GC(33) Eden regions: 129->0(178)
[2024-07-05T05:50:24.675-0700][info][gc,heap     ] GC(33) Survivor regions: 26->26(26)
[2024-07-05T05:50:24.675-0700][info][gc,heap     ] GC(33) Old regions: 3610->3639
[2024-07-05T05:50:24.675-0700][info][gc,heap     ] GC(33) Archive regions: 2->2
[2024-07-05T05:50:24.675-0700][info][gc,heap     ] GC(33) Humongous regions: 27->27
[2024-07-05T05:50:24.675-0700][info][gc,metaspace] GC(33) Metaspace: 298K(512K)->298K(512K) NonClass: 291K(384K)->291K(384K) Class: 7K(128K)->7K(128K)
[2024-07-05T05:50:24.675-0700][info][gc          ] GC(33) Pause Young (Mixed) (G1 Preventive Collection) 3792M->3692M(4096M) 219.027ms
[2024-07-05T05:50:24.675-0700][info][gc,cpu      ] GC(33) User=0.58s Sys=0.20s Real=0.22s
[2024-07-05T05:52:05.375-0700][info][gc,start    ] GC(34) Pause Young (Concurrent Start) (G1 Evacuation Pause)
[2024-07-05T05:52:05.375-0700][info][gc,task     ] GC(34) Using 4 workers of 4 for evacuation
[2024-07-05T05:52:05.515-0700][info][gc,mmu      ] GC(34) MMU target violated: 101.0ms (100.0ms/101.0ms)
[2024-07-05T05:52:05.515-0700][info][gc,phases   ] GC(34)   Pre Evacuate Collection Set: 1.4ms
[2024-07-05T05:52:05.515-0700][info][gc,phases   ] GC(34)   Merge Heap Roots: 0.5ms
[2024-07-05T05:52:05.515-0700][info][gc,phases   ] GC(34)   Evacuate Collection Set: 136.7ms
[2024-07-05T05:52:05.515-0700][info][gc,phases   ] GC(34)   Post Evacuate Collection Set: 0.7ms
[2024-07-05T05:52:05.515-0700][info][gc,phases   ] GC(34)   Other: 1.1ms
[2024-07-05T05:52:05.515-0700][info][gc,heap     ] GC(34) Eden regions: 178->0(178)
[2024-07-05T05:52:05.515-0700][info][gc,heap     ] GC(34) Survivor regions: 26->26(26)
[2024-07-05T05:52:05.515-0700][info][gc,heap     ] GC(34) Old regions: 3639->3813
[2024-07-05T05:52:05.515-0700][info][gc,heap     ] GC(34) Archive regions: 2->2
[2024-07-05T05:52:05.515-0700][info][gc,heap     ] GC(34) Humongous regions: 27->27
[2024-07-05T05:52:05.515-0700][info][gc,metaspace] GC(34) Metaspace: 298K(512K)->298K(512K) NonClass: 291K(384K)->291K(384K) Class: 7K(128K)->7K(128K)
[2024-07-05T05:52:05.515-0700][info][gc          ] GC(34) Pause Young (Concurrent Start) (G1 Evacuation Pause) 3870M->3866M(4096M) 140.451ms
[2024-07-05T05:52:05.515-0700][info][gc,cpu      ] GC(34) User=0.37s Sys=0.07s Real=0.14s
[2024-07-05T05:52:05.515-0700][info][gc          ] GC(35) Concurrent Mark Cycle
[2024-07-05T05:52:05.515-0700][info][gc,marking  ] GC(35) Concurrent Clear Claimed Marks
[2024-07-05T05:52:05.515-0700][info][gc,marking  ] GC(35) Concurrent Clear Claimed Marks 0.014ms
[2024-07-05T05:52:05.515-0700][info][gc,marking  ] GC(35) Concurrent Scan Root Regions
[2024-07-05T05:52:05.535-0700][info][gc,marking  ] GC(35) Concurrent Scan Root Regions 20.303ms
[2024-07-05T05:52:05.536-0700][info][gc,marking  ] GC(35) Concurrent Mark
[2024-07-05T05:52:05.536-0700][info][gc,marking  ] GC(35) Concurrent Mark From Roots
[2024-07-05T05:52:05.536-0700][info][gc,task     ] GC(35) Using 1 workers of 1 for marking
[2024-07-05T05:52:07.241-0700][info][gc,marking  ] GC(35) Concurrent Mark From Roots 1705.425ms
[2024-07-05T05:52:07.241-0700][info][gc,marking  ] GC(35) Concurrent Preclean
[2024-07-05T05:52:07.241-0700][info][gc,marking  ] GC(35) Concurrent Preclean 0.104ms
[2024-07-05T05:52:38.719-0700][info][gc,start    ] GC(35) Pause Remark
[2024-07-05T05:52:38.724-0700][info][gc          ] GC(35) Pause Remark 3869M->3858M(4096M) 5.066ms
[2024-07-05T05:52:38.724-0700][info][gc,cpu      ] GC(35) User=0.01s Sys=0.00s Real=0.01s
[2024-07-05T05:52:38.727-0700][info][gc,marking  ] GC(35) Concurrent Mark 33191.089ms
[2024-07-05T05:52:38.727-0700][info][gc,marking  ] GC(35) Concurrent Rebuild Remembered Sets
[2024-07-05T05:52:39.255-0700][info][gc,marking  ] GC(35) Concurrent Rebuild Remembered Sets 528.474ms
[2024-07-05T05:52:39.669-0700][info][gc,start    ] GC(35) Pause Cleanup
[2024-07-05T05:52:39.677-0700][info][gc          ] GC(35) Pause Cleanup 3858M->3858M(4096M) 8.601ms
[2024-07-05T05:52:39.677-0700][info][gc,cpu      ] GC(35) User=0.01s Sys=0.00s Real=0.01s
[2024-07-05T05:52:39.678-0700][info][gc,marking  ] GC(35) Concurrent Cleanup for Next Mark
[2024-07-05T05:52:39.696-0700][info][gc,marking  ] GC(35) Concurrent Cleanup for Next Mark 18.563ms
[2024-07-05T05:52:39.696-0700][info][gc          ] GC(35) Concurrent Mark Cycle 34181.386ms
[2024-07-05T05:53:36.775-0700][info][gc,start    ] GC(36) Pause Young (Prepare Mixed) (G1 Preventive Collection)
[2024-07-05T05:53:36.775-0700][info][gc,task     ] GC(36) Using 4 workers of 4 for evacuation
[2024-07-05T05:53:36.847-0700][info][gc,phases   ] GC(36)   Pre Evacuate Collection Set: 0.7ms
[2024-07-05T05:53:36.847-0700][info][gc,phases   ] GC(36)   Merge Heap Roots: 0.3ms
[2024-07-05T05:53:36.847-0700][info][gc,phases   ] GC(36)   Evacuate Collection Set: 69.4ms
[2024-07-05T05:53:36.847-0700][info][gc,phases   ] GC(36)   Post Evacuate Collection Set: 0.6ms
[2024-07-05T05:53:36.847-0700][info][gc,phases   ] GC(36)   Other: 0.2ms
[2024-07-05T05:53:36.847-0700][info][gc,heap     ] GC(36) Eden regions: 100->0(178)
[2024-07-05T05:53:36.847-0700][info][gc,heap     ] GC(36) Survivor regions: 26->26(26)
[2024-07-05T05:53:36.847-0700][info][gc,heap     ] GC(36) Old regions: 3813->3912
[2024-07-05T05:53:36.847-0700][info][gc,heap     ] GC(36) Archive regions: 2->2
[2024-07-05T05:53:36.847-0700][info][gc,heap     ] GC(36) Humongous regions: 16->16
[2024-07-05T05:53:36.847-0700][info][gc,metaspace] GC(36) Metaspace: 298K(512K)->298K(512K) NonClass: 291K(384K)->291K(384K) Class: 7K(128K)->7K(128K)
[2024-07-05T05:53:36.847-0700][info][gc          ] GC(36) Pause Young (Prepare Mixed) (G1 Preventive Collection) 3955M->3954M(4096M) 71.440ms
[2024-07-05T05:53:36.847-0700][info][gc,cpu      ] GC(36) User=0.20s Sys=0.06s Real=0.07s
[2024-07-05T05:53:40.100-0700][info][gc,start    ] GC(37) Pause Young (Mixed) (G1 Preventive Collection)
[2024-07-05T05:53:40.100-0700][info][gc,task     ] GC(37) Using 4 workers of 4 for evacuation
[2024-07-05T05:53:40.169-0700][info][gc,phases   ] GC(37)   Pre Evacuate Collection Set: 0.9ms
[2024-07-05T05:53:40.169-0700][info][gc,phases   ] GC(37)   Merge Heap Roots: 0.4ms
[2024-07-05T05:53:40.169-0700][info][gc,phases   ] GC(37)   Evacuate Collection Set: 66.3ms
[2024-07-05T05:53:40.169-0700][info][gc,phases   ] GC(37)   Post Evacuate Collection Set: 1.0ms
[2024-07-05T05:53:40.169-0700][info][gc,phases   ] GC(37)   Other: 0.2ms
[2024-07-05T05:53:40.169-0700][info][gc,heap     ] GC(37) Eden regions: 5->0(198)
[2024-07-05T05:53:40.169-0700][info][gc,heap     ] GC(37) Survivor regions: 26->6(26)
[2024-07-05T05:53:40.169-0700][info][gc,heap     ] GC(37) Old regions: 3912->3836
[2024-07-05T05:53:40.169-0700][info][gc,heap     ] GC(37) Archive regions: 2->2
[2024-07-05T05:53:40.169-0700][info][gc,heap     ] GC(37) Humongous regions: 16->16
[2024-07-05T05:53:40.169-0700][info][gc,metaspace] GC(37) Metaspace: 298K(512K)->298K(512K) NonClass: 291K(384K)->291K(384K) Class: 7K(128K)->7K(128K)
[2024-07-05T05:53:40.169-0700][info][gc          ] GC(37) Pause Young (Mixed) (G1 Preventive Collection) 3959M->3858M(4096M) 68.927ms
[2024-07-05T05:53:40.169-0700][info][gc,cpu      ] GC(37) User=0.20s Sys=0.04s Real=0.07s
[2024-07-05T05:53:55.692-0700][info][gc,start    ] GC(38) Pause Young (Mixed) (G1 Preventive Collection)
[2024-07-05T05:53:55.692-0700][info][gc,task     ] GC(38) Using 4 workers of 4 for evacuation
[2024-07-05T05:53:55.758-0700][info][gc,phases   ] GC(38)   Pre Evacuate Collection Set: 0.6ms
[2024-07-05T05:53:55.758-0700][info][gc,phases   ] GC(38)   Merge Heap Roots: 0.4ms
[2024-07-05T05:53:55.758-0700][info][gc,phases   ] GC(38)   Evacuate Collection Set: 64.5ms
[2024-07-05T05:53:55.758-0700][info][gc,phases   ] GC(38)   Post Evacuate Collection Set: 0.8ms
[2024-07-05T05:53:55.758-0700][info][gc,phases   ] GC(38)   Other: 0.2ms
[2024-07-05T05:53:55.758-0700][info][gc,heap     ] GC(38) Eden regions: 58->0(178)
[2024-07-05T05:53:55.758-0700][info][gc,heap     ] GC(38) Survivor regions: 6->26(26)
[2024-07-05T05:53:55.758-0700][info][gc,heap     ] GC(38) Old regions: 3836->3777
[2024-07-05T05:53:55.758-0700][info][gc,heap     ] GC(38) Archive regions: 2->2
[2024-07-05T05:53:55.758-0700][info][gc,heap     ] GC(38) Humongous regions: 16->16
[2024-07-05T05:53:55.758-0700][info][gc,metaspace] GC(38) Metaspace: 298K(512K)->298K(512K) NonClass: 291K(384K)->291K(384K) Class: 7K(128K)->7K(128K)
[2024-07-05T05:53:55.758-0700][info][gc          ] GC(38) Pause Young (Mixed) (G1 Preventive Collection) 3916M->3819M(4096M) 66.649ms
[2024-07-05T05:53:55.758-0700][info][gc,cpu      ] GC(38) User=0.20s Sys=0.04s Real=0.07s
[2024-07-05T05:54:26.720-0700][info][gc,start    ] GC(39) Pause Young (Mixed) (G1 Preventive Collection)
[2024-07-05T05:54:26.720-0700][info][gc,task     ] GC(39) Using 4 workers of 4 for evacuation
[2024-07-05T05:54:26.836-0700][info][gc,mmu      ] GC(39) MMU target violated: 101.0ms (100.0ms/101.0ms)
[2024-07-05T05:54:26.836-0700][info][gc,phases   ] GC(39)   Pre Evacuate Collection Set: 0.6ms
[2024-07-05T05:54:26.836-0700][info][gc,phases   ] GC(39)   Merge Heap Roots: 0.5ms
[2024-07-05T05:54:26.836-0700][info][gc,phases   ] GC(39)   Evacuate Collection Set: 114.8ms
[2024-07-05T05:54:26.836-0700][info][gc,phases   ] GC(39)   Post Evacuate Collection Set: 0.9ms
[2024-07-05T05:54:26.837-0700][info][gc,phases   ] GC(39)   Other: 0.2ms
[2024-07-05T05:54:26.837-0700][info][gc,heap     ] GC(39) Eden regions: 63->0(178)
[2024-07-05T05:54:26.837-0700][info][gc,heap     ] GC(39) Survivor regions: 26->26(26)
[2024-07-05T05:54:26.837-0700][info][gc,heap     ] GC(39) Old regions: 3777->3747
[2024-07-05T05:54:26.837-0700][info][gc,heap     ] GC(39) Archive regions: 2->2
[2024-07-05T05:54:26.837-0700][info][gc,heap     ] GC(39) Humongous regions: 16->16
[2024-07-05T05:54:26.837-0700][info][gc,metaspace] GC(39) Metaspace: 298K(512K)->298K(512K) NonClass: 291K(384K)->291K(384K) Class: 7K(128K)->7K(128K)
[2024-07-05T05:54:26.837-0700][info][gc          ] GC(39) Pause Young (Mixed) (G1 Preventive Collection) 3882M->3789M(4096M) 117.047ms
[2024-07-05T05:54:26.837-0700][info][gc,cpu      ] GC(39) User=0.34s Sys=0.07s Real=0.12s
[2024-07-05T05:55:04.700-0700][info][gc,start    ] GC(40) Pause Young (Mixed) (G1 Preventive Collection)
[2024-07-05T05:55:04.700-0700][info][gc,task     ] GC(40) Using 4 workers of 4 for evacuation
[2024-07-05T05:55:04.843-0700][info][gc,mmu      ] GC(40) MMU target violated: 101.0ms (100.0ms/101.0ms)
[2024-07-05T05:55:04.844-0700][info][gc,phases   ] GC(40)   Pre Evacuate Collection Set: 0.9ms
[2024-07-05T05:55:04.844-0700][info][gc,phases   ] GC(40)   Merge Heap Roots: 0.5ms
[2024-07-05T05:55:04.844-0700][info][gc,phases   ] GC(40)   Evacuate Collection Set: 138.0ms
[2024-07-05T05:55:04.844-0700][info][gc,phases   ] GC(40)   Post Evacuate Collection Set: 3.5ms
[2024-07-05T05:55:04.844-0700][info][gc,phases   ] GC(40)   Other: 0.6ms
[2024-07-05T05:55:04.844-0700][info][gc,heap     ] GC(40) Eden regions: 74->0(178)
[2024-07-05T05:55:04.844-0700][info][gc,heap     ] GC(40) Survivor regions: 26->26(26)
[2024-07-05T05:55:04.844-0700][info][gc,heap     ] GC(40) Old regions: 3747->3734
[2024-07-05T05:55:04.844-0700][info][gc,heap     ] GC(40) Archive regions: 2->2
[2024-07-05T05:55:04.844-0700][info][gc,heap     ] GC(40) Humongous regions: 16->16
[2024-07-05T05:55:04.844-0700][info][gc,metaspace] GC(40) Metaspace: 298K(512K)->298K(512K) NonClass: 291K(384K)->291K(384K) Class: 7K(128K)->7K(128K)
[2024-07-05T05:55:04.844-0700][info][gc          ] GC(40) Pause Young (Mixed) (G1 Preventive Collection) 3863M->3776M(4096M) 143.707ms
[2024-07-05T05:55:04.844-0700][info][gc,cpu      ] GC(40) User=0.45s Sys=0.05s Real=0.15s
[2024-07-05T05:55:48.440-0700][info][gc,start    ] GC(41) Pause Young (Mixed) (G1 Preventive Collection)
[2024-07-05T05:55:48.440-0700][info][gc,task     ] GC(41) Using 4 workers of 4 for evacuation
[2024-07-05T05:55:48.599-0700][info][gc,mmu      ] GC(41) MMU target violated: 101.0ms (100.0ms/101.0ms)
[2024-07-05T05:55:48.599-0700][info][gc,phases   ] GC(41)   Pre Evacuate Collection Set: 0.9ms
[2024-07-05T05:55:48.599-0700][info][gc,phases   ] GC(41)   Merge Heap Roots: 0.7ms
[2024-07-05T05:55:48.599-0700][info][gc,phases   ] GC(41)   Evacuate Collection Set: 155.0ms
[2024-07-05T05:55:48.599-0700][info][gc,phases   ] GC(41)   Post Evacuate Collection Set: 1.6ms
[2024-07-05T05:55:48.599-0700][info][gc,phases   ] GC(41)   Other: 0.4ms
[2024-07-05T05:55:48.599-0700][info][gc,heap     ] GC(41) Eden regions: 77->0(178)
[2024-07-05T05:55:48.599-0700][info][gc,heap     ] GC(41) Survivor regions: 26->26(26)
[2024-07-05T05:55:48.599-0700][info][gc,heap     ] GC(41) Old regions: 3734->3728
[2024-07-05T05:55:48.599-0700][info][gc,heap     ] GC(41) Archive regions: 2->2
[2024-07-05T05:55:48.599-0700][info][gc,heap     ] GC(41) Humongous regions: 16->16
[2024-07-05T05:55:48.599-0700][info][gc,metaspace] GC(41) Metaspace: 298K(512K)->298K(512K) NonClass: 291K(384K)->291K(384K) Class: 7K(128K)->7K(128K)
[2024-07-05T05:55:48.599-0700][info][gc          ] GC(41) Pause Young (Mixed) (G1 Preventive Collection) 3853M->3770M(4096M) 158.793ms
[2024-07-05T05:55:48.599-0700][info][gc,cpu      ] GC(41) User=0.46s Sys=0.07s Real=0.16s
[2024-07-05T05:56:25.686-0700][info][gc,start    ] GC(42) Pause Young (Mixed) (G1 Preventive Collection)
[2024-07-05T05:56:25.686-0700][info][gc,task     ] GC(42) Using 4 workers of 4 for evacuation
[2024-07-05T05:56:25.803-0700][info][gc,mmu      ] GC(42) MMU target violated: 101.0ms (100.0ms/101.0ms)
[2024-07-05T05:56:25.804-0700][info][gc,phases   ] GC(42)   Pre Evacuate Collection Set: 0.7ms
[2024-07-05T05:56:25.804-0700][info][gc,phases   ] GC(42)   Merge Heap Roots: 0.5ms
[2024-07-05T05:56:25.804-0700][info][gc,phases   ] GC(42)   Evacuate Collection Set: 115.3ms
[2024-07-05T05:56:25.804-0700][info][gc,phases   ] GC(42)   Post Evacuate Collection Set: 0.8ms
[2024-07-05T05:56:25.804-0700][info][gc,phases   ] GC(42)   Other: 0.3ms
[2024-07-05T05:56:25.804-0700][info][gc,heap     ] GC(42) Eden regions: 77->0(178)
[2024-07-05T05:56:25.804-0700][info][gc,heap     ] GC(42) Survivor regions: 26->26(26)
[2024-07-05T05:56:25.804-0700][info][gc,heap     ] GC(42) Old regions: 3728->3726
[2024-07-05T05:56:25.804-0700][info][gc,heap     ] GC(42) Archive regions: 2->2
[2024-07-05T05:56:25.804-0700][info][gc,heap     ] GC(42) Humongous regions: 16->16
[2024-07-05T05:56:25.804-0700][info][gc,metaspace] GC(42) Metaspace: 298K(512K)->298K(512K) NonClass: 291K(384K)->291K(384K) Class: 7K(128K)->7K(128K)
[2024-07-05T05:56:25.804-0700][info][gc          ] GC(42) Pause Young (Mixed) (G1 Preventive Collection) 3847M->3768M(4096M) 117.687ms
[2024-07-05T05:56:25.804-0700][info][gc,cpu      ] GC(42) User=0.37s Sys=0.05s Real=0.12s
[2024-07-05T05:56:57.075-0700][info][gc,start    ] GC(43) Pause Young (Mixed) (G1 Preventive Collection)
[2024-07-05T05:56:57.075-0700][info][gc,task     ] GC(43) Using 4 workers of 4 for evacuation
[2024-07-05T05:56:57.175-0700][info][gc,mmu      ] GC(43) MMU target violated: 100.5ms (100.0ms/101.0ms)
[2024-07-05T05:56:57.175-0700][info][gc,phases   ] GC(43)   Pre Evacuate Collection Set: 0.5ms
[2024-07-05T05:56:57.175-0700][info][gc,phases   ] GC(43)   Merge Heap Roots: 0.4ms
[2024-07-05T05:56:57.175-0700][info][gc,phases   ] GC(43)   Evacuate Collection Set: 98.5ms
[2024-07-05T05:56:57.175-0700][info][gc,phases   ] GC(43)   Post Evacuate Collection Set: 1.0ms
[2024-07-05T05:56:57.175-0700][info][gc,phases   ] GC(43)   Other: 0.2ms
[2024-07-05T05:56:57.175-0700][info][gc,heap     ] GC(43) Eden regions: 75->0(178)
[2024-07-05T05:56:57.175-0700][info][gc,heap     ] GC(43) Survivor regions: 26->26(26)
[2024-07-05T05:56:57.175-0700][info][gc,heap     ] GC(43) Old regions: 3726->3726
[2024-07-05T05:56:57.176-0700][info][gc,heap     ] GC(43) Archive regions: 2->2
[2024-07-05T05:56:57.176-0700][info][gc,heap     ] GC(43) Humongous regions: 16->16
[2024-07-05T05:56:57.176-0700][info][gc,metaspace] GC(43) Metaspace: 298K(512K)->298K(512K) NonClass: 291K(384K)->291K(384K) Class: 7K(128K)->7K(128K)
[2024-07-05T05:56:57.176-0700][info][gc          ] GC(43) Pause Young (Mixed) (G1 Preventive Collection) 3843M->3768M(4096M) 100.756ms
[2024-07-05T05:56:57.176-0700][info][gc,cpu      ] GC(43) User=0.31s Sys=0.05s Real=0.10s
[2024-07-05T05:57:26.996-0700][info][gc,start    ] GC(44) Pause Young (Mixed) (G1 Preventive Collection)
[2024-07-05T05:57:26.996-0700][info][gc,task     ] GC(44) Using 4 workers of 4 for evacuation
[2024-07-05T05:57:27.096-0700][info][gc,mmu      ] GC(44) MMU target violated: 100.7ms (100.0ms/101.0ms)
[2024-07-05T05:57:27.096-0700][info][gc,phases   ] GC(44)   Pre Evacuate Collection Set: 0.7ms
[2024-07-05T05:57:27.096-0700][info][gc,phases   ] GC(44)   Merge Heap Roots: 0.6ms
[2024-07-05T05:57:27.096-0700][info][gc,phases   ] GC(44)   Evacuate Collection Set: 98.2ms
[2024-07-05T05:57:27.096-0700][info][gc,phases   ] GC(44)   Post Evacuate Collection Set: 1.1ms
[2024-07-05T05:57:27.096-0700][info][gc,phases   ] GC(44)   Other: 0.3ms
[2024-07-05T05:57:27.096-0700][info][gc,heap     ] GC(44) Eden regions: 72->0(178)
[2024-07-05T05:57:27.096-0700][info][gc,heap     ] GC(44) Survivor regions: 26->26(26)
[2024-07-05T05:57:27.096-0700][info][gc,heap     ] GC(44) Old regions: 3726->3727
[2024-07-05T05:57:27.096-0700][info][gc,heap     ] GC(44) Archive regions: 2->2
[2024-07-05T05:57:27.096-0700][info][gc,heap     ] GC(44) Humongous regions: 16->16
[2024-07-05T05:57:27.096-0700][info][gc,metaspace] GC(44) Metaspace: 298K(512K)->298K(512K) NonClass: 291K(384K)->291K(384K) Class: 7K(128K)->7K(128K)
[2024-07-05T05:57:27.096-0700][info][gc          ] GC(44) Pause Young (Mixed) (G1 Preventive Collection) 3840M->3769M(4096M) 100.917ms
[2024-07-05T05:57:27.096-0700][info][gc,cpu      ] GC(44) User=0.30s Sys=0.05s Real=0.10s
[2024-07-05T05:58:20.563-0700][info][gc,start    ] GC(45) Pause Young (Concurrent Start) (G1 Preventive Collection)
[2024-07-05T05:58:20.563-0700][info][gc,task     ] GC(45) Using 4 workers of 4 for evacuation
[2024-07-05T05:58:20.639-0700][info][gc,phases   ] GC(45)   Pre Evacuate Collection Set: 0.7ms
[2024-07-05T05:58:20.640-0700][info][gc,phases   ] GC(45)   Merge Heap Roots: 0.4ms
[2024-07-05T05:58:20.640-0700][info][gc,phases   ] GC(45)   Evacuate Collection Set: 73.6ms
[2024-07-05T05:58:20.640-0700][info][gc,phases   ] GC(45)   Post Evacuate Collection Set: 1.1ms
[2024-07-05T05:58:20.640-0700][info][gc,phases   ] GC(45)   Other: 0.9ms
[2024-07-05T05:58:20.640-0700][info][gc,heap     ] GC(45) Eden regions: 142->0(178)
[2024-07-05T05:58:20.640-0700][info][gc,heap     ] GC(45) Survivor regions: 26->26(26)
[2024-07-05T05:58:20.640-0700][info][gc,heap     ] GC(45) Old regions: 3727->3866
[2024-07-05T05:58:20.640-0700][info][gc,heap     ] GC(45) Archive regions: 2->2
[2024-07-05T05:58:20.640-0700][info][gc,heap     ] GC(45) Humongous regions: 16->16
[2024-07-05T05:58:20.640-0700][info][gc,metaspace] GC(45) Metaspace: 298K(512K)->298K(512K) NonClass: 291K(384K)->291K(384K) Class: 7K(128K)->7K(128K)
[2024-07-05T05:58:20.640-0700][info][gc          ] GC(45) Pause Young (Concurrent Start) (G1 Preventive Collection) 3911M->3908M(4096M) 76.781ms
[2024-07-05T05:58:20.640-0700][info][gc,cpu      ] GC(45) User=0.19s Sys=0.05s Real=0.07s
[2024-07-05T05:58:20.640-0700][info][gc          ] GC(46) Concurrent Mark Cycle
[2024-07-05T05:58:20.640-0700][info][gc,marking  ] GC(46) Concurrent Clear Claimed Marks
[2024-07-05T05:58:20.640-0700][info][gc,marking  ] GC(46) Concurrent Clear Claimed Marks 0.010ms
[2024-07-05T05:58:20.640-0700][info][gc,marking  ] GC(46) Concurrent Scan Root Regions
[2024-07-05T05:58:20.652-0700][info][gc,marking  ] GC(46) Concurrent Scan Root Regions 12.608ms
[2024-07-05T05:58:20.653-0700][info][gc,marking  ] GC(46) Concurrent Mark
[2024-07-05T05:58:20.653-0700][info][gc,marking  ] GC(46) Concurrent Mark From Roots
[2024-07-05T05:58:20.653-0700][info][gc,task     ] GC(46) Using 1 workers of 1 for marking
[2024-07-05T05:58:21.895-0700][info][gc,marking  ] GC(46) Concurrent Mark From Roots 1242.237ms
[2024-07-05T05:58:21.895-0700][info][gc,marking  ] GC(46) Concurrent Preclean
[2024-07-05T05:58:21.895-0700][info][gc,marking  ] GC(46) Concurrent Preclean 0.084ms
[2024-07-05T05:58:42.465-0700][info][gc,start    ] GC(46) Pause Remark
[2024-07-05T05:58:42.467-0700][info][gc          ] GC(46) Pause Remark 3914M->3914M(4096M) 2.589ms
[2024-07-05T05:58:42.468-0700][info][gc,cpu      ] GC(46) User=0.00s Sys=0.00s Real=0.00s
[2024-07-05T05:58:42.468-0700][info][gc,marking  ] GC(46) Concurrent Mark 21815.266ms
[2024-07-05T05:58:42.468-0700][info][gc,marking  ] GC(46) Concurrent Rebuild Remembered Sets
[2024-07-05T05:58:43.510-0700][info][gc,marking  ] GC(46) Concurrent Rebuild Remembered Sets 1042.576ms
[2024-07-05T05:58:47.126-0700][info][gc,start    ] GC(46) Pause Cleanup
[2024-07-05T05:58:47.129-0700][info][gc          ] GC(46) Pause Cleanup 3914M->3914M(4096M) 2.353ms
[2024-07-05T05:58:47.129-0700][info][gc,cpu      ] GC(46) User=0.00s Sys=0.00s Real=0.00s
[2024-07-05T05:58:47.129-0700][info][gc,marking  ] GC(46) Concurrent Cleanup for Next Mark
[2024-07-05T05:58:47.139-0700][info][gc,marking  ] GC(46) Concurrent Cleanup for Next Mark 9.755ms
[2024-07-05T05:58:47.139-0700][info][gc          ] GC(46) Concurrent Mark Cycle 26498.973ms
[2024-07-05T05:59:05.805-0700][info][gc,start    ] GC(47) Pause Young (Prepare Mixed) (G1 Preventive Collection)
[2024-07-05T05:59:05.805-0700][info][gc,task     ] GC(47) Using 4 workers of 4 for evacuation
[2024-07-05T05:59:05.861-0700][info][gc,phases   ] GC(47)   Pre Evacuate Collection Set: 0.7ms
[2024-07-05T05:59:05.861-0700][info][gc,phases   ] GC(47)   Merge Heap Roots: 0.3ms
[2024-07-05T05:59:05.861-0700][info][gc,phases   ] GC(47)   Evacuate Collection Set: 54.4ms
[2024-07-05T05:59:05.861-0700][info][gc,phases   ] GC(47)   Post Evacuate Collection Set: 1.0ms
[2024-07-05T05:59:05.861-0700][info][gc,phases   ] GC(47)   Other: 0.2ms
[2024-07-05T05:59:05.861-0700][info][gc,heap     ] GC(47) Eden regions: 75->0(178)
[2024-07-05T05:59:05.861-0700][info][gc,heap     ] GC(47) Survivor regions: 26->26(26)
[2024-07-05T05:59:05.861-0700][info][gc,heap     ] GC(47) Old regions: 3866->3940
[2024-07-05T05:59:05.861-0700][info][gc,heap     ] GC(47) Archive regions: 2->2
[2024-07-05T05:59:05.861-0700][info][gc,heap     ] GC(47) Humongous regions: 16->16
[2024-07-05T05:59:05.861-0700][info][gc,metaspace] GC(47) Metaspace: 298K(512K)->298K(512K) NonClass: 291K(384K)->291K(384K) Class: 7K(128K)->7K(128K)
[2024-07-05T05:59:05.861-0700][info][gc          ] GC(47) Pause Young (Prepare Mixed) (G1 Preventive Collection) 3983M->3982M(4096M) 56.891ms
[2024-07-05T05:59:05.861-0700][info][gc,cpu      ] GC(47) User=0.17s Sys=0.03s Real=0.05s
[2024-07-05T05:59:10.149-0700][info][gc,start    ] GC(48) Pause Young (Mixed) (G1 Preventive Collection)
[2024-07-05T05:59:10.149-0700][info][gc,task     ] GC(48) Using 4 workers of 4 for evacuation
[2024-07-05T05:59:10.252-0700][info][gc,mmu      ] GC(48) MMU target violated: 101.0ms (100.0ms/101.0ms)
[2024-07-05T05:59:10.252-0700][info][gc          ] GC(48) To-space exhausted
[2024-07-05T05:59:10.252-0700][info][gc,phases   ] GC(48)   Pre Evacuate Collection Set: 0.7ms
[2024-07-05T05:59:10.252-0700][info][gc,phases   ] GC(48)   Merge Heap Roots: 0.4ms
[2024-07-05T05:59:10.252-0700][info][gc,phases   ] GC(48)   Evacuate Collection Set: 95.0ms
[2024-07-05T05:59:10.252-0700][info][gc,phases   ] GC(48)   Post Evacuate Collection Set: 6.3ms
[2024-07-05T05:59:10.252-0700][info][gc,phases   ] GC(48)   Other: 0.3ms
[2024-07-05T05:59:10.252-0700][info][gc,heap     ] GC(48) Eden regions: 1->0(203)
[2024-07-05T05:59:10.252-0700][info][gc,heap     ] GC(48) Survivor regions: 26->1(26)
[2024-07-05T05:59:10.252-0700][info][gc,heap     ] GC(48) Old regions: 3940->3937
[2024-07-05T05:59:10.252-0700][info][gc,heap     ] GC(48) Archive regions: 2->2
[2024-07-05T05:59:10.252-0700][info][gc,heap     ] GC(48) Humongous regions: 16->16
[2024-07-05T05:59:10.252-0700][info][gc,metaspace] GC(48) Metaspace: 298K(512K)->298K(512K) NonClass: 291K(384K)->291K(384K) Class: 7K(128K)->7K(128K)
[2024-07-05T05:59:10.252-0700][info][gc          ] GC(48) Pause Young (Mixed) (G1 Preventive Collection) 3983M->3954M(4096M) 102.823ms
[2024-07-05T05:59:10.252-0700][info][gc,cpu      ] GC(48) User=0.31s Sys=0.05s Real=0.10s
[2024-07-05T05:59:18.971-0700][info][gc,start    ] GC(49) Pause Young (Mixed) (G1 Preventive Collection)
[2024-07-05T05:59:18.971-0700][info][gc,task     ] GC(49) Using 4 workers of 4 for evacuation
[2024-07-05T05:59:19.031-0700][info][gc          ] GC(49) To-space exhausted
[2024-07-05T05:59:19.031-0700][info][gc,phases   ] GC(49)   Pre Evacuate Collection Set: 0.7ms
[2024-07-05T05:59:19.031-0700][info][gc,phases   ] GC(49)   Merge Heap Roots: 0.4ms
[2024-07-05T05:59:19.031-0700][info][gc,phases   ] GC(49)   Evacuate Collection Set: 55.1ms
[2024-07-05T05:59:19.031-0700][info][gc,phases   ] GC(49)   Post Evacuate Collection Set: 3.3ms
[2024-07-05T05:59:19.031-0700][info][gc,phases   ] GC(49)   Other: 0.3ms
[2024-07-05T05:59:19.031-0700][info][gc,heap     ] GC(49) Eden regions: 25->0(178)
[2024-07-05T05:59:19.031-0700][info][gc,heap     ] GC(49) Survivor regions: 1->26(26)
[2024-07-05T05:59:19.031-0700][info][gc,heap     ] GC(49) Old regions: 3937->3926
[2024-07-05T05:59:19.031-0700][info][gc,heap     ] GC(49) Archive regions: 2->2
[2024-07-05T05:59:19.031-0700][info][gc,heap     ] GC(49) Humongous regions: 16->16
[2024-07-05T05:59:19.031-0700][info][gc,metaspace] GC(49) Metaspace: 298K(512K)->298K(512K) NonClass: 291K(384K)->291K(384K) Class: 7K(128K)->7K(128K)
[2024-07-05T05:59:19.031-0700][info][gc          ] GC(49) Pause Young (Mixed) (G1 Preventive Collection) 3979M->3968M(4096M) 59.927ms
[2024-07-05T05:59:19.031-0700][info][gc,cpu      ] GC(49) User=0.16s Sys=0.05s Real=0.06s
[2024-07-05T05:59:19.032-0700][info][gc,start    ] GC(50) Pause Young (Mixed) (G1 Preventive Collection)
[2024-07-05T05:59:19.032-0700][info][gc,task     ] GC(50) Using 4 workers of 4 for evacuation
[2024-07-05T05:59:19.118-0700][info][gc,mmu      ] GC(50) MMU target violated: 100.1ms (100.0ms/101.0ms)
[2024-07-05T05:59:19.118-0700][info][gc          ] GC(50) To-space exhausted
[2024-07-05T05:59:19.118-0700][info][gc,phases   ] GC(50)   Pre Evacuate Collection Set: 0.6ms
[2024-07-05T05:59:19.118-0700][info][gc,phases   ] GC(50)   Merge Heap Roots: 0.3ms
[2024-07-05T05:59:19.118-0700][info][gc,phases   ] GC(50)   Evacuate Collection Set: 82.0ms
[2024-07-05T05:59:19.118-0700][info][gc,phases   ] GC(50)   Post Evacuate Collection Set: 3.5ms
[2024-07-05T05:59:19.119-0700][info][gc,phases   ] GC(50)   Other: 0.2ms
[2024-07-05T05:59:19.119-0700][info][gc,heap     ] GC(50) Eden regions: 4->0(199)
[2024-07-05T05:59:19.119-0700][info][gc,heap     ] GC(50) Survivor regions: 26->5(26)
[2024-07-05T05:59:19.119-0700][info][gc,heap     ] GC(50) Old regions: 3926->3926
[2024-07-05T05:59:19.119-0700][info][gc,heap     ] GC(50) Archive regions: 2->2
[2024-07-05T05:59:19.119-0700][info][gc,heap     ] GC(50) Humongous regions: 16->16
[2024-07-05T05:59:19.119-0700][info][gc,metaspace] GC(50) Metaspace: 298K(512K)->298K(512K) NonClass: 291K(384K)->291K(384K) Class: 7K(128K)->7K(128K)
[2024-07-05T05:59:19.119-0700][info][gc          ] GC(50) Pause Young (Mixed) (G1 Preventive Collection) 3972M->3947M(4096M) 86.522ms
[2024-07-05T05:59:19.119-0700][info][gc,cpu      ] GC(50) User=0.24s Sys=0.06s Real=0.09s
[2024-07-05T05:59:31.300-0700][info][gc,start    ] GC(51) Pause Young (Mixed) (G1 Preventive Collection)
[2024-07-05T05:59:31.300-0700][info][gc,task     ] GC(51) Using 4 workers of 4 for evacuation
[2024-07-05T05:59:31.366-0700][info][gc          ] GC(51) To-space exhausted
[2024-07-05T05:59:31.366-0700][info][gc,phases   ] GC(51)   Pre Evacuate Collection Set: 0.6ms
[2024-07-05T05:59:31.366-0700][info][gc,phases   ] GC(51)   Merge Heap Roots: 0.4ms
[2024-07-05T05:59:31.366-0700][info][gc,phases   ] GC(51)   Evacuate Collection Set: 61.0ms
[2024-07-05T05:59:31.366-0700][info][gc,phases   ] GC(51)   Post Evacuate Collection Set: 3.8ms
[2024-07-05T05:59:31.366-0700][info][gc,phases   ] GC(51)   Other: 0.2ms
[2024-07-05T05:59:31.366-0700][info][gc,heap     ] GC(51) Eden regions: 24->0(178)
[2024-07-05T05:59:31.366-0700][info][gc,heap     ] GC(51) Survivor regions: 5->26(26)
[2024-07-05T05:59:31.366-0700][info][gc,heap     ] GC(51) Old regions: 3926->3934
[2024-07-05T05:59:31.366-0700][info][gc,heap     ] GC(51) Archive regions: 2->2
[2024-07-05T05:59:31.366-0700][info][gc,heap     ] GC(51) Humongous regions: 16->16
[2024-07-05T05:59:31.366-0700][info][gc,metaspace] GC(51) Metaspace: 298K(512K)->298K(512K) NonClass: 291K(384K)->291K(384K) Class: 7K(128K)->7K(128K)
[2024-07-05T05:59:31.366-0700][info][gc          ] GC(51) Pause Young (Mixed) (G1 Preventive Collection) 3971M->3976M(4096M) 66.100ms
[2024-07-05T05:59:31.366-0700][info][gc,cpu      ] GC(51) User=0.19s Sys=0.04s Real=0.07s
[2024-07-05T05:59:31.366-0700][info][gc,start    ] GC(52) Pause Young (Mixed) (G1 Preventive Collection)
[2024-07-05T05:59:31.366-0700][info][gc,task     ] GC(52) Using 4 workers of 4 for evacuation
[2024-07-05T05:59:31.435-0700][info][gc,mmu      ] GC(52) MMU target violated: 100.3ms (100.0ms/101.0ms)
[2024-07-05T05:59:31.435-0700][info][gc          ] GC(52) To-space exhausted
[2024-07-05T05:59:31.435-0700][info][gc,phases   ] GC(52)   Pre Evacuate Collection Set: 0.7ms
[2024-07-05T05:59:31.435-0700][info][gc,phases   ] GC(52)   Merge Heap Roots: 0.4ms
[2024-07-05T05:59:31.435-0700][info][gc,phases   ] GC(52)   Evacuate Collection Set: 63.7ms
[2024-07-05T05:59:31.435-0700][info][gc,phases   ] GC(52)   Post Evacuate Collection Set: 3.6ms
[2024-07-05T05:59:31.435-0700][info][gc,phases   ] GC(52)   Other: 0.2ms
[2024-07-05T05:59:31.435-0700][info][gc,heap     ] GC(52) Eden regions: 1->0(203)
[2024-07-05T05:59:31.435-0700][info][gc,heap     ] GC(52) Survivor regions: 26->1(26)
[2024-07-05T05:59:31.435-0700][info][gc,heap     ] GC(52) Old regions: 3934->3995
[2024-07-05T05:59:31.435-0700][info][gc,heap     ] GC(52) Archive regions: 2->2
[2024-07-05T05:59:31.435-0700][info][gc,heap     ] GC(52) Humongous regions: 16->16
[2024-07-05T05:59:31.435-0700][info][gc,metaspace] GC(52) Metaspace: 298K(512K)->298K(512K) NonClass: 291K(384K)->291K(384K) Class: 7K(128K)->7K(128K)
[2024-07-05T05:59:31.435-0700][info][gc          ] GC(52) Pause Young (Mixed) (G1 Preventive Collection) 3977M->4012M(4096M) 68.615ms
[2024-07-05T05:59:31.435-0700][info][gc,cpu      ] GC(52) User=0.19s Sys=0.05s Real=0.07s
[2024-07-05T05:59:45.740-0700][info][gc,start    ] GC(53) Pause Young (Concurrent Start) (G1 Preventive Collection)
[2024-07-05T05:59:45.741-0700][info][gc,task     ] GC(53) Using 4 workers of 4 for evacuation
[2024-07-05T05:59:45.758-0700][info][gc,phases   ] GC(53)   Pre Evacuate Collection Set: 0.6ms
[2024-07-05T05:59:45.758-0700][info][gc,phases   ] GC(53)   Merge Heap Roots: 0.3ms
[2024-07-05T05:59:45.758-0700][info][gc,phases   ] GC(53)   Evacuate Collection Set: 15.6ms
[2024-07-05T05:59:45.758-0700][info][gc,phases   ] GC(53)   Post Evacuate Collection Set: 0.6ms
[2024-07-05T05:59:45.758-0700][info][gc,phases   ] GC(53)   Other: 0.4ms
[2024-07-05T05:59:45.758-0700][info][gc,heap     ] GC(53) Eden regions: 38->0(178)
[2024-07-05T05:59:45.758-0700][info][gc,heap     ] GC(53) Survivor regions: 1->26(26)
[2024-07-05T05:59:45.758-0700][info][gc,heap     ] GC(53) Old regions: 3995->4008
[2024-07-05T05:59:45.758-0700][info][gc,heap     ] GC(53) Archive regions: 2->2
[2024-07-05T05:59:45.758-0700][info][gc,heap     ] GC(53) Humongous regions: 16->16
[2024-07-05T05:59:45.758-0700][info][gc,metaspace] GC(53) Metaspace: 298K(512K)->298K(512K) NonClass: 291K(384K)->291K(384K) Class: 7K(128K)->7K(128K)
[2024-07-05T05:59:45.758-0700][info][gc          ] GC(53) Pause Young (Concurrent Start) (G1 Preventive Collection) 4050M->4050M(4096M) 17.704ms
[2024-07-05T05:59:45.758-0700][info][gc,cpu      ] GC(53) User=0.06s Sys=0.00s Real=0.02s
[2024-07-05T05:59:45.758-0700][info][gc          ] GC(54) Concurrent Mark Cycle
[2024-07-05T05:59:45.758-0700][info][gc,marking  ] GC(54) Concurrent Clear Claimed Marks
[2024-07-05T05:59:45.758-0700][info][gc,marking  ] GC(54) Concurrent Clear Claimed Marks 0.011ms
[2024-07-05T05:59:45.758-0700][info][gc,marking  ] GC(54) Concurrent Scan Root Regions
[2024-07-05T05:59:45.762-0700][info][gc,marking  ] GC(54) Concurrent Scan Root Regions 4.003ms
[2024-07-05T05:59:45.762-0700][info][gc,marking  ] GC(54) Concurrent Mark
[2024-07-05T05:59:45.762-0700][info][gc,marking  ] GC(54) Concurrent Mark From Roots
[2024-07-05T05:59:45.762-0700][info][gc,task     ] GC(54) Using 1 workers of 1 for marking
[2024-07-05T05:59:46.987-0700][info][gc,marking  ] GC(54) Concurrent Mark From Roots 1224.971ms
[2024-07-05T05:59:46.988-0700][info][gc,marking  ] GC(54) Concurrent Preclean
[2024-07-05T05:59:46.988-0700][info][gc,marking  ] GC(54) Concurrent Preclean 0.102ms
[2024-07-05T05:59:51.426-0700][info][gc,start    ] GC(54) Pause Remark
[2024-07-05T05:59:51.429-0700][info][gc          ] GC(54) Pause Remark 4057M->4057M(4096M) 3.305ms
[2024-07-05T05:59:51.429-0700][info][gc,cpu      ] GC(54) User=0.01s Sys=0.00s Real=0.00s
[2024-07-05T05:59:51.430-0700][info][gc,marking  ] GC(54) Concurrent Mark 5667.173ms
[2024-07-05T05:59:51.430-0700][info][gc,marking  ] GC(54) Concurrent Rebuild Remembered Sets
[2024-07-05T05:59:51.859-0700][info][gc,marking  ] GC(54) Concurrent Rebuild Remembered Sets 428.914ms
[2024-07-05T05:59:52.686-0700][info][gc,start    ] GC(54) Pause Cleanup
[2024-07-05T05:59:52.689-0700][info][gc          ] GC(54) Pause Cleanup 4057M->4057M(4096M) 2.853ms
[2024-07-05T05:59:52.689-0700][info][gc,cpu      ] GC(54) User=0.00s Sys=0.00s Real=0.00s
[2024-07-05T05:59:52.689-0700][info][gc,marking  ] GC(54) Concurrent Cleanup for Next Mark
[2024-07-05T05:59:52.699-0700][info][gc,marking  ] GC(54) Concurrent Cleanup for Next Mark 9.691ms
[2024-07-05T05:59:52.699-0700][info][gc          ] GC(54) Concurrent Mark Cycle 6940.748ms
[2024-07-05T05:59:54.606-0700][info][gc,start    ] GC(55) Pause Young (Prepare Mixed) (G1 Preventive Collection)
[2024-07-05T05:59:54.606-0700][info][gc,task     ] GC(55) Using 4 workers of 4 for evacuation
[2024-07-05T05:59:54.623-0700][info][gc,phases   ] GC(55)   Pre Evacuate Collection Set: 0.8ms
[2024-07-05T05:59:54.623-0700][info][gc,phases   ] GC(55)   Merge Heap Roots: 0.5ms
[2024-07-05T05:59:54.623-0700][info][gc,phases   ] GC(55)   Evacuate Collection Set: 15.1ms
[2024-07-05T05:59:54.624-0700][info][gc,phases   ] GC(55)   Post Evacuate Collection Set: 0.7ms
[2024-07-05T05:59:54.624-0700][info][gc,phases   ] GC(55)   Other: 0.6ms
[2024-07-05T05:59:54.624-0700][info][gc,heap     ] GC(55) Eden regions: 7->0(196)
[2024-07-05T05:59:54.624-0700][info][gc,heap     ] GC(55) Survivor regions: 26->8(26)
[2024-07-05T05:59:54.624-0700][info][gc,heap     ] GC(55) Old regions: 4008->4034
[2024-07-05T05:59:54.624-0700][info][gc,heap     ] GC(55) Archive regions: 2->2
[2024-07-05T05:59:54.624-0700][info][gc,heap     ] GC(55) Humongous regions: 16->16
[2024-07-05T05:59:54.624-0700][info][gc,metaspace] GC(55) Metaspace: 298K(512K)->298K(512K) NonClass: 291K(384K)->291K(384K) Class: 7K(128K)->7K(128K)
[2024-07-05T05:59:54.624-0700][info][gc          ] GC(55) Pause Young (Prepare Mixed) (G1 Preventive Collection) 4057M->4057M(4096M) 17.510ms
[2024-07-05T05:59:54.624-0700][info][gc,cpu      ] GC(55) User=0.06s Sys=0.00s Real=0.02s
[2024-07-05T05:59:54.625-0700][info][gc,start    ] GC(56) Pause Young (Mixed) (G1 Preventive Collection)
[2024-07-05T05:59:54.625-0700][info][gc,task     ] GC(56) Using 4 workers of 4 for evacuation
[2024-07-05T05:59:54.678-0700][info][gc          ] GC(56) To-space exhausted
[2024-07-05T05:59:54.679-0700][info][gc,phases   ] GC(56)   Pre Evacuate Collection Set: 0.6ms
[2024-07-05T05:59:54.679-0700][info][gc,phases   ] GC(56)   Merge Heap Roots: 0.4ms
[2024-07-05T05:59:54.679-0700][info][gc,phases   ] GC(56)   Evacuate Collection Set: 43.7ms
[2024-07-05T05:59:54.679-0700][info][gc,phases   ] GC(56)   Post Evacuate Collection Set: 8.7ms
[2024-07-05T05:59:54.679-0700][info][gc,phases   ] GC(56)   Other: 0.2ms
[2024-07-05T05:59:54.679-0700][info][gc,heap     ] GC(56) Eden regions: 9->0(188)
[2024-07-05T05:59:54.679-0700][info][gc,heap     ] GC(56) Survivor regions: 8->16(26)
[2024-07-05T05:59:54.679-0700][info][gc,heap     ] GC(56) Old regions: 4034->4017
[2024-07-05T05:59:54.679-0700][info][gc,heap     ] GC(56) Archive regions: 2->2
[2024-07-05T05:59:54.679-0700][info][gc,heap     ] GC(56) Humongous regions: 16->16
[2024-07-05T05:59:54.679-0700][info][gc,metaspace] GC(56) Metaspace: 298K(512K)->298K(512K) NonClass: 291K(384K)->291K(384K) Class: 7K(128K)->7K(128K)
[2024-07-05T05:59:54.679-0700][info][gc          ] GC(56) Pause Young (Mixed) (G1 Preventive Collection) 4066M->4049M(4096M) 53.676ms
[2024-07-05T05:59:54.679-0700][info][gc,cpu      ] GC(56) User=0.17s Sys=0.03s Real=0.05s
[2024-07-05T05:59:57.982-0700][info][gc,start    ] GC(57) Pause Young (Mixed) (G1 Preventive Collection)
[2024-07-05T05:59:57.983-0700][info][gc,task     ] GC(57) Using 4 workers of 4 for evacuation
[2024-07-05T05:59:58.061-0700][info][gc          ] GC(57) To-space exhausted
[2024-07-05T05:59:58.061-0700][info][gc,phases   ] GC(57)   Pre Evacuate Collection Set: 1.1ms
[2024-07-05T05:59:58.061-0700][info][gc,phases   ] GC(57)   Merge Heap Roots: 0.7ms
[2024-07-05T05:59:58.061-0700][info][gc,phases   ] GC(57)   Evacuate Collection Set: 66.3ms
[2024-07-05T05:59:58.061-0700][info][gc,phases   ] GC(57)   Post Evacuate Collection Set: 9.9ms
[2024-07-05T05:59:58.061-0700][info][gc,phases   ] GC(57)   Other: 0.3ms
[2024-07-05T05:59:58.061-0700][info][gc,heap     ] GC(57) Eden regions: 1->0(204)
[2024-07-05T05:59:58.061-0700][info][gc,heap     ] GC(57) Survivor regions: 16->0(26)
[2024-07-05T05:59:58.061-0700][info][gc,heap     ] GC(57) Old regions: 4017->4045
[2024-07-05T05:59:58.061-0700][info][gc,heap     ] GC(57) Archive regions: 2->2
[2024-07-05T05:59:58.061-0700][info][gc,heap     ] GC(57) Humongous regions: 16->16
[2024-07-05T05:59:58.061-0700][info][gc,metaspace] GC(57) Metaspace: 298K(512K)->298K(512K) NonClass: 291K(384K)->291K(384K) Class: 7K(128K)->7K(128K)
[2024-07-05T05:59:58.061-0700][info][gc          ] GC(57) Pause Young (Mixed) (G1 Preventive Collection) 4050M->4061M(4096M) 78.443ms
[2024-07-05T05:59:58.061-0700][info][gc,cpu      ] GC(57) User=0.23s Sys=0.05s Real=0.07s
[2024-07-05T06:00:01.561-0700][info][gc,start    ] GC(58) Pause Young (Concurrent Start) (G1 Preventive Collection)
[2024-07-05T06:00:01.561-0700][info][gc,task     ] GC(58) Using 4 workers of 4 for evacuation
[2024-07-05T06:00:01.572-0700][info][gc,phases   ] GC(58)   Pre Evacuate Collection Set: 0.9ms
[2024-07-05T06:00:01.572-0700][info][gc,phases   ] GC(58)   Merge Heap Roots: 0.3ms
[2024-07-05T06:00:01.572-0700][info][gc,phases   ] GC(58)   Evacuate Collection Set: 8.6ms
[2024-07-05T06:00:01.572-0700][info][gc,phases   ] GC(58)   Post Evacuate Collection Set: 0.6ms
[2024-07-05T06:00:01.572-0700][info][gc,phases   ] GC(58)   Other: 0.4ms
[2024-07-05T06:00:01.572-0700][info][gc,heap     ] GC(58) Eden regions: 15->0(188)
[2024-07-05T06:00:01.572-0700][info][gc,heap     ] GC(58) Survivor regions: 0->16(18)
[2024-07-05T06:00:01.572-0700][info][gc,heap     ] GC(58) Old regions: 4045->4045
[2024-07-05T06:00:01.572-0700][info][gc,heap     ] GC(58) Archive regions: 2->2
[2024-07-05T06:00:01.572-0700][info][gc,heap     ] GC(58) Humongous regions: 16->16
[2024-07-05T06:00:01.572-0700][info][gc,metaspace] GC(58) Metaspace: 298K(512K)->298K(512K) NonClass: 291K(384K)->291K(384K) Class: 7K(128K)->7K(128K)
[2024-07-05T06:00:01.572-0700][info][gc          ] GC(58) Pause Young (Concurrent Start) (G1 Preventive Collection) 4076M->4077M(4096M) 10.878ms
[2024-07-05T06:00:01.572-0700][info][gc,cpu      ] GC(58) User=0.03s Sys=0.00s Real=0.01s
[2024-07-05T06:00:01.572-0700][info][gc          ] GC(59) Concurrent Mark Cycle
[2024-07-05T06:00:01.572-0700][info][gc,marking  ] GC(59) Concurrent Clear Claimed Marks
[2024-07-05T06:00:01.572-0700][info][gc,marking  ] GC(59) Concurrent Clear Claimed Marks 0.011ms
[2024-07-05T06:00:01.572-0700][info][gc,marking  ] GC(59) Concurrent Scan Root Regions
[2024-07-05T06:00:01.573-0700][info][gc,marking  ] GC(59) Concurrent Scan Root Regions 1.087ms
[2024-07-05T06:00:01.573-0700][info][gc,marking  ] GC(59) Concurrent Mark
[2024-07-05T06:00:01.573-0700][info][gc,marking  ] GC(59) Concurrent Mark From Roots
[2024-07-05T06:00:01.573-0700][info][gc,task     ] GC(59) Using 1 workers of 1 for marking
[2024-07-05T06:00:01.573-0700][info][gc,start    ] GC(60) Pause Young (Normal) (G1 Preventive Collection)
[2024-07-05T06:00:01.573-0700][info][gc,task     ] GC(60) Using 4 workers of 4 for evacuation
[2024-07-05T06:00:01.582-0700][info][gc,phases   ] GC(60)   Pre Evacuate Collection Set: 1.4ms
[2024-07-05T06:00:01.582-0700][info][gc,phases   ] GC(60)   Merge Heap Roots: 0.1ms
[2024-07-05T06:00:01.582-0700][info][gc,phases   ] GC(60)   Evacuate Collection Set: 7.6ms
[2024-07-05T06:00:01.582-0700][info][gc,phases   ] GC(60)   Post Evacuate Collection Set: 0.6ms
[2024-07-05T06:00:01.583-0700][info][gc,phases   ] GC(60)   Other: 0.1ms
[2024-07-05T06:00:01.583-0700][info][gc,heap     ] GC(60) Eden regions: 1->0(203)
[2024-07-05T06:00:01.583-0700][info][gc,heap     ] GC(60) Survivor regions: 16->1(16)
[2024-07-05T06:00:01.583-0700][info][gc,heap     ] GC(60) Old regions: 4045->4060
[2024-07-05T06:00:01.583-0700][info][gc,heap     ] GC(60) Archive regions: 2->2
[2024-07-05T06:00:01.583-0700][info][gc,heap     ] GC(60) Humongous regions: 16->16
[2024-07-05T06:00:01.583-0700][info][gc,metaspace] GC(60) Metaspace: 298K(512K)->298K(512K) NonClass: 291K(384K)->291K(384K) Class: 7K(128K)->7K(128K)
[2024-07-05T06:00:01.583-0700][info][gc          ] GC(60) Pause Young (Normal) (G1 Preventive Collection) 4078M->4077M(4096M) 9.129ms
[2024-07-05T06:00:01.583-0700][info][gc,cpu      ] GC(60) User=0.02s Sys=0.01s Real=0.02s
[2024-07-05T06:00:02.446-0700][info][gc,marking  ] GC(59) Concurrent Mark From Roots 872.540ms
[2024-07-05T06:00:02.446-0700][info][gc,marking  ] GC(59) Concurrent Preclean
[2024-07-05T06:00:02.446-0700][info][gc,marking  ] GC(59) Concurrent Preclean 0.315ms
[2024-07-05T06:00:12.747-0700][info][gc,start    ] GC(59) Pause Remark
[2024-07-05T06:00:12.751-0700][info][gc          ] GC(59) Pause Remark 4081M->4081M(4096M) 3.865ms
[2024-07-05T06:00:12.751-0700][info][gc,cpu      ] GC(59) User=0.00s Sys=0.00s Real=0.00s
[2024-07-05T06:00:12.752-0700][info][gc,marking  ] GC(59) Concurrent Mark 11178.393ms
[2024-07-05T06:00:12.752-0700][info][gc,marking  ] GC(59) Concurrent Rebuild Remembered Sets
[2024-07-05T06:00:13.297-0700][info][gc,marking  ] GC(59) Concurrent Rebuild Remembered Sets 545.120ms
[2024-07-05T06:00:15.712-0700][info][gc,start    ] GC(59) Pause Cleanup
[2024-07-05T06:00:15.714-0700][info][gc          ] GC(59) Pause Cleanup 4081M->4081M(4096M) 2.088ms
[2024-07-05T06:00:15.714-0700][info][gc,cpu      ] GC(59) User=0.00s Sys=0.00s Real=0.01s
[2024-07-05T06:00:15.719-0700][info][gc,marking  ] GC(59) Concurrent Cleanup for Next Mark
[2024-07-05T06:00:15.731-0700][info][gc,marking  ] GC(59) Concurrent Cleanup for Next Mark 12.760ms
[2024-07-05T06:00:15.731-0700][info][gc          ] GC(59) Concurrent Mark Cycle 14159.146ms
[2024-07-05T06:00:16.706-0700][info][gc,start    ] GC(61) Pause Young (Prepare Mixed) (G1 Preventive Collection)
[2024-07-05T06:00:16.706-0700][info][gc,task     ] GC(61) Using 4 workers of 4 for evacuation
[2024-07-05T06:00:16.719-0700][info][gc,phases   ] GC(61)   Pre Evacuate Collection Set: 0.7ms
[2024-07-05T06:00:16.719-0700][info][gc,phases   ] GC(61)   Merge Heap Roots: 0.4ms
[2024-07-05T06:00:16.719-0700][info][gc,phases   ] GC(61)   Evacuate Collection Set: 11.0ms
[2024-07-05T06:00:16.719-0700][info][gc,phases   ] GC(61)   Post Evacuate Collection Set: 0.6ms
[2024-07-05T06:00:16.719-0700][info][gc,phases   ] GC(61)   Other: 0.1ms
[2024-07-05T06:00:16.719-0700][info][gc,heap     ] GC(61) Eden regions: 7->0(195)
[2024-07-05T06:00:16.719-0700][info][gc,heap     ] GC(61) Survivor regions: 1->9(10)
[2024-07-05T06:00:16.719-0700][info][gc,heap     ] GC(61) Old regions: 4060->4060
[2024-07-05T06:00:16.719-0700][info][gc,heap     ] GC(61) Archive regions: 2->2
[2024-07-05T06:00:16.719-0700][info][gc,heap     ] GC(61) Humongous regions: 16->16
[2024-07-05T06:00:16.719-0700][info][gc,metaspace] GC(61) Metaspace: 298K(512K)->298K(512K) NonClass: 291K(384K)->291K(384K) Class: 7K(128K)->7K(128K)
[2024-07-05T06:00:16.719-0700][info][gc          ] GC(61) Pause Young (Prepare Mixed) (G1 Preventive Collection) 4084M->4085M(4096M) 13.005ms
[2024-07-05T06:00:16.719-0700][info][gc,cpu      ] GC(61) User=0.04s Sys=0.00s Real=0.01s
[2024-07-05T06:00:16.720-0700][info][gc,start    ] GC(62) Pause Young (Mixed) (G1 Preventive Collection)
[2024-07-05T06:00:16.720-0700][info][gc,task     ] GC(62) Using 4 workers of 4 for evacuation
[2024-07-05T06:00:16.766-0700][info][gc          ] GC(62) To-space exhausted
[2024-07-05T06:00:16.766-0700][info][gc,phases   ] GC(62)   Pre Evacuate Collection Set: 0.5ms
[2024-07-05T06:00:16.766-0700][info][gc,phases   ] GC(62)   Merge Heap Roots: 0.2ms
[2024-07-05T06:00:16.766-0700][info][gc,phases   ] GC(62)   Evacuate Collection Set: 36.0ms
[2024-07-05T06:00:16.766-0700][info][gc,phases   ] GC(62)   Post Evacuate Collection Set: 9.0ms
[2024-07-05T06:00:16.766-0700][info][gc,phases   ] GC(62)   Other: 0.2ms
[2024-07-05T06:00:16.766-0700][info][gc,heap     ] GC(62) Eden regions: 1->0(200)
[2024-07-05T06:00:16.766-0700][info][gc,heap     ] GC(62) Survivor regions: 9->4(8)
[2024-07-05T06:00:16.766-0700][info][gc,heap     ] GC(62) Old regions: 4060->4058
[2024-07-05T06:00:16.766-0700][info][gc,heap     ] GC(62) Archive regions: 2->2
[2024-07-05T06:00:16.766-0700][info][gc,heap     ] GC(62) Humongous regions: 16->16
[2024-07-05T06:00:16.766-0700][info][gc,metaspace] GC(62) Metaspace: 298K(512K)->298K(512K) NonClass: 291K(384K)->291K(384K) Class: 7K(128K)->7K(128K)
[2024-07-05T06:00:16.766-0700][info][gc          ] GC(62) Pause Young (Mixed) (G1 Preventive Collection) 4086M->4078M(4096M) 46.212ms
[2024-07-05T06:00:16.766-0700][info][gc,cpu      ] GC(62) User=0.12s Sys=0.05s Real=0.05s
[2024-07-05T06:00:16.767-0700][info][gc,start    ] GC(63) Pause Young (Mixed) (G1 Preventive Collection)
[2024-07-05T06:00:16.767-0700][info][gc,task     ] GC(63) Using 4 workers of 4 for evacuation
[2024-07-05T06:00:16.816-0700][info][gc          ] GC(63) To-space exhausted
[2024-07-05T06:00:16.817-0700][info][gc,phases   ] GC(63)   Pre Evacuate Collection Set: 0.9ms
[2024-07-05T06:00:16.817-0700][info][gc,phases   ] GC(63)   Merge Heap Roots: 0.4ms
[2024-07-05T06:00:16.817-0700][info][gc,phases   ] GC(63)   Evacuate Collection Set: 41.5ms
[2024-07-05T06:00:16.817-0700][info][gc,phases   ] GC(63)   Post Evacuate Collection Set: 6.8ms
[2024-07-05T06:00:16.817-0700][info][gc,phases   ] GC(63)   Other: 0.4ms
[2024-07-05T06:00:16.817-0700][info][gc,heap     ] GC(63) Eden regions: 1->0(203)
[2024-07-05T06:00:16.817-0700][info][gc,heap     ] GC(63) Survivor regions: 4->1(15)
[2024-07-05T06:00:16.817-0700][info][gc,heap     ] GC(63) Old regions: 4058->4067
[2024-07-05T06:00:16.817-0700][info][gc,heap     ] GC(63) Archive regions: 2->2
[2024-07-05T06:00:16.817-0700][info][gc,heap     ] GC(63) Humongous regions: 16->16
[2024-07-05T06:00:16.817-0700][info][gc,metaspace] GC(63) Metaspace: 298K(512K)->298K(512K) NonClass: 291K(384K)->291K(384K) Class: 7K(128K)->7K(128K)
[2024-07-05T06:00:16.817-0700][info][gc          ] GC(63) Pause Young (Mixed) (G1 Preventive Collection) 4079M->4084M(4096M) 50.167ms
[2024-07-05T06:00:16.817-0700][info][gc,cpu      ] GC(63) User=0.15s Sys=0.04s Real=0.05s
[2024-07-05T06:00:16.818-0700][info][gc,start    ] GC(64) Pause Young (Concurrent Start) (G1 Preventive Collection)
[2024-07-05T06:00:16.818-0700][info][gc,task     ] GC(64) Using 4 workers of 4 for evacuation
[2024-07-05T06:00:16.821-0700][info][gc,phases   ] GC(64)   Pre Evacuate Collection Set: 0.7ms
[2024-07-05T06:00:16.821-0700][info][gc,phases   ] GC(64)   Merge Heap Roots: 0.2ms
[2024-07-05T06:00:16.821-0700][info][gc,phases   ] GC(64)   Evacuate Collection Set: 1.1ms
[2024-07-05T06:00:16.821-0700][info][gc,phases   ] GC(64)   Post Evacuate Collection Set: 0.5ms
[2024-07-05T06:00:16.821-0700][info][gc,phases   ] GC(64)   Other: 0.7ms
[2024-07-05T06:00:16.821-0700][info][gc,heap     ] GC(64) Eden regions: 4->0(198)
[2024-07-05T06:00:16.821-0700][info][gc,heap     ] GC(64) Survivor regions: 1->6(6)
[2024-07-05T06:00:16.821-0700][info][gc,heap     ] GC(64) Old regions: 4067->4067
[2024-07-05T06:00:16.821-0700][info][gc,heap     ] GC(64) Archive regions: 2->2
[2024-07-05T06:00:16.821-0700][info][gc,heap     ] GC(64) Humongous regions: 16->16
[2024-07-05T06:00:16.821-0700][info][gc,metaspace] GC(64) Metaspace: 298K(512K)->298K(512K) NonClass: 291K(384K)->291K(384K) Class: 7K(128K)->7K(128K)
[2024-07-05T06:00:16.821-0700][info][gc          ] GC(64) Pause Young (Concurrent Start) (G1 Preventive Collection) 4088M->4089M(4096M) 3.304ms
[2024-07-05T06:00:16.821-0700][info][gc,cpu      ] GC(64) User=0.01s Sys=0.00s Real=0.00s
[2024-07-05T06:00:16.821-0700][info][gc          ] GC(65) Concurrent Mark Cycle
[2024-07-05T06:00:16.821-0700][info][gc,marking  ] GC(65) Concurrent Clear Claimed Marks
[2024-07-05T06:00:16.821-0700][info][gc,marking  ] GC(65) Concurrent Clear Claimed Marks 0.010ms
[2024-07-05T06:00:16.821-0700][info][gc,marking  ] GC(65) Concurrent Scan Root Regions
[2024-07-05T06:00:16.822-0700][info][gc,marking  ] GC(65) Concurrent Scan Root Regions 0.425ms
[2024-07-05T06:00:16.822-0700][info][gc,marking  ] GC(65) Concurrent Mark
[2024-07-05T06:00:16.822-0700][info][gc,marking  ] GC(65) Concurrent Mark From Roots
[2024-07-05T06:00:16.822-0700][info][gc,task     ] GC(65) Using 1 workers of 1 for marking
[2024-07-05T06:00:17.891-0700][info][gc,marking  ] GC(65) Concurrent Mark From Roots 1068.958ms
[2024-07-05T06:00:17.891-0700][info][gc,marking  ] GC(65) Concurrent Preclean
[2024-07-05T06:00:17.891-0700][info][gc,marking  ] GC(65) Concurrent Preclean 0.111ms
[2024-07-05T06:00:21.984-0700][info][gc,start    ] GC(65) Pause Remark
[2024-07-05T06:00:21.986-0700][info][gc          ] GC(65) Pause Remark 4090M->4090M(4096M) 1.898ms
[2024-07-05T06:00:21.986-0700][info][gc,cpu      ] GC(65) User=0.00s Sys=0.00s Real=0.00s
[2024-07-05T06:00:21.989-0700][info][gc,marking  ] GC(65) Concurrent Mark 5167.148ms
[2024-07-05T06:00:21.989-0700][info][gc,marking  ] GC(65) Concurrent Rebuild Remembered Sets
[2024-07-05T06:00:22.574-0700][info][gc,marking  ] GC(65) Concurrent Rebuild Remembered Sets 585.243ms
[2024-07-05T06:00:23.676-0700][info][gc,start    ] GC(65) Pause Cleanup
[2024-07-05T06:00:23.680-0700][info][gc          ] GC(65) Pause Cleanup 4090M->4090M(4096M) 4.111ms
[2024-07-05T06:00:23.680-0700][info][gc,cpu      ] GC(65) User=0.00s Sys=0.00s Real=0.00s
[2024-07-05T06:00:23.681-0700][info][gc,marking  ] GC(65) Concurrent Cleanup for Next Mark
[2024-07-05T06:00:23.687-0700][info][gc,marking  ] GC(65) Concurrent Cleanup for Next Mark 6.353ms
[2024-07-05T06:00:23.687-0700][info][gc          ] GC(65) Concurrent Mark Cycle 6865.815ms
[2024-07-05T06:00:26.064-0700][info][gc,start    ] GC(66) Pause Young (Prepare Mixed) (G1 Preventive Collection)
[2024-07-05T06:00:26.065-0700][info][gc,task     ] GC(66) Using 4 workers of 4 for evacuation
[2024-07-05T06:00:26.074-0700][info][gc          ] GC(66) To-space exhausted
[2024-07-05T06:00:26.075-0700][info][gc,phases   ] GC(66)   Pre Evacuate Collection Set: 0.6ms
[2024-07-05T06:00:26.075-0700][info][gc,phases   ] GC(66)   Merge Heap Roots: 0.4ms
[2024-07-05T06:00:26.075-0700][info][gc,phases   ] GC(66)   Evacuate Collection Set: 7.5ms
[2024-07-05T06:00:26.075-0700][info][gc,phases   ] GC(66)   Post Evacuate Collection Set: 1.4ms
[2024-07-05T06:00:26.075-0700][info][gc,phases   ] GC(66)   Other: 0.3ms
[2024-07-05T06:00:26.075-0700][info][gc,heap     ] GC(66) Eden regions: 1->0(200)
[2024-07-05T06:00:26.075-0700][info][gc,heap     ] GC(66) Survivor regions: 6->4(4)
[2024-07-05T06:00:26.075-0700][info][gc,heap     ] GC(66) Old regions: 4067->4073
[2024-07-05T06:00:26.075-0700][info][gc,heap     ] GC(66) Archive regions: 2->2
[2024-07-05T06:00:26.075-0700][info][gc,heap     ] GC(66) Humongous regions: 16->16
[2024-07-05T06:00:26.075-0700][info][gc,metaspace] GC(66) Metaspace: 298K(512K)->298K(512K) NonClass: 291K(384K)->291K(384K) Class: 7K(128K)->7K(128K)
[2024-07-05T06:00:26.075-0700][info][gc          ] GC(66) Pause Young (Prepare Mixed) (G1 Preventive Collection) 4090M->4093M(4096M) 10.272ms
[2024-07-05T06:00:26.075-0700][info][gc,cpu      ] GC(66) User=0.03s Sys=0.01s Real=0.01s
[2024-07-05T06:00:26.076-0700][info][gc,start    ] GC(67) Pause Young (Mixed) (G1 Evacuation Pause)
[2024-07-05T06:00:26.076-0700][info][gc,task     ] GC(67) Using 4 workers of 4 for evacuation
[2024-07-05T06:00:26.127-0700][info][gc          ] GC(67) To-space exhausted
[2024-07-05T06:00:26.127-0700][info][gc,phases   ] GC(67)   Pre Evacuate Collection Set: 1.3ms
[2024-07-05T06:00:26.127-0700][info][gc,phases   ] GC(67)   Merge Heap Roots: 0.3ms
[2024-07-05T06:00:26.127-0700][info][gc,phases   ] GC(67)   Evacuate Collection Set: 37.1ms
[2024-07-05T06:00:26.127-0700][info][gc,phases   ] GC(67)   Post Evacuate Collection Set: 12.5ms
[2024-07-05T06:00:26.127-0700][info][gc,phases   ] GC(67)   Other: 0.4ms
[2024-07-05T06:00:26.127-0700][info][gc,heap     ] GC(67) Eden regions: 1->0(204)
[2024-07-05T06:00:26.127-0700][info][gc,heap     ] GC(67) Survivor regions: 4->0(0)
[2024-07-05T06:00:26.127-0700][info][gc,heap     ] GC(67) Old regions: 4073->4078
[2024-07-05T06:00:26.127-0700][info][gc,heap     ] GC(67) Archive regions: 2->2
[2024-07-05T06:00:26.128-0700][info][gc,heap     ] GC(67) Humongous regions: 16->16
[2024-07-05T06:00:26.128-0700][info][gc,metaspace] GC(67) Metaspace: 298K(512K)->298K(512K) NonClass: 291K(384K)->291K(384K) Class: 7K(128K)->7K(128K)
[2024-07-05T06:00:26.128-0700][info][gc          ] GC(67) Pause Young (Mixed) (G1 Evacuation Pause) 4094M->4094M(4096M) 51.744ms
[2024-07-05T06:00:26.128-0700][info][gc,cpu      ] GC(67) User=0.17s Sys=0.02s Real=0.05s
[2024-07-05T06:00:26.128-0700][info][gc,ergo     ] Attempting full compaction
[2024-07-05T06:00:26.128-0700][info][gc,task     ] GC(68) Using 4 workers of 4 for full compaction
[2024-07-05T06:00:26.128-0700][info][gc,start    ] GC(68) Pause Full (G1 Compaction Pause)
[2024-07-05T06:00:26.129-0700][info][gc,phases,start] GC(68) Phase 1: Mark live objects
[2024-07-05T06:00:26.309-0700][info][gc,phases      ] GC(68) Phase 1: Mark live objects 180.020ms
[2024-07-05T06:00:26.309-0700][info][gc,phases,start] GC(68) Phase 2: Prepare for compaction
[2024-07-05T06:00:26.438-0700][info][gc,phases      ] GC(68) Phase 2: Prepare for compaction 129.205ms
[2024-07-05T06:00:26.438-0700][info][gc,phases,start] GC(68) Phase 3: Adjust pointers
[2024-07-05T06:00:26.572-0700][info][gc,phases      ] GC(68) Phase 3: Adjust pointers 134.423ms
[2024-07-05T06:00:26.572-0700][info][gc,phases,start] GC(68) Phase 4: Compact heap
[2024-07-05T06:00:27.089-0700][info][gc,phases      ] GC(68) Phase 4: Compact heap 516.928ms
[2024-07-05T06:00:27.095-0700][info][gc,heap        ] GC(68) Eden regions: 0->0(204)
[2024-07-05T06:00:27.095-0700][info][gc,heap        ] GC(68) Survivor regions: 0->0(0)
[2024-07-05T06:00:27.095-0700][info][gc,heap        ] GC(68) Old regions: 4078->3404
[2024-07-05T06:00:27.095-0700][info][gc,heap        ] GC(68) Archive regions: 2->2
[2024-07-05T06:00:27.095-0700][info][gc,heap        ] GC(68) Humongous regions: 16->16
[2024-07-05T06:00:27.095-0700][info][gc,metaspace   ] GC(68) Metaspace: 298K(512K)->298K(512K) NonClass: 291K(384K)->291K(384K) Class: 7K(128K)->7K(128K)
[2024-07-05T06:00:27.095-0700][info][gc             ] GC(68) Pause Full (G1 Compaction Pause) 4094M->3418M(4096M) 967.422ms
[2024-07-05T06:00:27.096-0700][info][gc,cpu         ] GC(68) User=3.82s Sys=0.00s Real=0.97s
[2024-07-05T06:01:38.021-0700][info][gc,start       ] GC(69) Pause Young (Normal) (G1 Evacuation Pause)
[2024-07-05T06:01:38.021-0700][info][gc,task        ] GC(69) Using 4 workers of 4 for evacuation
[2024-07-05T06:01:38.127-0700][info][gc,mmu         ] GC(69) MMU target violated: 101.0ms (100.0ms/101.0ms)
[2024-07-05T06:01:38.127-0700][info][gc,phases      ] GC(69)   Pre Evacuate Collection Set: 0.5ms
[2024-07-05T06:01:38.127-0700][info][gc,phases      ] GC(69)   Merge Heap Roots: 0.3ms
[2024-07-05T06:01:38.127-0700][info][gc,phases      ] GC(69)   Evacuate Collection Set: 103.0ms
[2024-07-05T06:01:38.127-0700][info][gc,phases      ] GC(69)   Post Evacuate Collection Set: 1.9ms
[2024-07-05T06:01:38.127-0700][info][gc,phases      ] GC(69)   Other: 0.4ms
[2024-07-05T06:01:38.127-0700][info][gc,heap        ] GC(69) Eden regions: 204->0(178)
[2024-07-05T06:01:38.127-0700][info][gc,heap        ] GC(69) Survivor regions: 0->26(26)
[2024-07-05T06:01:38.127-0700][info][gc,heap        ] GC(69) Old regions: 3404->3579
[2024-07-05T06:01:38.127-0700][info][gc,heap        ] GC(69) Archive regions: 2->2
[2024-07-05T06:01:38.127-0700][info][gc,heap        ] GC(69) Humongous regions: 16->16
[2024-07-05T06:01:38.127-0700][info][gc,metaspace   ] GC(69) Metaspace: 298K(512K)->298K(512K) NonClass: 291K(384K)->291K(384K) Class: 7K(128K)->7K(128K)
[2024-07-05T06:01:38.127-0700][info][gc             ] GC(69) Pause Young (Normal) (G1 Evacuation Pause) 3622M->3619M(4096M) 106.213ms
[2024-07-05T06:01:38.127-0700][info][gc,cpu         ] GC(69) User=0.29s Sys=0.07s Real=0.11s
[2024-07-05T06:02:59.673-0700][info][gc,start       ] GC(70) Pause Young (Concurrent Start) (G1 Evacuation Pause)
[2024-07-05T06:02:59.673-0700][info][gc,task        ] GC(70) Using 4 workers of 4 for evacuation
[2024-07-05T06:02:59.762-0700][info][gc,phases      ] GC(70)   Pre Evacuate Collection Set: 0.5ms
[2024-07-05T06:02:59.762-0700][info][gc,phases      ] GC(70)   Merge Heap Roots: 0.4ms
[2024-07-05T06:02:59.762-0700][info][gc,phases      ] GC(70)   Evacuate Collection Set: 87.0ms
[2024-07-05T06:02:59.762-0700][info][gc,phases      ] GC(70)   Post Evacuate Collection Set: 0.8ms
[2024-07-05T06:02:59.762-0700][info][gc,phases      ] GC(70)   Other: 0.5ms
[2024-07-05T06:02:59.762-0700][info][gc,heap        ] GC(70) Eden regions: 178->0(178)
[2024-07-05T06:02:59.762-0700][info][gc,heap        ] GC(70) Survivor regions: 26->26(26)
[2024-07-05T06:02:59.762-0700][info][gc,heap        ] GC(70) Old regions: 3579->3754
[2024-07-05T06:02:59.762-0700][info][gc,heap        ] GC(70) Archive regions: 2->2
[2024-07-05T06:02:59.762-0700][info][gc,heap        ] GC(70) Humongous regions: 16->16
[2024-07-05T06:02:59.762-0700][info][gc,metaspace   ] GC(70) Metaspace: 298K(512K)->298K(512K) NonClass: 291K(384K)->291K(384K) Class: 7K(128K)->7K(128K)
[2024-07-05T06:02:59.762-0700][info][gc             ] GC(70) Pause Young (Concurrent Start) (G1 Evacuation Pause) 3797M->3793M(4096M) 89.244ms
[2024-07-05T06:02:59.762-0700][info][gc,cpu         ] GC(70) User=0.25s Sys=0.05s Real=0.09s
[2024-07-05T06:02:59.762-0700][info][gc             ] GC(71) Concurrent Mark Cycle
[2024-07-05T06:02:59.762-0700][info][gc,marking     ] GC(71) Concurrent Clear Claimed Marks
[2024-07-05T06:02:59.762-0700][info][gc,marking     ] GC(71) Concurrent Clear Claimed Marks 0.010ms
[2024-07-05T06:02:59.762-0700][info][gc,marking     ] GC(71) Concurrent Scan Root Regions
[2024-07-05T06:02:59.778-0700][info][gc,marking     ] GC(71) Concurrent Scan Root Regions 16.013ms
[2024-07-05T06:02:59.778-0700][info][gc,marking     ] GC(71) Concurrent Mark
[2024-07-05T06:02:59.778-0700][info][gc,marking     ] GC(71) Concurrent Mark From Roots
[2024-07-05T06:02:59.778-0700][info][gc,task        ] GC(71) Using 1 workers of 1 for marking
[2024-07-05T06:03:00.677-0700][info][gc,marking     ] GC(71) Concurrent Mark From Roots 898.393ms
[2024-07-05T06:03:00.677-0700][info][gc,marking     ] GC(71) Concurrent Preclean
[2024-07-05T06:03:00.677-0700][info][gc,marking     ] GC(71) Concurrent Preclean 0.092ms
[2024-07-05T06:03:14.823-0700][info][gc,start       ] GC(71) Pause Remark
[2024-07-05T06:03:14.825-0700][info][gc             ] GC(71) Pause Remark 3798M->3798M(4096M) 1.763ms
[2024-07-05T06:03:14.825-0700][info][gc,cpu         ] GC(71) User=0.01s Sys=0.00s Real=0.00s
[2024-07-05T06:03:14.826-0700][info][gc,marking     ] GC(71) Concurrent Mark 15048.141ms
[2024-07-05T06:03:14.826-0700][info][gc,marking     ] GC(71) Concurrent Rebuild Remembered Sets
[2024-07-05T06:03:15.247-0700][info][gc,marking     ] GC(71) Concurrent Rebuild Remembered Sets 420.578ms
[2024-07-05T06:03:16.077-0700][info][gc,start       ] GC(71) Pause Cleanup
[2024-07-05T06:03:16.079-0700][info][gc             ] GC(71) Pause Cleanup 3798M->3798M(4096M) 2.332ms
[2024-07-05T06:03:16.079-0700][info][gc,cpu         ] GC(71) User=0.00s Sys=0.01s Real=0.00s
[2024-07-05T06:03:16.079-0700][info][gc,marking     ] GC(71) Concurrent Cleanup for Next Mark
[2024-07-05T06:03:16.089-0700][info][gc,marking     ] GC(71) Concurrent Cleanup for Next Mark 10.120ms
[2024-07-05T06:03:16.090-0700][info][gc             ] GC(71) Concurrent Mark Cycle 16327.523ms
[2024-07-05T06:03:58.339-0700][info][gc,start       ] GC(72) Pause Young (Normal) (G1 Preventive Collection)
[2024-07-05T06:03:58.340-0700][info][gc,task        ] GC(72) Using 4 workers of 4 for evacuation
[2024-07-05T06:03:58.391-0700][info][gc,phases      ] GC(72)   Pre Evacuate Collection Set: 0.4ms
[2024-07-05T06:03:58.391-0700][info][gc,phases      ] GC(72)   Merge Heap Roots: 0.3ms
[2024-07-05T06:03:58.391-0700][info][gc,phases      ] GC(72)   Evacuate Collection Set: 49.9ms
[2024-07-05T06:03:58.391-0700][info][gc,phases      ] GC(72)   Post Evacuate Collection Set: 1.0ms
[2024-07-05T06:03:58.391-0700][info][gc,phases      ] GC(72)   Other: 0.1ms
[2024-07-05T06:03:58.391-0700][info][gc,heap        ] GC(72) Eden regions: 128->0(178)
[2024-07-05T06:03:58.391-0700][info][gc,heap        ] GC(72) Survivor regions: 26->26(26)
[2024-07-05T06:03:58.391-0700][info][gc,heap        ] GC(72) Old regions: 3754->3880
[2024-07-05T06:03:58.391-0700][info][gc,heap        ] GC(72) Archive regions: 2->2
[2024-07-05T06:03:58.391-0700][info][gc,heap        ] GC(72) Humongous regions: 16->16
[2024-07-05T06:03:58.391-0700][info][gc,metaspace   ] GC(72) Metaspace: 298K(512K)->298K(512K) NonClass: 291K(384K)->291K(384K) Class: 7K(128K)->7K(128K)
[2024-07-05T06:03:58.391-0700][info][gc             ] GC(72) Pause Young (Normal) (G1 Preventive Collection) 3921M->3920M(4096M) 51.869ms
[2024-07-05T06:03:58.391-0700][info][gc,cpu         ] GC(72) User=0.14s Sys=0.04s Real=0.05s
[2024-07-05T06:04:13.850-0700][info][gc,start       ] GC(73) Pause Young (Concurrent Start) (G1 Preventive Collection)
[2024-07-05T06:04:13.850-0700][info][gc,task        ] GC(73) Using 4 workers of 4 for evacuation
[2024-07-05T06:04:13.879-0700][info][gc,phases      ] GC(73)   Pre Evacuate Collection Set: 0.6ms
[2024-07-05T06:04:13.879-0700][info][gc,phases      ] GC(73)   Merge Heap Roots: 0.2ms
[2024-07-05T06:04:13.879-0700][info][gc,phases      ] GC(73)   Evacuate Collection Set: 26.2ms
[2024-07-05T06:04:13.879-0700][info][gc,phases      ] GC(73)   Post Evacuate Collection Set: 0.9ms
[2024-07-05T06:04:13.879-0700][info][gc,phases      ] GC(73)   Other: 0.5ms
[2024-07-05T06:04:13.879-0700][info][gc,heap        ] GC(73) Eden regions: 68->0(178)
[2024-07-05T06:04:13.879-0700][info][gc,heap        ] GC(73) Survivor regions: 26->26(26)
[2024-07-05T06:04:13.879-0700][info][gc,heap        ] GC(73) Old regions: 3880->3947
[2024-07-05T06:04:13.879-0700][info][gc,heap        ] GC(73) Archive regions: 2->2
[2024-07-05T06:04:13.879-0700][info][gc,heap        ] GC(73) Humongous regions: 16->16
[2024-07-05T06:04:13.879-0700][info][gc,metaspace   ] GC(73) Metaspace: 298K(512K)->298K(512K) NonClass: 291K(384K)->291K(384K) Class: 7K(128K)->7K(128K)
[2024-07-05T06:04:13.879-0700][info][gc             ] GC(73) Pause Young (Concurrent Start) (G1 Preventive Collection) 3988M->3987M(4096M) 28.471ms
[2024-07-05T06:04:13.879-0700][info][gc,cpu         ] GC(73) User=0.08s Sys=0.01s Real=0.03s
[2024-07-05T06:04:13.879-0700][info][gc             ] GC(74) Concurrent Mark Cycle
[2024-07-05T06:04:13.879-0700][info][gc,marking     ] GC(74) Concurrent Clear Claimed Marks
[2024-07-05T06:04:13.879-0700][info][gc,marking     ] GC(74) Concurrent Clear Claimed Marks 0.008ms
[2024-07-05T06:04:13.879-0700][info][gc,marking     ] GC(74) Concurrent Scan Root Regions
[2024-07-05T06:04:13.887-0700][info][gc,marking     ] GC(74) Concurrent Scan Root Regions 7.844ms
[2024-07-05T06:04:13.887-0700][info][gc,marking     ] GC(74) Concurrent Mark
[2024-07-05T06:04:13.887-0700][info][gc,marking     ] GC(74) Concurrent Mark From Roots
[2024-07-05T06:04:13.887-0700][info][gc,task        ] GC(74) Using 1 workers of 1 for marking
[2024-07-05T06:04:14.616-0700][info][gc,marking     ] GC(74) Concurrent Mark From Roots 728.538ms
[2024-07-05T06:04:14.616-0700][info][gc,marking     ] GC(74) Concurrent Preclean
[2024-07-05T06:04:14.616-0700][info][gc,marking     ] GC(74) Concurrent Preclean 0.119ms
[2024-07-05T06:04:29.473-0700][info][gc,start       ] GC(74) Pause Remark
[2024-07-05T06:04:29.475-0700][info][gc             ] GC(74) Pause Remark 3995M->3995M(4096M) 1.910ms
[2024-07-05T06:04:29.475-0700][info][gc,cpu         ] GC(74) User=0.00s Sys=0.00s Real=0.01s
[2024-07-05T06:04:29.475-0700][info][gc,marking     ] GC(74) Concurrent Mark 15588.175ms
[2024-07-05T06:04:29.475-0700][info][gc,marking     ] GC(74) Concurrent Rebuild Remembered Sets
[2024-07-05T06:04:29.751-0700][info][gc,marking     ] GC(74) Concurrent Rebuild Remembered Sets 275.610ms
[2024-07-05T06:04:29.922-0700][info][gc,start       ] GC(74) Pause Cleanup
[2024-07-05T06:04:29.923-0700][info][gc             ] GC(74) Pause Cleanup 3995M->3995M(4096M) 1.085ms
[2024-07-05T06:04:29.923-0700][info][gc,cpu         ] GC(74) User=0.01s Sys=0.00s Real=0.01s
[2024-07-05T06:04:29.924-0700][info][gc,marking     ] GC(74) Concurrent Cleanup for Next Mark
[2024-07-05T06:04:29.930-0700][info][gc,marking     ] GC(74) Concurrent Cleanup for Next Mark 6.796ms
[2024-07-05T06:04:29.930-0700][info][gc             ] GC(74) Concurrent Mark Cycle 16051.413ms
[2024-07-05T06:04:35.134-0700][info][gc,start       ] GC(75) Pause Young (Normal) (G1 Preventive Collection)
[2024-07-05T06:04:35.134-0700][info][gc,task        ] GC(75) Using 4 workers of 4 for evacuation
[2024-07-05T06:04:35.152-0700][info][gc,phases      ] GC(75)   Pre Evacuate Collection Set: 0.5ms
[2024-07-05T06:04:35.152-0700][info][gc,phases      ] GC(75)   Merge Heap Roots: 0.3ms
[2024-07-05T06:04:35.152-0700][info][gc,phases      ] GC(75)   Evacuate Collection Set: 16.1ms
[2024-07-05T06:04:35.152-0700][info][gc,phases      ] GC(75)   Post Evacuate Collection Set: 0.9ms
[2024-07-05T06:04:35.152-0700][info][gc,phases      ] GC(75)   Other: 0.2ms
[2024-07-05T06:04:35.152-0700][info][gc,heap        ] GC(75) Eden regions: 36->0(178)
[2024-07-05T06:04:35.152-0700][info][gc,heap        ] GC(75) Survivor regions: 26->26(26)
[2024-07-05T06:04:35.152-0700][info][gc,heap        ] GC(75) Old regions: 3947->3982
[2024-07-05T06:04:35.152-0700][info][gc,heap        ] GC(75) Archive regions: 2->2
[2024-07-05T06:04:35.152-0700][info][gc,heap        ] GC(75) Humongous regions: 16->16
[2024-07-05T06:04:35.152-0700][info][gc,metaspace   ] GC(75) Metaspace: 298K(512K)->298K(512K) NonClass: 291K(384K)->291K(384K) Class: 7K(128K)->7K(128K)
[2024-07-05T06:04:35.152-0700][info][gc             ] GC(75) Pause Young (Normal) (G1 Preventive Collection) 4023M->4022M(4096M) 17.974ms
[2024-07-05T06:04:35.152-0700][info][gc,cpu         ] GC(75) User=0.05s Sys=0.01s Real=0.02s
[2024-07-05T06:04:39.180-0700][info][gc,start       ] GC(76) Pause Young (Concurrent Start) (G1 Preventive Collection)
[2024-07-05T06:04:39.180-0700][info][gc,task        ] GC(76) Using 4 workers of 4 for evacuation
[2024-07-05T06:04:39.192-0700][info][gc,phases      ] GC(76)   Pre Evacuate Collection Set: 0.6ms
[2024-07-05T06:04:39.192-0700][info][gc,phases      ] GC(76)   Merge Heap Roots: 0.3ms
[2024-07-05T06:04:39.192-0700][info][gc,phases      ] GC(76)   Evacuate Collection Set: 9.6ms
[2024-07-05T06:04:39.192-0700][info][gc,phases      ] GC(76)   Post Evacuate Collection Set: 0.5ms
[2024-07-05T06:04:39.192-0700][info][gc,phases      ] GC(76)   Other: 0.3ms
[2024-07-05T06:04:39.192-0700][info][gc,heap        ] GC(76) Eden regions: 19->0(183)
[2024-07-05T06:04:39.192-0700][info][gc,heap        ] GC(76) Survivor regions: 26->21(26)
[2024-07-05T06:04:39.192-0700][info][gc,heap        ] GC(76) Old regions: 3982->4008
[2024-07-05T06:04:39.192-0700][info][gc,heap        ] GC(76) Archive regions: 2->2
[2024-07-05T06:04:39.192-0700][info][gc,heap        ] GC(76) Humongous regions: 16->16
[2024-07-05T06:04:39.192-0700][info][gc,metaspace   ] GC(76) Metaspace: 298K(512K)->298K(512K) NonClass: 291K(384K)->291K(384K) Class: 7K(128K)->7K(128K)
[2024-07-05T06:04:39.192-0700][info][gc             ] GC(76) Pause Young (Concurrent Start) (G1 Preventive Collection) 4041M->4043M(4096M) 11.295ms
[2024-07-05T06:04:39.192-0700][info][gc,cpu         ] GC(76) User=0.03s Sys=0.00s Real=0.01s
[2024-07-05T06:04:39.192-0700][info][gc             ] GC(77) Concurrent Mark Cycle
[2024-07-05T06:04:39.192-0700][info][gc,marking     ] GC(77) Concurrent Clear Claimed Marks
[2024-07-05T06:04:39.192-0700][info][gc,marking     ] GC(77) Concurrent Clear Claimed Marks 0.007ms
[2024-07-05T06:04:39.192-0700][info][gc,marking     ] GC(77) Concurrent Scan Root Regions
[2024-07-05T06:04:39.195-0700][info][gc,marking     ] GC(77) Concurrent Scan Root Regions 3.407ms
[2024-07-05T06:04:39.195-0700][info][gc,marking     ] GC(77) Concurrent Mark
[2024-07-05T06:04:39.195-0700][info][gc,marking     ] GC(77) Concurrent Mark From Roots
[2024-07-05T06:04:39.195-0700][info][gc,task        ] GC(77) Using 1 workers of 1 for marking
[2024-07-05T06:04:39.902-0700][info][gc,marking     ] GC(77) Concurrent Mark From Roots 706.313ms
[2024-07-05T06:04:39.902-0700][info][gc,marking     ] GC(77) Concurrent Preclean
[2024-07-05T06:04:39.902-0700][info][gc,marking     ] GC(77) Concurrent Preclean 0.080ms
[2024-07-05T06:04:40.458-0700][info][gc,start       ] GC(77) Pause Remark
[2024-07-05T06:04:40.460-0700][info][gc             ] GC(77) Pause Remark 4046M->4046M(4096M) 1.942ms
[2024-07-05T06:04:40.460-0700][info][gc,cpu         ] GC(77) User=0.00s Sys=0.00s Real=0.00s
[2024-07-05T06:04:40.460-0700][info][gc,marking     ] GC(77) Concurrent Mark 1265.058ms
[2024-07-05T06:04:40.460-0700][info][gc,marking     ] GC(77) Concurrent Rebuild Remembered Sets
[2024-07-05T06:04:40.736-0700][info][gc,marking     ] GC(77) Concurrent Rebuild Remembered Sets 275.772ms
[2024-07-05T06:04:42.026-0700][info][gc,start       ] GC(77) Pause Cleanup
[2024-07-05T06:04:42.027-0700][info][gc             ] GC(77) Pause Cleanup 4046M->4046M(4096M) 1.057ms
[2024-07-05T06:04:42.027-0700][info][gc,cpu         ] GC(77) User=0.01s Sys=0.00s Real=0.00s
[2024-07-05T06:04:42.027-0700][info][gc,marking     ] GC(77) Concurrent Cleanup for Next Mark
[2024-07-05T06:04:42.033-0700][info][gc,marking     ] GC(77) Concurrent Cleanup for Next Mark 6.035ms
[2024-07-05T06:04:42.033-0700][info][gc             ] GC(77) Concurrent Mark Cycle 2841.299ms
[2024-07-05T06:04:42.413-0700][info][gc,start       ] GC(78) Pause Young (Normal) (G1 Preventive Collection)
[2024-07-05T06:04:42.413-0700][info][gc,task        ] GC(78) Using 4 workers of 4 for evacuation
[2024-07-05T06:04:42.422-0700][info][gc,phases      ] GC(78)   Pre Evacuate Collection Set: 0.6ms
[2024-07-05T06:04:42.422-0700][info][gc,phases      ] GC(78)   Merge Heap Roots: 0.2ms
[2024-07-05T06:04:42.422-0700][info][gc,phases      ] GC(78)   Evacuate Collection Set: 7.2ms
[2024-07-05T06:04:42.422-0700][info][gc,phases      ] GC(78)   Post Evacuate Collection Set: 0.7ms
[2024-07-05T06:04:42.422-0700][info][gc,phases      ] GC(78)   Other: 0.1ms
[2024-07-05T06:04:42.422-0700][info][gc,heap        ] GC(78) Eden regions: 12->0(191)
[2024-07-05T06:04:42.422-0700][info][gc,heap        ] GC(78) Survivor regions: 21->13(26)
[2024-07-05T06:04:42.422-0700][info][gc,heap        ] GC(78) Old regions: 4008->4027
[2024-07-05T06:04:42.422-0700][info][gc,heap        ] GC(78) Archive regions: 2->2
[2024-07-05T06:04:42.422-0700][info][gc,heap        ] GC(78) Humongous regions: 16->16
[2024-07-05T06:04:42.422-0700][info][gc,metaspace   ] GC(78) Metaspace: 298K(512K)->298K(512K) NonClass: 291K(384K)->291K(384K) Class: 7K(128K)->7K(128K)
[2024-07-05T06:04:42.422-0700][info][gc             ] GC(78) Pause Young (Normal) (G1 Preventive Collection) 4055M->4054M(4096M) 8.869ms
[2024-07-05T06:04:42.422-0700][info][gc,cpu         ] GC(78) User=0.03s Sys=0.00s Real=0.02s
[2024-07-05T06:04:46.370-0700][info][gc,start       ] GC(79) Pause Young (Concurrent Start) (G1 Preventive Collection)
[2024-07-05T06:04:46.370-0700][info][gc,task        ] GC(79) Using 4 workers of 4 for evacuation
[2024-07-05T06:04:46.379-0700][info][gc,phases      ] GC(79)   Pre Evacuate Collection Set: 0.4ms
[2024-07-05T06:04:46.379-0700][info][gc,phases      ] GC(79)   Merge Heap Roots: 0.2ms
[2024-07-05T06:04:46.379-0700][info][gc,phases      ] GC(79)   Evacuate Collection Set: 6.8ms
[2024-07-05T06:04:46.379-0700][info][gc,phases      ] GC(79)   Post Evacuate Collection Set: 0.5ms
[2024-07-05T06:04:46.379-0700][info][gc,phases      ] GC(79)   Other: 0.2ms
[2024-07-05T06:04:46.379-0700][info][gc,heap        ] GC(79) Eden regions: 11->0(180)
[2024-07-05T06:04:46.379-0700][info][gc,heap        ] GC(79) Survivor regions: 13->24(26)
[2024-07-05T06:04:46.379-0700][info][gc,heap        ] GC(79) Old regions: 4027->4027
[2024-07-05T06:04:46.379-0700][info][gc,heap        ] GC(79) Archive regions: 2->2
[2024-07-05T06:04:46.379-0700][info][gc,heap        ] GC(79) Humongous regions: 16->16
[2024-07-05T06:04:46.379-0700][info][gc,metaspace   ] GC(79) Metaspace: 298K(512K)->298K(512K) NonClass: 291K(384K)->291K(384K) Class: 7K(128K)->7K(128K)
[2024-07-05T06:04:46.379-0700][info][gc             ] GC(79) Pause Young (Concurrent Start) (G1 Preventive Collection) 4065M->4065M(4096M) 8.285ms
[2024-07-05T06:04:46.379-0700][info][gc,cpu         ] GC(79) User=0.03s Sys=0.00s Real=0.01s
[2024-07-05T06:04:46.379-0700][info][gc             ] GC(80) Concurrent Mark Cycle
[2024-07-05T06:04:46.379-0700][info][gc,marking     ] GC(80) Concurrent Clear Claimed Marks
[2024-07-05T06:04:46.379-0700][info][gc,marking     ] GC(80) Concurrent Clear Claimed Marks 0.007ms
[2024-07-05T06:04:46.379-0700][info][gc,marking     ] GC(80) Concurrent Scan Root Regions
[2024-07-05T06:04:46.381-0700][info][gc,marking     ] GC(80) Concurrent Scan Root Regions 1.703ms
[2024-07-05T06:04:46.381-0700][info][gc,marking     ] GC(80) Concurrent Mark
[2024-07-05T06:04:46.381-0700][info][gc,marking     ] GC(80) Concurrent Mark From Roots
[2024-07-05T06:04:46.381-0700][info][gc,task        ] GC(80) Using 1 workers of 1 for marking
[2024-07-05T06:04:46.381-0700][info][gc,start       ] GC(81) Pause Young (Normal) (G1 Preventive Collection)
[2024-07-05T06:04:46.381-0700][info][gc,task        ] GC(81) Using 4 workers of 4 for evacuation
[2024-07-05T06:04:46.386-0700][info][gc,phases      ] GC(81)   Pre Evacuate Collection Set: 2.0ms
[2024-07-05T06:04:46.386-0700][info][gc,phases      ] GC(81)   Merge Heap Roots: 0.2ms
[2024-07-05T06:04:46.386-0700][info][gc,phases      ] GC(81)   Evacuate Collection Set: 4.2ms
[2024-07-05T06:04:46.386-0700][info][gc,phases      ] GC(81)   Post Evacuate Collection Set: 0.7ms
[2024-07-05T06:04:46.386-0700][info][gc,phases      ] GC(81)   Other: 0.1ms
[2024-07-05T06:04:46.386-0700][info][gc,heap        ] GC(81) Eden regions: 1->0(191)
[2024-07-05T06:04:46.386-0700][info][gc,heap        ] GC(81) Survivor regions: 24->13(26)
[2024-07-05T06:04:46.386-0700][info][gc,heap        ] GC(81) Old regions: 4027->4039
[2024-07-05T06:04:46.386-0700][info][gc,heap        ] GC(81) Archive regions: 2->2
[2024-07-05T06:04:46.386-0700][info][gc,heap        ] GC(81) Humongous regions: 16->16
[2024-07-05T06:04:46.386-0700][info][gc,metaspace   ] GC(81) Metaspace: 298K(512K)->298K(512K) NonClass: 291K(384K)->291K(384K) Class: 7K(128K)->7K(128K)
[2024-07-05T06:04:46.386-0700][info][gc             ] GC(81) Pause Young (Normal) (G1 Preventive Collection) 4066M->4066M(4096M) 5.700ms
[2024-07-05T06:04:46.386-0700][info][gc,cpu         ] GC(81) User=0.02s Sys=0.00s Real=0.01s
[2024-07-05T06:04:46.387-0700][info][gc,start       ] GC(82) Pause Young (Normal) (G1 Preventive Collection)
[2024-07-05T06:04:46.387-0700][info][gc,task        ] GC(82) Using 4 workers of 4 for evacuation
[2024-07-05T06:04:46.392-0700][info][gc,phases      ] GC(82)   Pre Evacuate Collection Set: 0.5ms
[2024-07-05T06:04:46.392-0700][info][gc,phases      ] GC(82)   Merge Heap Roots: 0.2ms
[2024-07-05T06:04:46.392-0700][info][gc,phases      ] GC(82)   Evacuate Collection Set: 3.0ms
[2024-07-05T06:04:46.392-0700][info][gc,phases      ] GC(82)   Post Evacuate Collection Set: 0.8ms
[2024-07-05T06:04:46.392-0700][info][gc,phases      ] GC(82)   Other: 0.1ms
[2024-07-05T06:04:46.392-0700][info][gc,heap        ] GC(82) Eden regions: 5->0(186)
[2024-07-05T06:04:46.392-0700][info][gc,heap        ] GC(82) Survivor regions: 13->18(21)
[2024-07-05T06:04:46.392-0700][info][gc,heap        ] GC(82) Old regions: 4039->4039
[2024-07-05T06:04:46.392-0700][info][gc,heap        ] GC(82) Archive regions: 2->2
[2024-07-05T06:04:46.392-0700][info][gc,heap        ] GC(82) Humongous regions: 16->16
[2024-07-05T06:04:46.392-0700][info][gc,metaspace   ] GC(82) Metaspace: 298K(512K)->298K(512K) NonClass: 291K(384K)->291K(384K) Class: 7K(128K)->7K(128K)
[2024-07-05T06:04:46.392-0700][info][gc             ] GC(82) Pause Young (Normal) (G1 Preventive Collection) 4071M->4071M(4096M) 4.614ms
[2024-07-05T06:04:46.392-0700][info][gc,cpu         ] GC(82) User=0.01s Sys=0.00s Real=0.00s
[2024-07-05T06:04:46.392-0700][info][gc,start       ] GC(83) Pause Young (Normal) (G1 Preventive Collection)
[2024-07-05T06:04:46.392-0700][info][gc,task        ] GC(83) Using 4 workers of 4 for evacuation
[2024-07-05T06:04:46.398-0700][info][gc,phases      ] GC(83)   Pre Evacuate Collection Set: 0.5ms
[2024-07-05T06:04:46.398-0700][info][gc,phases      ] GC(83)   Merge Heap Roots: 0.2ms
[2024-07-05T06:04:46.398-0700][info][gc,phases      ] GC(83)   Evacuate Collection Set: 3.7ms
[2024-07-05T06:04:46.398-0700][info][gc,phases      ] GC(83)   Post Evacuate Collection Set: 0.8ms
[2024-07-05T06:04:46.398-0700][info][gc,phases      ] GC(83)   Other: 0.1ms
[2024-07-05T06:04:46.398-0700][info][gc,heap        ] GC(83) Eden regions: 1->0(196)
[2024-07-05T06:04:46.398-0700][info][gc,heap        ] GC(83) Survivor regions: 18->8(20)
[2024-07-05T06:04:46.398-0700][info][gc,heap        ] GC(83) Old regions: 4039->4050
[2024-07-05T06:04:46.398-0700][info][gc,heap        ] GC(83) Archive regions: 2->2
[2024-07-05T06:04:46.398-0700][info][gc,heap        ] GC(83) Humongous regions: 16->16
[2024-07-05T06:04:46.398-0700][info][gc,metaspace   ] GC(83) Metaspace: 298K(512K)->298K(512K) NonClass: 291K(384K)->291K(384K) Class: 7K(128K)->7K(128K)
[2024-07-05T06:04:46.398-0700][info][gc             ] GC(83) Pause Young (Normal) (G1 Preventive Collection) 4072M->4072M(4096M) 5.349ms
[2024-07-05T06:04:46.398-0700][info][gc,cpu         ] GC(83) User=0.02s Sys=0.00s Real=0.01s
[2024-07-05T06:04:47.061-0700][info][gc,marking     ] GC(80) Concurrent Mark From Roots 680.688ms
[2024-07-05T06:04:47.061-0700][info][gc,marking     ] GC(80) Concurrent Preclean
[2024-07-05T06:04:47.061-0700][info][gc,marking     ] GC(80) Concurrent Preclean 0.079ms
[2024-07-05T06:05:12.519-0700][info][gc,start       ] GC(80) Pause Remark
[2024-07-05T06:05:12.520-0700][info][gc             ] GC(80) Pause Remark 4074M->4074M(4096M) 1.654ms
[2024-07-05T06:05:12.520-0700][info][gc,cpu         ] GC(80) User=0.01s Sys=0.00s Real=0.00s
[2024-07-05T06:05:12.520-0700][info][gc,marking     ] GC(80) Concurrent Mark 26139.875ms
[2024-07-05T06:05:12.520-0700][info][gc,marking     ] GC(80) Concurrent Rebuild Remembered Sets
[2024-07-05T06:05:12.836-0700][info][gc,marking     ] GC(80) Concurrent Rebuild Remembered Sets 315.646ms
[2024-07-05T06:05:14.138-0700][info][gc,start       ] GC(80) Pause Cleanup
[2024-07-05T06:05:14.140-0700][info][gc             ] GC(80) Pause Cleanup 4074M->4074M(4096M) 1.623ms
[2024-07-05T06:05:14.140-0700][info][gc,cpu         ] GC(80) User=0.00s Sys=0.00s Real=0.00s
[2024-07-05T06:05:14.140-0700][info][gc,marking     ] GC(80) Concurrent Cleanup for Next Mark
[2024-07-05T06:05:14.146-0700][info][gc,marking     ] GC(80) Concurrent Cleanup for Next Mark 6.449ms
[2024-07-05T06:05:14.146-0700][info][gc             ] GC(80) Concurrent Mark Cycle 27767.575ms
[2024-07-05T06:05:14.357-0700][info][gc,start       ] GC(84) Pause Young (Normal) (G1 Preventive Collection)
[2024-07-05T06:05:14.357-0700][info][gc,task        ] GC(84) Using 4 workers of 4 for evacuation
[2024-07-05T06:05:14.366-0700][info][gc,phases      ] GC(84)   Pre Evacuate Collection Set: 0.5ms
[2024-07-05T06:05:14.366-0700][info][gc,phases      ] GC(84)   Merge Heap Roots: 0.3ms
[2024-07-05T06:05:14.366-0700][info][gc,phases      ] GC(84)   Evacuate Collection Set: 7.7ms
[2024-07-05T06:05:14.366-0700][info][gc,phases      ] GC(84)   Post Evacuate Collection Set: 0.9ms
[2024-07-05T06:05:14.366-0700][info][gc,phases      ] GC(84)   Other: 0.1ms
[2024-07-05T06:05:14.366-0700][info][gc,heap        ] GC(84) Eden regions: 5->0(191)
[2024-07-05T06:05:14.366-0700][info][gc,heap        ] GC(84) Survivor regions: 8->13(15)
[2024-07-05T06:05:14.366-0700][info][gc,heap        ] GC(84) Old regions: 4050->4050
[2024-07-05T06:05:14.366-0700][info][gc,heap        ] GC(84) Archive regions: 2->2
[2024-07-05T06:05:14.366-0700][info][gc,heap        ] GC(84) Humongous regions: 16->16
[2024-07-05T06:05:14.366-0700][info][gc,metaspace   ] GC(84) Metaspace: 298K(512K)->298K(512K) NonClass: 291K(384K)->291K(384K) Class: 7K(128K)->7K(128K)
[2024-07-05T06:05:14.366-0700][info][gc             ] GC(84) Pause Young (Normal) (G1 Preventive Collection) 4077M->4077M(4096M) 9.607ms
[2024-07-05T06:05:14.366-0700][info][gc,cpu         ] GC(84) User=0.03s Sys=0.01s Real=0.01s
[2024-07-05T06:05:14.367-0700][info][gc,start       ] GC(85) Pause Young (Concurrent Start) (G1 Preventive Collection)
[2024-07-05T06:05:14.367-0700][info][gc,task        ] GC(85) Using 4 workers of 4 for evacuation
[2024-07-05T06:05:14.371-0700][info][gc,phases      ] GC(85)   Pre Evacuate Collection Set: 0.6ms
[2024-07-05T06:05:14.371-0700][info][gc,phases      ] GC(85)   Merge Heap Roots: 0.2ms
[2024-07-05T06:05:14.371-0700][info][gc,phases      ] GC(85)   Evacuate Collection Set: 2.4ms
[2024-07-05T06:05:14.371-0700][info][gc,phases      ] GC(85)   Post Evacuate Collection Set: 0.7ms
[2024-07-05T06:05:14.371-0700][info][gc,phases      ] GC(85)   Other: 0.2ms
[2024-07-05T06:05:14.371-0700][info][gc,heap        ] GC(85) Eden regions: 1->0(190)
[2024-07-05T06:05:14.371-0700][info][gc,heap        ] GC(85) Survivor regions: 13->14(14)
[2024-07-05T06:05:14.371-0700][info][gc,heap        ] GC(85) Old regions: 4050->4050
[2024-07-05T06:05:14.371-0700][info][gc,heap        ] GC(85) Archive regions: 2->2
[2024-07-05T06:05:14.371-0700][info][gc,heap        ] GC(85) Humongous regions: 16->16
[2024-07-05T06:05:14.371-0700][info][gc,metaspace   ] GC(85) Metaspace: 298K(512K)->298K(512K) NonClass: 291K(384K)->291K(384K) Class: 7K(128K)->7K(128K)
[2024-07-05T06:05:14.371-0700][info][gc             ] GC(85) Pause Young (Concurrent Start) (G1 Preventive Collection) 4078M->4078M(4096M) 4.194ms
[2024-07-05T06:05:14.371-0700][info][gc,cpu         ] GC(85) User=0.01s Sys=0.00s Real=0.00s
[2024-07-05T06:05:14.371-0700][info][gc             ] GC(86) Concurrent Mark Cycle
[2024-07-05T06:05:14.371-0700][info][gc,marking     ] GC(86) Concurrent Clear Claimed Marks
[2024-07-05T06:05:14.371-0700][info][gc,marking     ] GC(86) Concurrent Clear Claimed Marks 0.008ms
[2024-07-05T06:05:14.371-0700][info][gc,marking     ] GC(86) Concurrent Scan Root Regions
[2024-07-05T06:05:14.372-0700][info][gc,marking     ] GC(86) Concurrent Scan Root Regions 1.330ms
[2024-07-05T06:05:14.372-0700][info][gc,marking     ] GC(86) Concurrent Mark
[2024-07-05T06:05:14.372-0700][info][gc,marking     ] GC(86) Concurrent Mark From Roots
[2024-07-05T06:05:14.372-0700][info][gc,task        ] GC(86) Using 1 workers of 1 for marking
[2024-07-05T06:05:14.373-0700][info][gc,start       ] GC(87) Pause Young (Normal) (G1 Preventive Collection)
[2024-07-05T06:05:14.373-0700][info][gc,task        ] GC(87) Using 4 workers of 4 for evacuation
[2024-07-05T06:05:14.377-0700][info][gc             ] GC(87) To-space exhausted
[2024-07-05T06:05:14.377-0700][info][gc,phases      ] GC(87)   Pre Evacuate Collection Set: 1.7ms
[2024-07-05T06:05:14.377-0700][info][gc,phases      ] GC(87)   Merge Heap Roots: 0.2ms
[2024-07-05T06:05:14.377-0700][info][gc,phases      ] GC(87)   Evacuate Collection Set: 2.5ms
[2024-07-05T06:05:14.377-0700][info][gc,phases      ] GC(87)   Post Evacuate Collection Set: 1.0ms
[2024-07-05T06:05:14.377-0700][info][gc,phases      ] GC(87)   Other: 0.1ms
[2024-07-05T06:05:14.377-0700][info][gc,heap        ] GC(87) Eden regions: 1->0(191)
[2024-07-05T06:05:14.377-0700][info][gc,heap        ] GC(87) Survivor regions: 14->13(13)
[2024-07-05T06:05:14.377-0700][info][gc,heap        ] GC(87) Old regions: 4050->4052
[2024-07-05T06:05:14.377-0700][info][gc,heap        ] GC(87) Archive regions: 2->2
[2024-07-05T06:05:14.377-0700][info][gc,heap        ] GC(87) Humongous regions: 16->16
[2024-07-05T06:05:14.377-0700][info][gc,metaspace   ] GC(87) Metaspace: 298K(512K)->298K(512K) NonClass: 291K(384K)->291K(384K) Class: 7K(128K)->7K(128K)
[2024-07-05T06:05:14.377-0700][info][gc             ] GC(87) Pause Young (Normal) (G1 Preventive Collection) 4079M->4079M(4096M) 4.402ms
[2024-07-05T06:05:14.377-0700][info][gc,cpu         ] GC(87) User=0.01s Sys=0.00s Real=0.01s
[2024-07-05T06:05:14.377-0700][info][gc,start       ] GC(88) Pause Young (Normal) (G1 Preventive Collection)
[2024-07-05T06:05:14.377-0700][info][gc,task        ] GC(88) Using 4 workers of 4 for evacuation
[2024-07-05T06:05:14.382-0700][info][gc             ] GC(88) To-space exhausted
[2024-07-05T06:05:14.382-0700][info][gc,phases      ] GC(88)   Pre Evacuate Collection Set: 0.5ms
[2024-07-05T06:05:14.382-0700][info][gc,phases      ] GC(88)   Merge Heap Roots: 0.2ms
[2024-07-05T06:05:14.382-0700][info][gc,phases      ] GC(88)   Evacuate Collection Set: 2.4ms
[2024-07-05T06:05:14.382-0700][info][gc,phases      ] GC(88)   Post Evacuate Collection Set: 1.1ms
[2024-07-05T06:05:14.382-0700][info][gc,phases      ] GC(88)   Other: 0.1ms
[2024-07-05T06:05:14.382-0700][info][gc,heap        ] GC(88) Eden regions: 1->0(192)
[2024-07-05T06:05:14.382-0700][info][gc,heap        ] GC(88) Survivor regions: 13->12(12)
[2024-07-05T06:05:14.382-0700][info][gc,heap        ] GC(88) Old regions: 4052->4060
[2024-07-05T06:05:14.382-0700][info][gc,heap        ] GC(88) Archive regions: 2->2
[2024-07-05T06:05:14.382-0700][info][gc,heap        ] GC(88) Humongous regions: 16->16
[2024-07-05T06:05:14.382-0700][info][gc,metaspace   ] GC(88) Metaspace: 298K(512K)->298K(512K) NonClass: 291K(384K)->291K(384K) Class: 7K(128K)->7K(128K)
[2024-07-05T06:05:14.382-0700][info][gc             ] GC(88) Pause Young (Normal) (G1 Preventive Collection) 4080M->4086M(4096M) 4.402ms
[2024-07-05T06:05:14.382-0700][info][gc,cpu         ] GC(88) User=0.01s Sys=0.00s Real=0.00s
[2024-07-05T06:05:14.382-0700][info][gc,start       ] GC(89) Pause Young (Normal) (G1 Preventive Collection)
[2024-07-05T06:05:14.382-0700][info][gc,task        ] GC(89) Using 4 workers of 4 for evacuation
[2024-07-05T06:05:14.386-0700][info][gc             ] GC(89) To-space exhausted
[2024-07-05T06:05:14.386-0700][info][gc,phases      ] GC(89)   Pre Evacuate Collection Set: 0.5ms
[2024-07-05T06:05:14.386-0700][info][gc,phases      ] GC(89)   Merge Heap Roots: 0.2ms
[2024-07-05T06:05:14.386-0700][info][gc,phases      ] GC(89)   Evacuate Collection Set: 2.1ms
[2024-07-05T06:05:14.386-0700][info][gc,phases      ] GC(89)   Post Evacuate Collection Set: 1.0ms
[2024-07-05T06:05:14.386-0700][info][gc,phases      ] GC(89)   Other: 0.1ms
[2024-07-05T06:05:14.386-0700][info][gc,heap        ] GC(89) Eden regions: 1->0(199)
[2024-07-05T06:05:14.386-0700][info][gc,heap        ] GC(89) Survivor regions: 12->5(5)
[2024-07-05T06:05:14.386-0700][info][gc,heap        ] GC(89) Old regions: 4060->4068
[2024-07-05T06:05:14.386-0700][info][gc,heap        ] GC(89) Archive regions: 2->2
[2024-07-05T06:05:14.386-0700][info][gc,heap        ] GC(89) Humongous regions: 16->16
[2024-07-05T06:05:14.386-0700][info][gc,metaspace   ] GC(89) Metaspace: 298K(512K)->298K(512K) NonClass: 291K(384K)->291K(384K) Class: 7K(128K)->7K(128K)
[2024-07-05T06:05:14.386-0700][info][gc             ] GC(89) Pause Young (Normal) (G1 Preventive Collection) 4087M->4087M(4096M) 4.061ms
[2024-07-05T06:05:14.386-0700][info][gc,cpu         ] GC(89) User=0.00s Sys=0.01s Real=0.01s
[2024-07-05T06:05:14.387-0700][info][gc,start       ] GC(90) Pause Young (Normal) (G1 Preventive Collection)
[2024-07-05T06:05:14.387-0700][info][gc,task        ] GC(90) Using 4 workers of 4 for evacuation
[2024-07-05T06:05:14.390-0700][info][gc             ] GC(90) To-space exhausted
[2024-07-05T06:05:14.390-0700][info][gc,phases      ] GC(90)   Pre Evacuate Collection Set: 0.5ms
[2024-07-05T06:05:14.390-0700][info][gc,phases      ] GC(90)   Merge Heap Roots: 0.2ms
[2024-07-05T06:05:14.390-0700][info][gc,phases      ] GC(90)   Evacuate Collection Set: 1.3ms
[2024-07-05T06:05:14.390-0700][info][gc,phases      ] GC(90)   Post Evacuate Collection Set: 0.8ms
[2024-07-05T06:05:14.390-0700][info][gc,phases      ] GC(90)   Other: 0.1ms
[2024-07-05T06:05:14.390-0700][info][gc,heap        ] GC(90) Eden regions: 1->0(200)
[2024-07-05T06:05:14.390-0700][info][gc,heap        ] GC(90) Survivor regions: 5->4(4)
[2024-07-05T06:05:14.390-0700][info][gc,heap        ] GC(90) Old regions: 4068->4071
[2024-07-05T06:05:14.390-0700][info][gc,heap        ] GC(90) Archive regions: 2->2
[2024-07-05T06:05:14.390-0700][info][gc,heap        ] GC(90) Humongous regions: 16->16
[2024-07-05T06:05:14.390-0700][info][gc,metaspace   ] GC(90) Metaspace: 298K(512K)->298K(512K) NonClass: 291K(384K)->291K(384K) Class: 7K(128K)->7K(128K)
[2024-07-05T06:05:14.390-0700][info][gc             ] GC(90) Pause Young (Normal) (G1 Preventive Collection) 4088M->4089M(4096M) 3.014ms
[2024-07-05T06:05:14.390-0700][info][gc,cpu         ] GC(90) User=0.01s Sys=0.00s Real=0.00s
[2024-07-05T06:05:14.390-0700][info][gc,start       ] GC(91) Pause Young (Normal) (G1 Preventive Collection)
[2024-07-05T06:05:14.390-0700][info][gc,task        ] GC(91) Using 4 workers of 4 for evacuation
[2024-07-05T06:05:14.393-0700][info][gc             ] GC(91) To-space exhausted
[2024-07-05T06:05:14.393-0700][info][gc,phases      ] GC(91)   Pre Evacuate Collection Set: 0.5ms
[2024-07-05T06:05:14.393-0700][info][gc,phases      ] GC(91)   Merge Heap Roots: 0.2ms
[2024-07-05T06:05:14.393-0700][info][gc,phases      ] GC(91)   Evacuate Collection Set: 1.1ms
[2024-07-05T06:05:14.393-0700][info][gc,phases      ] GC(91)   Post Evacuate Collection Set: 0.9ms
[2024-07-05T06:05:14.393-0700][info][gc,phases      ] GC(91)   Other: 0.1ms
[2024-07-05T06:05:14.393-0700][info][gc,heap        ] GC(91) Eden regions: 1->0(202)
[2024-07-05T06:05:14.393-0700][info][gc,heap        ] GC(91) Survivor regions: 4->2(2)
[2024-07-05T06:05:14.393-0700][info][gc,heap        ] GC(91) Old regions: 4071->4075
[2024-07-05T06:05:14.393-0700][info][gc,heap        ] GC(91) Archive regions: 2->2
[2024-07-05T06:05:14.393-0700][info][gc,heap        ] GC(91) Humongous regions: 16->16
[2024-07-05T06:05:14.393-0700][info][gc,metaspace   ] GC(91) Metaspace: 298K(512K)->298K(512K) NonClass: 291K(384K)->291K(384K) Class: 7K(128K)->7K(128K)
[2024-07-05T06:05:14.393-0700][info][gc             ] GC(91) Pause Young (Normal) (G1 Preventive Collection) 4090M->4091M(4096M) 2.874ms
[2024-07-05T06:05:14.393-0700][info][gc,cpu         ] GC(91) User=0.00s Sys=0.00s Real=0.00s
[2024-07-05T06:05:14.393-0700][info][gc,start       ] GC(92) Pause Young (Normal) (G1 Evacuation Pause)
[2024-07-05T06:05:14.393-0700][info][gc,task        ] GC(92) Using 4 workers of 4 for evacuation
[2024-07-05T06:05:14.396-0700][info][gc             ] GC(92) To-space exhausted
[2024-07-05T06:05:14.396-0700][info][gc,phases      ] GC(92)   Pre Evacuate Collection Set: 0.4ms
[2024-07-05T06:05:14.396-0700][info][gc,phases      ] GC(92)   Merge Heap Roots: 0.2ms
[2024-07-05T06:05:14.396-0700][info][gc,phases      ] GC(92)   Evacuate Collection Set: 0.8ms
[2024-07-05T06:05:14.396-0700][info][gc,phases      ] GC(92)   Post Evacuate Collection Set: 0.9ms
[2024-07-05T06:05:14.396-0700][info][gc,phases      ] GC(92)   Other: 0.1ms
[2024-07-05T06:05:14.396-0700][info][gc,heap        ] GC(92) Eden regions: 1->0(204)
[2024-07-05T06:05:14.396-0700][info][gc,heap        ] GC(92) Survivor regions: 2->0(0)
[2024-07-05T06:05:14.396-0700][info][gc,heap        ] GC(92) Old regions: 4075->4078
[2024-07-05T06:05:14.396-0700][info][gc,heap        ] GC(92) Archive regions: 2->2
[2024-07-05T06:05:14.396-0700][info][gc,heap        ] GC(92) Humongous regions: 16->16
[2024-07-05T06:05:14.396-0700][info][gc,metaspace   ] GC(92) Metaspace: 298K(512K)->298K(512K) NonClass: 291K(384K)->291K(384K) Class: 7K(128K)->7K(128K)
[2024-07-05T06:05:14.396-0700][info][gc             ] GC(92) Pause Young (Normal) (G1 Evacuation Pause) 4092M->4092M(4096M) 2.398ms
[2024-07-05T06:05:14.396-0700][info][gc,cpu         ] GC(92) User=0.01s Sys=0.00s Real=0.01s
[2024-07-05T06:05:14.396-0700][info][gc,ergo        ] Attempting full compaction
[2024-07-05T06:05:14.396-0700][info][gc,task        ] GC(93) Using 4 workers of 4 for full compaction
[2024-07-05T06:05:14.396-0700][info][gc,start       ] GC(93) Pause Full (G1 Compaction Pause)
[2024-07-05T06:05:14.400-0700][info][gc,phases,start] GC(93) Phase 1: Mark live objects
[2024-07-05T06:05:14.508-0700][info][gc,phases      ] GC(93) Phase 1: Mark live objects 108.307ms
[2024-07-05T06:05:14.508-0700][info][gc,phases,start] GC(93) Phase 2: Prepare for compaction
[2024-07-05T06:05:14.632-0700][info][gc,phases      ] GC(93) Phase 2: Prepare for compaction 124.248ms
[2024-07-05T06:05:14.632-0700][info][gc,phases,start] GC(93) Phase 3: Adjust pointers
[2024-07-05T06:05:14.730-0700][info][gc,phases      ] GC(93) Phase 3: Adjust pointers 97.655ms
[2024-07-05T06:05:14.730-0700][info][gc,phases,start] GC(93) Phase 4: Compact heap
[2024-07-05T06:05:15.231-0700][info][gc,phases      ] GC(93) Phase 4: Compact heap 500.799ms
[2024-07-05T06:05:15.236-0700][info][gc,heap        ] GC(93) Eden regions: 0->0(204)
[2024-07-05T06:05:15.236-0700][info][gc,heap        ] GC(93) Survivor regions: 0->0(0)
[2024-07-05T06:05:15.236-0700][info][gc,heap        ] GC(93) Old regions: 4078->3738
[2024-07-05T06:05:15.236-0700][info][gc,heap        ] GC(93) Archive regions: 2->2
[2024-07-05T06:05:15.236-0700][info][gc,heap        ] GC(93) Humongous regions: 16->16
[2024-07-05T06:05:15.236-0700][info][gc,metaspace   ] GC(93) Metaspace: 298K(512K)->298K(512K) NonClass: 291K(384K)->291K(384K) Class: 7K(128K)->7K(128K)
[2024-07-05T06:05:15.236-0700][info][gc             ] GC(93) Pause Full (G1 Compaction Pause) 4092M->3752M(4096M) 839.946ms
[2024-07-05T06:05:15.236-0700][info][gc,cpu         ] GC(93) User=3.32s Sys=0.00s Real=0.84s
[2024-07-05T06:05:15.236-0700][info][gc,marking     ] GC(86) Concurrent Mark From Roots 863.669ms
[2024-07-05T06:05:15.236-0700][info][gc,marking     ] GC(86) Concurrent Mark Abort
[2024-07-05T06:05:15.236-0700][info][gc             ] GC(86) Concurrent Mark Cycle 865.113ms
[2024-07-05T06:06:11.761-0700][info][gc,start       ] GC(94) Pause Young (Normal) (G1 Preventive Collection)
[2024-07-05T06:06:11.761-0700][info][gc,task        ] GC(94) Using 4 workers of 4 for evacuation
[2024-07-05T06:06:11.828-0700][info][gc,phases      ] GC(94)   Pre Evacuate Collection Set: 0.5ms
[2024-07-05T06:06:11.828-0700][info][gc,phases      ] GC(94)   Merge Heap Roots: 0.4ms
[2024-07-05T06:06:11.828-0700][info][gc,phases      ] GC(94)   Evacuate Collection Set: 65.2ms
[2024-07-05T06:06:11.828-0700][info][gc,phases      ] GC(94)   Post Evacuate Collection Set: 0.7ms
[2024-07-05T06:06:11.828-0700][info][gc,phases      ] GC(94)   Other: 0.1ms
[2024-07-05T06:06:11.828-0700][info][gc,heap        ] GC(94) Eden regions: 162->0(178)
[2024-07-05T06:06:11.828-0700][info][gc,heap        ] GC(94) Survivor regions: 0->26(26)
[2024-07-05T06:06:11.828-0700][info][gc,heap        ] GC(94) Old regions: 3738->3873
[2024-07-05T06:06:11.828-0700][info][gc,heap        ] GC(94) Archive regions: 2->2
[2024-07-05T06:06:11.828-0700][info][gc,heap        ] GC(94) Humongous regions: 16->16
[2024-07-05T06:06:11.828-0700][info][gc,metaspace   ] GC(94) Metaspace: 298K(512K)->298K(512K) NonClass: 291K(384K)->291K(384K) Class: 7K(128K)->7K(128K)
[2024-07-05T06:06:11.828-0700][info][gc             ] GC(94) Pause Young (Normal) (G1 Preventive Collection) 3914M->3912M(4096M) 67.016ms
[2024-07-05T06:06:11.828-0700][info][gc,cpu         ] GC(94) User=0.19s Sys=0.03s Real=0.07s
[2024-07-05T06:06:45.272-0700][info][gc,start       ] GC(95) Pause Young (Concurrent Start) (G1 Preventive Collection)
[2024-07-05T06:06:45.272-0700][info][gc,task        ] GC(95) Using 4 workers of 4 for evacuation
[2024-07-05T06:06:45.309-0700][info][gc             ] GC(95) To-space exhausted
[2024-07-05T06:06:45.309-0700][info][gc,phases      ] GC(95)   Pre Evacuate Collection Set: 0.5ms
[2024-07-05T06:06:45.309-0700][info][gc,phases      ] GC(95)   Merge Heap Roots: 0.3ms
[2024-07-05T06:06:45.309-0700][info][gc,phases      ] GC(95)   Evacuate Collection Set: 33.0ms
[2024-07-05T06:06:45.309-0700][info][gc,phases      ] GC(95)   Post Evacuate Collection Set: 2.0ms
[2024-07-05T06:06:45.309-0700][info][gc,phases      ] GC(95)   Other: 0.6ms
[2024-07-05T06:06:45.309-0700][info][gc,heap        ] GC(95) Eden regions: 84->0(178)
[2024-07-05T06:06:45.309-0700][info][gc,heap        ] GC(95) Survivor regions: 26->26(26)
[2024-07-05T06:06:45.309-0700][info][gc,heap        ] GC(95) Old regions: 3873->3965
[2024-07-05T06:06:45.309-0700][info][gc,heap        ] GC(95) Archive regions: 2->2
[2024-07-05T06:06:45.309-0700][info][gc,heap        ] GC(95) Humongous regions: 16->16
[2024-07-05T06:06:45.309-0700][info][gc,metaspace   ] GC(95) Metaspace: 302K(512K)->302K(512K) NonClass: 294K(384K)->294K(384K) Class: 7K(128K)->7K(128K)
[2024-07-05T06:06:45.309-0700][info][gc             ] GC(95) Pause Young (Concurrent Start) (G1 Preventive Collection) 3996M->4005M(4096M) 36.332ms
[2024-07-05T06:06:45.309-0700][info][gc,cpu         ] GC(95) User=0.12s Sys=0.01s Real=0.04s
[2024-07-05T06:06:45.309-0700][info][gc             ] GC(96) Concurrent Mark Cycle
[2024-07-05T06:06:45.309-0700][info][gc,marking     ] GC(96) Concurrent Clear Claimed Marks
[2024-07-05T06:06:45.309-0700][info][gc,marking     ] GC(96) Concurrent Clear Claimed Marks 0.008ms
[2024-07-05T06:06:45.309-0700][info][gc,marking     ] GC(96) Concurrent Scan Root Regions
[2024-07-05T06:06:45.318-0700][info][gc,marking     ] GC(96) Concurrent Scan Root Regions 9.191ms
[2024-07-05T06:06:45.318-0700][info][gc,marking     ] GC(96) Concurrent Mark
[2024-07-05T06:06:45.318-0700][info][gc,marking     ] GC(96) Concurrent Mark From Roots
[2024-07-05T06:06:45.318-0700][info][gc,task        ] GC(96) Using 1 workers of 1 for marking
[2024-07-05T06:06:46.274-0700][info][gc,marking     ] GC(96) Concurrent Mark From Roots 956.339ms
[2024-07-05T06:06:46.275-0700][info][gc,marking     ] GC(96) Concurrent Preclean
[2024-07-05T06:06:46.275-0700][info][gc,marking     ] GC(96) Concurrent Preclean 0.086ms
[2024-07-05T06:06:56.180-0700][info][gc,start       ] GC(96) Pause Remark
[2024-07-05T06:06:56.184-0700][info][gc             ] GC(96) Pause Remark 4008M->4008M(4096M) 3.481ms
[2024-07-05T06:06:56.184-0700][info][gc,cpu         ] GC(96) User=0.00s Sys=0.00s Real=0.01s
[2024-07-05T06:06:56.184-0700][info][gc,marking     ] GC(96) Concurrent Mark 10865.670ms
[2024-07-05T06:06:56.184-0700][info][gc,marking     ] GC(96) Concurrent Rebuild Remembered Sets
[2024-07-05T06:06:56.578-0700][info][gc,marking     ] GC(96) Concurrent Rebuild Remembered Sets 394.153ms
[2024-07-05T06:06:56.697-0700][info][gc,start       ] GC(96) Pause Cleanup
[2024-07-05T06:06:56.698-0700][info][gc             ] GC(96) Pause Cleanup 4008M->4008M(4096M) 1.376ms
[2024-07-05T06:06:56.698-0700][info][gc,cpu         ] GC(96) User=0.00s Sys=0.00s Real=0.00s
[2024-07-05T06:06:56.698-0700][info][gc,marking     ] GC(96) Concurrent Cleanup for Next Mark
[2024-07-05T06:06:56.706-0700][info][gc,marking     ] GC(96) Concurrent Cleanup for Next Mark 7.665ms
[2024-07-05T06:06:56.706-0700][info][gc             ] GC(96) Concurrent Mark Cycle 11397.366ms
[2024-07-05T06:07:04.594-0700][info][gc,start       ] GC(97) Pause Young (Prepare Mixed) (G1 Preventive Collection)
[2024-07-05T06:07:04.594-0700][info][gc,task        ] GC(97) Using 4 workers of 4 for evacuation
[2024-07-05T06:07:04.610-0700][info][gc,phases      ] GC(97)   Pre Evacuate Collection Set: 0.6ms
[2024-07-05T06:07:04.610-0700][info][gc,phases      ] GC(97)   Merge Heap Roots: 0.4ms
[2024-07-05T06:07:04.610-0700][info][gc,phases      ] GC(97)   Evacuate Collection Set: 14.7ms
[2024-07-05T06:07:04.610-0700][info][gc,phases      ] GC(97)   Post Evacuate Collection Set: 0.8ms
[2024-07-05T06:07:04.610-0700][info][gc,phases      ] GC(97)   Other: 0.1ms
[2024-07-05T06:07:04.610-0700][info][gc,heap        ] GC(97) Eden regions: 28->0(178)
[2024-07-05T06:07:04.610-0700][info][gc,heap        ] GC(97) Survivor regions: 26->26(26)
[2024-07-05T06:07:04.610-0700][info][gc,heap        ] GC(97) Old regions: 3965->3994
[2024-07-05T06:07:04.610-0700][info][gc,heap        ] GC(97) Archive regions: 2->2
[2024-07-05T06:07:04.610-0700][info][gc,heap        ] GC(97) Humongous regions: 16->16
[2024-07-05T06:07:04.610-0700][info][gc,metaspace   ] GC(97) Metaspace: 302K(512K)->302K(512K) NonClass: 294K(384K)->294K(384K) Class: 7K(128K)->7K(128K)
[2024-07-05T06:07:04.610-0700][info][gc             ] GC(97) Pause Young (Prepare Mixed) (G1 Preventive Collection) 4033M->4033M(4096M) 16.723ms
[2024-07-05T06:07:04.610-0700][info][gc,cpu         ] GC(97) User=0.05s Sys=0.00s Real=0.02s
[2024-07-05T06:07:06.975-0700][info][gc,start       ] GC(98) Pause Young (Mixed) (G1 Preventive Collection)
[2024-07-05T06:07:06.975-0700][info][gc,task        ] GC(98) Using 4 workers of 4 for evacuation
[2024-07-05T06:07:07.001-0700][info][gc,phases      ] GC(98)   Pre Evacuate Collection Set: 0.7ms
[2024-07-05T06:07:07.001-0700][info][gc,phases      ] GC(98)   Merge Heap Roots: 0.3ms
[2024-07-05T06:07:07.001-0700][info][gc,phases      ] GC(98)   Evacuate Collection Set: 23.4ms
[2024-07-05T06:07:07.001-0700][info][gc,phases      ] GC(98)   Post Evacuate Collection Set: 0.7ms
[2024-07-05T06:07:07.001-0700][info][gc,phases      ] GC(98)   Other: 0.2ms
[2024-07-05T06:07:07.001-0700][info][gc,heap        ] GC(98) Eden regions: 13->0(190)
[2024-07-05T06:07:07.001-0700][info][gc,heap        ] GC(98) Survivor regions: 26->14(26)
[2024-07-05T06:07:07.001-0700][info][gc,heap        ] GC(98) Old regions: 3994->4018
[2024-07-05T06:07:07.001-0700][info][gc,heap        ] GC(98) Archive regions: 2->2
[2024-07-05T06:07:07.001-0700][info][gc,heap        ] GC(98) Humongous regions: 16->16
[2024-07-05T06:07:07.001-0700][info][gc,metaspace   ] GC(98) Metaspace: 302K(512K)->302K(512K) NonClass: 294K(384K)->294K(384K) Class: 7K(128K)->7K(128K)
[2024-07-05T06:07:07.001-0700][info][gc             ] GC(98) Pause Young (Mixed) (G1 Preventive Collection) 4046M->4045M(4096M) 25.523ms
[2024-07-05T06:07:07.001-0700][info][gc,cpu         ] GC(98) User=0.09s Sys=0.00s Real=0.02s
[2024-07-05T06:07:12.494-0700][info][gc,start       ] GC(99) Pause Young (Concurrent Start) (G1 Preventive Collection)
[2024-07-05T06:07:12.494-0700][info][gc,task        ] GC(99) Using 4 workers of 4 for evacuation
[2024-07-05T06:07:12.507-0700][info][gc,phases      ] GC(99)   Pre Evacuate Collection Set: 0.4ms
[2024-07-05T06:07:12.507-0700][info][gc,phases      ] GC(99)   Merge Heap Roots: 0.3ms
[2024-07-05T06:07:12.507-0700][info][gc,phases      ] GC(99)   Evacuate Collection Set: 11.3ms
[2024-07-05T06:07:12.507-0700][info][gc,phases      ] GC(99)   Post Evacuate Collection Set: 0.8ms
[2024-07-05T06:07:12.507-0700][info][gc,phases      ] GC(99)   Other: 0.3ms
[2024-07-05T06:07:12.507-0700][info][gc,heap        ] GC(99) Eden regions: 14->0(178)
[2024-07-05T06:07:12.507-0700][info][gc,heap        ] GC(99) Survivor regions: 14->26(26)
[2024-07-05T06:07:12.507-0700][info][gc,heap        ] GC(99) Old regions: 4018->4020
[2024-07-05T06:07:12.507-0700][info][gc,heap        ] GC(99) Archive regions: 2->2
[2024-07-05T06:07:12.507-0700][info][gc,heap        ] GC(99) Humongous regions: 16->16
[2024-07-05T06:07:12.507-0700][info][gc,metaspace   ] GC(99) Metaspace: 302K(512K)->302K(512K) NonClass: 294K(384K)->294K(384K) Class: 7K(128K)->7K(128K)
[2024-07-05T06:07:12.507-0700][info][gc             ] GC(99) Pause Young (Concurrent Start) (G1 Preventive Collection) 4059M->4059M(4096M) 13.216ms
[2024-07-05T06:07:12.507-0700][info][gc,cpu         ] GC(99) User=0.04s Sys=0.00s Real=0.02s
[2024-07-05T06:07:12.507-0700][info][gc             ] GC(100) Concurrent Mark Cycle
[2024-07-05T06:07:12.507-0700][info][gc,marking     ] GC(100) Concurrent Clear Claimed Marks
[2024-07-05T06:07:12.507-0700][info][gc,marking     ] GC(100) Concurrent Clear Claimed Marks 0.024ms
[2024-07-05T06:07:12.507-0700][info][gc,marking     ] GC(100) Concurrent Scan Root Regions
[2024-07-05T06:07:12.509-0700][info][gc,marking     ] GC(100) Concurrent Scan Root Regions 1.891ms
[2024-07-05T06:07:12.509-0700][info][gc,marking     ] GC(100) Concurrent Mark
[2024-07-05T06:07:12.509-0700][info][gc,marking     ] GC(100) Concurrent Mark From Roots
[2024-07-05T06:07:12.509-0700][info][gc,task        ] GC(100) Using 1 workers of 1 for marking
[2024-07-05T06:07:12.509-0700][info][gc,start       ] GC(101) Pause Young (Normal) (G1 Preventive Collection)
[2024-07-05T06:07:12.509-0700][info][gc,task        ] GC(101) Using 4 workers of 4 for evacuation
[2024-07-05T06:07:12.519-0700][info][gc,phases      ] GC(101)   Pre Evacuate Collection Set: 2.3ms
[2024-07-05T06:07:12.519-0700][info][gc,phases      ] GC(101)   Merge Heap Roots: 0.3ms
[2024-07-05T06:07:12.519-0700][info][gc,phases      ] GC(101)   Evacuate Collection Set: 8.1ms
[2024-07-05T06:07:12.519-0700][info][gc,phases      ] GC(101)   Post Evacuate Collection Set: 0.8ms
[2024-07-05T06:07:12.519-0700][info][gc,phases      ] GC(101)   Other: 0.1ms
[2024-07-05T06:07:12.519-0700][info][gc,heap        ] GC(101) Eden regions: 1->0(189)
[2024-07-05T06:07:12.519-0700][info][gc,heap        ] GC(101) Survivor regions: 26->15(26)
[2024-07-05T06:07:12.519-0700][info][gc,heap        ] GC(101) Old regions: 4020->4033
[2024-07-05T06:07:12.519-0700][info][gc,heap        ] GC(101) Archive regions: 2->2
[2024-07-05T06:07:12.519-0700][info][gc,heap        ] GC(101) Humongous regions: 16->16
[2024-07-05T06:07:12.519-0700][info][gc,metaspace   ] GC(101) Metaspace: 302K(512K)->302K(512K) NonClass: 294K(384K)->294K(384K) Class: 7K(128K)->7K(128K)
[2024-07-05T06:07:12.520-0700][info][gc             ] GC(101) Pause Young (Normal) (G1 Preventive Collection) 4060M->4060M(4096M) 10.104ms
[2024-07-05T06:07:12.520-0700][info][gc,cpu         ] GC(101) User=0.01s Sys=0.01s Real=0.01s
[2024-07-05T06:07:12.521-0700][info][gc,start       ] GC(102) Pause Young (Normal) (G1 Preventive Collection)
[2024-07-05T06:07:12.521-0700][info][gc,task        ] GC(102) Using 4 workers of 4 for evacuation
[2024-07-05T06:07:12.527-0700][info][gc,phases      ] GC(102)   Pre Evacuate Collection Set: 0.5ms
[2024-07-05T06:07:12.527-0700][info][gc,phases      ] GC(102)   Merge Heap Roots: 0.2ms
[2024-07-05T06:07:12.527-0700][info][gc,phases      ] GC(102)   Evacuate Collection Set: 5.0ms
[2024-07-05T06:07:12.527-0700][info][gc,phases      ] GC(102)   Post Evacuate Collection Set: 0.9ms
[2024-07-05T06:07:12.527-0700][info][gc,phases      ] GC(102)   Other: 0.1ms
[2024-07-05T06:07:12.527-0700][info][gc,heap        ] GC(102) Eden regions: 6->0(196)
[2024-07-05T06:07:12.527-0700][info][gc,heap        ] GC(102) Survivor regions: 15->8(24)
[2024-07-05T06:07:12.527-0700][info][gc,heap        ] GC(102) Old regions: 4033->4045
[2024-07-05T06:07:12.527-0700][info][gc,heap        ] GC(102) Archive regions: 2->2
[2024-07-05T06:07:12.527-0700][info][gc,heap        ] GC(102) Humongous regions: 16->16
[2024-07-05T06:07:12.527-0700][info][gc,metaspace   ] GC(102) Metaspace: 302K(512K)->302K(512K) NonClass: 294K(384K)->294K(384K) Class: 7K(128K)->7K(128K)
[2024-07-05T06:07:12.527-0700][info][gc             ] GC(102) Pause Young (Normal) (G1 Preventive Collection) 4066M->4066M(4096M) 6.847ms
[2024-07-05T06:07:12.527-0700][info][gc,cpu         ] GC(102) User=0.02s Sys=0.00s Real=0.01s
[2024-07-05T06:07:13.339-0700][info][gc,marking     ] GC(100) Concurrent Mark From Roots 829.352ms
[2024-07-05T06:07:13.339-0700][info][gc,marking     ] GC(100) Concurrent Preclean
[2024-07-05T06:07:13.339-0700][info][gc,marking     ] GC(100) Concurrent Preclean 0.088ms
[2024-07-05T06:07:17.846-0700][info][gc,start       ] GC(100) Pause Remark
[2024-07-05T06:07:17.848-0700][info][gc             ] GC(100) Pause Remark 4067M->4067M(4096M) 2.320ms
[2024-07-05T06:07:17.848-0700][info][gc,cpu         ] GC(100) User=0.00s Sys=0.01s Real=0.00s
[2024-07-05T06:07:17.849-0700][info][gc,marking     ] GC(100) Concurrent Mark 5339.280ms
[2024-07-05T06:07:17.849-0700][info][gc,marking     ] GC(100) Concurrent Rebuild Remembered Sets
[2024-07-05T06:07:18.179-0700][info][gc,marking     ] GC(100) Concurrent Rebuild Remembered Sets 330.197ms
[2024-07-05T06:07:18.344-0700][info][gc,start       ] GC(100) Pause Cleanup
[2024-07-05T06:07:18.345-0700][info][gc             ] GC(100) Pause Cleanup 4067M->4067M(4096M) 1.263ms
[2024-07-05T06:07:18.345-0700][info][gc,cpu         ] GC(100) User=0.01s Sys=0.00s Real=0.00s
[2024-07-05T06:07:18.345-0700][info][gc,marking     ] GC(100) Concurrent Cleanup for Next Mark
[2024-07-05T06:07:18.353-0700][info][gc,marking     ] GC(100) Concurrent Cleanup for Next Mark 7.268ms
[2024-07-05T06:07:18.353-0700][info][gc             ] GC(100) Concurrent Mark Cycle 5845.358ms
[2024-07-05T06:07:20.453-0700][info][gc,start       ] GC(103) Pause Young (Prepare Mixed) (G1 Preventive Collection)
[2024-07-05T06:07:20.453-0700][info][gc,task        ] GC(103) Using 4 workers of 4 for evacuation
[2024-07-05T06:07:20.461-0700][info][gc,phases      ] GC(103)   Pre Evacuate Collection Set: 0.4ms
[2024-07-05T06:07:20.461-0700][info][gc,phases      ] GC(103)   Merge Heap Roots: 0.3ms
[2024-07-05T06:07:20.461-0700][info][gc,phases      ] GC(103)   Evacuate Collection Set: 6.0ms
[2024-07-05T06:07:20.461-0700][info][gc,phases      ] GC(103)   Post Evacuate Collection Set: 0.8ms
[2024-07-05T06:07:20.461-0700][info][gc,phases      ] GC(103)   Other: 0.1ms
[2024-07-05T06:07:20.461-0700][info][gc,heap        ] GC(103) Eden regions: 7->0(189)
[2024-07-05T06:07:20.461-0700][info][gc,heap        ] GC(103) Survivor regions: 8->15(18)
[2024-07-05T06:07:20.461-0700][info][gc,heap        ] GC(103) Old regions: 4045->4045
[2024-07-05T06:07:20.461-0700][info][gc,heap        ] GC(103) Archive regions: 2->2
[2024-07-05T06:07:20.461-0700][info][gc,heap        ] GC(103) Humongous regions: 16->16
[2024-07-05T06:07:20.461-0700][info][gc,metaspace   ] GC(103) Metaspace: 302K(512K)->302K(512K) NonClass: 294K(384K)->294K(384K) Class: 7K(128K)->7K(128K)
[2024-07-05T06:07:20.461-0700][info][gc             ] GC(103) Pause Young (Prepare Mixed) (G1 Preventive Collection) 4073M->4073M(4096M) 7.788ms
[2024-07-05T06:07:20.461-0700][info][gc,cpu         ] GC(103) User=0.03s Sys=0.00s Real=0.01s
[2024-07-05T06:07:20.461-0700][info][gc,start       ] GC(104) Pause Young (Mixed) (G1 Preventive Collection)
[2024-07-05T06:07:20.461-0700][info][gc,task        ] GC(104) Using 4 workers of 4 for evacuation
[2024-07-05T06:07:20.465-0700][info][gc,phases      ] GC(104)   Pre Evacuate Collection Set: 0.5ms
[2024-07-05T06:07:20.465-0700][info][gc,phases      ] GC(104)   Merge Heap Roots: 0.2ms
[2024-07-05T06:07:20.465-0700][info][gc,phases      ] GC(104)   Evacuate Collection Set: 2.6ms
[2024-07-05T06:07:20.465-0700][info][gc,phases      ] GC(104)   Post Evacuate Collection Set: 0.8ms
[2024-07-05T06:07:20.465-0700][info][gc,phases      ] GC(104)   Other: 0.1ms
[2024-07-05T06:07:20.465-0700][info][gc,heap        ] GC(104) Eden regions: 1->0(189)
[2024-07-05T06:07:20.465-0700][info][gc,heap        ] GC(104) Survivor regions: 15->15(17)
[2024-07-05T06:07:20.465-0700][info][gc,heap        ] GC(104) Old regions: 4045->4045
[2024-07-05T06:07:20.465-0700][info][gc,heap        ] GC(104) Archive regions: 2->2
[2024-07-05T06:07:20.465-0700][info][gc,heap        ] GC(104) Humongous regions: 16->16
[2024-07-05T06:07:20.465-0700][info][gc,metaspace   ] GC(104) Metaspace: 302K(512K)->302K(512K) NonClass: 294K(384K)->294K(384K) Class: 7K(128K)->7K(128K)
[2024-07-05T06:07:20.465-0700][info][gc             ] GC(104) Pause Young (Mixed) (G1 Preventive Collection) 4074M->4073M(4096M) 4.392ms
[2024-07-05T06:07:20.465-0700][info][gc,cpu         ] GC(104) User=0.01s Sys=0.00s Real=0.01s
[2024-07-05T06:07:20.466-0700][info][gc,start       ] GC(105) Pause Young (Concurrent Start) (G1 Preventive Collection)
[2024-07-05T06:07:20.466-0700][info][gc,task        ] GC(105) Using 4 workers of 4 for evacuation
[2024-07-05T06:07:20.470-0700][info][gc,phases      ] GC(105)   Pre Evacuate Collection Set: 0.5ms
[2024-07-05T06:07:20.470-0700][info][gc,phases      ] GC(105)   Merge Heap Roots: 0.2ms
[2024-07-05T06:07:20.470-0700][info][gc,phases      ] GC(105)   Evacuate Collection Set: 2.6ms
[2024-07-05T06:07:20.470-0700][info][gc,phases      ] GC(105)   Post Evacuate Collection Set: 0.8ms
[2024-07-05T06:07:20.470-0700][info][gc,phases      ] GC(105)   Other: 0.2ms
[2024-07-05T06:07:20.470-0700][info][gc,heap        ] GC(105) Eden regions: 1->0(194)
[2024-07-05T06:07:20.470-0700][info][gc,heap        ] GC(105) Survivor regions: 15->10(17)
[2024-07-05T06:07:20.470-0700][info][gc,heap        ] GC(105) Old regions: 4045->4051
[2024-07-05T06:07:20.470-0700][info][gc,heap        ] GC(105) Archive regions: 2->2
[2024-07-05T06:07:20.470-0700][info][gc,heap        ] GC(105) Humongous regions: 16->16
[2024-07-05T06:07:20.470-0700][info][gc,metaspace   ] GC(105) Metaspace: 302K(512K)->302K(512K) NonClass: 294K(384K)->294K(384K) Class: 7K(128K)->7K(128K)
[2024-07-05T06:07:20.470-0700][info][gc             ] GC(105) Pause Young (Concurrent Start) (G1 Preventive Collection) 4074M->4074M(4096M) 4.381ms
[2024-07-05T06:07:20.470-0700][info][gc,cpu         ] GC(105) User=0.01s Sys=0.00s Real=0.00s
[2024-07-05T06:07:20.470-0700][info][gc             ] GC(106) Concurrent Mark Cycle
[2024-07-05T06:07:20.470-0700][info][gc,marking     ] GC(106) Concurrent Clear Claimed Marks
[2024-07-05T06:07:20.470-0700][info][gc,marking     ] GC(106) Concurrent Clear Claimed Marks 0.007ms
[2024-07-05T06:07:20.470-0700][info][gc,marking     ] GC(106) Concurrent Scan Root Regions
[2024-07-05T06:07:20.471-0700][info][gc,marking     ] GC(106) Concurrent Scan Root Regions 1.231ms
[2024-07-05T06:07:20.471-0700][info][gc,marking     ] GC(106) Concurrent Mark
[2024-07-05T06:07:20.471-0700][info][gc,marking     ] GC(106) Concurrent Mark From Roots
[2024-07-05T06:07:20.471-0700][info][gc,task        ] GC(106) Using 1 workers of 1 for marking
[2024-07-05T06:07:21.093-0700][info][gc,marking     ] GC(106) Concurrent Mark From Roots 621.607ms
[2024-07-05T06:07:21.093-0700][info][gc,marking     ] GC(106) Concurrent Preclean
[2024-07-05T06:07:21.093-0700][info][gc,marking     ] GC(106) Concurrent Preclean 0.078ms
[2024-07-05T06:07:29.871-0700][info][gc,start       ] GC(106) Pause Remark
[2024-07-05T06:07:29.874-0700][info][gc             ] GC(106) Pause Remark 4076M->4076M(4096M) 2.922ms
[2024-07-05T06:07:29.874-0700][info][gc,cpu         ] GC(106) User=0.00s Sys=0.00s Real=0.01s
[2024-07-05T06:07:29.874-0700][info][gc,marking     ] GC(106) Concurrent Mark 9402.995ms
[2024-07-05T06:07:29.875-0700][info][gc,marking     ] GC(106) Concurrent Rebuild Remembered Sets
[2024-07-05T06:07:30.219-0700][info][gc,marking     ] GC(106) Concurrent Rebuild Remembered Sets 344.678ms
[2024-07-05T06:07:30.283-0700][info][gc,start       ] GC(106) Pause Cleanup
[2024-07-05T06:07:30.284-0700][info][gc             ] GC(106) Pause Cleanup 4076M->4076M(4096M) 1.352ms
[2024-07-05T06:07:30.284-0700][info][gc,cpu         ] GC(106) User=0.00s Sys=0.00s Real=0.00s
[2024-07-05T06:07:30.285-0700][info][gc,marking     ] GC(106) Concurrent Cleanup for Next Mark
[2024-07-05T06:07:30.292-0700][info][gc,marking     ] GC(106) Concurrent Cleanup for Next Mark 7.046ms
[2024-07-05T06:07:30.292-0700][info][gc             ] GC(106) Concurrent Mark Cycle 9821.460ms
[2024-07-05T06:07:32.134-0700][info][gc,start       ] GC(107) Pause Young (Prepare Mixed) (G1 Preventive Collection)
[2024-07-05T06:07:32.134-0700][info][gc,task        ] GC(107) Using 4 workers of 4 for evacuation
[2024-07-05T06:07:32.142-0700][info][gc,phases      ] GC(107)   Pre Evacuate Collection Set: 0.7ms
[2024-07-05T06:07:32.142-0700][info][gc,phases      ] GC(107)   Merge Heap Roots: 0.4ms
[2024-07-05T06:07:32.142-0700][info][gc,phases      ] GC(107)   Evacuate Collection Set: 6.1ms
[2024-07-05T06:07:32.142-0700][info][gc,phases      ] GC(107)   Post Evacuate Collection Set: 0.6ms
[2024-07-05T06:07:32.142-0700][info][gc,phases      ] GC(107)   Other: 0.1ms
[2024-07-05T06:07:32.142-0700][info][gc,heap        ] GC(107) Eden regions: 3->0(192)
[2024-07-05T06:07:32.142-0700][info][gc,heap        ] GC(107) Survivor regions: 10->12(14)
[2024-07-05T06:07:32.142-0700][info][gc,heap        ] GC(107) Old regions: 4051->4051
[2024-07-05T06:07:32.142-0700][info][gc,heap        ] GC(107) Archive regions: 2->2
[2024-07-05T06:07:32.142-0700][info][gc,heap        ] GC(107) Humongous regions: 16->16
[2024-07-05T06:07:32.142-0700][info][gc,metaspace   ] GC(107) Metaspace: 302K(512K)->302K(512K) NonClass: 294K(384K)->294K(384K) Class: 7K(128K)->7K(128K)
[2024-07-05T06:07:32.142-0700][info][gc             ] GC(107) Pause Young (Prepare Mixed) (G1 Preventive Collection) 4077M->4076M(4096M) 7.968ms
[2024-07-05T06:07:32.142-0700][info][gc,cpu         ] GC(107) User=0.02s Sys=0.01s Real=0.01s
[2024-07-05T06:07:32.143-0700][info][gc,start       ] GC(108) Pause Young (Mixed) (G1 Preventive Collection)
[2024-07-05T06:07:32.143-0700][info][gc,task        ] GC(108) Using 4 workers of 4 for evacuation
[2024-07-05T06:07:32.147-0700][info][gc,phases      ] GC(108)   Pre Evacuate Collection Set: 0.5ms
[2024-07-05T06:07:32.147-0700][info][gc,phases      ] GC(108)   Merge Heap Roots: 0.2ms
[2024-07-05T06:07:32.147-0700][info][gc,phases      ] GC(108)   Evacuate Collection Set: 2.8ms
[2024-07-05T06:07:32.147-0700][info][gc,phases      ] GC(108)   Post Evacuate Collection Set: 0.8ms
[2024-07-05T06:07:32.147-0700][info][gc,phases      ] GC(108)   Other: 0.1ms
[2024-07-05T06:07:32.147-0700][info][gc,heap        ] GC(108) Eden regions: 1->0(190)
[2024-07-05T06:07:32.147-0700][info][gc,heap        ] GC(108) Survivor regions: 12->14(14)
[2024-07-05T06:07:32.147-0700][info][gc,heap        ] GC(108) Old regions: 4051->4050
[2024-07-05T06:07:32.147-0700][info][gc,heap        ] GC(108) Archive regions: 2->2
[2024-07-05T06:07:32.147-0700][info][gc,heap        ] GC(108) Humongous regions: 16->16
[2024-07-05T06:07:32.147-0700][info][gc,metaspace   ] GC(108) Metaspace: 302K(512K)->302K(512K) NonClass: 294K(384K)->294K(384K) Class: 7K(128K)->7K(128K)
[2024-07-05T06:07:32.147-0700][info][gc             ] GC(108) Pause Young (Mixed) (G1 Preventive Collection) 4077M->4077M(4096M) 4.472ms
[2024-07-05T06:07:32.147-0700][info][gc,cpu         ] GC(108) User=0.01s Sys=0.00s Real=0.00s
[2024-07-05T06:07:32.148-0700][info][gc,start       ] GC(109) Pause Young (Concurrent Start) (G1 Preventive Collection)
[2024-07-05T06:07:32.148-0700][info][gc,task        ] GC(109) Using 4 workers of 4 for evacuation
[2024-07-05T06:07:32.152-0700][info][gc             ] GC(109) To-space exhausted
[2024-07-05T06:07:32.152-0700][info][gc,phases      ] GC(109)   Pre Evacuate Collection Set: 0.6ms
[2024-07-05T06:07:32.152-0700][info][gc,phases      ] GC(109)   Merge Heap Roots: 0.2ms
[2024-07-05T06:07:32.152-0700][info][gc,phases      ] GC(109)   Evacuate Collection Set: 2.4ms
[2024-07-05T06:07:32.152-0700][info][gc,phases      ] GC(109)   Post Evacuate Collection Set: 0.7ms
[2024-07-05T06:07:32.152-0700][info][gc,phases      ] GC(109)   Other: 0.2ms
[2024-07-05T06:07:32.152-0700][info][gc,heap        ] GC(109) Eden regions: 1->0(191)
[2024-07-05T06:07:32.152-0700][info][gc,heap        ] GC(109) Survivor regions: 14->13(13)
[2024-07-05T06:07:32.152-0700][info][gc,heap        ] GC(109) Old regions: 4050->4052
[2024-07-05T06:07:32.152-0700][info][gc,heap        ] GC(109) Archive regions: 2->2
[2024-07-05T06:07:32.152-0700][info][gc,heap        ] GC(109) Humongous regions: 16->16
[2024-07-05T06:07:32.152-0700][info][gc,metaspace   ] GC(109) Metaspace: 302K(512K)->302K(512K) NonClass: 294K(384K)->294K(384K) Class: 7K(128K)->7K(128K)
[2024-07-05T06:07:32.152-0700][info][gc             ] GC(109) Pause Young (Concurrent Start) (G1 Preventive Collection) 4078M->4079M(4096M) 4.097ms
[2024-07-05T06:07:32.152-0700][info][gc,cpu         ] GC(109) User=0.01s Sys=0.00s Real=0.00s
[2024-07-05T06:07:32.152-0700][info][gc             ] GC(110) Concurrent Mark Cycle
[2024-07-05T06:07:32.152-0700][info][gc,marking     ] GC(110) Concurrent Clear Claimed Marks
[2024-07-05T06:07:32.152-0700][info][gc,marking     ] GC(110) Concurrent Clear Claimed Marks 0.006ms
[2024-07-05T06:07:32.152-0700][info][gc,marking     ] GC(110) Concurrent Scan Root Regions
[2024-07-05T06:07:32.153-0700][info][gc,marking     ] GC(110) Concurrent Scan Root Regions 1.104ms
[2024-07-05T06:07:32.153-0700][info][gc,marking     ] GC(110) Concurrent Mark
[2024-07-05T06:07:32.153-0700][info][gc,marking     ] GC(110) Concurrent Mark From Roots
[2024-07-05T06:07:32.153-0700][info][gc,task        ] GC(110) Using 1 workers of 1 for marking
[2024-07-05T06:07:32.153-0700][info][gc,start       ] GC(111) Pause Young (Normal) (G1 Preventive Collection)
[2024-07-05T06:07:32.153-0700][info][gc,task        ] GC(111) Using 4 workers of 4 for evacuation
[2024-07-05T06:07:32.157-0700][info][gc             ] GC(111) To-space exhausted
[2024-07-05T06:07:32.157-0700][info][gc,phases      ] GC(111)   Pre Evacuate Collection Set: 1.4ms
[2024-07-05T06:07:32.157-0700][info][gc,phases      ] GC(111)   Merge Heap Roots: 0.1ms
[2024-07-05T06:07:32.157-0700][info][gc,phases      ] GC(111)   Evacuate Collection Set: 2.3ms
[2024-07-05T06:07:32.157-0700][info][gc,phases      ] GC(111)   Post Evacuate Collection Set: 0.8ms
[2024-07-05T06:07:32.157-0700][info][gc,phases      ] GC(111)   Other: 0.1ms
[2024-07-05T06:07:32.157-0700][info][gc,heap        ] GC(111) Eden regions: 1->0(192)
[2024-07-05T06:07:32.157-0700][info][gc,heap        ] GC(111) Survivor regions: 13->12(12)
[2024-07-05T06:07:32.157-0700][info][gc,heap        ] GC(111) Old regions: 4052->4054
[2024-07-05T06:07:32.157-0700][info][gc,heap        ] GC(111) Archive regions: 2->2
[2024-07-05T06:07:32.157-0700][info][gc,heap        ] GC(111) Humongous regions: 16->16
[2024-07-05T06:07:32.157-0700][info][gc,metaspace   ] GC(111) Metaspace: 302K(512K)->302K(512K) NonClass: 294K(384K)->294K(384K) Class: 7K(128K)->7K(128K)
[2024-07-05T06:07:32.157-0700][info][gc             ] GC(111) Pause Young (Normal) (G1 Preventive Collection) 4080M->4080M(4096M) 3.835ms
[2024-07-05T06:07:32.157-0700][info][gc,cpu         ] GC(111) User=0.01s Sys=0.00s Real=0.01s
[2024-07-05T06:07:32.157-0700][info][gc,start       ] GC(112) Pause Young (Normal) (G1 Preventive Collection)
[2024-07-05T06:07:32.157-0700][info][gc,task        ] GC(112) Using 4 workers of 4 for evacuation
[2024-07-05T06:07:32.161-0700][info][gc             ] GC(112) To-space exhausted
[2024-07-05T06:07:32.161-0700][info][gc,phases      ] GC(112)   Pre Evacuate Collection Set: 0.4ms
[2024-07-05T06:07:32.161-0700][info][gc,phases      ] GC(112)   Merge Heap Roots: 0.2ms
[2024-07-05T06:07:32.161-0700][info][gc,phases      ] GC(112)   Evacuate Collection Set: 2.0ms
[2024-07-05T06:07:32.161-0700][info][gc,phases      ] GC(112)   Post Evacuate Collection Set: 0.9ms
[2024-07-05T06:07:32.161-0700][info][gc,phases      ] GC(112)   Other: 0.1ms
[2024-07-05T06:07:32.161-0700][info][gc,heap        ] GC(112) Eden regions: 1->0(193)
[2024-07-05T06:07:32.161-0700][info][gc,heap        ] GC(112) Survivor regions: 12->11(11)
[2024-07-05T06:07:32.161-0700][info][gc,heap        ] GC(112) Old regions: 4054->4058
[2024-07-05T06:07:32.161-0700][info][gc,heap        ] GC(112) Archive regions: 2->2
[2024-07-05T06:07:32.161-0700][info][gc,heap        ] GC(112) Humongous regions: 16->16
[2024-07-05T06:07:32.161-0700][info][gc,metaspace   ] GC(112) Metaspace: 302K(512K)->302K(512K) NonClass: 294K(384K)->294K(384K) Class: 7K(128K)->7K(128K)
[2024-07-05T06:07:32.161-0700][info][gc             ] GC(112) Pause Young (Normal) (G1 Preventive Collection) 4081M->4083M(4096M) 3.761ms
[2024-07-05T06:07:32.161-0700][info][gc,cpu         ] GC(112) User=0.00s Sys=0.00s Real=0.00s
[2024-07-05T06:07:32.161-0700][info][gc,start       ] GC(113) Pause Young (Normal) (G1 Preventive Collection)
[2024-07-05T06:07:32.161-0700][info][gc,task        ] GC(113) Using 4 workers of 4 for evacuation
[2024-07-05T06:07:32.165-0700][info][gc             ] GC(113) To-space exhausted
[2024-07-05T06:07:32.165-0700][info][gc,phases      ] GC(113)   Pre Evacuate Collection Set: 0.5ms
[2024-07-05T06:07:32.165-0700][info][gc,phases      ] GC(113)   Merge Heap Roots: 0.1ms
[2024-07-05T06:07:32.165-0700][info][gc,phases      ] GC(113)   Evacuate Collection Set: 2.4ms
[2024-07-05T06:07:32.165-0700][info][gc,phases      ] GC(113)   Post Evacuate Collection Set: 1.0ms
[2024-07-05T06:07:32.165-0700][info][gc,phases      ] GC(113)   Other: 0.1ms
[2024-07-05T06:07:32.165-0700][info][gc,heap        ] GC(113) Eden regions: 1->0(196)
[2024-07-05T06:07:32.165-0700][info][gc,heap        ] GC(113) Survivor regions: 11->8(8)
[2024-07-05T06:07:32.165-0700][info][gc,heap        ] GC(113) Old regions: 4058->4063
[2024-07-05T06:07:32.165-0700][info][gc,heap        ] GC(113) Archive regions: 2->2
[2024-07-05T06:07:32.165-0700][info][gc,heap        ] GC(113) Humongous regions: 16->16
[2024-07-05T06:07:32.166-0700][info][gc,metaspace   ] GC(113) Metaspace: 302K(512K)->302K(512K) NonClass: 294K(384K)->294K(384K) Class: 7K(128K)->7K(128K)
[2024-07-05T06:07:32.166-0700][info][gc             ] GC(113) Pause Young (Normal) (G1 Preventive Collection) 4084M->4085M(4096M) 4.160ms
[2024-07-05T06:07:32.166-0700][info][gc,cpu         ] GC(113) User=0.01s Sys=0.00s Real=0.01s
[2024-07-05T06:07:32.166-0700][info][gc,start       ] GC(114) Pause Young (Normal) (G1 Preventive Collection)
[2024-07-05T06:07:32.166-0700][info][gc,task        ] GC(114) Using 4 workers of 4 for evacuation
[2024-07-05T06:07:32.169-0700][info][gc             ] GC(114) To-space exhausted
[2024-07-05T06:07:32.169-0700][info][gc,phases      ] GC(114)   Pre Evacuate Collection Set: 0.4ms
[2024-07-05T06:07:32.169-0700][info][gc,phases      ] GC(114)   Merge Heap Roots: 0.2ms
[2024-07-05T06:07:32.169-0700][info][gc,phases      ] GC(114)   Evacuate Collection Set: 1.6ms
[2024-07-05T06:07:32.169-0700][info][gc,phases      ] GC(114)   Post Evacuate Collection Set: 0.7ms
[2024-07-05T06:07:32.169-0700][info][gc,phases      ] GC(114)   Other: 0.1ms
[2024-07-05T06:07:32.169-0700][info][gc,heap        ] GC(114) Eden regions: 1->0(198)
[2024-07-05T06:07:32.169-0700][info][gc,heap        ] GC(114) Survivor regions: 8->6(6)
[2024-07-05T06:07:32.169-0700][info][gc,heap        ] GC(114) Old regions: 4063->4068
[2024-07-05T06:07:32.169-0700][info][gc,heap        ] GC(114) Archive regions: 2->2
[2024-07-05T06:07:32.169-0700][info][gc,heap        ] GC(114) Humongous regions: 16->16
[2024-07-05T06:07:32.169-0700][info][gc,metaspace   ] GC(114) Metaspace: 302K(512K)->302K(512K) NonClass: 294K(384K)->294K(384K) Class: 7K(128K)->7K(128K)
[2024-07-05T06:07:32.169-0700][info][gc             ] GC(114) Pause Young (Normal) (G1 Preventive Collection) 4086M->4088M(4096M) 3.066ms
[2024-07-05T06:07:32.169-0700][info][gc,cpu         ] GC(114) User=0.01s Sys=0.00s Real=0.00s
[2024-07-05T06:07:32.169-0700][info][gc,start       ] GC(115) Pause Young (Normal) (G1 Preventive Collection)
[2024-07-05T06:07:32.169-0700][info][gc,task        ] GC(115) Using 4 workers of 4 for evacuation
[2024-07-05T06:07:32.172-0700][info][gc             ] GC(115) To-space exhausted
[2024-07-05T06:07:32.172-0700][info][gc,phases      ] GC(115)   Pre Evacuate Collection Set: 0.5ms
[2024-07-05T06:07:32.172-0700][info][gc,phases      ] GC(115)   Merge Heap Roots: 0.2ms
[2024-07-05T06:07:32.172-0700][info][gc,phases      ] GC(115)   Evacuate Collection Set: 1.4ms
[2024-07-05T06:07:32.172-0700][info][gc,phases      ] GC(115)   Post Evacuate Collection Set: 1.0ms
[2024-07-05T06:07:32.172-0700][info][gc,phases      ] GC(115)   Other: 0.1ms
[2024-07-05T06:07:32.172-0700][info][gc,heap        ] GC(115) Eden regions: 1->0(201)
[2024-07-05T06:07:32.172-0700][info][gc,heap        ] GC(115) Survivor regions: 6->3(3)
[2024-07-05T06:07:32.172-0700][info][gc,heap        ] GC(115) Old regions: 4068->4073
[2024-07-05T06:07:32.172-0700][info][gc,heap        ] GC(115) Archive regions: 2->2
[2024-07-05T06:07:32.172-0700][info][gc,heap        ] GC(115) Humongous regions: 16->16
[2024-07-05T06:07:32.172-0700][info][gc,metaspace   ] GC(115) Metaspace: 302K(512K)->302K(512K) NonClass: 294K(384K)->294K(384K) Class: 7K(128K)->7K(128K)
[2024-07-05T06:07:32.172-0700][info][gc             ] GC(115) Pause Young (Normal) (G1 Preventive Collection) 4089M->4090M(4096M) 3.135ms
[2024-07-05T06:07:32.172-0700][info][gc,cpu         ] GC(115) User=0.01s Sys=0.00s Real=0.00s
[2024-07-05T06:07:32.173-0700][info][gc,start       ] GC(116) Pause Young (Normal) (G1 Preventive Collection)
[2024-07-05T06:07:32.173-0700][info][gc,task        ] GC(116) Using 4 workers of 4 for evacuation
[2024-07-05T06:07:32.175-0700][info][gc             ] GC(116) To-space exhausted
[2024-07-05T06:07:32.175-0700][info][gc,phases      ] GC(116)   Pre Evacuate Collection Set: 0.4ms
[2024-07-05T06:07:32.175-0700][info][gc,phases      ] GC(116)   Merge Heap Roots: 0.2ms
[2024-07-05T06:07:32.175-0700][info][gc,phases      ] GC(116)   Evacuate Collection Set: 0.8ms
[2024-07-05T06:07:32.175-0700][info][gc,phases      ] GC(116)   Post Evacuate Collection Set: 0.8ms
[2024-07-05T06:07:32.175-0700][info][gc,phases      ] GC(116)   Other: 0.1ms
[2024-07-05T06:07:32.175-0700][info][gc,heap        ] GC(116) Eden regions: 1->0(203)
[2024-07-05T06:07:32.175-0700][info][gc,heap        ] GC(116) Survivor regions: 3->1(1)
[2024-07-05T06:07:32.175-0700][info][gc,heap        ] GC(116) Old regions: 4073->4077
[2024-07-05T06:07:32.175-0700][info][gc,heap        ] GC(116) Archive regions: 2->2
[2024-07-05T06:07:32.175-0700][info][gc,heap        ] GC(116) Humongous regions: 16->16
[2024-07-05T06:07:32.175-0700][info][gc,metaspace   ] GC(116) Metaspace: 302K(512K)->302K(512K) NonClass: 294K(384K)->294K(384K) Class: 7K(128K)->7K(128K)
[2024-07-05T06:07:32.175-0700][info][gc             ] GC(116) Pause Young (Normal) (G1 Preventive Collection) 4091M->4092M(4096M) 2.431ms
[2024-07-05T06:07:32.175-0700][info][gc,cpu         ] GC(116) User=0.00s Sys=0.00s Real=0.01s
[2024-07-05T06:07:32.175-0700][info][gc,ergo        ] Attempting full compaction
[2024-07-05T06:07:32.175-0700][info][gc,task        ] GC(117) Using 4 workers of 4 for full compaction
[2024-07-05T06:07:32.175-0700][info][gc,start       ] GC(117) Pause Full (G1 Compaction Pause)
[2024-07-05T06:07:32.179-0700][info][gc,phases,start] GC(117) Phase 1: Mark live objects
[2024-07-05T06:07:32.290-0700][info][gc,phases      ] GC(117) Phase 1: Mark live objects 110.620ms
[2024-07-05T06:07:32.290-0700][info][gc,phases,start] GC(117) Phase 2: Prepare for compaction
[2024-07-05T06:07:32.314-0700][info][gc,phases      ] GC(117) Phase 2: Prepare for compaction 23.521ms
[2024-07-05T06:07:32.314-0700][info][gc,phases,start] GC(117) Phase 3: Adjust pointers
[2024-07-05T06:07:32.389-0700][info][gc,phases      ] GC(117) Phase 3: Adjust pointers 75.289ms
[2024-07-05T06:07:32.389-0700][info][gc,phases,start] GC(117) Phase 4: Compact heap
[2024-07-05T06:07:32.485-0700][info][gc,phases      ] GC(117) Phase 4: Compact heap 96.059ms
[2024-07-05T06:07:32.489-0700][info][gc,heap        ] GC(117) Eden regions: 0->0(204)
[2024-07-05T06:07:32.489-0700][info][gc,heap        ] GC(117) Survivor regions: 1->0(1)
[2024-07-05T06:07:32.489-0700][info][gc,heap        ] GC(117) Old regions: 4077->4017
[2024-07-05T06:07:32.489-0700][info][gc,heap        ] GC(117) Archive regions: 2->2
[2024-07-05T06:07:32.489-0700][info][gc,heap        ] GC(117) Humongous regions: 16->16
[2024-07-05T06:07:32.489-0700][info][gc,metaspace   ] GC(117) Metaspace: 302K(512K)->302K(512K) NonClass: 294K(384K)->294K(384K) Class: 7K(128K)->7K(128K)
[2024-07-05T06:07:32.489-0700][info][gc             ] GC(117) Pause Full (G1 Compaction Pause) 4092M->4031M(4096M) 313.778ms
[2024-07-05T06:07:32.489-0700][info][gc,cpu         ] GC(117) User=1.21s Sys=0.00s Real=0.31s
[2024-07-05T06:07:32.489-0700][info][gc,marking     ] GC(110) Concurrent Mark From Roots 336.432ms
[2024-07-05T06:07:32.489-0700][info][gc,marking     ] GC(110) Concurrent Mark Abort
[2024-07-05T06:07:32.489-0700][info][gc             ] GC(110) Concurrent Mark Cycle 337.622ms
[2024-07-05T06:07:40.058-0700][info][gc,start       ] GC(118) Pause Young (Normal) (G1 Preventive Collection)
[2024-07-05T06:07:40.058-0700][info][gc,task        ] GC(118) Using 4 workers of 4 for evacuation
[2024-07-05T06:07:40.070-0700][info][gc,phases      ] GC(118)   Pre Evacuate Collection Set: 0.5ms
[2024-07-05T06:07:40.070-0700][info][gc,phases      ] GC(118)   Merge Heap Roots: 0.3ms
[2024-07-05T06:07:40.070-0700][info][gc,phases      ] GC(118)   Evacuate Collection Set: 10.2ms
[2024-07-05T06:07:40.070-0700][info][gc,phases      ] GC(118)   Post Evacuate Collection Set: 0.8ms
[2024-07-05T06:07:40.070-0700][info][gc,phases      ] GC(118)   Other: 0.1ms
[2024-07-05T06:07:40.070-0700][info][gc,heap        ] GC(118) Eden regions: 30->0(178)
[2024-07-05T06:07:40.070-0700][info][gc,heap        ] GC(118) Survivor regions: 0->26(26)
[2024-07-05T06:07:40.070-0700][info][gc,heap        ] GC(118) Old regions: 4017->4021
[2024-07-05T06:07:40.070-0700][info][gc,heap        ] GC(118) Archive regions: 2->2
[2024-07-05T06:07:40.070-0700][info][gc,heap        ] GC(118) Humongous regions: 16->16
[2024-07-05T06:07:40.070-0700][info][gc,metaspace   ] GC(118) Metaspace: 302K(512K)->302K(512K) NonClass: 294K(384K)->294K(384K) Class: 7K(128K)->7K(128K)
[2024-07-05T06:07:40.070-0700][info][gc             ] GC(118) Pause Young (Normal) (G1 Preventive Collection) 4061M->4061M(4096M) 12.078ms
[2024-07-05T06:07:40.070-0700][info][gc,cpu         ] GC(118) User=0.04s Sys=0.00s Real=0.01s
[2024-07-05T06:07:44.874-0700][info][gc,start       ] GC(119) Pause Young (Concurrent Start) (G1 Preventive Collection)
[2024-07-05T06:07:44.874-0700][info][gc,task        ] GC(119) Using 4 workers of 4 for evacuation
[2024-07-05T06:07:44.890-0700][info][gc             ] GC(119) To-space exhausted
[2024-07-05T06:07:44.890-0700][info][gc,phases      ] GC(119)   Pre Evacuate Collection Set: 1.8ms
[2024-07-05T06:07:44.890-0700][info][gc,phases      ] GC(119)   Merge Heap Roots: 0.3ms
[2024-07-05T06:07:44.890-0700][info][gc,phases      ] GC(119)   Evacuate Collection Set: 10.9ms
[2024-07-05T06:07:44.890-0700][info][gc,phases      ] GC(119)   Post Evacuate Collection Set: 2.0ms
[2024-07-05T06:07:44.890-0700][info][gc,phases      ] GC(119)   Other: 0.5ms
[2024-07-05T06:07:44.890-0700][info][gc,heap        ] GC(119) Eden regions: 14->0(204)
[2024-07-05T06:07:44.890-0700][info][gc,heap        ] GC(119) Survivor regions: 26->0(17)
[2024-07-05T06:07:44.890-0700][info][gc,heap        ] GC(119) Old regions: 4021->4072
[2024-07-05T06:07:44.890-0700][info][gc,heap        ] GC(119) Archive regions: 2->2
[2024-07-05T06:07:44.890-0700][info][gc,heap        ] GC(119) Humongous regions: 16->16
[2024-07-05T06:07:44.890-0700][info][gc,metaspace   ] GC(119) Metaspace: 302K(512K)->302K(512K) NonClass: 294K(384K)->294K(384K) Class: 7K(128K)->7K(128K)
[2024-07-05T06:07:44.890-0700][info][gc             ] GC(119) Pause Young (Concurrent Start) (G1 Preventive Collection) 4075M->4086M(4096M) 15.575ms
[2024-07-05T06:07:44.890-0700][info][gc,cpu         ] GC(119) User=0.05s Sys=0.00s Real=0.01s
[2024-07-05T06:07:44.890-0700][info][gc             ] GC(120) Concurrent Mark Cycle
[2024-07-05T06:07:44.890-0700][info][gc,marking     ] GC(120) Concurrent Clear Claimed Marks
[2024-07-05T06:07:44.890-0700][info][gc,marking     ] GC(120) Concurrent Clear Claimed Marks 0.020ms
[2024-07-05T06:07:44.890-0700][info][gc,marking     ] GC(120) Concurrent Scan Root Regions
[2024-07-05T06:07:44.891-0700][info][gc,marking     ] GC(120) Concurrent Scan Root Regions 1.227ms
[2024-07-05T06:07:44.891-0700][info][gc,marking     ] GC(120) Concurrent Mark
[2024-07-05T06:07:44.891-0700][info][gc,marking     ] GC(120) Concurrent Mark From Roots
[2024-07-05T06:07:44.891-0700][info][gc,task        ] GC(120) Using 1 workers of 1 for marking
[2024-07-05T06:07:44.891-0700][info][gc,start       ] GC(121) Pause Young (Normal) (G1 Preventive Collection)
[2024-07-05T06:07:44.891-0700][info][gc,task        ] GC(121) Using 4 workers of 4 for evacuation
[2024-07-05T06:07:44.894-0700][info][gc             ] GC(121) To-space exhausted
[2024-07-05T06:07:44.894-0700][info][gc,phases      ] GC(121)   Pre Evacuate Collection Set: 1.2ms
[2024-07-05T06:07:44.894-0700][info][gc,phases      ] GC(121)   Merge Heap Roots: 0.2ms
[2024-07-05T06:07:44.894-0700][info][gc,phases      ] GC(121)   Evacuate Collection Set: 0.8ms
[2024-07-05T06:07:44.894-0700][info][gc,phases      ] GC(121)   Post Evacuate Collection Set: 0.9ms
[2024-07-05T06:07:44.894-0700][info][gc,phases      ] GC(121)   Other: 0.1ms
[2024-07-05T06:07:44.894-0700][info][gc,heap        ] GC(121) Eden regions: 3->0(201)
[2024-07-05T06:07:44.894-0700][info][gc,heap        ] GC(121) Survivor regions: 0->3(3)
[2024-07-05T06:07:44.894-0700][info][gc,heap        ] GC(121) Old regions: 4072->4075
[2024-07-05T06:07:44.894-0700][info][gc,heap        ] GC(121) Archive regions: 2->2
[2024-07-05T06:07:44.894-0700][info][gc,heap        ] GC(121) Humongous regions: 16->16
[2024-07-05T06:07:44.894-0700][info][gc,metaspace   ] GC(121) Metaspace: 302K(512K)->302K(512K) NonClass: 294K(384K)->294K(384K) Class: 7K(128K)->7K(128K)
[2024-07-05T06:07:44.894-0700][info][gc             ] GC(121) Pause Young (Normal) (G1 Preventive Collection) 4089M->4092M(4096M) 2.619ms
[2024-07-05T06:07:44.894-0700][info][gc,cpu         ] GC(121) User=0.00s Sys=0.00s Real=0.00s
[2024-07-05T06:07:44.894-0700][info][gc,ergo        ] Attempting full compaction
[2024-07-05T06:07:44.894-0700][info][gc,task        ] GC(122) Using 4 workers of 4 for full compaction
[2024-07-05T06:07:44.894-0700][info][gc,start       ] GC(122) Pause Full (G1 Compaction Pause)
[2024-07-05T06:07:44.897-0700][info][gc,phases,start] GC(122) Phase 1: Mark live objects
[2024-07-05T06:07:45.014-0700][info][gc,phases      ] GC(122) Phase 1: Mark live objects 116.586ms
[2024-07-05T06:07:45.014-0700][info][gc,phases,start] GC(122) Phase 2: Prepare for compaction
[2024-07-05T06:07:45.045-0700][info][gc,phases      ] GC(122) Phase 2: Prepare for compaction 31.331ms
[2024-07-05T06:07:45.045-0700][info][gc,phases,start] GC(122) Phase 3: Adjust pointers
[2024-07-05T06:07:45.128-0700][info][gc,phases      ] GC(122) Phase 3: Adjust pointers 82.477ms
[2024-07-05T06:07:45.128-0700][info][gc,phases,start] GC(122) Phase 4: Compact heap
[2024-07-05T06:07:45.255-0700][info][gc,phases      ] GC(122) Phase 4: Compact heap 127.163ms
[2024-07-05T06:07:45.259-0700][info][gc,heap        ] GC(122) Eden regions: 0->0(204)
[2024-07-05T06:07:45.259-0700][info][gc,heap        ] GC(122) Survivor regions: 3->0(3)
[2024-07-05T06:07:45.259-0700][info][gc,heap        ] GC(122) Old regions: 4075->4014
[2024-07-05T06:07:45.259-0700][info][gc,heap        ] GC(122) Archive regions: 2->2
[2024-07-05T06:07:45.259-0700][info][gc,heap        ] GC(122) Humongous regions: 16->16
[2024-07-05T06:07:45.259-0700][info][gc,metaspace   ] GC(122) Metaspace: 302K(512K)->302K(512K) NonClass: 294K(384K)->294K(384K) Class: 7K(128K)->7K(128K)
[2024-07-05T06:07:45.259-0700][info][gc             ] GC(122) Pause Full (G1 Compaction Pause) 4092M->4027M(4096M) 364.890ms
[2024-07-05T06:07:45.259-0700][info][gc,cpu         ] GC(122) User=1.42s Sys=0.00s Real=0.37s
[2024-07-05T06:07:45.259-0700][info][gc,marking     ] GC(120) Concurrent Mark From Roots 367.786ms
[2024-07-05T06:07:45.259-0700][info][gc,marking     ] GC(120) Concurrent Mark Abort
[2024-07-05T06:07:45.259-0700][info][gc             ] GC(120) Concurrent Mark Cycle 369.144ms
[2024-07-05T06:07:52.862-0700][info][gc,start       ] GC(123) Pause Young (Normal) (G1 Preventive Collection)
[2024-07-05T06:07:52.862-0700][info][gc,task        ] GC(123) Using 4 workers of 4 for evacuation
[2024-07-05T06:07:52.873-0700][info][gc             ] GC(123) To-space exhausted
[2024-07-05T06:07:52.873-0700][info][gc,phases      ] GC(123)   Pre Evacuate Collection Set: 0.7ms
[2024-07-05T06:07:52.873-0700][info][gc,phases      ] GC(123)   Merge Heap Roots: 0.3ms
[2024-07-05T06:07:52.873-0700][info][gc,phases      ] GC(123)   Evacuate Collection Set: 8.2ms
[2024-07-05T06:07:52.873-0700][info][gc,phases      ] GC(123)   Post Evacuate Collection Set: 0.9ms
[2024-07-05T06:07:52.873-0700][info][gc,phases      ] GC(123)   Other: 0.1ms
[2024-07-05T06:07:52.873-0700][info][gc,heap        ] GC(123) Eden regions: 33->0(178)
[2024-07-05T06:07:52.873-0700][info][gc,heap        ] GC(123) Survivor regions: 0->26(26)
[2024-07-05T06:07:52.873-0700][info][gc,heap        ] GC(123) Old regions: 4014->4024
[2024-07-05T06:07:52.873-0700][info][gc,heap        ] GC(123) Archive regions: 2->2
[2024-07-05T06:07:52.873-0700][info][gc,heap        ] GC(123) Humongous regions: 16->16
[2024-07-05T06:07:52.873-0700][info][gc,metaspace   ] GC(123) Metaspace: 302K(512K)->302K(512K) NonClass: 294K(384K)->294K(384K) Class: 7K(128K)->7K(128K)
[2024-07-05T06:07:52.873-0700][info][gc             ] GC(123) Pause Young (Normal) (G1 Preventive Collection) 4060M->4063M(4096M) 10.367ms
[2024-07-05T06:07:52.873-0700][info][gc,cpu         ] GC(123) User=0.04s Sys=0.00s Real=0.00s
[2024-07-05T06:07:58.172-0700][info][gc,start       ] GC(124) Pause Young (Concurrent Start) (G1 Preventive Collection)
[2024-07-05T06:07:58.172-0700][info][gc,task        ] GC(124) Using 4 workers of 4 for evacuation
[2024-07-05T06:07:58.185-0700][info][gc             ] GC(124) To-space exhausted
[2024-07-05T06:07:58.185-0700][info][gc,phases      ] GC(124)   Pre Evacuate Collection Set: 0.5ms
[2024-07-05T06:07:58.185-0700][info][gc,phases      ] GC(124)   Merge Heap Roots: 0.3ms
[2024-07-05T06:07:58.185-0700][info][gc,phases      ] GC(124)   Evacuate Collection Set: 10.2ms
[2024-07-05T06:07:58.185-0700][info][gc,phases      ] GC(124)   Post Evacuate Collection Set: 1.7ms
[2024-07-05T06:07:58.185-0700][info][gc,phases      ] GC(124)   Other: 0.5ms
[2024-07-05T06:07:58.185-0700][info][gc,heap        ] GC(124) Eden regions: 13->0(200)
[2024-07-05T06:07:58.185-0700][info][gc,heap        ] GC(124) Survivor regions: 26->4(15)
[2024-07-05T06:07:58.185-0700][info][gc,heap        ] GC(124) Old regions: 4024->4070
[2024-07-05T06:07:58.185-0700][info][gc,heap        ] GC(124) Archive regions: 2->2
[2024-07-05T06:07:58.185-0700][info][gc,heap        ] GC(124) Humongous regions: 16->16
[2024-07-05T06:07:58.185-0700][info][gc,metaspace   ] GC(124) Metaspace: 302K(512K)->302K(512K) NonClass: 294K(384K)->294K(384K) Class: 7K(128K)->7K(128K)
[2024-07-05T06:07:58.185-0700][info][gc             ] GC(124) Pause Young (Concurrent Start) (G1 Preventive Collection) 4076M->4087M(4096M) 13.186ms
[2024-07-05T06:07:58.185-0700][info][gc,cpu         ] GC(124) User=0.04s Sys=0.00s Real=0.02s
[2024-07-05T06:07:58.185-0700][info][gc             ] GC(125) Concurrent Mark Cycle
[2024-07-05T06:07:58.185-0700][info][gc,marking     ] GC(125) Concurrent Clear Claimed Marks
[2024-07-05T06:07:58.185-0700][info][gc,marking     ] GC(125) Concurrent Clear Claimed Marks 0.009ms
[2024-07-05T06:07:58.185-0700][info][gc,marking     ] GC(125) Concurrent Scan Root Regions
[2024-07-05T06:07:58.187-0700][info][gc,marking     ] GC(125) Concurrent Scan Root Regions 1.221ms
[2024-07-05T06:07:58.187-0700][info][gc,marking     ] GC(125) Concurrent Mark
[2024-07-05T06:07:58.187-0700][info][gc,marking     ] GC(125) Concurrent Mark From Roots
[2024-07-05T06:07:58.187-0700][info][gc,task        ] GC(125) Using 1 workers of 1 for marking
[2024-07-05T06:07:58.187-0700][info][gc,start       ] GC(126) Pause Young (Normal) (G1 Preventive Collection)
[2024-07-05T06:07:58.187-0700][info][gc,task        ] GC(126) Using 4 workers of 4 for evacuation
[2024-07-05T06:07:58.189-0700][info][gc             ] GC(126) To-space exhausted
[2024-07-05T06:07:58.189-0700][info][gc,phases      ] GC(126)   Pre Evacuate Collection Set: 1.6ms
[2024-07-05T06:07:58.189-0700][info][gc,phases      ] GC(126)   Merge Heap Roots: 0.1ms
[2024-07-05T06:07:58.189-0700][info][gc,phases      ] GC(126)   Evacuate Collection Set: 1.1ms
[2024-07-05T06:07:58.189-0700][info][gc,phases      ] GC(126)   Post Evacuate Collection Set: 0.8ms
[2024-07-05T06:07:58.189-0700][info][gc,phases      ] GC(126)   Other: 0.2ms
[2024-07-05T06:07:58.189-0700][info][gc,heap        ] GC(126) Eden regions: 1->0(201)
[2024-07-05T06:07:58.189-0700][info][gc,heap        ] GC(126) Survivor regions: 4->3(3)
[2024-07-05T06:07:58.189-0700][info][gc,heap        ] GC(126) Old regions: 4070->4074
[2024-07-05T06:07:58.189-0700][info][gc,heap        ] GC(126) Archive regions: 2->2
[2024-07-05T06:07:58.189-0700][info][gc,heap        ] GC(126) Humongous regions: 16->16
[2024-07-05T06:07:58.189-0700][info][gc,metaspace   ] GC(126) Metaspace: 302K(512K)->302K(512K) NonClass: 294K(384K)->294K(384K) Class: 7K(128K)->7K(128K)
[2024-07-05T06:07:58.189-0700][info][gc             ] GC(126) Pause Young (Normal) (G1 Preventive Collection) 4088M->4090M(4096M) 2.736ms
[2024-07-05T06:07:58.189-0700][info][gc,cpu         ] GC(126) User=0.01s Sys=0.00s Real=0.00s
[2024-07-05T06:07:58.190-0700][info][gc,start       ] GC(127) Pause Young (Normal) (G1 Evacuation Pause)
[2024-07-05T06:07:58.190-0700][info][gc,task        ] GC(127) Using 4 workers of 4 for evacuation
[2024-07-05T06:07:58.192-0700][info][gc             ] GC(127) To-space exhausted
[2024-07-05T06:07:58.192-0700][info][gc,phases      ] GC(127)   Pre Evacuate Collection Set: 0.5ms
[2024-07-05T06:07:58.192-0700][info][gc,phases      ] GC(127)   Merge Heap Roots: 0.2ms
[2024-07-05T06:07:58.192-0700][info][gc,phases      ] GC(127)   Evacuate Collection Set: 1.0ms
[2024-07-05T06:07:58.192-0700][info][gc,phases      ] GC(127)   Post Evacuate Collection Set: 0.9ms
[2024-07-05T06:07:58.192-0700][info][gc,phases      ] GC(127)   Other: 0.1ms
[2024-07-05T06:07:58.192-0700][info][gc,heap        ] GC(127) Eden regions: 1->0(204)
[2024-07-05T06:07:58.192-0700][info][gc,heap        ] GC(127) Survivor regions: 3->0(0)
[2024-07-05T06:07:58.192-0700][info][gc,heap        ] GC(127) Old regions: 4074->4078
[2024-07-05T06:07:58.192-0700][info][gc,heap        ] GC(127) Archive regions: 2->2
[2024-07-05T06:07:58.192-0700][info][gc,heap        ] GC(127) Humongous regions: 16->16
[2024-07-05T06:07:58.192-0700][info][gc,metaspace   ] GC(127) Metaspace: 302K(512K)->302K(512K) NonClass: 294K(384K)->294K(384K) Class: 7K(128K)->7K(128K)
[2024-07-05T06:07:58.193-0700][info][gc             ] GC(127) Pause Young (Normal) (G1 Evacuation Pause) 4091M->4091M(4096M) 2.803ms
[2024-07-05T06:07:58.193-0700][info][gc,cpu         ] GC(127) User=0.00s Sys=0.00s Real=0.00s
[2024-07-05T06:07:58.193-0700][info][gc,ergo        ] Attempting full compaction
[2024-07-05T06:07:58.193-0700][info][gc,task        ] GC(128) Using 4 workers of 4 for full compaction
[2024-07-05T06:07:58.193-0700][info][gc,start       ] GC(128) Pause Full (G1 Compaction Pause)
[2024-07-05T06:07:58.196-0700][info][gc,phases,start] GC(128) Phase 1: Mark live objects
[2024-07-05T06:07:58.320-0700][info][gc,phases      ] GC(128) Phase 1: Mark live objects 124.141ms
[2024-07-05T06:07:58.320-0700][info][gc,phases,start] GC(128) Phase 2: Prepare for compaction
[2024-07-05T06:07:58.354-0700][info][gc,phases      ] GC(128) Phase 2: Prepare for compaction 33.719ms
[2024-07-05T06:07:58.354-0700][info][gc,phases,start] GC(128) Phase 3: Adjust pointers
[2024-07-05T06:07:58.439-0700][info][gc,phases      ] GC(128) Phase 3: Adjust pointers 84.475ms
[2024-07-05T06:07:58.439-0700][info][gc,phases,start] GC(128) Phase 4: Compact heap
[2024-07-05T06:07:58.582-0700][info][gc,phases      ] GC(128) Phase 4: Compact heap 142.967ms
[2024-07-05T06:07:58.587-0700][info][gc,heap        ] GC(128) Eden regions: 0->0(204)
[2024-07-05T06:07:58.587-0700][info][gc,heap        ] GC(128) Survivor regions: 0->0(0)
[2024-07-05T06:07:58.587-0700][info][gc,heap        ] GC(128) Old regions: 4078->4002
[2024-07-05T06:07:58.587-0700][info][gc,heap        ] GC(128) Archive regions: 2->2
[2024-07-05T06:07:58.588-0700][info][gc,heap        ] GC(128) Humongous regions: 16->16
[2024-07-05T06:07:58.588-0700][info][gc,metaspace   ] GC(128) Metaspace: 302K(512K)->302K(512K) NonClass: 294K(384K)->294K(384K) Class: 7K(128K)->7K(128K)
[2024-07-05T06:07:58.588-0700][info][gc             ] GC(128) Pause Full (G1 Compaction Pause) 4091M->4016M(4096M) 394.953ms
[2024-07-05T06:07:58.588-0700][info][gc,cpu         ] GC(128) User=1.53s Sys=0.01s Real=0.40s
[2024-07-05T06:07:58.588-0700][info][gc,marking     ] GC(125) Concurrent Mark From Roots 401.109ms
[2024-07-05T06:07:58.588-0700][info][gc,marking     ] GC(125) Concurrent Mark Abort
[2024-07-05T06:07:58.588-0700][info][gc             ] GC(125) Concurrent Mark Cycle 402.444ms
[2024-07-05T06:08:09.888-0700][info][gc,start       ] GC(129) Pause Young (Normal) (G1 Preventive Collection)
[2024-07-05T06:08:09.888-0700][info][gc,task        ] GC(129) Using 4 workers of 4 for evacuation
[2024-07-05T06:08:09.905-0700][info][gc,phases      ] GC(129)   Pre Evacuate Collection Set: 0.6ms
[2024-07-05T06:08:09.905-0700][info][gc,phases      ] GC(129)   Merge Heap Roots: 0.3ms
[2024-07-05T06:08:09.905-0700][info][gc,phases      ] GC(129)   Evacuate Collection Set: 15.4ms
[2024-07-05T06:08:09.905-0700][info][gc,phases      ] GC(129)   Post Evacuate Collection Set: 0.8ms
[2024-07-05T06:08:09.905-0700][info][gc,phases      ] GC(129)   Other: 0.2ms
[2024-07-05T06:08:09.905-0700][info][gc,heap        ] GC(129) Eden regions: 37->0(178)
[2024-07-05T06:08:09.905-0700][info][gc,heap        ] GC(129) Survivor regions: 0->26(26)
[2024-07-05T06:08:09.905-0700][info][gc,heap        ] GC(129) Old regions: 4002->4014
[2024-07-05T06:08:09.905-0700][info][gc,heap        ] GC(129) Archive regions: 2->2
[2024-07-05T06:08:09.905-0700][info][gc,heap        ] GC(129) Humongous regions: 16->16
[2024-07-05T06:08:09.905-0700][info][gc,metaspace   ] GC(129) Metaspace: 302K(512K)->302K(512K) NonClass: 294K(384K)->294K(384K) Class: 7K(128K)->7K(128K)
[2024-07-05T06:08:09.905-0700][info][gc             ] GC(129) Pause Young (Normal) (G1 Preventive Collection) 4053M->4053M(4096M) 17.436ms
[2024-07-05T06:08:09.905-0700][info][gc,cpu         ] GC(129) User=0.06s Sys=0.00s Real=0.02s
[2024-07-05T06:08:13.673-0700][info][gc,start       ] GC(130) Pause Young (Concurrent Start) (G1 Preventive Collection)
[2024-07-05T06:08:13.673-0700][info][gc,task        ] GC(130) Using 4 workers of 4 for evacuation
[2024-07-05T06:08:13.688-0700][info][gc             ] GC(130) To-space exhausted
[2024-07-05T06:08:13.688-0700][info][gc,phases      ] GC(130)   Pre Evacuate Collection Set: 0.5ms
[2024-07-05T06:08:13.688-0700][info][gc,phases      ] GC(130)   Merge Heap Roots: 0.2ms
[2024-07-05T06:08:13.688-0700][info][gc,phases      ] GC(130)   Evacuate Collection Set: 12.6ms
[2024-07-05T06:08:13.688-0700][info][gc,phases      ] GC(130)   Post Evacuate Collection Set: 1.7ms
[2024-07-05T06:08:13.688-0700][info][gc,phases      ] GC(130)   Other: 0.4ms
[2024-07-05T06:08:13.688-0700][info][gc,heap        ] GC(130) Eden regions: 18->0(203)
[2024-07-05T06:08:13.688-0700][info][gc,heap        ] GC(130) Survivor regions: 26->1(20)
[2024-07-05T06:08:13.688-0700][info][gc,heap        ] GC(130) Old regions: 4014->4061
[2024-07-05T06:08:13.688-0700][info][gc,heap        ] GC(130) Archive regions: 2->2
[2024-07-05T06:08:13.688-0700][info][gc,heap        ] GC(130) Humongous regions: 16->16
[2024-07-05T06:08:13.688-0700][info][gc,metaspace   ] GC(130) Metaspace: 302K(512K)->302K(512K) NonClass: 294K(384K)->294K(384K) Class: 7K(128K)->7K(128K)
[2024-07-05T06:08:13.688-0700][info][gc             ] GC(130) Pause Young (Concurrent Start) (G1 Preventive Collection) 4071M->4076M(4096M) 15.392ms
[2024-07-05T06:08:13.688-0700][info][gc,cpu         ] GC(130) User=0.05s Sys=0.00s Real=0.02s
[2024-07-05T06:08:13.688-0700][info][gc             ] GC(131) Concurrent Mark Cycle
[2024-07-05T06:08:13.688-0700][info][gc,marking     ] GC(131) Concurrent Clear Claimed Marks
[2024-07-05T06:08:13.688-0700][info][gc,marking     ] GC(131) Concurrent Clear Claimed Marks 0.006ms
[2024-07-05T06:08:13.688-0700][info][gc,marking     ] GC(131) Concurrent Scan Root Regions
[2024-07-05T06:08:13.690-0700][info][gc,marking     ] GC(131) Concurrent Scan Root Regions 1.678ms
[2024-07-05T06:08:13.690-0700][info][gc,marking     ] GC(131) Concurrent Mark
[2024-07-05T06:08:13.690-0700][info][gc,marking     ] GC(131) Concurrent Mark From Roots
[2024-07-05T06:08:13.690-0700][info][gc,task        ] GC(131) Using 1 workers of 1 for marking
[2024-07-05T06:08:14.331-0700][info][gc,marking     ] GC(131) Concurrent Mark From Roots 641.519ms
[2024-07-05T06:08:14.332-0700][info][gc,marking     ] GC(131) Concurrent Preclean
[2024-07-05T06:08:14.332-0700][info][gc,marking     ] GC(131) Concurrent Preclean 0.175ms
[2024-07-05T06:08:28.532-0700][info][gc,start       ] GC(131) Pause Remark
[2024-07-05T06:08:28.534-0700][info][gc             ] GC(131) Pause Remark 4077M->4077M(4096M) 1.609ms
[2024-07-05T06:08:28.534-0700][info][gc,cpu         ] GC(131) User=0.01s Sys=0.00s Real=0.00s
[2024-07-05T06:08:28.534-0700][info][gc,marking     ] GC(131) Concurrent Mark 14844.455ms
[2024-07-05T06:08:28.534-0700][info][gc,marking     ] GC(131) Concurrent Rebuild Remembered Sets
[2024-07-05T06:08:29.069-0700][info][gc,marking     ] GC(131) Concurrent Rebuild Remembered Sets 534.833ms
[2024-07-05T06:08:30.702-0700][info][gc,start       ] GC(131) Pause Cleanup
[2024-07-05T06:08:30.703-0700][info][gc             ] GC(131) Pause Cleanup 4077M->4077M(4096M) 1.101ms
[2024-07-05T06:08:30.703-0700][info][gc,cpu         ] GC(131) User=0.00s Sys=0.00s Real=0.00s
[2024-07-05T06:08:30.703-0700][info][gc,marking     ] GC(131) Concurrent Cleanup for Next Mark
[2024-07-05T06:08:30.712-0700][info][gc,marking     ] GC(131) Concurrent Cleanup for Next Mark 8.450ms
[2024-07-05T06:08:30.712-0700][info][gc             ] GC(131) Concurrent Mark Cycle 17024.009ms
[2024-07-05T06:08:32.784-0700][info][gc,start       ] GC(132) Pause Young (Prepare Mixed) (G1 Preventive Collection)
[2024-07-05T06:08:32.784-0700][info][gc,task        ] GC(132) Using 4 workers of 4 for evacuation
[2024-07-05T06:08:32.792-0700][info][gc             ] GC(132) To-space exhausted
[2024-07-05T06:08:32.792-0700][info][gc,phases      ] GC(132)   Pre Evacuate Collection Set: 0.4ms
[2024-07-05T06:08:32.792-0700][info][gc,phases      ] GC(132)   Merge Heap Roots: 0.2ms
[2024-07-05T06:08:32.792-0700][info][gc,phases      ] GC(132)   Evacuate Collection Set: 6.4ms
[2024-07-05T06:08:32.792-0700][info][gc,phases      ] GC(132)   Post Evacuate Collection Set: 0.9ms
[2024-07-05T06:08:32.792-0700][info][gc,phases      ] GC(132)   Other: 0.1ms
[2024-07-05T06:08:32.792-0700][info][gc,heap        ] GC(132) Eden regions: 8->0(196)
[2024-07-05T06:08:32.792-0700][info][gc,heap        ] GC(132) Survivor regions: 1->8(8)
[2024-07-05T06:08:32.792-0700][info][gc,heap        ] GC(132) Old regions: 4061->4065
[2024-07-05T06:08:32.792-0700][info][gc,heap        ] GC(132) Archive regions: 2->2
[2024-07-05T06:08:32.792-0700][info][gc,heap        ] GC(132) Humongous regions: 16->16
[2024-07-05T06:08:32.792-0700][info][gc,metaspace   ] GC(132) Metaspace: 302K(512K)->302K(512K) NonClass: 294K(384K)->294K(384K) Class: 7K(128K)->7K(128K)
[2024-07-05T06:08:32.792-0700][info][gc             ] GC(132) Pause Young (Prepare Mixed) (G1 Preventive Collection) 4084M->4087M(4096M) 8.028ms
[2024-07-05T06:08:32.792-0700][info][gc,cpu         ] GC(132) User=0.02s Sys=0.00s Real=0.00s
[2024-07-05T06:08:32.792-0700][info][gc,start       ] GC(133) Pause Young (Mixed) (G1 Preventive Collection)
[2024-07-05T06:08:32.792-0700][info][gc,task        ] GC(133) Using 4 workers of 4 for evacuation
[2024-07-05T06:08:32.796-0700][info][gc             ] GC(133) To-space exhausted
[2024-07-05T06:08:32.796-0700][info][gc,phases      ] GC(133)   Pre Evacuate Collection Set: 0.8ms
[2024-07-05T06:08:32.796-0700][info][gc,phases      ] GC(133)   Merge Heap Roots: 0.1ms
[2024-07-05T06:08:32.796-0700][info][gc,phases      ] GC(133)   Evacuate Collection Set: 2.1ms
[2024-07-05T06:08:32.796-0700][info][gc,phases      ] GC(133)   Post Evacuate Collection Set: 0.8ms
[2024-07-05T06:08:32.796-0700][info][gc,phases      ] GC(133)   Other: 0.1ms
[2024-07-05T06:08:32.796-0700][info][gc,heap        ] GC(133) Eden regions: 1->0(200)
[2024-07-05T06:08:32.796-0700][info][gc,heap        ] GC(133) Survivor regions: 8->4(4)
[2024-07-05T06:08:32.796-0700][info][gc,heap        ] GC(133) Old regions: 4065->4072
[2024-07-05T06:08:32.796-0700][info][gc,heap        ] GC(133) Archive regions: 2->2
[2024-07-05T06:08:32.796-0700][info][gc,heap        ] GC(133) Humongous regions: 16->16
[2024-07-05T06:08:32.796-0700][info][gc,metaspace   ] GC(133) Metaspace: 302K(512K)->302K(512K) NonClass: 294K(384K)->294K(384K) Class: 7K(128K)->7K(128K)
[2024-07-05T06:08:32.796-0700][info][gc             ] GC(133) Pause Young (Mixed) (G1 Preventive Collection) 4088M->4090M(4096M) 4.009ms
[2024-07-05T06:08:32.796-0700][info][gc,cpu         ] GC(133) User=0.01s Sys=0.00s Real=0.01s
[2024-07-05T06:08:37.465-0700][info][gc,start       ] GC(134) Pause Young (Concurrent Start) (G1 Preventive Collection)
[2024-07-05T06:08:37.465-0700][info][gc,task        ] GC(134) Using 4 workers of 4 for evacuation
[2024-07-05T06:08:37.478-0700][info][gc             ] GC(134) To-space exhausted
[2024-07-05T06:08:37.478-0700][info][gc,phases      ] GC(134)   Pre Evacuate Collection Set: 0.7ms
[2024-07-05T06:08:37.478-0700][info][gc,phases      ] GC(134)   Merge Heap Roots: 0.3ms
[2024-07-05T06:08:37.478-0700][info][gc,phases      ] GC(134)   Evacuate Collection Set: 11.4ms
[2024-07-05T06:08:37.478-0700][info][gc,phases      ] GC(134)   Post Evacuate Collection Set: 1.0ms
[2024-07-05T06:08:37.478-0700][info][gc,phases      ] GC(134)   Other: 0.5ms
[2024-07-05T06:08:37.478-0700][info][gc,heap        ] GC(134) Eden regions: 1->0(203)
[2024-07-05T06:08:37.478-0700][info][gc,heap        ] GC(134) Survivor regions: 4->1(1)
[2024-07-05T06:08:37.478-0700][info][gc,heap        ] GC(134) Old regions: 4072->4077
[2024-07-05T06:08:37.478-0700][info][gc,heap        ] GC(134) Archive regions: 2->2
[2024-07-05T06:08:37.478-0700][info][gc,heap        ] GC(134) Humongous regions: 16->16
[2024-07-05T06:08:37.478-0700][info][gc,metaspace   ] GC(134) Metaspace: 302K(512K)->302K(512K) NonClass: 294K(384K)->294K(384K) Class: 7K(128K)->7K(128K)
[2024-07-05T06:08:37.478-0700][info][gc             ] GC(134) Pause Young (Concurrent Start) (G1 Preventive Collection) 4091M->4092M(4096M) 13.928ms
[2024-07-05T06:08:37.478-0700][info][gc,cpu         ] GC(134) User=0.04s Sys=0.00s Real=0.01s
[2024-07-05T06:08:37.479-0700][info][gc,ergo        ] Attempting full compaction
[2024-07-05T06:08:37.479-0700][info][gc,task        ] GC(135) Using 4 workers of 4 for full compaction
[2024-07-05T06:08:37.479-0700][info][gc             ] GC(136) Concurrent Mark Cycle
[2024-07-05T06:08:37.479-0700][info][gc,marking     ] GC(136) Concurrent Clear Claimed Marks
[2024-07-05T06:08:37.479-0700][info][gc,marking     ] GC(136) Concurrent Clear Claimed Marks 0.006ms
[2024-07-05T06:08:37.479-0700][info][gc,marking     ] GC(136) Concurrent Scan Root Regions
[2024-07-05T06:08:37.479-0700][info][gc,start       ] GC(135) Pause Full (G1 Compaction Pause)
[2024-07-05T06:08:37.479-0700][info][gc,marking     ] GC(136) Concurrent Scan Root Regions 0.199ms
[2024-07-05T06:08:37.479-0700][info][gc,marking     ] GC(136) Concurrent Mark
[2024-07-05T06:08:37.479-0700][info][gc,marking     ] GC(136) Concurrent Mark From Roots
[2024-07-05T06:08:37.479-0700][info][gc,task        ] GC(136) Using 1 workers of 1 for marking
[2024-07-05T06:08:37.482-0700][info][gc,phases,start] GC(135) Phase 1: Mark live objects
[2024-07-05T06:08:37.644-0700][info][gc,phases      ] GC(135) Phase 1: Mark live objects 161.822ms
[2024-07-05T06:08:37.644-0700][info][gc,phases,start] GC(135) Phase 2: Prepare for compaction
[2024-07-05T06:08:37.676-0700][info][gc,phases      ] GC(135) Phase 2: Prepare for compaction 31.705ms
[2024-07-05T06:08:37.676-0700][info][gc,phases,start] GC(135) Phase 3: Adjust pointers
[2024-07-05T06:08:37.772-0700][info][gc,phases      ] GC(135) Phase 3: Adjust pointers 95.896ms
[2024-07-05T06:08:37.772-0700][info][gc,phases,start] GC(135) Phase 4: Compact heap
[2024-07-05T06:08:37.948-0700][info][gc,phases      ] GC(135) Phase 4: Compact heap 175.544ms
[2024-07-05T06:08:37.953-0700][info][gc,heap        ] GC(135) Eden regions: 0->0(204)
[2024-07-05T06:08:37.954-0700][info][gc,heap        ] GC(135) Survivor regions: 1->0(1)
[2024-07-05T06:08:37.954-0700][info][gc,heap        ] GC(135) Old regions: 4077->4022
[2024-07-05T06:08:37.954-0700][info][gc,heap        ] GC(135) Archive regions: 2->2
[2024-07-05T06:08:37.954-0700][info][gc,heap        ] GC(135) Humongous regions: 16->16
[2024-07-05T06:08:37.954-0700][info][gc,metaspace   ] GC(135) Metaspace: 302K(512K)->302K(512K) NonClass: 294K(384K)->294K(384K) Class: 7K(128K)->7K(128K)
[2024-07-05T06:08:37.954-0700][info][gc             ] GC(135) Pause Full (G1 Compaction Pause) 4092M->4035M(4096M) 475.056ms
[2024-07-05T06:08:37.954-0700][info][gc,cpu         ] GC(135) User=1.87s Sys=0.00s Real=0.47s
[2024-07-05T06:08:37.954-0700][info][gc,marking     ] GC(136) Concurrent Mark From Roots 475.020ms
[2024-07-05T06:08:37.954-0700][info][gc,marking     ] GC(136) Concurrent Mark Abort
[2024-07-05T06:08:37.954-0700][info][gc             ] GC(136) Concurrent Mark Cycle 475.308ms
[2024-07-05T06:08:52.020-0700][info][gc,start       ] GC(137) Pause Young (Normal) (G1 Preventive Collection)
[2024-07-05T06:08:52.020-0700][info][gc,task        ] GC(137) Using 4 workers of 4 for evacuation
[2024-07-05T06:08:52.033-0700][info][gc             ] GC(137) To-space exhausted
[2024-07-05T06:08:52.033-0700][info][gc,phases      ] GC(137)   Pre Evacuate Collection Set: 0.4ms
[2024-07-05T06:08:52.033-0700][info][gc,phases      ] GC(137)   Merge Heap Roots: 0.5ms
[2024-07-05T06:08:52.033-0700][info][gc,phases      ] GC(137)   Evacuate Collection Set: 11.0ms
[2024-07-05T06:08:52.033-0700][info][gc,phases      ] GC(137)   Post Evacuate Collection Set: 0.9ms
[2024-07-05T06:08:52.033-0700][info][gc,phases      ] GC(137)   Other: 0.1ms
[2024-07-05T06:08:52.033-0700][info][gc,heap        ] GC(137) Eden regions: 30->0(178)
[2024-07-05T06:08:52.033-0700][info][gc,heap        ] GC(137) Survivor regions: 0->26(26)
[2024-07-05T06:08:52.033-0700][info][gc,heap        ] GC(137) Old regions: 4022->4031
[2024-07-05T06:08:52.033-0700][info][gc,heap        ] GC(137) Archive regions: 2->2
[2024-07-05T06:08:52.033-0700][info][gc,heap        ] GC(137) Humongous regions: 16->16
[2024-07-05T06:08:52.033-0700][info][gc,metaspace   ] GC(137) Metaspace: 302K(512K)->302K(512K) NonClass: 294K(384K)->294K(384K) Class: 7K(128K)->7K(128K)
[2024-07-05T06:08:52.033-0700][info][gc             ] GC(137) Pause Young (Normal) (G1 Preventive Collection) 4065M->4070M(4096M) 13.044ms
[2024-07-05T06:08:52.033-0700][info][gc,cpu         ] GC(137) User=0.04s Sys=0.00s Real=0.01s
[2024-07-05T06:08:56.945-0700][info][gc,start       ] GC(138) Pause Young (Concurrent Start) (G1 Preventive Collection)
[2024-07-05T06:08:56.945-0700][info][gc,task        ] GC(138) Using 4 workers of 4 for evacuation
[2024-07-05T06:08:56.956-0700][info][gc             ] GC(138) To-space exhausted
[2024-07-05T06:08:56.956-0700][info][gc,phases      ] GC(138)   Pre Evacuate Collection Set: 0.6ms
[2024-07-05T06:08:56.956-0700][info][gc,phases      ] GC(138)   Merge Heap Roots: 0.3ms
[2024-07-05T06:08:56.956-0700][info][gc,phases      ] GC(138)   Evacuate Collection Set: 7.9ms
[2024-07-05T06:08:56.956-0700][info][gc,phases      ] GC(138)   Post Evacuate Collection Set: 2.5ms
[2024-07-05T06:08:56.956-0700][info][gc,phases      ] GC(138)   Other: 0.4ms
[2024-07-05T06:08:56.956-0700][info][gc,heap        ] GC(138) Eden regions: 11->0(204)
[2024-07-05T06:08:56.956-0700][info][gc,heap        ] GC(138) Survivor regions: 26->0(10)
[2024-07-05T06:08:56.956-0700][info][gc,heap        ] GC(138) Old regions: 4031->4071
[2024-07-05T06:08:56.956-0700][info][gc,heap        ] GC(138) Archive regions: 2->2
[2024-07-05T06:08:56.956-0700][info][gc,heap        ] GC(138) Humongous regions: 16->16
[2024-07-05T06:08:56.956-0700][info][gc,metaspace   ] GC(138) Metaspace: 302K(512K)->302K(512K) NonClass: 294K(384K)->294K(384K) Class: 7K(128K)->7K(128K)
[2024-07-05T06:08:56.956-0700][info][gc             ] GC(138) Pause Young (Concurrent Start) (G1 Preventive Collection) 4081M->4084M(4096M) 11.784ms
[2024-07-05T06:08:56.956-0700][info][gc,cpu         ] GC(138) User=0.04s Sys=0.00s Real=0.01s
[2024-07-05T06:08:56.956-0700][info][gc             ] GC(139) Concurrent Mark Cycle
[2024-07-05T06:08:56.956-0700][info][gc,marking     ] GC(139) Concurrent Clear Claimed Marks
[2024-07-05T06:08:56.956-0700][info][gc,marking     ] GC(139) Concurrent Clear Claimed Marks 0.006ms
[2024-07-05T06:08:56.956-0700][info][gc,marking     ] GC(139) Concurrent Scan Root Regions
[2024-07-05T06:08:56.958-0700][info][gc,marking     ] GC(139) Concurrent Scan Root Regions 1.274ms
[2024-07-05T06:08:56.958-0700][info][gc,marking     ] GC(139) Concurrent Mark
[2024-07-05T06:08:56.958-0700][info][gc,marking     ] GC(139) Concurrent Mark From Roots
[2024-07-05T06:08:56.958-0700][info][gc,task        ] GC(139) Using 1 workers of 1 for marking
[2024-07-05T06:08:56.958-0700][info][gc,start       ] GC(140) Pause Young (Normal) (G1 Preventive Collection)
[2024-07-05T06:08:56.958-0700][info][gc,task        ] GC(140) Using 4 workers of 4 for evacuation
[2024-07-05T06:08:56.960-0700][info][gc             ] GC(140) To-space exhausted
[2024-07-05T06:08:56.960-0700][info][gc,phases      ] GC(140)   Pre Evacuate Collection Set: 1.1ms
[2024-07-05T06:08:56.960-0700][info][gc,phases      ] GC(140)   Merge Heap Roots: 0.2ms
[2024-07-05T06:08:56.960-0700][info][gc,phases      ] GC(140)   Evacuate Collection Set: 0.9ms
[2024-07-05T06:08:56.960-0700][info][gc,phases      ] GC(140)   Post Evacuate Collection Set: 0.9ms
[2024-07-05T06:08:56.960-0700][info][gc,phases      ] GC(140)   Other: 0.1ms
[2024-07-05T06:08:56.960-0700][info][gc,heap        ] GC(140) Eden regions: 4->0(201)
[2024-07-05T06:08:56.960-0700][info][gc,heap        ] GC(140) Survivor regions: 0->3(3)
[2024-07-05T06:08:56.960-0700][info][gc,heap        ] GC(140) Old regions: 4071->4074
[2024-07-05T06:08:56.960-0700][info][gc,heap        ] GC(140) Archive regions: 2->2
[2024-07-05T06:08:56.960-0700][info][gc,heap        ] GC(140) Humongous regions: 16->16
[2024-07-05T06:08:56.960-0700][info][gc,metaspace   ] GC(140) Metaspace: 302K(512K)->302K(512K) NonClass: 294K(384K)->294K(384K) Class: 7K(128K)->7K(128K)
[2024-07-05T06:08:56.960-0700][info][gc             ] GC(140) Pause Young (Normal) (G1 Preventive Collection) 4088M->4090M(4096M) 2.533ms
[2024-07-05T06:08:56.960-0700][info][gc,cpu         ] GC(140) User=0.01s Sys=0.00s Real=0.00s
[2024-07-05T06:08:56.961-0700][info][gc,start       ] GC(141) Pause Young (Normal) (G1 Evacuation Pause)
[2024-07-05T06:08:56.961-0700][info][gc,task        ] GC(141) Using 4 workers of 4 for evacuation
[2024-07-05T06:08:56.963-0700][info][gc             ] GC(141) To-space exhausted
[2024-07-05T06:08:56.963-0700][info][gc,phases      ] GC(141)   Pre Evacuate Collection Set: 0.4ms
[2024-07-05T06:08:56.963-0700][info][gc,phases      ] GC(141)   Merge Heap Roots: 0.2ms
[2024-07-05T06:08:56.963-0700][info][gc,phases      ] GC(141)   Evacuate Collection Set: 0.7ms
[2024-07-05T06:08:56.963-0700][info][gc,phases      ] GC(141)   Post Evacuate Collection Set: 0.7ms
[2024-07-05T06:08:56.963-0700][info][gc,phases      ] GC(141)   Other: 0.1ms
[2024-07-05T06:08:56.963-0700][info][gc,heap        ] GC(141) Eden regions: 1->0(204)
[2024-07-05T06:08:56.963-0700][info][gc,heap        ] GC(141) Survivor regions: 3->0(0)
[2024-07-05T06:08:56.963-0700][info][gc,heap        ] GC(141) Old regions: 4074->4078
[2024-07-05T06:08:56.963-0700][info][gc,heap        ] GC(141) Archive regions: 2->2
[2024-07-05T06:08:56.963-0700][info][gc,heap        ] GC(141) Humongous regions: 16->16
[2024-07-05T06:08:56.963-0700][info][gc,metaspace   ] GC(141) Metaspace: 302K(512K)->302K(512K) NonClass: 294K(384K)->294K(384K) Class: 7K(128K)->7K(128K)
[2024-07-05T06:08:56.963-0700][info][gc             ] GC(141) Pause Young (Normal) (G1 Evacuation Pause) 4091M->4091M(4096M) 2.122ms
[2024-07-05T06:08:56.963-0700][info][gc,cpu         ] GC(141) User=0.00s Sys=0.00s Real=0.01s
[2024-07-05T06:08:56.963-0700][info][gc,ergo        ] Attempting full compaction
[2024-07-05T06:08:56.963-0700][info][gc,task        ] GC(142) Using 4 workers of 4 for full compaction
[2024-07-05T06:08:56.963-0700][info][gc,start       ] GC(142) Pause Full (G1 Compaction Pause)
[2024-07-05T06:08:56.967-0700][info][gc,phases,start] GC(142) Phase 1: Mark live objects
[2024-07-05T06:08:57.107-0700][info][gc,phases      ] GC(142) Phase 1: Mark live objects 140.121ms
[2024-07-05T06:08:57.107-0700][info][gc,phases,start] GC(142) Phase 2: Prepare for compaction
[2024-07-05T06:08:57.112-0700][info][gc,phases      ] GC(142) Phase 2: Prepare for compaction 5.315ms
[2024-07-05T06:08:57.112-0700][info][gc,phases,start] GC(142) Phase 3: Adjust pointers
[2024-07-05T06:08:57.207-0700][info][gc,phases      ] GC(142) Phase 3: Adjust pointers 94.748ms
[2024-07-05T06:08:57.207-0700][info][gc,phases,start] GC(142) Phase 4: Compact heap
[2024-07-05T06:08:57.232-0700][info][gc,phases      ] GC(142) Phase 4: Compact heap 25.363ms
[2024-07-05T06:08:57.237-0700][info][gc,heap        ] GC(142) Eden regions: 0->0(204)
[2024-07-05T06:08:57.237-0700][info][gc,heap        ] GC(142) Survivor regions: 0->0(0)
[2024-07-05T06:08:57.237-0700][info][gc,heap        ] GC(142) Old regions: 4078->4061
[2024-07-05T06:08:57.237-0700][info][gc,heap        ] GC(142) Archive regions: 2->2
[2024-07-05T06:08:57.237-0700][info][gc,heap        ] GC(142) Humongous regions: 16->16
[2024-07-05T06:08:57.237-0700][info][gc,metaspace   ] GC(142) Metaspace: 302K(512K)->302K(512K) NonClass: 294K(384K)->294K(384K) Class: 7K(128K)->7K(128K)
[2024-07-05T06:08:57.237-0700][info][gc             ] GC(142) Pause Full (G1 Compaction Pause) 4091M->4074M(4096M) 274.286ms
[2024-07-05T06:08:57.237-0700][info][gc,cpu         ] GC(142) User=1.06s Sys=0.00s Real=0.27s
[2024-07-05T06:08:57.237-0700][info][gc,marking     ] GC(139) Concurrent Mark From Roots 279.564ms
[2024-07-05T06:08:57.237-0700][info][gc,marking     ] GC(139) Concurrent Mark Abort
[2024-07-05T06:08:57.237-0700][info][gc             ] GC(139) Concurrent Mark Cycle 280.938ms
[2024-07-05T06:09:01.708-0700][info][gc,start       ] GC(143) Pause Young (Normal) (G1 Preventive Collection)
[2024-07-05T06:09:01.708-0700][info][gc,task        ] GC(143) Using 4 workers of 4 for evacuation
[2024-07-05T06:09:01.717-0700][info][gc             ] GC(143) To-space exhausted
[2024-07-05T06:09:01.717-0700][info][gc,phases      ] GC(143)   Pre Evacuate Collection Set: 0.7ms
[2024-07-05T06:09:01.717-0700][info][gc,phases      ] GC(143)   Merge Heap Roots: 0.2ms
[2024-07-05T06:09:01.717-0700][info][gc,phases      ] GC(143)   Evacuate Collection Set: 6.8ms
[2024-07-05T06:09:01.717-0700][info][gc,phases      ] GC(143)   Post Evacuate Collection Set: 1.1ms
[2024-07-05T06:09:01.717-0700][info][gc,phases      ] GC(143)   Other: 0.2ms
[2024-07-05T06:09:01.717-0700][info][gc,heap        ] GC(143) Eden regions: 10->0(197)
[2024-07-05T06:09:01.717-0700][info][gc,heap        ] GC(143) Survivor regions: 0->7(7)
[2024-07-05T06:09:01.717-0700][info][gc,heap        ] GC(143) Old regions: 4061->4067
[2024-07-05T06:09:01.717-0700][info][gc,heap        ] GC(143) Archive regions: 2->2
[2024-07-05T06:09:01.717-0700][info][gc,heap        ] GC(143) Humongous regions: 16->16
[2024-07-05T06:09:01.717-0700][info][gc,metaspace   ] GC(143) Metaspace: 302K(512K)->302K(512K) NonClass: 294K(384K)->294K(384K) Class: 7K(128K)->7K(128K)
[2024-07-05T06:09:01.717-0700][info][gc             ] GC(143) Pause Young (Normal) (G1 Preventive Collection) 4084M->4087M(4096M) 9.030ms
[2024-07-05T06:09:01.717-0700][info][gc,cpu         ] GC(143) User=0.03s Sys=0.00s Real=0.01s
[2024-07-05T06:09:01.717-0700][info][gc,start       ] GC(144) Pause Young (Concurrent Start) (G1 Preventive Collection)
[2024-07-05T06:09:01.717-0700][info][gc,task        ] GC(144) Using 4 workers of 4 for evacuation
[2024-07-05T06:09:01.720-0700][info][gc             ] GC(144) To-space exhausted
[2024-07-05T06:09:01.720-0700][info][gc,phases      ] GC(144)   Pre Evacuate Collection Set: 0.6ms
[2024-07-05T06:09:01.720-0700][info][gc,phases      ] GC(144)   Merge Heap Roots: 0.1ms
[2024-07-05T06:09:01.720-0700][info][gc,phases      ] GC(144)   Evacuate Collection Set: 1.4ms
[2024-07-05T06:09:01.720-0700][info][gc,phases      ] GC(144)   Post Evacuate Collection Set: 0.6ms
[2024-07-05T06:09:01.720-0700][info][gc,phases      ] GC(144)   Other: 0.3ms
[2024-07-05T06:09:01.720-0700][info][gc,heap        ] GC(144) Eden regions: 1->0(201)
[2024-07-05T06:09:01.720-0700][info][gc,heap        ] GC(144) Survivor regions: 7->3(3)
[2024-07-05T06:09:01.720-0700][info][gc,heap        ] GC(144) Old regions: 4067->4073
[2024-07-05T06:09:01.720-0700][info][gc,heap        ] GC(144) Archive regions: 2->2
[2024-07-05T06:09:01.720-0700][info][gc,heap        ] GC(144) Humongous regions: 16->16
[2024-07-05T06:09:01.720-0700][info][gc,metaspace   ] GC(144) Metaspace: 302K(512K)->302K(512K) NonClass: 294K(384K)->294K(384K) Class: 7K(128K)->7K(128K)
[2024-07-05T06:09:01.720-0700][info][gc             ] GC(144) Pause Young (Concurrent Start) (G1 Preventive Collection) 4088M->4089M(4096M) 2.928ms
[2024-07-05T06:09:01.720-0700][info][gc,cpu         ] GC(144) User=0.01s Sys=0.00s Real=0.00s
[2024-07-05T06:09:01.720-0700][info][gc             ] GC(145) Concurrent Mark Cycle
[2024-07-05T06:09:01.720-0700][info][gc,marking     ] GC(145) Concurrent Clear Claimed Marks
[2024-07-05T06:09:01.720-0700][info][gc,marking     ] GC(145) Concurrent Clear Claimed Marks 0.006ms
[2024-07-05T06:09:01.720-0700][info][gc,marking     ] GC(145) Concurrent Scan Root Regions
[2024-07-05T06:09:01.721-0700][info][gc,marking     ] GC(145) Concurrent Scan Root Regions 0.408ms
[2024-07-05T06:09:01.721-0700][info][gc,marking     ] GC(145) Concurrent Mark
[2024-07-05T06:09:01.721-0700][info][gc,marking     ] GC(145) Concurrent Mark From Roots
[2024-07-05T06:09:01.721-0700][info][gc,task        ] GC(145) Using 1 workers of 1 for marking
[2024-07-05T06:09:01.721-0700][info][gc,start       ] GC(146) Pause Young (Normal) (G1 Preventive Collection)
[2024-07-05T06:09:01.721-0700][info][gc,task        ] GC(146) Using 4 workers of 4 for evacuation
[2024-07-05T06:09:01.722-0700][info][gc             ] GC(146) To-space exhausted
[2024-07-05T06:09:01.722-0700][info][gc,phases      ] GC(146)   Pre Evacuate Collection Set: 0.6ms
[2024-07-05T06:09:01.722-0700][info][gc,phases      ] GC(146)   Merge Heap Roots: 0.1ms
[2024-07-05T06:09:01.722-0700][info][gc,phases      ] GC(146)   Evacuate Collection Set: 0.7ms
[2024-07-05T06:09:01.722-0700][info][gc,phases      ] GC(146)   Post Evacuate Collection Set: 0.5ms
[2024-07-05T06:09:01.722-0700][info][gc,phases      ] GC(146)   Other: 0.1ms
[2024-07-05T06:09:01.722-0700][info][gc,heap        ] GC(146) Eden regions: 1->0(203)
[2024-07-05T06:09:01.722-0700][info][gc,heap        ] GC(146) Survivor regions: 3->1(1)
[2024-07-05T06:09:01.722-0700][info][gc,heap        ] GC(146) Old regions: 4073->4077
[2024-07-05T06:09:01.722-0700][info][gc,heap        ] GC(146) Archive regions: 2->2
[2024-07-05T06:09:01.722-0700][info][gc,heap        ] GC(146) Humongous regions: 16->16
[2024-07-05T06:09:01.722-0700][info][gc,metaspace   ] GC(146) Metaspace: 302K(512K)->302K(512K) NonClass: 294K(384K)->294K(384K) Class: 7K(128K)->7K(128K)
[2024-07-05T06:09:01.723-0700][info][gc             ] GC(146) Pause Young (Normal) (G1 Preventive Collection) 4090M->4091M(4096M) 1.768ms
[2024-07-05T06:09:01.723-0700][info][gc,cpu         ] GC(146) User=0.00s Sys=0.00s Real=0.01s
[2024-07-05T06:09:01.723-0700][info][gc,ergo        ] Attempting full compaction
[2024-07-05T06:09:01.723-0700][info][gc,task        ] GC(147) Using 4 workers of 4 for full compaction
[2024-07-05T06:09:01.723-0700][info][gc,start       ] GC(147) Pause Full (G1 Compaction Pause)
[2024-07-05T06:09:01.726-0700][info][gc,phases,start] GC(147) Phase 1: Mark live objects
[2024-07-05T06:09:01.863-0700][info][gc,phases      ] GC(147) Phase 1: Mark live objects 137.108ms
[2024-07-05T06:09:01.863-0700][info][gc,phases,start] GC(147) Phase 2: Prepare for compaction
[2024-07-05T06:09:01.869-0700][info][gc,phases      ] GC(147) Phase 2: Prepare for compaction 5.392ms
[2024-07-05T06:09:01.869-0700][info][gc,phases,start] GC(147) Phase 3: Adjust pointers
[2024-07-05T06:09:01.963-0700][info][gc,phases      ] GC(147) Phase 3: Adjust pointers 94.591ms
[2024-07-05T06:09:01.964-0700][info][gc,phases,start] GC(147) Phase 4: Compact heap
[2024-07-05T06:09:01.972-0700][info][gc,phases      ] GC(147) Phase 4: Compact heap 7.713ms
[2024-07-05T06:09:01.976-0700][info][gc,heap        ] GC(147) Eden regions: 0->0(204)
[2024-07-05T06:09:01.976-0700][info][gc,heap        ] GC(147) Survivor regions: 1->0(1)
[2024-07-05T06:09:01.976-0700][info][gc,heap        ] GC(147) Old regions: 4077->4071
[2024-07-05T06:09:01.976-0700][info][gc,heap        ] GC(147) Archive regions: 2->2
[2024-07-05T06:09:01.976-0700][info][gc,heap        ] GC(147) Humongous regions: 16->16
[2024-07-05T06:09:01.976-0700][info][gc,metaspace   ] GC(147) Metaspace: 302K(512K)->302K(512K) NonClass: 294K(384K)->294K(384K) Class: 7K(128K)->7K(128K)
[2024-07-05T06:09:01.976-0700][info][gc             ] GC(147) Pause Full (G1 Compaction Pause) 4091M->4085M(4096M) 252.999ms
[2024-07-05T06:09:01.976-0700][info][gc,cpu         ] GC(147) User=1.00s Sys=0.00s Real=0.25s
[2024-07-05T06:09:01.976-0700][info][gc,marking     ] GC(145) Concurrent Mark From Roots 255.113ms
[2024-07-05T06:09:01.976-0700][info][gc,marking     ] GC(145) Concurrent Mark Abort
[2024-07-05T06:09:01.976-0700][info][gc             ] GC(145) Concurrent Mark Cycle 255.596ms
[2024-07-05T06:09:06.436-0700][info][gc,start       ] GC(148) Pause Young (Normal) (G1 Preventive Collection)
[2024-07-05T06:09:06.436-0700][info][gc,task        ] GC(148) Using 4 workers of 4 for evacuation
[2024-07-05T06:09:06.444-0700][info][gc             ] GC(148) To-space exhausted
[2024-07-05T06:09:06.444-0700][info][gc,phases      ] GC(148)   Pre Evacuate Collection Set: 0.4ms
[2024-07-05T06:09:06.444-0700][info][gc,phases      ] GC(148)   Merge Heap Roots: 0.2ms
[2024-07-05T06:09:06.444-0700][info][gc,phases      ] GC(148)   Evacuate Collection Set: 5.8ms
[2024-07-05T06:09:06.444-0700][info][gc,phases      ] GC(148)   Post Evacuate Collection Set: 1.2ms
[2024-07-05T06:09:06.444-0700][info][gc,phases      ] GC(148)   Other: 0.2ms
[2024-07-05T06:09:06.444-0700][info][gc,heap        ] GC(148) Eden regions: 4->0(201)
[2024-07-05T06:09:06.444-0700][info][gc,heap        ] GC(148) Survivor regions: 0->3(3)
[2024-07-05T06:09:06.444-0700][info][gc,heap        ] GC(148) Old regions: 4071->4073
[2024-07-05T06:09:06.444-0700][info][gc,heap        ] GC(148) Archive regions: 2->2
[2024-07-05T06:09:06.444-0700][info][gc,heap        ] GC(148) Humongous regions: 16->16
[2024-07-05T06:09:06.444-0700][info][gc,metaspace   ] GC(148) Metaspace: 302K(512K)->302K(512K) NonClass: 294K(384K)->294K(384K) Class: 7K(128K)->7K(128K)
[2024-07-05T06:09:06.444-0700][info][gc             ] GC(148) Pause Young (Normal) (G1 Preventive Collection) 4089M->4090M(4096M) 7.879ms
[2024-07-05T06:09:06.444-0700][info][gc,cpu         ] GC(148) User=0.03s Sys=0.00s Real=0.01s
[2024-07-05T06:09:06.445-0700][info][gc,start       ] GC(149) Pause Young (Concurrent Start) (G1 Preventive Collection)
[2024-07-05T06:09:06.445-0700][info][gc,task        ] GC(149) Using 4 workers of 4 for evacuation
[2024-07-05T06:09:06.448-0700][info][gc             ] GC(149) To-space exhausted
[2024-07-05T06:09:06.448-0700][info][gc,phases      ] GC(149)   Pre Evacuate Collection Set: 0.7ms
[2024-07-05T06:09:06.448-0700][info][gc,phases      ] GC(149)   Merge Heap Roots: 0.1ms
[2024-07-05T06:09:06.448-0700][info][gc,phases      ] GC(149)   Evacuate Collection Set: 1.0ms
[2024-07-05T06:09:06.448-0700][info][gc,phases      ] GC(149)   Post Evacuate Collection Set: 0.6ms
[2024-07-05T06:09:06.448-0700][info][gc,phases      ] GC(149)   Other: 0.3ms
[2024-07-05T06:09:06.448-0700][info][gc,heap        ] GC(149) Eden regions: 1->0(203)
[2024-07-05T06:09:06.448-0700][info][gc,heap        ] GC(149) Survivor regions: 3->1(1)
[2024-07-05T06:09:06.448-0700][info][gc,heap        ] GC(149) Old regions: 4073->4077
[2024-07-05T06:09:06.448-0700][info][gc,heap        ] GC(149) Archive regions: 2->2
[2024-07-05T06:09:06.448-0700][info][gc,heap        ] GC(149) Humongous regions: 16->16
[2024-07-05T06:09:06.448-0700][info][gc,metaspace   ] GC(149) Metaspace: 302K(512K)->302K(512K) NonClass: 294K(384K)->294K(384K) Class: 7K(128K)->7K(128K)
[2024-07-05T06:09:06.448-0700][info][gc             ] GC(149) Pause Young (Concurrent Start) (G1 Preventive Collection) 4091M->4092M(4096M) 2.815ms
[2024-07-05T06:09:06.448-0700][info][gc,cpu         ] GC(149) User=0.00s Sys=0.00s Real=0.00s
[2024-07-05T06:09:06.448-0700][info][gc,ergo        ] Attempting full compaction
[2024-07-05T06:09:06.448-0700][info][gc,task        ] GC(150) Using 4 workers of 4 for full compaction
[2024-07-05T06:09:06.448-0700][info][gc             ] GC(151) Concurrent Mark Cycle
[2024-07-05T06:09:06.448-0700][info][gc,marking     ] GC(151) Concurrent Clear Claimed Marks
[2024-07-05T06:09:06.448-0700][info][gc,marking     ] GC(151) Concurrent Clear Claimed Marks 0.006ms
[2024-07-05T06:09:06.448-0700][info][gc,marking     ] GC(151) Concurrent Scan Root Regions
[2024-07-05T06:09:06.448-0700][info][gc,start       ] GC(150) Pause Full (G1 Compaction Pause)
[2024-07-05T06:09:06.448-0700][info][gc,marking     ] GC(151) Concurrent Scan Root Regions 0.152ms
[2024-07-05T06:09:06.448-0700][info][gc,marking     ] GC(151) Concurrent Mark
[2024-07-05T06:09:06.448-0700][info][gc,marking     ] GC(151) Concurrent Mark From Roots
[2024-07-05T06:09:06.448-0700][info][gc,task        ] GC(151) Using 1 workers of 1 for marking
[2024-07-05T06:09:06.452-0700][info][gc,phases,start] GC(150) Phase 1: Mark live objects
[2024-07-05T06:09:06.602-0700][info][gc,phases      ] GC(150) Phase 1: Mark live objects 149.378ms
[2024-07-05T06:09:06.602-0700][info][gc,phases,start] GC(150) Phase 2: Prepare for compaction
[2024-07-05T06:09:06.604-0700][info][gc,phases      ] GC(150) Phase 2: Prepare for compaction 2.324ms
[2024-07-05T06:09:06.604-0700][info][gc,phases,start] GC(150) Phase 3: Adjust pointers
[2024-07-05T06:09:06.710-0700][info][gc,phases      ] GC(150) Phase 3: Adjust pointers 106.318ms
[2024-07-05T06:09:06.710-0700][info][gc,phases,start] GC(150) Phase 4: Compact heap
[2024-07-05T06:09:06.714-0700][info][gc,phases      ] GC(150) Phase 4: Compact heap 3.989ms
[2024-07-05T06:09:06.719-0700][info][gc,heap        ] GC(150) Eden regions: 0->0(204)
[2024-07-05T06:09:06.719-0700][info][gc,heap        ] GC(150) Survivor regions: 1->0(1)
[2024-07-05T06:09:06.719-0700][info][gc,heap        ] GC(150) Old regions: 4077->4075
[2024-07-05T06:09:06.719-0700][info][gc,heap        ] GC(150) Archive regions: 2->2
[2024-07-05T06:09:06.719-0700][info][gc,heap        ] GC(150) Humongous regions: 16->16
[2024-07-05T06:09:06.719-0700][info][gc,metaspace   ] GC(150) Metaspace: 302K(512K)->302K(512K) NonClass: 294K(384K)->294K(384K) Class: 7K(128K)->7K(128K)
[2024-07-05T06:09:06.719-0700][info][gc             ] GC(150) Pause Full (G1 Compaction Pause) 4092M->4089M(4096M) 271.116ms
[2024-07-05T06:09:06.719-0700][info][gc,cpu         ] GC(150) User=1.06s Sys=0.00s Real=0.27s
[2024-07-05T06:09:06.719-0700][info][gc,marking     ] GC(151) Concurrent Mark From Roots 271.188ms
[2024-07-05T06:09:06.719-0700][info][gc,marking     ] GC(151) Concurrent Mark Abort
[2024-07-05T06:09:06.719-0700][info][gc             ] GC(151) Concurrent Mark Cycle 271.412ms
[2024-07-05T06:09:06.719-0700][info][gc,start       ] GC(152) Pause Young (Normal) (G1 Preventive Collection)
[2024-07-05T06:09:06.719-0700][info][gc,task        ] GC(152) Using 4 workers of 4 for evacuation
[2024-07-05T06:09:06.721-0700][info][gc,phases      ] GC(152)   Pre Evacuate Collection Set: 0.5ms
[2024-07-05T06:09:06.721-0700][info][gc,phases      ] GC(152)   Merge Heap Roots: 0.1ms
[2024-07-05T06:09:06.721-0700][info][gc,phases      ] GC(152)   Evacuate Collection Set: 0.3ms
[2024-07-05T06:09:06.721-0700][info][gc,phases      ] GC(152)   Post Evacuate Collection Set: 0.4ms
[2024-07-05T06:09:06.721-0700][info][gc,phases      ] GC(152)   Other: 0.1ms
[2024-07-05T06:09:06.721-0700][info][gc,heap        ] GC(152) Eden regions: 1->0(202)
[2024-07-05T06:09:06.721-0700][info][gc,heap        ] GC(152) Survivor regions: 0->2(2)
[2024-07-05T06:09:06.721-0700][info][gc,heap        ] GC(152) Old regions: 4075->4075
[2024-07-05T06:09:06.721-0700][info][gc,heap        ] GC(152) Archive regions: 2->2
[2024-07-05T06:09:06.721-0700][info][gc,heap        ] GC(152) Humongous regions: 16->16
[2024-07-05T06:09:06.721-0700][info][gc,metaspace   ] GC(152) Metaspace: 302K(512K)->302K(512K) NonClass: 294K(384K)->294K(384K) Class: 7K(128K)->7K(128K)
[2024-07-05T06:09:06.721-0700][info][gc             ] GC(152) Pause Young (Normal) (G1 Preventive Collection) 4090M->4090M(4096M) 1.374ms
[2024-07-05T06:09:06.721-0700][info][gc,cpu         ] GC(152) User=0.00s Sys=0.00s Real=0.00s
[2024-07-05T06:09:06.721-0700][info][gc,start       ] GC(153) Pause Young (Concurrent Start) (G1 Evacuation Pause)
[2024-07-05T06:09:06.721-0700][info][gc,task        ] GC(153) Using 4 workers of 4 for evacuation
[2024-07-05T06:09:06.723-0700][info][gc             ] GC(153) To-space exhausted
[2024-07-05T06:09:06.723-0700][info][gc,phases      ] GC(153)   Pre Evacuate Collection Set: 0.4ms
[2024-07-05T06:09:06.723-0700][info][gc,phases      ] GC(153)   Merge Heap Roots: 0.1ms
[2024-07-05T06:09:06.723-0700][info][gc,phases      ] GC(153)   Evacuate Collection Set: 0.5ms
[2024-07-05T06:09:06.723-0700][info][gc,phases      ] GC(153)   Post Evacuate Collection Set: 0.4ms
[2024-07-05T06:09:06.723-0700][info][gc,phases      ] GC(153)   Other: 0.2ms
[2024-07-05T06:09:06.723-0700][info][gc,heap        ] GC(153) Eden regions: 1->0(204)
[2024-07-05T06:09:06.723-0700][info][gc,heap        ] GC(153) Survivor regions: 2->0(0)
[2024-07-05T06:09:06.723-0700][info][gc,heap        ] GC(153) Old regions: 4075->4078
[2024-07-05T06:09:06.723-0700][info][gc,heap        ] GC(153) Archive regions: 2->2
[2024-07-05T06:09:06.723-0700][info][gc,heap        ] GC(153) Humongous regions: 16->16
[2024-07-05T06:09:06.723-0700][info][gc,metaspace   ] GC(153) Metaspace: 302K(512K)->302K(512K) NonClass: 294K(384K)->294K(384K) Class: 7K(128K)->7K(128K)
[2024-07-05T06:09:06.723-0700][info][gc             ] GC(153) Pause Young (Concurrent Start) (G1 Evacuation Pause) 4091M->4091M(4096M) 1.804ms
[2024-07-05T06:09:06.723-0700][info][gc,cpu         ] GC(153) User=0.00s Sys=0.01s Real=0.01s
[2024-07-05T06:09:06.723-0700][info][gc,ergo        ] Attempting full compaction
[2024-07-05T06:09:06.723-0700][info][gc             ] GC(155) Concurrent Mark Cycle
[2024-07-05T06:09:06.723-0700][info][gc,marking     ] GC(155) Concurrent Clear Claimed Marks
[2024-07-05T06:09:06.723-0700][info][gc,task        ] GC(154) Using 4 workers of 4 for full compaction
[2024-07-05T06:09:06.723-0700][info][gc,marking     ] GC(155) Concurrent Clear Claimed Marks 0.013ms
[2024-07-05T06:09:06.723-0700][info][gc,marking     ] GC(155) Concurrent Scan Root Regions
[2024-07-05T06:09:06.723-0700][info][gc,marking     ] GC(155) Concurrent Scan Root Regions 0.006ms
[2024-07-05T06:09:06.723-0700][info][gc,marking     ] GC(155) Concurrent Mark
[2024-07-05T06:09:06.723-0700][info][gc,marking     ] GC(155) Concurrent Mark From Roots
[2024-07-05T06:09:06.723-0700][info][gc,task        ] GC(155) Using 1 workers of 1 for marking
[2024-07-05T06:09:06.723-0700][info][gc,start       ] GC(154) Pause Full (G1 Compaction Pause)
[2024-07-05T06:09:06.731-0700][info][gc,phases,start] GC(154) Phase 1: Mark live objects
[2024-07-05T06:09:06.889-0700][info][gc,phases      ] GC(154) Phase 1: Mark live objects 158.426ms
[2024-07-05T06:09:06.889-0700][info][gc,phases,start] GC(154) Phase 2: Prepare for compaction
[2024-07-05T06:09:06.892-0700][info][gc,phases      ] GC(154) Phase 2: Prepare for compaction 2.968ms
[2024-07-05T06:09:06.892-0700][info][gc,phases,start] GC(154) Phase 3: Adjust pointers
[2024-07-05T06:09:06.975-0700][info][gc,phases      ] GC(154) Phase 3: Adjust pointers 82.503ms
[2024-07-05T06:09:06.975-0700][info][gc,phases,start] GC(154) Phase 4: Compact heap
[2024-07-05T06:09:06.975-0700][info][gc,phases      ] GC(154) Phase 4: Compact heap 0.680ms
[2024-07-05T06:09:06.983-0700][info][gc,heap        ] GC(154) Eden regions: 0->0(204)
[2024-07-05T06:09:06.983-0700][info][gc,heap        ] GC(154) Survivor regions: 0->0(0)
[2024-07-05T06:09:06.983-0700][info][gc,heap        ] GC(154) Old regions: 4078->4077
[2024-07-05T06:09:06.983-0700][info][gc,heap        ] GC(154) Archive regions: 2->2
[2024-07-05T06:09:06.983-0700][info][gc,heap        ] GC(154) Humongous regions: 16->16
[2024-07-05T06:09:06.983-0700][info][gc,metaspace   ] GC(154) Metaspace: 302K(512K)->302K(512K) NonClass: 294K(384K)->294K(384K) Class: 7K(128K)->7K(128K)
[2024-07-05T06:09:06.983-0700][info][gc             ] GC(154) Pause Full (G1 Compaction Pause) 4091M->4091M(4096M) 259.871ms
[2024-07-05T06:09:06.983-0700][info][gc,cpu         ] GC(154) User=1.01s Sys=0.00s Real=0.26s
[2024-07-05T06:09:06.983-0700][info][gc,marking     ] GC(155) Concurrent Mark From Roots 260.086ms
[2024-07-05T06:09:06.983-0700][info][gc,marking     ] GC(155) Concurrent Mark Abort
[2024-07-05T06:09:06.983-0700][info][gc             ] GC(155) Concurrent Mark Cycle 260.244ms
[2024-07-05T06:09:06.983-0700][info][gc,start       ] GC(156) Pause Young (Normal) (G1 Evacuation Pause)
[2024-07-05T06:09:06.983-0700][info][gc,task        ] GC(156) Using 4 workers of 4 for evacuation
[2024-07-05T06:09:06.985-0700][info][gc             ] GC(156) To-space exhausted
[2024-07-05T06:09:06.985-0700][info][gc,phases      ] GC(156)   Pre Evacuate Collection Set: 0.5ms
[2024-07-05T06:09:06.985-0700][info][gc,phases      ] GC(156)   Merge Heap Roots: 0.1ms
[2024-07-05T06:09:06.985-0700][info][gc,phases      ] GC(156)   Evacuate Collection Set: 0.2ms
[2024-07-05T06:09:06.985-0700][info][gc,phases      ] GC(156)   Post Evacuate Collection Set: 0.6ms
[2024-07-05T06:09:06.985-0700][info][gc,phases      ] GC(156)   Other: 0.1ms
[2024-07-05T06:09:06.985-0700][info][gc,heap        ] GC(156) Eden regions: 1->0(204)
[2024-07-05T06:09:06.985-0700][info][gc,heap        ] GC(156) Survivor regions: 0->0(0)
[2024-07-05T06:09:06.985-0700][info][gc,heap        ] GC(156) Old regions: 4077->4078
[2024-07-05T06:09:06.985-0700][info][gc,heap        ] GC(156) Archive regions: 2->2
[2024-07-05T06:09:06.985-0700][info][gc,heap        ] GC(156) Humongous regions: 16->16
[2024-07-05T06:09:06.985-0700][info][gc,metaspace   ] GC(156) Metaspace: 302K(512K)->302K(512K) NonClass: 294K(384K)->294K(384K) Class: 7K(128K)->7K(128K)
[2024-07-05T06:09:06.985-0700][info][gc             ] GC(156) Pause Young (Normal) (G1 Evacuation Pause) 4092M->4092M(4096M) 1.620ms
[2024-07-05T06:09:06.985-0700][info][gc,cpu         ] GC(156) User=0.01s Sys=0.00s Real=0.00s
[2024-07-05T06:09:06.985-0700][info][gc,ergo        ] Attempting full compaction
[2024-07-05T06:09:06.985-0700][info][gc,task        ] GC(157) Using 4 workers of 4 for full compaction
[2024-07-05T06:09:06.985-0700][info][gc,start       ] GC(157) Pause Full (G1 Compaction Pause)
[2024-07-05T06:09:06.986-0700][info][gc,phases,start] GC(157) Phase 1: Mark live objects
[2024-07-05T06:09:07.124-0700][info][gc,phases      ] GC(157) Phase 1: Mark live objects 138.314ms
[2024-07-05T06:09:07.124-0700][info][gc,phases,start] GC(157) Phase 2: Prepare for compaction
[2024-07-05T06:09:07.127-0700][info][gc,phases      ] GC(157) Phase 2: Prepare for compaction 2.658ms
[2024-07-05T06:09:07.127-0700][info][gc,phases,start] GC(157) Phase 3: Adjust pointers
[2024-07-05T06:09:07.207-0700][info][gc,phases      ] GC(157) Phase 3: Adjust pointers 80.827ms
[2024-07-05T06:09:07.208-0700][info][gc,phases,start] GC(157) Phase 4: Compact heap
[2024-07-05T06:09:07.208-0700][info][gc,phases      ] GC(157) Phase 4: Compact heap 0.578ms
[2024-07-05T06:09:07.215-0700][info][gc,heap        ] GC(157) Eden regions: 0->0(204)
[2024-07-05T06:09:07.215-0700][info][gc,heap        ] GC(157) Survivor regions: 0->0(0)
[2024-07-05T06:09:07.215-0700][info][gc,heap        ] GC(157) Old regions: 4078->4077
[2024-07-05T06:09:07.215-0700][info][gc,heap        ] GC(157) Archive regions: 2->2
[2024-07-05T06:09:07.215-0700][info][gc,heap        ] GC(157) Humongous regions: 16->16
[2024-07-05T06:09:07.215-0700][info][gc,metaspace   ] GC(157) Metaspace: 302K(512K)->302K(512K) NonClass: 294K(384K)->294K(384K) Class: 7K(128K)->7K(128K)
[2024-07-05T06:09:07.215-0700][info][gc             ] GC(157) Pause Full (G1 Compaction Pause) 4092M->4092M(4096M) 230.249ms
[2024-07-05T06:09:07.215-0700][info][gc,cpu         ] GC(157) User=0.90s Sys=0.00s Real=0.23s
[2024-07-05T06:09:07.216-0700][info][gc,start       ] GC(158) Pause Young (Concurrent Start) (G1 Evacuation Pause)
[2024-07-05T06:09:07.216-0700][info][gc,task        ] GC(158) Using 4 workers of 4 for evacuation
[2024-07-05T06:09:07.217-0700][info][gc             ] GC(158) To-space exhausted
[2024-07-05T06:09:07.217-0700][info][gc,phases      ] GC(158)   Pre Evacuate Collection Set: 0.4ms
[2024-07-05T06:09:07.217-0700][info][gc,phases      ] GC(158)   Merge Heap Roots: 0.1ms
[2024-07-05T06:09:07.217-0700][info][gc,phases      ] GC(158)   Evacuate Collection Set: 0.3ms
[2024-07-05T06:09:07.217-0700][info][gc,phases      ] GC(158)   Post Evacuate Collection Set: 0.5ms
[2024-07-05T06:09:07.217-0700][info][gc,phases      ] GC(158)   Other: 0.2ms
[2024-07-05T06:09:07.217-0700][info][gc,heap        ] GC(158) Eden regions: 1->0(204)
[2024-07-05T06:09:07.217-0700][info][gc,heap        ] GC(158) Survivor regions: 0->0(0)
[2024-07-05T06:09:07.217-0700][info][gc,heap        ] GC(158) Old regions: 4077->4078
[2024-07-05T06:09:07.217-0700][info][gc,heap        ] GC(158) Archive regions: 2->2
[2024-07-05T06:09:07.217-0700][info][gc,heap        ] GC(158) Humongous regions: 16->16
[2024-07-05T06:09:07.217-0700][info][gc,metaspace   ] GC(158) Metaspace: 302K(512K)->302K(512K) NonClass: 294K(384K)->294K(384K) Class: 7K(128K)->7K(128K)
[2024-07-05T06:09:07.217-0700][info][gc             ] GC(158) Pause Young (Concurrent Start) (G1 Evacuation Pause) 4093M->4093M(4096M) 1.575ms
[2024-07-05T06:09:07.217-0700][info][gc,cpu         ] GC(158) User=0.01s Sys=0.00s Real=0.00s
[2024-07-05T06:09:07.217-0700][info][gc,ergo        ] Attempting full compaction
[2024-07-05T06:09:07.217-0700][info][gc             ] GC(160) Concurrent Mark Cycle
[2024-07-05T06:09:07.217-0700][info][gc,marking     ] GC(160) Concurrent Clear Claimed Marks
[2024-07-05T06:09:07.217-0700][info][gc,marking     ] GC(160) Concurrent Clear Claimed Marks 0.014ms
[2024-07-05T06:09:07.217-0700][info][gc,marking     ] GC(160) Concurrent Scan Root Regions
[2024-07-05T06:09:07.217-0700][info][gc,marking     ] GC(160) Concurrent Scan Root Regions 0.011ms
[2024-07-05T06:09:07.217-0700][info][gc,task        ] GC(159) Using 4 workers of 4 for full compaction
[2024-07-05T06:09:07.217-0700][info][gc,marking     ] GC(160) Concurrent Mark
[2024-07-05T06:09:07.217-0700][info][gc,marking     ] GC(160) Concurrent Mark From Roots
[2024-07-05T06:09:07.217-0700][info][gc,task        ] GC(160) Using 1 workers of 1 for marking
[2024-07-05T06:09:07.217-0700][info][gc,start       ] GC(159) Pause Full (G1 Compaction Pause)
[2024-07-05T06:09:07.222-0700][info][gc,phases,start] GC(159) Phase 1: Mark live objects
[2024-07-05T06:09:07.386-0700][info][gc,phases      ] GC(159) Phase 1: Mark live objects 164.163ms
[2024-07-05T06:09:07.386-0700][info][gc,phases,start] GC(159) Phase 2: Prepare for compaction
[2024-07-05T06:09:07.388-0700][info][gc,phases      ] GC(159) Phase 2: Prepare for compaction 2.175ms
[2024-07-05T06:09:07.388-0700][info][gc,phases,start] GC(159) Phase 3: Adjust pointers
[2024-07-05T06:09:07.471-0700][info][gc,phases      ] GC(159) Phase 3: Adjust pointers 82.846ms
[2024-07-05T06:09:07.471-0700][info][gc,phases,start] GC(159) Phase 4: Compact heap
[2024-07-05T06:09:07.471-0700][info][gc,phases      ] GC(159) Phase 4: Compact heap 0.229ms
[2024-07-05T06:09:07.479-0700][info][gc,heap        ] GC(159) Eden regions: 0->0(204)
[2024-07-05T06:09:07.479-0700][info][gc,heap        ] GC(159) Survivor regions: 0->0(0)
[2024-07-05T06:09:07.479-0700][info][gc,heap        ] GC(159) Old regions: 4078->4078
[2024-07-05T06:09:07.479-0700][info][gc,heap        ] GC(159) Archive regions: 2->2
[2024-07-05T06:09:07.479-0700][info][gc,heap        ] GC(159) Humongous regions: 16->16
[2024-07-05T06:09:07.479-0700][info][gc,metaspace   ] GC(159) Metaspace: 302K(512K)->302K(512K) NonClass: 294K(384K)->294K(384K) Class: 7K(128K)->7K(128K)
[2024-07-05T06:09:07.479-0700][info][gc             ] GC(159) Pause Full (G1 Compaction Pause) 4093M->4093M(4096M) 261.334ms
[2024-07-05T06:09:07.479-0700][info][gc,cpu         ] GC(159) User=1.02s Sys=0.00s Real=0.26s
[2024-07-05T06:09:07.479-0700][info][gc,ergo        ] Attempting maximum full compaction clearing soft references
[2024-07-05T06:09:07.479-0700][info][gc,task        ] GC(161) Using 4 workers of 4 for full compaction
[2024-07-05T06:09:07.479-0700][info][gc,start       ] GC(161) Pause Full (G1 Compaction Pause)
[2024-07-05T06:09:07.480-0700][info][gc,phases,start] GC(161) Phase 1: Mark live objects
[2024-07-05T06:09:07.642-0700][info][gc,phases      ] GC(161) Phase 1: Mark live objects 162.181ms
[2024-07-05T06:09:07.642-0700][info][gc,phases,start] GC(161) Phase 2: Prepare for compaction
[2024-07-05T06:09:07.755-0700][info][gc,phases      ] GC(161) Phase 2: Prepare for compaction 113.039ms
[2024-07-05T06:09:07.755-0700][info][gc,phases,start] GC(161) Phase 3: Adjust pointers
[2024-07-05T06:09:07.922-0700][info][gc,phases      ] GC(161) Phase 3: Adjust pointers 167.276ms
[2024-07-05T06:09:07.922-0700][info][gc,phases,start] GC(161) Phase 4: Compact heap
[2024-07-05T06:09:08.771-0700][info][gc,phases      ] GC(161) Phase 4: Compact heap 848.819ms
[2024-07-05T06:09:08.776-0700][info][gc,heap        ] GC(161) Eden regions: 0->0(204)
[2024-07-05T06:09:08.776-0700][info][gc,heap        ] GC(161) Survivor regions: 0->0(0)
[2024-07-05T06:09:08.776-0700][info][gc,heap        ] GC(161) Old regions: 4078->4003
[2024-07-05T06:09:08.776-0700][info][gc,heap        ] GC(161) Archive regions: 2->2
[2024-07-05T06:09:08.776-0700][info][gc,heap        ] GC(161) Humongous regions: 16->16
[2024-07-05T06:09:08.776-0700][info][gc,metaspace   ] GC(161) Metaspace: 302K(512K)->302K(512K) NonClass: 294K(384K)->294K(384K) Class: 7K(128K)->7K(128K)
[2024-07-05T06:09:08.776-0700][info][gc             ] GC(161) Pause Full (G1 Compaction Pause) 4093M->4016M(4096M) 1297.482ms
[2024-07-05T06:09:08.777-0700][info][gc,cpu         ] GC(161) User=5.11s Sys=0.01s Real=1.30s
[2024-07-05T06:09:08.777-0700][info][gc,marking     ] GC(160) Concurrent Mark From Roots 1559.468ms
[2024-07-05T06:09:08.777-0700][info][gc,marking     ] GC(160) Concurrent Mark Abort
[2024-07-05T06:09:08.777-0700][info][gc             ] GC(160) Concurrent Mark Cycle 1559.670ms
[2024-07-05T06:09:31.916-0700][info][gc,start       ] GC(162) Pause Young (Normal) (G1 Preventive Collection)
[2024-07-05T06:09:31.916-0700][info][gc,task        ] GC(162) Using 4 workers of 4 for evacuation
[2024-07-05T06:09:31.934-0700][info][gc             ] GC(162) To-space exhausted
[2024-07-05T06:09:31.934-0700][info][gc,phases      ] GC(162)   Pre Evacuate Collection Set: 1.3ms
[2024-07-05T06:09:31.934-0700][info][gc,phases      ] GC(162)   Merge Heap Roots: 0.4ms
[2024-07-05T06:09:31.934-0700][info][gc,phases      ] GC(162)   Evacuate Collection Set: 14.5ms
[2024-07-05T06:09:31.934-0700][info][gc,phases      ] GC(162)   Post Evacuate Collection Set: 1.3ms
[2024-07-05T06:09:31.934-0700][info][gc,phases      ] GC(162)   Other: 0.2ms
[2024-07-05T06:09:31.934-0700][info][gc,heap        ] GC(162) Eden regions: 51->0(180)
[2024-07-05T06:09:31.934-0700][info][gc,heap        ] GC(162) Survivor regions: 0->24(24)
[2024-07-05T06:09:31.934-0700][info][gc,heap        ] GC(162) Old regions: 4003->4035
[2024-07-05T06:09:31.934-0700][info][gc,heap        ] GC(162) Archive regions: 2->2
[2024-07-05T06:09:31.934-0700][info][gc,heap        ] GC(162) Humongous regions: 16->16
[2024-07-05T06:09:31.934-0700][info][gc,metaspace   ] GC(162) Metaspace: 302K(512K)->302K(512K) NonClass: 294K(384K)->294K(384K) Class: 7K(128K)->7K(128K)
[2024-07-05T06:09:31.934-0700][info][gc             ] GC(162) Pause Young (Normal) (G1 Preventive Collection) 4067M->4072M(4096M) 17.802ms
[2024-07-05T06:09:31.934-0700][info][gc,cpu         ] GC(162) User=0.05s Sys=0.01s Real=0.01s
[2024-07-05T06:09:39.442-0700][info][gc,start       ] GC(163) Pause Young (Concurrent Start) (G1 Preventive Collection)
[2024-07-05T06:09:39.442-0700][info][gc,task        ] GC(163) Using 4 workers of 4 for evacuation
[2024-07-05T06:09:39.457-0700][info][gc             ] GC(163) To-space exhausted
[2024-07-05T06:09:39.457-0700][info][gc,phases      ] GC(163)   Pre Evacuate Collection Set: 0.7ms
[2024-07-05T06:09:39.457-0700][info][gc,phases      ] GC(163)   Merge Heap Roots: 0.3ms
[2024-07-05T06:09:39.457-0700][info][gc,phases      ] GC(163)   Evacuate Collection Set: 10.7ms
[2024-07-05T06:09:39.457-0700][info][gc,phases      ] GC(163)   Post Evacuate Collection Set: 2.1ms
[2024-07-05T06:09:39.457-0700][info][gc,phases      ] GC(163)   Other: 0.6ms
[2024-07-05T06:09:39.457-0700][info][gc,heap        ] GC(163) Eden regions: 13->0(204)
[2024-07-05T06:09:39.457-0700][info][gc,heap        ] GC(163) Survivor regions: 24->0(6)
[2024-07-05T06:09:39.457-0700][info][gc,heap        ] GC(163) Old regions: 4035->4075
[2024-07-05T06:09:39.457-0700][info][gc,heap        ] GC(163) Archive regions: 2->2
[2024-07-05T06:09:39.457-0700][info][gc,heap        ] GC(163) Humongous regions: 16->16
[2024-07-05T06:09:39.457-0700][info][gc,metaspace   ] GC(163) Metaspace: 302K(512K)->302K(512K) NonClass: 294K(384K)->294K(384K) Class: 7K(128K)->7K(128K)
[2024-07-05T06:09:39.457-0700][info][gc             ] GC(163) Pause Young (Concurrent Start) (G1 Preventive Collection) 4085M->4088M(4096M) 14.450ms
[2024-07-05T06:09:39.457-0700][info][gc,cpu         ] GC(163) User=0.05s Sys=0.00s Real=0.01s
[2024-07-05T06:09:39.457-0700][info][gc             ] GC(164) Concurrent Mark Cycle
[2024-07-05T06:09:39.457-0700][info][gc,marking     ] GC(164) Concurrent Clear Claimed Marks
[2024-07-05T06:09:39.457-0700][info][gc,marking     ] GC(164) Concurrent Clear Claimed Marks 0.022ms
[2024-07-05T06:09:39.457-0700][info][gc,marking     ] GC(164) Concurrent Scan Root Regions
[2024-07-05T06:09:39.458-0700][info][gc,marking     ] GC(164) Concurrent Scan Root Regions 0.638ms
[2024-07-05T06:09:39.458-0700][info][gc,marking     ] GC(164) Concurrent Mark
[2024-07-05T06:09:39.458-0700][info][gc,marking     ] GC(164) Concurrent Mark From Roots
[2024-07-05T06:09:39.458-0700][info][gc,task        ] GC(164) Using 1 workers of 1 for marking
[2024-07-05T06:09:39.458-0700][info][gc,start       ] GC(165) Pause Young (Normal) (G1 Preventive Collection)
[2024-07-05T06:09:39.458-0700][info][gc,task        ] GC(165) Using 4 workers of 4 for evacuation
[2024-07-05T06:09:39.460-0700][info][gc             ] GC(165) To-space exhausted
[2024-07-05T06:09:39.460-0700][info][gc,phases      ] GC(165)   Pre Evacuate Collection Set: 0.9ms
[2024-07-05T06:09:39.460-0700][info][gc,phases      ] GC(165)   Merge Heap Roots: 0.2ms
[2024-07-05T06:09:39.460-0700][info][gc,phases      ] GC(165)   Evacuate Collection Set: 0.6ms
[2024-07-05T06:09:39.460-0700][info][gc,phases      ] GC(165)   Post Evacuate Collection Set: 0.8ms
[2024-07-05T06:09:39.460-0700][info][gc,phases      ] GC(165)   Other: 0.1ms
[2024-07-05T06:09:39.460-0700][info][gc,heap        ] GC(165) Eden regions: 2->0(203)
[2024-07-05T06:09:39.460-0700][info][gc,heap        ] GC(165) Survivor regions: 0->1(1)
[2024-07-05T06:09:39.460-0700][info][gc,heap        ] GC(165) Old regions: 4075->4077
[2024-07-05T06:09:39.460-0700][info][gc,heap        ] GC(165) Archive regions: 2->2
[2024-07-05T06:09:39.460-0700][info][gc,heap        ] GC(165) Humongous regions: 16->16
[2024-07-05T06:09:39.460-0700][info][gc,metaspace   ] GC(165) Metaspace: 302K(512K)->302K(512K) NonClass: 294K(384K)->294K(384K) Class: 7K(128K)->7K(128K)
[2024-07-05T06:09:39.460-0700][info][gc             ] GC(165) Pause Young (Normal) (G1 Preventive Collection) 4090M->4091M(4096M) 2.212ms
[2024-07-05T06:09:39.460-0700][info][gc,cpu         ] GC(165) User=0.00s Sys=0.00s Real=0.00s
[2024-07-05T06:09:39.460-0700][info][gc,ergo        ] Attempting full compaction
[2024-07-05T06:09:39.460-0700][info][gc,task        ] GC(166) Using 4 workers of 4 for full compaction
[2024-07-05T06:09:39.460-0700][info][gc,start       ] GC(166) Pause Full (G1 Compaction Pause)
[2024-07-05T06:09:39.467-0700][info][gc,phases,start] GC(166) Phase 1: Mark live objects
[2024-07-05T06:09:39.588-0700][info][gc,phases      ] GC(166) Phase 1: Mark live objects 121.330ms
[2024-07-05T06:09:39.588-0700][info][gc,phases,start] GC(166) Phase 2: Prepare for compaction
[2024-07-05T06:09:39.591-0700][info][gc,phases      ] GC(166) Phase 2: Prepare for compaction 2.373ms
[2024-07-05T06:09:39.591-0700][info][gc,phases,start] GC(166) Phase 3: Adjust pointers
[2024-07-05T06:09:39.671-0700][info][gc,phases      ] GC(166) Phase 3: Adjust pointers 80.600ms
[2024-07-05T06:09:39.671-0700][info][gc,phases,start] GC(166) Phase 4: Compact heap
[2024-07-05T06:09:39.673-0700][info][gc,phases      ] GC(166) Phase 4: Compact heap 1.401ms
[2024-07-05T06:09:39.679-0700][info][gc,heap        ] GC(166) Eden regions: 0->0(204)
[2024-07-05T06:09:39.679-0700][info][gc,heap        ] GC(166) Survivor regions: 1->0(1)
[2024-07-05T06:09:39.679-0700][info][gc,heap        ] GC(166) Old regions: 4077->4068
[2024-07-05T06:09:39.679-0700][info][gc,heap        ] GC(166) Archive regions: 2->2
[2024-07-05T06:09:39.679-0700][info][gc,heap        ] GC(166) Humongous regions: 16->16
[2024-07-05T06:09:39.679-0700][info][gc,metaspace   ] GC(166) Metaspace: 302K(512K)->302K(512K) NonClass: 294K(384K)->294K(384K) Class: 7K(128K)->7K(128K)
[2024-07-05T06:09:39.679-0700][info][gc             ] GC(166) Pause Full (G1 Compaction Pause) 4091M->4082M(4096M) 218.560ms
[2024-07-05T06:09:39.679-0700][info][gc,cpu         ] GC(166) User=0.83s Sys=0.01s Real=0.22s
[2024-07-05T06:09:39.679-0700][info][gc,marking     ] GC(164) Concurrent Mark From Roots 221.126ms
[2024-07-05T06:09:39.679-0700][info][gc,marking     ] GC(164) Concurrent Mark Abort
[2024-07-05T06:09:39.679-0700][info][gc             ] GC(164) Concurrent Mark Cycle 221.863ms
[2024-07-05T06:09:43.331-0700][info][gc,start       ] GC(167) Pause Young (Normal) (G1 Preventive Collection)
[2024-07-05T06:09:43.331-0700][info][gc,task        ] GC(167) Using 4 workers of 4 for evacuation
[2024-07-05T06:09:43.338-0700][info][gc             ] GC(167) To-space exhausted
[2024-07-05T06:09:43.338-0700][info][gc,phases      ] GC(167)   Pre Evacuate Collection Set: 0.6ms
[2024-07-05T06:09:43.338-0700][info][gc,phases      ] GC(167)   Merge Heap Roots: 0.3ms
[2024-07-05T06:09:43.338-0700][info][gc,phases      ] GC(167)   Evacuate Collection Set: 5.5ms
[2024-07-05T06:09:43.338-0700][info][gc,phases      ] GC(167)   Post Evacuate Collection Set: 0.8ms
[2024-07-05T06:09:43.338-0700][info][gc,phases      ] GC(167)   Other: 0.1ms
[2024-07-05T06:09:43.338-0700][info][gc,heap        ] GC(167) Eden regions: 7->0(201)
[2024-07-05T06:09:43.338-0700][info][gc,heap        ] GC(167) Survivor regions: 0->3(3)
[2024-07-05T06:09:43.338-0700][info][gc,heap        ] GC(167) Old regions: 4068->4073
[2024-07-05T06:09:43.338-0700][info][gc,heap        ] GC(167) Archive regions: 2->2
[2024-07-05T06:09:43.338-0700][info][gc,heap        ] GC(167) Humongous regions: 16->16
[2024-07-05T06:09:43.338-0700][info][gc,metaspace   ] GC(167) Metaspace: 302K(512K)->302K(512K) NonClass: 294K(384K)->294K(384K) Class: 7K(128K)->7K(128K)
[2024-07-05T06:09:43.338-0700][info][gc             ] GC(167) Pause Young (Normal) (G1 Preventive Collection) 4089M->4090M(4096M) 7.327ms
[2024-07-05T06:09:43.338-0700][info][gc,cpu         ] GC(167) User=0.03s Sys=0.00s Real=0.01s
[2024-07-05T06:09:43.339-0700][info][gc,start       ] GC(168) Pause Young (Concurrent Start) (G1 Preventive Collection)
[2024-07-05T06:09:43.339-0700][info][gc,task        ] GC(168) Using 4 workers of 4 for evacuation
[2024-07-05T06:09:43.342-0700][info][gc             ] GC(168) To-space exhausted
[2024-07-05T06:09:43.342-0700][info][gc,phases      ] GC(168)   Pre Evacuate Collection Set: 0.4ms
[2024-07-05T06:09:43.342-0700][info][gc,phases      ] GC(168)   Merge Heap Roots: 0.1ms
[2024-07-05T06:09:43.342-0700][info][gc,phases      ] GC(168)   Evacuate Collection Set: 1.4ms
[2024-07-05T06:09:43.342-0700][info][gc,phases      ] GC(168)   Post Evacuate Collection Set: 0.7ms
[2024-07-05T06:09:43.342-0700][info][gc,phases      ] GC(168)   Other: 0.2ms
[2024-07-05T06:09:43.342-0700][info][gc,heap        ] GC(168) Eden regions: 1->0(203)
[2024-07-05T06:09:43.342-0700][info][gc,heap        ] GC(168) Survivor regions: 3->1(1)
[2024-07-05T06:09:43.342-0700][info][gc,heap        ] GC(168) Old regions: 4073->4077
[2024-07-05T06:09:43.342-0700][info][gc,heap        ] GC(168) Archive regions: 2->2
[2024-07-05T06:09:43.342-0700][info][gc,heap        ] GC(168) Humongous regions: 16->16
[2024-07-05T06:09:43.342-0700][info][gc,metaspace   ] GC(168) Metaspace: 302K(512K)->302K(512K) NonClass: 294K(384K)->294K(384K) Class: 7K(128K)->7K(128K)
[2024-07-05T06:09:43.342-0700][info][gc             ] GC(168) Pause Young (Concurrent Start) (G1 Preventive Collection) 4091M->4092M(4096M) 2.977ms
[2024-07-05T06:09:43.342-0700][info][gc,cpu         ] GC(168) User=0.00s Sys=0.00s Real=0.00s
[2024-07-05T06:09:43.342-0700][info][gc,ergo        ] Attempting full compaction
[2024-07-05T06:09:43.342-0700][info][gc             ] GC(169) Concurrent Mark Cycle
[2024-07-05T06:09:43.342-0700][info][gc,marking     ] GC(169) Concurrent Clear Claimed Marks
[2024-07-05T06:09:43.342-0700][info][gc,marking     ] GC(169) Concurrent Clear Claimed Marks 0.032ms
[2024-07-05T06:09:43.342-0700][info][gc,marking     ] GC(169) Concurrent Scan Root Regions
[2024-07-05T06:09:43.342-0700][info][gc,task        ] GC(170) Using 4 workers of 4 for full compaction
[2024-07-05T06:09:43.342-0700][info][gc,marking     ] GC(169) Concurrent Scan Root Regions 0.159ms
[2024-07-05T06:09:43.342-0700][info][gc,marking     ] GC(169) Concurrent Mark
[2024-07-05T06:09:43.342-0700][info][gc,marking     ] GC(169) Concurrent Mark From Roots
[2024-07-05T06:09:43.342-0700][info][gc,task        ] GC(169) Using 1 workers of 1 for marking
[2024-07-05T06:09:43.342-0700][info][gc,start       ] GC(170) Pause Full (G1 Compaction Pause)
[2024-07-05T06:09:43.348-0700][info][gc,phases,start] GC(170) Phase 1: Mark live objects
[2024-07-05T06:09:43.503-0700][info][gc,phases      ] GC(170) Phase 1: Mark live objects 155.130ms
[2024-07-05T06:09:43.503-0700][info][gc,phases,start] GC(170) Phase 2: Prepare for compaction
[2024-07-05T06:09:43.506-0700][info][gc,phases      ] GC(170) Phase 2: Prepare for compaction 2.393ms
[2024-07-05T06:09:43.506-0700][info][gc,phases,start] GC(170) Phase 3: Adjust pointers
[2024-07-05T06:09:43.599-0700][info][gc,phases      ] GC(170) Phase 3: Adjust pointers 93.015ms
[2024-07-05T06:09:43.599-0700][info][gc,phases,start] GC(170) Phase 4: Compact heap
[2024-07-05T06:09:43.600-0700][info][gc,phases      ] GC(170) Phase 4: Compact heap 1.010ms
[2024-07-05T06:09:43.604-0700][info][gc,heap        ] GC(170) Eden regions: 0->0(204)
[2024-07-05T06:09:43.604-0700][info][gc,heap        ] GC(170) Survivor regions: 1->0(1)
[2024-07-05T06:09:43.604-0700][info][gc,heap        ] GC(170) Old regions: 4077->4075
[2024-07-05T06:09:43.604-0700][info][gc,heap        ] GC(170) Archive regions: 2->2
[2024-07-05T06:09:43.604-0700][info][gc,heap        ] GC(170) Humongous regions: 16->16
[2024-07-05T06:09:43.604-0700][info][gc,metaspace   ] GC(170) Metaspace: 302K(512K)->302K(512K) NonClass: 294K(384K)->294K(384K) Class: 7K(128K)->7K(128K)
[2024-07-05T06:09:43.604-0700][info][gc             ] GC(170) Pause Full (G1 Compaction Pause) 4092M->4090M(4096M) 262.316ms
[2024-07-05T06:09:43.604-0700][info][gc,cpu         ] GC(170) User=1.03s Sys=0.00s Real=0.27s
[2024-07-05T06:09:43.605-0700][info][gc,marking     ] GC(169) Concurrent Mark From Roots 262.572ms
[2024-07-05T06:09:43.605-0700][info][gc,marking     ] GC(169) Concurrent Mark Abort
[2024-07-05T06:09:43.605-0700][info][gc             ] GC(169) Concurrent Mark Cycle 262.876ms
[2024-07-05T06:09:43.605-0700][info][gc,start       ] GC(171) Pause Young (Normal) (G1 Preventive Collection)
[2024-07-05T06:09:43.605-0700][info][gc,task        ] GC(171) Using 4 workers of 4 for evacuation
[2024-07-05T06:09:43.607-0700][info][gc             ] GC(171) To-space exhausted
[2024-07-05T06:09:43.607-0700][info][gc,phases      ] GC(171)   Pre Evacuate Collection Set: 0.4ms
[2024-07-05T06:09:43.607-0700][info][gc,phases      ] GC(171)   Merge Heap Roots: 0.1ms
[2024-07-05T06:09:43.607-0700][info][gc,phases      ] GC(171)   Evacuate Collection Set: 1.0ms
[2024-07-05T06:09:43.607-0700][info][gc,phases      ] GC(171)   Post Evacuate Collection Set: 0.6ms
[2024-07-05T06:09:43.607-0700][info][gc,phases      ] GC(171)   Other: 0.1ms
[2024-07-05T06:09:43.607-0700][info][gc,heap        ] GC(171) Eden regions: 2->0(203)
[2024-07-05T06:09:43.607-0700][info][gc,heap        ] GC(171) Survivor regions: 0->1(1)
[2024-07-05T06:09:43.607-0700][info][gc,heap        ] GC(171) Old regions: 4075->4077
[2024-07-05T06:09:43.607-0700][info][gc,heap        ] GC(171) Archive regions: 2->2
[2024-07-05T06:09:43.607-0700][info][gc,heap        ] GC(171) Humongous regions: 16->16
[2024-07-05T06:09:43.607-0700][info][gc,metaspace   ] GC(171) Metaspace: 302K(512K)->302K(512K) NonClass: 294K(384K)->294K(384K) Class: 7K(128K)->7K(128K)
[2024-07-05T06:09:43.607-0700][info][gc             ] GC(171) Pause Young (Normal) (G1 Preventive Collection) 4092M->4093M(4096M) 2.134ms
[2024-07-05T06:09:43.607-0700][info][gc,cpu         ] GC(171) User=0.00s Sys=0.00s Real=0.00s
[2024-07-05T06:09:43.607-0700][info][gc,ergo        ] Attempting full compaction
[2024-07-05T06:09:43.607-0700][info][gc,task        ] GC(172) Using 4 workers of 4 for full compaction
[2024-07-05T06:09:43.607-0700][info][gc,start       ] GC(172) Pause Full (G1 Compaction Pause)
[2024-07-05T06:09:43.607-0700][info][gc,phases,start] GC(172) Phase 1: Mark live objects
[2024-07-05T06:09:43.754-0700][info][gc,phases      ] GC(172) Phase 1: Mark live objects 147.087ms
[2024-07-05T06:09:43.755-0700][info][gc,phases,start] GC(172) Phase 2: Prepare for compaction
[2024-07-05T06:09:43.758-0700][info][gc,phases      ] GC(172) Phase 2: Prepare for compaction 3.306ms
[2024-07-05T06:09:43.758-0700][info][gc,phases,start] GC(172) Phase 3: Adjust pointers
[2024-07-05T06:09:43.836-0700][info][gc,phases      ] GC(172) Phase 3: Adjust pointers 77.774ms
[2024-07-05T06:09:43.836-0700][info][gc,phases,start] GC(172) Phase 4: Compact heap
[2024-07-05T06:09:43.836-0700][info][gc,phases      ] GC(172) Phase 4: Compact heap 0.517ms
[2024-07-05T06:09:43.842-0700][info][gc,heap        ] GC(172) Eden regions: 0->0(204)
[2024-07-05T06:09:43.842-0700][info][gc,heap        ] GC(172) Survivor regions: 1->0(1)
[2024-07-05T06:09:43.842-0700][info][gc,heap        ] GC(172) Old regions: 4077->4077
[2024-07-05T06:09:43.842-0700][info][gc,heap        ] GC(172) Archive regions: 2->2
[2024-07-05T06:09:43.842-0700][info][gc,heap        ] GC(172) Humongous regions: 16->16
[2024-07-05T06:09:43.843-0700][info][gc,metaspace   ] GC(172) Metaspace: 302K(512K)->302K(512K) NonClass: 294K(384K)->294K(384K) Class: 7K(128K)->7K(128K)
[2024-07-05T06:09:43.843-0700][info][gc             ] GC(172) Pause Full (G1 Compaction Pause) 4093M->4092M(4096M) 235.407ms
[2024-07-05T06:09:43.843-0700][info][gc,cpu         ] GC(172) User=0.92s Sys=0.01s Real=0.24s
[2024-07-05T06:09:43.843-0700][info][gc,start       ] GC(173) Pause Young (Concurrent Start) (G1 Evacuation Pause)
[2024-07-05T06:09:43.843-0700][info][gc,task        ] GC(173) Using 4 workers of 4 for evacuation
[2024-07-05T06:09:43.845-0700][info][gc             ] GC(173) To-space exhausted
[2024-07-05T06:09:43.845-0700][info][gc,phases      ] GC(173)   Pre Evacuate Collection Set: 0.6ms
[2024-07-05T06:09:43.845-0700][info][gc,phases      ] GC(173)   Merge Heap Roots: 0.1ms
[2024-07-05T06:09:43.845-0700][info][gc,phases      ] GC(173)   Evacuate Collection Set: 0.4ms
[2024-07-05T06:09:43.845-0700][info][gc,phases      ] GC(173)   Post Evacuate Collection Set: 0.8ms
[2024-07-05T06:09:43.845-0700][info][gc,phases      ] GC(173)   Other: 0.3ms
[2024-07-05T06:09:43.845-0700][info][gc,heap        ] GC(173) Eden regions: 1->0(204)
[2024-07-05T06:09:43.845-0700][info][gc,heap        ] GC(173) Survivor regions: 0->0(0)
[2024-07-05T06:09:43.845-0700][info][gc,heap        ] GC(173) Old regions: 4077->4078
[2024-07-05T06:09:43.845-0700][info][gc,heap        ] GC(173) Archive regions: 2->2
[2024-07-05T06:09:43.845-0700][info][gc,heap        ] GC(173) Humongous regions: 16->16
[2024-07-05T06:09:43.845-0700][info][gc,metaspace   ] GC(173) Metaspace: 302K(512K)->302K(512K) NonClass: 294K(384K)->294K(384K) Class: 7K(128K)->7K(128K)
[2024-07-05T06:09:43.845-0700][info][gc             ] GC(173) Pause Young (Concurrent Start) (G1 Evacuation Pause) 4093M->4093M(4096M) 2.305ms
[2024-07-05T06:09:43.845-0700][info][gc,cpu         ] GC(173) User=0.00s Sys=0.00s Real=0.00s
[2024-07-05T06:09:43.845-0700][info][gc,ergo        ] Attempting full compaction
[2024-07-05T06:09:43.845-0700][info][gc,task        ] GC(174) Using 4 workers of 4 for full compaction
[2024-07-05T06:09:43.845-0700][info][gc             ] GC(175) Concurrent Mark Cycle
[2024-07-05T06:09:43.845-0700][info][gc,marking     ] GC(175) Concurrent Clear Claimed Marks
[2024-07-05T06:09:43.846-0700][info][gc,marking     ] GC(175) Concurrent Clear Claimed Marks 0.010ms
[2024-07-05T06:09:43.846-0700][info][gc,marking     ] GC(175) Concurrent Scan Root Regions
[2024-07-05T06:09:43.846-0700][info][gc,marking     ] GC(175) Concurrent Scan Root Regions 0.008ms
[2024-07-05T06:09:43.846-0700][info][gc,start       ] GC(174) Pause Full (G1 Compaction Pause)
[2024-07-05T06:09:43.846-0700][info][gc,marking     ] GC(175) Concurrent Mark
[2024-07-05T06:09:43.846-0700][info][gc,marking     ] GC(175) Concurrent Mark From Roots
[2024-07-05T06:09:43.846-0700][info][gc,task        ] GC(175) Using 1 workers of 1 for marking
[2024-07-05T06:09:43.850-0700][info][gc,phases,start] GC(174) Phase 1: Mark live objects
[2024-07-05T06:09:43.981-0700][info][gc,phases      ] GC(174) Phase 1: Mark live objects 131.126ms
[2024-07-05T06:09:43.981-0700][info][gc,phases,start] GC(174) Phase 2: Prepare for compaction
[2024-07-05T06:09:43.982-0700][info][gc,phases      ] GC(174) Phase 2: Prepare for compaction 1.728ms
[2024-07-05T06:09:43.982-0700][info][gc,phases,start] GC(174) Phase 3: Adjust pointers
[2024-07-05T06:09:44.066-0700][info][gc,phases      ] GC(174) Phase 3: Adjust pointers 83.403ms
[2024-07-05T06:09:44.066-0700][info][gc,phases,start] GC(174) Phase 4: Compact heap
[2024-07-05T06:09:44.066-0700][info][gc,phases      ] GC(174) Phase 4: Compact heap 0.437ms
[2024-07-05T06:09:44.070-0700][info][gc,heap        ] GC(174) Eden regions: 0->0(204)
[2024-07-05T06:09:44.071-0700][info][gc,heap        ] GC(174) Survivor regions: 0->0(0)
[2024-07-05T06:09:44.071-0700][info][gc,heap        ] GC(174) Old regions: 4078->4078
[2024-07-05T06:09:44.071-0700][info][gc,heap        ] GC(174) Archive regions: 2->2
[2024-07-05T06:09:44.071-0700][info][gc,heap        ] GC(174) Humongous regions: 16->16
[2024-07-05T06:09:44.071-0700][info][gc,metaspace   ] GC(174) Metaspace: 302K(512K)->302K(512K) NonClass: 294K(384K)->294K(384K) Class: 7K(128K)->7K(128K)
[2024-07-05T06:09:44.071-0700][info][gc             ] GC(174) Pause Full (G1 Compaction Pause) 4093M->4093M(4096M) 224.991ms
[2024-07-05T06:09:44.071-0700][info][gc,cpu         ] GC(174) User=0.88s Sys=0.00s Real=0.22s
[2024-07-05T06:09:44.071-0700][info][gc,ergo        ] Attempting maximum full compaction clearing soft references
[2024-07-05T06:09:44.071-0700][info][gc,task        ] GC(176) Using 4 workers of 4 for full compaction
[2024-07-05T06:09:44.071-0700][info][gc,start       ] GC(176) Pause Full (G1 Compaction Pause)
[2024-07-05T06:09:44.071-0700][info][gc,phases,start] GC(176) Phase 1: Mark live objects
[2024-07-05T06:09:44.207-0700][info][gc,phases      ] GC(176) Phase 1: Mark live objects 135.552ms
[2024-07-05T06:09:44.207-0700][info][gc,phases,start] GC(176) Phase 2: Prepare for compaction
[2024-07-05T06:09:44.336-0700][info][gc,phases      ] GC(176) Phase 2: Prepare for compaction 129.310ms
[2024-07-05T06:09:44.336-0700][info][gc,phases,start] GC(176) Phase 3: Adjust pointers
[2024-07-05T06:09:44.463-0700][info][gc,phases      ] GC(176) Phase 3: Adjust pointers 127.437ms
[2024-07-05T06:09:44.463-0700][info][gc,phases,start] GC(176) Phase 4: Compact heap
[2024-07-05T06:09:45.182-0700][info][gc,phases      ] GC(176) Phase 4: Compact heap 718.755ms
[2024-07-05T06:09:45.186-0700][info][gc,heap        ] GC(176) Eden regions: 0->0(204)
[2024-07-05T06:09:45.186-0700][info][gc,heap        ] GC(176) Survivor regions: 0->0(0)
[2024-07-05T06:09:45.186-0700][info][gc,heap        ] GC(176) Old regions: 4078->4039
[2024-07-05T06:09:45.186-0700][info][gc,heap        ] GC(176) Archive regions: 2->2
[2024-07-05T06:09:45.186-0700][info][gc,heap        ] GC(176) Humongous regions: 16->16
[2024-07-05T06:09:45.186-0700][info][gc,metaspace   ] GC(176) Metaspace: 302K(512K)->302K(512K) NonClass: 294K(384K)->294K(384K) Class: 7K(128K)->7K(128K)
[2024-07-05T06:09:45.186-0700][info][gc             ] GC(176) Pause Full (G1 Compaction Pause) 4093M->4053M(4096M) 1115.460ms
[2024-07-05T06:09:45.186-0700][info][gc,cpu         ] GC(176) User=4.39s Sys=0.00s Real=1.12s
[2024-07-05T06:09:45.186-0700][info][gc,marking     ] GC(175) Concurrent Mark From Roots 1340.692ms
[2024-07-05T06:09:45.186-0700][info][gc,marking     ] GC(175) Concurrent Mark Abort
[2024-07-05T06:09:45.186-0700][info][gc             ] GC(175) Concurrent Mark Cycle 1340.871ms
[2024-07-05T06:09:57.570-0700][info][gc,start       ] GC(177) Pause Young (Normal) (G1 Preventive Collection)
[2024-07-05T06:09:57.571-0700][info][gc,task        ] GC(177) Using 4 workers of 4 for evacuation
[2024-07-05T06:09:57.582-0700][info][gc             ] GC(177) To-space exhausted
[2024-07-05T06:09:57.582-0700][info][gc,phases      ] GC(177)   Pre Evacuate Collection Set: 0.5ms
[2024-07-05T06:09:57.582-0700][info][gc,phases      ] GC(177)   Merge Heap Roots: 0.3ms
[2024-07-05T06:09:57.582-0700][info][gc,phases      ] GC(177)   Evacuate Collection Set: 8.7ms
[2024-07-05T06:09:57.582-0700][info][gc,phases      ] GC(177)   Post Evacuate Collection Set: 2.3ms
[2024-07-05T06:09:57.582-0700][info][gc,phases      ] GC(177)   Other: 0.1ms
[2024-07-05T06:09:57.582-0700][info][gc,heap        ] GC(177) Eden regions: 27->0(192)
[2024-07-05T06:09:57.582-0700][info][gc,heap        ] GC(177) Survivor regions: 0->12(12)
[2024-07-05T06:09:57.582-0700][info][gc,heap        ] GC(177) Old regions: 4039->4056
[2024-07-05T06:09:57.582-0700][info][gc,heap        ] GC(177) Archive regions: 2->2
[2024-07-05T06:09:57.582-0700][info][gc,heap        ] GC(177) Humongous regions: 16->16
[2024-07-05T06:09:57.582-0700][info][gc,metaspace   ] GC(177) Metaspace: 302K(512K)->302K(512K) NonClass: 294K(384K)->294K(384K) Class: 7K(128K)->7K(128K)
[2024-07-05T06:09:57.582-0700][info][gc             ] GC(177) Pause Young (Normal) (G1 Preventive Collection) 4080M->4082M(4096M) 11.938ms
[2024-07-05T06:09:57.582-0700][info][gc,cpu         ] GC(177) User=0.03s Sys=0.00s Real=0.02s
[2024-07-05T06:09:57.583-0700][info][gc,start       ] GC(178) Pause Young (Concurrent Start) (G1 Preventive Collection)
[2024-07-05T06:09:57.584-0700][info][gc,task        ] GC(178) Using 4 workers of 4 for evacuation
[2024-07-05T06:09:57.588-0700][info][gc             ] GC(178) To-space exhausted
[2024-07-05T06:09:57.588-0700][info][gc,phases      ] GC(178)   Pre Evacuate Collection Set: 0.5ms
[2024-07-05T06:09:57.588-0700][info][gc,phases      ] GC(178)   Merge Heap Roots: 0.1ms
[2024-07-05T06:09:57.588-0700][info][gc,phases      ] GC(178)   Evacuate Collection Set: 2.6ms
[2024-07-05T06:09:57.588-0700][info][gc,phases      ] GC(178)   Post Evacuate Collection Set: 1.3ms
[2024-07-05T06:09:57.588-0700][info][gc,phases      ] GC(178)   Other: 0.2ms
[2024-07-05T06:09:57.588-0700][info][gc,heap        ] GC(178) Eden regions: 6->0(200)
[2024-07-05T06:09:57.588-0700][info][gc,heap        ] GC(178) Survivor regions: 12->4(4)
[2024-07-05T06:09:57.588-0700][info][gc,heap        ] GC(178) Old regions: 4056->4074
[2024-07-05T06:09:57.588-0700][info][gc,heap        ] GC(178) Archive regions: 2->2
[2024-07-05T06:09:57.588-0700][info][gc,heap        ] GC(178) Humongous regions: 16->16
[2024-07-05T06:09:57.588-0700][info][gc,metaspace   ] GC(178) Metaspace: 302K(512K)->302K(512K) NonClass: 294K(384K)->294K(384K) Class: 7K(128K)->7K(128K)
[2024-07-05T06:09:57.588-0700][info][gc             ] GC(178) Pause Young (Concurrent Start) (G1 Preventive Collection) 4088M->4092M(4096M) 4.685ms
[2024-07-05T06:09:57.588-0700][info][gc,cpu         ] GC(178) User=0.02s Sys=0.00s Real=0.00s
[2024-07-05T06:09:57.588-0700][info][gc,ergo        ] Attempting full compaction
[2024-07-05T06:09:57.588-0700][info][gc,task        ] GC(179) Using 4 workers of 4 for full compaction
[2024-07-05T06:09:57.588-0700][info][gc             ] GC(180) Concurrent Mark Cycle
[2024-07-05T06:09:57.588-0700][info][gc,marking     ] GC(180) Concurrent Clear Claimed Marks
[2024-07-05T06:09:57.588-0700][info][gc,start       ] GC(179) Pause Full (G1 Compaction Pause)
[2024-07-05T06:09:57.588-0700][info][gc,marking     ] GC(180) Concurrent Clear Claimed Marks 0.006ms
[2024-07-05T06:09:57.588-0700][info][gc,marking     ] GC(180) Concurrent Scan Root Regions
[2024-07-05T06:09:57.588-0700][info][gc,marking     ] GC(180) Concurrent Scan Root Regions 0.170ms
[2024-07-05T06:09:57.589-0700][info][gc,marking     ] GC(180) Concurrent Mark
[2024-07-05T06:09:57.589-0700][info][gc,marking     ] GC(180) Concurrent Mark From Roots
[2024-07-05T06:09:57.589-0700][info][gc,task        ] GC(180) Using 1 workers of 1 for marking
[2024-07-05T06:09:57.592-0700][info][gc,phases,start] GC(179) Phase 1: Mark live objects
[2024-07-05T06:09:57.739-0700][info][gc,phases      ] GC(179) Phase 1: Mark live objects 147.008ms
[2024-07-05T06:09:57.739-0700][info][gc,phases,start] GC(179) Phase 2: Prepare for compaction
[2024-07-05T06:09:57.741-0700][info][gc,phases      ] GC(179) Phase 2: Prepare for compaction 1.879ms
[2024-07-05T06:09:57.741-0700][info][gc,phases,start] GC(179) Phase 3: Adjust pointers
[2024-07-05T06:09:57.822-0700][info][gc,phases      ] GC(179) Phase 3: Adjust pointers 81.899ms
[2024-07-05T06:09:57.822-0700][info][gc,phases,start] GC(179) Phase 4: Compact heap
[2024-07-05T06:09:57.823-0700][info][gc,phases      ] GC(179) Phase 4: Compact heap 0.894ms
[2024-07-05T06:09:57.828-0700][info][gc,heap        ] GC(179) Eden regions: 0->0(204)
[2024-07-05T06:09:57.828-0700][info][gc,heap        ] GC(179) Survivor regions: 4->0(4)
[2024-07-05T06:09:57.828-0700][info][gc,heap        ] GC(179) Old regions: 4074->4072
[2024-07-05T06:09:57.828-0700][info][gc,heap        ] GC(179) Archive regions: 2->2
[2024-07-05T06:09:57.828-0700][info][gc,heap        ] GC(179) Humongous regions: 16->16
[2024-07-05T06:09:57.828-0700][info][gc,metaspace   ] GC(179) Metaspace: 302K(512K)->302K(512K) NonClass: 294K(384K)->294K(384K) Class: 7K(128K)->7K(128K)
[2024-07-05T06:09:57.828-0700][info][gc             ] GC(179) Pause Full (G1 Compaction Pause) 4092M->4086M(4096M) 240.179ms
[2024-07-05T06:09:57.829-0700][info][gc,cpu         ] GC(179) User=0.93s Sys=0.00s Real=0.24s
[2024-07-05T06:09:57.829-0700][info][gc,marking     ] GC(180) Concurrent Mark From Roots 240.305ms
[2024-07-05T06:09:57.829-0700][info][gc,marking     ] GC(180) Concurrent Mark Abort
[2024-07-05T06:09:57.829-0700][info][gc             ] GC(180) Concurrent Mark Cycle 240.563ms
[2024-07-05T06:10:02.096-0700][info][gc,start       ] GC(181) Pause Young (Normal) (G1 Preventive Collection)
[2024-07-05T06:10:02.096-0700][info][gc,task        ] GC(181) Using 4 workers of 4 for evacuation
[2024-07-05T06:10:02.104-0700][info][gc             ] GC(181) To-space exhausted
[2024-07-05T06:10:02.104-0700][info][gc,phases      ] GC(181)   Pre Evacuate Collection Set: 0.4ms
[2024-07-05T06:10:02.104-0700][info][gc,phases      ] GC(181)   Merge Heap Roots: 0.2ms
[2024-07-05T06:10:02.104-0700][info][gc,phases      ] GC(181)   Evacuate Collection Set: 6.2ms
[2024-07-05T06:10:02.104-0700][info][gc,phases      ] GC(181)   Post Evacuate Collection Set: 1.2ms
[2024-07-05T06:10:02.104-0700][info][gc,phases      ] GC(181)   Other: 0.1ms
[2024-07-05T06:10:02.104-0700][info][gc,heap        ] GC(181) Eden regions: 4->0(202)
[2024-07-05T06:10:02.104-0700][info][gc,heap        ] GC(181) Survivor regions: 0->2(2)
[2024-07-05T06:10:02.104-0700][info][gc,heap        ] GC(181) Old regions: 4072->4075
[2024-07-05T06:10:02.104-0700][info][gc,heap        ] GC(181) Archive regions: 2->2
[2024-07-05T06:10:02.104-0700][info][gc,heap        ] GC(181) Humongous regions: 16->16
[2024-07-05T06:10:02.104-0700][info][gc,metaspace   ] GC(181) Metaspace: 302K(512K)->302K(512K) NonClass: 294K(384K)->294K(384K) Class: 7K(128K)->7K(128K)
[2024-07-05T06:10:02.104-0700][info][gc             ] GC(181) Pause Young (Normal) (G1 Preventive Collection) 4090M->4091M(4096M) 8.249ms
[2024-07-05T06:10:02.104-0700][info][gc,cpu         ] GC(181) User=0.03s Sys=0.00s Real=0.01s
[2024-07-05T06:10:02.105-0700][info][gc,start       ] GC(182) Pause Young (Concurrent Start) (G1 Evacuation Pause)
[2024-07-05T06:10:02.105-0700][info][gc,task        ] GC(182) Using 4 workers of 4 for evacuation
[2024-07-05T06:10:02.107-0700][info][gc             ] GC(182) To-space exhausted
[2024-07-05T06:10:02.107-0700][info][gc,phases      ] GC(182)   Pre Evacuate Collection Set: 0.3ms
[2024-07-05T06:10:02.107-0700][info][gc,phases      ] GC(182)   Merge Heap Roots: 0.1ms
[2024-07-05T06:10:02.107-0700][info][gc,phases      ] GC(182)   Evacuate Collection Set: 1.0ms
[2024-07-05T06:10:02.107-0700][info][gc,phases      ] GC(182)   Post Evacuate Collection Set: 1.0ms
[2024-07-05T06:10:02.107-0700][info][gc,phases      ] GC(182)   Other: 0.4ms
[2024-07-05T06:10:02.107-0700][info][gc,heap        ] GC(182) Eden regions: 1->0(204)
[2024-07-05T06:10:02.107-0700][info][gc,heap        ] GC(182) Survivor regions: 2->0(0)
[2024-07-05T06:10:02.107-0700][info][gc,heap        ] GC(182) Old regions: 4075->4078
[2024-07-05T06:10:02.107-0700][info][gc,heap        ] GC(182) Archive regions: 2->2
[2024-07-05T06:10:02.107-0700][info][gc,heap        ] GC(182) Humongous regions: 16->16
[2024-07-05T06:10:02.107-0700][info][gc,metaspace   ] GC(182) Metaspace: 302K(512K)->302K(512K) NonClass: 294K(384K)->294K(384K) Class: 7K(128K)->7K(128K)
[2024-07-05T06:10:02.108-0700][info][gc             ] GC(182) Pause Young (Concurrent Start) (G1 Evacuation Pause) 4092M->4092M(4096M) 2.932ms
[2024-07-05T06:10:02.108-0700][info][gc,cpu         ] GC(182) User=0.00s Sys=0.01s Real=0.00s
[2024-07-05T06:10:02.108-0700][info][gc,ergo        ] Attempting full compaction
[2024-07-05T06:10:02.108-0700][info][gc,task        ] GC(183) Using 4 workers of 4 for full compaction
[2024-07-05T06:10:02.108-0700][info][gc             ] GC(184) Concurrent Mark Cycle
[2024-07-05T06:10:02.108-0700][info][gc,marking     ] GC(184) Concurrent Clear Claimed Marks
[2024-07-05T06:10:02.108-0700][info][gc,marking     ] GC(184) Concurrent Clear Claimed Marks 0.008ms
[2024-07-05T06:10:02.108-0700][info][gc,marking     ] GC(184) Concurrent Scan Root Regions
[2024-07-05T06:10:02.108-0700][info][gc,marking     ] GC(184) Concurrent Scan Root Regions 0.004ms
[2024-07-05T06:10:02.108-0700][info][gc,marking     ] GC(184) Concurrent Mark
[2024-07-05T06:10:02.108-0700][info][gc,marking     ] GC(184) Concurrent Mark From Roots
[2024-07-05T06:10:02.108-0700][info][gc,task        ] GC(184) Using 1 workers of 1 for marking
[2024-07-05T06:10:02.108-0700][info][gc,start       ] GC(183) Pause Full (G1 Compaction Pause)
[2024-07-05T06:10:02.113-0700][info][gc,phases,start] GC(183) Phase 1: Mark live objects
[2024-07-05T06:10:02.266-0700][info][gc,phases      ] GC(183) Phase 1: Mark live objects 152.066ms
[2024-07-05T06:10:02.266-0700][info][gc,phases,start] GC(183) Phase 2: Prepare for compaction
[2024-07-05T06:10:02.268-0700][info][gc,phases      ] GC(183) Phase 2: Prepare for compaction 2.145ms
[2024-07-05T06:10:02.268-0700][info][gc,phases,start] GC(183) Phase 3: Adjust pointers
[2024-07-05T06:10:02.353-0700][info][gc,phases      ] GC(183) Phase 3: Adjust pointers 85.670ms
[2024-07-05T06:10:02.353-0700][info][gc,phases,start] GC(183) Phase 4: Compact heap
[2024-07-05T06:10:02.354-0700][info][gc,phases      ] GC(183) Phase 4: Compact heap 0.402ms
[2024-07-05T06:10:02.358-0700][info][gc,heap        ] GC(183) Eden regions: 0->0(204)
[2024-07-05T06:10:02.358-0700][info][gc,heap        ] GC(183) Survivor regions: 0->0(0)
[2024-07-05T06:10:02.358-0700][info][gc,heap        ] GC(183) Old regions: 4078->4076
[2024-07-05T06:10:02.358-0700][info][gc,heap        ] GC(183) Archive regions: 2->2
[2024-07-05T06:10:02.358-0700][info][gc,heap        ] GC(183) Humongous regions: 16->16
[2024-07-05T06:10:02.358-0700][info][gc,metaspace   ] GC(183) Metaspace: 302K(512K)->302K(512K) NonClass: 294K(384K)->294K(384K) Class: 7K(128K)->7K(128K)
[2024-07-05T06:10:02.358-0700][info][gc             ] GC(183) Pause Full (G1 Compaction Pause) 4092M->4091M(4096M) 250.725ms
[2024-07-05T06:10:02.358-0700][info][gc,cpu         ] GC(183) User=0.99s Sys=0.00s Real=0.25s
[2024-07-05T06:10:02.359-0700][info][gc,marking     ] GC(184) Concurrent Mark From Roots 250.904ms
[2024-07-05T06:10:02.359-0700][info][gc,marking     ] GC(184) Concurrent Mark Abort
[2024-07-05T06:10:02.359-0700][info][gc             ] GC(184) Concurrent Mark Cycle 250.979ms
[2024-07-05T06:10:02.359-0700][info][gc,start       ] GC(185) Pause Young (Normal) (G1 Preventive Collection)
[2024-07-05T06:10:02.359-0700][info][gc,task        ] GC(185) Using 4 workers of 4 for evacuation
[2024-07-05T06:10:02.360-0700][info][gc,phases      ] GC(185)   Pre Evacuate Collection Set: 0.4ms
[2024-07-05T06:10:02.360-0700][info][gc,phases      ] GC(185)   Merge Heap Roots: 0.1ms
[2024-07-05T06:10:02.360-0700][info][gc,phases      ] GC(185)   Evacuate Collection Set: 0.3ms
[2024-07-05T06:10:02.360-0700][info][gc,phases      ] GC(185)   Post Evacuate Collection Set: 0.4ms
[2024-07-05T06:10:02.360-0700][info][gc,phases      ] GC(185)   Other: 0.1ms
[2024-07-05T06:10:02.360-0700][info][gc,heap        ] GC(185) Eden regions: 1->0(203)
[2024-07-05T06:10:02.360-0700][info][gc,heap        ] GC(185) Survivor regions: 0->1(1)
[2024-07-05T06:10:02.360-0700][info][gc,heap        ] GC(185) Old regions: 4076->4076
[2024-07-05T06:10:02.360-0700][info][gc,heap        ] GC(185) Archive regions: 2->2
[2024-07-05T06:10:02.360-0700][info][gc,heap        ] GC(185) Humongous regions: 16->16
[2024-07-05T06:10:02.360-0700][info][gc,metaspace   ] GC(185) Metaspace: 302K(512K)->302K(512K) NonClass: 294K(384K)->294K(384K) Class: 7K(128K)->7K(128K)
[2024-07-05T06:10:02.360-0700][info][gc             ] GC(185) Pause Young (Normal) (G1 Preventive Collection) 4092M->4092M(4096M) 1.606ms
[2024-07-05T06:10:02.360-0700][info][gc,cpu         ] GC(185) User=0.01s Sys=0.00s Real=0.00s
[2024-07-05T06:10:02.361-0700][info][gc,start       ] GC(186) Pause Young (Concurrent Start) (G1 Evacuation Pause)
[2024-07-05T06:10:02.361-0700][info][gc,task        ] GC(186) Using 4 workers of 4 for evacuation
[2024-07-05T06:10:02.363-0700][info][gc             ] GC(186) To-space exhausted
[2024-07-05T06:10:02.363-0700][info][gc,phases      ] GC(186)   Pre Evacuate Collection Set: 0.6ms
[2024-07-05T06:10:02.363-0700][info][gc,phases      ] GC(186)   Merge Heap Roots: 0.1ms
[2024-07-05T06:10:02.363-0700][info][gc,phases      ] GC(186)   Evacuate Collection Set: 0.3ms
[2024-07-05T06:10:02.363-0700][info][gc,phases      ] GC(186)   Post Evacuate Collection Set: 0.4ms
[2024-07-05T06:10:02.363-0700][info][gc,phases      ] GC(186)   Other: 0.3ms
[2024-07-05T06:10:02.363-0700][info][gc,heap        ] GC(186) Eden regions: 1->0(204)
[2024-07-05T06:10:02.363-0700][info][gc,heap        ] GC(186) Survivor regions: 1->0(0)
[2024-07-05T06:10:02.363-0700][info][gc,heap        ] GC(186) Old regions: 4076->4078
[2024-07-05T06:10:02.363-0700][info][gc,heap        ] GC(186) Archive regions: 2->2
[2024-07-05T06:10:02.363-0700][info][gc,heap        ] GC(186) Humongous regions: 16->16
[2024-07-05T06:10:02.363-0700][info][gc,metaspace   ] GC(186) Metaspace: 302K(512K)->302K(512K) NonClass: 294K(384K)->294K(384K) Class: 7K(128K)->7K(128K)
[2024-07-05T06:10:02.363-0700][info][gc             ] GC(186) Pause Young (Concurrent Start) (G1 Evacuation Pause) 4093M->4093M(4096M) 1.769ms
[2024-07-05T06:10:02.363-0700][info][gc,cpu         ] GC(186) User=0.00s Sys=0.00s Real=0.01s
[2024-07-05T06:10:02.363-0700][info][gc,ergo        ] Attempting full compaction
[2024-07-05T06:10:02.363-0700][info][gc             ] GC(187) Concurrent Mark Cycle
[2024-07-05T06:10:02.363-0700][info][gc,marking     ] GC(187) Concurrent Clear Claimed Marks
[2024-07-05T06:10:02.363-0700][info][gc,marking     ] GC(187) Concurrent Clear Claimed Marks 0.029ms
[2024-07-05T06:10:02.363-0700][info][gc,marking     ] GC(187) Concurrent Scan Root Regions
[2024-07-05T06:10:02.363-0700][info][gc,marking     ] GC(187) Concurrent Scan Root Regions 0.022ms
[2024-07-05T06:10:02.363-0700][info][gc,marking     ] GC(187) Concurrent Mark
[2024-07-05T06:10:02.363-0700][info][gc,marking     ] GC(187) Concurrent Mark From Roots
[2024-07-05T06:10:02.363-0700][info][gc,task        ] GC(187) Using 1 workers of 1 for marking
[2024-07-05T06:10:02.363-0700][info][gc,task        ] GC(188) Using 4 workers of 4 for full compaction
[2024-07-05T06:10:02.363-0700][info][gc,start       ] GC(188) Pause Full (G1 Compaction Pause)
[2024-07-05T06:10:02.366-0700][info][gc,phases,start] GC(188) Phase 1: Mark live objects
[2024-07-05T06:10:02.504-0700][info][gc,phases      ] GC(188) Phase 1: Mark live objects 137.901ms
[2024-07-05T06:10:02.504-0700][info][gc,phases,start] GC(188) Phase 2: Prepare for compaction
[2024-07-05T06:10:02.513-0700][info][gc,phases      ] GC(188) Phase 2: Prepare for compaction 9.130ms
[2024-07-05T06:10:02.514-0700][info][gc,phases,start] GC(188) Phase 3: Adjust pointers
[2024-07-05T06:10:02.626-0700][info][gc,phases      ] GC(188) Phase 3: Adjust pointers 112.642ms
[2024-07-05T06:10:02.626-0700][info][gc,phases,start] GC(188) Phase 4: Compact heap
[2024-07-05T06:10:02.628-0700][info][gc,phases      ] GC(188) Phase 4: Compact heap 1.286ms
[2024-07-05T06:10:02.631-0700][info][gc,heap        ] GC(188) Eden regions: 0->0(204)
[2024-07-05T06:10:02.631-0700][info][gc,heap        ] GC(188) Survivor regions: 0->0(0)
[2024-07-05T06:10:02.631-0700][info][gc,heap        ] GC(188) Old regions: 4078->4078
[2024-07-05T06:10:02.631-0700][info][gc,heap        ] GC(188) Archive regions: 2->2
[2024-07-05T06:10:02.631-0700][info][gc,heap        ] GC(188) Humongous regions: 16->16
[2024-07-05T06:10:02.631-0700][info][gc,metaspace   ] GC(188) Metaspace: 302K(512K)->302K(512K) NonClass: 294K(384K)->294K(384K) Class: 7K(128K)->7K(128K)
[2024-07-05T06:10:02.631-0700][info][gc             ] GC(188) Pause Full (G1 Compaction Pause) 4093M->4093M(4096M) 268.243ms
[2024-07-05T06:10:02.631-0700][info][gc,cpu         ] GC(188) User=1.05s Sys=0.00s Real=0.26s
[2024-07-05T06:10:02.631-0700][info][gc,ergo        ] Attempting maximum full compaction clearing soft references
[2024-07-05T06:10:02.631-0700][info][gc,task        ] GC(189) Using 4 workers of 4 for full compaction
[2024-07-05T06:10:02.631-0700][info][gc,start       ] GC(189) Pause Full (G1 Compaction Pause)
[2024-07-05T06:10:02.632-0700][info][gc,phases,start] GC(189) Phase 1: Mark live objects
[2024-07-05T06:10:02.769-0700][info][gc,phases      ] GC(189) Phase 1: Mark live objects 137.460ms
[2024-07-05T06:10:02.769-0700][info][gc,phases,start] GC(189) Phase 2: Prepare for compaction
[2024-07-05T06:10:02.889-0700][info][gc,phases      ] GC(189) Phase 2: Prepare for compaction 119.610ms
[2024-07-05T06:10:02.889-0700][info][gc,phases,start] GC(189) Phase 3: Adjust pointers
[2024-07-05T06:10:03.007-0700][info][gc,phases      ] GC(189) Phase 3: Adjust pointers 117.953ms
[2024-07-05T06:10:03.007-0700][info][gc,phases,start] GC(189) Phase 4: Compact heap
[2024-07-05T06:10:03.986-0700][info][gc,phases      ] GC(189) Phase 4: Compact heap 978.955ms
[2024-07-05T06:10:03.995-0700][info][gc,heap        ] GC(189) Eden regions: 0->0(204)
[2024-07-05T06:10:03.995-0700][info][gc,heap        ] GC(189) Survivor regions: 0->0(0)
[2024-07-05T06:10:03.995-0700][info][gc,heap        ] GC(189) Old regions: 4078->4060
[2024-07-05T06:10:03.995-0700][info][gc,heap        ] GC(189) Archive regions: 2->2
[2024-07-05T06:10:03.995-0700][info][gc,heap        ] GC(189) Humongous regions: 16->16
[2024-07-05T06:10:03.995-0700][info][gc,metaspace   ] GC(189) Metaspace: 302K(512K)->302K(512K) NonClass: 294K(384K)->294K(384K) Class: 7K(128K)->7K(128K)
[2024-07-05T06:10:03.995-0700][info][gc             ] GC(189) Pause Full (G1 Compaction Pause) 4093M->4073M(4096M) 1363.694ms
[2024-07-05T06:10:03.995-0700][info][gc,cpu         ] GC(189) User=5.05s Sys=0.02s Real=1.37s
[2024-07-05T06:10:03.995-0700][info][gc,marking     ] GC(187) Concurrent Mark From Roots 1632.651ms
[2024-07-05T06:10:03.995-0700][info][gc,marking     ] GC(187) Concurrent Mark Abort
[2024-07-05T06:10:03.996-0700][info][gc             ] GC(187) Concurrent Mark Cycle 1632.829ms
[2024-07-05T06:10:10.423-0700][info][gc,start       ] GC(190) Pause Young (Normal) (G1 Preventive Collection)
[2024-07-05T06:10:10.424-0700][info][gc,task        ] GC(190) Using 4 workers of 4 for evacuation
[2024-07-05T06:10:10.432-0700][info][gc             ] GC(190) To-space exhausted
[2024-07-05T06:10:10.432-0700][info][gc,phases      ] GC(190)   Pre Evacuate Collection Set: 0.6ms
[2024-07-05T06:10:10.432-0700][info][gc,phases      ] GC(190)   Merge Heap Roots: 0.3ms
[2024-07-05T06:10:10.432-0700][info][gc,phases      ] GC(190)   Evacuate Collection Set: 5.9ms
[2024-07-05T06:10:10.432-0700][info][gc,phases      ] GC(190)   Post Evacuate Collection Set: 1.2ms
[2024-07-05T06:10:10.432-0700][info][gc,phases      ] GC(190)   Other: 0.2ms
[2024-07-05T06:10:10.432-0700][info][gc,heap        ] GC(190) Eden regions: 11->0(197)
[2024-07-05T06:10:10.432-0700][info][gc,heap        ] GC(190) Survivor regions: 0->7(7)
[2024-07-05T06:10:10.432-0700][info][gc,heap        ] GC(190) Old regions: 4060->4066
[2024-07-05T06:10:10.432-0700][info][gc,heap        ] GC(190) Archive regions: 2->2
[2024-07-05T06:10:10.432-0700][info][gc,heap        ] GC(190) Humongous regions: 16->16
[2024-07-05T06:10:10.432-0700][info][gc,metaspace   ] GC(190) Metaspace: 302K(512K)->302K(512K) NonClass: 294K(384K)->294K(384K) Class: 7K(128K)->7K(128K)
[2024-07-05T06:10:10.432-0700][info][gc             ] GC(190) Pause Young (Normal) (G1 Preventive Collection) 4084M->4086M(4096M) 8.220ms
[2024-07-05T06:10:10.432-0700][info][gc,cpu         ] GC(190) User=0.02s Sys=0.00s Real=0.00s
[2024-07-05T06:10:10.432-0700][info][gc,start       ] GC(191) Pause Young (Concurrent Start) (G1 Preventive Collection)
[2024-07-05T06:10:10.432-0700][info][gc,task        ] GC(191) Using 4 workers of 4 for evacuation
[2024-07-05T06:10:10.436-0700][info][gc             ] GC(191) To-space exhausted
[2024-07-05T06:10:10.436-0700][info][gc,phases      ] GC(191)   Pre Evacuate Collection Set: 0.4ms
[2024-07-05T06:10:10.436-0700][info][gc,phases      ] GC(191)   Merge Heap Roots: 0.1ms
[2024-07-05T06:10:10.436-0700][info][gc,phases      ] GC(191)   Evacuate Collection Set: 1.7ms
[2024-07-05T06:10:10.436-0700][info][gc,phases      ] GC(191)   Post Evacuate Collection Set: 1.1ms
[2024-07-05T06:10:10.436-0700][info][gc,phases      ] GC(191)   Other: 0.3ms
[2024-07-05T06:10:10.436-0700][info][gc,heap        ] GC(191) Eden regions: 2->0(201)
[2024-07-05T06:10:10.436-0700][info][gc,heap        ] GC(191) Survivor regions: 7->3(3)
[2024-07-05T06:10:10.436-0700][info][gc,heap        ] GC(191) Old regions: 4066->4075
[2024-07-05T06:10:10.436-0700][info][gc,heap        ] GC(191) Archive regions: 2->2
[2024-07-05T06:10:10.436-0700][info][gc,heap        ] GC(191) Humongous regions: 16->16
[2024-07-05T06:10:10.436-0700][info][gc,metaspace   ] GC(191) Metaspace: 302K(512K)->302K(512K) NonClass: 294K(384K)->294K(384K) Class: 7K(128K)->7K(128K)
[2024-07-05T06:10:10.436-0700][info][gc             ] GC(191) Pause Young (Concurrent Start) (G1 Preventive Collection) 4088M->4091M(4096M) 3.569ms
[2024-07-05T06:10:10.436-0700][info][gc,cpu         ] GC(191) User=0.01s Sys=0.00s Real=0.01s
[2024-07-05T06:10:10.436-0700][info][gc,ergo        ] Attempting full compaction
[2024-07-05T06:10:10.436-0700][info][gc             ] GC(193) Concurrent Mark Cycle
[2024-07-05T06:10:10.436-0700][info][gc,marking     ] GC(193) Concurrent Clear Claimed Marks
[2024-07-05T06:10:10.436-0700][info][gc,task        ] GC(192) Using 4 workers of 4 for full compaction
[2024-07-05T06:10:10.436-0700][info][gc,marking     ] GC(193) Concurrent Clear Claimed Marks 0.014ms
[2024-07-05T06:10:10.436-0700][info][gc,marking     ] GC(193) Concurrent Scan Root Regions
[2024-07-05T06:10:10.436-0700][info][gc,start       ] GC(192) Pause Full (G1 Compaction Pause)
[2024-07-05T06:10:10.436-0700][info][gc,marking     ] GC(193) Concurrent Scan Root Regions 0.223ms
[2024-07-05T06:10:10.436-0700][info][gc,marking     ] GC(193) Concurrent Mark
[2024-07-05T06:10:10.436-0700][info][gc,marking     ] GC(193) Concurrent Mark From Roots
[2024-07-05T06:10:10.436-0700][info][gc,task        ] GC(193) Using 1 workers of 1 for marking
[2024-07-05T06:10:10.441-0700][info][gc,phases,start] GC(192) Phase 1: Mark live objects
[2024-07-05T06:10:10.647-0700][info][gc,phases      ] GC(192) Phase 1: Mark live objects 205.610ms
[2024-07-05T06:10:10.647-0700][info][gc,phases,start] GC(192) Phase 2: Prepare for compaction
[2024-07-05T06:10:10.652-0700][info][gc,phases      ] GC(192) Phase 2: Prepare for compaction 5.572ms
[2024-07-05T06:10:10.652-0700][info][gc,phases,start] GC(192) Phase 3: Adjust pointers
[2024-07-05T06:10:10.740-0700][info][gc,phases      ] GC(192) Phase 3: Adjust pointers 87.220ms
[2024-07-05T06:10:10.740-0700][info][gc,phases,start] GC(192) Phase 4: Compact heap
[2024-07-05T06:10:10.740-0700][info][gc,phases      ] GC(192) Phase 4: Compact heap 0.663ms
[2024-07-05T06:10:10.745-0700][info][gc,heap        ] GC(192) Eden regions: 0->0(204)
[2024-07-05T06:10:10.745-0700][info][gc,heap        ] GC(192) Survivor regions: 3->0(3)
[2024-07-05T06:10:10.745-0700][info][gc,heap        ] GC(192) Old regions: 4075->4072
[2024-07-05T06:10:10.745-0700][info][gc,heap        ] GC(192) Archive regions: 2->2
[2024-07-05T06:10:10.745-0700][info][gc,heap        ] GC(192) Humongous regions: 16->16
[2024-07-05T06:10:10.745-0700][info][gc,metaspace   ] GC(192) Metaspace: 302K(512K)->302K(512K) NonClass: 294K(384K)->294K(384K) Class: 7K(128K)->7K(128K)
[2024-07-05T06:10:10.745-0700][info][gc             ] GC(192) Pause Full (G1 Compaction Pause) 4091M->4086M(4096M) 308.803ms
[2024-07-05T06:10:10.745-0700][info][gc,cpu         ] GC(192) User=1.19s Sys=0.00s Real=0.31s
[2024-07-05T06:10:10.745-0700][info][gc,marking     ] GC(193) Concurrent Mark From Roots 308.824ms
[2024-07-05T06:10:10.745-0700][info][gc,marking     ] GC(193) Concurrent Mark Abort
[2024-07-05T06:10:10.745-0700][info][gc             ] GC(193) Concurrent Mark Cycle 309.220ms
[2024-07-05T06:10:15.525-0700][info][gc,start       ] GC(194) Pause Young (Normal) (G1 Preventive Collection)
[2024-07-05T06:10:15.525-0700][info][gc,task        ] GC(194) Using 4 workers of 4 for evacuation
[2024-07-05T06:10:15.534-0700][info][gc             ] GC(194) To-space exhausted
[2024-07-05T06:10:15.534-0700][info][gc,phases      ] GC(194)   Pre Evacuate Collection Set: 0.5ms
[2024-07-05T06:10:15.534-0700][info][gc,phases      ] GC(194)   Merge Heap Roots: 0.2ms
[2024-07-05T06:10:15.534-0700][info][gc,phases      ] GC(194)   Evacuate Collection Set: 7.8ms
[2024-07-05T06:10:15.534-0700][info][gc,phases      ] GC(194)   Post Evacuate Collection Set: 0.5ms
[2024-07-05T06:10:15.534-0700][info][gc,phases      ] GC(194)   Other: 0.2ms
[2024-07-05T06:10:15.534-0700][info][gc,heap        ] GC(194) Eden regions: 4->0(202)
[2024-07-05T06:10:15.534-0700][info][gc,heap        ] GC(194) Survivor regions: 0->2(2)
[2024-07-05T06:10:15.534-0700][info][gc,heap        ] GC(194) Old regions: 4072->4075
[2024-07-05T06:10:15.534-0700][info][gc,heap        ] GC(194) Archive regions: 2->2
[2024-07-05T06:10:15.534-0700][info][gc,heap        ] GC(194) Humongous regions: 16->16
[2024-07-05T06:10:15.534-0700][info][gc,metaspace   ] GC(194) Metaspace: 302K(512K)->302K(512K) NonClass: 294K(384K)->294K(384K) Class: 7K(128K)->7K(128K)
[2024-07-05T06:10:15.534-0700][info][gc             ] GC(194) Pause Young (Normal) (G1 Preventive Collection) 4090M->4091M(4096M) 9.313ms
[2024-07-05T06:10:15.534-0700][info][gc,cpu         ] GC(194) User=0.03s Sys=0.00s Real=0.00s
[2024-07-05T06:10:15.534-0700][info][gc,start       ] GC(195) Pause Young (Concurrent Start) (G1 Evacuation Pause)
[2024-07-05T06:10:15.534-0700][info][gc,task        ] GC(195) Using 4 workers of 4 for evacuation
[2024-07-05T06:10:15.536-0700][info][gc             ] GC(195) To-space exhausted
[2024-07-05T06:10:15.536-0700][info][gc,phases      ] GC(195)   Pre Evacuate Collection Set: 0.4ms
[2024-07-05T06:10:15.536-0700][info][gc,phases      ] GC(195)   Merge Heap Roots: 0.1ms
[2024-07-05T06:10:15.536-0700][info][gc,phases      ] GC(195)   Evacuate Collection Set: 0.5ms
[2024-07-05T06:10:15.536-0700][info][gc,phases      ] GC(195)   Post Evacuate Collection Set: 0.6ms
[2024-07-05T06:10:15.536-0700][info][gc,phases      ] GC(195)   Other: 0.2ms
[2024-07-05T06:10:15.536-0700][info][gc,heap        ] GC(195) Eden regions: 1->0(204)
[2024-07-05T06:10:15.536-0700][info][gc,heap        ] GC(195) Survivor regions: 2->0(0)
[2024-07-05T06:10:15.536-0700][info][gc,heap        ] GC(195) Old regions: 4075->4078
[2024-07-05T06:10:15.536-0700][info][gc,heap        ] GC(195) Archive regions: 2->2
[2024-07-05T06:10:15.536-0700][info][gc,heap        ] GC(195) Humongous regions: 16->16
[2024-07-05T06:10:15.536-0700][info][gc,metaspace   ] GC(195) Metaspace: 302K(512K)->302K(512K) NonClass: 294K(384K)->294K(384K) Class: 7K(128K)->7K(128K)
[2024-07-05T06:10:15.536-0700][info][gc             ] GC(195) Pause Young (Concurrent Start) (G1 Evacuation Pause) 4092M->4092M(4096M) 1.795ms
[2024-07-05T06:10:15.536-0700][info][gc,cpu         ] GC(195) User=0.01s Sys=0.00s Real=0.00s
[2024-07-05T06:10:15.536-0700][info][gc,ergo        ] Attempting full compaction
[2024-07-05T06:10:15.536-0700][info][gc,task        ] GC(196) Using 4 workers of 4 for full compaction
[2024-07-05T06:10:15.536-0700][info][gc             ] GC(197) Concurrent Mark Cycle
[2024-07-05T06:10:15.536-0700][info][gc,marking     ] GC(197) Concurrent Clear Claimed Marks
[2024-07-05T06:10:15.536-0700][info][gc,marking     ] GC(197) Concurrent Clear Claimed Marks 0.019ms
[2024-07-05T06:10:15.536-0700][info][gc,marking     ] GC(197) Concurrent Scan Root Regions
[2024-07-05T06:10:15.536-0700][info][gc,marking     ] GC(197) Concurrent Scan Root Regions 0.005ms
[2024-07-05T06:10:15.536-0700][info][gc,marking     ] GC(197) Concurrent Mark
[2024-07-05T06:10:15.536-0700][info][gc,start       ] GC(196) Pause Full (G1 Compaction Pause)
[2024-07-05T06:10:15.536-0700][info][gc,marking     ] GC(197) Concurrent Mark From Roots
[2024-07-05T06:10:15.536-0700][info][gc,task        ] GC(197) Using 1 workers of 1 for marking
[2024-07-05T06:10:15.540-0700][info][gc,phases,start] GC(196) Phase 1: Mark live objects
[2024-07-05T06:10:15.688-0700][info][gc,phases      ] GC(196) Phase 1: Mark live objects 148.336ms
[2024-07-05T06:10:15.688-0700][info][gc,phases,start] GC(196) Phase 2: Prepare for compaction
[2024-07-05T06:10:15.691-0700][info][gc,phases      ] GC(196) Phase 2: Prepare for compaction 2.252ms
[2024-07-05T06:10:15.691-0700][info][gc,phases,start] GC(196) Phase 3: Adjust pointers
[2024-07-05T06:10:15.784-0700][info][gc,phases      ] GC(196) Phase 3: Adjust pointers 93.274ms
[2024-07-05T06:10:15.784-0700][info][gc,phases,start] GC(196) Phase 4: Compact heap
[2024-07-05T06:10:15.784-0700][info][gc,phases      ] GC(196) Phase 4: Compact heap 0.491ms
[2024-07-05T06:10:15.789-0700][info][gc,heap        ] GC(196) Eden regions: 0->0(204)
[2024-07-05T06:10:15.789-0700][info][gc,heap        ] GC(196) Survivor regions: 0->0(0)
[2024-07-05T06:10:15.789-0700][info][gc,heap        ] GC(196) Old regions: 4078->4077
[2024-07-05T06:10:15.789-0700][info][gc,heap        ] GC(196) Archive regions: 2->2
[2024-07-05T06:10:15.789-0700][info][gc,heap        ] GC(196) Humongous regions: 16->16
[2024-07-05T06:10:15.789-0700][info][gc,metaspace   ] GC(196) Metaspace: 302K(512K)->302K(512K) NonClass: 294K(384K)->294K(384K) Class: 7K(128K)->7K(128K)
[2024-07-05T06:10:15.789-0700][info][gc             ] GC(196) Pause Full (G1 Compaction Pause) 4092M->4091M(4096M) 252.931ms
[2024-07-05T06:10:15.789-0700][info][gc,cpu         ] GC(196) User=1.00s Sys=0.00s Real=0.25s
[2024-07-05T06:10:15.789-0700][info][gc,marking     ] GC(197) Concurrent Mark From Roots 253.092ms
[2024-07-05T06:10:15.789-0700][info][gc,marking     ] GC(197) Concurrent Mark Abort
[2024-07-05T06:10:15.789-0700][info][gc             ] GC(197) Concurrent Mark Cycle 253.176ms
[2024-07-05T06:10:15.790-0700][info][gc,start       ] GC(198) Pause Young (Normal) (G1 Evacuation Pause)
[2024-07-05T06:10:15.790-0700][info][gc,task        ] GC(198) Using 4 workers of 4 for evacuation
[2024-07-05T06:10:15.791-0700][info][gc             ] GC(198) To-space exhausted
[2024-07-05T06:10:15.791-0700][info][gc,phases      ] GC(198)   Pre Evacuate Collection Set: 0.3ms
[2024-07-05T06:10:15.791-0700][info][gc,phases      ] GC(198)   Merge Heap Roots: 0.1ms
[2024-07-05T06:10:15.791-0700][info][gc,phases      ] GC(198)   Evacuate Collection Set: 0.2ms
[2024-07-05T06:10:15.791-0700][info][gc,phases      ] GC(198)   Post Evacuate Collection Set: 0.4ms
[2024-07-05T06:10:15.791-0700][info][gc,phases      ] GC(198)   Other: 0.1ms
[2024-07-05T06:10:15.791-0700][info][gc,heap        ] GC(198) Eden regions: 1->0(204)
[2024-07-05T06:10:15.791-0700][info][gc,heap        ] GC(198) Survivor regions: 0->0(0)
[2024-07-05T06:10:15.791-0700][info][gc,heap        ] GC(198) Old regions: 4077->4078
[2024-07-05T06:10:15.791-0700][info][gc,heap        ] GC(198) Archive regions: 2->2
[2024-07-05T06:10:15.791-0700][info][gc,heap        ] GC(198) Humongous regions: 16->16
[2024-07-05T06:10:15.791-0700][info][gc,metaspace   ] GC(198) Metaspace: 302K(512K)->302K(512K) NonClass: 294K(384K)->294K(384K) Class: 7K(128K)->7K(128K)
[2024-07-05T06:10:15.791-0700][info][gc             ] GC(198) Pause Young (Normal) (G1 Evacuation Pause) 4092M->4092M(4096M) 1.134ms
[2024-07-05T06:10:15.791-0700][info][gc,cpu         ] GC(198) User=0.00s Sys=0.00s Real=0.00s
[2024-07-05T06:10:15.791-0700][info][gc,ergo        ] Attempting full compaction
[2024-07-05T06:10:15.791-0700][info][gc,task        ] GC(199) Using 4 workers of 4 for full compaction
[2024-07-05T06:10:15.791-0700][info][gc,start       ] GC(199) Pause Full (G1 Compaction Pause)
[2024-07-05T06:10:15.791-0700][info][gc,phases,start] GC(199) Phase 1: Mark live objects
[2024-07-05T06:10:15.944-0700][info][gc,phases      ] GC(199) Phase 1: Mark live objects 152.653ms
[2024-07-05T06:10:15.944-0700][info][gc,phases,start] GC(199) Phase 2: Prepare for compaction
[2024-07-05T06:10:15.947-0700][info][gc,phases      ] GC(199) Phase 2: Prepare for compaction 3.187ms
[2024-07-05T06:10:15.947-0700][info][gc,phases,start] GC(199) Phase 3: Adjust pointers
[2024-07-05T06:10:16.037-0700][info][gc,phases      ] GC(199) Phase 3: Adjust pointers 90.068ms
[2024-07-05T06:10:16.037-0700][info][gc,phases,start] GC(199) Phase 4: Compact heap
[2024-07-05T06:10:16.037-0700][info][gc,phases      ] GC(199) Phase 4: Compact heap 0.478ms
[2024-07-05T06:10:16.041-0700][info][gc,heap        ] GC(199) Eden regions: 0->0(204)
[2024-07-05T06:10:16.041-0700][info][gc,heap        ] GC(199) Survivor regions: 0->0(0)
[2024-07-05T06:10:16.041-0700][info][gc,heap        ] GC(199) Old regions: 4078->4077
[2024-07-05T06:10:16.041-0700][info][gc,heap        ] GC(199) Archive regions: 2->2
[2024-07-05T06:10:16.041-0700][info][gc,heap        ] GC(199) Humongous regions: 16->16
[2024-07-05T06:10:16.041-0700][info][gc,metaspace   ] GC(199) Metaspace: 302K(512K)->302K(512K) NonClass: 294K(384K)->294K(384K) Class: 7K(128K)->7K(128K)
[2024-07-05T06:10:16.041-0700][info][gc             ] GC(199) Pause Full (G1 Compaction Pause) 4092M->4092M(4096M) 249.968ms
[2024-07-05T06:10:16.041-0700][info][gc,cpu         ] GC(199) User=0.99s Sys=0.00s Real=0.25s
[2024-07-05T06:10:16.041-0700][info][gc,start       ] GC(200) Pause Young (Concurrent Start) (G1 Evacuation Pause)
[2024-07-05T06:10:16.041-0700][info][gc,task        ] GC(200) Using 4 workers of 4 for evacuation
[2024-07-05T06:10:16.043-0700][info][gc             ] GC(200) To-space exhausted
[2024-07-05T06:10:16.043-0700][info][gc,phases      ] GC(200)   Pre Evacuate Collection Set: 0.4ms
[2024-07-05T06:10:16.043-0700][info][gc,phases      ] GC(200)   Merge Heap Roots: 0.1ms
[2024-07-05T06:10:16.043-0700][info][gc,phases      ] GC(200)   Evacuate Collection Set: 0.3ms
[2024-07-05T06:10:16.043-0700][info][gc,phases      ] GC(200)   Post Evacuate Collection Set: 0.5ms
[2024-07-05T06:10:16.043-0700][info][gc,phases      ] GC(200)   Other: 0.3ms
[2024-07-05T06:10:16.043-0700][info][gc,heap        ] GC(200) Eden regions: 1->0(204)
[2024-07-05T06:10:16.043-0700][info][gc,heap        ] GC(200) Survivor regions: 0->0(0)
[2024-07-05T06:10:16.043-0700][info][gc,heap        ] GC(200) Old regions: 4077->4078
[2024-07-05T06:10:16.043-0700][info][gc,heap        ] GC(200) Archive regions: 2->2
[2024-07-05T06:10:16.043-0700][info][gc,heap        ] GC(200) Humongous regions: 16->16
[2024-07-05T06:10:16.043-0700][info][gc,metaspace   ] GC(200) Metaspace: 302K(512K)->302K(512K) NonClass: 294K(384K)->294K(384K) Class: 7K(128K)->7K(128K)
[2024-07-05T06:10:16.043-0700][info][gc             ] GC(200) Pause Young (Concurrent Start) (G1 Evacuation Pause) 4093M->4093M(4096M) 1.624ms
[2024-07-05T06:10:16.043-0700][info][gc,cpu         ] GC(200) User=0.00s Sys=0.01s Real=0.01s
[2024-07-05T06:10:16.043-0700][info][gc,ergo        ] Attempting full compaction
[2024-07-05T06:10:16.043-0700][info][gc,task        ] GC(201) Using 4 workers of 4 for full compaction
[2024-07-05T06:10:16.043-0700][info][gc             ] GC(202) Concurrent Mark Cycle
[2024-07-05T06:10:16.043-0700][info][gc,marking     ] GC(202) Concurrent Clear Claimed Marks
[2024-07-05T06:10:16.043-0700][info][gc,marking     ] GC(202) Concurrent Clear Claimed Marks 0.006ms
[2024-07-05T06:10:16.043-0700][info][gc,marking     ] GC(202) Concurrent Scan Root Regions
[2024-07-05T06:10:16.043-0700][info][gc,marking     ] GC(202) Concurrent Scan Root Regions 0.003ms
[2024-07-05T06:10:16.043-0700][info][gc,marking     ] GC(202) Concurrent Mark
[2024-07-05T06:10:16.043-0700][info][gc,marking     ] GC(202) Concurrent Mark From Roots
[2024-07-05T06:10:16.043-0700][info][gc,task        ] GC(202) Using 1 workers of 1 for marking
[2024-07-05T06:10:16.043-0700][info][gc,start       ] GC(201) Pause Full (G1 Compaction Pause)
[2024-07-05T06:10:16.050-0700][info][gc,phases,start] GC(201) Phase 1: Mark live objects
[2024-07-05T06:10:16.211-0700][info][gc,phases      ] GC(201) Phase 1: Mark live objects 160.255ms
[2024-07-05T06:10:16.211-0700][info][gc,phases,start] GC(201) Phase 2: Prepare for compaction
[2024-07-05T06:10:16.217-0700][info][gc,phases      ] GC(201) Phase 2: Prepare for compaction 6.560ms
[2024-07-05T06:10:16.217-0700][info][gc,phases,start] GC(201) Phase 3: Adjust pointers
[2024-07-05T06:10:16.328-0700][info][gc,phases      ] GC(201) Phase 3: Adjust pointers 111.033ms
[2024-07-05T06:10:16.328-0700][info][gc,phases,start] GC(201) Phase 4: Compact heap
[2024-07-05T06:10:16.329-0700][info][gc,phases      ] GC(201) Phase 4: Compact heap 0.687ms
[2024-07-05T06:10:16.336-0700][info][gc,heap        ] GC(201) Eden regions: 0->0(204)
[2024-07-05T06:10:16.336-0700][info][gc,heap        ] GC(201) Survivor regions: 0->0(0)
[2024-07-05T06:10:16.336-0700][info][gc,heap        ] GC(201) Old regions: 4078->4078
[2024-07-05T06:10:16.336-0700][info][gc,heap        ] GC(201) Archive regions: 2->2
[2024-07-05T06:10:16.336-0700][info][gc,heap        ] GC(201) Humongous regions: 16->16
[2024-07-05T06:10:16.336-0700][info][gc,metaspace   ] GC(201) Metaspace: 302K(512K)->302K(512K) NonClass: 294K(384K)->294K(384K) Class: 7K(128K)->7K(128K)
[2024-07-05T06:10:16.336-0700][info][gc             ] GC(201) Pause Full (G1 Compaction Pause) 4093M->4093M(4096M) 292.770ms
[2024-07-05T06:10:16.336-0700][info][gc,cpu         ] GC(201) User=1.14s Sys=0.00s Real=0.29s
[2024-07-05T06:10:16.336-0700][info][gc,ergo        ] Attempting maximum full compaction clearing soft references
[2024-07-05T06:10:16.336-0700][info][gc,task        ] GC(203) Using 4 workers of 4 for full compaction
[2024-07-05T06:10:16.336-0700][info][gc,start       ] GC(203) Pause Full (G1 Compaction Pause)
[2024-07-05T06:10:16.336-0700][info][gc,phases,start] GC(203) Phase 1: Mark live objects
[2024-07-05T06:10:16.505-0700][info][gc,phases      ] GC(203) Phase 1: Mark live objects 168.480ms
[2024-07-05T06:10:16.505-0700][info][gc,phases,start] GC(203) Phase 2: Prepare for compaction
[2024-07-05T06:10:16.652-0700][info][gc,phases      ] GC(203) Phase 2: Prepare for compaction 147.178ms
[2024-07-05T06:10:16.652-0700][info][gc,phases,start] GC(203) Phase 3: Adjust pointers
[2024-07-05T06:10:16.807-0700][info][gc,phases      ] GC(203) Phase 3: Adjust pointers 155.196ms
[2024-07-05T06:10:16.807-0700][info][gc,phases,start] GC(203) Phase 4: Compact heap
[2024-07-05T06:10:17.556-0700][info][gc,phases      ] GC(203) Phase 4: Compact heap 748.219ms
[2024-07-05T06:10:17.561-0700][info][gc,heap        ] GC(203) Eden regions: 0->0(204)
[2024-07-05T06:10:17.561-0700][info][gc,heap        ] GC(203) Survivor regions: 0->0(0)
[2024-07-05T06:10:17.561-0700][info][gc,heap        ] GC(203) Old regions: 4078->4070
[2024-07-05T06:10:17.561-0700][info][gc,heap        ] GC(203) Archive regions: 2->2
[2024-07-05T06:10:17.561-0700][info][gc,heap        ] GC(203) Humongous regions: 16->16
[2024-07-05T06:10:17.561-0700][info][gc,metaspace   ] GC(203) Metaspace: 302K(512K)->302K(512K) NonClass: 294K(384K)->294K(384K) Class: 7K(128K)->7K(128K)
[2024-07-05T06:10:17.561-0700][info][gc             ] GC(203) Pause Full (G1 Compaction Pause) 4093M->4083M(4096M) 1225.379ms
[2024-07-05T06:10:17.561-0700][info][gc,cpu         ] GC(203) User=4.78s Sys=0.00s Real=1.22s
[2024-07-05T06:10:17.561-0700][info][gc,marking     ] GC(202) Concurrent Mark From Roots 1518.536ms
[2024-07-05T06:10:17.562-0700][info][gc,marking     ] GC(202) Concurrent Mark Abort
[2024-07-05T06:10:17.562-0700][info][gc             ] GC(202) Concurrent Mark Cycle 1518.637ms
[2024-07-05T06:10:17.562-0700][info][gc,start       ] GC(204) Pause Young (Concurrent Start) (G1 Humongous Allocation)
[2024-07-05T06:10:17.562-0700][info][gc,task        ] GC(204) Using 4 workers of 4 for evacuation
[2024-07-05T06:10:17.566-0700][info][gc,phases      ] GC(204)   Pre Evacuate Collection Set: 0.8ms
[2024-07-05T06:10:17.566-0700][info][gc,phases      ] GC(204)   Merge Heap Roots: 0.3ms
[2024-07-05T06:10:17.566-0700][info][gc,phases      ] GC(204)   Evacuate Collection Set: 1.3ms
[2024-07-05T06:10:17.566-0700][info][gc,phases      ] GC(204)   Post Evacuate Collection Set: 0.4ms
[2024-07-05T06:10:17.566-0700][info][gc,phases      ] GC(204)   Other: 0.6ms
[2024-07-05T06:10:17.566-0700][info][gc,heap        ] GC(204) Eden regions: 3->0(201)
[2024-07-05T06:10:17.566-0700][info][gc,heap        ] GC(204) Survivor regions: 0->3(5)
[2024-07-05T06:10:17.566-0700][info][gc,heap        ] GC(204) Old regions: 4070->4070
[2024-07-05T06:10:17.566-0700][info][gc,heap        ] GC(204) Archive regions: 2->2
[2024-07-05T06:10:17.566-0700][info][gc,heap        ] GC(204) Humongous regions: 16->16
[2024-07-05T06:10:17.566-0700][info][gc,metaspace   ] GC(204) Metaspace: 302K(512K)->302K(512K) NonClass: 294K(384K)->294K(384K) Class: 7K(128K)->7K(128K)
[2024-07-05T06:10:17.566-0700][info][gc             ] GC(204) Pause Young (Concurrent Start) (G1 Humongous Allocation) 4086M->4085M(4096M) 3.402ms
[2024-07-05T06:10:17.566-0700][info][gc,cpu         ] GC(204) User=0.00s Sys=0.00s Real=0.00s
[2024-07-05T06:10:17.566-0700][info][gc             ] GC(205) Concurrent Mark Cycle
[2024-07-05T06:10:17.566-0700][info][gc,marking     ] GC(205) Concurrent Clear Claimed Marks
[2024-07-05T06:10:17.566-0700][info][gc,marking     ] GC(205) Concurrent Clear Claimed Marks 0.007ms
[2024-07-05T06:10:17.566-0700][info][gc,marking     ] GC(205) Concurrent Scan Root Regions
[2024-07-05T06:10:17.566-0700][info][gc,marking     ] GC(205) Concurrent Scan Root Regions 0.180ms
[2024-07-05T06:10:17.566-0700][info][gc,marking     ] GC(205) Concurrent Mark
[2024-07-05T06:10:17.566-0700][info][gc,marking     ] GC(205) Concurrent Mark From Roots
[2024-07-05T06:10:17.566-0700][info][gc,task        ] GC(205) Using 1 workers of 1 for marking
[2024-07-05T06:10:17.566-0700][info][gc,start       ] GC(206) Pause Young (Normal) (G1 Humongous Allocation)
[2024-07-05T06:10:17.566-0700][info][gc,task        ] GC(206) Using 4 workers of 4 for evacuation
[2024-07-05T06:10:17.568-0700][info][gc,phases      ] GC(206)   Pre Evacuate Collection Set: 0.5ms
[2024-07-05T06:10:17.568-0700][info][gc,phases      ] GC(206)   Merge Heap Roots: 0.1ms
[2024-07-05T06:10:17.568-0700][info][gc,phases      ] GC(206)   Evacuate Collection Set: 0.8ms
[2024-07-05T06:10:17.568-0700][info][gc,phases      ] GC(206)   Post Evacuate Collection Set: 0.5ms
[2024-07-05T06:10:17.568-0700][info][gc,phases      ] GC(206)   Other: 0.1ms
[2024-07-05T06:10:17.568-0700][info][gc,heap        ] GC(206) Eden regions: 0->0(201)
[2024-07-05T06:10:17.568-0700][info][gc,heap        ] GC(206) Survivor regions: 3->3(5)
[2024-07-05T06:10:17.568-0700][info][gc,heap        ] GC(206) Old regions: 4070->4070
[2024-07-05T06:10:17.568-0700][info][gc,heap        ] GC(206) Archive regions: 2->2
[2024-07-05T06:10:17.568-0700][info][gc,heap        ] GC(206) Humongous regions: 16->16
[2024-07-05T06:10:17.568-0700][info][gc,metaspace   ] GC(206) Metaspace: 302K(512K)->302K(512K) NonClass: 294K(384K)->294K(384K) Class: 7K(128K)->7K(128K)
[2024-07-05T06:10:17.568-0700][info][gc             ] GC(206) Pause Young (Normal) (G1 Humongous Allocation) 4085M->4085M(4096M) 1.876ms
[2024-07-05T06:10:17.568-0700][info][gc,cpu         ] GC(206) User=0.00s Sys=0.00s Real=0.00s
[2024-07-05T06:10:17.568-0700][info][gc,ergo        ] Attempting full compaction
[2024-07-05T06:10:17.568-0700][info][gc,task        ] GC(207) Using 4 workers of 4 for full compaction
[2024-07-05T06:10:17.568-0700][info][gc,start       ] GC(207) Pause Full (G1 Compaction Pause)
[2024-07-05T06:10:17.571-0700][info][gc,phases,start] GC(207) Phase 1: Mark live objects
[2024-07-05T06:10:17.752-0700][info][gc,phases      ] GC(207) Phase 1: Mark live objects 181.082ms
[2024-07-05T06:10:17.752-0700][info][gc,phases,start] GC(207) Phase 2: Prepare for compaction
[2024-07-05T06:10:17.754-0700][info][gc,phases      ] GC(207) Phase 2: Prepare for compaction 1.952ms
[2024-07-05T06:10:17.754-0700][info][gc,phases,start] GC(207) Phase 3: Adjust pointers
[2024-07-05T06:10:17.856-0700][info][gc,phases      ] GC(207) Phase 3: Adjust pointers 101.932ms
[2024-07-05T06:10:17.856-0700][info][gc,phases,start] GC(207) Phase 4: Compact heap
[2024-07-05T06:10:17.857-0700][info][gc,phases      ] GC(207) Phase 4: Compact heap 0.471ms
[2024-07-05T06:10:17.862-0700][info][gc,heap        ] GC(207) Eden regions: 0->0(204)
[2024-07-05T06:10:17.863-0700][info][gc,heap        ] GC(207) Survivor regions: 3->0(5)
[2024-07-05T06:10:17.863-0700][info][gc,heap        ] GC(207) Old regions: 4070->4071
[2024-07-05T06:10:17.863-0700][info][gc,heap        ] GC(207) Archive regions: 2->2
[2024-07-05T06:10:17.863-0700][info][gc,heap        ] GC(207) Humongous regions: 16->16
[2024-07-05T06:10:17.863-0700][info][gc,metaspace   ] GC(207) Metaspace: 302K(512K)->302K(512K) NonClass: 294K(384K)->294K(384K) Class: 7K(128K)->7K(128K)
[2024-07-05T06:10:17.863-0700][info][gc             ] GC(207) Pause Full (G1 Compaction Pause) 4085M->4085M(4096M) 294.612ms
[2024-07-05T06:10:17.863-0700][info][gc,cpu         ] GC(207) User=1.15s Sys=0.00s Real=0.30s
[2024-07-05T06:10:17.863-0700][info][gc,ergo        ] Attempting maximum full compaction clearing soft references
[2024-07-05T06:10:17.863-0700][info][gc,task        ] GC(208) Using 4 workers of 4 for full compaction
[2024-07-05T06:10:17.863-0700][info][gc,start       ] GC(208) Pause Full (G1 Compaction Pause)
[2024-07-05T06:10:17.864-0700][info][gc,phases,start] GC(208) Phase 1: Mark live objects
[2024-07-05T06:10:18.037-0700][info][gc,phases      ] GC(208) Phase 1: Mark live objects 172.816ms
[2024-07-05T06:10:18.037-0700][info][gc,phases,start] GC(208) Phase 2: Prepare for compaction
[2024-07-05T06:10:18.150-0700][info][gc,phases      ] GC(208) Phase 2: Prepare for compaction 112.652ms
[2024-07-05T06:10:18.150-0700][info][gc,phases,start] GC(208) Phase 3: Adjust pointers
[2024-07-05T06:10:18.286-0700][info][gc,phases      ] GC(208) Phase 3: Adjust pointers 136.429ms
[2024-07-05T06:10:18.286-0700][info][gc,phases,start] GC(208) Phase 4: Compact heap
[2024-07-05T06:10:18.377-0700][info][gc,phases      ] GC(208) Phase 4: Compact heap 90.151ms
[2024-07-05T06:10:18.383-0700][info][gc,heap        ] GC(208) Eden regions: 0->0(204)
[2024-07-05T06:10:18.383-0700][info][gc,heap        ] GC(208) Survivor regions: 0->0(5)
[2024-07-05T06:10:18.383-0700][info][gc,heap        ] GC(208) Old regions: 4071->4071
[2024-07-05T06:10:18.383-0700][info][gc,heap        ] GC(208) Archive regions: 2->2
[2024-07-05T06:10:18.383-0700][info][gc,heap        ] GC(208) Humongous regions: 16->16
[2024-07-05T06:10:18.383-0700][info][gc,metaspace   ] GC(208) Metaspace: 302K(512K)->302K(512K) NonClass: 294K(384K)->294K(384K) Class: 7K(128K)->7K(128K)
[2024-07-05T06:10:18.383-0700][info][gc             ] GC(208) Pause Full (G1 Compaction Pause) 4085M->4085M(4096M) 520.413ms
[2024-07-05T06:10:18.383-0700][info][gc,cpu         ] GC(208) User=2.05s Sys=0.00s Real=0.52s
[2024-07-05T06:10:18.384-0700][info][gc,marking     ] GC(205) Concurrent Mark From Roots 817.606ms
[2024-07-05T06:10:18.384-0700][info][gc,marking     ] GC(205) Concurrent Mark Abort
[2024-07-05T06:10:18.384-0700][info][gc             ] GC(205) Concurrent Mark Cycle 817.862ms
[2024-07-05T06:10:18.386-0700][info][gc,heap,exit   ] Heap
[2024-07-05T06:10:18.386-0700][info][gc,heap,exit   ]  garbage-first heap   total 4194304K, used 4184866K [0x0000000700000000, 0x0000000800000000)
[2024-07-05T06:10:18.386-0700][info][gc,heap,exit   ]   region size 1024K, 1 young (1024K), 0 survivors (0K)
[2024-07-05T06:10:18.386-0700][info][gc,heap,exit   ]  Metaspace       used 313K, committed 512K, reserved 1114112K
[2024-07-05T06:10:18.386-0700][info][gc,heap,exit   ]   class space    used 9K, committed 128K, reserved 1048576K
