[2024-07-05T19:02:29.162-0700][info][gc] Using G1
[2024-07-05T19:02:29.185-0700][info][gc,init] Version: 17.0.11+1-LTS (release)
[2024-07-05T19:02:29.185-0700][info][gc,init] CPUs: 4 total, 4 available
[2024-07-05T19:02:29.185-0700][info][gc,init] Memory: 15953M
[2024-07-05T19:02:29.185-0700][info][gc,init] Large Page Support: Disabled
[2024-07-05T19:02:29.185-0700][info][gc,init] NUMA Support: Disabled
[2024-07-05T19:02:29.185-0700][info][gc,init] Compressed Oops: Enabled (Zero based)
[2024-07-05T19:02:29.185-0700][info][gc,init] Heap Region Size: 4M
[2024-07-05T19:02:29.185-0700][info][gc,init] Heap Min Capacity: 8G
[2024-07-05T19:02:29.185-0700][info][gc,init] Heap Initial Capacity: 8G
[2024-07-05T19:02:29.185-0700][info][gc,init] Heap Max Capacity: 8G
[2024-07-05T19:02:29.185-0700][info][gc,init] Pre-touch: Disabled
[2024-07-05T19:02:29.185-0700][info][gc,init] Parallel Workers: 4
[2024-07-05T19:02:29.185-0700][info][gc,init] Concurrent Workers: 1
[2024-07-05T19:02:29.185-0700][info][gc,init] Concurrent Refinement Workers: 4
[2024-07-05T19:02:29.185-0700][info][gc,init] Periodic GC: Disabled
[2024-07-05T19:02:29.194-0700][info][gc,metaspace] CDS archive(s) mapped at: [0x00007f0e6b000000-0x00007f0e6bbbb000-0x00007f0e6bbbb000), size 12300288, SharedBaseAddress: 0x00007f0e6b000000, ArchiveRelocationMode: 1.
[2024-07-05T19:02:29.194-0700][info][gc,metaspace] Compressed class space mapped at: 0x00007f0e6c000000-0x00007f0eac000000, reserved size: 1073741824
[2024-07-05T19:02:29.194-0700][info][gc,metaspace] Narrow klass base: 0x00007f0e6b000000, Narrow klass shift: 0, Narrow klass range: 0x100000000
[2024-07-05T19:02:30.439-0700][info][gc,start    ] GC(0) Pause Young (Normal) (G1 Evacuation Pause)
[2024-07-05T19:02:30.440-0700][info][gc,task     ] GC(0) Using 4 workers of 4 for evacuation
[2024-07-05T19:02:30.527-0700][info][gc,phases   ] GC(0)   Pre Evacuate Collection Set: 0.3ms
[2024-07-05T19:02:30.527-0700][info][gc,phases   ] GC(0)   Merge Heap Roots: 0.2ms
[2024-07-05T19:02:30.527-0700][info][gc,phases   ] GC(0)   Evacuate Collection Set: 85.9ms
[2024-07-05T19:02:30.527-0700][info][gc,phases   ] GC(0)   Post Evacuate Collection Set: 0.8ms
[2024-07-05T19:02:30.527-0700][info][gc,phases   ] GC(0)   Other: 0.8ms
[2024-07-05T19:02:30.527-0700][info][gc,heap     ] GC(0) Eden regions: 102->0(89)
[2024-07-05T19:02:30.527-0700][info][gc,heap     ] GC(0) Survivor regions: 0->13(13)
[2024-07-05T19:02:30.527-0700][info][gc,heap     ] GC(0) Old regions: 0->39
[2024-07-05T19:02:30.527-0700][info][gc,heap     ] GC(0) Archive regions: 2->2
[2024-07-05T19:02:30.527-0700][info][gc,heap     ] GC(0) Humongous regions: 0->0
[2024-07-05T19:02:30.527-0700][info][gc,metaspace] GC(0) Metaspace: 188K(384K)->188K(384K) NonClass: 181K(256K)->181K(256K) Class: 6K(128K)->6K(128K)
[2024-07-05T19:02:30.527-0700][info][gc          ] GC(0) Pause Young (Normal) (G1 Evacuation Pause) 411M->210M(8192M) 88.015ms
[2024-07-05T19:02:30.527-0700][info][gc,cpu      ] GC(0) User=0.11s Sys=0.22s Real=0.09s
[2024-07-05T19:02:33.468-0700][info][gc,start    ] GC(1) Pause Young (Normal) (G1 Evacuation Pause)
[2024-07-05T19:02:33.468-0700][info][gc,task     ] GC(1) Using 4 workers of 4 for evacuation
[2024-07-05T19:02:33.603-0700][info][gc,phases   ] GC(1)   Pre Evacuate Collection Set: 0.2ms
[2024-07-05T19:02:33.603-0700][info][gc,phases   ] GC(1)   Merge Heap Roots: 0.1ms
[2024-07-05T19:02:33.603-0700][info][gc,phases   ] GC(1)   Evacuate Collection Set: 134.3ms
[2024-07-05T19:02:33.603-0700][info][gc,phases   ] GC(1)   Post Evacuate Collection Set: 0.5ms
[2024-07-05T19:02:33.603-0700][info][gc,phases   ] GC(1)   Other: 0.1ms
[2024-07-05T19:02:33.603-0700][info][gc,heap     ] GC(1) Eden regions: 89->0(89)
[2024-07-05T19:02:33.603-0700][info][gc,heap     ] GC(1) Survivor regions: 13->13(13)
[2024-07-05T19:02:33.603-0700][info][gc,heap     ] GC(1) Old regions: 39->101
[2024-07-05T19:02:33.603-0700][info][gc,heap     ] GC(1) Archive regions: 2->2
[2024-07-05T19:02:33.603-0700][info][gc,heap     ] GC(1) Humongous regions: 1->1
[2024-07-05T19:02:33.603-0700][info][gc,metaspace] GC(1) Metaspace: 226K(448K)->226K(448K) NonClass: 219K(320K)->219K(320K) Class: 6K(128K)->6K(128K)
[2024-07-05T19:02:33.603-0700][info][gc          ] GC(1) Pause Young (Normal) (G1 Evacuation Pause) 570M->460M(8192M) 135.384ms
[2024-07-05T19:02:33.603-0700][info][gc,cpu      ] GC(1) User=0.23s Sys=0.29s Real=0.14s
[2024-07-05T19:02:38.475-0700][info][gc,start    ] GC(2) Pause Young (Normal) (G1 Evacuation Pause)
[2024-07-05T19:02:38.476-0700][info][gc,task     ] GC(2) Using 4 workers of 4 for evacuation
[2024-07-05T19:02:38.665-0700][info][gc,phases   ] GC(2)   Pre Evacuate Collection Set: 0.2ms
[2024-07-05T19:02:38.665-0700][info][gc,phases   ] GC(2)   Merge Heap Roots: 0.1ms
[2024-07-05T19:02:38.665-0700][info][gc,phases   ] GC(2)   Evacuate Collection Set: 188.8ms
[2024-07-05T19:02:38.665-0700][info][gc,phases   ] GC(2)   Post Evacuate Collection Set: 0.4ms
[2024-07-05T19:02:38.665-0700][info][gc,phases   ] GC(2)   Other: 0.1ms
[2024-07-05T19:02:38.665-0700][info][gc,heap     ] GC(2) Eden regions: 89->0(89)
[2024-07-05T19:02:38.665-0700][info][gc,heap     ] GC(2) Survivor regions: 13->13(13)
[2024-07-05T19:02:38.665-0700][info][gc,heap     ] GC(2) Old regions: 101->179
[2024-07-05T19:02:38.665-0700][info][gc,heap     ] GC(2) Archive regions: 2->2
[2024-07-05T19:02:38.665-0700][info][gc,heap     ] GC(2) Humongous regions: 2->2
[2024-07-05T19:02:38.665-0700][info][gc,metaspace] GC(2) Metaspace: 261K(448K)->261K(448K) NonClass: 255K(320K)->255K(320K) Class: 6K(128K)->6K(128K)
[2024-07-05T19:02:38.665-0700][info][gc          ] GC(2) Pause Young (Normal) (G1 Evacuation Pause) 820M->776M(8192M) 189.735ms
[2024-07-05T19:02:38.665-0700][info][gc,cpu      ] GC(2) User=0.31s Sys=0.42s Real=0.19s
[2024-07-05T19:02:48.211-0700][info][gc,start    ] GC(3) Pause Young (Normal) (G1 Evacuation Pause)
[2024-07-05T19:02:48.211-0700][info][gc,task     ] GC(3) Using 4 workers of 4 for evacuation
[2024-07-05T19:02:48.396-0700][info][gc,phases   ] GC(3)   Pre Evacuate Collection Set: 0.3ms
[2024-07-05T19:02:48.396-0700][info][gc,phases   ] GC(3)   Merge Heap Roots: 0.1ms
[2024-07-05T19:02:48.396-0700][info][gc,phases   ] GC(3)   Evacuate Collection Set: 183.4ms
[2024-07-05T19:02:48.396-0700][info][gc,phases   ] GC(3)   Post Evacuate Collection Set: 0.4ms
[2024-07-05T19:02:48.396-0700][info][gc,phases   ] GC(3)   Other: 0.1ms
[2024-07-05T19:02:48.396-0700][info][gc,heap     ] GC(3) Eden regions: 89->0(89)
[2024-07-05T19:02:48.396-0700][info][gc,heap     ] GC(3) Survivor regions: 13->13(13)
[2024-07-05T19:02:48.396-0700][info][gc,heap     ] GC(3) Old regions: 179->257
[2024-07-05T19:02:48.396-0700][info][gc,heap     ] GC(3) Archive regions: 2->2
[2024-07-05T19:02:48.396-0700][info][gc,heap     ] GC(3) Humongous regions: 2->2
[2024-07-05T19:02:48.396-0700][info][gc,metaspace] GC(3) Metaspace: 264K(448K)->264K(448K) NonClass: 257K(320K)->257K(320K) Class: 6K(128K)->6K(128K)
[2024-07-05T19:02:48.396-0700][info][gc          ] GC(3) Pause Young (Normal) (G1 Evacuation Pause) 1132M->1089M(8192M) 184.357ms
[2024-07-05T19:02:48.396-0700][info][gc,cpu      ] GC(3) User=0.32s Sys=0.41s Real=0.19s
[2024-07-05T19:03:02.514-0700][info][gc,start    ] GC(4) Pause Young (Normal) (G1 Evacuation Pause)
[2024-07-05T19:03:02.514-0700][info][gc,task     ] GC(4) Using 4 workers of 4 for evacuation
[2024-07-05T19:03:02.720-0700][info][gc,mmu      ] GC(4) MMU target violated: 201.0ms (200.0ms/201.0ms)
[2024-07-05T19:03:02.720-0700][info][gc,phases   ] GC(4)   Pre Evacuate Collection Set: 0.3ms
[2024-07-05T19:03:02.720-0700][info][gc,phases   ] GC(4)   Merge Heap Roots: 0.2ms
[2024-07-05T19:03:02.720-0700][info][gc,phases   ] GC(4)   Evacuate Collection Set: 205.6ms
[2024-07-05T19:03:02.720-0700][info][gc,phases   ] GC(4)   Post Evacuate Collection Set: 0.5ms
[2024-07-05T19:03:02.720-0700][info][gc,phases   ] GC(4)   Other: 0.2ms
[2024-07-05T19:03:02.720-0700][info][gc,heap     ] GC(4) Eden regions: 89->0(89)
[2024-07-05T19:03:02.720-0700][info][gc,heap     ] GC(4) Survivor regions: 13->13(13)
[2024-07-05T19:03:02.720-0700][info][gc,heap     ] GC(4) Old regions: 257->342
[2024-07-05T19:03:02.720-0700][info][gc,heap     ] GC(4) Archive regions: 2->2
[2024-07-05T19:03:02.720-0700][info][gc,heap     ] GC(4) Humongous regions: 4->4
[2024-07-05T19:03:02.720-0700][info][gc,metaspace] GC(4) Metaspace: 269K(512K)->269K(512K) NonClass: 262K(384K)->262K(384K) Class: 6K(128K)->6K(128K)
[2024-07-05T19:03:02.720-0700][info][gc          ] GC(4) Pause Young (Normal) (G1 Evacuation Pause) 1453M->1437M(8192M) 206.701ms
[2024-07-05T19:03:02.720-0700][info][gc,cpu      ] GC(4) User=0.34s Sys=0.46s Real=0.21s
[2024-07-05T19:03:19.574-0700][info][gc,start    ] GC(5) Pause Young (Normal) (G1 Evacuation Pause)
[2024-07-05T19:03:19.574-0700][info][gc,task     ] GC(5) Using 4 workers of 4 for evacuation
[2024-07-05T19:03:19.742-0700][info][gc,phases   ] GC(5)   Pre Evacuate Collection Set: 0.3ms
[2024-07-05T19:03:19.742-0700][info][gc,phases   ] GC(5)   Merge Heap Roots: 0.2ms
[2024-07-05T19:03:19.742-0700][info][gc,phases   ] GC(5)   Evacuate Collection Set: 167.1ms
[2024-07-05T19:03:19.742-0700][info][gc,phases   ] GC(5)   Post Evacuate Collection Set: 0.4ms
[2024-07-05T19:03:19.742-0700][info][gc,phases   ] GC(5)   Other: 0.1ms
[2024-07-05T19:03:19.742-0700][info][gc,heap     ] GC(5) Eden regions: 89->0(89)
[2024-07-05T19:03:19.742-0700][info][gc,heap     ] GC(5) Survivor regions: 13->13(13)
[2024-07-05T19:03:19.742-0700][info][gc,heap     ] GC(5) Old regions: 342->424
[2024-07-05T19:03:19.742-0700][info][gc,heap     ] GC(5) Archive regions: 2->2
[2024-07-05T19:03:19.742-0700][info][gc,heap     ] GC(5) Humongous regions: 4->4
[2024-07-05T19:03:19.742-0700][info][gc,metaspace] GC(5) Metaspace: 269K(512K)->269K(512K) NonClass: 262K(384K)->262K(384K) Class: 6K(128K)->6K(128K)
[2024-07-05T19:03:19.742-0700][info][gc          ] GC(5) Pause Young (Normal) (G1 Evacuation Pause) 1793M->1765M(8192M) 168.033ms
[2024-07-05T19:03:19.742-0700][info][gc,cpu      ] GC(5) User=0.31s Sys=0.33s Real=0.17s
[2024-07-05T19:03:42.486-0700][info][gc,start    ] GC(6) Pause Young (Normal) (G1 Evacuation Pause)
[2024-07-05T19:03:42.486-0700][info][gc,task     ] GC(6) Using 4 workers of 4 for evacuation
[2024-07-05T19:03:42.664-0700][info][gc,phases   ] GC(6)   Pre Evacuate Collection Set: 0.3ms
[2024-07-05T19:03:42.664-0700][info][gc,phases   ] GC(6)   Merge Heap Roots: 0.2ms
[2024-07-05T19:03:42.664-0700][info][gc,phases   ] GC(6)   Evacuate Collection Set: 177.6ms
[2024-07-05T19:03:42.664-0700][info][gc,phases   ] GC(6)   Post Evacuate Collection Set: 0.4ms
[2024-07-05T19:03:42.664-0700][info][gc,phases   ] GC(6)   Other: 0.1ms
[2024-07-05T19:03:42.664-0700][info][gc,heap     ] GC(6) Eden regions: 89->0(89)
[2024-07-05T19:03:42.664-0700][info][gc,heap     ] GC(6) Survivor regions: 13->13(13)
[2024-07-05T19:03:42.664-0700][info][gc,heap     ] GC(6) Old regions: 424->511
[2024-07-05T19:03:42.664-0700][info][gc,heap     ] GC(6) Archive regions: 2->2
[2024-07-05T19:03:42.664-0700][info][gc,heap     ] GC(6) Humongous regions: 6->6
[2024-07-05T19:03:42.664-0700][info][gc,metaspace] GC(6) Metaspace: 289K(512K)->289K(512K) NonClass: 282K(384K)->282K(384K) Class: 6K(128K)->6K(128K)
[2024-07-05T19:03:42.664-0700][info][gc          ] GC(6) Pause Young (Normal) (G1 Evacuation Pause) 2129M->2120M(8192M) 178.589ms
[2024-07-05T19:03:42.664-0700][info][gc,cpu      ] GC(6) User=0.33s Sys=0.36s Real=0.18s
[2024-07-05T19:04:14.536-0700][info][gc,start    ] GC(7) Pause Young (Normal) (G1 Evacuation Pause)
[2024-07-05T19:04:14.536-0700][info][gc,task     ] GC(7) Using 4 workers of 4 for evacuation
[2024-07-05T19:04:14.754-0700][info][gc,mmu      ] GC(7) MMU target violated: 201.0ms (200.0ms/201.0ms)
[2024-07-05T19:04:14.754-0700][info][gc,phases   ] GC(7)   Pre Evacuate Collection Set: 0.3ms
[2024-07-05T19:04:14.754-0700][info][gc,phases   ] GC(7)   Merge Heap Roots: 0.2ms
[2024-07-05T19:04:14.754-0700][info][gc,phases   ] GC(7)   Evacuate Collection Set: 216.5ms
[2024-07-05T19:04:14.754-0700][info][gc,phases   ] GC(7)   Post Evacuate Collection Set: 0.6ms
[2024-07-05T19:04:14.754-0700][info][gc,phases   ] GC(7)   Other: 0.2ms
[2024-07-05T19:04:14.754-0700][info][gc,heap     ] GC(7) Eden regions: 89->0(89)
[2024-07-05T19:04:14.754-0700][info][gc,heap     ] GC(7) Survivor regions: 13->13(13)
[2024-07-05T19:04:14.754-0700][info][gc,heap     ] GC(7) Old regions: 511->594
[2024-07-05T19:04:14.754-0700][info][gc,heap     ] GC(7) Archive regions: 2->2
[2024-07-05T19:04:14.754-0700][info][gc,heap     ] GC(7) Humongous regions: 6->6
[2024-07-05T19:04:14.754-0700][info][gc,metaspace] GC(7) Metaspace: 289K(512K)->289K(512K) NonClass: 282K(384K)->282K(384K) Class: 6K(128K)->6K(128K)
[2024-07-05T19:04:14.754-0700][info][gc          ] GC(7) Pause Young (Normal) (G1 Evacuation Pause) 2476M->2455M(8192M) 217.768ms
[2024-07-05T19:04:14.754-0700][info][gc,cpu      ] GC(7) User=0.35s Sys=0.47s Real=0.21s
[2024-07-05T19:04:58.230-0700][info][gc,start    ] GC(8) Pause Young (Normal) (G1 Evacuation Pause)
[2024-07-05T19:04:58.230-0700][info][gc,task     ] GC(8) Using 4 workers of 4 for evacuation
[2024-07-05T19:04:58.398-0700][info][gc,phases   ] GC(8)   Pre Evacuate Collection Set: 0.3ms
[2024-07-05T19:04:58.398-0700][info][gc,phases   ] GC(8)   Merge Heap Roots: 0.2ms
[2024-07-05T19:04:58.398-0700][info][gc,phases   ] GC(8)   Evacuate Collection Set: 167.1ms
[2024-07-05T19:04:58.398-0700][info][gc,phases   ] GC(8)   Post Evacuate Collection Set: 0.3ms
[2024-07-05T19:04:58.398-0700][info][gc,phases   ] GC(8)   Other: 0.1ms
[2024-07-05T19:04:58.398-0700][info][gc,heap     ] GC(8) Eden regions: 89->0(89)
[2024-07-05T19:04:58.398-0700][info][gc,heap     ] GC(8) Survivor regions: 13->13(13)
[2024-07-05T19:04:58.398-0700][info][gc,heap     ] GC(8) Old regions: 594->677
[2024-07-05T19:04:58.398-0700][info][gc,heap     ] GC(8) Archive regions: 2->2
[2024-07-05T19:04:58.398-0700][info][gc,heap     ] GC(8) Humongous regions: 6->6
[2024-07-05T19:04:58.398-0700][info][gc,metaspace] GC(8) Metaspace: 295K(512K)->295K(512K) NonClass: 288K(384K)->288K(384K) Class: 6K(128K)->6K(128K)
[2024-07-05T19:04:58.398-0700][info][gc          ] GC(8) Pause Young (Normal) (G1 Evacuation Pause) 2811M->2785M(8192M) 168.048ms
[2024-07-05T19:04:58.398-0700][info][gc,cpu      ] GC(8) User=0.33s Sys=0.32s Real=0.17s
[2024-07-05T19:05:56.876-0700][info][gc,start    ] GC(9) Pause Young (Normal) (G1 Evacuation Pause)
[2024-07-05T19:05:56.876-0700][info][gc,task     ] GC(9) Using 4 workers of 4 for evacuation
[2024-07-05T19:05:57.050-0700][info][gc,phases   ] GC(9)   Pre Evacuate Collection Set: 0.3ms
[2024-07-05T19:05:57.050-0700][info][gc,phases   ] GC(9)   Merge Heap Roots: 0.2ms
[2024-07-05T19:05:57.050-0700][info][gc,phases   ] GC(9)   Evacuate Collection Set: 172.4ms
[2024-07-05T19:05:57.050-0700][info][gc,phases   ] GC(9)   Post Evacuate Collection Set: 0.4ms
[2024-07-05T19:05:57.050-0700][info][gc,phases   ] GC(9)   Other: 0.1ms
[2024-07-05T19:05:57.050-0700][info][gc,heap     ] GC(9) Eden regions: 89->0(89)
[2024-07-05T19:05:57.050-0700][info][gc,heap     ] GC(9) Survivor regions: 13->13(13)
[2024-07-05T19:05:57.050-0700][info][gc,heap     ] GC(9) Old regions: 677->760
[2024-07-05T19:05:57.050-0700][info][gc,heap     ] GC(9) Archive regions: 2->2
[2024-07-05T19:05:57.050-0700][info][gc,heap     ] GC(9) Humongous regions: 6->6
[2024-07-05T19:05:57.050-0700][info][gc,metaspace] GC(9) Metaspace: 300K(512K)->300K(512K) NonClass: 292K(384K)->292K(384K) Class: 7K(128K)->7K(128K)
[2024-07-05T19:05:57.050-0700][info][gc          ] GC(9) Pause Young (Normal) (G1 Evacuation Pause) 3141M->3118M(8192M) 173.448ms
[2024-07-05T19:05:57.050-0700][info][gc,cpu      ] GC(9) User=0.34s Sys=0.33s Real=0.17s
[2024-07-05T19:06:58.938-0700][info][gc,start    ] GC(10) Pause Young (Normal) (G1 Evacuation Pause)
[2024-07-05T19:06:58.938-0700][info][gc,task     ] GC(10) Using 4 workers of 4 for evacuation
[2024-07-05T19:06:59.139-0700][info][gc,mmu      ] GC(10) MMU target violated: 200.7ms (200.0ms/201.0ms)
[2024-07-05T19:06:59.139-0700][info][gc,phases   ] GC(10)   Pre Evacuate Collection Set: 0.3ms
[2024-07-05T19:06:59.139-0700][info][gc,phases   ] GC(10)   Merge Heap Roots: 0.2ms
[2024-07-05T19:06:59.139-0700][info][gc,phases   ] GC(10)   Evacuate Collection Set: 199.8ms
[2024-07-05T19:06:59.139-0700][info][gc,phases   ] GC(10)   Post Evacuate Collection Set: 0.4ms
[2024-07-05T19:06:59.139-0700][info][gc,phases   ] GC(10)   Other: 0.2ms
[2024-07-05T19:06:59.139-0700][info][gc,heap     ] GC(10) Eden regions: 89->0(89)
[2024-07-05T19:06:59.139-0700][info][gc,heap     ] GC(10) Survivor regions: 13->13(13)
[2024-07-05T19:06:59.139-0700][info][gc,heap     ] GC(10) Old regions: 760->846
[2024-07-05T19:06:59.139-0700][info][gc,heap     ] GC(10) Archive regions: 2->2
[2024-07-05T19:06:59.139-0700][info][gc,heap     ] GC(10) Humongous regions: 9->9
[2024-07-05T19:06:59.139-0700][info][gc,metaspace] GC(10) Metaspace: 300K(512K)->300K(512K) NonClass: 293K(384K)->293K(384K) Class: 7K(128K)->7K(128K)
[2024-07-05T19:06:59.139-0700][info][gc          ] GC(10) Pause Young (Normal) (G1 Evacuation Pause) 3486M->3473M(8192M) 200.918ms
[2024-07-05T19:06:59.139-0700][info][gc,cpu      ] GC(10) User=0.34s Sys=0.43s Real=0.20s
[2024-07-05T19:08:10.746-0700][info][gc,start    ] GC(11) Pause Young (Normal) (G1 Evacuation Pause)
[2024-07-05T19:08:10.746-0700][info][gc,task     ] GC(11) Using 4 workers of 4 for evacuation
[2024-07-05T19:08:10.940-0700][info][gc,phases   ] GC(11)   Pre Evacuate Collection Set: 0.3ms
[2024-07-05T19:08:10.940-0700][info][gc,phases   ] GC(11)   Merge Heap Roots: 0.2ms
[2024-07-05T19:08:10.940-0700][info][gc,phases   ] GC(11)   Evacuate Collection Set: 192.6ms
[2024-07-05T19:08:10.940-0700][info][gc,phases   ] GC(11)   Post Evacuate Collection Set: 0.4ms
[2024-07-05T19:08:10.940-0700][info][gc,phases   ] GC(11)   Other: 0.1ms
[2024-07-05T19:08:10.940-0700][info][gc,heap     ] GC(11) Eden regions: 89->0(89)
[2024-07-05T19:08:10.940-0700][info][gc,heap     ] GC(11) Survivor regions: 13->13(13)
[2024-07-05T19:08:10.940-0700][info][gc,heap     ] GC(11) Old regions: 846->930
[2024-07-05T19:08:10.940-0700][info][gc,heap     ] GC(11) Archive regions: 2->2
[2024-07-05T19:08:10.940-0700][info][gc,heap     ] GC(11) Humongous regions: 9->9
[2024-07-05T19:08:10.940-0700][info][gc,metaspace] GC(11) Metaspace: 300K(512K)->300K(512K) NonClass: 293K(384K)->293K(384K) Class: 7K(128K)->7K(128K)
[2024-07-05T19:08:10.940-0700][info][gc          ] GC(11) Pause Young (Normal) (G1 Evacuation Pause) 3829M->3810M(8192M) 193.688ms
[2024-07-05T19:08:10.940-0700][info][gc,cpu      ] GC(11) User=0.37s Sys=0.38s Real=0.19s
[2024-07-05T19:09:28.541-0700][info][gc,start    ] GC(12) Pause Young (Concurrent Start) (G1 Evacuation Pause)
[2024-07-05T19:09:28.541-0700][info][gc,task     ] GC(12) Using 4 workers of 4 for evacuation
[2024-07-05T19:09:28.767-0700][info][gc,mmu      ] GC(12) MMU target violated: 201.0ms (200.0ms/201.0ms)
[2024-07-05T19:09:28.767-0700][info][gc,phases   ] GC(12)   Pre Evacuate Collection Set: 0.3ms
[2024-07-05T19:09:28.767-0700][info][gc,phases   ] GC(12)   Merge Heap Roots: 0.3ms
[2024-07-05T19:09:28.767-0700][info][gc,phases   ] GC(12)   Evacuate Collection Set: 225.6ms
[2024-07-05T19:09:28.767-0700][info][gc,phases   ] GC(12)   Post Evacuate Collection Set: 0.4ms
[2024-07-05T19:09:28.767-0700][info][gc,phases   ] GC(12)   Other: 0.3ms
[2024-07-05T19:09:28.767-0700][info][gc,heap     ] GC(12) Eden regions: 89->0(89)
[2024-07-05T19:09:28.767-0700][info][gc,heap     ] GC(12) Survivor regions: 13->13(13)
[2024-07-05T19:09:28.767-0700][info][gc,heap     ] GC(12) Old regions: 930->1015
[2024-07-05T19:09:28.767-0700][info][gc,heap     ] GC(12) Archive regions: 2->2
[2024-07-05T19:09:28.767-0700][info][gc,heap     ] GC(12) Humongous regions: 9->9
[2024-07-05T19:09:28.767-0700][info][gc,metaspace] GC(12) Metaspace: 300K(512K)->300K(512K) NonClass: 293K(384K)->293K(384K) Class: 7K(128K)->7K(128K)
[2024-07-05T19:09:28.767-0700][info][gc          ] GC(12) Pause Young (Concurrent Start) (G1 Evacuation Pause) 4166M->4149M(8192M) 226.831ms
[2024-07-05T19:09:28.767-0700][info][gc,cpu      ] GC(12) User=0.36s Sys=0.51s Real=0.23s
[2024-07-05T19:09:28.767-0700][info][gc          ] GC(13) Concurrent Mark Cycle
[2024-07-05T19:09:28.768-0700][info][gc,marking  ] GC(13) Concurrent Clear Claimed Marks
[2024-07-05T19:09:28.768-0700][info][gc,marking  ] GC(13) Concurrent Clear Claimed Marks 0.022ms
[2024-07-05T19:09:28.768-0700][info][gc,marking  ] GC(13) Concurrent Scan Root Regions
[2024-07-05T19:09:28.792-0700][info][gc,marking  ] GC(13) Concurrent Scan Root Regions 23.953ms
[2024-07-05T19:09:28.792-0700][info][gc,marking  ] GC(13) Concurrent Mark
[2024-07-05T19:09:28.792-0700][info][gc,marking  ] GC(13) Concurrent Mark From Roots
[2024-07-05T19:09:28.792-0700][info][gc,task     ] GC(13) Using 1 workers of 1 for marking
[2024-07-05T19:09:29.246-0700][info][gc,marking  ] GC(13) Concurrent Mark From Roots 454.099ms
[2024-07-05T19:09:29.246-0700][info][gc,marking  ] GC(13) Concurrent Preclean
[2024-07-05T19:09:29.246-0700][info][gc,marking  ] GC(13) Concurrent Preclean 0.056ms
[2024-07-05T19:09:37.627-0700][info][gc,start    ] GC(13) Pause Remark
[2024-07-05T19:09:37.628-0700][info][gc          ] GC(13) Pause Remark 4153M->4129M(8192M) 1.158ms
[2024-07-05T19:09:37.628-0700][info][gc,cpu      ] GC(13) User=0.00s Sys=0.00s Real=0.00s
[2024-07-05T19:09:37.628-0700][info][gc,marking  ] GC(13) Concurrent Mark 8836.424ms
[2024-07-05T19:09:37.628-0700][info][gc,marking  ] GC(13) Concurrent Rebuild Remembered Sets
[2024-07-05T19:09:37.958-0700][info][gc,marking  ] GC(13) Concurrent Rebuild Remembered Sets 330.019ms
[2024-07-05T19:09:38.387-0700][info][gc,start    ] GC(13) Pause Cleanup
[2024-07-05T19:09:38.388-0700][info][gc          ] GC(13) Pause Cleanup 4129M->4129M(8192M) 0.891ms
[2024-07-05T19:09:38.388-0700][info][gc,cpu      ] GC(13) User=0.00s Sys=0.00s Real=0.00s
[2024-07-05T19:09:38.388-0700][info][gc,marking  ] GC(13) Concurrent Cleanup for Next Mark
[2024-07-05T19:09:38.517-0700][info][gc,marking  ] GC(13) Concurrent Cleanup for Next Mark 128.778ms
[2024-07-05T19:09:38.517-0700][info][gc          ] GC(13) Concurrent Mark Cycle 9749.523ms
[2024-07-05T19:11:06.454-0700][info][gc,start    ] GC(14) Pause Young (Prepare Mixed) (G1 Evacuation Pause)
[2024-07-05T19:11:06.454-0700][info][gc,task     ] GC(14) Using 4 workers of 4 for evacuation
[2024-07-05T19:11:06.624-0700][info][gc,phases   ] GC(14)   Pre Evacuate Collection Set: 0.3ms
[2024-07-05T19:11:06.624-0700][info][gc,phases   ] GC(14)   Merge Heap Roots: 0.3ms
[2024-07-05T19:11:06.624-0700][info][gc,phases   ] GC(14)   Evacuate Collection Set: 168.9ms
[2024-07-05T19:11:06.624-0700][info][gc,phases   ] GC(14)   Post Evacuate Collection Set: 0.4ms
[2024-07-05T19:11:06.624-0700][info][gc,phases   ] GC(14)   Other: 0.1ms
[2024-07-05T19:11:06.624-0700][info][gc,heap     ] GC(14) Eden regions: 89->0(89)
[2024-07-05T19:11:06.624-0700][info][gc,heap     ] GC(14) Survivor regions: 13->13(13)
[2024-07-05T19:11:06.624-0700][info][gc,heap     ] GC(14) Old regions: 1015->1100
[2024-07-05T19:11:06.624-0700][info][gc,heap     ] GC(14) Archive regions: 2->2
[2024-07-05T19:11:06.624-0700][info][gc,heap     ] GC(14) Humongous regions: 3->3
[2024-07-05T19:11:06.624-0700][info][gc,metaspace] GC(14) Metaspace: 300K(512K)->300K(512K) NonClass: 293K(384K)->293K(384K) Class: 7K(128K)->7K(128K)
[2024-07-05T19:11:06.624-0700][info][gc          ] GC(14) Pause Young (Prepare Mixed) (G1 Evacuation Pause) 4481M->4464M(8192M) 170.076ms
[2024-07-05T19:11:06.624-0700][info][gc,cpu      ] GC(14) User=0.28s Sys=0.37s Real=0.18s
[2024-07-05T19:12:36.436-0700][info][gc,start    ] GC(15) Pause Young (Mixed) (G1 Evacuation Pause)
[2024-07-05T19:12:36.436-0700][info][gc,task     ] GC(15) Using 4 workers of 4 for evacuation
[2024-07-05T19:12:36.653-0700][info][gc,mmu      ] GC(15) MMU target violated: 201.0ms (200.0ms/201.0ms)
[2024-07-05T19:12:36.654-0700][info][gc,phases   ] GC(15)   Pre Evacuate Collection Set: 0.4ms
[2024-07-05T19:12:36.654-0700][info][gc,phases   ] GC(15)   Merge Heap Roots: 0.3ms
[2024-07-05T19:12:36.654-0700][info][gc,phases   ] GC(15)   Evacuate Collection Set: 216.2ms
[2024-07-05T19:12:36.654-0700][info][gc,phases   ] GC(15)   Post Evacuate Collection Set: 0.6ms
[2024-07-05T19:12:36.654-0700][info][gc,phases   ] GC(15)   Other: 0.1ms
[2024-07-05T19:12:36.654-0700][info][gc,heap     ] GC(15) Eden regions: 89->0(89)
[2024-07-05T19:12:36.654-0700][info][gc,heap     ] GC(15) Survivor regions: 13->13(13)
[2024-07-05T19:12:36.654-0700][info][gc,heap     ] GC(15) Old regions: 1100->1130
[2024-07-05T19:12:36.654-0700][info][gc,heap     ] GC(15) Archive regions: 2->2
[2024-07-05T19:12:36.654-0700][info][gc,heap     ] GC(15) Humongous regions: 3->3
[2024-07-05T19:12:36.654-0700][info][gc,metaspace] GC(15) Metaspace: 300K(512K)->300K(512K) NonClass: 293K(384K)->293K(384K) Class: 7K(128K)->7K(128K)
[2024-07-05T19:12:36.654-0700][info][gc          ] GC(15) Pause Young (Mixed) (G1 Evacuation Pause) 4820M->4585M(8192M) 217.660ms
[2024-07-05T19:12:36.654-0700][info][gc,cpu      ] GC(15) User=0.37s Sys=0.47s Real=0.21s
[2024-07-05T19:14:11.572-0700][info][gc,start    ] GC(16) Pause Young (Mixed) (G1 Evacuation Pause)
[2024-07-05T19:14:11.572-0700][info][gc,task     ] GC(16) Using 4 workers of 4 for evacuation
[2024-07-05T19:14:11.716-0700][info][gc,phases   ] GC(16)   Pre Evacuate Collection Set: 0.3ms
[2024-07-05T19:14:11.716-0700][info][gc,phases   ] GC(16)   Merge Heap Roots: 0.4ms
[2024-07-05T19:14:11.716-0700][info][gc,phases   ] GC(16)   Evacuate Collection Set: 142.8ms
[2024-07-05T19:14:11.716-0700][info][gc,phases   ] GC(16)   Post Evacuate Collection Set: 0.5ms
[2024-07-05T19:14:11.716-0700][info][gc,phases   ] GC(16)   Other: 0.1ms
[2024-07-05T19:14:11.716-0700][info][gc,heap     ] GC(16) Eden regions: 89->0(89)
[2024-07-05T19:14:11.716-0700][info][gc,heap     ] GC(16) Survivor regions: 13->13(13)
[2024-07-05T19:14:11.716-0700][info][gc,heap     ] GC(16) Old regions: 1130->1166
[2024-07-05T19:14:11.716-0700][info][gc,heap     ] GC(16) Archive regions: 2->2
[2024-07-05T19:14:11.716-0700][info][gc,heap     ] GC(16) Humongous regions: 7->7
[2024-07-05T19:14:11.716-0700][info][gc,metaspace] GC(16) Metaspace: 300K(512K)->300K(512K) NonClass: 293K(384K)->293K(384K) Class: 7K(128K)->7K(128K)
[2024-07-05T19:14:11.716-0700][info][gc          ] GC(16) Pause Young (Mixed) (G1 Evacuation Pause) 4957M->4744M(8192M) 144.162ms
[2024-07-05T19:14:11.716-0700][info][gc,cpu      ] GC(16) User=0.31s Sys=0.23s Real=0.15s
[2024-07-05T19:15:54.357-0700][info][gc,start    ] GC(17) Pause Young (Mixed) (G1 Evacuation Pause)
[2024-07-05T19:15:54.357-0700][info][gc,task     ] GC(17) Using 4 workers of 4 for evacuation
[2024-07-05T19:15:54.524-0700][info][gc,phases   ] GC(17)   Pre Evacuate Collection Set: 0.4ms
[2024-07-05T19:15:54.524-0700][info][gc,phases   ] GC(17)   Merge Heap Roots: 0.3ms
[2024-07-05T19:15:54.524-0700][info][gc,phases   ] GC(17)   Evacuate Collection Set: 165.7ms
[2024-07-05T19:15:54.524-0700][info][gc,phases   ] GC(17)   Post Evacuate Collection Set: 0.6ms
[2024-07-05T19:15:54.524-0700][info][gc,phases   ] GC(17)   Other: 0.1ms
[2024-07-05T19:15:54.524-0700][info][gc,heap     ] GC(17) Eden regions: 89->0(89)
[2024-07-05T19:15:54.524-0700][info][gc,heap     ] GC(17) Survivor regions: 13->13(13)
[2024-07-05T19:15:54.524-0700][info][gc,heap     ] GC(17) Old regions: 1166->1204
[2024-07-05T19:15:54.524-0700][info][gc,heap     ] GC(17) Archive regions: 2->2
[2024-07-05T19:15:54.525-0700][info][gc,heap     ] GC(17) Humongous regions: 7->7
[2024-07-05T19:15:54.525-0700][info][gc,metaspace] GC(17) Metaspace: 300K(512K)->300K(512K) NonClass: 293K(384K)->293K(384K) Class: 7K(128K)->7K(128K)
[2024-07-05T19:15:54.525-0700][info][gc          ] GC(17) Pause Young (Mixed) (G1 Evacuation Pause) 5100M->4897M(8192M) 167.288ms
[2024-07-05T19:15:54.525-0700][info][gc,cpu      ] GC(17) User=0.38s Sys=0.25s Real=0.17s
[2024-07-05T19:17:41.690-0700][info][gc,start    ] GC(18) Pause Young (Mixed) (G1 Evacuation Pause)
[2024-07-05T19:17:41.690-0700][info][gc,task     ] GC(18) Using 4 workers of 4 for evacuation
[2024-07-05T19:17:41.842-0700][info][gc,phases   ] GC(18)   Pre Evacuate Collection Set: 0.2ms
[2024-07-05T19:17:41.842-0700][info][gc,phases   ] GC(18)   Merge Heap Roots: 0.2ms
[2024-07-05T19:17:41.842-0700][info][gc,phases   ] GC(18)   Evacuate Collection Set: 150.3ms
[2024-07-05T19:17:41.842-0700][info][gc,phases   ] GC(18)   Post Evacuate Collection Set: 0.5ms
[2024-07-05T19:17:41.842-0700][info][gc,phases   ] GC(18)   Other: 0.1ms
[2024-07-05T19:17:41.842-0700][info][gc,heap     ] GC(18) Eden regions: 89->0(89)
[2024-07-05T19:17:41.842-0700][info][gc,heap     ] GC(18) Survivor regions: 13->13(13)
[2024-07-05T19:17:41.842-0700][info][gc,heap     ] GC(18) Old regions: 1204->1245
[2024-07-05T19:17:41.842-0700][info][gc,heap     ] GC(18) Archive regions: 2->2
[2024-07-05T19:17:41.842-0700][info][gc,heap     ] GC(18) Humongous regions: 7->7
[2024-07-05T19:17:41.842-0700][info][gc,metaspace] GC(18) Metaspace: 300K(512K)->300K(512K) NonClass: 293K(384K)->293K(384K) Class: 7K(128K)->7K(128K)
[2024-07-05T19:17:41.842-0700][info][gc          ] GC(18) Pause Young (Mixed) (G1 Evacuation Pause) 5253M->5063M(8192M) 151.392ms
[2024-07-05T19:17:41.842-0700][info][gc,cpu      ] GC(18) User=0.40s Sys=0.17s Real=0.15s
[2024-07-05T19:20:05.074-0700][info][gc,start    ] GC(19) Pause Young (Mixed) (G1 Evacuation Pause)
[2024-07-05T19:20:05.074-0700][info][gc,task     ] GC(19) Using 4 workers of 4 for evacuation
[2024-07-05T19:20:05.252-0700][info][gc,phases   ] GC(19)   Pre Evacuate Collection Set: 0.3ms
[2024-07-05T19:20:05.252-0700][info][gc,phases   ] GC(19)   Merge Heap Roots: 0.2ms
[2024-07-05T19:20:05.252-0700][info][gc,phases   ] GC(19)   Evacuate Collection Set: 176.7ms
[2024-07-05T19:20:05.252-0700][info][gc,phases   ] GC(19)   Post Evacuate Collection Set: 0.5ms
[2024-07-05T19:20:05.252-0700][info][gc,phases   ] GC(19)   Other: 0.1ms
[2024-07-05T19:20:05.252-0700][info][gc,heap     ] GC(19) Eden regions: 89->0(89)
[2024-07-05T19:20:05.252-0700][info][gc,heap     ] GC(19) Survivor regions: 13->13(13)
[2024-07-05T19:20:05.252-0700][info][gc,heap     ] GC(19) Old regions: 1245->1289
[2024-07-05T19:20:05.252-0700][info][gc,heap     ] GC(19) Archive regions: 2->2
[2024-07-05T19:20:05.252-0700][info][gc,heap     ] GC(19) Humongous regions: 7->7
[2024-07-05T19:20:05.252-0700][info][gc,metaspace] GC(19) Metaspace: 300K(512K)->300K(512K) NonClass: 293K(384K)->293K(384K) Class: 7K(128K)->7K(128K)
[2024-07-05T19:20:05.252-0700][info][gc          ] GC(19) Pause Young (Mixed) (G1 Evacuation Pause) 5419M->5237M(8192M) 177.862ms
[2024-07-05T19:20:05.252-0700][info][gc,cpu      ] GC(19) User=0.38s Sys=0.28s Real=0.18s
[2024-07-05T19:22:34.282-0700][info][gc,start    ] GC(20) Pause Young (Mixed) (G1 Evacuation Pause)
[2024-07-05T19:22:34.282-0700][info][gc,task     ] GC(20) Using 4 workers of 4 for evacuation
[2024-07-05T19:22:34.446-0700][info][gc,phases   ] GC(20)   Pre Evacuate Collection Set: 0.3ms
[2024-07-05T19:22:34.446-0700][info][gc,phases   ] GC(20)   Merge Heap Roots: 0.3ms
[2024-07-05T19:22:34.446-0700][info][gc,phases   ] GC(20)   Evacuate Collection Set: 163.3ms
[2024-07-05T19:22:34.446-0700][info][gc,phases   ] GC(20)   Post Evacuate Collection Set: 0.5ms
[2024-07-05T19:22:34.446-0700][info][gc,phases   ] GC(20)   Other: 0.1ms
[2024-07-05T19:22:34.446-0700][info][gc,heap     ] GC(20) Eden regions: 89->0(89)
[2024-07-05T19:22:34.446-0700][info][gc,heap     ] GC(20) Survivor regions: 13->13(13)
[2024-07-05T19:22:34.446-0700][info][gc,heap     ] GC(20) Old regions: 1289->1336
[2024-07-05T19:22:34.446-0700][info][gc,heap     ] GC(20) Archive regions: 2->2
[2024-07-05T19:22:34.446-0700][info][gc,heap     ] GC(20) Humongous regions: 7->7
[2024-07-05T19:22:34.446-0700][info][gc,metaspace] GC(20) Metaspace: 300K(512K)->300K(512K) NonClass: 293K(384K)->293K(384K) Class: 7K(128K)->7K(128K)
[2024-07-05T19:22:34.446-0700][info][gc          ] GC(20) Pause Young (Mixed) (G1 Evacuation Pause) 5593M->5424M(8192M) 164.519ms
[2024-07-05T19:22:34.446-0700][info][gc,cpu      ] GC(20) User=0.38s Sys=0.25s Real=0.17s
[2024-07-05T19:25:13.086-0700][info][gc,start    ] GC(21) Pause Young (Mixed) (G1 Evacuation Pause)
[2024-07-05T19:25:13.086-0700][info][gc,task     ] GC(21) Using 4 workers of 4 for evacuation
[2024-07-05T19:25:13.259-0700][info][gc,phases   ] GC(21)   Pre Evacuate Collection Set: 0.3ms
[2024-07-05T19:25:13.259-0700][info][gc,phases   ] GC(21)   Merge Heap Roots: 0.3ms
[2024-07-05T19:25:13.259-0700][info][gc,phases   ] GC(21)   Evacuate Collection Set: 171.2ms
[2024-07-05T19:25:13.259-0700][info][gc,phases   ] GC(21)   Post Evacuate Collection Set: 0.5ms
[2024-07-05T19:25:13.259-0700][info][gc,phases   ] GC(21)   Other: 0.1ms
[2024-07-05T19:25:13.259-0700][info][gc,heap     ] GC(21) Eden regions: 89->0(89)
[2024-07-05T19:25:13.259-0700][info][gc,heap     ] GC(21) Survivor regions: 13->13(13)
[2024-07-05T19:25:13.259-0700][info][gc,heap     ] GC(21) Old regions: 1336->1386
[2024-07-05T19:25:13.259-0700][info][gc,heap     ] GC(21) Archive regions: 2->2
[2024-07-05T19:25:13.259-0700][info][gc,heap     ] GC(21) Humongous regions: 7->7
[2024-07-05T19:25:13.259-0700][info][gc,metaspace] GC(21) Metaspace: 300K(512K)->300K(512K) NonClass: 293K(384K)->293K(384K) Class: 7K(128K)->7K(128K)
[2024-07-05T19:25:13.259-0700][info][gc          ] GC(21) Pause Young (Mixed) (G1 Evacuation Pause) 5780M->5625M(8192M) 172.396ms
[2024-07-05T19:25:13.259-0700][info][gc,cpu      ] GC(21) User=0.40s Sys=0.25s Real=0.17s
[2024-07-05T19:27:48.561-0700][info][gc,start    ] GC(22) Pause Young (Mixed) (G1 Evacuation Pause)
[2024-07-05T19:27:48.561-0700][info][gc,task     ] GC(22) Using 4 workers of 4 for evacuation
[2024-07-05T19:27:48.742-0700][info][gc,phases   ] GC(22)   Pre Evacuate Collection Set: 0.3ms
[2024-07-05T19:27:48.742-0700][info][gc,phases   ] GC(22)   Merge Heap Roots: 0.3ms
[2024-07-05T19:27:48.742-0700][info][gc,phases   ] GC(22)   Evacuate Collection Set: 179.4ms
[2024-07-05T19:27:48.742-0700][info][gc,phases   ] GC(22)   Post Evacuate Collection Set: 0.5ms
[2024-07-05T19:27:48.742-0700][info][gc,phases   ] GC(22)   Other: 0.1ms
[2024-07-05T19:27:48.742-0700][info][gc,heap     ] GC(22) Eden regions: 89->0(89)
[2024-07-05T19:27:48.742-0700][info][gc,heap     ] GC(22) Survivor regions: 13->13(13)
[2024-07-05T19:27:48.742-0700][info][gc,heap     ] GC(22) Old regions: 1386->1441
[2024-07-05T19:27:48.742-0700][info][gc,heap     ] GC(22) Archive regions: 2->2
[2024-07-05T19:27:48.742-0700][info][gc,heap     ] GC(22) Humongous regions: 7->7
[2024-07-05T19:27:48.742-0700][info][gc,metaspace] GC(22) Metaspace: 300K(512K)->300K(512K) NonClass: 293K(384K)->293K(384K) Class: 7K(128K)->7K(128K)
[2024-07-05T19:27:48.742-0700][info][gc          ] GC(22) Pause Young (Mixed) (G1 Evacuation Pause) 5981M->5845M(8192M) 180.655ms
[2024-07-05T19:27:48.742-0700][info][gc,cpu      ] GC(22) User=0.40s Sys=0.29s Real=0.18s
[2024-07-05T19:29:52.270-0700][info][gc,start    ] GC(23) Pause Young (Concurrent Start) (G1 Humongous Allocation)
[2024-07-05T19:29:52.270-0700][info][gc,task     ] GC(23) Using 4 workers of 4 for evacuation
[2024-07-05T19:29:52.369-0700][info][gc,phases   ] GC(23)   Pre Evacuate Collection Set: 0.2ms
[2024-07-05T19:29:52.369-0700][info][gc,phases   ] GC(23)   Merge Heap Roots: 0.2ms
[2024-07-05T19:29:52.369-0700][info][gc,phases   ] GC(23)   Evacuate Collection Set: 98.2ms
[2024-07-05T19:29:52.369-0700][info][gc,phases   ] GC(23)   Post Evacuate Collection Set: 0.4ms
[2024-07-05T19:29:52.369-0700][info][gc,phases   ] GC(23)   Other: 0.2ms
[2024-07-05T19:29:52.369-0700][info][gc,heap     ] GC(23) Eden regions: 66->0(89)
[2024-07-05T19:29:52.369-0700][info][gc,heap     ] GC(23) Survivor regions: 13->13(13)
[2024-07-05T19:29:52.369-0700][info][gc,heap     ] GC(23) Old regions: 1441->1505
[2024-07-05T19:29:52.369-0700][info][gc,heap     ] GC(23) Archive regions: 2->2
[2024-07-05T19:29:52.369-0700][info][gc,heap     ] GC(23) Humongous regions: 7->7
[2024-07-05T19:29:52.369-0700][info][gc,metaspace] GC(23) Metaspace: 300K(512K)->300K(512K) NonClass: 293K(384K)->293K(384K) Class: 7K(128K)->7K(128K)
[2024-07-05T19:29:52.369-0700][info][gc          ] GC(23) Pause Young (Concurrent Start) (G1 Humongous Allocation) 6107M->6100M(8192M) 99.263ms
[2024-07-05T19:29:52.369-0700][info][gc,cpu      ] GC(23) User=0.27s Sys=0.08s Real=0.10s
[2024-07-05T19:29:52.369-0700][info][gc          ] GC(24) Concurrent Mark Cycle
[2024-07-05T19:29:52.369-0700][info][gc,marking  ] GC(24) Concurrent Clear Claimed Marks
[2024-07-05T19:29:52.369-0700][info][gc,marking  ] GC(24) Concurrent Clear Claimed Marks 0.025ms
[2024-07-05T19:29:52.369-0700][info][gc,marking  ] GC(24) Concurrent Scan Root Regions
[2024-07-05T19:29:52.386-0700][info][gc,marking  ] GC(24) Concurrent Scan Root Regions 16.053ms
[2024-07-05T19:29:52.386-0700][info][gc,marking  ] GC(24) Concurrent Mark
[2024-07-05T19:29:52.386-0700][info][gc,marking  ] GC(24) Concurrent Mark From Roots
[2024-07-05T19:29:52.386-0700][info][gc,task     ] GC(24) Using 1 workers of 1 for marking
[2024-07-05T19:29:52.980-0700][info][gc,marking  ] GC(24) Concurrent Mark From Roots 594.719ms
[2024-07-05T19:29:52.980-0700][info][gc,marking  ] GC(24) Concurrent Preclean
[2024-07-05T19:29:52.980-0700][info][gc,marking  ] GC(24) Concurrent Preclean 0.057ms
[2024-07-05T19:30:01.341-0700][info][gc,start    ] GC(24) Pause Remark
[2024-07-05T19:30:01.343-0700][info][gc          ] GC(24) Pause Remark 6128M->6104M(8192M) 1.826ms
[2024-07-05T19:30:01.343-0700][info][gc,cpu      ] GC(24) User=0.00s Sys=0.00s Real=0.00s
[2024-07-05T19:30:01.343-0700][info][gc,marking  ] GC(24) Concurrent Mark 8957.265ms
[2024-07-05T19:30:01.343-0700][info][gc,marking  ] GC(24) Concurrent Rebuild Remembered Sets
[2024-07-05T19:30:01.796-0700][info][gc,marking  ] GC(24) Concurrent Rebuild Remembered Sets 453.324ms
[2024-07-05T19:30:02.106-0700][info][gc,start    ] GC(24) Pause Cleanup
[2024-07-05T19:30:02.107-0700][info][gc          ] GC(24) Pause Cleanup 6104M->6104M(8192M) 1.058ms
[2024-07-05T19:30:02.107-0700][info][gc,cpu      ] GC(24) User=0.01s Sys=0.00s Real=0.00s
[2024-07-05T19:30:02.108-0700][info][gc,marking  ] GC(24) Concurrent Cleanup for Next Mark
[2024-07-05T19:30:02.164-0700][info][gc,marking  ] GC(24) Concurrent Cleanup for Next Mark 56.515ms
[2024-07-05T19:30:02.164-0700][info][gc          ] GC(24) Concurrent Mark Cycle 9794.676ms
[2024-07-05T19:32:48.560-0700][info][gc,start    ] GC(25) Pause Young (Prepare Mixed) (G1 Evacuation Pause)
[2024-07-05T19:32:48.560-0700][info][gc,task     ] GC(25) Using 4 workers of 4 for evacuation
[2024-07-05T19:32:48.739-0700][info][gc,phases   ] GC(25)   Pre Evacuate Collection Set: 0.3ms
[2024-07-05T19:32:48.739-0700][info][gc,phases   ] GC(25)   Merge Heap Roots: 0.2ms
[2024-07-05T19:32:48.739-0700][info][gc,phases   ] GC(25)   Evacuate Collection Set: 178.1ms
[2024-07-05T19:32:48.739-0700][info][gc,phases   ] GC(25)   Post Evacuate Collection Set: 0.4ms
[2024-07-05T19:32:48.739-0700][info][gc,phases   ] GC(25)   Other: 0.1ms
[2024-07-05T19:32:48.739-0700][info][gc,heap     ] GC(25) Eden regions: 89->0(89)
[2024-07-05T19:32:48.739-0700][info][gc,heap     ] GC(25) Survivor regions: 13->13(13)
[2024-07-05T19:32:48.739-0700][info][gc,heap     ] GC(25) Old regions: 1502->1589
[2024-07-05T19:32:48.739-0700][info][gc,heap     ] GC(25) Archive regions: 2->2
[2024-07-05T19:32:48.739-0700][info][gc,heap     ] GC(25) Humongous regions: 10->10
[2024-07-05T19:32:48.739-0700][info][gc,metaspace] GC(25) Metaspace: 300K(512K)->300K(512K) NonClass: 293K(384K)->293K(384K) Class: 7K(128K)->7K(128K)
[2024-07-05T19:32:48.739-0700][info][gc          ] GC(25) Pause Young (Prepare Mixed) (G1 Evacuation Pause) 6456M->6450M(8192M) 179.164ms
[2024-07-05T19:32:48.739-0700][info][gc,cpu      ] GC(25) User=0.33s Sys=0.37s Real=0.18s
[2024-07-05T19:35:21.986-0700][info][gc,start    ] GC(26) Pause Young (Mixed) (G1 Evacuation Pause)
[2024-07-05T19:35:21.986-0700][info][gc,task     ] GC(26) Using 4 workers of 4 for evacuation
[2024-07-05T19:35:22.249-0700][info][gc,mmu      ] GC(26) MMU target violated: 201.0ms (200.0ms/201.0ms)
[2024-07-05T19:35:22.249-0700][info][gc,phases   ] GC(26)   Pre Evacuate Collection Set: 0.3ms
[2024-07-05T19:35:22.249-0700][info][gc,phases   ] GC(26)   Merge Heap Roots: 0.2ms
[2024-07-05T19:35:22.249-0700][info][gc,phases   ] GC(26)   Evacuate Collection Set: 261.9ms
[2024-07-05T19:35:22.249-0700][info][gc,phases   ] GC(26)   Post Evacuate Collection Set: 0.5ms
[2024-07-05T19:35:22.249-0700][info][gc,phases   ] GC(26)   Other: 0.1ms
[2024-07-05T19:35:22.249-0700][info][gc,heap     ] GC(26) Eden regions: 89->0(89)
[2024-07-05T19:35:22.249-0700][info][gc,heap     ] GC(26) Survivor regions: 13->13(13)
[2024-07-05T19:35:22.249-0700][info][gc,heap     ] GC(26) Old regions: 1589->1613
[2024-07-05T19:35:22.249-0700][info][gc,heap     ] GC(26) Archive regions: 2->2
[2024-07-05T19:35:22.249-0700][info][gc,heap     ] GC(26) Humongous regions: 10->10
[2024-07-05T19:35:22.249-0700][info][gc,metaspace] GC(26) Metaspace: 300K(512K)->300K(512K) NonClass: 293K(384K)->293K(384K) Class: 7K(128K)->7K(128K)
[2024-07-05T19:35:22.249-0700][info][gc          ] GC(26) Pause Young (Mixed) (G1 Evacuation Pause) 6806M->6544M(8192M) 263.066ms
[2024-07-05T19:35:22.249-0700][info][gc,cpu      ] GC(26) User=0.51s Sys=0.50s Real=0.26s
[2024-07-05T19:37:53.481-0700][info][gc,start    ] GC(27) Pause Young (Mixed) (G1 Evacuation Pause)
[2024-07-05T19:37:53.481-0700][info][gc,task     ] GC(27) Using 4 workers of 4 for evacuation
[2024-07-05T19:37:53.663-0700][info][gc,phases   ] GC(27)   Pre Evacuate Collection Set: 0.4ms
[2024-07-05T19:37:53.663-0700][info][gc,phases   ] GC(27)   Merge Heap Roots: 0.4ms
[2024-07-05T19:37:53.663-0700][info][gc,phases   ] GC(27)   Evacuate Collection Set: 180.3ms
[2024-07-05T19:37:53.663-0700][info][gc,phases   ] GC(27)   Post Evacuate Collection Set: 0.7ms
[2024-07-05T19:37:53.663-0700][info][gc,phases   ] GC(27)   Other: 0.1ms
[2024-07-05T19:37:53.663-0700][info][gc,heap     ] GC(27) Eden regions: 89->0(89)
[2024-07-05T19:37:53.663-0700][info][gc,heap     ] GC(27) Survivor regions: 13->13(13)
[2024-07-05T19:37:53.663-0700][info][gc,heap     ] GC(27) Old regions: 1613->1643
[2024-07-05T19:37:53.663-0700][info][gc,heap     ] GC(27) Archive regions: 2->2
[2024-07-05T19:37:53.663-0700][info][gc,heap     ] GC(27) Humongous regions: 10->10
[2024-07-05T19:37:53.663-0700][info][gc,metaspace] GC(27) Metaspace: 300K(512K)->300K(512K) NonClass: 293K(384K)->293K(384K) Class: 7K(128K)->7K(128K)
[2024-07-05T19:37:53.663-0700][info][gc          ] GC(27) Pause Young (Mixed) (G1 Evacuation Pause) 6900M->6666M(8192M) 181.974ms
[2024-07-05T19:37:53.663-0700][info][gc,cpu      ] GC(27) User=0.45s Sys=0.23s Real=0.19s
[2024-07-05T19:40:09.853-0700][info][gc,start    ] GC(28) Pause Young (Mixed) (G1 Evacuation Pause)
[2024-07-05T19:40:09.853-0700][info][gc,task     ] GC(28) Using 4 workers of 4 for evacuation
[2024-07-05T19:40:10.044-0700][info][gc,phases   ] GC(28)   Pre Evacuate Collection Set: 0.3ms
[2024-07-05T19:40:10.044-0700][info][gc,phases   ] GC(28)   Merge Heap Roots: 0.4ms
[2024-07-05T19:40:10.044-0700][info][gc,phases   ] GC(28)   Evacuate Collection Set: 189.0ms
[2024-07-05T19:40:10.044-0700][info][gc,phases   ] GC(28)   Post Evacuate Collection Set: 0.6ms
[2024-07-05T19:40:10.044-0700][info][gc,phases   ] GC(28)   Other: 0.1ms
[2024-07-05T19:40:10.044-0700][info][gc,heap     ] GC(28) Eden regions: 89->0(89)
[2024-07-05T19:40:10.044-0700][info][gc,heap     ] GC(28) Survivor regions: 13->13(13)
[2024-07-05T19:40:10.044-0700][info][gc,heap     ] GC(28) Old regions: 1643->1678
[2024-07-05T19:40:10.044-0700][info][gc,heap     ] GC(28) Archive regions: 2->2
[2024-07-05T19:40:10.044-0700][info][gc,heap     ] GC(28) Humongous regions: 10->10
[2024-07-05T19:40:10.044-0700][info][gc,metaspace] GC(28) Metaspace: 304K(512K)->304K(512K) NonClass: 296K(384K)->296K(384K) Class: 7K(128K)->7K(128K)
[2024-07-05T19:40:10.044-0700][info][gc          ] GC(28) Pause Young (Mixed) (G1 Evacuation Pause) 7022M->6805M(8192M) 190.508ms
[2024-07-05T19:40:10.044-0700][info][gc,cpu      ] GC(28) User=0.45s Sys=0.25s Real=0.20s
[2024-07-05T19:42:18.105-0700][info][gc,start    ] GC(29) Pause Young (Mixed) (G1 Evacuation Pause)
[2024-07-05T19:42:18.105-0700][info][gc,task     ] GC(29) Using 4 workers of 4 for evacuation
[2024-07-05T19:42:18.290-0700][info][gc,phases   ] GC(29)   Pre Evacuate Collection Set: 0.7ms
[2024-07-05T19:42:18.290-0700][info][gc,phases   ] GC(29)   Merge Heap Roots: 0.3ms
[2024-07-05T19:42:18.290-0700][info][gc,phases   ] GC(29)   Evacuate Collection Set: 183.3ms
[2024-07-05T19:42:18.290-0700][info][gc,phases   ] GC(29)   Post Evacuate Collection Set: 0.6ms
[2024-07-05T19:42:18.290-0700][info][gc,phases   ] GC(29)   Other: 0.1ms
[2024-07-05T19:42:18.290-0700][info][gc,heap     ] GC(29) Eden regions: 89->0(89)
[2024-07-05T19:42:18.290-0700][info][gc,heap     ] GC(29) Survivor regions: 13->13(13)
[2024-07-05T19:42:18.290-0700][info][gc,heap     ] GC(29) Old regions: 1678->1716
[2024-07-05T19:42:18.290-0700][info][gc,heap     ] GC(29) Archive regions: 2->2
[2024-07-05T19:42:18.290-0700][info][gc,heap     ] GC(29) Humongous regions: 10->10
[2024-07-05T19:42:18.290-0700][info][gc,metaspace] GC(29) Metaspace: 304K(512K)->304K(512K) NonClass: 296K(384K)->296K(384K) Class: 7K(128K)->7K(128K)
[2024-07-05T19:42:18.290-0700][info][gc          ] GC(29) Pause Young (Mixed) (G1 Evacuation Pause) 7161M->6957M(8192M) 185.032ms
[2024-07-05T19:42:18.290-0700][info][gc,cpu      ] GC(29) User=0.43s Sys=0.27s Real=0.18s
[2024-07-05T19:42:25.395-0700][info][gc,heap,exit] Heap
[2024-07-05T19:42:25.395-0700][info][gc,heap,exit]  garbage-first heap   total 8388608K, used 7137250K [0x0000000600000000, 0x0000000800000000)
[2024-07-05T19:42:25.395-0700][info][gc,heap,exit]   region size 4096K, 16 young (65536K), 13 survivors (53248K)
[2024-07-05T19:42:25.395-0700][info][gc,heap,exit]  Metaspace       used 304K, committed 512K, reserved 1114112K
[2024-07-05T19:42:25.395-0700][info][gc,heap,exit]   class space    used 7K, committed 128K, reserved 1048576K
