[2024-07-06T13:37:55.677-0700][info][gc] Using G1
[2024-07-06T13:37:55.688-0700][info][gc,init] Version: 17.0.11+1-LTS (release)
[2024-07-06T13:37:55.688-0700][info][gc,init] CPUs: 4 total, 4 available
[2024-07-06T13:37:55.688-0700][info][gc,init] Memory: 15953M
[2024-07-06T13:37:55.688-0700][info][gc,init] Large Page Support: Disabled
[2024-07-06T13:37:55.688-0700][info][gc,init] NUMA Support: Disabled
[2024-07-06T13:37:55.688-0700][info][gc,init] Compressed Oops: Enabled (Zero based)
[2024-07-06T13:37:55.688-0700][info][gc,init] Heap Region Size: 4M
[2024-07-06T13:37:55.688-0700][info][gc,init] Heap Min Capacity: 4G
[2024-07-06T13:37:55.688-0700][info][gc,init] Heap Initial Capacity: 4G
[2024-07-06T13:37:55.688-0700][info][gc,init] Heap Max Capacity: 4G
[2024-07-06T13:37:55.688-0700][info][gc,init] Pre-touch: Disabled
[2024-07-06T13:37:55.688-0700][info][gc,init] Parallel Workers: 4
[2024-07-06T13:37:55.688-0700][info][gc,init] Concurrent Workers: 1
[2024-07-06T13:37:55.688-0700][info][gc,init] Concurrent Refinement Workers: 4
[2024-07-06T13:37:55.688-0700][info][gc,init] Periodic GC: Disabled
[2024-07-06T13:37:55.694-0700][info][gc,metaspace] CDS archive(s) mapped at: [0x00007fb6b3000000-0x00007fb6b3bbb000-0x00007fb6b3bbb000), size 12300288, SharedBaseAddress: 0x00007fb6b3000000, ArchiveRelocationMode: 1.
[2024-07-06T13:37:55.694-0700][info][gc,metaspace] Compressed class space mapped at: 0x00007fb6b4000000-0x00007fb6f4000000, reserved size: 1073741824
[2024-07-06T13:37:55.694-0700][info][gc,metaspace] Narrow klass base: 0x00007fb6b3000000, Narrow klass shift: 0, Narrow klass range: 0x100000000
[2024-07-06T13:37:56.039-0700][info][gc,start    ] GC(0) Pause Young (Normal) (G1 Evacuation Pause)
[2024-07-06T13:37:56.039-0700][info][gc,task     ] GC(0) Using 4 workers of 4 for evacuation
[2024-07-06T13:37:56.083-0700][info][gc,phases   ] GC(0)   Pre Evacuate Collection Set: 0.2ms
[2024-07-06T13:37:56.083-0700][info][gc,phases   ] GC(0)   Merge Heap Roots: 0.1ms
[2024-07-06T13:37:56.083-0700][info][gc,phases   ] GC(0)   Evacuate Collection Set: 42.9ms
[2024-07-06T13:37:56.083-0700][info][gc,phases   ] GC(0)   Post Evacuate Collection Set: 0.4ms
[2024-07-06T13:37:56.083-0700][info][gc,phases   ] GC(0)   Other: 0.6ms
[2024-07-06T13:37:56.083-0700][info][gc,heap     ] GC(0) Eden regions: 51->0(44)
[2024-07-06T13:37:56.083-0700][info][gc,heap     ] GC(0) Survivor regions: 0->7(7)
[2024-07-06T13:37:56.083-0700][info][gc,heap     ] GC(0) Old regions: 0->19
[2024-07-06T13:37:56.083-0700][info][gc,heap     ] GC(0) Archive regions: 2->2
[2024-07-06T13:37:56.083-0700][info][gc,heap     ] GC(0) Humongous regions: 0->0
[2024-07-06T13:37:56.083-0700][info][gc,metaspace] GC(0) Metaspace: 181K(384K)->181K(384K) NonClass: 174K(256K)->174K(256K) Class: 6K(128K)->6K(128K)
[2024-07-06T13:37:56.083-0700][info][gc          ] GC(0) Pause Young (Normal) (G1 Evacuation Pause) 207M->106M(4096M) 44.224ms
[2024-07-06T13:37:56.083-0700][info][gc,cpu      ] GC(0) User=0.09s Sys=0.07s Real=0.05s
[2024-07-06T13:37:56.716-0700][info][gc,start    ] GC(1) Pause Young (Normal) (G1 Evacuation Pause)
[2024-07-06T13:37:56.716-0700][info][gc,task     ] GC(1) Using 4 workers of 4 for evacuation
[2024-07-06T13:37:56.782-0700][info][gc,phases   ] GC(1)   Pre Evacuate Collection Set: 0.2ms
[2024-07-06T13:37:56.782-0700][info][gc,phases   ] GC(1)   Merge Heap Roots: 0.1ms
[2024-07-06T13:37:56.782-0700][info][gc,phases   ] GC(1)   Evacuate Collection Set: 64.9ms
[2024-07-06T13:37:56.782-0700][info][gc,phases   ] GC(1)   Post Evacuate Collection Set: 0.3ms
[2024-07-06T13:37:56.782-0700][info][gc,phases   ] GC(1)   Other: 0.1ms
[2024-07-06T13:37:56.782-0700][info][gc,heap     ] GC(1) Eden regions: 44->0(44)
[2024-07-06T13:37:56.782-0700][info][gc,heap     ] GC(1) Survivor regions: 7->7(7)
[2024-07-06T13:37:56.782-0700][info][gc,heap     ] GC(1) Old regions: 19->50
[2024-07-06T13:37:56.782-0700][info][gc,heap     ] GC(1) Archive regions: 2->2
[2024-07-06T13:37:56.782-0700][info][gc,heap     ] GC(1) Humongous regions: 0->0
[2024-07-06T13:37:56.782-0700][info][gc,metaspace] GC(1) Metaspace: 191K(384K)->191K(384K) NonClass: 184K(256K)->184K(256K) Class: 6K(128K)->6K(128K)
[2024-07-06T13:37:56.782-0700][info][gc          ] GC(1) Pause Young (Normal) (G1 Evacuation Pause) 282M->229M(4096M) 65.695ms
[2024-07-06T13:37:56.782-0700][info][gc,cpu      ] GC(1) User=0.12s Sys=0.13s Real=0.06s
[2024-07-06T13:37:57.864-0700][info][gc,start    ] GC(2) Pause Young (Normal) (G1 Evacuation Pause)
[2024-07-06T13:37:57.864-0700][info][gc,task     ] GC(2) Using 4 workers of 4 for evacuation
[2024-07-06T13:37:57.948-0700][info][gc,phases   ] GC(2)   Pre Evacuate Collection Set: 0.2ms
[2024-07-06T13:37:57.948-0700][info][gc,phases   ] GC(2)   Merge Heap Roots: 0.1ms
[2024-07-06T13:37:57.948-0700][info][gc,phases   ] GC(2)   Evacuate Collection Set: 83.0ms
[2024-07-06T13:37:57.948-0700][info][gc,phases   ] GC(2)   Post Evacuate Collection Set: 0.4ms
[2024-07-06T13:37:57.948-0700][info][gc,phases   ] GC(2)   Other: 0.1ms
[2024-07-06T13:37:57.948-0700][info][gc,heap     ] GC(2) Eden regions: 44->0(44)
[2024-07-06T13:37:57.948-0700][info][gc,heap     ] GC(2) Survivor regions: 7->7(7)
[2024-07-06T13:37:57.948-0700][info][gc,heap     ] GC(2) Old regions: 50->84
[2024-07-06T13:37:57.948-0700][info][gc,heap     ] GC(2) Archive regions: 2->2
[2024-07-06T13:37:57.948-0700][info][gc,heap     ] GC(2) Humongous regions: 0->0
[2024-07-06T13:37:57.948-0700][info][gc,metaspace] GC(2) Metaspace: 197K(384K)->197K(384K) NonClass: 190K(256K)->190K(256K) Class: 6K(128K)->6K(128K)
[2024-07-06T13:37:57.948-0700][info][gc          ] GC(2) Pause Young (Normal) (G1 Evacuation Pause) 405M->367M(4096M) 83.854ms
[2024-07-06T13:37:57.948-0700][info][gc,cpu      ] GC(2) User=0.15s Sys=0.16s Real=0.08s
[2024-07-06T13:37:59.441-0700][info][gc,start    ] GC(3) Pause Young (Normal) (G1 Evacuation Pause)
[2024-07-06T13:37:59.441-0700][info][gc,task     ] GC(3) Using 4 workers of 4 for evacuation
[2024-07-06T13:37:59.515-0700][info][gc,phases   ] GC(3)   Pre Evacuate Collection Set: 0.2ms
[2024-07-06T13:37:59.515-0700][info][gc,phases   ] GC(3)   Merge Heap Roots: 0.1ms
[2024-07-06T13:37:59.515-0700][info][gc,phases   ] GC(3)   Evacuate Collection Set: 72.6ms
[2024-07-06T13:37:59.515-0700][info][gc,phases   ] GC(3)   Post Evacuate Collection Set: 0.3ms
[2024-07-06T13:37:59.515-0700][info][gc,phases   ] GC(3)   Other: 0.1ms
[2024-07-06T13:37:59.515-0700][info][gc,heap     ] GC(3) Eden regions: 44->0(44)
[2024-07-06T13:37:59.515-0700][info][gc,heap     ] GC(3) Survivor regions: 7->7(7)
[2024-07-06T13:37:59.515-0700][info][gc,heap     ] GC(3) Old regions: 84->121
[2024-07-06T13:37:59.515-0700][info][gc,heap     ] GC(3) Archive regions: 2->2
[2024-07-06T13:37:59.515-0700][info][gc,heap     ] GC(3) Humongous regions: 1->1
[2024-07-06T13:37:59.515-0700][info][gc,metaspace] GC(3) Metaspace: 227K(448K)->227K(448K) NonClass: 220K(320K)->220K(320K) Class: 6K(128K)->6K(128K)
[2024-07-06T13:37:59.515-0700][info][gc          ] GC(3) Pause Young (Normal) (G1 Evacuation Pause) 547M->517M(4096M) 73.381ms
[2024-07-06T13:37:59.515-0700][info][gc,cpu      ] GC(3) User=0.12s Sys=0.17s Real=0.07s
[2024-07-06T13:38:01.415-0700][info][gc,start    ] GC(4) Pause Young (Normal) (G1 Evacuation Pause)
[2024-07-06T13:38:01.415-0700][info][gc,task     ] GC(4) Using 4 workers of 4 for evacuation
[2024-07-06T13:38:01.501-0700][info][gc,phases   ] GC(4)   Pre Evacuate Collection Set: 0.2ms
[2024-07-06T13:38:01.501-0700][info][gc,phases   ] GC(4)   Merge Heap Roots: 0.1ms
[2024-07-06T13:38:01.501-0700][info][gc,phases   ] GC(4)   Evacuate Collection Set: 85.1ms
[2024-07-06T13:38:01.501-0700][info][gc,phases   ] GC(4)   Post Evacuate Collection Set: 0.4ms
[2024-07-06T13:38:01.501-0700][info][gc,phases   ] GC(4)   Other: 0.2ms
[2024-07-06T13:38:01.501-0700][info][gc,heap     ] GC(4) Eden regions: 44->0(44)
[2024-07-06T13:38:01.501-0700][info][gc,heap     ] GC(4) Survivor regions: 7->7(7)
[2024-07-06T13:38:01.501-0700][info][gc,heap     ] GC(4) Old regions: 121->159
[2024-07-06T13:38:01.501-0700][info][gc,heap     ] GC(4) Archive regions: 2->2
[2024-07-06T13:38:01.501-0700][info][gc,heap     ] GC(4) Humongous regions: 1->1
[2024-07-06T13:38:01.501-0700][info][gc,metaspace] GC(4) Metaspace: 228K(448K)->228K(448K) NonClass: 221K(320K)->221K(320K) Class: 6K(128K)->6K(128K)
[2024-07-06T13:38:01.501-0700][info][gc          ] GC(4) Pause Young (Normal) (G1 Evacuation Pause) 693M->671M(4096M) 86.011ms
[2024-07-06T13:38:01.501-0700][info][gc,cpu      ] GC(4) User=0.15s Sys=0.17s Real=0.08s
[2024-07-06T13:38:04.120-0700][info][gc,start    ] GC(5) Pause Young (Normal) (G1 Evacuation Pause)
[2024-07-06T13:38:04.120-0700][info][gc,task     ] GC(5) Using 4 workers of 4 for evacuation
[2024-07-06T13:38:04.205-0700][info][gc,phases   ] GC(5)   Pre Evacuate Collection Set: 0.1ms
[2024-07-06T13:38:04.206-0700][info][gc,phases   ] GC(5)   Merge Heap Roots: 0.1ms
[2024-07-06T13:38:04.206-0700][info][gc,phases   ] GC(5)   Evacuate Collection Set: 85.1ms
[2024-07-06T13:38:04.206-0700][info][gc,phases   ] GC(5)   Post Evacuate Collection Set: 0.3ms
[2024-07-06T13:38:04.206-0700][info][gc,phases   ] GC(5)   Other: 0.1ms
[2024-07-06T13:38:04.206-0700][info][gc,heap     ] GC(5) Eden regions: 44->0(44)
[2024-07-06T13:38:04.206-0700][info][gc,heap     ] GC(5) Survivor regions: 7->7(7)
[2024-07-06T13:38:04.206-0700][info][gc,heap     ] GC(5) Old regions: 159->200
[2024-07-06T13:38:04.206-0700][info][gc,heap     ] GC(5) Archive regions: 2->2
[2024-07-06T13:38:04.206-0700][info][gc,heap     ] GC(5) Humongous regions: 2->2
[2024-07-06T13:38:04.206-0700][info][gc,metaspace] GC(5) Metaspace: 259K(448K)->259K(448K) NonClass: 252K(320K)->252K(320K) Class: 6K(128K)->6K(128K)
[2024-07-06T13:38:04.206-0700][info][gc          ] GC(5) Pause Young (Normal) (G1 Evacuation Pause) 851M->836M(4096M) 85.899ms
[2024-07-06T13:38:04.206-0700][info][gc,cpu      ] GC(5) User=0.14s Sys=0.20s Real=0.09s
[2024-07-06T13:38:07.470-0700][info][gc,start    ] GC(6) Pause Young (Normal) (G1 Evacuation Pause)
[2024-07-06T13:38:07.470-0700][info][gc,task     ] GC(6) Using 4 workers of 4 for evacuation
[2024-07-06T13:38:07.568-0700][info][gc,phases   ] GC(6)   Pre Evacuate Collection Set: 0.2ms
[2024-07-06T13:38:07.568-0700][info][gc,phases   ] GC(6)   Merge Heap Roots: 0.1ms
[2024-07-06T13:38:07.568-0700][info][gc,phases   ] GC(6)   Evacuate Collection Set: 97.4ms
[2024-07-06T13:38:07.568-0700][info][gc,phases   ] GC(6)   Post Evacuate Collection Set: 0.4ms
[2024-07-06T13:38:07.568-0700][info][gc,phases   ] GC(6)   Other: 0.2ms
[2024-07-06T13:38:07.568-0700][info][gc,heap     ] GC(6) Eden regions: 44->0(44)
[2024-07-06T13:38:07.568-0700][info][gc,heap     ] GC(6) Survivor regions: 7->7(7)
[2024-07-06T13:38:07.568-0700][info][gc,heap     ] GC(6) Old regions: 200->241
[2024-07-06T13:38:07.568-0700][info][gc,heap     ] GC(6) Archive regions: 2->2
[2024-07-06T13:38:07.568-0700][info][gc,heap     ] GC(6) Humongous regions: 2->2
[2024-07-06T13:38:07.568-0700][info][gc,metaspace] GC(6) Metaspace: 259K(448K)->259K(448K) NonClass: 253K(320K)->253K(320K) Class: 6K(128K)->6K(128K)
[2024-07-06T13:38:07.568-0700][info][gc          ] GC(6) Pause Young (Normal) (G1 Evacuation Pause) 1012M->1001M(4096M) 98.352ms
[2024-07-06T13:38:07.568-0700][info][gc,cpu      ] GC(6) User=0.16s Sys=0.22s Real=0.10s
[2024-07-06T13:38:13.087-0700][info][gc,start    ] GC(7) Pause Young (Normal) (G1 Evacuation Pause)
[2024-07-06T13:38:13.087-0700][info][gc,task     ] GC(7) Using 4 workers of 4 for evacuation
[2024-07-06T13:38:13.185-0700][info][gc,phases   ] GC(7)   Pre Evacuate Collection Set: 0.2ms
[2024-07-06T13:38:13.185-0700][info][gc,phases   ] GC(7)   Merge Heap Roots: 0.1ms
[2024-07-06T13:38:13.185-0700][info][gc,phases   ] GC(7)   Evacuate Collection Set: 97.3ms
[2024-07-06T13:38:13.185-0700][info][gc,phases   ] GC(7)   Post Evacuate Collection Set: 0.4ms
[2024-07-06T13:38:13.185-0700][info][gc,phases   ] GC(7)   Other: 0.1ms
[2024-07-06T13:38:13.185-0700][info][gc,heap     ] GC(7) Eden regions: 44->0(44)
[2024-07-06T13:38:13.185-0700][info][gc,heap     ] GC(7) Survivor regions: 7->7(7)
[2024-07-06T13:38:13.185-0700][info][gc,heap     ] GC(7) Old regions: 241->281
[2024-07-06T13:38:13.185-0700][info][gc,heap     ] GC(7) Archive regions: 2->2
[2024-07-06T13:38:13.185-0700][info][gc,heap     ] GC(7) Humongous regions: 2->2
[2024-07-06T13:38:13.185-0700][info][gc,metaspace] GC(7) Metaspace: 267K(448K)->267K(448K) NonClass: 261K(320K)->261K(320K) Class: 6K(128K)->6K(128K)
[2024-07-06T13:38:13.185-0700][info][gc          ] GC(7) Pause Young (Normal) (G1 Evacuation Pause) 1177M->1163M(4096M) 98.229ms
[2024-07-06T13:38:13.185-0700][info][gc,cpu      ] GC(7) User=0.20s Sys=0.18s Real=0.10s
[2024-07-06T13:38:21.706-0700][info][gc,start    ] GC(8) Pause Young (Normal) (G1 Evacuation Pause)
[2024-07-06T13:38:21.706-0700][info][gc,task     ] GC(8) Using 4 workers of 4 for evacuation
[2024-07-06T13:38:21.804-0700][info][gc,phases   ] GC(8)   Pre Evacuate Collection Set: 0.2ms
[2024-07-06T13:38:21.804-0700][info][gc,phases   ] GC(8)   Merge Heap Roots: 0.1ms
[2024-07-06T13:38:21.804-0700][info][gc,phases   ] GC(8)   Evacuate Collection Set: 97.0ms
[2024-07-06T13:38:21.804-0700][info][gc,phases   ] GC(8)   Post Evacuate Collection Set: 0.3ms
[2024-07-06T13:38:21.804-0700][info][gc,phases   ] GC(8)   Other: 0.1ms
[2024-07-06T13:38:21.804-0700][info][gc,heap     ] GC(8) Eden regions: 44->0(44)
[2024-07-06T13:38:21.804-0700][info][gc,heap     ] GC(8) Survivor regions: 7->7(7)
[2024-07-06T13:38:21.804-0700][info][gc,heap     ] GC(8) Old regions: 281->325
[2024-07-06T13:38:21.804-0700][info][gc,heap     ] GC(8) Archive regions: 2->2
[2024-07-06T13:38:21.804-0700][info][gc,heap     ] GC(8) Humongous regions: 4->4
[2024-07-06T13:38:21.804-0700][info][gc,metaspace] GC(8) Metaspace: 271K(512K)->271K(512K) NonClass: 264K(384K)->264K(384K) Class: 6K(128K)->6K(128K)
[2024-07-06T13:38:21.804-0700][info][gc          ] GC(8) Pause Young (Normal) (G1 Evacuation Pause) 1347M->1347M(4096M) 97.801ms
[2024-07-06T13:38:21.804-0700][info][gc,cpu      ] GC(8) User=0.16s Sys=0.22s Real=0.10s
[2024-07-06T13:38:29.396-0700][info][gc,start    ] GC(9) Pause Young (Normal) (G1 Evacuation Pause)
[2024-07-06T13:38:29.396-0700][info][gc,task     ] GC(9) Using 4 workers of 4 for evacuation
[2024-07-06T13:38:29.490-0700][info][gc,phases   ] GC(9)   Pre Evacuate Collection Set: 0.2ms
[2024-07-06T13:38:29.490-0700][info][gc,phases   ] GC(9)   Merge Heap Roots: 0.1ms
[2024-07-06T13:38:29.490-0700][info][gc,phases   ] GC(9)   Evacuate Collection Set: 92.6ms
[2024-07-06T13:38:29.490-0700][info][gc,phases   ] GC(9)   Post Evacuate Collection Set: 0.5ms
[2024-07-06T13:38:29.490-0700][info][gc,phases   ] GC(9)   Other: 0.1ms
[2024-07-06T13:38:29.490-0700][info][gc,heap     ] GC(9) Eden regions: 44->0(50)
[2024-07-06T13:38:29.490-0700][info][gc,heap     ] GC(9) Survivor regions: 7->7(7)
[2024-07-06T13:38:29.490-0700][info][gc,heap     ] GC(9) Old regions: 325->368
[2024-07-06T13:38:29.490-0700][info][gc,heap     ] GC(9) Archive regions: 2->2
[2024-07-06T13:38:29.490-0700][info][gc,heap     ] GC(9) Humongous regions: 4->4
[2024-07-06T13:38:29.490-0700][info][gc,metaspace] GC(9) Metaspace: 271K(512K)->271K(512K) NonClass: 264K(384K)->264K(384K) Class: 6K(128K)->6K(128K)
[2024-07-06T13:38:29.490-0700][info][gc          ] GC(9) Pause Young (Normal) (G1 Evacuation Pause) 1523M->1517M(4096M) 93.578ms
[2024-07-06T13:38:29.490-0700][info][gc,cpu      ] GC(9) User=0.16s Sys=0.20s Real=0.09s
[2024-07-06T13:38:40.663-0700][info][gc,start    ] GC(10) Pause Young (Normal) (G1 Evacuation Pause)
[2024-07-06T13:38:40.663-0700][info][gc,task     ] GC(10) Using 4 workers of 4 for evacuation
[2024-07-06T13:38:40.762-0700][info][gc,phases   ] GC(10)   Pre Evacuate Collection Set: 0.2ms
[2024-07-06T13:38:40.762-0700][info][gc,phases   ] GC(10)   Merge Heap Roots: 0.1ms
[2024-07-06T13:38:40.762-0700][info][gc,phases   ] GC(10)   Evacuate Collection Set: 98.8ms
[2024-07-06T13:38:40.762-0700][info][gc,phases   ] GC(10)   Post Evacuate Collection Set: 0.3ms
[2024-07-06T13:38:40.762-0700][info][gc,phases   ] GC(10)   Other: 0.1ms
[2024-07-06T13:38:40.762-0700][info][gc,heap     ] GC(10) Eden regions: 49->0(61)
[2024-07-06T13:38:40.762-0700][info][gc,heap     ] GC(10) Survivor regions: 7->7(7)
[2024-07-06T13:38:40.762-0700][info][gc,heap     ] GC(10) Old regions: 368->414
[2024-07-06T13:38:40.762-0700][info][gc,heap     ] GC(10) Archive regions: 2->2
[2024-07-06T13:38:40.762-0700][info][gc,heap     ] GC(10) Humongous regions: 4->4
[2024-07-06T13:38:40.762-0700][info][gc,metaspace] GC(10) Metaspace: 271K(512K)->271K(512K) NonClass: 264K(384K)->264K(384K) Class: 6K(128K)->6K(128K)
[2024-07-06T13:38:40.762-0700][info][gc          ] GC(10) Pause Young (Normal) (G1 Evacuation Pause) 1713M->1700M(4096M) 99.563ms
[2024-07-06T13:38:40.762-0700][info][gc,cpu      ] GC(10) User=0.15s Sys=0.23s Real=0.10s
[2024-07-06T13:38:52.396-0700][info][gc,start    ] GC(11) Pause Young (Normal) (G1 Evacuation Pause)
[2024-07-06T13:38:52.396-0700][info][gc,task     ] GC(11) Using 4 workers of 4 for evacuation
[2024-07-06T13:38:52.528-0700][info][gc,phases   ] GC(11)   Pre Evacuate Collection Set: 0.2ms
[2024-07-06T13:38:52.528-0700][info][gc,phases   ] GC(11)   Merge Heap Roots: 0.1ms
[2024-07-06T13:38:52.528-0700][info][gc,phases   ] GC(11)   Evacuate Collection Set: 131.5ms
[2024-07-06T13:38:52.528-0700][info][gc,phases   ] GC(11)   Post Evacuate Collection Set: 0.4ms
[2024-07-06T13:38:52.528-0700][info][gc,phases   ] GC(11)   Other: 0.1ms
[2024-07-06T13:38:52.528-0700][info][gc,heap     ] GC(11) Eden regions: 60->0(70)
[2024-07-06T13:38:52.528-0700][info][gc,heap     ] GC(11) Survivor regions: 7->9(9)
[2024-07-06T13:38:52.528-0700][info][gc,heap     ] GC(11) Old regions: 414->468
[2024-07-06T13:38:52.528-0700][info][gc,heap     ] GC(11) Archive regions: 2->2
[2024-07-06T13:38:52.528-0700][info][gc,heap     ] GC(11) Humongous regions: 4->4
[2024-07-06T13:38:52.528-0700][info][gc,metaspace] GC(11) Metaspace: 279K(512K)->279K(512K) NonClass: 272K(384K)->272K(384K) Class: 6K(128K)->6K(128K)
[2024-07-06T13:38:52.528-0700][info][gc          ] GC(11) Pause Young (Normal) (G1 Evacuation Pause) 1940M->1923M(4096M) 132.435ms
[2024-07-06T13:38:52.528-0700][info][gc,cpu      ] GC(11) User=0.19s Sys=0.31s Real=0.13s
[2024-07-06T13:39:07.731-0700][info][gc,start    ] GC(12) Pause Young (Concurrent Start) (G1 Humongous Allocation)
[2024-07-06T13:39:07.731-0700][info][gc,task     ] GC(12) Using 4 workers of 4 for evacuation
[2024-07-06T13:39:07.838-0700][info][gc,phases   ] GC(12)   Pre Evacuate Collection Set: 0.2ms
[2024-07-06T13:39:07.838-0700][info][gc,phases   ] GC(12)   Merge Heap Roots: 0.1ms
[2024-07-06T13:39:07.838-0700][info][gc,phases   ] GC(12)   Evacuate Collection Set: 106.8ms
[2024-07-06T13:39:07.838-0700][info][gc,phases   ] GC(12)   Post Evacuate Collection Set: 0.3ms
[2024-07-06T13:39:07.838-0700][info][gc,phases   ] GC(12)   Other: 0.2ms
[2024-07-06T13:39:07.838-0700][info][gc,heap     ] GC(12) Eden regions: 48->0(72)
[2024-07-06T13:39:07.838-0700][info][gc,heap     ] GC(12) Survivor regions: 9->10(10)
[2024-07-06T13:39:07.838-0700][info][gc,heap     ] GC(12) Old regions: 468->512
[2024-07-06T13:39:07.838-0700][info][gc,heap     ] GC(12) Archive regions: 2->2
[2024-07-06T13:39:07.838-0700][info][gc,heap     ] GC(12) Humongous regions: 4->4
[2024-07-06T13:39:07.838-0700][info][gc,metaspace] GC(12) Metaspace: 282K(512K)->282K(512K) NonClass: 276K(384K)->276K(384K) Class: 6K(128K)->6K(128K)
[2024-07-06T13:39:07.839-0700][info][gc          ] GC(12) Pause Young (Concurrent Start) (G1 Humongous Allocation) 2115M->2104M(4096M) 107.705ms
[2024-07-06T13:39:07.839-0700][info][gc,cpu      ] GC(12) User=0.19s Sys=0.22s Real=0.11s
[2024-07-06T13:39:07.839-0700][info][gc          ] GC(13) Concurrent Mark Cycle
[2024-07-06T13:39:07.839-0700][info][gc,marking  ] GC(13) Concurrent Clear Claimed Marks
[2024-07-06T13:39:07.839-0700][info][gc,marking  ] GC(13) Concurrent Clear Claimed Marks 0.008ms
[2024-07-06T13:39:07.839-0700][info][gc,marking  ] GC(13) Concurrent Scan Root Regions
[2024-07-06T13:39:07.853-0700][info][gc,marking  ] GC(13) Concurrent Scan Root Regions 14.062ms
[2024-07-06T13:39:07.853-0700][info][gc,marking  ] GC(13) Concurrent Mark
[2024-07-06T13:39:07.853-0700][info][gc,marking  ] GC(13) Concurrent Mark From Roots
[2024-07-06T13:39:07.853-0700][info][gc,task     ] GC(13) Using 1 workers of 1 for marking
[2024-07-06T13:39:08.108-0700][info][gc,marking  ] GC(13) Concurrent Mark From Roots 255.172ms
[2024-07-06T13:39:08.108-0700][info][gc,marking  ] GC(13) Concurrent Preclean
[2024-07-06T13:39:08.108-0700][info][gc,marking  ] GC(13) Concurrent Preclean 0.069ms
[2024-07-06T13:39:30.470-0700][info][gc,start    ] GC(13) Pause Remark
[2024-07-06T13:39:30.471-0700][info][gc          ] GC(13) Pause Remark 2118M->2110M(4096M) 0.867ms
[2024-07-06T13:39:30.471-0700][info][gc,cpu      ] GC(13) User=0.00s Sys=0.00s Real=0.00s
[2024-07-06T13:39:30.471-0700][info][gc,marking  ] GC(13) Concurrent Mark 22618.652ms
[2024-07-06T13:39:30.471-0700][info][gc,marking  ] GC(13) Concurrent Rebuild Remembered Sets
[2024-07-06T13:39:30.582-0700][info][gc,marking  ] GC(13) Concurrent Rebuild Remembered Sets 110.930ms
[2024-07-06T13:39:30.629-0700][info][gc,start    ] GC(13) Pause Cleanup
[2024-07-06T13:39:30.629-0700][info][gc          ] GC(13) Pause Cleanup 2120M->2120M(4096M) 0.449ms
[2024-07-06T13:39:30.629-0700][info][gc,cpu      ] GC(13) User=0.00s Sys=0.00s Real=0.00s
[2024-07-06T13:39:30.629-0700][info][gc,marking  ] GC(13) Concurrent Cleanup for Next Mark
[2024-07-06T13:39:30.660-0700][info][gc,marking  ] GC(13) Concurrent Cleanup for Next Mark 30.488ms
[2024-07-06T13:39:30.660-0700][info][gc          ] GC(13) Concurrent Mark Cycle 22821.177ms
[2024-07-06T13:40:00.133-0700][info][gc,start    ] GC(14) Pause Young (Prepare Mixed) (G1 Evacuation Pause)
[2024-07-06T13:40:00.133-0700][info][gc,task     ] GC(14) Using 4 workers of 4 for evacuation
[2024-07-06T13:40:00.287-0700][info][gc,phases   ] GC(14)   Pre Evacuate Collection Set: 0.2ms
[2024-07-06T13:40:00.287-0700][info][gc,phases   ] GC(14)   Merge Heap Roots: 0.1ms
[2024-07-06T13:40:00.287-0700][info][gc,phases   ] GC(14)   Evacuate Collection Set: 152.8ms
[2024-07-06T13:40:00.287-0700][info][gc,phases   ] GC(14)   Post Evacuate Collection Set: 0.4ms
[2024-07-06T13:40:00.287-0700][info][gc,phases   ] GC(14)   Other: 0.1ms
[2024-07-06T13:40:00.287-0700][info][gc,heap     ] GC(14) Eden regions: 77->0(40)
[2024-07-06T13:40:00.287-0700][info][gc,heap     ] GC(14) Survivor regions: 10->11(11)
[2024-07-06T13:40:00.287-0700][info][gc,heap     ] GC(14) Old regions: 512->584
[2024-07-06T13:40:00.287-0700][info][gc,heap     ] GC(14) Archive regions: 2->2
[2024-07-06T13:40:00.287-0700][info][gc,heap     ] GC(14) Humongous regions: 4->4
[2024-07-06T13:40:00.287-0700][info][gc,metaspace] GC(14) Metaspace: 291K(512K)->291K(512K) NonClass: 284K(384K)->284K(384K) Class: 6K(128K)->6K(128K)
[2024-07-06T13:40:00.287-0700][info][gc          ] GC(14) Pause Young (Prepare Mixed) (G1 Evacuation Pause) 2412M->2396M(4096M) 153.695ms
[2024-07-06T13:40:00.287-0700][info][gc,cpu      ] GC(14) User=0.25s Sys=0.35s Real=0.16s
[2024-07-06T13:40:22.808-0700][info][gc,start    ] GC(15) Pause Young (Mixed) (G1 Evacuation Pause)
[2024-07-06T13:40:22.808-0700][info][gc,task     ] GC(15) Using 4 workers of 4 for evacuation
[2024-07-06T13:40:22.980-0700][info][gc,phases   ] GC(15)   Pre Evacuate Collection Set: 0.2ms
[2024-07-06T13:40:22.980-0700][info][gc,phases   ] GC(15)   Merge Heap Roots: 0.1ms
[2024-07-06T13:40:22.980-0700][info][gc,phases   ] GC(15)   Evacuate Collection Set: 171.5ms
[2024-07-06T13:40:22.980-0700][info][gc,phases   ] GC(15)   Post Evacuate Collection Set: 0.7ms
[2024-07-06T13:40:22.980-0700][info][gc,phases   ] GC(15)   Other: 0.1ms
[2024-07-06T13:40:22.980-0700][info][gc,heap     ] GC(15) Eden regions: 40->0(44)
[2024-07-06T13:40:22.980-0700][info][gc,heap     ] GC(15) Survivor regions: 11->7(7)
[2024-07-06T13:40:22.980-0700][info][gc,heap     ] GC(15) Old regions: 584->544
[2024-07-06T13:40:22.980-0700][info][gc,heap     ] GC(15) Archive regions: 2->2
[2024-07-06T13:40:22.980-0700][info][gc,heap     ] GC(15) Humongous regions: 4->4
[2024-07-06T13:40:22.980-0700][info][gc,metaspace] GC(15) Metaspace: 291K(512K)->291K(512K) NonClass: 284K(384K)->284K(384K) Class: 6K(128K)->6K(128K)
[2024-07-06T13:40:22.980-0700][info][gc          ] GC(15) Pause Young (Mixed) (G1 Evacuation Pause) 2556M->2222M(4096M) 172.722ms
[2024-07-06T13:40:22.980-0700][info][gc,cpu      ] GC(15) User=0.30s Sys=0.37s Real=0.17s
[2024-07-06T13:40:48.120-0700][info][gc,start    ] GC(16) Pause Young (Mixed) (G1 Evacuation Pause)
[2024-07-06T13:40:48.120-0700][info][gc,task     ] GC(16) Using 4 workers of 4 for evacuation
[2024-07-06T13:40:48.213-0700][info][gc,phases   ] GC(16)   Pre Evacuate Collection Set: 0.2ms
[2024-07-06T13:40:48.213-0700][info][gc,phases   ] GC(16)   Merge Heap Roots: 0.1ms
[2024-07-06T13:40:48.213-0700][info][gc,phases   ] GC(16)   Evacuate Collection Set: 85.8ms
[2024-07-06T13:40:48.213-0700][info][gc,phases   ] GC(16)   Merge Optional Heap Roots: 0.1ms
[2024-07-06T13:40:48.213-0700][info][gc,phases   ] GC(16)   Evacuate Optional Collection Set: 6.4ms
[2024-07-06T13:40:48.213-0700][info][gc,phases   ] GC(16)   Post Evacuate Collection Set: 0.6ms
[2024-07-06T13:40:48.213-0700][info][gc,phases   ] GC(16)   Other: 0.1ms
[2024-07-06T13:40:48.213-0700][info][gc,heap     ] GC(16) Eden regions: 44->0(44)
[2024-07-06T13:40:48.213-0700][info][gc,heap     ] GC(16) Survivor regions: 7->7(7)
[2024-07-06T13:40:48.213-0700][info][gc,heap     ] GC(16) Old regions: 544->525
[2024-07-06T13:40:48.213-0700][info][gc,heap     ] GC(16) Archive regions: 2->2
[2024-07-06T13:40:48.213-0700][info][gc,heap     ] GC(16) Humongous regions: 4->4
[2024-07-06T13:40:48.213-0700][info][gc,metaspace] GC(16) Metaspace: 296K(512K)->296K(512K) NonClass: 290K(384K)->290K(384K) Class: 6K(128K)->6K(128K)
[2024-07-06T13:40:48.213-0700][info][gc          ] GC(16) Pause Young (Mixed) (G1 Evacuation Pause) 2398M->2143M(4096M) 93.357ms
[2024-07-06T13:40:48.213-0700][info][gc,cpu      ] GC(16) User=0.28s Sys=0.07s Real=0.09s
[2024-07-06T13:41:12.043-0700][info][gc,start    ] GC(17) Pause Young (Mixed) (G1 Evacuation Pause)
[2024-07-06T13:41:12.043-0700][info][gc,task     ] GC(17) Using 4 workers of 4 for evacuation
[2024-07-06T13:41:12.120-0700][info][gc,phases   ] GC(17)   Pre Evacuate Collection Set: 0.2ms
[2024-07-06T13:41:12.120-0700][info][gc,phases   ] GC(17)   Merge Heap Roots: 0.2ms
[2024-07-06T13:41:12.120-0700][info][gc,phases   ] GC(17)   Evacuate Collection Set: 76.5ms
[2024-07-06T13:41:12.120-0700][info][gc,phases   ] GC(17)   Post Evacuate Collection Set: 0.5ms
[2024-07-06T13:41:12.120-0700][info][gc,phases   ] GC(17)   Other: 0.1ms
[2024-07-06T13:41:12.120-0700][info][gc,heap     ] GC(17) Eden regions: 44->0(112)
[2024-07-06T13:41:12.120-0700][info][gc,heap     ] GC(17) Survivor regions: 7->7(7)
[2024-07-06T13:41:12.120-0700][info][gc,heap     ] GC(17) Old regions: 525->548
[2024-07-06T13:41:12.120-0700][info][gc,heap     ] GC(17) Archive regions: 2->2
[2024-07-06T13:41:12.120-0700][info][gc,heap     ] GC(17) Humongous regions: 4->4
[2024-07-06T13:41:12.120-0700][info][gc,metaspace] GC(17) Metaspace: 296K(512K)->296K(512K) NonClass: 290K(384K)->290K(384K) Class: 6K(128K)->6K(128K)
[2024-07-06T13:41:12.120-0700][info][gc          ] GC(17) Pause Young (Mixed) (G1 Evacuation Pause) 2319M->2238M(4096M) 77.563ms
[2024-07-06T13:41:12.120-0700][info][gc,cpu      ] GC(17) User=0.23s Sys=0.06s Real=0.08s
[2024-07-06T13:42:16.594-0700][info][gc,start    ] GC(18) Pause Young (Concurrent Start) (G1 Humongous Allocation)
[2024-07-06T13:42:16.594-0700][info][gc,task     ] GC(18) Using 4 workers of 4 for evacuation
[2024-07-06T13:42:16.699-0700][info][gc,phases   ] GC(18)   Pre Evacuate Collection Set: 0.2ms
[2024-07-06T13:42:16.699-0700][info][gc,phases   ] GC(18)   Merge Heap Roots: 0.2ms
[2024-07-06T13:42:16.699-0700][info][gc,phases   ] GC(18)   Evacuate Collection Set: 103.8ms
[2024-07-06T13:42:16.699-0700][info][gc,phases   ] GC(18)   Post Evacuate Collection Set: 0.5ms
[2024-07-06T13:42:16.699-0700][info][gc,phases   ] GC(18)   Other: 0.2ms
[2024-07-06T13:42:16.699-0700][info][gc,heap     ] GC(18) Eden regions: 97->0(84)
[2024-07-06T13:42:16.699-0700][info][gc,heap     ] GC(18) Survivor regions: 7->15(15)
[2024-07-06T13:42:16.699-0700][info][gc,heap     ] GC(18) Old regions: 548->630
[2024-07-06T13:42:16.699-0700][info][gc,heap     ] GC(18) Archive regions: 2->2
[2024-07-06T13:42:16.699-0700][info][gc,heap     ] GC(18) Humongous regions: 4->4
[2024-07-06T13:42:16.699-0700][info][gc,metaspace] GC(18) Metaspace: 301K(512K)->301K(512K) NonClass: 294K(384K)->294K(384K) Class: 7K(128K)->7K(128K)
[2024-07-06T13:42:16.699-0700][info][gc          ] GC(18) Pause Young (Concurrent Start) (G1 Humongous Allocation) 2624M->2599M(4096M) 104.934ms
[2024-07-06T13:42:16.699-0700][info][gc,cpu      ] GC(18) User=0.31s Sys=0.08s Real=0.11s
[2024-07-06T13:42:16.699-0700][info][gc          ] GC(19) Concurrent Mark Cycle
[2024-07-06T13:42:16.699-0700][info][gc,marking  ] GC(19) Concurrent Clear Claimed Marks
[2024-07-06T13:42:16.699-0700][info][gc,marking  ] GC(19) Concurrent Clear Claimed Marks 0.007ms
[2024-07-06T13:42:16.699-0700][info][gc,marking  ] GC(19) Concurrent Scan Root Regions
[2024-07-06T13:42:16.726-0700][info][gc,marking  ] GC(19) Concurrent Scan Root Regions 27.069ms
[2024-07-06T13:42:16.726-0700][info][gc,marking  ] GC(19) Concurrent Mark
[2024-07-06T13:42:16.726-0700][info][gc,marking  ] GC(19) Concurrent Mark From Roots
[2024-07-06T13:42:16.726-0700][info][gc,task     ] GC(19) Using 1 workers of 1 for marking
[2024-07-06T13:42:17.026-0700][info][gc,marking  ] GC(19) Concurrent Mark From Roots 300.249ms
[2024-07-06T13:42:17.027-0700][info][gc,marking  ] GC(19) Concurrent Preclean
[2024-07-06T13:42:17.027-0700][info][gc,marking  ] GC(19) Concurrent Preclean 0.063ms
[2024-07-06T13:42:18.573-0700][info][gc,start    ] GC(19) Pause Remark
[2024-07-06T13:42:18.574-0700][info][gc          ] GC(19) Pause Remark 2613M->2605M(4096M) 0.806ms
[2024-07-06T13:42:18.574-0700][info][gc,cpu      ] GC(19) User=0.00s Sys=0.00s Real=0.00s
[2024-07-06T13:42:18.574-0700][info][gc,marking  ] GC(19) Concurrent Mark 1847.520ms
[2024-07-06T13:42:18.574-0700][info][gc,marking  ] GC(19) Concurrent Rebuild Remembered Sets
[2024-07-06T13:42:18.799-0700][info][gc,marking  ] GC(19) Concurrent Rebuild Remembered Sets 225.432ms
[2024-07-06T13:42:19.092-0700][info][gc,start    ] GC(19) Pause Cleanup
[2024-07-06T13:42:19.092-0700][info][gc          ] GC(19) Pause Cleanup 2605M->2605M(4096M) 0.545ms
[2024-07-06T13:42:19.092-0700][info][gc,cpu      ] GC(19) User=0.00s Sys=0.00s Real=0.00s
[2024-07-06T13:42:19.092-0700][info][gc,marking  ] GC(19) Concurrent Cleanup for Next Mark
[2024-07-06T13:42:19.135-0700][info][gc,marking  ] GC(19) Concurrent Cleanup for Next Mark 42.393ms
[2024-07-06T13:42:19.135-0700][info][gc          ] GC(19) Concurrent Mark Cycle 2435.605ms
[2024-07-06T13:43:44.099-0700][info][gc,start    ] GC(20) Pause Young (Prepare Mixed) (G1 Evacuation Pause)
[2024-07-06T13:43:44.099-0700][info][gc,task     ] GC(20) Using 4 workers of 4 for evacuation
[2024-07-06T13:43:44.266-0700][info][gc,phases   ] GC(20)   Pre Evacuate Collection Set: 0.2ms
[2024-07-06T13:43:44.266-0700][info][gc,phases   ] GC(20)   Merge Heap Roots: 0.2ms
[2024-07-06T13:43:44.266-0700][info][gc,phases   ] GC(20)   Evacuate Collection Set: 166.2ms
[2024-07-06T13:43:44.266-0700][info][gc,phases   ] GC(20)   Post Evacuate Collection Set: 0.4ms
[2024-07-06T13:43:44.266-0700][info][gc,phases   ] GC(20)   Other: 0.1ms
[2024-07-06T13:43:44.266-0700][info][gc,heap     ] GC(20) Eden regions: 84->0(38)
[2024-07-06T13:43:44.266-0700][info][gc,heap     ] GC(20) Survivor regions: 15->13(13)
[2024-07-06T13:43:44.266-0700][info][gc,heap     ] GC(20) Old regions: 630->713
[2024-07-06T13:43:44.266-0700][info][gc,heap     ] GC(20) Archive regions: 2->2
[2024-07-06T13:43:44.266-0700][info][gc,heap     ] GC(20) Humongous regions: 5->5
[2024-07-06T13:43:44.266-0700][info][gc,metaspace] GC(20) Metaspace: 302K(512K)->302K(512K) NonClass: 295K(384K)->295K(384K) Class: 7K(128K)->7K(128K)
[2024-07-06T13:43:44.266-0700][info][gc          ] GC(20) Pause Young (Prepare Mixed) (G1 Evacuation Pause) 2939M->2926M(4096M) 167.211ms
[2024-07-06T13:43:44.266-0700][info][gc,cpu      ] GC(20) User=0.35s Sys=0.29s Real=0.17s
[2024-07-06T13:44:19.629-0700][info][gc,start    ] GC(21) Pause Young (Mixed) (G1 Evacuation Pause)
[2024-07-06T13:44:19.629-0700][info][gc,task     ] GC(21) Using 4 workers of 4 for evacuation
[2024-07-06T13:44:19.837-0700][info][gc,phases   ] GC(21)   Pre Evacuate Collection Set: 0.2ms
[2024-07-06T13:44:19.837-0700][info][gc,phases   ] GC(21)   Merge Heap Roots: 0.2ms
[2024-07-06T13:44:19.837-0700][info][gc,phases   ] GC(21)   Evacuate Collection Set: 207.3ms
[2024-07-06T13:44:19.837-0700][info][gc,phases   ] GC(21)   Post Evacuate Collection Set: 0.6ms
[2024-07-06T13:44:19.837-0700][info][gc,phases   ] GC(21)   Other: 0.1ms
[2024-07-06T13:44:19.837-0700][info][gc,heap     ] GC(21) Eden regions: 38->0(44)
[2024-07-06T13:44:19.837-0700][info][gc,heap     ] GC(21) Survivor regions: 13->7(7)
[2024-07-06T13:44:19.837-0700][info][gc,heap     ] GC(21) Old regions: 713->697
[2024-07-06T13:44:19.837-0700][info][gc,heap     ] GC(21) Archive regions: 2->2
[2024-07-06T13:44:19.837-0700][info][gc,heap     ] GC(21) Humongous regions: 5->5
[2024-07-06T13:44:19.837-0700][info][gc,metaspace] GC(21) Metaspace: 302K(512K)->302K(512K) NonClass: 295K(384K)->295K(384K) Class: 7K(128K)->7K(128K)
[2024-07-06T13:44:19.837-0700][info][gc          ] GC(21) Pause Young (Mixed) (G1 Evacuation Pause) 3078M->2838M(4096M) 208.413ms
[2024-07-06T13:44:19.837-0700][info][gc,cpu      ] GC(21) User=0.40s Sys=0.39s Real=0.21s
[2024-07-06T13:45:01.080-0700][info][gc,start    ] GC(22) Pause Young (Mixed) (G1 Evacuation Pause)
[2024-07-06T13:45:01.080-0700][info][gc,task     ] GC(22) Using 4 workers of 4 for evacuation
[2024-07-06T13:45:01.234-0700][info][gc,phases   ] GC(22)   Pre Evacuate Collection Set: 0.2ms
[2024-07-06T13:45:01.234-0700][info][gc,phases   ] GC(22)   Merge Heap Roots: 0.2ms
[2024-07-06T13:45:01.234-0700][info][gc,phases   ] GC(22)   Evacuate Collection Set: 153.1ms
[2024-07-06T13:45:01.234-0700][info][gc,phases   ] GC(22)   Post Evacuate Collection Set: 0.7ms
[2024-07-06T13:45:01.235-0700][info][gc,phases   ] GC(22)   Other: 0.5ms
[2024-07-06T13:45:01.235-0700][info][gc,heap     ] GC(22) Eden regions: 44->0(44)
[2024-07-06T13:45:01.235-0700][info][gc,heap     ] GC(22) Survivor regions: 7->7(7)
[2024-07-06T13:45:01.235-0700][info][gc,heap     ] GC(22) Old regions: 697->695
[2024-07-06T13:45:01.235-0700][info][gc,heap     ] GC(22) Archive regions: 2->2
[2024-07-06T13:45:01.235-0700][info][gc,heap     ] GC(22) Humongous regions: 5->5
[2024-07-06T13:45:01.235-0700][info][gc,metaspace] GC(22) Metaspace: 302K(512K)->302K(512K) NonClass: 295K(384K)->295K(384K) Class: 7K(128K)->7K(128K)
[2024-07-06T13:45:01.235-0700][info][gc          ] GC(22) Pause Young (Mixed) (G1 Evacuation Pause) 3014M->2831M(4096M) 154.926ms
[2024-07-06T13:45:01.235-0700][info][gc,cpu      ] GC(22) User=0.47s Sys=0.07s Real=0.15s
[2024-07-06T13:45:38.112-0700][info][gc,start    ] GC(23) Pause Young (Mixed) (G1 Evacuation Pause)
[2024-07-06T13:45:38.112-0700][info][gc,task     ] GC(23) Using 4 workers of 4 for evacuation
[2024-07-06T13:45:38.221-0700][info][gc,phases   ] GC(23)   Pre Evacuate Collection Set: 0.2ms
[2024-07-06T13:45:38.221-0700][info][gc,phases   ] GC(23)   Merge Heap Roots: 0.2ms
[2024-07-06T13:45:38.221-0700][info][gc,phases   ] GC(23)   Evacuate Collection Set: 108.0ms
[2024-07-06T13:45:38.221-0700][info][gc,phases   ] GC(23)   Post Evacuate Collection Set: 0.5ms
[2024-07-06T13:45:38.221-0700][info][gc,phases   ] GC(23)   Other: 0.1ms
[2024-07-06T13:45:38.221-0700][info][gc,heap     ] GC(23) Eden regions: 44->0(62)
[2024-07-06T13:45:38.221-0700][info][gc,heap     ] GC(23) Survivor regions: 7->7(7)
[2024-07-06T13:45:38.221-0700][info][gc,heap     ] GC(23) Old regions: 695->709
[2024-07-06T13:45:38.221-0700][info][gc,heap     ] GC(23) Archive regions: 2->2
[2024-07-06T13:45:38.221-0700][info][gc,heap     ] GC(23) Humongous regions: 5->5
[2024-07-06T13:45:38.221-0700][info][gc,metaspace] GC(23) Metaspace: 302K(512K)->302K(512K) NonClass: 295K(384K)->295K(384K) Class: 7K(128K)->7K(128K)
[2024-07-06T13:45:38.221-0700][info][gc          ] GC(23) Pause Young (Mixed) (G1 Evacuation Pause) 3007M->2884M(4096M) 109.030ms
[2024-07-06T13:45:38.221-0700][info][gc,cpu      ] GC(23) User=0.37s Sys=0.03s Real=0.11s
[2024-07-06T13:46:28.820-0700][info][gc,start    ] GC(24) Pause Young (Concurrent Start) (G1 Evacuation Pause)
[2024-07-06T13:46:28.820-0700][info][gc,task     ] GC(24) Using 4 workers of 4 for evacuation
[2024-07-06T13:46:28.886-0700][info][gc,phases   ] GC(24)   Pre Evacuate Collection Set: 0.2ms
[2024-07-06T13:46:28.886-0700][info][gc,phases   ] GC(24)   Merge Heap Roots: 0.1ms
[2024-07-06T13:46:28.886-0700][info][gc,phases   ] GC(24)   Evacuate Collection Set: 65.1ms
[2024-07-06T13:46:28.886-0700][info][gc,phases   ] GC(24)   Post Evacuate Collection Set: 0.4ms
[2024-07-06T13:46:28.886-0700][info][gc,phases   ] GC(24)   Other: 0.1ms
[2024-07-06T13:46:28.886-0700][info][gc,heap     ] GC(24) Eden regions: 62->0(42)
[2024-07-06T13:46:28.886-0700][info][gc,heap     ] GC(24) Survivor regions: 7->9(9)
[2024-07-06T13:46:28.886-0700][info][gc,heap     ] GC(24) Old regions: 709->767
[2024-07-06T13:46:28.886-0700][info][gc,heap     ] GC(24) Archive regions: 2->2
[2024-07-06T13:46:28.886-0700][info][gc,heap     ] GC(24) Humongous regions: 5->5
[2024-07-06T13:46:28.886-0700][info][gc,metaspace] GC(24) Metaspace: 302K(512K)->302K(512K) NonClass: 295K(384K)->295K(384K) Class: 7K(128K)->7K(128K)
[2024-07-06T13:46:28.886-0700][info][gc          ] GC(24) Pause Young (Concurrent Start) (G1 Evacuation Pause) 3132M->3124M(4096M) 66.018ms
[2024-07-06T13:46:28.886-0700][info][gc,cpu      ] GC(24) User=0.18s Sys=0.07s Real=0.07s
[2024-07-06T13:46:28.886-0700][info][gc          ] GC(25) Concurrent Mark Cycle
[2024-07-06T13:46:28.886-0700][info][gc,marking  ] GC(25) Concurrent Clear Claimed Marks
[2024-07-06T13:46:28.886-0700][info][gc,marking  ] GC(25) Concurrent Clear Claimed Marks 0.007ms
[2024-07-06T13:46:28.886-0700][info][gc,marking  ] GC(25) Concurrent Scan Root Regions
[2024-07-06T13:46:28.900-0700][info][gc,marking  ] GC(25) Concurrent Scan Root Regions 13.796ms
[2024-07-06T13:46:28.900-0700][info][gc,marking  ] GC(25) Concurrent Mark
[2024-07-06T13:46:28.900-0700][info][gc,marking  ] GC(25) Concurrent Mark From Roots
[2024-07-06T13:46:28.900-0700][info][gc,task     ] GC(25) Using 1 workers of 1 for marking
[2024-07-06T13:46:29.305-0700][info][gc,marking  ] GC(25) Concurrent Mark From Roots 405.162ms
[2024-07-06T13:46:29.305-0700][info][gc,marking  ] GC(25) Concurrent Preclean
[2024-07-06T13:46:29.305-0700][info][gc,marking  ] GC(25) Concurrent Preclean 0.059ms
[2024-07-06T13:46:30.618-0700][info][gc,start    ] GC(25) Pause Remark
[2024-07-06T13:46:30.618-0700][info][gc          ] GC(25) Pause Remark 3130M->3122M(4096M) 0.834ms
[2024-07-06T13:46:30.619-0700][info][gc,cpu      ] GC(25) User=0.00s Sys=0.00s Real=0.00s
[2024-07-06T13:46:30.619-0700][info][gc,marking  ] GC(25) Concurrent Mark 1718.964ms
[2024-07-06T13:46:30.619-0700][info][gc,marking  ] GC(25) Concurrent Rebuild Remembered Sets
[2024-07-06T13:46:30.943-0700][info][gc,marking  ] GC(25) Concurrent Rebuild Remembered Sets 324.294ms
[2024-07-06T13:46:31.064-0700][info][gc,start    ] GC(25) Pause Cleanup
[2024-07-06T13:46:31.064-0700][info][gc          ] GC(25) Pause Cleanup 3122M->3122M(4096M) 0.694ms
[2024-07-06T13:46:31.064-0700][info][gc,cpu      ] GC(25) User=0.00s Sys=0.00s Real=0.00s
[2024-07-06T13:46:31.064-0700][info][gc,marking  ] GC(25) Concurrent Cleanup for Next Mark
[2024-07-06T13:46:31.069-0700][info][gc,marking  ] GC(25) Concurrent Cleanup for Next Mark 4.256ms
[2024-07-06T13:46:31.069-0700][info][gc          ] GC(25) Concurrent Mark Cycle 2183.072ms
[2024-07-06T13:47:01.503-0700][info][gc,start    ] GC(26) Pause Young (Prepare Mixed) (G1 Evacuation Pause)
[2024-07-06T13:47:01.503-0700][info][gc,task     ] GC(26) Using 4 workers of 4 for evacuation
[2024-07-06T13:47:01.560-0700][info][gc,phases   ] GC(26)   Pre Evacuate Collection Set: 0.2ms
[2024-07-06T13:47:01.560-0700][info][gc,phases   ] GC(26)   Merge Heap Roots: 0.1ms
[2024-07-06T13:47:01.560-0700][info][gc,phases   ] GC(26)   Evacuate Collection Set: 55.8ms
[2024-07-06T13:47:01.560-0700][info][gc,phases   ] GC(26)   Post Evacuate Collection Set: 0.4ms
[2024-07-06T13:47:01.560-0700][info][gc,phases   ] GC(26)   Other: 0.1ms
[2024-07-06T13:47:01.560-0700][info][gc,heap     ] GC(26) Eden regions: 42->0(44)
[2024-07-06T13:47:01.560-0700][info][gc,heap     ] GC(26) Survivor regions: 9->7(7)
[2024-07-06T13:47:01.560-0700][info][gc,heap     ] GC(26) Old regions: 767->810
[2024-07-06T13:47:01.560-0700][info][gc,heap     ] GC(26) Archive regions: 2->2
[2024-07-06T13:47:01.560-0700][info][gc,heap     ] GC(26) Humongous regions: 3->3
[2024-07-06T13:47:01.560-0700][info][gc,metaspace] GC(26) Metaspace: 302K(512K)->302K(512K) NonClass: 295K(384K)->295K(384K) Class: 7K(128K)->7K(128K)
[2024-07-06T13:47:01.560-0700][info][gc          ] GC(26) Pause Young (Prepare Mixed) (G1 Evacuation Pause) 3284M->3279M(4096M) 56.772ms
[2024-07-06T13:47:01.560-0700][info][gc,cpu      ] GC(26) User=0.16s Sys=0.05s Real=0.06s
[2024-07-06T13:47:36.052-0700][info][gc,start    ] GC(27) Pause Young (Mixed) (G1 Evacuation Pause)
[2024-07-06T13:47:36.052-0700][info][gc,task     ] GC(27) Using 4 workers of 4 for evacuation
[2024-07-06T13:47:36.266-0700][info][gc,phases   ] GC(27)   Pre Evacuate Collection Set: 0.2ms
[2024-07-06T13:47:36.267-0700][info][gc,phases   ] GC(27)   Merge Heap Roots: 0.2ms
[2024-07-06T13:47:36.267-0700][info][gc,phases   ] GC(27)   Evacuate Collection Set: 213.2ms
[2024-07-06T13:47:36.267-0700][info][gc,phases   ] GC(27)   Post Evacuate Collection Set: 0.6ms
[2024-07-06T13:47:36.267-0700][info][gc,phases   ] GC(27)   Other: 0.1ms
[2024-07-06T13:47:36.267-0700][info][gc,heap     ] GC(27) Eden regions: 44->0(44)
[2024-07-06T13:47:36.267-0700][info][gc,heap     ] GC(27) Survivor regions: 7->7(7)
[2024-07-06T13:47:36.267-0700][info][gc,heap     ] GC(27) Old regions: 810->802
[2024-07-06T13:47:36.267-0700][info][gc,heap     ] GC(27) Archive regions: 2->2
[2024-07-06T13:47:36.267-0700][info][gc,heap     ] GC(27) Humongous regions: 3->3
[2024-07-06T13:47:36.267-0700][info][gc,metaspace] GC(27) Metaspace: 302K(512K)->302K(512K) NonClass: 295K(384K)->295K(384K) Class: 7K(128K)->7K(128K)
[2024-07-06T13:47:36.267-0700][info][gc          ] GC(27) Pause Young (Mixed) (G1 Evacuation Pause) 3455M->3250M(4096M) 214.406ms
[2024-07-06T13:47:36.267-0700][info][gc,cpu      ] GC(27) User=0.41s Sys=0.42s Real=0.22s
[2024-07-06T13:48:10.211-0700][info][gc,start    ] GC(28) Pause Young (Mixed) (G1 Evacuation Pause)
[2024-07-06T13:48:10.211-0700][info][gc,task     ] GC(28) Using 4 workers of 4 for evacuation
[2024-07-06T13:48:10.322-0700][info][gc,phases   ] GC(28)   Pre Evacuate Collection Set: 0.2ms
[2024-07-06T13:48:10.322-0700][info][gc,phases   ] GC(28)   Merge Heap Roots: 0.2ms
[2024-07-06T13:48:10.322-0700][info][gc,phases   ] GC(28)   Evacuate Collection Set: 109.3ms
[2024-07-06T13:48:10.322-0700][info][gc,phases   ] GC(28)   Post Evacuate Collection Set: 0.6ms
[2024-07-06T13:48:10.322-0700][info][gc,phases   ] GC(28)   Other: 0.1ms
[2024-07-06T13:48:10.322-0700][info][gc,heap     ] GC(28) Eden regions: 44->0(44)
[2024-07-06T13:48:10.322-0700][info][gc,heap     ] GC(28) Survivor regions: 7->7(7)
[2024-07-06T13:48:10.322-0700][info][gc,heap     ] GC(28) Old regions: 802->798
[2024-07-06T13:48:10.322-0700][info][gc,heap     ] GC(28) Archive regions: 2->2
[2024-07-06T13:48:10.322-0700][info][gc,heap     ] GC(28) Humongous regions: 3->3
[2024-07-06T13:48:10.322-0700][info][gc,metaspace] GC(28) Metaspace: 302K(512K)->302K(512K) NonClass: 295K(384K)->295K(384K) Class: 7K(128K)->7K(128K)
[2024-07-06T13:48:10.322-0700][info][gc          ] GC(28) Pause Young (Mixed) (G1 Evacuation Pause) 3426M->3235M(4096M) 110.530ms
[2024-07-06T13:48:10.322-0700][info][gc,cpu      ] GC(28) User=0.34s Sys=0.06s Real=0.11s
[2024-07-06T13:48:57.677-0700][info][gc,start    ] GC(29) Pause Young (Mixed) (G1 Evacuation Pause)
[2024-07-06T13:48:57.677-0700][info][gc,task     ] GC(29) Using 4 workers of 4 for evacuation
[2024-07-06T13:48:57.790-0700][info][gc,phases   ] GC(29)   Pre Evacuate Collection Set: 0.2ms
[2024-07-06T13:48:57.790-0700][info][gc,phases   ] GC(29)   Merge Heap Roots: 0.2ms
[2024-07-06T13:48:57.790-0700][info][gc,phases   ] GC(29)   Evacuate Collection Set: 111.9ms
[2024-07-06T13:48:57.790-0700][info][gc,phases   ] GC(29)   Post Evacuate Collection Set: 0.6ms
[2024-07-06T13:48:57.790-0700][info][gc,phases   ] GC(29)   Other: 0.1ms
[2024-07-06T13:48:57.790-0700][info][gc,heap     ] GC(29) Eden regions: 44->0(44)
[2024-07-06T13:48:57.790-0700][info][gc,heap     ] GC(29) Survivor regions: 7->7(7)
[2024-07-06T13:48:57.790-0700][info][gc,heap     ] GC(29) Old regions: 798->801
[2024-07-06T13:48:57.790-0700][info][gc,heap     ] GC(29) Archive regions: 2->2
[2024-07-06T13:48:57.790-0700][info][gc,heap     ] GC(29) Humongous regions: 3->3
[2024-07-06T13:48:57.790-0700][info][gc,metaspace] GC(29) Metaspace: 302K(512K)->302K(512K) NonClass: 295K(384K)->295K(384K) Class: 7K(128K)->7K(128K)
[2024-07-06T13:48:57.790-0700][info][gc          ] GC(29) Pause Young (Mixed) (G1 Evacuation Pause) 3411M->3247M(4096M) 113.010ms
[2024-07-06T13:48:57.790-0700][info][gc,cpu      ] GC(29) User=0.32s Sys=0.10s Real=0.11s
[2024-07-06T13:49:48.438-0700][info][gc,start    ] GC(30) Pause Young (Mixed) (G1 Evacuation Pause)
[2024-07-06T13:49:48.438-0700][info][gc,task     ] GC(30) Using 4 workers of 4 for evacuation
[2024-07-06T13:49:48.516-0700][info][gc,phases   ] GC(30)   Pre Evacuate Collection Set: 0.2ms
[2024-07-06T13:49:48.516-0700][info][gc,phases   ] GC(30)   Merge Heap Roots: 0.2ms
[2024-07-06T13:49:48.516-0700][info][gc,phases   ] GC(30)   Evacuate Collection Set: 77.1ms
[2024-07-06T13:49:48.516-0700][info][gc,phases   ] GC(30)   Post Evacuate Collection Set: 0.4ms
[2024-07-06T13:49:48.516-0700][info][gc,phases   ] GC(30)   Other: 0.1ms
[2024-07-06T13:49:48.516-0700][info][gc,heap     ] GC(30) Eden regions: 44->0(44)
[2024-07-06T13:49:48.516-0700][info][gc,heap     ] GC(30) Survivor regions: 7->7(7)
[2024-07-06T13:49:48.516-0700][info][gc,heap     ] GC(30) Old regions: 801->838
[2024-07-06T13:49:48.516-0700][info][gc,heap     ] GC(30) Archive regions: 2->2
[2024-07-06T13:49:48.516-0700][info][gc,heap     ] GC(30) Humongous regions: 7->7
[2024-07-06T13:49:48.516-0700][info][gc,metaspace] GC(30) Metaspace: 302K(512K)->302K(512K) NonClass: 295K(384K)->295K(384K) Class: 7K(128K)->7K(128K)
[2024-07-06T13:49:48.516-0700][info][gc          ] GC(30) Pause Young (Mixed) (G1 Evacuation Pause) 3439M->3410M(4096M) 78.068ms
[2024-07-06T13:49:48.516-0700][info][gc,cpu      ] GC(30) User=0.25s Sys=0.04s Real=0.08s
[2024-07-06T13:50:31.990-0700][info][gc,start    ] GC(31) Pause Young (Normal) (G1 Evacuation Pause)
[2024-07-06T13:50:31.990-0700][info][gc,task     ] GC(31) Using 4 workers of 4 for evacuation
[2024-07-06T13:50:32.040-0700][info][gc,phases   ] GC(31)   Pre Evacuate Collection Set: 0.2ms
[2024-07-06T13:50:32.040-0700][info][gc,phases   ] GC(31)   Merge Heap Roots: 0.1ms
[2024-07-06T13:50:32.040-0700][info][gc,phases   ] GC(31)   Evacuate Collection Set: 48.9ms
[2024-07-06T13:50:32.040-0700][info][gc,phases   ] GC(31)   Post Evacuate Collection Set: 0.4ms
[2024-07-06T13:50:32.040-0700][info][gc,phases   ] GC(31)   Other: 0.1ms
[2024-07-06T13:50:32.040-0700][info][gc,heap     ] GC(31) Eden regions: 44->0(44)
[2024-07-06T13:50:32.040-0700][info][gc,heap     ] GC(31) Survivor regions: 7->7(7)
[2024-07-06T13:50:32.040-0700][info][gc,heap     ] GC(31) Old regions: 838->882
[2024-07-06T13:50:32.040-0700][info][gc,heap     ] GC(31) Archive regions: 2->2
[2024-07-06T13:50:32.040-0700][info][gc,heap     ] GC(31) Humongous regions: 7->7
[2024-07-06T13:50:32.040-0700][info][gc,metaspace] GC(31) Metaspace: 302K(512K)->302K(512K) NonClass: 295K(384K)->295K(384K) Class: 7K(128K)->7K(128K)
[2024-07-06T13:50:32.040-0700][info][gc          ] GC(31) Pause Young (Normal) (G1 Evacuation Pause) 3586M->3586M(4096M) 49.746ms
[2024-07-06T13:50:32.040-0700][info][gc,cpu      ] GC(31) User=0.11s Sys=0.07s Real=0.05s
[2024-07-06T13:51:10.813-0700][info][gc,start    ] GC(32) Pause Young (Concurrent Start) (G1 Evacuation Pause)
[2024-07-06T13:51:10.814-0700][info][gc,task     ] GC(32) Using 4 workers of 4 for evacuation
[2024-07-06T13:51:10.867-0700][info][gc,phases   ] GC(32)   Pre Evacuate Collection Set: 0.2ms
[2024-07-06T13:51:10.867-0700][info][gc,phases   ] GC(32)   Merge Heap Roots: 0.1ms
[2024-07-06T13:51:10.867-0700][info][gc,phases   ] GC(32)   Evacuate Collection Set: 52.3ms
[2024-07-06T13:51:10.867-0700][info][gc,phases   ] GC(32)   Post Evacuate Collection Set: 0.3ms
[2024-07-06T13:51:10.867-0700][info][gc,phases   ] GC(32)   Other: 0.1ms
[2024-07-06T13:51:10.867-0700][info][gc,heap     ] GC(32) Eden regions: 44->0(44)
[2024-07-06T13:51:10.867-0700][info][gc,heap     ] GC(32) Survivor regions: 7->7(7)
[2024-07-06T13:51:10.867-0700][info][gc,heap     ] GC(32) Old regions: 882->925
[2024-07-06T13:51:10.867-0700][info][gc,heap     ] GC(32) Archive regions: 2->2
[2024-07-06T13:51:10.867-0700][info][gc,heap     ] GC(32) Humongous regions: 7->7
[2024-07-06T13:51:10.867-0700][info][gc,metaspace] GC(32) Metaspace: 302K(512K)->302K(512K) NonClass: 295K(384K)->295K(384K) Class: 7K(128K)->7K(128K)
[2024-07-06T13:51:10.867-0700][info][gc          ] GC(32) Pause Young (Concurrent Start) (G1 Evacuation Pause) 3762M->3759M(4096M) 53.131ms
[2024-07-06T13:51:10.867-0700][info][gc,cpu      ] GC(32) User=0.14s Sys=0.06s Real=0.06s
[2024-07-06T13:51:10.867-0700][info][gc          ] GC(33) Concurrent Mark Cycle
[2024-07-06T13:51:10.867-0700][info][gc,marking  ] GC(33) Concurrent Clear Claimed Marks
[2024-07-06T13:51:10.867-0700][info][gc,marking  ] GC(33) Concurrent Clear Claimed Marks 0.006ms
[2024-07-06T13:51:10.867-0700][info][gc,marking  ] GC(33) Concurrent Scan Root Regions
[2024-07-06T13:51:10.877-0700][info][gc,marking  ] GC(33) Concurrent Scan Root Regions 9.975ms
[2024-07-06T13:51:10.877-0700][info][gc,marking  ] GC(33) Concurrent Mark
[2024-07-06T13:51:10.877-0700][info][gc,marking  ] GC(33) Concurrent Mark From Roots
[2024-07-06T13:51:10.877-0700][info][gc,task     ] GC(33) Using 1 workers of 1 for marking
[2024-07-06T13:51:11.372-0700][info][gc,marking  ] GC(33) Concurrent Mark From Roots 495.365ms
[2024-07-06T13:51:11.372-0700][info][gc,marking  ] GC(33) Concurrent Preclean
[2024-07-06T13:51:11.372-0700][info][gc,marking  ] GC(33) Concurrent Preclean 0.067ms
[2024-07-06T13:51:22.097-0700][info][gc,start    ] GC(33) Pause Remark
[2024-07-06T13:51:22.098-0700][info][gc          ] GC(33) Pause Remark 3763M->3751M(4096M) 1.198ms
[2024-07-06T13:51:22.098-0700][info][gc,cpu      ] GC(33) User=0.01s Sys=0.00s Real=0.00s
[2024-07-06T13:51:22.098-0700][info][gc,marking  ] GC(33) Concurrent Mark 11221.539ms
[2024-07-06T13:51:22.098-0700][info][gc,marking  ] GC(33) Concurrent Rebuild Remembered Sets
[2024-07-06T13:51:22.414-0700][info][gc,marking  ] GC(33) Concurrent Rebuild Remembered Sets 315.181ms
[2024-07-06T13:51:22.557-0700][info][gc,start    ] GC(33) Pause Cleanup
[2024-07-06T13:51:22.558-0700][info][gc          ] GC(33) Pause Cleanup 3751M->3751M(4096M) 0.576ms
[2024-07-06T13:51:22.558-0700][info][gc,cpu      ] GC(33) User=0.00s Sys=0.00s Real=0.00s
[2024-07-06T13:51:22.558-0700][info][gc,marking  ] GC(33) Concurrent Cleanup for Next Mark
[2024-07-06T13:51:22.573-0700][info][gc,marking  ] GC(33) Concurrent Cleanup for Next Mark 14.961ms
[2024-07-06T13:51:22.573-0700][info][gc          ] GC(33) Concurrent Mark Cycle 11706.087ms
[2024-07-06T13:51:52.614-0700][info][gc,start    ] GC(34) Pause Young (Prepare Mixed) (G1 Preventive Collection)
[2024-07-06T13:51:52.614-0700][info][gc,task     ] GC(34) Using 4 workers of 4 for evacuation
[2024-07-06T13:51:52.662-0700][info][gc,phases   ] GC(34)   Pre Evacuate Collection Set: 0.2ms
[2024-07-06T13:51:52.662-0700][info][gc,phases   ] GC(34)   Merge Heap Roots: 0.1ms
[2024-07-06T13:51:52.662-0700][info][gc,phases   ] GC(34)   Evacuate Collection Set: 47.2ms
[2024-07-06T13:51:52.662-0700][info][gc,phases   ] GC(34)   Post Evacuate Collection Set: 0.4ms
[2024-07-06T13:51:52.662-0700][info][gc,phases   ] GC(34)   Other: 0.1ms
[2024-07-06T13:51:52.662-0700][info][gc,heap     ] GC(34) Eden regions: 37->0(44)
[2024-07-06T13:51:52.662-0700][info][gc,heap     ] GC(34) Survivor regions: 7->7(7)
[2024-07-06T13:51:52.662-0700][info][gc,heap     ] GC(34) Old regions: 925->962
[2024-07-06T13:51:52.662-0700][info][gc,heap     ] GC(34) Archive regions: 2->2
[2024-07-06T13:51:52.662-0700][info][gc,heap     ] GC(34) Humongous regions: 4->4
[2024-07-06T13:51:52.662-0700][info][gc,metaspace] GC(34) Metaspace: 302K(512K)->302K(512K) NonClass: 295K(384K)->295K(384K) Class: 7K(128K)->7K(128K)
[2024-07-06T13:51:52.662-0700][info][gc          ] GC(34) Pause Young (Prepare Mixed) (G1 Preventive Collection) 3895M->3892M(4096M) 48.184ms
[2024-07-06T13:51:52.663-0700][info][gc,cpu      ] GC(34) User=0.16s Sys=0.01s Real=0.05s
[2024-07-06T13:51:57.650-0700][info][gc,start    ] GC(35) Pause Young (Mixed) (G1 Preventive Collection)
[2024-07-06T13:51:57.650-0700][info][gc,task     ] GC(35) Using 4 workers of 4 for evacuation
[2024-07-06T13:51:57.716-0700][info][gc          ] GC(35) To-space exhausted
[2024-07-06T13:51:57.716-0700][info][gc,phases   ] GC(35)   Pre Evacuate Collection Set: 0.2ms
[2024-07-06T13:51:57.716-0700][info][gc,phases   ] GC(35)   Merge Heap Roots: 0.2ms
[2024-07-06T13:51:57.716-0700][info][gc,phases   ] GC(35)   Evacuate Collection Set: 59.9ms
[2024-07-06T13:51:57.716-0700][info][gc,phases   ] GC(35)   Post Evacuate Collection Set: 5.9ms
[2024-07-06T13:51:57.716-0700][info][gc,phases   ] GC(35)   Other: 0.2ms
[2024-07-06T13:51:57.716-0700][info][gc,heap     ] GC(35) Eden regions: 7->0(45)
[2024-07-06T13:51:57.716-0700][info][gc,heap     ] GC(35) Survivor regions: 7->6(7)
[2024-07-06T13:51:57.716-0700][info][gc,heap     ] GC(35) Old regions: 962->971
[2024-07-06T13:51:57.716-0700][info][gc,heap     ] GC(35) Archive regions: 2->2
[2024-07-06T13:51:57.716-0700][info][gc,heap     ] GC(35) Humongous regions: 4->4
[2024-07-06T13:51:57.716-0700][info][gc,metaspace] GC(35) Metaspace: 302K(512K)->302K(512K) NonClass: 295K(384K)->295K(384K) Class: 7K(128K)->7K(128K)
[2024-07-06T13:51:57.716-0700][info][gc          ] GC(35) Pause Young (Mixed) (G1 Preventive Collection) 3920M->3927M(4096M) 66.337ms
[2024-07-06T13:51:57.716-0700][info][gc,cpu      ] GC(35) User=0.20s Sys=0.04s Real=0.07s
[2024-07-06T13:52:01.050-0700][info][gc,start    ] GC(36) Pause Young (Mixed) (G1 Preventive Collection)
[2024-07-06T13:52:01.050-0700][info][gc,task     ] GC(36) Using 4 workers of 4 for evacuation
[2024-07-06T13:52:01.116-0700][info][gc          ] GC(36) To-space exhausted
[2024-07-06T13:52:01.117-0700][info][gc,phases   ] GC(36)   Pre Evacuate Collection Set: 0.3ms
[2024-07-06T13:52:01.117-0700][info][gc,phases   ] GC(36)   Merge Heap Roots: 0.2ms
[2024-07-06T13:52:01.117-0700][info][gc,phases   ] GC(36)   Evacuate Collection Set: 59.3ms
[2024-07-06T13:52:01.117-0700][info][gc,phases   ] GC(36)   Post Evacuate Collection Set: 6.5ms
[2024-07-06T13:52:01.117-0700][info][gc,phases   ] GC(36)   Other: 0.2ms
[2024-07-06T13:52:01.117-0700][info][gc,heap     ] GC(36) Eden regions: 4->0(47)
[2024-07-06T13:52:01.117-0700][info][gc,heap     ] GC(36) Survivor regions: 6->4(7)
[2024-07-06T13:52:01.117-0700][info][gc,heap     ] GC(36) Old regions: 971->979
[2024-07-06T13:52:01.117-0700][info][gc,heap     ] GC(36) Archive regions: 2->2
[2024-07-06T13:52:01.117-0700][info][gc,heap     ] GC(36) Humongous regions: 4->4
[2024-07-06T13:52:01.117-0700][info][gc,metaspace] GC(36) Metaspace: 302K(512K)->302K(512K) NonClass: 295K(384K)->295K(384K) Class: 7K(128K)->7K(128K)
[2024-07-06T13:52:01.117-0700][info][gc          ] GC(36) Pause Young (Mixed) (G1 Preventive Collection) 3943M->3951M(4096M) 66.551ms
[2024-07-06T13:52:01.117-0700][info][gc,cpu      ] GC(36) User=0.23s Sys=0.02s Real=0.07s
[2024-07-06T13:52:01.117-0700][info][gc,start    ] GC(37) Pause Young (Mixed) (G1 Preventive Collection)
[2024-07-06T13:52:01.117-0700][info][gc,task     ] GC(37) Using 4 workers of 4 for evacuation
[2024-07-06T13:52:01.180-0700][info][gc          ] GC(37) To-space exhausted
[2024-07-06T13:52:01.180-0700][info][gc,phases   ] GC(37)   Pre Evacuate Collection Set: 0.2ms
[2024-07-06T13:52:01.180-0700][info][gc,phases   ] GC(37)   Merge Heap Roots: 0.2ms
[2024-07-06T13:52:01.180-0700][info][gc,phases   ] GC(37)   Evacuate Collection Set: 58.0ms
[2024-07-06T13:52:01.180-0700][info][gc,phases   ] GC(37)   Post Evacuate Collection Set: 4.8ms
[2024-07-06T13:52:01.180-0700][info][gc,phases   ] GC(37)   Other: 0.1ms
[2024-07-06T13:52:01.180-0700][info][gc,heap     ] GC(37) Eden regions: 1->0(50)
[2024-07-06T13:52:01.180-0700][info][gc,heap     ] GC(37) Survivor regions: 4->1(7)
[2024-07-06T13:52:01.180-0700][info][gc,heap     ] GC(37) Old regions: 979->985
[2024-07-06T13:52:01.180-0700][info][gc,heap     ] GC(37) Archive regions: 2->2
[2024-07-06T13:52:01.180-0700][info][gc,heap     ] GC(37) Humongous regions: 4->4
[2024-07-06T13:52:01.180-0700][info][gc,metaspace] GC(37) Metaspace: 302K(512K)->302K(512K) NonClass: 295K(384K)->295K(384K) Class: 7K(128K)->7K(128K)
[2024-07-06T13:52:01.181-0700][info][gc          ] GC(37) Pause Young (Mixed) (G1 Preventive Collection) 3955M->3963M(4096M) 63.339ms
[2024-07-06T13:52:01.181-0700][info][gc,cpu      ] GC(37) User=0.18s Sys=0.05s Real=0.06s
[2024-07-06T13:52:11.523-0700][info][gc,start    ] GC(38) Pause Young (Concurrent Start) (G1 Preventive Collection)
[2024-07-06T13:52:11.523-0700][info][gc,task     ] GC(38) Using 4 workers of 4 for evacuation
[2024-07-06T13:52:11.539-0700][info][gc,phases   ] GC(38)   Pre Evacuate Collection Set: 0.2ms
[2024-07-06T13:52:11.539-0700][info][gc,phases   ] GC(38)   Merge Heap Roots: 0.2ms
[2024-07-06T13:52:11.539-0700][info][gc,phases   ] GC(38)   Evacuate Collection Set: 14.7ms
[2024-07-06T13:52:11.539-0700][info][gc,phases   ] GC(38)   Post Evacuate Collection Set: 0.3ms
[2024-07-06T13:52:11.539-0700][info][gc,phases   ] GC(38)   Other: 0.2ms
[2024-07-06T13:52:11.539-0700][info][gc,heap     ] GC(38) Eden regions: 14->0(44)
[2024-07-06T13:52:11.539-0700][info][gc,heap     ] GC(38) Survivor regions: 1->7(7)
[2024-07-06T13:52:11.539-0700][info][gc,heap     ] GC(38) Old regions: 985->993
[2024-07-06T13:52:11.539-0700][info][gc,heap     ] GC(38) Archive regions: 2->2
[2024-07-06T13:52:11.539-0700][info][gc,heap     ] GC(38) Humongous regions: 4->4
[2024-07-06T13:52:11.539-0700][info][gc,metaspace] GC(38) Metaspace: 302K(512K)->302K(512K) NonClass: 295K(384K)->295K(384K) Class: 7K(128K)->7K(128K)
[2024-07-06T13:52:11.539-0700][info][gc          ] GC(38) Pause Young (Concurrent Start) (G1 Preventive Collection) 4019M->4019M(4096M) 15.639ms
[2024-07-06T13:52:11.539-0700][info][gc,cpu      ] GC(38) User=0.05s Sys=0.01s Real=0.01s
[2024-07-06T13:52:11.539-0700][info][gc          ] GC(39) Concurrent Mark Cycle
[2024-07-06T13:52:11.539-0700][info][gc,marking  ] GC(39) Concurrent Clear Claimed Marks
[2024-07-06T13:52:11.539-0700][info][gc,marking  ] GC(39) Concurrent Clear Claimed Marks 0.007ms
[2024-07-06T13:52:11.539-0700][info][gc,marking  ] GC(39) Concurrent Scan Root Regions
[2024-07-06T13:52:11.542-0700][info][gc,marking  ] GC(39) Concurrent Scan Root Regions 3.491ms
[2024-07-06T13:52:11.542-0700][info][gc,marking  ] GC(39) Concurrent Mark
[2024-07-06T13:52:11.542-0700][info][gc,marking  ] GC(39) Concurrent Mark From Roots
[2024-07-06T13:52:11.542-0700][info][gc,task     ] GC(39) Using 1 workers of 1 for marking
[2024-07-06T13:52:12.082-0700][info][gc,marking  ] GC(39) Concurrent Mark From Roots 540.105ms
[2024-07-06T13:52:12.082-0700][info][gc,marking  ] GC(39) Concurrent Preclean
[2024-07-06T13:52:12.083-0700][info][gc,marking  ] GC(39) Concurrent Preclean 0.064ms
[2024-07-06T13:52:37.532-0700][info][gc,start    ] GC(39) Pause Remark
[2024-07-06T13:52:37.533-0700][info][gc          ] GC(39) Pause Remark 4029M->4029M(4096M) 0.880ms
[2024-07-06T13:52:37.533-0700][info][gc,cpu      ] GC(39) User=0.00s Sys=0.00s Real=0.00s
[2024-07-06T13:52:37.533-0700][info][gc,marking  ] GC(39) Concurrent Mark 25991.035ms
[2024-07-06T13:52:37.533-0700][info][gc,marking  ] GC(39) Concurrent Rebuild Remembered Sets
[2024-07-06T13:52:37.834-0700][info][gc,marking  ] GC(39) Concurrent Rebuild Remembered Sets 300.310ms
[2024-07-06T13:52:38.649-0700][info][gc,start    ] GC(39) Pause Cleanup
[2024-07-06T13:52:38.650-0700][info][gc          ] GC(39) Pause Cleanup 4029M->4029M(4096M) 0.757ms
[2024-07-06T13:52:38.650-0700][info][gc,cpu      ] GC(39) User=0.01s Sys=0.00s Real=0.00s
[2024-07-06T13:52:38.650-0700][info][gc,marking  ] GC(39) Concurrent Cleanup for Next Mark
[2024-07-06T13:52:38.658-0700][info][gc,marking  ] GC(39) Concurrent Cleanup for Next Mark 7.535ms
[2024-07-06T13:52:38.658-0700][info][gc          ] GC(39) Concurrent Mark Cycle 27118.957ms
[2024-07-06T13:52:38.695-0700][info][gc,start    ] GC(40) Pause Young (Prepare Mixed) (G1 Preventive Collection)
[2024-07-06T13:52:38.695-0700][info][gc,task     ] GC(40) Using 4 workers of 4 for evacuation
[2024-07-06T13:52:38.713-0700][info][gc,phases   ] GC(40)   Pre Evacuate Collection Set: 0.3ms
[2024-07-06T13:52:38.713-0700][info][gc,phases   ] GC(40)   Merge Heap Roots: 0.2ms
[2024-07-06T13:52:38.713-0700][info][gc,phases   ] GC(40)   Evacuate Collection Set: 17.0ms
[2024-07-06T13:52:38.713-0700][info][gc,phases   ] GC(40)   Post Evacuate Collection Set: 0.4ms
[2024-07-06T13:52:38.713-0700][info][gc,phases   ] GC(40)   Other: 0.1ms
[2024-07-06T13:52:38.713-0700][info][gc,heap     ] GC(40) Eden regions: 4->0(46)
[2024-07-06T13:52:38.713-0700][info][gc,heap     ] GC(40) Survivor regions: 7->5(7)
[2024-07-06T13:52:38.713-0700][info][gc,heap     ] GC(40) Old regions: 993->1000
[2024-07-06T13:52:38.713-0700][info][gc,heap     ] GC(40) Archive regions: 2->2
[2024-07-06T13:52:38.713-0700][info][gc,heap     ] GC(40) Humongous regions: 4->4
[2024-07-06T13:52:38.713-0700][info][gc,metaspace] GC(40) Metaspace: 302K(512K)->302K(512K) NonClass: 295K(384K)->295K(384K) Class: 7K(128K)->7K(128K)
[2024-07-06T13:52:38.713-0700][info][gc          ] GC(40) Pause Young (Prepare Mixed) (G1 Preventive Collection) 4035M->4037M(4096M) 18.163ms
[2024-07-06T13:52:38.713-0700][info][gc,cpu      ] GC(40) User=0.06s Sys=0.01s Real=0.01s
[2024-07-06T13:52:40.465-0700][info][gc,start    ] GC(41) Pause Young (Mixed) (G1 Preventive Collection)
[2024-07-06T13:52:40.465-0700][info][gc,task     ] GC(41) Using 4 workers of 4 for evacuation
[2024-07-06T13:52:40.492-0700][info][gc          ] GC(41) To-space exhausted
[2024-07-06T13:52:40.492-0700][info][gc,phases   ] GC(41)   Pre Evacuate Collection Set: 0.2ms
[2024-07-06T13:52:40.492-0700][info][gc,phases   ] GC(41)   Merge Heap Roots: 0.1ms
[2024-07-06T13:52:40.492-0700][info][gc,phases   ] GC(41)   Evacuate Collection Set: 22.9ms
[2024-07-06T13:52:40.492-0700][info][gc,phases   ] GC(41)   Post Evacuate Collection Set: 3.6ms
[2024-07-06T13:52:40.492-0700][info][gc,phases   ] GC(41)   Other: 0.4ms
[2024-07-06T13:52:40.492-0700][info][gc,heap     ] GC(41) Eden regions: 1->0(51)
[2024-07-06T13:52:40.492-0700][info][gc,heap     ] GC(41) Survivor regions: 5->0(7)
[2024-07-06T13:52:40.492-0700][info][gc,heap     ] GC(41) Old regions: 1000->986
[2024-07-06T13:52:40.492-0700][info][gc,heap     ] GC(41) Archive regions: 2->2
[2024-07-06T13:52:40.492-0700][info][gc,heap     ] GC(41) Humongous regions: 4->4
[2024-07-06T13:52:40.492-0700][info][gc,metaspace] GC(41) Metaspace: 302K(512K)->302K(512K) NonClass: 295K(384K)->295K(384K) Class: 7K(128K)->7K(128K)
[2024-07-06T13:52:40.492-0700][info][gc          ] GC(41) Pause Young (Mixed) (G1 Preventive Collection) 4041M->3963M(4096M) 27.187ms
[2024-07-06T13:52:40.492-0700][info][gc,cpu      ] GC(41) User=0.09s Sys=0.02s Real=0.02s
[2024-07-06T13:52:40.493-0700][info][gc,start    ] GC(42) Pause Young (Mixed) (G1 Preventive Collection)
[2024-07-06T13:52:40.493-0700][info][gc,task     ] GC(42) Using 4 workers of 4 for evacuation
[2024-07-06T13:52:40.545-0700][info][gc          ] GC(42) To-space exhausted
[2024-07-06T13:52:40.545-0700][info][gc,phases   ] GC(42)   Pre Evacuate Collection Set: 0.1ms
[2024-07-06T13:52:40.545-0700][info][gc,phases   ] GC(42)   Merge Heap Roots: 0.1ms
[2024-07-06T13:52:40.545-0700][info][gc,phases   ] GC(42)   Evacuate Collection Set: 46.7ms
[2024-07-06T13:52:40.545-0700][info][gc,phases   ] GC(42)   Post Evacuate Collection Set: 5.3ms
[2024-07-06T13:52:40.545-0700][info][gc,phases   ] GC(42)   Other: 0.1ms
[2024-07-06T13:52:40.545-0700][info][gc,heap     ] GC(42) Eden regions: 1->0(50)
[2024-07-06T13:52:40.545-0700][info][gc,heap     ] GC(42) Survivor regions: 0->1(7)
[2024-07-06T13:52:40.545-0700][info][gc,heap     ] GC(42) Old regions: 986->985
[2024-07-06T13:52:40.545-0700][info][gc,heap     ] GC(42) Archive regions: 2->2
[2024-07-06T13:52:40.545-0700][info][gc,heap     ] GC(42) Humongous regions: 4->4
[2024-07-06T13:52:40.545-0700][info][gc,metaspace] GC(42) Metaspace: 302K(512K)->302K(512K) NonClass: 295K(384K)->295K(384K) Class: 7K(128K)->7K(128K)
[2024-07-06T13:52:40.545-0700][info][gc          ] GC(42) Pause Young (Mixed) (G1 Preventive Collection) 3967M->3963M(4096M) 52.418ms
[2024-07-06T13:52:40.545-0700][info][gc,cpu      ] GC(42) User=0.15s Sys=0.04s Real=0.06s
[2024-07-06T13:52:40.546-0700][info][gc,start    ] GC(43) Pause Young (Mixed) (G1 Preventive Collection)
[2024-07-06T13:52:40.546-0700][info][gc,task     ] GC(43) Using 4 workers of 4 for evacuation
[2024-07-06T13:52:40.603-0700][info][gc          ] GC(43) To-space exhausted
[2024-07-06T13:52:40.603-0700][info][gc,phases   ] GC(43)   Pre Evacuate Collection Set: 0.2ms
[2024-07-06T13:52:40.603-0700][info][gc,phases   ] GC(43)   Merge Heap Roots: 0.1ms
[2024-07-06T13:52:40.603-0700][info][gc,phases   ] GC(43)   Evacuate Collection Set: 50.8ms
[2024-07-06T13:52:40.603-0700][info][gc,phases   ] GC(43)   Post Evacuate Collection Set: 5.9ms
[2024-07-06T13:52:40.603-0700][info][gc,phases   ] GC(43)   Other: 0.1ms
[2024-07-06T13:52:40.603-0700][info][gc,heap     ] GC(43) Eden regions: 1->0(49)
[2024-07-06T13:52:40.603-0700][info][gc,heap     ] GC(43) Survivor regions: 1->2(7)
[2024-07-06T13:52:40.603-0700][info][gc,heap     ] GC(43) Old regions: 985->985
[2024-07-06T13:52:40.603-0700][info][gc,heap     ] GC(43) Archive regions: 2->2
[2024-07-06T13:52:40.603-0700][info][gc,heap     ] GC(43) Humongous regions: 4->4
[2024-07-06T13:52:40.603-0700][info][gc,metaspace] GC(43) Metaspace: 302K(512K)->302K(512K) NonClass: 295K(384K)->295K(384K) Class: 7K(128K)->7K(128K)
[2024-07-06T13:52:40.603-0700][info][gc          ] GC(43) Pause Young (Mixed) (G1 Preventive Collection) 3967M->3967M(4096M) 57.120ms
[2024-07-06T13:52:40.603-0700][info][gc,cpu      ] GC(43) User=0.17s Sys=0.05s Real=0.05s
[2024-07-06T13:52:43.502-0700][info][gc,start    ] GC(44) Pause Young (Mixed) (G1 Preventive Collection)
[2024-07-06T13:52:43.502-0700][info][gc,task     ] GC(44) Using 4 workers of 4 for evacuation
[2024-07-06T13:52:43.522-0700][info][gc,phases   ] GC(44)   Pre Evacuate Collection Set: 0.2ms
[2024-07-06T13:52:43.522-0700][info][gc,phases   ] GC(44)   Merge Heap Roots: 0.2ms
[2024-07-06T13:52:43.522-0700][info][gc,phases   ] GC(44)   Evacuate Collection Set: 18.8ms
[2024-07-06T13:52:43.522-0700][info][gc,phases   ] GC(44)   Post Evacuate Collection Set: 0.4ms
[2024-07-06T13:52:43.522-0700][info][gc,phases   ] GC(44)   Other: 0.1ms
[2024-07-06T13:52:43.522-0700][info][gc,heap     ] GC(44) Eden regions: 5->0(44)
[2024-07-06T13:52:43.522-0700][info][gc,heap     ] GC(44) Survivor regions: 2->7(7)
[2024-07-06T13:52:43.522-0700][info][gc,heap     ] GC(44) Old regions: 985->980
[2024-07-06T13:52:43.522-0700][info][gc,heap     ] GC(44) Archive regions: 2->2
[2024-07-06T13:52:43.522-0700][info][gc,heap     ] GC(44) Humongous regions: 4->4
[2024-07-06T13:52:43.522-0700][info][gc,metaspace] GC(44) Metaspace: 302K(512K)->302K(512K) NonClass: 295K(384K)->295K(384K) Class: 7K(128K)->7K(128K)
[2024-07-06T13:52:43.522-0700][info][gc          ] GC(44) Pause Young (Mixed) (G1 Preventive Collection) 3987M->3967M(4096M) 19.685ms
[2024-07-06T13:52:43.522-0700][info][gc,cpu      ] GC(44) User=0.06s Sys=0.01s Real=0.02s
[2024-07-06T13:52:51.101-0700][info][gc,start    ] GC(45) Pause Young (Concurrent Start) (G1 Preventive Collection)
[2024-07-06T13:52:51.101-0700][info][gc,task     ] GC(45) Using 4 workers of 4 for evacuation
[2024-07-06T13:52:51.118-0700][info][gc,phases   ] GC(45)   Pre Evacuate Collection Set: 0.2ms
[2024-07-06T13:52:51.118-0700][info][gc,phases   ] GC(45)   Merge Heap Roots: 0.2ms
[2024-07-06T13:52:51.118-0700][info][gc,phases   ] GC(45)   Evacuate Collection Set: 16.9ms
[2024-07-06T13:52:51.118-0700][info][gc,phases   ] GC(45)   Post Evacuate Collection Set: 0.3ms
[2024-07-06T13:52:51.118-0700][info][gc,phases   ] GC(45)   Other: 0.1ms
[2024-07-06T13:52:51.118-0700][info][gc,heap     ] GC(45) Eden regions: 11->0(44)
[2024-07-06T13:52:51.118-0700][info][gc,heap     ] GC(45) Survivor regions: 7->7(7)
[2024-07-06T13:52:51.118-0700][info][gc,heap     ] GC(45) Old regions: 980->991
[2024-07-06T13:52:51.118-0700][info][gc,heap     ] GC(45) Archive regions: 2->2
[2024-07-06T13:52:51.118-0700][info][gc,heap     ] GC(45) Humongous regions: 4->4
[2024-07-06T13:52:51.118-0700][info][gc,metaspace] GC(45) Metaspace: 302K(512K)->302K(512K) NonClass: 295K(384K)->295K(384K) Class: 7K(128K)->7K(128K)
[2024-07-06T13:52:51.118-0700][info][gc          ] GC(45) Pause Young (Concurrent Start) (G1 Preventive Collection) 4011M->4010M(4096M) 17.738ms
[2024-07-06T13:52:51.118-0700][info][gc,cpu      ] GC(45) User=0.05s Sys=0.01s Real=0.02s
[2024-07-06T13:52:51.118-0700][info][gc          ] GC(46) Concurrent Mark Cycle
[2024-07-06T13:52:51.118-0700][info][gc,marking  ] GC(46) Concurrent Clear Claimed Marks
[2024-07-06T13:52:51.118-0700][info][gc,marking  ] GC(46) Concurrent Clear Claimed Marks 0.006ms
[2024-07-06T13:52:51.118-0700][info][gc,marking  ] GC(46) Concurrent Scan Root Regions
[2024-07-06T13:52:51.122-0700][info][gc,marking  ] GC(46) Concurrent Scan Root Regions 3.961ms
[2024-07-06T13:52:51.122-0700][info][gc,marking  ] GC(46) Concurrent Mark
[2024-07-06T13:52:51.122-0700][info][gc,marking  ] GC(46) Concurrent Mark From Roots
[2024-07-06T13:52:51.122-0700][info][gc,task     ] GC(46) Using 1 workers of 1 for marking
[2024-07-06T13:52:51.607-0700][info][gc,marking  ] GC(46) Concurrent Mark From Roots 484.404ms
[2024-07-06T13:52:51.607-0700][info][gc,marking  ] GC(46) Concurrent Preclean
[2024-07-06T13:52:51.607-0700][info][gc,marking  ] GC(46) Concurrent Preclean 0.095ms
[2024-07-06T13:53:35.945-0700][info][gc,start    ] GC(46) Pause Remark
[2024-07-06T13:53:35.946-0700][info][gc          ] GC(46) Pause Remark 4018M->4018M(4096M) 0.828ms
[2024-07-06T13:53:35.946-0700][info][gc,cpu      ] GC(46) User=0.00s Sys=0.00s Real=0.00s
[2024-07-06T13:53:35.947-0700][info][gc,marking  ] GC(46) Concurrent Mark 44824.507ms
[2024-07-06T13:53:35.947-0700][info][gc,marking  ] GC(46) Concurrent Rebuild Remembered Sets
[2024-07-06T13:53:36.203-0700][info][gc,marking  ] GC(46) Concurrent Rebuild Remembered Sets 255.532ms
[2024-07-06T13:53:36.481-0700][info][gc,start    ] GC(46) Pause Cleanup
[2024-07-06T13:53:36.482-0700][info][gc          ] GC(46) Pause Cleanup 4018M->4018M(4096M) 0.622ms
[2024-07-06T13:53:36.482-0700][info][gc,cpu      ] GC(46) User=0.00s Sys=0.00s Real=0.00s
[2024-07-06T13:53:36.482-0700][info][gc,marking  ] GC(46) Concurrent Cleanup for Next Mark
[2024-07-06T13:53:36.488-0700][info][gc,marking  ] GC(46) Concurrent Cleanup for Next Mark 6.121ms
[2024-07-06T13:53:36.488-0700][info][gc          ] GC(46) Concurrent Mark Cycle 45369.461ms
[2024-07-06T13:53:37.927-0700][info][gc,start    ] GC(47) Pause Young (Prepare Mixed) (G1 Preventive Collection)
[2024-07-06T13:53:37.927-0700][info][gc,task     ] GC(47) Using 4 workers of 4 for evacuation
[2024-07-06T13:53:37.939-0700][info][gc,phases   ] GC(47)   Pre Evacuate Collection Set: 0.2ms
[2024-07-06T13:53:37.939-0700][info][gc,phases   ] GC(47)   Merge Heap Roots: 0.1ms
[2024-07-06T13:53:37.939-0700][info][gc,phases   ] GC(47)   Evacuate Collection Set: 11.8ms
[2024-07-06T13:53:37.939-0700][info][gc,phases   ] GC(47)   Post Evacuate Collection Set: 0.3ms
[2024-07-06T13:53:37.939-0700][info][gc,phases   ] GC(47)   Other: 0.1ms
[2024-07-06T13:53:37.939-0700][info][gc,heap     ] GC(47) Eden regions: 5->0(46)
[2024-07-06T13:53:37.939-0700][info][gc,heap     ] GC(47) Survivor regions: 7->5(7)
[2024-07-06T13:53:37.939-0700][info][gc,heap     ] GC(47) Old regions: 991->998
[2024-07-06T13:53:37.939-0700][info][gc,heap     ] GC(47) Archive regions: 2->2
[2024-07-06T13:53:37.939-0700][info][gc,heap     ] GC(47) Humongous regions: 4->4
[2024-07-06T13:53:37.939-0700][info][gc,metaspace] GC(47) Metaspace: 302K(512K)->302K(512K) NonClass: 295K(384K)->295K(384K) Class: 7K(128K)->7K(128K)
[2024-07-06T13:53:37.939-0700][info][gc          ] GC(47) Pause Young (Prepare Mixed) (G1 Preventive Collection) 4030M->4030M(4096M) 12.682ms
[2024-07-06T13:53:37.939-0700][info][gc,cpu      ] GC(47) User=0.04s Sys=0.01s Real=0.01s
[2024-07-06T13:53:39.386-0700][info][gc,start    ] GC(48) Pause Young (Mixed) (G1 Preventive Collection)
[2024-07-06T13:53:39.386-0700][info][gc,task     ] GC(48) Using 4 workers of 4 for evacuation
[2024-07-06T13:53:39.410-0700][info][gc          ] GC(48) To-space exhausted
[2024-07-06T13:53:39.410-0700][info][gc,phases   ] GC(48)   Pre Evacuate Collection Set: 0.2ms
[2024-07-06T13:53:39.410-0700][info][gc,phases   ] GC(48)   Merge Heap Roots: 0.2ms
[2024-07-06T13:53:39.410-0700][info][gc,phases   ] GC(48)   Evacuate Collection Set: 19.6ms
[2024-07-06T13:53:39.410-0700][info][gc,phases   ] GC(48)   Post Evacuate Collection Set: 3.7ms
[2024-07-06T13:53:39.410-0700][info][gc,phases   ] GC(48)   Other: 0.1ms
[2024-07-06T13:53:39.410-0700][info][gc,heap     ] GC(48) Eden regions: 3->0(50)
[2024-07-06T13:53:39.410-0700][info][gc,heap     ] GC(48) Survivor regions: 5->1(7)
[2024-07-06T13:53:39.410-0700][info][gc,heap     ] GC(48) Old regions: 998->985
[2024-07-06T13:53:39.410-0700][info][gc,heap     ] GC(48) Archive regions: 2->2
[2024-07-06T13:53:39.410-0700][info][gc,heap     ] GC(48) Humongous regions: 4->4
[2024-07-06T13:53:39.410-0700][info][gc,metaspace] GC(48) Metaspace: 302K(512K)->302K(512K) NonClass: 295K(384K)->295K(384K) Class: 7K(128K)->7K(128K)
[2024-07-06T13:53:39.410-0700][info][gc          ] GC(48) Pause Young (Mixed) (G1 Preventive Collection) 4042M->3963M(4096M) 23.838ms
[2024-07-06T13:53:39.410-0700][info][gc,cpu      ] GC(48) User=0.08s Sys=0.00s Real=0.02s
[2024-07-06T13:53:42.351-0700][info][gc,start    ] GC(49) Pause Young (Mixed) (G1 Preventive Collection)
[2024-07-06T13:53:42.351-0700][info][gc,task     ] GC(49) Using 4 workers of 4 for evacuation
[2024-07-06T13:53:42.403-0700][info][gc          ] GC(49) To-space exhausted
[2024-07-06T13:53:42.403-0700][info][gc,phases   ] GC(49)   Pre Evacuate Collection Set: 0.2ms
[2024-07-06T13:53:42.403-0700][info][gc,phases   ] GC(49)   Merge Heap Roots: 0.2ms
[2024-07-06T13:53:42.403-0700][info][gc,phases   ] GC(49)   Evacuate Collection Set: 45.9ms
[2024-07-06T13:53:42.404-0700][info][gc,phases   ] GC(49)   Post Evacuate Collection Set: 6.6ms
[2024-07-06T13:53:42.404-0700][info][gc,phases   ] GC(49)   Other: 0.1ms
[2024-07-06T13:53:42.404-0700][info][gc,heap     ] GC(49) Eden regions: 6->0(44)
[2024-07-06T13:53:42.404-0700][info][gc,heap     ] GC(49) Survivor regions: 1->7(7)
[2024-07-06T13:53:42.404-0700][info][gc,heap     ] GC(49) Old regions: 985->986
[2024-07-06T13:53:42.404-0700][info][gc,heap     ] GC(49) Archive regions: 2->2
[2024-07-06T13:53:42.404-0700][info][gc,heap     ] GC(49) Humongous regions: 4->4
[2024-07-06T13:53:42.404-0700][info][gc,metaspace] GC(49) Metaspace: 302K(512K)->302K(512K) NonClass: 295K(384K)->295K(384K) Class: 7K(128K)->7K(128K)
[2024-07-06T13:53:42.404-0700][info][gc          ] GC(49) Pause Young (Mixed) (G1 Preventive Collection) 3987M->3991M(4096M) 53.026ms
[2024-07-06T13:53:42.404-0700][info][gc,cpu      ] GC(49) User=0.19s Sys=0.02s Real=0.06s
[2024-07-06T13:53:43.920-0700][info][gc,start    ] GC(50) Pause Young (Mixed) (G1 Preventive Collection)
[2024-07-06T13:53:43.920-0700][info][gc,task     ] GC(50) Using 4 workers of 4 for evacuation
[2024-07-06T13:53:43.958-0700][info][gc          ] GC(50) To-space exhausted
[2024-07-06T13:53:43.958-0700][info][gc,phases   ] GC(50)   Pre Evacuate Collection Set: 0.2ms
[2024-07-06T13:53:43.958-0700][info][gc,phases   ] GC(50)   Merge Heap Roots: 0.2ms
[2024-07-06T13:53:43.958-0700][info][gc,phases   ] GC(50)   Evacuate Collection Set: 35.3ms
[2024-07-06T13:53:43.958-0700][info][gc,phases   ] GC(50)   Post Evacuate Collection Set: 2.7ms
[2024-07-06T13:53:43.958-0700][info][gc,phases   ] GC(50)   Other: 0.1ms
[2024-07-06T13:53:43.958-0700][info][gc,heap     ] GC(50) Eden regions: 1->0(50)
[2024-07-06T13:53:43.958-0700][info][gc,heap     ] GC(50) Survivor regions: 7->1(7)
[2024-07-06T13:53:43.958-0700][info][gc,heap     ] GC(50) Old regions: 986->997
[2024-07-06T13:53:43.958-0700][info][gc,heap     ] GC(50) Archive regions: 2->2
[2024-07-06T13:53:43.958-0700][info][gc,heap     ] GC(50) Humongous regions: 4->4
[2024-07-06T13:53:43.958-0700][info][gc,metaspace] GC(50) Metaspace: 302K(512K)->302K(512K) NonClass: 295K(384K)->295K(384K) Class: 7K(128K)->7K(128K)
[2024-07-06T13:53:43.958-0700][info][gc          ] GC(50) Pause Young (Mixed) (G1 Preventive Collection) 3995M->4011M(4096M) 38.601ms
[2024-07-06T13:53:43.958-0700][info][gc,cpu      ] GC(50) User=0.13s Sys=0.01s Real=0.04s
[2024-07-06T13:53:49.286-0700][info][gc,start    ] GC(51) Pause Young (Concurrent Start) (G1 Preventive Collection)
[2024-07-06T13:53:49.286-0700][info][gc,task     ] GC(51) Using 4 workers of 4 for evacuation
[2024-07-06T13:53:49.297-0700][info][gc,phases   ] GC(51)   Pre Evacuate Collection Set: 0.2ms
[2024-07-06T13:53:49.297-0700][info][gc,phases   ] GC(51)   Merge Heap Roots: 0.2ms
[2024-07-06T13:53:49.297-0700][info][gc,phases   ] GC(51)   Evacuate Collection Set: 10.2ms
[2024-07-06T13:53:49.297-0700][info][gc,phases   ] GC(51)   Post Evacuate Collection Set: 0.3ms
[2024-07-06T13:53:49.297-0700][info][gc,phases   ] GC(51)   Other: 0.2ms
[2024-07-06T13:53:49.297-0700][info][gc,heap     ] GC(51) Eden regions: 9->0(44)
[2024-07-06T13:53:49.297-0700][info][gc,heap     ] GC(51) Survivor regions: 1->7(7)
[2024-07-06T13:53:49.297-0700][info][gc,heap     ] GC(51) Old regions: 997->1000
[2024-07-06T13:53:49.297-0700][info][gc,heap     ] GC(51) Archive regions: 2->2
[2024-07-06T13:53:49.297-0700][info][gc,heap     ] GC(51) Humongous regions: 4->4
[2024-07-06T13:53:49.297-0700][info][gc,metaspace] GC(51) Metaspace: 302K(512K)->302K(512K) NonClass: 295K(384K)->295K(384K) Class: 7K(128K)->7K(128K)
[2024-07-06T13:53:49.297-0700][info][gc          ] GC(51) Pause Young (Concurrent Start) (G1 Preventive Collection) 4047M->4047M(4096M) 11.130ms
[2024-07-06T13:53:49.297-0700][info][gc,cpu      ] GC(51) User=0.04s Sys=0.00s Real=0.01s
[2024-07-06T13:53:49.297-0700][info][gc          ] GC(52) Concurrent Mark Cycle
[2024-07-06T13:53:49.297-0700][info][gc,marking  ] GC(52) Concurrent Clear Claimed Marks
[2024-07-06T13:53:49.297-0700][info][gc,marking  ] GC(52) Concurrent Clear Claimed Marks 0.007ms
[2024-07-06T13:53:49.297-0700][info][gc,marking  ] GC(52) Concurrent Scan Root Regions
[2024-07-06T13:53:49.299-0700][info][gc,marking  ] GC(52) Concurrent Scan Root Regions 2.157ms
[2024-07-06T13:53:49.300-0700][info][gc,marking  ] GC(52) Concurrent Mark
[2024-07-06T13:53:49.300-0700][info][gc,marking  ] GC(52) Concurrent Mark From Roots
[2024-07-06T13:53:49.300-0700][info][gc,task     ] GC(52) Using 1 workers of 1 for marking
[2024-07-06T13:53:49.817-0700][info][gc,marking  ] GC(52) Concurrent Mark From Roots 517.165ms
[2024-07-06T13:53:49.817-0700][info][gc,marking  ] GC(52) Concurrent Preclean
[2024-07-06T13:53:49.817-0700][info][gc,marking  ] GC(52) Concurrent Preclean 0.062ms
[2024-07-06T13:54:29.066-0700][info][gc,start    ] GC(52) Pause Remark
[2024-07-06T13:54:29.068-0700][info][gc          ] GC(52) Pause Remark 4049M->4049M(4096M) 1.101ms
[2024-07-06T13:54:29.068-0700][info][gc,cpu      ] GC(52) User=0.00s Sys=0.00s Real=0.00s
[2024-07-06T13:54:29.068-0700][info][gc,marking  ] GC(52) Concurrent Mark 39768.147ms
[2024-07-06T13:54:29.068-0700][info][gc,marking  ] GC(52) Concurrent Rebuild Remembered Sets
[2024-07-06T13:54:29.313-0700][info][gc,marking  ] GC(52) Concurrent Rebuild Remembered Sets 245.330ms
[2024-07-06T13:54:29.450-0700][info][gc,start    ] GC(52) Pause Cleanup
[2024-07-06T13:54:29.450-0700][info][gc          ] GC(52) Pause Cleanup 4049M->4049M(4096M) 0.584ms
[2024-07-06T13:54:29.450-0700][info][gc,cpu      ] GC(52) User=0.01s Sys=0.00s Real=0.00s
[2024-07-06T13:54:29.450-0700][info][gc,marking  ] GC(52) Concurrent Cleanup for Next Mark
[2024-07-06T13:54:29.456-0700][info][gc,marking  ] GC(52) Concurrent Cleanup for Next Mark 5.309ms
[2024-07-06T13:54:29.456-0700][info][gc          ] GC(52) Concurrent Mark Cycle 40158.597ms
[2024-07-06T13:54:29.676-0700][info][gc,start    ] GC(53) Pause Young (Prepare Mixed) (G1 Preventive Collection)
[2024-07-06T13:54:29.676-0700][info][gc,task     ] GC(53) Using 4 workers of 4 for evacuation
[2024-07-06T13:54:29.684-0700][info][gc,phases   ] GC(53)   Pre Evacuate Collection Set: 0.2ms
[2024-07-06T13:54:29.684-0700][info][gc,phases   ] GC(53)   Merge Heap Roots: 0.1ms
[2024-07-06T13:54:29.684-0700][info][gc,phases   ] GC(53)   Evacuate Collection Set: 6.9ms
[2024-07-06T13:54:29.684-0700][info][gc,phases   ] GC(53)   Post Evacuate Collection Set: 0.4ms
[2024-07-06T13:54:29.684-0700][info][gc,phases   ] GC(53)   Other: 0.1ms
[2024-07-06T13:54:29.684-0700][info][gc,heap     ] GC(53) Eden regions: 1->0(50)
[2024-07-06T13:54:29.684-0700][info][gc,heap     ] GC(53) Survivor regions: 7->1(7)
[2024-07-06T13:54:29.684-0700][info][gc,heap     ] GC(53) Old regions: 1000->1007
[2024-07-06T13:54:29.684-0700][info][gc,heap     ] GC(53) Archive regions: 2->2
[2024-07-06T13:54:29.684-0700][info][gc,heap     ] GC(53) Humongous regions: 4->4
[2024-07-06T13:54:29.684-0700][info][gc,metaspace] GC(53) Metaspace: 302K(512K)->302K(512K) NonClass: 295K(384K)->295K(384K) Class: 7K(128K)->7K(128K)
[2024-07-06T13:54:29.684-0700][info][gc          ] GC(53) Pause Young (Prepare Mixed) (G1 Preventive Collection) 4051M->4051M(4096M) 7.790ms
[2024-07-06T13:54:29.684-0700][info][gc,cpu      ] GC(53) User=0.02s Sys=0.01s Real=0.01s
[2024-07-06T13:54:31.111-0700][info][gc,start    ] GC(54) Pause Young (Mixed) (G1 Preventive Collection)
[2024-07-06T13:54:31.111-0700][info][gc,task     ] GC(54) Using 4 workers of 4 for evacuation
[2024-07-06T13:54:31.131-0700][info][gc          ] GC(54) To-space exhausted
[2024-07-06T13:54:31.131-0700][info][gc,phases   ] GC(54)   Pre Evacuate Collection Set: 0.3ms
[2024-07-06T13:54:31.131-0700][info][gc,phases   ] GC(54)   Merge Heap Roots: 0.2ms
[2024-07-06T13:54:31.131-0700][info][gc,phases   ] GC(54)   Evacuate Collection Set: 15.3ms
[2024-07-06T13:54:31.131-0700][info][gc,phases   ] GC(54)   Post Evacuate Collection Set: 3.7ms
[2024-07-06T13:54:31.131-0700][info][gc,phases   ] GC(54)   Other: 0.2ms
[2024-07-06T13:54:31.131-0700][info][gc,heap     ] GC(54) Eden regions: 3->0(48)
[2024-07-06T13:54:31.131-0700][info][gc,heap     ] GC(54) Survivor regions: 1->3(7)
[2024-07-06T13:54:31.131-0700][info][gc,heap     ] GC(54) Old regions: 1007->989
[2024-07-06T13:54:31.131-0700][info][gc,heap     ] GC(54) Archive regions: 2->2
[2024-07-06T13:54:31.131-0700][info][gc,heap     ] GC(54) Humongous regions: 4->4
[2024-07-06T13:54:31.131-0700][info][gc,metaspace] GC(54) Metaspace: 302K(512K)->302K(512K) NonClass: 295K(384K)->295K(384K) Class: 7K(128K)->7K(128K)
[2024-07-06T13:54:31.131-0700][info][gc          ] GC(54) Pause Young (Mixed) (G1 Preventive Collection) 4063M->3987M(4096M) 19.756ms
[2024-07-06T13:54:31.131-0700][info][gc,cpu      ] GC(54) User=0.06s Sys=0.00s Real=0.02s
[2024-07-06T13:54:32.505-0700][info][gc,start    ] GC(55) Pause Young (Mixed) (G1 Preventive Collection)
[2024-07-06T13:54:32.505-0700][info][gc,task     ] GC(55) Using 4 workers of 4 for evacuation
[2024-07-06T13:54:32.559-0700][info][gc          ] GC(55) To-space exhausted
[2024-07-06T13:54:32.559-0700][info][gc,phases   ] GC(55)   Pre Evacuate Collection Set: 0.3ms
[2024-07-06T13:54:32.559-0700][info][gc,phases   ] GC(55)   Merge Heap Roots: 0.2ms
[2024-07-06T13:54:32.559-0700][info][gc,phases   ] GC(55)   Evacuate Collection Set: 46.9ms
[2024-07-06T13:54:32.559-0700][info][gc,phases   ] GC(55)   Post Evacuate Collection Set: 6.5ms
[2024-07-06T13:54:32.559-0700][info][gc,phases   ] GC(55)   Other: 0.2ms
[2024-07-06T13:54:32.559-0700][info][gc,heap     ] GC(55) Eden regions: 2->0(46)
[2024-07-06T13:54:32.559-0700][info][gc,heap     ] GC(55) Survivor regions: 3->5(7)
[2024-07-06T13:54:32.559-0700][info][gc,heap     ] GC(55) Old regions: 989->982
[2024-07-06T13:54:32.559-0700][info][gc,heap     ] GC(55) Archive regions: 2->2
[2024-07-06T13:54:32.559-0700][info][gc,heap     ] GC(55) Humongous regions: 4->4
[2024-07-06T13:54:32.559-0700][info][gc,metaspace] GC(55) Metaspace: 302K(512K)->302K(512K) NonClass: 295K(384K)->295K(384K) Class: 7K(128K)->7K(128K)
[2024-07-06T13:54:32.559-0700][info][gc          ] GC(55) Pause Young (Mixed) (G1 Preventive Collection) 3995M->3967M(4096M) 54.099ms
[2024-07-06T13:54:32.559-0700][info][gc,cpu      ] GC(55) User=0.17s Sys=0.03s Real=0.05s
[2024-07-06T13:54:32.560-0700][info][gc,start    ] GC(56) Pause Young (Mixed) (G1 Preventive Collection)
[2024-07-06T13:54:32.560-0700][info][gc,task     ] GC(56) Using 4 workers of 4 for evacuation
[2024-07-06T13:54:32.596-0700][info][gc          ] GC(56) To-space exhausted
[2024-07-06T13:54:32.596-0700][info][gc,phases   ] GC(56)   Pre Evacuate Collection Set: 0.2ms
[2024-07-06T13:54:32.596-0700][info][gc,phases   ] GC(56)   Merge Heap Roots: 0.1ms
[2024-07-06T13:54:32.596-0700][info][gc,phases   ] GC(56)   Evacuate Collection Set: 33.8ms
[2024-07-06T13:54:32.596-0700][info][gc,phases   ] GC(56)   Post Evacuate Collection Set: 1.8ms
[2024-07-06T13:54:32.596-0700][info][gc,phases   ] GC(56)   Other: 0.1ms
[2024-07-06T13:54:32.596-0700][info][gc,heap     ] GC(56) Eden regions: 1->0(48)
[2024-07-06T13:54:32.596-0700][info][gc,heap     ] GC(56) Survivor regions: 5->3(7)
[2024-07-06T13:54:32.596-0700][info][gc,heap     ] GC(56) Old regions: 982->985
[2024-07-06T13:54:32.596-0700][info][gc,heap     ] GC(56) Archive regions: 2->2
[2024-07-06T13:54:32.596-0700][info][gc,heap     ] GC(56) Humongous regions: 4->4
[2024-07-06T13:54:32.596-0700][info][gc,metaspace] GC(56) Metaspace: 302K(512K)->302K(512K) NonClass: 295K(384K)->295K(384K) Class: 7K(128K)->7K(128K)
[2024-07-06T13:54:32.596-0700][info][gc          ] GC(56) Pause Young (Mixed) (G1 Preventive Collection) 3971M->3971M(4096M) 36.081ms
[2024-07-06T13:54:32.596-0700][info][gc,cpu      ] GC(56) User=0.11s Sys=0.02s Real=0.04s
[2024-07-06T13:54:39.493-0700][info][gc,start    ] GC(57) Pause Young (Concurrent Start) (G1 Preventive Collection)
[2024-07-06T13:54:39.493-0700][info][gc,task     ] GC(57) Using 4 workers of 4 for evacuation
[2024-07-06T13:54:39.508-0700][info][gc,phases   ] GC(57)   Pre Evacuate Collection Set: 0.2ms
[2024-07-06T13:54:39.508-0700][info][gc,phases   ] GC(57)   Merge Heap Roots: 0.2ms
[2024-07-06T13:54:39.508-0700][info][gc,phases   ] GC(57)   Evacuate Collection Set: 13.8ms
[2024-07-06T13:54:39.508-0700][info][gc,phases   ] GC(57)   Post Evacuate Collection Set: 0.3ms
[2024-07-06T13:54:39.508-0700][info][gc,phases   ] GC(57)   Other: 0.1ms
[2024-07-06T13:54:39.508-0700][info][gc,heap     ] GC(57) Eden regions: 12->0(44)
[2024-07-06T13:54:39.508-0700][info][gc,heap     ] GC(57) Survivor regions: 3->7(7)
[2024-07-06T13:54:39.508-0700][info][gc,heap     ] GC(57) Old regions: 985->993
[2024-07-06T13:54:39.508-0700][info][gc,heap     ] GC(57) Archive regions: 2->2
[2024-07-06T13:54:39.508-0700][info][gc,heap     ] GC(57) Humongous regions: 4->4
[2024-07-06T13:54:39.508-0700][info][gc,metaspace] GC(57) Metaspace: 302K(512K)->302K(512K) NonClass: 295K(384K)->295K(384K) Class: 7K(128K)->7K(128K)
[2024-07-06T13:54:39.508-0700][info][gc          ] GC(57) Pause Young (Concurrent Start) (G1 Preventive Collection) 4019M->4019M(4096M) 14.708ms
[2024-07-06T13:54:39.508-0700][info][gc,cpu      ] GC(57) User=0.04s Sys=0.01s Real=0.02s
[2024-07-06T13:54:39.508-0700][info][gc          ] GC(58) Concurrent Mark Cycle
[2024-07-06T13:54:39.508-0700][info][gc,marking  ] GC(58) Concurrent Clear Claimed Marks
[2024-07-06T13:54:39.508-0700][info][gc,marking  ] GC(58) Concurrent Clear Claimed Marks 0.006ms
[2024-07-06T13:54:39.508-0700][info][gc,marking  ] GC(58) Concurrent Scan Root Regions
[2024-07-06T13:54:39.511-0700][info][gc,marking  ] GC(58) Concurrent Scan Root Regions 3.050ms
[2024-07-06T13:54:39.511-0700][info][gc,marking  ] GC(58) Concurrent Mark
[2024-07-06T13:54:39.511-0700][info][gc,marking  ] GC(58) Concurrent Mark From Roots
[2024-07-06T13:54:39.511-0700][info][gc,task     ] GC(58) Using 1 workers of 1 for marking
[2024-07-06T13:54:39.980-0700][info][gc,marking  ] GC(58) Concurrent Mark From Roots 469.091ms
[2024-07-06T13:54:39.980-0700][info][gc,marking  ] GC(58) Concurrent Preclean
[2024-07-06T13:54:39.980-0700][info][gc,marking  ] GC(58) Concurrent Preclean 0.061ms
[2024-07-06T13:55:19.902-0700][info][gc,start    ] GC(58) Pause Remark
[2024-07-06T13:55:19.903-0700][info][gc          ] GC(58) Pause Remark 4023M->4023M(4096M) 0.898ms
[2024-07-06T13:55:19.903-0700][info][gc,cpu      ] GC(58) User=0.00s Sys=0.00s Real=0.01s
[2024-07-06T13:55:19.903-0700][info][gc,marking  ] GC(58) Concurrent Mark 40391.936ms
[2024-07-06T13:55:19.903-0700][info][gc,marking  ] GC(58) Concurrent Rebuild Remembered Sets
[2024-07-06T13:55:20.124-0700][info][gc,marking  ] GC(58) Concurrent Rebuild Remembered Sets 220.442ms
[2024-07-06T13:55:20.492-0700][info][gc,start    ] GC(58) Pause Cleanup
[2024-07-06T13:55:20.493-0700][info][gc          ] GC(58) Pause Cleanup 4023M->4023M(4096M) 0.595ms
[2024-07-06T13:55:20.493-0700][info][gc,cpu      ] GC(58) User=0.00s Sys=0.00s Real=0.00s
[2024-07-06T13:55:20.493-0700][info][gc,marking  ] GC(58) Concurrent Cleanup for Next Mark
[2024-07-06T13:55:20.499-0700][info][gc,marking  ] GC(58) Concurrent Cleanup for Next Mark 6.209ms
[2024-07-06T13:55:20.499-0700][info][gc          ] GC(58) Concurrent Mark Cycle 40991.198ms
[2024-07-06T13:55:21.922-0700][info][gc,start    ] GC(59) Pause Young (Prepare Mixed) (G1 Preventive Collection)
[2024-07-06T13:55:21.922-0700][info][gc,task     ] GC(59) Using 4 workers of 4 for evacuation
[2024-07-06T13:55:21.932-0700][info][gc,phases   ] GC(59)   Pre Evacuate Collection Set: 0.2ms
[2024-07-06T13:55:21.932-0700][info][gc,phases   ] GC(59)   Merge Heap Roots: 0.1ms
[2024-07-06T13:55:21.932-0700][info][gc,phases   ] GC(59)   Evacuate Collection Set: 8.9ms
[2024-07-06T13:55:21.932-0700][info][gc,phases   ] GC(59)   Post Evacuate Collection Set: 0.3ms
[2024-07-06T13:55:21.932-0700][info][gc,phases   ] GC(59)   Other: 0.1ms
[2024-07-06T13:55:21.932-0700][info][gc,heap     ] GC(59) Eden regions: 4->0(46)
[2024-07-06T13:55:21.932-0700][info][gc,heap     ] GC(59) Survivor regions: 7->5(7)
[2024-07-06T13:55:21.932-0700][info][gc,heap     ] GC(59) Old regions: 993->1000
[2024-07-06T13:55:21.932-0700][info][gc,heap     ] GC(59) Archive regions: 2->2
[2024-07-06T13:55:21.932-0700][info][gc,heap     ] GC(59) Humongous regions: 4->4
[2024-07-06T13:55:21.932-0700][info][gc,metaspace] GC(59) Metaspace: 302K(512K)->302K(512K) NonClass: 295K(384K)->295K(384K) Class: 7K(128K)->7K(128K)
[2024-07-06T13:55:21.932-0700][info][gc          ] GC(59) Pause Young (Prepare Mixed) (G1 Preventive Collection) 4035M->4037M(4096M) 9.715ms
[2024-07-06T13:55:21.932-0700][info][gc,cpu      ] GC(59) User=0.03s Sys=0.01s Real=0.01s
[2024-07-06T13:55:23.364-0700][info][gc,start    ] GC(60) Pause Young (Mixed) (G1 Preventive Collection)
[2024-07-06T13:55:23.364-0700][info][gc,task     ] GC(60) Using 4 workers of 4 for evacuation
[2024-07-06T13:55:23.391-0700][info][gc          ] GC(60) To-space exhausted
[2024-07-06T13:55:23.391-0700][info][gc,phases   ] GC(60)   Pre Evacuate Collection Set: 0.3ms
[2024-07-06T13:55:23.391-0700][info][gc,phases   ] GC(60)   Merge Heap Roots: 0.2ms
[2024-07-06T13:55:23.391-0700][info][gc,phases   ] GC(60)   Evacuate Collection Set: 24.0ms
[2024-07-06T13:55:23.391-0700][info][gc,phases   ] GC(60)   Post Evacuate Collection Set: 2.7ms
[2024-07-06T13:55:23.391-0700][info][gc,phases   ] GC(60)   Other: 0.2ms
[2024-07-06T13:55:23.391-0700][info][gc,heap     ] GC(60) Eden regions: 2->0(51)
[2024-07-06T13:55:23.391-0700][info][gc,heap     ] GC(60) Survivor regions: 5->0(7)
[2024-07-06T13:55:23.391-0700][info][gc,heap     ] GC(60) Old regions: 1000->976
[2024-07-06T13:55:23.391-0700][info][gc,heap     ] GC(60) Archive regions: 2->2
[2024-07-06T13:55:23.391-0700][info][gc,heap     ] GC(60) Humongous regions: 4->4
[2024-07-06T13:55:23.391-0700][info][gc,metaspace] GC(60) Metaspace: 302K(512K)->302K(512K) NonClass: 295K(384K)->295K(384K) Class: 7K(128K)->7K(128K)
[2024-07-06T13:55:23.391-0700][info][gc          ] GC(60) Pause Young (Mixed) (G1 Preventive Collection) 4045M->3923M(4096M) 27.428ms
[2024-07-06T13:55:23.391-0700][info][gc,cpu      ] GC(60) User=0.08s Sys=0.01s Real=0.02s
[2024-07-06T13:55:29.684-0700][info][gc,start    ] GC(61) Pause Young (Mixed) (G1 Preventive Collection)
[2024-07-06T13:55:29.684-0700][info][gc,task     ] GC(61) Using 4 workers of 4 for evacuation
[2024-07-06T13:55:29.745-0700][info][gc          ] GC(61) To-space exhausted
[2024-07-06T13:55:29.745-0700][info][gc,phases   ] GC(61)   Pre Evacuate Collection Set: 0.2ms
[2024-07-06T13:55:29.745-0700][info][gc,phases   ] GC(61)   Merge Heap Roots: 0.1ms
[2024-07-06T13:55:29.745-0700][info][gc,phases   ] GC(61)   Evacuate Collection Set: 52.7ms
[2024-07-06T13:55:29.745-0700][info][gc,phases   ] GC(61)   Post Evacuate Collection Set: 7.2ms
[2024-07-06T13:55:29.745-0700][info][gc,phases   ] GC(61)   Other: 0.1ms
[2024-07-06T13:55:29.745-0700][info][gc,heap     ] GC(61) Eden regions: 11->0(44)
[2024-07-06T13:55:29.745-0700][info][gc,heap     ] GC(61) Survivor regions: 0->7(7)
[2024-07-06T13:55:29.745-0700][info][gc,heap     ] GC(61) Old regions: 976->994
[2024-07-06T13:55:29.745-0700][info][gc,heap     ] GC(61) Archive regions: 2->2
[2024-07-06T13:55:29.745-0700][info][gc,heap     ] GC(61) Humongous regions: 4->4
[2024-07-06T13:55:29.745-0700][info][gc,metaspace] GC(61) Metaspace: 302K(512K)->302K(512K) NonClass: 295K(384K)->295K(384K) Class: 7K(128K)->7K(128K)
[2024-07-06T13:55:29.745-0700][info][gc          ] GC(61) Pause Young (Mixed) (G1 Preventive Collection) 3967M->4023M(4096M) 60.453ms
[2024-07-06T13:55:29.745-0700][info][gc,cpu      ] GC(61) User=0.20s Sys=0.04s Real=0.06s
[2024-07-06T13:55:29.745-0700][info][gc,start    ] GC(62) Pause Young (Mixed) (G1 Preventive Collection)
[2024-07-06T13:55:29.745-0700][info][gc,task     ] GC(62) Using 4 workers of 4 for evacuation
[2024-07-06T13:55:29.761-0700][info][gc          ] GC(62) To-space exhausted
[2024-07-06T13:55:29.761-0700][info][gc,phases   ] GC(62)   Pre Evacuate Collection Set: 0.2ms
[2024-07-06T13:55:29.761-0700][info][gc,phases   ] GC(62)   Merge Heap Roots: 0.1ms
[2024-07-06T13:55:29.761-0700][info][gc,phases   ] GC(62)   Evacuate Collection Set: 15.3ms
[2024-07-06T13:55:29.761-0700][info][gc,phases   ] GC(62)   Post Evacuate Collection Set: 0.5ms
[2024-07-06T13:55:29.761-0700][info][gc,phases   ] GC(62)   Other: 0.1ms
[2024-07-06T13:55:29.761-0700][info][gc,heap     ] GC(62) Eden regions: 1->0(50)
[2024-07-06T13:55:29.761-0700][info][gc,heap     ] GC(62) Survivor regions: 7->1(7)
[2024-07-06T13:55:29.761-0700][info][gc,heap     ] GC(62) Old regions: 994->1000
[2024-07-06T13:55:29.761-0700][info][gc,heap     ] GC(62) Archive regions: 2->2
[2024-07-06T13:55:29.761-0700][info][gc,heap     ] GC(62) Humongous regions: 4->4
[2024-07-06T13:55:29.761-0700][info][gc,metaspace] GC(62) Metaspace: 302K(512K)->302K(512K) NonClass: 295K(384K)->295K(384K) Class: 7K(128K)->7K(128K)
[2024-07-06T13:55:29.761-0700][info][gc          ] GC(62) Pause Young (Mixed) (G1 Preventive Collection) 4027M->4023M(4096M) 16.180ms
[2024-07-06T13:55:29.761-0700][info][gc,cpu      ] GC(62) User=0.03s Sys=0.02s Real=0.01s
[2024-07-06T13:55:34.074-0700][info][gc,start    ] GC(63) Pause Young (Concurrent Start) (G1 Preventive Collection)
[2024-07-06T13:55:34.074-0700][info][gc,task     ] GC(63) Using 4 workers of 4 for evacuation
[2024-07-06T13:55:34.082-0700][info][gc,phases   ] GC(63)   Pre Evacuate Collection Set: 0.2ms
[2024-07-06T13:55:34.082-0700][info][gc,phases   ] GC(63)   Merge Heap Roots: 0.1ms
[2024-07-06T13:55:34.082-0700][info][gc,phases   ] GC(63)   Evacuate Collection Set: 7.6ms
[2024-07-06T13:55:34.082-0700][info][gc,phases   ] GC(63)   Post Evacuate Collection Set: 0.3ms
[2024-07-06T13:55:34.082-0700][info][gc,phases   ] GC(63)   Other: 0.1ms
[2024-07-06T13:55:34.082-0700][info][gc,heap     ] GC(63) Eden regions: 7->0(44)
[2024-07-06T13:55:34.082-0700][info][gc,heap     ] GC(63) Survivor regions: 1->7(7)
[2024-07-06T13:55:34.082-0700][info][gc,heap     ] GC(63) Old regions: 1000->1001
[2024-07-06T13:55:34.082-0700][info][gc,heap     ] GC(63) Archive regions: 2->2
[2024-07-06T13:55:34.082-0700][info][gc,heap     ] GC(63) Humongous regions: 4->4
[2024-07-06T13:55:34.082-0700][info][gc,metaspace] GC(63) Metaspace: 302K(512K)->302K(512K) NonClass: 295K(384K)->295K(384K) Class: 7K(128K)->7K(128K)
[2024-07-06T13:55:34.082-0700][info][gc          ] GC(63) Pause Young (Concurrent Start) (G1 Preventive Collection) 4051M->4051M(4096M) 8.339ms
[2024-07-06T13:55:34.082-0700][info][gc,cpu      ] GC(63) User=0.03s Sys=0.00s Real=0.01s
[2024-07-06T13:55:34.082-0700][info][gc          ] GC(64) Concurrent Mark Cycle
[2024-07-06T13:55:34.082-0700][info][gc,marking  ] GC(64) Concurrent Clear Claimed Marks
[2024-07-06T13:55:34.082-0700][info][gc,marking  ] GC(64) Concurrent Clear Claimed Marks 0.007ms
[2024-07-06T13:55:34.082-0700][info][gc,marking  ] GC(64) Concurrent Scan Root Regions
[2024-07-06T13:55:34.084-0700][info][gc,marking  ] GC(64) Concurrent Scan Root Regions 1.748ms
[2024-07-06T13:55:34.084-0700][info][gc,marking  ] GC(64) Concurrent Mark
[2024-07-06T13:55:34.084-0700][info][gc,marking  ] GC(64) Concurrent Mark From Roots
[2024-07-06T13:55:34.084-0700][info][gc,task     ] GC(64) Using 1 workers of 1 for marking
[2024-07-06T13:55:34.595-0700][info][gc,marking  ] GC(64) Concurrent Mark From Roots 511.133ms
[2024-07-06T13:55:34.595-0700][info][gc,marking  ] GC(64) Concurrent Preclean
[2024-07-06T13:55:34.595-0700][info][gc,marking  ] GC(64) Concurrent Preclean 0.061ms
[2024-07-06T13:55:35.393-0700][info][gc,start    ] GC(64) Pause Remark
[2024-07-06T13:55:35.394-0700][info][gc          ] GC(64) Pause Remark 4055M->4055M(4096M) 0.762ms
[2024-07-06T13:55:35.394-0700][info][gc,cpu      ] GC(64) User=0.01s Sys=0.00s Real=0.00s
[2024-07-06T13:55:35.394-0700][info][gc,marking  ] GC(64) Concurrent Mark 1310.404ms
[2024-07-06T13:55:35.394-0700][info][gc,marking  ] GC(64) Concurrent Rebuild Remembered Sets
[2024-07-06T13:55:35.649-0700][info][gc,marking  ] GC(64) Concurrent Rebuild Remembered Sets 254.503ms
[2024-07-06T13:55:36.149-0700][info][gc,start    ] GC(64) Pause Cleanup
[2024-07-06T13:55:36.150-0700][info][gc          ] GC(64) Pause Cleanup 4055M->4055M(4096M) 0.542ms
[2024-07-06T13:55:36.150-0700][info][gc,cpu      ] GC(64) User=0.00s Sys=0.00s Real=0.00s
[2024-07-06T13:55:36.150-0700][info][gc,marking  ] GC(64) Concurrent Cleanup for Next Mark
[2024-07-06T13:55:36.155-0700][info][gc,marking  ] GC(64) Concurrent Cleanup for Next Mark 5.520ms
[2024-07-06T13:55:36.155-0700][info][gc          ] GC(64) Concurrent Mark Cycle 2073.451ms
[2024-07-06T13:55:36.885-0700][info][gc,start    ] GC(65) Pause Young (Prepare Mixed) (G1 Preventive Collection)
[2024-07-06T13:55:36.886-0700][info][gc,task     ] GC(65) Using 4 workers of 4 for evacuation
[2024-07-06T13:55:36.894-0700][info][gc,phases   ] GC(65)   Pre Evacuate Collection Set: 0.2ms
[2024-07-06T13:55:36.894-0700][info][gc,phases   ] GC(65)   Merge Heap Roots: 0.1ms
[2024-07-06T13:55:36.894-0700][info][gc,phases   ] GC(65)   Evacuate Collection Set: 7.5ms
[2024-07-06T13:55:36.894-0700][info][gc,phases   ] GC(65)   Post Evacuate Collection Set: 0.3ms
[2024-07-06T13:55:36.894-0700][info][gc,phases   ] GC(65)   Other: 0.1ms
[2024-07-06T13:55:36.894-0700][info][gc,heap     ] GC(65) Eden regions: 1->0(49)
[2024-07-06T13:55:36.894-0700][info][gc,heap     ] GC(65) Survivor regions: 7->2(7)
[2024-07-06T13:55:36.894-0700][info][gc,heap     ] GC(65) Old regions: 1001->1008
[2024-07-06T13:55:36.894-0700][info][gc,heap     ] GC(65) Archive regions: 2->2
[2024-07-06T13:55:36.894-0700][info][gc,heap     ] GC(65) Humongous regions: 4->4
[2024-07-06T13:55:36.894-0700][info][gc,metaspace] GC(65) Metaspace: 302K(512K)->302K(512K) NonClass: 295K(384K)->295K(384K) Class: 7K(128K)->7K(128K)
[2024-07-06T13:55:36.894-0700][info][gc          ] GC(65) Pause Young (Prepare Mixed) (G1 Preventive Collection) 4055M->4059M(4096M) 8.364ms
[2024-07-06T13:55:36.894-0700][info][gc,cpu      ] GC(65) User=0.03s Sys=0.00s Real=0.00s
[2024-07-06T13:55:36.895-0700][info][gc,start    ] GC(66) Pause Young (Mixed) (G1 Preventive Collection)
[2024-07-06T13:55:36.895-0700][info][gc,task     ] GC(66) Using 4 workers of 4 for evacuation
[2024-07-06T13:55:36.913-0700][info][gc          ] GC(66) To-space exhausted
[2024-07-06T13:55:36.913-0700][info][gc,phases   ] GC(66)   Pre Evacuate Collection Set: 0.2ms
[2024-07-06T13:55:36.913-0700][info][gc,phases   ] GC(66)   Merge Heap Roots: 0.1ms
[2024-07-06T13:55:36.913-0700][info][gc,phases   ] GC(66)   Evacuate Collection Set: 12.7ms
[2024-07-06T13:55:36.913-0700][info][gc,phases   ] GC(66)   Post Evacuate Collection Set: 4.9ms
[2024-07-06T13:55:36.913-0700][info][gc,phases   ] GC(66)   Other: 0.1ms
[2024-07-06T13:55:36.913-0700][info][gc,heap     ] GC(66) Eden regions: 2->0(48)
[2024-07-06T13:55:36.913-0700][info][gc,heap     ] GC(66) Survivor regions: 2->3(6)
[2024-07-06T13:55:36.913-0700][info][gc,heap     ] GC(66) Old regions: 1008->993
[2024-07-06T13:55:36.913-0700][info][gc,heap     ] GC(66) Archive regions: 2->2
[2024-07-06T13:55:36.913-0700][info][gc,heap     ] GC(66) Humongous regions: 4->4
[2024-07-06T13:55:36.913-0700][info][gc,metaspace] GC(66) Metaspace: 302K(512K)->302K(512K) NonClass: 295K(384K)->295K(384K) Class: 7K(128K)->7K(128K)
[2024-07-06T13:55:36.913-0700][info][gc          ] GC(66) Pause Young (Mixed) (G1 Preventive Collection) 4067M->4003M(4096M) 18.069ms
[2024-07-06T13:55:36.913-0700][info][gc,cpu      ] GC(66) User=0.04s Sys=0.02s Real=0.02s
[2024-07-06T13:55:38.403-0700][info][gc,start    ] GC(67) Pause Young (Mixed) (G1 Preventive Collection)
[2024-07-06T13:55:38.403-0700][info][gc,task     ] GC(67) Using 4 workers of 4 for evacuation
[2024-07-06T13:55:38.452-0700][info][gc          ] GC(67) To-space exhausted
[2024-07-06T13:55:38.452-0700][info][gc,phases   ] GC(67)   Pre Evacuate Collection Set: 0.2ms
[2024-07-06T13:55:38.452-0700][info][gc,phases   ] GC(67)   Merge Heap Roots: 0.1ms
[2024-07-06T13:55:38.452-0700][info][gc,phases   ] GC(67)   Evacuate Collection Set: 42.2ms
[2024-07-06T13:55:38.452-0700][info][gc,phases   ] GC(67)   Post Evacuate Collection Set: 7.1ms
[2024-07-06T13:55:38.452-0700][info][gc,phases   ] GC(67)   Other: 0.1ms
[2024-07-06T13:55:38.452-0700][info][gc,heap     ] GC(67) Eden regions: 1->0(47)
[2024-07-06T13:55:38.452-0700][info][gc,heap     ] GC(67) Survivor regions: 3->4(7)
[2024-07-06T13:55:38.452-0700][info][gc,heap     ] GC(67) Old regions: 993->1006
[2024-07-06T13:55:38.452-0700][info][gc,heap     ] GC(67) Archive regions: 2->2
[2024-07-06T13:55:38.452-0700][info][gc,heap     ] GC(67) Humongous regions: 4->4
[2024-07-06T13:55:38.452-0700][info][gc,metaspace] GC(67) Metaspace: 302K(512K)->302K(512K) NonClass: 295K(384K)->295K(384K) Class: 7K(128K)->7K(128K)
[2024-07-06T13:55:38.452-0700][info][gc          ] GC(67) Pause Young (Mixed) (G1 Preventive Collection) 4007M->4059M(4096M) 49.890ms
[2024-07-06T13:55:38.452-0700][info][gc,cpu      ] GC(67) User=0.17s Sys=0.02s Real=0.05s
[2024-07-06T13:55:38.453-0700][info][gc,start    ] GC(68) Pause Young (Concurrent Start) (G1 Preventive Collection)
[2024-07-06T13:55:38.453-0700][info][gc,task     ] GC(68) Using 4 workers of 4 for evacuation
[2024-07-06T13:55:38.457-0700][info][gc,phases   ] GC(68)   Pre Evacuate Collection Set: 0.2ms
[2024-07-06T13:55:38.457-0700][info][gc,phases   ] GC(68)   Merge Heap Roots: 0.1ms
[2024-07-06T13:55:38.457-0700][info][gc,phases   ] GC(68)   Evacuate Collection Set: 3.3ms
[2024-07-06T13:55:38.457-0700][info][gc,phases   ] GC(68)   Post Evacuate Collection Set: 0.3ms
[2024-07-06T13:55:38.457-0700][info][gc,phases   ] GC(68)   Other: 0.1ms
[2024-07-06T13:55:38.457-0700][info][gc,heap     ] GC(68) Eden regions: 1->0(46)
[2024-07-06T13:55:38.457-0700][info][gc,heap     ] GC(68) Survivor regions: 4->5(7)
[2024-07-06T13:55:38.457-0700][info][gc,heap     ] GC(68) Old regions: 1006->1007
[2024-07-06T13:55:38.457-0700][info][gc,heap     ] GC(68) Archive regions: 2->2
[2024-07-06T13:55:38.457-0700][info][gc,heap     ] GC(68) Humongous regions: 4->4
[2024-07-06T13:55:38.457-0700][info][gc,metaspace] GC(68) Metaspace: 302K(512K)->302K(512K) NonClass: 295K(384K)->295K(384K) Class: 7K(128K)->7K(128K)
[2024-07-06T13:55:38.457-0700][info][gc          ] GC(68) Pause Young (Concurrent Start) (G1 Preventive Collection) 4063M->4065M(4096M) 4.050ms
[2024-07-06T13:55:38.457-0700][info][gc,cpu      ] GC(68) User=0.01s Sys=0.00s Real=0.01s
[2024-07-06T13:55:38.457-0700][info][gc          ] GC(69) Concurrent Mark Cycle
[2024-07-06T13:55:38.457-0700][info][gc,marking  ] GC(69) Concurrent Clear Claimed Marks
[2024-07-06T13:55:38.457-0700][info][gc,marking  ] GC(69) Concurrent Clear Claimed Marks 0.006ms
[2024-07-06T13:55:38.457-0700][info][gc,marking  ] GC(69) Concurrent Scan Root Regions
[2024-07-06T13:55:38.459-0700][info][gc,marking  ] GC(69) Concurrent Scan Root Regions 1.227ms
[2024-07-06T13:55:38.459-0700][info][gc,marking  ] GC(69) Concurrent Mark
[2024-07-06T13:55:38.459-0700][info][gc,marking  ] GC(69) Concurrent Mark From Roots
[2024-07-06T13:55:38.459-0700][info][gc,task     ] GC(69) Using 1 workers of 1 for marking
[2024-07-06T13:55:38.987-0700][info][gc,marking  ] GC(69) Concurrent Mark From Roots 528.726ms
[2024-07-06T13:55:38.987-0700][info][gc,marking  ] GC(69) Concurrent Preclean
[2024-07-06T13:55:38.987-0700][info][gc,marking  ] GC(69) Concurrent Preclean 0.059ms
[2024-07-06T13:55:50.384-0700][info][gc,start    ] GC(69) Pause Remark
[2024-07-06T13:55:50.385-0700][info][gc          ] GC(69) Pause Remark 4069M->4069M(4096M) 0.844ms
[2024-07-06T13:55:50.385-0700][info][gc,cpu      ] GC(69) User=0.00s Sys=0.00s Real=0.00s
[2024-07-06T13:55:50.385-0700][info][gc,marking  ] GC(69) Concurrent Mark 11925.988ms
[2024-07-06T13:55:50.385-0700][info][gc,marking  ] GC(69) Concurrent Rebuild Remembered Sets
[2024-07-06T13:55:50.612-0700][info][gc,marking  ] GC(69) Concurrent Rebuild Remembered Sets 227.328ms
[2024-07-06T13:55:51.384-0700][info][gc,start    ] GC(69) Pause Cleanup
[2024-07-06T13:55:51.385-0700][info][gc          ] GC(69) Pause Cleanup 4069M->4069M(4096M) 0.564ms
[2024-07-06T13:55:51.385-0700][info][gc,cpu      ] GC(69) User=0.00s Sys=0.00s Real=0.00s
[2024-07-06T13:55:51.385-0700][info][gc,marking  ] GC(69) Concurrent Cleanup for Next Mark
[2024-07-06T13:55:51.391-0700][info][gc,marking  ] GC(69) Concurrent Cleanup for Next Mark 6.428ms
[2024-07-06T13:55:51.391-0700][info][gc          ] GC(69) Concurrent Mark Cycle 12933.878ms
[2024-07-06T13:55:51.657-0700][info][gc,start    ] GC(70) Pause Young (Prepare Mixed) (G1 Preventive Collection)
[2024-07-06T13:55:51.657-0700][info][gc,task     ] GC(70) Using 4 workers of 4 for evacuation
[2024-07-06T13:55:51.663-0700][info][gc          ] GC(70) To-space exhausted
[2024-07-06T13:55:51.663-0700][info][gc,phases   ] GC(70)   Pre Evacuate Collection Set: 0.3ms
[2024-07-06T13:55:51.663-0700][info][gc,phases   ] GC(70)   Merge Heap Roots: 0.1ms
[2024-07-06T13:55:51.663-0700][info][gc,phases   ] GC(70)   Evacuate Collection Set: 4.9ms
[2024-07-06T13:55:51.663-0700][info][gc,phases   ] GC(70)   Post Evacuate Collection Set: 0.5ms
[2024-07-06T13:55:51.663-0700][info][gc,phases   ] GC(70)   Other: 0.1ms
[2024-07-06T13:55:51.663-0700][info][gc,heap     ] GC(70) Eden regions: 1->0(48)
[2024-07-06T13:55:51.663-0700][info][gc,heap     ] GC(70) Survivor regions: 5->3(5)
[2024-07-06T13:55:51.663-0700][info][gc,heap     ] GC(70) Old regions: 1007->1010
[2024-07-06T13:55:51.663-0700][info][gc,heap     ] GC(70) Archive regions: 2->2
[2024-07-06T13:55:51.663-0700][info][gc,heap     ] GC(70) Humongous regions: 4->4
[2024-07-06T13:55:51.663-0700][info][gc,metaspace] GC(70) Metaspace: 302K(512K)->302K(512K) NonClass: 295K(384K)->295K(384K) Class: 7K(128K)->7K(128K)
[2024-07-06T13:55:51.663-0700][info][gc          ] GC(70) Pause Young (Prepare Mixed) (G1 Preventive Collection) 4069M->4071M(4096M) 5.899ms
[2024-07-06T13:55:51.663-0700][info][gc,cpu      ] GC(70) User=0.02s Sys=0.00s Real=0.01s
[2024-07-06T13:55:51.664-0700][info][gc,start    ] GC(71) Pause Young (Mixed) (G1 Preventive Collection)
[2024-07-06T13:55:51.664-0700][info][gc,task     ] GC(71) Using 4 workers of 4 for evacuation
[2024-07-06T13:55:51.684-0700][info][gc          ] GC(71) To-space exhausted
[2024-07-06T13:55:51.684-0700][info][gc,phases   ] GC(71)   Pre Evacuate Collection Set: 0.2ms
[2024-07-06T13:55:51.684-0700][info][gc,phases   ] GC(71)   Merge Heap Roots: 0.1ms
[2024-07-06T13:55:51.684-0700][info][gc,phases   ] GC(71)   Evacuate Collection Set: 14.7ms
[2024-07-06T13:55:51.684-0700][info][gc,phases   ] GC(71)   Post Evacuate Collection Set: 5.3ms
[2024-07-06T13:55:51.684-0700][info][gc,phases   ] GC(71)   Other: 0.1ms
[2024-07-06T13:55:51.684-0700][info][gc,heap     ] GC(71) Eden regions: 1->0(49)
[2024-07-06T13:55:51.684-0700][info][gc,heap     ] GC(71) Survivor regions: 3->2(4)
[2024-07-06T13:55:51.684-0700][info][gc,heap     ] GC(71) Old regions: 1010->1006
[2024-07-06T13:55:51.684-0700][info][gc,heap     ] GC(71) Archive regions: 2->2
[2024-07-06T13:55:51.684-0700][info][gc,heap     ] GC(71) Humongous regions: 4->4
[2024-07-06T13:55:51.684-0700][info][gc,metaspace] GC(71) Metaspace: 302K(512K)->302K(512K) NonClass: 295K(384K)->295K(384K) Class: 7K(128K)->7K(128K)
[2024-07-06T13:55:51.684-0700][info][gc          ] GC(71) Pause Young (Mixed) (G1 Preventive Collection) 4075M->4051M(4096M) 20.542ms
[2024-07-06T13:55:51.684-0700][info][gc,cpu      ] GC(71) User=0.07s Sys=0.00s Real=0.02s
[2024-07-06T13:55:51.685-0700][info][gc,start    ] GC(72) Pause Young (Mixed) (G1 Preventive Collection)
[2024-07-06T13:55:51.685-0700][info][gc,task     ] GC(72) Using 4 workers of 4 for evacuation
[2024-07-06T13:55:51.707-0700][info][gc          ] GC(72) To-space exhausted
[2024-07-06T13:55:51.707-0700][info][gc,phases   ] GC(72)   Pre Evacuate Collection Set: 0.2ms
[2024-07-06T13:55:51.707-0700][info][gc,phases   ] GC(72)   Merge Heap Roots: 0.1ms
[2024-07-06T13:55:51.707-0700][info][gc,phases   ] GC(72)   Evacuate Collection Set: 16.3ms
[2024-07-06T13:55:51.707-0700][info][gc,phases   ] GC(72)   Post Evacuate Collection Set: 6.1ms
[2024-07-06T13:55:51.707-0700][info][gc,phases   ] GC(72)   Other: 0.1ms
[2024-07-06T13:55:51.707-0700][info][gc,heap     ] GC(72) Eden regions: 1->0(48)
[2024-07-06T13:55:51.707-0700][info][gc,heap     ] GC(72) Survivor regions: 2->3(7)
[2024-07-06T13:55:51.707-0700][info][gc,heap     ] GC(72) Old regions: 1006->1013
[2024-07-06T13:55:51.707-0700][info][gc,heap     ] GC(72) Archive regions: 2->2
[2024-07-06T13:55:51.707-0700][info][gc,heap     ] GC(72) Humongous regions: 4->4
[2024-07-06T13:55:51.707-0700][info][gc,metaspace] GC(72) Metaspace: 302K(512K)->302K(512K) NonClass: 295K(384K)->295K(384K) Class: 7K(128K)->7K(128K)
[2024-07-06T13:55:51.707-0700][info][gc          ] GC(72) Pause Young (Mixed) (G1 Preventive Collection) 4055M->4083M(4096M) 22.862ms
[2024-07-06T13:55:51.707-0700][info][gc,cpu      ] GC(72) User=0.06s Sys=0.02s Real=0.02s
[2024-07-06T13:55:53.133-0700][info][gc,start    ] GC(73) Pause Young (Concurrent Start) (G1 Preventive Collection)
[2024-07-06T13:55:53.133-0700][info][gc,task     ] GC(73) Using 4 workers of 4 for evacuation
[2024-07-06T13:55:53.139-0700][info][gc          ] GC(73) To-space exhausted
[2024-07-06T13:55:53.139-0700][info][gc,phases   ] GC(73)   Pre Evacuate Collection Set: 0.2ms
[2024-07-06T13:55:53.139-0700][info][gc,phases   ] GC(73)   Merge Heap Roots: 0.1ms
[2024-07-06T13:55:53.139-0700][info][gc,phases   ] GC(73)   Evacuate Collection Set: 4.4ms
[2024-07-06T13:55:53.139-0700][info][gc,phases   ] GC(73)   Post Evacuate Collection Set: 0.7ms
[2024-07-06T13:55:53.139-0700][info][gc,phases   ] GC(73)   Other: 0.2ms
[2024-07-06T13:55:53.139-0700][info][gc,heap     ] GC(73) Eden regions: 1->0(50)
[2024-07-06T13:55:53.139-0700][info][gc,heap     ] GC(73) Survivor regions: 3->1(1)
[2024-07-06T13:55:53.139-0700][info][gc,heap     ] GC(73) Old regions: 1013->1017
[2024-07-06T13:55:53.139-0700][info][gc,heap     ] GC(73) Archive regions: 2->2
[2024-07-06T13:55:53.139-0700][info][gc,heap     ] GC(73) Humongous regions: 4->4
[2024-07-06T13:55:53.139-0700][info][gc,metaspace] GC(73) Metaspace: 302K(512K)->302K(512K) NonClass: 295K(384K)->295K(384K) Class: 7K(128K)->7K(128K)
[2024-07-06T13:55:53.139-0700][info][gc          ] GC(73) Pause Young (Concurrent Start) (G1 Preventive Collection) 4087M->4091M(4096M) 5.591ms
[2024-07-06T13:55:53.139-0700][info][gc,cpu      ] GC(73) User=0.02s Sys=0.00s Real=0.01s
[2024-07-06T13:55:53.139-0700][info][gc,ergo     ] Attempting full compaction
[2024-07-06T13:55:53.139-0700][info][gc          ] GC(74) Concurrent Mark Cycle
[2024-07-06T13:55:53.139-0700][info][gc,marking  ] GC(74) Concurrent Clear Claimed Marks
[2024-07-06T13:55:53.139-0700][info][gc,marking  ] GC(74) Concurrent Clear Claimed Marks 0.030ms
[2024-07-06T13:55:53.139-0700][info][gc,marking  ] GC(74) Concurrent Scan Root Regions
[2024-07-06T13:55:53.139-0700][info][gc,task     ] GC(75) Using 4 workers of 4 for full compaction
[2024-07-06T13:55:53.139-0700][info][gc,start    ] GC(75) Pause Full (G1 Compaction Pause)
[2024-07-06T13:55:53.139-0700][info][gc,marking  ] GC(74) Concurrent Scan Root Regions 0.301ms
[2024-07-06T13:55:53.139-0700][info][gc,marking  ] GC(74) Concurrent Mark
[2024-07-06T13:55:53.139-0700][info][gc,marking  ] GC(74) Concurrent Mark From Roots
[2024-07-06T13:55:53.139-0700][info][gc,task     ] GC(74) Using 1 workers of 1 for marking
[2024-07-06T13:55:53.142-0700][info][gc,phases,start] GC(75) Phase 1: Mark live objects
[2024-07-06T13:55:53.228-0700][info][gc,phases      ] GC(75) Phase 1: Mark live objects 85.828ms
[2024-07-06T13:55:53.228-0700][info][gc,phases,start] GC(75) Phase 2: Prepare for compaction
[2024-07-06T13:55:53.282-0700][info][gc,phases      ] GC(75) Phase 2: Prepare for compaction 54.315ms
[2024-07-06T13:55:53.282-0700][info][gc,phases,start] GC(75) Phase 3: Adjust pointers
[2024-07-06T13:55:53.359-0700][info][gc,phases      ] GC(75) Phase 3: Adjust pointers 76.607ms
[2024-07-06T13:55:53.359-0700][info][gc,phases,start] GC(75) Phase 4: Compact heap
[2024-07-06T13:55:53.688-0700][info][gc,phases      ] GC(75) Phase 4: Compact heap 328.975ms
[2024-07-06T13:55:53.691-0700][info][gc,heap        ] GC(75) Eden regions: 0->0(51)
[2024-07-06T13:55:53.691-0700][info][gc,heap        ] GC(75) Survivor regions: 1->0(1)
[2024-07-06T13:55:53.691-0700][info][gc,heap        ] GC(75) Old regions: 1017->829
[2024-07-06T13:55:53.691-0700][info][gc,heap        ] GC(75) Archive regions: 2->2
[2024-07-06T13:55:53.691-0700][info][gc,heap        ] GC(75) Humongous regions: 4->4
[2024-07-06T13:55:53.691-0700][info][gc,metaspace   ] GC(75) Metaspace: 302K(512K)->302K(512K) NonClass: 295K(384K)->295K(384K) Class: 7K(128K)->7K(128K)
[2024-07-06T13:55:53.691-0700][info][gc             ] GC(75) Pause Full (G1 Compaction Pause) 4091M->3329M(4096M) 551.852ms
[2024-07-06T13:55:53.691-0700][info][gc,cpu         ] GC(75) User=2.14s Sys=0.01s Real=0.55s
[2024-07-06T13:55:53.691-0700][info][gc,marking     ] GC(74) Concurrent Mark From Roots 551.914ms
[2024-07-06T13:55:53.691-0700][info][gc,marking     ] GC(74) Concurrent Mark Abort
[2024-07-06T13:55:53.691-0700][info][gc             ] GC(74) Concurrent Mark Cycle 552.347ms
[2024-07-06T13:56:24.803-0700][info][gc,start       ] GC(76) Pause Young (Normal) (G1 Evacuation Pause)
[2024-07-06T13:56:24.803-0700][info][gc,task        ] GC(76) Using 4 workers of 4 for evacuation
[2024-07-06T13:56:24.854-0700][info][gc,phases      ] GC(76)   Pre Evacuate Collection Set: 0.2ms
[2024-07-06T13:56:24.854-0700][info][gc,phases      ] GC(76)   Merge Heap Roots: 0.1ms
[2024-07-06T13:56:24.854-0700][info][gc,phases      ] GC(76)   Evacuate Collection Set: 50.2ms
[2024-07-06T13:56:24.854-0700][info][gc,phases      ] GC(76)   Post Evacuate Collection Set: 0.4ms
[2024-07-06T13:56:24.854-0700][info][gc,phases      ] GC(76)   Other: 0.1ms
[2024-07-06T13:56:24.854-0700][info][gc,heap        ] GC(76) Eden regions: 51->0(44)
[2024-07-06T13:56:24.854-0700][info][gc,heap        ] GC(76) Survivor regions: 0->7(7)
[2024-07-06T13:56:24.854-0700][info][gc,heap        ] GC(76) Old regions: 829->873
[2024-07-06T13:56:24.854-0700][info][gc,heap        ] GC(76) Archive regions: 2->2
[2024-07-06T13:56:24.854-0700][info][gc,heap        ] GC(76) Humongous regions: 4->4
[2024-07-06T13:56:24.854-0700][info][gc,metaspace   ] GC(76) Metaspace: 302K(512K)->302K(512K) NonClass: 295K(384K)->295K(384K) Class: 7K(128K)->7K(128K)
[2024-07-06T13:56:24.854-0700][info][gc             ] GC(76) Pause Young (Normal) (G1 Evacuation Pause) 3533M->3529M(4096M) 51.100ms
[2024-07-06T13:56:24.854-0700][info][gc,cpu         ] GC(76) User=0.14s Sys=0.04s Real=0.05s
[2024-07-06T13:56:53.334-0700][info][gc,start       ] GC(77) Pause Young (Concurrent Start) (G1 Evacuation Pause)
[2024-07-06T13:56:53.334-0700][info][gc,task        ] GC(77) Using 4 workers of 4 for evacuation
[2024-07-06T13:56:53.380-0700][info][gc,phases      ] GC(77)   Pre Evacuate Collection Set: 0.2ms
[2024-07-06T13:56:53.380-0700][info][gc,phases      ] GC(77)   Merge Heap Roots: 0.1ms
[2024-07-06T13:56:53.380-0700][info][gc,phases      ] GC(77)   Evacuate Collection Set: 45.3ms
[2024-07-06T13:56:53.380-0700][info][gc,phases      ] GC(77)   Post Evacuate Collection Set: 0.3ms
[2024-07-06T13:56:53.380-0700][info][gc,phases      ] GC(77)   Other: 0.1ms
[2024-07-06T13:56:53.380-0700][info][gc,heap        ] GC(77) Eden regions: 44->0(44)
[2024-07-06T13:56:53.380-0700][info][gc,heap        ] GC(77) Survivor regions: 7->7(7)
[2024-07-06T13:56:53.380-0700][info][gc,heap        ] GC(77) Old regions: 873->916
[2024-07-06T13:56:53.380-0700][info][gc,heap        ] GC(77) Archive regions: 2->2
[2024-07-06T13:56:53.380-0700][info][gc,heap        ] GC(77) Humongous regions: 4->4
[2024-07-06T13:56:53.380-0700][info][gc,metaspace   ] GC(77) Metaspace: 302K(512K)->302K(512K) NonClass: 295K(384K)->295K(384K) Class: 7K(128K)->7K(128K)
[2024-07-06T13:56:53.380-0700][info][gc             ] GC(77) Pause Young (Concurrent Start) (G1 Evacuation Pause) 3705M->3702M(4096M) 46.221ms
[2024-07-06T13:56:53.380-0700][info][gc,cpu         ] GC(77) User=0.14s Sys=0.04s Real=0.05s
[2024-07-06T13:56:53.380-0700][info][gc             ] GC(78) Concurrent Mark Cycle
[2024-07-06T13:56:53.380-0700][info][gc,marking     ] GC(78) Concurrent Clear Claimed Marks
[2024-07-06T13:56:53.380-0700][info][gc,marking     ] GC(78) Concurrent Clear Claimed Marks 0.006ms
[2024-07-06T13:56:53.380-0700][info][gc,marking     ] GC(78) Concurrent Scan Root Regions
[2024-07-06T13:56:53.390-0700][info][gc,marking     ] GC(78) Concurrent Scan Root Regions 10.073ms
[2024-07-06T13:56:53.390-0700][info][gc,marking     ] GC(78) Concurrent Mark
[2024-07-06T13:56:53.390-0700][info][gc,marking     ] GC(78) Concurrent Mark From Roots
[2024-07-06T13:56:53.390-0700][info][gc,task        ] GC(78) Using 1 workers of 1 for marking
[2024-07-06T13:56:53.855-0700][info][gc,marking     ] GC(78) Concurrent Mark From Roots 464.921ms
[2024-07-06T13:56:53.855-0700][info][gc,marking     ] GC(78) Concurrent Preclean
[2024-07-06T13:56:53.855-0700][info][gc,marking     ] GC(78) Concurrent Preclean 0.060ms
[2024-07-06T13:56:55.560-0700][info][gc,start       ] GC(78) Pause Remark
[2024-07-06T13:56:55.561-0700][info][gc             ] GC(78) Pause Remark 3706M->3706M(4096M) 0.770ms
[2024-07-06T13:56:55.561-0700][info][gc,cpu         ] GC(78) User=0.00s Sys=0.00s Real=0.00s
[2024-07-06T13:56:55.561-0700][info][gc,marking     ] GC(78) Concurrent Mark 2170.736ms
[2024-07-06T13:56:55.561-0700][info][gc,marking     ] GC(78) Concurrent Rebuild Remembered Sets
[2024-07-06T13:56:55.814-0700][info][gc,marking     ] GC(78) Concurrent Rebuild Remembered Sets 252.724ms
[2024-07-06T13:56:56.574-0700][info][gc,start       ] GC(78) Pause Cleanup
[2024-07-06T13:56:56.575-0700][info][gc             ] GC(78) Pause Cleanup 3706M->3706M(4096M) 0.374ms
[2024-07-06T13:56:56.575-0700][info][gc,cpu         ] GC(78) User=0.00s Sys=0.00s Real=0.00s
[2024-07-06T13:56:56.575-0700][info][gc,marking     ] GC(78) Concurrent Cleanup for Next Mark
[2024-07-06T13:56:56.582-0700][info][gc,marking     ] GC(78) Concurrent Cleanup for Next Mark 7.149ms
[2024-07-06T13:56:56.582-0700][info][gc             ] GC(78) Concurrent Mark Cycle 3201.925ms
[2024-07-06T13:57:24.372-0700][info][gc,start       ] GC(79) Pause Young (Normal) (G1 Preventive Collection)
[2024-07-06T13:57:24.372-0700][info][gc,task        ] GC(79) Using 4 workers of 4 for evacuation
[2024-07-06T13:57:24.416-0700][info][gc,phases      ] GC(79)   Pre Evacuate Collection Set: 0.2ms
[2024-07-06T13:57:24.416-0700][info][gc,phases      ] GC(79)   Merge Heap Roots: 0.1ms
[2024-07-06T13:57:24.416-0700][info][gc,phases      ] GC(79)   Evacuate Collection Set: 43.4ms
[2024-07-06T13:57:24.416-0700][info][gc,phases      ] GC(79)   Post Evacuate Collection Set: 0.3ms
[2024-07-06T13:57:24.416-0700][info][gc,phases      ] GC(79)   Other: 0.1ms
[2024-07-06T13:57:24.416-0700][info][gc,heap        ] GC(79) Eden regions: 41->0(44)
[2024-07-06T13:57:24.416-0700][info][gc,heap        ] GC(79) Survivor regions: 7->7(7)
[2024-07-06T13:57:24.416-0700][info][gc,heap        ] GC(79) Old regions: 916->956
[2024-07-06T13:57:24.416-0700][info][gc,heap        ] GC(79) Archive regions: 2->2
[2024-07-06T13:57:24.416-0700][info][gc,heap        ] GC(79) Humongous regions: 4->4
[2024-07-06T13:57:24.416-0700][info][gc,metaspace   ] GC(79) Metaspace: 302K(512K)->302K(512K) NonClass: 295K(384K)->295K(384K) Class: 7K(128K)->7K(128K)
[2024-07-06T13:57:24.416-0700][info][gc             ] GC(79) Pause Young (Normal) (G1 Preventive Collection) 3866M->3864M(4096M) 44.213ms
[2024-07-06T13:57:24.416-0700][info][gc,cpu         ] GC(79) User=0.13s Sys=0.04s Real=0.05s
[2024-07-06T13:57:38.939-0700][info][gc,start       ] GC(80) Pause Young (Concurrent Start) (G1 Preventive Collection)
[2024-07-06T13:57:38.939-0700][info][gc,task        ] GC(80) Using 4 workers of 4 for evacuation
[2024-07-06T13:57:38.965-0700][info][gc,phases      ] GC(80)   Pre Evacuate Collection Set: 0.2ms
[2024-07-06T13:57:38.965-0700][info][gc,phases      ] GC(80)   Merge Heap Roots: 0.2ms
[2024-07-06T13:57:38.966-0700][info][gc,phases      ] GC(80)   Evacuate Collection Set: 25.9ms
[2024-07-06T13:57:38.966-0700][info][gc,phases      ] GC(80)   Post Evacuate Collection Set: 0.3ms
[2024-07-06T13:57:38.966-0700][info][gc,phases      ] GC(80)   Other: 0.1ms
[2024-07-06T13:57:38.966-0700][info][gc,heap        ] GC(80) Eden regions: 22->0(44)
[2024-07-06T13:57:38.966-0700][info][gc,heap        ] GC(80) Survivor regions: 7->7(7)
[2024-07-06T13:57:38.966-0700][info][gc,heap        ] GC(80) Old regions: 956->978
[2024-07-06T13:57:38.966-0700][info][gc,heap        ] GC(80) Archive regions: 2->2
[2024-07-06T13:57:38.966-0700][info][gc,heap        ] GC(80) Humongous regions: 4->4
[2024-07-06T13:57:38.966-0700][info][gc,metaspace   ] GC(80) Metaspace: 302K(512K)->302K(512K) NonClass: 295K(384K)->295K(384K) Class: 7K(128K)->7K(128K)
[2024-07-06T13:57:38.966-0700][info][gc             ] GC(80) Pause Young (Concurrent Start) (G1 Preventive Collection) 3952M->3951M(4096M) 26.743ms
[2024-07-06T13:57:38.966-0700][info][gc,cpu         ] GC(80) User=0.09s Sys=0.02s Real=0.03s
[2024-07-06T13:57:38.966-0700][info][gc             ] GC(81) Concurrent Mark Cycle
[2024-07-06T13:57:38.966-0700][info][gc,marking     ] GC(81) Concurrent Clear Claimed Marks
[2024-07-06T13:57:38.966-0700][info][gc,marking     ] GC(81) Concurrent Clear Claimed Marks 0.006ms
[2024-07-06T13:57:38.966-0700][info][gc,marking     ] GC(81) Concurrent Scan Root Regions
[2024-07-06T13:57:38.972-0700][info][gc,marking     ] GC(81) Concurrent Scan Root Regions 5.995ms
[2024-07-06T13:57:38.972-0700][info][gc,marking     ] GC(81) Concurrent Mark
[2024-07-06T13:57:38.972-0700][info][gc,marking     ] GC(81) Concurrent Mark From Roots
[2024-07-06T13:57:38.972-0700][info][gc,task        ] GC(81) Using 1 workers of 1 for marking
[2024-07-06T13:57:39.496-0700][info][gc,marking     ] GC(81) Concurrent Mark From Roots 524.731ms
[2024-07-06T13:57:39.496-0700][info][gc,marking     ] GC(81) Concurrent Preclean
[2024-07-06T13:57:39.497-0700][info][gc,marking     ] GC(81) Concurrent Preclean 0.061ms
[2024-07-06T13:57:52.054-0700][info][gc,start       ] GC(81) Pause Remark
[2024-07-06T13:57:52.055-0700][info][gc             ] GC(81) Pause Remark 3953M->3953M(4096M) 0.832ms
[2024-07-06T13:57:52.055-0700][info][gc,cpu         ] GC(81) User=0.00s Sys=0.00s Real=0.01s
[2024-07-06T13:57:52.055-0700][info][gc,marking     ] GC(81) Concurrent Mark 13083.610ms
[2024-07-06T13:57:52.055-0700][info][gc,marking     ] GC(81) Concurrent Rebuild Remembered Sets
[2024-07-06T13:57:52.298-0700][info][gc,marking     ] GC(81) Concurrent Rebuild Remembered Sets 243.065ms
[2024-07-06T13:57:52.792-0700][info][gc,start       ] GC(81) Pause Cleanup
[2024-07-06T13:57:52.793-0700][info][gc             ] GC(81) Pause Cleanup 3953M->3953M(4096M) 0.372ms
[2024-07-06T13:57:52.793-0700][info][gc,cpu         ] GC(81) User=0.00s Sys=0.00s Real=0.00s
[2024-07-06T13:57:52.793-0700][info][gc,marking     ] GC(81) Concurrent Cleanup for Next Mark
[2024-07-06T13:57:52.799-0700][info][gc,marking     ] GC(81) Concurrent Cleanup for Next Mark 5.855ms
[2024-07-06T13:57:52.799-0700][info][gc             ] GC(81) Concurrent Mark Cycle 13833.062ms
[2024-07-06T13:58:00.439-0700][info][gc,start       ] GC(82) Pause Young (Normal) (G1 Preventive Collection)
[2024-07-06T13:58:00.439-0700][info][gc,task        ] GC(82) Using 4 workers of 4 for evacuation
[2024-07-06T13:58:00.456-0700][info][gc,phases      ] GC(82)   Pre Evacuate Collection Set: 0.6ms
[2024-07-06T13:58:00.456-0700][info][gc,phases      ] GC(82)   Merge Heap Roots: 0.1ms
[2024-07-06T13:58:00.456-0700][info][gc,phases      ] GC(82)   Evacuate Collection Set: 16.3ms
[2024-07-06T13:58:00.456-0700][info][gc,phases      ] GC(82)   Post Evacuate Collection Set: 0.3ms
[2024-07-06T13:58:00.456-0700][info][gc,phases      ] GC(82)   Other: 0.1ms
[2024-07-06T13:58:00.456-0700][info][gc,heap        ] GC(82) Eden regions: 12->0(44)
[2024-07-06T13:58:00.456-0700][info][gc,heap        ] GC(82) Survivor regions: 7->7(7)
[2024-07-06T13:58:00.456-0700][info][gc,heap        ] GC(82) Old regions: 978->990
[2024-07-06T13:58:00.456-0700][info][gc,heap        ] GC(82) Archive regions: 2->2
[2024-07-06T13:58:00.456-0700][info][gc,heap        ] GC(82) Humongous regions: 4->4
[2024-07-06T13:58:00.456-0700][info][gc,metaspace   ] GC(82) Metaspace: 302K(512K)->302K(512K) NonClass: 295K(384K)->295K(384K) Class: 7K(128K)->7K(128K)
[2024-07-06T13:58:00.456-0700][info][gc             ] GC(82) Pause Young (Normal) (G1 Preventive Collection) 3999M->3998M(4096M) 17.578ms
[2024-07-06T13:58:00.456-0700][info][gc,cpu         ] GC(82) User=0.05s Sys=0.01s Real=0.02s
[2024-07-06T13:58:05.879-0700][info][gc,start       ] GC(83) Pause Young (Concurrent Start) (G1 Preventive Collection)
[2024-07-06T13:58:05.879-0700][info][gc,task        ] GC(83) Using 4 workers of 4 for evacuation
[2024-07-06T13:58:05.893-0700][info][gc,phases      ] GC(83)   Pre Evacuate Collection Set: 0.2ms
[2024-07-06T13:58:05.893-0700][info][gc,phases      ] GC(83)   Merge Heap Roots: 0.2ms
[2024-07-06T13:58:05.893-0700][info][gc,phases      ] GC(83)   Evacuate Collection Set: 13.0ms
[2024-07-06T13:58:05.893-0700][info][gc,phases      ] GC(83)   Post Evacuate Collection Set: 0.3ms
[2024-07-06T13:58:05.893-0700][info][gc,phases      ] GC(83)   Other: 0.2ms
[2024-07-06T13:58:05.893-0700][info][gc,heap        ] GC(83) Eden regions: 6->0(44)
[2024-07-06T13:58:05.893-0700][info][gc,heap        ] GC(83) Survivor regions: 7->7(7)
[2024-07-06T13:58:05.893-0700][info][gc,heap        ] GC(83) Old regions: 990->997
[2024-07-06T13:58:05.893-0700][info][gc,heap        ] GC(83) Archive regions: 2->2
[2024-07-06T13:58:05.893-0700][info][gc,heap        ] GC(83) Humongous regions: 4->4
[2024-07-06T13:58:05.893-0700][info][gc,metaspace   ] GC(83) Metaspace: 302K(512K)->302K(512K) NonClass: 295K(384K)->295K(384K) Class: 7K(128K)->7K(128K)
[2024-07-06T13:58:05.893-0700][info][gc             ] GC(83) Pause Young (Concurrent Start) (G1 Preventive Collection) 4022M->4025M(4096M) 13.969ms
[2024-07-06T13:58:05.893-0700][info][gc,cpu         ] GC(83) User=0.05s Sys=0.00s Real=0.01s
[2024-07-06T13:58:05.893-0700][info][gc             ] GC(84) Concurrent Mark Cycle
[2024-07-06T13:58:05.893-0700][info][gc,marking     ] GC(84) Concurrent Clear Claimed Marks
[2024-07-06T13:58:05.893-0700][info][gc,marking     ] GC(84) Concurrent Clear Claimed Marks 0.006ms
[2024-07-06T13:58:05.893-0700][info][gc,marking     ] GC(84) Concurrent Scan Root Regions
[2024-07-06T13:58:05.897-0700][info][gc,marking     ] GC(84) Concurrent Scan Root Regions 3.582ms
[2024-07-06T13:58:05.897-0700][info][gc,marking     ] GC(84) Concurrent Mark
[2024-07-06T13:58:05.897-0700][info][gc,marking     ] GC(84) Concurrent Mark From Roots
[2024-07-06T13:58:05.897-0700][info][gc,task        ] GC(84) Using 1 workers of 1 for marking
[2024-07-06T13:58:06.583-0700][info][gc,marking     ] GC(84) Concurrent Mark From Roots 686.293ms
[2024-07-06T13:58:06.583-0700][info][gc,marking     ] GC(84) Concurrent Preclean
[2024-07-06T13:58:06.583-0700][info][gc,marking     ] GC(84) Concurrent Preclean 0.061ms
[2024-07-06T13:58:10.722-0700][info][gc,start       ] GC(84) Pause Remark
[2024-07-06T13:58:10.722-0700][info][gc             ] GC(84) Pause Remark 4033M->4033M(4096M) 0.848ms
[2024-07-06T13:58:10.722-0700][info][gc,cpu         ] GC(84) User=0.00s Sys=0.00s Real=0.00s
[2024-07-06T13:58:10.722-0700][info][gc,marking     ] GC(84) Concurrent Mark 4825.633ms
[2024-07-06T13:58:10.722-0700][info][gc,marking     ] GC(84) Concurrent Rebuild Remembered Sets
[2024-07-06T13:58:10.967-0700][info][gc,marking     ] GC(84) Concurrent Rebuild Remembered Sets 244.432ms
[2024-07-06T13:58:11.335-0700][info][gc,start       ] GC(84) Pause Cleanup
[2024-07-06T13:58:11.335-0700][info][gc             ] GC(84) Pause Cleanup 4033M->4033M(4096M) 0.494ms
[2024-07-06T13:58:11.335-0700][info][gc,cpu         ] GC(84) User=0.00s Sys=0.00s Real=0.01s
[2024-07-06T13:58:11.335-0700][info][gc,marking     ] GC(84) Concurrent Cleanup for Next Mark
[2024-07-06T13:58:11.341-0700][info][gc,marking     ] GC(84) Concurrent Cleanup for Next Mark 5.542ms
[2024-07-06T13:58:11.341-0700][info][gc             ] GC(84) Concurrent Mark Cycle 5447.708ms
[2024-07-06T13:58:12.410-0700][info][gc,start       ] GC(85) Pause Young (Normal) (G1 Preventive Collection)
[2024-07-06T13:58:12.410-0700][info][gc,task        ] GC(85) Using 4 workers of 4 for evacuation
[2024-07-06T13:58:12.420-0700][info][gc,phases      ] GC(85)   Pre Evacuate Collection Set: 0.2ms
[2024-07-06T13:58:12.420-0700][info][gc,phases      ] GC(85)   Merge Heap Roots: 0.2ms
[2024-07-06T13:58:12.420-0700][info][gc,phases      ] GC(85)   Evacuate Collection Set: 8.8ms
[2024-07-06T13:58:12.420-0700][info][gc,phases      ] GC(85)   Post Evacuate Collection Set: 0.4ms
[2024-07-06T13:58:12.420-0700][info][gc,phases      ] GC(85)   Other: 0.1ms
[2024-07-06T13:58:12.420-0700][info][gc,heap        ] GC(85) Eden regions: 3->0(47)
[2024-07-06T13:58:12.420-0700][info][gc,heap        ] GC(85) Survivor regions: 7->4(7)
[2024-07-06T13:58:12.420-0700][info][gc,heap        ] GC(85) Old regions: 997->1003
[2024-07-06T13:58:12.420-0700][info][gc,heap        ] GC(85) Archive regions: 2->2
[2024-07-06T13:58:12.420-0700][info][gc,heap        ] GC(85) Humongous regions: 4->4
[2024-07-06T13:58:12.420-0700][info][gc,metaspace   ] GC(85) Metaspace: 302K(512K)->302K(512K) NonClass: 295K(384K)->295K(384K) Class: 7K(128K)->7K(128K)
[2024-07-06T13:58:12.420-0700][info][gc             ] GC(85) Pause Young (Normal) (G1 Preventive Collection) 4037M->4035M(4096M) 9.779ms
[2024-07-06T13:58:12.420-0700][info][gc,cpu         ] GC(85) User=0.02s Sys=0.01s Real=0.01s
[2024-07-06T13:58:14.253-0700][info][gc,start       ] GC(86) Pause Young (Concurrent Start) (G1 Preventive Collection)
[2024-07-06T13:58:14.253-0700][info][gc,task        ] GC(86) Using 4 workers of 4 for evacuation
[2024-07-06T13:58:14.260-0700][info][gc,phases      ] GC(86)   Pre Evacuate Collection Set: 0.2ms
[2024-07-06T13:58:14.260-0700][info][gc,phases      ] GC(86)   Merge Heap Roots: 0.1ms
[2024-07-06T13:58:14.260-0700][info][gc,phases      ] GC(86)   Evacuate Collection Set: 6.9ms
[2024-07-06T13:58:14.260-0700][info][gc,phases      ] GC(86)   Post Evacuate Collection Set: 0.3ms
[2024-07-06T13:58:14.260-0700][info][gc,phases      ] GC(86)   Other: 0.1ms
[2024-07-06T13:58:14.260-0700][info][gc,heap        ] GC(86) Eden regions: 3->0(44)
[2024-07-06T13:58:14.260-0700][info][gc,heap        ] GC(86) Survivor regions: 4->7(7)
[2024-07-06T13:58:14.260-0700][info][gc,heap        ] GC(86) Old regions: 1003->1003
[2024-07-06T13:58:14.260-0700][info][gc,heap        ] GC(86) Archive regions: 2->2
[2024-07-06T13:58:14.260-0700][info][gc,heap        ] GC(86) Humongous regions: 4->4
[2024-07-06T13:58:14.260-0700][info][gc,metaspace   ] GC(86) Metaspace: 302K(512K)->302K(512K) NonClass: 295K(384K)->295K(384K) Class: 7K(128K)->7K(128K)
[2024-07-06T13:58:14.260-0700][info][gc             ] GC(86) Pause Young (Concurrent Start) (G1 Preventive Collection) 4047M->4048M(4096M) 7.778ms
[2024-07-06T13:58:14.260-0700][info][gc,cpu         ] GC(86) User=0.03s Sys=0.00s Real=0.01s
[2024-07-06T13:58:14.260-0700][info][gc             ] GC(87) Concurrent Mark Cycle
[2024-07-06T13:58:14.260-0700][info][gc,marking     ] GC(87) Concurrent Clear Claimed Marks
[2024-07-06T13:58:14.260-0700][info][gc,marking     ] GC(87) Concurrent Clear Claimed Marks 0.006ms
[2024-07-06T13:58:14.260-0700][info][gc,marking     ] GC(87) Concurrent Scan Root Regions
[2024-07-06T13:58:14.262-0700][info][gc,marking     ] GC(87) Concurrent Scan Root Regions 1.816ms
[2024-07-06T13:58:14.262-0700][info][gc,marking     ] GC(87) Concurrent Mark
[2024-07-06T13:58:14.262-0700][info][gc,marking     ] GC(87) Concurrent Mark From Roots
[2024-07-06T13:58:14.262-0700][info][gc,task        ] GC(87) Using 1 workers of 1 for marking
[2024-07-06T13:58:14.799-0700][info][gc,marking     ] GC(87) Concurrent Mark From Roots 536.608ms
[2024-07-06T13:58:14.799-0700][info][gc,marking     ] GC(87) Concurrent Preclean
[2024-07-06T13:58:14.799-0700][info][gc,marking     ] GC(87) Concurrent Preclean 0.089ms
[2024-07-06T13:58:21.127-0700][info][gc,start       ] GC(87) Pause Remark
[2024-07-06T13:58:21.127-0700][info][gc             ] GC(87) Pause Remark 4052M->4052M(4096M) 0.856ms
[2024-07-06T13:58:21.127-0700][info][gc,cpu         ] GC(87) User=0.00s Sys=0.00s Real=0.00s
[2024-07-06T13:58:21.128-0700][info][gc,marking     ] GC(87) Concurrent Mark 6865.266ms
[2024-07-06T13:58:21.128-0700][info][gc,marking     ] GC(87) Concurrent Rebuild Remembered Sets
[2024-07-06T13:58:21.384-0700][info][gc,marking     ] GC(87) Concurrent Rebuild Remembered Sets 256.114ms
[2024-07-06T13:58:22.254-0700][info][gc,start       ] GC(87) Pause Cleanup
[2024-07-06T13:58:22.255-0700][info][gc             ] GC(87) Pause Cleanup 4052M->4052M(4096M) 0.808ms
[2024-07-06T13:58:22.255-0700][info][gc,cpu         ] GC(87) User=0.00s Sys=0.00s Real=0.00s
[2024-07-06T13:58:22.255-0700][info][gc,marking     ] GC(87) Concurrent Cleanup for Next Mark
[2024-07-06T13:58:22.261-0700][info][gc,marking     ] GC(87) Concurrent Cleanup for Next Mark 5.853ms
[2024-07-06T13:58:22.261-0700][info][gc             ] GC(87) Concurrent Mark Cycle 8000.209ms
[2024-07-06T13:58:22.753-0700][info][gc,start       ] GC(88) Pause Young (Normal) (G1 Preventive Collection)
[2024-07-06T13:58:22.753-0700][info][gc,task        ] GC(88) Using 4 workers of 4 for evacuation
[2024-07-06T13:58:22.761-0700][info][gc,phases      ] GC(88)   Pre Evacuate Collection Set: 0.4ms
[2024-07-06T13:58:22.761-0700][info][gc,phases      ] GC(88)   Merge Heap Roots: 0.1ms
[2024-07-06T13:58:22.761-0700][info][gc,phases      ] GC(88)   Evacuate Collection Set: 7.1ms
[2024-07-06T13:58:22.761-0700][info][gc,phases      ] GC(88)   Post Evacuate Collection Set: 0.3ms
[2024-07-06T13:58:22.761-0700][info][gc,phases      ] GC(88)   Other: 0.1ms
[2024-07-06T13:58:22.761-0700][info][gc,heap        ] GC(88) Eden regions: 1->0(47)
[2024-07-06T13:58:22.761-0700][info][gc,heap        ] GC(88) Survivor regions: 7->4(7)
[2024-07-06T13:58:22.761-0700][info][gc,heap        ] GC(88) Old regions: 1003->1006
[2024-07-06T13:58:22.761-0700][info][gc,heap        ] GC(88) Archive regions: 2->2
[2024-07-06T13:58:22.761-0700][info][gc,heap        ] GC(88) Humongous regions: 4->4
[2024-07-06T13:58:22.761-0700][info][gc,metaspace   ] GC(88) Metaspace: 302K(512K)->302K(512K) NonClass: 295K(384K)->295K(384K) Class: 7K(128K)->7K(128K)
[2024-07-06T13:58:22.761-0700][info][gc             ] GC(88) Pause Young (Normal) (G1 Preventive Collection) 4052M->4051M(4096M) 8.085ms
[2024-07-06T13:58:22.761-0700][info][gc,cpu         ] GC(88) User=0.03s Sys=0.00s Real=0.01s
[2024-07-06T13:58:22.761-0700][info][gc,start       ] GC(89) Pause Young (Concurrent Start) (G1 Preventive Collection)
[2024-07-06T13:58:22.761-0700][info][gc,task        ] GC(89) Using 4 workers of 4 for evacuation
[2024-07-06T13:58:22.765-0700][info][gc,phases      ] GC(89)   Pre Evacuate Collection Set: 0.2ms
[2024-07-06T13:58:22.765-0700][info][gc,phases      ] GC(89)   Merge Heap Roots: 0.1ms
[2024-07-06T13:58:22.765-0700][info][gc,phases      ] GC(89)   Evacuate Collection Set: 3.4ms
[2024-07-06T13:58:22.765-0700][info][gc,phases      ] GC(89)   Post Evacuate Collection Set: 0.3ms
[2024-07-06T13:58:22.765-0700][info][gc,phases      ] GC(89)   Other: 0.1ms
[2024-07-06T13:58:22.765-0700][info][gc,heap        ] GC(89) Eden regions: 1->0(48)
[2024-07-06T13:58:22.765-0700][info][gc,heap        ] GC(89) Survivor regions: 4->3(7)
[2024-07-06T13:58:22.765-0700][info][gc,heap        ] GC(89) Old regions: 1006->1009
[2024-07-06T13:58:22.765-0700][info][gc,heap        ] GC(89) Archive regions: 2->2
[2024-07-06T13:58:22.765-0700][info][gc,heap        ] GC(89) Humongous regions: 4->4
[2024-07-06T13:58:22.765-0700][info][gc,metaspace   ] GC(89) Metaspace: 302K(512K)->302K(512K) NonClass: 295K(384K)->295K(384K) Class: 7K(128K)->7K(128K)
[2024-07-06T13:58:22.765-0700][info][gc             ] GC(89) Pause Young (Concurrent Start) (G1 Preventive Collection) 4055M->4056M(4096M) 4.145ms
[2024-07-06T13:58:22.766-0700][info][gc,cpu         ] GC(89) User=0.01s Sys=0.00s Real=0.01s
[2024-07-06T13:58:22.766-0700][info][gc             ] GC(90) Concurrent Mark Cycle
[2024-07-06T13:58:22.766-0700][info][gc,marking     ] GC(90) Concurrent Clear Claimed Marks
[2024-07-06T13:58:22.766-0700][info][gc,marking     ] GC(90) Concurrent Clear Claimed Marks 0.006ms
[2024-07-06T13:58:22.766-0700][info][gc,marking     ] GC(90) Concurrent Scan Root Regions
[2024-07-06T13:58:22.767-0700][info][gc,marking     ] GC(90) Concurrent Scan Root Regions 1.330ms
[2024-07-06T13:58:22.767-0700][info][gc,marking     ] GC(90) Concurrent Mark
[2024-07-06T13:58:22.767-0700][info][gc,marking     ] GC(90) Concurrent Mark From Roots
[2024-07-06T13:58:22.767-0700][info][gc,task        ] GC(90) Using 1 workers of 1 for marking
[2024-07-06T13:58:22.767-0700][info][gc,start       ] GC(91) Pause Young (Normal) (G1 Preventive Collection)
[2024-07-06T13:58:22.767-0700][info][gc,task        ] GC(91) Using 4 workers of 4 for evacuation
[2024-07-06T13:58:22.769-0700][info][gc,phases      ] GC(91)   Pre Evacuate Collection Set: 0.9ms
[2024-07-06T13:58:22.769-0700][info][gc,phases      ] GC(91)   Merge Heap Roots: 0.1ms
[2024-07-06T13:58:22.769-0700][info][gc,phases      ] GC(91)   Evacuate Collection Set: 1.9ms
[2024-07-06T13:58:22.769-0700][info][gc,phases      ] GC(91)   Post Evacuate Collection Set: 0.3ms
[2024-07-06T13:58:22.769-0700][info][gc,phases      ] GC(91)   Other: 0.1ms
[2024-07-06T13:58:22.769-0700][info][gc,heap        ] GC(91) Eden regions: 1->0(47)
[2024-07-06T13:58:22.769-0700][info][gc,heap        ] GC(91) Survivor regions: 3->4(5)
[2024-07-06T13:58:22.769-0700][info][gc,heap        ] GC(91) Old regions: 1009->1009
[2024-07-06T13:58:22.769-0700][info][gc,heap        ] GC(91) Archive regions: 2->2
[2024-07-06T13:58:22.769-0700][info][gc,heap        ] GC(91) Humongous regions: 4->4
[2024-07-06T13:58:22.769-0700][info][gc,metaspace   ] GC(91) Metaspace: 302K(512K)->302K(512K) NonClass: 295K(384K)->295K(384K) Class: 7K(128K)->7K(128K)
[2024-07-06T13:58:22.769-0700][info][gc             ] GC(91) Pause Young (Normal) (G1 Preventive Collection) 4060M->4059M(4096M) 2.547ms
[2024-07-06T13:58:22.769-0700][info][gc,cpu         ] GC(91) User=0.01s Sys=0.00s Real=0.00s
[2024-07-06T13:58:23.299-0700][info][gc,marking     ] GC(90) Concurrent Mark From Roots 531.587ms
[2024-07-06T13:58:23.299-0700][info][gc,marking     ] GC(90) Concurrent Preclean
[2024-07-06T13:58:23.299-0700][info][gc,marking     ] GC(90) Concurrent Preclean 0.061ms
[2024-07-06T13:58:24.634-0700][info][gc,start       ] GC(90) Pause Remark
[2024-07-06T13:58:24.637-0700][info][gc             ] GC(90) Pause Remark 4061M->4061M(4096M) 3.014ms
[2024-07-06T13:58:24.637-0700][info][gc,cpu         ] GC(90) User=0.00s Sys=0.00s Real=0.01s
[2024-07-06T13:58:24.637-0700][info][gc,marking     ] GC(90) Concurrent Mark 1869.728ms
[2024-07-06T13:58:24.637-0700][info][gc,marking     ] GC(90) Concurrent Rebuild Remembered Sets
[2024-07-06T13:58:24.925-0700][info][gc,marking     ] GC(90) Concurrent Rebuild Remembered Sets 287.846ms
[2024-07-06T13:58:26.002-0700][info][gc,start       ] GC(90) Pause Cleanup
[2024-07-06T13:58:26.002-0700][info][gc             ] GC(90) Pause Cleanup 4061M->4061M(4096M) 0.394ms
[2024-07-06T13:58:26.002-0700][info][gc,cpu         ] GC(90) User=0.00s Sys=0.00s Real=0.00s
[2024-07-06T13:58:26.002-0700][info][gc,marking     ] GC(90) Concurrent Cleanup for Next Mark
[2024-07-06T13:58:26.008-0700][info][gc,marking     ] GC(90) Concurrent Cleanup for Next Mark 5.631ms
[2024-07-06T13:58:26.008-0700][info][gc             ] GC(90) Concurrent Mark Cycle 3242.461ms
[2024-07-06T13:58:26.443-0700][info][gc,start       ] GC(92) Pause Young (Normal) (G1 Preventive Collection)
[2024-07-06T13:58:26.443-0700][info][gc,task        ] GC(92) Using 4 workers of 4 for evacuation
[2024-07-06T13:58:26.450-0700][info][gc,phases      ] GC(92)   Pre Evacuate Collection Set: 0.2ms
[2024-07-06T13:58:26.450-0700][info][gc,phases      ] GC(92)   Merge Heap Roots: 0.2ms
[2024-07-06T13:58:26.450-0700][info][gc,phases      ] GC(92)   Evacuate Collection Set: 5.9ms
[2024-07-06T13:58:26.450-0700][info][gc,phases      ] GC(92)   Post Evacuate Collection Set: 0.3ms
[2024-07-06T13:58:26.450-0700][info][gc,phases      ] GC(92)   Other: 0.1ms
[2024-07-06T13:58:26.450-0700][info][gc,heap        ] GC(92) Eden regions: 1->0(47)
[2024-07-06T13:58:26.450-0700][info][gc,heap        ] GC(92) Survivor regions: 4->4(4)
[2024-07-06T13:58:26.450-0700][info][gc,heap        ] GC(92) Old regions: 1009->1009
[2024-07-06T13:58:26.450-0700][info][gc,heap        ] GC(92) Archive regions: 2->2
[2024-07-06T13:58:26.450-0700][info][gc,heap        ] GC(92) Humongous regions: 4->4
[2024-07-06T13:58:26.450-0700][info][gc,metaspace   ] GC(92) Metaspace: 302K(512K)->302K(512K) NonClass: 295K(384K)->295K(384K) Class: 7K(128K)->7K(128K)
[2024-07-06T13:58:26.450-0700][info][gc             ] GC(92) Pause Young (Normal) (G1 Preventive Collection) 4063M->4062M(4096M) 6.691ms
[2024-07-06T13:58:26.450-0700][info][gc,cpu         ] GC(92) User=0.02s Sys=0.00s Real=0.00s
[2024-07-06T13:58:26.450-0700][info][gc,start       ] GC(93) Pause Young (Concurrent Start) (G1 Preventive Collection)
[2024-07-06T13:58:26.450-0700][info][gc,task        ] GC(93) Using 4 workers of 4 for evacuation
[2024-07-06T13:58:26.454-0700][info][gc             ] GC(93) To-space exhausted
[2024-07-06T13:58:26.454-0700][info][gc,phases      ] GC(93)   Pre Evacuate Collection Set: 0.1ms
[2024-07-06T13:58:26.454-0700][info][gc,phases      ] GC(93)   Merge Heap Roots: 0.1ms
[2024-07-06T13:58:26.454-0700][info][gc,phases      ] GC(93)   Evacuate Collection Set: 2.7ms
[2024-07-06T13:58:26.454-0700][info][gc,phases      ] GC(93)   Post Evacuate Collection Set: 0.5ms
[2024-07-06T13:58:26.454-0700][info][gc,phases      ] GC(93)   Other: 0.1ms
[2024-07-06T13:58:26.454-0700][info][gc,heap        ] GC(93) Eden regions: 1->0(47)
[2024-07-06T13:58:26.454-0700][info][gc,heap        ] GC(93) Survivor regions: 4->4(4)
[2024-07-06T13:58:26.454-0700][info][gc,heap        ] GC(93) Old regions: 1009->1011
[2024-07-06T13:58:26.454-0700][info][gc,heap        ] GC(93) Archive regions: 2->2
[2024-07-06T13:58:26.454-0700][info][gc,heap        ] GC(93) Humongous regions: 4->4
[2024-07-06T13:58:26.454-0700][info][gc,metaspace   ] GC(93) Metaspace: 302K(512K)->302K(512K) NonClass: 295K(384K)->295K(384K) Class: 7K(128K)->7K(128K)
[2024-07-06T13:58:26.454-0700][info][gc             ] GC(93) Pause Young (Concurrent Start) (G1 Preventive Collection) 4066M->4073M(4096M) 3.581ms
[2024-07-06T13:58:26.454-0700][info][gc,cpu         ] GC(93) User=0.01s Sys=0.00s Real=0.00s
[2024-07-06T13:58:26.454-0700][info][gc             ] GC(94) Concurrent Mark Cycle
[2024-07-06T13:58:26.454-0700][info][gc,marking     ] GC(94) Concurrent Clear Claimed Marks
[2024-07-06T13:58:26.454-0700][info][gc,marking     ] GC(94) Concurrent Clear Claimed Marks 0.005ms
[2024-07-06T13:58:26.454-0700][info][gc,marking     ] GC(94) Concurrent Scan Root Regions
[2024-07-06T13:58:26.455-0700][info][gc,marking     ] GC(94) Concurrent Scan Root Regions 1.190ms
[2024-07-06T13:58:26.455-0700][info][gc,marking     ] GC(94) Concurrent Mark
[2024-07-06T13:58:26.455-0700][info][gc,marking     ] GC(94) Concurrent Mark From Roots
[2024-07-06T13:58:26.455-0700][info][gc,task        ] GC(94) Using 1 workers of 1 for marking
[2024-07-06T13:58:27.005-0700][info][gc,marking     ] GC(94) Concurrent Mark From Roots 549.661ms
[2024-07-06T13:58:27.005-0700][info][gc,marking     ] GC(94) Concurrent Preclean
[2024-07-06T13:58:27.005-0700][info][gc,marking     ] GC(94) Concurrent Preclean 0.060ms
[2024-07-06T13:59:04.085-0700][info][gc,start       ] GC(94) Pause Remark
[2024-07-06T13:59:04.086-0700][info][gc             ] GC(94) Pause Remark 4077M->4077M(4096M) 0.817ms
[2024-07-06T13:59:04.086-0700][info][gc,cpu         ] GC(94) User=0.00s Sys=0.00s Real=0.00s
[2024-07-06T13:59:04.086-0700][info][gc,marking     ] GC(94) Concurrent Mark 37630.978ms
[2024-07-06T13:59:04.086-0700][info][gc,marking     ] GC(94) Concurrent Rebuild Remembered Sets
[2024-07-06T13:59:04.330-0700][info][gc,marking     ] GC(94) Concurrent Rebuild Remembered Sets 243.495ms
[2024-07-06T13:59:04.525-0700][info][gc,start       ] GC(94) Pause Cleanup
[2024-07-06T13:59:04.526-0700][info][gc             ] GC(94) Pause Cleanup 4077M->4077M(4096M) 0.433ms
[2024-07-06T13:59:04.526-0700][info][gc,cpu         ] GC(94) User=0.00s Sys=0.00s Real=0.00s
[2024-07-06T13:59:04.526-0700][info][gc,marking     ] GC(94) Concurrent Cleanup for Next Mark
[2024-07-06T13:59:04.531-0700][info][gc,marking     ] GC(94) Concurrent Cleanup for Next Mark 5.669ms
[2024-07-06T13:59:04.532-0700][info][gc             ] GC(94) Concurrent Mark Cycle 38077.512ms
[2024-07-06T13:59:05.034-0700][info][gc,start       ] GC(95) Pause Young (Normal) (G1 Preventive Collection)
[2024-07-06T13:59:05.034-0700][info][gc,task        ] GC(95) Using 4 workers of 4 for evacuation
[2024-07-06T13:59:05.042-0700][info][gc             ] GC(95) To-space exhausted
[2024-07-06T13:59:05.042-0700][info][gc,phases      ] GC(95)   Pre Evacuate Collection Set: 0.2ms
[2024-07-06T13:59:05.042-0700][info][gc,phases      ] GC(95)   Merge Heap Roots: 0.1ms
[2024-07-06T13:59:05.042-0700][info][gc,phases      ] GC(95)   Evacuate Collection Set: 6.4ms
[2024-07-06T13:59:05.042-0700][info][gc,phases      ] GC(95)   Post Evacuate Collection Set: 0.9ms
[2024-07-06T13:59:05.042-0700][info][gc,phases      ] GC(95)   Other: 0.2ms
[2024-07-06T13:59:05.042-0700][info][gc,heap        ] GC(95) Eden regions: 1->0(50)
[2024-07-06T13:59:05.042-0700][info][gc,heap        ] GC(95) Survivor regions: 4->1(2)
[2024-07-06T13:59:05.042-0700][info][gc,heap        ] GC(95) Old regions: 1011->1017
[2024-07-06T13:59:05.042-0700][info][gc,heap        ] GC(95) Archive regions: 2->2
[2024-07-06T13:59:05.042-0700][info][gc,heap        ] GC(95) Humongous regions: 4->4
[2024-07-06T13:59:05.042-0700][info][gc,metaspace   ] GC(95) Metaspace: 302K(512K)->302K(512K) NonClass: 295K(384K)->295K(384K) Class: 7K(128K)->7K(128K)
[2024-07-06T13:59:05.042-0700][info][gc             ] GC(95) Pause Young (Normal) (G1 Preventive Collection) 4077M->4085M(4096M) 7.769ms
[2024-07-06T13:59:05.042-0700][info][gc,cpu         ] GC(95) User=0.02s Sys=0.00s Real=0.01s
[2024-07-06T13:59:05.042-0700][info][gc,ergo        ] Attempting full compaction
[2024-07-06T13:59:05.042-0700][info][gc,task        ] GC(96) Using 4 workers of 4 for full compaction
[2024-07-06T13:59:05.042-0700][info][gc,start       ] GC(96) Pause Full (G1 Compaction Pause)
[2024-07-06T13:59:05.042-0700][info][gc,phases,start] GC(96) Phase 1: Mark live objects
[2024-07-06T13:59:05.155-0700][info][gc,phases      ] GC(96) Phase 1: Mark live objects 112.891ms
[2024-07-06T13:59:05.155-0700][info][gc,phases,start] GC(96) Phase 2: Prepare for compaction
[2024-07-06T13:59:05.224-0700][info][gc,phases      ] GC(96) Phase 2: Prepare for compaction 68.840ms
[2024-07-06T13:59:05.224-0700][info][gc,phases,start] GC(96) Phase 3: Adjust pointers
[2024-07-06T13:59:05.317-0700][info][gc,phases      ] GC(96) Phase 3: Adjust pointers 92.739ms
[2024-07-06T13:59:05.317-0700][info][gc,phases,start] GC(96) Phase 4: Compact heap
[2024-07-06T13:59:05.782-0700][info][gc,phases      ] GC(96) Phase 4: Compact heap 465.650ms
[2024-07-06T13:59:05.786-0700][info][gc,heap        ] GC(96) Eden regions: 0->0(51)
[2024-07-06T13:59:05.786-0700][info][gc,heap        ] GC(96) Survivor regions: 1->0(2)
[2024-07-06T13:59:05.786-0700][info][gc,heap        ] GC(96) Old regions: 1017->920
[2024-07-06T13:59:05.786-0700][info][gc,heap        ] GC(96) Archive regions: 2->2
[2024-07-06T13:59:05.786-0700][info][gc,heap        ] GC(96) Humongous regions: 4->4
[2024-07-06T13:59:05.786-0700][info][gc,metaspace   ] GC(96) Metaspace: 302K(512K)->302K(512K) NonClass: 295K(384K)->295K(384K) Class: 7K(128K)->7K(128K)
[2024-07-06T13:59:05.786-0700][info][gc             ] GC(96) Pause Full (G1 Compaction Pause) 4085M->3690M(4096M) 743.984ms
[2024-07-06T13:59:05.786-0700][info][gc,cpu         ] GC(96) User=2.89s Sys=0.01s Real=0.75s
[2024-07-06T13:59:42.398-0700][info][gc,start       ] GC(97) Pause Young (Concurrent Start) (G1 Preventive Collection)
[2024-07-06T13:59:42.398-0700][info][gc,task        ] GC(97) Using 4 workers of 4 for evacuation
[2024-07-06T13:59:42.450-0700][info][gc,phases      ] GC(97)   Pre Evacuate Collection Set: 0.2ms
[2024-07-06T13:59:42.450-0700][info][gc,phases      ] GC(97)   Merge Heap Roots: 0.2ms
[2024-07-06T13:59:42.450-0700][info][gc,phases      ] GC(97)   Evacuate Collection Set: 51.3ms
[2024-07-06T13:59:42.450-0700][info][gc,phases      ] GC(97)   Post Evacuate Collection Set: 0.4ms
[2024-07-06T13:59:42.450-0700][info][gc,phases      ] GC(97)   Other: 0.1ms
[2024-07-06T13:59:42.450-0700][info][gc,heap        ] GC(97) Eden regions: 48->0(44)
[2024-07-06T13:59:42.450-0700][info][gc,heap        ] GC(97) Survivor regions: 0->7(7)
[2024-07-06T13:59:42.450-0700][info][gc,heap        ] GC(97) Old regions: 920->961
[2024-07-06T13:59:42.450-0700][info][gc,heap        ] GC(97) Archive regions: 2->2
[2024-07-06T13:59:42.450-0700][info][gc,heap        ] GC(97) Humongous regions: 4->4
[2024-07-06T13:59:42.451-0700][info][gc,metaspace   ] GC(97) Metaspace: 302K(512K)->302K(512K) NonClass: 295K(384K)->295K(384K) Class: 7K(128K)->7K(128K)
[2024-07-06T13:59:42.451-0700][info][gc             ] GC(97) Pause Young (Concurrent Start) (G1 Preventive Collection) 3882M->3879M(4096M) 52.292ms
[2024-07-06T13:59:42.451-0700][info][gc,cpu         ] GC(97) User=0.18s Sys=0.02s Real=0.05s
[2024-07-06T13:59:42.451-0700][info][gc             ] GC(98) Concurrent Mark Cycle
[2024-07-06T13:59:42.451-0700][info][gc,marking     ] GC(98) Concurrent Clear Claimed Marks
[2024-07-06T13:59:42.451-0700][info][gc,marking     ] GC(98) Concurrent Clear Claimed Marks 0.007ms
[2024-07-06T13:59:42.451-0700][info][gc,marking     ] GC(98) Concurrent Scan Root Regions
[2024-07-06T13:59:42.462-0700][info][gc,marking     ] GC(98) Concurrent Scan Root Regions 10.906ms
[2024-07-06T13:59:42.462-0700][info][gc,marking     ] GC(98) Concurrent Mark
[2024-07-06T13:59:42.462-0700][info][gc,marking     ] GC(98) Concurrent Mark From Roots
[2024-07-06T13:59:42.462-0700][info][gc,task        ] GC(98) Using 1 workers of 1 for marking
[2024-07-06T13:59:43.034-0700][info][gc,marking     ] GC(98) Concurrent Mark From Roots 572.664ms
[2024-07-06T13:59:43.034-0700][info][gc,marking     ] GC(98) Concurrent Preclean
[2024-07-06T13:59:43.034-0700][info][gc,marking     ] GC(98) Concurrent Preclean 0.068ms
[2024-07-06T13:59:50.644-0700][info][gc,start       ] GC(98) Pause Remark
[2024-07-06T13:59:50.645-0700][info][gc             ] GC(98) Pause Remark 3885M->3885M(4096M) 0.842ms
[2024-07-06T13:59:50.645-0700][info][gc,cpu         ] GC(98) User=0.00s Sys=0.00s Real=0.00s
[2024-07-06T13:59:50.645-0700][info][gc,marking     ] GC(98) Concurrent Mark 8183.121ms
[2024-07-06T13:59:50.645-0700][info][gc,marking     ] GC(98) Concurrent Rebuild Remembered Sets
[2024-07-06T13:59:50.891-0700][info][gc,marking     ] GC(98) Concurrent Rebuild Remembered Sets 246.674ms
[2024-07-06T13:59:51.177-0700][info][gc,start       ] GC(98) Pause Cleanup
[2024-07-06T13:59:51.177-0700][info][gc             ] GC(98) Pause Cleanup 3885M->3885M(4096M) 0.372ms
[2024-07-06T13:59:51.177-0700][info][gc,cpu         ] GC(98) User=0.00s Sys=0.00s Real=0.00s
[2024-07-06T13:59:51.177-0700][info][gc,marking     ] GC(98) Concurrent Cleanup for Next Mark
[2024-07-06T13:59:51.183-0700][info][gc,marking     ] GC(98) Concurrent Cleanup for Next Mark 5.468ms
[2024-07-06T13:59:51.183-0700][info][gc             ] GC(98) Concurrent Mark Cycle 8732.286ms
[2024-07-06T14:00:08.799-0700][info][gc,start       ] GC(99) Pause Young (Normal) (G1 Preventive Collection)
[2024-07-06T14:00:08.799-0700][info][gc,task        ] GC(99) Using 4 workers of 4 for evacuation
[2024-07-06T14:00:08.826-0700][info][gc             ] GC(99) To-space exhausted
[2024-07-06T14:00:08.827-0700][info][gc,phases      ] GC(99)   Pre Evacuate Collection Set: 0.2ms
[2024-07-06T14:00:08.827-0700][info][gc,phases      ] GC(99)   Merge Heap Roots: 0.1ms
[2024-07-06T14:00:08.827-0700][info][gc,phases      ] GC(99)   Evacuate Collection Set: 25.9ms
[2024-07-06T14:00:08.827-0700][info][gc,phases      ] GC(99)   Post Evacuate Collection Set: 0.8ms
[2024-07-06T14:00:08.827-0700][info][gc,phases      ] GC(99)   Other: 0.1ms
[2024-07-06T14:00:08.827-0700][info][gc,heap        ] GC(99) Eden regions: 23->0(44)
[2024-07-06T14:00:08.827-0700][info][gc,heap        ] GC(99) Survivor regions: 7->7(7)
[2024-07-06T14:00:08.827-0700][info][gc,heap        ] GC(99) Old regions: 961->987
[2024-07-06T14:00:08.827-0700][info][gc,heap        ] GC(99) Archive regions: 2->2
[2024-07-06T14:00:08.827-0700][info][gc,heap        ] GC(99) Humongous regions: 4->4
[2024-07-06T14:00:08.827-0700][info][gc,metaspace   ] GC(99) Metaspace: 302K(512K)->302K(512K) NonClass: 295K(384K)->295K(384K) Class: 7K(128K)->7K(128K)
[2024-07-06T14:00:08.827-0700][info][gc             ] GC(99) Pause Young (Normal) (G1 Preventive Collection) 3971M->3986M(4096M) 27.146ms
[2024-07-06T14:00:08.827-0700][info][gc,cpu         ] GC(99) User=0.10s Sys=0.00s Real=0.03s
[2024-07-06T14:00:14.623-0700][info][gc,start       ] GC(100) Pause Young (Concurrent Start) (G1 Preventive Collection)
[2024-07-06T14:00:14.623-0700][info][gc,task        ] GC(100) Using 4 workers of 4 for evacuation
[2024-07-06T14:00:14.639-0700][info][gc,phases      ] GC(100)   Pre Evacuate Collection Set: 0.2ms
[2024-07-06T14:00:14.639-0700][info][gc,phases      ] GC(100)   Merge Heap Roots: 0.1ms
[2024-07-06T14:00:14.639-0700][info][gc,phases      ] GC(100)   Evacuate Collection Set: 14.7ms
[2024-07-06T14:00:14.639-0700][info][gc,phases      ] GC(100)   Post Evacuate Collection Set: 0.3ms
[2024-07-06T14:00:14.639-0700][info][gc,phases      ] GC(100)   Other: 0.1ms
[2024-07-06T14:00:14.639-0700][info][gc,heap        ] GC(100) Eden regions: 8->0(44)
[2024-07-06T14:00:14.639-0700][info][gc,heap        ] GC(100) Survivor regions: 7->7(7)
[2024-07-06T14:00:14.639-0700][info][gc,heap        ] GC(100) Old regions: 987->995
[2024-07-06T14:00:14.639-0700][info][gc,heap        ] GC(100) Archive regions: 2->2
[2024-07-06T14:00:14.639-0700][info][gc,heap        ] GC(100) Humongous regions: 4->4
[2024-07-06T14:00:14.639-0700][info][gc,metaspace   ] GC(100) Metaspace: 305K(512K)->305K(512K) NonClass: 297K(384K)->297K(384K) Class: 7K(128K)->7K(128K)
[2024-07-06T14:00:14.639-0700][info][gc             ] GC(100) Pause Young (Concurrent Start) (G1 Preventive Collection) 4018M->4018M(4096M) 15.560ms
[2024-07-06T14:00:14.639-0700][info][gc,cpu         ] GC(100) User=0.05s Sys=0.01s Real=0.01s
[2024-07-06T14:00:14.639-0700][info][gc             ] GC(101) Concurrent Mark Cycle
[2024-07-06T14:00:14.639-0700][info][gc,marking     ] GC(101) Concurrent Clear Claimed Marks
[2024-07-06T14:00:14.639-0700][info][gc,marking     ] GC(101) Concurrent Clear Claimed Marks 0.025ms
[2024-07-06T14:00:14.639-0700][info][gc,marking     ] GC(101) Concurrent Scan Root Regions
[2024-07-06T14:00:14.642-0700][info][gc,marking     ] GC(101) Concurrent Scan Root Regions 3.213ms
[2024-07-06T14:00:14.642-0700][info][gc,marking     ] GC(101) Concurrent Mark
[2024-07-06T14:00:14.642-0700][info][gc,marking     ] GC(101) Concurrent Mark From Roots
[2024-07-06T14:00:14.642-0700][info][gc,task        ] GC(101) Using 1 workers of 1 for marking
[2024-07-06T14:00:15.218-0700][info][gc,marking     ] GC(101) Concurrent Mark From Roots 576.395ms
[2024-07-06T14:00:15.218-0700][info][gc,marking     ] GC(101) Concurrent Preclean
[2024-07-06T14:00:15.218-0700][info][gc,marking     ] GC(101) Concurrent Preclean 0.061ms
[2024-07-06T14:01:09.447-0700][info][gc,start       ] GC(101) Pause Remark
[2024-07-06T14:01:09.448-0700][info][gc             ] GC(101) Pause Remark 4020M->4020M(4096M) 0.887ms
[2024-07-06T14:01:09.448-0700][info][gc,cpu         ] GC(101) User=0.00s Sys=0.00s Real=0.00s
[2024-07-06T14:01:09.448-0700][info][gc,marking     ] GC(101) Concurrent Mark 54806.490ms
[2024-07-06T14:01:09.448-0700][info][gc,marking     ] GC(101) Concurrent Rebuild Remembered Sets
[2024-07-06T14:01:09.731-0700][info][gc,marking     ] GC(101) Concurrent Rebuild Remembered Sets 282.142ms
[2024-07-06T14:01:10.066-0700][info][gc,start       ] GC(101) Pause Cleanup
[2024-07-06T14:01:10.066-0700][info][gc             ] GC(101) Pause Cleanup 4020M->4020M(4096M) 0.372ms
[2024-07-06T14:01:10.066-0700][info][gc,cpu         ] GC(101) User=0.00s Sys=0.00s Real=0.00s
[2024-07-06T14:01:10.066-0700][info][gc,marking     ] GC(101) Concurrent Cleanup for Next Mark
[2024-07-06T14:01:10.072-0700][info][gc,marking     ] GC(101) Concurrent Cleanup for Next Mark 5.330ms
[2024-07-06T14:01:10.072-0700][info][gc             ] GC(101) Concurrent Mark Cycle 55433.002ms
[2024-07-06T14:01:11.940-0700][info][gc,start       ] GC(102) Pause Young (Prepare Mixed) (G1 Preventive Collection)
[2024-07-06T14:01:11.940-0700][info][gc,task        ] GC(102) Using 4 workers of 4 for evacuation
[2024-07-06T14:01:11.951-0700][info][gc,phases      ] GC(102)   Pre Evacuate Collection Set: 0.3ms
[2024-07-06T14:01:11.951-0700][info][gc,phases      ] GC(102)   Merge Heap Roots: 0.2ms
[2024-07-06T14:01:11.951-0700][info][gc,phases      ] GC(102)   Evacuate Collection Set: 10.4ms
[2024-07-06T14:01:11.951-0700][info][gc,phases      ] GC(102)   Post Evacuate Collection Set: 0.3ms
[2024-07-06T14:01:11.951-0700][info][gc,phases      ] GC(102)   Other: 0.1ms
[2024-07-06T14:01:11.951-0700][info][gc,heap        ] GC(102) Eden regions: 4->0(46)
[2024-07-06T14:01:11.951-0700][info][gc,heap        ] GC(102) Survivor regions: 7->5(7)
[2024-07-06T14:01:11.951-0700][info][gc,heap        ] GC(102) Old regions: 995->1002
[2024-07-06T14:01:11.951-0700][info][gc,heap        ] GC(102) Archive regions: 2->2
[2024-07-06T14:01:11.951-0700][info][gc,heap        ] GC(102) Humongous regions: 4->4
[2024-07-06T14:01:11.951-0700][info][gc,metaspace   ] GC(102) Metaspace: 305K(512K)->305K(512K) NonClass: 297K(384K)->297K(384K) Class: 7K(128K)->7K(128K)
[2024-07-06T14:01:11.951-0700][info][gc             ] GC(102) Pause Young (Prepare Mixed) (G1 Preventive Collection) 4034M->4036M(4096M) 11.393ms
[2024-07-06T14:01:11.951-0700][info][gc,cpu         ] GC(102) User=0.04s Sys=0.00s Real=0.01s
[2024-07-06T14:01:13.887-0700][info][gc,start       ] GC(103) Pause Young (Mixed) (G1 Preventive Collection)
[2024-07-06T14:01:13.887-0700][info][gc,task        ] GC(103) Using 4 workers of 4 for evacuation
[2024-07-06T14:01:13.896-0700][info][gc,phases      ] GC(103)   Pre Evacuate Collection Set: 0.2ms
[2024-07-06T14:01:13.896-0700][info][gc,phases      ] GC(103)   Merge Heap Roots: 0.2ms
[2024-07-06T14:01:13.896-0700][info][gc,phases      ] GC(103)   Evacuate Collection Set: 8.2ms
[2024-07-06T14:01:13.896-0700][info][gc,phases      ] GC(103)   Post Evacuate Collection Set: 0.3ms
[2024-07-06T14:01:13.896-0700][info][gc,phases      ] GC(103)   Other: 0.1ms
[2024-07-06T14:01:13.896-0700][info][gc,heap        ] GC(103) Eden regions: 2->0(48)
[2024-07-06T14:01:13.896-0700][info][gc,heap        ] GC(103) Survivor regions: 5->3(7)
[2024-07-06T14:01:13.896-0700][info][gc,heap        ] GC(103) Old regions: 1002->1005
[2024-07-06T14:01:13.896-0700][info][gc,heap        ] GC(103) Archive regions: 2->2
[2024-07-06T14:01:13.896-0700][info][gc,heap        ] GC(103) Humongous regions: 4->4
[2024-07-06T14:01:13.896-0700][info][gc,metaspace   ] GC(103) Metaspace: 305K(512K)->305K(512K) NonClass: 297K(384K)->297K(384K) Class: 7K(128K)->7K(128K)
[2024-07-06T14:01:13.896-0700][info][gc             ] GC(103) Pause Young (Mixed) (G1 Preventive Collection) 4044M->4040M(4096M) 9.111ms
[2024-07-06T14:01:13.896-0700][info][gc,cpu         ] GC(103) User=0.03s Sys=0.00s Real=0.01s
[2024-07-06T14:01:15.802-0700][info][gc,start       ] GC(104) Pause Young (Concurrent Start) (G1 Preventive Collection)
[2024-07-06T14:01:15.802-0700][info][gc,task        ] GC(104) Using 4 workers of 4 for evacuation
[2024-07-06T14:01:15.810-0700][info][gc,phases      ] GC(104)   Pre Evacuate Collection Set: 0.2ms
[2024-07-06T14:01:15.810-0700][info][gc,phases      ] GC(104)   Merge Heap Roots: 0.2ms
[2024-07-06T14:01:15.810-0700][info][gc,phases      ] GC(104)   Evacuate Collection Set: 6.9ms
[2024-07-06T14:01:15.810-0700][info][gc,phases      ] GC(104)   Post Evacuate Collection Set: 0.3ms
[2024-07-06T14:01:15.810-0700][info][gc,phases      ] GC(104)   Other: 0.1ms
[2024-07-06T14:01:15.810-0700][info][gc,heap        ] GC(104) Eden regions: 3->0(45)
[2024-07-06T14:01:15.810-0700][info][gc,heap        ] GC(104) Survivor regions: 3->6(7)
[2024-07-06T14:01:15.810-0700][info][gc,heap        ] GC(104) Old regions: 1005->1005
[2024-07-06T14:01:15.810-0700][info][gc,heap        ] GC(104) Archive regions: 2->2
[2024-07-06T14:01:15.810-0700][info][gc,heap        ] GC(104) Humongous regions: 4->4
[2024-07-06T14:01:15.810-0700][info][gc,metaspace   ] GC(104) Metaspace: 305K(512K)->305K(512K) NonClass: 297K(384K)->297K(384K) Class: 7K(128K)->7K(128K)
[2024-07-06T14:01:15.810-0700][info][gc             ] GC(104) Pause Young (Concurrent Start) (G1 Preventive Collection) 4052M->4051M(4096M) 7.837ms
[2024-07-06T14:01:15.810-0700][info][gc,cpu         ] GC(104) User=0.02s Sys=0.00s Real=0.01s
[2024-07-06T14:01:15.810-0700][info][gc             ] GC(105) Concurrent Mark Cycle
[2024-07-06T14:01:15.810-0700][info][gc,marking     ] GC(105) Concurrent Clear Claimed Marks
[2024-07-06T14:01:15.810-0700][info][gc,marking     ] GC(105) Concurrent Clear Claimed Marks 0.006ms
[2024-07-06T14:01:15.810-0700][info][gc,marking     ] GC(105) Concurrent Scan Root Regions
[2024-07-06T14:01:15.811-0700][info][gc,marking     ] GC(105) Concurrent Scan Root Regions 1.207ms
[2024-07-06T14:01:15.811-0700][info][gc,marking     ] GC(105) Concurrent Mark
[2024-07-06T14:01:15.811-0700][info][gc,marking     ] GC(105) Concurrent Mark From Roots
[2024-07-06T14:01:15.812-0700][info][gc,task        ] GC(105) Using 1 workers of 1 for marking
[2024-07-06T14:01:15.812-0700][info][gc,start       ] GC(106) Pause Young (Normal) (G1 Preventive Collection)
[2024-07-06T14:01:15.812-0700][info][gc,task        ] GC(106) Using 4 workers of 4 for evacuation
[2024-07-06T14:01:15.816-0700][info][gc             ] GC(106) To-space exhausted
[2024-07-06T14:01:15.816-0700][info][gc,phases      ] GC(106)   Pre Evacuate Collection Set: 0.9ms
[2024-07-06T14:01:15.816-0700][info][gc,phases      ] GC(106)   Merge Heap Roots: 0.1ms
[2024-07-06T14:01:15.816-0700][info][gc,phases      ] GC(106)   Evacuate Collection Set: 3.6ms
[2024-07-06T14:01:15.816-0700][info][gc,phases      ] GC(106)   Post Evacuate Collection Set: 0.6ms
[2024-07-06T14:01:15.816-0700][info][gc,phases      ] GC(106)   Other: 0.1ms
[2024-07-06T14:01:15.816-0700][info][gc,heap        ] GC(106) Eden regions: 1->0(47)
[2024-07-06T14:01:15.816-0700][info][gc,heap        ] GC(106) Survivor regions: 6->4(6)
[2024-07-06T14:01:15.816-0700][info][gc,heap        ] GC(106) Old regions: 1005->1008
[2024-07-06T14:01:15.816-0700][info][gc,heap        ] GC(106) Archive regions: 2->2
[2024-07-06T14:01:15.816-0700][info][gc,heap        ] GC(106) Humongous regions: 4->4
[2024-07-06T14:01:15.816-0700][info][gc,metaspace   ] GC(106) Metaspace: 305K(512K)->305K(512K) NonClass: 297K(384K)->297K(384K) Class: 7K(128K)->7K(128K)
[2024-07-06T14:01:15.816-0700][info][gc             ] GC(106) Pause Young (Normal) (G1 Preventive Collection) 4055M->4058M(4096M) 4.478ms
[2024-07-06T14:01:15.816-0700][info][gc,cpu         ] GC(106) User=0.01s Sys=0.01s Real=0.01s
[2024-07-06T14:01:16.387-0700][info][gc,marking     ] GC(105) Concurrent Mark From Roots 575.509ms
[2024-07-06T14:01:16.387-0700][info][gc,marking     ] GC(105) Concurrent Preclean
[2024-07-06T14:01:16.387-0700][info][gc,marking     ] GC(105) Concurrent Preclean 0.062ms
[2024-07-06T14:01:19.483-0700][info][gc,start       ] GC(105) Pause Remark
[2024-07-06T14:01:19.484-0700][info][gc             ] GC(105) Pause Remark 4060M->4060M(4096M) 0.863ms
[2024-07-06T14:01:19.484-0700][info][gc,cpu         ] GC(105) User=0.00s Sys=0.00s Real=0.01s
[2024-07-06T14:01:19.484-0700][info][gc,marking     ] GC(105) Concurrent Mark 3672.337ms
[2024-07-06T14:01:19.484-0700][info][gc,marking     ] GC(105) Concurrent Rebuild Remembered Sets
[2024-07-06T14:01:19.734-0700][info][gc,marking     ] GC(105) Concurrent Rebuild Remembered Sets 250.333ms
[2024-07-06T14:01:21.134-0700][info][gc,start       ] GC(105) Pause Cleanup
[2024-07-06T14:01:21.134-0700][info][gc             ] GC(105) Pause Cleanup 4060M->4060M(4096M) 0.418ms
[2024-07-06T14:01:21.134-0700][info][gc,cpu         ] GC(105) User=0.00s Sys=0.00s Real=0.00s
[2024-07-06T14:01:21.135-0700][info][gc,marking     ] GC(105) Concurrent Cleanup for Next Mark
[2024-07-06T14:01:21.140-0700][info][gc,marking     ] GC(105) Concurrent Cleanup for Next Mark 5.620ms
[2024-07-06T14:01:21.140-0700][info][gc             ] GC(105) Concurrent Mark Cycle 5329.971ms
[2024-07-06T14:01:21.393-0700][info][gc,start       ] GC(107) Pause Young (Normal) (G1 Preventive Collection)
[2024-07-06T14:01:21.393-0700][info][gc,task        ] GC(107) Using 4 workers of 4 for evacuation
[2024-07-06T14:01:21.403-0700][info][gc,phases      ] GC(107)   Pre Evacuate Collection Set: 0.3ms
[2024-07-06T14:01:21.403-0700][info][gc,phases      ] GC(107)   Merge Heap Roots: 0.3ms
[2024-07-06T14:01:21.403-0700][info][gc,phases      ] GC(107)   Evacuate Collection Set: 8.3ms
[2024-07-06T14:01:21.403-0700][info][gc,phases      ] GC(107)   Post Evacuate Collection Set: 0.4ms
[2024-07-06T14:01:21.403-0700][info][gc,phases      ] GC(107)   Other: 0.1ms
[2024-07-06T14:01:21.403-0700][info][gc,heap        ] GC(107) Eden regions: 1->0(49)
[2024-07-06T14:01:21.403-0700][info][gc,heap        ] GC(107) Survivor regions: 4->2(5)
[2024-07-06T14:01:21.403-0700][info][gc,heap        ] GC(107) Old regions: 1008->1011
[2024-07-06T14:01:21.403-0700][info][gc,heap        ] GC(107) Archive regions: 2->2
[2024-07-06T14:01:21.403-0700][info][gc,heap        ] GC(107) Humongous regions: 4->4
[2024-07-06T14:01:21.403-0700][info][gc,metaspace   ] GC(107) Metaspace: 305K(512K)->305K(512K) NonClass: 297K(384K)->297K(384K) Class: 7K(128K)->7K(128K)
[2024-07-06T14:01:21.403-0700][info][gc             ] GC(107) Pause Young (Normal) (G1 Preventive Collection) 4062M->4062M(4096M) 9.533ms
[2024-07-06T14:01:21.403-0700][info][gc,cpu         ] GC(107) User=0.04s Sys=0.00s Real=0.01s
[2024-07-06T14:01:21.403-0700][info][gc,start       ] GC(108) Pause Young (Concurrent Start) (G1 Preventive Collection)
[2024-07-06T14:01:21.403-0700][info][gc,task        ] GC(108) Using 4 workers of 4 for evacuation
[2024-07-06T14:01:21.406-0700][info][gc,phases      ] GC(108)   Pre Evacuate Collection Set: 0.2ms
[2024-07-06T14:01:21.406-0700][info][gc,phases      ] GC(108)   Merge Heap Roots: 0.1ms
[2024-07-06T14:01:21.406-0700][info][gc,phases      ] GC(108)   Evacuate Collection Set: 2.0ms
[2024-07-06T14:01:21.406-0700][info][gc,phases      ] GC(108)   Post Evacuate Collection Set: 0.3ms
[2024-07-06T14:01:21.406-0700][info][gc,phases      ] GC(108)   Other: 0.1ms
[2024-07-06T14:01:21.406-0700][info][gc,heap        ] GC(108) Eden regions: 1->0(48)
[2024-07-06T14:01:21.406-0700][info][gc,heap        ] GC(108) Survivor regions: 2->3(4)
[2024-07-06T14:01:21.406-0700][info][gc,heap        ] GC(108) Old regions: 1011->1011
[2024-07-06T14:01:21.406-0700][info][gc,heap        ] GC(108) Archive regions: 2->2
[2024-07-06T14:01:21.406-0700][info][gc,heap        ] GC(108) Humongous regions: 4->4
[2024-07-06T14:01:21.406-0700][info][gc,metaspace   ] GC(108) Metaspace: 305K(512K)->305K(512K) NonClass: 297K(384K)->297K(384K) Class: 7K(128K)->7K(128K)
[2024-07-06T14:01:21.406-0700][info][gc             ] GC(108) Pause Young (Concurrent Start) (G1 Preventive Collection) 4066M->4066M(4096M) 2.849ms
[2024-07-06T14:01:21.406-0700][info][gc,cpu         ] GC(108) User=0.01s Sys=0.00s Real=0.00s
[2024-07-06T14:01:21.406-0700][info][gc             ] GC(109) Concurrent Mark Cycle
[2024-07-06T14:01:21.406-0700][info][gc,marking     ] GC(109) Concurrent Clear Claimed Marks
[2024-07-06T14:01:21.406-0700][info][gc,marking     ] GC(109) Concurrent Clear Claimed Marks 0.006ms
[2024-07-06T14:01:21.406-0700][info][gc,marking     ] GC(109) Concurrent Scan Root Regions
[2024-07-06T14:01:21.407-0700][info][gc,marking     ] GC(109) Concurrent Scan Root Regions 0.930ms
[2024-07-06T14:01:21.407-0700][info][gc,marking     ] GC(109) Concurrent Mark
[2024-07-06T14:01:21.407-0700][info][gc,marking     ] GC(109) Concurrent Mark From Roots
[2024-07-06T14:01:21.407-0700][info][gc,task        ] GC(109) Using 1 workers of 1 for marking
[2024-07-06T14:01:21.988-0700][info][gc,marking     ] GC(109) Concurrent Mark From Roots 580.905ms
[2024-07-06T14:01:21.988-0700][info][gc,marking     ] GC(109) Concurrent Preclean
[2024-07-06T14:01:21.988-0700][info][gc,marking     ] GC(109) Concurrent Preclean 0.063ms
[2024-07-06T14:01:35.528-0700][info][gc,start       ] GC(109) Pause Remark
[2024-07-06T14:01:35.529-0700][info][gc             ] GC(109) Pause Remark 4070M->4070M(4096M) 0.876ms
[2024-07-06T14:01:35.529-0700][info][gc,cpu         ] GC(109) User=0.00s Sys=0.00s Real=0.00s
[2024-07-06T14:01:35.529-0700][info][gc,marking     ] GC(109) Concurrent Mark 14121.820ms
[2024-07-06T14:01:35.529-0700][info][gc,marking     ] GC(109) Concurrent Rebuild Remembered Sets
[2024-07-06T14:01:35.781-0700][info][gc,marking     ] GC(109) Concurrent Rebuild Remembered Sets 252.146ms
[2024-07-06T14:01:36.111-0700][info][gc,start       ] GC(109) Pause Cleanup
[2024-07-06T14:01:36.112-0700][info][gc             ] GC(109) Pause Cleanup 4070M->4070M(4096M) 0.405ms
[2024-07-06T14:01:36.112-0700][info][gc,cpu         ] GC(109) User=0.00s Sys=0.00s Real=0.00s
[2024-07-06T14:01:36.112-0700][info][gc,marking     ] GC(109) Concurrent Cleanup for Next Mark
[2024-07-06T14:01:36.118-0700][info][gc,marking     ] GC(109) Concurrent Cleanup for Next Mark 6.067ms
[2024-07-06T14:01:36.118-0700][info][gc             ] GC(109) Concurrent Mark Cycle 14711.812ms
[2024-07-06T14:01:37.121-0700][info][gc,start       ] GC(110) Pause Young (Prepare Mixed) (G1 Preventive Collection)
[2024-07-06T14:01:37.121-0700][info][gc,task        ] GC(110) Using 4 workers of 4 for evacuation
[2024-07-06T14:01:37.128-0700][info][gc             ] GC(110) To-space exhausted
[2024-07-06T14:01:37.128-0700][info][gc,phases      ] GC(110)   Pre Evacuate Collection Set: 0.2ms
[2024-07-06T14:01:37.128-0700][info][gc,phases      ] GC(110)   Merge Heap Roots: 0.2ms
[2024-07-06T14:01:37.128-0700][info][gc,phases      ] GC(110)   Evacuate Collection Set: 5.9ms
[2024-07-06T14:01:37.128-0700][info][gc,phases      ] GC(110)   Post Evacuate Collection Set: 0.8ms
[2024-07-06T14:01:37.128-0700][info][gc,phases      ] GC(110)   Other: 0.1ms
[2024-07-06T14:01:37.128-0700][info][gc,heap        ] GC(110) Eden regions: 1->0(48)
[2024-07-06T14:01:37.128-0700][info][gc,heap        ] GC(110) Survivor regions: 3->3(3)
[2024-07-06T14:01:37.128-0700][info][gc,heap        ] GC(110) Old regions: 1011->1015
[2024-07-06T14:01:37.128-0700][info][gc,heap        ] GC(110) Archive regions: 2->2
[2024-07-06T14:01:37.128-0700][info][gc,heap        ] GC(110) Humongous regions: 4->4
[2024-07-06T14:01:37.128-0700][info][gc,metaspace   ] GC(110) Metaspace: 305K(512K)->305K(512K) NonClass: 297K(384K)->297K(384K) Class: 7K(128K)->7K(128K)
[2024-07-06T14:01:37.128-0700][info][gc             ] GC(110) Pause Young (Prepare Mixed) (G1 Preventive Collection) 4070M->4082M(4096M) 7.214ms
[2024-07-06T14:01:37.128-0700][info][gc,cpu         ] GC(110) User=0.03s Sys=0.00s Real=0.01s
[2024-07-06T14:01:37.128-0700][info][gc,ergo        ] Attempting full compaction
[2024-07-06T14:01:37.128-0700][info][gc,task        ] GC(111) Using 4 workers of 4 for full compaction
[2024-07-06T14:01:37.128-0700][info][gc,start       ] GC(111) Pause Full (G1 Compaction Pause)
[2024-07-06T14:01:37.128-0700][info][gc,phases,start] GC(111) Phase 1: Mark live objects
[2024-07-06T14:01:37.225-0700][info][gc,phases      ] GC(111) Phase 1: Mark live objects 96.991ms
[2024-07-06T14:01:37.225-0700][info][gc,phases,start] GC(111) Phase 2: Prepare for compaction
[2024-07-06T14:01:37.252-0700][info][gc,phases      ] GC(111) Phase 2: Prepare for compaction 26.261ms
[2024-07-06T14:01:37.252-0700][info][gc,phases,start] GC(111) Phase 3: Adjust pointers
[2024-07-06T14:01:37.323-0700][info][gc,phases      ] GC(111) Phase 3: Adjust pointers 71.050ms
[2024-07-06T14:01:37.323-0700][info][gc,phases,start] GC(111) Phase 4: Compact heap
[2024-07-06T14:01:37.499-0700][info][gc,phases      ] GC(111) Phase 4: Compact heap 176.652ms
[2024-07-06T14:01:37.503-0700][info][gc,heap        ] GC(111) Eden regions: 0->0(51)
[2024-07-06T14:01:37.503-0700][info][gc,heap        ] GC(111) Survivor regions: 3->0(3)
[2024-07-06T14:01:37.503-0700][info][gc,heap        ] GC(111) Old regions: 1015->993
[2024-07-06T14:01:37.503-0700][info][gc,heap        ] GC(111) Archive regions: 2->2
[2024-07-06T14:01:37.503-0700][info][gc,heap        ] GC(111) Humongous regions: 4->4
[2024-07-06T14:01:37.503-0700][info][gc,metaspace   ] GC(111) Metaspace: 305K(512K)->305K(512K) NonClass: 297K(384K)->297K(384K) Class: 7K(128K)->7K(128K)
[2024-07-06T14:01:37.503-0700][info][gc             ] GC(111) Pause Full (G1 Compaction Pause) 4082M->3981M(4096M) 374.679ms
[2024-07-06T14:01:37.503-0700][info][gc,cpu         ] GC(111) User=1.45s Sys=0.00s Real=0.37s
[2024-07-06T14:01:45.164-0700][info][gc,start       ] GC(112) Pause Young (Concurrent Start) (G1 Preventive Collection)
[2024-07-06T14:01:45.164-0700][info][gc,task        ] GC(112) Using 4 workers of 4 for evacuation
[2024-07-06T14:01:45.176-0700][info][gc,phases      ] GC(112)   Pre Evacuate Collection Set: 0.2ms
[2024-07-06T14:01:45.176-0700][info][gc,phases      ] GC(112)   Merge Heap Roots: 0.1ms
[2024-07-06T14:01:45.176-0700][info][gc,phases      ] GC(112)   Evacuate Collection Set: 11.3ms
[2024-07-06T14:01:45.176-0700][info][gc,phases      ] GC(112)   Post Evacuate Collection Set: 0.4ms
[2024-07-06T14:01:45.176-0700][info][gc,phases      ] GC(112)   Other: 0.1ms
[2024-07-06T14:01:45.176-0700][info][gc,heap        ] GC(112) Eden regions: 11->0(44)
[2024-07-06T14:01:45.176-0700][info][gc,heap        ] GC(112) Survivor regions: 0->7(7)
[2024-07-06T14:01:45.176-0700][info][gc,heap        ] GC(112) Old regions: 993->997
[2024-07-06T14:01:45.176-0700][info][gc,heap        ] GC(112) Archive regions: 2->2
[2024-07-06T14:01:45.176-0700][info][gc,heap        ] GC(112) Humongous regions: 4->4
[2024-07-06T14:01:45.176-0700][info][gc,metaspace   ] GC(112) Metaspace: 305K(512K)->305K(512K) NonClass: 297K(384K)->297K(384K) Class: 7K(128K)->7K(128K)
[2024-07-06T14:01:45.176-0700][info][gc             ] GC(112) Pause Young (Concurrent Start) (G1 Preventive Collection) 4025M->4025M(4096M) 12.226ms
[2024-07-06T14:01:45.176-0700][info][gc,cpu         ] GC(112) User=0.04s Sys=0.00s Real=0.01s
[2024-07-06T14:01:45.176-0700][info][gc             ] GC(113) Concurrent Mark Cycle
[2024-07-06T14:01:45.176-0700][info][gc,marking     ] GC(113) Concurrent Clear Claimed Marks
[2024-07-06T14:01:45.176-0700][info][gc,marking     ] GC(113) Concurrent Clear Claimed Marks 0.007ms
[2024-07-06T14:01:45.176-0700][info][gc,marking     ] GC(113) Concurrent Scan Root Regions
[2024-07-06T14:01:45.179-0700][info][gc,marking     ] GC(113) Concurrent Scan Root Regions 2.729ms
[2024-07-06T14:01:45.179-0700][info][gc,marking     ] GC(113) Concurrent Mark
[2024-07-06T14:01:45.179-0700][info][gc,marking     ] GC(113) Concurrent Mark From Roots
[2024-07-06T14:01:45.179-0700][info][gc,task        ] GC(113) Using 1 workers of 1 for marking
[2024-07-06T14:01:45.795-0700][info][gc,marking     ] GC(113) Concurrent Mark From Roots 616.015ms
[2024-07-06T14:01:45.795-0700][info][gc,marking     ] GC(113) Concurrent Preclean
[2024-07-06T14:01:45.795-0700][info][gc,marking     ] GC(113) Concurrent Preclean 0.063ms
[2024-07-06T14:01:50.753-0700][info][gc,start       ] GC(113) Pause Remark
[2024-07-06T14:01:50.753-0700][info][gc             ] GC(113) Pause Remark 4031M->4031M(4096M) 0.805ms
[2024-07-06T14:01:50.753-0700][info][gc,cpu         ] GC(113) User=0.00s Sys=0.00s Real=0.00s
[2024-07-06T14:01:50.754-0700][info][gc,marking     ] GC(113) Concurrent Mark 5574.522ms
[2024-07-06T14:01:50.754-0700][info][gc,marking     ] GC(113) Concurrent Rebuild Remembered Sets
[2024-07-06T14:01:51.032-0700][info][gc,marking     ] GC(113) Concurrent Rebuild Remembered Sets 278.407ms
[2024-07-06T14:01:51.835-0700][info][gc,start       ] GC(113) Pause Cleanup
[2024-07-06T14:01:51.836-0700][info][gc             ] GC(113) Pause Cleanup 4031M->4031M(4096M) 0.467ms
[2024-07-06T14:01:51.836-0700][info][gc,cpu         ] GC(113) User=0.00s Sys=0.00s Real=0.00s
[2024-07-06T14:01:51.836-0700][info][gc,marking     ] GC(113) Concurrent Cleanup for Next Mark
[2024-07-06T14:01:51.842-0700][info][gc,marking     ] GC(113) Concurrent Cleanup for Next Mark 5.544ms
[2024-07-06T14:01:51.842-0700][info][gc             ] GC(113) Concurrent Mark Cycle 6665.454ms
[2024-07-06T14:01:54.547-0700][info][gc,start       ] GC(114) Pause Young (Normal) (G1 Preventive Collection)
[2024-07-06T14:01:54.547-0700][info][gc,task        ] GC(114) Using 4 workers of 4 for evacuation
[2024-07-06T14:01:54.561-0700][info][gc             ] GC(114) To-space exhausted
[2024-07-06T14:01:54.561-0700][info][gc,phases      ] GC(114)   Pre Evacuate Collection Set: 0.2ms
[2024-07-06T14:01:54.561-0700][info][gc,phases      ] GC(114)   Merge Heap Roots: 0.1ms
[2024-07-06T14:01:54.561-0700][info][gc,phases      ] GC(114)   Evacuate Collection Set: 12.2ms
[2024-07-06T14:01:54.561-0700][info][gc,phases      ] GC(114)   Post Evacuate Collection Set: 1.4ms
[2024-07-06T14:01:54.561-0700][info][gc,phases      ] GC(114)   Other: 0.1ms
[2024-07-06T14:01:54.561-0700][info][gc,heap        ] GC(114) Eden regions: 6->0(49)
[2024-07-06T14:01:54.561-0700][info][gc,heap        ] GC(114) Survivor regions: 7->2(7)
[2024-07-06T14:01:54.561-0700][info][gc,heap        ] GC(114) Old regions: 997->1013
[2024-07-06T14:01:54.561-0700][info][gc,heap        ] GC(114) Archive regions: 2->2
[2024-07-06T14:01:54.561-0700][info][gc,heap        ] GC(114) Humongous regions: 4->4
[2024-07-06T14:01:54.561-0700][info][gc,metaspace   ] GC(114) Metaspace: 305K(512K)->305K(512K) NonClass: 297K(384K)->297K(384K) Class: 7K(128K)->7K(128K)
[2024-07-06T14:01:54.561-0700][info][gc             ] GC(114) Pause Young (Normal) (G1 Preventive Collection) 4049M->4069M(4096M) 14.068ms
[2024-07-06T14:01:54.561-0700][info][gc,cpu         ] GC(114) User=0.05s Sys=0.00s Real=0.01s
[2024-07-06T14:01:57.122-0700][info][gc,start       ] GC(115) Pause Young (Concurrent Start) (G1 Preventive Collection)
[2024-07-06T14:01:57.122-0700][info][gc,task        ] GC(115) Using 4 workers of 4 for evacuation
[2024-07-06T14:01:57.128-0700][info][gc             ] GC(115) To-space exhausted
[2024-07-06T14:01:57.128-0700][info][gc,phases      ] GC(115)   Pre Evacuate Collection Set: 0.2ms
[2024-07-06T14:01:57.128-0700][info][gc,phases      ] GC(115)   Merge Heap Roots: 0.1ms
[2024-07-06T14:01:57.128-0700][info][gc,phases      ] GC(115)   Evacuate Collection Set: 5.1ms
[2024-07-06T14:01:57.128-0700][info][gc,phases      ] GC(115)   Post Evacuate Collection Set: 0.6ms
[2024-07-06T14:01:57.128-0700][info][gc,phases      ] GC(115)   Other: 0.2ms
[2024-07-06T14:01:57.128-0700][info][gc,heap        ] GC(115) Eden regions: 1->0(49)
[2024-07-06T14:01:57.128-0700][info][gc,heap        ] GC(115) Survivor regions: 2->2(2)
[2024-07-06T14:01:57.128-0700][info][gc,heap        ] GC(115) Old regions: 1013->1016
[2024-07-06T14:01:57.128-0700][info][gc,heap        ] GC(115) Archive regions: 2->2
[2024-07-06T14:01:57.128-0700][info][gc,heap        ] GC(115) Humongous regions: 4->4
[2024-07-06T14:01:57.128-0700][info][gc,metaspace   ] GC(115) Metaspace: 305K(512K)->305K(512K) NonClass: 297K(384K)->297K(384K) Class: 7K(128K)->7K(128K)
[2024-07-06T14:01:57.128-0700][info][gc             ] GC(115) Pause Young (Concurrent Start) (G1 Preventive Collection) 4073M->4081M(4096M) 6.267ms
[2024-07-06T14:01:57.128-0700][info][gc,cpu         ] GC(115) User=0.02s Sys=0.00s Real=0.01s
[2024-07-06T14:01:57.128-0700][info][gc,ergo        ] Attempting full compaction
[2024-07-06T14:01:57.128-0700][info][gc             ] GC(116) Concurrent Mark Cycle
[2024-07-06T14:01:57.128-0700][info][gc,marking     ] GC(116) Concurrent Clear Claimed Marks
[2024-07-06T14:01:57.128-0700][info][gc,marking     ] GC(116) Concurrent Clear Claimed Marks 0.029ms
[2024-07-06T14:01:57.128-0700][info][gc,marking     ] GC(116) Concurrent Scan Root Regions
[2024-07-06T14:01:57.128-0700][info][gc,task        ] GC(117) Using 4 workers of 4 for full compaction
[2024-07-06T14:01:57.128-0700][info][gc,start       ] GC(117) Pause Full (G1 Compaction Pause)
[2024-07-06T14:01:57.128-0700][info][gc,marking     ] GC(116) Concurrent Scan Root Regions 0.147ms
[2024-07-06T14:01:57.128-0700][info][gc,marking     ] GC(116) Concurrent Mark
[2024-07-06T14:01:57.128-0700][info][gc,marking     ] GC(116) Concurrent Mark From Roots
[2024-07-06T14:01:57.128-0700][info][gc,task        ] GC(116) Using 1 workers of 1 for marking
[2024-07-06T14:01:57.131-0700][info][gc,phases,start] GC(117) Phase 1: Mark live objects
[2024-07-06T14:01:57.232-0700][info][gc,phases      ] GC(117) Phase 1: Mark live objects 101.312ms
[2024-07-06T14:01:57.232-0700][info][gc,phases,start] GC(117) Phase 2: Prepare for compaction
[2024-07-06T14:01:57.278-0700][info][gc,phases      ] GC(117) Phase 2: Prepare for compaction 45.319ms
[2024-07-06T14:01:57.278-0700][info][gc,phases,start] GC(117) Phase 3: Adjust pointers
[2024-07-06T14:01:57.358-0700][info][gc,phases      ] GC(117) Phase 3: Adjust pointers 80.149ms
[2024-07-06T14:01:57.358-0700][info][gc,phases,start] GC(117) Phase 4: Compact heap
[2024-07-06T14:01:57.664-0700][info][gc,phases      ] GC(117) Phase 4: Compact heap 306.117ms
[2024-07-06T14:01:57.668-0700][info][gc,heap        ] GC(117) Eden regions: 0->0(51)
[2024-07-06T14:01:57.668-0700][info][gc,heap        ] GC(117) Survivor regions: 2->0(2)
[2024-07-06T14:01:57.668-0700][info][gc,heap        ] GC(117) Old regions: 1016->979
[2024-07-06T14:01:57.668-0700][info][gc,heap        ] GC(117) Archive regions: 2->2
[2024-07-06T14:01:57.668-0700][info][gc,heap        ] GC(117) Humongous regions: 4->4
[2024-07-06T14:01:57.668-0700][info][gc,metaspace   ] GC(117) Metaspace: 305K(512K)->305K(512K) NonClass: 297K(384K)->297K(384K) Class: 7K(128K)->7K(128K)
[2024-07-06T14:01:57.668-0700][info][gc             ] GC(117) Pause Full (G1 Compaction Pause) 4081M->3927M(4096M) 540.065ms
[2024-07-06T14:01:57.668-0700][info][gc,cpu         ] GC(117) User=2.11s Sys=0.00s Real=0.54s
[2024-07-06T14:01:57.668-0700][info][gc,marking     ] GC(116) Concurrent Mark From Roots 540.334ms
[2024-07-06T14:01:57.668-0700][info][gc,marking     ] GC(116) Concurrent Mark Abort
[2024-07-06T14:01:57.669-0700][info][gc             ] GC(116) Concurrent Mark Cycle 540.635ms
[2024-07-06T14:02:13.767-0700][info][gc,start       ] GC(118) Pause Young (Normal) (G1 Preventive Collection)
[2024-07-06T14:02:13.767-0700][info][gc,task        ] GC(118) Using 4 workers of 4 for evacuation
[2024-07-06T14:02:13.789-0700][info][gc             ] GC(118) To-space exhausted
[2024-07-06T14:02:13.789-0700][info][gc,phases      ] GC(118)   Pre Evacuate Collection Set: 0.2ms
[2024-07-06T14:02:13.789-0700][info][gc,phases      ] GC(118)   Merge Heap Roots: 0.1ms
[2024-07-06T14:02:13.789-0700][info][gc,phases      ] GC(118)   Evacuate Collection Set: 20.6ms
[2024-07-06T14:02:13.789-0700][info][gc,phases      ] GC(118)   Post Evacuate Collection Set: 0.9ms
[2024-07-06T14:02:13.789-0700][info][gc,phases      ] GC(118)   Other: 0.1ms
[2024-07-06T14:02:13.789-0700][info][gc,heap        ] GC(118) Eden regions: 21->0(44)
[2024-07-06T14:02:13.789-0700][info][gc,heap        ] GC(118) Survivor regions: 0->7(7)
[2024-07-06T14:02:13.789-0700][info][gc,heap        ] GC(118) Old regions: 979->997
[2024-07-06T14:02:13.789-0700][info][gc,heap        ] GC(118) Archive regions: 2->2
[2024-07-06T14:02:13.789-0700][info][gc,heap        ] GC(118) Humongous regions: 4->4
[2024-07-06T14:02:13.789-0700][info][gc,metaspace   ] GC(118) Metaspace: 305K(512K)->305K(512K) NonClass: 297K(384K)->297K(384K) Class: 7K(128K)->7K(128K)
[2024-07-06T14:02:13.789-0700][info][gc             ] GC(118) Pause Young (Normal) (G1 Preventive Collection) 4011M->4027M(4096M) 21.993ms
[2024-07-06T14:02:13.789-0700][info][gc,cpu         ] GC(118) User=0.08s Sys=0.01s Real=0.02s
[2024-07-06T14:02:20.175-0700][info][gc,start       ] GC(119) Pause Young (Concurrent Start) (G1 Preventive Collection)
[2024-07-06T14:02:20.175-0700][info][gc,task        ] GC(119) Using 4 workers of 4 for evacuation
[2024-07-06T14:02:20.190-0700][info][gc             ] GC(119) To-space exhausted
[2024-07-06T14:02:20.190-0700][info][gc,phases      ] GC(119)   Pre Evacuate Collection Set: 0.2ms
[2024-07-06T14:02:20.190-0700][info][gc,phases      ] GC(119)   Merge Heap Roots: 0.2ms
[2024-07-06T14:02:20.190-0700][info][gc,phases      ] GC(119)   Evacuate Collection Set: 13.0ms
[2024-07-06T14:02:20.190-0700][info][gc,phases      ] GC(119)   Post Evacuate Collection Set: 1.5ms
[2024-07-06T14:02:20.190-0700][info][gc,phases      ] GC(119)   Other: 0.2ms
[2024-07-06T14:02:20.190-0700][info][gc,heap        ] GC(119) Eden regions: 7->0(50)
[2024-07-06T14:02:20.190-0700][info][gc,heap        ] GC(119) Survivor regions: 7->1(7)
[2024-07-06T14:02:20.190-0700][info][gc,heap        ] GC(119) Old regions: 997->1015
[2024-07-06T14:02:20.190-0700][info][gc,heap        ] GC(119) Archive regions: 2->2
[2024-07-06T14:02:20.190-0700][info][gc,heap        ] GC(119) Humongous regions: 4->4
[2024-07-06T14:02:20.190-0700][info][gc,metaspace   ] GC(119) Metaspace: 305K(512K)->305K(512K) NonClass: 297K(384K)->297K(384K) Class: 7K(128K)->7K(128K)
[2024-07-06T14:02:20.190-0700][info][gc             ] GC(119) Pause Young (Concurrent Start) (G1 Preventive Collection) 4055M->4075M(4096M) 15.074ms
[2024-07-06T14:02:20.190-0700][info][gc,cpu         ] GC(119) User=0.04s Sys=0.01s Real=0.02s
[2024-07-06T14:02:20.190-0700][info][gc             ] GC(120) Concurrent Mark Cycle
[2024-07-06T14:02:20.190-0700][info][gc,marking     ] GC(120) Concurrent Clear Claimed Marks
[2024-07-06T14:02:20.190-0700][info][gc,marking     ] GC(120) Concurrent Clear Claimed Marks 0.006ms
[2024-07-06T14:02:20.190-0700][info][gc,marking     ] GC(120) Concurrent Scan Root Regions
[2024-07-06T14:02:20.192-0700][info][gc,marking     ] GC(120) Concurrent Scan Root Regions 1.877ms
[2024-07-06T14:02:20.192-0700][info][gc,marking     ] GC(120) Concurrent Mark
[2024-07-06T14:02:20.192-0700][info][gc,marking     ] GC(120) Concurrent Mark From Roots
[2024-07-06T14:02:20.192-0700][info][gc,task        ] GC(120) Using 1 workers of 1 for marking
[2024-07-06T14:02:20.809-0700][info][gc,marking     ] GC(120) Concurrent Mark From Roots 616.621ms
[2024-07-06T14:02:20.809-0700][info][gc,marking     ] GC(120) Concurrent Preclean
[2024-07-06T14:02:20.809-0700][info][gc,marking     ] GC(120) Concurrent Preclean 0.071ms
[2024-07-06T14:02:32.070-0700][info][gc,start       ] GC(120) Pause Remark
[2024-07-06T14:02:32.071-0700][info][gc             ] GC(120) Pause Remark 4079M->4079M(4096M) 0.870ms
[2024-07-06T14:02:32.071-0700][info][gc,cpu         ] GC(120) User=0.00s Sys=0.00s Real=0.00s
[2024-07-06T14:02:32.071-0700][info][gc,marking     ] GC(120) Concurrent Mark 11879.159ms
[2024-07-06T14:02:32.071-0700][info][gc,marking     ] GC(120) Concurrent Rebuild Remembered Sets
[2024-07-06T14:02:32.345-0700][info][gc,marking     ] GC(120) Concurrent Rebuild Remembered Sets 274.356ms
[2024-07-06T14:02:32.586-0700][info][gc,start       ] GC(120) Pause Cleanup
[2024-07-06T14:02:32.586-0700][info][gc             ] GC(120) Pause Cleanup 4079M->4079M(4096M) 0.444ms
[2024-07-06T14:02:32.586-0700][info][gc,cpu         ] GC(120) User=0.00s Sys=0.00s Real=0.00s
[2024-07-06T14:02:32.586-0700][info][gc,marking     ] GC(120) Concurrent Cleanup for Next Mark
[2024-07-06T14:02:32.592-0700][info][gc,marking     ] GC(120) Concurrent Cleanup for Next Mark 6.015ms
[2024-07-06T14:02:32.593-0700][info][gc             ] GC(120) Concurrent Mark Cycle 12402.601ms
[2024-07-06T14:02:33.867-0700][info][gc,start       ] GC(121) Pause Young (Prepare Mixed) (G1 Preventive Collection)
[2024-07-06T14:02:33.867-0700][info][gc,task        ] GC(121) Using 4 workers of 4 for evacuation
[2024-07-06T14:02:33.873-0700][info][gc             ] GC(121) To-space exhausted
[2024-07-06T14:02:33.873-0700][info][gc,phases      ] GC(121)   Pre Evacuate Collection Set: 0.3ms
[2024-07-06T14:02:33.873-0700][info][gc,phases      ] GC(121)   Merge Heap Roots: 0.2ms
[2024-07-06T14:02:33.873-0700][info][gc,phases      ] GC(121)   Evacuate Collection Set: 5.4ms
[2024-07-06T14:02:33.873-0700][info][gc,phases      ] GC(121)   Post Evacuate Collection Set: 0.6ms
[2024-07-06T14:02:33.873-0700][info][gc,phases      ] GC(121)   Other: 0.2ms
[2024-07-06T14:02:33.873-0700][info][gc,heap        ] GC(121) Eden regions: 1->0(50)
[2024-07-06T14:02:33.873-0700][info][gc,heap        ] GC(121) Survivor regions: 1->1(1)
[2024-07-06T14:02:33.873-0700][info][gc,heap        ] GC(121) Old regions: 1015->1017
[2024-07-06T14:02:33.873-0700][info][gc,heap        ] GC(121) Archive regions: 2->2
[2024-07-06T14:02:33.873-0700][info][gc,heap        ] GC(121) Humongous regions: 4->4
[2024-07-06T14:02:33.873-0700][info][gc,metaspace   ] GC(121) Metaspace: 305K(512K)->305K(512K) NonClass: 297K(384K)->297K(384K) Class: 7K(128K)->7K(128K)
[2024-07-06T14:02:33.873-0700][info][gc             ] GC(121) Pause Young (Prepare Mixed) (G1 Preventive Collection) 4079M->4083M(4096M) 6.694ms
[2024-07-06T14:02:33.873-0700][info][gc,cpu         ] GC(121) User=0.02s Sys=0.00s Real=0.00s
[2024-07-06T14:02:33.873-0700][info][gc,ergo        ] Attempting full compaction
[2024-07-06T14:02:33.873-0700][info][gc,task        ] GC(122) Using 4 workers of 4 for full compaction
[2024-07-06T14:02:33.873-0700][info][gc,start       ] GC(122) Pause Full (G1 Compaction Pause)
[2024-07-06T14:02:33.873-0700][info][gc,phases,start] GC(122) Phase 1: Mark live objects
[2024-07-06T14:02:33.989-0700][info][gc,phases      ] GC(122) Phase 1: Mark live objects 115.976ms
[2024-07-06T14:02:33.989-0700][info][gc,phases,start] GC(122) Phase 2: Prepare for compaction
[2024-07-06T14:02:33.995-0700][info][gc,phases      ] GC(122) Phase 2: Prepare for compaction 5.340ms
[2024-07-06T14:02:33.995-0700][info][gc,phases,start] GC(122) Phase 3: Adjust pointers
[2024-07-06T14:02:34.068-0700][info][gc,phases      ] GC(122) Phase 3: Adjust pointers 72.907ms
[2024-07-06T14:02:34.068-0700][info][gc,phases,start] GC(122) Phase 4: Compact heap
[2024-07-06T14:02:34.092-0700][info][gc,phases      ] GC(122) Phase 4: Compact heap 24.502ms
[2024-07-06T14:02:34.096-0700][info][gc,heap        ] GC(122) Eden regions: 0->0(51)
[2024-07-06T14:02:34.096-0700][info][gc,heap        ] GC(122) Survivor regions: 1->0(1)
[2024-07-06T14:02:34.096-0700][info][gc,heap        ] GC(122) Old regions: 1017->1006
[2024-07-06T14:02:34.096-0700][info][gc,heap        ] GC(122) Archive regions: 2->2
[2024-07-06T14:02:34.096-0700][info][gc,heap        ] GC(122) Humongous regions: 4->4
[2024-07-06T14:02:34.096-0700][info][gc,metaspace   ] GC(122) Metaspace: 305K(512K)->305K(512K) NonClass: 297K(384K)->297K(384K) Class: 7K(128K)->7K(128K)
[2024-07-06T14:02:34.096-0700][info][gc             ] GC(122) Pause Full (G1 Compaction Pause) 4083M->4032M(4096M) 222.586ms
[2024-07-06T14:02:34.096-0700][info][gc,cpu         ] GC(122) User=0.86s Sys=0.01s Real=0.23s
[2024-07-06T14:02:38.320-0700][info][gc,start       ] GC(123) Pause Young (Concurrent Start) (G1 Preventive Collection)
[2024-07-06T14:02:38.320-0700][info][gc,task        ] GC(123) Using 4 workers of 4 for evacuation
[2024-07-06T14:02:38.331-0700][info][gc             ] GC(123) To-space exhausted
[2024-07-06T14:02:38.331-0700][info][gc,phases      ] GC(123)   Pre Evacuate Collection Set: 0.2ms
[2024-07-06T14:02:38.331-0700][info][gc,phases      ] GC(123)   Merge Heap Roots: 0.2ms
[2024-07-06T14:02:38.331-0700][info][gc,phases      ] GC(123)   Evacuate Collection Set: 9.3ms
[2024-07-06T14:02:38.331-0700][info][gc,phases      ] GC(123)   Post Evacuate Collection Set: 1.0ms
[2024-07-06T14:02:38.331-0700][info][gc,phases      ] GC(123)   Other: 0.2ms
[2024-07-06T14:02:38.331-0700][info][gc,heap        ] GC(123) Eden regions: 7->0(46)
[2024-07-06T14:02:38.331-0700][info][gc,heap        ] GC(123) Survivor regions: 0->5(5)
[2024-07-06T14:02:38.331-0700][info][gc,heap        ] GC(123) Old regions: 1006->1010
[2024-07-06T14:02:38.331-0700][info][gc,heap        ] GC(123) Archive regions: 2->2
[2024-07-06T14:02:38.331-0700][info][gc,heap        ] GC(123) Humongous regions: 4->4
[2024-07-06T14:02:38.331-0700][info][gc,metaspace   ] GC(123) Metaspace: 305K(512K)->305K(512K) NonClass: 297K(384K)->297K(384K) Class: 7K(128K)->7K(128K)
[2024-07-06T14:02:38.331-0700][info][gc             ] GC(123) Pause Young (Concurrent Start) (G1 Preventive Collection) 4060M->4068M(4096M) 10.872ms
[2024-07-06T14:02:38.331-0700][info][gc,cpu         ] GC(123) User=0.03s Sys=0.00s Real=0.01s
[2024-07-06T14:02:38.331-0700][info][gc             ] GC(124) Concurrent Mark Cycle
[2024-07-06T14:02:38.331-0700][info][gc,marking     ] GC(124) Concurrent Clear Claimed Marks
[2024-07-06T14:02:38.331-0700][info][gc,marking     ] GC(124) Concurrent Clear Claimed Marks 0.007ms
[2024-07-06T14:02:38.331-0700][info][gc,marking     ] GC(124) Concurrent Scan Root Regions
[2024-07-06T14:02:38.332-0700][info][gc,marking     ] GC(124) Concurrent Scan Root Regions 1.209ms
[2024-07-06T14:02:38.332-0700][info][gc,marking     ] GC(124) Concurrent Mark
[2024-07-06T14:02:38.332-0700][info][gc,marking     ] GC(124) Concurrent Mark From Roots
[2024-07-06T14:02:38.332-0700][info][gc,task        ] GC(124) Using 1 workers of 1 for marking
[2024-07-06T14:02:38.888-0700][info][gc,marking     ] GC(124) Concurrent Mark From Roots 555.797ms
[2024-07-06T14:02:38.888-0700][info][gc,marking     ] GC(124) Concurrent Preclean
[2024-07-06T14:02:38.888-0700][info][gc,marking     ] GC(124) Concurrent Preclean 0.069ms
[2024-07-06T14:02:58.265-0700][info][gc,start       ] GC(124) Pause Remark
[2024-07-06T14:02:58.267-0700][info][gc             ] GC(124) Pause Remark 4070M->4070M(4096M) 1.987ms
[2024-07-06T14:02:58.267-0700][info][gc,cpu         ] GC(124) User=0.00s Sys=0.00s Real=0.00s
[2024-07-06T14:02:58.267-0700][info][gc,marking     ] GC(124) Concurrent Mark 19934.987ms
[2024-07-06T14:02:58.267-0700][info][gc,marking     ] GC(124) Concurrent Rebuild Remembered Sets
[2024-07-06T14:02:58.545-0700][info][gc,marking     ] GC(124) Concurrent Rebuild Remembered Sets 277.705ms
[2024-07-06T14:02:58.605-0700][info][gc,start       ] GC(124) Pause Cleanup
[2024-07-06T14:02:58.605-0700][info][gc             ] GC(124) Pause Cleanup 4070M->4070M(4096M) 0.401ms
[2024-07-06T14:02:58.605-0700][info][gc,cpu         ] GC(124) User=0.00s Sys=0.00s Real=0.00s
[2024-07-06T14:02:58.606-0700][info][gc,marking     ] GC(124) Concurrent Cleanup for Next Mark
[2024-07-06T14:02:58.611-0700][info][gc,marking     ] GC(124) Concurrent Cleanup for Next Mark 5.837ms
[2024-07-06T14:02:58.611-0700][info][gc             ] GC(124) Concurrent Mark Cycle 20280.286ms
[2024-07-06T14:02:59.874-0700][info][gc,start       ] GC(125) Pause Young (Normal) (G1 Preventive Collection)
[2024-07-06T14:02:59.874-0700][info][gc,task        ] GC(125) Using 4 workers of 4 for evacuation
[2024-07-06T14:02:59.883-0700][info][gc             ] GC(125) To-space exhausted
[2024-07-06T14:02:59.883-0700][info][gc,phases      ] GC(125)   Pre Evacuate Collection Set: 0.2ms
[2024-07-06T14:02:59.883-0700][info][gc,phases      ] GC(125)   Merge Heap Roots: 0.1ms
[2024-07-06T14:02:59.883-0700][info][gc,phases      ] GC(125)   Evacuate Collection Set: 7.5ms
[2024-07-06T14:02:59.883-0700][info][gc,phases      ] GC(125)   Post Evacuate Collection Set: 0.9ms
[2024-07-06T14:02:59.883-0700][info][gc,phases      ] GC(125)   Other: 0.2ms
[2024-07-06T14:02:59.883-0700][info][gc,heap        ] GC(125) Eden regions: 1->0(51)
[2024-07-06T14:02:59.883-0700][info][gc,heap        ] GC(125) Survivor regions: 5->0(2)
[2024-07-06T14:02:59.883-0700][info][gc,heap        ] GC(125) Old regions: 1010->1018
[2024-07-06T14:02:59.883-0700][info][gc,heap        ] GC(125) Archive regions: 2->2
[2024-07-06T14:02:59.883-0700][info][gc,heap        ] GC(125) Humongous regions: 4->4
[2024-07-06T14:02:59.883-0700][info][gc,metaspace   ] GC(125) Metaspace: 305K(512K)->305K(512K) NonClass: 297K(384K)->297K(384K) Class: 7K(128K)->7K(128K)
[2024-07-06T14:02:59.883-0700][info][gc             ] GC(125) Pause Young (Normal) (G1 Preventive Collection) 4072M->4080M(4096M) 8.919ms
[2024-07-06T14:02:59.883-0700][info][gc,cpu         ] GC(125) User=0.03s Sys=0.01s Real=0.02s
[2024-07-06T14:02:59.883-0700][info][gc,ergo        ] Attempting full compaction
[2024-07-06T14:02:59.883-0700][info][gc,task        ] GC(126) Using 4 workers of 4 for full compaction
[2024-07-06T14:02:59.883-0700][info][gc,start       ] GC(126) Pause Full (G1 Compaction Pause)
[2024-07-06T14:02:59.883-0700][info][gc,phases,start] GC(126) Phase 1: Mark live objects
[2024-07-06T14:02:59.977-0700][info][gc,phases      ] GC(126) Phase 1: Mark live objects 94.109ms
[2024-07-06T14:02:59.977-0700][info][gc,phases,start] GC(126) Phase 2: Prepare for compaction
[2024-07-06T14:02:59.980-0700][info][gc,phases      ] GC(126) Phase 2: Prepare for compaction 2.476ms
[2024-07-06T14:02:59.980-0700][info][gc,phases,start] GC(126) Phase 3: Adjust pointers
[2024-07-06T14:03:00.046-0700][info][gc,phases      ] GC(126) Phase 3: Adjust pointers 66.033ms
[2024-07-06T14:03:00.046-0700][info][gc,phases,start] GC(126) Phase 4: Compact heap
[2024-07-06T14:03:00.053-0700][info][gc,phases      ] GC(126) Phase 4: Compact heap 6.919ms
[2024-07-06T14:03:00.056-0700][info][gc,heap        ] GC(126) Eden regions: 0->0(51)
[2024-07-06T14:03:00.056-0700][info][gc,heap        ] GC(126) Survivor regions: 0->0(2)
[2024-07-06T14:03:00.056-0700][info][gc,heap        ] GC(126) Old regions: 1018->1013
[2024-07-06T14:03:00.056-0700][info][gc,heap        ] GC(126) Archive regions: 2->2
[2024-07-06T14:03:00.056-0700][info][gc,heap        ] GC(126) Humongous regions: 4->4
[2024-07-06T14:03:00.056-0700][info][gc,metaspace   ] GC(126) Metaspace: 305K(512K)->305K(512K) NonClass: 297K(384K)->297K(384K) Class: 7K(128K)->7K(128K)
[2024-07-06T14:03:00.056-0700][info][gc             ] GC(126) Pause Full (G1 Compaction Pause) 4080M->4062M(4096M) 173.193ms
[2024-07-06T14:03:00.057-0700][info][gc,cpu         ] GC(126) User=0.67s Sys=0.00s Real=0.17s
[2024-07-06T14:03:02.135-0700][info][gc,start       ] GC(127) Pause Young (Concurrent Start) (G1 Preventive Collection)
[2024-07-06T14:03:02.135-0700][info][gc,task        ] GC(127) Using 4 workers of 4 for evacuation
[2024-07-06T14:03:02.152-0700][info][gc             ] GC(127) To-space exhausted
[2024-07-06T14:03:02.152-0700][info][gc,phases      ] GC(127)   Pre Evacuate Collection Set: 0.4ms
[2024-07-06T14:03:02.152-0700][info][gc,phases      ] GC(127)   Merge Heap Roots: 0.2ms
[2024-07-06T14:03:02.152-0700][info][gc,phases      ] GC(127)   Evacuate Collection Set: 14.8ms
[2024-07-06T14:03:02.152-0700][info][gc,phases      ] GC(127)   Post Evacuate Collection Set: 1.5ms
[2024-07-06T14:03:02.152-0700][info][gc,phases      ] GC(127)   Other: 0.2ms
[2024-07-06T14:03:02.152-0700][info][gc,heap        ] GC(127) Eden regions: 3->0(49)
[2024-07-06T14:03:02.152-0700][info][gc,heap        ] GC(127) Survivor regions: 0->2(2)
[2024-07-06T14:03:02.152-0700][info][gc,heap        ] GC(127) Old regions: 1013->1016
[2024-07-06T14:03:02.152-0700][info][gc,heap        ] GC(127) Archive regions: 2->2
[2024-07-06T14:03:02.152-0700][info][gc,heap        ] GC(127) Humongous regions: 4->4
[2024-07-06T14:03:02.152-0700][info][gc,metaspace   ] GC(127) Metaspace: 305K(512K)->305K(512K) NonClass: 297K(384K)->297K(384K) Class: 7K(128K)->7K(128K)
[2024-07-06T14:03:02.152-0700][info][gc             ] GC(127) Pause Young (Concurrent Start) (G1 Preventive Collection) 4074M->4082M(4096M) 17.281ms
[2024-07-06T14:03:02.152-0700][info][gc,cpu         ] GC(127) User=0.06s Sys=0.00s Real=0.02s
[2024-07-06T14:03:02.152-0700][info][gc,ergo        ] Attempting full compaction
[2024-07-06T14:03:02.152-0700][info][gc             ] GC(128) Concurrent Mark Cycle
[2024-07-06T14:03:02.152-0700][info][gc,marking     ] GC(128) Concurrent Clear Claimed Marks
[2024-07-06T14:03:02.152-0700][info][gc,marking     ] GC(128) Concurrent Clear Claimed Marks 0.037ms
[2024-07-06T14:03:02.152-0700][info][gc,marking     ] GC(128) Concurrent Scan Root Regions
[2024-07-06T14:03:02.152-0700][info][gc,task        ] GC(129) Using 4 workers of 4 for full compaction
[2024-07-06T14:03:02.153-0700][info][gc,marking     ] GC(128) Concurrent Scan Root Regions 0.657ms
[2024-07-06T14:03:02.153-0700][info][gc,marking     ] GC(128) Concurrent Mark
[2024-07-06T14:03:02.153-0700][info][gc,marking     ] GC(128) Concurrent Mark From Roots
[2024-07-06T14:03:02.153-0700][info][gc,task        ] GC(128) Using 1 workers of 1 for marking
[2024-07-06T14:03:02.153-0700][info][gc,start       ] GC(129) Pause Full (G1 Compaction Pause)
[2024-07-06T14:03:02.157-0700][info][gc,phases,start] GC(129) Phase 1: Mark live objects
[2024-07-06T14:03:02.287-0700][info][gc,phases      ] GC(129) Phase 1: Mark live objects 130.152ms
[2024-07-06T14:03:02.287-0700][info][gc,phases,start] GC(129) Phase 2: Prepare for compaction
[2024-07-06T14:03:02.289-0700][info][gc,phases      ] GC(129) Phase 2: Prepare for compaction 1.834ms
[2024-07-06T14:03:02.289-0700][info][gc,phases,start] GC(129) Phase 3: Adjust pointers
[2024-07-06T14:03:02.370-0700][info][gc,phases      ] GC(129) Phase 3: Adjust pointers 80.890ms
[2024-07-06T14:03:02.370-0700][info][gc,phases,start] GC(129) Phase 4: Compact heap
[2024-07-06T14:03:02.374-0700][info][gc,phases      ] GC(129) Phase 4: Compact heap 4.388ms
[2024-07-06T14:03:02.379-0700][info][gc,heap        ] GC(129) Eden regions: 0->0(51)
[2024-07-06T14:03:02.379-0700][info][gc,heap        ] GC(129) Survivor regions: 2->0(2)
[2024-07-06T14:03:02.379-0700][info][gc,heap        ] GC(129) Old regions: 1016->1015
[2024-07-06T14:03:02.379-0700][info][gc,heap        ] GC(129) Archive regions: 2->2
[2024-07-06T14:03:02.379-0700][info][gc,heap        ] GC(129) Humongous regions: 4->4
[2024-07-06T14:03:02.379-0700][info][gc,metaspace   ] GC(129) Metaspace: 305K(512K)->305K(512K) NonClass: 297K(384K)->297K(384K) Class: 7K(128K)->7K(128K)
[2024-07-06T14:03:02.379-0700][info][gc             ] GC(129) Pause Full (G1 Compaction Pause) 4082M->4073M(4096M) 226.449ms
[2024-07-06T14:03:02.379-0700][info][gc,cpu         ] GC(129) User=0.89s Sys=0.00s Real=0.23s
[2024-07-06T14:03:02.379-0700][info][gc,marking     ] GC(128) Concurrent Mark From Roots 226.663ms
[2024-07-06T14:03:02.379-0700][info][gc,marking     ] GC(128) Concurrent Mark Abort
[2024-07-06T14:03:02.379-0700][info][gc             ] GC(128) Concurrent Mark Cycle 227.456ms
[2024-07-06T14:03:02.380-0700][info][gc,start       ] GC(130) Pause Young (Normal) (G1 Preventive Collection)
[2024-07-06T14:03:02.380-0700][info][gc,task        ] GC(130) Using 4 workers of 4 for evacuation
[2024-07-06T14:03:02.382-0700][info][gc,phases      ] GC(130)   Pre Evacuate Collection Set: 0.2ms
[2024-07-06T14:03:02.382-0700][info][gc,phases      ] GC(130)   Merge Heap Roots: 0.1ms
[2024-07-06T14:03:02.382-0700][info][gc,phases      ] GC(130)   Evacuate Collection Set: 0.8ms
[2024-07-06T14:03:02.382-0700][info][gc,phases      ] GC(130)   Post Evacuate Collection Set: 0.4ms
[2024-07-06T14:03:02.382-0700][info][gc,phases      ] GC(130)   Other: 0.1ms
[2024-07-06T14:03:02.382-0700][info][gc,heap        ] GC(130) Eden regions: 1->0(49)
[2024-07-06T14:03:02.382-0700][info][gc,heap        ] GC(130) Survivor regions: 0->2(2)
[2024-07-06T14:03:02.382-0700][info][gc,heap        ] GC(130) Old regions: 1015->1015
[2024-07-06T14:03:02.382-0700][info][gc,heap        ] GC(130) Archive regions: 2->2
[2024-07-06T14:03:02.382-0700][info][gc,heap        ] GC(130) Humongous regions: 4->4
[2024-07-06T14:03:02.382-0700][info][gc,metaspace   ] GC(130) Metaspace: 305K(512K)->305K(512K) NonClass: 297K(384K)->297K(384K) Class: 7K(128K)->7K(128K)
[2024-07-06T14:03:02.382-0700][info][gc             ] GC(130) Pause Young (Normal) (G1 Preventive Collection) 4077M->4077M(4096M) 1.615ms
[2024-07-06T14:03:02.382-0700][info][gc,cpu         ] GC(130) User=0.01s Sys=0.00s Real=0.00s
[2024-07-06T14:03:04.776-0700][info][gc,start       ] GC(131) Pause Young (Concurrent Start) (G1 Evacuation Pause)
[2024-07-06T14:03:04.776-0700][info][gc,task        ] GC(131) Using 4 workers of 4 for evacuation
[2024-07-06T14:03:04.784-0700][info][gc             ] GC(131) To-space exhausted
[2024-07-06T14:03:04.784-0700][info][gc,phases      ] GC(131)   Pre Evacuate Collection Set: 0.2ms
[2024-07-06T14:03:04.784-0700][info][gc,phases      ] GC(131)   Merge Heap Roots: 0.1ms
[2024-07-06T14:03:04.784-0700][info][gc,phases      ] GC(131)   Evacuate Collection Set: 7.3ms
[2024-07-06T14:03:04.784-0700][info][gc,phases      ] GC(131)   Post Evacuate Collection Set: 0.5ms
[2024-07-06T14:03:04.784-0700][info][gc,phases      ] GC(131)   Other: 0.2ms
[2024-07-06T14:03:04.784-0700][info][gc,heap        ] GC(131) Eden regions: 1->0(51)
[2024-07-06T14:03:04.784-0700][info][gc,heap        ] GC(131) Survivor regions: 2->0(0)
[2024-07-06T14:03:04.784-0700][info][gc,heap        ] GC(131) Old regions: 1015->1018
[2024-07-06T14:03:04.784-0700][info][gc,heap        ] GC(131) Archive regions: 2->2
[2024-07-06T14:03:04.784-0700][info][gc,heap        ] GC(131) Humongous regions: 4->4
[2024-07-06T14:03:04.784-0700][info][gc,metaspace   ] GC(131) Metaspace: 305K(512K)->305K(512K) NonClass: 297K(384K)->297K(384K) Class: 7K(128K)->7K(128K)
[2024-07-06T14:03:04.784-0700][info][gc             ] GC(131) Pause Young (Concurrent Start) (G1 Evacuation Pause) 4081M->4081M(4096M) 8.403ms
[2024-07-06T14:03:04.784-0700][info][gc,cpu         ] GC(131) User=0.02s Sys=0.00s Real=0.01s
[2024-07-06T14:03:04.784-0700][info][gc,ergo        ] Attempting full compaction
[2024-07-06T14:03:04.784-0700][info][gc             ] GC(132) Concurrent Mark Cycle
[2024-07-06T14:03:04.784-0700][info][gc,marking     ] GC(132) Concurrent Clear Claimed Marks
[2024-07-06T14:03:04.784-0700][info][gc,marking     ] GC(132) Concurrent Clear Claimed Marks 0.032ms
[2024-07-06T14:03:04.784-0700][info][gc,marking     ] GC(132) Concurrent Scan Root Regions
[2024-07-06T14:03:04.784-0700][info][gc,marking     ] GC(132) Concurrent Scan Root Regions 0.029ms
[2024-07-06T14:03:04.784-0700][info][gc,marking     ] GC(132) Concurrent Mark
[2024-07-06T14:03:04.784-0700][info][gc,marking     ] GC(132) Concurrent Mark From Roots
[2024-07-06T14:03:04.784-0700][info][gc,task        ] GC(132) Using 1 workers of 1 for marking
[2024-07-06T14:03:04.784-0700][info][gc,task        ] GC(133) Using 4 workers of 4 for full compaction
[2024-07-06T14:03:04.784-0700][info][gc,start       ] GC(133) Pause Full (G1 Compaction Pause)
[2024-07-06T14:03:04.789-0700][info][gc,phases,start] GC(133) Phase 1: Mark live objects
[2024-07-06T14:03:04.933-0700][info][gc,phases      ] GC(133) Phase 1: Mark live objects 144.789ms
[2024-07-06T14:03:04.933-0700][info][gc,phases,start] GC(133) Phase 2: Prepare for compaction
[2024-07-06T14:03:04.935-0700][info][gc,phases      ] GC(133) Phase 2: Prepare for compaction 1.733ms
[2024-07-06T14:03:04.935-0700][info][gc,phases,start] GC(133) Phase 3: Adjust pointers
[2024-07-06T14:03:05.020-0700][info][gc,phases      ] GC(133) Phase 3: Adjust pointers 84.998ms
[2024-07-06T14:03:05.020-0700][info][gc,phases,start] GC(133) Phase 4: Compact heap
[2024-07-06T14:03:05.026-0700][info][gc,phases      ] GC(133) Phase 4: Compact heap 5.741ms
[2024-07-06T14:03:05.032-0700][info][gc,heap        ] GC(133) Eden regions: 0->0(51)
[2024-07-06T14:03:05.032-0700][info][gc,heap        ] GC(133) Survivor regions: 0->0(0)
[2024-07-06T14:03:05.032-0700][info][gc,heap        ] GC(133) Old regions: 1018->1017
[2024-07-06T14:03:05.032-0700][info][gc,heap        ] GC(133) Archive regions: 2->2
[2024-07-06T14:03:05.032-0700][info][gc,heap        ] GC(133) Humongous regions: 4->4
[2024-07-06T14:03:05.032-0700][info][gc,metaspace   ] GC(133) Metaspace: 305K(512K)->305K(512K) NonClass: 297K(384K)->297K(384K) Class: 7K(128K)->7K(128K)
[2024-07-06T14:03:05.032-0700][info][gc             ] GC(133) Pause Full (G1 Compaction Pause) 4081M->4079M(4096M) 247.395ms
[2024-07-06T14:03:05.032-0700][info][gc,cpu         ] GC(133) User=0.97s Sys=0.00s Real=0.24s
[2024-07-06T14:03:05.032-0700][info][gc,marking     ] GC(132) Concurrent Mark From Roots 247.810ms
[2024-07-06T14:03:05.032-0700][info][gc,marking     ] GC(132) Concurrent Mark Abort
[2024-07-06T14:03:05.032-0700][info][gc             ] GC(132) Concurrent Mark Cycle 248.036ms
[2024-07-06T14:03:05.033-0700][info][gc,start       ] GC(134) Pause Young (Normal) (G1 Evacuation Pause)
[2024-07-06T14:03:05.033-0700][info][gc,task        ] GC(134) Using 4 workers of 4 for evacuation
[2024-07-06T14:03:05.035-0700][info][gc             ] GC(134) To-space exhausted
[2024-07-06T14:03:05.035-0700][info][gc,phases      ] GC(134)   Pre Evacuate Collection Set: 0.2ms
[2024-07-06T14:03:05.035-0700][info][gc,phases      ] GC(134)   Merge Heap Roots: 0.1ms
[2024-07-06T14:03:05.035-0700][info][gc,phases      ] GC(134)   Evacuate Collection Set: 0.7ms
[2024-07-06T14:03:05.035-0700][info][gc,phases      ] GC(134)   Post Evacuate Collection Set: 0.4ms
[2024-07-06T14:03:05.035-0700][info][gc,phases      ] GC(134)   Other: 0.1ms
[2024-07-06T14:03:05.035-0700][info][gc,heap        ] GC(134) Eden regions: 1->0(51)
[2024-07-06T14:03:05.035-0700][info][gc,heap        ] GC(134) Survivor regions: 0->0(0)
[2024-07-06T14:03:05.035-0700][info][gc,heap        ] GC(134) Old regions: 1017->1018
[2024-07-06T14:03:05.035-0700][info][gc,heap        ] GC(134) Archive regions: 2->2
[2024-07-06T14:03:05.035-0700][info][gc,heap        ] GC(134) Humongous regions: 4->4
[2024-07-06T14:03:05.035-0700][info][gc,metaspace   ] GC(134) Metaspace: 305K(512K)->305K(512K) NonClass: 297K(384K)->297K(384K) Class: 7K(128K)->7K(128K)
[2024-07-06T14:03:05.035-0700][info][gc             ] GC(134) Pause Young (Normal) (G1 Evacuation Pause) 4083M->4083M(4096M) 1.476ms
[2024-07-06T14:03:05.035-0700][info][gc,cpu         ] GC(134) User=0.01s Sys=0.00s Real=0.00s
[2024-07-06T14:03:05.035-0700][info][gc,ergo        ] Attempting full compaction
[2024-07-06T14:03:05.035-0700][info][gc,task        ] GC(135) Using 4 workers of 4 for full compaction
[2024-07-06T14:03:05.035-0700][info][gc,start       ] GC(135) Pause Full (G1 Compaction Pause)
[2024-07-06T14:03:05.035-0700][info][gc,phases,start] GC(135) Phase 1: Mark live objects
[2024-07-06T14:03:05.163-0700][info][gc,phases      ] GC(135) Phase 1: Mark live objects 128.312ms
[2024-07-06T14:03:05.163-0700][info][gc,phases,start] GC(135) Phase 2: Prepare for compaction
[2024-07-06T14:03:05.164-0700][info][gc,phases      ] GC(135) Phase 2: Prepare for compaction 1.156ms
[2024-07-06T14:03:05.164-0700][info][gc,phases,start] GC(135) Phase 3: Adjust pointers
[2024-07-06T14:03:05.240-0700][info][gc,phases      ] GC(135) Phase 3: Adjust pointers 75.617ms
[2024-07-06T14:03:05.240-0700][info][gc,phases,start] GC(135) Phase 4: Compact heap
[2024-07-06T14:03:05.241-0700][info][gc,phases      ] GC(135) Phase 4: Compact heap 0.740ms
[2024-07-06T14:03:05.244-0700][info][gc,heap        ] GC(135) Eden regions: 0->0(51)
[2024-07-06T14:03:05.244-0700][info][gc,heap        ] GC(135) Survivor regions: 0->0(0)
[2024-07-06T14:03:05.244-0700][info][gc,heap        ] GC(135) Old regions: 1018->1017
[2024-07-06T14:03:05.244-0700][info][gc,heap        ] GC(135) Archive regions: 2->2
[2024-07-06T14:03:05.244-0700][info][gc,heap        ] GC(135) Humongous regions: 4->4
[2024-07-06T14:03:05.244-0700][info][gc,metaspace   ] GC(135) Metaspace: 305K(512K)->305K(512K) NonClass: 297K(384K)->297K(384K) Class: 7K(128K)->7K(128K)
[2024-07-06T14:03:05.244-0700][info][gc             ] GC(135) Pause Full (G1 Compaction Pause) 4083M->4083M(4096M) 209.248ms
[2024-07-06T14:03:05.244-0700][info][gc,cpu         ] GC(135) User=0.82s Sys=0.00s Real=0.22s
[2024-07-06T14:03:07.397-0700][info][gc,start       ] GC(136) Pause Young (Concurrent Start) (G1 Evacuation Pause)
[2024-07-06T14:03:07.398-0700][info][gc,task        ] GC(136) Using 4 workers of 4 for evacuation
[2024-07-06T14:03:07.403-0700][info][gc             ] GC(136) To-space exhausted
[2024-07-06T14:03:07.403-0700][info][gc,phases      ] GC(136)   Pre Evacuate Collection Set: 0.2ms
[2024-07-06T14:03:07.403-0700][info][gc,phases      ] GC(136)   Merge Heap Roots: 0.2ms
[2024-07-06T14:03:07.403-0700][info][gc,phases      ] GC(136)   Evacuate Collection Set: 4.8ms
[2024-07-06T14:03:07.403-0700][info][gc,phases      ] GC(136)   Post Evacuate Collection Set: 0.5ms
[2024-07-06T14:03:07.403-0700][info][gc,phases      ] GC(136)   Other: 0.2ms
[2024-07-06T14:03:07.403-0700][info][gc,heap        ] GC(136) Eden regions: 1->0(51)
[2024-07-06T14:03:07.403-0700][info][gc,heap        ] GC(136) Survivor regions: 0->0(0)
[2024-07-06T14:03:07.403-0700][info][gc,heap        ] GC(136) Old regions: 1017->1018
[2024-07-06T14:03:07.403-0700][info][gc,heap        ] GC(136) Archive regions: 2->2
[2024-07-06T14:03:07.403-0700][info][gc,heap        ] GC(136) Humongous regions: 4->4
[2024-07-06T14:03:07.403-0700][info][gc,metaspace   ] GC(136) Metaspace: 305K(512K)->305K(512K) NonClass: 297K(384K)->297K(384K) Class: 7K(128K)->7K(128K)
[2024-07-06T14:03:07.403-0700][info][gc             ] GC(136) Pause Young (Concurrent Start) (G1 Evacuation Pause) 4087M->4087M(4096M) 5.943ms
[2024-07-06T14:03:07.403-0700][info][gc,cpu         ] GC(136) User=0.02s Sys=0.00s Real=0.01s
[2024-07-06T14:03:07.403-0700][info][gc,ergo        ] Attempting full compaction
[2024-07-06T14:03:07.403-0700][info][gc             ] GC(137) Concurrent Mark Cycle
[2024-07-06T14:03:07.404-0700][info][gc,marking     ] GC(137) Concurrent Clear Claimed Marks
[2024-07-06T14:03:07.404-0700][info][gc,marking     ] GC(137) Concurrent Clear Claimed Marks 0.031ms
[2024-07-06T14:03:07.404-0700][info][gc,marking     ] GC(137) Concurrent Scan Root Regions
[2024-07-06T14:03:07.404-0700][info][gc,marking     ] GC(137) Concurrent Scan Root Regions 0.013ms
[2024-07-06T14:03:07.404-0700][info][gc,marking     ] GC(137) Concurrent Mark
[2024-07-06T14:03:07.404-0700][info][gc,marking     ] GC(137) Concurrent Mark From Roots
[2024-07-06T14:03:07.404-0700][info][gc,task        ] GC(137) Using 1 workers of 1 for marking
[2024-07-06T14:03:07.403-0700][info][gc,task        ] GC(138) Using 4 workers of 4 for full compaction
[2024-07-06T14:03:07.404-0700][info][gc,start       ] GC(138) Pause Full (G1 Compaction Pause)
[2024-07-06T14:03:07.407-0700][info][gc,phases,start] GC(138) Phase 1: Mark live objects
[2024-07-06T14:03:07.504-0700][info][gc,phases      ] GC(138) Phase 1: Mark live objects 97.768ms
[2024-07-06T14:03:07.504-0700][info][gc,phases,start] GC(138) Phase 2: Prepare for compaction
[2024-07-06T14:03:07.506-0700][info][gc,phases      ] GC(138) Phase 2: Prepare for compaction 1.332ms
[2024-07-06T14:03:07.506-0700][info][gc,phases,start] GC(138) Phase 3: Adjust pointers
[2024-07-06T14:03:07.583-0700][info][gc,phases      ] GC(138) Phase 3: Adjust pointers 77.441ms
[2024-07-06T14:03:07.583-0700][info][gc,phases,start] GC(138) Phase 4: Compact heap
[2024-07-06T14:03:07.585-0700][info][gc,phases      ] GC(138) Phase 4: Compact heap 1.341ms
[2024-07-06T14:03:07.588-0700][info][gc,heap        ] GC(138) Eden regions: 0->0(51)
[2024-07-06T14:03:07.588-0700][info][gc,heap        ] GC(138) Survivor regions: 0->0(0)
[2024-07-06T14:03:07.588-0700][info][gc,heap        ] GC(138) Old regions: 1018->1018
[2024-07-06T14:03:07.588-0700][info][gc,heap        ] GC(138) Archive regions: 2->2
[2024-07-06T14:03:07.588-0700][info][gc,heap        ] GC(138) Humongous regions: 4->4
[2024-07-06T14:03:07.588-0700][info][gc,metaspace   ] GC(138) Metaspace: 305K(512K)->305K(512K) NonClass: 297K(384K)->297K(384K) Class: 7K(128K)->7K(128K)
[2024-07-06T14:03:07.588-0700][info][gc             ] GC(138) Pause Full (G1 Compaction Pause) 4087M->4087M(4096M) 184.618ms
[2024-07-06T14:03:07.588-0700][info][gc,cpu         ] GC(138) User=0.72s Sys=0.00s Real=0.18s
[2024-07-06T14:03:07.588-0700][info][gc,ergo        ] Attempting maximum full compaction clearing soft references
[2024-07-06T14:03:07.588-0700][info][gc,task        ] GC(139) Using 4 workers of 4 for full compaction
[2024-07-06T14:03:07.588-0700][info][gc,start       ] GC(139) Pause Full (G1 Compaction Pause)
[2024-07-06T14:03:07.589-0700][info][gc,phases,start] GC(139) Phase 1: Mark live objects
[2024-07-06T14:03:07.691-0700][info][gc,phases      ] GC(139) Phase 1: Mark live objects 102.531ms
[2024-07-06T14:03:07.691-0700][info][gc,phases,start] GC(139) Phase 2: Prepare for compaction
[2024-07-06T14:03:07.775-0700][info][gc,phases      ] GC(139) Phase 2: Prepare for compaction 84.051ms
[2024-07-06T14:03:07.775-0700][info][gc,phases,start] GC(139) Phase 3: Adjust pointers
[2024-07-06T14:03:07.880-0700][info][gc,phases      ] GC(139) Phase 3: Adjust pointers 104.390ms
[2024-07-06T14:03:07.880-0700][info][gc,phases,start] GC(139) Phase 4: Compact heap
[2024-07-06T14:03:08.408-0700][info][gc,phases      ] GC(139) Phase 4: Compact heap 528.392ms
[2024-07-06T14:03:08.412-0700][info][gc,heap        ] GC(139) Eden regions: 0->0(51)
[2024-07-06T14:03:08.412-0700][info][gc,heap        ] GC(139) Survivor regions: 0->0(0)
[2024-07-06T14:03:08.412-0700][info][gc,heap        ] GC(139) Old regions: 1018->995
[2024-07-06T14:03:08.412-0700][info][gc,heap        ] GC(139) Archive regions: 2->2
[2024-07-06T14:03:08.412-0700][info][gc,heap        ] GC(139) Humongous regions: 4->4
[2024-07-06T14:03:08.412-0700][info][gc,metaspace   ] GC(139) Metaspace: 305K(512K)->305K(512K) NonClass: 297K(384K)->297K(384K) Class: 7K(128K)->7K(128K)
[2024-07-06T14:03:08.412-0700][info][gc             ] GC(139) Pause Full (G1 Compaction Pause) 4087M->3988M(4096M) 823.118ms
[2024-07-06T14:03:08.412-0700][info][gc,cpu         ] GC(139) User=3.19s Sys=0.01s Real=0.82s
[2024-07-06T14:03:08.412-0700][info][gc,marking     ] GC(137) Concurrent Mark From Roots 1008.147ms
[2024-07-06T14:03:08.412-0700][info][gc,marking     ] GC(137) Concurrent Mark Abort
[2024-07-06T14:03:08.412-0700][info][gc             ] GC(137) Concurrent Mark Cycle 1008.309ms
[2024-07-06T14:03:21.219-0700][info][gc,start       ] GC(140) Pause Young (Normal) (G1 Preventive Collection)
[2024-07-06T14:03:21.219-0700][info][gc,task        ] GC(140) Using 4 workers of 4 for evacuation
[2024-07-06T14:03:21.235-0700][info][gc             ] GC(140) To-space exhausted
[2024-07-06T14:03:21.235-0700][info][gc,phases      ] GC(140)   Pre Evacuate Collection Set: 0.2ms
[2024-07-06T14:03:21.235-0700][info][gc,phases      ] GC(140)   Merge Heap Roots: 0.1ms
[2024-07-06T14:03:21.235-0700][info][gc,phases      ] GC(140)   Evacuate Collection Set: 13.8ms
[2024-07-06T14:03:21.235-0700][info][gc,phases      ] GC(140)   Post Evacuate Collection Set: 1.3ms
[2024-07-06T14:03:21.235-0700][info][gc,phases      ] GC(140)   Other: 0.3ms
[2024-07-06T14:03:21.235-0700][info][gc,heap        ] GC(140) Eden regions: 15->0(44)
[2024-07-06T14:03:21.235-0700][info][gc,heap        ] GC(140) Survivor regions: 0->7(7)
[2024-07-06T14:03:21.235-0700][info][gc,heap        ] GC(140) Old regions: 995->1008
[2024-07-06T14:03:21.235-0700][info][gc,heap        ] GC(140) Archive regions: 2->2
[2024-07-06T14:03:21.235-0700][info][gc,heap        ] GC(140) Humongous regions: 4->4
[2024-07-06T14:03:21.235-0700][info][gc,metaspace   ] GC(140) Metaspace: 305K(512K)->305K(512K) NonClass: 297K(384K)->297K(384K) Class: 7K(128K)->7K(128K)
[2024-07-06T14:03:21.235-0700][info][gc             ] GC(140) Pause Young (Normal) (G1 Preventive Collection) 4048M->4068M(4096M) 15.788ms
[2024-07-06T14:03:21.235-0700][info][gc,cpu         ] GC(140) User=0.04s Sys=0.01s Real=0.01s
[2024-07-06T14:03:21.235-0700][info][gc,start       ] GC(141) Pause Young (Concurrent Start) (G1 Preventive Collection)
[2024-07-06T14:03:21.235-0700][info][gc,task        ] GC(141) Using 4 workers of 4 for evacuation
[2024-07-06T14:03:21.242-0700][info][gc             ] GC(141) To-space exhausted
[2024-07-06T14:03:21.242-0700][info][gc,phases      ] GC(141)   Pre Evacuate Collection Set: 0.2ms
[2024-07-06T14:03:21.242-0700][info][gc,phases      ] GC(141)   Merge Heap Roots: 0.1ms
[2024-07-06T14:03:21.242-0700][info][gc,phases      ] GC(141)   Evacuate Collection Set: 5.2ms
[2024-07-06T14:03:21.242-0700][info][gc,phases      ] GC(141)   Post Evacuate Collection Set: 1.1ms
[2024-07-06T14:03:21.242-0700][info][gc,phases      ] GC(141)   Other: 0.1ms
[2024-07-06T14:03:21.242-0700][info][gc,heap        ] GC(141) Eden regions: 1->0(51)
[2024-07-06T14:03:21.242-0700][info][gc,heap        ] GC(141) Survivor regions: 7->0(2)
[2024-07-06T14:03:21.242-0700][info][gc,heap        ] GC(141) Old regions: 1008->1018
[2024-07-06T14:03:21.242-0700][info][gc,heap        ] GC(141) Archive regions: 2->2
[2024-07-06T14:03:21.242-0700][info][gc,heap        ] GC(141) Humongous regions: 4->4
[2024-07-06T14:03:21.242-0700][info][gc,metaspace   ] GC(141) Metaspace: 305K(512K)->305K(512K) NonClass: 297K(384K)->297K(384K) Class: 7K(128K)->7K(128K)
[2024-07-06T14:03:21.242-0700][info][gc             ] GC(141) Pause Young (Concurrent Start) (G1 Preventive Collection) 4072M->4080M(4096M) 6.697ms
[2024-07-06T14:03:21.242-0700][info][gc,cpu         ] GC(141) User=0.03s Sys=0.00s Real=0.00s
[2024-07-06T14:03:21.242-0700][info][gc,ergo        ] Attempting full compaction
[2024-07-06T14:03:21.242-0700][info][gc             ] GC(142) Concurrent Mark Cycle
[2024-07-06T14:03:21.242-0700][info][gc,marking     ] GC(142) Concurrent Clear Claimed Marks
[2024-07-06T14:03:21.242-0700][info][gc,marking     ] GC(142) Concurrent Clear Claimed Marks 0.030ms
[2024-07-06T14:03:21.242-0700][info][gc,marking     ] GC(142) Concurrent Scan Root Regions
[2024-07-06T14:03:21.242-0700][info][gc,task        ] GC(143) Using 4 workers of 4 for full compaction
[2024-07-06T14:03:21.242-0700][info][gc,marking     ] GC(142) Concurrent Scan Root Regions 0.414ms
[2024-07-06T14:03:21.243-0700][info][gc,marking     ] GC(142) Concurrent Mark
[2024-07-06T14:03:21.243-0700][info][gc,start       ] GC(143) Pause Full (G1 Compaction Pause)
[2024-07-06T14:03:21.243-0700][info][gc,marking     ] GC(142) Concurrent Mark From Roots
[2024-07-06T14:03:21.243-0700][info][gc,task        ] GC(142) Using 1 workers of 1 for marking
[2024-07-06T14:03:21.246-0700][info][gc,phases,start] GC(143) Phase 1: Mark live objects
[2024-07-06T14:03:21.344-0700][info][gc,phases      ] GC(143) Phase 1: Mark live objects 98.587ms
[2024-07-06T14:03:21.344-0700][info][gc,phases,start] GC(143) Phase 2: Prepare for compaction
[2024-07-06T14:03:21.346-0700][info][gc,phases      ] GC(143) Phase 2: Prepare for compaction 1.488ms
[2024-07-06T14:03:21.346-0700][info][gc,phases,start] GC(143) Phase 3: Adjust pointers
[2024-07-06T14:03:21.410-0700][info][gc,phases      ] GC(143) Phase 3: Adjust pointers 64.278ms
[2024-07-06T14:03:21.410-0700][info][gc,phases,start] GC(143) Phase 4: Compact heap
[2024-07-06T14:03:21.414-0700][info][gc,phases      ] GC(143) Phase 4: Compact heap 3.684ms
[2024-07-06T14:03:21.417-0700][info][gc,heap        ] GC(143) Eden regions: 0->0(51)
[2024-07-06T14:03:21.417-0700][info][gc,heap        ] GC(143) Survivor regions: 0->0(2)
[2024-07-06T14:03:21.417-0700][info][gc,heap        ] GC(143) Old regions: 1018->1010
[2024-07-06T14:03:21.417-0700][info][gc,heap        ] GC(143) Archive regions: 2->2
[2024-07-06T14:03:21.417-0700][info][gc,heap        ] GC(143) Humongous regions: 4->4
[2024-07-06T14:03:21.417-0700][info][gc,metaspace   ] GC(143) Metaspace: 305K(512K)->305K(512K) NonClass: 297K(384K)->297K(384K) Class: 7K(128K)->7K(128K)
[2024-07-06T14:03:21.417-0700][info][gc             ] GC(143) Pause Full (G1 Compaction Pause) 4080M->4052M(4096M) 174.550ms
[2024-07-06T14:03:21.417-0700][info][gc,cpu         ] GC(143) User=0.69s Sys=0.00s Real=0.18s
[2024-07-06T14:03:21.417-0700][info][gc,marking     ] GC(142) Concurrent Mark From Roots 174.735ms
[2024-07-06T14:03:21.417-0700][info][gc,marking     ] GC(142) Concurrent Mark Abort
[2024-07-06T14:03:21.417-0700][info][gc             ] GC(142) Concurrent Mark Cycle 175.365ms
[2024-07-06T14:03:25.501-0700][info][gc,start       ] GC(144) Pause Young (Normal) (G1 Preventive Collection)
[2024-07-06T14:03:25.501-0700][info][gc,task        ] GC(144) Using 4 workers of 4 for evacuation
[2024-07-06T14:03:25.510-0700][info][gc             ] GC(144) To-space exhausted
[2024-07-06T14:03:25.510-0700][info][gc,phases      ] GC(144)   Pre Evacuate Collection Set: 0.2ms
[2024-07-06T14:03:25.510-0700][info][gc,phases      ] GC(144)   Merge Heap Roots: 0.2ms
[2024-07-06T14:03:25.510-0700][info][gc,phases      ] GC(144)   Evacuate Collection Set: 7.8ms
[2024-07-06T14:03:25.510-0700][info][gc,phases      ] GC(144)   Post Evacuate Collection Set: 0.9ms
[2024-07-06T14:03:25.510-0700][info][gc,phases      ] GC(144)   Other: 0.2ms
[2024-07-06T14:03:25.510-0700][info][gc,heap        ] GC(144) Eden regions: 6->0(49)
[2024-07-06T14:03:25.510-0700][info][gc,heap        ] GC(144) Survivor regions: 0->2(2)
[2024-07-06T14:03:25.510-0700][info][gc,heap        ] GC(144) Old regions: 1010->1015
[2024-07-06T14:03:25.510-0700][info][gc,heap        ] GC(144) Archive regions: 2->2
[2024-07-06T14:03:25.510-0700][info][gc,heap        ] GC(144) Humongous regions: 4->4
[2024-07-06T14:03:25.510-0700][info][gc,metaspace   ] GC(144) Metaspace: 305K(512K)->305K(512K) NonClass: 297K(384K)->297K(384K) Class: 7K(128K)->7K(128K)
[2024-07-06T14:03:25.510-0700][info][gc             ] GC(144) Pause Young (Normal) (G1 Preventive Collection) 4076M->4080M(4096M) 9.233ms
[2024-07-06T14:03:25.510-0700][info][gc,cpu         ] GC(144) User=0.03s Sys=0.00s Real=0.01s
[2024-07-06T14:03:27.709-0700][info][gc,start       ] GC(145) Pause Young (Concurrent Start) (G1 Evacuation Pause)
[2024-07-06T14:03:27.709-0700][info][gc,task        ] GC(145) Using 4 workers of 4 for evacuation
[2024-07-06T14:03:27.716-0700][info][gc             ] GC(145) To-space exhausted
[2024-07-06T14:03:27.716-0700][info][gc,phases      ] GC(145)   Pre Evacuate Collection Set: 0.2ms
[2024-07-06T14:03:27.716-0700][info][gc,phases      ] GC(145)   Merge Heap Roots: 0.2ms
[2024-07-06T14:03:27.716-0700][info][gc,phases      ] GC(145)   Evacuate Collection Set: 5.1ms
[2024-07-06T14:03:27.716-0700][info][gc,phases      ] GC(145)   Post Evacuate Collection Set: 0.8ms
[2024-07-06T14:03:27.716-0700][info][gc,phases      ] GC(145)   Other: 0.2ms
[2024-07-06T14:03:27.716-0700][info][gc,heap        ] GC(145) Eden regions: 1->0(51)
[2024-07-06T14:03:27.716-0700][info][gc,heap        ] GC(145) Survivor regions: 2->0(0)
[2024-07-06T14:03:27.716-0700][info][gc,heap        ] GC(145) Old regions: 1015->1018
[2024-07-06T14:03:27.716-0700][info][gc,heap        ] GC(145) Archive regions: 2->2
[2024-07-06T14:03:27.716-0700][info][gc,heap        ] GC(145) Humongous regions: 4->4
[2024-07-06T14:03:27.716-0700][info][gc,metaspace   ] GC(145) Metaspace: 305K(512K)->305K(512K) NonClass: 297K(384K)->297K(384K) Class: 7K(128K)->7K(128K)
[2024-07-06T14:03:27.716-0700][info][gc             ] GC(145) Pause Young (Concurrent Start) (G1 Evacuation Pause) 4084M->4084M(4096M) 6.509ms
[2024-07-06T14:03:27.716-0700][info][gc,cpu         ] GC(145) User=0.02s Sys=0.01s Real=0.01s
[2024-07-06T14:03:27.716-0700][info][gc,ergo        ] Attempting full compaction
[2024-07-06T14:03:27.716-0700][info][gc             ] GC(147) Concurrent Mark Cycle
[2024-07-06T14:03:27.716-0700][info][gc,marking     ] GC(147) Concurrent Clear Claimed Marks
[2024-07-06T14:03:27.716-0700][info][gc,marking     ] GC(147) Concurrent Clear Claimed Marks 0.032ms
[2024-07-06T14:03:27.716-0700][info][gc,marking     ] GC(147) Concurrent Scan Root Regions
[2024-07-06T14:03:27.716-0700][info][gc,marking     ] GC(147) Concurrent Scan Root Regions 0.030ms
[2024-07-06T14:03:27.716-0700][info][gc,marking     ] GC(147) Concurrent Mark
[2024-07-06T14:03:27.716-0700][info][gc,marking     ] GC(147) Concurrent Mark From Roots
[2024-07-06T14:03:27.716-0700][info][gc,task        ] GC(147) Using 1 workers of 1 for marking
[2024-07-06T14:03:27.716-0700][info][gc,task        ] GC(146) Using 4 workers of 4 for full compaction
[2024-07-06T14:03:27.716-0700][info][gc,start       ] GC(146) Pause Full (G1 Compaction Pause)
[2024-07-06T14:03:27.720-0700][info][gc,phases,start] GC(146) Phase 1: Mark live objects
[2024-07-06T14:03:27.826-0700][info][gc,phases      ] GC(146) Phase 1: Mark live objects 106.307ms
[2024-07-06T14:03:27.826-0700][info][gc,phases,start] GC(146) Phase 2: Prepare for compaction
[2024-07-06T14:03:27.827-0700][info][gc,phases      ] GC(146) Phase 2: Prepare for compaction 1.403ms
[2024-07-06T14:03:27.827-0700][info][gc,phases,start] GC(146) Phase 3: Adjust pointers
[2024-07-06T14:03:27.902-0700][info][gc,phases      ] GC(146) Phase 3: Adjust pointers 74.823ms
[2024-07-06T14:03:27.902-0700][info][gc,phases,start] GC(146) Phase 4: Compact heap
[2024-07-06T14:03:27.905-0700][info][gc,phases      ] GC(146) Phase 4: Compact heap 2.552ms
[2024-07-06T14:03:27.908-0700][info][gc,heap        ] GC(146) Eden regions: 0->0(51)
[2024-07-06T14:03:27.908-0700][info][gc,heap        ] GC(146) Survivor regions: 0->0(0)
[2024-07-06T14:03:27.908-0700][info][gc,heap        ] GC(146) Old regions: 1018->1017
[2024-07-06T14:03:27.908-0700][info][gc,heap        ] GC(146) Archive regions: 2->2
[2024-07-06T14:03:27.908-0700][info][gc,heap        ] GC(146) Humongous regions: 4->4
[2024-07-06T14:03:27.908-0700][info][gc,metaspace   ] GC(146) Metaspace: 305K(512K)->305K(512K) NonClass: 297K(384K)->297K(384K) Class: 7K(128K)->7K(128K)
[2024-07-06T14:03:27.908-0700][info][gc             ] GC(146) Pause Full (G1 Compaction Pause) 4084M->4080M(4096M) 192.059ms
[2024-07-06T14:03:27.908-0700][info][gc,cpu         ] GC(146) User=0.73s Sys=0.00s Real=0.19s
[2024-07-06T14:03:27.908-0700][info][gc,marking     ] GC(147) Concurrent Mark From Roots 192.324ms
[2024-07-06T14:03:27.908-0700][info][gc,marking     ] GC(147) Concurrent Mark Abort
[2024-07-06T14:03:27.908-0700][info][gc             ] GC(147) Concurrent Mark Cycle 192.556ms
[2024-07-06T14:03:27.909-0700][info][gc,start       ] GC(148) Pause Young (Normal) (G1 Evacuation Pause)
[2024-07-06T14:03:27.909-0700][info][gc,task        ] GC(148) Using 4 workers of 4 for evacuation
[2024-07-06T14:03:27.910-0700][info][gc             ] GC(148) To-space exhausted
[2024-07-06T14:03:27.910-0700][info][gc,phases      ] GC(148)   Pre Evacuate Collection Set: 0.2ms
[2024-07-06T14:03:27.910-0700][info][gc,phases      ] GC(148)   Merge Heap Roots: 0.1ms
[2024-07-06T14:03:27.910-0700][info][gc,phases      ] GC(148)   Evacuate Collection Set: 0.7ms
[2024-07-06T14:03:27.910-0700][info][gc,phases      ] GC(148)   Post Evacuate Collection Set: 0.4ms
[2024-07-06T14:03:27.910-0700][info][gc,phases      ] GC(148)   Other: 0.1ms
[2024-07-06T14:03:27.910-0700][info][gc,heap        ] GC(148) Eden regions: 1->0(51)
[2024-07-06T14:03:27.910-0700][info][gc,heap        ] GC(148) Survivor regions: 0->0(0)
[2024-07-06T14:03:27.910-0700][info][gc,heap        ] GC(148) Old regions: 1017->1018
[2024-07-06T14:03:27.910-0700][info][gc,heap        ] GC(148) Archive regions: 2->2
[2024-07-06T14:03:27.910-0700][info][gc,heap        ] GC(148) Humongous regions: 4->4
[2024-07-06T14:03:27.910-0700][info][gc,metaspace   ] GC(148) Metaspace: 305K(512K)->305K(512K) NonClass: 297K(384K)->297K(384K) Class: 7K(128K)->7K(128K)
[2024-07-06T14:03:27.910-0700][info][gc             ] GC(148) Pause Young (Normal) (G1 Evacuation Pause) 4084M->4084M(4096M) 1.517ms
[2024-07-06T14:03:27.910-0700][info][gc,cpu         ] GC(148) User=0.00s Sys=0.00s Real=0.00s
[2024-07-06T14:03:27.910-0700][info][gc,ergo        ] Attempting full compaction
[2024-07-06T14:03:27.910-0700][info][gc,task        ] GC(149) Using 4 workers of 4 for full compaction
[2024-07-06T14:03:27.911-0700][info][gc,start       ] GC(149) Pause Full (G1 Compaction Pause)
[2024-07-06T14:03:27.911-0700][info][gc,phases,start] GC(149) Phase 1: Mark live objects
[2024-07-06T14:03:28.015-0700][info][gc,phases      ] GC(149) Phase 1: Mark live objects 104.735ms
[2024-07-06T14:03:28.015-0700][info][gc,phases,start] GC(149) Phase 2: Prepare for compaction
[2024-07-06T14:03:28.017-0700][info][gc,phases      ] GC(149) Phase 2: Prepare for compaction 1.345ms
[2024-07-06T14:03:28.017-0700][info][gc,phases,start] GC(149) Phase 3: Adjust pointers
[2024-07-06T14:03:28.088-0700][info][gc,phases      ] GC(149) Phase 3: Adjust pointers 71.070ms
[2024-07-06T14:03:28.088-0700][info][gc,phases,start] GC(149) Phase 4: Compact heap
[2024-07-06T14:03:28.089-0700][info][gc,phases      ] GC(149) Phase 4: Compact heap 1.329ms
[2024-07-06T14:03:28.093-0700][info][gc,heap        ] GC(149) Eden regions: 0->0(51)
[2024-07-06T14:03:28.093-0700][info][gc,heap        ] GC(149) Survivor regions: 0->0(0)
[2024-07-06T14:03:28.093-0700][info][gc,heap        ] GC(149) Old regions: 1018->1017
[2024-07-06T14:03:28.093-0700][info][gc,heap        ] GC(149) Archive regions: 2->2
[2024-07-06T14:03:28.093-0700][info][gc,heap        ] GC(149) Humongous regions: 4->4
[2024-07-06T14:03:28.093-0700][info][gc,metaspace   ] GC(149) Metaspace: 305K(512K)->305K(512K) NonClass: 297K(384K)->297K(384K) Class: 7K(128K)->7K(128K)
[2024-07-06T14:03:28.093-0700][info][gc             ] GC(149) Pause Full (G1 Compaction Pause) 4084M->4084M(4096M) 182.400ms
[2024-07-06T14:03:28.093-0700][info][gc,cpu         ] GC(149) User=0.71s Sys=0.00s Real=0.18s
[2024-07-06T14:03:30.245-0700][info][gc,start       ] GC(150) Pause Young (Concurrent Start) (G1 Evacuation Pause)
[2024-07-06T14:03:30.245-0700][info][gc,task        ] GC(150) Using 4 workers of 4 for evacuation
[2024-07-06T14:03:30.251-0700][info][gc             ] GC(150) To-space exhausted
[2024-07-06T14:03:30.251-0700][info][gc,phases      ] GC(150)   Pre Evacuate Collection Set: 0.2ms
[2024-07-06T14:03:30.251-0700][info][gc,phases      ] GC(150)   Merge Heap Roots: 0.1ms
[2024-07-06T14:03:30.251-0700][info][gc,phases      ] GC(150)   Evacuate Collection Set: 4.7ms
[2024-07-06T14:03:30.251-0700][info][gc,phases      ] GC(150)   Post Evacuate Collection Set: 1.2ms
[2024-07-06T14:03:30.251-0700][info][gc,phases      ] GC(150)   Other: 0.2ms
[2024-07-06T14:03:30.251-0700][info][gc,heap        ] GC(150) Eden regions: 1->0(51)
[2024-07-06T14:03:30.251-0700][info][gc,heap        ] GC(150) Survivor regions: 0->0(0)
[2024-07-06T14:03:30.251-0700][info][gc,heap        ] GC(150) Old regions: 1017->1018
[2024-07-06T14:03:30.251-0700][info][gc,heap        ] GC(150) Archive regions: 2->2
[2024-07-06T14:03:30.251-0700][info][gc,heap        ] GC(150) Humongous regions: 4->4
[2024-07-06T14:03:30.251-0700][info][gc,metaspace   ] GC(150) Metaspace: 305K(512K)->305K(512K) NonClass: 297K(384K)->297K(384K) Class: 7K(128K)->7K(128K)
[2024-07-06T14:03:30.251-0700][info][gc             ] GC(150) Pause Young (Concurrent Start) (G1 Evacuation Pause) 4088M->4088M(4096M) 6.497ms
[2024-07-06T14:03:30.251-0700][info][gc,cpu         ] GC(150) User=0.02s Sys=0.00s Real=0.00s
[2024-07-06T14:03:30.251-0700][info][gc,ergo        ] Attempting full compaction
[2024-07-06T14:03:30.251-0700][info][gc             ] GC(151) Concurrent Mark Cycle
[2024-07-06T14:03:30.251-0700][info][gc,marking     ] GC(151) Concurrent Clear Claimed Marks
[2024-07-06T14:03:30.252-0700][info][gc,marking     ] GC(151) Concurrent Clear Claimed Marks 0.045ms
[2024-07-06T14:03:30.252-0700][info][gc,marking     ] GC(151) Concurrent Scan Root Regions
[2024-07-06T14:03:30.252-0700][info][gc,marking     ] GC(151) Concurrent Scan Root Regions 0.009ms
[2024-07-06T14:03:30.252-0700][info][gc,marking     ] GC(151) Concurrent Mark
[2024-07-06T14:03:30.252-0700][info][gc,marking     ] GC(151) Concurrent Mark From Roots
[2024-07-06T14:03:30.252-0700][info][gc,task        ] GC(151) Using 1 workers of 1 for marking
[2024-07-06T14:03:30.251-0700][info][gc,task        ] GC(152) Using 4 workers of 4 for full compaction
[2024-07-06T14:03:30.252-0700][info][gc,start       ] GC(152) Pause Full (G1 Compaction Pause)
[2024-07-06T14:03:30.255-0700][info][gc,phases,start] GC(152) Phase 1: Mark live objects
[2024-07-06T14:03:30.380-0700][info][gc,phases      ] GC(152) Phase 1: Mark live objects 124.682ms
[2024-07-06T14:03:30.380-0700][info][gc,phases,start] GC(152) Phase 2: Prepare for compaction
[2024-07-06T14:03:30.381-0700][info][gc,phases      ] GC(152) Phase 2: Prepare for compaction 0.821ms
[2024-07-06T14:03:30.381-0700][info][gc,phases,start] GC(152) Phase 3: Adjust pointers
[2024-07-06T14:03:30.448-0700][info][gc,phases      ] GC(152) Phase 3: Adjust pointers 67.573ms
[2024-07-06T14:03:30.448-0700][info][gc,phases,start] GC(152) Phase 4: Compact heap
[2024-07-06T14:03:30.449-0700][info][gc,phases      ] GC(152) Phase 4: Compact heap 0.239ms
[2024-07-06T14:03:30.452-0700][info][gc,heap        ] GC(152) Eden regions: 0->0(51)
[2024-07-06T14:03:30.452-0700][info][gc,heap        ] GC(152) Survivor regions: 0->0(0)
[2024-07-06T14:03:30.452-0700][info][gc,heap        ] GC(152) Old regions: 1018->1018
[2024-07-06T14:03:30.452-0700][info][gc,heap        ] GC(152) Archive regions: 2->2
[2024-07-06T14:03:30.452-0700][info][gc,heap        ] GC(152) Humongous regions: 4->4
[2024-07-06T14:03:30.452-0700][info][gc,metaspace   ] GC(152) Metaspace: 305K(512K)->305K(512K) NonClass: 297K(384K)->297K(384K) Class: 7K(128K)->7K(128K)
[2024-07-06T14:03:30.452-0700][info][gc             ] GC(152) Pause Full (G1 Compaction Pause) 4088M->4088M(4096M) 200.485ms
[2024-07-06T14:03:30.452-0700][info][gc,cpu         ] GC(152) User=0.79s Sys=0.00s Real=0.20s
[2024-07-06T14:03:30.452-0700][info][gc,ergo        ] Attempting maximum full compaction clearing soft references
[2024-07-06T14:03:30.452-0700][info][gc,task        ] GC(153) Using 4 workers of 4 for full compaction
[2024-07-06T14:03:30.452-0700][info][gc,start       ] GC(153) Pause Full (G1 Compaction Pause)
[2024-07-06T14:03:30.453-0700][info][gc,phases,start] GC(153) Phase 1: Mark live objects
[2024-07-06T14:03:30.558-0700][info][gc,phases      ] GC(153) Phase 1: Mark live objects 104.944ms
[2024-07-06T14:03:30.558-0700][info][gc,phases,start] GC(153) Phase 2: Prepare for compaction
[2024-07-06T14:03:30.642-0700][info][gc,phases      ] GC(153) Phase 2: Prepare for compaction 84.174ms
[2024-07-06T14:03:30.642-0700][info][gc,phases,start] GC(153) Phase 3: Adjust pointers
[2024-07-06T14:03:30.735-0700][info][gc,phases      ] GC(153) Phase 3: Adjust pointers 93.576ms
[2024-07-06T14:03:30.735-0700][info][gc,phases,start] GC(153) Phase 4: Compact heap
[2024-07-06T14:03:31.275-0700][info][gc,phases      ] GC(153) Phase 4: Compact heap 539.517ms
[2024-07-06T14:03:31.278-0700][info][gc,heap        ] GC(153) Eden regions: 0->0(51)
[2024-07-06T14:03:31.278-0700][info][gc,heap        ] GC(153) Survivor regions: 0->0(0)
[2024-07-06T14:03:31.278-0700][info][gc,heap        ] GC(153) Old regions: 1018->1006
[2024-07-06T14:03:31.278-0700][info][gc,heap        ] GC(153) Archive regions: 2->2
[2024-07-06T14:03:31.278-0700][info][gc,heap        ] GC(153) Humongous regions: 4->4
[2024-07-06T14:03:31.278-0700][info][gc,metaspace   ] GC(153) Metaspace: 305K(512K)->305K(512K) NonClass: 297K(384K)->297K(384K) Class: 7K(128K)->7K(128K)
[2024-07-06T14:03:31.278-0700][info][gc             ] GC(153) Pause Full (G1 Compaction Pause) 4088M->4038M(4096M) 825.753ms
[2024-07-06T14:03:31.278-0700][info][gc,cpu         ] GC(153) User=3.25s Sys=0.00s Real=0.83s
[2024-07-06T14:03:31.278-0700][info][gc,marking     ] GC(151) Concurrent Mark From Roots 1026.680ms
[2024-07-06T14:03:31.278-0700][info][gc,marking     ] GC(151) Concurrent Mark Abort
[2024-07-06T14:03:31.278-0700][info][gc             ] GC(151) Concurrent Mark Cycle 1026.912ms
[2024-07-06T14:03:38.106-0700][info][gc,start       ] GC(154) Pause Young (Normal) (G1 Preventive Collection)
[2024-07-06T14:03:38.106-0700][info][gc,task        ] GC(154) Using 4 workers of 4 for evacuation
[2024-07-06T14:03:38.117-0700][info][gc             ] GC(154) To-space exhausted
[2024-07-06T14:03:38.117-0700][info][gc,phases      ] GC(154)   Pre Evacuate Collection Set: 0.2ms
[2024-07-06T14:03:38.117-0700][info][gc,phases      ] GC(154)   Merge Heap Roots: 0.2ms
[2024-07-06T14:03:38.117-0700][info][gc,phases      ] GC(154)   Evacuate Collection Set: 9.6ms
[2024-07-06T14:03:38.117-0700][info][gc,phases      ] GC(154)   Post Evacuate Collection Set: 1.2ms
[2024-07-06T14:03:38.117-0700][info][gc,phases      ] GC(154)   Other: 0.1ms
[2024-07-06T14:03:38.117-0700][info][gc,heap        ] GC(154) Eden regions: 9->0(48)
[2024-07-06T14:03:38.117-0700][info][gc,heap        ] GC(154) Survivor regions: 0->3(3)
[2024-07-06T14:03:38.117-0700][info][gc,heap        ] GC(154) Old regions: 1006->1015
[2024-07-06T14:03:38.117-0700][info][gc,heap        ] GC(154) Archive regions: 2->2
[2024-07-06T14:03:38.117-0700][info][gc,heap        ] GC(154) Humongous regions: 4->4
[2024-07-06T14:03:38.117-0700][info][gc,metaspace   ] GC(154) Metaspace: 305K(512K)->305K(512K) NonClass: 297K(384K)->297K(384K) Class: 7K(128K)->7K(128K)
[2024-07-06T14:03:38.117-0700][info][gc             ] GC(154) Pause Young (Normal) (G1 Preventive Collection) 4074M->4086M(4096M) 11.414ms
[2024-07-06T14:03:38.117-0700][info][gc,cpu         ] GC(154) User=0.04s Sys=0.00s Real=0.01s
[2024-07-06T14:03:38.117-0700][info][gc,ergo        ] Attempting full compaction
[2024-07-06T14:03:38.117-0700][info][gc,task        ] GC(155) Using 4 workers of 4 for full compaction
[2024-07-06T14:03:38.117-0700][info][gc,start       ] GC(155) Pause Full (G1 Compaction Pause)
[2024-07-06T14:03:38.118-0700][info][gc,phases,start] GC(155) Phase 1: Mark live objects
[2024-07-06T14:03:38.219-0700][info][gc,phases      ] GC(155) Phase 1: Mark live objects 101.934ms
[2024-07-06T14:03:38.219-0700][info][gc,phases,start] GC(155) Phase 2: Prepare for compaction
[2024-07-06T14:03:38.221-0700][info][gc,phases      ] GC(155) Phase 2: Prepare for compaction 1.660ms
[2024-07-06T14:03:38.221-0700][info][gc,phases,start] GC(155) Phase 3: Adjust pointers
[2024-07-06T14:03:38.303-0700][info][gc,phases      ] GC(155) Phase 3: Adjust pointers 81.533ms
[2024-07-06T14:03:38.303-0700][info][gc,phases,start] GC(155) Phase 4: Compact heap
[2024-07-06T14:03:38.306-0700][info][gc,phases      ] GC(155) Phase 4: Compact heap 2.877ms
[2024-07-06T14:03:38.309-0700][info][gc,heap        ] GC(155) Eden regions: 0->0(51)
[2024-07-06T14:03:38.309-0700][info][gc,heap        ] GC(155) Survivor regions: 3->0(3)
[2024-07-06T14:03:38.309-0700][info][gc,heap        ] GC(155) Old regions: 1015->1015
[2024-07-06T14:03:38.309-0700][info][gc,heap        ] GC(155) Archive regions: 2->2
[2024-07-06T14:03:38.309-0700][info][gc,heap        ] GC(155) Humongous regions: 4->4
[2024-07-06T14:03:38.309-0700][info][gc,metaspace   ] GC(155) Metaspace: 305K(512K)->305K(512K) NonClass: 297K(384K)->297K(384K) Class: 7K(128K)->7K(128K)
[2024-07-06T14:03:38.309-0700][info][gc             ] GC(155) Pause Full (G1 Compaction Pause) 4086M->4074M(4096M) 191.575ms
[2024-07-06T14:03:38.309-0700][info][gc,cpu         ] GC(155) User=0.75s Sys=0.00s Real=0.19s
[2024-07-06T14:03:40.595-0700][info][gc,start       ] GC(156) Pause Young (Concurrent Start) (G1 Preventive Collection)
[2024-07-06T14:03:40.595-0700][info][gc,task        ] GC(156) Using 4 workers of 4 for evacuation
[2024-07-06T14:03:40.602-0700][info][gc             ] GC(156) To-space exhausted
[2024-07-06T14:03:40.602-0700][info][gc,phases      ] GC(156)   Pre Evacuate Collection Set: 0.2ms
[2024-07-06T14:03:40.602-0700][info][gc,phases      ] GC(156)   Merge Heap Roots: 0.1ms
[2024-07-06T14:03:40.602-0700][info][gc,phases      ] GC(156)   Evacuate Collection Set: 6.1ms
[2024-07-06T14:03:40.602-0700][info][gc,phases      ] GC(156)   Post Evacuate Collection Set: 0.6ms
[2024-07-06T14:03:40.602-0700][info][gc,phases      ] GC(156)   Other: 0.2ms
[2024-07-06T14:03:40.602-0700][info][gc,heap        ] GC(156) Eden regions: 2->0(50)
[2024-07-06T14:03:40.602-0700][info][gc,heap        ] GC(156) Survivor regions: 0->1(1)
[2024-07-06T14:03:40.602-0700][info][gc,heap        ] GC(156) Old regions: 1015->1017
[2024-07-06T14:03:40.602-0700][info][gc,heap        ] GC(156) Archive regions: 2->2
[2024-07-06T14:03:40.602-0700][info][gc,heap        ] GC(156) Humongous regions: 4->4
[2024-07-06T14:03:40.602-0700][info][gc,metaspace   ] GC(156) Metaspace: 305K(512K)->305K(512K) NonClass: 297K(384K)->297K(384K) Class: 7K(128K)->7K(128K)
[2024-07-06T14:03:40.602-0700][info][gc             ] GC(156) Pause Young (Concurrent Start) (G1 Preventive Collection) 4082M->4086M(4096M) 7.234ms
[2024-07-06T14:03:40.602-0700][info][gc,cpu         ] GC(156) User=0.02s Sys=0.00s Real=0.00s
[2024-07-06T14:03:40.602-0700][info][gc,ergo        ] Attempting full compaction
[2024-07-06T14:03:40.602-0700][info][gc             ] GC(157) Concurrent Mark Cycle
[2024-07-06T14:03:40.602-0700][info][gc,marking     ] GC(157) Concurrent Clear Claimed Marks
[2024-07-06T14:03:40.602-0700][info][gc,marking     ] GC(157) Concurrent Clear Claimed Marks 0.030ms
[2024-07-06T14:03:40.603-0700][info][gc,marking     ] GC(157) Concurrent Scan Root Regions
[2024-07-06T14:03:40.602-0700][info][gc,task        ] GC(158) Using 4 workers of 4 for full compaction
[2024-07-06T14:03:40.603-0700][info][gc,marking     ] GC(157) Concurrent Scan Root Regions 0.205ms
[2024-07-06T14:03:40.603-0700][info][gc,marking     ] GC(157) Concurrent Mark
[2024-07-06T14:03:40.603-0700][info][gc,marking     ] GC(157) Concurrent Mark From Roots
[2024-07-06T14:03:40.603-0700][info][gc,task        ] GC(157) Using 1 workers of 1 for marking
[2024-07-06T14:03:40.603-0700][info][gc,start       ] GC(158) Pause Full (G1 Compaction Pause)
[2024-07-06T14:03:40.606-0700][info][gc,phases,start] GC(158) Phase 1: Mark live objects
[2024-07-06T14:03:40.710-0700][info][gc,phases      ] GC(158) Phase 1: Mark live objects 104.309ms
[2024-07-06T14:03:40.710-0700][info][gc,phases,start] GC(158) Phase 2: Prepare for compaction
[2024-07-06T14:03:40.711-0700][info][gc,phases      ] GC(158) Phase 2: Prepare for compaction 1.146ms
[2024-07-06T14:03:40.711-0700][info][gc,phases,start] GC(158) Phase 3: Adjust pointers
[2024-07-06T14:03:40.777-0700][info][gc,phases      ] GC(158) Phase 3: Adjust pointers 65.642ms
[2024-07-06T14:03:40.777-0700][info][gc,phases,start] GC(158) Phase 4: Compact heap
[2024-07-06T14:03:40.778-0700][info][gc,phases      ] GC(158) Phase 4: Compact heap 1.207ms
[2024-07-06T14:03:40.782-0700][info][gc,heap        ] GC(158) Eden regions: 0->0(51)
[2024-07-06T14:03:40.782-0700][info][gc,heap        ] GC(158) Survivor regions: 1->0(1)
[2024-07-06T14:03:40.782-0700][info][gc,heap        ] GC(158) Old regions: 1017->1017
[2024-07-06T14:03:40.782-0700][info][gc,heap        ] GC(158) Archive regions: 2->2
[2024-07-06T14:03:40.782-0700][info][gc,heap        ] GC(158) Humongous regions: 4->4
[2024-07-06T14:03:40.782-0700][info][gc,metaspace   ] GC(158) Metaspace: 305K(512K)->305K(512K) NonClass: 297K(384K)->297K(384K) Class: 7K(128K)->7K(128K)
[2024-07-06T14:03:40.782-0700][info][gc             ] GC(158) Pause Full (G1 Compaction Pause) 4086M->4082M(4096M) 178.907ms
[2024-07-06T14:03:40.782-0700][info][gc,cpu         ] GC(158) User=0.71s Sys=0.00s Real=0.18s
[2024-07-06T14:03:40.782-0700][info][gc,marking     ] GC(157) Concurrent Mark From Roots 179.065ms
[2024-07-06T14:03:40.782-0700][info][gc,marking     ] GC(157) Concurrent Mark Abort
[2024-07-06T14:03:40.782-0700][info][gc             ] GC(157) Concurrent Mark Cycle 179.411ms
[2024-07-06T14:03:42.905-0700][info][gc,start       ] GC(159) Pause Young (Normal) (G1 Evacuation Pause)
[2024-07-06T14:03:42.905-0700][info][gc,task        ] GC(159) Using 4 workers of 4 for evacuation
[2024-07-06T14:03:42.911-0700][info][gc             ] GC(159) To-space exhausted
[2024-07-06T14:03:42.911-0700][info][gc,phases      ] GC(159)   Pre Evacuate Collection Set: 0.3ms
[2024-07-06T14:03:42.911-0700][info][gc,phases      ] GC(159)   Merge Heap Roots: 0.2ms
[2024-07-06T14:03:42.911-0700][info][gc,phases      ] GC(159)   Evacuate Collection Set: 4.7ms
[2024-07-06T14:03:42.911-0700][info][gc,phases      ] GC(159)   Post Evacuate Collection Set: 0.5ms
[2024-07-06T14:03:42.911-0700][info][gc,phases      ] GC(159)   Other: 0.1ms
[2024-07-06T14:03:42.911-0700][info][gc,heap        ] GC(159) Eden regions: 1->0(51)
[2024-07-06T14:03:42.911-0700][info][gc,heap        ] GC(159) Survivor regions: 0->0(0)
[2024-07-06T14:03:42.911-0700][info][gc,heap        ] GC(159) Old regions: 1017->1018
[2024-07-06T14:03:42.911-0700][info][gc,heap        ] GC(159) Archive regions: 2->2
[2024-07-06T14:03:42.911-0700][info][gc,heap        ] GC(159) Humongous regions: 4->4
[2024-07-06T14:03:42.911-0700][info][gc,metaspace   ] GC(159) Metaspace: 305K(512K)->305K(512K) NonClass: 297K(384K)->297K(384K) Class: 7K(128K)->7K(128K)
[2024-07-06T14:03:42.911-0700][info][gc             ] GC(159) Pause Young (Normal) (G1 Evacuation Pause) 4086M->4086M(4096M) 5.882ms
[2024-07-06T14:03:42.911-0700][info][gc,cpu         ] GC(159) User=0.01s Sys=0.01s Real=0.00s
[2024-07-06T14:03:42.911-0700][info][gc,ergo        ] Attempting full compaction
[2024-07-06T14:03:42.911-0700][info][gc,task        ] GC(160) Using 4 workers of 4 for full compaction
[2024-07-06T14:03:42.911-0700][info][gc,start       ] GC(160) Pause Full (G1 Compaction Pause)
[2024-07-06T14:03:42.911-0700][info][gc,phases,start] GC(160) Phase 1: Mark live objects
[2024-07-06T14:03:43.014-0700][info][gc,phases      ] GC(160) Phase 1: Mark live objects 102.513ms
[2024-07-06T14:03:43.014-0700][info][gc,phases,start] GC(160) Phase 2: Prepare for compaction
[2024-07-06T14:03:43.015-0700][info][gc,phases      ] GC(160) Phase 2: Prepare for compaction 1.553ms
[2024-07-06T14:03:43.015-0700][info][gc,phases,start] GC(160) Phase 3: Adjust pointers
[2024-07-06T14:03:43.083-0700][info][gc,phases      ] GC(160) Phase 3: Adjust pointers 67.623ms
[2024-07-06T14:03:43.083-0700][info][gc,phases,start] GC(160) Phase 4: Compact heap
[2024-07-06T14:03:43.084-0700][info][gc,phases      ] GC(160) Phase 4: Compact heap 1.046ms
[2024-07-06T14:03:43.087-0700][info][gc,heap        ] GC(160) Eden regions: 0->0(51)
[2024-07-06T14:03:43.087-0700][info][gc,heap        ] GC(160) Survivor regions: 0->0(0)
[2024-07-06T14:03:43.087-0700][info][gc,heap        ] GC(160) Old regions: 1018->1017
[2024-07-06T14:03:43.087-0700][info][gc,heap        ] GC(160) Archive regions: 2->2
[2024-07-06T14:03:43.087-0700][info][gc,heap        ] GC(160) Humongous regions: 4->4
[2024-07-06T14:03:43.087-0700][info][gc,metaspace   ] GC(160) Metaspace: 305K(512K)->305K(512K) NonClass: 297K(384K)->297K(384K) Class: 7K(128K)->7K(128K)
[2024-07-06T14:03:43.087-0700][info][gc             ] GC(160) Pause Full (G1 Compaction Pause) 4086M->4086M(4096M) 176.208ms
[2024-07-06T14:03:43.087-0700][info][gc,cpu         ] GC(160) User=0.69s Sys=0.00s Real=0.18s
[2024-07-06T14:03:43.088-0700][info][gc,start       ] GC(161) Pause Young (Concurrent Start) (G1 Evacuation Pause)
[2024-07-06T14:03:43.088-0700][info][gc,task        ] GC(161) Using 4 workers of 4 for evacuation
[2024-07-06T14:03:43.089-0700][info][gc             ] GC(161) To-space exhausted
[2024-07-06T14:03:43.089-0700][info][gc,phases      ] GC(161)   Pre Evacuate Collection Set: 0.2ms
[2024-07-06T14:03:43.089-0700][info][gc,phases      ] GC(161)   Merge Heap Roots: 0.1ms
[2024-07-06T14:03:43.089-0700][info][gc,phases      ] GC(161)   Evacuate Collection Set: 0.6ms
[2024-07-06T14:03:43.089-0700][info][gc,phases      ] GC(161)   Post Evacuate Collection Set: 0.4ms
[2024-07-06T14:03:43.089-0700][info][gc,phases      ] GC(161)   Other: 0.1ms
[2024-07-06T14:03:43.089-0700][info][gc,heap        ] GC(161) Eden regions: 1->0(51)
[2024-07-06T14:03:43.089-0700][info][gc,heap        ] GC(161) Survivor regions: 0->0(0)
[2024-07-06T14:03:43.089-0700][info][gc,heap        ] GC(161) Old regions: 1017->1018
[2024-07-06T14:03:43.089-0700][info][gc,heap        ] GC(161) Archive regions: 2->2
[2024-07-06T14:03:43.089-0700][info][gc,heap        ] GC(161) Humongous regions: 4->4
[2024-07-06T14:03:43.089-0700][info][gc,metaspace   ] GC(161) Metaspace: 305K(512K)->305K(512K) NonClass: 297K(384K)->297K(384K) Class: 7K(128K)->7K(128K)
[2024-07-06T14:03:43.089-0700][info][gc             ] GC(161) Pause Young (Concurrent Start) (G1 Evacuation Pause) 4090M->4090M(4096M) 1.402ms
[2024-07-06T14:03:43.089-0700][info][gc,cpu         ] GC(161) User=0.00s Sys=0.00s Real=0.00s
[2024-07-06T14:03:43.089-0700][info][gc,ergo        ] Attempting full compaction
[2024-07-06T14:03:43.089-0700][info][gc,task        ] GC(162) Using 4 workers of 4 for full compaction
[2024-07-06T14:03:43.089-0700][info][gc,start       ] GC(162) Pause Full (G1 Compaction Pause)
[2024-07-06T14:03:43.089-0700][info][gc             ] GC(163) Concurrent Mark Cycle
[2024-07-06T14:03:43.089-0700][info][gc,marking     ] GC(163) Concurrent Clear Claimed Marks
[2024-07-06T14:03:43.089-0700][info][gc,marking     ] GC(163) Concurrent Clear Claimed Marks 0.006ms
[2024-07-06T14:03:43.089-0700][info][gc,marking     ] GC(163) Concurrent Scan Root Regions
[2024-07-06T14:03:43.089-0700][info][gc,marking     ] GC(163) Concurrent Scan Root Regions 0.003ms
[2024-07-06T14:03:43.089-0700][info][gc,marking     ] GC(163) Concurrent Mark
[2024-07-06T14:03:43.089-0700][info][gc,marking     ] GC(163) Concurrent Mark From Roots
[2024-07-06T14:03:43.089-0700][info][gc,task        ] GC(163) Using 1 workers of 1 for marking
[2024-07-06T14:03:43.093-0700][info][gc,phases,start] GC(162) Phase 1: Mark live objects
[2024-07-06T14:03:43.192-0700][info][gc,phases      ] GC(162) Phase 1: Mark live objects 99.483ms
[2024-07-06T14:03:43.192-0700][info][gc,phases,start] GC(162) Phase 2: Prepare for compaction
[2024-07-06T14:03:43.193-0700][info][gc,phases      ] GC(162) Phase 2: Prepare for compaction 0.647ms
[2024-07-06T14:03:43.193-0700][info][gc,phases,start] GC(162) Phase 3: Adjust pointers
[2024-07-06T14:03:43.259-0700][info][gc,phases      ] GC(162) Phase 3: Adjust pointers 65.730ms
[2024-07-06T14:03:43.259-0700][info][gc,phases,start] GC(162) Phase 4: Compact heap
[2024-07-06T14:03:43.259-0700][info][gc,phases      ] GC(162) Phase 4: Compact heap 0.117ms
[2024-07-06T14:03:43.262-0700][info][gc,heap        ] GC(162) Eden regions: 0->0(51)
[2024-07-06T14:03:43.262-0700][info][gc,heap        ] GC(162) Survivor regions: 0->0(0)
[2024-07-06T14:03:43.262-0700][info][gc,heap        ] GC(162) Old regions: 1018->1018
[2024-07-06T14:03:43.262-0700][info][gc,heap        ] GC(162) Archive regions: 2->2
[2024-07-06T14:03:43.262-0700][info][gc,heap        ] GC(162) Humongous regions: 4->4
[2024-07-06T14:03:43.262-0700][info][gc,metaspace   ] GC(162) Metaspace: 305K(512K)->305K(512K) NonClass: 297K(384K)->297K(384K) Class: 7K(128K)->7K(128K)
[2024-07-06T14:03:43.262-0700][info][gc             ] GC(162) Pause Full (G1 Compaction Pause) 4090M->4090M(4096M) 172.965ms
[2024-07-06T14:03:43.262-0700][info][gc,cpu         ] GC(162) User=0.68s Sys=0.01s Real=0.17s
[2024-07-06T14:03:43.262-0700][info][gc,ergo        ] Attempting maximum full compaction clearing soft references
[2024-07-06T14:03:43.262-0700][info][gc,task        ] GC(164) Using 4 workers of 4 for full compaction
[2024-07-06T14:03:43.262-0700][info][gc,start       ] GC(164) Pause Full (G1 Compaction Pause)
[2024-07-06T14:03:43.262-0700][info][gc,phases,start] GC(164) Phase 1: Mark live objects
[2024-07-06T14:03:43.371-0700][info][gc,phases      ] GC(164) Phase 1: Mark live objects 108.776ms
[2024-07-06T14:03:43.371-0700][info][gc,phases,start] GC(164) Phase 2: Prepare for compaction
[2024-07-06T14:03:43.453-0700][info][gc,phases      ] GC(164) Phase 2: Prepare for compaction 82.036ms
[2024-07-06T14:03:43.453-0700][info][gc,phases,start] GC(164) Phase 3: Adjust pointers
[2024-07-06T14:03:43.559-0700][info][gc,phases      ] GC(164) Phase 3: Adjust pointers 105.757ms
[2024-07-06T14:03:43.559-0700][info][gc,phases,start] GC(164) Phase 4: Compact heap
[2024-07-06T14:03:44.105-0700][info][gc,phases      ] GC(164) Phase 4: Compact heap 545.584ms
[2024-07-06T14:03:44.108-0700][info][gc,heap        ] GC(164) Eden regions: 0->0(51)
[2024-07-06T14:03:44.108-0700][info][gc,heap        ] GC(164) Survivor regions: 0->0(0)
[2024-07-06T14:03:44.108-0700][info][gc,heap        ] GC(164) Old regions: 1018->1014
[2024-07-06T14:03:44.108-0700][info][gc,heap        ] GC(164) Archive regions: 2->2
[2024-07-06T14:03:44.108-0700][info][gc,heap        ] GC(164) Humongous regions: 4->4
[2024-07-06T14:03:44.108-0700][info][gc,metaspace   ] GC(164) Metaspace: 305K(512K)->305K(512K) NonClass: 297K(384K)->297K(384K) Class: 7K(128K)->7K(128K)
[2024-07-06T14:03:44.108-0700][info][gc             ] GC(164) Pause Full (G1 Compaction Pause) 4090M->4066M(4096M) 845.752ms
[2024-07-06T14:03:44.108-0700][info][gc,cpu         ] GC(164) User=3.28s Sys=0.00s Real=0.85s
[2024-07-06T14:03:44.108-0700][info][gc,marking     ] GC(163) Concurrent Mark From Roots 1018.923ms
[2024-07-06T14:03:44.108-0700][info][gc,marking     ] GC(163) Concurrent Mark Abort
[2024-07-06T14:03:44.108-0700][info][gc             ] GC(163) Concurrent Mark Cycle 1018.978ms
[2024-07-06T14:03:46.296-0700][info][gc,start       ] GC(165) Pause Young (Normal) (G1 Preventive Collection)
[2024-07-06T14:03:46.296-0700][info][gc,task        ] GC(165) Using 4 workers of 4 for evacuation
[2024-07-06T14:03:46.304-0700][info][gc             ] GC(165) To-space exhausted
[2024-07-06T14:03:46.304-0700][info][gc,phases      ] GC(165)   Pre Evacuate Collection Set: 0.2ms
[2024-07-06T14:03:46.304-0700][info][gc,phases      ] GC(165)   Merge Heap Roots: 0.1ms
[2024-07-06T14:03:46.304-0700][info][gc,phases      ] GC(165)   Evacuate Collection Set: 6.2ms
[2024-07-06T14:03:46.304-0700][info][gc,phases      ] GC(165)   Post Evacuate Collection Set: 0.6ms
[2024-07-06T14:03:46.304-0700][info][gc,phases      ] GC(165)   Other: 0.1ms
[2024-07-06T14:03:46.304-0700][info][gc,heap        ] GC(165) Eden regions: 3->0(50)
[2024-07-06T14:03:46.304-0700][info][gc,heap        ] GC(165) Survivor regions: 0->1(1)
[2024-07-06T14:03:46.304-0700][info][gc,heap        ] GC(165) Old regions: 1014->1017
[2024-07-06T14:03:46.304-0700][info][gc,heap        ] GC(165) Archive regions: 2->2
[2024-07-06T14:03:46.304-0700][info][gc,heap        ] GC(165) Humongous regions: 4->4
[2024-07-06T14:03:46.304-0700][info][gc,metaspace   ] GC(165) Metaspace: 305K(512K)->305K(512K) NonClass: 297K(384K)->297K(384K) Class: 7K(128K)->7K(128K)
[2024-07-06T14:03:46.304-0700][info][gc             ] GC(165) Pause Young (Normal) (G1 Preventive Collection) 4078M->4082M(4096M) 7.285ms
[2024-07-06T14:03:46.304-0700][info][gc,cpu         ] GC(165) User=0.03s Sys=0.00s Real=0.01s
[2024-07-06T14:03:46.304-0700][info][gc,ergo        ] Attempting full compaction
[2024-07-06T14:03:46.304-0700][info][gc,task        ] GC(166) Using 4 workers of 4 for full compaction
[2024-07-06T14:03:46.304-0700][info][gc,start       ] GC(166) Pause Full (G1 Compaction Pause)
[2024-07-06T14:03:46.304-0700][info][gc,phases,start] GC(166) Phase 1: Mark live objects
[2024-07-06T14:03:46.411-0700][info][gc,phases      ] GC(166) Phase 1: Mark live objects 107.313ms
[2024-07-06T14:03:46.411-0700][info][gc,phases,start] GC(166) Phase 2: Prepare for compaction
[2024-07-06T14:03:46.412-0700][info][gc,phases      ] GC(166) Phase 2: Prepare for compaction 1.186ms
[2024-07-06T14:03:46.412-0700][info][gc,phases,start] GC(166) Phase 3: Adjust pointers
[2024-07-06T14:03:46.484-0700][info][gc,phases      ] GC(166) Phase 3: Adjust pointers 71.690ms
[2024-07-06T14:03:46.484-0700][info][gc,phases,start] GC(166) Phase 4: Compact heap
[2024-07-06T14:03:46.486-0700][info][gc,phases      ] GC(166) Phase 4: Compact heap 2.044ms
[2024-07-06T14:03:46.489-0700][info][gc,heap        ] GC(166) Eden regions: 0->0(51)
[2024-07-06T14:03:46.489-0700][info][gc,heap        ] GC(166) Survivor regions: 1->0(1)
[2024-07-06T14:03:46.489-0700][info][gc,heap        ] GC(166) Old regions: 1017->1017
[2024-07-06T14:03:46.489-0700][info][gc,heap        ] GC(166) Archive regions: 2->2
[2024-07-06T14:03:46.489-0700][info][gc,heap        ] GC(166) Humongous regions: 4->4
[2024-07-06T14:03:46.489-0700][info][gc,metaspace   ] GC(166) Metaspace: 305K(512K)->305K(512K) NonClass: 297K(384K)->297K(384K) Class: 7K(128K)->7K(128K)
[2024-07-06T14:03:46.490-0700][info][gc             ] GC(166) Pause Full (G1 Compaction Pause) 4082M->4078M(4096M) 185.717ms
[2024-07-06T14:03:46.490-0700][info][gc,cpu         ] GC(166) User=0.69s Sys=0.00s Real=0.18s
[2024-07-06T14:03:48.610-0700][info][gc,start       ] GC(167) Pause Young (Concurrent Start) (G1 Evacuation Pause)
[2024-07-06T14:03:48.610-0700][info][gc,task        ] GC(167) Using 4 workers of 4 for evacuation
[2024-07-06T14:03:48.615-0700][info][gc             ] GC(167) To-space exhausted
[2024-07-06T14:03:48.615-0700][info][gc,phases      ] GC(167)   Pre Evacuate Collection Set: 0.2ms
[2024-07-06T14:03:48.615-0700][info][gc,phases      ] GC(167)   Merge Heap Roots: 0.1ms
[2024-07-06T14:03:48.615-0700][info][gc,phases      ] GC(167)   Evacuate Collection Set: 4.5ms
[2024-07-06T14:03:48.615-0700][info][gc,phases      ] GC(167)   Post Evacuate Collection Set: 0.5ms
[2024-07-06T14:03:48.615-0700][info][gc,phases      ] GC(167)   Other: 0.2ms
[2024-07-06T14:03:48.615-0700][info][gc,heap        ] GC(167) Eden regions: 1->0(51)
[2024-07-06T14:03:48.615-0700][info][gc,heap        ] GC(167) Survivor regions: 0->0(0)
[2024-07-06T14:03:48.615-0700][info][gc,heap        ] GC(167) Old regions: 1017->1018
[2024-07-06T14:03:48.615-0700][info][gc,heap        ] GC(167) Archive regions: 2->2
[2024-07-06T14:03:48.615-0700][info][gc,heap        ] GC(167) Humongous regions: 4->4
[2024-07-06T14:03:48.615-0700][info][gc,metaspace   ] GC(167) Metaspace: 305K(512K)->305K(512K) NonClass: 297K(384K)->297K(384K) Class: 7K(128K)->7K(128K)
[2024-07-06T14:03:48.615-0700][info][gc             ] GC(167) Pause Young (Concurrent Start) (G1 Evacuation Pause) 4082M->4082M(4096M) 5.619ms
[2024-07-06T14:03:48.615-0700][info][gc,cpu         ] GC(167) User=0.02s Sys=0.00s Real=0.01s
[2024-07-06T14:03:48.615-0700][info][gc,ergo        ] Attempting full compaction
[2024-07-06T14:03:48.615-0700][info][gc             ] GC(168) Concurrent Mark Cycle
[2024-07-06T14:03:48.615-0700][info][gc,marking     ] GC(168) Concurrent Clear Claimed Marks
[2024-07-06T14:03:48.615-0700][info][gc,marking     ] GC(168) Concurrent Clear Claimed Marks 0.030ms
[2024-07-06T14:03:48.615-0700][info][gc,marking     ] GC(168) Concurrent Scan Root Regions
[2024-07-06T14:03:48.615-0700][info][gc,marking     ] GC(168) Concurrent Scan Root Regions 0.029ms
[2024-07-06T14:03:48.615-0700][info][gc,marking     ] GC(168) Concurrent Mark
[2024-07-06T14:03:48.615-0700][info][gc,marking     ] GC(168) Concurrent Mark From Roots
[2024-07-06T14:03:48.615-0700][info][gc,task        ] GC(169) Using 4 workers of 4 for full compaction
[2024-07-06T14:03:48.615-0700][info][gc,task        ] GC(168) Using 1 workers of 1 for marking
[2024-07-06T14:03:48.615-0700][info][gc,start       ] GC(169) Pause Full (G1 Compaction Pause)
[2024-07-06T14:03:48.619-0700][info][gc,phases,start] GC(169) Phase 1: Mark live objects
[2024-07-06T14:03:48.717-0700][info][gc,phases      ] GC(169) Phase 1: Mark live objects 97.878ms
[2024-07-06T14:03:48.717-0700][info][gc,phases,start] GC(169) Phase 2: Prepare for compaction
[2024-07-06T14:03:48.718-0700][info][gc,phases      ] GC(169) Phase 2: Prepare for compaction 1.021ms
[2024-07-06T14:03:48.718-0700][info][gc,phases,start] GC(169) Phase 3: Adjust pointers
[2024-07-06T14:03:48.782-0700][info][gc,phases      ] GC(169) Phase 3: Adjust pointers 64.550ms
[2024-07-06T14:03:48.782-0700][info][gc,phases,start] GC(169) Phase 4: Compact heap
[2024-07-06T14:03:48.783-0700][info][gc,phases      ] GC(169) Phase 4: Compact heap 0.510ms
[2024-07-06T14:03:48.786-0700][info][gc,heap        ] GC(169) Eden regions: 0->0(51)
[2024-07-06T14:03:48.786-0700][info][gc,heap        ] GC(169) Survivor regions: 0->0(0)
[2024-07-06T14:03:48.786-0700][info][gc,heap        ] GC(169) Old regions: 1018->1016
[2024-07-06T14:03:48.786-0700][info][gc,heap        ] GC(169) Archive regions: 2->2
[2024-07-06T14:03:48.786-0700][info][gc,heap        ] GC(169) Humongous regions: 4->4
[2024-07-06T14:03:48.786-0700][info][gc,metaspace   ] GC(169) Metaspace: 305K(512K)->305K(512K) NonClass: 297K(384K)->297K(384K) Class: 7K(128K)->7K(128K)
[2024-07-06T14:03:48.786-0700][info][gc             ] GC(169) Pause Full (G1 Compaction Pause) 4082M->4081M(4096M) 170.140ms
[2024-07-06T14:03:48.786-0700][info][gc,cpu         ] GC(169) User=0.66s Sys=0.00s Real=0.17s
[2024-07-06T14:03:48.786-0700][info][gc,marking     ] GC(168) Concurrent Mark From Roots 170.417ms
[2024-07-06T14:03:48.786-0700][info][gc,marking     ] GC(168) Concurrent Mark Abort
[2024-07-06T14:03:48.786-0700][info][gc             ] GC(168) Concurrent Mark Cycle 170.633ms
[2024-07-06T14:03:48.786-0700][info][gc,start       ] GC(170) Pause Young (Normal) (G1 Preventive Collection)
[2024-07-06T14:03:48.786-0700][info][gc,task        ] GC(170) Using 4 workers of 4 for evacuation
[2024-07-06T14:03:48.787-0700][info][gc,phases      ] GC(170)   Pre Evacuate Collection Set: 0.2ms
[2024-07-06T14:03:48.787-0700][info][gc,phases      ] GC(170)   Merge Heap Roots: 0.1ms
[2024-07-06T14:03:48.787-0700][info][gc,phases      ] GC(170)   Evacuate Collection Set: 0.7ms
[2024-07-06T14:03:48.787-0700][info][gc,phases      ] GC(170)   Post Evacuate Collection Set: 0.3ms
[2024-07-06T14:03:48.788-0700][info][gc,phases      ] GC(170)   Other: 0.1ms
[2024-07-06T14:03:48.788-0700][info][gc,heap        ] GC(170) Eden regions: 1->0(50)
[2024-07-06T14:03:48.788-0700][info][gc,heap        ] GC(170) Survivor regions: 0->1(1)
[2024-07-06T14:03:48.788-0700][info][gc,heap        ] GC(170) Old regions: 1016->1016
[2024-07-06T14:03:48.788-0700][info][gc,heap        ] GC(170) Archive regions: 2->2
[2024-07-06T14:03:48.788-0700][info][gc,heap        ] GC(170) Humongous regions: 4->4
[2024-07-06T14:03:48.788-0700][info][gc,metaspace   ] GC(170) Metaspace: 305K(512K)->305K(512K) NonClass: 297K(384K)->297K(384K) Class: 7K(128K)->7K(128K)
[2024-07-06T14:03:48.788-0700][info][gc             ] GC(170) Pause Young (Normal) (G1 Preventive Collection) 4085M->4085M(4096M) 1.285ms
[2024-07-06T14:03:48.788-0700][info][gc,cpu         ] GC(170) User=0.00s Sys=0.00s Real=0.00s
[2024-07-06T14:03:48.788-0700][info][gc,start       ] GC(171) Pause Young (Concurrent Start) (G1 Evacuation Pause)
[2024-07-06T14:03:48.788-0700][info][gc,task        ] GC(171) Using 4 workers of 4 for evacuation
[2024-07-06T14:03:48.790-0700][info][gc             ] GC(171) To-space exhausted
[2024-07-06T14:03:48.790-0700][info][gc,phases      ] GC(171)   Pre Evacuate Collection Set: 0.1ms
[2024-07-06T14:03:48.790-0700][info][gc,phases      ] GC(171)   Merge Heap Roots: 0.1ms
[2024-07-06T14:03:48.790-0700][info][gc,phases      ] GC(171)   Evacuate Collection Set: 1.1ms
[2024-07-06T14:03:48.790-0700][info][gc,phases      ] GC(171)   Post Evacuate Collection Set: 0.5ms
[2024-07-06T14:03:48.790-0700][info][gc,phases      ] GC(171)   Other: 0.1ms
[2024-07-06T14:03:48.790-0700][info][gc,heap        ] GC(171) Eden regions: 1->0(51)
[2024-07-06T14:03:48.790-0700][info][gc,heap        ] GC(171) Survivor regions: 1->0(0)
[2024-07-06T14:03:48.790-0700][info][gc,heap        ] GC(171) Old regions: 1016->1018
[2024-07-06T14:03:48.790-0700][info][gc,heap        ] GC(171) Archive regions: 2->2
[2024-07-06T14:03:48.790-0700][info][gc,heap        ] GC(171) Humongous regions: 4->4
[2024-07-06T14:03:48.790-0700][info][gc,metaspace   ] GC(171) Metaspace: 305K(512K)->305K(512K) NonClass: 297K(384K)->297K(384K) Class: 7K(128K)->7K(128K)
[2024-07-06T14:03:48.790-0700][info][gc             ] GC(171) Pause Young (Concurrent Start) (G1 Evacuation Pause) 4089M->4089M(4096M) 1.996ms
[2024-07-06T14:03:48.790-0700][info][gc,cpu         ] GC(171) User=0.00s Sys=0.00s Real=0.00s
[2024-07-06T14:03:48.790-0700][info][gc,ergo        ] Attempting full compaction
[2024-07-06T14:03:48.790-0700][info][gc             ] GC(173) Concurrent Mark Cycle
[2024-07-06T14:03:48.790-0700][info][gc,marking     ] GC(173) Concurrent Clear Claimed Marks
[2024-07-06T14:03:48.790-0700][info][gc,marking     ] GC(173) Concurrent Clear Claimed Marks 0.007ms
[2024-07-06T14:03:48.790-0700][info][gc,marking     ] GC(173) Concurrent Scan Root Regions
[2024-07-06T14:03:48.790-0700][info][gc,marking     ] GC(173) Concurrent Scan Root Regions 0.005ms
[2024-07-06T14:03:48.790-0700][info][gc,marking     ] GC(173) Concurrent Mark
[2024-07-06T14:03:48.790-0700][info][gc,marking     ] GC(173) Concurrent Mark From Roots
[2024-07-06T14:03:48.790-0700][info][gc,task        ] GC(173) Using 1 workers of 1 for marking
[2024-07-06T14:03:48.790-0700][info][gc,task        ] GC(172) Using 4 workers of 4 for full compaction
[2024-07-06T14:03:48.790-0700][info][gc,start       ] GC(172) Pause Full (G1 Compaction Pause)
[2024-07-06T14:03:48.793-0700][info][gc,phases,start] GC(172) Phase 1: Mark live objects
[2024-07-06T14:03:48.894-0700][info][gc,phases      ] GC(172) Phase 1: Mark live objects 100.838ms
[2024-07-06T14:03:48.894-0700][info][gc,phases,start] GC(172) Phase 2: Prepare for compaction
[2024-07-06T14:03:48.895-0700][info][gc,phases      ] GC(172) Phase 2: Prepare for compaction 0.850ms
[2024-07-06T14:03:48.895-0700][info][gc,phases,start] GC(172) Phase 3: Adjust pointers
[2024-07-06T14:03:48.975-0700][info][gc,phases      ] GC(172) Phase 3: Adjust pointers 79.363ms
[2024-07-06T14:03:48.975-0700][info][gc,phases,start] GC(172) Phase 4: Compact heap
[2024-07-06T14:03:48.975-0700][info][gc,phases      ] GC(172) Phase 4: Compact heap 0.336ms
[2024-07-06T14:03:48.978-0700][info][gc,heap        ] GC(172) Eden regions: 0->0(51)
[2024-07-06T14:03:48.978-0700][info][gc,heap        ] GC(172) Survivor regions: 0->0(0)
[2024-07-06T14:03:48.978-0700][info][gc,heap        ] GC(172) Old regions: 1018->1018
[2024-07-06T14:03:48.978-0700][info][gc,heap        ] GC(172) Archive regions: 2->2
[2024-07-06T14:03:48.978-0700][info][gc,heap        ] GC(172) Humongous regions: 4->4
[2024-07-06T14:03:48.978-0700][info][gc,metaspace   ] GC(172) Metaspace: 305K(512K)->305K(512K) NonClass: 297K(384K)->297K(384K) Class: 7K(128K)->7K(128K)
[2024-07-06T14:03:48.978-0700][info][gc             ] GC(172) Pause Full (G1 Compaction Pause) 4089M->4089M(4096M) 188.096ms
[2024-07-06T14:03:48.978-0700][info][gc,cpu         ] GC(172) User=0.75s Sys=0.00s Real=0.19s
[2024-07-06T14:03:48.978-0700][info][gc,ergo        ] Attempting maximum full compaction clearing soft references
[2024-07-06T14:03:48.978-0700][info][gc,task        ] GC(174) Using 4 workers of 4 for full compaction
[2024-07-06T14:03:48.978-0700][info][gc,start       ] GC(174) Pause Full (G1 Compaction Pause)
[2024-07-06T14:03:48.979-0700][info][gc,phases,start] GC(174) Phase 1: Mark live objects
[2024-07-06T14:03:49.086-0700][info][gc,phases      ] GC(174) Phase 1: Mark live objects 107.673ms
[2024-07-06T14:03:49.086-0700][info][gc,phases,start] GC(174) Phase 2: Prepare for compaction
[2024-07-06T14:03:49.173-0700][info][gc,phases      ] GC(174) Phase 2: Prepare for compaction 86.535ms
[2024-07-06T14:03:49.173-0700][info][gc,phases,start] GC(174) Phase 3: Adjust pointers
[2024-07-06T14:03:49.275-0700][info][gc,phases      ] GC(174) Phase 3: Adjust pointers 102.395ms
[2024-07-06T14:03:49.275-0700][info][gc,phases,start] GC(174) Phase 4: Compact heap
[2024-07-06T14:03:49.713-0700][info][gc,phases      ] GC(174) Phase 4: Compact heap 437.769ms
[2024-07-06T14:03:49.716-0700][info][gc,heap        ] GC(174) Eden regions: 0->0(51)
[2024-07-06T14:03:49.716-0700][info][gc,heap        ] GC(174) Survivor regions: 0->0(0)
[2024-07-06T14:03:49.716-0700][info][gc,heap        ] GC(174) Old regions: 1018->1016
[2024-07-06T14:03:49.716-0700][info][gc,heap        ] GC(174) Archive regions: 2->2
[2024-07-06T14:03:49.716-0700][info][gc,heap        ] GC(174) Humongous regions: 4->4
[2024-07-06T14:03:49.716-0700][info][gc,metaspace   ] GC(174) Metaspace: 305K(512K)->305K(512K) NonClass: 297K(384K)->297K(384K) Class: 7K(128K)->7K(128K)
[2024-07-06T14:03:49.716-0700][info][gc             ] GC(174) Pause Full (G1 Compaction Pause) 4089M->4080M(4096M) 738.071ms
[2024-07-06T14:03:49.717-0700][info][gc,cpu         ] GC(174) User=2.86s Sys=0.00s Real=0.74s
[2024-07-06T14:03:49.717-0700][info][gc,marking     ] GC(173) Concurrent Mark From Roots 926.646ms
[2024-07-06T14:03:49.717-0700][info][gc,marking     ] GC(173) Concurrent Mark Abort
[2024-07-06T14:03:49.717-0700][info][gc             ] GC(173) Concurrent Mark Cycle 926.723ms
[2024-07-06T14:03:51.808-0700][info][gc,start       ] GC(175) Pause Young (Normal) (G1 Preventive Collection)
[2024-07-06T14:03:51.808-0700][info][gc,task        ] GC(175) Using 4 workers of 4 for evacuation
[2024-07-06T14:03:51.815-0700][info][gc,phases      ] GC(175)   Pre Evacuate Collection Set: 0.2ms
[2024-07-06T14:03:51.815-0700][info][gc,phases      ] GC(175)   Merge Heap Roots: 0.2ms
[2024-07-06T14:03:51.815-0700][info][gc,phases      ] GC(175)   Evacuate Collection Set: 6.2ms
[2024-07-06T14:03:51.815-0700][info][gc,phases      ] GC(175)   Post Evacuate Collection Set: 0.3ms
[2024-07-06T14:03:51.815-0700][info][gc,phases      ] GC(175)   Other: 0.1ms
[2024-07-06T14:03:51.815-0700][info][gc,heap        ] GC(175) Eden regions: 1->0(50)
[2024-07-06T14:03:51.815-0700][info][gc,heap        ] GC(175) Survivor regions: 0->1(1)
[2024-07-06T14:03:51.815-0700][info][gc,heap        ] GC(175) Old regions: 1016->1016
[2024-07-06T14:03:51.815-0700][info][gc,heap        ] GC(175) Archive regions: 2->2
[2024-07-06T14:03:51.815-0700][info][gc,heap        ] GC(175) Humongous regions: 4->4
[2024-07-06T14:03:51.815-0700][info][gc,metaspace   ] GC(175) Metaspace: 305K(512K)->305K(512K) NonClass: 297K(384K)->297K(384K) Class: 7K(128K)->7K(128K)
[2024-07-06T14:03:51.815-0700][info][gc             ] GC(175) Pause Young (Normal) (G1 Preventive Collection) 4084M->4084M(4096M) 7.035ms
[2024-07-06T14:03:51.815-0700][info][gc,cpu         ] GC(175) User=0.03s Sys=0.00s Real=0.00s
[2024-07-06T14:03:51.815-0700][info][gc,start       ] GC(176) Pause Young (Concurrent Start) (G1 Evacuation Pause)
[2024-07-06T14:03:51.815-0700][info][gc,task        ] GC(176) Using 4 workers of 4 for evacuation
[2024-07-06T14:03:51.818-0700][info][gc             ] GC(176) To-space exhausted
[2024-07-06T14:03:51.818-0700][info][gc,phases      ] GC(176)   Pre Evacuate Collection Set: 0.2ms
[2024-07-06T14:03:51.818-0700][info][gc,phases      ] GC(176)   Merge Heap Roots: 0.1ms
[2024-07-06T14:03:51.818-0700][info][gc,phases      ] GC(176)   Evacuate Collection Set: 1.5ms
[2024-07-06T14:03:51.818-0700][info][gc,phases      ] GC(176)   Post Evacuate Collection Set: 0.7ms
[2024-07-06T14:03:51.818-0700][info][gc,phases      ] GC(176)   Other: 0.1ms
[2024-07-06T14:03:51.818-0700][info][gc,heap        ] GC(176) Eden regions: 1->0(51)
[2024-07-06T14:03:51.818-0700][info][gc,heap        ] GC(176) Survivor regions: 1->0(0)
[2024-07-06T14:03:51.818-0700][info][gc,heap        ] GC(176) Old regions: 1016->1018
[2024-07-06T14:03:51.818-0700][info][gc,heap        ] GC(176) Archive regions: 2->2
[2024-07-06T14:03:51.818-0700][info][gc,heap        ] GC(176) Humongous regions: 4->4
[2024-07-06T14:03:51.818-0700][info][gc,metaspace   ] GC(176) Metaspace: 305K(512K)->305K(512K) NonClass: 297K(384K)->297K(384K) Class: 7K(128K)->7K(128K)
[2024-07-06T14:03:51.818-0700][info][gc             ] GC(176) Pause Young (Concurrent Start) (G1 Evacuation Pause) 4088M->4088M(4096M) 2.668ms
[2024-07-06T14:03:51.818-0700][info][gc,cpu         ] GC(176) User=0.00s Sys=0.00s Real=0.00s
[2024-07-06T14:03:51.818-0700][info][gc,ergo        ] Attempting full compaction
[2024-07-06T14:03:51.818-0700][info][gc             ] GC(177) Concurrent Mark Cycle
[2024-07-06T14:03:51.818-0700][info][gc,marking     ] GC(177) Concurrent Clear Claimed Marks
[2024-07-06T14:03:51.818-0700][info][gc,marking     ] GC(177) Concurrent Clear Claimed Marks 0.047ms
[2024-07-06T14:03:51.818-0700][info][gc,marking     ] GC(177) Concurrent Scan Root Regions
[2024-07-06T14:03:51.818-0700][info][gc,marking     ] GC(177) Concurrent Scan Root Regions 0.046ms
[2024-07-06T14:03:51.818-0700][info][gc,marking     ] GC(177) Concurrent Mark
[2024-07-06T14:03:51.818-0700][info][gc,marking     ] GC(177) Concurrent Mark From Roots
[2024-07-06T14:03:51.818-0700][info][gc,task        ] GC(177) Using 1 workers of 1 for marking
[2024-07-06T14:03:51.818-0700][info][gc,task        ] GC(178) Using 4 workers of 4 for full compaction
[2024-07-06T14:03:51.819-0700][info][gc,start       ] GC(178) Pause Full (G1 Compaction Pause)
[2024-07-06T14:03:51.822-0700][info][gc,phases,start] GC(178) Phase 1: Mark live objects
[2024-07-06T14:03:51.931-0700][info][gc,phases      ] GC(178) Phase 1: Mark live objects 109.256ms
[2024-07-06T14:03:51.931-0700][info][gc,phases,start] GC(178) Phase 2: Prepare for compaction
[2024-07-06T14:03:51.933-0700][info][gc,phases      ] GC(178) Phase 2: Prepare for compaction 1.578ms
[2024-07-06T14:03:51.933-0700][info][gc,phases,start] GC(178) Phase 3: Adjust pointers
[2024-07-06T14:03:52.000-0700][info][gc,phases      ] GC(178) Phase 3: Adjust pointers 67.126ms
[2024-07-06T14:03:52.000-0700][info][gc,phases,start] GC(178) Phase 4: Compact heap
[2024-07-06T14:03:52.000-0700][info][gc,phases      ] GC(178) Phase 4: Compact heap 0.179ms
[2024-07-06T14:03:52.003-0700][info][gc,heap        ] GC(178) Eden regions: 0->0(51)
[2024-07-06T14:03:52.003-0700][info][gc,heap        ] GC(178) Survivor regions: 0->0(0)
[2024-07-06T14:03:52.003-0700][info][gc,heap        ] GC(178) Old regions: 1018->1018
[2024-07-06T14:03:52.003-0700][info][gc,heap        ] GC(178) Archive regions: 2->2
[2024-07-06T14:03:52.003-0700][info][gc,heap        ] GC(178) Humongous regions: 4->4
[2024-07-06T14:03:52.003-0700][info][gc,metaspace   ] GC(178) Metaspace: 305K(512K)->305K(512K) NonClass: 297K(384K)->297K(384K) Class: 7K(128K)->7K(128K)
[2024-07-06T14:03:52.003-0700][info][gc             ] GC(178) Pause Full (G1 Compaction Pause) 4088M->4088M(4096M) 184.440ms
[2024-07-06T14:03:52.003-0700][info][gc,cpu         ] GC(178) User=0.73s Sys=0.00s Real=0.19s
[2024-07-06T14:03:52.003-0700][info][gc,ergo        ] Attempting maximum full compaction clearing soft references
[2024-07-06T14:03:52.003-0700][info][gc,task        ] GC(179) Using 4 workers of 4 for full compaction
[2024-07-06T14:03:52.003-0700][info][gc,start       ] GC(179) Pause Full (G1 Compaction Pause)
[2024-07-06T14:03:52.003-0700][info][gc,phases,start] GC(179) Phase 1: Mark live objects
[2024-07-06T14:03:52.109-0700][info][gc,phases      ] GC(179) Phase 1: Mark live objects 105.433ms
[2024-07-06T14:03:52.109-0700][info][gc,phases,start] GC(179) Phase 2: Prepare for compaction
[2024-07-06T14:03:52.191-0700][info][gc,phases      ] GC(179) Phase 2: Prepare for compaction 81.593ms
[2024-07-06T14:03:52.191-0700][info][gc,phases,start] GC(179) Phase 3: Adjust pointers
[2024-07-06T14:03:52.282-0700][info][gc,phases      ] GC(179) Phase 3: Adjust pointers 91.514ms
[2024-07-06T14:03:52.282-0700][info][gc,phases,start] GC(179) Phase 4: Compact heap
[2024-07-06T14:03:52.702-0700][info][gc,phases      ] GC(179) Phase 4: Compact heap 420.310ms
[2024-07-06T14:03:52.706-0700][info][gc,heap        ] GC(179) Eden regions: 0->0(51)
[2024-07-06T14:03:52.706-0700][info][gc,heap        ] GC(179) Survivor regions: 0->0(0)
[2024-07-06T14:03:52.706-0700][info][gc,heap        ] GC(179) Old regions: 1018->1017
[2024-07-06T14:03:52.706-0700][info][gc,heap        ] GC(179) Archive regions: 2->2
[2024-07-06T14:03:52.706-0700][info][gc,heap        ] GC(179) Humongous regions: 4->4
[2024-07-06T14:03:52.706-0700][info][gc,metaspace   ] GC(179) Metaspace: 305K(512K)->305K(512K) NonClass: 297K(384K)->297K(384K) Class: 7K(128K)->7K(128K)
[2024-07-06T14:03:52.706-0700][info][gc             ] GC(179) Pause Full (G1 Compaction Pause) 4088M->4083M(4096M) 702.717ms
[2024-07-06T14:03:52.706-0700][info][gc,cpu         ] GC(179) User=2.79s Sys=0.00s Real=0.70s
[2024-07-06T14:03:52.706-0700][info][gc,marking     ] GC(177) Concurrent Mark From Roots 888.016ms
[2024-07-06T14:03:52.706-0700][info][gc,marking     ] GC(177) Concurrent Mark Abort
[2024-07-06T14:03:52.706-0700][info][gc             ] GC(177) Concurrent Mark Cycle 888.245ms
[2024-07-06T14:03:54.751-0700][info][gc,start       ] GC(180) Pause Young (Normal) (G1 Evacuation Pause)
[2024-07-06T14:03:54.751-0700][info][gc,task        ] GC(180) Using 4 workers of 4 for evacuation
[2024-07-06T14:03:54.757-0700][info][gc             ] GC(180) To-space exhausted
[2024-07-06T14:03:54.757-0700][info][gc,phases      ] GC(180)   Pre Evacuate Collection Set: 0.3ms
[2024-07-06T14:03:54.757-0700][info][gc,phases      ] GC(180)   Merge Heap Roots: 0.2ms
[2024-07-06T14:03:54.757-0700][info][gc,phases      ] GC(180)   Evacuate Collection Set: 5.2ms
[2024-07-06T14:03:54.757-0700][info][gc,phases      ] GC(180)   Post Evacuate Collection Set: 0.5ms
[2024-07-06T14:03:54.757-0700][info][gc,phases      ] GC(180)   Other: 0.1ms
[2024-07-06T14:03:54.757-0700][info][gc,heap        ] GC(180) Eden regions: 1->0(51)
[2024-07-06T14:03:54.757-0700][info][gc,heap        ] GC(180) Survivor regions: 0->0(0)
[2024-07-06T14:03:54.757-0700][info][gc,heap        ] GC(180) Old regions: 1017->1018
[2024-07-06T14:03:54.757-0700][info][gc,heap        ] GC(180) Archive regions: 2->2
[2024-07-06T14:03:54.757-0700][info][gc,heap        ] GC(180) Humongous regions: 4->4
[2024-07-06T14:03:54.757-0700][info][gc,metaspace   ] GC(180) Metaspace: 305K(512K)->305K(512K) NonClass: 297K(384K)->297K(384K) Class: 7K(128K)->7K(128K)
[2024-07-06T14:03:54.757-0700][info][gc             ] GC(180) Pause Young (Normal) (G1 Evacuation Pause) 4087M->4087M(4096M) 6.271ms
[2024-07-06T14:03:54.757-0700][info][gc,cpu         ] GC(180) User=0.01s Sys=0.00s Real=0.01s
[2024-07-06T14:03:54.757-0700][info][gc,ergo        ] Attempting full compaction
[2024-07-06T14:03:54.757-0700][info][gc,task        ] GC(181) Using 4 workers of 4 for full compaction
[2024-07-06T14:03:54.757-0700][info][gc,start       ] GC(181) Pause Full (G1 Compaction Pause)
[2024-07-06T14:03:54.757-0700][info][gc,phases,start] GC(181) Phase 1: Mark live objects
[2024-07-06T14:03:54.858-0700][info][gc,phases      ] GC(181) Phase 1: Mark live objects 100.455ms
[2024-07-06T14:03:54.858-0700][info][gc,phases,start] GC(181) Phase 2: Prepare for compaction
[2024-07-06T14:03:54.859-0700][info][gc,phases      ] GC(181) Phase 2: Prepare for compaction 1.389ms
[2024-07-06T14:03:54.859-0700][info][gc,phases,start] GC(181) Phase 3: Adjust pointers
[2024-07-06T14:03:54.928-0700][info][gc,phases      ] GC(181) Phase 3: Adjust pointers 69.053ms
[2024-07-06T14:03:54.928-0700][info][gc,phases,start] GC(181) Phase 4: Compact heap
[2024-07-06T14:03:54.930-0700][info][gc,phases      ] GC(181) Phase 4: Compact heap 1.097ms
[2024-07-06T14:03:54.933-0700][info][gc,heap        ] GC(181) Eden regions: 0->0(51)
[2024-07-06T14:03:54.933-0700][info][gc,heap        ] GC(181) Survivor regions: 0->0(0)
[2024-07-06T14:03:54.933-0700][info][gc,heap        ] GC(181) Old regions: 1018->1018
[2024-07-06T14:03:54.933-0700][info][gc,heap        ] GC(181) Archive regions: 2->2
[2024-07-06T14:03:54.933-0700][info][gc,heap        ] GC(181) Humongous regions: 4->4
[2024-07-06T14:03:54.933-0700][info][gc,metaspace   ] GC(181) Metaspace: 305K(512K)->305K(512K) NonClass: 297K(384K)->297K(384K) Class: 7K(128K)->7K(128K)
[2024-07-06T14:03:54.933-0700][info][gc             ] GC(181) Pause Full (G1 Compaction Pause) 4087M->4087M(4096M) 175.619ms
[2024-07-06T14:03:54.933-0700][info][gc,cpu         ] GC(181) User=0.70s Sys=0.00s Real=0.17s
[2024-07-06T14:03:54.933-0700][info][gc,ergo        ] Attempting maximum full compaction clearing soft references
[2024-07-06T14:03:54.933-0700][info][gc,task        ] GC(182) Using 4 workers of 4 for full compaction
[2024-07-06T14:03:54.933-0700][info][gc,start       ] GC(182) Pause Full (G1 Compaction Pause)
[2024-07-06T14:03:54.933-0700][info][gc,phases,start] GC(182) Phase 1: Mark live objects
[2024-07-06T14:03:55.041-0700][info][gc,phases      ] GC(182) Phase 1: Mark live objects 107.405ms
[2024-07-06T14:03:55.041-0700][info][gc,phases,start] GC(182) Phase 2: Prepare for compaction
[2024-07-06T14:03:55.125-0700][info][gc,phases      ] GC(182) Phase 2: Prepare for compaction 84.543ms
[2024-07-06T14:03:55.125-0700][info][gc,phases,start] GC(182) Phase 3: Adjust pointers
[2024-07-06T14:03:55.219-0700][info][gc,phases      ] GC(182) Phase 3: Adjust pointers 93.963ms
[2024-07-06T14:03:55.219-0700][info][gc,phases,start] GC(182) Phase 4: Compact heap
[2024-07-06T14:03:55.638-0700][info][gc,phases      ] GC(182) Phase 4: Compact heap 419.155ms
[2024-07-06T14:03:55.642-0700][info][gc,heap        ] GC(182) Eden regions: 0->0(51)
[2024-07-06T14:03:55.642-0700][info][gc,heap        ] GC(182) Survivor regions: 0->0(0)
[2024-07-06T14:03:55.642-0700][info][gc,heap        ] GC(182) Old regions: 1018->1017
[2024-07-06T14:03:55.642-0700][info][gc,heap        ] GC(182) Archive regions: 2->2
[2024-07-06T14:03:55.642-0700][info][gc,heap        ] GC(182) Humongous regions: 4->4
[2024-07-06T14:03:55.642-0700][info][gc,metaspace   ] GC(182) Metaspace: 305K(512K)->305K(512K) NonClass: 297K(384K)->297K(384K) Class: 7K(128K)->7K(128K)
[2024-07-06T14:03:55.642-0700][info][gc             ] GC(182) Pause Full (G1 Compaction Pause) 4087M->4082M(4096M) 709.483ms
[2024-07-06T14:03:55.643-0700][info][gc,cpu         ] GC(182) User=2.74s Sys=0.00s Real=0.71s
[2024-07-06T14:03:55.643-0700][info][gc,start       ] GC(183) Pause Young (Concurrent Start) (G1 Evacuation Pause)
[2024-07-06T14:03:55.643-0700][info][gc,task        ] GC(183) Using 4 workers of 4 for evacuation
[2024-07-06T14:03:55.645-0700][info][gc             ] GC(183) To-space exhausted
[2024-07-06T14:03:55.645-0700][info][gc,phases      ] GC(183)   Pre Evacuate Collection Set: 0.2ms
[2024-07-06T14:03:55.645-0700][info][gc,phases      ] GC(183)   Merge Heap Roots: 0.1ms
[2024-07-06T14:03:55.645-0700][info][gc,phases      ] GC(183)   Evacuate Collection Set: 0.7ms
[2024-07-06T14:03:55.645-0700][info][gc,phases      ] GC(183)   Post Evacuate Collection Set: 0.5ms
[2024-07-06T14:03:55.645-0700][info][gc,phases      ] GC(183)   Other: 0.1ms
[2024-07-06T14:03:55.645-0700][info][gc,heap        ] GC(183) Eden regions: 1->0(51)
[2024-07-06T14:03:55.645-0700][info][gc,heap        ] GC(183) Survivor regions: 0->0(0)
[2024-07-06T14:03:55.645-0700][info][gc,heap        ] GC(183) Old regions: 1017->1018
[2024-07-06T14:03:55.645-0700][info][gc,heap        ] GC(183) Archive regions: 2->2
[2024-07-06T14:03:55.645-0700][info][gc,heap        ] GC(183) Humongous regions: 4->4
[2024-07-06T14:03:55.645-0700][info][gc,metaspace   ] GC(183) Metaspace: 305K(512K)->305K(512K) NonClass: 297K(384K)->297K(384K) Class: 7K(128K)->7K(128K)
[2024-07-06T14:03:55.645-0700][info][gc             ] GC(183) Pause Young (Concurrent Start) (G1 Evacuation Pause) 4086M->4086M(4096M) 1.697ms
[2024-07-06T14:03:55.645-0700][info][gc,cpu         ] GC(183) User=0.01s Sys=0.00s Real=0.00s
[2024-07-06T14:03:55.645-0700][info][gc,ergo        ] Attempting full compaction
[2024-07-06T14:03:55.645-0700][info][gc             ] GC(184) Concurrent Mark Cycle
[2024-07-06T14:03:55.645-0700][info][gc,marking     ] GC(184) Concurrent Clear Claimed Marks
[2024-07-06T14:03:55.645-0700][info][gc,marking     ] GC(184) Concurrent Clear Claimed Marks 0.008ms
[2024-07-06T14:03:55.645-0700][info][gc,marking     ] GC(184) Concurrent Scan Root Regions
[2024-07-06T14:03:55.645-0700][info][gc,task        ] GC(185) Using 4 workers of 4 for full compaction
[2024-07-06T14:03:55.645-0700][info][gc,marking     ] GC(184) Concurrent Scan Root Regions 0.011ms
[2024-07-06T14:03:55.645-0700][info][gc,marking     ] GC(184) Concurrent Mark
[2024-07-06T14:03:55.645-0700][info][gc,marking     ] GC(184) Concurrent Mark From Roots
[2024-07-06T14:03:55.645-0700][info][gc,task        ] GC(184) Using 1 workers of 1 for marking
[2024-07-06T14:03:55.645-0700][info][gc,start       ] GC(185) Pause Full (G1 Compaction Pause)
[2024-07-06T14:03:55.649-0700][info][gc,phases,start] GC(185) Phase 1: Mark live objects
[2024-07-06T14:03:55.753-0700][info][gc,phases      ] GC(185) Phase 1: Mark live objects 104.873ms
[2024-07-06T14:03:55.753-0700][info][gc,phases,start] GC(185) Phase 2: Prepare for compaction
[2024-07-06T14:03:55.755-0700][info][gc,phases      ] GC(185) Phase 2: Prepare for compaction 1.541ms
[2024-07-06T14:03:55.755-0700][info][gc,phases,start] GC(185) Phase 3: Adjust pointers
[2024-07-06T14:03:55.822-0700][info][gc,phases      ] GC(185) Phase 3: Adjust pointers 67.025ms
[2024-07-06T14:03:55.822-0700][info][gc,phases,start] GC(185) Phase 4: Compact heap
[2024-07-06T14:03:55.824-0700][info][gc,phases      ] GC(185) Phase 4: Compact heap 1.505ms
[2024-07-06T14:03:55.827-0700][info][gc,heap        ] GC(185) Eden regions: 0->0(51)
[2024-07-06T14:03:55.827-0700][info][gc,heap        ] GC(185) Survivor regions: 0->0(0)
[2024-07-06T14:03:55.827-0700][info][gc,heap        ] GC(185) Old regions: 1018->1017
[2024-07-06T14:03:55.827-0700][info][gc,heap        ] GC(185) Archive regions: 2->2
[2024-07-06T14:03:55.827-0700][info][gc,heap        ] GC(185) Humongous regions: 4->4
[2024-07-06T14:03:55.827-0700][info][gc,metaspace   ] GC(185) Metaspace: 305K(512K)->305K(512K) NonClass: 297K(384K)->297K(384K) Class: 7K(128K)->7K(128K)
[2024-07-06T14:03:55.827-0700][info][gc             ] GC(185) Pause Full (G1 Compaction Pause) 4086M->4086M(4096M) 182.128ms
[2024-07-06T14:03:55.827-0700][info][gc,cpu         ] GC(185) User=0.71s Sys=0.00s Real=0.18s
[2024-07-06T14:03:55.827-0700][info][gc,marking     ] GC(184) Concurrent Mark From Roots 182.209ms
[2024-07-06T14:03:55.827-0700][info][gc,marking     ] GC(184) Concurrent Mark Abort
[2024-07-06T14:03:55.827-0700][info][gc             ] GC(184) Concurrent Mark Cycle 182.391ms
[2024-07-06T14:03:55.828-0700][info][gc,start       ] GC(186) Pause Young (Concurrent Start) (G1 Humongous Allocation)
[2024-07-06T14:03:55.828-0700][info][gc,task        ] GC(186) Using 4 workers of 4 for evacuation
[2024-07-06T14:03:55.829-0700][info][gc             ] GC(186) To-space exhausted
[2024-07-06T14:03:55.829-0700][info][gc,phases      ] GC(186)   Pre Evacuate Collection Set: 0.2ms
[2024-07-06T14:03:55.829-0700][info][gc,phases      ] GC(186)   Merge Heap Roots: 0.1ms
[2024-07-06T14:03:55.829-0700][info][gc,phases      ] GC(186)   Evacuate Collection Set: 0.4ms
[2024-07-06T14:03:55.829-0700][info][gc,phases      ] GC(186)   Post Evacuate Collection Set: 0.4ms
[2024-07-06T14:03:55.829-0700][info][gc,phases      ] GC(186)   Other: 0.1ms
[2024-07-06T14:03:55.829-0700][info][gc,heap        ] GC(186) Eden regions: 1->0(51)
[2024-07-06T14:03:55.829-0700][info][gc,heap        ] GC(186) Survivor regions: 0->0(0)
[2024-07-06T14:03:55.829-0700][info][gc,heap        ] GC(186) Old regions: 1017->1018
[2024-07-06T14:03:55.829-0700][info][gc,heap        ] GC(186) Archive regions: 2->2
[2024-07-06T14:03:55.829-0700][info][gc,heap        ] GC(186) Humongous regions: 4->4
[2024-07-06T14:03:55.829-0700][info][gc,metaspace   ] GC(186) Metaspace: 305K(512K)->305K(512K) NonClass: 297K(384K)->297K(384K) Class: 7K(128K)->7K(128K)
[2024-07-06T14:03:55.829-0700][info][gc             ] GC(186) Pause Young (Concurrent Start) (G1 Humongous Allocation) 4090M->4090M(4096M) 1.209ms
[2024-07-06T14:03:55.829-0700][info][gc,cpu         ] GC(186) User=0.00s Sys=0.00s Real=0.00s
[2024-07-06T14:03:55.829-0700][info][gc,ergo        ] Attempting full compaction clearing soft references
[2024-07-06T14:03:55.829-0700][info][gc             ] GC(187) Concurrent Mark Cycle
[2024-07-06T14:03:55.829-0700][info][gc,marking     ] GC(187) Concurrent Clear Claimed Marks
[2024-07-06T14:03:55.829-0700][info][gc,marking     ] GC(187) Concurrent Clear Claimed Marks 0.007ms
[2024-07-06T14:03:55.829-0700][info][gc,marking     ] GC(187) Concurrent Scan Root Regions
[2024-07-06T14:03:55.829-0700][info][gc,marking     ] GC(187) Concurrent Scan Root Regions 0.029ms
[2024-07-06T14:03:55.829-0700][info][gc,marking     ] GC(187) Concurrent Mark
[2024-07-06T14:03:55.829-0700][info][gc,marking     ] GC(187) Concurrent Mark From Roots
[2024-07-06T14:03:55.829-0700][info][gc,task        ] GC(187) Using 1 workers of 1 for marking
[2024-07-06T14:03:55.829-0700][info][gc,task        ] GC(188) Using 4 workers of 4 for full compaction
[2024-07-06T14:03:55.829-0700][info][gc,start       ] GC(188) Pause Full (G1 Compaction Pause)
[2024-07-06T14:03:55.832-0700][info][gc,phases,start] GC(188) Phase 1: Mark live objects
[2024-07-06T14:03:55.942-0700][info][gc,phases      ] GC(188) Phase 1: Mark live objects 109.576ms
[2024-07-06T14:03:55.942-0700][info][gc,phases,start] GC(188) Phase 2: Prepare for compaction
[2024-07-06T14:03:55.943-0700][info][gc,phases      ] GC(188) Phase 2: Prepare for compaction 1.421ms
[2024-07-06T14:03:55.943-0700][info][gc,phases,start] GC(188) Phase 3: Adjust pointers
[2024-07-06T14:03:56.011-0700][info][gc,phases      ] GC(188) Phase 3: Adjust pointers 67.704ms
[2024-07-06T14:03:56.011-0700][info][gc,phases,start] GC(188) Phase 4: Compact heap
[2024-07-06T14:03:56.012-0700][info][gc,phases      ] GC(188) Phase 4: Compact heap 0.830ms
[2024-07-06T14:03:56.015-0700][info][gc,heap        ] GC(188) Eden regions: 0->0(51)
[2024-07-06T14:03:56.015-0700][info][gc,heap        ] GC(188) Survivor regions: 0->0(0)
[2024-07-06T14:03:56.015-0700][info][gc,heap        ] GC(188) Old regions: 1018->1018
[2024-07-06T14:03:56.015-0700][info][gc,heap        ] GC(188) Archive regions: 2->2
[2024-07-06T14:03:56.015-0700][info][gc,heap        ] GC(188) Humongous regions: 4->4
[2024-07-06T14:03:56.015-0700][info][gc,metaspace   ] GC(188) Metaspace: 305K(512K)->305K(512K) NonClass: 297K(384K)->297K(384K) Class: 7K(128K)->7K(128K)
[2024-07-06T14:03:56.015-0700][info][gc             ] GC(188) Pause Full (G1 Compaction Pause) 4090M->4088M(4096M) 185.963ms
[2024-07-06T14:03:56.015-0700][info][gc,cpu         ] GC(188) User=0.74s Sys=0.00s Real=0.19s
[2024-07-06T14:03:56.015-0700][info][gc,marking     ] GC(187) Concurrent Mark From Roots 186.197ms
[2024-07-06T14:03:56.015-0700][info][gc,start       ] GC(189) Pause Young (Normal) (G1 Humongous Allocation)
[2024-07-06T14:03:56.015-0700][info][gc,task        ] GC(189) Using 4 workers of 4 for evacuation
[2024-07-06T14:03:56.016-0700][info][gc,phases      ] GC(189)   Pre Evacuate Collection Set: 0.1ms
[2024-07-06T14:03:56.016-0700][info][gc,phases      ] GC(189)   Merge Heap Roots: 0.1ms
[2024-07-06T14:03:56.016-0700][info][gc,phases      ] GC(189)   Evacuate Collection Set: 0.2ms
[2024-07-06T14:03:56.016-0700][info][gc,phases      ] GC(189)   Post Evacuate Collection Set: 0.2ms
[2024-07-06T14:03:56.016-0700][info][gc,phases      ] GC(189)   Other: 0.0ms
[2024-07-06T14:03:56.016-0700][info][gc,heap        ] GC(189) Eden regions: 0->0(51)
[2024-07-06T14:03:56.016-0700][info][gc,heap        ] GC(189) Survivor regions: 0->0(0)
[2024-07-06T14:03:56.016-0700][info][gc,heap        ] GC(189) Old regions: 1018->1018
[2024-07-06T14:03:56.016-0700][info][gc,heap        ] GC(189) Archive regions: 2->2
[2024-07-06T14:03:56.016-0700][info][gc,heap        ] GC(189) Humongous regions: 4->4
[2024-07-06T14:03:56.016-0700][info][gc,metaspace   ] GC(189) Metaspace: 305K(512K)->305K(512K) NonClass: 297K(384K)->297K(384K) Class: 7K(128K)->7K(128K)
[2024-07-06T14:03:56.016-0700][info][gc             ] GC(189) Pause Young (Normal) (G1 Humongous Allocation) 4088M->4088M(4096M) 0.687ms
[2024-07-06T14:03:56.016-0700][info][gc,cpu         ] GC(189) User=0.00s Sys=0.00s Real=0.00s
[2024-07-06T14:03:56.016-0700][info][gc,ergo        ] Attempting full compaction
[2024-07-06T14:03:56.016-0700][info][gc,task        ] GC(190) Using 4 workers of 4 for full compaction
[2024-07-06T14:03:56.016-0700][info][gc,start       ] GC(190) Pause Full (G1 Compaction Pause)
[2024-07-06T14:03:56.016-0700][info][gc,phases,start] GC(190) Phase 1: Mark live objects
[2024-07-06T14:03:56.127-0700][info][gc,phases      ] GC(190) Phase 1: Mark live objects 110.923ms
[2024-07-06T14:03:56.127-0700][info][gc,phases,start] GC(190) Phase 2: Prepare for compaction
[2024-07-06T14:03:56.128-0700][info][gc,phases      ] GC(190) Phase 2: Prepare for compaction 0.740ms
[2024-07-06T14:03:56.128-0700][info][gc,phases,start] GC(190) Phase 3: Adjust pointers
[2024-07-06T14:03:56.193-0700][info][gc,phases      ] GC(190) Phase 3: Adjust pointers 65.103ms
[2024-07-06T14:03:56.193-0700][info][gc,phases,start] GC(190) Phase 4: Compact heap
[2024-07-06T14:03:56.193-0700][info][gc,phases      ] GC(190) Phase 4: Compact heap 0.214ms
[2024-07-06T14:03:56.196-0700][info][gc,heap        ] GC(190) Eden regions: 0->0(51)
[2024-07-06T14:03:56.196-0700][info][gc,heap        ] GC(190) Survivor regions: 0->0(0)
[2024-07-06T14:03:56.196-0700][info][gc,heap        ] GC(190) Old regions: 1018->1018
[2024-07-06T14:03:56.196-0700][info][gc,heap        ] GC(190) Archive regions: 2->2
[2024-07-06T14:03:56.196-0700][info][gc,heap        ] GC(190) Humongous regions: 4->4
[2024-07-06T14:03:56.196-0700][info][gc,metaspace   ] GC(190) Metaspace: 305K(512K)->305K(512K) NonClass: 297K(384K)->297K(384K) Class: 7K(128K)->7K(128K)
[2024-07-06T14:03:56.196-0700][info][gc             ] GC(190) Pause Full (G1 Compaction Pause) 4088M->4088M(4096M) 180.243ms
[2024-07-06T14:03:56.196-0700][info][gc,cpu         ] GC(190) User=0.72s Sys=0.00s Real=0.18s
[2024-07-06T14:03:56.196-0700][info][gc,ergo        ] Attempting maximum full compaction clearing soft references
[2024-07-06T14:03:56.196-0700][info][gc,task        ] GC(191) Using 4 workers of 4 for full compaction
[2024-07-06T14:03:56.196-0700][info][gc,start       ] GC(191) Pause Full (G1 Compaction Pause)
[2024-07-06T14:03:56.196-0700][info][gc,phases,start] GC(191) Phase 1: Mark live objects
[2024-07-06T14:03:56.297-0700][info][gc,phases      ] GC(191) Phase 1: Mark live objects 100.490ms
[2024-07-06T14:03:56.297-0700][info][gc,phases,start] GC(191) Phase 2: Prepare for compaction
[2024-07-06T14:03:56.368-0700][info][gc,phases      ] GC(191) Phase 2: Prepare for compaction 71.091ms
[2024-07-06T14:03:56.368-0700][info][gc,phases,start] GC(191) Phase 3: Adjust pointers
[2024-07-06T14:03:56.461-0700][info][gc,phases      ] GC(191) Phase 3: Adjust pointers 92.710ms
[2024-07-06T14:03:56.461-0700][info][gc,phases,start] GC(191) Phase 4: Compact heap
[2024-07-06T14:03:56.528-0700][info][gc,phases      ] GC(191) Phase 4: Compact heap 67.359ms
[2024-07-06T14:03:56.532-0700][info][gc,heap        ] GC(191) Eden regions: 0->0(51)
[2024-07-06T14:03:56.532-0700][info][gc,heap        ] GC(191) Survivor regions: 0->0(0)
[2024-07-06T14:03:56.532-0700][info][gc,heap        ] GC(191) Old regions: 1018->1018
[2024-07-06T14:03:56.532-0700][info][gc,heap        ] GC(191) Archive regions: 2->2
[2024-07-06T14:03:56.532-0700][info][gc,heap        ] GC(191) Humongous regions: 4->4
[2024-07-06T14:03:56.532-0700][info][gc,metaspace   ] GC(191) Metaspace: 305K(512K)->305K(512K) NonClass: 297K(384K)->297K(384K) Class: 7K(128K)->7K(128K)
[2024-07-06T14:03:56.532-0700][info][gc             ] GC(191) Pause Full (G1 Compaction Pause) 4088M->4088M(4096M) 335.361ms
[2024-07-06T14:03:56.532-0700][info][gc,cpu         ] GC(191) User=1.31s Sys=0.00s Real=0.33s
[2024-07-06T14:03:56.532-0700][info][gc,marking     ] GC(187) Concurrent Mark Abort
[2024-07-06T14:03:56.532-0700][info][gc             ] GC(187) Concurrent Mark Cycle 702.885ms
[2024-07-06T14:03:56.532-0700][info][gc,start       ] GC(192) Pause Young (Normal) (G1 Evacuation Pause)
[2024-07-06T14:03:56.532-0700][info][gc,task        ] GC(192) Using 4 workers of 4 for evacuation
[2024-07-06T14:03:56.533-0700][info][gc,phases      ] GC(192)   Pre Evacuate Collection Set: 0.2ms
[2024-07-06T14:03:56.533-0700][info][gc,phases      ] GC(192)   Merge Heap Roots: 0.1ms
[2024-07-06T14:03:56.533-0700][info][gc,phases      ] GC(192)   Evacuate Collection Set: 0.2ms
[2024-07-06T14:03:56.533-0700][info][gc,phases      ] GC(192)   Post Evacuate Collection Set: 0.2ms
[2024-07-06T14:03:56.533-0700][info][gc,phases      ] GC(192)   Other: 0.0ms
[2024-07-06T14:03:56.533-0700][info][gc,heap        ] GC(192) Eden regions: 0->0(51)
[2024-07-06T14:03:56.533-0700][info][gc,heap        ] GC(192) Survivor regions: 0->0(0)
[2024-07-06T14:03:56.533-0700][info][gc,heap        ] GC(192) Old regions: 1018->1018
[2024-07-06T14:03:56.533-0700][info][gc,heap        ] GC(192) Archive regions: 2->2
[2024-07-06T14:03:56.533-0700][info][gc,heap        ] GC(192) Humongous regions: 4->4
[2024-07-06T14:03:56.533-0700][info][gc,metaspace   ] GC(192) Metaspace: 306K(512K)->306K(512K) NonClass: 298K(384K)->298K(384K) Class: 7K(128K)->7K(128K)
[2024-07-06T14:03:56.533-0700][info][gc             ] GC(192) Pause Young (Normal) (G1 Evacuation Pause) 4088M->4088M(4096M) 0.754ms
[2024-07-06T14:03:56.533-0700][info][gc,cpu         ] GC(192) User=0.00s Sys=0.00s Real=0.00s
[2024-07-06T14:03:56.533-0700][info][gc,ergo        ] Attempting full compaction
[2024-07-06T14:03:56.533-0700][info][gc,task        ] GC(193) Using 4 workers of 4 for full compaction
[2024-07-06T14:03:56.533-0700][info][gc,start       ] GC(193) Pause Full (G1 Compaction Pause)
[2024-07-06T14:03:56.533-0700][info][gc,phases,start] GC(193) Phase 1: Mark live objects
[2024-07-06T14:03:56.534-0700][info][gc,phases      ] GC(193) Phase 1: Mark live objects 0.798ms
[2024-07-06T14:03:56.534-0700][info][gc,phases,start] GC(193) Phase 2: Prepare for compaction
[2024-07-06T14:03:56.537-0700][info][gc,phases      ] GC(193) Phase 2: Prepare for compaction 3.669ms
[2024-07-06T14:03:56.537-0700][info][gc,phases,start] GC(193) Phase 3: Adjust pointers
[2024-07-06T14:03:56.541-0700][info][gc,phases      ] GC(193) Phase 3: Adjust pointers 3.310ms
[2024-07-06T14:03:56.541-0700][info][gc,phases,start] GC(193) Phase 4: Compact heap
[2024-07-06T14:03:56.544-0700][info][gc,phases      ] GC(193) Phase 4: Compact heap 3.308ms
[2024-07-06T14:03:56.548-0700][info][gc,heap        ] GC(193) Eden regions: 0->0(562)
[2024-07-06T14:03:56.548-0700][info][gc,heap        ] GC(193) Survivor regions: 0->0(0)
[2024-07-06T14:03:56.548-0700][info][gc,heap        ] GC(193) Old regions: 1018->4
[2024-07-06T14:03:56.548-0700][info][gc,heap        ] GC(193) Archive regions: 2->2
[2024-07-06T14:03:56.548-0700][info][gc,heap        ] GC(193) Humongous regions: 4->0
[2024-07-06T14:03:56.548-0700][info][gc,metaspace   ] GC(193) Metaspace: 306K(512K)->306K(512K) NonClass: 298K(384K)->298K(384K) Class: 7K(128K)->7K(128K)
[2024-07-06T14:03:56.548-0700][info][gc             ] GC(193) Pause Full (G1 Compaction Pause) 4088M->4M(4096M) 14.900ms
[2024-07-06T14:03:56.548-0700][info][gc,cpu         ] GC(193) User=0.04s Sys=0.00s Real=0.02s
[2024-07-06T14:03:56.549-0700][info][gc,heap,exit   ] Heap
[2024-07-06T14:03:56.549-0700][info][gc,heap,exit   ]  garbage-first heap   total 4194304K, used 8258K [0x0000000700000000, 0x0000000800000000)
[2024-07-06T14:03:56.549-0700][info][gc,heap,exit   ]   region size 4096K, 1 young (4096K), 0 survivors (0K)
[2024-07-06T14:03:56.549-0700][info][gc,heap,exit   ]  Metaspace       used 316K, committed 512K, reserved 1114112K
[2024-07-06T14:03:56.549-0700][info][gc,heap,exit   ]   class space    used 9K, committed 128K, reserved 1048576K
