[2024-07-06T09:21:16.861-0700][info][gc] Using G1
[2024-07-06T09:21:16.905-0700][info][gc,init] Version: 17.0.11+1-LTS (release)
[2024-07-06T09:21:16.905-0700][info][gc,init] CPUs: 4 total, 4 available
[2024-07-06T09:21:16.905-0700][info][gc,init] Memory: 15953M
[2024-07-06T09:21:16.905-0700][info][gc,init] Large Page Support: Disabled
[2024-07-06T09:21:16.905-0700][info][gc,init] NUMA Support: Disabled
[2024-07-06T09:21:16.905-0700][info][gc,init] Compressed Oops: Enabled (Zero based)
[2024-07-06T09:21:16.905-0700][info][gc,init] Heap Region Size: 4M
[2024-07-06T09:21:16.905-0700][info][gc,init] Heap Min Capacity: 16G
[2024-07-06T09:21:16.905-0700][info][gc,init] Heap Initial Capacity: 16G
[2024-07-06T09:21:16.905-0700][info][gc,init] Heap Max Capacity: 16G
[2024-07-06T09:21:16.905-0700][info][gc,init] Pre-touch: Disabled
[2024-07-06T09:21:16.905-0700][info][gc,init] Parallel Workers: 4
[2024-07-06T09:21:16.905-0700][info][gc,init] Concurrent Workers: 1
[2024-07-06T09:21:16.905-0700][info][gc,init] Concurrent Refinement Workers: 4
[2024-07-06T09:21:16.905-0700][info][gc,init] Periodic GC: Disabled
[2024-07-06T09:21:16.933-0700][info][gc,metaspace] CDS archive(s) mapped at: [0x00007f04bb000000-0x00007f04bbbbb000-0x00007f04bbbbb000), size 12300288, SharedBaseAddress: 0x00007f04bb000000, ArchiveRelocationMode: 1.
[2024-07-06T09:21:16.933-0700][info][gc,metaspace] Compressed class space mapped at: 0x00007f04bc000000-0x00007f04fc000000, reserved size: 1073741824
[2024-07-06T09:21:16.933-0700][info][gc,metaspace] Narrow klass base: 0x00007f04bb000000, Narrow klass shift: 0, Narrow klass range: 0x100000000
[2024-07-06T09:21:21.749-0700][info][gc,start    ] GC(0) Pause Young (Normal) (G1 Evacuation Pause)
[2024-07-06T09:21:21.749-0700][info][gc,task     ] GC(0) Using 4 workers of 4 for evacuation
[2024-07-06T09:21:21.937-0700][info][gc,phases   ] GC(0)   Pre Evacuate Collection Set: 0.4ms
[2024-07-06T09:21:21.937-0700][info][gc,phases   ] GC(0)   Merge Heap Roots: 0.4ms
[2024-07-06T09:21:21.937-0700][info][gc,phases   ] GC(0)   Evacuate Collection Set: 185.7ms
[2024-07-06T09:21:21.937-0700][info][gc,phases   ] GC(0)   Post Evacuate Collection Set: 0.7ms
[2024-07-06T09:21:21.937-0700][info][gc,phases   ] GC(0)   Other: 0.6ms
[2024-07-06T09:21:21.937-0700][info][gc,heap     ] GC(0) Eden regions: 204->0(178)
[2024-07-06T09:21:21.937-0700][info][gc,heap     ] GC(0) Survivor regions: 0->26(26)
[2024-07-06T09:21:21.937-0700][info][gc,heap     ] GC(0) Old regions: 0->77
[2024-07-06T09:21:21.937-0700][info][gc,heap     ] GC(0) Archive regions: 2->2
[2024-07-06T09:21:21.937-0700][info][gc,heap     ] GC(0) Humongous regions: 1->1
[2024-07-06T09:21:21.937-0700][info][gc,metaspace] GC(0) Metaspace: 227K(448K)->227K(448K) NonClass: 220K(320K)->220K(320K) Class: 6K(128K)->6K(128K)
[2024-07-06T09:21:21.937-0700][info][gc          ] GC(0) Pause Young (Normal) (G1 Evacuation Pause) 823M->416M(16384M) 187.816ms
[2024-07-06T09:21:21.937-0700][info][gc,cpu      ] GC(0) User=0.33s Sys=0.40s Real=0.19s
[2024-07-06T09:21:38.376-0700][info][gc,start    ] GC(1) Pause Young (Normal) (G1 Evacuation Pause)
[2024-07-06T09:21:38.376-0700][info][gc,task     ] GC(1) Using 4 workers of 4 for evacuation
[2024-07-06T09:21:38.728-0700][info][gc,mmu      ] GC(1) MMU target violated: 201.0ms (200.0ms/201.0ms)
[2024-07-06T09:21:38.728-0700][info][gc,phases   ] GC(1)   Pre Evacuate Collection Set: 0.5ms
[2024-07-06T09:21:38.728-0700][info][gc,phases   ] GC(1)   Merge Heap Roots: 0.3ms
[2024-07-06T09:21:38.728-0700][info][gc,phases   ] GC(1)   Evacuate Collection Set: 351.5ms
[2024-07-06T09:21:38.728-0700][info][gc,phases   ] GC(1)   Post Evacuate Collection Set: 0.5ms
[2024-07-06T09:21:38.729-0700][info][gc,phases   ] GC(1)   Other: 0.2ms
[2024-07-06T09:21:38.729-0700][info][gc,heap     ] GC(1) Eden regions: 178->0(178)
[2024-07-06T09:21:38.729-0700][info][gc,heap     ] GC(1) Survivor regions: 26->26(26)
[2024-07-06T09:21:38.729-0700][info][gc,heap     ] GC(1) Old regions: 77->223
[2024-07-06T09:21:38.729-0700][info][gc,heap     ] GC(1) Archive regions: 2->2
[2024-07-06T09:21:38.729-0700][info][gc,heap     ] GC(1) Humongous regions: 2->2
[2024-07-06T09:21:38.729-0700][info][gc,metaspace] GC(1) Metaspace: 268K(448K)->268K(448K) NonClass: 261K(320K)->261K(320K) Class: 6K(128K)->6K(128K)
[2024-07-06T09:21:38.729-0700][info][gc          ] GC(1) Pause Young (Normal) (G1 Evacuation Pause) 1132M->1007M(16384M) 353.020ms
[2024-07-06T09:21:38.729-0700][info][gc,cpu      ] GC(1) User=0.62s Sys=0.75s Real=0.35s
[2024-07-06T09:22:23.512-0700][info][gc,start    ] GC(2) Pause Young (Normal) (G1 Evacuation Pause)
[2024-07-06T09:22:23.512-0700][info][gc,task     ] GC(2) Using 4 workers of 4 for evacuation
[2024-07-06T09:22:23.855-0700][info][gc,mmu      ] GC(2) MMU target violated: 201.0ms (200.0ms/201.0ms)
[2024-07-06T09:22:23.855-0700][info][gc,phases   ] GC(2)   Pre Evacuate Collection Set: 0.4ms
[2024-07-06T09:22:23.855-0700][info][gc,phases   ] GC(2)   Merge Heap Roots: 0.2ms
[2024-07-06T09:22:23.855-0700][info][gc,phases   ] GC(2)   Evacuate Collection Set: 342.0ms
[2024-07-06T09:22:23.855-0700][info][gc,phases   ] GC(2)   Post Evacuate Collection Set: 0.5ms
[2024-07-06T09:22:23.855-0700][info][gc,phases   ] GC(2)   Other: 0.2ms
[2024-07-06T09:22:23.855-0700][info][gc,heap     ] GC(2) Eden regions: 178->0(178)
[2024-07-06T09:22:23.855-0700][info][gc,heap     ] GC(2) Survivor regions: 26->26(26)
[2024-07-06T09:22:23.855-0700][info][gc,heap     ] GC(2) Old regions: 223->380
[2024-07-06T09:22:23.855-0700][info][gc,heap     ] GC(2) Archive regions: 2->2
[2024-07-06T09:22:23.855-0700][info][gc,heap     ] GC(2) Humongous regions: 4->4
[2024-07-06T09:22:23.855-0700][info][gc,metaspace] GC(2) Metaspace: 278K(512K)->278K(512K) NonClass: 271K(384K)->271K(384K) Class: 6K(128K)->6K(128K)
[2024-07-06T09:22:23.855-0700][info][gc          ] GC(2) Pause Young (Normal) (G1 Evacuation Pause) 1727M->1642M(16384M) 343.367ms
[2024-07-06T09:22:23.855-0700][info][gc,cpu      ] GC(2) User=0.67s Sys=0.67s Real=0.35s
[2024-07-06T09:24:41.775-0700][info][gc,start    ] GC(3) Pause Young (Normal) (G1 Evacuation Pause)
[2024-07-06T09:24:41.775-0700][info][gc,task     ] GC(3) Using 4 workers of 4 for evacuation
[2024-07-06T09:24:42.169-0700][info][gc,mmu      ] GC(3) MMU target violated: 201.0ms (200.0ms/201.0ms)
[2024-07-06T09:24:42.169-0700][info][gc,phases   ] GC(3)   Pre Evacuate Collection Set: 0.5ms
[2024-07-06T09:24:42.169-0700][info][gc,phases   ] GC(3)   Merge Heap Roots: 0.3ms
[2024-07-06T09:24:42.169-0700][info][gc,phases   ] GC(3)   Evacuate Collection Set: 392.5ms
[2024-07-06T09:24:42.169-0700][info][gc,phases   ] GC(3)   Post Evacuate Collection Set: 0.6ms
[2024-07-06T09:24:42.169-0700][info][gc,phases   ] GC(3)   Other: 0.2ms
[2024-07-06T09:24:42.169-0700][info][gc,heap     ] GC(3) Eden regions: 178->0(178)
[2024-07-06T09:24:42.169-0700][info][gc,heap     ] GC(3) Survivor regions: 26->26(26)
[2024-07-06T09:24:42.169-0700][info][gc,heap     ] GC(3) Old regions: 380->545
[2024-07-06T09:24:42.169-0700][info][gc,heap     ] GC(3) Archive regions: 2->2
[2024-07-06T09:24:42.169-0700][info][gc,heap     ] GC(3) Humongous regions: 6->6
[2024-07-06T09:24:42.169-0700][info][gc,metaspace] GC(3) Metaspace: 297K(512K)->297K(512K) NonClass: 290K(384K)->290K(384K) Class: 6K(128K)->6K(128K)
[2024-07-06T09:24:42.169-0700][info][gc          ] GC(3) Pause Young (Normal) (G1 Evacuation Pause) 2362M->2308M(16384M) 394.113ms
[2024-07-06T09:24:42.169-0700][info][gc,cpu      ] GC(3) User=0.66s Sys=0.87s Real=0.40s
[2024-07-06T09:28:38.681-0700][info][gc,start    ] GC(4) Pause Young (Normal) (G1 Evacuation Pause)
[2024-07-06T09:28:38.681-0700][info][gc,task     ] GC(4) Using 4 workers of 4 for evacuation
[2024-07-06T09:28:39.076-0700][info][gc,mmu      ] GC(4) MMU target violated: 201.0ms (200.0ms/201.0ms)
[2024-07-06T09:28:39.076-0700][info][gc,phases   ] GC(4)   Pre Evacuate Collection Set: 0.4ms
[2024-07-06T09:28:39.076-0700][info][gc,phases   ] GC(4)   Merge Heap Roots: 0.3ms
[2024-07-06T09:28:39.077-0700][info][gc,phases   ] GC(4)   Evacuate Collection Set: 394.5ms
[2024-07-06T09:28:39.077-0700][info][gc,phases   ] GC(4)   Post Evacuate Collection Set: 0.6ms
[2024-07-06T09:28:39.077-0700][info][gc,phases   ] GC(4)   Other: 0.2ms
[2024-07-06T09:28:39.077-0700][info][gc,heap     ] GC(4) Eden regions: 178->0(178)
[2024-07-06T09:28:39.077-0700][info][gc,heap     ] GC(4) Survivor regions: 26->26(26)
[2024-07-06T09:28:39.077-0700][info][gc,heap     ] GC(4) Old regions: 545->712
[2024-07-06T09:28:39.077-0700][info][gc,heap     ] GC(4) Archive regions: 2->2
[2024-07-06T09:28:39.077-0700][info][gc,heap     ] GC(4) Humongous regions: 9->9
[2024-07-06T09:28:39.077-0700][info][gc,metaspace] GC(4) Metaspace: 301K(512K)->301K(512K) NonClass: 293K(384K)->293K(384K) Class: 7K(128K)->7K(128K)
[2024-07-06T09:28:39.077-0700][info][gc          ] GC(4) Pause Young (Normal) (G1 Evacuation Pause) 3032M->2991M(16384M) 396.134ms
[2024-07-06T09:28:39.077-0700][info][gc,cpu      ] GC(4) User=0.63s Sys=0.91s Real=0.40s
[2024-07-06T09:34:15.649-0700][info][gc,start    ] GC(5) Pause Young (Normal) (G1 Evacuation Pause)
[2024-07-06T09:34:15.649-0700][info][gc,task     ] GC(5) Using 4 workers of 4 for evacuation
[2024-07-06T09:34:16.015-0700][info][gc,mmu      ] GC(5) MMU target violated: 201.0ms (200.0ms/201.0ms)
[2024-07-06T09:34:16.015-0700][info][gc,phases   ] GC(5)   Pre Evacuate Collection Set: 0.4ms
[2024-07-06T09:34:16.015-0700][info][gc,phases   ] GC(5)   Merge Heap Roots: 0.3ms
[2024-07-06T09:34:16.015-0700][info][gc,phases   ] GC(5)   Evacuate Collection Set: 365.3ms
[2024-07-06T09:34:16.015-0700][info][gc,phases   ] GC(5)   Post Evacuate Collection Set: 0.5ms
[2024-07-06T09:34:16.015-0700][info][gc,phases   ] GC(5)   Other: 0.1ms
[2024-07-06T09:34:16.015-0700][info][gc,heap     ] GC(5) Eden regions: 178->0(178)
[2024-07-06T09:34:16.015-0700][info][gc,heap     ] GC(5) Survivor regions: 26->26(26)
[2024-07-06T09:34:16.015-0700][info][gc,heap     ] GC(5) Old regions: 712->876
[2024-07-06T09:34:16.015-0700][info][gc,heap     ] GC(5) Archive regions: 2->2
[2024-07-06T09:34:16.016-0700][info][gc,heap     ] GC(5) Humongous regions: 9->9
[2024-07-06T09:34:16.016-0700][info][gc,metaspace] GC(5) Metaspace: 301K(512K)->301K(512K) NonClass: 294K(384K)->294K(384K) Class: 7K(128K)->7K(128K)
[2024-07-06T09:34:16.016-0700][info][gc          ] GC(5) Pause Young (Normal) (G1 Evacuation Pause) 3703M->3646M(16384M) 366.696ms
[2024-07-06T09:34:16.016-0700][info][gc,cpu      ] GC(5) User=0.62s Sys=0.81s Real=0.37s
[2024-07-06T09:41:34.527-0700][info][gc,start    ] GC(6) Pause Young (Normal) (G1 Evacuation Pause)
[2024-07-06T09:41:34.527-0700][info][gc,task     ] GC(6) Using 4 workers of 4 for evacuation
[2024-07-06T09:41:34.937-0700][info][gc,mmu      ] GC(6) MMU target violated: 201.0ms (200.0ms/201.0ms)
[2024-07-06T09:41:34.937-0700][info][gc,phases   ] GC(6)   Pre Evacuate Collection Set: 0.5ms
[2024-07-06T09:41:34.937-0700][info][gc,phases   ] GC(6)   Merge Heap Roots: 0.4ms
[2024-07-06T09:41:34.937-0700][info][gc,phases   ] GC(6)   Evacuate Collection Set: 409.2ms
[2024-07-06T09:41:34.937-0700][info][gc,phases   ] GC(6)   Post Evacuate Collection Set: 0.6ms
[2024-07-06T09:41:34.937-0700][info][gc,phases   ] GC(6)   Other: 0.2ms
[2024-07-06T09:41:34.937-0700][info][gc,heap     ] GC(6) Eden regions: 178->0(178)
[2024-07-06T09:41:34.937-0700][info][gc,heap     ] GC(6) Survivor regions: 26->26(26)
[2024-07-06T09:41:34.937-0700][info][gc,heap     ] GC(6) Old regions: 876->1038
[2024-07-06T09:41:34.937-0700][info][gc,heap     ] GC(6) Archive regions: 2->2
[2024-07-06T09:41:34.937-0700][info][gc,heap     ] GC(6) Humongous regions: 9->9
[2024-07-06T09:41:34.937-0700][info][gc,metaspace] GC(6) Metaspace: 301K(512K)->301K(512K) NonClass: 294K(384K)->294K(384K) Class: 7K(128K)->7K(128K)
[2024-07-06T09:41:34.937-0700][info][gc          ] GC(6) Pause Young (Normal) (G1 Evacuation Pause) 4358M->4293M(16384M) 410.858ms
[2024-07-06T09:41:34.937-0700][info][gc,cpu      ] GC(6) User=0.65s Sys=0.94s Real=0.41s
[2024-07-06T09:50:12.959-0700][info][gc,start    ] GC(7) Pause Young (Normal) (G1 Evacuation Pause)
[2024-07-06T09:50:12.959-0700][info][gc,task     ] GC(7) Using 4 workers of 4 for evacuation
[2024-07-06T09:50:13.424-0700][info][gc,mmu      ] GC(7) MMU target violated: 201.0ms (200.0ms/201.0ms)
[2024-07-06T09:50:13.424-0700][info][gc,phases   ] GC(7)   Pre Evacuate Collection Set: 0.5ms
[2024-07-06T09:50:13.424-0700][info][gc,phases   ] GC(7)   Merge Heap Roots: 0.3ms
[2024-07-06T09:50:13.424-0700][info][gc,phases   ] GC(7)   Evacuate Collection Set: 462.9ms
[2024-07-06T09:50:13.424-0700][info][gc,phases   ] GC(7)   Post Evacuate Collection Set: 0.9ms
[2024-07-06T09:50:13.424-0700][info][gc,phases   ] GC(7)   Other: 0.2ms
[2024-07-06T09:50:13.424-0700][info][gc,heap     ] GC(7) Eden regions: 178->0(178)
[2024-07-06T09:50:13.424-0700][info][gc,heap     ] GC(7) Survivor regions: 26->26(26)
[2024-07-06T09:50:13.424-0700][info][gc,heap     ] GC(7) Old regions: 1038->1214
[2024-07-06T09:50:13.424-0700][info][gc,heap     ] GC(7) Archive regions: 2->2
[2024-07-06T09:50:13.424-0700][info][gc,heap     ] GC(7) Humongous regions: 13->13
[2024-07-06T09:50:13.424-0700][info][gc,metaspace] GC(7) Metaspace: 301K(512K)->301K(512K) NonClass: 294K(384K)->294K(384K) Class: 7K(128K)->7K(128K)
[2024-07-06T09:50:13.424-0700][info][gc          ] GC(7) Pause Young (Normal) (G1 Evacuation Pause) 5021M->5013M(16384M) 464.863ms
[2024-07-06T09:50:13.424-0700][info][gc,cpu      ] GC(7) User=0.80s Sys=1.00s Real=0.47s
[2024-07-06T10:00:04.666-0700][info][gc,start    ] GC(8) Pause Young (Normal) (G1 Evacuation Pause)
[2024-07-06T10:00:04.666-0700][info][gc,task     ] GC(8) Using 4 workers of 4 for evacuation
[2024-07-06T10:00:05.117-0700][info][gc,mmu      ] GC(8) MMU target violated: 201.0ms (200.0ms/201.0ms)
[2024-07-06T10:00:05.117-0700][info][gc,phases   ] GC(8)   Pre Evacuate Collection Set: 0.4ms
[2024-07-06T10:00:05.117-0700][info][gc,phases   ] GC(8)   Merge Heap Roots: 0.3ms
[2024-07-06T10:00:05.117-0700][info][gc,phases   ] GC(8)   Evacuate Collection Set: 450.0ms
[2024-07-06T10:00:05.117-0700][info][gc,phases   ] GC(8)   Post Evacuate Collection Set: 0.6ms
[2024-07-06T10:00:05.117-0700][info][gc,phases   ] GC(8)   Other: 0.2ms
[2024-07-06T10:00:05.117-0700][info][gc,heap     ] GC(8) Eden regions: 178->0(178)
[2024-07-06T10:00:05.117-0700][info][gc,heap     ] GC(8) Survivor regions: 26->26(26)
[2024-07-06T10:00:05.117-0700][info][gc,heap     ] GC(8) Old regions: 1214->1383
[2024-07-06T10:00:05.117-0700][info][gc,heap     ] GC(8) Archive regions: 2->2
[2024-07-06T10:00:05.117-0700][info][gc,heap     ] GC(8) Humongous regions: 13->13
[2024-07-06T10:00:05.117-0700][info][gc,metaspace] GC(8) Metaspace: 301K(512K)->301K(512K) NonClass: 294K(384K)->294K(384K) Class: 7K(128K)->7K(128K)
[2024-07-06T10:00:05.117-0700][info][gc          ] GC(8) Pause Young (Normal) (G1 Evacuation Pause) 5725M->5688M(16384M) 451.540ms
[2024-07-06T10:00:05.117-0700][info][gc,cpu      ] GC(8) User=0.67s Sys=1.08s Real=0.45s
[2024-07-06T10:11:04.117-0700][info][gc,start    ] GC(9) Pause Young (Normal) (G1 Evacuation Pause)
[2024-07-06T10:11:04.117-0700][info][gc,task     ] GC(9) Using 4 workers of 4 for evacuation
[2024-07-06T10:11:04.515-0700][info][gc,mmu      ] GC(9) MMU target violated: 201.0ms (200.0ms/201.0ms)
[2024-07-06T10:11:04.515-0700][info][gc,phases   ] GC(9)   Pre Evacuate Collection Set: 0.4ms
[2024-07-06T10:11:04.515-0700][info][gc,phases   ] GC(9)   Merge Heap Roots: 0.3ms
[2024-07-06T10:11:04.515-0700][info][gc,phases   ] GC(9)   Evacuate Collection Set: 396.7ms
[2024-07-06T10:11:04.515-0700][info][gc,phases   ] GC(9)   Post Evacuate Collection Set: 0.5ms
[2024-07-06T10:11:04.515-0700][info][gc,phases   ] GC(9)   Other: 0.2ms
[2024-07-06T10:11:04.515-0700][info][gc,heap     ] GC(9) Eden regions: 178->0(178)
[2024-07-06T10:11:04.515-0700][info][gc,heap     ] GC(9) Survivor regions: 26->26(26)
[2024-07-06T10:11:04.515-0700][info][gc,heap     ] GC(9) Old regions: 1383->1549
[2024-07-06T10:11:04.515-0700][info][gc,heap     ] GC(9) Archive regions: 2->2
[2024-07-06T10:11:04.515-0700][info][gc,heap     ] GC(9) Humongous regions: 13->13
[2024-07-06T10:11:04.515-0700][info][gc,metaspace] GC(9) Metaspace: 301K(512K)->301K(512K) NonClass: 294K(384K)->294K(384K) Class: 7K(128K)->7K(128K)
[2024-07-06T10:11:04.515-0700][info][gc          ] GC(9) Pause Young (Normal) (G1 Evacuation Pause) 6400M->6355M(16384M) 398.150ms
[2024-07-06T10:11:04.515-0700][info][gc,cpu      ] GC(9) User=0.60s Sys=0.95s Real=0.40s
[2024-07-06T10:23:34.944-0700][info][gc,start    ] GC(10) Pause Young (Normal) (G1 Evacuation Pause)
[2024-07-06T10:23:34.944-0700][info][gc,task     ] GC(10) Using 4 workers of 4 for evacuation
[2024-07-06T10:23:35.352-0700][info][gc,mmu      ] GC(10) MMU target violated: 201.0ms (200.0ms/201.0ms)
[2024-07-06T10:23:35.352-0700][info][gc,phases   ] GC(10)   Pre Evacuate Collection Set: 0.4ms
[2024-07-06T10:23:35.352-0700][info][gc,phases   ] GC(10)   Merge Heap Roots: 0.3ms
[2024-07-06T10:23:35.352-0700][info][gc,phases   ] GC(10)   Evacuate Collection Set: 406.6ms
[2024-07-06T10:23:35.352-0700][info][gc,phases   ] GC(10)   Post Evacuate Collection Set: 0.7ms
[2024-07-06T10:23:35.352-0700][info][gc,phases   ] GC(10)   Other: 0.2ms
[2024-07-06T10:23:35.352-0700][info][gc,heap     ] GC(10) Eden regions: 178->0(178)
[2024-07-06T10:23:35.352-0700][info][gc,heap     ] GC(10) Survivor regions: 26->26(26)
[2024-07-06T10:23:35.352-0700][info][gc,heap     ] GC(10) Old regions: 1549->1717
[2024-07-06T10:23:35.352-0700][info][gc,heap     ] GC(10) Archive regions: 2->2
[2024-07-06T10:23:35.352-0700][info][gc,heap     ] GC(10) Humongous regions: 13->13
[2024-07-06T10:23:35.352-0700][info][gc,metaspace] GC(10) Metaspace: 305K(512K)->305K(512K) NonClass: 297K(384K)->297K(384K) Class: 7K(128K)->7K(128K)
[2024-07-06T10:23:35.352-0700][info][gc          ] GC(10) Pause Young (Normal) (G1 Evacuation Pause) 7067M->7025M(16384M) 408.222ms
[2024-07-06T10:23:35.352-0700][info][gc,cpu      ] GC(10) User=0.65s Sys=0.93s Real=0.40s
[2024-07-06T10:37:11.828-0700][info][gc,start    ] GC(11) Pause Young (Normal) (G1 Evacuation Pause)
[2024-07-06T10:37:11.828-0700][info][gc,task     ] GC(11) Using 4 workers of 4 for evacuation
[2024-07-06T10:37:12.248-0700][info][gc,mmu      ] GC(11) MMU target violated: 201.0ms (200.0ms/201.0ms)
[2024-07-06T10:37:12.248-0700][info][gc,phases   ] GC(11)   Pre Evacuate Collection Set: 0.4ms
[2024-07-06T10:37:12.248-0700][info][gc,phases   ] GC(11)   Merge Heap Roots: 0.3ms
[2024-07-06T10:37:12.248-0700][info][gc,phases   ] GC(11)   Evacuate Collection Set: 418.7ms
[2024-07-06T10:37:12.248-0700][info][gc,phases   ] GC(11)   Post Evacuate Collection Set: 0.6ms
[2024-07-06T10:37:12.248-0700][info][gc,phases   ] GC(11)   Other: 0.2ms
[2024-07-06T10:37:12.248-0700][info][gc,heap     ] GC(11) Eden regions: 178->0(178)
[2024-07-06T10:37:12.248-0700][info][gc,heap     ] GC(11) Survivor regions: 26->26(26)
[2024-07-06T10:37:12.248-0700][info][gc,heap     ] GC(11) Old regions: 1717->1892
[2024-07-06T10:37:12.248-0700][info][gc,heap     ] GC(11) Archive regions: 2->2
[2024-07-06T10:37:12.248-0700][info][gc,heap     ] GC(11) Humongous regions: 19->19
[2024-07-06T10:37:12.248-0700][info][gc,metaspace] GC(11) Metaspace: 305K(512K)->305K(512K) NonClass: 297K(384K)->297K(384K) Class: 7K(128K)->7K(128K)
[2024-07-06T10:37:12.248-0700][info][gc          ] GC(11) Pause Young (Normal) (G1 Evacuation Pause) 7761M->7750M(16384M) 420.341ms
[2024-07-06T10:37:12.248-0700][info][gc,cpu      ] GC(11) User=0.69s Sys=0.96s Real=0.42s
[2024-07-06T10:51:49.245-0700][info][gc,start    ] GC(12) Pause Young (Concurrent Start) (G1 Evacuation Pause)
[2024-07-06T10:51:49.245-0700][info][gc,task     ] GC(12) Using 4 workers of 4 for evacuation
[2024-07-06T10:51:49.674-0700][info][gc,mmu      ] GC(12) MMU target violated: 201.0ms (200.0ms/201.0ms)
[2024-07-06T10:51:49.674-0700][info][gc,phases   ] GC(12)   Pre Evacuate Collection Set: 0.4ms
[2024-07-06T10:51:49.674-0700][info][gc,phases   ] GC(12)   Merge Heap Roots: 0.3ms
[2024-07-06T10:51:49.674-0700][info][gc,phases   ] GC(12)   Evacuate Collection Set: 426.8ms
[2024-07-06T10:51:49.674-0700][info][gc,phases   ] GC(12)   Post Evacuate Collection Set: 0.5ms
[2024-07-06T10:51:49.674-0700][info][gc,phases   ] GC(12)   Other: 0.7ms
[2024-07-06T10:51:49.674-0700][info][gc,heap     ] GC(12) Eden regions: 178->0(178)
[2024-07-06T10:51:49.674-0700][info][gc,heap     ] GC(12) Survivor regions: 26->26(26)
[2024-07-06T10:51:49.674-0700][info][gc,heap     ] GC(12) Old regions: 1892->2062
[2024-07-06T10:51:49.674-0700][info][gc,heap     ] GC(12) Archive regions: 2->2
[2024-07-06T10:51:49.674-0700][info][gc,heap     ] GC(12) Humongous regions: 19->19
[2024-07-06T10:51:49.674-0700][info][gc,metaspace] GC(12) Metaspace: 305K(512K)->305K(512K) NonClass: 297K(384K)->297K(384K) Class: 7K(128K)->7K(128K)
[2024-07-06T10:51:49.674-0700][info][gc          ] GC(12) Pause Young (Concurrent Start) (G1 Evacuation Pause) 8462M->8431M(16384M) 428.843ms
[2024-07-06T10:51:49.674-0700][info][gc,cpu      ] GC(12) User=0.62s Sys=1.04s Real=0.42s
[2024-07-06T10:51:49.674-0700][info][gc          ] GC(13) Concurrent Mark Cycle
[2024-07-06T10:51:49.674-0700][info][gc,marking  ] GC(13) Concurrent Clear Claimed Marks
[2024-07-06T10:51:49.674-0700][info][gc,marking  ] GC(13) Concurrent Clear Claimed Marks 0.006ms
[2024-07-06T10:51:49.674-0700][info][gc,marking  ] GC(13) Concurrent Scan Root Regions
[2024-07-06T10:51:49.716-0700][info][gc,marking  ] GC(13) Concurrent Scan Root Regions 41.656ms
[2024-07-06T10:51:49.716-0700][info][gc,marking  ] GC(13) Concurrent Mark
[2024-07-06T10:51:49.716-0700][info][gc,marking  ] GC(13) Concurrent Mark From Roots
[2024-07-06T10:51:49.716-0700][info][gc,task     ] GC(13) Using 1 workers of 1 for marking
[2024-07-06T10:51:51.076-0700][info][gc,marking  ] GC(13) Concurrent Mark From Roots 1360.280ms
[2024-07-06T10:51:51.076-0700][info][gc,marking  ] GC(13) Concurrent Preclean
[2024-07-06T10:51:51.076-0700][info][gc,marking  ] GC(13) Concurrent Preclean 0.064ms
[2024-07-06T10:51:51.087-0700][info][gc,start    ] GC(13) Pause Remark
[2024-07-06T10:51:51.088-0700][info][gc          ] GC(13) Pause Remark 8441M->8385M(16384M) 1.407ms
[2024-07-06T10:51:51.088-0700][info][gc,cpu      ] GC(13) User=0.00s Sys=0.00s Real=0.00s
[2024-07-06T10:51:51.088-0700][info][gc,marking  ] GC(13) Concurrent Mark 1372.649ms
[2024-07-06T10:51:51.088-0700][info][gc,marking  ] GC(13) Concurrent Rebuild Remembered Sets
[2024-07-06T10:51:51.591-0700][info][gc,marking  ] GC(13) Concurrent Rebuild Remembered Sets 502.935ms
[2024-07-06T10:51:51.591-0700][info][gc,start    ] GC(13) Pause Cleanup
[2024-07-06T10:51:51.593-0700][info][gc          ] GC(13) Pause Cleanup 8385M->8385M(16384M) 1.251ms
[2024-07-06T10:51:51.593-0700][info][gc,cpu      ] GC(13) User=0.00s Sys=0.00s Real=0.00s
[2024-07-06T10:51:51.593-0700][info][gc,marking  ] GC(13) Concurrent Cleanup for Next Mark
[2024-07-06T10:51:51.778-0700][info][gc,marking  ] GC(13) Concurrent Cleanup for Next Mark 185.048ms
[2024-07-06T10:51:51.778-0700][info][gc          ] GC(13) Concurrent Mark Cycle 2104.043ms
[2024-07-06T11:04:50.814-0700][info][gc,heap,exit] Heap
[2024-07-06T11:04:50.814-0700][info][gc,heap,exit]  garbage-first heap   total 16777216K, used 9166518K [0x0000000400000000, 0x0000000800000000)
[2024-07-06T11:04:50.814-0700][info][gc,heap,exit]   region size 4096K, 171 young (700416K), 26 survivors (106496K)
[2024-07-06T11:04:50.814-0700][info][gc,heap,exit]  Metaspace       used 306K, committed 512K, reserved 1114112K
[2024-07-06T11:04:50.814-0700][info][gc,heap,exit]   class space    used 7K, committed 128K, reserved 1048576K
