[2024-07-06T13:13:45.247-0700][info][gc] Using G1
[2024-07-06T13:13:45.265-0700][info][gc,init] Version: 17.0.11+1-LTS (release)
[2024-07-06T13:13:45.265-0700][info][gc,init] CPUs: 4 total, 4 available
[2024-07-06T13:13:45.265-0700][info][gc,init] Memory: 15953M
[2024-07-06T13:13:45.265-0700][info][gc,init] Large Page Support: Disabled
[2024-07-06T13:13:45.265-0700][info][gc,init] NUMA Support: Disabled
[2024-07-06T13:13:45.265-0700][info][gc,init] Compressed Oops: Enabled (Zero based)
[2024-07-06T13:13:45.265-0700][info][gc,init] Heap Region Size: 2M
[2024-07-06T13:13:45.265-0700][info][gc,init] Heap Min Capacity: 4G
[2024-07-06T13:13:45.265-0700][info][gc,init] Heap Initial Capacity: 4G
[2024-07-06T13:13:45.265-0700][info][gc,init] Heap Max Capacity: 4G
[2024-07-06T13:13:45.265-0700][info][gc,init] Pre-touch: Disabled
[2024-07-06T13:13:45.265-0700][info][gc,init] Parallel Workers: 4
[2024-07-06T13:13:45.265-0700][info][gc,init] Concurrent Workers: 1
[2024-07-06T13:13:45.265-0700][info][gc,init] Concurrent Refinement Workers: 4
[2024-07-06T13:13:45.265-0700][info][gc,init] Periodic GC: Disabled
[2024-07-06T13:13:45.272-0700][info][gc,metaspace] CDS archive(s) mapped at: [0x00007f8977000000-0x00007f8977bbb000-0x00007f8977bbb000), size 12300288, SharedBaseAddress: 0x00007f8977000000, ArchiveRelocationMode: 1.
[2024-07-06T13:13:45.272-0700][info][gc,metaspace] Compressed class space mapped at: 0x00007f8978000000-0x00007f89b8000000, reserved size: 1073741824
[2024-07-06T13:13:45.272-0700][info][gc,metaspace] Narrow klass base: 0x00007f8977000000, Narrow klass shift: 0, Narrow klass range: 0x100000000
[2024-07-06T13:13:45.617-0700][info][gc,start    ] GC(0) Pause Young (Normal) (G1 Evacuation Pause)
[2024-07-06T13:13:45.618-0700][info][gc,task     ] GC(0) Using 4 workers of 4 for evacuation
[2024-07-06T13:13:45.678-0700][info][gc,phases   ] GC(0)   Pre Evacuate Collection Set: 0.3ms
[2024-07-06T13:13:45.678-0700][info][gc,phases   ] GC(0)   Merge Heap Roots: 0.2ms
[2024-07-06T13:13:45.678-0700][info][gc,phases   ] GC(0)   Evacuate Collection Set: 59.3ms
[2024-07-06T13:13:45.678-0700][info][gc,phases   ] GC(0)   Post Evacuate Collection Set: 0.5ms
[2024-07-06T13:13:45.678-0700][info][gc,phases   ] GC(0)   Other: 0.6ms
[2024-07-06T13:13:45.678-0700][info][gc,heap     ] GC(0) Eden regions: 102->0(89)
[2024-07-06T13:13:45.678-0700][info][gc,heap     ] GC(0) Survivor regions: 0->13(13)
[2024-07-06T13:13:45.678-0700][info][gc,heap     ] GC(0) Old regions: 0->39
[2024-07-06T13:13:45.678-0700][info][gc,heap     ] GC(0) Archive regions: 2->2
[2024-07-06T13:13:45.678-0700][info][gc,heap     ] GC(0) Humongous regions: 0->0
[2024-07-06T13:13:45.678-0700][info][gc,metaspace] GC(0) Metaspace: 181K(384K)->181K(384K) NonClass: 174K(256K)->174K(256K) Class: 6K(128K)->6K(128K)
[2024-07-06T13:13:45.678-0700][info][gc          ] GC(0) Pause Young (Normal) (G1 Evacuation Pause) 205M->104M(4096M) 60.892ms
[2024-07-06T13:13:45.678-0700][info][gc,cpu      ] GC(0) User=0.08s Sys=0.14s Real=0.06s
[2024-07-06T13:13:46.358-0700][info][gc,start    ] GC(1) Pause Young (Normal) (G1 Evacuation Pause)
[2024-07-06T13:13:46.358-0700][info][gc,task     ] GC(1) Using 4 workers of 4 for evacuation
[2024-07-06T13:13:46.423-0700][info][gc,phases   ] GC(1)   Pre Evacuate Collection Set: 0.3ms
[2024-07-06T13:13:46.423-0700][info][gc,phases   ] GC(1)   Merge Heap Roots: 0.1ms
[2024-07-06T13:13:46.423-0700][info][gc,phases   ] GC(1)   Evacuate Collection Set: 64.3ms
[2024-07-06T13:13:46.423-0700][info][gc,phases   ] GC(1)   Post Evacuate Collection Set: 0.5ms
[2024-07-06T13:13:46.423-0700][info][gc,phases   ] GC(1)   Other: 0.1ms
[2024-07-06T13:13:46.423-0700][info][gc,heap     ] GC(1) Eden regions: 89->0(89)
[2024-07-06T13:13:46.423-0700][info][gc,heap     ] GC(1) Survivor regions: 13->13(13)
[2024-07-06T13:13:46.423-0700][info][gc,heap     ] GC(1) Old regions: 39->100
[2024-07-06T13:13:46.423-0700][info][gc,heap     ] GC(1) Archive regions: 2->2
[2024-07-06T13:13:46.423-0700][info][gc,heap     ] GC(1) Humongous regions: 0->0
[2024-07-06T13:13:46.423-0700][info][gc,metaspace] GC(1) Metaspace: 191K(384K)->191K(384K) NonClass: 184K(256K)->184K(256K) Class: 6K(128K)->6K(128K)
[2024-07-06T13:13:46.423-0700][info][gc          ] GC(1) Pause Young (Normal) (G1 Evacuation Pause) 282M->227M(4096M) 65.247ms
[2024-07-06T13:13:46.423-0700][info][gc,cpu      ] GC(1) User=0.13s Sys=0.13s Real=0.07s
[2024-07-06T13:13:47.429-0700][info][gc,start    ] GC(2) Pause Young (Normal) (G1 Evacuation Pause)
[2024-07-06T13:13:47.429-0700][info][gc,task     ] GC(2) Using 4 workers of 4 for evacuation
[2024-07-06T13:13:47.500-0700][info][gc,phases   ] GC(2)   Pre Evacuate Collection Set: 0.3ms
[2024-07-06T13:13:47.500-0700][info][gc,phases   ] GC(2)   Merge Heap Roots: 0.1ms
[2024-07-06T13:13:47.500-0700][info][gc,phases   ] GC(2)   Evacuate Collection Set: 70.3ms
[2024-07-06T13:13:47.500-0700][info][gc,phases   ] GC(2)   Post Evacuate Collection Set: 0.4ms
[2024-07-06T13:13:47.500-0700][info][gc,phases   ] GC(2)   Other: 0.1ms
[2024-07-06T13:13:47.500-0700][info][gc,heap     ] GC(2) Eden regions: 89->0(89)
[2024-07-06T13:13:47.500-0700][info][gc,heap     ] GC(2) Survivor regions: 13->13(13)
[2024-07-06T13:13:47.500-0700][info][gc,heap     ] GC(2) Old regions: 100->171
[2024-07-06T13:13:47.500-0700][info][gc,heap     ] GC(2) Archive regions: 2->2
[2024-07-06T13:13:47.500-0700][info][gc,heap     ] GC(2) Humongous regions: 1->1
[2024-07-06T13:13:47.500-0700][info][gc,metaspace] GC(2) Metaspace: 197K(384K)->197K(384K) NonClass: 190K(256K)->190K(256K) Class: 6K(128K)->6K(128K)
[2024-07-06T13:13:47.500-0700][info][gc          ] GC(2) Pause Young (Normal) (G1 Evacuation Pause) 407M->371M(4096M) 71.230ms
[2024-07-06T13:13:47.500-0700][info][gc,cpu      ] GC(2) User=0.14s Sys=0.14s Real=0.07s
[2024-07-06T13:13:48.985-0700][info][gc,start    ] GC(3) Pause Young (Normal) (G1 Evacuation Pause)
[2024-07-06T13:13:48.985-0700][info][gc,task     ] GC(3) Using 4 workers of 4 for evacuation
[2024-07-06T13:13:49.074-0700][info][gc,phases   ] GC(3)   Pre Evacuate Collection Set: 0.3ms
[2024-07-06T13:13:49.074-0700][info][gc,phases   ] GC(3)   Merge Heap Roots: 0.1ms
[2024-07-06T13:13:49.074-0700][info][gc,phases   ] GC(3)   Evacuate Collection Set: 87.7ms
[2024-07-06T13:13:49.074-0700][info][gc,phases   ] GC(3)   Post Evacuate Collection Set: 0.4ms
[2024-07-06T13:13:49.074-0700][info][gc,phases   ] GC(3)   Other: 0.4ms
[2024-07-06T13:13:49.074-0700][info][gc,heap     ] GC(3) Eden regions: 89->0(89)
[2024-07-06T13:13:49.074-0700][info][gc,heap     ] GC(3) Survivor regions: 13->13(13)
[2024-07-06T13:13:49.074-0700][info][gc,heap     ] GC(3) Old regions: 171->257
[2024-07-06T13:13:49.074-0700][info][gc,heap     ] GC(3) Archive regions: 2->2
[2024-07-06T13:13:49.074-0700][info][gc,heap     ] GC(3) Humongous regions: 3->3
[2024-07-06T13:13:49.074-0700][info][gc,metaspace] GC(3) Metaspace: 227K(448K)->227K(448K) NonClass: 220K(320K)->220K(320K) Class: 6K(128K)->6K(128K)
[2024-07-06T13:13:49.074-0700][info][gc          ] GC(3) Pause Young (Normal) (G1 Evacuation Pause) 553M->546M(4096M) 89.054ms
[2024-07-06T13:13:49.074-0700][info][gc,cpu      ] GC(3) User=0.18s Sys=0.16s Real=0.08s
[2024-07-06T13:13:51.115-0700][info][gc,start    ] GC(4) Pause Young (Normal) (G1 Evacuation Pause)
[2024-07-06T13:13:51.115-0700][info][gc,task     ] GC(4) Using 4 workers of 4 for evacuation
[2024-07-06T13:13:51.201-0700][info][gc,phases   ] GC(4)   Pre Evacuate Collection Set: 0.2ms
[2024-07-06T13:13:51.201-0700][info][gc,phases   ] GC(4)   Merge Heap Roots: 0.1ms
[2024-07-06T13:13:51.201-0700][info][gc,phases   ] GC(4)   Evacuate Collection Set: 85.1ms
[2024-07-06T13:13:51.201-0700][info][gc,phases   ] GC(4)   Post Evacuate Collection Set: 0.4ms
[2024-07-06T13:13:51.201-0700][info][gc,phases   ] GC(4)   Other: 0.1ms
[2024-07-06T13:13:51.201-0700][info][gc,heap     ] GC(4) Eden regions: 89->0(89)
[2024-07-06T13:13:51.201-0700][info][gc,heap     ] GC(4) Survivor regions: 13->13(13)
[2024-07-06T13:13:51.201-0700][info][gc,heap     ] GC(4) Old regions: 257->338
[2024-07-06T13:13:51.201-0700][info][gc,heap     ] GC(4) Archive regions: 2->2
[2024-07-06T13:13:51.201-0700][info][gc,heap     ] GC(4) Humongous regions: 3->3
[2024-07-06T13:13:51.201-0700][info][gc,metaspace] GC(4) Metaspace: 230K(448K)->230K(448K) NonClass: 224K(320K)->224K(320K) Class: 6K(128K)->6K(128K)
[2024-07-06T13:13:51.201-0700][info][gc          ] GC(4) Pause Young (Normal) (G1 Evacuation Pause) 724M->709M(4096M) 86.041ms
[2024-07-06T13:13:51.201-0700][info][gc,cpu      ] GC(4) User=0.19s Sys=0.14s Real=0.09s
[2024-07-06T13:13:54.111-0700][info][gc,start    ] GC(5) Pause Young (Normal) (G1 Evacuation Pause)
[2024-07-06T13:13:54.111-0700][info][gc,task     ] GC(5) Using 4 workers of 4 for evacuation
[2024-07-06T13:13:54.199-0700][info][gc,phases   ] GC(5)   Pre Evacuate Collection Set: 0.2ms
[2024-07-06T13:13:54.199-0700][info][gc,phases   ] GC(5)   Merge Heap Roots: 0.1ms
[2024-07-06T13:13:54.199-0700][info][gc,phases   ] GC(5)   Evacuate Collection Set: 86.4ms
[2024-07-06T13:13:54.199-0700][info][gc,phases   ] GC(5)   Post Evacuate Collection Set: 0.4ms
[2024-07-06T13:13:54.199-0700][info][gc,phases   ] GC(5)   Other: 0.1ms
[2024-07-06T13:13:54.199-0700][info][gc,heap     ] GC(5) Eden regions: 89->0(89)
[2024-07-06T13:13:54.199-0700][info][gc,heap     ] GC(5) Survivor regions: 13->13(13)
[2024-07-06T13:13:54.199-0700][info][gc,heap     ] GC(5) Old regions: 338->424
[2024-07-06T13:13:54.199-0700][info][gc,heap     ] GC(5) Archive regions: 2->2
[2024-07-06T13:13:54.199-0700][info][gc,heap     ] GC(5) Humongous regions: 5->5
[2024-07-06T13:13:54.199-0700][info][gc,metaspace] GC(5) Metaspace: 259K(448K)->259K(448K) NonClass: 253K(320K)->253K(320K) Class: 6K(128K)->6K(128K)
[2024-07-06T13:13:54.199-0700][info][gc          ] GC(5) Pause Young (Normal) (G1 Evacuation Pause) 891M->884M(4096M) 87.226ms
[2024-07-06T13:13:54.199-0700][info][gc,cpu      ] GC(5) User=0.18s Sys=0.16s Real=0.09s
[2024-07-06T13:13:57.560-0700][info][gc,start    ] GC(6) Pause Young (Normal) (G1 Evacuation Pause)
[2024-07-06T13:13:57.560-0700][info][gc,task     ] GC(6) Using 4 workers of 4 for evacuation
[2024-07-06T13:13:57.649-0700][info][gc,phases   ] GC(6)   Pre Evacuate Collection Set: 0.2ms
[2024-07-06T13:13:57.649-0700][info][gc,phases   ] GC(6)   Merge Heap Roots: 0.1ms
[2024-07-06T13:13:57.649-0700][info][gc,phases   ] GC(6)   Evacuate Collection Set: 89.1ms
[2024-07-06T13:13:57.649-0700][info][gc,phases   ] GC(6)   Post Evacuate Collection Set: 0.3ms
[2024-07-06T13:13:57.649-0700][info][gc,phases   ] GC(6)   Other: 0.1ms
[2024-07-06T13:13:57.649-0700][info][gc,heap     ] GC(6) Eden regions: 89->0(89)
[2024-07-06T13:13:57.649-0700][info][gc,heap     ] GC(6) Survivor regions: 13->13(13)
[2024-07-06T13:13:57.649-0700][info][gc,heap     ] GC(6) Old regions: 424->506
[2024-07-06T13:13:57.649-0700][info][gc,heap     ] GC(6) Archive regions: 2->2
[2024-07-06T13:13:57.649-0700][info][gc,heap     ] GC(6) Humongous regions: 5->5
[2024-07-06T13:13:57.650-0700][info][gc,metaspace] GC(6) Metaspace: 263K(448K)->263K(448K) NonClass: 257K(320K)->257K(320K) Class: 6K(128K)->6K(128K)
[2024-07-06T13:13:57.650-0700][info][gc          ] GC(6) Pause Young (Normal) (G1 Evacuation Pause) 1062M->1049M(4096M) 89.994ms
[2024-07-06T13:13:57.650-0700][info][gc,cpu      ] GC(6) User=0.15s Sys=0.19s Real=0.09s
[2024-07-06T13:14:04.169-0700][info][gc,start    ] GC(7) Pause Young (Normal) (G1 Evacuation Pause)
[2024-07-06T13:14:04.169-0700][info][gc,task     ] GC(7) Using 4 workers of 4 for evacuation
[2024-07-06T13:14:04.273-0700][info][gc,phases   ] GC(7)   Pre Evacuate Collection Set: 0.2ms
[2024-07-06T13:14:04.273-0700][info][gc,phases   ] GC(7)   Merge Heap Roots: 0.1ms
[2024-07-06T13:14:04.273-0700][info][gc,phases   ] GC(7)   Evacuate Collection Set: 103.7ms
[2024-07-06T13:14:04.273-0700][info][gc,phases   ] GC(7)   Post Evacuate Collection Set: 0.4ms
[2024-07-06T13:14:04.273-0700][info][gc,phases   ] GC(7)   Other: 0.1ms
[2024-07-06T13:14:04.273-0700][info][gc,heap     ] GC(7) Eden regions: 89->0(89)
[2024-07-06T13:14:04.273-0700][info][gc,heap     ] GC(7) Survivor regions: 13->13(13)
[2024-07-06T13:14:04.273-0700][info][gc,heap     ] GC(7) Old regions: 506->588
[2024-07-06T13:14:04.273-0700][info][gc,heap     ] GC(7) Archive regions: 2->2
[2024-07-06T13:14:04.273-0700][info][gc,heap     ] GC(7) Humongous regions: 5->5
[2024-07-06T13:14:04.273-0700][info][gc,metaspace] GC(7) Metaspace: 267K(448K)->267K(448K) NonClass: 260K(320K)->260K(320K) Class: 6K(128K)->6K(128K)
[2024-07-06T13:14:04.273-0700][info][gc          ] GC(7) Pause Young (Normal) (G1 Evacuation Pause) 1227M->1212M(4096M) 104.713ms
[2024-07-06T13:14:04.273-0700][info][gc,cpu      ] GC(7) User=0.18s Sys=0.22s Real=0.10s
[2024-07-06T13:14:12.070-0700][info][gc,start    ] GC(8) Pause Young (Normal) (G1 Evacuation Pause)
[2024-07-06T13:14:12.070-0700][info][gc,task     ] GC(8) Using 4 workers of 4 for evacuation
[2024-07-06T13:14:12.182-0700][info][gc,phases   ] GC(8)   Pre Evacuate Collection Set: 0.3ms
[2024-07-06T13:14:12.182-0700][info][gc,phases   ] GC(8)   Merge Heap Roots: 0.2ms
[2024-07-06T13:14:12.182-0700][info][gc,phases   ] GC(8)   Evacuate Collection Set: 111.4ms
[2024-07-06T13:14:12.182-0700][info][gc,phases   ] GC(8)   Post Evacuate Collection Set: 0.4ms
[2024-07-06T13:14:12.182-0700][info][gc,phases   ] GC(8)   Other: 0.1ms
[2024-07-06T13:14:12.182-0700][info][gc,heap     ] GC(8) Eden regions: 89->0(89)
[2024-07-06T13:14:12.182-0700][info][gc,heap     ] GC(8) Survivor regions: 13->13(13)
[2024-07-06T13:14:12.182-0700][info][gc,heap     ] GC(8) Old regions: 588->677
[2024-07-06T13:14:12.182-0700][info][gc,heap     ] GC(8) Archive regions: 2->2
[2024-07-06T13:14:12.182-0700][info][gc,heap     ] GC(8) Humongous regions: 8->8
[2024-07-06T13:14:12.182-0700][info][gc,metaspace] GC(8) Metaspace: 270K(512K)->270K(512K) NonClass: 263K(384K)->263K(384K) Class: 6K(128K)->6K(128K)
[2024-07-06T13:14:12.182-0700][info][gc          ] GC(8) Pause Young (Normal) (G1 Evacuation Pause) 1396M->1396M(4096M) 112.431ms
[2024-07-06T13:14:12.182-0700][info][gc,cpu      ] GC(8) User=0.21s Sys=0.22s Real=0.11s
[2024-07-06T13:14:21.097-0700][info][gc,start    ] GC(9) Pause Young (Normal) (G1 Evacuation Pause)
[2024-07-06T13:14:21.097-0700][info][gc,task     ] GC(9) Using 4 workers of 4 for evacuation
[2024-07-06T13:14:21.189-0700][info][gc,phases   ] GC(9)   Pre Evacuate Collection Set: 0.3ms
[2024-07-06T13:14:21.189-0700][info][gc,phases   ] GC(9)   Merge Heap Roots: 0.1ms
[2024-07-06T13:14:21.189-0700][info][gc,phases   ] GC(9)   Evacuate Collection Set: 91.1ms
[2024-07-06T13:14:21.189-0700][info][gc,phases   ] GC(9)   Post Evacuate Collection Set: 0.4ms
[2024-07-06T13:14:21.189-0700][info][gc,phases   ] GC(9)   Other: 0.1ms
[2024-07-06T13:14:21.189-0700][info][gc,heap     ] GC(9) Eden regions: 89->0(99)
[2024-07-06T13:14:21.189-0700][info][gc,heap     ] GC(9) Survivor regions: 13->13(13)
[2024-07-06T13:14:21.189-0700][info][gc,heap     ] GC(9) Old regions: 677->762
[2024-07-06T13:14:21.189-0700][info][gc,heap     ] GC(9) Archive regions: 2->2
[2024-07-06T13:14:21.189-0700][info][gc,heap     ] GC(9) Humongous regions: 8->8
[2024-07-06T13:14:21.189-0700][info][gc,metaspace] GC(9) Metaspace: 270K(512K)->270K(512K) NonClass: 263K(384K)->263K(384K) Class: 6K(128K)->6K(128K)
[2024-07-06T13:14:21.189-0700][info][gc          ] GC(9) Pause Young (Normal) (G1 Evacuation Pause) 1574M->1566M(4096M) 92.119ms
[2024-07-06T13:14:21.189-0700][info][gc,cpu      ] GC(9) User=0.18s Sys=0.18s Real=0.09s
[2024-07-06T13:14:31.927-0700][info][gc,start    ] GC(10) Pause Young (Normal) (G1 Evacuation Pause)
[2024-07-06T13:14:31.927-0700][info][gc,task     ] GC(10) Using 4 workers of 4 for evacuation
[2024-07-06T13:14:32.027-0700][info][gc,phases   ] GC(10)   Pre Evacuate Collection Set: 0.2ms
[2024-07-06T13:14:32.027-0700][info][gc,phases   ] GC(10)   Merge Heap Roots: 0.1ms
[2024-07-06T13:14:32.027-0700][info][gc,phases   ] GC(10)   Evacuate Collection Set: 99.8ms
[2024-07-06T13:14:32.027-0700][info][gc,phases   ] GC(10)   Post Evacuate Collection Set: 0.3ms
[2024-07-06T13:14:32.027-0700][info][gc,phases   ] GC(10)   Other: 0.2ms
[2024-07-06T13:14:32.027-0700][info][gc,heap     ] GC(10) Eden regions: 98->0(121)
[2024-07-06T13:14:32.027-0700][info][gc,heap     ] GC(10) Survivor regions: 13->14(14)
[2024-07-06T13:14:32.028-0700][info][gc,heap     ] GC(10) Old regions: 762->852
[2024-07-06T13:14:32.028-0700][info][gc,heap     ] GC(10) Archive regions: 2->2
[2024-07-06T13:14:32.028-0700][info][gc,heap     ] GC(10) Humongous regions: 8->8
[2024-07-06T13:14:32.028-0700][info][gc,metaspace] GC(10) Metaspace: 271K(512K)->271K(512K) NonClass: 264K(384K)->264K(384K) Class: 6K(128K)->6K(128K)
[2024-07-06T13:14:32.028-0700][info][gc          ] GC(10) Pause Young (Normal) (G1 Evacuation Pause) 1762M->1749M(4096M) 100.707ms
[2024-07-06T13:14:32.028-0700][info][gc,cpu      ] GC(10) User=0.17s Sys=0.22s Real=0.10s
[2024-07-06T13:14:48.742-0700][info][gc,start    ] GC(11) Pause Young (Normal) (G1 Evacuation Pause)
[2024-07-06T13:14:48.742-0700][info][gc,task     ] GC(11) Using 4 workers of 4 for evacuation
[2024-07-06T13:14:48.858-0700][info][gc,phases   ] GC(11)   Pre Evacuate Collection Set: 0.2ms
[2024-07-06T13:14:48.858-0700][info][gc,phases   ] GC(11)   Merge Heap Roots: 0.1ms
[2024-07-06T13:14:48.858-0700][info][gc,phases   ] GC(11)   Evacuate Collection Set: 114.3ms
[2024-07-06T13:14:48.858-0700][info][gc,phases   ] GC(11)   Post Evacuate Collection Set: 1.0ms
[2024-07-06T13:14:48.858-0700][info][gc,phases   ] GC(11)   Other: 0.1ms
[2024-07-06T13:14:48.858-0700][info][gc,heap     ] GC(11) Eden regions: 117->0(140)
[2024-07-06T13:14:48.858-0700][info][gc,heap     ] GC(11) Survivor regions: 14->17(17)
[2024-07-06T13:14:48.858-0700][info][gc,heap     ] GC(11) Old regions: 852->959
[2024-07-06T13:14:48.858-0700][info][gc,heap     ] GC(11) Archive regions: 2->2
[2024-07-06T13:14:48.858-0700][info][gc,heap     ] GC(11) Humongous regions: 8->8
[2024-07-06T13:14:48.858-0700][info][gc,metaspace] GC(11) Metaspace: 278K(512K)->278K(512K) NonClass: 272K(384K)->272K(384K) Class: 6K(128K)->6K(128K)
[2024-07-06T13:14:48.858-0700][info][gc          ] GC(11) Pause Young (Normal) (G1 Evacuation Pause) 1983M->1968M(4096M) 115.845ms
[2024-07-06T13:14:48.858-0700][info][gc,cpu      ] GC(11) User=0.25s Sys=0.21s Real=0.12s
[2024-07-06T13:15:00.760-0700][info][gc,start    ] GC(12) Pause Young (Concurrent Start) (G1 Humongous Allocation)
[2024-07-06T13:15:00.760-0700][info][gc,task     ] GC(12) Using 4 workers of 4 for evacuation
[2024-07-06T13:15:00.866-0700][info][gc,phases   ] GC(12)   Pre Evacuate Collection Set: 0.4ms
[2024-07-06T13:15:00.866-0700][info][gc,phases   ] GC(12)   Merge Heap Roots: 0.5ms
[2024-07-06T13:15:00.866-0700][info][gc,phases   ] GC(12)   Evacuate Collection Set: 104.4ms
[2024-07-06T13:15:00.866-0700][info][gc,phases   ] GC(12)   Post Evacuate Collection Set: 0.4ms
[2024-07-06T13:15:00.866-0700][info][gc,phases   ] GC(12)   Other: 0.4ms
[2024-07-06T13:15:00.866-0700][info][gc,heap     ] GC(12) Eden regions: 90->0(145)
[2024-07-06T13:15:00.866-0700][info][gc,heap     ] GC(12) Survivor regions: 17->20(20)
[2024-07-06T13:15:00.866-0700][info][gc,heap     ] GC(12) Old regions: 959->1040
[2024-07-06T13:15:00.866-0700][info][gc,heap     ] GC(12) Archive regions: 2->2
[2024-07-06T13:15:00.866-0700][info][gc,heap     ] GC(12) Humongous regions: 8->8
[2024-07-06T13:15:00.866-0700][info][gc,metaspace] GC(12) Metaspace: 282K(512K)->282K(512K) NonClass: 275K(384K)->275K(384K) Class: 6K(128K)->6K(128K)
[2024-07-06T13:15:00.866-0700][info][gc          ] GC(12) Pause Young (Concurrent Start) (G1 Humongous Allocation) 2147M->2137M(4096M) 106.180ms
[2024-07-06T13:15:00.866-0700][info][gc,cpu      ] GC(12) User=0.20s Sys=0.21s Real=0.11s
[2024-07-06T13:15:00.866-0700][info][gc          ] GC(13) Concurrent Mark Cycle
[2024-07-06T13:15:00.866-0700][info][gc,marking  ] GC(13) Concurrent Clear Claimed Marks
[2024-07-06T13:15:00.866-0700][info][gc,marking  ] GC(13) Concurrent Clear Claimed Marks 0.007ms
[2024-07-06T13:15:00.866-0700][info][gc,marking  ] GC(13) Concurrent Scan Root Regions
[2024-07-06T13:15:00.880-0700][info][gc,marking  ] GC(13) Concurrent Scan Root Regions 13.265ms
[2024-07-06T13:15:00.880-0700][info][gc,marking  ] GC(13) Concurrent Mark
[2024-07-06T13:15:00.880-0700][info][gc,marking  ] GC(13) Concurrent Mark From Roots
[2024-07-06T13:15:00.880-0700][info][gc,task     ] GC(13) Using 1 workers of 1 for marking
[2024-07-06T13:15:01.164-0700][info][gc,marking  ] GC(13) Concurrent Mark From Roots 284.387ms
[2024-07-06T13:15:01.164-0700][info][gc,marking  ] GC(13) Concurrent Preclean
[2024-07-06T13:15:01.164-0700][info][gc,marking  ] GC(13) Concurrent Preclean 0.077ms
[2024-07-06T13:15:12.169-0700][info][gc,start    ] GC(13) Pause Remark
[2024-07-06T13:15:12.170-0700][info][gc          ] GC(13) Pause Remark 2150M->2140M(4096M) 0.812ms
[2024-07-06T13:15:12.170-0700][info][gc,cpu      ] GC(13) User=0.01s Sys=0.00s Real=0.00s
[2024-07-06T13:15:12.170-0700][info][gc,marking  ] GC(13) Concurrent Mark 11290.163ms
[2024-07-06T13:15:12.170-0700][info][gc,marking  ] GC(13) Concurrent Rebuild Remembered Sets
[2024-07-06T13:15:12.276-0700][info][gc,marking  ] GC(13) Concurrent Rebuild Remembered Sets 105.884ms
[2024-07-06T13:15:12.346-0700][info][gc,start    ] GC(13) Pause Cleanup
[2024-07-06T13:15:12.347-0700][info][gc          ] GC(13) Pause Cleanup 2140M->2140M(4096M) 0.821ms
[2024-07-06T13:15:12.347-0700][info][gc,cpu      ] GC(13) User=0.01s Sys=0.00s Real=0.00s
[2024-07-06T13:15:12.347-0700][info][gc,marking  ] GC(13) Concurrent Cleanup for Next Mark
[2024-07-06T13:15:12.377-0700][info][gc,marking  ] GC(13) Concurrent Cleanup for Next Mark 30.566ms
[2024-07-06T13:15:12.377-0700][info][gc          ] GC(13) Concurrent Mark Cycle 11511.000ms
[2024-07-06T13:15:30.996-0700][info][gc,start    ] GC(14) Pause Young (Prepare Mixed) (G1 Evacuation Pause)
[2024-07-06T13:15:30.997-0700][info][gc,task     ] GC(14) Using 4 workers of 4 for evacuation
[2024-07-06T13:15:31.158-0700][info][gc,phases   ] GC(14)   Pre Evacuate Collection Set: 0.3ms
[2024-07-06T13:15:31.158-0700][info][gc,phases   ] GC(14)   Merge Heap Roots: 0.2ms
[2024-07-06T13:15:31.158-0700][info][gc,phases   ] GC(14)   Evacuate Collection Set: 160.7ms
[2024-07-06T13:15:31.158-0700][info][gc,phases   ] GC(14)   Post Evacuate Collection Set: 0.5ms
[2024-07-06T13:15:31.158-0700][info][gc,phases   ] GC(14)   Other: 0.1ms
[2024-07-06T13:15:31.158-0700][info][gc,heap     ] GC(14) Eden regions: 152->0(80)
[2024-07-06T13:15:31.158-0700][info][gc,heap     ] GC(14) Survivor regions: 20->22(22)
[2024-07-06T13:15:31.158-0700][info][gc,heap     ] GC(14) Old regions: 1040->1182
[2024-07-06T13:15:31.158-0700][info][gc,heap     ] GC(14) Archive regions: 2->2
[2024-07-06T13:15:31.158-0700][info][gc,heap     ] GC(14) Humongous regions: 7->7
[2024-07-06T13:15:31.158-0700][info][gc,metaspace] GC(14) Metaspace: 291K(512K)->291K(512K) NonClass: 284K(384K)->284K(384K) Class: 6K(128K)->6K(128K)
[2024-07-06T13:15:31.158-0700][info][gc          ] GC(14) Pause Young (Prepare Mixed) (G1 Evacuation Pause) 2439M->2423M(4096M) 161.872ms
[2024-07-06T13:15:31.158-0700][info][gc,cpu      ] GC(14) User=0.30s Sys=0.33s Real=0.16s
[2024-07-06T13:15:41.570-0700][info][gc,start    ] GC(15) Pause Young (Mixed) (G1 Evacuation Pause)
[2024-07-06T13:15:41.570-0700][info][gc,task     ] GC(15) Using 4 workers of 4 for evacuation
[2024-07-06T13:15:41.698-0700][info][gc,phases   ] GC(15)   Pre Evacuate Collection Set: 0.3ms
[2024-07-06T13:15:41.698-0700][info][gc,phases   ] GC(15)   Merge Heap Roots: 0.2ms
[2024-07-06T13:15:41.698-0700][info][gc,phases   ] GC(15)   Evacuate Collection Set: 118.0ms
[2024-07-06T13:15:41.698-0700][info][gc,phases   ] GC(15)   Merge Optional Heap Roots: 0.2ms
[2024-07-06T13:15:41.698-0700][info][gc,phases   ] GC(15)   Evacuate Optional Collection Set: 9.2ms
[2024-07-06T13:15:41.698-0700][info][gc,phases   ] GC(15)   Post Evacuate Collection Set: 0.7ms
[2024-07-06T13:15:41.698-0700][info][gc,phases   ] GC(15)   Other: 0.1ms
[2024-07-06T13:15:41.698-0700][info][gc,heap     ] GC(15) Eden regions: 80->0(89)
[2024-07-06T13:15:41.698-0700][info][gc,heap     ] GC(15) Survivor regions: 22->13(13)
[2024-07-06T13:15:41.698-0700][info][gc,heap     ] GC(15) Old regions: 1182->1117
[2024-07-06T13:15:41.698-0700][info][gc,heap     ] GC(15) Archive regions: 2->2
[2024-07-06T13:15:41.698-0700][info][gc,heap     ] GC(15) Humongous regions: 7->7
[2024-07-06T13:15:41.698-0700][info][gc,metaspace] GC(15) Metaspace: 291K(512K)->291K(512K) NonClass: 284K(384K)->284K(384K) Class: 6K(128K)->6K(128K)
[2024-07-06T13:15:41.698-0700][info][gc          ] GC(15) Pause Young (Mixed) (G1 Evacuation Pause) 2583M->2275M(4096M) 128.674ms
[2024-07-06T13:15:41.698-0700][info][gc,cpu      ] GC(15) User=0.23s Sys=0.26s Real=0.13s
[2024-07-06T13:15:59.782-0700][info][gc,start    ] GC(16) Pause Young (Mixed) (G1 Evacuation Pause)
[2024-07-06T13:15:59.782-0700][info][gc,task     ] GC(16) Using 4 workers of 4 for evacuation
[2024-07-06T13:15:59.869-0700][info][gc,phases   ] GC(16)   Pre Evacuate Collection Set: 0.3ms
[2024-07-06T13:15:59.869-0700][info][gc,phases   ] GC(16)   Merge Heap Roots: 0.2ms
[2024-07-06T13:15:59.869-0700][info][gc,phases   ] GC(16)   Evacuate Collection Set: 77.4ms
[2024-07-06T13:15:59.869-0700][info][gc,phases   ] GC(16)   Merge Optional Heap Roots: 0.2ms
[2024-07-06T13:15:59.869-0700][info][gc,phases   ] GC(16)   Evacuate Optional Collection Set: 8.0ms
[2024-07-06T13:15:59.869-0700][info][gc,phases   ] GC(16)   Post Evacuate Collection Set: 0.7ms
[2024-07-06T13:15:59.869-0700][info][gc,phases   ] GC(16)   Other: 0.1ms
[2024-07-06T13:15:59.869-0700][info][gc,heap     ] GC(16) Eden regions: 89->0(89)
[2024-07-06T13:15:59.869-0700][info][gc,heap     ] GC(16) Survivor regions: 13->13(13)
[2024-07-06T13:15:59.869-0700][info][gc,heap     ] GC(16) Old regions: 1117->1078
[2024-07-06T13:15:59.869-0700][info][gc,heap     ] GC(16) Archive regions: 2->2
[2024-07-06T13:15:59.869-0700][info][gc,heap     ] GC(16) Humongous regions: 7->7
[2024-07-06T13:15:59.869-0700][info][gc,metaspace] GC(16) Metaspace: 296K(512K)->296K(512K) NonClass: 289K(384K)->289K(384K) Class: 6K(128K)->6K(128K)
[2024-07-06T13:15:59.869-0700][info][gc          ] GC(16) Pause Young (Mixed) (G1 Evacuation Pause) 2453M->2196M(4096M) 86.868ms
[2024-07-06T13:15:59.869-0700][info][gc,cpu      ] GC(16) User=0.23s Sys=0.08s Real=0.09s
[2024-07-06T13:16:16.607-0700][info][gc,start    ] GC(17) Pause Young (Mixed) (G1 Evacuation Pause)
[2024-07-06T13:16:16.607-0700][info][gc,task     ] GC(17) Using 4 workers of 4 for evacuation
[2024-07-06T13:16:16.694-0700][info][gc,phases   ] GC(17)   Pre Evacuate Collection Set: 0.2ms
[2024-07-06T13:16:16.694-0700][info][gc,phases   ] GC(17)   Merge Heap Roots: 0.2ms
[2024-07-06T13:16:16.694-0700][info][gc,phases   ] GC(17)   Evacuate Collection Set: 82.9ms
[2024-07-06T13:16:16.694-0700][info][gc,phases   ] GC(17)   Post Evacuate Collection Set: 2.9ms
[2024-07-06T13:16:16.694-0700][info][gc,phases   ] GC(17)   Other: 0.1ms
[2024-07-06T13:16:16.694-0700][info][gc,heap     ] GC(17) Eden regions: 89->0(227)
[2024-07-06T13:16:16.694-0700][info][gc,heap     ] GC(17) Survivor regions: 13->13(13)
[2024-07-06T13:16:16.694-0700][info][gc,heap     ] GC(17) Old regions: 1078->1096
[2024-07-06T13:16:16.694-0700][info][gc,heap     ] GC(17) Archive regions: 2->2
[2024-07-06T13:16:16.694-0700][info][gc,heap     ] GC(17) Humongous regions: 7->7
[2024-07-06T13:16:16.694-0700][info][gc,metaspace] GC(17) Metaspace: 296K(512K)->296K(512K) NonClass: 289K(384K)->289K(384K) Class: 6K(128K)->6K(128K)
[2024-07-06T13:16:16.694-0700][info][gc          ] GC(17) Pause Young (Mixed) (G1 Evacuation Pause) 2374M->2233M(4096M) 86.614ms
[2024-07-06T13:16:16.694-0700][info][gc,cpu      ] GC(17) User=0.26s Sys=0.05s Real=0.08s
[2024-07-06T13:16:54.512-0700][info][gc,start    ] GC(18) Pause Young (Concurrent Start) (G1 Humongous Allocation)
[2024-07-06T13:16:54.512-0700][info][gc,task     ] GC(18) Using 4 workers of 4 for evacuation
[2024-07-06T13:16:54.623-0700][info][gc,phases   ] GC(18)   Pre Evacuate Collection Set: 0.3ms
[2024-07-06T13:16:54.623-0700][info][gc,phases   ] GC(18)   Merge Heap Roots: 0.3ms
[2024-07-06T13:16:54.623-0700][info][gc,phases   ] GC(18)   Evacuate Collection Set: 109.6ms
[2024-07-06T13:16:54.623-0700][info][gc,phases   ] GC(18)   Post Evacuate Collection Set: 0.5ms
[2024-07-06T13:16:54.623-0700][info][gc,phases   ] GC(18)   Other: 0.2ms
[2024-07-06T13:16:54.623-0700][info][gc,heap     ] GC(18) Eden regions: 194->0(171)
[2024-07-06T13:16:54.623-0700][info][gc,heap     ] GC(18) Survivor regions: 13->30(30)
[2024-07-06T13:16:54.623-0700][info][gc,heap     ] GC(18) Old regions: 1096->1260
[2024-07-06T13:16:54.623-0700][info][gc,heap     ] GC(18) Archive regions: 2->2
[2024-07-06T13:16:54.623-0700][info][gc,heap     ] GC(18) Humongous regions: 7->7
[2024-07-06T13:16:54.623-0700][info][gc,metaspace] GC(18) Metaspace: 301K(512K)->301K(512K) NonClass: 294K(384K)->294K(384K) Class: 7K(128K)->7K(128K)
[2024-07-06T13:16:54.623-0700][info][gc          ] GC(18) Pause Young (Concurrent Start) (G1 Humongous Allocation) 2620M->2595M(4096M) 110.956ms
[2024-07-06T13:16:54.623-0700][info][gc,cpu      ] GC(18) User=0.31s Sys=0.10s Real=0.12s
[2024-07-06T13:16:54.623-0700][info][gc          ] GC(19) Concurrent Mark Cycle
[2024-07-06T13:16:54.623-0700][info][gc,marking  ] GC(19) Concurrent Clear Claimed Marks
[2024-07-06T13:16:54.623-0700][info][gc,marking  ] GC(19) Concurrent Clear Claimed Marks 0.006ms
[2024-07-06T13:16:54.623-0700][info][gc,marking  ] GC(19) Concurrent Scan Root Regions
[2024-07-06T13:16:54.644-0700][info][gc,marking  ] GC(19) Concurrent Scan Root Regions 21.341ms
[2024-07-06T13:16:54.645-0700][info][gc,marking  ] GC(19) Concurrent Mark
[2024-07-06T13:16:54.645-0700][info][gc,marking  ] GC(19) Concurrent Mark From Roots
[2024-07-06T13:16:54.645-0700][info][gc,task     ] GC(19) Using 1 workers of 1 for marking
[2024-07-06T13:16:54.928-0700][info][gc,marking  ] GC(19) Concurrent Mark From Roots 283.472ms
[2024-07-06T13:16:54.928-0700][info][gc,marking  ] GC(19) Concurrent Preclean
[2024-07-06T13:16:54.928-0700][info][gc,marking  ] GC(19) Concurrent Preclean 0.061ms
[2024-07-06T13:17:28.519-0700][info][gc,start    ] GC(19) Pause Remark
[2024-07-06T13:17:28.520-0700][info][gc          ] GC(19) Pause Remark 2609M->2603M(4096M) 0.968ms
[2024-07-06T13:17:28.520-0700][info][gc,cpu      ] GC(19) User=0.00s Sys=0.00s Real=0.00s
[2024-07-06T13:17:28.520-0700][info][gc,marking  ] GC(19) Concurrent Mark 33875.270ms
[2024-07-06T13:17:28.520-0700][info][gc,marking  ] GC(19) Concurrent Rebuild Remembered Sets
[2024-07-06T13:17:28.762-0700][info][gc,marking  ] GC(19) Concurrent Rebuild Remembered Sets 242.149ms
[2024-07-06T13:17:28.905-0700][info][gc,start    ] GC(19) Pause Cleanup
[2024-07-06T13:17:28.906-0700][info][gc          ] GC(19) Pause Cleanup 2613M->2613M(4096M) 0.997ms
[2024-07-06T13:17:28.906-0700][info][gc,cpu      ] GC(19) User=0.00s Sys=0.00s Real=0.00s
[2024-07-06T13:17:28.906-0700][info][gc,marking  ] GC(19) Concurrent Cleanup for Next Mark
[2024-07-06T13:17:28.949-0700][info][gc,marking  ] GC(19) Concurrent Cleanup for Next Mark 42.778ms
[2024-07-06T13:17:28.949-0700][info][gc          ] GC(19) Concurrent Mark Cycle 34326.223ms
[2024-07-06T13:18:02.627-0700][info][gc,start    ] GC(20) Pause Young (Prepare Mixed) (G1 Evacuation Pause)
[2024-07-06T13:18:02.627-0700][info][gc,task     ] GC(20) Using 4 workers of 4 for evacuation
[2024-07-06T13:18:02.785-0700][info][gc,phases   ] GC(20)   Pre Evacuate Collection Set: 0.3ms
[2024-07-06T13:18:02.785-0700][info][gc,phases   ] GC(20)   Merge Heap Roots: 0.3ms
[2024-07-06T13:18:02.785-0700][info][gc,phases   ] GC(20)   Evacuate Collection Set: 157.2ms
[2024-07-06T13:18:02.785-0700][info][gc,phases   ] GC(20)   Post Evacuate Collection Set: 0.4ms
[2024-07-06T13:18:02.785-0700][info][gc,phases   ] GC(20)   Other: 0.1ms
[2024-07-06T13:18:02.785-0700][info][gc,heap     ] GC(20) Eden regions: 171->0(76)
[2024-07-06T13:18:02.785-0700][info][gc,heap     ] GC(20) Survivor regions: 30->26(26)
[2024-07-06T13:18:02.785-0700][info][gc,heap     ] GC(20) Old regions: 1260->1427
[2024-07-06T13:18:02.785-0700][info][gc,heap     ] GC(20) Archive regions: 2->2
[2024-07-06T13:18:02.785-0700][info][gc,heap     ] GC(20) Humongous regions: 10->10
[2024-07-06T13:18:02.785-0700][info][gc,metaspace] GC(20) Metaspace: 302K(512K)->302K(512K) NonClass: 294K(384K)->294K(384K) Class: 7K(128K)->7K(128K)
[2024-07-06T13:18:02.785-0700][info][gc          ] GC(20) Pause Young (Prepare Mixed) (G1 Evacuation Pause) 2943M->2927M(4096M) 158.397ms
[2024-07-06T13:18:02.785-0700][info][gc,cpu      ] GC(20) User=0.33s Sys=0.28s Real=0.16s
[2024-07-06T13:18:23.524-0700][info][gc,start    ] GC(21) Pause Young (Mixed) (G1 Evacuation Pause)
[2024-07-06T13:18:23.524-0700][info][gc,task     ] GC(21) Using 4 workers of 4 for evacuation
[2024-07-06T13:18:23.713-0700][info][gc,phases   ] GC(21)   Pre Evacuate Collection Set: 0.3ms
[2024-07-06T13:18:23.713-0700][info][gc,phases   ] GC(21)   Merge Heap Roots: 0.2ms
[2024-07-06T13:18:23.713-0700][info][gc,phases   ] GC(21)   Evacuate Collection Set: 187.1ms
[2024-07-06T13:18:23.713-0700][info][gc,phases   ] GC(21)   Post Evacuate Collection Set: 0.9ms
[2024-07-06T13:18:23.713-0700][info][gc,phases   ] GC(21)   Other: 0.1ms
[2024-07-06T13:18:23.713-0700][info][gc,heap     ] GC(21) Eden regions: 76->0(89)
[2024-07-06T13:18:23.713-0700][info][gc,heap     ] GC(21) Survivor regions: 26->13(13)
[2024-07-06T13:18:23.713-0700][info][gc,heap     ] GC(21) Old regions: 1427->1397
[2024-07-06T13:18:23.713-0700][info][gc,heap     ] GC(21) Archive regions: 2->2
[2024-07-06T13:18:23.713-0700][info][gc,heap     ] GC(21) Humongous regions: 10->10
[2024-07-06T13:18:23.713-0700][info][gc,metaspace] GC(21) Metaspace: 302K(512K)->302K(512K) NonClass: 294K(384K)->294K(384K) Class: 7K(128K)->7K(128K)
[2024-07-06T13:18:23.713-0700][info][gc          ] GC(21) Pause Young (Mixed) (G1 Evacuation Pause) 3079M->2840M(4096M) 188.676ms
[2024-07-06T13:18:23.713-0700][info][gc,cpu      ] GC(21) User=0.31s Sys=0.43s Real=0.18s
[2024-07-06T13:18:50.097-0700][info][gc,start    ] GC(22) Pause Young (Mixed) (G1 Evacuation Pause)
[2024-07-06T13:18:50.097-0700][info][gc,task     ] GC(22) Using 4 workers of 4 for evacuation
[2024-07-06T13:18:50.206-0700][info][gc,phases   ] GC(22)   Pre Evacuate Collection Set: 0.3ms
[2024-07-06T13:18:50.206-0700][info][gc,phases   ] GC(22)   Merge Heap Roots: 0.2ms
[2024-07-06T13:18:50.206-0700][info][gc,phases   ] GC(22)   Evacuate Collection Set: 107.2ms
[2024-07-06T13:18:50.206-0700][info][gc,phases   ] GC(22)   Post Evacuate Collection Set: 0.7ms
[2024-07-06T13:18:50.206-0700][info][gc,phases   ] GC(22)   Other: 0.2ms
[2024-07-06T13:18:50.206-0700][info][gc,heap     ] GC(22) Eden regions: 89->0(89)
[2024-07-06T13:18:50.206-0700][info][gc,heap     ] GC(22) Survivor regions: 13->13(13)
[2024-07-06T13:18:50.206-0700][info][gc,heap     ] GC(22) Old regions: 1397->1398
[2024-07-06T13:18:50.206-0700][info][gc,heap     ] GC(22) Archive regions: 2->2
[2024-07-06T13:18:50.206-0700][info][gc,heap     ] GC(22) Humongous regions: 10->10
[2024-07-06T13:18:50.206-0700][info][gc,metaspace] GC(22) Metaspace: 302K(512K)->302K(512K) NonClass: 294K(384K)->294K(384K) Class: 7K(128K)->7K(128K)
[2024-07-06T13:18:50.206-0700][info][gc          ] GC(22) Pause Young (Mixed) (G1 Evacuation Pause) 3018M->2842M(4096M) 108.723ms
[2024-07-06T13:18:50.206-0700][info][gc,cpu      ] GC(22) User=0.32s Sys=0.08s Real=0.11s
[2024-07-06T13:19:25.997-0700][info][gc,start    ] GC(23) Pause Young (Mixed) (G1 Evacuation Pause)
[2024-07-06T13:19:25.997-0700][info][gc,task     ] GC(23) Using 4 workers of 4 for evacuation
[2024-07-06T13:19:26.111-0700][info][gc,phases   ] GC(23)   Pre Evacuate Collection Set: 0.3ms
[2024-07-06T13:19:26.111-0700][info][gc,phases   ] GC(23)   Merge Heap Roots: 0.3ms
[2024-07-06T13:19:26.111-0700][info][gc,phases   ] GC(23)   Evacuate Collection Set: 112.2ms
[2024-07-06T13:19:26.111-0700][info][gc,phases   ] GC(23)   Post Evacuate Collection Set: 0.6ms
[2024-07-06T13:19:26.111-0700][info][gc,phases   ] GC(23)   Other: 0.1ms
[2024-07-06T13:19:26.111-0700][info][gc,heap     ] GC(23) Eden regions: 89->0(125)
[2024-07-06T13:19:26.111-0700][info][gc,heap     ] GC(23) Survivor regions: 13->13(13)
[2024-07-06T13:19:26.111-0700][info][gc,heap     ] GC(23) Old regions: 1398->1422
[2024-07-06T13:19:26.111-0700][info][gc,heap     ] GC(23) Archive regions: 2->2
[2024-07-06T13:19:26.111-0700][info][gc,heap     ] GC(23) Humongous regions: 10->10
[2024-07-06T13:19:26.111-0700][info][gc,metaspace] GC(23) Metaspace: 302K(512K)->302K(512K) NonClass: 294K(384K)->294K(384K) Class: 7K(128K)->7K(128K)
[2024-07-06T13:19:26.111-0700][info][gc          ] GC(23) Pause Young (Mixed) (G1 Evacuation Pause) 3020M->2890M(4096M) 113.571ms
[2024-07-06T13:19:26.111-0700][info][gc,cpu      ] GC(23) User=0.29s Sys=0.13s Real=0.11s
[2024-07-06T13:20:22.316-0700][info][gc,start    ] GC(24) Pause Young (Concurrent Start) (G1 Evacuation Pause)
[2024-07-06T13:20:22.316-0700][info][gc,task     ] GC(24) Using 4 workers of 4 for evacuation
[2024-07-06T13:20:22.380-0700][info][gc,phases   ] GC(24)   Pre Evacuate Collection Set: 0.3ms
[2024-07-06T13:20:22.380-0700][info][gc,phases   ] GC(24)   Merge Heap Roots: 0.2ms
[2024-07-06T13:20:22.380-0700][info][gc,phases   ] GC(24)   Evacuate Collection Set: 62.4ms
[2024-07-06T13:20:22.380-0700][info][gc,phases   ] GC(24)   Post Evacuate Collection Set: 0.4ms
[2024-07-06T13:20:22.380-0700][info][gc,phases   ] GC(24)   Other: 0.2ms
[2024-07-06T13:20:22.380-0700][info][gc,heap     ] GC(24) Eden regions: 125->0(86)
[2024-07-06T13:20:22.380-0700][info][gc,heap     ] GC(24) Survivor regions: 13->18(18)
[2024-07-06T13:20:22.380-0700][info][gc,heap     ] GC(24) Old regions: 1422->1538
[2024-07-06T13:20:22.380-0700][info][gc,heap     ] GC(24) Archive regions: 2->2
[2024-07-06T13:20:22.380-0700][info][gc,heap     ] GC(24) Humongous regions: 10->10
[2024-07-06T13:20:22.380-0700][info][gc,metaspace] GC(24) Metaspace: 302K(512K)->302K(512K) NonClass: 294K(384K)->294K(384K) Class: 7K(128K)->7K(128K)
[2024-07-06T13:20:22.380-0700][info][gc          ] GC(24) Pause Young (Concurrent Start) (G1 Evacuation Pause) 3140M->3132M(4096M) 63.517ms
[2024-07-06T13:20:22.380-0700][info][gc,cpu      ] GC(24) User=0.17s Sys=0.06s Real=0.06s
[2024-07-06T13:20:22.380-0700][info][gc          ] GC(25) Concurrent Mark Cycle
[2024-07-06T13:20:22.380-0700][info][gc,marking  ] GC(25) Concurrent Clear Claimed Marks
[2024-07-06T13:20:22.380-0700][info][gc,marking  ] GC(25) Concurrent Clear Claimed Marks 0.006ms
[2024-07-06T13:20:22.380-0700][info][gc,marking  ] GC(25) Concurrent Scan Root Regions
[2024-07-06T13:20:22.393-0700][info][gc,marking  ] GC(25) Concurrent Scan Root Regions 13.396ms
[2024-07-06T13:20:22.393-0700][info][gc,marking  ] GC(25) Concurrent Mark
[2024-07-06T13:20:22.393-0700][info][gc,marking  ] GC(25) Concurrent Mark From Roots
[2024-07-06T13:20:22.393-0700][info][gc,task     ] GC(25) Using 1 workers of 1 for marking
[2024-07-06T13:20:22.750-0700][info][gc,marking  ] GC(25) Concurrent Mark From Roots 356.506ms
[2024-07-06T13:20:22.750-0700][info][gc,marking  ] GC(25) Concurrent Preclean
[2024-07-06T13:20:22.750-0700][info][gc,marking  ] GC(25) Concurrent Preclean 0.072ms
[2024-07-06T13:20:24.223-0700][info][gc,start    ] GC(25) Pause Remark
[2024-07-06T13:20:24.224-0700][info][gc          ] GC(25) Pause Remark 3137M->3129M(4096M) 0.999ms
[2024-07-06T13:20:24.224-0700][info][gc,cpu      ] GC(25) User=0.00s Sys=0.00s Real=0.01s
[2024-07-06T13:20:24.227-0700][info][gc,marking  ] GC(25) Concurrent Mark 1833.639ms
[2024-07-06T13:20:24.227-0700][info][gc,marking  ] GC(25) Concurrent Rebuild Remembered Sets
[2024-07-06T13:20:24.422-0700][info][gc,marking  ] GC(25) Concurrent Rebuild Remembered Sets 194.766ms
[2024-07-06T13:20:24.841-0700][info][gc,start    ] GC(25) Pause Cleanup
[2024-07-06T13:20:24.842-0700][info][gc          ] GC(25) Pause Cleanup 3129M->3129M(4096M) 1.039ms
[2024-07-06T13:20:24.842-0700][info][gc,cpu      ] GC(25) User=0.00s Sys=0.00s Real=0.00s
[2024-07-06T13:20:24.855-0700][info][gc,marking  ] GC(25) Concurrent Cleanup for Next Mark
[2024-07-06T13:20:24.860-0700][info][gc,marking  ] GC(25) Concurrent Cleanup for Next Mark 5.170ms
[2024-07-06T13:20:24.860-0700][info][gc          ] GC(25) Concurrent Mark Cycle 2480.348ms
[2024-07-06T13:20:58.101-0700][info][gc,start    ] GC(26) Pause Young (Prepare Mixed) (G1 Evacuation Pause)
[2024-07-06T13:20:58.101-0700][info][gc,task     ] GC(26) Using 4 workers of 4 for evacuation
[2024-07-06T13:20:58.164-0700][info][gc,phases   ] GC(26)   Pre Evacuate Collection Set: 0.3ms
[2024-07-06T13:20:58.164-0700][info][gc,phases   ] GC(26)   Merge Heap Roots: 0.2ms
[2024-07-06T13:20:58.164-0700][info][gc,phases   ] GC(26)   Evacuate Collection Set: 61.6ms
[2024-07-06T13:20:58.164-0700][info][gc,phases   ] GC(26)   Post Evacuate Collection Set: 0.4ms
[2024-07-06T13:20:58.164-0700][info][gc,phases   ] GC(26)   Other: 0.1ms
[2024-07-06T13:20:58.164-0700][info][gc,heap     ] GC(26) Eden regions: 86->0(89)
[2024-07-06T13:20:58.164-0700][info][gc,heap     ] GC(26) Survivor regions: 18->13(13)
[2024-07-06T13:20:58.164-0700][info][gc,heap     ] GC(26) Old regions: 1538->1627
[2024-07-06T13:20:58.164-0700][info][gc,heap     ] GC(26) Archive regions: 2->2
[2024-07-06T13:20:58.164-0700][info][gc,heap     ] GC(26) Humongous regions: 6->6
[2024-07-06T13:20:58.164-0700][info][gc,metaspace] GC(26) Metaspace: 302K(512K)->302K(512K) NonClass: 294K(384K)->294K(384K) Class: 7K(128K)->7K(128K)
[2024-07-06T13:20:58.164-0700][info][gc          ] GC(26) Pause Young (Prepare Mixed) (G1 Evacuation Pause) 3296M->3292M(4096M) 62.776ms
[2024-07-06T13:20:58.164-0700][info][gc,cpu      ] GC(26) User=0.16s Sys=0.07s Real=0.07s
[2024-07-06T13:21:34.279-0700][info][gc,start    ] GC(27) Pause Young (Mixed) (G1 Evacuation Pause)
[2024-07-06T13:21:34.279-0700][info][gc,task     ] GC(27) Using 4 workers of 4 for evacuation
[2024-07-06T13:21:34.475-0700][info][gc,phases   ] GC(27)   Pre Evacuate Collection Set: 0.3ms
[2024-07-06T13:21:34.475-0700][info][gc,phases   ] GC(27)   Merge Heap Roots: 0.2ms
[2024-07-06T13:21:34.475-0700][info][gc,phases   ] GC(27)   Evacuate Collection Set: 194.4ms
[2024-07-06T13:21:34.475-0700][info][gc,phases   ] GC(27)   Post Evacuate Collection Set: 0.6ms
[2024-07-06T13:21:34.475-0700][info][gc,phases   ] GC(27)   Other: 0.1ms
[2024-07-06T13:21:34.475-0700][info][gc,heap     ] GC(27) Eden regions: 89->0(89)
[2024-07-06T13:21:34.475-0700][info][gc,heap     ] GC(27) Survivor regions: 13->13(13)
[2024-07-06T13:21:34.475-0700][info][gc,heap     ] GC(27) Old regions: 1627->1613
[2024-07-06T13:21:34.475-0700][info][gc,heap     ] GC(27) Archive regions: 2->2
[2024-07-06T13:21:34.475-0700][info][gc,heap     ] GC(27) Humongous regions: 6->6
[2024-07-06T13:21:34.475-0700][info][gc,metaspace] GC(27) Metaspace: 302K(512K)->302K(512K) NonClass: 294K(384K)->294K(384K) Class: 7K(128K)->7K(128K)
[2024-07-06T13:21:34.475-0700][info][gc          ] GC(27) Pause Young (Mixed) (G1 Evacuation Pause) 3470M->3265M(4096M) 195.659ms
[2024-07-06T13:21:34.475-0700][info][gc,cpu      ] GC(27) User=0.38s Sys=0.38s Real=0.19s
[2024-07-06T13:22:08.087-0700][info][gc,start    ] GC(28) Pause Young (Mixed) (G1 Evacuation Pause)
[2024-07-06T13:22:08.087-0700][info][gc,task     ] GC(28) Using 4 workers of 4 for evacuation
[2024-07-06T13:22:08.193-0700][info][gc,phases   ] GC(28)   Pre Evacuate Collection Set: 0.3ms
[2024-07-06T13:22:08.193-0700][info][gc,phases   ] GC(28)   Merge Heap Roots: 0.3ms
[2024-07-06T13:22:08.193-0700][info][gc,phases   ] GC(28)   Evacuate Collection Set: 105.0ms
[2024-07-06T13:22:08.193-0700][info][gc,phases   ] GC(28)   Post Evacuate Collection Set: 0.6ms
[2024-07-06T13:22:08.193-0700][info][gc,phases   ] GC(28)   Other: 0.1ms
[2024-07-06T13:22:08.193-0700][info][gc,heap     ] GC(28) Eden regions: 89->0(89)
[2024-07-06T13:22:08.193-0700][info][gc,heap     ] GC(28) Survivor regions: 13->13(13)
[2024-07-06T13:22:08.193-0700][info][gc,heap     ] GC(28) Old regions: 1613->1608
[2024-07-06T13:22:08.193-0700][info][gc,heap     ] GC(28) Archive regions: 2->2
[2024-07-06T13:22:08.193-0700][info][gc,heap     ] GC(28) Humongous regions: 6->6
[2024-07-06T13:22:08.193-0700][info][gc,metaspace] GC(28) Metaspace: 302K(512K)->302K(512K) NonClass: 294K(384K)->294K(384K) Class: 7K(128K)->7K(128K)
[2024-07-06T13:22:08.193-0700][info][gc          ] GC(28) Pause Young (Mixed) (G1 Evacuation Pause) 3443M->3253M(4096M) 106.377ms
[2024-07-06T13:22:08.193-0700][info][gc,cpu      ] GC(28) User=0.31s Sys=0.09s Real=0.10s
[2024-07-06T13:22:37.372-0700][info][gc,start    ] GC(29) Pause Young (Mixed) (G1 Evacuation Pause)
[2024-07-06T13:22:37.372-0700][info][gc,task     ] GC(29) Using 4 workers of 4 for evacuation
[2024-07-06T13:22:37.482-0700][info][gc,phases   ] GC(29)   Pre Evacuate Collection Set: 0.3ms
[2024-07-06T13:22:37.482-0700][info][gc,phases   ] GC(29)   Merge Heap Roots: 0.3ms
[2024-07-06T13:22:37.482-0700][info][gc,phases   ] GC(29)   Evacuate Collection Set: 108.9ms
[2024-07-06T13:22:37.482-0700][info][gc,phases   ] GC(29)   Post Evacuate Collection Set: 0.5ms
[2024-07-06T13:22:37.482-0700][info][gc,phases   ] GC(29)   Other: 0.1ms
[2024-07-06T13:22:37.482-0700][info][gc,heap     ] GC(29) Eden regions: 89->0(89)
[2024-07-06T13:22:37.482-0700][info][gc,heap     ] GC(29) Survivor regions: 13->13(13)
[2024-07-06T13:22:37.482-0700][info][gc,heap     ] GC(29) Old regions: 1608->1612
[2024-07-06T13:22:37.482-0700][info][gc,heap     ] GC(29) Archive regions: 2->2
[2024-07-06T13:22:37.482-0700][info][gc,heap     ] GC(29) Humongous regions: 6->6
[2024-07-06T13:22:37.482-0700][info][gc,metaspace] GC(29) Metaspace: 302K(512K)->302K(512K) NonClass: 294K(384K)->294K(384K) Class: 7K(128K)->7K(128K)
[2024-07-06T13:22:37.482-0700][info][gc          ] GC(29) Pause Young (Mixed) (G1 Evacuation Pause) 3431M->3263M(4096M) 110.204ms
[2024-07-06T13:22:37.482-0700][info][gc,cpu      ] GC(29) User=0.33s Sys=0.07s Real=0.11s
[2024-07-06T13:23:02.640-0700][info][gc,start    ] GC(30) Pause Young (Mixed) (G1 Evacuation Pause)
[2024-07-06T13:23:02.640-0700][info][gc,task     ] GC(30) Using 4 workers of 4 for evacuation
[2024-07-06T13:23:02.692-0700][info][gc,phases   ] GC(30)   Pre Evacuate Collection Set: 0.2ms
[2024-07-06T13:23:02.692-0700][info][gc,phases   ] GC(30)   Merge Heap Roots: 0.2ms
[2024-07-06T13:23:02.692-0700][info][gc,phases   ] GC(30)   Evacuate Collection Set: 50.5ms
[2024-07-06T13:23:02.692-0700][info][gc,phases   ] GC(30)   Post Evacuate Collection Set: 0.4ms
[2024-07-06T13:23:02.692-0700][info][gc,phases   ] GC(30)   Other: 0.1ms
[2024-07-06T13:23:02.692-0700][info][gc,heap     ] GC(30) Eden regions: 89->0(89)
[2024-07-06T13:23:02.692-0700][info][gc,heap     ] GC(30) Survivor regions: 13->13(13)
[2024-07-06T13:23:02.692-0700][info][gc,heap     ] GC(30) Old regions: 1612->1694
[2024-07-06T13:23:02.692-0700][info][gc,heap     ] GC(30) Archive regions: 2->2
[2024-07-06T13:23:02.692-0700][info][gc,heap     ] GC(30) Humongous regions: 14->14
[2024-07-06T13:23:02.692-0700][info][gc,metaspace] GC(30) Metaspace: 302K(512K)->302K(512K) NonClass: 294K(384K)->294K(384K) Class: 7K(128K)->7K(128K)
[2024-07-06T13:23:02.692-0700][info][gc          ] GC(30) Pause Young (Mixed) (G1 Evacuation Pause) 3457M->3443M(4096M) 51.531ms
[2024-07-06T13:23:02.692-0700][info][gc,cpu      ] GC(30) User=0.15s Sys=0.04s Real=0.05s
[2024-07-06T13:23:30.622-0700][info][gc,start    ] GC(31) Pause Young (Normal) (G1 Evacuation Pause)
[2024-07-06T13:23:30.622-0700][info][gc,task     ] GC(31) Using 4 workers of 4 for evacuation
[2024-07-06T13:23:30.669-0700][info][gc,phases   ] GC(31)   Pre Evacuate Collection Set: 0.3ms
[2024-07-06T13:23:30.669-0700][info][gc,phases   ] GC(31)   Merge Heap Roots: 0.2ms
[2024-07-06T13:23:30.669-0700][info][gc,phases   ] GC(31)   Evacuate Collection Set: 46.4ms
[2024-07-06T13:23:30.669-0700][info][gc,phases   ] GC(31)   Post Evacuate Collection Set: 0.4ms
[2024-07-06T13:23:30.669-0700][info][gc,phases   ] GC(31)   Other: 0.1ms
[2024-07-06T13:23:30.669-0700][info][gc,heap     ] GC(31) Eden regions: 89->0(89)
[2024-07-06T13:23:30.669-0700][info][gc,heap     ] GC(31) Survivor regions: 13->13(13)
[2024-07-06T13:23:30.669-0700][info][gc,heap     ] GC(31) Old regions: 1694->1781
[2024-07-06T13:23:30.669-0700][info][gc,heap     ] GC(31) Archive regions: 2->2
[2024-07-06T13:23:30.669-0700][info][gc,heap     ] GC(31) Humongous regions: 14->14
[2024-07-06T13:23:30.669-0700][info][gc,metaspace] GC(31) Metaspace: 302K(512K)->302K(512K) NonClass: 294K(384K)->294K(384K) Class: 7K(128K)->7K(128K)
[2024-07-06T13:23:30.669-0700][info][gc          ] GC(31) Pause Young (Normal) (G1 Evacuation Pause) 3621M->3617M(4096M) 47.357ms
[2024-07-06T13:23:30.669-0700][info][gc,cpu      ] GC(31) User=0.15s Sys=0.02s Real=0.05s
[2024-07-06T13:23:58.807-0700][info][gc,start    ] GC(32) Pause Young (Concurrent Start) (G1 Evacuation Pause)
[2024-07-06T13:23:58.807-0700][info][gc,task     ] GC(32) Using 4 workers of 4 for evacuation
[2024-07-06T13:23:58.859-0700][info][gc,phases   ] GC(32)   Pre Evacuate Collection Set: 0.3ms
[2024-07-06T13:23:58.859-0700][info][gc,phases   ] GC(32)   Merge Heap Roots: 0.2ms
[2024-07-06T13:23:58.859-0700][info][gc,phases   ] GC(32)   Evacuate Collection Set: 51.3ms
[2024-07-06T13:23:58.859-0700][info][gc,phases   ] GC(32)   Post Evacuate Collection Set: 0.4ms
[2024-07-06T13:23:58.859-0700][info][gc,phases   ] GC(32)   Other: 0.2ms
[2024-07-06T13:23:58.860-0700][info][gc,heap     ] GC(32) Eden regions: 89->0(89)
[2024-07-06T13:23:58.860-0700][info][gc,heap     ] GC(32) Survivor regions: 13->13(13)
[2024-07-06T13:23:58.860-0700][info][gc,heap     ] GC(32) Old regions: 1781->1869
[2024-07-06T13:23:58.860-0700][info][gc,heap     ] GC(32) Archive regions: 2->2
[2024-07-06T13:23:58.860-0700][info][gc,heap     ] GC(32) Humongous regions: 14->14
[2024-07-06T13:23:58.860-0700][info][gc,metaspace] GC(32) Metaspace: 302K(512K)->302K(512K) NonClass: 294K(384K)->294K(384K) Class: 7K(128K)->7K(128K)
[2024-07-06T13:23:58.860-0700][info][gc          ] GC(32) Pause Young (Concurrent Start) (G1 Evacuation Pause) 3795M->3792M(4096M) 52.497ms
[2024-07-06T13:23:58.860-0700][info][gc,cpu      ] GC(32) User=0.17s Sys=0.02s Real=0.05s
[2024-07-06T13:23:58.860-0700][info][gc          ] GC(33) Concurrent Mark Cycle
[2024-07-06T13:23:58.860-0700][info][gc,marking  ] GC(33) Concurrent Clear Claimed Marks
[2024-07-06T13:23:58.860-0700][info][gc,marking  ] GC(33) Concurrent Clear Claimed Marks 0.008ms
[2024-07-06T13:23:58.860-0700][info][gc,marking  ] GC(33) Concurrent Scan Root Regions
[2024-07-06T13:23:58.871-0700][info][gc,marking  ] GC(33) Concurrent Scan Root Regions 11.132ms
[2024-07-06T13:23:58.871-0700][info][gc,marking  ] GC(33) Concurrent Mark
[2024-07-06T13:23:58.871-0700][info][gc,marking  ] GC(33) Concurrent Mark From Roots
[2024-07-06T13:23:58.871-0700][info][gc,task     ] GC(33) Using 1 workers of 1 for marking
[2024-07-06T13:23:59.352-0700][info][gc,marking  ] GC(33) Concurrent Mark From Roots 480.702ms
[2024-07-06T13:23:59.352-0700][info][gc,marking  ] GC(33) Concurrent Preclean
[2024-07-06T13:23:59.352-0700][info][gc,marking  ] GC(33) Concurrent Preclean 0.064ms
[2024-07-06T13:24:05.428-0700][info][gc,start    ] GC(33) Pause Remark
[2024-07-06T13:24:05.432-0700][info][gc          ] GC(33) Pause Remark 3799M->3787M(4096M) 3.822ms
[2024-07-06T13:24:05.432-0700][info][gc,cpu      ] GC(33) User=0.00s Sys=0.00s Real=0.00s
[2024-07-06T13:24:05.435-0700][info][gc,marking  ] GC(33) Concurrent Mark 6564.179ms
[2024-07-06T13:24:05.435-0700][info][gc,marking  ] GC(33) Concurrent Rebuild Remembered Sets
[2024-07-06T13:24:05.733-0700][info][gc,marking  ] GC(33) Concurrent Rebuild Remembered Sets 297.734ms
[2024-07-06T13:24:05.976-0700][info][gc,start    ] GC(33) Pause Cleanup
[2024-07-06T13:24:05.977-0700][info][gc          ] GC(33) Pause Cleanup 3787M->3787M(4096M) 1.107ms
[2024-07-06T13:24:05.977-0700][info][gc,cpu      ] GC(33) User=0.00s Sys=0.00s Real=0.00s
[2024-07-06T13:24:05.977-0700][info][gc,marking  ] GC(33) Concurrent Cleanup for Next Mark
[2024-07-06T13:24:05.984-0700][info][gc,marking  ] GC(33) Concurrent Cleanup for Next Mark 6.683ms
[2024-07-06T13:24:05.984-0700][info][gc          ] GC(33) Concurrent Mark Cycle 7124.287ms
[2024-07-06T13:24:27.769-0700][info][gc,start    ] GC(34) Pause Young (Prepare Mixed) (G1 Preventive Collection)
[2024-07-06T13:24:27.769-0700][info][gc,task     ] GC(34) Using 4 workers of 4 for evacuation
[2024-07-06T13:24:27.816-0700][info][gc,phases   ] GC(34)   Pre Evacuate Collection Set: 0.3ms
[2024-07-06T13:24:27.816-0700][info][gc,phases   ] GC(34)   Merge Heap Roots: 0.2ms
[2024-07-06T13:24:27.816-0700][info][gc,phases   ] GC(34)   Evacuate Collection Set: 45.4ms
[2024-07-06T13:24:27.816-0700][info][gc,phases   ] GC(34)   Post Evacuate Collection Set: 0.4ms
[2024-07-06T13:24:27.816-0700][info][gc,phases   ] GC(34)   Other: 0.1ms
[2024-07-06T13:24:27.816-0700][info][gc,heap     ] GC(34) Eden regions: 68->0(89)
[2024-07-06T13:24:27.816-0700][info][gc,heap     ] GC(34) Survivor regions: 13->13(13)
[2024-07-06T13:24:27.816-0700][info][gc,heap     ] GC(34) Old regions: 1869->1935
[2024-07-06T13:24:27.816-0700][info][gc,heap     ] GC(34) Archive regions: 2->2
[2024-07-06T13:24:27.816-0700][info][gc,heap     ] GC(34) Humongous regions: 8->8
[2024-07-06T13:24:27.816-0700][info][gc,metaspace] GC(34) Metaspace: 302K(512K)->302K(512K) NonClass: 294K(384K)->294K(384K) Class: 7K(128K)->7K(128K)
[2024-07-06T13:24:27.816-0700][info][gc          ] GC(34) Pause Young (Prepare Mixed) (G1 Preventive Collection) 3916M->3913M(4096M) 46.507ms
[2024-07-06T13:24:27.816-0700][info][gc,cpu      ] GC(34) User=0.15s Sys=0.02s Real=0.05s
[2024-07-06T13:24:31.048-0700][info][gc,start    ] GC(35) Pause Young (Mixed) (G1 Preventive Collection)
[2024-07-06T13:24:31.048-0700][info][gc,task     ] GC(35) Using 4 workers of 4 for evacuation
[2024-07-06T13:24:31.109-0700][info][gc          ] GC(35) To-space exhausted
[2024-07-06T13:24:31.109-0700][info][gc,phases   ] GC(35)   Pre Evacuate Collection Set: 0.3ms
[2024-07-06T13:24:31.109-0700][info][gc,phases   ] GC(35)   Merge Heap Roots: 0.2ms
[2024-07-06T13:24:31.109-0700][info][gc,phases   ] GC(35)   Evacuate Collection Set: 54.0ms
[2024-07-06T13:24:31.109-0700][info][gc,phases   ] GC(35)   Post Evacuate Collection Set: 6.4ms
[2024-07-06T13:24:31.109-0700][info][gc,phases   ] GC(35)   Other: 0.2ms
[2024-07-06T13:24:31.109-0700][info][gc,heap     ] GC(35) Eden regions: 11->0(90)
[2024-07-06T13:24:31.109-0700][info][gc,heap     ] GC(35) Survivor regions: 13->12(13)
[2024-07-06T13:24:31.109-0700][info][gc,heap     ] GC(35) Old regions: 1935->1958
[2024-07-06T13:24:31.109-0700][info][gc,heap     ] GC(35) Archive regions: 2->2
[2024-07-06T13:24:31.109-0700][info][gc,heap     ] GC(35) Humongous regions: 8->8
[2024-07-06T13:24:31.109-0700][info][gc,metaspace] GC(35) Metaspace: 302K(512K)->302K(512K) NonClass: 294K(384K)->294K(384K) Class: 7K(128K)->7K(128K)
[2024-07-06T13:24:31.109-0700][info][gc          ] GC(35) Pause Young (Mixed) (G1 Preventive Collection) 3935M->3956M(4096M) 61.156ms
[2024-07-06T13:24:31.109-0700][info][gc,cpu      ] GC(35) User=0.21s Sys=0.02s Real=0.06s
[2024-07-06T13:24:31.109-0700][info][gc,start    ] GC(36) Pause Young (Mixed) (G1 Preventive Collection)
[2024-07-06T13:24:31.109-0700][info][gc,task     ] GC(36) Using 4 workers of 4 for evacuation
[2024-07-06T13:24:31.167-0700][info][gc          ] GC(36) To-space exhausted
[2024-07-06T13:24:31.167-0700][info][gc,phases   ] GC(36)   Pre Evacuate Collection Set: 0.2ms
[2024-07-06T13:24:31.167-0700][info][gc,phases   ] GC(36)   Merge Heap Roots: 0.2ms
[2024-07-06T13:24:31.167-0700][info][gc,phases   ] GC(36)   Evacuate Collection Set: 51.1ms
[2024-07-06T13:24:31.167-0700][info][gc,phases   ] GC(36)   Post Evacuate Collection Set: 5.9ms
[2024-07-06T13:24:31.167-0700][info][gc,phases   ] GC(36)   Other: 0.1ms
[2024-07-06T13:24:31.167-0700][info][gc,heap     ] GC(36) Eden regions: 1->0(101)
[2024-07-06T13:24:31.167-0700][info][gc,heap     ] GC(36) Survivor regions: 12->1(13)
[2024-07-06T13:24:31.167-0700][info][gc,heap     ] GC(36) Old regions: 1958->1971
[2024-07-06T13:24:31.167-0700][info][gc,heap     ] GC(36) Archive regions: 2->2
[2024-07-06T13:24:31.167-0700][info][gc,heap     ] GC(36) Humongous regions: 8->8
[2024-07-06T13:24:31.167-0700][info][gc,metaspace] GC(36) Metaspace: 302K(512K)->302K(512K) NonClass: 294K(384K)->294K(384K) Class: 7K(128K)->7K(128K)
[2024-07-06T13:24:31.167-0700][info][gc          ] GC(36) Pause Young (Mixed) (G1 Preventive Collection) 3958M->3961M(4096M) 57.577ms
[2024-07-06T13:24:31.167-0700][info][gc,cpu      ] GC(36) User=0.20s Sys=0.01s Real=0.06s
[2024-07-06T13:24:31.168-0700][info][gc,start    ] GC(37) Pause Young (Mixed) (G1 Preventive Collection)
[2024-07-06T13:24:31.168-0700][info][gc,task     ] GC(37) Using 4 workers of 4 for evacuation
[2024-07-06T13:24:31.226-0700][info][gc          ] GC(37) To-space exhausted
[2024-07-06T13:24:31.226-0700][info][gc,phases   ] GC(37)   Pre Evacuate Collection Set: 0.3ms
[2024-07-06T13:24:31.227-0700][info][gc,phases   ] GC(37)   Merge Heap Roots: 0.2ms
[2024-07-06T13:24:31.227-0700][info][gc,phases   ] GC(37)   Evacuate Collection Set: 51.2ms
[2024-07-06T13:24:31.227-0700][info][gc,phases   ] GC(37)   Post Evacuate Collection Set: 6.9ms
[2024-07-06T13:24:31.227-0700][info][gc,phases   ] GC(37)   Other: 0.1ms
[2024-07-06T13:24:31.227-0700][info][gc,heap     ] GC(37) Eden regions: 2->0(99)
[2024-07-06T13:24:31.227-0700][info][gc,heap     ] GC(37) Survivor regions: 1->3(13)
[2024-07-06T13:24:31.227-0700][info][gc,heap     ] GC(37) Old regions: 1971->1980
[2024-07-06T13:24:31.227-0700][info][gc,heap     ] GC(37) Archive regions: 2->2
[2024-07-06T13:24:31.227-0700][info][gc,heap     ] GC(37) Humongous regions: 8->8
[2024-07-06T13:24:31.227-0700][info][gc,metaspace] GC(37) Metaspace: 302K(512K)->302K(512K) NonClass: 294K(384K)->294K(384K) Class: 7K(128K)->7K(128K)
[2024-07-06T13:24:31.227-0700][info][gc          ] GC(37) Pause Young (Mixed) (G1 Preventive Collection) 3965M->3983M(4096M) 59.070ms
[2024-07-06T13:24:31.227-0700][info][gc,cpu      ] GC(37) User=0.18s Sys=0.04s Real=0.06s
[2024-07-06T13:24:37.206-0700][info][gc,start    ] GC(38) Pause Young (Mixed) (G1 Preventive Collection)
[2024-07-06T13:24:37.206-0700][info][gc,task     ] GC(38) Using 4 workers of 4 for evacuation
[2024-07-06T13:24:37.220-0700][info][gc,phases   ] GC(38)   Pre Evacuate Collection Set: 0.3ms
[2024-07-06T13:24:37.220-0700][info][gc,phases   ] GC(38)   Merge Heap Roots: 0.2ms
[2024-07-06T13:24:37.220-0700][info][gc,phases   ] GC(38)   Evacuate Collection Set: 13.4ms
[2024-07-06T13:24:37.220-0700][info][gc,phases   ] GC(38)   Post Evacuate Collection Set: 0.3ms
[2024-07-06T13:24:37.220-0700][info][gc,phases   ] GC(38)   Other: 0.1ms
[2024-07-06T13:24:37.220-0700][info][gc,heap     ] GC(38) Eden regions: 20->0(89)
[2024-07-06T13:24:37.220-0700][info][gc,heap     ] GC(38) Survivor regions: 3->13(13)
[2024-07-06T13:24:37.220-0700][info][gc,heap     ] GC(38) Old regions: 1980->1987
[2024-07-06T13:24:37.220-0700][info][gc,heap     ] GC(38) Archive regions: 2->2
[2024-07-06T13:24:37.220-0700][info][gc,heap     ] GC(38) Humongous regions: 8->8
[2024-07-06T13:24:37.220-0700][info][gc,metaspace] GC(38) Metaspace: 302K(512K)->302K(512K) NonClass: 294K(384K)->294K(384K) Class: 7K(128K)->7K(128K)
[2024-07-06T13:24:37.220-0700][info][gc          ] GC(38) Pause Young (Mixed) (G1 Preventive Collection) 4023M->4016M(4096M) 14.381ms
[2024-07-06T13:24:37.220-0700][info][gc,cpu      ] GC(38) User=0.05s Sys=0.01s Real=0.01s
[2024-07-06T13:24:41.562-0700][info][gc,start    ] GC(39) Pause Young (Concurrent Start) (G1 Preventive Collection)
[2024-07-06T13:24:41.563-0700][info][gc,task     ] GC(39) Using 4 workers of 4 for evacuation
[2024-07-06T13:24:41.574-0700][info][gc,phases   ] GC(39)   Pre Evacuate Collection Set: 0.3ms
[2024-07-06T13:24:41.574-0700][info][gc,phases   ] GC(39)   Merge Heap Roots: 0.1ms
[2024-07-06T13:24:41.574-0700][info][gc,phases   ] GC(39)   Evacuate Collection Set: 10.8ms
[2024-07-06T13:24:41.574-0700][info][gc,phases   ] GC(39)   Post Evacuate Collection Set: 0.3ms
[2024-07-06T13:24:41.574-0700][info][gc,phases   ] GC(39)   Other: 0.5ms
[2024-07-06T13:24:41.574-0700][info][gc,heap     ] GC(39) Eden regions: 11->0(90)
[2024-07-06T13:24:41.574-0700][info][gc,heap     ] GC(39) Survivor regions: 13->12(13)
[2024-07-06T13:24:41.574-0700][info][gc,heap     ] GC(39) Old regions: 1987->2000
[2024-07-06T13:24:41.574-0700][info][gc,heap     ] GC(39) Archive regions: 2->2
[2024-07-06T13:24:41.574-0700][info][gc,heap     ] GC(39) Humongous regions: 8->8
[2024-07-06T13:24:41.574-0700][info][gc,metaspace] GC(39) Metaspace: 302K(512K)->302K(512K) NonClass: 294K(384K)->294K(384K) Class: 7K(128K)->7K(128K)
[2024-07-06T13:24:41.574-0700][info][gc          ] GC(39) Pause Young (Concurrent Start) (G1 Preventive Collection) 4038M->4040M(4096M) 12.104ms
[2024-07-06T13:24:41.574-0700][info][gc,cpu      ] GC(39) User=0.03s Sys=0.01s Real=0.01s
[2024-07-06T13:24:41.574-0700][info][gc          ] GC(40) Concurrent Mark Cycle
[2024-07-06T13:24:41.574-0700][info][gc,marking  ] GC(40) Concurrent Clear Claimed Marks
[2024-07-06T13:24:41.574-0700][info][gc,marking  ] GC(40) Concurrent Clear Claimed Marks 0.008ms
[2024-07-06T13:24:41.574-0700][info][gc,marking  ] GC(40) Concurrent Scan Root Regions
[2024-07-06T13:24:41.577-0700][info][gc,marking  ] GC(40) Concurrent Scan Root Regions 2.931ms
[2024-07-06T13:24:41.577-0700][info][gc,marking  ] GC(40) Concurrent Mark
[2024-07-06T13:24:41.577-0700][info][gc,marking  ] GC(40) Concurrent Mark From Roots
[2024-07-06T13:24:41.577-0700][info][gc,task     ] GC(40) Using 1 workers of 1 for marking
[2024-07-06T13:24:42.096-0700][info][gc,marking  ] GC(40) Concurrent Mark From Roots 518.437ms
[2024-07-06T13:24:42.096-0700][info][gc,marking  ] GC(40) Concurrent Preclean
[2024-07-06T13:24:42.096-0700][info][gc,marking  ] GC(40) Concurrent Preclean 0.063ms
[2024-07-06T13:24:47.694-0700][info][gc,start    ] GC(40) Pause Remark
[2024-07-06T13:24:47.695-0700][info][gc          ] GC(40) Pause Remark 4050M->4050M(4096M) 1.079ms
[2024-07-06T13:24:47.695-0700][info][gc,cpu      ] GC(40) User=0.01s Sys=0.00s Real=0.01s
[2024-07-06T13:24:47.699-0700][info][gc,marking  ] GC(40) Concurrent Mark 6121.703ms
[2024-07-06T13:24:47.699-0700][info][gc,marking  ] GC(40) Concurrent Rebuild Remembered Sets
[2024-07-06T13:24:47.935-0700][info][gc,marking  ] GC(40) Concurrent Rebuild Remembered Sets 236.102ms
[2024-07-06T13:24:49.149-0700][info][gc,start    ] GC(40) Pause Cleanup
[2024-07-06T13:24:49.150-0700][info][gc          ] GC(40) Pause Cleanup 4050M->4050M(4096M) 1.232ms
[2024-07-06T13:24:49.150-0700][info][gc,cpu      ] GC(40) User=0.00s Sys=0.00s Real=0.00s
[2024-07-06T13:24:49.150-0700][info][gc,marking  ] GC(40) Concurrent Cleanup for Next Mark
[2024-07-06T13:24:49.151-0700][info][gc,start    ] GC(41) Pause Young (Prepare Mixed) (G1 Preventive Collection)
[2024-07-06T13:24:49.151-0700][info][gc,task     ] GC(41) Using 4 workers of 4 for evacuation
[2024-07-06T13:24:49.161-0700][info][gc,phases   ] GC(41)   Pre Evacuate Collection Set: 0.4ms
[2024-07-06T13:24:49.161-0700][info][gc,phases   ] GC(41)   Merge Heap Roots: 0.2ms
[2024-07-06T13:24:49.161-0700][info][gc,phases   ] GC(41)   Evacuate Collection Set: 9.0ms
[2024-07-06T13:24:49.161-0700][info][gc,phases   ] GC(41)   Post Evacuate Collection Set: 0.4ms
[2024-07-06T13:24:49.161-0700][info][gc,phases   ] GC(41)   Other: 0.1ms
[2024-07-06T13:24:49.161-0700][info][gc,heap     ] GC(41) Eden regions: 6->0(94)
[2024-07-06T13:24:49.161-0700][info][gc,heap     ] GC(41) Survivor regions: 12->8(13)
[2024-07-06T13:24:49.161-0700][info][gc,heap     ] GC(41) Old regions: 2000->2011
[2024-07-06T13:24:49.161-0700][info][gc,heap     ] GC(41) Archive regions: 2->2
[2024-07-06T13:24:49.161-0700][info][gc,heap     ] GC(41) Humongous regions: 8->8
[2024-07-06T13:24:49.161-0700][info][gc,metaspace] GC(41) Metaspace: 302K(512K)->302K(512K) NonClass: 294K(384K)->294K(384K) Class: 7K(128K)->7K(128K)
[2024-07-06T13:24:49.161-0700][info][gc          ] GC(41) Pause Young (Prepare Mixed) (G1 Preventive Collection) 4052M->4053M(4096M) 10.144ms
[2024-07-06T13:24:49.161-0700][info][gc,cpu      ] GC(41) User=0.03s Sys=0.00s Real=0.01s
[2024-07-06T13:24:49.162-0700][info][gc,start    ] GC(42) Pause Young (Mixed) (G1 Preventive Collection)
[2024-07-06T13:24:49.162-0700][info][gc,task     ] GC(42) Using 4 workers of 4 for evacuation
[2024-07-06T13:24:49.188-0700][info][gc          ] GC(42) To-space exhausted
[2024-07-06T13:24:49.188-0700][info][gc,phases   ] GC(42)   Pre Evacuate Collection Set: 0.3ms
[2024-07-06T13:24:49.188-0700][info][gc,phases   ] GC(42)   Merge Heap Roots: 0.1ms
[2024-07-06T13:24:49.189-0700][info][gc,phases   ] GC(42)   Evacuate Collection Set: 19.8ms
[2024-07-06T13:24:49.189-0700][info][gc,phases   ] GC(42)   Post Evacuate Collection Set: 6.5ms
[2024-07-06T13:24:49.189-0700][info][gc,phases   ] GC(42)   Other: 0.1ms
[2024-07-06T13:24:49.189-0700][info][gc,heap     ] GC(42) Eden regions: 1->0(95)
[2024-07-06T13:24:49.189-0700][info][gc,heap     ] GC(42) Survivor regions: 8->7(13)
[2024-07-06T13:24:49.189-0700][info][gc,heap     ] GC(42) Old regions: 2011->1992
[2024-07-06T13:24:49.189-0700][info][gc,heap     ] GC(42) Archive regions: 2->2
[2024-07-06T13:24:49.189-0700][info][gc,heap     ] GC(42) Humongous regions: 8->8
[2024-07-06T13:24:49.189-0700][info][gc,metaspace] GC(42) Metaspace: 302K(512K)->302K(512K) NonClass: 294K(384K)->294K(384K) Class: 7K(128K)->7K(128K)
[2024-07-06T13:24:49.189-0700][info][gc          ] GC(42) Pause Young (Mixed) (G1 Preventive Collection) 4055M->4015M(4096M) 26.944ms
[2024-07-06T13:24:49.189-0700][info][gc,cpu      ] GC(42) User=0.08s Sys=0.01s Real=0.03s
[2024-07-06T13:24:49.189-0700][info][gc,start    ] GC(43) Pause Young (Mixed) (G1 Preventive Collection)
[2024-07-06T13:24:49.189-0700][info][gc,task     ] GC(43) Using 4 workers of 4 for evacuation
[2024-07-06T13:24:49.237-0700][info][gc          ] GC(43) To-space exhausted
[2024-07-06T13:24:49.237-0700][info][gc,phases   ] GC(43)   Pre Evacuate Collection Set: 0.3ms
[2024-07-06T13:24:49.237-0700][info][gc,phases   ] GC(43)   Merge Heap Roots: 0.1ms
[2024-07-06T13:24:49.237-0700][info][gc,phases   ] GC(43)   Evacuate Collection Set: 40.2ms
[2024-07-06T13:24:49.237-0700][info][gc,phases   ] GC(43)   Post Evacuate Collection Set: 7.2ms
[2024-07-06T13:24:49.237-0700][info][gc,phases   ] GC(43)   Other: 0.1ms
[2024-07-06T13:24:49.237-0700][info][gc,heap     ] GC(43) Eden regions: 1->0(100)
[2024-07-06T13:24:49.237-0700][info][gc,heap     ] GC(43) Survivor regions: 7->2(13)
[2024-07-06T13:24:49.237-0700][info][gc,heap     ] GC(43) Old regions: 1992->2004
[2024-07-06T13:24:49.237-0700][info][gc,heap     ] GC(43) Archive regions: 2->2
[2024-07-06T13:24:49.237-0700][info][gc,heap     ] GC(43) Humongous regions: 8->8
[2024-07-06T13:24:49.237-0700][info][gc,metaspace] GC(43) Metaspace: 302K(512K)->302K(512K) NonClass: 294K(384K)->294K(384K) Class: 7K(128K)->7K(128K)
[2024-07-06T13:24:49.237-0700][info][gc          ] GC(43) Pause Young (Mixed) (G1 Preventive Collection) 4017M->4029M(4096M) 47.990ms
[2024-07-06T13:24:49.237-0700][info][gc,cpu      ] GC(43) User=0.16s Sys=0.02s Real=0.05s
[2024-07-06T13:24:49.238-0700][info][gc,start    ] GC(44) Pause Young (Mixed) (G1 Preventive Collection)
[2024-07-06T13:24:49.238-0700][info][gc,task     ] GC(44) Using 4 workers of 4 for evacuation
[2024-07-06T13:24:49.292-0700][info][gc          ] GC(44) To-space exhausted
[2024-07-06T13:24:49.292-0700][info][gc,phases   ] GC(44)   Pre Evacuate Collection Set: 0.3ms
[2024-07-06T13:24:49.292-0700][info][gc,phases   ] GC(44)   Merge Heap Roots: 0.1ms
[2024-07-06T13:24:49.292-0700][info][gc,phases   ] GC(44)   Evacuate Collection Set: 45.6ms
[2024-07-06T13:24:49.292-0700][info][gc,phases   ] GC(44)   Post Evacuate Collection Set: 8.3ms
[2024-07-06T13:24:49.292-0700][info][gc,phases   ] GC(44)   Other: 0.1ms
[2024-07-06T13:24:49.292-0700][info][gc,heap     ] GC(44) Eden regions: 1->0(98)
[2024-07-06T13:24:49.292-0700][info][gc,heap     ] GC(44) Survivor regions: 2->4(13)
[2024-07-06T13:24:49.292-0700][info][gc,heap     ] GC(44) Old regions: 2004->2010
[2024-07-06T13:24:49.292-0700][info][gc,heap     ] GC(44) Archive regions: 2->2
[2024-07-06T13:24:49.292-0700][info][gc,heap     ] GC(44) Humongous regions: 8->8
[2024-07-06T13:24:49.292-0700][info][gc,metaspace] GC(44) Metaspace: 302K(512K)->302K(512K) NonClass: 294K(384K)->294K(384K) Class: 7K(128K)->7K(128K)
[2024-07-06T13:24:49.292-0700][info][gc          ] GC(44) Pause Young (Mixed) (G1 Preventive Collection) 4031M->4044M(4096M) 54.553ms
[2024-07-06T13:24:49.292-0700][info][gc,cpu      ] GC(44) User=0.18s Sys=0.03s Real=0.05s
[2024-07-06T13:24:49.295-0700][info][gc,marking  ] GC(40) Concurrent Cleanup for Next Mark 145.063ms
[2024-07-06T13:24:49.295-0700][info][gc          ] GC(40) Concurrent Mark Cycle 7720.790ms
[2024-07-06T13:24:52.171-0700][info][gc,start    ] GC(45) Pause Young (Mixed) (G1 Preventive Collection)
[2024-07-06T13:24:52.171-0700][info][gc,task     ] GC(45) Using 4 workers of 4 for evacuation
[2024-07-06T13:24:52.178-0700][info][gc,phases   ] GC(45)   Pre Evacuate Collection Set: 0.3ms
[2024-07-06T13:24:52.178-0700][info][gc,phases   ] GC(45)   Merge Heap Roots: 0.2ms
[2024-07-06T13:24:52.178-0700][info][gc,phases   ] GC(45)   Evacuate Collection Set: 6.1ms
[2024-07-06T13:24:52.178-0700][info][gc,phases   ] GC(45)   Post Evacuate Collection Set: 0.3ms
[2024-07-06T13:24:52.178-0700][info][gc,phases   ] GC(45)   Other: 0.2ms
[2024-07-06T13:24:52.178-0700][info][gc,heap     ] GC(45) Eden regions: 6->0(92)
[2024-07-06T13:24:52.178-0700][info][gc,heap     ] GC(45) Survivor regions: 4->10(13)
[2024-07-06T13:24:52.178-0700][info][gc,heap     ] GC(45) Old regions: 2010->2009
[2024-07-06T13:24:52.178-0700][info][gc,heap     ] GC(45) Archive regions: 2->2
[2024-07-06T13:24:52.178-0700][info][gc,heap     ] GC(45) Humongous regions: 8->8
[2024-07-06T13:24:52.178-0700][info][gc,metaspace] GC(45) Metaspace: 302K(512K)->302K(512K) NonClass: 294K(384K)->294K(384K) Class: 7K(128K)->7K(128K)
[2024-07-06T13:24:52.178-0700][info][gc          ] GC(45) Pause Young (Mixed) (G1 Preventive Collection) 4056M->4052M(4096M) 7.153ms
[2024-07-06T13:24:52.178-0700][info][gc,cpu      ] GC(45) User=0.02s Sys=0.00s Real=0.01s
[2024-07-06T13:24:52.179-0700][info][gc,start    ] GC(46) Pause Young (Concurrent Start) (G1 Preventive Collection)
[2024-07-06T13:24:52.179-0700][info][gc,task     ] GC(46) Using 4 workers of 4 for evacuation
[2024-07-06T13:24:52.183-0700][info][gc,phases   ] GC(46)   Pre Evacuate Collection Set: 0.2ms
[2024-07-06T13:24:52.183-0700][info][gc,phases   ] GC(46)   Merge Heap Roots: 0.1ms
[2024-07-06T13:24:52.183-0700][info][gc,phases   ] GC(46)   Evacuate Collection Set: 3.7ms
[2024-07-06T13:24:52.183-0700][info][gc,phases   ] GC(46)   Post Evacuate Collection Set: 0.3ms
[2024-07-06T13:24:52.183-0700][info][gc,phases   ] GC(46)   Other: 0.1ms
[2024-07-06T13:24:52.183-0700][info][gc,heap     ] GC(46) Eden regions: 4->0(91)
[2024-07-06T13:24:52.183-0700][info][gc,heap     ] GC(46) Survivor regions: 10->11(13)
[2024-07-06T13:24:52.183-0700][info][gc,heap     ] GC(46) Old regions: 2009->2012
[2024-07-06T13:24:52.183-0700][info][gc,heap     ] GC(46) Archive regions: 2->2
[2024-07-06T13:24:52.183-0700][info][gc,heap     ] GC(46) Humongous regions: 8->8
[2024-07-06T13:24:52.183-0700][info][gc,metaspace] GC(46) Metaspace: 302K(512K)->302K(512K) NonClass: 294K(384K)->294K(384K) Class: 7K(128K)->7K(128K)
[2024-07-06T13:24:52.183-0700][info][gc          ] GC(46) Pause Young (Concurrent Start) (G1 Preventive Collection) 4060M->4061M(4096M) 4.478ms
[2024-07-06T13:24:52.183-0700][info][gc,cpu      ] GC(46) User=0.02s Sys=0.01s Real=0.01s
[2024-07-06T13:24:52.183-0700][info][gc          ] GC(47) Concurrent Mark Cycle
[2024-07-06T13:24:52.183-0700][info][gc,marking  ] GC(47) Concurrent Clear Claimed Marks
[2024-07-06T13:24:52.183-0700][info][gc,marking  ] GC(47) Concurrent Clear Claimed Marks 0.006ms
[2024-07-06T13:24:52.183-0700][info][gc,marking  ] GC(47) Concurrent Scan Root Regions
[2024-07-06T13:24:52.185-0700][info][gc,marking  ] GC(47) Concurrent Scan Root Regions 1.483ms
[2024-07-06T13:24:52.185-0700][info][gc,marking  ] GC(47) Concurrent Mark
[2024-07-06T13:24:52.185-0700][info][gc,marking  ] GC(47) Concurrent Mark From Roots
[2024-07-06T13:24:52.185-0700][info][gc,task     ] GC(47) Using 1 workers of 1 for marking
[2024-07-06T13:24:52.699-0700][info][gc,marking  ] GC(47) Concurrent Mark From Roots 514.474ms
[2024-07-06T13:24:52.699-0700][info][gc,marking  ] GC(47) Concurrent Preclean
[2024-07-06T13:24:52.699-0700][info][gc,marking  ] GC(47) Concurrent Preclean 0.061ms
[2024-07-06T13:24:57.778-0700][info][gc,start    ] GC(47) Pause Remark
[2024-07-06T13:24:57.779-0700][info][gc          ] GC(47) Pause Remark 4063M->4063M(4096M) 0.981ms
[2024-07-06T13:24:57.779-0700][info][gc,cpu      ] GC(47) User=0.00s Sys=0.00s Real=0.00s
[2024-07-06T13:24:57.779-0700][info][gc,marking  ] GC(47) Concurrent Mark 5594.052ms
[2024-07-06T13:24:57.779-0700][info][gc,marking  ] GC(47) Concurrent Rebuild Remembered Sets
[2024-07-06T13:24:58.015-0700][info][gc,marking  ] GC(47) Concurrent Rebuild Remembered Sets 236.608ms
[2024-07-06T13:24:58.033-0700][info][gc,start    ] GC(47) Pause Cleanup
[2024-07-06T13:24:58.034-0700][info][gc          ] GC(47) Pause Cleanup 4063M->4063M(4096M) 1.151ms
[2024-07-06T13:24:58.034-0700][info][gc,cpu      ] GC(47) User=0.00s Sys=0.00s Real=0.00s
[2024-07-06T13:24:58.034-0700][info][gc,marking  ] GC(47) Concurrent Cleanup for Next Mark
[2024-07-06T13:24:58.040-0700][info][gc,marking  ] GC(47) Concurrent Cleanup for Next Mark 6.094ms
[2024-07-06T13:24:58.041-0700][info][gc          ] GC(47) Concurrent Mark Cycle 5857.277ms
[2024-07-06T13:24:59.136-0700][info][gc,start    ] GC(48) Pause Young (Prepare Mixed) (G1 Preventive Collection)
[2024-07-06T13:24:59.136-0700][info][gc,task     ] GC(48) Using 4 workers of 4 for evacuation
[2024-07-06T13:24:59.143-0700][info][gc,phases   ] GC(48)   Pre Evacuate Collection Set: 0.3ms
[2024-07-06T13:24:59.143-0700][info][gc,phases   ] GC(48)   Merge Heap Roots: 0.1ms
[2024-07-06T13:24:59.143-0700][info][gc,phases   ] GC(48)   Evacuate Collection Set: 5.9ms
[2024-07-06T13:24:59.143-0700][info][gc,phases   ] GC(48)   Post Evacuate Collection Set: 0.4ms
[2024-07-06T13:24:59.143-0700][info][gc,phases   ] GC(48)   Other: 0.2ms
[2024-07-06T13:24:59.143-0700][info][gc,heap     ] GC(48) Eden regions: 1->0(96)
[2024-07-06T13:24:59.143-0700][info][gc,heap     ] GC(48) Survivor regions: 11->6(13)
[2024-07-06T13:24:59.143-0700][info][gc,heap     ] GC(48) Old regions: 2012->2018
[2024-07-06T13:24:59.143-0700][info][gc,heap     ] GC(48) Archive regions: 2->2
[2024-07-06T13:24:59.143-0700][info][gc,heap     ] GC(48) Humongous regions: 8->8
[2024-07-06T13:24:59.143-0700][info][gc,metaspace] GC(48) Metaspace: 302K(512K)->302K(512K) NonClass: 294K(384K)->294K(384K) Class: 7K(128K)->7K(128K)
[2024-07-06T13:24:59.143-0700][info][gc          ] GC(48) Pause Young (Prepare Mixed) (G1 Preventive Collection) 4063M->4063M(4096M) 6.917ms
[2024-07-06T13:24:59.143-0700][info][gc,cpu      ] GC(48) User=0.02s Sys=0.00s Real=0.01s
[2024-07-06T13:24:59.143-0700][info][gc,start    ] GC(49) Pause Young (Mixed) (G1 Preventive Collection)
[2024-07-06T13:24:59.143-0700][info][gc,task     ] GC(49) Using 4 workers of 4 for evacuation
[2024-07-06T13:24:59.164-0700][info][gc          ] GC(49) To-space exhausted
[2024-07-06T13:24:59.164-0700][info][gc,phases   ] GC(49)   Pre Evacuate Collection Set: 0.3ms
[2024-07-06T13:24:59.164-0700][info][gc,phases   ] GC(49)   Merge Heap Roots: 0.1ms
[2024-07-06T13:24:59.164-0700][info][gc,phases   ] GC(49)   Evacuate Collection Set: 15.5ms
[2024-07-06T13:24:59.164-0700][info][gc,phases   ] GC(49)   Post Evacuate Collection Set: 4.9ms
[2024-07-06T13:24:59.164-0700][info][gc,phases   ] GC(49)   Other: 0.1ms
[2024-07-06T13:24:59.164-0700][info][gc,heap     ] GC(49) Eden regions: 1->0(96)
[2024-07-06T13:24:59.164-0700][info][gc,heap     ] GC(49) Survivor regions: 6->6(13)
[2024-07-06T13:24:59.164-0700][info][gc,heap     ] GC(49) Old regions: 2018->1990
[2024-07-06T13:24:59.164-0700][info][gc,heap     ] GC(49) Archive regions: 2->2
[2024-07-06T13:24:59.164-0700][info][gc,heap     ] GC(49) Humongous regions: 8->8
[2024-07-06T13:24:59.165-0700][info][gc,metaspace] GC(49) Metaspace: 302K(512K)->302K(512K) NonClass: 294K(384K)->294K(384K) Class: 7K(128K)->7K(128K)
[2024-07-06T13:24:59.165-0700][info][gc          ] GC(49) Pause Young (Mixed) (G1 Preventive Collection) 4065M->4009M(4096M) 21.040ms
[2024-07-06T13:24:59.165-0700][info][gc,cpu      ] GC(49) User=0.07s Sys=0.00s Real=0.02s
[2024-07-06T13:24:59.165-0700][info][gc,start    ] GC(50) Pause Young (Mixed) (G1 Preventive Collection)
[2024-07-06T13:24:59.165-0700][info][gc,task     ] GC(50) Using 4 workers of 4 for evacuation
[2024-07-06T13:24:59.206-0700][info][gc          ] GC(50) To-space exhausted
[2024-07-06T13:24:59.206-0700][info][gc,phases   ] GC(50)   Pre Evacuate Collection Set: 0.2ms
[2024-07-06T13:24:59.206-0700][info][gc,phases   ] GC(50)   Merge Heap Roots: 0.1ms
[2024-07-06T13:24:59.206-0700][info][gc,phases   ] GC(50)   Evacuate Collection Set: 34.0ms
[2024-07-06T13:24:59.206-0700][info][gc,phases   ] GC(50)   Post Evacuate Collection Set: 6.6ms
[2024-07-06T13:24:59.206-0700][info][gc,phases   ] GC(50)   Other: 0.1ms
[2024-07-06T13:24:59.206-0700][info][gc,heap     ] GC(50) Eden regions: 1->0(95)
[2024-07-06T13:24:59.206-0700][info][gc,heap     ] GC(50) Survivor regions: 6->7(13)
[2024-07-06T13:24:59.206-0700][info][gc,heap     ] GC(50) Old regions: 1990->1982
[2024-07-06T13:24:59.206-0700][info][gc,heap     ] GC(50) Archive regions: 2->2
[2024-07-06T13:24:59.206-0700][info][gc,heap     ] GC(50) Humongous regions: 8->8
[2024-07-06T13:24:59.206-0700][info][gc,metaspace] GC(50) Metaspace: 302K(512K)->302K(512K) NonClass: 294K(384K)->294K(384K) Class: 7K(128K)->7K(128K)
[2024-07-06T13:24:59.206-0700][info][gc          ] GC(50) Pause Young (Mixed) (G1 Preventive Collection) 4011M->3995M(4096M) 41.114ms
[2024-07-06T13:24:59.206-0700][info][gc,cpu      ] GC(50) User=0.13s Sys=0.02s Real=0.04s
[2024-07-06T13:24:59.206-0700][info][gc,start    ] GC(51) Pause Young (Mixed) (G1 Preventive Collection)
[2024-07-06T13:24:59.206-0700][info][gc,task     ] GC(51) Using 4 workers of 4 for evacuation
[2024-07-06T13:24:59.249-0700][info][gc          ] GC(51) To-space exhausted
[2024-07-06T13:24:59.249-0700][info][gc,phases   ] GC(51)   Pre Evacuate Collection Set: 0.2ms
[2024-07-06T13:24:59.249-0700][info][gc,phases   ] GC(51)   Merge Heap Roots: 0.1ms
[2024-07-06T13:24:59.249-0700][info][gc,phases   ] GC(51)   Evacuate Collection Set: 37.2ms
[2024-07-06T13:24:59.249-0700][info][gc,phases   ] GC(51)   Post Evacuate Collection Set: 5.3ms
[2024-07-06T13:24:59.249-0700][info][gc,phases   ] GC(51)   Other: 0.1ms
[2024-07-06T13:24:59.249-0700][info][gc,heap     ] GC(51) Eden regions: 1->0(98)
[2024-07-06T13:24:59.249-0700][info][gc,heap     ] GC(51) Survivor regions: 7->4(13)
[2024-07-06T13:24:59.249-0700][info][gc,heap     ] GC(51) Old regions: 1982->2001
[2024-07-06T13:24:59.249-0700][info][gc,heap     ] GC(51) Archive regions: 2->2
[2024-07-06T13:24:59.249-0700][info][gc,heap     ] GC(51) Humongous regions: 8->8
[2024-07-06T13:24:59.249-0700][info][gc,metaspace] GC(51) Metaspace: 302K(512K)->302K(512K) NonClass: 294K(384K)->294K(384K) Class: 7K(128K)->7K(128K)
[2024-07-06T13:24:59.249-0700][info][gc          ] GC(51) Pause Young (Mixed) (G1 Preventive Collection) 3997M->4027M(4096M) 43.043ms
[2024-07-06T13:24:59.249-0700][info][gc,cpu      ] GC(51) User=0.12s Sys=0.04s Real=0.04s
[2024-07-06T13:25:03.573-0700][info][gc,start    ] GC(52) Pause Young (Concurrent Start) (G1 Preventive Collection)
[2024-07-06T13:25:03.573-0700][info][gc,task     ] GC(52) Using 4 workers of 4 for evacuation
[2024-07-06T13:25:03.580-0700][info][gc,phases   ] GC(52)   Pre Evacuate Collection Set: 0.3ms
[2024-07-06T13:25:03.580-0700][info][gc,phases   ] GC(52)   Merge Heap Roots: 0.2ms
[2024-07-06T13:25:03.580-0700][info][gc,phases   ] GC(52)   Evacuate Collection Set: 6.9ms
[2024-07-06T13:25:03.580-0700][info][gc,phases   ] GC(52)   Post Evacuate Collection Set: 0.3ms
[2024-07-06T13:25:03.580-0700][info][gc,phases   ] GC(52)   Other: 0.2ms
[2024-07-06T13:25:03.580-0700][info][gc,heap     ] GC(52) Eden regions: 13->0(89)
[2024-07-06T13:25:03.580-0700][info][gc,heap     ] GC(52) Survivor regions: 4->13(13)
[2024-07-06T13:25:03.580-0700][info][gc,heap     ] GC(52) Old regions: 2001->2005
[2024-07-06T13:25:03.580-0700][info][gc,heap     ] GC(52) Archive regions: 2->2
[2024-07-06T13:25:03.580-0700][info][gc,heap     ] GC(52) Humongous regions: 8->8
[2024-07-06T13:25:03.580-0700][info][gc,metaspace] GC(52) Metaspace: 302K(512K)->302K(512K) NonClass: 294K(384K)->294K(384K) Class: 7K(128K)->7K(128K)
[2024-07-06T13:25:03.580-0700][info][gc          ] GC(52) Pause Young (Concurrent Start) (G1 Preventive Collection) 4053M->4053M(4096M) 7.926ms
[2024-07-06T13:25:03.580-0700][info][gc,cpu      ] GC(52) User=0.03s Sys=0.00s Real=0.01s
[2024-07-06T13:25:03.581-0700][info][gc          ] GC(53) Concurrent Mark Cycle
[2024-07-06T13:25:03.581-0700][info][gc,marking  ] GC(53) Concurrent Clear Claimed Marks
[2024-07-06T13:25:03.581-0700][info][gc,marking  ] GC(53) Concurrent Clear Claimed Marks 0.006ms
[2024-07-06T13:25:03.581-0700][info][gc,marking  ] GC(53) Concurrent Scan Root Regions
[2024-07-06T13:25:03.582-0700][info][gc,marking  ] GC(53) Concurrent Scan Root Regions 1.736ms
[2024-07-06T13:25:03.582-0700][info][gc,marking  ] GC(53) Concurrent Mark
[2024-07-06T13:25:03.582-0700][info][gc,marking  ] GC(53) Concurrent Mark From Roots
[2024-07-06T13:25:03.582-0700][info][gc,task     ] GC(53) Using 1 workers of 1 for marking
[2024-07-06T13:25:03.582-0700][info][gc,start    ] GC(54) Pause Young (Normal) (G1 Preventive Collection)
[2024-07-06T13:25:03.582-0700][info][gc,task     ] GC(54) Using 4 workers of 4 for evacuation
[2024-07-06T13:25:03.589-0700][info][gc,phases   ] GC(54)   Pre Evacuate Collection Set: 0.2ms
[2024-07-06T13:25:03.589-0700][info][gc,phases   ] GC(54)   Merge Heap Roots: 0.1ms
[2024-07-06T13:25:03.589-0700][info][gc,phases   ] GC(54)   Evacuate Collection Set: 6.3ms
[2024-07-06T13:25:03.589-0700][info][gc,phases   ] GC(54)   Post Evacuate Collection Set: 0.3ms
[2024-07-06T13:25:03.589-0700][info][gc,phases   ] GC(54)   Other: 0.1ms
[2024-07-06T13:25:03.589-0700][info][gc,heap     ] GC(54) Eden regions: 2->0(100)
[2024-07-06T13:25:03.589-0700][info][gc,heap     ] GC(54) Survivor regions: 13->2(13)
[2024-07-06T13:25:03.589-0700][info][gc,heap     ] GC(54) Old regions: 2005->2018
[2024-07-06T13:25:03.589-0700][info][gc,heap     ] GC(54) Archive regions: 2->2
[2024-07-06T13:25:03.589-0700][info][gc,heap     ] GC(54) Humongous regions: 8->8
[2024-07-06T13:25:03.589-0700][info][gc,metaspace] GC(54) Metaspace: 302K(512K)->302K(512K) NonClass: 294K(384K)->294K(384K) Class: 7K(128K)->7K(128K)
[2024-07-06T13:25:03.589-0700][info][gc          ] GC(54) Pause Young (Normal) (G1 Preventive Collection) 4057M->4057M(4096M) 7.058ms
[2024-07-06T13:25:03.589-0700][info][gc,cpu      ] GC(54) User=0.01s Sys=0.01s Real=0.01s
[2024-07-06T13:25:04.116-0700][info][gc,marking  ] GC(53) Concurrent Mark From Roots 533.710ms
[2024-07-06T13:25:04.116-0700][info][gc,marking  ] GC(53) Concurrent Preclean
[2024-07-06T13:25:04.116-0700][info][gc,marking  ] GC(53) Concurrent Preclean 0.063ms
[2024-07-06T13:25:06.434-0700][info][gc,start    ] GC(53) Pause Remark
[2024-07-06T13:25:06.435-0700][info][gc          ] GC(53) Pause Remark 4060M->4060M(4096M) 1.000ms
[2024-07-06T13:25:06.435-0700][info][gc,cpu      ] GC(53) User=0.00s Sys=0.00s Real=0.00s
[2024-07-06T13:25:06.435-0700][info][gc,marking  ] GC(53) Concurrent Mark 2852.462ms
[2024-07-06T13:25:06.435-0700][info][gc,marking  ] GC(53) Concurrent Rebuild Remembered Sets
[2024-07-06T13:25:06.702-0700][info][gc,marking  ] GC(53) Concurrent Rebuild Remembered Sets 267.531ms
[2024-07-06T13:25:07.457-0700][info][gc,start    ] GC(53) Pause Cleanup
[2024-07-06T13:25:07.459-0700][info][gc          ] GC(53) Pause Cleanup 4060M->4060M(4096M) 1.156ms
[2024-07-06T13:25:07.459-0700][info][gc,cpu      ] GC(53) User=0.00s Sys=0.00s Real=0.00s
[2024-07-06T13:25:07.459-0700][info][gc,marking  ] GC(53) Concurrent Cleanup for Next Mark
[2024-07-06T13:25:07.465-0700][info][gc,marking  ] GC(53) Concurrent Cleanup for Next Mark 6.738ms
[2024-07-06T13:25:07.466-0700][info][gc          ] GC(53) Concurrent Mark Cycle 3884.969ms
[2024-07-06T13:25:09.505-0700][info][gc,start    ] GC(55) Pause Young (Prepare Mixed) (G1 Preventive Collection)
[2024-07-06T13:25:09.505-0700][info][gc,task     ] GC(55) Using 4 workers of 4 for evacuation
[2024-07-06T13:25:09.512-0700][info][gc,phases   ] GC(55)   Pre Evacuate Collection Set: 0.3ms
[2024-07-06T13:25:09.512-0700][info][gc,phases   ] GC(55)   Merge Heap Roots: 0.2ms
[2024-07-06T13:25:09.512-0700][info][gc,phases   ] GC(55)   Evacuate Collection Set: 6.1ms
[2024-07-06T13:25:09.512-0700][info][gc,phases   ] GC(55)   Post Evacuate Collection Set: 0.3ms
[2024-07-06T13:25:09.512-0700][info][gc,phases   ] GC(55)   Other: 0.1ms
[2024-07-06T13:25:09.512-0700][info][gc,heap     ] GC(55) Eden regions: 7->0(92)
[2024-07-06T13:25:09.512-0700][info][gc,heap     ] GC(55) Survivor regions: 2->10(11)
[2024-07-06T13:25:09.512-0700][info][gc,heap     ] GC(55) Old regions: 2018->2018
[2024-07-06T13:25:09.512-0700][info][gc,heap     ] GC(55) Archive regions: 2->2
[2024-07-06T13:25:09.512-0700][info][gc,heap     ] GC(55) Humongous regions: 8->8
[2024-07-06T13:25:09.512-0700][info][gc,metaspace] GC(55) Metaspace: 302K(512K)->302K(512K) NonClass: 294K(384K)->294K(384K) Class: 7K(128K)->7K(128K)
[2024-07-06T13:25:09.512-0700][info][gc          ] GC(55) Pause Young (Prepare Mixed) (G1 Preventive Collection) 4071M->4072M(4096M) 7.059ms
[2024-07-06T13:25:09.512-0700][info][gc,cpu      ] GC(55) User=0.02s Sys=0.00s Real=0.00s
[2024-07-06T13:25:09.512-0700][info][gc,start    ] GC(56) Pause Young (Mixed) (G1 Preventive Collection)
[2024-07-06T13:25:09.512-0700][info][gc,task     ] GC(56) Using 4 workers of 4 for evacuation
[2024-07-06T13:25:09.533-0700][info][gc          ] GC(56) To-space exhausted
[2024-07-06T13:25:09.533-0700][info][gc,phases   ] GC(56)   Pre Evacuate Collection Set: 0.3ms
[2024-07-06T13:25:09.533-0700][info][gc,phases   ] GC(56)   Merge Heap Roots: 0.1ms
[2024-07-06T13:25:09.533-0700][info][gc,phases   ] GC(56)   Evacuate Collection Set: 15.1ms
[2024-07-06T13:25:09.533-0700][info][gc,phases   ] GC(56)   Post Evacuate Collection Set: 4.8ms
[2024-07-06T13:25:09.533-0700][info][gc,phases   ] GC(56)   Other: 0.1ms
[2024-07-06T13:25:09.533-0700][info][gc,heap     ] GC(56) Eden regions: 1->0(102)
[2024-07-06T13:25:09.533-0700][info][gc,heap     ] GC(56) Survivor regions: 10->0(9)
[2024-07-06T13:25:09.533-0700][info][gc,heap     ] GC(56) Old regions: 2018->2003
[2024-07-06T13:25:09.533-0700][info][gc,heap     ] GC(56) Archive regions: 2->2
[2024-07-06T13:25:09.533-0700][info][gc,heap     ] GC(56) Humongous regions: 8->8
[2024-07-06T13:25:09.533-0700][info][gc,metaspace] GC(56) Metaspace: 302K(512K)->302K(512K) NonClass: 294K(384K)->294K(384K) Class: 7K(128K)->7K(128K)
[2024-07-06T13:25:09.533-0700][info][gc          ] GC(56) Pause Young (Mixed) (G1 Preventive Collection) 4074M->4023M(4096M) 20.577ms
[2024-07-06T13:25:09.533-0700][info][gc,cpu      ] GC(56) User=0.06s Sys=0.01s Real=0.02s
[2024-07-06T13:25:10.955-0700][info][gc,start    ] GC(57) Pause Young (Mixed) (G1 Preventive Collection)
[2024-07-06T13:25:10.955-0700][info][gc,task     ] GC(57) Using 4 workers of 4 for evacuation
[2024-07-06T13:25:10.993-0700][info][gc          ] GC(57) To-space exhausted
[2024-07-06T13:25:10.993-0700][info][gc,phases   ] GC(57)   Pre Evacuate Collection Set: 0.3ms
[2024-07-06T13:25:10.993-0700][info][gc,phases   ] GC(57)   Merge Heap Roots: 0.2ms
[2024-07-06T13:25:10.993-0700][info][gc,phases   ] GC(57)   Evacuate Collection Set: 31.5ms
[2024-07-06T13:25:10.993-0700][info][gc,phases   ] GC(57)   Post Evacuate Collection Set: 6.5ms
[2024-07-06T13:25:10.993-0700][info][gc,phases   ] GC(57)   Other: 0.1ms
[2024-07-06T13:25:10.993-0700][info][gc,heap     ] GC(57) Eden regions: 4->0(98)
[2024-07-06T13:25:10.993-0700][info][gc,heap     ] GC(57) Survivor regions: 0->4(13)
[2024-07-06T13:25:10.993-0700][info][gc,heap     ] GC(57) Old regions: 2003->1983
[2024-07-06T13:25:10.993-0700][info][gc,heap     ] GC(57) Archive regions: 2->2
[2024-07-06T13:25:10.993-0700][info][gc,heap     ] GC(57) Humongous regions: 8->8
[2024-07-06T13:25:10.993-0700][info][gc,metaspace] GC(57) Metaspace: 302K(512K)->302K(512K) NonClass: 294K(384K)->294K(384K) Class: 7K(128K)->7K(128K)
[2024-07-06T13:25:10.993-0700][info][gc          ] GC(57) Pause Young (Mixed) (G1 Preventive Collection) 4031M->3991M(4096M) 38.693ms
[2024-07-06T13:25:10.993-0700][info][gc,cpu      ] GC(57) User=0.11s Sys=0.03s Real=0.04s
[2024-07-06T13:25:10.994-0700][info][gc,start    ] GC(58) Pause Young (Mixed) (G1 Preventive Collection)
[2024-07-06T13:25:10.994-0700][info][gc,task     ] GC(58) Using 4 workers of 4 for evacuation
[2024-07-06T13:25:11.022-0700][info][gc          ] GC(58) To-space exhausted
[2024-07-06T13:25:11.022-0700][info][gc,phases   ] GC(58)   Pre Evacuate Collection Set: 0.2ms
[2024-07-06T13:25:11.022-0700][info][gc,phases   ] GC(58)   Merge Heap Roots: 0.1ms
[2024-07-06T13:25:11.022-0700][info][gc,phases   ] GC(58)   Evacuate Collection Set: 26.6ms
[2024-07-06T13:25:11.022-0700][info][gc,phases   ] GC(58)   Post Evacuate Collection Set: 1.5ms
[2024-07-06T13:25:11.022-0700][info][gc,phases   ] GC(58)   Other: 0.1ms
[2024-07-06T13:25:11.022-0700][info][gc,heap     ] GC(58) Eden regions: 1->0(97)
[2024-07-06T13:25:11.022-0700][info][gc,heap     ] GC(58) Survivor regions: 4->5(13)
[2024-07-06T13:25:11.022-0700][info][gc,heap     ] GC(58) Old regions: 1983->1978
[2024-07-06T13:25:11.022-0700][info][gc,heap     ] GC(58) Archive regions: 2->2
[2024-07-06T13:25:11.022-0700][info][gc,heap     ] GC(58) Humongous regions: 8->8
[2024-07-06T13:25:11.022-0700][info][gc,metaspace] GC(58) Metaspace: 302K(512K)->302K(512K) NonClass: 294K(384K)->294K(384K) Class: 7K(128K)->7K(128K)
[2024-07-06T13:25:11.022-0700][info][gc          ] GC(58) Pause Young (Mixed) (G1 Preventive Collection) 3993M->3983M(4096M) 28.534ms
[2024-07-06T13:25:11.022-0700][info][gc,cpu      ] GC(58) User=0.10s Sys=0.01s Real=0.03s
[2024-07-06T13:25:16.476-0700][info][gc,start    ] GC(59) Pause Young (Concurrent Start) (G1 Preventive Collection)
[2024-07-06T13:25:16.476-0700][info][gc,task     ] GC(59) Using 4 workers of 4 for evacuation
[2024-07-06T13:25:16.491-0700][info][gc,phases   ] GC(59)   Pre Evacuate Collection Set: 0.3ms
[2024-07-06T13:25:16.491-0700][info][gc,phases   ] GC(59)   Merge Heap Roots: 0.2ms
[2024-07-06T13:25:16.491-0700][info][gc,phases   ] GC(59)   Evacuate Collection Set: 14.0ms
[2024-07-06T13:25:16.491-0700][info][gc,phases   ] GC(59)   Post Evacuate Collection Set: 0.3ms
[2024-07-06T13:25:16.491-0700][info][gc,phases   ] GC(59)   Other: 0.2ms
[2024-07-06T13:25:16.491-0700][info][gc,heap     ] GC(59) Eden regions: 23->0(89)
[2024-07-06T13:25:16.491-0700][info][gc,heap     ] GC(59) Survivor regions: 5->13(13)
[2024-07-06T13:25:16.491-0700][info][gc,heap     ] GC(59) Old regions: 1978->1993
[2024-07-06T13:25:16.491-0700][info][gc,heap     ] GC(59) Archive regions: 2->2
[2024-07-06T13:25:16.491-0700][info][gc,heap     ] GC(59) Humongous regions: 8->8
[2024-07-06T13:25:16.491-0700][info][gc,metaspace] GC(59) Metaspace: 302K(512K)->302K(512K) NonClass: 294K(384K)->294K(384K) Class: 7K(128K)->7K(128K)
[2024-07-06T13:25:16.491-0700][info][gc          ] GC(59) Pause Young (Concurrent Start) (G1 Preventive Collection) 4029M->4029M(4096M) 15.073ms
[2024-07-06T13:25:16.491-0700][info][gc,cpu      ] GC(59) User=0.05s Sys=0.01s Real=0.01s
[2024-07-06T13:25:16.491-0700][info][gc          ] GC(60) Concurrent Mark Cycle
[2024-07-06T13:25:16.492-0700][info][gc,marking  ] GC(60) Concurrent Clear Claimed Marks
[2024-07-06T13:25:16.492-0700][info][gc,marking  ] GC(60) Concurrent Clear Claimed Marks 0.037ms
[2024-07-06T13:25:16.492-0700][info][gc,marking  ] GC(60) Concurrent Scan Root Regions
[2024-07-06T13:25:16.495-0700][info][gc,marking  ] GC(60) Concurrent Scan Root Regions 3.043ms
[2024-07-06T13:25:16.495-0700][info][gc,marking  ] GC(60) Concurrent Mark
[2024-07-06T13:25:16.495-0700][info][gc,marking  ] GC(60) Concurrent Mark From Roots
[2024-07-06T13:25:16.495-0700][info][gc,task     ] GC(60) Using 1 workers of 1 for marking
[2024-07-06T13:25:17.025-0700][info][gc,marking  ] GC(60) Concurrent Mark From Roots 530.341ms
[2024-07-06T13:25:17.025-0700][info][gc,marking  ] GC(60) Concurrent Preclean
[2024-07-06T13:25:17.025-0700][info][gc,marking  ] GC(60) Concurrent Preclean 0.063ms
[2024-07-06T13:25:49.491-0700][info][gc,start    ] GC(60) Pause Remark
[2024-07-06T13:25:49.493-0700][info][gc          ] GC(60) Pause Remark 4030M->4030M(4096M) 2.564ms
[2024-07-06T13:25:49.493-0700][info][gc,cpu      ] GC(60) User=0.01s Sys=0.00s Real=0.00s
[2024-07-06T13:25:49.494-0700][info][gc,marking  ] GC(60) Concurrent Mark 32999.394ms
[2024-07-06T13:25:49.494-0700][info][gc,marking  ] GC(60) Concurrent Rebuild Remembered Sets
[2024-07-06T13:25:49.758-0700][info][gc,marking  ] GC(60) Concurrent Rebuild Remembered Sets 264.173ms
[2024-07-06T13:25:49.908-0700][info][gc,start    ] GC(60) Pause Cleanup
[2024-07-06T13:25:49.909-0700][info][gc          ] GC(60) Pause Cleanup 4030M->4030M(4096M) 1.122ms
[2024-07-06T13:25:49.909-0700][info][gc,cpu      ] GC(60) User=0.00s Sys=0.00s Real=0.00s
[2024-07-06T13:25:49.909-0700][info][gc,marking  ] GC(60) Concurrent Cleanup for Next Mark
[2024-07-06T13:25:49.915-0700][info][gc,marking  ] GC(60) Concurrent Cleanup for Next Mark 5.455ms
[2024-07-06T13:25:49.915-0700][info][gc          ] GC(60) Concurrent Mark Cycle 33423.428ms
[2024-07-06T13:25:51.546-0700][info][gc,start    ] GC(61) Pause Young (Prepare Mixed) (G1 Preventive Collection)
[2024-07-06T13:25:51.546-0700][info][gc,task     ] GC(61) Using 4 workers of 4 for evacuation
[2024-07-06T13:25:51.556-0700][info][gc,phases   ] GC(61)   Pre Evacuate Collection Set: 0.3ms
[2024-07-06T13:25:51.556-0700][info][gc,phases   ] GC(61)   Merge Heap Roots: 0.1ms
[2024-07-06T13:25:51.557-0700][info][gc,phases   ] GC(61)   Evacuate Collection Set: 10.0ms
[2024-07-06T13:25:51.557-0700][info][gc,phases   ] GC(61)   Post Evacuate Collection Set: 0.4ms
[2024-07-06T13:25:51.557-0700][info][gc,phases   ] GC(61)   Other: 0.1ms
[2024-07-06T13:25:51.557-0700][info][gc,heap     ] GC(61) Eden regions: 8->0(92)
[2024-07-06T13:25:51.557-0700][info][gc,heap     ] GC(61) Survivor regions: 13->10(13)
[2024-07-06T13:25:51.557-0700][info][gc,heap     ] GC(61) Old regions: 1993->2006
[2024-07-06T13:25:51.557-0700][info][gc,heap     ] GC(61) Archive regions: 2->2
[2024-07-06T13:25:51.557-0700][info][gc,heap     ] GC(61) Humongous regions: 8->8
[2024-07-06T13:25:51.557-0700][info][gc,metaspace] GC(61) Metaspace: 302K(512K)->302K(512K) NonClass: 294K(384K)->294K(384K) Class: 7K(128K)->7K(128K)
[2024-07-06T13:25:51.557-0700][info][gc          ] GC(61) Pause Young (Prepare Mixed) (G1 Preventive Collection) 4045M->4048M(4096M) 11.012ms
[2024-07-06T13:25:51.557-0700][info][gc,cpu      ] GC(61) User=0.05s Sys=0.00s Real=0.01s
[2024-07-06T13:25:52.893-0700][info][gc,start    ] GC(62) Pause Young (Mixed) (G1 Preventive Collection)
[2024-07-06T13:25:52.893-0700][info][gc,task     ] GC(62) Using 4 workers of 4 for evacuation
[2024-07-06T13:25:52.918-0700][info][gc          ] GC(62) To-space exhausted
[2024-07-06T13:25:52.918-0700][info][gc,phases   ] GC(62)   Pre Evacuate Collection Set: 0.4ms
[2024-07-06T13:25:52.918-0700][info][gc,phases   ] GC(62)   Merge Heap Roots: 0.2ms
[2024-07-06T13:25:52.918-0700][info][gc,phases   ] GC(62)   Evacuate Collection Set: 20.3ms
[2024-07-06T13:25:52.918-0700][info][gc,phases   ] GC(62)   Post Evacuate Collection Set: 4.1ms
[2024-07-06T13:25:52.918-0700][info][gc,phases   ] GC(62)   Other: 0.2ms
[2024-07-06T13:25:52.918-0700][info][gc,heap     ] GC(62) Eden regions: 3->0(102)
[2024-07-06T13:25:52.918-0700][info][gc,heap     ] GC(62) Survivor regions: 10->0(13)
[2024-07-06T13:25:52.918-0700][info][gc,heap     ] GC(62) Old regions: 2006->1962
[2024-07-06T13:25:52.918-0700][info][gc,heap     ] GC(62) Archive regions: 2->2
[2024-07-06T13:25:52.918-0700][info][gc,heap     ] GC(62) Humongous regions: 8->8
[2024-07-06T13:25:52.918-0700][info][gc,metaspace] GC(62) Metaspace: 302K(512K)->302K(512K) NonClass: 294K(384K)->294K(384K) Class: 7K(128K)->7K(128K)
[2024-07-06T13:25:52.918-0700][info][gc          ] GC(62) Pause Young (Mixed) (G1 Preventive Collection) 4054M->3941M(4096M) 25.081ms
[2024-07-06T13:25:52.918-0700][info][gc,cpu      ] GC(62) User=0.08s Sys=0.01s Real=0.03s
[2024-07-06T13:25:59.665-0700][info][gc,start    ] GC(63) Pause Young (Mixed) (G1 Preventive Collection)
[2024-07-06T13:25:59.665-0700][info][gc,task     ] GC(63) Using 4 workers of 4 for evacuation
[2024-07-06T13:25:59.714-0700][info][gc          ] GC(63) To-space exhausted
[2024-07-06T13:25:59.714-0700][info][gc,phases   ] GC(63)   Pre Evacuate Collection Set: 0.4ms
[2024-07-06T13:25:59.714-0700][info][gc,phases   ] GC(63)   Merge Heap Roots: 0.2ms
[2024-07-06T13:25:59.714-0700][info][gc,phases   ] GC(63)   Evacuate Collection Set: 41.2ms
[2024-07-06T13:25:59.714-0700][info][gc,phases   ] GC(63)   Post Evacuate Collection Set: 6.9ms
[2024-07-06T13:25:59.714-0700][info][gc,phases   ] GC(63)   Other: 0.1ms
[2024-07-06T13:25:59.714-0700][info][gc,heap     ] GC(63) Eden regions: 25->0(89)
[2024-07-06T13:25:59.714-0700][info][gc,heap     ] GC(63) Survivor regions: 0->13(13)
[2024-07-06T13:25:59.714-0700][info][gc,heap     ] GC(63) Old regions: 1962->1969
[2024-07-06T13:25:59.714-0700][info][gc,heap     ] GC(63) Archive regions: 2->2
[2024-07-06T13:25:59.714-0700][info][gc,heap     ] GC(63) Humongous regions: 8->8
[2024-07-06T13:25:59.714-0700][info][gc,metaspace] GC(63) Metaspace: 302K(512K)->302K(512K) NonClass: 294K(384K)->294K(384K) Class: 7K(128K)->7K(128K)
[2024-07-06T13:25:59.714-0700][info][gc          ] GC(63) Pause Young (Mixed) (G1 Preventive Collection) 3991M->3981M(4096M) 48.932ms
[2024-07-06T13:25:59.714-0700][info][gc,cpu      ] GC(63) User=0.16s Sys=0.02s Real=0.04s
[2024-07-06T13:26:02.423-0700][info][gc,start    ] GC(64) Pause Young (Mixed) (G1 Preventive Collection)
[2024-07-06T13:26:02.423-0700][info][gc,task     ] GC(64) Using 4 workers of 4 for evacuation
[2024-07-06T13:26:02.441-0700][info][gc,phases   ] GC(64)   Pre Evacuate Collection Set: 0.3ms
[2024-07-06T13:26:02.441-0700][info][gc,phases   ] GC(64)   Merge Heap Roots: 0.1ms
[2024-07-06T13:26:02.441-0700][info][gc,phases   ] GC(64)   Evacuate Collection Set: 16.6ms
[2024-07-06T13:26:02.441-0700][info][gc,phases   ] GC(64)   Post Evacuate Collection Set: 0.3ms
[2024-07-06T13:26:02.441-0700][info][gc,phases   ] GC(64)   Other: 0.1ms
[2024-07-06T13:26:02.441-0700][info][gc,heap     ] GC(64) Eden regions: 12->0(89)
[2024-07-06T13:26:02.441-0700][info][gc,heap     ] GC(64) Survivor regions: 13->13(13)
[2024-07-06T13:26:02.441-0700][info][gc,heap     ] GC(64) Old regions: 1969->1977
[2024-07-06T13:26:02.441-0700][info][gc,heap     ] GC(64) Archive regions: 2->2
[2024-07-06T13:26:02.441-0700][info][gc,heap     ] GC(64) Humongous regions: 8->8
[2024-07-06T13:26:02.441-0700][info][gc,metaspace] GC(64) Metaspace: 302K(512K)->302K(512K) NonClass: 294K(384K)->294K(384K) Class: 7K(128K)->7K(128K)
[2024-07-06T13:26:02.441-0700][info][gc          ] GC(64) Pause Young (Mixed) (G1 Preventive Collection) 4005M->3996M(4096M) 17.716ms
[2024-07-06T13:26:02.441-0700][info][gc,cpu      ] GC(64) User=0.05s Sys=0.01s Real=0.01s
[2024-07-06T13:26:07.217-0700][info][gc,start    ] GC(65) Pause Young (Concurrent Start) (G1 Preventive Collection)
[2024-07-06T13:26:07.217-0700][info][gc,task     ] GC(65) Using 4 workers of 4 for evacuation
[2024-07-06T13:26:07.228-0700][info][gc,phases   ] GC(65)   Pre Evacuate Collection Set: 0.3ms
[2024-07-06T13:26:07.229-0700][info][gc,phases   ] GC(65)   Merge Heap Roots: 0.1ms
[2024-07-06T13:26:07.229-0700][info][gc,phases   ] GC(65)   Evacuate Collection Set: 11.0ms
[2024-07-06T13:26:07.229-0700][info][gc,phases   ] GC(65)   Post Evacuate Collection Set: 0.4ms
[2024-07-06T13:26:07.229-0700][info][gc,phases   ] GC(65)   Other: 0.2ms
[2024-07-06T13:26:07.229-0700][info][gc,heap     ] GC(65) Eden regions: 16->0(89)
[2024-07-06T13:26:07.229-0700][info][gc,heap     ] GC(65) Survivor regions: 13->13(13)
[2024-07-06T13:26:07.229-0700][info][gc,heap     ] GC(65) Old regions: 1977->1992
[2024-07-06T13:26:07.229-0700][info][gc,heap     ] GC(65) Archive regions: 2->2
[2024-07-06T13:26:07.229-0700][info][gc,heap     ] GC(65) Humongous regions: 8->8
[2024-07-06T13:26:07.229-0700][info][gc,metaspace] GC(65) Metaspace: 302K(512K)->302K(512K) NonClass: 294K(384K)->294K(384K) Class: 7K(128K)->7K(128K)
[2024-07-06T13:26:07.229-0700][info][gc          ] GC(65) Pause Young (Concurrent Start) (G1 Preventive Collection) 4028M->4026M(4096M) 12.039ms
[2024-07-06T13:26:07.229-0700][info][gc,cpu      ] GC(65) User=0.04s Sys=0.00s Real=0.01s
[2024-07-06T13:26:07.229-0700][info][gc          ] GC(66) Concurrent Mark Cycle
[2024-07-06T13:26:07.229-0700][info][gc,marking  ] GC(66) Concurrent Clear Claimed Marks
[2024-07-06T13:26:07.229-0700][info][gc,marking  ] GC(66) Concurrent Clear Claimed Marks 0.007ms
[2024-07-06T13:26:07.229-0700][info][gc,marking  ] GC(66) Concurrent Scan Root Regions
[2024-07-06T13:26:07.232-0700][info][gc,marking  ] GC(66) Concurrent Scan Root Regions 3.044ms
[2024-07-06T13:26:07.232-0700][info][gc,marking  ] GC(66) Concurrent Mark
[2024-07-06T13:26:07.232-0700][info][gc,marking  ] GC(66) Concurrent Mark From Roots
[2024-07-06T13:26:07.232-0700][info][gc,task     ] GC(66) Using 1 workers of 1 for marking
[2024-07-06T13:26:07.778-0700][info][gc,marking  ] GC(66) Concurrent Mark From Roots 546.106ms
[2024-07-06T13:26:07.778-0700][info][gc,marking  ] GC(66) Concurrent Preclean
[2024-07-06T13:26:07.778-0700][info][gc,marking  ] GC(66) Concurrent Preclean 0.064ms
[2024-07-06T13:26:16.136-0700][info][gc,start    ] GC(66) Pause Remark
[2024-07-06T13:26:16.137-0700][info][gc          ] GC(66) Pause Remark 4028M->4026M(4096M) 1.041ms
[2024-07-06T13:26:16.137-0700][info][gc,cpu      ] GC(66) User=0.01s Sys=0.00s Real=0.00s
[2024-07-06T13:26:16.137-0700][info][gc,marking  ] GC(66) Concurrent Mark 8904.981ms
[2024-07-06T13:26:16.137-0700][info][gc,marking  ] GC(66) Concurrent Rebuild Remembered Sets
[2024-07-06T13:26:16.401-0700][info][gc,marking  ] GC(66) Concurrent Rebuild Remembered Sets 264.469ms
[2024-07-06T13:26:17.446-0700][info][gc,start    ] GC(66) Pause Cleanup
[2024-07-06T13:26:17.447-0700][info][gc          ] GC(66) Pause Cleanup 4026M->4026M(4096M) 1.095ms
[2024-07-06T13:26:17.447-0700][info][gc,cpu      ] GC(66) User=0.00s Sys=0.00s Real=0.00s
[2024-07-06T13:26:17.447-0700][info][gc,marking  ] GC(66) Concurrent Cleanup for Next Mark
[2024-07-06T13:26:17.453-0700][info][gc,marking  ] GC(66) Concurrent Cleanup for Next Mark 6.334ms
[2024-07-06T13:26:17.454-0700][info][gc          ] GC(66) Concurrent Mark Cycle 10224.821ms
[2024-07-06T13:26:18.832-0700][info][gc,start    ] GC(67) Pause Young (Prepare Mixed) (G1 Preventive Collection)
[2024-07-06T13:26:18.832-0700][info][gc,task     ] GC(67) Using 4 workers of 4 for evacuation
[2024-07-06T13:26:18.842-0700][info][gc,phases   ] GC(67)   Pre Evacuate Collection Set: 0.3ms
[2024-07-06T13:26:18.842-0700][info][gc,phases   ] GC(67)   Merge Heap Roots: 0.2ms
[2024-07-06T13:26:18.842-0700][info][gc,phases   ] GC(67)   Evacuate Collection Set: 8.9ms
[2024-07-06T13:26:18.842-0700][info][gc,phases   ] GC(67)   Post Evacuate Collection Set: 0.3ms
[2024-07-06T13:26:18.842-0700][info][gc,phases   ] GC(67)   Other: 0.1ms
[2024-07-06T13:26:18.842-0700][info][gc,heap     ] GC(67) Eden regions: 9->0(92)
[2024-07-06T13:26:18.842-0700][info][gc,heap     ] GC(67) Survivor regions: 13->10(13)
[2024-07-06T13:26:18.842-0700][info][gc,heap     ] GC(67) Old regions: 1991->2004
[2024-07-06T13:26:18.842-0700][info][gc,heap     ] GC(67) Archive regions: 2->2
[2024-07-06T13:26:18.842-0700][info][gc,heap     ] GC(67) Humongous regions: 8->8
[2024-07-06T13:26:18.842-0700][info][gc,metaspace] GC(67) Metaspace: 302K(512K)->302K(512K) NonClass: 294K(384K)->294K(384K) Class: 7K(128K)->7K(128K)
[2024-07-06T13:26:18.842-0700][info][gc          ] GC(67) Pause Young (Prepare Mixed) (G1 Preventive Collection) 4042M->4044M(4096M) 9.851ms
[2024-07-06T13:26:18.842-0700][info][gc,cpu      ] GC(67) User=0.03s Sys=0.00s Real=0.01s
[2024-07-06T13:26:20.279-0700][info][gc,start    ] GC(68) Pause Young (Mixed) (G1 Preventive Collection)
[2024-07-06T13:26:20.279-0700][info][gc,task     ] GC(68) Using 4 workers of 4 for evacuation
[2024-07-06T13:26:20.312-0700][info][gc          ] GC(68) To-space exhausted
[2024-07-06T13:26:20.312-0700][info][gc,phases   ] GC(68)   Pre Evacuate Collection Set: 0.7ms
[2024-07-06T13:26:20.312-0700][info][gc,phases   ] GC(68)   Merge Heap Roots: 0.3ms
[2024-07-06T13:26:20.312-0700][info][gc,phases   ] GC(68)   Evacuate Collection Set: 26.5ms
[2024-07-06T13:26:20.312-0700][info][gc,phases   ] GC(68)   Post Evacuate Collection Set: 5.1ms
[2024-07-06T13:26:20.312-0700][info][gc,phases   ] GC(68)   Other: 0.2ms
[2024-07-06T13:26:20.312-0700][info][gc,heap     ] GC(68) Eden regions: 2->0(99)
[2024-07-06T13:26:20.312-0700][info][gc,heap     ] GC(68) Survivor regions: 10->3(13)
[2024-07-06T13:26:20.312-0700][info][gc,heap     ] GC(68) Old regions: 2004->1979
[2024-07-06T13:26:20.312-0700][info][gc,heap     ] GC(68) Archive regions: 2->2
[2024-07-06T13:26:20.312-0700][info][gc,heap     ] GC(68) Humongous regions: 8->8
[2024-07-06T13:26:20.312-0700][info][gc,metaspace] GC(68) Metaspace: 302K(512K)->302K(512K) NonClass: 294K(384K)->294K(384K) Class: 7K(128K)->7K(128K)
[2024-07-06T13:26:20.312-0700][info][gc          ] GC(68) Pause Young (Mixed) (G1 Preventive Collection) 4048M->3980M(4096M) 32.823ms
[2024-07-06T13:26:20.312-0700][info][gc,cpu      ] GC(68) User=0.11s Sys=0.00s Real=0.03s
[2024-07-06T13:26:23.038-0700][info][gc,start    ] GC(69) Pause Young (Mixed) (G1 Preventive Collection)
[2024-07-06T13:26:23.038-0700][info][gc,task     ] GC(69) Using 4 workers of 4 for evacuation
[2024-07-06T13:26:23.088-0700][info][gc          ] GC(69) To-space exhausted
[2024-07-06T13:26:23.088-0700][info][gc,phases   ] GC(69)   Pre Evacuate Collection Set: 0.4ms
[2024-07-06T13:26:23.088-0700][info][gc,phases   ] GC(69)   Merge Heap Roots: 0.2ms
[2024-07-06T13:26:23.088-0700][info][gc,phases   ] GC(69)   Evacuate Collection Set: 42.6ms
[2024-07-06T13:26:23.088-0700][info][gc,phases   ] GC(69)   Post Evacuate Collection Set: 6.3ms
[2024-07-06T13:26:23.088-0700][info][gc,phases   ] GC(69)   Other: 0.1ms
[2024-07-06T13:26:23.088-0700][info][gc,heap     ] GC(69) Eden regions: 12->0(89)
[2024-07-06T13:26:23.088-0700][info][gc,heap     ] GC(69) Survivor regions: 3->13(13)
[2024-07-06T13:26:23.088-0700][info][gc,heap     ] GC(69) Old regions: 1979->1977
[2024-07-06T13:26:23.088-0700][info][gc,heap     ] GC(69) Archive regions: 2->2
[2024-07-06T13:26:23.088-0700][info][gc,heap     ] GC(69) Humongous regions: 8->8
[2024-07-06T13:26:23.088-0700][info][gc,metaspace] GC(69) Metaspace: 302K(512K)->302K(512K) NonClass: 294K(384K)->294K(384K) Class: 7K(128K)->7K(128K)
[2024-07-06T13:26:23.088-0700][info][gc          ] GC(69) Pause Young (Mixed) (G1 Preventive Collection) 4004M->3997M(4096M) 49.593ms
[2024-07-06T13:26:23.088-0700][info][gc,cpu      ] GC(69) User=0.18s Sys=0.00s Real=0.05s
[2024-07-06T13:26:23.088-0700][info][gc,start    ] GC(70) Pause Young (Mixed) (G1 Preventive Collection)
[2024-07-06T13:26:23.088-0700][info][gc,task     ] GC(70) Using 4 workers of 4 for evacuation
[2024-07-06T13:26:23.107-0700][info][gc,phases   ] GC(70)   Pre Evacuate Collection Set: 0.2ms
[2024-07-06T13:26:23.107-0700][info][gc,phases   ] GC(70)   Merge Heap Roots: 0.1ms
[2024-07-06T13:26:23.107-0700][info][gc,phases   ] GC(70)   Evacuate Collection Set: 17.9ms
[2024-07-06T13:26:23.107-0700][info][gc,phases   ] GC(70)   Post Evacuate Collection Set: 0.4ms
[2024-07-06T13:26:23.107-0700][info][gc,phases   ] GC(70)   Other: 0.1ms
[2024-07-06T13:26:23.107-0700][info][gc,heap     ] GC(70) Eden regions: 2->0(99)
[2024-07-06T13:26:23.107-0700][info][gc,heap     ] GC(70) Survivor regions: 13->3(13)
[2024-07-06T13:26:23.107-0700][info][gc,heap     ] GC(70) Old regions: 1977->1983
[2024-07-06T13:26:23.107-0700][info][gc,heap     ] GC(70) Archive regions: 2->2
[2024-07-06T13:26:23.107-0700][info][gc,heap     ] GC(70) Humongous regions: 8->8
[2024-07-06T13:26:23.107-0700][info][gc,metaspace] GC(70) Metaspace: 302K(512K)->302K(512K) NonClass: 294K(384K)->294K(384K) Class: 7K(128K)->7K(128K)
[2024-07-06T13:26:23.107-0700][info][gc          ] GC(70) Pause Young (Mixed) (G1 Preventive Collection) 4001M->3987M(4096M) 18.735ms
[2024-07-06T13:26:23.107-0700][info][gc,cpu      ] GC(70) User=0.06s Sys=0.02s Real=0.02s
[2024-07-06T13:26:30.961-0700][info][gc,start    ] GC(71) Pause Young (Concurrent Start) (G1 Preventive Collection)
[2024-07-06T13:26:30.961-0700][info][gc,task     ] GC(71) Using 4 workers of 4 for evacuation
[2024-07-06T13:26:30.974-0700][info][gc,phases   ] GC(71)   Pre Evacuate Collection Set: 0.4ms
[2024-07-06T13:26:30.974-0700][info][gc,phases   ] GC(71)   Merge Heap Roots: 0.1ms
[2024-07-06T13:26:30.974-0700][info][gc,phases   ] GC(71)   Evacuate Collection Set: 11.2ms
[2024-07-06T13:26:30.974-0700][info][gc,phases   ] GC(71)   Post Evacuate Collection Set: 0.3ms
[2024-07-06T13:26:30.974-0700][info][gc,phases   ] GC(71)   Other: 0.2ms
[2024-07-06T13:26:30.974-0700][info][gc,heap     ] GC(71) Eden regions: 23->0(89)
[2024-07-06T13:26:30.974-0700][info][gc,heap     ] GC(71) Survivor regions: 3->13(13)
[2024-07-06T13:26:30.974-0700][info][gc,heap     ] GC(71) Old regions: 1983->1994
[2024-07-06T13:26:30.974-0700][info][gc,heap     ] GC(71) Archive regions: 2->2
[2024-07-06T13:26:30.974-0700][info][gc,heap     ] GC(71) Humongous regions: 8->8
[2024-07-06T13:26:30.974-0700][info][gc,metaspace] GC(71) Metaspace: 302K(512K)->302K(512K) NonClass: 294K(384K)->294K(384K) Class: 7K(128K)->7K(128K)
[2024-07-06T13:26:30.974-0700][info][gc          ] GC(71) Pause Young (Concurrent Start) (G1 Preventive Collection) 4033M->4031M(4096M) 12.326ms
[2024-07-06T13:26:30.974-0700][info][gc,cpu      ] GC(71) User=0.04s Sys=0.00s Real=0.01s
[2024-07-06T13:26:30.974-0700][info][gc          ] GC(72) Concurrent Mark Cycle
[2024-07-06T13:26:30.974-0700][info][gc,marking  ] GC(72) Concurrent Clear Claimed Marks
[2024-07-06T13:26:30.974-0700][info][gc,marking  ] GC(72) Concurrent Clear Claimed Marks 0.007ms
[2024-07-06T13:26:30.974-0700][info][gc,marking  ] GC(72) Concurrent Scan Root Regions
[2024-07-06T13:26:30.977-0700][info][gc,marking  ] GC(72) Concurrent Scan Root Regions 2.801ms
[2024-07-06T13:26:30.977-0700][info][gc,marking  ] GC(72) Concurrent Mark
[2024-07-06T13:26:30.977-0700][info][gc,marking  ] GC(72) Concurrent Mark From Roots
[2024-07-06T13:26:30.977-0700][info][gc,task     ] GC(72) Using 1 workers of 1 for marking
[2024-07-06T13:26:31.473-0700][info][gc,marking  ] GC(72) Concurrent Mark From Roots 496.097ms
[2024-07-06T13:26:31.473-0700][info][gc,marking  ] GC(72) Concurrent Preclean
[2024-07-06T13:26:31.473-0700][info][gc,marking  ] GC(72) Concurrent Preclean 0.063ms
[2024-07-06T13:27:32.493-0700][info][gc,start    ] GC(72) Pause Remark
[2024-07-06T13:27:32.494-0700][info][gc          ] GC(72) Pause Remark 4036M->4036M(4096M) 1.197ms
[2024-07-06T13:27:32.494-0700][info][gc,cpu      ] GC(72) User=0.00s Sys=0.00s Real=0.00s
[2024-07-06T13:27:32.494-0700][info][gc,marking  ] GC(72) Concurrent Mark 61517.821ms
[2024-07-06T13:27:32.494-0700][info][gc,marking  ] GC(72) Concurrent Rebuild Remembered Sets
[2024-07-06T13:27:32.746-0700][info][gc,marking  ] GC(72) Concurrent Rebuild Remembered Sets 251.435ms
[2024-07-06T13:27:32.787-0700][info][gc,start    ] GC(72) Pause Cleanup
[2024-07-06T13:27:32.788-0700][info][gc          ] GC(72) Pause Cleanup 4046M->4046M(4096M) 0.973ms
[2024-07-06T13:27:32.788-0700][info][gc,cpu      ] GC(72) User=0.00s Sys=0.00s Real=0.00s
[2024-07-06T13:27:32.788-0700][info][gc,marking  ] GC(72) Concurrent Cleanup for Next Mark
[2024-07-06T13:27:32.794-0700][info][gc,marking  ] GC(72) Concurrent Cleanup for Next Mark 6.177ms
[2024-07-06T13:27:32.795-0700][info][gc          ] GC(72) Concurrent Mark Cycle 61820.749ms
[2024-07-06T13:27:34.219-0700][info][gc,start    ] GC(73) Pause Young (Prepare Mixed) (G1 Preventive Collection)
[2024-07-06T13:27:34.219-0700][info][gc,task     ] GC(73) Using 4 workers of 4 for evacuation
[2024-07-06T13:27:34.229-0700][info][gc,phases   ] GC(73)   Pre Evacuate Collection Set: 0.3ms
[2024-07-06T13:27:34.229-0700][info][gc,phases   ] GC(73)   Merge Heap Roots: 0.2ms
[2024-07-06T13:27:34.229-0700][info][gc,phases   ] GC(73)   Evacuate Collection Set: 8.5ms
[2024-07-06T13:27:34.229-0700][info][gc,phases   ] GC(73)   Post Evacuate Collection Set: 0.4ms
[2024-07-06T13:27:34.229-0700][info][gc,phases   ] GC(73)   Other: 0.1ms
[2024-07-06T13:27:34.229-0700][info][gc,heap     ] GC(73) Eden regions: 8->0(93)
[2024-07-06T13:27:34.229-0700][info][gc,heap     ] GC(73) Survivor regions: 13->9(13)
[2024-07-06T13:27:34.229-0700][info][gc,heap     ] GC(73) Old regions: 1994->2007
[2024-07-06T13:27:34.229-0700][info][gc,heap     ] GC(73) Archive regions: 2->2
[2024-07-06T13:27:34.229-0700][info][gc,heap     ] GC(73) Humongous regions: 8->8
[2024-07-06T13:27:34.229-0700][info][gc,metaspace] GC(73) Metaspace: 302K(512K)->302K(512K) NonClass: 294K(384K)->294K(384K) Class: 7K(128K)->7K(128K)
[2024-07-06T13:27:34.229-0700][info][gc          ] GC(73) Pause Young (Prepare Mixed) (G1 Preventive Collection) 4047M->4049M(4096M) 9.666ms
[2024-07-06T13:27:34.229-0700][info][gc,cpu      ] GC(73) User=0.03s Sys=0.00s Real=0.01s
[2024-07-06T13:27:34.229-0700][info][gc,start    ] GC(74) Pause Young (Mixed) (G1 Preventive Collection)
[2024-07-06T13:27:34.229-0700][info][gc,task     ] GC(74) Using 4 workers of 4 for evacuation
[2024-07-06T13:27:34.254-0700][info][gc          ] GC(74) To-space exhausted
[2024-07-06T13:27:34.254-0700][info][gc,phases   ] GC(74)   Pre Evacuate Collection Set: 0.3ms
[2024-07-06T13:27:34.254-0700][info][gc,phases   ] GC(74)   Merge Heap Roots: 0.1ms
[2024-07-06T13:27:34.254-0700][info][gc,phases   ] GC(74)   Evacuate Collection Set: 19.3ms
[2024-07-06T13:27:34.254-0700][info][gc,phases   ] GC(74)   Post Evacuate Collection Set: 4.7ms
[2024-07-06T13:27:34.254-0700][info][gc,phases   ] GC(74)   Other: 0.1ms
[2024-07-06T13:27:34.254-0700][info][gc,heap     ] GC(74) Eden regions: 2->0(99)
[2024-07-06T13:27:34.254-0700][info][gc,heap     ] GC(74) Survivor regions: 9->3(13)
[2024-07-06T13:27:34.254-0700][info][gc,heap     ] GC(74) Old regions: 2007->1984
[2024-07-06T13:27:34.254-0700][info][gc,heap     ] GC(74) Archive regions: 2->2
[2024-07-06T13:27:34.254-0700][info][gc,heap     ] GC(74) Humongous regions: 8->8
[2024-07-06T13:27:34.254-0700][info][gc,metaspace] GC(74) Metaspace: 302K(512K)->302K(512K) NonClass: 294K(384K)->294K(384K) Class: 7K(128K)->7K(128K)
[2024-07-06T13:27:34.254-0700][info][gc          ] GC(74) Pause Young (Mixed) (G1 Preventive Collection) 4053M->3990M(4096M) 24.536ms
[2024-07-06T13:27:34.254-0700][info][gc,cpu      ] GC(74) User=0.07s Sys=0.02s Real=0.02s
[2024-07-06T13:27:35.700-0700][info][gc,start    ] GC(75) Pause Young (Mixed) (G1 Preventive Collection)
[2024-07-06T13:27:35.700-0700][info][gc,task     ] GC(75) Using 4 workers of 4 for evacuation
[2024-07-06T13:27:35.755-0700][info][gc          ] GC(75) To-space exhausted
[2024-07-06T13:27:35.755-0700][info][gc,phases   ] GC(75)   Pre Evacuate Collection Set: 0.4ms
[2024-07-06T13:27:35.755-0700][info][gc,phases   ] GC(75)   Merge Heap Roots: 0.2ms
[2024-07-06T13:27:35.755-0700][info][gc,phases   ] GC(75)   Evacuate Collection Set: 47.0ms
[2024-07-06T13:27:35.755-0700][info][gc,phases   ] GC(75)   Post Evacuate Collection Set: 6.9ms
[2024-07-06T13:27:35.755-0700][info][gc,phases   ] GC(75)   Other: 0.2ms
[2024-07-06T13:27:35.755-0700][info][gc,heap     ] GC(75) Eden regions: 5->0(102)
[2024-07-06T13:27:35.755-0700][info][gc,heap     ] GC(75) Survivor regions: 3->0(13)
[2024-07-06T13:27:35.755-0700][info][gc,heap     ] GC(75) Old regions: 1984->2002
[2024-07-06T13:27:35.755-0700][info][gc,heap     ] GC(75) Archive regions: 2->2
[2024-07-06T13:27:35.755-0700][info][gc,heap     ] GC(75) Humongous regions: 8->8
[2024-07-06T13:27:35.755-0700][info][gc,metaspace] GC(75) Metaspace: 302K(512K)->302K(512K) NonClass: 294K(384K)->294K(384K) Class: 7K(128K)->7K(128K)
[2024-07-06T13:27:35.755-0700][info][gc          ] GC(75) Pause Young (Mixed) (G1 Preventive Collection) 4000M->4020M(4096M) 54.744ms
[2024-07-06T13:27:35.755-0700][info][gc,cpu      ] GC(75) User=0.17s Sys=0.02s Real=0.05s
[2024-07-06T13:27:39.997-0700][info][gc,start    ] GC(76) Pause Young (Concurrent Start) (G1 Preventive Collection)
[2024-07-06T13:27:39.997-0700][info][gc,task     ] GC(76) Using 4 workers of 4 for evacuation
[2024-07-06T13:27:40.005-0700][info][gc,phases   ] GC(76)   Pre Evacuate Collection Set: 0.3ms
[2024-07-06T13:27:40.005-0700][info][gc,phases   ] GC(76)   Merge Heap Roots: 0.1ms
[2024-07-06T13:27:40.005-0700][info][gc,phases   ] GC(76)   Evacuate Collection Set: 7.5ms
[2024-07-06T13:27:40.005-0700][info][gc,phases   ] GC(76)   Post Evacuate Collection Set: 0.3ms
[2024-07-06T13:27:40.005-0700][info][gc,phases   ] GC(76)   Other: 0.2ms
[2024-07-06T13:27:40.005-0700][info][gc,heap     ] GC(76) Eden regions: 17->0(89)
[2024-07-06T13:27:40.005-0700][info][gc,heap     ] GC(76) Survivor regions: 0->13(13)
[2024-07-06T13:27:40.005-0700][info][gc,heap     ] GC(76) Old regions: 2002->2007
[2024-07-06T13:27:40.005-0700][info][gc,heap     ] GC(76) Archive regions: 2->2
[2024-07-06T13:27:40.005-0700][info][gc,heap     ] GC(76) Humongous regions: 8->8
[2024-07-06T13:27:40.005-0700][info][gc,metaspace] GC(76) Metaspace: 302K(512K)->302K(512K) NonClass: 294K(384K)->294K(384K) Class: 7K(128K)->7K(128K)
[2024-07-06T13:27:40.005-0700][info][gc          ] GC(76) Pause Young (Concurrent Start) (G1 Preventive Collection) 4054M->4054M(4096M) 8.499ms
[2024-07-06T13:27:40.005-0700][info][gc,cpu      ] GC(76) User=0.02s Sys=0.00s Real=0.01s
[2024-07-06T13:27:40.005-0700][info][gc          ] GC(77) Concurrent Mark Cycle
[2024-07-06T13:27:40.005-0700][info][gc,marking  ] GC(77) Concurrent Clear Claimed Marks
[2024-07-06T13:27:40.005-0700][info][gc,marking  ] GC(77) Concurrent Clear Claimed Marks 0.006ms
[2024-07-06T13:27:40.005-0700][info][gc,marking  ] GC(77) Concurrent Scan Root Regions
[2024-07-06T13:27:40.007-0700][info][gc,marking  ] GC(77) Concurrent Scan Root Regions 1.999ms
[2024-07-06T13:27:40.007-0700][info][gc,marking  ] GC(77) Concurrent Mark
[2024-07-06T13:27:40.007-0700][info][gc,marking  ] GC(77) Concurrent Mark From Roots
[2024-07-06T13:27:40.007-0700][info][gc,task     ] GC(77) Using 1 workers of 1 for marking
[2024-07-06T13:27:40.535-0700][info][gc,marking  ] GC(77) Concurrent Mark From Roots 527.220ms
[2024-07-06T13:27:40.535-0700][info][gc,marking  ] GC(77) Concurrent Preclean
[2024-07-06T13:27:40.535-0700][info][gc,marking  ] GC(77) Concurrent Preclean 0.078ms
[2024-07-06T13:28:52.188-0700][info][gc,start    ] GC(77) Pause Remark
[2024-07-06T13:28:52.189-0700][info][gc          ] GC(77) Pause Remark 4055M->4055M(4096M) 0.975ms
[2024-07-06T13:28:52.189-0700][info][gc,cpu      ] GC(77) User=0.00s Sys=0.00s Real=0.00s
[2024-07-06T13:28:52.189-0700][info][gc,marking  ] GC(77) Concurrent Mark 72182.029ms
[2024-07-06T13:28:52.189-0700][info][gc,marking  ] GC(77) Concurrent Rebuild Remembered Sets
[2024-07-06T13:28:52.190-0700][info][gc,start    ] GC(78) Pause Young (Normal) (G1 Preventive Collection)
[2024-07-06T13:28:52.190-0700][info][gc,task     ] GC(78) Using 4 workers of 4 for evacuation
[2024-07-06T13:28:52.197-0700][info][gc,phases   ] GC(78)   Pre Evacuate Collection Set: 0.3ms
[2024-07-06T13:28:52.197-0700][info][gc,phases   ] GC(78)   Merge Heap Roots: 0.2ms
[2024-07-06T13:28:52.197-0700][info][gc,phases   ] GC(78)   Evacuate Collection Set: 6.5ms
[2024-07-06T13:28:52.197-0700][info][gc,phases   ] GC(78)   Post Evacuate Collection Set: 0.5ms
[2024-07-06T13:28:52.197-0700][info][gc,phases   ] GC(78)   Other: 0.1ms
[2024-07-06T13:28:52.197-0700][info][gc,heap     ] GC(78) Eden regions: 2->0(100)
[2024-07-06T13:28:52.197-0700][info][gc,heap     ] GC(78) Survivor regions: 13->2(13)
[2024-07-06T13:28:52.197-0700][info][gc,heap     ] GC(78) Old regions: 2007->2019
[2024-07-06T13:28:52.197-0700][info][gc,heap     ] GC(78) Archive regions: 2->2
[2024-07-06T13:28:52.197-0700][info][gc,heap     ] GC(78) Humongous regions: 8->8
[2024-07-06T13:28:52.197-0700][info][gc,metaspace] GC(78) Metaspace: 302K(512K)->302K(512K) NonClass: 294K(384K)->294K(384K) Class: 7K(128K)->7K(128K)
[2024-07-06T13:28:52.197-0700][info][gc          ] GC(78) Pause Young (Normal) (G1 Preventive Collection) 4058M->4058M(4096M) 7.613ms
[2024-07-06T13:28:52.197-0700][info][gc,cpu      ] GC(78) User=0.03s Sys=0.00s Real=0.01s
[2024-07-06T13:28:52.463-0700][info][gc,marking  ] GC(77) Concurrent Rebuild Remembered Sets 273.162ms
[2024-07-06T13:28:53.729-0700][info][gc,start    ] GC(77) Pause Cleanup
[2024-07-06T13:28:53.730-0700][info][gc          ] GC(77) Pause Cleanup 4065M->4065M(4096M) 1.096ms
[2024-07-06T13:28:53.730-0700][info][gc,cpu      ] GC(77) User=0.00s Sys=0.00s Real=0.00s
[2024-07-06T13:28:53.730-0700][info][gc,marking  ] GC(77) Concurrent Cleanup for Next Mark
[2024-07-06T13:28:53.732-0700][info][gc,start    ] GC(79) Pause Young (Prepare Mixed) (G1 Preventive Collection)
[2024-07-06T13:28:53.732-0700][info][gc,task     ] GC(79) Using 4 workers of 4 for evacuation
[2024-07-06T13:28:53.739-0700][info][gc,phases   ] GC(79)   Pre Evacuate Collection Set: 0.4ms
[2024-07-06T13:28:53.739-0700][info][gc,phases   ] GC(79)   Merge Heap Roots: 0.2ms
[2024-07-06T13:28:53.739-0700][info][gc,phases   ] GC(79)   Evacuate Collection Set: 5.8ms
[2024-07-06T13:28:53.739-0700][info][gc,phases   ] GC(79)   Post Evacuate Collection Set: 0.4ms
[2024-07-06T13:28:53.739-0700][info][gc,phases   ] GC(79)   Other: 0.1ms
[2024-07-06T13:28:53.739-0700][info][gc,heap     ] GC(79) Eden regions: 7->0(92)
[2024-07-06T13:28:53.739-0700][info][gc,heap     ] GC(79) Survivor regions: 2->10(10)
[2024-07-06T13:28:53.739-0700][info][gc,heap     ] GC(79) Old regions: 2019->2019
[2024-07-06T13:28:53.739-0700][info][gc,heap     ] GC(79) Archive regions: 2->2
[2024-07-06T13:28:53.739-0700][info][gc,heap     ] GC(79) Humongous regions: 8->8
[2024-07-06T13:28:53.739-0700][info][gc,metaspace] GC(79) Metaspace: 302K(512K)->302K(512K) NonClass: 294K(384K)->294K(384K) Class: 7K(128K)->7K(128K)
[2024-07-06T13:28:53.739-0700][info][gc          ] GC(79) Pause Young (Prepare Mixed) (G1 Preventive Collection) 4072M->4073M(4096M) 6.904ms
[2024-07-06T13:28:53.739-0700][info][gc,cpu      ] GC(79) User=0.02s Sys=0.00s Real=0.01s
[2024-07-06T13:28:53.739-0700][info][gc,start    ] GC(80) Pause Young (Mixed) (G1 Preventive Collection)
[2024-07-06T13:28:53.739-0700][info][gc,task     ] GC(80) Using 4 workers of 4 for evacuation
[2024-07-06T13:28:53.762-0700][info][gc          ] GC(80) To-space exhausted
[2024-07-06T13:28:53.762-0700][info][gc,phases   ] GC(80)   Pre Evacuate Collection Set: 0.3ms
[2024-07-06T13:28:53.762-0700][info][gc,phases   ] GC(80)   Merge Heap Roots: 0.1ms
[2024-07-06T13:28:53.762-0700][info][gc,phases   ] GC(80)   Evacuate Collection Set: 16.4ms
[2024-07-06T13:28:53.762-0700][info][gc,phases   ] GC(80)   Post Evacuate Collection Set: 5.4ms
[2024-07-06T13:28:53.762-0700][info][gc,phases   ] GC(80)   Other: 0.1ms
[2024-07-06T13:28:53.762-0700][info][gc,heap     ] GC(80) Eden regions: 1->0(102)
[2024-07-06T13:28:53.762-0700][info][gc,heap     ] GC(80) Survivor regions: 10->0(8)
[2024-07-06T13:28:53.762-0700][info][gc,heap     ] GC(80) Old regions: 2019->2021
[2024-07-06T13:28:53.762-0700][info][gc,heap     ] GC(80) Archive regions: 2->2
[2024-07-06T13:28:53.762-0700][info][gc,heap     ] GC(80) Humongous regions: 8->8
[2024-07-06T13:28:53.762-0700][info][gc,metaspace] GC(80) Metaspace: 302K(512K)->302K(512K) NonClass: 294K(384K)->294K(384K) Class: 7K(128K)->7K(128K)
[2024-07-06T13:28:53.762-0700][info][gc          ] GC(80) Pause Young (Mixed) (G1 Preventive Collection) 4075M->4059M(4096M) 22.444ms
[2024-07-06T13:28:53.762-0700][info][gc,cpu      ] GC(80) User=0.08s Sys=0.00s Real=0.02s
[2024-07-06T13:28:53.766-0700][info][gc,marking  ] GC(77) Concurrent Cleanup for Next Mark 35.593ms
[2024-07-06T13:28:53.766-0700][info][gc          ] GC(77) Concurrent Mark Cycle 73760.503ms
[2024-07-06T13:28:55.258-0700][info][gc,start    ] GC(81) Pause Young (Mixed) (G1 Preventive Collection)
[2024-07-06T13:28:55.258-0700][info][gc,task     ] GC(81) Using 4 workers of 4 for evacuation
[2024-07-06T13:28:55.295-0700][info][gc          ] GC(81) To-space exhausted
[2024-07-06T13:28:55.295-0700][info][gc,phases   ] GC(81)   Pre Evacuate Collection Set: 0.3ms
[2024-07-06T13:28:55.295-0700][info][gc,phases   ] GC(81)   Merge Heap Roots: 0.2ms
[2024-07-06T13:28:55.295-0700][info][gc,phases   ] GC(81)   Evacuate Collection Set: 30.3ms
[2024-07-06T13:28:55.295-0700][info][gc,phases   ] GC(81)   Post Evacuate Collection Set: 6.5ms
[2024-07-06T13:28:55.295-0700][info][gc,phases   ] GC(81)   Other: 0.2ms
[2024-07-06T13:28:55.295-0700][info][gc,heap     ] GC(81) Eden regions: 1->0(100)
[2024-07-06T13:28:55.295-0700][info][gc,heap     ] GC(81) Survivor regions: 0->2(13)
[2024-07-06T13:28:55.295-0700][info][gc,heap     ] GC(81) Old regions: 2021->2032
[2024-07-06T13:28:55.295-0700][info][gc,heap     ] GC(81) Archive regions: 2->2
[2024-07-06T13:28:55.295-0700][info][gc,heap     ] GC(81) Humongous regions: 8->8
[2024-07-06T13:28:55.295-0700][info][gc,metaspace] GC(81) Metaspace: 302K(512K)->302K(512K) NonClass: 294K(384K)->294K(384K) Class: 7K(128K)->7K(128K)
[2024-07-06T13:28:55.295-0700][info][gc          ] GC(81) Pause Young (Mixed) (G1 Preventive Collection) 4061M->4084M(4096M) 37.508ms
[2024-07-06T13:28:55.296-0700][info][gc,cpu      ] GC(81) User=0.12s Sys=0.02s Real=0.04s
[2024-07-06T13:28:55.296-0700][info][gc,start    ] GC(82) Pause Young (Concurrent Start) (G1 Preventive Collection)
[2024-07-06T13:28:55.296-0700][info][gc,task     ] GC(82) Using 4 workers of 4 for evacuation
[2024-07-06T13:28:55.297-0700][info][gc,phases   ] GC(82)   Pre Evacuate Collection Set: 0.3ms
[2024-07-06T13:28:55.297-0700][info][gc,phases   ] GC(82)   Merge Heap Roots: 0.1ms
[2024-07-06T13:28:55.297-0700][info][gc,phases   ] GC(82)   Evacuate Collection Set: 0.9ms
[2024-07-06T13:28:55.297-0700][info][gc,phases   ] GC(82)   Post Evacuate Collection Set: 0.3ms
[2024-07-06T13:28:55.297-0700][info][gc,phases   ] GC(82)   Other: 0.1ms
[2024-07-06T13:28:55.297-0700][info][gc,heap     ] GC(82) Eden regions: 1->0(99)
[2024-07-06T13:28:55.297-0700][info][gc,heap     ] GC(82) Survivor regions: 2->3(3)
[2024-07-06T13:28:55.298-0700][info][gc,heap     ] GC(82) Old regions: 2032->2032
[2024-07-06T13:28:55.298-0700][info][gc,heap     ] GC(82) Archive regions: 2->2
[2024-07-06T13:28:55.298-0700][info][gc,heap     ] GC(82) Humongous regions: 8->8
[2024-07-06T13:28:55.298-0700][info][gc,metaspace] GC(82) Metaspace: 302K(512K)->302K(512K) NonClass: 294K(384K)->294K(384K) Class: 7K(128K)->7K(128K)
[2024-07-06T13:28:55.298-0700][info][gc          ] GC(82) Pause Young (Concurrent Start) (G1 Preventive Collection) 4086M->4086M(4096M) 1.694ms
[2024-07-06T13:28:55.298-0700][info][gc,cpu      ] GC(82) User=0.01s Sys=0.00s Real=0.00s
[2024-07-06T13:28:55.298-0700][info][gc          ] GC(83) Concurrent Mark Cycle
[2024-07-06T13:28:55.298-0700][info][gc,marking  ] GC(83) Concurrent Clear Claimed Marks
[2024-07-06T13:28:55.298-0700][info][gc,marking  ] GC(83) Concurrent Clear Claimed Marks 0.006ms
[2024-07-06T13:28:55.298-0700][info][gc,marking  ] GC(83) Concurrent Scan Root Regions
[2024-07-06T13:28:55.298-0700][info][gc,marking  ] GC(83) Concurrent Scan Root Regions 0.361ms
[2024-07-06T13:28:55.298-0700][info][gc,marking  ] GC(83) Concurrent Mark
[2024-07-06T13:28:55.298-0700][info][gc,marking  ] GC(83) Concurrent Mark From Roots
[2024-07-06T13:28:55.298-0700][info][gc,task     ] GC(83) Using 1 workers of 1 for marking
[2024-07-06T13:28:55.298-0700][info][gc,start    ] GC(84) Pause Young (Normal) (G1 Preventive Collection)
[2024-07-06T13:28:55.298-0700][info][gc,task     ] GC(84) Using 4 workers of 4 for evacuation
[2024-07-06T13:28:55.300-0700][info][gc          ] GC(84) To-space exhausted
[2024-07-06T13:28:55.300-0700][info][gc,phases   ] GC(84)   Pre Evacuate Collection Set: 0.2ms
[2024-07-06T13:28:55.300-0700][info][gc,phases   ] GC(84)   Merge Heap Roots: 0.1ms
[2024-07-06T13:28:55.300-0700][info][gc,phases   ] GC(84)   Evacuate Collection Set: 1.1ms
[2024-07-06T13:28:55.300-0700][info][gc,phases   ] GC(84)   Post Evacuate Collection Set: 0.9ms
[2024-07-06T13:28:55.300-0700][info][gc,phases   ] GC(84)   Other: 0.1ms
[2024-07-06T13:28:55.300-0700][info][gc,heap     ] GC(84) Eden regions: 1->0(100)
[2024-07-06T13:28:55.300-0700][info][gc,heap     ] GC(84) Survivor regions: 3->2(2)
[2024-07-06T13:28:55.300-0700][info][gc,heap     ] GC(84) Old regions: 2032->2035
[2024-07-06T13:28:55.300-0700][info][gc,heap     ] GC(84) Archive regions: 2->2
[2024-07-06T13:28:55.300-0700][info][gc,heap     ] GC(84) Humongous regions: 8->8
[2024-07-06T13:28:55.300-0700][info][gc,metaspace] GC(84) Metaspace: 302K(512K)->302K(512K) NonClass: 294K(384K)->294K(384K) Class: 7K(128K)->7K(128K)
[2024-07-06T13:28:55.300-0700][info][gc          ] GC(84) Pause Young (Normal) (G1 Preventive Collection) 4088M->4091M(4096M) 2.418ms
[2024-07-06T13:28:55.300-0700][info][gc,cpu      ] GC(84) User=0.00s Sys=0.00s Real=0.00s
[2024-07-06T13:28:55.301-0700][info][gc,start    ] GC(85) Pause Young (Normal) (G1 Evacuation Pause)
[2024-07-06T13:28:55.301-0700][info][gc,task     ] GC(85) Using 4 workers of 4 for evacuation
[2024-07-06T13:28:55.303-0700][info][gc          ] GC(85) To-space exhausted
[2024-07-06T13:28:55.303-0700][info][gc,phases   ] GC(85)   Pre Evacuate Collection Set: 0.3ms
[2024-07-06T13:28:55.303-0700][info][gc,phases   ] GC(85)   Merge Heap Roots: 0.1ms
[2024-07-06T13:28:55.303-0700][info][gc,phases   ] GC(85)   Evacuate Collection Set: 0.9ms
[2024-07-06T13:28:55.303-0700][info][gc,phases   ] GC(85)   Post Evacuate Collection Set: 0.4ms
[2024-07-06T13:28:55.303-0700][info][gc,phases   ] GC(85)   Other: 0.1ms
[2024-07-06T13:28:55.303-0700][info][gc,heap     ] GC(85) Eden regions: 1->0(102)
[2024-07-06T13:28:55.303-0700][info][gc,heap     ] GC(85) Survivor regions: 2->0(0)
[2024-07-06T13:28:55.303-0700][info][gc,heap     ] GC(85) Old regions: 2035->2038
[2024-07-06T13:28:55.303-0700][info][gc,heap     ] GC(85) Archive regions: 2->2
[2024-07-06T13:28:55.303-0700][info][gc,heap     ] GC(85) Humongous regions: 8->8
[2024-07-06T13:28:55.303-0700][info][gc,metaspace] GC(85) Metaspace: 302K(512K)->302K(512K) NonClass: 294K(384K)->294K(384K) Class: 7K(128K)->7K(128K)
[2024-07-06T13:28:55.303-0700][info][gc          ] GC(85) Pause Young (Normal) (G1 Evacuation Pause) 4093M->4093M(4096M) 1.933ms
[2024-07-06T13:28:55.303-0700][info][gc,cpu      ] GC(85) User=0.00s Sys=0.00s Real=0.01s
[2024-07-06T13:28:55.303-0700][info][gc,ergo     ] Attempting full compaction
[2024-07-06T13:28:55.303-0700][info][gc,task     ] GC(86) Using 4 workers of 4 for full compaction
[2024-07-06T13:28:55.303-0700][info][gc,start    ] GC(86) Pause Full (G1 Compaction Pause)
[2024-07-06T13:28:55.307-0700][info][gc,phases,start] GC(86) Phase 1: Mark live objects
[2024-07-06T13:28:55.399-0700][info][gc,phases      ] GC(86) Phase 1: Mark live objects 92.366ms
[2024-07-06T13:28:55.399-0700][info][gc,phases,start] GC(86) Phase 2: Prepare for compaction
[2024-07-06T13:28:55.459-0700][info][gc,phases      ] GC(86) Phase 2: Prepare for compaction 59.782ms
[2024-07-06T13:28:55.459-0700][info][gc,phases,start] GC(86) Phase 3: Adjust pointers
[2024-07-06T13:28:55.538-0700][info][gc,phases      ] GC(86) Phase 3: Adjust pointers 79.250ms
[2024-07-06T13:28:55.538-0700][info][gc,phases,start] GC(86) Phase 4: Compact heap
[2024-07-06T13:28:55.895-0700][info][gc,phases      ] GC(86) Phase 4: Compact heap 356.564ms
[2024-07-06T13:28:55.898-0700][info][gc,heap        ] GC(86) Eden regions: 0->0(102)
[2024-07-06T13:28:55.898-0700][info][gc,heap        ] GC(86) Survivor regions: 0->0(0)
[2024-07-06T13:28:55.898-0700][info][gc,heap        ] GC(86) Old regions: 2038->1672
[2024-07-06T13:28:55.898-0700][info][gc,heap        ] GC(86) Archive regions: 2->2
[2024-07-06T13:28:55.898-0700][info][gc,heap        ] GC(86) Humongous regions: 8->8
[2024-07-06T13:28:55.898-0700][info][gc,metaspace   ] GC(86) Metaspace: 302K(512K)->302K(512K) NonClass: 294K(384K)->294K(384K) Class: 7K(128K)->7K(128K)
[2024-07-06T13:28:55.898-0700][info][gc             ] GC(86) Pause Full (G1 Compaction Pause) 4093M->3356M(4096M) 594.459ms
[2024-07-06T13:28:55.898-0700][info][gc,cpu         ] GC(86) User=2.32s Sys=0.01s Real=0.59s
[2024-07-06T13:28:55.898-0700][info][gc,marking     ] GC(83) Concurrent Mark From Roots 599.978ms
[2024-07-06T13:28:55.898-0700][info][gc,marking     ] GC(83) Concurrent Mark Abort
[2024-07-06T13:28:55.898-0700][info][gc             ] GC(83) Concurrent Mark Cycle 600.418ms
[2024-07-06T13:29:28.739-0700][info][gc,start       ] GC(87) Pause Young (Normal) (G1 Evacuation Pause)
[2024-07-06T13:29:28.739-0700][info][gc,task        ] GC(87) Using 4 workers of 4 for evacuation
[2024-07-06T13:29:28.792-0700][info][gc,phases      ] GC(87)   Pre Evacuate Collection Set: 0.4ms
[2024-07-06T13:29:28.792-0700][info][gc,phases      ] GC(87)   Merge Heap Roots: 0.2ms
[2024-07-06T13:29:28.792-0700][info][gc,phases      ] GC(87)   Evacuate Collection Set: 51.6ms
[2024-07-06T13:29:28.792-0700][info][gc,phases      ] GC(87)   Post Evacuate Collection Set: 0.4ms
[2024-07-06T13:29:28.792-0700][info][gc,phases      ] GC(87)   Other: 0.1ms
[2024-07-06T13:29:28.792-0700][info][gc,heap        ] GC(87) Eden regions: 102->0(89)
[2024-07-06T13:29:28.792-0700][info][gc,heap        ] GC(87) Survivor regions: 0->13(13)
[2024-07-06T13:29:28.792-0700][info][gc,heap        ] GC(87) Old regions: 1672->1760
[2024-07-06T13:29:28.792-0700][info][gc,heap        ] GC(87) Archive regions: 2->2
[2024-07-06T13:29:28.792-0700][info][gc,heap        ] GC(87) Humongous regions: 8->8
[2024-07-06T13:29:28.792-0700][info][gc,metaspace   ] GC(87) Metaspace: 302K(512K)->302K(512K) NonClass: 294K(384K)->294K(384K) Class: 7K(128K)->7K(128K)
[2024-07-06T13:29:28.792-0700][info][gc             ] GC(87) Pause Young (Normal) (G1 Evacuation Pause) 3560M->3557M(4096M) 52.904ms
[2024-07-06T13:29:28.792-0700][info][gc,cpu         ] GC(87) User=0.16s Sys=0.03s Real=0.05s
[2024-07-06T13:29:58.494-0700][info][gc,start       ] GC(88) Pause Young (Concurrent Start) (G1 Evacuation Pause)
[2024-07-06T13:29:58.494-0700][info][gc,task        ] GC(88) Using 4 workers of 4 for evacuation
[2024-07-06T13:29:58.541-0700][info][gc,phases      ] GC(88)   Pre Evacuate Collection Set: 0.3ms
[2024-07-06T13:29:58.541-0700][info][gc,phases      ] GC(88)   Merge Heap Roots: 0.1ms
[2024-07-06T13:29:58.541-0700][info][gc,phases      ] GC(88)   Evacuate Collection Set: 46.3ms
[2024-07-06T13:29:58.541-0700][info][gc,phases      ] GC(88)   Post Evacuate Collection Set: 0.4ms
[2024-07-06T13:29:58.541-0700][info][gc,phases      ] GC(88)   Other: 0.2ms
[2024-07-06T13:29:58.541-0700][info][gc,heap        ] GC(88) Eden regions: 89->0(89)
[2024-07-06T13:29:58.541-0700][info][gc,heap        ] GC(88) Survivor regions: 13->13(13)
[2024-07-06T13:29:58.541-0700][info][gc,heap        ] GC(88) Old regions: 1760->1847
[2024-07-06T13:29:58.541-0700][info][gc,heap        ] GC(88) Archive regions: 2->2
[2024-07-06T13:29:58.541-0700][info][gc,heap        ] GC(88) Humongous regions: 8->8
[2024-07-06T13:29:58.541-0700][info][gc,metaspace   ] GC(88) Metaspace: 302K(512K)->302K(512K) NonClass: 294K(384K)->294K(384K) Class: 7K(128K)->7K(128K)
[2024-07-06T13:29:58.541-0700][info][gc             ] GC(88) Pause Young (Concurrent Start) (G1 Evacuation Pause) 3735M->3731M(4096M) 47.392ms
[2024-07-06T13:29:58.541-0700][info][gc,cpu         ] GC(88) User=0.14s Sys=0.02s Real=0.05s
[2024-07-06T13:29:58.541-0700][info][gc             ] GC(89) Concurrent Mark Cycle
[2024-07-06T13:29:58.541-0700][info][gc,marking     ] GC(89) Concurrent Clear Claimed Marks
[2024-07-06T13:29:58.541-0700][info][gc,marking     ] GC(89) Concurrent Clear Claimed Marks 0.007ms
[2024-07-06T13:29:58.541-0700][info][gc,marking     ] GC(89) Concurrent Scan Root Regions
[2024-07-06T13:29:58.553-0700][info][gc,marking     ] GC(89) Concurrent Scan Root Regions 11.162ms
[2024-07-06T13:29:58.553-0700][info][gc,marking     ] GC(89) Concurrent Mark
[2024-07-06T13:29:58.553-0700][info][gc,marking     ] GC(89) Concurrent Mark From Roots
[2024-07-06T13:29:58.553-0700][info][gc,task        ] GC(89) Using 1 workers of 1 for marking
[2024-07-06T13:29:59.131-0700][info][gc,marking     ] GC(89) Concurrent Mark From Roots 578.491ms
[2024-07-06T13:29:59.131-0700][info][gc,marking     ] GC(89) Concurrent Preclean
[2024-07-06T13:29:59.131-0700][info][gc,marking     ] GC(89) Concurrent Preclean 0.065ms
[2024-07-06T13:30:26.476-0700][info][gc,start       ] GC(89) Pause Remark
[2024-07-06T13:30:26.477-0700][info][gc             ] GC(89) Pause Remark 3739M->3739M(4096M) 0.973ms
[2024-07-06T13:30:26.477-0700][info][gc,cpu         ] GC(89) User=0.00s Sys=0.00s Real=0.00s
[2024-07-06T13:30:26.477-0700][info][gc,marking     ] GC(89) Concurrent Mark 27924.010ms
[2024-07-06T13:30:26.477-0700][info][gc,marking     ] GC(89) Concurrent Rebuild Remembered Sets
[2024-07-06T13:30:26.732-0700][info][gc,marking     ] GC(89) Concurrent Rebuild Remembered Sets 254.832ms
[2024-07-06T13:30:27.545-0700][info][gc,start       ] GC(89) Pause Cleanup
[2024-07-06T13:30:27.546-0700][info][gc             ] GC(89) Pause Cleanup 3739M->3739M(4096M) 0.721ms
[2024-07-06T13:30:27.546-0700][info][gc,cpu         ] GC(89) User=0.00s Sys=0.00s Real=0.00s
[2024-07-06T13:30:27.546-0700][info][gc,marking     ] GC(89) Concurrent Cleanup for Next Mark
[2024-07-06T13:30:27.552-0700][info][gc,marking     ] GC(89) Concurrent Cleanup for Next Mark 6.409ms
[2024-07-06T13:30:27.552-0700][info][gc             ] GC(89) Concurrent Mark Cycle 29010.935ms
[2024-07-06T13:30:51.499-0700][info][gc,start       ] GC(90) Pause Young (Normal) (G1 Preventive Collection)
[2024-07-06T13:30:51.499-0700][info][gc,task        ] GC(90) Using 4 workers of 4 for evacuation
[2024-07-06T13:30:51.552-0700][info][gc,phases      ] GC(90)   Pre Evacuate Collection Set: 0.5ms
[2024-07-06T13:30:51.552-0700][info][gc,phases      ] GC(90)   Merge Heap Roots: 2.6ms
[2024-07-06T13:30:51.552-0700][info][gc,phases      ] GC(90)   Evacuate Collection Set: 49.5ms
[2024-07-06T13:30:51.552-0700][info][gc,phases      ] GC(90)   Post Evacuate Collection Set: 0.4ms
[2024-07-06T13:30:51.552-0700][info][gc,phases      ] GC(90)   Other: 0.2ms
[2024-07-06T13:30:51.552-0700][info][gc,heap        ] GC(90) Eden regions: 78->0(89)
[2024-07-06T13:30:51.552-0700][info][gc,heap        ] GC(90) Survivor regions: 13->13(13)
[2024-07-06T13:30:51.552-0700][info][gc,heap        ] GC(90) Old regions: 1847->1924
[2024-07-06T13:30:51.552-0700][info][gc,heap        ] GC(90) Archive regions: 2->2
[2024-07-06T13:30:51.552-0700][info][gc,heap        ] GC(90) Humongous regions: 8->8
[2024-07-06T13:30:51.552-0700][info][gc,metaspace   ] GC(90) Metaspace: 302K(512K)->302K(512K) NonClass: 294K(384K)->294K(384K) Class: 7K(128K)->7K(128K)
[2024-07-06T13:30:51.552-0700][info][gc             ] GC(90) Pause Young (Normal) (G1 Preventive Collection) 3887M->3885M(4096M) 53.258ms
[2024-07-06T13:30:51.552-0700][info][gc,cpu         ] GC(90) User=0.15s Sys=0.04s Real=0.05s
[2024-07-06T13:31:07.284-0700][info][gc,start       ] GC(91) Pause Young (Concurrent Start) (G1 Preventive Collection)
[2024-07-06T13:31:07.284-0700][info][gc,task        ] GC(91) Using 4 workers of 4 for evacuation
[2024-07-06T13:31:07.312-0700][info][gc,phases      ] GC(91)   Pre Evacuate Collection Set: 0.3ms
[2024-07-06T13:31:07.312-0700][info][gc,phases      ] GC(91)   Merge Heap Roots: 0.1ms
[2024-07-06T13:31:07.312-0700][info][gc,phases      ] GC(91)   Evacuate Collection Set: 26.6ms
[2024-07-06T13:31:07.312-0700][info][gc,phases      ] GC(91)   Post Evacuate Collection Set: 0.4ms
[2024-07-06T13:31:07.312-0700][info][gc,phases      ] GC(91)   Other: 0.2ms
[2024-07-06T13:31:07.312-0700][info][gc,heap        ] GC(91) Eden regions: 41->0(89)
[2024-07-06T13:31:07.312-0700][info][gc,heap        ] GC(91) Survivor regions: 13->13(13)
[2024-07-06T13:31:07.312-0700][info][gc,heap        ] GC(91) Old regions: 1924->1965
[2024-07-06T13:31:07.312-0700][info][gc,heap        ] GC(91) Archive regions: 2->2
[2024-07-06T13:31:07.312-0700][info][gc,heap        ] GC(91) Humongous regions: 8->8
[2024-07-06T13:31:07.312-0700][info][gc,metaspace   ] GC(91) Metaspace: 302K(512K)->302K(512K) NonClass: 294K(384K)->294K(384K) Class: 7K(128K)->7K(128K)
[2024-07-06T13:31:07.312-0700][info][gc             ] GC(91) Pause Young (Concurrent Start) (G1 Preventive Collection) 3967M->3966M(4096M) 27.632ms
[2024-07-06T13:31:07.312-0700][info][gc,cpu         ] GC(91) User=0.09s Sys=0.01s Real=0.02s
[2024-07-06T13:31:07.312-0700][info][gc             ] GC(92) Concurrent Mark Cycle
[2024-07-06T13:31:07.312-0700][info][gc,marking     ] GC(92) Concurrent Clear Claimed Marks
[2024-07-06T13:31:07.312-0700][info][gc,marking     ] GC(92) Concurrent Clear Claimed Marks 0.007ms
[2024-07-06T13:31:07.312-0700][info][gc,marking     ] GC(92) Concurrent Scan Root Regions
[2024-07-06T13:31:07.320-0700][info][gc,marking     ] GC(92) Concurrent Scan Root Regions 7.809ms
[2024-07-06T13:31:07.320-0700][info][gc,marking     ] GC(92) Concurrent Mark
[2024-07-06T13:31:07.320-0700][info][gc,marking     ] GC(92) Concurrent Mark From Roots
[2024-07-06T13:31:07.320-0700][info][gc,task        ] GC(92) Using 1 workers of 1 for marking
[2024-07-06T13:31:07.907-0700][info][gc,marking     ] GC(92) Concurrent Mark From Roots 587.605ms
[2024-07-06T13:31:07.907-0700][info][gc,marking     ] GC(92) Concurrent Preclean
[2024-07-06T13:31:07.908-0700][info][gc,marking     ] GC(92) Concurrent Preclean 0.081ms
[2024-07-06T13:31:13.156-0700][info][gc,start       ] GC(92) Pause Remark
[2024-07-06T13:31:13.157-0700][info][gc             ] GC(92) Pause Remark 3975M->3975M(4096M) 1.017ms
[2024-07-06T13:31:13.157-0700][info][gc,cpu         ] GC(92) User=0.00s Sys=0.00s Real=0.00s
[2024-07-06T13:31:13.157-0700][info][gc,marking     ] GC(92) Concurrent Mark 5837.370ms
[2024-07-06T13:31:13.157-0700][info][gc,marking     ] GC(92) Concurrent Rebuild Remembered Sets
[2024-07-06T13:31:13.418-0700][info][gc,marking     ] GC(92) Concurrent Rebuild Remembered Sets 260.712ms
[2024-07-06T13:31:13.714-0700][info][gc,start       ] GC(92) Pause Cleanup
[2024-07-06T13:31:13.715-0700][info][gc             ] GC(92) Pause Cleanup 3975M->3975M(4096M) 0.733ms
[2024-07-06T13:31:13.715-0700][info][gc,cpu         ] GC(92) User=0.00s Sys=0.00s Real=0.01s
[2024-07-06T13:31:13.715-0700][info][gc,marking     ] GC(92) Concurrent Cleanup for Next Mark
[2024-07-06T13:31:13.722-0700][info][gc,marking     ] GC(92) Concurrent Cleanup for Next Mark 6.281ms
[2024-07-06T13:31:13.722-0700][info][gc             ] GC(92) Concurrent Mark Cycle 6409.736ms
[2024-07-06T13:31:20.208-0700][info][gc,start       ] GC(93) Pause Young (Normal) (G1 Preventive Collection)
[2024-07-06T13:31:20.208-0700][info][gc,task        ] GC(93) Using 4 workers of 4 for evacuation
[2024-07-06T13:31:20.226-0700][info][gc,phases      ] GC(93)   Pre Evacuate Collection Set: 0.5ms
[2024-07-06T13:31:20.226-0700][info][gc,phases      ] GC(93)   Merge Heap Roots: 0.2ms
[2024-07-06T13:31:20.226-0700][info][gc,phases      ] GC(93)   Evacuate Collection Set: 16.4ms
[2024-07-06T13:31:20.226-0700][info][gc,phases      ] GC(93)   Post Evacuate Collection Set: 0.4ms
[2024-07-06T13:31:20.226-0700][info][gc,phases      ] GC(93)   Other: 0.1ms
[2024-07-06T13:31:20.226-0700][info][gc,heap        ] GC(93) Eden regions: 21->0(89)
[2024-07-06T13:31:20.226-0700][info][gc,heap        ] GC(93) Survivor regions: 13->13(13)
[2024-07-06T13:31:20.226-0700][info][gc,heap        ] GC(93) Old regions: 1965->1985
[2024-07-06T13:31:20.226-0700][info][gc,heap        ] GC(93) Archive regions: 2->2
[2024-07-06T13:31:20.226-0700][info][gc,heap        ] GC(93) Humongous regions: 8->8
[2024-07-06T13:31:20.226-0700][info][gc,metaspace   ] GC(93) Metaspace: 302K(512K)->302K(512K) NonClass: 294K(384K)->294K(384K) Class: 7K(128K)->7K(128K)
[2024-07-06T13:31:20.226-0700][info][gc             ] GC(93) Pause Young (Normal) (G1 Preventive Collection) 4008M->4008M(4096M) 17.757ms
[2024-07-06T13:31:20.226-0700][info][gc,cpu         ] GC(93) User=0.06s Sys=0.00s Real=0.02s
[2024-07-06T13:31:24.331-0700][info][gc,start       ] GC(94) Pause Young (Concurrent Start) (G1 Preventive Collection)
[2024-07-06T13:31:24.331-0700][info][gc,task        ] GC(94) Using 4 workers of 4 for evacuation
[2024-07-06T13:31:24.343-0700][info][gc,phases      ] GC(94)   Pre Evacuate Collection Set: 0.3ms
[2024-07-06T13:31:24.343-0700][info][gc,phases      ] GC(94)   Merge Heap Roots: 0.2ms
[2024-07-06T13:31:24.343-0700][info][gc,phases      ] GC(94)   Evacuate Collection Set: 11.4ms
[2024-07-06T13:31:24.343-0700][info][gc,phases      ] GC(94)   Post Evacuate Collection Set: 0.3ms
[2024-07-06T13:31:24.343-0700][info][gc,phases      ] GC(94)   Other: 0.2ms
[2024-07-06T13:31:24.344-0700][info][gc,heap        ] GC(94) Eden regions: 12->0(89)
[2024-07-06T13:31:24.344-0700][info][gc,heap        ] GC(94) Survivor regions: 13->13(13)
[2024-07-06T13:31:24.344-0700][info][gc,heap        ] GC(94) Old regions: 1985->1998
[2024-07-06T13:31:24.344-0700][info][gc,heap        ] GC(94) Archive regions: 2->2
[2024-07-06T13:31:24.344-0700][info][gc,heap        ] GC(94) Humongous regions: 8->8
[2024-07-06T13:31:24.344-0700][info][gc,metaspace   ] GC(94) Metaspace: 302K(512K)->302K(512K) NonClass: 294K(384K)->294K(384K) Class: 7K(128K)->7K(128K)
[2024-07-06T13:31:24.344-0700][info][gc             ] GC(94) Pause Young (Concurrent Start) (G1 Preventive Collection) 4032M->4034M(4096M) 12.423ms
[2024-07-06T13:31:24.344-0700][info][gc,cpu         ] GC(94) User=0.04s Sys=0.00s Real=0.02s
[2024-07-06T13:31:24.344-0700][info][gc             ] GC(95) Concurrent Mark Cycle
[2024-07-06T13:31:24.344-0700][info][gc,marking     ] GC(95) Concurrent Clear Claimed Marks
[2024-07-06T13:31:24.344-0700][info][gc,marking     ] GC(95) Concurrent Clear Claimed Marks 0.007ms
[2024-07-06T13:31:24.344-0700][info][gc,marking     ] GC(95) Concurrent Scan Root Regions
[2024-07-06T13:31:24.347-0700][info][gc,marking     ] GC(95) Concurrent Scan Root Regions 3.176ms
[2024-07-06T13:31:24.347-0700][info][gc,marking     ] GC(95) Concurrent Mark
[2024-07-06T13:31:24.347-0700][info][gc,marking     ] GC(95) Concurrent Mark From Roots
[2024-07-06T13:31:24.347-0700][info][gc,task        ] GC(95) Using 1 workers of 1 for marking
[2024-07-06T13:31:24.895-0700][info][gc,marking     ] GC(95) Concurrent Mark From Roots 547.867ms
[2024-07-06T13:31:24.895-0700][info][gc,marking     ] GC(95) Concurrent Preclean
[2024-07-06T13:31:24.895-0700][info][gc,marking     ] GC(95) Concurrent Preclean 0.062ms
[2024-07-06T13:32:02.590-0700][info][gc,start       ] GC(95) Pause Remark
[2024-07-06T13:32:02.591-0700][info][gc             ] GC(95) Pause Remark 4036M->4036M(4096M) 1.007ms
[2024-07-06T13:32:02.591-0700][info][gc,cpu         ] GC(95) User=0.00s Sys=0.00s Real=0.00s
[2024-07-06T13:32:02.591-0700][info][gc,marking     ] GC(95) Concurrent Mark 38244.164ms
[2024-07-06T13:32:02.591-0700][info][gc,marking     ] GC(95) Concurrent Rebuild Remembered Sets
[2024-07-06T13:32:02.868-0700][info][gc,marking     ] GC(95) Concurrent Rebuild Remembered Sets 277.292ms
[2024-07-06T13:32:02.879-0700][info][gc,start       ] GC(95) Pause Cleanup
[2024-07-06T13:32:02.880-0700][info][gc             ] GC(95) Pause Cleanup 4036M->4036M(4096M) 0.643ms
[2024-07-06T13:32:02.880-0700][info][gc,cpu         ] GC(95) User=0.00s Sys=0.00s Real=0.00s
[2024-07-06T13:32:02.880-0700][info][gc,marking     ] GC(95) Concurrent Cleanup for Next Mark
[2024-07-06T13:32:02.886-0700][info][gc,marking     ] GC(95) Concurrent Cleanup for Next Mark 6.430ms
[2024-07-06T13:32:02.887-0700][info][gc             ] GC(95) Concurrent Mark Cycle 38542.956ms
[2024-07-06T13:32:05.510-0700][info][gc,start       ] GC(96) Pause Young (Normal) (G1 Preventive Collection)
[2024-07-06T13:32:05.510-0700][info][gc,task        ] GC(96) Using 4 workers of 4 for evacuation
[2024-07-06T13:32:05.520-0700][info][gc,phases      ] GC(96)   Pre Evacuate Collection Set: 0.4ms
[2024-07-06T13:32:05.520-0700][info][gc,phases      ] GC(96)   Merge Heap Roots: 0.2ms
[2024-07-06T13:32:05.520-0700][info][gc,phases      ] GC(96)   Evacuate Collection Set: 9.0ms
[2024-07-06T13:32:05.520-0700][info][gc,phases      ] GC(96)   Post Evacuate Collection Set: 0.3ms
[2024-07-06T13:32:05.520-0700][info][gc,phases      ] GC(96)   Other: 0.1ms
[2024-07-06T13:32:05.520-0700][info][gc,heap        ] GC(96) Eden regions: 6->0(94)
[2024-07-06T13:32:05.520-0700][info][gc,heap        ] GC(96) Survivor regions: 13->8(13)
[2024-07-06T13:32:05.520-0700][info][gc,heap        ] GC(96) Old regions: 1998->2010
[2024-07-06T13:32:05.520-0700][info][gc,heap        ] GC(96) Archive regions: 2->2
[2024-07-06T13:32:05.520-0700][info][gc,heap        ] GC(96) Humongous regions: 8->8
[2024-07-06T13:32:05.520-0700][info][gc,metaspace   ] GC(96) Metaspace: 302K(512K)->302K(512K) NonClass: 294K(384K)->294K(384K) Class: 7K(128K)->7K(128K)
[2024-07-06T13:32:05.520-0700][info][gc             ] GC(96) Pause Young (Normal) (G1 Preventive Collection) 4046M->4047M(4096M) 10.050ms
[2024-07-06T13:32:05.520-0700][info][gc,cpu         ] GC(96) User=0.02s Sys=0.02s Real=0.01s
[2024-07-06T13:32:07.317-0700][info][gc,start       ] GC(97) Pause Young (Concurrent Start) (G1 Preventive Collection)
[2024-07-06T13:32:07.317-0700][info][gc,task        ] GC(97) Using 4 workers of 4 for evacuation
[2024-07-06T13:32:07.324-0700][info][gc,phases      ] GC(97)   Pre Evacuate Collection Set: 0.3ms
[2024-07-06T13:32:07.324-0700][info][gc,phases      ] GC(97)   Merge Heap Roots: 0.2ms
[2024-07-06T13:32:07.324-0700][info][gc,phases      ] GC(97)   Evacuate Collection Set: 5.2ms
[2024-07-06T13:32:07.324-0700][info][gc,phases      ] GC(97)   Post Evacuate Collection Set: 0.3ms
[2024-07-06T13:32:07.324-0700][info][gc,phases      ] GC(97)   Other: 0.2ms
[2024-07-06T13:32:07.324-0700][info][gc,heap        ] GC(97) Eden regions: 5->0(90)
[2024-07-06T13:32:07.324-0700][info][gc,heap        ] GC(97) Survivor regions: 8->12(13)
[2024-07-06T13:32:07.324-0700][info][gc,heap        ] GC(97) Old regions: 2010->2010
[2024-07-06T13:32:07.324-0700][info][gc,heap        ] GC(97) Archive regions: 2->2
[2024-07-06T13:32:07.324-0700][info][gc,heap        ] GC(97) Humongous regions: 8->8
[2024-07-06T13:32:07.324-0700][info][gc,metaspace   ] GC(97) Metaspace: 302K(512K)->302K(512K) NonClass: 294K(384K)->294K(384K) Class: 7K(128K)->7K(128K)
[2024-07-06T13:32:07.324-0700][info][gc             ] GC(97) Pause Young (Concurrent Start) (G1 Preventive Collection) 4057M->4055M(4096M) 6.286ms
[2024-07-06T13:32:07.324-0700][info][gc,cpu         ] GC(97) User=0.02s Sys=0.00s Real=0.01s
[2024-07-06T13:32:07.324-0700][info][gc             ] GC(98) Concurrent Mark Cycle
[2024-07-06T13:32:07.324-0700][info][gc,marking     ] GC(98) Concurrent Clear Claimed Marks
[2024-07-06T13:32:07.324-0700][info][gc,marking     ] GC(98) Concurrent Clear Claimed Marks 0.006ms
[2024-07-06T13:32:07.324-0700][info][gc,marking     ] GC(98) Concurrent Scan Root Regions
[2024-07-06T13:32:07.325-0700][info][gc,marking     ] GC(98) Concurrent Scan Root Regions 1.315ms
[2024-07-06T13:32:07.325-0700][info][gc,marking     ] GC(98) Concurrent Mark
[2024-07-06T13:32:07.325-0700][info][gc,marking     ] GC(98) Concurrent Mark From Roots
[2024-07-06T13:32:07.325-0700][info][gc,task        ] GC(98) Using 1 workers of 1 for marking
[2024-07-06T13:32:07.325-0700][info][gc,start       ] GC(99) Pause Young (Normal) (G1 Preventive Collection)
[2024-07-06T13:32:07.325-0700][info][gc,task        ] GC(99) Using 4 workers of 4 for evacuation
[2024-07-06T13:32:07.329-0700][info][gc,phases      ] GC(99)   Pre Evacuate Collection Set: 1.3ms
[2024-07-06T13:32:07.330-0700][info][gc,phases      ] GC(99)   Merge Heap Roots: 0.1ms
[2024-07-06T13:32:07.330-0700][info][gc,phases      ] GC(99)   Evacuate Collection Set: 3.7ms
[2024-07-06T13:32:07.330-0700][info][gc,phases      ] GC(99)   Post Evacuate Collection Set: 0.3ms
[2024-07-06T13:32:07.330-0700][info][gc,phases      ] GC(99)   Other: 0.1ms
[2024-07-06T13:32:07.330-0700][info][gc,heap        ] GC(99) Eden regions: 1->0(95)
[2024-07-06T13:32:07.330-0700][info][gc,heap        ] GC(99) Survivor regions: 12->7(13)
[2024-07-06T13:32:07.330-0700][info][gc,heap        ] GC(99) Old regions: 2010->2016
[2024-07-06T13:32:07.330-0700][info][gc,heap        ] GC(99) Archive regions: 2->2
[2024-07-06T13:32:07.330-0700][info][gc,heap        ] GC(99) Humongous regions: 8->8
[2024-07-06T13:32:07.330-0700][info][gc,metaspace   ] GC(99) Metaspace: 302K(512K)->302K(512K) NonClass: 294K(384K)->294K(384K) Class: 7K(128K)->7K(128K)
[2024-07-06T13:32:07.330-0700][info][gc             ] GC(99) Pause Young (Normal) (G1 Preventive Collection) 4057M->4057M(4096M) 4.473ms
[2024-07-06T13:32:07.330-0700][info][gc,cpu         ] GC(99) User=0.01s Sys=0.00s Real=0.00s
[2024-07-06T13:32:07.331-0700][info][gc,start       ] GC(100) Pause Young (Normal) (G1 Preventive Collection)
[2024-07-06T13:32:07.331-0700][info][gc,task        ] GC(100) Using 4 workers of 4 for evacuation
[2024-07-06T13:32:07.334-0700][info][gc,phases      ] GC(100)   Pre Evacuate Collection Set: 0.3ms
[2024-07-06T13:32:07.334-0700][info][gc,phases      ] GC(100)   Merge Heap Roots: 0.1ms
[2024-07-06T13:32:07.334-0700][info][gc,phases      ] GC(100)   Evacuate Collection Set: 2.8ms
[2024-07-06T13:32:07.334-0700][info][gc,phases      ] GC(100)   Post Evacuate Collection Set: 0.3ms
[2024-07-06T13:32:07.334-0700][info][gc,phases      ] GC(100)   Other: 0.1ms
[2024-07-06T13:32:07.334-0700][info][gc,heap        ] GC(100) Eden regions: 3->0(92)
[2024-07-06T13:32:07.334-0700][info][gc,heap        ] GC(100) Survivor regions: 7->10(12)
[2024-07-06T13:32:07.334-0700][info][gc,heap        ] GC(100) Old regions: 2016->2016
[2024-07-06T13:32:07.334-0700][info][gc,heap        ] GC(100) Archive regions: 2->2
[2024-07-06T13:32:07.334-0700][info][gc,heap        ] GC(100) Humongous regions: 8->8
[2024-07-06T13:32:07.334-0700][info][gc,metaspace   ] GC(100) Metaspace: 302K(512K)->302K(512K) NonClass: 294K(384K)->294K(384K) Class: 7K(128K)->7K(128K)
[2024-07-06T13:32:07.334-0700][info][gc             ] GC(100) Pause Young (Normal) (G1 Preventive Collection) 4063M->4062M(4096M) 3.580ms
[2024-07-06T13:32:07.334-0700][info][gc,cpu         ] GC(100) User=0.00s Sys=0.00s Real=0.00s
[2024-07-06T13:32:07.907-0700][info][gc,marking     ] GC(98) Concurrent Mark From Roots 582.095ms
[2024-07-06T13:32:07.907-0700][info][gc,marking     ] GC(98) Concurrent Preclean
[2024-07-06T13:32:07.907-0700][info][gc,marking     ] GC(98) Concurrent Preclean 0.065ms
[2024-07-06T13:33:08.164-0700][info][gc,start       ] GC(98) Pause Remark
[2024-07-06T13:33:08.165-0700][info][gc             ] GC(98) Pause Remark 4064M->4064M(4096M) 0.987ms
[2024-07-06T13:33:08.165-0700][info][gc,cpu         ] GC(98) User=0.00s Sys=0.00s Real=0.00s
[2024-07-06T13:33:08.165-0700][info][gc,marking     ] GC(98) Concurrent Mark 60839.669ms
[2024-07-06T13:33:08.165-0700][info][gc,marking     ] GC(98) Concurrent Rebuild Remembered Sets
[2024-07-06T13:33:08.455-0700][info][gc,marking     ] GC(98) Concurrent Rebuild Remembered Sets 290.475ms
[2024-07-06T13:33:08.636-0700][info][gc,start       ] GC(98) Pause Cleanup
[2024-07-06T13:33:08.637-0700][info][gc             ] GC(98) Pause Cleanup 4064M->4064M(4096M) 0.732ms
[2024-07-06T13:33:08.637-0700][info][gc,cpu         ] GC(98) User=0.00s Sys=0.00s Real=0.00s
[2024-07-06T13:33:08.637-0700][info][gc,marking     ] GC(98) Concurrent Cleanup for Next Mark
[2024-07-06T13:33:08.637-0700][info][gc,start       ] GC(101) Pause Young (Normal) (G1 Preventive Collection)
[2024-07-06T13:33:08.637-0700][info][gc,task        ] GC(101) Using 4 workers of 4 for evacuation
[2024-07-06T13:33:08.644-0700][info][gc,phases      ] GC(101)   Pre Evacuate Collection Set: 0.3ms
[2024-07-06T13:33:08.644-0700][info][gc,phases      ] GC(101)   Merge Heap Roots: 0.2ms
[2024-07-06T13:33:08.644-0700][info][gc,phases      ] GC(101)   Evacuate Collection Set: 5.8ms
[2024-07-06T13:33:08.644-0700][info][gc,phases      ] GC(101)   Post Evacuate Collection Set: 0.4ms
[2024-07-06T13:33:08.644-0700][info][gc,phases      ] GC(101)   Other: 0.1ms
[2024-07-06T13:33:08.644-0700][info][gc,heap        ] GC(101) Eden regions: 1->0(96)
[2024-07-06T13:33:08.644-0700][info][gc,heap        ] GC(101) Survivor regions: 10->6(11)
[2024-07-06T13:33:08.644-0700][info][gc,heap        ] GC(101) Old regions: 2016->2021
[2024-07-06T13:33:08.644-0700][info][gc,heap        ] GC(101) Archive regions: 2->2
[2024-07-06T13:33:08.644-0700][info][gc,heap        ] GC(101) Humongous regions: 8->8
[2024-07-06T13:33:08.644-0700][info][gc,metaspace   ] GC(101) Metaspace: 302K(512K)->302K(512K) NonClass: 294K(384K)->294K(384K) Class: 7K(128K)->7K(128K)
[2024-07-06T13:33:08.644-0700][info][gc             ] GC(101) Pause Young (Normal) (G1 Preventive Collection) 4064M->4065M(4096M) 6.813ms
[2024-07-06T13:33:08.644-0700][info][gc,cpu         ] GC(101) User=0.03s Sys=0.00s Real=0.01s
[2024-07-06T13:33:08.645-0700][info][gc,start       ] GC(102) Pause Young (Normal) (G1 Preventive Collection)
[2024-07-06T13:33:08.645-0700][info][gc,task        ] GC(102) Using 4 workers of 4 for evacuation
[2024-07-06T13:33:08.648-0700][info][gc,phases      ] GC(102)   Pre Evacuate Collection Set: 0.3ms
[2024-07-06T13:33:08.648-0700][info][gc,phases      ] GC(102)   Merge Heap Roots: 0.1ms
[2024-07-06T13:33:08.648-0700][info][gc,phases      ] GC(102)   Evacuate Collection Set: 2.4ms
[2024-07-06T13:33:08.648-0700][info][gc,phases      ] GC(102)   Post Evacuate Collection Set: 0.4ms
[2024-07-06T13:33:08.648-0700][info][gc,phases      ] GC(102)   Other: 0.1ms
[2024-07-06T13:33:08.648-0700][info][gc,heap        ] GC(102) Eden regions: 2->0(94)
[2024-07-06T13:33:08.648-0700][info][gc,heap        ] GC(102) Survivor regions: 6->8(9)
[2024-07-06T13:33:08.648-0700][info][gc,heap        ] GC(102) Old regions: 2021->2021
[2024-07-06T13:33:08.648-0700][info][gc,heap        ] GC(102) Archive regions: 2->2
[2024-07-06T13:33:08.648-0700][info][gc,heap        ] GC(102) Humongous regions: 8->8
[2024-07-06T13:33:08.648-0700][info][gc,metaspace   ] GC(102) Metaspace: 302K(512K)->302K(512K) NonClass: 294K(384K)->294K(384K) Class: 7K(128K)->7K(128K)
[2024-07-06T13:33:08.648-0700][info][gc             ] GC(102) Pause Young (Normal) (G1 Preventive Collection) 4069M->4069M(4096M) 3.249ms
[2024-07-06T13:33:08.648-0700][info][gc,cpu         ] GC(102) User=0.01s Sys=0.00s Real=0.00s
[2024-07-06T13:33:08.648-0700][info][gc,start       ] GC(103) Pause Young (Normal) (G1 Preventive Collection)
[2024-07-06T13:33:08.648-0700][info][gc,task        ] GC(103) Using 4 workers of 4 for evacuation
[2024-07-06T13:33:08.652-0700][info][gc,phases      ] GC(103)   Pre Evacuate Collection Set: 0.3ms
[2024-07-06T13:33:08.652-0700][info][gc,phases      ] GC(103)   Merge Heap Roots: 0.1ms
[2024-07-06T13:33:08.652-0700][info][gc,phases      ] GC(103)   Evacuate Collection Set: 2.7ms
[2024-07-06T13:33:08.652-0700][info][gc,phases      ] GC(103)   Post Evacuate Collection Set: 0.3ms
[2024-07-06T13:33:08.652-0700][info][gc,phases      ] GC(103)   Other: 0.1ms
[2024-07-06T13:33:08.652-0700][info][gc,heap        ] GC(103) Eden regions: 1->0(95)
[2024-07-06T13:33:08.652-0700][info][gc,heap        ] GC(103) Survivor regions: 8->7(8)
[2024-07-06T13:33:08.652-0700][info][gc,heap        ] GC(103) Old regions: 2021->2022
[2024-07-06T13:33:08.652-0700][info][gc,heap        ] GC(103) Archive regions: 2->2
[2024-07-06T13:33:08.652-0700][info][gc,heap        ] GC(103) Humongous regions: 8->8
[2024-07-06T13:33:08.652-0700][info][gc,metaspace   ] GC(103) Metaspace: 302K(512K)->302K(512K) NonClass: 294K(384K)->294K(384K) Class: 7K(128K)->7K(128K)
[2024-07-06T13:33:08.652-0700][info][gc             ] GC(103) Pause Young (Normal) (G1 Preventive Collection) 4071M->4070M(4096M) 3.445ms
[2024-07-06T13:33:08.652-0700][info][gc,cpu         ] GC(103) User=0.01s Sys=0.00s Real=0.00s
[2024-07-06T13:33:08.652-0700][info][gc,start       ] GC(104) Pause Young (Normal) (G1 Preventive Collection)
[2024-07-06T13:33:08.652-0700][info][gc,task        ] GC(104) Using 4 workers of 4 for evacuation
[2024-07-06T13:33:08.656-0700][info][gc,phases      ] GC(104)   Pre Evacuate Collection Set: 0.4ms
[2024-07-06T13:33:08.656-0700][info][gc,phases      ] GC(104)   Merge Heap Roots: 0.1ms
[2024-07-06T13:33:08.656-0700][info][gc,phases      ] GC(104)   Evacuate Collection Set: 3.0ms
[2024-07-06T13:33:08.656-0700][info][gc,phases      ] GC(104)   Post Evacuate Collection Set: 0.3ms
[2024-07-06T13:33:08.656-0700][info][gc,phases      ] GC(104)   Other: 0.1ms
[2024-07-06T13:33:08.656-0700][info][gc,heap        ] GC(104) Eden regions: 1->0(97)
[2024-07-06T13:33:08.656-0700][info][gc,heap        ] GC(104) Survivor regions: 7->5(8)
[2024-07-06T13:33:08.656-0700][info][gc,heap        ] GC(104) Old regions: 2022->2025
[2024-07-06T13:33:08.656-0700][info][gc,heap        ] GC(104) Archive regions: 2->2
[2024-07-06T13:33:08.656-0700][info][gc,heap        ] GC(104) Humongous regions: 8->8
[2024-07-06T13:33:08.656-0700][info][gc,metaspace   ] GC(104) Metaspace: 302K(512K)->302K(512K) NonClass: 294K(384K)->294K(384K) Class: 7K(128K)->7K(128K)
[2024-07-06T13:33:08.656-0700][info][gc             ] GC(104) Pause Young (Normal) (G1 Preventive Collection) 4072M->4072M(4096M) 4.034ms
[2024-07-06T13:33:08.656-0700][info][gc,cpu         ] GC(104) User=0.01s Sys=0.00s Real=0.01s
[2024-07-06T13:33:08.660-0700][info][gc,marking     ] GC(98) Concurrent Cleanup for Next Mark 23.257ms
[2024-07-06T13:33:08.660-0700][info][gc             ] GC(98) Concurrent Mark Cycle 61336.421ms
[2024-07-06T13:33:10.840-0700][info][gc,start       ] GC(105) Pause Young (Normal) (G1 Preventive Collection)
[2024-07-06T13:33:10.840-0700][info][gc,task        ] GC(105) Using 4 workers of 4 for evacuation
[2024-07-06T13:33:10.846-0700][info][gc,phases      ] GC(105)   Pre Evacuate Collection Set: 0.3ms
[2024-07-06T13:33:10.846-0700][info][gc,phases      ] GC(105)   Merge Heap Roots: 0.2ms
[2024-07-06T13:33:10.846-0700][info][gc,phases      ] GC(105)   Evacuate Collection Set: 4.9ms
[2024-07-06T13:33:10.846-0700][info][gc,phases      ] GC(105)   Post Evacuate Collection Set: 0.3ms
[2024-07-06T13:33:10.846-0700][info][gc,phases      ] GC(105)   Other: 0.4ms
[2024-07-06T13:33:10.846-0700][info][gc,heap        ] GC(105) Eden regions: 1->0(95)
[2024-07-06T13:33:10.846-0700][info][gc,heap        ] GC(105) Survivor regions: 5->7(7)
[2024-07-06T13:33:10.846-0700][info][gc,heap        ] GC(105) Old regions: 2025->2025
[2024-07-06T13:33:10.846-0700][info][gc,heap        ] GC(105) Archive regions: 2->2
[2024-07-06T13:33:10.846-0700][info][gc,heap        ] GC(105) Humongous regions: 8->8
[2024-07-06T13:33:10.846-0700][info][gc,metaspace   ] GC(105) Metaspace: 302K(512K)->302K(512K) NonClass: 294K(384K)->294K(384K) Class: 7K(128K)->7K(128K)
[2024-07-06T13:33:10.846-0700][info][gc             ] GC(105) Pause Young (Normal) (G1 Preventive Collection) 4074M->4074M(4096M) 6.117ms
[2024-07-06T13:33:10.846-0700][info][gc,cpu         ] GC(105) User=0.02s Sys=0.00s Real=0.01s
[2024-07-06T13:33:10.846-0700][info][gc,start       ] GC(106) Pause Young (Concurrent Start) (G1 Preventive Collection)
[2024-07-06T13:33:10.846-0700][info][gc,task        ] GC(106) Using 4 workers of 4 for evacuation
[2024-07-06T13:33:10.849-0700][info][gc             ] GC(106) To-space exhausted
[2024-07-06T13:33:10.849-0700][info][gc,phases      ] GC(106)   Pre Evacuate Collection Set: 0.3ms
[2024-07-06T13:33:10.849-0700][info][gc,phases      ] GC(106)   Merge Heap Roots: 0.1ms
[2024-07-06T13:33:10.849-0700][info][gc,phases      ] GC(106)   Evacuate Collection Set: 2.1ms
[2024-07-06T13:33:10.849-0700][info][gc,phases      ] GC(106)   Post Evacuate Collection Set: 0.7ms
[2024-07-06T13:33:10.849-0700][info][gc,phases      ] GC(106)   Other: 0.1ms
[2024-07-06T13:33:10.849-0700][info][gc,heap        ] GC(106) Eden regions: 1->0(97)
[2024-07-06T13:33:10.849-0700][info][gc,heap        ] GC(106) Survivor regions: 7->5(5)
[2024-07-06T13:33:10.849-0700][info][gc,heap        ] GC(106) Old regions: 2025->2030
[2024-07-06T13:33:10.849-0700][info][gc,heap        ] GC(106) Archive regions: 2->2
[2024-07-06T13:33:10.849-0700][info][gc,heap        ] GC(106) Humongous regions: 8->8
[2024-07-06T13:33:10.849-0700][info][gc,metaspace   ] GC(106) Metaspace: 302K(512K)->302K(512K) NonClass: 294K(384K)->294K(384K) Class: 7K(128K)->7K(128K)
[2024-07-06T13:33:10.849-0700][info][gc             ] GC(106) Pause Young (Concurrent Start) (G1 Preventive Collection) 4076M->4081M(4096M) 3.247ms
[2024-07-06T13:33:10.849-0700][info][gc,cpu         ] GC(106) User=0.00s Sys=0.00s Real=0.00s
[2024-07-06T13:33:10.849-0700][info][gc             ] GC(107) Concurrent Mark Cycle
[2024-07-06T13:33:10.849-0700][info][gc,marking     ] GC(107) Concurrent Clear Claimed Marks
[2024-07-06T13:33:10.849-0700][info][gc,marking     ] GC(107) Concurrent Clear Claimed Marks 0.007ms
[2024-07-06T13:33:10.849-0700][info][gc,marking     ] GC(107) Concurrent Scan Root Regions
[2024-07-06T13:33:10.850-0700][info][gc,marking     ] GC(107) Concurrent Scan Root Regions 0.684ms
[2024-07-06T13:33:10.850-0700][info][gc,marking     ] GC(107) Concurrent Mark
[2024-07-06T13:33:10.850-0700][info][gc,marking     ] GC(107) Concurrent Mark From Roots
[2024-07-06T13:33:10.850-0700][info][gc,task        ] GC(107) Using 1 workers of 1 for marking
[2024-07-06T13:33:10.850-0700][info][gc,start       ] GC(108) Pause Young (Normal) (G1 Preventive Collection)
[2024-07-06T13:33:10.850-0700][info][gc,task        ] GC(108) Using 4 workers of 4 for evacuation
[2024-07-06T13:33:10.853-0700][info][gc             ] GC(108) To-space exhausted
[2024-07-06T13:33:10.853-0700][info][gc,phases      ] GC(108)   Pre Evacuate Collection Set: 0.7ms
[2024-07-06T13:33:10.853-0700][info][gc,phases      ] GC(108)   Merge Heap Roots: 0.1ms
[2024-07-06T13:33:10.853-0700][info][gc,phases      ] GC(108)   Evacuate Collection Set: 1.6ms
[2024-07-06T13:33:10.853-0700][info][gc,phases      ] GC(108)   Post Evacuate Collection Set: 0.5ms
[2024-07-06T13:33:10.853-0700][info][gc,phases      ] GC(108)   Other: 0.1ms
[2024-07-06T13:33:10.853-0700][info][gc,heap        ] GC(108) Eden regions: 1->0(100)
[2024-07-06T13:33:10.853-0700][info][gc,heap        ] GC(108) Survivor regions: 5->2(2)
[2024-07-06T13:33:10.853-0700][info][gc,heap        ] GC(108) Old regions: 2030->2036
[2024-07-06T13:33:10.853-0700][info][gc,heap        ] GC(108) Archive regions: 2->2
[2024-07-06T13:33:10.853-0700][info][gc,heap        ] GC(108) Humongous regions: 8->8
[2024-07-06T13:33:10.853-0700][info][gc,metaspace   ] GC(108) Metaspace: 302K(512K)->302K(512K) NonClass: 294K(384K)->294K(384K) Class: 7K(128K)->7K(128K)
[2024-07-06T13:33:10.853-0700][info][gc             ] GC(108) Pause Young (Normal) (G1 Preventive Collection) 4083M->4087M(4096M) 2.564ms
[2024-07-06T13:33:10.853-0700][info][gc,cpu         ] GC(108) User=0.01s Sys=0.00s Real=0.00s
[2024-07-06T13:33:10.853-0700][info][gc,ergo        ] Attempting full compaction
[2024-07-06T13:33:10.853-0700][info][gc,task        ] GC(109) Using 4 workers of 4 for full compaction
[2024-07-06T13:33:10.853-0700][info][gc,start       ] GC(109) Pause Full (G1 Compaction Pause)
[2024-07-06T13:33:10.857-0700][info][gc,phases,start] GC(109) Phase 1: Mark live objects
[2024-07-06T13:33:10.955-0700][info][gc,phases      ] GC(109) Phase 1: Mark live objects 98.277ms
[2024-07-06T13:33:10.955-0700][info][gc,phases,start] GC(109) Phase 2: Prepare for compaction
[2024-07-06T13:33:11.030-0700][info][gc,phases      ] GC(109) Phase 2: Prepare for compaction 75.553ms
[2024-07-06T13:33:11.030-0700][info][gc,phases,start] GC(109) Phase 3: Adjust pointers
[2024-07-06T13:33:11.118-0700][info][gc,phases      ] GC(109) Phase 3: Adjust pointers 87.976ms
[2024-07-06T13:33:11.118-0700][info][gc,phases,start] GC(109) Phase 4: Compact heap
[2024-07-06T13:33:11.557-0700][info][gc,phases      ] GC(109) Phase 4: Compact heap 438.355ms
[2024-07-06T13:33:11.560-0700][info][gc,heap        ] GC(109) Eden regions: 0->0(102)
[2024-07-06T13:33:11.560-0700][info][gc,heap        ] GC(109) Survivor regions: 2->0(2)
[2024-07-06T13:33:11.560-0700][info][gc,heap        ] GC(109) Old regions: 2036->1850
[2024-07-06T13:33:11.560-0700][info][gc,heap        ] GC(109) Archive regions: 2->2
[2024-07-06T13:33:11.560-0700][info][gc,heap        ] GC(109) Humongous regions: 8->8
[2024-07-06T13:33:11.560-0700][info][gc,metaspace   ] GC(109) Metaspace: 302K(512K)->302K(512K) NonClass: 294K(384K)->294K(384K) Class: 7K(128K)->7K(128K)
[2024-07-06T13:33:11.560-0700][info][gc             ] GC(109) Pause Full (G1 Compaction Pause) 4087M->3713M(4096M) 707.182ms
[2024-07-06T13:33:11.560-0700][info][gc,cpu         ] GC(109) User=2.75s Sys=0.01s Real=0.71s
[2024-07-06T13:33:11.560-0700][info][gc,marking     ] GC(107) Concurrent Mark From Roots 709.997ms
[2024-07-06T13:33:11.560-0700][info][gc,marking     ] GC(107) Concurrent Mark Abort
[2024-07-06T13:33:11.560-0700][info][gc             ] GC(107) Concurrent Mark Cycle 710.756ms
[2024-07-06T13:33:44.848-0700][info][gc,start       ] GC(110) Pause Young (Normal) (G1 Preventive Collection)
[2024-07-06T13:33:44.848-0700][info][gc,task        ] GC(110) Using 4 workers of 4 for evacuation
[2024-07-06T13:33:44.892-0700][info][gc,phases      ] GC(110)   Pre Evacuate Collection Set: 0.4ms
[2024-07-06T13:33:44.892-0700][info][gc,phases      ] GC(110)   Merge Heap Roots: 0.2ms
[2024-07-06T13:33:44.892-0700][info][gc,phases      ] GC(110)   Evacuate Collection Set: 42.8ms
[2024-07-06T13:33:44.892-0700][info][gc,phases      ] GC(110)   Post Evacuate Collection Set: 0.4ms
[2024-07-06T13:33:44.892-0700][info][gc,phases      ] GC(110)   Other: 0.1ms
[2024-07-06T13:33:44.892-0700][info][gc,heap        ] GC(110) Eden regions: 89->0(89)
[2024-07-06T13:33:44.892-0700][info][gc,heap        ] GC(110) Survivor regions: 0->13(13)
[2024-07-06T13:33:44.892-0700][info][gc,heap        ] GC(110) Old regions: 1850->1925
[2024-07-06T13:33:44.892-0700][info][gc,heap        ] GC(110) Archive regions: 2->2
[2024-07-06T13:33:44.892-0700][info][gc,heap        ] GC(110) Humongous regions: 8->8
[2024-07-06T13:33:44.892-0700][info][gc,metaspace   ] GC(110) Metaspace: 302K(512K)->302K(512K) NonClass: 294K(384K)->294K(384K) Class: 7K(128K)->7K(128K)
[2024-07-06T13:33:44.892-0700][info][gc             ] GC(110) Pause Young (Normal) (G1 Preventive Collection) 3891M->3889M(4096M) 43.969ms
[2024-07-06T13:33:44.892-0700][info][gc,cpu         ] GC(110) User=0.13s Sys=0.03s Real=0.04s
[2024-07-06T13:34:01.735-0700][info][gc,start       ] GC(111) Pause Young (Concurrent Start) (G1 Preventive Collection)
[2024-07-06T13:34:01.735-0700][info][gc,task        ] GC(111) Using 4 workers of 4 for evacuation
[2024-07-06T13:34:01.761-0700][info][gc             ] GC(111) To-space exhausted
[2024-07-06T13:34:01.761-0700][info][gc,phases      ] GC(111)   Pre Evacuate Collection Set: 0.3ms
[2024-07-06T13:34:01.761-0700][info][gc,phases      ] GC(111)   Merge Heap Roots: 0.1ms
[2024-07-06T13:34:01.761-0700][info][gc,phases      ] GC(111)   Evacuate Collection Set: 24.2ms
[2024-07-06T13:34:01.761-0700][info][gc,phases      ] GC(111)   Post Evacuate Collection Set: 1.5ms
[2024-07-06T13:34:01.761-0700][info][gc,phases      ] GC(111)   Other: 0.2ms
[2024-07-06T13:34:01.761-0700][info][gc,heap        ] GC(111) Eden regions: 47->0(89)
[2024-07-06T13:34:01.761-0700][info][gc,heap        ] GC(111) Survivor regions: 13->13(13)
[2024-07-06T13:34:01.761-0700][info][gc,heap        ] GC(111) Old regions: 1925->1980
[2024-07-06T13:34:01.761-0700][info][gc,heap        ] GC(111) Archive regions: 2->2
[2024-07-06T13:34:01.761-0700][info][gc,heap        ] GC(111) Humongous regions: 8->8
[2024-07-06T13:34:01.761-0700][info][gc,metaspace   ] GC(111) Metaspace: 305K(512K)->305K(512K) NonClass: 297K(384K)->297K(384K) Class: 7K(128K)->7K(128K)
[2024-07-06T13:34:01.761-0700][info][gc             ] GC(111) Pause Young (Concurrent Start) (G1 Preventive Collection) 3983M->3999M(4096M) 26.358ms
[2024-07-06T13:34:01.761-0700][info][gc,cpu         ] GC(111) User=0.09s Sys=0.01s Real=0.03s
[2024-07-06T13:34:01.761-0700][info][gc             ] GC(112) Concurrent Mark Cycle
[2024-07-06T13:34:01.761-0700][info][gc,marking     ] GC(112) Concurrent Clear Claimed Marks
[2024-07-06T13:34:01.761-0700][info][gc,marking     ] GC(112) Concurrent Clear Claimed Marks 0.007ms
[2024-07-06T13:34:01.761-0700][info][gc,marking     ] GC(112) Concurrent Scan Root Regions
[2024-07-06T13:34:01.767-0700][info][gc,marking     ] GC(112) Concurrent Scan Root Regions 5.715ms
[2024-07-06T13:34:01.767-0700][info][gc,marking     ] GC(112) Concurrent Mark
[2024-07-06T13:34:01.767-0700][info][gc,marking     ] GC(112) Concurrent Mark From Roots
[2024-07-06T13:34:01.767-0700][info][gc,task        ] GC(112) Using 1 workers of 1 for marking
[2024-07-06T13:34:02.321-0700][info][gc,marking     ] GC(112) Concurrent Mark From Roots 553.592ms
[2024-07-06T13:34:02.321-0700][info][gc,marking     ] GC(112) Concurrent Preclean
[2024-07-06T13:34:02.321-0700][info][gc,marking     ] GC(112) Concurrent Preclean 0.062ms
[2024-07-06T13:34:23.522-0700][info][gc,start       ] GC(112) Pause Remark
[2024-07-06T13:34:23.523-0700][info][gc             ] GC(112) Pause Remark 4001M->4001M(4096M) 0.974ms
[2024-07-06T13:34:23.523-0700][info][gc,cpu         ] GC(112) User=0.00s Sys=0.00s Real=0.00s
[2024-07-06T13:34:23.523-0700][info][gc,marking     ] GC(112) Concurrent Mark 21755.996ms
[2024-07-06T13:34:23.523-0700][info][gc,marking     ] GC(112) Concurrent Rebuild Remembered Sets
[2024-07-06T13:34:23.782-0700][info][gc,marking     ] GC(112) Concurrent Rebuild Remembered Sets 258.957ms
[2024-07-06T13:34:24.953-0700][info][gc,start       ] GC(112) Pause Cleanup
[2024-07-06T13:34:24.953-0700][info][gc             ] GC(112) Pause Cleanup 4001M->4001M(4096M) 0.664ms
[2024-07-06T13:34:24.953-0700][info][gc,cpu         ] GC(112) User=0.00s Sys=0.00s Real=0.00s
[2024-07-06T13:34:24.953-0700][info][gc,marking     ] GC(112) Concurrent Cleanup for Next Mark
[2024-07-06T13:34:24.959-0700][info][gc,marking     ] GC(112) Concurrent Cleanup for Next Mark 5.516ms
[2024-07-06T13:34:24.959-0700][info][gc             ] GC(112) Concurrent Mark Cycle 23197.752ms
[2024-07-06T13:34:28.717-0700][info][gc,start       ] GC(113) Pause Young (Prepare Mixed) (G1 Preventive Collection)
[2024-07-06T13:34:28.717-0700][info][gc,task        ] GC(113) Using 4 workers of 4 for evacuation
[2024-07-06T13:34:28.730-0700][info][gc,phases      ] GC(113)   Pre Evacuate Collection Set: 0.4ms
[2024-07-06T13:34:28.730-0700][info][gc,phases      ] GC(113)   Merge Heap Roots: 0.3ms
[2024-07-06T13:34:28.730-0700][info][gc,phases      ] GC(113)   Evacuate Collection Set: 11.6ms
[2024-07-06T13:34:28.730-0700][info][gc,phases      ] GC(113)   Post Evacuate Collection Set: 0.4ms
[2024-07-06T13:34:28.730-0700][info][gc,phases      ] GC(113)   Other: 0.5ms
[2024-07-06T13:34:28.730-0700][info][gc,heap        ] GC(113) Eden regions: 14->0(89)
[2024-07-06T13:34:28.730-0700][info][gc,heap        ] GC(113) Survivor regions: 13->13(13)
[2024-07-06T13:34:28.730-0700][info][gc,heap        ] GC(113) Old regions: 1980->1995
[2024-07-06T13:34:28.730-0700][info][gc,heap        ] GC(113) Archive regions: 2->2
[2024-07-06T13:34:28.730-0700][info][gc,heap        ] GC(113) Humongous regions: 8->8
[2024-07-06T13:34:28.731-0700][info][gc,metaspace   ] GC(113) Metaspace: 305K(512K)->305K(512K) NonClass: 297K(384K)->297K(384K) Class: 7K(128K)->7K(128K)
[2024-07-06T13:34:28.731-0700][info][gc             ] GC(113) Pause Young (Prepare Mixed) (G1 Preventive Collection) 4027M->4028M(4096M) 13.263ms
[2024-07-06T13:34:28.731-0700][info][gc,cpu         ] GC(113) User=0.04s Sys=0.00s Real=0.01s
[2024-07-06T13:34:32.617-0700][info][gc,start       ] GC(114) Pause Young (Mixed) (G1 Preventive Collection)
[2024-07-06T13:34:32.617-0700][info][gc,task        ] GC(114) Using 4 workers of 4 for evacuation
[2024-07-06T13:34:32.627-0700][info][gc,phases      ] GC(114)   Pre Evacuate Collection Set: 0.3ms
[2024-07-06T13:34:32.627-0700][info][gc,phases      ] GC(114)   Merge Heap Roots: 0.2ms
[2024-07-06T13:34:32.627-0700][info][gc,phases      ] GC(114)   Evacuate Collection Set: 9.5ms
[2024-07-06T13:34:32.627-0700][info][gc,phases      ] GC(114)   Post Evacuate Collection Set: 0.3ms
[2024-07-06T13:34:32.627-0700][info][gc,phases      ] GC(114)   Other: 0.1ms
[2024-07-06T13:34:32.627-0700][info][gc,heap        ] GC(114) Eden regions: 7->0(94)
[2024-07-06T13:34:32.627-0700][info][gc,heap        ] GC(114) Survivor regions: 13->8(13)
[2024-07-06T13:34:32.627-0700][info][gc,heap        ] GC(114) Old regions: 1995->2006
[2024-07-06T13:34:32.627-0700][info][gc,heap        ] GC(114) Archive regions: 2->2
[2024-07-06T13:34:32.627-0700][info][gc,heap        ] GC(114) Humongous regions: 8->8
[2024-07-06T13:34:32.627-0700][info][gc,metaspace   ] GC(114) Metaspace: 305K(512K)->305K(512K) NonClass: 297K(384K)->297K(384K) Class: 7K(128K)->7K(128K)
[2024-07-06T13:34:32.627-0700][info][gc             ] GC(114) Pause Young (Mixed) (G1 Preventive Collection) 4042M->4041M(4096M) 10.444ms
[2024-07-06T13:34:32.627-0700][info][gc,cpu         ] GC(114) User=0.02s Sys=0.01s Real=0.01s
[2024-07-06T13:34:34.791-0700][info][gc,start       ] GC(115) Pause Young (Concurrent Start) (G1 Preventive Collection)
[2024-07-06T13:34:34.792-0700][info][gc,task        ] GC(115) Using 4 workers of 4 for evacuation
[2024-07-06T13:34:34.801-0700][info][gc,phases      ] GC(115)   Pre Evacuate Collection Set: 0.4ms
[2024-07-06T13:34:34.801-0700][info][gc,phases      ] GC(115)   Merge Heap Roots: 0.2ms
[2024-07-06T13:34:34.801-0700][info][gc,phases      ] GC(115)   Evacuate Collection Set: 8.0ms
[2024-07-06T13:34:34.801-0700][info][gc,phases      ] GC(115)   Post Evacuate Collection Set: 0.4ms
[2024-07-06T13:34:34.801-0700][info][gc,phases      ] GC(115)   Other: 0.2ms
[2024-07-06T13:34:34.801-0700][info][gc,heap        ] GC(115) Eden regions: 7->0(94)
[2024-07-06T13:34:34.801-0700][info][gc,heap        ] GC(115) Survivor regions: 8->8(13)
[2024-07-06T13:34:34.801-0700][info][gc,heap        ] GC(115) Old regions: 2006->2013
[2024-07-06T13:34:34.801-0700][info][gc,heap        ] GC(115) Archive regions: 2->2
[2024-07-06T13:34:34.801-0700][info][gc,heap        ] GC(115) Humongous regions: 8->8
[2024-07-06T13:34:34.801-0700][info][gc,metaspace   ] GC(115) Metaspace: 305K(512K)->305K(512K) NonClass: 297K(384K)->297K(384K) Class: 7K(128K)->7K(128K)
[2024-07-06T13:34:34.801-0700][info][gc             ] GC(115) Pause Young (Concurrent Start) (G1 Preventive Collection) 4055M->4054M(4096M) 9.262ms
[2024-07-06T13:34:34.801-0700][info][gc,cpu         ] GC(115) User=0.03s Sys=0.00s Real=0.01s
[2024-07-06T13:34:34.801-0700][info][gc             ] GC(116) Concurrent Mark Cycle
[2024-07-06T13:34:34.801-0700][info][gc,marking     ] GC(116) Concurrent Clear Claimed Marks
[2024-07-06T13:34:34.801-0700][info][gc,marking     ] GC(116) Concurrent Clear Claimed Marks 0.007ms
[2024-07-06T13:34:34.801-0700][info][gc,marking     ] GC(116) Concurrent Scan Root Regions
[2024-07-06T13:34:34.803-0700][info][gc,marking     ] GC(116) Concurrent Scan Root Regions 1.749ms
[2024-07-06T13:34:34.803-0700][info][gc,marking     ] GC(116) Concurrent Mark
[2024-07-06T13:34:34.803-0700][info][gc,marking     ] GC(116) Concurrent Mark From Roots
[2024-07-06T13:34:34.803-0700][info][gc,task        ] GC(116) Using 1 workers of 1 for marking
[2024-07-06T13:34:35.439-0700][info][gc,marking     ] GC(116) Concurrent Mark From Roots 636.479ms
[2024-07-06T13:34:35.439-0700][info][gc,marking     ] GC(116) Concurrent Preclean
[2024-07-06T13:34:35.439-0700][info][gc,marking     ] GC(116) Concurrent Preclean 0.082ms
[2024-07-06T13:34:49.870-0700][info][gc,start       ] GC(116) Pause Remark
[2024-07-06T13:34:49.871-0700][info][gc             ] GC(116) Pause Remark 4060M->4060M(4096M) 0.924ms
[2024-07-06T13:34:49.871-0700][info][gc,cpu         ] GC(116) User=0.00s Sys=0.00s Real=0.00s
[2024-07-06T13:34:49.871-0700][info][gc,marking     ] GC(116) Concurrent Mark 15068.102ms
[2024-07-06T13:34:49.871-0700][info][gc,marking     ] GC(116) Concurrent Rebuild Remembered Sets
[2024-07-06T13:34:50.135-0700][info][gc,marking     ] GC(116) Concurrent Rebuild Remembered Sets 264.383ms
[2024-07-06T13:34:51.329-0700][info][gc,start       ] GC(116) Pause Cleanup
[2024-07-06T13:34:51.330-0700][info][gc             ] GC(116) Pause Cleanup 4060M->4060M(4096M) 0.660ms
[2024-07-06T13:34:51.330-0700][info][gc,cpu         ] GC(116) User=0.00s Sys=0.00s Real=0.00s
[2024-07-06T13:34:51.330-0700][info][gc,marking     ] GC(116) Concurrent Cleanup for Next Mark
[2024-07-06T13:34:51.336-0700][info][gc,marking     ] GC(116) Concurrent Cleanup for Next Mark 5.698ms
[2024-07-06T13:34:51.336-0700][info][gc             ] GC(116) Concurrent Mark Cycle 16535.182ms
[2024-07-06T13:34:51.441-0700][info][gc,start       ] GC(117) Pause Young (Prepare Mixed) (G1 Preventive Collection)
[2024-07-06T13:34:51.441-0700][info][gc,task        ] GC(117) Using 4 workers of 4 for evacuation
[2024-07-06T13:34:51.448-0700][info][gc,phases      ] GC(117)   Pre Evacuate Collection Set: 0.3ms
[2024-07-06T13:34:51.448-0700][info][gc,phases      ] GC(117)   Merge Heap Roots: 0.2ms
[2024-07-06T13:34:51.448-0700][info][gc,phases      ] GC(117)   Evacuate Collection Set: 5.7ms
[2024-07-06T13:34:51.448-0700][info][gc,phases      ] GC(117)   Post Evacuate Collection Set: 0.3ms
[2024-07-06T13:34:51.448-0700][info][gc,phases      ] GC(117)   Other: 0.1ms
[2024-07-06T13:34:51.448-0700][info][gc,heap        ] GC(117) Eden regions: 4->0(97)
[2024-07-06T13:34:51.448-0700][info][gc,heap        ] GC(117) Survivor regions: 8->5(13)
[2024-07-06T13:34:51.448-0700][info][gc,heap        ] GC(117) Old regions: 2013->2020
[2024-07-06T13:34:51.448-0700][info][gc,heap        ] GC(117) Archive regions: 2->2
[2024-07-06T13:34:51.448-0700][info][gc,heap        ] GC(117) Humongous regions: 8->8
[2024-07-06T13:34:51.448-0700][info][gc,metaspace   ] GC(117) Metaspace: 305K(512K)->305K(512K) NonClass: 297K(384K)->297K(384K) Class: 7K(128K)->7K(128K)
[2024-07-06T13:34:51.448-0700][info][gc             ] GC(117) Pause Young (Prepare Mixed) (G1 Preventive Collection) 4062M->4063M(4096M) 6.735ms
[2024-07-06T13:34:51.448-0700][info][gc,cpu         ] GC(117) User=0.03s Sys=0.00s Real=0.01s
[2024-07-06T13:34:51.449-0700][info][gc,start       ] GC(118) Pause Young (Mixed) (G1 Preventive Collection)
[2024-07-06T13:34:51.449-0700][info][gc,task        ] GC(118) Using 4 workers of 4 for evacuation
[2024-07-06T13:34:51.451-0700][info][gc,phases      ] GC(118)   Pre Evacuate Collection Set: 0.2ms
[2024-07-06T13:34:51.451-0700][info][gc,phases      ] GC(118)   Merge Heap Roots: 0.1ms
[2024-07-06T13:34:51.451-0700][info][gc,phases      ] GC(118)   Evacuate Collection Set: 2.0ms
[2024-07-06T13:34:51.451-0700][info][gc,phases      ] GC(118)   Post Evacuate Collection Set: 0.3ms
[2024-07-06T13:34:51.451-0700][info][gc,phases      ] GC(118)   Other: 0.1ms
[2024-07-06T13:34:51.451-0700][info][gc,heap        ] GC(118) Eden regions: 3->0(94)
[2024-07-06T13:34:51.451-0700][info][gc,heap        ] GC(118) Survivor regions: 5->8(10)
[2024-07-06T13:34:51.451-0700][info][gc,heap        ] GC(118) Old regions: 2020->2019
[2024-07-06T13:34:51.451-0700][info][gc,heap        ] GC(118) Archive regions: 2->2
[2024-07-06T13:34:51.451-0700][info][gc,heap        ] GC(118) Humongous regions: 8->8
[2024-07-06T13:34:51.451-0700][info][gc,metaspace   ] GC(118) Metaspace: 305K(512K)->305K(512K) NonClass: 297K(384K)->297K(384K) Class: 7K(128K)->7K(128K)
[2024-07-06T13:34:51.451-0700][info][gc             ] GC(118) Pause Young (Mixed) (G1 Preventive Collection) 4069M->4066M(4096M) 2.704ms
[2024-07-06T13:34:51.451-0700][info][gc,cpu         ] GC(118) User=0.01s Sys=0.00s Real=0.00s
[2024-07-06T13:34:53.330-0700][info][gc,start       ] GC(119) Pause Young (Concurrent Start) (G1 Preventive Collection)
[2024-07-06T13:34:53.330-0700][info][gc,task        ] GC(119) Using 4 workers of 4 for evacuation
[2024-07-06T13:34:53.336-0700][info][gc,phases      ] GC(119)   Pre Evacuate Collection Set: 0.4ms
[2024-07-06T13:34:53.336-0700][info][gc,phases      ] GC(119)   Merge Heap Roots: 0.2ms
[2024-07-06T13:34:53.336-0700][info][gc,phases      ] GC(119)   Evacuate Collection Set: 4.9ms
[2024-07-06T13:34:53.336-0700][info][gc,phases      ] GC(119)   Post Evacuate Collection Set: 0.3ms
[2024-07-06T13:34:53.336-0700][info][gc,phases      ] GC(119)   Other: 0.2ms
[2024-07-06T13:34:53.336-0700][info][gc,heap        ] GC(119) Eden regions: 1->0(98)
[2024-07-06T13:34:53.336-0700][info][gc,heap        ] GC(119) Survivor regions: 8->4(10)
[2024-07-06T13:34:53.336-0700][info][gc,heap        ] GC(119) Old regions: 2019->2023
[2024-07-06T13:34:53.336-0700][info][gc,heap        ] GC(119) Archive regions: 2->2
[2024-07-06T13:34:53.336-0700][info][gc,heap        ] GC(119) Humongous regions: 8->8
[2024-07-06T13:34:53.336-0700][info][gc,metaspace   ] GC(119) Metaspace: 305K(512K)->305K(512K) NonClass: 297K(384K)->297K(384K) Class: 7K(128K)->7K(128K)
[2024-07-06T13:34:53.336-0700][info][gc             ] GC(119) Pause Young (Concurrent Start) (G1 Preventive Collection) 4068M->4067M(4096M) 6.078ms
[2024-07-06T13:34:53.336-0700][info][gc,cpu         ] GC(119) User=0.02s Sys=0.00s Real=0.01s
[2024-07-06T13:34:53.336-0700][info][gc             ] GC(120) Concurrent Mark Cycle
[2024-07-06T13:34:53.336-0700][info][gc,marking     ] GC(120) Concurrent Clear Claimed Marks
[2024-07-06T13:34:53.336-0700][info][gc,marking     ] GC(120) Concurrent Clear Claimed Marks 0.006ms
[2024-07-06T13:34:53.336-0700][info][gc,marking     ] GC(120) Concurrent Scan Root Regions
[2024-07-06T13:34:53.337-0700][info][gc,marking     ] GC(120) Concurrent Scan Root Regions 1.059ms
[2024-07-06T13:34:53.337-0700][info][gc,marking     ] GC(120) Concurrent Mark
[2024-07-06T13:34:53.337-0700][info][gc,marking     ] GC(120) Concurrent Mark From Roots
[2024-07-06T13:34:53.337-0700][info][gc,task        ] GC(120) Using 1 workers of 1 for marking
[2024-07-06T13:34:53.337-0700][info][gc,start       ] GC(121) Pause Young (Normal) (G1 Preventive Collection)
[2024-07-06T13:34:53.337-0700][info][gc,task        ] GC(121) Using 4 workers of 4 for evacuation
[2024-07-06T13:34:53.339-0700][info][gc,phases      ] GC(121)   Pre Evacuate Collection Set: 0.7ms
[2024-07-06T13:34:53.339-0700][info][gc,phases      ] GC(121)   Merge Heap Roots: 0.1ms
[2024-07-06T13:34:53.339-0700][info][gc,phases      ] GC(121)   Evacuate Collection Set: 2.0ms
[2024-07-06T13:34:53.339-0700][info][gc,phases      ] GC(121)   Post Evacuate Collection Set: 0.3ms
[2024-07-06T13:34:53.339-0700][info][gc,phases      ] GC(121)   Other: 0.1ms
[2024-07-06T13:34:53.339-0700][info][gc,heap        ] GC(121) Eden regions: 3->0(94)
[2024-07-06T13:34:53.339-0700][info][gc,heap        ] GC(121) Survivor regions: 4->8(8)
[2024-07-06T13:34:53.339-0700][info][gc,heap        ] GC(121) Old regions: 2023->2023
[2024-07-06T13:34:53.339-0700][info][gc,heap        ] GC(121) Archive regions: 2->2
[2024-07-06T13:34:53.339-0700][info][gc,heap        ] GC(121) Humongous regions: 8->8
[2024-07-06T13:34:53.340-0700][info][gc,metaspace   ] GC(121) Metaspace: 305K(512K)->305K(512K) NonClass: 297K(384K)->297K(384K) Class: 7K(128K)->7K(128K)
[2024-07-06T13:34:53.340-0700][info][gc             ] GC(121) Pause Young (Normal) (G1 Preventive Collection) 4073M->4074M(4096M) 2.673ms
[2024-07-06T13:34:53.340-0700][info][gc,cpu         ] GC(121) User=0.01s Sys=0.00s Real=0.00s
[2024-07-06T13:34:53.340-0700][info][gc,start       ] GC(122) Pause Young (Normal) (G1 Preventive Collection)
[2024-07-06T13:34:53.340-0700][info][gc,task        ] GC(122) Using 4 workers of 4 for evacuation
[2024-07-06T13:34:53.343-0700][info][gc             ] GC(122) To-space exhausted
[2024-07-06T13:34:53.343-0700][info][gc,phases      ] GC(122)   Pre Evacuate Collection Set: 0.2ms
[2024-07-06T13:34:53.343-0700][info][gc,phases      ] GC(122)   Merge Heap Roots: 0.1ms
[2024-07-06T13:34:53.343-0700][info][gc,phases      ] GC(122)   Evacuate Collection Set: 2.2ms
[2024-07-06T13:34:53.343-0700][info][gc,phases      ] GC(122)   Post Evacuate Collection Set: 0.7ms
[2024-07-06T13:34:53.343-0700][info][gc,phases      ] GC(122)   Other: 0.1ms
[2024-07-06T13:34:53.343-0700][info][gc,heap        ] GC(122) Eden regions: 1->0(98)
[2024-07-06T13:34:53.343-0700][info][gc,heap        ] GC(122) Survivor regions: 8->4(6)
[2024-07-06T13:34:53.343-0700][info][gc,heap        ] GC(122) Old regions: 2023->2030
[2024-07-06T13:34:53.343-0700][info][gc,heap        ] GC(122) Archive regions: 2->2
[2024-07-06T13:34:53.343-0700][info][gc,heap        ] GC(122) Humongous regions: 8->8
[2024-07-06T13:34:53.343-0700][info][gc,metaspace   ] GC(122) Metaspace: 305K(512K)->305K(512K) NonClass: 297K(384K)->297K(384K) Class: 7K(128K)->7K(128K)
[2024-07-06T13:34:53.343-0700][info][gc             ] GC(122) Pause Young (Normal) (G1 Preventive Collection) 4076M->4080M(4096M) 3.211ms
[2024-07-06T13:34:53.343-0700][info][gc,cpu         ] GC(122) User=0.01s Sys=0.00s Real=0.01s
[2024-07-06T13:34:53.924-0700][info][gc,marking     ] GC(120) Concurrent Mark From Roots 587.207ms
[2024-07-06T13:34:53.924-0700][info][gc,marking     ] GC(120) Concurrent Preclean
[2024-07-06T13:34:53.924-0700][info][gc,marking     ] GC(120) Concurrent Preclean 0.061ms
[2024-07-06T13:34:55.764-0700][info][gc,start       ] GC(120) Pause Remark
[2024-07-06T13:34:55.765-0700][info][gc             ] GC(120) Pause Remark 4082M->4082M(4096M) 0.962ms
[2024-07-06T13:34:55.765-0700][info][gc,cpu         ] GC(120) User=0.00s Sys=0.00s Real=0.00s
[2024-07-06T13:34:55.765-0700][info][gc,marking     ] GC(120) Concurrent Mark 2428.011ms
[2024-07-06T13:34:55.765-0700][info][gc,marking     ] GC(120) Concurrent Rebuild Remembered Sets
[2024-07-06T13:34:56.021-0700][info][gc,marking     ] GC(120) Concurrent Rebuild Remembered Sets 255.925ms
[2024-07-06T13:34:56.949-0700][info][gc,start       ] GC(120) Pause Cleanup
[2024-07-06T13:34:56.950-0700][info][gc             ] GC(120) Pause Cleanup 4082M->4082M(4096M) 1.035ms
[2024-07-06T13:34:56.950-0700][info][gc,cpu         ] GC(120) User=0.00s Sys=0.00s Real=0.00s
[2024-07-06T13:34:56.950-0700][info][gc,marking     ] GC(120) Concurrent Cleanup for Next Mark
[2024-07-06T13:34:56.956-0700][info][gc,marking     ] GC(120) Concurrent Cleanup for Next Mark 5.730ms
[2024-07-06T13:34:56.956-0700][info][gc             ] GC(120) Concurrent Mark Cycle 3620.235ms
[2024-07-06T13:34:57.665-0700][info][gc,start       ] GC(123) Pause Young (Prepare Mixed) (G1 Preventive Collection)
[2024-07-06T13:34:57.665-0700][info][gc,task        ] GC(123) Using 4 workers of 4 for evacuation
[2024-07-06T13:34:57.672-0700][info][gc             ] GC(123) To-space exhausted
[2024-07-06T13:34:57.672-0700][info][gc,phases      ] GC(123)   Pre Evacuate Collection Set: 0.7ms
[2024-07-06T13:34:57.672-0700][info][gc,phases      ] GC(123)   Merge Heap Roots: 0.1ms
[2024-07-06T13:34:57.672-0700][info][gc,phases      ] GC(123)   Evacuate Collection Set: 4.9ms
[2024-07-06T13:34:57.672-0700][info][gc,phases      ] GC(123)   Post Evacuate Collection Set: 0.6ms
[2024-07-06T13:34:57.672-0700][info][gc,phases      ] GC(123)   Other: 0.2ms
[2024-07-06T13:34:57.672-0700][info][gc,heap        ] GC(123) Eden regions: 1->0(99)
[2024-07-06T13:34:57.672-0700][info][gc,heap        ] GC(123) Survivor regions: 4->3(3)
[2024-07-06T13:34:57.672-0700][info][gc,heap        ] GC(123) Old regions: 2030->2034
[2024-07-06T13:34:57.672-0700][info][gc,heap        ] GC(123) Archive regions: 2->2
[2024-07-06T13:34:57.672-0700][info][gc,heap        ] GC(123) Humongous regions: 8->8
[2024-07-06T13:34:57.672-0700][info][gc,metaspace   ] GC(123) Metaspace: 305K(512K)->305K(512K) NonClass: 297K(384K)->297K(384K) Class: 7K(128K)->7K(128K)
[2024-07-06T13:34:57.672-0700][info][gc             ] GC(123) Pause Young (Prepare Mixed) (G1 Preventive Collection) 4082M->4086M(4096M) 6.485ms
[2024-07-06T13:34:57.672-0700][info][gc,cpu         ] GC(123) User=0.02s Sys=0.00s Real=0.00s
[2024-07-06T13:34:57.672-0700][info][gc,start       ] GC(124) Pause Young (Mixed) (G1 Evacuation Pause)
[2024-07-06T13:34:57.672-0700][info][gc,task        ] GC(124) Using 4 workers of 4 for evacuation
[2024-07-06T13:34:57.675-0700][info][gc             ] GC(124) To-space exhausted
[2024-07-06T13:34:57.675-0700][info][gc,phases      ] GC(124)   Pre Evacuate Collection Set: 0.2ms
[2024-07-06T13:34:57.675-0700][info][gc,phases      ] GC(124)   Merge Heap Roots: 0.1ms
[2024-07-06T13:34:57.675-0700][info][gc,phases      ] GC(124)   Evacuate Collection Set: 1.8ms
[2024-07-06T13:34:57.675-0700][info][gc,phases      ] GC(124)   Post Evacuate Collection Set: 0.9ms
[2024-07-06T13:34:57.675-0700][info][gc,phases      ] GC(124)   Other: 0.1ms
[2024-07-06T13:34:57.675-0700][info][gc,heap        ] GC(124) Eden regions: 1->0(102)
[2024-07-06T13:34:57.675-0700][info][gc,heap        ] GC(124) Survivor regions: 3->0(0)
[2024-07-06T13:34:57.675-0700][info][gc,heap        ] GC(124) Old regions: 2034->2038
[2024-07-06T13:34:57.675-0700][info][gc,heap        ] GC(124) Archive regions: 2->2
[2024-07-06T13:34:57.675-0700][info][gc,heap        ] GC(124) Humongous regions: 8->8
[2024-07-06T13:34:57.675-0700][info][gc,metaspace   ] GC(124) Metaspace: 305K(512K)->305K(512K) NonClass: 297K(384K)->297K(384K) Class: 7K(128K)->7K(128K)
[2024-07-06T13:34:57.675-0700][info][gc             ] GC(124) Pause Young (Mixed) (G1 Evacuation Pause) 4088M->4088M(4096M) 3.166ms
[2024-07-06T13:34:57.675-0700][info][gc,cpu         ] GC(124) User=0.01s Sys=0.00s Real=0.01s
[2024-07-06T13:34:57.675-0700][info][gc,ergo        ] Attempting full compaction
[2024-07-06T13:34:57.675-0700][info][gc,task        ] GC(125) Using 4 workers of 4 for full compaction
[2024-07-06T13:34:57.675-0700][info][gc,start       ] GC(125) Pause Full (G1 Compaction Pause)
[2024-07-06T13:34:57.675-0700][info][gc,phases,start] GC(125) Phase 1: Mark live objects
[2024-07-06T13:34:57.776-0700][info][gc,phases      ] GC(125) Phase 1: Mark live objects 100.477ms
[2024-07-06T13:34:57.776-0700][info][gc,phases,start] GC(125) Phase 2: Prepare for compaction
[2024-07-06T13:34:57.800-0700][info][gc,phases      ] GC(125) Phase 2: Prepare for compaction 24.381ms
[2024-07-06T13:34:57.800-0700][info][gc,phases,start] GC(125) Phase 3: Adjust pointers
[2024-07-06T13:34:57.872-0700][info][gc,phases      ] GC(125) Phase 3: Adjust pointers 71.762ms
[2024-07-06T13:34:57.872-0700][info][gc,phases,start] GC(125) Phase 4: Compact heap
[2024-07-06T13:34:58.017-0700][info][gc,phases      ] GC(125) Phase 4: Compact heap 144.659ms
[2024-07-06T13:34:58.020-0700][info][gc,heap        ] GC(125) Eden regions: 0->0(102)
[2024-07-06T13:34:58.020-0700][info][gc,heap        ] GC(125) Survivor regions: 0->0(0)
[2024-07-06T13:34:58.020-0700][info][gc,heap        ] GC(125) Old regions: 2038->1992
[2024-07-06T13:34:58.020-0700][info][gc,heap        ] GC(125) Archive regions: 2->2
[2024-07-06T13:34:58.020-0700][info][gc,heap        ] GC(125) Humongous regions: 8->8
[2024-07-06T13:34:58.020-0700][info][gc,metaspace   ] GC(125) Metaspace: 305K(512K)->305K(512K) NonClass: 297K(384K)->297K(384K) Class: 7K(128K)->7K(128K)
[2024-07-06T13:34:58.020-0700][info][gc             ] GC(125) Pause Full (G1 Compaction Pause) 4088M->3998M(4096M) 344.925ms
[2024-07-06T13:34:58.020-0700][info][gc,cpu         ] GC(125) User=1.31s Sys=0.00s Real=0.34s
[2024-07-06T13:35:06.053-0700][info][gc,start       ] GC(126) Pause Young (Concurrent Start) (G1 Preventive Collection)
[2024-07-06T13:35:06.053-0700][info][gc,task        ] GC(126) Using 4 workers of 4 for evacuation
[2024-07-06T13:35:06.065-0700][info][gc,phases      ] GC(126)   Pre Evacuate Collection Set: 0.4ms
[2024-07-06T13:35:06.065-0700][info][gc,phases      ] GC(126)   Merge Heap Roots: 0.2ms
[2024-07-06T13:35:06.065-0700][info][gc,phases      ] GC(126)   Evacuate Collection Set: 11.1ms
[2024-07-06T13:35:06.065-0700][info][gc,phases      ] GC(126)   Post Evacuate Collection Set: 0.3ms
[2024-07-06T13:35:06.065-0700][info][gc,phases      ] GC(126)   Other: 0.3ms
[2024-07-06T13:35:06.065-0700][info][gc,heap        ] GC(126) Eden regions: 21->0(89)
[2024-07-06T13:35:06.065-0700][info][gc,heap        ] GC(126) Survivor regions: 0->13(13)
[2024-07-06T13:35:06.065-0700][info][gc,heap        ] GC(126) Old regions: 1992->2001
[2024-07-06T13:35:06.065-0700][info][gc,heap        ] GC(126) Archive regions: 2->2
[2024-07-06T13:35:06.065-0700][info][gc,heap        ] GC(126) Humongous regions: 8->8
[2024-07-06T13:35:06.065-0700][info][gc,metaspace   ] GC(126) Metaspace: 305K(512K)->305K(512K) NonClass: 297K(384K)->297K(384K) Class: 7K(128K)->7K(128K)
[2024-07-06T13:35:06.065-0700][info][gc             ] GC(126) Pause Young (Concurrent Start) (G1 Preventive Collection) 4040M->4040M(4096M) 12.375ms
[2024-07-06T13:35:06.065-0700][info][gc,cpu         ] GC(126) User=0.03s Sys=0.02s Real=0.02s
[2024-07-06T13:35:06.065-0700][info][gc             ] GC(127) Concurrent Mark Cycle
[2024-07-06T13:35:06.065-0700][info][gc,marking     ] GC(127) Concurrent Clear Claimed Marks
[2024-07-06T13:35:06.065-0700][info][gc,marking     ] GC(127) Concurrent Clear Claimed Marks 0.007ms
[2024-07-06T13:35:06.065-0700][info][gc,marking     ] GC(127) Concurrent Scan Root Regions
[2024-07-06T13:35:06.068-0700][info][gc,marking     ] GC(127) Concurrent Scan Root Regions 2.660ms
[2024-07-06T13:35:06.068-0700][info][gc,marking     ] GC(127) Concurrent Mark
[2024-07-06T13:35:06.068-0700][info][gc,marking     ] GC(127) Concurrent Mark From Roots
[2024-07-06T13:35:06.068-0700][info][gc,task        ] GC(127) Using 1 workers of 1 for marking
[2024-07-06T13:35:06.618-0700][info][gc,marking     ] GC(127) Concurrent Mark From Roots 549.622ms
[2024-07-06T13:35:06.618-0700][info][gc,marking     ] GC(127) Concurrent Preclean
[2024-07-06T13:35:06.618-0700][info][gc,marking     ] GC(127) Concurrent Preclean 0.062ms
[2024-07-06T13:36:27.661-0700][info][gc,start       ] GC(127) Pause Remark
[2024-07-06T13:36:27.662-0700][info][gc             ] GC(127) Pause Remark 4046M->4046M(4096M) 0.957ms
[2024-07-06T13:36:27.662-0700][info][gc,cpu         ] GC(127) User=0.00s Sys=0.00s Real=0.00s
[2024-07-06T13:36:27.662-0700][info][gc,marking     ] GC(127) Concurrent Mark 81593.987ms
[2024-07-06T13:36:27.662-0700][info][gc,marking     ] GC(127) Concurrent Rebuild Remembered Sets
[2024-07-06T13:36:27.945-0700][info][gc,marking     ] GC(127) Concurrent Rebuild Remembered Sets 283.126ms
[2024-07-06T13:36:28.505-0700][info][gc,start       ] GC(127) Pause Cleanup
[2024-07-06T13:36:28.506-0700][info][gc             ] GC(127) Pause Cleanup 4056M->4056M(4096M) 0.788ms
[2024-07-06T13:36:28.506-0700][info][gc,cpu         ] GC(127) User=0.00s Sys=0.00s Real=0.00s
[2024-07-06T13:36:28.506-0700][info][gc,marking     ] GC(127) Concurrent Cleanup for Next Mark
[2024-07-06T13:36:28.512-0700][info][gc,marking     ] GC(127) Concurrent Cleanup for Next Mark 6.484ms
[2024-07-06T13:36:28.512-0700][info][gc             ] GC(127) Concurrent Mark Cycle 82446.915ms
[2024-07-06T13:36:29.775-0700][info][gc,start       ] GC(128) Pause Young (Normal) (G1 Preventive Collection)
[2024-07-06T13:36:29.775-0700][info][gc,task        ] GC(128) Using 4 workers of 4 for evacuation
[2024-07-06T13:36:29.786-0700][info][gc             ] GC(128) To-space exhausted
[2024-07-06T13:36:29.786-0700][info][gc,phases      ] GC(128)   Pre Evacuate Collection Set: 0.4ms
[2024-07-06T13:36:29.786-0700][info][gc,phases      ] GC(128)   Merge Heap Roots: 0.2ms
[2024-07-06T13:36:29.786-0700][info][gc,phases      ] GC(128)   Evacuate Collection Set: 9.5ms
[2024-07-06T13:36:29.786-0700][info][gc,phases      ] GC(128)   Post Evacuate Collection Set: 1.1ms
[2024-07-06T13:36:29.786-0700][info][gc,phases      ] GC(128)   Other: 0.1ms
[2024-07-06T13:36:29.786-0700][info][gc,heap        ] GC(128) Eden regions: 11->0(100)
[2024-07-06T13:36:29.786-0700][info][gc,heap        ] GC(128) Survivor regions: 13->2(13)
[2024-07-06T13:36:29.786-0700][info][gc,heap        ] GC(128) Old regions: 2001->2027
[2024-07-06T13:36:29.786-0700][info][gc,heap        ] GC(128) Archive regions: 2->2
[2024-07-06T13:36:29.786-0700][info][gc,heap        ] GC(128) Humongous regions: 8->8
[2024-07-06T13:36:29.786-0700][info][gc,metaspace   ] GC(128) Metaspace: 305K(512K)->305K(512K) NonClass: 297K(384K)->297K(384K) Class: 7K(128K)->7K(128K)
[2024-07-06T13:36:29.786-0700][info][gc             ] GC(128) Pause Young (Normal) (G1 Preventive Collection) 4062M->4072M(4096M) 11.370ms
[2024-07-06T13:36:29.786-0700][info][gc,cpu         ] GC(128) User=0.04s Sys=0.00s Real=0.02s
[2024-07-06T13:36:31.704-0700][info][gc,start       ] GC(129) Pause Young (Concurrent Start) (G1 Preventive Collection)
[2024-07-06T13:36:31.704-0700][info][gc,task        ] GC(129) Using 4 workers of 4 for evacuation
[2024-07-06T13:36:31.710-0700][info][gc,phases      ] GC(129)   Pre Evacuate Collection Set: 0.3ms
[2024-07-06T13:36:31.710-0700][info][gc,phases      ] GC(129)   Merge Heap Roots: 0.1ms
[2024-07-06T13:36:31.710-0700][info][gc,phases      ] GC(129)   Evacuate Collection Set: 4.6ms
[2024-07-06T13:36:31.710-0700][info][gc,phases      ] GC(129)   Post Evacuate Collection Set: 0.3ms
[2024-07-06T13:36:31.710-0700][info][gc,phases      ] GC(129)   Other: 0.2ms
[2024-07-06T13:36:31.710-0700][info][gc,heap        ] GC(129) Eden regions: 3->0(96)
[2024-07-06T13:36:31.710-0700][info][gc,heap        ] GC(129) Survivor regions: 2->6(6)
[2024-07-06T13:36:31.710-0700][info][gc,heap        ] GC(129) Old regions: 2027->2027
[2024-07-06T13:36:31.710-0700][info][gc,heap        ] GC(129) Archive regions: 2->2
[2024-07-06T13:36:31.710-0700][info][gc,heap        ] GC(129) Humongous regions: 8->8
[2024-07-06T13:36:31.710-0700][info][gc,metaspace   ] GC(129) Metaspace: 305K(512K)->305K(512K) NonClass: 297K(384K)->297K(384K) Class: 7K(128K)->7K(128K)
[2024-07-06T13:36:31.710-0700][info][gc             ] GC(129) Pause Young (Concurrent Start) (G1 Preventive Collection) 4078M->4078M(4096M) 5.614ms
[2024-07-06T13:36:31.710-0700][info][gc,cpu         ] GC(129) User=0.02s Sys=0.00s Real=0.00s
[2024-07-06T13:36:31.710-0700][info][gc             ] GC(130) Concurrent Mark Cycle
[2024-07-06T13:36:31.710-0700][info][gc,marking     ] GC(130) Concurrent Clear Claimed Marks
[2024-07-06T13:36:31.710-0700][info][gc,marking     ] GC(130) Concurrent Clear Claimed Marks 0.006ms
[2024-07-06T13:36:31.710-0700][info][gc,marking     ] GC(130) Concurrent Scan Root Regions
[2024-07-06T13:36:31.710-0700][info][gc,marking     ] GC(130) Concurrent Scan Root Regions 0.598ms
[2024-07-06T13:36:31.710-0700][info][gc,marking     ] GC(130) Concurrent Mark
[2024-07-06T13:36:31.711-0700][info][gc,marking     ] GC(130) Concurrent Mark From Roots
[2024-07-06T13:36:31.711-0700][info][gc,task        ] GC(130) Using 1 workers of 1 for marking
[2024-07-06T13:36:31.710-0700][info][gc,start       ] GC(131) Pause Young (Normal) (G1 Preventive Collection)
[2024-07-06T13:36:31.711-0700][info][gc,task        ] GC(131) Using 4 workers of 4 for evacuation
[2024-07-06T13:36:31.713-0700][info][gc             ] GC(131) To-space exhausted
[2024-07-06T13:36:31.713-0700][info][gc,phases      ] GC(131)   Pre Evacuate Collection Set: 0.6ms
[2024-07-06T13:36:31.713-0700][info][gc,phases      ] GC(131)   Merge Heap Roots: 0.1ms
[2024-07-06T13:36:31.713-0700][info][gc,phases      ] GC(131)   Evacuate Collection Set: 1.6ms
[2024-07-06T13:36:31.713-0700][info][gc,phases      ] GC(131)   Post Evacuate Collection Set: 0.4ms
[2024-07-06T13:36:31.713-0700][info][gc,phases      ] GC(131)   Other: 0.2ms
[2024-07-06T13:36:31.713-0700][info][gc,heap        ] GC(131) Eden regions: 1->0(98)
[2024-07-06T13:36:31.713-0700][info][gc,heap        ] GC(131) Survivor regions: 6->4(4)
[2024-07-06T13:36:31.713-0700][info][gc,heap        ] GC(131) Old regions: 2027->2031
[2024-07-06T13:36:31.713-0700][info][gc,heap        ] GC(131) Archive regions: 2->2
[2024-07-06T13:36:31.713-0700][info][gc,heap        ] GC(131) Humongous regions: 8->8
[2024-07-06T13:36:31.713-0700][info][gc,metaspace   ] GC(131) Metaspace: 305K(512K)->305K(512K) NonClass: 297K(384K)->297K(384K) Class: 7K(128K)->7K(128K)
[2024-07-06T13:36:31.713-0700][info][gc             ] GC(131) Pause Young (Normal) (G1 Preventive Collection) 4080M->4084M(4096M) 2.527ms
[2024-07-06T13:36:31.713-0700][info][gc,cpu         ] GC(131) User=0.00s Sys=0.00s Real=0.00s
[2024-07-06T13:36:31.713-0700][info][gc,start       ] GC(132) Pause Young (Normal) (G1 Preventive Collection)
[2024-07-06T13:36:31.713-0700][info][gc,task        ] GC(132) Using 4 workers of 4 for evacuation
[2024-07-06T13:36:31.715-0700][info][gc             ] GC(132) To-space exhausted
[2024-07-06T13:36:31.715-0700][info][gc,phases      ] GC(132)   Pre Evacuate Collection Set: 0.2ms
[2024-07-06T13:36:31.715-0700][info][gc,phases      ] GC(132)   Merge Heap Roots: 0.1ms
[2024-07-06T13:36:31.715-0700][info][gc,phases      ] GC(132)   Evacuate Collection Set: 1.4ms
[2024-07-06T13:36:31.715-0700][info][gc,phases      ] GC(132)   Post Evacuate Collection Set: 0.5ms
[2024-07-06T13:36:31.716-0700][info][gc,phases      ] GC(132)   Other: 0.1ms
[2024-07-06T13:36:31.716-0700][info][gc,heap        ] GC(132) Eden regions: 1->0(100)
[2024-07-06T13:36:31.716-0700][info][gc,heap        ] GC(132) Survivor regions: 4->2(2)
[2024-07-06T13:36:31.716-0700][info][gc,heap        ] GC(132) Old regions: 2031->2035
[2024-07-06T13:36:31.716-0700][info][gc,heap        ] GC(132) Archive regions: 2->2
[2024-07-06T13:36:31.716-0700][info][gc,heap        ] GC(132) Humongous regions: 8->8
[2024-07-06T13:36:31.716-0700][info][gc,metaspace   ] GC(132) Metaspace: 305K(512K)->305K(512K) NonClass: 297K(384K)->297K(384K) Class: 7K(128K)->7K(128K)
[2024-07-06T13:36:31.716-0700][info][gc             ] GC(132) Pause Young (Normal) (G1 Preventive Collection) 4086M->4088M(4096M) 2.238ms
[2024-07-06T13:36:31.716-0700][info][gc,cpu         ] GC(132) User=0.00s Sys=0.01s Real=0.01s
[2024-07-06T13:36:31.716-0700][info][gc,start       ] GC(133) Pause Young (Normal) (G1 Evacuation Pause)
[2024-07-06T13:36:31.716-0700][info][gc,task        ] GC(133) Using 4 workers of 4 for evacuation
[2024-07-06T13:36:31.717-0700][info][gc             ] GC(133) To-space exhausted
[2024-07-06T13:36:31.717-0700][info][gc,phases      ] GC(133)   Pre Evacuate Collection Set: 0.2ms
[2024-07-06T13:36:31.717-0700][info][gc,phases      ] GC(133)   Merge Heap Roots: 0.1ms
[2024-07-06T13:36:31.717-0700][info][gc,phases      ] GC(133)   Evacuate Collection Set: 0.8ms
[2024-07-06T13:36:31.717-0700][info][gc,phases      ] GC(133)   Post Evacuate Collection Set: 0.4ms
[2024-07-06T13:36:31.717-0700][info][gc,phases      ] GC(133)   Other: 0.1ms
[2024-07-06T13:36:31.717-0700][info][gc,heap        ] GC(133) Eden regions: 1->0(102)
[2024-07-06T13:36:31.717-0700][info][gc,heap        ] GC(133) Survivor regions: 2->0(0)
[2024-07-06T13:36:31.717-0700][info][gc,heap        ] GC(133) Old regions: 2035->2038
[2024-07-06T13:36:31.717-0700][info][gc,heap        ] GC(133) Archive regions: 2->2
[2024-07-06T13:36:31.717-0700][info][gc,heap        ] GC(133) Humongous regions: 8->8
[2024-07-06T13:36:31.717-0700][info][gc,metaspace   ] GC(133) Metaspace: 305K(512K)->305K(512K) NonClass: 297K(384K)->297K(384K) Class: 7K(128K)->7K(128K)
[2024-07-06T13:36:31.717-0700][info][gc             ] GC(133) Pause Young (Normal) (G1 Evacuation Pause) 4090M->4090M(4096M) 1.597ms
[2024-07-06T13:36:31.718-0700][info][gc,cpu         ] GC(133) User=0.00s Sys=0.00s Real=0.00s
[2024-07-06T13:36:31.718-0700][info][gc,ergo        ] Attempting full compaction
[2024-07-06T13:36:31.718-0700][info][gc,task        ] GC(134) Using 4 workers of 4 for full compaction
[2024-07-06T13:36:31.718-0700][info][gc,start       ] GC(134) Pause Full (G1 Compaction Pause)
[2024-07-06T13:36:31.721-0700][info][gc,phases,start] GC(134) Phase 1: Mark live objects
[2024-07-06T13:36:31.817-0700][info][gc,phases      ] GC(134) Phase 1: Mark live objects 96.301ms
[2024-07-06T13:36:31.817-0700][info][gc,phases,start] GC(134) Phase 2: Prepare for compaction
[2024-07-06T13:36:31.859-0700][info][gc,phases      ] GC(134) Phase 2: Prepare for compaction 41.502ms
[2024-07-06T13:36:31.859-0700][info][gc,phases,start] GC(134) Phase 3: Adjust pointers
[2024-07-06T13:36:31.937-0700][info][gc,phases      ] GC(134) Phase 3: Adjust pointers 78.782ms
[2024-07-06T13:36:31.937-0700][info][gc,phases,start] GC(134) Phase 4: Compact heap
[2024-07-06T13:36:32.201-0700][info][gc,phases      ] GC(134) Phase 4: Compact heap 263.610ms
[2024-07-06T13:36:32.204-0700][info][gc,heap        ] GC(134) Eden regions: 0->0(102)
[2024-07-06T13:36:32.204-0700][info][gc,heap        ] GC(134) Survivor regions: 0->0(0)
[2024-07-06T13:36:32.204-0700][info][gc,heap        ] GC(134) Old regions: 2038->1974
[2024-07-06T13:36:32.204-0700][info][gc,heap        ] GC(134) Archive regions: 2->2
[2024-07-06T13:36:32.204-0700][info][gc,heap        ] GC(134) Humongous regions: 8->8
[2024-07-06T13:36:32.204-0700][info][gc,metaspace   ] GC(134) Metaspace: 305K(512K)->305K(512K) NonClass: 297K(384K)->297K(384K) Class: 7K(128K)->7K(128K)
[2024-07-06T13:36:32.204-0700][info][gc             ] GC(134) Pause Full (G1 Compaction Pause) 4090M->3962M(4096M) 486.865ms
[2024-07-06T13:36:32.204-0700][info][gc,cpu         ] GC(134) User=1.90s Sys=0.00s Real=0.49s
[2024-07-06T13:36:32.205-0700][info][gc,marking     ] GC(130) Concurrent Mark From Roots 494.065ms
[2024-07-06T13:36:32.205-0700][info][gc,marking     ] GC(130) Concurrent Mark Abort
[2024-07-06T13:36:32.205-0700][info][gc             ] GC(130) Concurrent Mark Cycle 494.771ms
[2024-07-06T13:36:43.998-0700][info][gc,start       ] GC(135) Pause Young (Normal) (G1 Preventive Collection)
[2024-07-06T13:36:43.998-0700][info][gc,task        ] GC(135) Using 4 workers of 4 for evacuation
[2024-07-06T13:36:44.015-0700][info][gc,phases      ] GC(135)   Pre Evacuate Collection Set: 0.3ms
[2024-07-06T13:36:44.015-0700][info][gc,phases      ] GC(135)   Merge Heap Roots: 0.2ms
[2024-07-06T13:36:44.015-0700][info][gc,phases      ] GC(135)   Evacuate Collection Set: 15.7ms
[2024-07-06T13:36:44.015-0700][info][gc,phases      ] GC(135)   Post Evacuate Collection Set: 0.4ms
[2024-07-06T13:36:44.015-0700][info][gc,phases      ] GC(135)   Other: 0.1ms
[2024-07-06T13:36:44.015-0700][info][gc,heap        ] GC(135) Eden regions: 30->0(89)
[2024-07-06T13:36:44.015-0700][info][gc,heap        ] GC(135) Survivor regions: 0->13(13)
[2024-07-06T13:36:44.015-0700][info][gc,heap        ] GC(135) Old regions: 1974->1991
[2024-07-06T13:36:44.015-0700][info][gc,heap        ] GC(135) Archive regions: 2->2
[2024-07-06T13:36:44.015-0700][info][gc,heap        ] GC(135) Humongous regions: 8->8
[2024-07-06T13:36:44.015-0700][info][gc,metaspace   ] GC(135) Metaspace: 305K(512K)->305K(512K) NonClass: 297K(384K)->297K(384K) Class: 7K(128K)->7K(128K)
[2024-07-06T13:36:44.015-0700][info][gc             ] GC(135) Pause Young (Normal) (G1 Preventive Collection) 4022M->4021M(4096M) 16.719ms
[2024-07-06T13:36:44.015-0700][info][gc,cpu         ] GC(135) User=0.05s Sys=0.00s Real=0.01s
[2024-07-06T13:36:50.084-0700][info][gc,start       ] GC(136) Pause Young (Concurrent Start) (G1 Preventive Collection)
[2024-07-06T13:36:50.084-0700][info][gc,task        ] GC(136) Using 4 workers of 4 for evacuation
[2024-07-06T13:36:50.097-0700][info][gc             ] GC(136) To-space exhausted
[2024-07-06T13:36:50.097-0700][info][gc,phases      ] GC(136)   Pre Evacuate Collection Set: 0.3ms
[2024-07-06T13:36:50.097-0700][info][gc,phases      ] GC(136)   Merge Heap Roots: 0.1ms
[2024-07-06T13:36:50.097-0700][info][gc,phases      ] GC(136)   Evacuate Collection Set: 10.9ms
[2024-07-06T13:36:50.097-0700][info][gc,phases      ] GC(136)   Post Evacuate Collection Set: 1.3ms
[2024-07-06T13:36:50.097-0700][info][gc,phases      ] GC(136)   Other: 0.2ms
[2024-07-06T13:36:50.097-0700][info][gc,heap        ] GC(136) Eden regions: 15->0(96)
[2024-07-06T13:36:50.097-0700][info][gc,heap        ] GC(136) Survivor regions: 13->6(13)
[2024-07-06T13:36:50.097-0700][info][gc,heap        ] GC(136) Old regions: 1991->2021
[2024-07-06T13:36:50.097-0700][info][gc,heap        ] GC(136) Archive regions: 2->2
[2024-07-06T13:36:50.097-0700][info][gc,heap        ] GC(136) Humongous regions: 8->8
[2024-07-06T13:36:50.097-0700][info][gc,metaspace   ] GC(136) Metaspace: 305K(512K)->305K(512K) NonClass: 297K(384K)->297K(384K) Class: 7K(128K)->7K(128K)
[2024-07-06T13:36:50.097-0700][info][gc             ] GC(136) Pause Young (Concurrent Start) (G1 Preventive Collection) 4051M->4068M(4096M) 12.806ms
[2024-07-06T13:36:50.097-0700][info][gc,cpu         ] GC(136) User=0.04s Sys=0.00s Real=0.01s
[2024-07-06T13:36:50.097-0700][info][gc             ] GC(137) Concurrent Mark Cycle
[2024-07-06T13:36:50.097-0700][info][gc,marking     ] GC(137) Concurrent Clear Claimed Marks
[2024-07-06T13:36:50.097-0700][info][gc,marking     ] GC(137) Concurrent Clear Claimed Marks 0.007ms
[2024-07-06T13:36:50.097-0700][info][gc,marking     ] GC(137) Concurrent Scan Root Regions
[2024-07-06T13:36:50.099-0700][info][gc,marking     ] GC(137) Concurrent Scan Root Regions 2.037ms
[2024-07-06T13:36:50.099-0700][info][gc,marking     ] GC(137) Concurrent Mark
[2024-07-06T13:36:50.099-0700][info][gc,marking     ] GC(137) Concurrent Mark From Roots
[2024-07-06T13:36:50.099-0700][info][gc,task        ] GC(137) Using 1 workers of 1 for marking
[2024-07-06T13:36:50.664-0700][info][gc,marking     ] GC(137) Concurrent Mark From Roots 564.877ms
[2024-07-06T13:36:50.664-0700][info][gc,marking     ] GC(137) Concurrent Preclean
[2024-07-06T13:36:50.664-0700][info][gc,marking     ] GC(137) Concurrent Preclean 0.059ms
[2024-07-06T13:36:54.350-0700][info][gc,start       ] GC(137) Pause Remark
[2024-07-06T13:36:54.351-0700][info][gc             ] GC(137) Pause Remark 4069M->4069M(4096M) 1.190ms
[2024-07-06T13:36:54.351-0700][info][gc,cpu         ] GC(137) User=0.00s Sys=0.00s Real=0.00s
[2024-07-06T13:36:54.351-0700][info][gc,marking     ] GC(137) Concurrent Mark 4251.742ms
[2024-07-06T13:36:54.351-0700][info][gc,marking     ] GC(137) Concurrent Rebuild Remembered Sets
[2024-07-06T13:36:54.687-0700][info][gc,marking     ] GC(137) Concurrent Rebuild Remembered Sets 336.377ms
[2024-07-06T13:36:55.408-0700][info][gc,start       ] GC(137) Pause Cleanup
[2024-07-06T13:36:55.409-0700][info][gc             ] GC(137) Pause Cleanup 4069M->4069M(4096M) 0.672ms
[2024-07-06T13:36:55.409-0700][info][gc,cpu         ] GC(137) User=0.00s Sys=0.00s Real=0.00s
[2024-07-06T13:36:55.409-0700][info][gc,marking     ] GC(137) Concurrent Cleanup for Next Mark
[2024-07-06T13:36:55.415-0700][info][gc,marking     ] GC(137) Concurrent Cleanup for Next Mark 6.266ms
[2024-07-06T13:36:55.416-0700][info][gc             ] GC(137) Concurrent Mark Cycle 5318.411ms
[2024-07-06T13:36:56.644-0700][info][gc,start       ] GC(138) Pause Young (Prepare Mixed) (G1 Preventive Collection)
[2024-07-06T13:36:56.644-0700][info][gc,task        ] GC(138) Using 4 workers of 4 for evacuation
[2024-07-06T13:36:56.650-0700][info][gc,phases      ] GC(138)   Pre Evacuate Collection Set: 0.3ms
[2024-07-06T13:36:56.650-0700][info][gc,phases      ] GC(138)   Merge Heap Roots: 0.2ms
[2024-07-06T13:36:56.650-0700][info][gc,phases      ] GC(138)   Evacuate Collection Set: 5.6ms
[2024-07-06T13:36:56.650-0700][info][gc,phases      ] GC(138)   Post Evacuate Collection Set: 0.3ms
[2024-07-06T13:36:56.650-0700][info][gc,phases      ] GC(138)   Other: 0.1ms
[2024-07-06T13:36:56.650-0700][info][gc,heap        ] GC(138) Eden regions: 2->0(93)
[2024-07-06T13:36:56.650-0700][info][gc,heap        ] GC(138) Survivor regions: 6->9(9)
[2024-07-06T13:36:56.650-0700][info][gc,heap        ] GC(138) Old regions: 2021->2021
[2024-07-06T13:36:56.650-0700][info][gc,heap        ] GC(138) Archive regions: 2->2
[2024-07-06T13:36:56.650-0700][info][gc,heap        ] GC(138) Humongous regions: 8->8
[2024-07-06T13:36:56.650-0700][info][gc,metaspace   ] GC(138) Metaspace: 305K(512K)->305K(512K) NonClass: 297K(384K)->297K(384K) Class: 7K(128K)->7K(128K)
[2024-07-06T13:36:56.650-0700][info][gc             ] GC(138) Pause Young (Prepare Mixed) (G1 Preventive Collection) 4072M->4073M(4096M) 6.538ms
[2024-07-06T13:36:56.650-0700][info][gc,cpu         ] GC(138) User=0.02s Sys=0.00s Real=0.00s
[2024-07-06T13:36:56.651-0700][info][gc,start       ] GC(139) Pause Young (Mixed) (G1 Preventive Collection)
[2024-07-06T13:36:56.651-0700][info][gc,task        ] GC(139) Using 4 workers of 4 for evacuation
[2024-07-06T13:36:56.655-0700][info][gc             ] GC(139) To-space exhausted
[2024-07-06T13:36:56.655-0700][info][gc,phases      ] GC(139)   Pre Evacuate Collection Set: 0.2ms
[2024-07-06T13:36:56.655-0700][info][gc,phases      ] GC(139)   Merge Heap Roots: 0.1ms
[2024-07-06T13:36:56.655-0700][info][gc,phases      ] GC(139)   Evacuate Collection Set: 3.4ms
[2024-07-06T13:36:56.655-0700][info][gc,phases      ] GC(139)   Post Evacuate Collection Set: 0.5ms
[2024-07-06T13:36:56.655-0700][info][gc,phases      ] GC(139)   Other: 0.1ms
[2024-07-06T13:36:56.655-0700][info][gc,heap        ] GC(139) Eden regions: 1->0(101)
[2024-07-06T13:36:56.655-0700][info][gc,heap        ] GC(139) Survivor regions: 9->1(7)
[2024-07-06T13:36:56.655-0700][info][gc,heap        ] GC(139) Old regions: 2021->2029
[2024-07-06T13:36:56.655-0700][info][gc,heap        ] GC(139) Archive regions: 2->2
[2024-07-06T13:36:56.655-0700][info][gc,heap        ] GC(139) Humongous regions: 8->8
[2024-07-06T13:36:56.655-0700][info][gc,metaspace   ] GC(139) Metaspace: 305K(512K)->305K(512K) NonClass: 297K(384K)->297K(384K) Class: 7K(128K)->7K(128K)
[2024-07-06T13:36:56.655-0700][info][gc             ] GC(139) Pause Young (Mixed) (G1 Preventive Collection) 4075M->4074M(4096M) 4.330ms
[2024-07-06T13:36:56.655-0700][info][gc,cpu         ] GC(139) User=0.01s Sys=0.00s Real=0.01s
[2024-07-06T13:36:58.595-0700][info][gc,start       ] GC(140) Pause Young (Concurrent Start) (G1 Preventive Collection)
[2024-07-06T13:36:58.595-0700][info][gc,task        ] GC(140) Using 4 workers of 4 for evacuation
[2024-07-06T13:36:58.601-0700][info][gc,phases      ] GC(140)   Pre Evacuate Collection Set: 0.3ms
[2024-07-06T13:36:58.601-0700][info][gc,phases      ] GC(140)   Merge Heap Roots: 0.1ms
[2024-07-06T13:36:58.601-0700][info][gc,phases      ] GC(140)   Evacuate Collection Set: 5.3ms
[2024-07-06T13:36:58.601-0700][info][gc,phases      ] GC(140)   Post Evacuate Collection Set: 0.3ms
[2024-07-06T13:36:58.601-0700][info][gc,phases      ] GC(140)   Other: 0.2ms
[2024-07-06T13:36:58.601-0700][info][gc,heap        ] GC(140) Eden regions: 3->0(97)
[2024-07-06T13:36:58.601-0700][info][gc,heap        ] GC(140) Survivor regions: 1->5(5)
[2024-07-06T13:36:58.601-0700][info][gc,heap        ] GC(140) Old regions: 2029->2029
[2024-07-06T13:36:58.601-0700][info][gc,heap        ] GC(140) Archive regions: 2->2
[2024-07-06T13:36:58.601-0700][info][gc,heap        ] GC(140) Humongous regions: 8->8
[2024-07-06T13:36:58.601-0700][info][gc,metaspace   ] GC(140) Metaspace: 305K(512K)->305K(512K) NonClass: 297K(384K)->297K(384K) Class: 7K(128K)->7K(128K)
[2024-07-06T13:36:58.601-0700][info][gc             ] GC(140) Pause Young (Concurrent Start) (G1 Preventive Collection) 4080M->4080M(4096M) 6.284ms
[2024-07-06T13:36:58.601-0700][info][gc,cpu         ] GC(140) User=0.02s Sys=0.00s Real=0.00s
[2024-07-06T13:36:58.601-0700][info][gc             ] GC(141) Concurrent Mark Cycle
[2024-07-06T13:36:58.602-0700][info][gc,marking     ] GC(141) Concurrent Clear Claimed Marks
[2024-07-06T13:36:58.602-0700][info][gc,marking     ] GC(141) Concurrent Clear Claimed Marks 0.006ms
[2024-07-06T13:36:58.602-0700][info][gc,marking     ] GC(141) Concurrent Scan Root Regions
[2024-07-06T13:36:58.602-0700][info][gc,marking     ] GC(141) Concurrent Scan Root Regions 0.489ms
[2024-07-06T13:36:58.602-0700][info][gc,marking     ] GC(141) Concurrent Mark
[2024-07-06T13:36:58.602-0700][info][gc,marking     ] GC(141) Concurrent Mark From Roots
[2024-07-06T13:36:58.602-0700][info][gc,task        ] GC(141) Using 1 workers of 1 for marking
[2024-07-06T13:36:58.602-0700][info][gc,start       ] GC(142) Pause Young (Normal) (G1 Preventive Collection)
[2024-07-06T13:36:58.602-0700][info][gc,task        ] GC(142) Using 4 workers of 4 for evacuation
[2024-07-06T13:36:58.604-0700][info][gc             ] GC(142) To-space exhausted
[2024-07-06T13:36:58.604-0700][info][gc,phases      ] GC(142)   Pre Evacuate Collection Set: 0.5ms
[2024-07-06T13:36:58.604-0700][info][gc,phases      ] GC(142)   Merge Heap Roots: 0.1ms
[2024-07-06T13:36:58.604-0700][info][gc,phases      ] GC(142)   Evacuate Collection Set: 1.3ms
[2024-07-06T13:36:58.604-0700][info][gc,phases      ] GC(142)   Post Evacuate Collection Set: 0.4ms
[2024-07-06T13:36:58.604-0700][info][gc,phases      ] GC(142)   Other: 0.1ms
[2024-07-06T13:36:58.604-0700][info][gc,heap        ] GC(142) Eden regions: 1->0(99)
[2024-07-06T13:36:58.604-0700][info][gc,heap        ] GC(142) Survivor regions: 5->3(3)
[2024-07-06T13:36:58.604-0700][info][gc,heap        ] GC(142) Old regions: 2029->2033
[2024-07-06T13:36:58.604-0700][info][gc,heap        ] GC(142) Archive regions: 2->2
[2024-07-06T13:36:58.604-0700][info][gc,heap        ] GC(142) Humongous regions: 8->8
[2024-07-06T13:36:58.604-0700][info][gc,metaspace   ] GC(142) Metaspace: 305K(512K)->305K(512K) NonClass: 297K(384K)->297K(384K) Class: 7K(128K)->7K(128K)
[2024-07-06T13:36:58.604-0700][info][gc             ] GC(142) Pause Young (Normal) (G1 Preventive Collection) 4082M->4086M(4096M) 2.172ms
[2024-07-06T13:36:58.604-0700][info][gc,cpu         ] GC(142) User=0.01s Sys=0.00s Real=0.01s
[2024-07-06T13:36:58.605-0700][info][gc,start       ] GC(143) Pause Young (Normal) (G1 Preventive Collection)
[2024-07-06T13:36:58.605-0700][info][gc,task        ] GC(143) Using 4 workers of 4 for evacuation
[2024-07-06T13:36:58.607-0700][info][gc             ] GC(143) To-space exhausted
[2024-07-06T13:36:58.607-0700][info][gc,phases      ] GC(143)   Pre Evacuate Collection Set: 0.2ms
[2024-07-06T13:36:58.607-0700][info][gc,phases      ] GC(143)   Merge Heap Roots: 0.1ms
[2024-07-06T13:36:58.607-0700][info][gc,phases      ] GC(143)   Evacuate Collection Set: 1.2ms
[2024-07-06T13:36:58.607-0700][info][gc,phases      ] GC(143)   Post Evacuate Collection Set: 0.4ms
[2024-07-06T13:36:58.607-0700][info][gc,phases      ] GC(143)   Other: 0.1ms
[2024-07-06T13:36:58.607-0700][info][gc,heap        ] GC(143) Eden regions: 1->0(101)
[2024-07-06T13:36:58.607-0700][info][gc,heap        ] GC(143) Survivor regions: 3->1(1)
[2024-07-06T13:36:58.607-0700][info][gc,heap        ] GC(143) Old regions: 2033->2037
[2024-07-06T13:36:58.607-0700][info][gc,heap        ] GC(143) Archive regions: 2->2
[2024-07-06T13:36:58.607-0700][info][gc,heap        ] GC(143) Humongous regions: 8->8
[2024-07-06T13:36:58.607-0700][info][gc,metaspace   ] GC(143) Metaspace: 305K(512K)->305K(512K) NonClass: 297K(384K)->297K(384K) Class: 7K(128K)->7K(128K)
[2024-07-06T13:36:58.607-0700][info][gc             ] GC(143) Pause Young (Normal) (G1 Preventive Collection) 4088M->4090M(4096M) 2.062ms
[2024-07-06T13:36:58.607-0700][info][gc,cpu         ] GC(143) User=0.00s Sys=0.00s Real=0.00s
[2024-07-06T13:36:58.607-0700][info][gc,ergo        ] Attempting full compaction
[2024-07-06T13:36:58.607-0700][info][gc,task        ] GC(144) Using 4 workers of 4 for full compaction
[2024-07-06T13:36:58.607-0700][info][gc,start       ] GC(144) Pause Full (G1 Compaction Pause)
[2024-07-06T13:36:58.610-0700][info][gc,phases,start] GC(144) Phase 1: Mark live objects
[2024-07-06T13:36:58.714-0700][info][gc,phases      ] GC(144) Phase 1: Mark live objects 104.426ms
[2024-07-06T13:36:58.714-0700][info][gc,phases,start] GC(144) Phase 2: Prepare for compaction
[2024-07-06T13:36:58.727-0700][info][gc,phases      ] GC(144) Phase 2: Prepare for compaction 12.373ms
[2024-07-06T13:36:58.727-0700][info][gc,phases,start] GC(144) Phase 3: Adjust pointers
[2024-07-06T13:36:58.797-0700][info][gc,phases      ] GC(144) Phase 3: Adjust pointers 70.196ms
[2024-07-06T13:36:58.797-0700][info][gc,phases,start] GC(144) Phase 4: Compact heap
[2024-07-06T13:36:58.875-0700][info][gc,phases      ] GC(144) Phase 4: Compact heap 77.875ms
[2024-07-06T13:36:58.878-0700][info][gc,heap        ] GC(144) Eden regions: 0->0(102)
[2024-07-06T13:36:58.878-0700][info][gc,heap        ] GC(144) Survivor regions: 1->0(1)
[2024-07-06T13:36:58.878-0700][info][gc,heap        ] GC(144) Old regions: 2037->2011
[2024-07-06T13:36:58.878-0700][info][gc,heap        ] GC(144) Archive regions: 2->2
[2024-07-06T13:36:58.878-0700][info][gc,heap        ] GC(144) Humongous regions: 8->8
[2024-07-06T13:36:58.878-0700][info][gc,metaspace   ] GC(144) Metaspace: 305K(512K)->305K(512K) NonClass: 297K(384K)->297K(384K) Class: 7K(128K)->7K(128K)
[2024-07-06T13:36:58.878-0700][info][gc             ] GC(144) Pause Full (G1 Compaction Pause) 4090M->4034M(4096M) 271.772ms
[2024-07-06T13:36:58.879-0700][info][gc,cpu         ] GC(144) User=1.04s Sys=0.00s Real=0.27s
[2024-07-06T13:36:58.879-0700][info][gc,marking     ] GC(141) Concurrent Mark From Roots 276.626ms
[2024-07-06T13:36:58.879-0700][info][gc,marking     ] GC(141) Concurrent Mark Abort
[2024-07-06T13:36:58.879-0700][info][gc             ] GC(141) Concurrent Mark Cycle 277.180ms
[2024-07-06T13:37:02.923-0700][info][gc,start       ] GC(145) Pause Young (Normal) (G1 Preventive Collection)
[2024-07-06T13:37:02.923-0700][info][gc,task        ] GC(145) Using 4 workers of 4 for evacuation
[2024-07-06T13:37:02.932-0700][info][gc,phases      ] GC(145)   Pre Evacuate Collection Set: 0.3ms
[2024-07-06T13:37:02.932-0700][info][gc,phases      ] GC(145)   Merge Heap Roots: 0.2ms
[2024-07-06T13:37:02.932-0700][info][gc,phases      ] GC(145)   Evacuate Collection Set: 7.6ms
[2024-07-06T13:37:02.932-0700][info][gc,phases      ] GC(145)   Post Evacuate Collection Set: 0.4ms
[2024-07-06T13:37:02.932-0700][info][gc,phases      ] GC(145)   Other: 0.1ms
[2024-07-06T13:37:02.932-0700][info][gc,heap        ] GC(145) Eden regions: 12->0(89)
[2024-07-06T13:37:02.932-0700][info][gc,heap        ] GC(145) Survivor regions: 0->13(13)
[2024-07-06T13:37:02.932-0700][info][gc,heap        ] GC(145) Old regions: 2011->2011
[2024-07-06T13:37:02.932-0700][info][gc,heap        ] GC(145) Archive regions: 2->2
[2024-07-06T13:37:02.932-0700][info][gc,heap        ] GC(145) Humongous regions: 8->8
[2024-07-06T13:37:02.932-0700][info][gc,metaspace   ] GC(145) Metaspace: 305K(512K)->305K(512K) NonClass: 297K(384K)->297K(384K) Class: 7K(128K)->7K(128K)
[2024-07-06T13:37:02.932-0700][info][gc             ] GC(145) Pause Young (Normal) (G1 Preventive Collection) 4058M->4059M(4096M) 8.777ms
[2024-07-06T13:37:02.932-0700][info][gc,cpu         ] GC(145) User=0.03s Sys=0.00s Real=0.01s
[2024-07-06T13:37:06.921-0700][info][gc,start       ] GC(146) Pause Young (Concurrent Start) (G1 Preventive Collection)
[2024-07-06T13:37:06.921-0700][info][gc,task        ] GC(146) Using 4 workers of 4 for evacuation
[2024-07-06T13:37:06.931-0700][info][gc             ] GC(146) To-space exhausted
[2024-07-06T13:37:06.931-0700][info][gc,phases      ] GC(146)   Pre Evacuate Collection Set: 0.3ms
[2024-07-06T13:37:06.931-0700][info][gc,phases      ] GC(146)   Merge Heap Roots: 0.2ms
[2024-07-06T13:37:06.931-0700][info][gc,phases      ] GC(146)   Evacuate Collection Set: 8.0ms
[2024-07-06T13:37:06.931-0700][info][gc,phases      ] GC(146)   Post Evacuate Collection Set: 1.4ms
[2024-07-06T13:37:06.931-0700][info][gc,phases      ] GC(146)   Other: 0.3ms
[2024-07-06T13:37:06.931-0700][info][gc,heap        ] GC(146) Eden regions: 6->0(101)
[2024-07-06T13:37:06.931-0700][info][gc,heap        ] GC(146) Survivor regions: 13->1(8)
[2024-07-06T13:37:06.931-0700][info][gc,heap        ] GC(146) Old regions: 2011->2034
[2024-07-06T13:37:06.931-0700][info][gc,heap        ] GC(146) Archive regions: 2->2
[2024-07-06T13:37:06.931-0700][info][gc,heap        ] GC(146) Humongous regions: 8->8
[2024-07-06T13:37:06.931-0700][info][gc,metaspace   ] GC(146) Metaspace: 305K(512K)->305K(512K) NonClass: 297K(384K)->297K(384K) Class: 7K(128K)->7K(128K)
[2024-07-06T13:37:06.931-0700][info][gc             ] GC(146) Pause Young (Concurrent Start) (G1 Preventive Collection) 4071M->4081M(4096M) 10.190ms
[2024-07-06T13:37:06.931-0700][info][gc,cpu         ] GC(146) User=0.03s Sys=0.01s Real=0.01s
[2024-07-06T13:37:06.931-0700][info][gc             ] GC(147) Concurrent Mark Cycle
[2024-07-06T13:37:06.931-0700][info][gc,marking     ] GC(147) Concurrent Clear Claimed Marks
[2024-07-06T13:37:06.931-0700][info][gc,marking     ] GC(147) Concurrent Clear Claimed Marks 0.007ms
[2024-07-06T13:37:06.931-0700][info][gc,marking     ] GC(147) Concurrent Scan Root Regions
[2024-07-06T13:37:06.932-0700][info][gc,marking     ] GC(147) Concurrent Scan Root Regions 1.015ms
[2024-07-06T13:37:06.932-0700][info][gc,marking     ] GC(147) Concurrent Mark
[2024-07-06T13:37:06.932-0700][info][gc,marking     ] GC(147) Concurrent Mark From Roots
[2024-07-06T13:37:06.932-0700][info][gc,task        ] GC(147) Using 1 workers of 1 for marking
[2024-07-06T13:37:06.932-0700][info][gc,start       ] GC(148) Pause Young (Normal) (G1 Preventive Collection)
[2024-07-06T13:37:06.932-0700][info][gc,task        ] GC(148) Using 4 workers of 4 for evacuation
[2024-07-06T13:37:06.934-0700][info][gc             ] GC(148) To-space exhausted
[2024-07-06T13:37:06.934-0700][info][gc,phases      ] GC(148)   Pre Evacuate Collection Set: 1.0ms
[2024-07-06T13:37:06.934-0700][info][gc,phases      ] GC(148)   Merge Heap Roots: 0.1ms
[2024-07-06T13:37:06.934-0700][info][gc,phases      ] GC(148)   Evacuate Collection Set: 0.8ms
[2024-07-06T13:37:06.934-0700][info][gc,phases      ] GC(148)   Post Evacuate Collection Set: 0.4ms
[2024-07-06T13:37:06.934-0700][info][gc,phases      ] GC(148)   Other: 0.1ms
[2024-07-06T13:37:06.934-0700][info][gc,heap        ] GC(148) Eden regions: 1->0(100)
[2024-07-06T13:37:06.934-0700][info][gc,heap        ] GC(148) Survivor regions: 1->2(2)
[2024-07-06T13:37:06.934-0700][info][gc,heap        ] GC(148) Old regions: 2034->2035
[2024-07-06T13:37:06.934-0700][info][gc,heap        ] GC(148) Archive regions: 2->2
[2024-07-06T13:37:06.934-0700][info][gc,heap        ] GC(148) Humongous regions: 8->8
[2024-07-06T13:37:06.934-0700][info][gc,metaspace   ] GC(148) Metaspace: 305K(512K)->305K(512K) NonClass: 297K(384K)->297K(384K) Class: 7K(128K)->7K(128K)
[2024-07-06T13:37:06.934-0700][info][gc             ] GC(148) Pause Young (Normal) (G1 Preventive Collection) 4083M->4085M(4096M) 1.586ms
[2024-07-06T13:37:06.934-0700][info][gc,cpu         ] GC(148) User=0.00s Sys=0.00s Real=0.00s
[2024-07-06T13:37:06.934-0700][info][gc,start       ] GC(149) Pause Young (Normal) (G1 Evacuation Pause)
[2024-07-06T13:37:06.934-0700][info][gc,task        ] GC(149) Using 4 workers of 4 for evacuation
[2024-07-06T13:37:06.936-0700][info][gc             ] GC(149) To-space exhausted
[2024-07-06T13:37:06.936-0700][info][gc,phases      ] GC(149)   Pre Evacuate Collection Set: 0.2ms
[2024-07-06T13:37:06.936-0700][info][gc,phases      ] GC(149)   Merge Heap Roots: 0.1ms
[2024-07-06T13:37:06.936-0700][info][gc,phases      ] GC(149)   Evacuate Collection Set: 0.9ms
[2024-07-06T13:37:06.936-0700][info][gc,phases      ] GC(149)   Post Evacuate Collection Set: 0.4ms
[2024-07-06T13:37:06.936-0700][info][gc,phases      ] GC(149)   Other: 0.1ms
[2024-07-06T13:37:06.936-0700][info][gc,heap        ] GC(149) Eden regions: 1->0(102)
[2024-07-06T13:37:06.936-0700][info][gc,heap        ] GC(149) Survivor regions: 2->0(0)
[2024-07-06T13:37:06.936-0700][info][gc,heap        ] GC(149) Old regions: 2035->2038
[2024-07-06T13:37:06.936-0700][info][gc,heap        ] GC(149) Archive regions: 2->2
[2024-07-06T13:37:06.936-0700][info][gc,heap        ] GC(149) Humongous regions: 8->8
[2024-07-06T13:37:06.936-0700][info][gc,metaspace   ] GC(149) Metaspace: 305K(512K)->305K(512K) NonClass: 297K(384K)->297K(384K) Class: 7K(128K)->7K(128K)
[2024-07-06T13:37:06.936-0700][info][gc             ] GC(149) Pause Young (Normal) (G1 Evacuation Pause) 4087M->4087M(4096M) 1.818ms
[2024-07-06T13:37:06.936-0700][info][gc,cpu         ] GC(149) User=0.01s Sys=0.00s Real=0.01s
[2024-07-06T13:37:06.936-0700][info][gc,ergo        ] Attempting full compaction
[2024-07-06T13:37:06.936-0700][info][gc,task        ] GC(150) Using 4 workers of 4 for full compaction
[2024-07-06T13:37:06.936-0700][info][gc,start       ] GC(150) Pause Full (G1 Compaction Pause)
[2024-07-06T13:37:06.940-0700][info][gc,phases,start] GC(150) Phase 1: Mark live objects
[2024-07-06T13:37:07.045-0700][info][gc,phases      ] GC(150) Phase 1: Mark live objects 105.127ms
[2024-07-06T13:37:07.045-0700][info][gc,phases,start] GC(150) Phase 2: Prepare for compaction
[2024-07-06T13:37:07.047-0700][info][gc,phases      ] GC(150) Phase 2: Prepare for compaction 2.500ms
[2024-07-06T13:37:07.047-0700][info][gc,phases,start] GC(150) Phase 3: Adjust pointers
[2024-07-06T13:37:07.114-0700][info][gc,phases      ] GC(150) Phase 3: Adjust pointers 66.908ms
[2024-07-06T13:37:07.114-0700][info][gc,phases,start] GC(150) Phase 4: Compact heap
[2024-07-06T13:37:07.122-0700][info][gc,phases      ] GC(150) Phase 4: Compact heap 7.110ms
[2024-07-06T13:37:07.125-0700][info][gc,heap        ] GC(150) Eden regions: 0->0(102)
[2024-07-06T13:37:07.125-0700][info][gc,heap        ] GC(150) Survivor regions: 0->0(0)
[2024-07-06T13:37:07.125-0700][info][gc,heap        ] GC(150) Old regions: 2038->2029
[2024-07-06T13:37:07.125-0700][info][gc,heap        ] GC(150) Archive regions: 2->2
[2024-07-06T13:37:07.125-0700][info][gc,heap        ] GC(150) Humongous regions: 8->8
[2024-07-06T13:37:07.125-0700][info][gc,metaspace   ] GC(150) Metaspace: 305K(512K)->305K(512K) NonClass: 297K(384K)->297K(384K) Class: 7K(128K)->7K(128K)
[2024-07-06T13:37:07.125-0700][info][gc             ] GC(150) Pause Full (G1 Compaction Pause) 4087M->4072M(4096M) 188.918ms
[2024-07-06T13:37:07.125-0700][info][gc,cpu         ] GC(150) User=0.74s Sys=0.00s Real=0.19s
[2024-07-06T13:37:07.125-0700][info][gc,marking     ] GC(147) Concurrent Mark From Roots 192.867ms
[2024-07-06T13:37:07.125-0700][info][gc,marking     ] GC(147) Concurrent Mark Abort
[2024-07-06T13:37:07.125-0700][info][gc             ] GC(147) Concurrent Mark Cycle 193.961ms
[2024-07-06T13:37:09.240-0700][info][gc,start       ] GC(151) Pause Young (Normal) (G1 Preventive Collection)
[2024-07-06T13:37:09.240-0700][info][gc,task        ] GC(151) Using 4 workers of 4 for evacuation
[2024-07-06T13:37:09.246-0700][info][gc,phases      ] GC(151)   Pre Evacuate Collection Set: 0.3ms
[2024-07-06T13:37:09.247-0700][info][gc,phases      ] GC(151)   Merge Heap Roots: 0.2ms
[2024-07-06T13:37:09.247-0700][info][gc,phases      ] GC(151)   Evacuate Collection Set: 5.4ms
[2024-07-06T13:37:09.247-0700][info][gc,phases      ] GC(151)   Post Evacuate Collection Set: 0.4ms
[2024-07-06T13:37:09.247-0700][info][gc,phases      ] GC(151)   Other: 0.1ms
[2024-07-06T13:37:09.247-0700][info][gc,heap        ] GC(151) Eden regions: 4->0(97)
[2024-07-06T13:37:09.247-0700][info][gc,heap        ] GC(151) Survivor regions: 0->5(5)
[2024-07-06T13:37:09.247-0700][info][gc,heap        ] GC(151) Old regions: 2029->2029
[2024-07-06T13:37:09.247-0700][info][gc,heap        ] GC(151) Archive regions: 2->2
[2024-07-06T13:37:09.247-0700][info][gc,heap        ] GC(151) Humongous regions: 8->8
[2024-07-06T13:37:09.247-0700][info][gc,metaspace   ] GC(151) Metaspace: 305K(512K)->305K(512K) NonClass: 297K(384K)->297K(384K) Class: 7K(128K)->7K(128K)
[2024-07-06T13:37:09.247-0700][info][gc             ] GC(151) Pause Young (Normal) (G1 Preventive Collection) 4080M->4080M(4096M) 6.420ms
[2024-07-06T13:37:09.247-0700][info][gc,cpu         ] GC(151) User=0.03s Sys=0.00s Real=0.01s
[2024-07-06T13:37:09.247-0700][info][gc,start       ] GC(152) Pause Young (Concurrent Start) (G1 Preventive Collection)
[2024-07-06T13:37:09.247-0700][info][gc,task        ] GC(152) Using 4 workers of 4 for evacuation
[2024-07-06T13:37:09.249-0700][info][gc             ] GC(152) To-space exhausted
[2024-07-06T13:37:09.249-0700][info][gc,phases      ] GC(152)   Pre Evacuate Collection Set: 0.3ms
[2024-07-06T13:37:09.249-0700][info][gc,phases      ] GC(152)   Merge Heap Roots: 0.1ms
[2024-07-06T13:37:09.249-0700][info][gc,phases      ] GC(152)   Evacuate Collection Set: 1.4ms
[2024-07-06T13:37:09.249-0700][info][gc,phases      ] GC(152)   Post Evacuate Collection Set: 0.6ms
[2024-07-06T13:37:09.249-0700][info][gc,phases      ] GC(152)   Other: 0.1ms
[2024-07-06T13:37:09.249-0700][info][gc,heap        ] GC(152) Eden regions: 1->0(99)
[2024-07-06T13:37:09.249-0700][info][gc,heap        ] GC(152) Survivor regions: 5->3(3)
[2024-07-06T13:37:09.249-0700][info][gc,heap        ] GC(152) Old regions: 2029->2034
[2024-07-06T13:37:09.249-0700][info][gc,heap        ] GC(152) Archive regions: 2->2
[2024-07-06T13:37:09.249-0700][info][gc,heap        ] GC(152) Humongous regions: 8->8
[2024-07-06T13:37:09.249-0700][info][gc,metaspace   ] GC(152) Metaspace: 305K(512K)->305K(512K) NonClass: 297K(384K)->297K(384K) Class: 7K(128K)->7K(128K)
[2024-07-06T13:37:09.250-0700][info][gc             ] GC(152) Pause Young (Concurrent Start) (G1 Preventive Collection) 4082M->4086M(4096M) 2.597ms
[2024-07-06T13:37:09.250-0700][info][gc,cpu         ] GC(152) User=0.00s Sys=0.00s Real=0.00s
[2024-07-06T13:37:09.250-0700][info][gc             ] GC(153) Concurrent Mark Cycle
[2024-07-06T13:37:09.250-0700][info][gc,marking     ] GC(153) Concurrent Clear Claimed Marks
[2024-07-06T13:37:09.250-0700][info][gc,marking     ] GC(153) Concurrent Clear Claimed Marks 0.008ms
[2024-07-06T13:37:09.250-0700][info][gc,marking     ] GC(153) Concurrent Scan Root Regions
[2024-07-06T13:37:09.250-0700][info][gc,marking     ] GC(153) Concurrent Scan Root Regions 0.488ms
[2024-07-06T13:37:09.250-0700][info][gc,marking     ] GC(153) Concurrent Mark
[2024-07-06T13:37:09.250-0700][info][gc,marking     ] GC(153) Concurrent Mark From Roots
[2024-07-06T13:37:09.250-0700][info][gc,task        ] GC(153) Using 1 workers of 1 for marking
[2024-07-06T13:37:09.250-0700][info][gc,start       ] GC(154) Pause Young (Normal) (G1 Evacuation Pause)
[2024-07-06T13:37:09.250-0700][info][gc,task        ] GC(154) Using 4 workers of 4 for evacuation
[2024-07-06T13:37:09.252-0700][info][gc             ] GC(154) To-space exhausted
[2024-07-06T13:37:09.252-0700][info][gc,phases      ] GC(154)   Pre Evacuate Collection Set: 0.5ms
[2024-07-06T13:37:09.252-0700][info][gc,phases      ] GC(154)   Merge Heap Roots: 0.1ms
[2024-07-06T13:37:09.252-0700][info][gc,phases      ] GC(154)   Evacuate Collection Set: 1.1ms
[2024-07-06T13:37:09.252-0700][info][gc,phases      ] GC(154)   Post Evacuate Collection Set: 0.5ms
[2024-07-06T13:37:09.252-0700][info][gc,phases      ] GC(154)   Other: 0.1ms
[2024-07-06T13:37:09.252-0700][info][gc,heap        ] GC(154) Eden regions: 1->0(102)
[2024-07-06T13:37:09.252-0700][info][gc,heap        ] GC(154) Survivor regions: 3->0(0)
[2024-07-06T13:37:09.252-0700][info][gc,heap        ] GC(154) Old regions: 2034->2038
[2024-07-06T13:37:09.252-0700][info][gc,heap        ] GC(154) Archive regions: 2->2
[2024-07-06T13:37:09.252-0700][info][gc,heap        ] GC(154) Humongous regions: 8->8
[2024-07-06T13:37:09.252-0700][info][gc,metaspace   ] GC(154) Metaspace: 305K(512K)->305K(512K) NonClass: 297K(384K)->297K(384K) Class: 7K(128K)->7K(128K)
[2024-07-06T13:37:09.252-0700][info][gc             ] GC(154) Pause Young (Normal) (G1 Evacuation Pause) 4088M->4088M(4096M) 2.028ms
[2024-07-06T13:37:09.252-0700][info][gc,cpu         ] GC(154) User=0.00s Sys=0.01s Real=0.00s
[2024-07-06T13:37:09.252-0700][info][gc,ergo        ] Attempting full compaction
[2024-07-06T13:37:09.252-0700][info][gc,task        ] GC(155) Using 4 workers of 4 for full compaction
[2024-07-06T13:37:09.252-0700][info][gc,start       ] GC(155) Pause Full (G1 Compaction Pause)
[2024-07-06T13:37:09.256-0700][info][gc,phases,start] GC(155) Phase 1: Mark live objects
[2024-07-06T13:37:09.366-0700][info][gc,phases      ] GC(155) Phase 1: Mark live objects 110.326ms
[2024-07-06T13:37:09.366-0700][info][gc,phases,start] GC(155) Phase 2: Prepare for compaction
[2024-07-06T13:37:09.368-0700][info][gc,phases      ] GC(155) Phase 2: Prepare for compaction 1.918ms
[2024-07-06T13:37:09.368-0700][info][gc,phases,start] GC(155) Phase 3: Adjust pointers
[2024-07-06T13:37:09.443-0700][info][gc,phases      ] GC(155) Phase 3: Adjust pointers 75.303ms
[2024-07-06T13:37:09.443-0700][info][gc,phases,start] GC(155) Phase 4: Compact heap
[2024-07-06T13:37:09.447-0700][info][gc,phases      ] GC(155) Phase 4: Compact heap 3.426ms
[2024-07-06T13:37:09.451-0700][info][gc,heap        ] GC(155) Eden regions: 0->0(102)
[2024-07-06T13:37:09.451-0700][info][gc,heap        ] GC(155) Survivor regions: 0->0(0)
[2024-07-06T13:37:09.451-0700][info][gc,heap        ] GC(155) Old regions: 2038->2034
[2024-07-06T13:37:09.451-0700][info][gc,heap        ] GC(155) Archive regions: 2->2
[2024-07-06T13:37:09.451-0700][info][gc,heap        ] GC(155) Humongous regions: 8->8
[2024-07-06T13:37:09.451-0700][info][gc,metaspace   ] GC(155) Metaspace: 305K(512K)->305K(512K) NonClass: 297K(384K)->297K(384K) Class: 7K(128K)->7K(128K)
[2024-07-06T13:37:09.451-0700][info][gc             ] GC(155) Pause Full (G1 Compaction Pause) 4088M->4083M(4096M) 198.421ms
[2024-07-06T13:37:09.451-0700][info][gc,cpu         ] GC(155) User=0.77s Sys=0.00s Real=0.20s
[2024-07-06T13:37:09.451-0700][info][gc,marking     ] GC(153) Concurrent Mark From Roots 200.726ms
[2024-07-06T13:37:09.451-0700][info][gc,marking     ] GC(153) Concurrent Mark Abort
[2024-07-06T13:37:09.451-0700][info][gc             ] GC(153) Concurrent Mark Cycle 201.292ms
[2024-07-06T13:37:11.772-0700][info][gc,start       ] GC(156) Pause Young (Normal) (G1 Preventive Collection)
[2024-07-06T13:37:11.772-0700][info][gc,task        ] GC(156) Using 4 workers of 4 for evacuation
[2024-07-06T13:37:11.778-0700][info][gc             ] GC(156) To-space exhausted
[2024-07-06T13:37:11.778-0700][info][gc,phases      ] GC(156)   Pre Evacuate Collection Set: 0.3ms
[2024-07-06T13:37:11.778-0700][info][gc,phases      ] GC(156)   Merge Heap Roots: 0.1ms
[2024-07-06T13:37:11.778-0700][info][gc,phases      ] GC(156)   Evacuate Collection Set: 4.9ms
[2024-07-06T13:37:11.778-0700][info][gc,phases      ] GC(156)   Post Evacuate Collection Set: 0.5ms
[2024-07-06T13:37:11.778-0700][info][gc,phases      ] GC(156)   Other: 0.1ms
[2024-07-06T13:37:11.778-0700][info][gc,heap        ] GC(156) Eden regions: 2->0(100)
[2024-07-06T13:37:11.778-0700][info][gc,heap        ] GC(156) Survivor regions: 0->2(2)
[2024-07-06T13:37:11.778-0700][info][gc,heap        ] GC(156) Old regions: 2034->2035
[2024-07-06T13:37:11.778-0700][info][gc,heap        ] GC(156) Archive regions: 2->2
[2024-07-06T13:37:11.778-0700][info][gc,heap        ] GC(156) Humongous regions: 8->8
[2024-07-06T13:37:11.778-0700][info][gc,metaspace   ] GC(156) Metaspace: 305K(512K)->305K(512K) NonClass: 297K(384K)->297K(384K) Class: 7K(128K)->7K(128K)
[2024-07-06T13:37:11.778-0700][info][gc             ] GC(156) Pause Young (Normal) (G1 Preventive Collection) 4087M->4089M(4096M) 5.930ms
[2024-07-06T13:37:11.778-0700][info][gc,cpu         ] GC(156) User=0.02s Sys=0.00s Real=0.01s
[2024-07-06T13:37:11.778-0700][info][gc,start       ] GC(157) Pause Young (Concurrent Start) (G1 Evacuation Pause)
[2024-07-06T13:37:11.778-0700][info][gc,task        ] GC(157) Using 4 workers of 4 for evacuation
[2024-07-06T13:37:11.780-0700][info][gc             ] GC(157) To-space exhausted
[2024-07-06T13:37:11.780-0700][info][gc,phases      ] GC(157)   Pre Evacuate Collection Set: 0.3ms
[2024-07-06T13:37:11.780-0700][info][gc,phases      ] GC(157)   Merge Heap Roots: 0.1ms
[2024-07-06T13:37:11.780-0700][info][gc,phases      ] GC(157)   Evacuate Collection Set: 0.9ms
[2024-07-06T13:37:11.780-0700][info][gc,phases      ] GC(157)   Post Evacuate Collection Set: 0.5ms
[2024-07-06T13:37:11.780-0700][info][gc,phases      ] GC(157)   Other: 0.1ms
[2024-07-06T13:37:11.780-0700][info][gc,heap        ] GC(157) Eden regions: 1->0(102)
[2024-07-06T13:37:11.780-0700][info][gc,heap        ] GC(157) Survivor regions: 2->0(0)
[2024-07-06T13:37:11.780-0700][info][gc,heap        ] GC(157) Old regions: 2035->2038
[2024-07-06T13:37:11.780-0700][info][gc,heap        ] GC(157) Archive regions: 2->2
[2024-07-06T13:37:11.780-0700][info][gc,heap        ] GC(157) Humongous regions: 8->8
[2024-07-06T13:37:11.780-0700][info][gc,metaspace   ] GC(157) Metaspace: 305K(512K)->305K(512K) NonClass: 297K(384K)->297K(384K) Class: 7K(128K)->7K(128K)
[2024-07-06T13:37:11.780-0700][info][gc             ] GC(157) Pause Young (Concurrent Start) (G1 Evacuation Pause) 4091M->4091M(4096M) 1.915ms
[2024-07-06T13:37:11.780-0700][info][gc,cpu         ] GC(157) User=0.00s Sys=0.00s Real=0.00s
[2024-07-06T13:37:11.780-0700][info][gc,ergo        ] Attempting full compaction
[2024-07-06T13:37:11.780-0700][info][gc             ] GC(159) Concurrent Mark Cycle
[2024-07-06T13:37:11.780-0700][info][gc,marking     ] GC(159) Concurrent Clear Claimed Marks
[2024-07-06T13:37:11.780-0700][info][gc,marking     ] GC(159) Concurrent Clear Claimed Marks 0.029ms
[2024-07-06T13:37:11.780-0700][info][gc,marking     ] GC(159) Concurrent Scan Root Regions
[2024-07-06T13:37:11.780-0700][info][gc,marking     ] GC(159) Concurrent Scan Root Regions 0.034ms
[2024-07-06T13:37:11.780-0700][info][gc,marking     ] GC(159) Concurrent Mark
[2024-07-06T13:37:11.780-0700][info][gc,marking     ] GC(159) Concurrent Mark From Roots
[2024-07-06T13:37:11.780-0700][info][gc,task        ] GC(159) Using 1 workers of 1 for marking
[2024-07-06T13:37:11.780-0700][info][gc,task        ] GC(158) Using 4 workers of 4 for full compaction
[2024-07-06T13:37:11.780-0700][info][gc,start       ] GC(158) Pause Full (G1 Compaction Pause)
[2024-07-06T13:37:11.783-0700][info][gc,phases,start] GC(158) Phase 1: Mark live objects
[2024-07-06T13:37:11.884-0700][info][gc,phases      ] GC(158) Phase 1: Mark live objects 101.122ms
[2024-07-06T13:37:11.884-0700][info][gc,phases,start] GC(158) Phase 2: Prepare for compaction
[2024-07-06T13:37:11.886-0700][info][gc,phases      ] GC(158) Phase 2: Prepare for compaction 1.599ms
[2024-07-06T13:37:11.886-0700][info][gc,phases,start] GC(158) Phase 3: Adjust pointers
[2024-07-06T13:37:11.950-0700][info][gc,phases      ] GC(158) Phase 3: Adjust pointers 64.318ms
[2024-07-06T13:37:11.950-0700][info][gc,phases,start] GC(158) Phase 4: Compact heap
[2024-07-06T13:37:11.952-0700][info][gc,phases      ] GC(158) Phase 4: Compact heap 1.980ms
[2024-07-06T13:37:11.956-0700][info][gc,heap        ] GC(158) Eden regions: 0->0(102)
[2024-07-06T13:37:11.956-0700][info][gc,heap        ] GC(158) Survivor regions: 0->0(0)
[2024-07-06T13:37:11.956-0700][info][gc,heap        ] GC(158) Old regions: 2038->2037
[2024-07-06T13:37:11.956-0700][info][gc,heap        ] GC(158) Archive regions: 2->2
[2024-07-06T13:37:11.956-0700][info][gc,heap        ] GC(158) Humongous regions: 8->8
[2024-07-06T13:37:11.956-0700][info][gc,metaspace   ] GC(158) Metaspace: 305K(512K)->305K(512K) NonClass: 297K(384K)->297K(384K) Class: 7K(128K)->7K(128K)
[2024-07-06T13:37:11.956-0700][info][gc             ] GC(158) Pause Full (G1 Compaction Pause) 4091M->4088M(4096M) 175.516ms
[2024-07-06T13:37:11.956-0700][info][gc,cpu         ] GC(158) User=0.68s Sys=0.00s Real=0.18s
[2024-07-06T13:37:11.956-0700][info][gc,marking     ] GC(159) Concurrent Mark From Roots 175.739ms
[2024-07-06T13:37:11.956-0700][info][gc,marking     ] GC(159) Concurrent Mark Abort
[2024-07-06T13:37:11.956-0700][info][gc             ] GC(159) Concurrent Mark Cycle 175.922ms
[2024-07-06T13:37:11.956-0700][info][gc,start       ] GC(160) Pause Young (Normal) (G1 Evacuation Pause)
[2024-07-06T13:37:11.956-0700][info][gc,task        ] GC(160) Using 4 workers of 4 for evacuation
[2024-07-06T13:37:11.957-0700][info][gc             ] GC(160) To-space exhausted
[2024-07-06T13:37:11.957-0700][info][gc,phases      ] GC(160)   Pre Evacuate Collection Set: 0.2ms
[2024-07-06T13:37:11.957-0700][info][gc,phases      ] GC(160)   Merge Heap Roots: 0.1ms
[2024-07-06T13:37:11.957-0700][info][gc,phases      ] GC(160)   Evacuate Collection Set: 0.3ms
[2024-07-06T13:37:11.957-0700][info][gc,phases      ] GC(160)   Post Evacuate Collection Set: 0.4ms
[2024-07-06T13:37:11.957-0700][info][gc,phases      ] GC(160)   Other: 0.1ms
[2024-07-06T13:37:11.957-0700][info][gc,heap        ] GC(160) Eden regions: 1->0(102)
[2024-07-06T13:37:11.957-0700][info][gc,heap        ] GC(160) Survivor regions: 0->0(0)
[2024-07-06T13:37:11.957-0700][info][gc,heap        ] GC(160) Old regions: 2037->2038
[2024-07-06T13:37:11.957-0700][info][gc,heap        ] GC(160) Archive regions: 2->2
[2024-07-06T13:37:11.957-0700][info][gc,heap        ] GC(160) Humongous regions: 8->8
[2024-07-06T13:37:11.957-0700][info][gc,metaspace   ] GC(160) Metaspace: 305K(512K)->305K(512K) NonClass: 297K(384K)->297K(384K) Class: 7K(128K)->7K(128K)
[2024-07-06T13:37:11.957-0700][info][gc             ] GC(160) Pause Young (Normal) (G1 Evacuation Pause) 4090M->4090M(4096M) 1.099ms
[2024-07-06T13:37:11.957-0700][info][gc,cpu         ] GC(160) User=0.00s Sys=0.00s Real=0.00s
[2024-07-06T13:37:11.957-0700][info][gc,ergo        ] Attempting full compaction
[2024-07-06T13:37:11.957-0700][info][gc,task        ] GC(161) Using 4 workers of 4 for full compaction
[2024-07-06T13:37:11.957-0700][info][gc,start       ] GC(161) Pause Full (G1 Compaction Pause)
[2024-07-06T13:37:11.957-0700][info][gc,phases,start] GC(161) Phase 1: Mark live objects
[2024-07-06T13:37:12.053-0700][info][gc,phases      ] GC(161) Phase 1: Mark live objects 95.179ms
[2024-07-06T13:37:12.053-0700][info][gc,phases,start] GC(161) Phase 2: Prepare for compaction
[2024-07-06T13:37:12.054-0700][info][gc,phases      ] GC(161) Phase 2: Prepare for compaction 1.250ms
[2024-07-06T13:37:12.054-0700][info][gc,phases,start] GC(161) Phase 3: Adjust pointers
[2024-07-06T13:37:12.118-0700][info][gc,phases      ] GC(161) Phase 3: Adjust pointers 63.989ms
[2024-07-06T13:37:12.118-0700][info][gc,phases,start] GC(161) Phase 4: Compact heap
[2024-07-06T13:37:12.118-0700][info][gc,phases      ] GC(161) Phase 4: Compact heap 0.429ms
[2024-07-06T13:37:12.121-0700][info][gc,heap        ] GC(161) Eden regions: 0->0(102)
[2024-07-06T13:37:12.121-0700][info][gc,heap        ] GC(161) Survivor regions: 0->0(0)
[2024-07-06T13:37:12.121-0700][info][gc,heap        ] GC(161) Old regions: 2038->2037
[2024-07-06T13:37:12.121-0700][info][gc,heap        ] GC(161) Archive regions: 2->2
[2024-07-06T13:37:12.121-0700][info][gc,heap        ] GC(161) Humongous regions: 8->8
[2024-07-06T13:37:12.121-0700][info][gc,metaspace   ] GC(161) Metaspace: 305K(512K)->305K(512K) NonClass: 297K(384K)->297K(384K) Class: 7K(128K)->7K(128K)
[2024-07-06T13:37:12.121-0700][info][gc             ] GC(161) Pause Full (G1 Compaction Pause) 4090M->4090M(4096M) 164.042ms
[2024-07-06T13:37:12.121-0700][info][gc,cpu         ] GC(161) User=0.65s Sys=0.00s Real=0.16s
[2024-07-06T13:37:12.122-0700][info][gc,start       ] GC(162) Pause Young (Concurrent Start) (G1 Evacuation Pause)
[2024-07-06T13:37:12.122-0700][info][gc,task        ] GC(162) Using 4 workers of 4 for evacuation
[2024-07-06T13:37:12.123-0700][info][gc             ] GC(162) To-space exhausted
[2024-07-06T13:37:12.123-0700][info][gc,phases      ] GC(162)   Pre Evacuate Collection Set: 0.2ms
[2024-07-06T13:37:12.123-0700][info][gc,phases      ] GC(162)   Merge Heap Roots: 0.1ms
[2024-07-06T13:37:12.123-0700][info][gc,phases      ] GC(162)   Evacuate Collection Set: 0.3ms
[2024-07-06T13:37:12.123-0700][info][gc,phases      ] GC(162)   Post Evacuate Collection Set: 0.3ms
[2024-07-06T13:37:12.123-0700][info][gc,phases      ] GC(162)   Other: 0.1ms
[2024-07-06T13:37:12.123-0700][info][gc,heap        ] GC(162) Eden regions: 1->0(102)
[2024-07-06T13:37:12.123-0700][info][gc,heap        ] GC(162) Survivor regions: 0->0(0)
[2024-07-06T13:37:12.123-0700][info][gc,heap        ] GC(162) Old regions: 2037->2038
[2024-07-06T13:37:12.123-0700][info][gc,heap        ] GC(162) Archive regions: 2->2
[2024-07-06T13:37:12.123-0700][info][gc,heap        ] GC(162) Humongous regions: 8->8
[2024-07-06T13:37:12.123-0700][info][gc,metaspace   ] GC(162) Metaspace: 305K(512K)->305K(512K) NonClass: 297K(384K)->297K(384K) Class: 7K(128K)->7K(128K)
[2024-07-06T13:37:12.123-0700][info][gc             ] GC(162) Pause Young (Concurrent Start) (G1 Evacuation Pause) 4092M->4092M(4096M) 1.114ms
[2024-07-06T13:37:12.123-0700][info][gc,cpu         ] GC(162) User=0.00s Sys=0.00s Real=0.01s
[2024-07-06T13:37:12.123-0700][info][gc,ergo        ] Attempting full compaction
[2024-07-06T13:37:12.123-0700][info][gc             ] GC(164) Concurrent Mark Cycle
[2024-07-06T13:37:12.123-0700][info][gc,marking     ] GC(164) Concurrent Clear Claimed Marks
[2024-07-06T13:37:12.123-0700][info][gc,marking     ] GC(164) Concurrent Clear Claimed Marks 0.030ms
[2024-07-06T13:37:12.123-0700][info][gc,marking     ] GC(164) Concurrent Scan Root Regions
[2024-07-06T13:37:12.123-0700][info][gc,marking     ] GC(164) Concurrent Scan Root Regions 0.028ms
[2024-07-06T13:37:12.123-0700][info][gc,marking     ] GC(164) Concurrent Mark
[2024-07-06T13:37:12.123-0700][info][gc,marking     ] GC(164) Concurrent Mark From Roots
[2024-07-06T13:37:12.123-0700][info][gc,task        ] GC(164) Using 1 workers of 1 for marking
[2024-07-06T13:37:12.123-0700][info][gc,task        ] GC(163) Using 4 workers of 4 for full compaction
[2024-07-06T13:37:12.123-0700][info][gc,start       ] GC(163) Pause Full (G1 Compaction Pause)
[2024-07-06T13:37:12.126-0700][info][gc,phases,start] GC(163) Phase 1: Mark live objects
[2024-07-06T13:37:12.227-0700][info][gc,phases      ] GC(163) Phase 1: Mark live objects 100.332ms
[2024-07-06T13:37:12.227-0700][info][gc,phases,start] GC(163) Phase 2: Prepare for compaction
[2024-07-06T13:37:12.228-0700][info][gc,phases      ] GC(163) Phase 2: Prepare for compaction 0.994ms
[2024-07-06T13:37:12.228-0700][info][gc,phases,start] GC(163) Phase 3: Adjust pointers
[2024-07-06T13:37:12.306-0700][info][gc,phases      ] GC(163) Phase 3: Adjust pointers 78.068ms
[2024-07-06T13:37:12.306-0700][info][gc,phases,start] GC(163) Phase 4: Compact heap
[2024-07-06T13:37:12.306-0700][info][gc,phases      ] GC(163) Phase 4: Compact heap 0.200ms
[2024-07-06T13:37:12.310-0700][info][gc,heap        ] GC(163) Eden regions: 0->0(102)
[2024-07-06T13:37:12.310-0700][info][gc,heap        ] GC(163) Survivor regions: 0->0(0)
[2024-07-06T13:37:12.310-0700][info][gc,heap        ] GC(163) Old regions: 2038->2038
[2024-07-06T13:37:12.310-0700][info][gc,heap        ] GC(163) Archive regions: 2->2
[2024-07-06T13:37:12.310-0700][info][gc,heap        ] GC(163) Humongous regions: 8->8
[2024-07-06T13:37:12.310-0700][info][gc,metaspace   ] GC(163) Metaspace: 305K(512K)->305K(512K) NonClass: 297K(384K)->297K(384K) Class: 7K(128K)->7K(128K)
[2024-07-06T13:37:12.310-0700][info][gc             ] GC(163) Pause Full (G1 Compaction Pause) 4092M->4092M(4096M) 186.414ms
[2024-07-06T13:37:12.310-0700][info][gc,cpu         ] GC(163) User=0.74s Sys=0.00s Real=0.18s
[2024-07-06T13:37:12.310-0700][info][gc,ergo        ] Attempting maximum full compaction clearing soft references
[2024-07-06T13:37:12.310-0700][info][gc,task        ] GC(165) Using 4 workers of 4 for full compaction
[2024-07-06T13:37:12.310-0700][info][gc,start       ] GC(165) Pause Full (G1 Compaction Pause)
[2024-07-06T13:37:12.310-0700][info][gc,phases,start] GC(165) Phase 1: Mark live objects
[2024-07-06T13:37:12.421-0700][info][gc,phases      ] GC(165) Phase 1: Mark live objects 110.791ms
[2024-07-06T13:37:12.421-0700][info][gc,phases,start] GC(165) Phase 2: Prepare for compaction
[2024-07-06T13:37:12.503-0700][info][gc,phases      ] GC(165) Phase 2: Prepare for compaction 82.382ms
[2024-07-06T13:37:12.503-0700][info][gc,phases,start] GC(165) Phase 3: Adjust pointers
[2024-07-06T13:37:12.603-0700][info][gc,phases      ] GC(165) Phase 3: Adjust pointers 100.124ms
[2024-07-06T13:37:12.604-0700][info][gc,phases,start] GC(165) Phase 4: Compact heap
[2024-07-06T13:37:13.135-0700][info][gc,phases      ] GC(165) Phase 4: Compact heap 531.126ms
[2024-07-06T13:37:13.138-0700][info][gc,heap        ] GC(165) Eden regions: 0->0(102)
[2024-07-06T13:37:13.138-0700][info][gc,heap        ] GC(165) Survivor regions: 0->0(0)
[2024-07-06T13:37:13.138-0700][info][gc,heap        ] GC(165) Old regions: 2038->1995
[2024-07-06T13:37:13.138-0700][info][gc,heap        ] GC(165) Archive regions: 2->2
[2024-07-06T13:37:13.138-0700][info][gc,heap        ] GC(165) Humongous regions: 8->8
[2024-07-06T13:37:13.138-0700][info][gc,metaspace   ] GC(165) Metaspace: 305K(512K)->305K(512K) NonClass: 297K(384K)->297K(384K) Class: 7K(128K)->7K(128K)
[2024-07-06T13:37:13.138-0700][info][gc             ] GC(165) Pause Full (G1 Compaction Pause) 4092M->4003M(4096M) 828.378ms
[2024-07-06T13:37:13.138-0700][info][gc,cpu         ] GC(165) User=3.24s Sys=0.00s Real=0.83s
[2024-07-06T13:37:13.138-0700][info][gc,marking     ] GC(164) Concurrent Mark From Roots 1015.189ms
[2024-07-06T13:37:13.138-0700][info][gc,marking     ] GC(164) Concurrent Mark Abort
[2024-07-06T13:37:13.138-0700][info][gc             ] GC(164) Concurrent Mark Cycle 1015.391ms
[2024-07-06T13:37:25.369-0700][info][gc,start       ] GC(166) Pause Young (Normal) (G1 Preventive Collection)
[2024-07-06T13:37:25.369-0700][info][gc,task        ] GC(166) Using 4 workers of 4 for evacuation
[2024-07-06T13:37:25.383-0700][info][gc             ] GC(166) To-space exhausted
[2024-07-06T13:37:25.383-0700][info][gc,phases      ] GC(166)   Pre Evacuate Collection Set: 0.3ms
[2024-07-06T13:37:25.383-0700][info][gc,phases      ] GC(166)   Merge Heap Roots: 0.2ms
[2024-07-06T13:37:25.383-0700][info][gc,phases      ] GC(166)   Evacuate Collection Set: 12.3ms
[2024-07-06T13:37:25.383-0700][info][gc,phases      ] GC(166)   Post Evacuate Collection Set: 1.2ms
[2024-07-06T13:37:25.383-0700][info][gc,phases      ] GC(166)   Other: 0.1ms
[2024-07-06T13:37:25.383-0700][info][gc,heap        ] GC(166) Eden regions: 27->0(89)
[2024-07-06T13:37:25.383-0700][info][gc,heap        ] GC(166) Survivor regions: 0->13(13)
[2024-07-06T13:37:25.383-0700][info][gc,heap        ] GC(166) Old regions: 1995->2015
[2024-07-06T13:37:25.383-0700][info][gc,heap        ] GC(166) Archive regions: 2->2
[2024-07-06T13:37:25.383-0700][info][gc,heap        ] GC(166) Humongous regions: 8->8
[2024-07-06T13:37:25.383-0700][info][gc,metaspace   ] GC(166) Metaspace: 305K(512K)->305K(512K) NonClass: 297K(384K)->297K(384K) Class: 7K(128K)->7K(128K)
[2024-07-06T13:37:25.383-0700][info][gc             ] GC(166) Pause Young (Normal) (G1 Preventive Collection) 4057M->4069M(4096M) 14.175ms
[2024-07-06T13:37:25.383-0700][info][gc,cpu         ] GC(166) User=0.05s Sys=0.00s Real=0.02s
[2024-07-06T13:37:27.636-0700][info][gc,start       ] GC(167) Pause Young (Concurrent Start) (G1 Preventive Collection)
[2024-07-06T13:37:27.636-0700][info][gc,task        ] GC(167) Using 4 workers of 4 for evacuation
[2024-07-06T13:37:27.646-0700][info][gc             ] GC(167) To-space exhausted
[2024-07-06T13:37:27.646-0700][info][gc,phases      ] GC(167)   Pre Evacuate Collection Set: 0.3ms
[2024-07-06T13:37:27.646-0700][info][gc,phases      ] GC(167)   Merge Heap Roots: 0.1ms
[2024-07-06T13:37:27.646-0700][info][gc,phases      ] GC(167)   Evacuate Collection Set: 8.1ms
[2024-07-06T13:37:27.646-0700][info][gc,phases      ] GC(167)   Post Evacuate Collection Set: 1.3ms
[2024-07-06T13:37:27.646-0700][info][gc,phases      ] GC(167)   Other: 0.2ms
[2024-07-06T13:37:27.646-0700][info][gc,heap        ] GC(167) Eden regions: 6->0(102)
[2024-07-06T13:37:27.646-0700][info][gc,heap        ] GC(167) Survivor regions: 13->0(4)
[2024-07-06T13:37:27.646-0700][info][gc,heap        ] GC(167) Old regions: 2015->2038
[2024-07-06T13:37:27.646-0700][info][gc,heap        ] GC(167) Archive regions: 2->2
[2024-07-06T13:37:27.646-0700][info][gc,heap        ] GC(167) Humongous regions: 8->8
[2024-07-06T13:37:27.646-0700][info][gc,metaspace   ] GC(167) Metaspace: 305K(512K)->305K(512K) NonClass: 297K(384K)->297K(384K) Class: 7K(128K)->7K(128K)
[2024-07-06T13:37:27.646-0700][info][gc             ] GC(167) Pause Young (Concurrent Start) (G1 Preventive Collection) 4081M->4089M(4096M) 10.057ms
[2024-07-06T13:37:27.646-0700][info][gc,cpu         ] GC(167) User=0.04s Sys=0.00s Real=0.01s
[2024-07-06T13:37:27.646-0700][info][gc,ergo        ] Attempting full compaction
[2024-07-06T13:37:27.646-0700][info][gc             ] GC(168) Concurrent Mark Cycle
[2024-07-06T13:37:27.647-0700][info][gc,marking     ] GC(168) Concurrent Clear Claimed Marks
[2024-07-06T13:37:27.647-0700][info][gc,marking     ] GC(168) Concurrent Clear Claimed Marks 0.030ms
[2024-07-06T13:37:27.647-0700][info][gc,marking     ] GC(168) Concurrent Scan Root Regions
[2024-07-06T13:37:27.646-0700][info][gc,task        ] GC(169) Using 4 workers of 4 for full compaction
[2024-07-06T13:37:27.647-0700][info][gc,start       ] GC(169) Pause Full (G1 Compaction Pause)
[2024-07-06T13:37:27.647-0700][info][gc,marking     ] GC(168) Concurrent Scan Root Regions 0.204ms
[2024-07-06T13:37:27.647-0700][info][gc,marking     ] GC(168) Concurrent Mark
[2024-07-06T13:37:27.647-0700][info][gc,marking     ] GC(168) Concurrent Mark From Roots
[2024-07-06T13:37:27.647-0700][info][gc,task        ] GC(168) Using 1 workers of 1 for marking
[2024-07-06T13:37:27.650-0700][info][gc,phases,start] GC(169) Phase 1: Mark live objects
[2024-07-06T13:37:27.767-0700][info][gc,phases      ] GC(169) Phase 1: Mark live objects 116.496ms
[2024-07-06T13:37:27.767-0700][info][gc,phases,start] GC(169) Phase 2: Prepare for compaction
[2024-07-06T13:37:27.768-0700][info][gc,phases      ] GC(169) Phase 2: Prepare for compaction 1.576ms
[2024-07-06T13:37:27.768-0700][info][gc,phases,start] GC(169) Phase 3: Adjust pointers
[2024-07-06T13:37:27.839-0700][info][gc,phases      ] GC(169) Phase 3: Adjust pointers 71.040ms
[2024-07-06T13:37:27.839-0700][info][gc,phases,start] GC(169) Phase 4: Compact heap
[2024-07-06T13:37:27.844-0700][info][gc,phases      ] GC(169) Phase 4: Compact heap 4.150ms
[2024-07-06T13:37:27.848-0700][info][gc,heap        ] GC(169) Eden regions: 0->0(102)
[2024-07-06T13:37:27.848-0700][info][gc,heap        ] GC(169) Survivor regions: 0->0(4)
[2024-07-06T13:37:27.848-0700][info][gc,heap        ] GC(169) Old regions: 2038->2027
[2024-07-06T13:37:27.848-0700][info][gc,heap        ] GC(169) Archive regions: 2->2
[2024-07-06T13:37:27.848-0700][info][gc,heap        ] GC(169) Humongous regions: 8->8
[2024-07-06T13:37:27.848-0700][info][gc,metaspace   ] GC(169) Metaspace: 305K(512K)->305K(512K) NonClass: 297K(384K)->297K(384K) Class: 7K(128K)->7K(128K)
[2024-07-06T13:37:27.848-0700][info][gc             ] GC(169) Pause Full (G1 Compaction Pause) 4089M->4069M(4096M) 201.223ms
[2024-07-06T13:37:27.848-0700][info][gc,cpu         ] GC(169) User=0.79s Sys=0.00s Real=0.20s
[2024-07-06T13:37:27.848-0700][info][gc,marking     ] GC(168) Concurrent Mark From Roots 201.296ms
[2024-07-06T13:37:27.848-0700][info][gc,marking     ] GC(168) Concurrent Mark Abort
[2024-07-06T13:37:27.848-0700][info][gc             ] GC(168) Concurrent Mark Cycle 201.642ms
[2024-07-06T13:37:30.433-0700][info][gc,start       ] GC(170) Pause Young (Normal) (G1 Preventive Collection)
[2024-07-06T13:37:30.433-0700][info][gc,task        ] GC(170) Using 4 workers of 4 for evacuation
[2024-07-06T13:37:30.439-0700][info][gc             ] GC(170) To-space exhausted
[2024-07-06T13:37:30.439-0700][info][gc,phases      ] GC(170)   Pre Evacuate Collection Set: 0.3ms
[2024-07-06T13:37:30.439-0700][info][gc,phases      ] GC(170)   Merge Heap Roots: 0.1ms
[2024-07-06T13:37:30.439-0700][info][gc,phases      ] GC(170)   Evacuate Collection Set: 4.9ms
[2024-07-06T13:37:30.439-0700][info][gc,phases      ] GC(170)   Post Evacuate Collection Set: 0.6ms
[2024-07-06T13:37:30.439-0700][info][gc,phases      ] GC(170)   Other: 0.2ms
[2024-07-06T13:37:30.439-0700][info][gc,heap        ] GC(170) Eden regions: 7->0(98)
[2024-07-06T13:37:30.439-0700][info][gc,heap        ] GC(170) Survivor regions: 0->4(4)
[2024-07-06T13:37:30.439-0700][info][gc,heap        ] GC(170) Old regions: 2027->2032
[2024-07-06T13:37:30.439-0700][info][gc,heap        ] GC(170) Archive regions: 2->2
[2024-07-06T13:37:30.439-0700][info][gc,heap        ] GC(170) Humongous regions: 8->8
[2024-07-06T13:37:30.439-0700][info][gc,metaspace   ] GC(170) Metaspace: 305K(512K)->305K(512K) NonClass: 297K(384K)->297K(384K) Class: 7K(128K)->7K(128K)
[2024-07-06T13:37:30.439-0700][info][gc             ] GC(170) Pause Young (Normal) (G1 Preventive Collection) 4083M->4087M(4096M) 6.116ms
[2024-07-06T13:37:30.439-0700][info][gc,cpu         ] GC(170) User=0.03s Sys=0.00s Real=0.01s
[2024-07-06T13:37:32.622-0700][info][gc,start       ] GC(171) Pause Young (Concurrent Start) (G1 Preventive Collection)
[2024-07-06T13:37:32.622-0700][info][gc,task        ] GC(171) Using 4 workers of 4 for evacuation
[2024-07-06T13:37:32.629-0700][info][gc             ] GC(171) To-space exhausted
[2024-07-06T13:37:32.629-0700][info][gc,phases      ] GC(171)   Pre Evacuate Collection Set: 0.3ms
[2024-07-06T13:37:32.629-0700][info][gc,phases      ] GC(171)   Merge Heap Roots: 0.2ms
[2024-07-06T13:37:32.629-0700][info][gc,phases      ] GC(171)   Evacuate Collection Set: 5.6ms
[2024-07-06T13:37:32.629-0700][info][gc,phases      ] GC(171)   Post Evacuate Collection Set: 0.8ms
[2024-07-06T13:37:32.629-0700][info][gc,phases      ] GC(171)   Other: 0.2ms
[2024-07-06T13:37:32.629-0700][info][gc,heap        ] GC(171) Eden regions: 1->0(101)
[2024-07-06T13:37:32.630-0700][info][gc,heap        ] GC(171) Survivor regions: 4->1(1)
[2024-07-06T13:37:32.630-0700][info][gc,heap        ] GC(171) Old regions: 2032->2037
[2024-07-06T13:37:32.630-0700][info][gc,heap        ] GC(171) Archive regions: 2->2
[2024-07-06T13:37:32.630-0700][info][gc,heap        ] GC(171) Humongous regions: 8->8
[2024-07-06T13:37:32.630-0700][info][gc,metaspace   ] GC(171) Metaspace: 305K(512K)->305K(512K) NonClass: 297K(384K)->297K(384K) Class: 7K(128K)->7K(128K)
[2024-07-06T13:37:32.630-0700][info][gc             ] GC(171) Pause Young (Concurrent Start) (G1 Preventive Collection) 4089M->4091M(4096M) 7.128ms
[2024-07-06T13:37:32.630-0700][info][gc,cpu         ] GC(171) User=0.02s Sys=0.01s Real=0.01s
[2024-07-06T13:37:32.630-0700][info][gc,ergo        ] Attempting full compaction
[2024-07-06T13:37:32.630-0700][info][gc             ] GC(173) Concurrent Mark Cycle
[2024-07-06T13:37:32.630-0700][info][gc,marking     ] GC(173) Concurrent Clear Claimed Marks
[2024-07-06T13:37:32.630-0700][info][gc,marking     ] GC(173) Concurrent Clear Claimed Marks 0.033ms
[2024-07-06T13:37:32.630-0700][info][gc,marking     ] GC(173) Concurrent Scan Root Regions
[2024-07-06T13:37:32.630-0700][info][gc,task        ] GC(172) Using 4 workers of 4 for full compaction
[2024-07-06T13:37:32.630-0700][info][gc,start       ] GC(172) Pause Full (G1 Compaction Pause)
[2024-07-06T13:37:32.630-0700][info][gc,marking     ] GC(173) Concurrent Scan Root Regions 0.224ms
[2024-07-06T13:37:32.630-0700][info][gc,marking     ] GC(173) Concurrent Mark
[2024-07-06T13:37:32.630-0700][info][gc,marking     ] GC(173) Concurrent Mark From Roots
[2024-07-06T13:37:32.630-0700][info][gc,task        ] GC(173) Using 1 workers of 1 for marking
[2024-07-06T13:37:32.635-0700][info][gc,phases,start] GC(172) Phase 1: Mark live objects
[2024-07-06T13:37:32.734-0700][info][gc,phases      ] GC(172) Phase 1: Mark live objects 98.913ms
[2024-07-06T13:37:32.734-0700][info][gc,phases,start] GC(172) Phase 2: Prepare for compaction
[2024-07-06T13:37:32.735-0700][info][gc,phases      ] GC(172) Phase 2: Prepare for compaction 1.582ms
[2024-07-06T13:37:32.735-0700][info][gc,phases,start] GC(172) Phase 3: Adjust pointers
[2024-07-06T13:37:32.800-0700][info][gc,phases      ] GC(172) Phase 3: Adjust pointers 64.314ms
[2024-07-06T13:37:32.800-0700][info][gc,phases,start] GC(172) Phase 4: Compact heap
[2024-07-06T13:37:32.801-0700][info][gc,phases      ] GC(172) Phase 4: Compact heap 1.167ms
[2024-07-06T13:37:32.804-0700][info][gc,heap        ] GC(172) Eden regions: 0->0(102)
[2024-07-06T13:37:32.804-0700][info][gc,heap        ] GC(172) Survivor regions: 1->0(1)
[2024-07-06T13:37:32.804-0700][info][gc,heap        ] GC(172) Old regions: 2037->2035
[2024-07-06T13:37:32.804-0700][info][gc,heap        ] GC(172) Archive regions: 2->2
[2024-07-06T13:37:32.804-0700][info][gc,heap        ] GC(172) Humongous regions: 8->8
[2024-07-06T13:37:32.804-0700][info][gc,metaspace   ] GC(172) Metaspace: 305K(512K)->305K(512K) NonClass: 297K(384K)->297K(384K) Class: 7K(128K)->7K(128K)
[2024-07-06T13:37:32.804-0700][info][gc             ] GC(172) Pause Full (G1 Compaction Pause) 4091M->4085M(4096M) 174.047ms
[2024-07-06T13:37:32.804-0700][info][gc,cpu         ] GC(172) User=0.67s Sys=0.00s Real=0.18s
[2024-07-06T13:37:32.804-0700][info][gc,marking     ] GC(173) Concurrent Mark From Roots 174.044ms
[2024-07-06T13:37:32.804-0700][info][gc,marking     ] GC(173) Concurrent Mark Abort
[2024-07-06T13:37:32.804-0700][info][gc             ] GC(173) Concurrent Mark Cycle 174.413ms
[2024-07-06T13:37:32.804-0700][info][gc,start       ] GC(174) Pause Young (Normal) (G1 Preventive Collection)
[2024-07-06T13:37:32.804-0700][info][gc,task        ] GC(174) Using 4 workers of 4 for evacuation
[2024-07-06T13:37:32.806-0700][info][gc             ] GC(174) To-space exhausted
[2024-07-06T13:37:32.806-0700][info][gc,phases      ] GC(174)   Pre Evacuate Collection Set: 0.2ms
[2024-07-06T13:37:32.806-0700][info][gc,phases      ] GC(174)   Merge Heap Roots: 0.1ms
[2024-07-06T13:37:32.806-0700][info][gc,phases      ] GC(174)   Evacuate Collection Set: 0.8ms
[2024-07-06T13:37:32.806-0700][info][gc,phases      ] GC(174)   Post Evacuate Collection Set: 0.4ms
[2024-07-06T13:37:32.806-0700][info][gc,phases      ] GC(174)   Other: 0.1ms
[2024-07-06T13:37:32.806-0700][info][gc,heap        ] GC(174) Eden regions: 2->0(101)
[2024-07-06T13:37:32.806-0700][info][gc,heap        ] GC(174) Survivor regions: 0->1(1)
[2024-07-06T13:37:32.806-0700][info][gc,heap        ] GC(174) Old regions: 2035->2037
[2024-07-06T13:37:32.806-0700][info][gc,heap        ] GC(174) Archive regions: 2->2
[2024-07-06T13:37:32.806-0700][info][gc,heap        ] GC(174) Humongous regions: 8->8
[2024-07-06T13:37:32.806-0700][info][gc,metaspace   ] GC(174) Metaspace: 305K(512K)->305K(512K) NonClass: 297K(384K)->297K(384K) Class: 7K(128K)->7K(128K)
[2024-07-06T13:37:32.806-0700][info][gc             ] GC(174) Pause Young (Normal) (G1 Preventive Collection) 4089M->4091M(4096M) 1.500ms
[2024-07-06T13:37:32.806-0700][info][gc,cpu         ] GC(174) User=0.01s Sys=0.00s Real=0.00s
[2024-07-06T13:37:32.806-0700][info][gc,ergo        ] Attempting full compaction
[2024-07-06T13:37:32.806-0700][info][gc,task        ] GC(175) Using 4 workers of 4 for full compaction
[2024-07-06T13:37:32.806-0700][info][gc,start       ] GC(175) Pause Full (G1 Compaction Pause)
[2024-07-06T13:37:32.806-0700][info][gc,phases,start] GC(175) Phase 1: Mark live objects
[2024-07-06T13:37:32.905-0700][info][gc,phases      ] GC(175) Phase 1: Mark live objects 99.354ms
[2024-07-06T13:37:32.906-0700][info][gc,phases,start] GC(175) Phase 2: Prepare for compaction
[2024-07-06T13:37:32.907-0700][info][gc,phases      ] GC(175) Phase 2: Prepare for compaction 1.048ms
[2024-07-06T13:37:32.907-0700][info][gc,phases,start] GC(175) Phase 3: Adjust pointers
[2024-07-06T13:37:32.973-0700][info][gc,phases      ] GC(175) Phase 3: Adjust pointers 66.591ms
[2024-07-06T13:37:32.973-0700][info][gc,phases,start] GC(175) Phase 4: Compact heap
[2024-07-06T13:37:32.974-0700][info][gc,phases      ] GC(175) Phase 4: Compact heap 0.825ms
[2024-07-06T13:37:32.978-0700][info][gc,heap        ] GC(175) Eden regions: 0->0(102)
[2024-07-06T13:37:32.978-0700][info][gc,heap        ] GC(175) Survivor regions: 1->0(1)
[2024-07-06T13:37:32.978-0700][info][gc,heap        ] GC(175) Old regions: 2037->2037
[2024-07-06T13:37:32.978-0700][info][gc,heap        ] GC(175) Archive regions: 2->2
[2024-07-06T13:37:32.978-0700][info][gc,heap        ] GC(175) Humongous regions: 8->8
[2024-07-06T13:37:32.978-0700][info][gc,metaspace   ] GC(175) Metaspace: 305K(512K)->305K(512K) NonClass: 297K(384K)->297K(384K) Class: 7K(128K)->7K(128K)
[2024-07-06T13:37:32.978-0700][info][gc             ] GC(175) Pause Full (G1 Compaction Pause) 4091M->4088M(4096M) 172.110ms
[2024-07-06T13:37:32.978-0700][info][gc,cpu         ] GC(175) User=0.65s Sys=0.00s Real=0.17s
[2024-07-06T13:37:32.979-0700][info][gc,start       ] GC(176) Pause Young (Concurrent Start) (G1 Evacuation Pause)
[2024-07-06T13:37:32.979-0700][info][gc,task        ] GC(176) Using 4 workers of 4 for evacuation
[2024-07-06T13:37:32.980-0700][info][gc             ] GC(176) To-space exhausted
[2024-07-06T13:37:32.980-0700][info][gc,phases      ] GC(176)   Pre Evacuate Collection Set: 0.2ms
[2024-07-06T13:37:32.980-0700][info][gc,phases      ] GC(176)   Merge Heap Roots: 0.1ms
[2024-07-06T13:37:32.980-0700][info][gc,phases      ] GC(176)   Evacuate Collection Set: 0.4ms
[2024-07-06T13:37:32.980-0700][info][gc,phases      ] GC(176)   Post Evacuate Collection Set: 0.4ms
[2024-07-06T13:37:32.980-0700][info][gc,phases      ] GC(176)   Other: 0.1ms
[2024-07-06T13:37:32.980-0700][info][gc,heap        ] GC(176) Eden regions: 1->0(102)
[2024-07-06T13:37:32.980-0700][info][gc,heap        ] GC(176) Survivor regions: 0->0(0)
[2024-07-06T13:37:32.980-0700][info][gc,heap        ] GC(176) Old regions: 2037->2038
[2024-07-06T13:37:32.980-0700][info][gc,heap        ] GC(176) Archive regions: 2->2
[2024-07-06T13:37:32.980-0700][info][gc,heap        ] GC(176) Humongous regions: 8->8
[2024-07-06T13:37:32.980-0700][info][gc,metaspace   ] GC(176) Metaspace: 305K(512K)->305K(512K) NonClass: 297K(384K)->297K(384K) Class: 7K(128K)->7K(128K)
[2024-07-06T13:37:32.980-0700][info][gc             ] GC(176) Pause Young (Concurrent Start) (G1 Evacuation Pause) 4090M->4090M(4096M) 1.310ms
[2024-07-06T13:37:32.980-0700][info][gc,cpu         ] GC(176) User=0.00s Sys=0.00s Real=0.00s
[2024-07-06T13:37:32.980-0700][info][gc,ergo        ] Attempting full compaction
[2024-07-06T13:37:32.980-0700][info][gc             ] GC(177) Concurrent Mark Cycle
[2024-07-06T13:37:32.980-0700][info][gc,marking     ] GC(177) Concurrent Clear Claimed Marks
[2024-07-06T13:37:32.980-0700][info][gc,marking     ] GC(177) Concurrent Clear Claimed Marks 0.030ms
[2024-07-06T13:37:32.980-0700][info][gc,marking     ] GC(177) Concurrent Scan Root Regions
[2024-07-06T13:37:32.980-0700][info][gc,marking     ] GC(177) Concurrent Scan Root Regions 0.005ms
[2024-07-06T13:37:32.980-0700][info][gc,marking     ] GC(177) Concurrent Mark
[2024-07-06T13:37:32.980-0700][info][gc,marking     ] GC(177) Concurrent Mark From Roots
[2024-07-06T13:37:32.980-0700][info][gc,task        ] GC(177) Using 1 workers of 1 for marking
[2024-07-06T13:37:32.980-0700][info][gc,task        ] GC(178) Using 4 workers of 4 for full compaction
[2024-07-06T13:37:32.980-0700][info][gc,start       ] GC(178) Pause Full (G1 Compaction Pause)
[2024-07-06T13:37:32.984-0700][info][gc,phases,start] GC(178) Phase 1: Mark live objects
[2024-07-06T13:37:33.092-0700][info][gc,phases      ] GC(178) Phase 1: Mark live objects 108.700ms
[2024-07-06T13:37:33.092-0700][info][gc,phases,start] GC(178) Phase 2: Prepare for compaction
[2024-07-06T13:37:33.093-0700][info][gc,phases      ] GC(178) Phase 2: Prepare for compaction 0.974ms
[2024-07-06T13:37:33.093-0700][info][gc,phases,start] GC(178) Phase 3: Adjust pointers
[2024-07-06T13:37:33.158-0700][info][gc,phases      ] GC(178) Phase 3: Adjust pointers 64.725ms
[2024-07-06T13:37:33.158-0700][info][gc,phases,start] GC(178) Phase 4: Compact heap
[2024-07-06T13:37:33.159-0700][info][gc,phases      ] GC(178) Phase 4: Compact heap 0.265ms
[2024-07-06T13:37:33.161-0700][info][gc,heap        ] GC(178) Eden regions: 0->0(102)
[2024-07-06T13:37:33.161-0700][info][gc,heap        ] GC(178) Survivor regions: 0->0(0)
[2024-07-06T13:37:33.161-0700][info][gc,heap        ] GC(178) Old regions: 2038->2038
[2024-07-06T13:37:33.161-0700][info][gc,heap        ] GC(178) Archive regions: 2->2
[2024-07-06T13:37:33.161-0700][info][gc,heap        ] GC(178) Humongous regions: 8->8
[2024-07-06T13:37:33.161-0700][info][gc,metaspace   ] GC(178) Metaspace: 305K(512K)->305K(512K) NonClass: 297K(384K)->297K(384K) Class: 7K(128K)->7K(128K)
[2024-07-06T13:37:33.161-0700][info][gc             ] GC(178) Pause Full (G1 Compaction Pause) 4090M->4090M(4096M) 181.350ms
[2024-07-06T13:37:33.162-0700][info][gc,cpu         ] GC(178) User=0.72s Sys=0.00s Real=0.18s
[2024-07-06T13:37:33.162-0700][info][gc,ergo        ] Attempting maximum full compaction clearing soft references
[2024-07-06T13:37:33.162-0700][info][gc,task        ] GC(179) Using 4 workers of 4 for full compaction
[2024-07-06T13:37:33.162-0700][info][gc,start       ] GC(179) Pause Full (G1 Compaction Pause)
[2024-07-06T13:37:33.162-0700][info][gc,phases,start] GC(179) Phase 1: Mark live objects
[2024-07-06T13:37:33.258-0700][info][gc,phases      ] GC(179) Phase 1: Mark live objects 95.947ms
[2024-07-06T13:37:33.258-0700][info][gc,phases,start] GC(179) Phase 2: Prepare for compaction
[2024-07-06T13:37:33.339-0700][info][gc,phases      ] GC(179) Phase 2: Prepare for compaction 81.462ms
[2024-07-06T13:37:33.339-0700][info][gc,phases,start] GC(179) Phase 3: Adjust pointers
[2024-07-06T13:37:33.435-0700][info][gc,phases      ] GC(179) Phase 3: Adjust pointers 95.570ms
[2024-07-06T13:37:33.435-0700][info][gc,phases,start] GC(179) Phase 4: Compact heap
[2024-07-06T13:37:33.983-0700][info][gc,phases      ] GC(179) Phase 4: Compact heap 548.102ms
[2024-07-06T13:37:33.987-0700][info][gc,heap        ] GC(179) Eden regions: 0->0(102)
[2024-07-06T13:37:33.987-0700][info][gc,heap        ] GC(179) Survivor regions: 0->0(0)
[2024-07-06T13:37:33.987-0700][info][gc,heap        ] GC(179) Old regions: 2038->2017
[2024-07-06T13:37:33.987-0700][info][gc,heap        ] GC(179) Archive regions: 2->2
[2024-07-06T13:37:33.987-0700][info][gc,heap        ] GC(179) Humongous regions: 8->8
[2024-07-06T13:37:33.987-0700][info][gc,metaspace   ] GC(179) Metaspace: 305K(512K)->305K(512K) NonClass: 297K(384K)->297K(384K) Class: 7K(128K)->7K(128K)
[2024-07-06T13:37:33.987-0700][info][gc             ] GC(179) Pause Full (G1 Compaction Pause) 4090M->4046M(4096M) 825.262ms
[2024-07-06T13:37:33.987-0700][info][gc,cpu         ] GC(179) User=3.26s Sys=0.01s Real=0.83s
[2024-07-06T13:37:33.987-0700][info][gc,marking     ] GC(177) Concurrent Mark From Roots 1007.009ms
[2024-07-06T13:37:33.987-0700][info][gc,marking     ] GC(177) Concurrent Mark Abort
[2024-07-06T13:37:33.987-0700][info][gc             ] GC(177) Concurrent Mark Cycle 1007.134ms
[2024-07-06T13:37:40.150-0700][info][gc,start       ] GC(180) Pause Young (Normal) (G1 Preventive Collection)
[2024-07-06T13:37:40.150-0700][info][gc,task        ] GC(180) Using 4 workers of 4 for evacuation
[2024-07-06T13:37:40.160-0700][info][gc             ] GC(180) To-space exhausted
[2024-07-06T13:37:40.160-0700][info][gc,phases      ] GC(180)   Pre Evacuate Collection Set: 0.3ms
[2024-07-06T13:37:40.160-0700][info][gc,phases      ] GC(180)   Merge Heap Roots: 0.1ms
[2024-07-06T13:37:40.160-0700][info][gc,phases      ] GC(180)   Evacuate Collection Set: 8.4ms
[2024-07-06T13:37:40.160-0700][info][gc,phases      ] GC(180)   Post Evacuate Collection Set: 0.8ms
[2024-07-06T13:37:40.160-0700][info][gc,phases      ] GC(180)   Other: 0.1ms
[2024-07-06T13:37:40.160-0700][info][gc,heap        ] GC(180) Eden regions: 13->0(94)
[2024-07-06T13:37:40.160-0700][info][gc,heap        ] GC(180) Survivor regions: 0->8(8)
[2024-07-06T13:37:40.160-0700][info][gc,heap        ] GC(180) Old regions: 2017->2025
[2024-07-06T13:37:40.160-0700][info][gc,heap        ] GC(180) Archive regions: 2->2
[2024-07-06T13:37:40.160-0700][info][gc,heap        ] GC(180) Humongous regions: 8->8
[2024-07-06T13:37:40.160-0700][info][gc,metaspace   ] GC(180) Metaspace: 305K(512K)->305K(512K) NonClass: 297K(384K)->297K(384K) Class: 7K(128K)->7K(128K)
[2024-07-06T13:37:40.160-0700][info][gc             ] GC(180) Pause Young (Normal) (G1 Preventive Collection) 4072M->4078M(4096M) 9.750ms
[2024-07-06T13:37:40.160-0700][info][gc,cpu         ] GC(180) User=0.03s Sys=0.00s Real=0.01s
[2024-07-06T13:37:40.160-0700][info][gc,start       ] GC(181) Pause Young (Concurrent Start) (G1 Preventive Collection)
[2024-07-06T13:37:40.160-0700][info][gc,task        ] GC(181) Using 4 workers of 4 for evacuation
[2024-07-06T13:37:40.165-0700][info][gc             ] GC(181) To-space exhausted
[2024-07-06T13:37:40.165-0700][info][gc,phases      ] GC(181)   Pre Evacuate Collection Set: 0.3ms
[2024-07-06T13:37:40.165-0700][info][gc,phases      ] GC(181)   Merge Heap Roots: 0.1ms
[2024-07-06T13:37:40.165-0700][info][gc,phases      ] GC(181)   Evacuate Collection Set: 3.1ms
[2024-07-06T13:37:40.165-0700][info][gc,phases      ] GC(181)   Post Evacuate Collection Set: 0.8ms
[2024-07-06T13:37:40.165-0700][info][gc,phases      ] GC(181)   Other: 0.1ms
[2024-07-06T13:37:40.165-0700][info][gc,heap        ] GC(181) Eden regions: 2->0(101)
[2024-07-06T13:37:40.165-0700][info][gc,heap        ] GC(181) Survivor regions: 8->1(3)
[2024-07-06T13:37:40.165-0700][info][gc,heap        ] GC(181) Old regions: 2025->2036
[2024-07-06T13:37:40.165-0700][info][gc,heap        ] GC(181) Archive regions: 2->2
[2024-07-06T13:37:40.165-0700][info][gc,heap        ] GC(181) Humongous regions: 8->8
[2024-07-06T13:37:40.165-0700][info][gc,metaspace   ] GC(181) Metaspace: 305K(512K)->305K(512K) NonClass: 297K(384K)->297K(384K) Class: 7K(128K)->7K(128K)
[2024-07-06T13:37:40.165-0700][info][gc             ] GC(181) Pause Young (Concurrent Start) (G1 Preventive Collection) 4082M->4086M(4096M) 4.509ms
[2024-07-06T13:37:40.165-0700][info][gc,cpu         ] GC(181) User=0.01s Sys=0.00s Real=0.01s
[2024-07-06T13:37:40.165-0700][info][gc             ] GC(182) Concurrent Mark Cycle
[2024-07-06T13:37:40.165-0700][info][gc,marking     ] GC(182) Concurrent Clear Claimed Marks
[2024-07-06T13:37:40.165-0700][info][gc,marking     ] GC(182) Concurrent Clear Claimed Marks 0.006ms
[2024-07-06T13:37:40.165-0700][info][gc,marking     ] GC(182) Concurrent Scan Root Regions
[2024-07-06T13:37:40.165-0700][info][gc,marking     ] GC(182) Concurrent Scan Root Regions 0.447ms
[2024-07-06T13:37:40.165-0700][info][gc,marking     ] GC(182) Concurrent Mark
[2024-07-06T13:37:40.165-0700][info][gc,marking     ] GC(182) Concurrent Mark From Roots
[2024-07-06T13:37:40.165-0700][info][gc,task        ] GC(182) Using 1 workers of 1 for marking
[2024-07-06T13:37:40.165-0700][info][gc,start       ] GC(183) Pause Young (Normal) (G1 Evacuation Pause)
[2024-07-06T13:37:40.165-0700][info][gc,task        ] GC(183) Using 4 workers of 4 for evacuation
[2024-07-06T13:37:40.167-0700][info][gc             ] GC(183) To-space exhausted
[2024-07-06T13:37:40.167-0700][info][gc,phases      ] GC(183)   Pre Evacuate Collection Set: 0.4ms
[2024-07-06T13:37:40.167-0700][info][gc,phases      ] GC(183)   Merge Heap Roots: 0.1ms
[2024-07-06T13:37:40.167-0700][info][gc,phases      ] GC(183)   Evacuate Collection Set: 0.7ms
[2024-07-06T13:37:40.167-0700][info][gc,phases      ] GC(183)   Post Evacuate Collection Set: 0.3ms
[2024-07-06T13:37:40.167-0700][info][gc,phases      ] GC(183)   Other: 0.1ms
[2024-07-06T13:37:40.167-0700][info][gc,heap        ] GC(183) Eden regions: 1->0(102)
[2024-07-06T13:37:40.167-0700][info][gc,heap        ] GC(183) Survivor regions: 1->0(0)
[2024-07-06T13:37:40.167-0700][info][gc,heap        ] GC(183) Old regions: 2036->2038
[2024-07-06T13:37:40.167-0700][info][gc,heap        ] GC(183) Archive regions: 2->2
[2024-07-06T13:37:40.167-0700][info][gc,heap        ] GC(183) Humongous regions: 8->8
[2024-07-06T13:37:40.167-0700][info][gc,metaspace   ] GC(183) Metaspace: 305K(512K)->305K(512K) NonClass: 297K(384K)->297K(384K) Class: 7K(128K)->7K(128K)
[2024-07-06T13:37:40.167-0700][info][gc             ] GC(183) Pause Young (Normal) (G1 Evacuation Pause) 4088M->4088M(4096M) 1.492ms
[2024-07-06T13:37:40.167-0700][info][gc,cpu         ] GC(183) User=0.00s Sys=0.00s Real=0.00s
[2024-07-06T13:37:40.167-0700][info][gc,ergo        ] Attempting full compaction
[2024-07-06T13:37:40.167-0700][info][gc,task        ] GC(184) Using 4 workers of 4 for full compaction
[2024-07-06T13:37:40.167-0700][info][gc,start       ] GC(184) Pause Full (G1 Compaction Pause)
[2024-07-06T13:37:40.170-0700][info][gc,phases,start] GC(184) Phase 1: Mark live objects
[2024-07-06T13:37:40.286-0700][info][gc,phases      ] GC(184) Phase 1: Mark live objects 116.354ms
[2024-07-06T13:37:40.286-0700][info][gc,phases,start] GC(184) Phase 2: Prepare for compaction
[2024-07-06T13:37:40.288-0700][info][gc,phases      ] GC(184) Phase 2: Prepare for compaction 1.364ms
[2024-07-06T13:37:40.288-0700][info][gc,phases,start] GC(184) Phase 3: Adjust pointers
[2024-07-06T13:37:40.355-0700][info][gc,phases      ] GC(184) Phase 3: Adjust pointers 67.537ms
[2024-07-06T13:37:40.355-0700][info][gc,phases,start] GC(184) Phase 4: Compact heap
[2024-07-06T13:37:40.357-0700][info][gc,phases      ] GC(184) Phase 4: Compact heap 1.961ms
[2024-07-06T13:37:40.361-0700][info][gc,heap        ] GC(184) Eden regions: 0->0(102)
[2024-07-06T13:37:40.361-0700][info][gc,heap        ] GC(184) Survivor regions: 0->0(0)
[2024-07-06T13:37:40.361-0700][info][gc,heap        ] GC(184) Old regions: 2038->2033
[2024-07-06T13:37:40.361-0700][info][gc,heap        ] GC(184) Archive regions: 2->2
[2024-07-06T13:37:40.361-0700][info][gc,heap        ] GC(184) Humongous regions: 8->8
[2024-07-06T13:37:40.361-0700][info][gc,metaspace   ] GC(184) Metaspace: 305K(512K)->305K(512K) NonClass: 297K(384K)->297K(384K) Class: 7K(128K)->7K(128K)
[2024-07-06T13:37:40.361-0700][info][gc             ] GC(184) Pause Full (G1 Compaction Pause) 4088M->4078M(4096M) 194.376ms
[2024-07-06T13:37:40.361-0700][info][gc,cpu         ] GC(184) User=0.76s Sys=0.00s Real=0.19s
[2024-07-06T13:37:40.361-0700][info][gc,marking     ] GC(182) Concurrent Mark From Roots 196.153ms
[2024-07-06T13:37:40.361-0700][info][gc,marking     ] GC(182) Concurrent Mark Abort
[2024-07-06T13:37:40.361-0700][info][gc             ] GC(182) Concurrent Mark Cycle 196.673ms
[2024-07-06T13:37:42.376-0700][info][gc,start       ] GC(185) Pause Young (Normal) (G1 Preventive Collection)
[2024-07-06T13:37:42.376-0700][info][gc,task        ] GC(185) Using 4 workers of 4 for evacuation
[2024-07-06T13:37:42.382-0700][info][gc             ] GC(185) To-space exhausted
[2024-07-06T13:37:42.382-0700][info][gc,phases      ] GC(185)   Pre Evacuate Collection Set: 0.3ms
[2024-07-06T13:37:42.382-0700][info][gc,phases      ] GC(185)   Merge Heap Roots: 0.1ms
[2024-07-06T13:37:42.382-0700][info][gc,phases      ] GC(185)   Evacuate Collection Set: 5.2ms
[2024-07-06T13:37:42.382-0700][info][gc,phases      ] GC(185)   Post Evacuate Collection Set: 0.5ms
[2024-07-06T13:37:42.382-0700][info][gc,phases      ] GC(185)   Other: 0.1ms
[2024-07-06T13:37:42.382-0700][info][gc,heap        ] GC(185) Eden regions: 3->0(100)
[2024-07-06T13:37:42.382-0700][info][gc,heap        ] GC(185) Survivor regions: 0->2(2)
[2024-07-06T13:37:42.382-0700][info][gc,heap        ] GC(185) Old regions: 2033->2035
[2024-07-06T13:37:42.382-0700][info][gc,heap        ] GC(185) Archive regions: 2->2
[2024-07-06T13:37:42.382-0700][info][gc,heap        ] GC(185) Humongous regions: 8->8
[2024-07-06T13:37:42.382-0700][info][gc,metaspace   ] GC(185) Metaspace: 305K(512K)->305K(512K) NonClass: 297K(384K)->297K(384K) Class: 7K(128K)->7K(128K)
[2024-07-06T13:37:42.382-0700][info][gc             ] GC(185) Pause Young (Normal) (G1 Preventive Collection) 4084M->4086M(4096M) 6.205ms
[2024-07-06T13:37:42.382-0700][info][gc,cpu         ] GC(185) User=0.02s Sys=0.00s Real=0.00s
[2024-07-06T13:37:42.382-0700][info][gc,start       ] GC(186) Pause Young (Concurrent Start) (G1 Evacuation Pause)
[2024-07-06T13:37:42.382-0700][info][gc,task        ] GC(186) Using 4 workers of 4 for evacuation
[2024-07-06T13:37:42.384-0700][info][gc             ] GC(186) To-space exhausted
[2024-07-06T13:37:42.384-0700][info][gc,phases      ] GC(186)   Pre Evacuate Collection Set: 0.3ms
[2024-07-06T13:37:42.384-0700][info][gc,phases      ] GC(186)   Merge Heap Roots: 0.1ms
[2024-07-06T13:37:42.384-0700][info][gc,phases      ] GC(186)   Evacuate Collection Set: 0.9ms
[2024-07-06T13:37:42.384-0700][info][gc,phases      ] GC(186)   Post Evacuate Collection Set: 0.4ms
[2024-07-06T13:37:42.384-0700][info][gc,phases      ] GC(186)   Other: 0.1ms
[2024-07-06T13:37:42.384-0700][info][gc,heap        ] GC(186) Eden regions: 1->0(102)
[2024-07-06T13:37:42.384-0700][info][gc,heap        ] GC(186) Survivor regions: 2->0(0)
[2024-07-06T13:37:42.384-0700][info][gc,heap        ] GC(186) Old regions: 2035->2038
[2024-07-06T13:37:42.384-0700][info][gc,heap        ] GC(186) Archive regions: 2->2
[2024-07-06T13:37:42.384-0700][info][gc,heap        ] GC(186) Humongous regions: 8->8
[2024-07-06T13:37:42.384-0700][info][gc,metaspace   ] GC(186) Metaspace: 305K(512K)->305K(512K) NonClass: 297K(384K)->297K(384K) Class: 7K(128K)->7K(128K)
[2024-07-06T13:37:42.384-0700][info][gc             ] GC(186) Pause Young (Concurrent Start) (G1 Evacuation Pause) 4088M->4088M(4096M) 1.791ms
[2024-07-06T13:37:42.384-0700][info][gc,cpu         ] GC(186) User=0.01s Sys=0.00s Real=0.01s
[2024-07-06T13:37:42.384-0700][info][gc,ergo        ] Attempting full compaction
[2024-07-06T13:37:42.384-0700][info][gc             ] GC(187) Concurrent Mark Cycle
[2024-07-06T13:37:42.384-0700][info][gc,marking     ] GC(187) Concurrent Clear Claimed Marks
[2024-07-06T13:37:42.384-0700][info][gc,marking     ] GC(187) Concurrent Clear Claimed Marks 0.006ms
[2024-07-06T13:37:42.384-0700][info][gc,marking     ] GC(187) Concurrent Scan Root Regions
[2024-07-06T13:37:42.384-0700][info][gc,marking     ] GC(187) Concurrent Scan Root Regions 0.022ms
[2024-07-06T13:37:42.384-0700][info][gc,marking     ] GC(187) Concurrent Mark
[2024-07-06T13:37:42.384-0700][info][gc,marking     ] GC(187) Concurrent Mark From Roots
[2024-07-06T13:37:42.384-0700][info][gc,task        ] GC(187) Using 1 workers of 1 for marking
[2024-07-06T13:37:42.384-0700][info][gc,task        ] GC(188) Using 4 workers of 4 for full compaction
[2024-07-06T13:37:42.384-0700][info][gc,start       ] GC(188) Pause Full (G1 Compaction Pause)
[2024-07-06T13:37:42.387-0700][info][gc,phases,start] GC(188) Phase 1: Mark live objects
[2024-07-06T13:37:42.486-0700][info][gc,phases      ] GC(188) Phase 1: Mark live objects 98.215ms
[2024-07-06T13:37:42.486-0700][info][gc,phases,start] GC(188) Phase 2: Prepare for compaction
[2024-07-06T13:37:42.487-0700][info][gc,phases      ] GC(188) Phase 2: Prepare for compaction 1.347ms
[2024-07-06T13:37:42.487-0700][info][gc,phases,start] GC(188) Phase 3: Adjust pointers
[2024-07-06T13:37:42.551-0700][info][gc,phases      ] GC(188) Phase 3: Adjust pointers 63.919ms
[2024-07-06T13:37:42.551-0700][info][gc,phases,start] GC(188) Phase 4: Compact heap
[2024-07-06T13:37:42.552-0700][info][gc,phases      ] GC(188) Phase 4: Compact heap 0.628ms
[2024-07-06T13:37:42.555-0700][info][gc,heap        ] GC(188) Eden regions: 0->0(102)
[2024-07-06T13:37:42.555-0700][info][gc,heap        ] GC(188) Survivor regions: 0->0(0)
[2024-07-06T13:37:42.555-0700][info][gc,heap        ] GC(188) Old regions: 2038->2036
[2024-07-06T13:37:42.555-0700][info][gc,heap        ] GC(188) Archive regions: 2->2
[2024-07-06T13:37:42.555-0700][info][gc,heap        ] GC(188) Humongous regions: 8->8
[2024-07-06T13:37:42.555-0700][info][gc,metaspace   ] GC(188) Metaspace: 305K(512K)->305K(512K) NonClass: 297K(384K)->297K(384K) Class: 7K(128K)->7K(128K)
[2024-07-06T13:37:42.555-0700][info][gc             ] GC(188) Pause Full (G1 Compaction Pause) 4088M->4086M(4096M) 170.692ms
[2024-07-06T13:37:42.555-0700][info][gc,cpu         ] GC(188) User=0.66s Sys=0.00s Real=0.17s
[2024-07-06T13:37:42.555-0700][info][gc,marking     ] GC(187) Concurrent Mark From Roots 171.067ms
[2024-07-06T13:37:42.555-0700][info][gc,marking     ] GC(187) Concurrent Mark Abort
[2024-07-06T13:37:42.555-0700][info][gc             ] GC(187) Concurrent Mark Cycle 171.193ms
[2024-07-06T13:37:42.555-0700][info][gc,start       ] GC(189) Pause Young (Normal) (G1 Preventive Collection)
[2024-07-06T13:37:42.555-0700][info][gc,task        ] GC(189) Using 4 workers of 4 for evacuation
[2024-07-06T13:37:42.557-0700][info][gc,phases      ] GC(189)   Pre Evacuate Collection Set: 0.3ms
[2024-07-06T13:37:42.557-0700][info][gc,phases      ] GC(189)   Merge Heap Roots: 0.1ms
[2024-07-06T13:37:42.557-0700][info][gc,phases      ] GC(189)   Evacuate Collection Set: 0.5ms
[2024-07-06T13:37:42.557-0700][info][gc,phases      ] GC(189)   Post Evacuate Collection Set: 0.3ms
[2024-07-06T13:37:42.557-0700][info][gc,phases      ] GC(189)   Other: 0.1ms
[2024-07-06T13:37:42.557-0700][info][gc,heap        ] GC(189) Eden regions: 1->0(101)
[2024-07-06T13:37:42.557-0700][info][gc,heap        ] GC(189) Survivor regions: 0->1(1)
[2024-07-06T13:37:42.557-0700][info][gc,heap        ] GC(189) Old regions: 2036->2036
[2024-07-06T13:37:42.557-0700][info][gc,heap        ] GC(189) Archive regions: 2->2
[2024-07-06T13:37:42.557-0700][info][gc,heap        ] GC(189) Humongous regions: 8->8
[2024-07-06T13:37:42.557-0700][info][gc,metaspace   ] GC(189) Metaspace: 305K(512K)->305K(512K) NonClass: 297K(384K)->297K(384K) Class: 7K(128K)->7K(128K)
[2024-07-06T13:37:42.557-0700][info][gc             ] GC(189) Pause Young (Normal) (G1 Preventive Collection) 4088M->4088M(4096M) 1.237ms
[2024-07-06T13:37:42.557-0700][info][gc,cpu         ] GC(189) User=0.00s Sys=0.00s Real=0.00s
[2024-07-06T13:37:44.676-0700][info][gc,start       ] GC(190) Pause Young (Concurrent Start) (G1 Evacuation Pause)
[2024-07-06T13:37:44.676-0700][info][gc,task        ] GC(190) Using 4 workers of 4 for evacuation
[2024-07-06T13:37:44.682-0700][info][gc             ] GC(190) To-space exhausted
[2024-07-06T13:37:44.682-0700][info][gc,phases      ] GC(190)   Pre Evacuate Collection Set: 0.3ms
[2024-07-06T13:37:44.682-0700][info][gc,phases      ] GC(190)   Merge Heap Roots: 0.2ms
[2024-07-06T13:37:44.682-0700][info][gc,phases      ] GC(190)   Evacuate Collection Set: 4.9ms
[2024-07-06T13:37:44.682-0700][info][gc,phases      ] GC(190)   Post Evacuate Collection Set: 0.5ms
[2024-07-06T13:37:44.682-0700][info][gc,phases      ] GC(190)   Other: 0.2ms
[2024-07-06T13:37:44.682-0700][info][gc,heap        ] GC(190) Eden regions: 1->0(102)
[2024-07-06T13:37:44.682-0700][info][gc,heap        ] GC(190) Survivor regions: 1->0(0)
[2024-07-06T13:37:44.682-0700][info][gc,heap        ] GC(190) Old regions: 2036->2038
[2024-07-06T13:37:44.682-0700][info][gc,heap        ] GC(190) Archive regions: 2->2
[2024-07-06T13:37:44.682-0700][info][gc,heap        ] GC(190) Humongous regions: 8->8
[2024-07-06T13:37:44.682-0700][info][gc,metaspace   ] GC(190) Metaspace: 305K(512K)->305K(512K) NonClass: 297K(384K)->297K(384K) Class: 7K(128K)->7K(128K)
[2024-07-06T13:37:44.682-0700][info][gc             ] GC(190) Pause Young (Concurrent Start) (G1 Evacuation Pause) 4090M->4090M(4096M) 6.054ms
[2024-07-06T13:37:44.682-0700][info][gc,cpu         ] GC(190) User=0.02s Sys=0.00s Real=0.00s
[2024-07-06T13:37:44.682-0700][info][gc,ergo        ] Attempting full compaction
[2024-07-06T13:37:44.682-0700][info][gc             ] GC(191) Concurrent Mark Cycle
[2024-07-06T13:37:44.682-0700][info][gc,marking     ] GC(191) Concurrent Clear Claimed Marks
[2024-07-06T13:37:44.682-0700][info][gc,marking     ] GC(191) Concurrent Clear Claimed Marks 0.030ms
[2024-07-06T13:37:44.682-0700][info][gc,marking     ] GC(191) Concurrent Scan Root Regions
[2024-07-06T13:37:44.682-0700][info][gc,marking     ] GC(191) Concurrent Scan Root Regions 0.013ms
[2024-07-06T13:37:44.682-0700][info][gc,marking     ] GC(191) Concurrent Mark
[2024-07-06T13:37:44.682-0700][info][gc,marking     ] GC(191) Concurrent Mark From Roots
[2024-07-06T13:37:44.682-0700][info][gc,task        ] GC(191) Using 1 workers of 1 for marking
[2024-07-06T13:37:44.682-0700][info][gc,task        ] GC(192) Using 4 workers of 4 for full compaction
[2024-07-06T13:37:44.682-0700][info][gc,start       ] GC(192) Pause Full (G1 Compaction Pause)
[2024-07-06T13:37:44.686-0700][info][gc,phases,start] GC(192) Phase 1: Mark live objects
[2024-07-06T13:37:44.794-0700][info][gc,phases      ] GC(192) Phase 1: Mark live objects 108.240ms
[2024-07-06T13:37:44.794-0700][info][gc,phases,start] GC(192) Phase 2: Prepare for compaction
[2024-07-06T13:37:44.795-0700][info][gc,phases      ] GC(192) Phase 2: Prepare for compaction 1.162ms
[2024-07-06T13:37:44.795-0700][info][gc,phases,start] GC(192) Phase 3: Adjust pointers
[2024-07-06T13:37:44.859-0700][info][gc,phases      ] GC(192) Phase 3: Adjust pointers 63.944ms
[2024-07-06T13:37:44.859-0700][info][gc,phases,start] GC(192) Phase 4: Compact heap
[2024-07-06T13:37:44.860-0700][info][gc,phases      ] GC(192) Phase 4: Compact heap 0.626ms
[2024-07-06T13:37:44.863-0700][info][gc,heap        ] GC(192) Eden regions: 0->0(102)
[2024-07-06T13:37:44.863-0700][info][gc,heap        ] GC(192) Survivor regions: 0->0(0)
[2024-07-06T13:37:44.863-0700][info][gc,heap        ] GC(192) Old regions: 2038->2037
[2024-07-06T13:37:44.863-0700][info][gc,heap        ] GC(192) Archive regions: 2->2
[2024-07-06T13:37:44.863-0700][info][gc,heap        ] GC(192) Humongous regions: 8->8
[2024-07-06T13:37:44.863-0700][info][gc,metaspace   ] GC(192) Metaspace: 305K(512K)->305K(512K) NonClass: 297K(384K)->297K(384K) Class: 7K(128K)->7K(128K)
[2024-07-06T13:37:44.863-0700][info][gc             ] GC(192) Pause Full (G1 Compaction Pause) 4090M->4090M(4096M) 180.665ms
[2024-07-06T13:37:44.863-0700][info][gc,cpu         ] GC(192) User=0.71s Sys=0.00s Real=0.19s
[2024-07-06T13:37:44.863-0700][info][gc,marking     ] GC(191) Concurrent Mark From Roots 180.950ms
[2024-07-06T13:37:44.863-0700][info][gc,marking     ] GC(191) Concurrent Mark Abort
[2024-07-06T13:37:44.863-0700][info][gc             ] GC(191) Concurrent Mark Cycle 181.138ms
[2024-07-06T13:37:44.863-0700][info][gc,start       ] GC(193) Pause Young (Normal) (G1 Evacuation Pause)
[2024-07-06T13:37:44.863-0700][info][gc,task        ] GC(193) Using 4 workers of 4 for evacuation
[2024-07-06T13:37:44.864-0700][info][gc             ] GC(193) To-space exhausted
[2024-07-06T13:37:44.864-0700][info][gc,phases      ] GC(193)   Pre Evacuate Collection Set: 0.2ms
[2024-07-06T13:37:44.864-0700][info][gc,phases      ] GC(193)   Merge Heap Roots: 0.1ms
[2024-07-06T13:37:44.864-0700][info][gc,phases      ] GC(193)   Evacuate Collection Set: 0.4ms
[2024-07-06T13:37:44.864-0700][info][gc,phases      ] GC(193)   Post Evacuate Collection Set: 0.3ms
[2024-07-06T13:37:44.864-0700][info][gc,phases      ] GC(193)   Other: 0.1ms
[2024-07-06T13:37:44.864-0700][info][gc,heap        ] GC(193) Eden regions: 1->0(102)
[2024-07-06T13:37:44.864-0700][info][gc,heap        ] GC(193) Survivor regions: 0->0(0)
[2024-07-06T13:37:44.864-0700][info][gc,heap        ] GC(193) Old regions: 2037->2038
[2024-07-06T13:37:44.864-0700][info][gc,heap        ] GC(193) Archive regions: 2->2
[2024-07-06T13:37:44.864-0700][info][gc,heap        ] GC(193) Humongous regions: 8->8
[2024-07-06T13:37:44.864-0700][info][gc,metaspace   ] GC(193) Metaspace: 305K(512K)->305K(512K) NonClass: 297K(384K)->297K(384K) Class: 7K(128K)->7K(128K)
[2024-07-06T13:37:44.864-0700][info][gc             ] GC(193) Pause Young (Normal) (G1 Evacuation Pause) 4092M->4092M(4096M) 1.168ms
[2024-07-06T13:37:44.865-0700][info][gc,cpu         ] GC(193) User=0.00s Sys=0.00s Real=0.00s
[2024-07-06T13:37:44.865-0700][info][gc,ergo        ] Attempting full compaction
[2024-07-06T13:37:44.865-0700][info][gc,task        ] GC(194) Using 4 workers of 4 for full compaction
[2024-07-06T13:37:44.865-0700][info][gc,start       ] GC(194) Pause Full (G1 Compaction Pause)
[2024-07-06T13:37:44.865-0700][info][gc,phases,start] GC(194) Phase 1: Mark live objects
[2024-07-06T13:37:44.964-0700][info][gc,phases      ] GC(194) Phase 1: Mark live objects 98.892ms
[2024-07-06T13:37:44.964-0700][info][gc,phases,start] GC(194) Phase 2: Prepare for compaction
[2024-07-06T13:37:44.964-0700][info][gc,phases      ] GC(194) Phase 2: Prepare for compaction 0.917ms
[2024-07-06T13:37:44.965-0700][info][gc,phases,start] GC(194) Phase 3: Adjust pointers
[2024-07-06T13:37:45.032-0700][info][gc,phases      ] GC(194) Phase 3: Adjust pointers 67.243ms
[2024-07-06T13:37:45.032-0700][info][gc,phases,start] GC(194) Phase 4: Compact heap
[2024-07-06T13:37:45.032-0700][info][gc,phases      ] GC(194) Phase 4: Compact heap 0.268ms
[2024-07-06T13:37:45.036-0700][info][gc,heap        ] GC(194) Eden regions: 0->0(102)
[2024-07-06T13:37:45.036-0700][info][gc,heap        ] GC(194) Survivor regions: 0->0(0)
[2024-07-06T13:37:45.036-0700][info][gc,heap        ] GC(194) Old regions: 2038->2038
[2024-07-06T13:37:45.036-0700][info][gc,heap        ] GC(194) Archive regions: 2->2
[2024-07-06T13:37:45.036-0700][info][gc,heap        ] GC(194) Humongous regions: 8->8
[2024-07-06T13:37:45.036-0700][info][gc,metaspace   ] GC(194) Metaspace: 305K(512K)->305K(512K) NonClass: 297K(384K)->297K(384K) Class: 7K(128K)->7K(128K)
[2024-07-06T13:37:45.036-0700][info][gc             ] GC(194) Pause Full (G1 Compaction Pause) 4092M->4092M(4096M) 171.239ms
[2024-07-06T13:37:45.036-0700][info][gc,cpu         ] GC(194) User=0.68s Sys=0.00s Real=0.17s
[2024-07-06T13:37:45.036-0700][info][gc,ergo        ] Attempting maximum full compaction clearing soft references
[2024-07-06T13:37:45.036-0700][info][gc,task        ] GC(195) Using 4 workers of 4 for full compaction
[2024-07-06T13:37:45.036-0700][info][gc,start       ] GC(195) Pause Full (G1 Compaction Pause)
[2024-07-06T13:37:45.036-0700][info][gc,phases,start] GC(195) Phase 1: Mark live objects
[2024-07-06T13:37:45.148-0700][info][gc,phases      ] GC(195) Phase 1: Mark live objects 111.931ms
[2024-07-06T13:37:45.148-0700][info][gc,phases,start] GC(195) Phase 2: Prepare for compaction
[2024-07-06T13:37:45.233-0700][info][gc,phases      ] GC(195) Phase 2: Prepare for compaction 84.519ms
[2024-07-06T13:37:45.233-0700][info][gc,phases,start] GC(195) Phase 3: Adjust pointers
[2024-07-06T13:37:45.330-0700][info][gc,phases      ] GC(195) Phase 3: Adjust pointers 97.383ms
[2024-07-06T13:37:45.330-0700][info][gc,phases,start] GC(195) Phase 4: Compact heap
[2024-07-06T13:37:45.853-0700][info][gc,phases      ] GC(195) Phase 4: Compact heap 523.013ms
[2024-07-06T13:37:45.857-0700][info][gc,heap        ] GC(195) Eden regions: 0->0(102)
[2024-07-06T13:37:45.857-0700][info][gc,heap        ] GC(195) Survivor regions: 0->0(0)
[2024-07-06T13:37:45.857-0700][info][gc,heap        ] GC(195) Old regions: 2038->2027
[2024-07-06T13:37:45.857-0700][info][gc,heap        ] GC(195) Archive regions: 2->2
[2024-07-06T13:37:45.857-0700][info][gc,heap        ] GC(195) Humongous regions: 8->8
[2024-07-06T13:37:45.857-0700][info][gc,metaspace   ] GC(195) Metaspace: 305K(512K)->305K(512K) NonClass: 297K(384K)->297K(384K) Class: 7K(128K)->7K(128K)
[2024-07-06T13:37:45.857-0700][info][gc             ] GC(195) Pause Full (G1 Compaction Pause) 4092M->4067M(4096M) 820.900ms
[2024-07-06T13:37:45.857-0700][info][gc,cpu         ] GC(195) User=3.23s Sys=0.00s Real=0.82s
[2024-07-06T13:37:47.947-0700][info][gc,start       ] GC(196) Pause Young (Concurrent Start) (G1 Preventive Collection)
[2024-07-06T13:37:47.947-0700][info][gc,task        ] GC(196) Using 4 workers of 4 for evacuation
[2024-07-06T13:37:47.955-0700][info][gc             ] GC(196) To-space exhausted
[2024-07-06T13:37:47.955-0700][info][gc,phases      ] GC(196)   Pre Evacuate Collection Set: 0.3ms
[2024-07-06T13:37:47.955-0700][info][gc,phases      ] GC(196)   Merge Heap Roots: 0.2ms
[2024-07-06T13:37:47.955-0700][info][gc,phases      ] GC(196)   Evacuate Collection Set: 6.5ms
[2024-07-06T13:37:47.955-0700][info][gc,phases      ] GC(196)   Post Evacuate Collection Set: 0.6ms
[2024-07-06T13:37:47.955-0700][info][gc,phases      ] GC(196)   Other: 0.2ms
[2024-07-06T13:37:47.955-0700][info][gc,heap        ] GC(196) Eden regions: 7->0(98)
[2024-07-06T13:37:47.955-0700][info][gc,heap        ] GC(196) Survivor regions: 0->4(4)
[2024-07-06T13:37:47.955-0700][info][gc,heap        ] GC(196) Old regions: 2027->2031
[2024-07-06T13:37:47.955-0700][info][gc,heap        ] GC(196) Archive regions: 2->2
[2024-07-06T13:37:47.955-0700][info][gc,heap        ] GC(196) Humongous regions: 8->8
[2024-07-06T13:37:47.955-0700][info][gc,metaspace   ] GC(196) Metaspace: 305K(512K)->305K(512K) NonClass: 297K(384K)->297K(384K) Class: 7K(128K)->7K(128K)
[2024-07-06T13:37:47.955-0700][info][gc             ] GC(196) Pause Young (Concurrent Start) (G1 Preventive Collection) 4081M->4083M(4096M) 7.862ms
[2024-07-06T13:37:47.955-0700][info][gc,cpu         ] GC(196) User=0.02s Sys=0.01s Real=0.01s
[2024-07-06T13:37:47.955-0700][info][gc             ] GC(197) Concurrent Mark Cycle
[2024-07-06T13:37:47.955-0700][info][gc,marking     ] GC(197) Concurrent Clear Claimed Marks
[2024-07-06T13:37:47.955-0700][info][gc,marking     ] GC(197) Concurrent Clear Claimed Marks 0.010ms
[2024-07-06T13:37:47.955-0700][info][gc,marking     ] GC(197) Concurrent Scan Root Regions
[2024-07-06T13:37:47.956-0700][info][gc,marking     ] GC(197) Concurrent Scan Root Regions 0.841ms
[2024-07-06T13:37:47.956-0700][info][gc,marking     ] GC(197) Concurrent Mark
[2024-07-06T13:37:47.956-0700][info][gc,start       ] GC(198) Pause Young (Normal) (G1 Preventive Collection)
[2024-07-06T13:37:47.956-0700][info][gc,task        ] GC(198) Using 4 workers of 4 for evacuation
[2024-07-06T13:37:47.956-0700][info][gc,marking     ] GC(197) Concurrent Mark From Roots
[2024-07-06T13:37:47.956-0700][info][gc,task        ] GC(197) Using 1 workers of 1 for marking
[2024-07-06T13:37:47.959-0700][info][gc             ] GC(198) To-space exhausted
[2024-07-06T13:37:47.959-0700][info][gc,phases      ] GC(198)   Pre Evacuate Collection Set: 0.6ms
[2024-07-06T13:37:47.959-0700][info][gc,phases      ] GC(198)   Merge Heap Roots: 0.1ms
[2024-07-06T13:37:47.959-0700][info][gc,phases      ] GC(198)   Evacuate Collection Set: 1.6ms
[2024-07-06T13:37:47.959-0700][info][gc,phases      ] GC(198)   Post Evacuate Collection Set: 0.5ms
[2024-07-06T13:37:47.959-0700][info][gc,phases      ] GC(198)   Other: 0.1ms
[2024-07-06T13:37:47.959-0700][info][gc,heap        ] GC(198) Eden regions: 1->0(100)
[2024-07-06T13:37:47.959-0700][info][gc,heap        ] GC(198) Survivor regions: 4->2(2)
[2024-07-06T13:37:47.959-0700][info][gc,heap        ] GC(198) Old regions: 2031->2036
[2024-07-06T13:37:47.959-0700][info][gc,heap        ] GC(198) Archive regions: 2->2
[2024-07-06T13:37:47.959-0700][info][gc,heap        ] GC(198) Humongous regions: 8->8
[2024-07-06T13:37:47.959-0700][info][gc,metaspace   ] GC(198) Metaspace: 305K(512K)->305K(512K) NonClass: 297K(384K)->297K(384K) Class: 7K(128K)->7K(128K)
[2024-07-06T13:37:47.959-0700][info][gc             ] GC(198) Pause Young (Normal) (G1 Preventive Collection) 4085M->4089M(4096M) 2.609ms
[2024-07-06T13:37:47.959-0700][info][gc,cpu         ] GC(198) User=0.01s Sys=0.00s Real=0.00s
[2024-07-06T13:37:47.959-0700][info][gc,ergo        ] Attempting full compaction
[2024-07-06T13:37:47.959-0700][info][gc,task        ] GC(199) Using 4 workers of 4 for full compaction
[2024-07-06T13:37:47.959-0700][info][gc,start       ] GC(199) Pause Full (G1 Compaction Pause)
[2024-07-06T13:37:47.962-0700][info][gc,phases,start] GC(199) Phase 1: Mark live objects
[2024-07-06T13:37:48.059-0700][info][gc,phases      ] GC(199) Phase 1: Mark live objects 96.886ms
[2024-07-06T13:37:48.059-0700][info][gc,phases,start] GC(199) Phase 2: Prepare for compaction
[2024-07-06T13:37:48.060-0700][info][gc,phases      ] GC(199) Phase 2: Prepare for compaction 1.453ms
[2024-07-06T13:37:48.060-0700][info][gc,phases,start] GC(199) Phase 3: Adjust pointers
[2024-07-06T13:37:48.125-0700][info][gc,phases      ] GC(199) Phase 3: Adjust pointers 65.036ms
[2024-07-06T13:37:48.125-0700][info][gc,phases,start] GC(199) Phase 4: Compact heap
[2024-07-06T13:37:48.127-0700][info][gc,phases      ] GC(199) Phase 4: Compact heap 1.399ms
[2024-07-06T13:37:48.130-0700][info][gc,heap        ] GC(199) Eden regions: 0->0(102)
[2024-07-06T13:37:48.130-0700][info][gc,heap        ] GC(199) Survivor regions: 2->0(2)
[2024-07-06T13:37:48.130-0700][info][gc,heap        ] GC(199) Old regions: 2036->2035
[2024-07-06T13:37:48.130-0700][info][gc,heap        ] GC(199) Archive regions: 2->2
[2024-07-06T13:37:48.130-0700][info][gc,heap        ] GC(199) Humongous regions: 8->8
[2024-07-06T13:37:48.130-0700][info][gc,metaspace   ] GC(199) Metaspace: 305K(512K)->305K(512K) NonClass: 297K(384K)->297K(384K) Class: 7K(128K)->7K(128K)
[2024-07-06T13:37:48.130-0700][info][gc             ] GC(199) Pause Full (G1 Compaction Pause) 4089M->4083M(4096M) 171.063ms
[2024-07-06T13:37:48.130-0700][info][gc,cpu         ] GC(199) User=0.66s Sys=0.00s Real=0.17s
[2024-07-06T13:37:48.130-0700][info][gc,marking     ] GC(197) Concurrent Mark From Roots 173.882ms
[2024-07-06T13:37:48.130-0700][info][gc,marking     ] GC(197) Concurrent Mark Abort
[2024-07-06T13:37:48.130-0700][info][gc             ] GC(197) Concurrent Mark Cycle 174.809ms
[2024-07-06T13:37:50.257-0700][info][gc,start       ] GC(200) Pause Young (Normal) (G1 Preventive Collection)
[2024-07-06T13:37:50.257-0700][info][gc,task        ] GC(200) Using 4 workers of 4 for evacuation
[2024-07-06T13:37:50.262-0700][info][gc,phases      ] GC(200)   Pre Evacuate Collection Set: 0.3ms
[2024-07-06T13:37:50.262-0700][info][gc,phases      ] GC(200)   Merge Heap Roots: 0.1ms
[2024-07-06T13:37:50.262-0700][info][gc,phases      ] GC(200)   Evacuate Collection Set: 4.6ms
[2024-07-06T13:37:50.262-0700][info][gc,phases      ] GC(200)   Post Evacuate Collection Set: 0.3ms
[2024-07-06T13:37:50.262-0700][info][gc,phases      ] GC(200)   Other: 0.5ms
[2024-07-06T13:37:50.262-0700][info][gc,heap        ] GC(200) Eden regions: 1->0(101)
[2024-07-06T13:37:50.262-0700][info][gc,heap        ] GC(200) Survivor regions: 0->1(2)
[2024-07-06T13:37:50.262-0700][info][gc,heap        ] GC(200) Old regions: 2035->2035
[2024-07-06T13:37:50.262-0700][info][gc,heap        ] GC(200) Archive regions: 2->2
[2024-07-06T13:37:50.262-0700][info][gc,heap        ] GC(200) Humongous regions: 8->8
[2024-07-06T13:37:50.262-0700][info][gc,metaspace   ] GC(200) Metaspace: 305K(512K)->305K(512K) NonClass: 297K(384K)->297K(384K) Class: 7K(128K)->7K(128K)
[2024-07-06T13:37:50.262-0700][info][gc             ] GC(200) Pause Young (Normal) (G1 Preventive Collection) 4085M->4085M(4096M) 5.860ms
[2024-07-06T13:37:50.262-0700][info][gc,cpu         ] GC(200) User=0.02s Sys=0.00s Real=0.00s
[2024-07-06T13:37:50.263-0700][info][gc,start       ] GC(201) Pause Young (Concurrent Start) (G1 Preventive Collection)
[2024-07-06T13:37:50.263-0700][info][gc,task        ] GC(201) Using 4 workers of 4 for evacuation
[2024-07-06T13:37:50.264-0700][info][gc             ] GC(201) To-space exhausted
[2024-07-06T13:37:50.264-0700][info][gc,phases      ] GC(201)   Pre Evacuate Collection Set: 0.3ms
[2024-07-06T13:37:50.264-0700][info][gc,phases      ] GC(201)   Merge Heap Roots: 0.1ms
[2024-07-06T13:37:50.264-0700][info][gc,phases      ] GC(201)   Evacuate Collection Set: 0.7ms
[2024-07-06T13:37:50.264-0700][info][gc,phases      ] GC(201)   Post Evacuate Collection Set: 0.4ms
[2024-07-06T13:37:50.264-0700][info][gc,phases      ] GC(201)   Other: 0.1ms
[2024-07-06T13:37:50.264-0700][info][gc,heap        ] GC(201) Eden regions: 1->0(101)
[2024-07-06T13:37:50.264-0700][info][gc,heap        ] GC(201) Survivor regions: 1->1(1)
[2024-07-06T13:37:50.264-0700][info][gc,heap        ] GC(201) Old regions: 2035->2037
[2024-07-06T13:37:50.264-0700][info][gc,heap        ] GC(201) Archive regions: 2->2
[2024-07-06T13:37:50.264-0700][info][gc,heap        ] GC(201) Humongous regions: 8->8
[2024-07-06T13:37:50.264-0700][info][gc,metaspace   ] GC(201) Metaspace: 305K(512K)->305K(512K) NonClass: 297K(384K)->297K(384K) Class: 7K(128K)->7K(128K)
[2024-07-06T13:37:50.264-0700][info][gc             ] GC(201) Pause Young (Concurrent Start) (G1 Preventive Collection) 4087M->4089M(4096M) 1.596ms
[2024-07-06T13:37:50.264-0700][info][gc,cpu         ] GC(201) User=0.00s Sys=0.00s Real=0.01s
[2024-07-06T13:37:50.264-0700][info][gc,ergo        ] Attempting full compaction
[2024-07-06T13:37:50.264-0700][info][gc             ] GC(203) Concurrent Mark Cycle
[2024-07-06T13:37:50.264-0700][info][gc,marking     ] GC(203) Concurrent Clear Claimed Marks
[2024-07-06T13:37:50.264-0700][info][gc,marking     ] GC(203) Concurrent Clear Claimed Marks 0.029ms
[2024-07-06T13:37:50.264-0700][info][gc,marking     ] GC(203) Concurrent Scan Root Regions
[2024-07-06T13:37:50.264-0700][info][gc,task        ] GC(202) Using 4 workers of 4 for full compaction
[2024-07-06T13:37:50.265-0700][info][gc,marking     ] GC(203) Concurrent Scan Root Regions 0.090ms
[2024-07-06T13:37:50.265-0700][info][gc,marking     ] GC(203) Concurrent Mark
[2024-07-06T13:37:50.265-0700][info][gc,marking     ] GC(203) Concurrent Mark From Roots
[2024-07-06T13:37:50.265-0700][info][gc,task        ] GC(203) Using 1 workers of 1 for marking
[2024-07-06T13:37:50.265-0700][info][gc,start       ] GC(202) Pause Full (G1 Compaction Pause)
[2024-07-06T13:37:50.268-0700][info][gc,phases,start] GC(202) Phase 1: Mark live objects
[2024-07-06T13:37:50.368-0700][info][gc,phases      ] GC(202) Phase 1: Mark live objects 99.738ms
[2024-07-06T13:37:50.368-0700][info][gc,phases,start] GC(202) Phase 2: Prepare for compaction
[2024-07-06T13:37:50.369-0700][info][gc,phases      ] GC(202) Phase 2: Prepare for compaction 1.155ms
[2024-07-06T13:37:50.369-0700][info][gc,phases,start] GC(202) Phase 3: Adjust pointers
[2024-07-06T13:37:50.434-0700][info][gc,phases      ] GC(202) Phase 3: Adjust pointers 65.094ms
[2024-07-06T13:37:50.434-0700][info][gc,phases,start] GC(202) Phase 4: Compact heap
[2024-07-06T13:37:50.435-0700][info][gc,phases      ] GC(202) Phase 4: Compact heap 0.622ms
[2024-07-06T13:37:50.438-0700][info][gc,heap        ] GC(202) Eden regions: 0->0(102)
[2024-07-06T13:37:50.438-0700][info][gc,heap        ] GC(202) Survivor regions: 1->0(1)
[2024-07-06T13:37:50.438-0700][info][gc,heap        ] GC(202) Old regions: 2037->2036
[2024-07-06T13:37:50.438-0700][info][gc,heap        ] GC(202) Archive regions: 2->2
[2024-07-06T13:37:50.438-0700][info][gc,heap        ] GC(202) Humongous regions: 8->8
[2024-07-06T13:37:50.438-0700][info][gc,metaspace   ] GC(202) Metaspace: 305K(512K)->305K(512K) NonClass: 297K(384K)->297K(384K) Class: 7K(128K)->7K(128K)
[2024-07-06T13:37:50.438-0700][info][gc             ] GC(202) Pause Full (G1 Compaction Pause) 4089M->4087M(4096M) 173.136ms
[2024-07-06T13:37:50.438-0700][info][gc,cpu         ] GC(202) User=0.68s Sys=0.00s Real=0.17s
[2024-07-06T13:37:50.438-0700][info][gc,marking     ] GC(203) Concurrent Mark From Roots 173.231ms
[2024-07-06T13:37:50.438-0700][info][gc,marking     ] GC(203) Concurrent Mark Abort
[2024-07-06T13:37:50.438-0700][info][gc             ] GC(203) Concurrent Mark Cycle 173.464ms
[2024-07-06T13:37:50.438-0700][info][gc,start       ] GC(204) Pause Young (Normal) (G1 Preventive Collection)
[2024-07-06T13:37:50.438-0700][info][gc,task        ] GC(204) Using 4 workers of 4 for evacuation
[2024-07-06T13:37:50.439-0700][info][gc,phases      ] GC(204)   Pre Evacuate Collection Set: 0.2ms
[2024-07-06T13:37:50.439-0700][info][gc,phases      ] GC(204)   Merge Heap Roots: 0.1ms
[2024-07-06T13:37:50.439-0700][info][gc,phases      ] GC(204)   Evacuate Collection Set: 0.5ms
[2024-07-06T13:37:50.439-0700][info][gc,phases      ] GC(204)   Post Evacuate Collection Set: 0.2ms
[2024-07-06T13:37:50.439-0700][info][gc,phases      ] GC(204)   Other: 0.0ms
[2024-07-06T13:37:50.439-0700][info][gc,heap        ] GC(204) Eden regions: 1->0(101)
[2024-07-06T13:37:50.439-0700][info][gc,heap        ] GC(204) Survivor regions: 0->1(1)
[2024-07-06T13:37:50.439-0700][info][gc,heap        ] GC(204) Old regions: 2036->2036
[2024-07-06T13:37:50.439-0700][info][gc,heap        ] GC(204) Archive regions: 2->2
[2024-07-06T13:37:50.439-0700][info][gc,heap        ] GC(204) Humongous regions: 8->8
[2024-07-06T13:37:50.439-0700][info][gc,metaspace   ] GC(204) Metaspace: 305K(512K)->305K(512K) NonClass: 297K(384K)->297K(384K) Class: 7K(128K)->7K(128K)
[2024-07-06T13:37:50.439-0700][info][gc             ] GC(204) Pause Young (Normal) (G1 Preventive Collection) 4089M->4089M(4096M) 1.192ms
[2024-07-06T13:37:50.439-0700][info][gc,cpu         ] GC(204) User=0.00s Sys=0.00s Real=0.00s
[2024-07-06T13:37:50.439-0700][info][gc,start       ] GC(205) Pause Young (Concurrent Start) (G1 Evacuation Pause)
[2024-07-06T13:37:50.439-0700][info][gc,task        ] GC(205) Using 4 workers of 4 for evacuation
[2024-07-06T13:37:50.441-0700][info][gc             ] GC(205) To-space exhausted
[2024-07-06T13:37:50.441-0700][info][gc,phases      ] GC(205)   Pre Evacuate Collection Set: 0.2ms
[2024-07-06T13:37:50.441-0700][info][gc,phases      ] GC(205)   Merge Heap Roots: 0.1ms
[2024-07-06T13:37:50.441-0700][info][gc,phases      ] GC(205)   Evacuate Collection Set: 0.6ms
[2024-07-06T13:37:50.441-0700][info][gc,phases      ] GC(205)   Post Evacuate Collection Set: 0.4ms
[2024-07-06T13:37:50.441-0700][info][gc,phases      ] GC(205)   Other: 0.1ms
[2024-07-06T13:37:50.441-0700][info][gc,heap        ] GC(205) Eden regions: 1->0(102)
[2024-07-06T13:37:50.441-0700][info][gc,heap        ] GC(205) Survivor regions: 1->0(0)
[2024-07-06T13:37:50.441-0700][info][gc,heap        ] GC(205) Old regions: 2036->2038
[2024-07-06T13:37:50.441-0700][info][gc,heap        ] GC(205) Archive regions: 2->2
[2024-07-06T13:37:50.441-0700][info][gc,heap        ] GC(205) Humongous regions: 8->8
[2024-07-06T13:37:50.441-0700][info][gc,metaspace   ] GC(205) Metaspace: 305K(512K)->305K(512K) NonClass: 297K(384K)->297K(384K) Class: 7K(128K)->7K(128K)
[2024-07-06T13:37:50.441-0700][info][gc             ] GC(205) Pause Young (Concurrent Start) (G1 Evacuation Pause) 4091M->4091M(4096M) 1.459ms
[2024-07-06T13:37:50.441-0700][info][gc,cpu         ] GC(205) User=0.00s Sys=0.01s Real=0.00s
[2024-07-06T13:37:50.441-0700][info][gc,ergo        ] Attempting full compaction
[2024-07-06T13:37:50.441-0700][info][gc             ] GC(206) Concurrent Mark Cycle
[2024-07-06T13:37:50.441-0700][info][gc,marking     ] GC(206) Concurrent Clear Claimed Marks
[2024-07-06T13:37:50.441-0700][info][gc,marking     ] GC(206) Concurrent Clear Claimed Marks 0.006ms
[2024-07-06T13:37:50.441-0700][info][gc,marking     ] GC(206) Concurrent Scan Root Regions
[2024-07-06T13:37:50.441-0700][info][gc,marking     ] GC(206) Concurrent Scan Root Regions 0.005ms
[2024-07-06T13:37:50.441-0700][info][gc,marking     ] GC(206) Concurrent Mark
[2024-07-06T13:37:50.441-0700][info][gc,marking     ] GC(206) Concurrent Mark From Roots
[2024-07-06T13:37:50.441-0700][info][gc,task        ] GC(207) Using 4 workers of 4 for full compaction
[2024-07-06T13:37:50.441-0700][info][gc,task        ] GC(206) Using 1 workers of 1 for marking
[2024-07-06T13:37:50.441-0700][info][gc,start       ] GC(207) Pause Full (G1 Compaction Pause)
[2024-07-06T13:37:50.444-0700][info][gc,phases,start] GC(207) Phase 1: Mark live objects
[2024-07-06T13:37:50.549-0700][info][gc,phases      ] GC(207) Phase 1: Mark live objects 104.763ms
[2024-07-06T13:37:50.549-0700][info][gc,phases,start] GC(207) Phase 2: Prepare for compaction
[2024-07-06T13:37:50.550-0700][info][gc,phases      ] GC(207) Phase 2: Prepare for compaction 0.936ms
[2024-07-06T13:37:50.550-0700][info][gc,phases,start] GC(207) Phase 3: Adjust pointers
[2024-07-06T13:37:50.614-0700][info][gc,phases      ] GC(207) Phase 3: Adjust pointers 64.109ms
[2024-07-06T13:37:50.614-0700][info][gc,phases,start] GC(207) Phase 4: Compact heap
[2024-07-06T13:37:50.615-0700][info][gc,phases      ] GC(207) Phase 4: Compact heap 0.483ms
[2024-07-06T13:37:50.618-0700][info][gc,heap        ] GC(207) Eden regions: 0->0(102)
[2024-07-06T13:37:50.618-0700][info][gc,heap        ] GC(207) Survivor regions: 0->0(0)
[2024-07-06T13:37:50.618-0700][info][gc,heap        ] GC(207) Old regions: 2038->2038
[2024-07-06T13:37:50.618-0700][info][gc,heap        ] GC(207) Archive regions: 2->2
[2024-07-06T13:37:50.618-0700][info][gc,heap        ] GC(207) Humongous regions: 8->8
[2024-07-06T13:37:50.618-0700][info][gc,metaspace   ] GC(207) Metaspace: 305K(512K)->305K(512K) NonClass: 297K(384K)->297K(384K) Class: 7K(128K)->7K(128K)
[2024-07-06T13:37:50.618-0700][info][gc             ] GC(207) Pause Full (G1 Compaction Pause) 4091M->4091M(4096M) 176.517ms
[2024-07-06T13:37:50.618-0700][info][gc,cpu         ] GC(207) User=0.70s Sys=0.00s Real=0.18s
[2024-07-06T13:37:50.618-0700][info][gc,ergo        ] Attempting maximum full compaction clearing soft references
[2024-07-06T13:37:50.618-0700][info][gc,task        ] GC(208) Using 4 workers of 4 for full compaction
[2024-07-06T13:37:50.618-0700][info][gc,start       ] GC(208) Pause Full (G1 Compaction Pause)
[2024-07-06T13:37:50.618-0700][info][gc,phases,start] GC(208) Phase 1: Mark live objects
[2024-07-06T13:37:50.716-0700][info][gc,phases      ] GC(208) Phase 1: Mark live objects 97.997ms
[2024-07-06T13:37:50.716-0700][info][gc,phases,start] GC(208) Phase 2: Prepare for compaction
[2024-07-06T13:37:50.797-0700][info][gc,phases      ] GC(208) Phase 2: Prepare for compaction 81.252ms
[2024-07-06T13:37:50.797-0700][info][gc,phases,start] GC(208) Phase 3: Adjust pointers
[2024-07-06T13:37:50.908-0700][info][gc,phases      ] GC(208) Phase 3: Adjust pointers 110.642ms
[2024-07-06T13:37:50.908-0700][info][gc,phases,start] GC(208) Phase 4: Compact heap
[2024-07-06T13:37:51.384-0700][info][gc,phases      ] GC(208) Phase 4: Compact heap 476.254ms
[2024-07-06T13:37:51.387-0700][info][gc,heap        ] GC(208) Eden regions: 0->0(102)
[2024-07-06T13:37:51.388-0700][info][gc,heap        ] GC(208) Survivor regions: 0->0(0)
[2024-07-06T13:37:51.388-0700][info][gc,heap        ] GC(208) Old regions: 2038->2034
[2024-07-06T13:37:51.388-0700][info][gc,heap        ] GC(208) Archive regions: 2->2
[2024-07-06T13:37:51.388-0700][info][gc,heap        ] GC(208) Humongous regions: 8->8
[2024-07-06T13:37:51.388-0700][info][gc,metaspace   ] GC(208) Metaspace: 305K(512K)->305K(512K) NonClass: 297K(384K)->297K(384K) Class: 7K(128K)->7K(128K)
[2024-07-06T13:37:51.388-0700][info][gc             ] GC(208) Pause Full (G1 Compaction Pause) 4091M->4081M(4096M) 769.812ms
[2024-07-06T13:37:51.388-0700][info][gc,cpu         ] GC(208) User=3.02s Sys=0.00s Real=0.77s
[2024-07-06T13:37:51.388-0700][info][gc,marking     ] GC(206) Concurrent Mark From Roots 946.671ms
[2024-07-06T13:37:51.388-0700][info][gc,marking     ] GC(206) Concurrent Mark Abort
[2024-07-06T13:37:51.388-0700][info][gc             ] GC(206) Concurrent Mark Cycle 946.739ms
[2024-07-06T13:37:53.451-0700][info][gc,start       ] GC(209) Pause Young (Normal) (G1 Preventive Collection)
[2024-07-06T13:37:53.451-0700][info][gc,task        ] GC(209) Using 4 workers of 4 for evacuation
[2024-07-06T13:37:53.457-0700][info][gc,phases      ] GC(209)   Pre Evacuate Collection Set: 0.3ms
[2024-07-06T13:37:53.457-0700][info][gc,phases      ] GC(209)   Merge Heap Roots: 0.2ms
[2024-07-06T13:37:53.457-0700][info][gc,phases      ] GC(209)   Evacuate Collection Set: 5.4ms
[2024-07-06T13:37:53.457-0700][info][gc,phases      ] GC(209)   Post Evacuate Collection Set: 0.3ms
[2024-07-06T13:37:53.457-0700][info][gc,phases      ] GC(209)   Other: 0.1ms
[2024-07-06T13:37:53.457-0700][info][gc,heap        ] GC(209) Eden regions: 2->0(100)
[2024-07-06T13:37:53.457-0700][info][gc,heap        ] GC(209) Survivor regions: 0->2(2)
[2024-07-06T13:37:53.457-0700][info][gc,heap        ] GC(209) Old regions: 2034->2034
[2024-07-06T13:37:53.457-0700][info][gc,heap        ] GC(209) Archive regions: 2->2
[2024-07-06T13:37:53.457-0700][info][gc,heap        ] GC(209) Humongous regions: 8->8
[2024-07-06T13:37:53.457-0700][info][gc,metaspace   ] GC(209) Metaspace: 305K(512K)->305K(512K) NonClass: 297K(384K)->297K(384K) Class: 7K(128K)->7K(128K)
[2024-07-06T13:37:53.457-0700][info][gc             ] GC(209) Pause Young (Normal) (G1 Preventive Collection) 4085M->4085M(4096M) 6.319ms
[2024-07-06T13:37:53.457-0700][info][gc,cpu         ] GC(209) User=0.02s Sys=0.00s Real=0.01s
[2024-07-06T13:37:53.458-0700][info][gc,start       ] GC(210) Pause Young (Concurrent Start) (G1 Preventive Collection)
[2024-07-06T13:37:53.458-0700][info][gc,task        ] GC(210) Using 4 workers of 4 for evacuation
[2024-07-06T13:37:53.459-0700][info][gc             ] GC(210) To-space exhausted
[2024-07-06T13:37:53.459-0700][info][gc,phases      ] GC(210)   Pre Evacuate Collection Set: 0.3ms
[2024-07-06T13:37:53.459-0700][info][gc,phases      ] GC(210)   Merge Heap Roots: 0.1ms
[2024-07-06T13:37:53.459-0700][info][gc,phases      ] GC(210)   Evacuate Collection Set: 0.9ms
[2024-07-06T13:37:53.459-0700][info][gc,phases      ] GC(210)   Post Evacuate Collection Set: 0.4ms
[2024-07-06T13:37:53.459-0700][info][gc,phases      ] GC(210)   Other: 0.1ms
[2024-07-06T13:37:53.459-0700][info][gc,heap        ] GC(210) Eden regions: 1->0(101)
[2024-07-06T13:37:53.459-0700][info][gc,heap        ] GC(210) Survivor regions: 2->1(1)
[2024-07-06T13:37:53.459-0700][info][gc,heap        ] GC(210) Old regions: 2034->2037
[2024-07-06T13:37:53.459-0700][info][gc,heap        ] GC(210) Archive regions: 2->2
[2024-07-06T13:37:53.459-0700][info][gc,heap        ] GC(210) Humongous regions: 8->8
[2024-07-06T13:37:53.459-0700][info][gc,metaspace   ] GC(210) Metaspace: 305K(512K)->305K(512K) NonClass: 297K(384K)->297K(384K) Class: 7K(128K)->7K(128K)
[2024-07-06T13:37:53.459-0700][info][gc             ] GC(210) Pause Young (Concurrent Start) (G1 Preventive Collection) 4087M->4089M(4096M) 1.821ms
[2024-07-06T13:37:53.459-0700][info][gc,cpu         ] GC(210) User=0.00s Sys=0.00s Real=0.00s
[2024-07-06T13:37:53.459-0700][info][gc,ergo        ] Attempting full compaction
[2024-07-06T13:37:53.459-0700][info][gc             ] GC(211) Concurrent Mark Cycle
[2024-07-06T13:37:53.460-0700][info][gc,marking     ] GC(211) Concurrent Clear Claimed Marks
[2024-07-06T13:37:53.460-0700][info][gc,marking     ] GC(211) Concurrent Clear Claimed Marks 0.029ms
[2024-07-06T13:37:53.460-0700][info][gc,marking     ] GC(211) Concurrent Scan Root Regions
[2024-07-06T13:37:53.459-0700][info][gc,task        ] GC(212) Using 4 workers of 4 for full compaction
[2024-07-06T13:37:53.460-0700][info][gc,marking     ] GC(211) Concurrent Scan Root Regions 0.105ms
[2024-07-06T13:37:53.460-0700][info][gc,marking     ] GC(211) Concurrent Mark
[2024-07-06T13:37:53.460-0700][info][gc,marking     ] GC(211) Concurrent Mark From Roots
[2024-07-06T13:37:53.460-0700][info][gc,task        ] GC(211) Using 1 workers of 1 for marking
[2024-07-06T13:37:53.460-0700][info][gc,start       ] GC(212) Pause Full (G1 Compaction Pause)
[2024-07-06T13:37:53.463-0700][info][gc,phases,start] GC(212) Phase 1: Mark live objects
[2024-07-06T13:37:53.558-0700][info][gc,phases      ] GC(212) Phase 1: Mark live objects 95.564ms
[2024-07-06T13:37:53.558-0700][info][gc,phases,start] GC(212) Phase 2: Prepare for compaction
[2024-07-06T13:37:53.560-0700][info][gc,phases      ] GC(212) Phase 2: Prepare for compaction 1.204ms
[2024-07-06T13:37:53.560-0700][info][gc,phases,start] GC(212) Phase 3: Adjust pointers
[2024-07-06T13:37:53.626-0700][info][gc,phases      ] GC(212) Phase 3: Adjust pointers 66.643ms
[2024-07-06T13:37:53.626-0700][info][gc,phases,start] GC(212) Phase 4: Compact heap
[2024-07-06T13:37:53.627-0700][info][gc,phases      ] GC(212) Phase 4: Compact heap 0.856ms
[2024-07-06T13:37:53.630-0700][info][gc,heap        ] GC(212) Eden regions: 0->0(102)
[2024-07-06T13:37:53.630-0700][info][gc,heap        ] GC(212) Survivor regions: 1->0(1)
[2024-07-06T13:37:53.630-0700][info][gc,heap        ] GC(212) Old regions: 2037->2037
[2024-07-06T13:37:53.630-0700][info][gc,heap        ] GC(212) Archive regions: 2->2
[2024-07-06T13:37:53.630-0700][info][gc,heap        ] GC(212) Humongous regions: 8->8
[2024-07-06T13:37:53.630-0700][info][gc,metaspace   ] GC(212) Metaspace: 305K(512K)->305K(512K) NonClass: 297K(384K)->297K(384K) Class: 7K(128K)->7K(128K)
[2024-07-06T13:37:53.630-0700][info][gc             ] GC(212) Pause Full (G1 Compaction Pause) 4089M->4087M(4096M) 170.496ms
[2024-07-06T13:37:53.630-0700][info][gc,cpu         ] GC(212) User=0.67s Sys=0.00s Real=0.17s
[2024-07-06T13:37:53.630-0700][info][gc,marking     ] GC(211) Concurrent Mark From Roots 170.673ms
[2024-07-06T13:37:53.630-0700][info][gc,marking     ] GC(211) Concurrent Mark Abort
[2024-07-06T13:37:53.630-0700][info][gc             ] GC(211) Concurrent Mark Cycle 170.914ms
[2024-07-06T13:37:53.631-0700][info][gc,start       ] GC(213) Pause Young (Normal) (G1 Evacuation Pause)
[2024-07-06T13:37:53.631-0700][info][gc,task        ] GC(213) Using 4 workers of 4 for evacuation
[2024-07-06T13:37:53.632-0700][info][gc             ] GC(213) To-space exhausted
[2024-07-06T13:37:53.632-0700][info][gc,phases      ] GC(213)   Pre Evacuate Collection Set: 0.3ms
[2024-07-06T13:37:53.632-0700][info][gc,phases      ] GC(213)   Merge Heap Roots: 0.1ms
[2024-07-06T13:37:53.632-0700][info][gc,phases      ] GC(213)   Evacuate Collection Set: 0.4ms
[2024-07-06T13:37:53.632-0700][info][gc,phases      ] GC(213)   Post Evacuate Collection Set: 0.4ms
[2024-07-06T13:37:53.632-0700][info][gc,phases      ] GC(213)   Other: 0.1ms
[2024-07-06T13:37:53.632-0700][info][gc,heap        ] GC(213) Eden regions: 1->0(102)
[2024-07-06T13:37:53.632-0700][info][gc,heap        ] GC(213) Survivor regions: 0->0(0)
[2024-07-06T13:37:53.632-0700][info][gc,heap        ] GC(213) Old regions: 2037->2038
[2024-07-06T13:37:53.632-0700][info][gc,heap        ] GC(213) Archive regions: 2->2
[2024-07-06T13:37:53.632-0700][info][gc,heap        ] GC(213) Humongous regions: 8->8
[2024-07-06T13:37:53.632-0700][info][gc,metaspace   ] GC(213) Metaspace: 305K(512K)->305K(512K) NonClass: 297K(384K)->297K(384K) Class: 7K(128K)->7K(128K)
[2024-07-06T13:37:53.632-0700][info][gc             ] GC(213) Pause Young (Normal) (G1 Evacuation Pause) 4089M->4089M(4096M) 1.293ms
[2024-07-06T13:37:53.632-0700][info][gc,cpu         ] GC(213) User=0.00s Sys=0.00s Real=0.00s
[2024-07-06T13:37:53.632-0700][info][gc,ergo        ] Attempting full compaction
[2024-07-06T13:37:53.632-0700][info][gc,task        ] GC(214) Using 4 workers of 4 for full compaction
[2024-07-06T13:37:53.632-0700][info][gc,start       ] GC(214) Pause Full (G1 Compaction Pause)
[2024-07-06T13:37:53.632-0700][info][gc,phases,start] GC(214) Phase 1: Mark live objects
[2024-07-06T13:37:53.755-0700][info][gc,phases      ] GC(214) Phase 1: Mark live objects 123.024ms
[2024-07-06T13:37:53.755-0700][info][gc,phases,start] GC(214) Phase 2: Prepare for compaction
[2024-07-06T13:37:53.756-0700][info][gc,phases      ] GC(214) Phase 2: Prepare for compaction 1.097ms
[2024-07-06T13:37:53.756-0700][info][gc,phases,start] GC(214) Phase 3: Adjust pointers
[2024-07-06T13:37:53.823-0700][info][gc,phases      ] GC(214) Phase 3: Adjust pointers 66.426ms
[2024-07-06T13:37:53.823-0700][info][gc,phases,start] GC(214) Phase 4: Compact heap
[2024-07-06T13:37:53.823-0700][info][gc,phases      ] GC(214) Phase 4: Compact heap 0.391ms
[2024-07-06T13:37:53.826-0700][info][gc,heap        ] GC(214) Eden regions: 0->0(102)
[2024-07-06T13:37:53.826-0700][info][gc,heap        ] GC(214) Survivor regions: 0->0(0)
[2024-07-06T13:37:53.826-0700][info][gc,heap        ] GC(214) Old regions: 2038->2037
[2024-07-06T13:37:53.826-0700][info][gc,heap        ] GC(214) Archive regions: 2->2
[2024-07-06T13:37:53.826-0700][info][gc,heap        ] GC(214) Humongous regions: 8->8
[2024-07-06T13:37:53.826-0700][info][gc,metaspace   ] GC(214) Metaspace: 305K(512K)->305K(512K) NonClass: 297K(384K)->297K(384K) Class: 7K(128K)->7K(128K)
[2024-07-06T13:37:53.826-0700][info][gc             ] GC(214) Pause Full (G1 Compaction Pause) 4089M->4089M(4096M) 194.384ms
[2024-07-06T13:37:53.826-0700][info][gc,cpu         ] GC(214) User=0.76s Sys=0.00s Real=0.20s
[2024-07-06T13:37:53.827-0700][info][gc,start       ] GC(215) Pause Young (Concurrent Start) (G1 Evacuation Pause)
[2024-07-06T13:37:53.827-0700][info][gc,task        ] GC(215) Using 4 workers of 4 for evacuation
[2024-07-06T13:37:53.828-0700][info][gc             ] GC(215) To-space exhausted
[2024-07-06T13:37:53.828-0700][info][gc,phases      ] GC(215)   Pre Evacuate Collection Set: 0.3ms
[2024-07-06T13:37:53.828-0700][info][gc,phases      ] GC(215)   Merge Heap Roots: 0.1ms
[2024-07-06T13:37:53.828-0700][info][gc,phases      ] GC(215)   Evacuate Collection Set: 0.5ms
[2024-07-06T13:37:53.828-0700][info][gc,phases      ] GC(215)   Post Evacuate Collection Set: 0.4ms
[2024-07-06T13:37:53.828-0700][info][gc,phases      ] GC(215)   Other: 0.1ms
[2024-07-06T13:37:53.828-0700][info][gc,heap        ] GC(215) Eden regions: 1->0(102)
[2024-07-06T13:37:53.828-0700][info][gc,heap        ] GC(215) Survivor regions: 0->0(0)
[2024-07-06T13:37:53.828-0700][info][gc,heap        ] GC(215) Old regions: 2037->2038
[2024-07-06T13:37:53.828-0700][info][gc,heap        ] GC(215) Archive regions: 2->2
[2024-07-06T13:37:53.828-0700][info][gc,heap        ] GC(215) Humongous regions: 8->8
[2024-07-06T13:37:53.828-0700][info][gc,metaspace   ] GC(215) Metaspace: 305K(512K)->305K(512K) NonClass: 297K(384K)->297K(384K) Class: 7K(128K)->7K(128K)
[2024-07-06T13:37:53.828-0700][info][gc             ] GC(215) Pause Young (Concurrent Start) (G1 Evacuation Pause) 4091M->4091M(4096M) 1.394ms
[2024-07-06T13:37:53.828-0700][info][gc,cpu         ] GC(215) User=0.00s Sys=0.00s Real=0.00s
[2024-07-06T13:37:53.828-0700][info][gc,ergo        ] Attempting full compaction
[2024-07-06T13:37:53.828-0700][info][gc             ] GC(216) Concurrent Mark Cycle
[2024-07-06T13:37:53.828-0700][info][gc,marking     ] GC(216) Concurrent Clear Claimed Marks
[2024-07-06T13:37:53.828-0700][info][gc,marking     ] GC(216) Concurrent Clear Claimed Marks 0.029ms
[2024-07-06T13:37:53.828-0700][info][gc,marking     ] GC(216) Concurrent Scan Root Regions
[2024-07-06T13:37:53.828-0700][info][gc,marking     ] GC(216) Concurrent Scan Root Regions 0.030ms
[2024-07-06T13:37:53.828-0700][info][gc,task        ] GC(217) Using 4 workers of 4 for full compaction
[2024-07-06T13:37:53.828-0700][info][gc,marking     ] GC(216) Concurrent Mark
[2024-07-06T13:37:53.828-0700][info][gc,marking     ] GC(216) Concurrent Mark From Roots
[2024-07-06T13:37:53.828-0700][info][gc,task        ] GC(216) Using 1 workers of 1 for marking
[2024-07-06T13:37:53.828-0700][info][gc,start       ] GC(217) Pause Full (G1 Compaction Pause)
[2024-07-06T13:37:53.832-0700][info][gc,phases,start] GC(217) Phase 1: Mark live objects
[2024-07-06T13:37:53.941-0700][info][gc,phases      ] GC(217) Phase 1: Mark live objects 108.740ms
[2024-07-06T13:37:53.941-0700][info][gc,phases,start] GC(217) Phase 2: Prepare for compaction
[2024-07-06T13:37:53.942-0700][info][gc,phases      ] GC(217) Phase 2: Prepare for compaction 1.239ms
[2024-07-06T13:37:53.942-0700][info][gc,phases,start] GC(217) Phase 3: Adjust pointers
[2024-07-06T13:37:54.012-0700][info][gc,phases      ] GC(217) Phase 3: Adjust pointers 69.964ms
[2024-07-06T13:37:54.012-0700][info][gc,phases,start] GC(217) Phase 4: Compact heap
[2024-07-06T13:37:54.013-0700][info][gc,phases      ] GC(217) Phase 4: Compact heap 0.662ms
[2024-07-06T13:37:54.016-0700][info][gc,heap        ] GC(217) Eden regions: 0->0(102)
[2024-07-06T13:37:54.016-0700][info][gc,heap        ] GC(217) Survivor regions: 0->0(0)
[2024-07-06T13:37:54.016-0700][info][gc,heap        ] GC(217) Old regions: 2038->2038
[2024-07-06T13:37:54.016-0700][info][gc,heap        ] GC(217) Archive regions: 2->2
[2024-07-06T13:37:54.016-0700][info][gc,heap        ] GC(217) Humongous regions: 8->8
[2024-07-06T13:37:54.016-0700][info][gc,metaspace   ] GC(217) Metaspace: 305K(512K)->305K(512K) NonClass: 297K(384K)->297K(384K) Class: 7K(128K)->7K(128K)
[2024-07-06T13:37:54.016-0700][info][gc             ] GC(217) Pause Full (G1 Compaction Pause) 4091M->4091M(4096M) 187.395ms
[2024-07-06T13:37:54.016-0700][info][gc,cpu         ] GC(217) User=0.73s Sys=0.00s Real=0.19s
[2024-07-06T13:37:54.016-0700][info][gc,ergo        ] Attempting maximum full compaction clearing soft references
[2024-07-06T13:37:54.016-0700][info][gc,task        ] GC(218) Using 4 workers of 4 for full compaction
[2024-07-06T13:37:54.016-0700][info][gc,start       ] GC(218) Pause Full (G1 Compaction Pause)
[2024-07-06T13:37:54.016-0700][info][gc,phases,start] GC(218) Phase 1: Mark live objects
[2024-07-06T13:37:54.123-0700][info][gc,phases      ] GC(218) Phase 1: Mark live objects 106.920ms
[2024-07-06T13:37:54.123-0700][info][gc,phases,start] GC(218) Phase 2: Prepare for compaction
[2024-07-06T13:37:54.204-0700][info][gc,phases      ] GC(218) Phase 2: Prepare for compaction 80.414ms
[2024-07-06T13:37:54.204-0700][info][gc,phases,start] GC(218) Phase 3: Adjust pointers
[2024-07-06T13:37:54.299-0700][info][gc,phases      ] GC(218) Phase 3: Adjust pointers 95.760ms
[2024-07-06T13:37:54.299-0700][info][gc,phases,start] GC(218) Phase 4: Compact heap
[2024-07-06T13:37:54.719-0700][info][gc,phases      ] GC(218) Phase 4: Compact heap 420.046ms
[2024-07-06T13:37:54.723-0700][info][gc,heap        ] GC(218) Eden regions: 0->0(102)
[2024-07-06T13:37:54.723-0700][info][gc,heap        ] GC(218) Survivor regions: 0->0(0)
[2024-07-06T13:37:54.723-0700][info][gc,heap        ] GC(218) Old regions: 2038->2037
[2024-07-06T13:37:54.723-0700][info][gc,heap        ] GC(218) Archive regions: 2->2
[2024-07-06T13:37:54.723-0700][info][gc,heap        ] GC(218) Humongous regions: 8->8
[2024-07-06T13:37:54.723-0700][info][gc,metaspace   ] GC(218) Metaspace: 305K(512K)->305K(512K) NonClass: 297K(384K)->297K(384K) Class: 7K(128K)->7K(128K)
[2024-07-06T13:37:54.723-0700][info][gc             ] GC(218) Pause Full (G1 Compaction Pause) 4091M->4086M(4096M) 707.214ms
[2024-07-06T13:37:54.723-0700][info][gc,cpu         ] GC(218) User=2.78s Sys=0.00s Real=0.71s
[2024-07-06T13:37:54.723-0700][info][gc,marking     ] GC(216) Concurrent Mark From Roots 894.923ms
[2024-07-06T13:37:54.723-0700][info][gc,marking     ] GC(216) Concurrent Mark Abort
[2024-07-06T13:37:54.723-0700][info][gc             ] GC(216) Concurrent Mark Cycle 895.134ms
[2024-07-06T13:37:54.723-0700][info][gc,start       ] GC(219) Pause Young (Concurrent Start) (G1 Humongous Allocation)
[2024-07-06T13:37:54.723-0700][info][gc,task        ] GC(219) Using 4 workers of 4 for evacuation
[2024-07-06T13:37:54.724-0700][info][gc             ] GC(219) To-space exhausted
[2024-07-06T13:37:54.724-0700][info][gc,phases      ] GC(219)   Pre Evacuate Collection Set: 0.3ms
[2024-07-06T13:37:54.724-0700][info][gc,phases      ] GC(219)   Merge Heap Roots: 0.1ms
[2024-07-06T13:37:54.724-0700][info][gc,phases      ] GC(219)   Evacuate Collection Set: 0.2ms
[2024-07-06T13:37:54.724-0700][info][gc,phases      ] GC(219)   Post Evacuate Collection Set: 0.4ms
[2024-07-06T13:37:54.724-0700][info][gc,phases      ] GC(219)   Other: 0.1ms
[2024-07-06T13:37:54.724-0700][info][gc,heap        ] GC(219) Eden regions: 1->0(102)
[2024-07-06T13:37:54.724-0700][info][gc,heap        ] GC(219) Survivor regions: 0->0(0)
[2024-07-06T13:37:54.724-0700][info][gc,heap        ] GC(219) Old regions: 2037->2038
[2024-07-06T13:37:54.724-0700][info][gc,heap        ] GC(219) Archive regions: 2->2
[2024-07-06T13:37:54.724-0700][info][gc,heap        ] GC(219) Humongous regions: 8->8
[2024-07-06T13:37:54.724-0700][info][gc,metaspace   ] GC(219) Metaspace: 305K(512K)->305K(512K) NonClass: 297K(384K)->297K(384K) Class: 7K(128K)->7K(128K)
[2024-07-06T13:37:54.724-0700][info][gc             ] GC(219) Pause Young (Concurrent Start) (G1 Humongous Allocation) 4087M->4087M(4096M) 1.064ms
[2024-07-06T13:37:54.724-0700][info][gc,cpu         ] GC(219) User=0.00s Sys=0.00s Real=0.00s
[2024-07-06T13:37:54.724-0700][info][gc,ergo        ] Attempting full compaction clearing soft references
[2024-07-06T13:37:54.724-0700][info][gc,task        ] GC(220) Using 4 workers of 4 for full compaction
[2024-07-06T13:37:54.725-0700][info][gc,start       ] GC(220) Pause Full (G1 Compaction Pause)
[2024-07-06T13:37:54.725-0700][info][gc             ] GC(221) Concurrent Mark Cycle
[2024-07-06T13:37:54.725-0700][info][gc,marking     ] GC(221) Concurrent Clear Claimed Marks
[2024-07-06T13:37:54.725-0700][info][gc,marking     ] GC(221) Concurrent Clear Claimed Marks 0.005ms
[2024-07-06T13:37:54.725-0700][info][gc,marking     ] GC(221) Concurrent Scan Root Regions
[2024-07-06T13:37:54.725-0700][info][gc,marking     ] GC(221) Concurrent Scan Root Regions 0.003ms
[2024-07-06T13:37:54.725-0700][info][gc,marking     ] GC(221) Concurrent Mark
[2024-07-06T13:37:54.725-0700][info][gc,marking     ] GC(221) Concurrent Mark From Roots
[2024-07-06T13:37:54.725-0700][info][gc,task        ] GC(221) Using 1 workers of 1 for marking
[2024-07-06T13:37:54.728-0700][info][gc,phases,start] GC(220) Phase 1: Mark live objects
[2024-07-06T13:37:54.822-0700][info][gc,phases      ] GC(220) Phase 1: Mark live objects 94.790ms
[2024-07-06T13:37:54.822-0700][info][gc,phases,start] GC(220) Phase 2: Prepare for compaction
[2024-07-06T13:37:54.823-0700][info][gc,phases      ] GC(220) Phase 2: Prepare for compaction 1.002ms
[2024-07-06T13:37:54.824-0700][info][gc,phases,start] GC(220) Phase 3: Adjust pointers
[2024-07-06T13:37:54.890-0700][info][gc,phases      ] GC(220) Phase 3: Adjust pointers 66.912ms
[2024-07-06T13:37:54.891-0700][info][gc,phases,start] GC(220) Phase 4: Compact heap
[2024-07-06T13:37:54.891-0700][info][gc,phases      ] GC(220) Phase 4: Compact heap 0.509ms
[2024-07-06T13:37:54.895-0700][info][gc,heap        ] GC(220) Eden regions: 0->0(102)
[2024-07-06T13:37:54.895-0700][info][gc,heap        ] GC(220) Survivor regions: 0->0(0)
[2024-07-06T13:37:54.895-0700][info][gc,heap        ] GC(220) Old regions: 2038->2037
[2024-07-06T13:37:54.895-0700][info][gc,heap        ] GC(220) Archive regions: 2->2
[2024-07-06T13:37:54.895-0700][info][gc,heap        ] GC(220) Humongous regions: 8->8
[2024-07-06T13:37:54.895-0700][info][gc,metaspace   ] GC(220) Metaspace: 305K(512K)->305K(512K) NonClass: 297K(384K)->297K(384K) Class: 7K(128K)->7K(128K)
[2024-07-06T13:37:54.895-0700][info][gc             ] GC(220) Pause Full (G1 Compaction Pause) 4087M->4086M(4096M) 170.805ms
[2024-07-06T13:37:54.895-0700][info][gc,cpu         ] GC(220) User=0.65s Sys=0.01s Real=0.17s
[2024-07-06T13:37:54.895-0700][info][gc,marking     ] GC(221) Concurrent Mark From Roots 170.835ms
[2024-07-06T13:37:54.895-0700][info][gc,marking     ] GC(221) Concurrent Mark Abort
[2024-07-06T13:37:54.895-0700][info][gc             ] GC(221) Concurrent Mark Cycle 170.887ms
[2024-07-06T13:37:54.896-0700][info][gc,start       ] GC(222) Pause Young (Normal) (G1 Humongous Allocation)
[2024-07-06T13:37:54.896-0700][info][gc,task        ] GC(222) Using 4 workers of 4 for evacuation
[2024-07-06T13:37:54.896-0700][info][gc,phases      ] GC(222)   Pre Evacuate Collection Set: 0.3ms
[2024-07-06T13:37:54.896-0700][info][gc,phases      ] GC(222)   Merge Heap Roots: 0.1ms
[2024-07-06T13:37:54.896-0700][info][gc,phases      ] GC(222)   Evacuate Collection Set: 0.2ms
[2024-07-06T13:37:54.896-0700][info][gc,phases      ] GC(222)   Post Evacuate Collection Set: 0.3ms
[2024-07-06T13:37:54.896-0700][info][gc,phases      ] GC(222)   Other: 0.0ms
[2024-07-06T13:37:54.896-0700][info][gc,heap        ] GC(222) Eden regions: 0->0(102)
[2024-07-06T13:37:54.896-0700][info][gc,heap        ] GC(222) Survivor regions: 0->0(1)
[2024-07-06T13:37:54.896-0700][info][gc,heap        ] GC(222) Old regions: 2037->2037
[2024-07-06T13:37:54.896-0700][info][gc,heap        ] GC(222) Archive regions: 2->2
[2024-07-06T13:37:54.896-0700][info][gc,heap        ] GC(222) Humongous regions: 8->8
[2024-07-06T13:37:54.896-0700][info][gc,metaspace   ] GC(222) Metaspace: 305K(512K)->305K(512K) NonClass: 297K(384K)->297K(384K) Class: 7K(128K)->7K(128K)
[2024-07-06T13:37:54.896-0700][info][gc             ] GC(222) Pause Young (Normal) (G1 Humongous Allocation) 4086M->4086M(4096M) 0.881ms
[2024-07-06T13:37:54.896-0700][info][gc,cpu         ] GC(222) User=0.01s Sys=0.00s Real=0.00s
[2024-07-06T13:37:54.896-0700][info][gc,ergo        ] Attempting full compaction
[2024-07-06T13:37:54.896-0700][info][gc,task        ] GC(223) Using 4 workers of 4 for full compaction
[2024-07-06T13:37:54.897-0700][info][gc,start       ] GC(223) Pause Full (G1 Compaction Pause)
[2024-07-06T13:37:54.897-0700][info][gc,phases,start] GC(223) Phase 1: Mark live objects
[2024-07-06T13:37:55.026-0700][info][gc,phases      ] GC(223) Phase 1: Mark live objects 129.584ms
[2024-07-06T13:37:55.026-0700][info][gc,phases,start] GC(223) Phase 2: Prepare for compaction
[2024-07-06T13:37:55.027-0700][info][gc,phases      ] GC(223) Phase 2: Prepare for compaction 1.107ms
[2024-07-06T13:37:55.027-0700][info][gc,phases,start] GC(223) Phase 3: Adjust pointers
[2024-07-06T13:37:55.097-0700][info][gc,phases      ] GC(223) Phase 3: Adjust pointers 69.349ms
[2024-07-06T13:37:55.097-0700][info][gc,phases,start] GC(223) Phase 4: Compact heap
[2024-07-06T13:37:55.097-0700][info][gc,phases      ] GC(223) Phase 4: Compact heap 0.249ms
[2024-07-06T13:37:55.100-0700][info][gc,heap        ] GC(223) Eden regions: 0->0(102)
[2024-07-06T13:37:55.100-0700][info][gc,heap        ] GC(223) Survivor regions: 0->0(1)
[2024-07-06T13:37:55.100-0700][info][gc,heap        ] GC(223) Old regions: 2037->2037
[2024-07-06T13:37:55.100-0700][info][gc,heap        ] GC(223) Archive regions: 2->2
[2024-07-06T13:37:55.100-0700][info][gc,heap        ] GC(223) Humongous regions: 8->8
[2024-07-06T13:37:55.100-0700][info][gc,metaspace   ] GC(223) Metaspace: 305K(512K)->305K(512K) NonClass: 297K(384K)->297K(384K) Class: 7K(128K)->7K(128K)
[2024-07-06T13:37:55.100-0700][info][gc             ] GC(223) Pause Full (G1 Compaction Pause) 4086M->4086M(4096M) 203.888ms
[2024-07-06T13:37:55.100-0700][info][gc,cpu         ] GC(223) User=0.80s Sys=0.00s Real=0.20s
[2024-07-06T13:37:55.100-0700][info][gc,ergo        ] Attempting maximum full compaction clearing soft references
[2024-07-06T13:37:55.100-0700][info][gc,task        ] GC(224) Using 4 workers of 4 for full compaction
[2024-07-06T13:37:55.101-0700][info][gc,start       ] GC(224) Pause Full (G1 Compaction Pause)
[2024-07-06T13:37:55.101-0700][info][gc,phases,start] GC(224) Phase 1: Mark live objects
[2024-07-06T13:37:55.207-0700][info][gc,phases      ] GC(224) Phase 1: Mark live objects 106.432ms
[2024-07-06T13:37:55.207-0700][info][gc,phases,start] GC(224) Phase 2: Prepare for compaction
[2024-07-06T13:37:55.278-0700][info][gc,phases      ] GC(224) Phase 2: Prepare for compaction 70.941ms
[2024-07-06T13:37:55.278-0700][info][gc,phases,start] GC(224) Phase 3: Adjust pointers
[2024-07-06T13:37:55.374-0700][info][gc,phases      ] GC(224) Phase 3: Adjust pointers 95.541ms
[2024-07-06T13:37:55.374-0700][info][gc,phases,start] GC(224) Phase 4: Compact heap
[2024-07-06T13:37:55.438-0700][info][gc,phases      ] GC(224) Phase 4: Compact heap 64.176ms
[2024-07-06T13:37:55.441-0700][info][gc,heap        ] GC(224) Eden regions: 0->0(102)
[2024-07-06T13:37:55.441-0700][info][gc,heap        ] GC(224) Survivor regions: 0->0(1)
[2024-07-06T13:37:55.441-0700][info][gc,heap        ] GC(224) Old regions: 2037->2036
[2024-07-06T13:37:55.441-0700][info][gc,heap        ] GC(224) Archive regions: 2->2
[2024-07-06T13:37:55.441-0700][info][gc,heap        ] GC(224) Humongous regions: 8->8
[2024-07-06T13:37:55.441-0700][info][gc,metaspace   ] GC(224) Metaspace: 305K(512K)->305K(512K) NonClass: 297K(384K)->297K(384K) Class: 7K(128K)->7K(128K)
[2024-07-06T13:37:55.441-0700][info][gc             ] GC(224) Pause Full (G1 Compaction Pause) 4086M->4086M(4096M) 340.648ms
[2024-07-06T13:37:55.441-0700][info][gc,cpu         ] GC(224) User=1.34s Sys=0.01s Real=0.34s
[2024-07-06T13:37:55.444-0700][info][gc,heap,exit   ] Heap
[2024-07-06T13:37:55.444-0700][info][gc,heap,exit   ]  garbage-first heap   total 4194304K, used 4186914K [0x0000000700000000, 0x0000000800000000)
[2024-07-06T13:37:55.444-0700][info][gc,heap,exit   ]   region size 2048K, 1 young (2048K), 0 survivors (0K)
[2024-07-06T13:37:55.444-0700][info][gc,heap,exit   ]  Metaspace       used 316K, committed 512K, reserved 1114112K
[2024-07-06T13:37:55.444-0700][info][gc,heap,exit   ]   class space    used 9K, committed 128K, reserved 1048576K
