[2024-07-05T19:42:25.810-0700][info][gc] Using G1
[2024-07-05T19:42:25.831-0700][info][gc,init] Version: 17.0.11+1-LTS (release)
[2024-07-05T19:42:25.831-0700][info][gc,init] CPUs: 4 total, 4 available
[2024-07-05T19:42:25.832-0700][info][gc,init] Memory: 15953M
[2024-07-05T19:42:25.832-0700][info][gc,init] Large Page Support: Disabled
[2024-07-05T19:42:25.832-0700][info][gc,init] NUMA Support: Disabled
[2024-07-05T19:42:25.832-0700][info][gc,init] Compressed Oops: Enabled (Zero based)
[2024-07-05T19:42:25.832-0700][info][gc,init] Heap Region Size: 4M
[2024-07-05T19:42:25.832-0700][info][gc,init] Heap Min Capacity: 8G
[2024-07-05T19:42:25.832-0700][info][gc,init] Heap Initial Capacity: 8G
[2024-07-05T19:42:25.832-0700][info][gc,init] Heap Max Capacity: 8G
[2024-07-05T19:42:25.832-0700][info][gc,init] Pre-touch: Disabled
[2024-07-05T19:42:25.832-0700][info][gc,init] Parallel Workers: 4
[2024-07-05T19:42:25.832-0700][info][gc,init] Concurrent Workers: 1
[2024-07-05T19:42:25.832-0700][info][gc,init] Concurrent Refinement Workers: 4
[2024-07-05T19:42:25.832-0700][info][gc,init] Periodic GC: Disabled
[2024-07-05T19:42:25.838-0700][info][gc,metaspace] CDS archive(s) mapped at: [0x00007f063f000000-0x00007f063fbbb000-0x00007f063fbbb000), size 12300288, SharedBaseAddress: 0x00007f063f000000, ArchiveRelocationMode: 1.
[2024-07-05T19:42:25.838-0700][info][gc,metaspace] Compressed class space mapped at: 0x00007f0640000000-0x00007f0680000000, reserved size: 1073741824
[2024-07-05T19:42:25.838-0700][info][gc,metaspace] Narrow klass base: 0x00007f063f000000, Narrow klass shift: 0, Narrow klass range: 0x100000000
[2024-07-05T19:42:27.004-0700][info][gc,start    ] GC(0) Pause Young (Normal) (G1 Evacuation Pause)
[2024-07-05T19:42:27.005-0700][info][gc,task     ] GC(0) Using 4 workers of 4 for evacuation
[2024-07-05T19:42:27.100-0700][info][gc,phases   ] GC(0)   Pre Evacuate Collection Set: 0.4ms
[2024-07-05T19:42:27.101-0700][info][gc,phases   ] GC(0)   Merge Heap Roots: 0.3ms
[2024-07-05T19:42:27.101-0700][info][gc,phases   ] GC(0)   Evacuate Collection Set: 94.3ms
[2024-07-05T19:42:27.101-0700][info][gc,phases   ] GC(0)   Post Evacuate Collection Set: 0.6ms
[2024-07-05T19:42:27.101-0700][info][gc,phases   ] GC(0)   Other: 1.0ms
[2024-07-05T19:42:27.101-0700][info][gc,heap     ] GC(0) Eden regions: 102->0(89)
[2024-07-05T19:42:27.101-0700][info][gc,heap     ] GC(0) Survivor regions: 0->13(13)
[2024-07-05T19:42:27.101-0700][info][gc,heap     ] GC(0) Old regions: 0->39
[2024-07-05T19:42:27.101-0700][info][gc,heap     ] GC(0) Archive regions: 2->2
[2024-07-05T19:42:27.101-0700][info][gc,heap     ] GC(0) Humongous regions: 0->0
[2024-07-05T19:42:27.101-0700][info][gc,metaspace] GC(0) Metaspace: 191K(384K)->191K(384K) NonClass: 184K(256K)->184K(256K) Class: 6K(128K)->6K(128K)
[2024-07-05T19:42:27.101-0700][info][gc          ] GC(0) Pause Young (Normal) (G1 Evacuation Pause) 411M->210M(8192M) 96.570ms
[2024-07-05T19:42:27.101-0700][info][gc,cpu      ] GC(0) User=0.19s Sys=0.17s Real=0.09s
[2024-07-05T19:42:29.944-0700][info][gc,start    ] GC(1) Pause Young (Normal) (G1 Evacuation Pause)
[2024-07-05T19:42:29.944-0700][info][gc,task     ] GC(1) Using 4 workers of 4 for evacuation
[2024-07-05T19:42:30.075-0700][info][gc,phases   ] GC(1)   Pre Evacuate Collection Set: 0.2ms
[2024-07-05T19:42:30.075-0700][info][gc,phases   ] GC(1)   Merge Heap Roots: 0.2ms
[2024-07-05T19:42:30.075-0700][info][gc,phases   ] GC(1)   Evacuate Collection Set: 130.2ms
[2024-07-05T19:42:30.075-0700][info][gc,phases   ] GC(1)   Post Evacuate Collection Set: 0.4ms
[2024-07-05T19:42:30.075-0700][info][gc,phases   ] GC(1)   Other: 0.1ms
[2024-07-05T19:42:30.075-0700][info][gc,heap     ] GC(1) Eden regions: 89->0(89)
[2024-07-05T19:42:30.075-0700][info][gc,heap     ] GC(1) Survivor regions: 13->13(13)
[2024-07-05T19:42:30.075-0700][info][gc,heap     ] GC(1) Old regions: 39->101
[2024-07-05T19:42:30.075-0700][info][gc,heap     ] GC(1) Archive regions: 2->2
[2024-07-05T19:42:30.075-0700][info][gc,heap     ] GC(1) Humongous regions: 1->1
[2024-07-05T19:42:30.075-0700][info][gc,metaspace] GC(1) Metaspace: 226K(448K)->226K(448K) NonClass: 220K(320K)->220K(320K) Class: 6K(128K)->6K(128K)
[2024-07-05T19:42:30.075-0700][info][gc          ] GC(1) Pause Young (Normal) (G1 Evacuation Pause) 570M->460M(8192M) 131.319ms
[2024-07-05T19:42:30.075-0700][info][gc,cpu      ] GC(1) User=0.26s Sys=0.24s Real=0.13s
[2024-07-05T19:42:35.207-0700][info][gc,start    ] GC(2) Pause Young (Normal) (G1 Evacuation Pause)
[2024-07-05T19:42:35.207-0700][info][gc,task     ] GC(2) Using 4 workers of 4 for evacuation
[2024-07-05T19:42:35.381-0700][info][gc,phases   ] GC(2)   Pre Evacuate Collection Set: 0.3ms
[2024-07-05T19:42:35.381-0700][info][gc,phases   ] GC(2)   Merge Heap Roots: 0.2ms
[2024-07-05T19:42:35.381-0700][info][gc,phases   ] GC(2)   Evacuate Collection Set: 173.0ms
[2024-07-05T19:42:35.381-0700][info][gc,phases   ] GC(2)   Post Evacuate Collection Set: 0.4ms
[2024-07-05T19:42:35.381-0700][info][gc,phases   ] GC(2)   Other: 0.1ms
[2024-07-05T19:42:35.381-0700][info][gc,heap     ] GC(2) Eden regions: 89->0(89)
[2024-07-05T19:42:35.381-0700][info][gc,heap     ] GC(2) Survivor regions: 13->13(13)
[2024-07-05T19:42:35.381-0700][info][gc,heap     ] GC(2) Old regions: 101->179
[2024-07-05T19:42:35.381-0700][info][gc,heap     ] GC(2) Archive regions: 2->2
[2024-07-05T19:42:35.381-0700][info][gc,heap     ] GC(2) Humongous regions: 2->2
[2024-07-05T19:42:35.381-0700][info][gc,metaspace] GC(2) Metaspace: 262K(448K)->262K(448K) NonClass: 255K(320K)->255K(320K) Class: 6K(128K)->6K(128K)
[2024-07-05T19:42:35.381-0700][info][gc          ] GC(2) Pause Young (Normal) (G1 Evacuation Pause) 820M->776M(8192M) 173.969ms
[2024-07-05T19:42:35.381-0700][info][gc,cpu      ] GC(2) User=0.29s Sys=0.38s Real=0.17s
[2024-07-05T19:42:44.730-0700][info][gc,start    ] GC(3) Pause Young (Normal) (G1 Evacuation Pause)
[2024-07-05T19:42:44.730-0700][info][gc,task     ] GC(3) Using 4 workers of 4 for evacuation
[2024-07-05T19:42:44.898-0700][info][gc,phases   ] GC(3)   Pre Evacuate Collection Set: 0.3ms
[2024-07-05T19:42:44.898-0700][info][gc,phases   ] GC(3)   Merge Heap Roots: 0.1ms
[2024-07-05T19:42:44.898-0700][info][gc,phases   ] GC(3)   Evacuate Collection Set: 167.2ms
[2024-07-05T19:42:44.898-0700][info][gc,phases   ] GC(3)   Post Evacuate Collection Set: 0.4ms
[2024-07-05T19:42:44.898-0700][info][gc,phases   ] GC(3)   Other: 0.1ms
[2024-07-05T19:42:44.898-0700][info][gc,heap     ] GC(3) Eden regions: 89->0(89)
[2024-07-05T19:42:44.898-0700][info][gc,heap     ] GC(3) Survivor regions: 13->13(13)
[2024-07-05T19:42:44.898-0700][info][gc,heap     ] GC(3) Old regions: 179->257
[2024-07-05T19:42:44.898-0700][info][gc,heap     ] GC(3) Archive regions: 2->2
[2024-07-05T19:42:44.898-0700][info][gc,heap     ] GC(3) Humongous regions: 2->2
[2024-07-05T19:42:44.898-0700][info][gc,metaspace] GC(3) Metaspace: 265K(448K)->265K(448K) NonClass: 258K(320K)->258K(320K) Class: 6K(128K)->6K(128K)
[2024-07-05T19:42:44.898-0700][info][gc          ] GC(3) Pause Young (Normal) (G1 Evacuation Pause) 1132M->1089M(8192M) 168.212ms
[2024-07-05T19:42:44.898-0700][info][gc,cpu      ] GC(3) User=0.30s Sys=0.35s Real=0.17s
[2024-07-05T19:42:58.212-0700][info][gc,start    ] GC(4) Pause Young (Normal) (G1 Evacuation Pause)
[2024-07-05T19:42:58.212-0700][info][gc,task     ] GC(4) Using 4 workers of 4 for evacuation
[2024-07-05T19:42:58.393-0700][info][gc,phases   ] GC(4)   Pre Evacuate Collection Set: 0.2ms
[2024-07-05T19:42:58.393-0700][info][gc,phases   ] GC(4)   Merge Heap Roots: 0.1ms
[2024-07-05T19:42:58.393-0700][info][gc,phases   ] GC(4)   Evacuate Collection Set: 180.7ms
[2024-07-05T19:42:58.393-0700][info][gc,phases   ] GC(4)   Post Evacuate Collection Set: 0.4ms
[2024-07-05T19:42:58.393-0700][info][gc,phases   ] GC(4)   Other: 0.1ms
[2024-07-05T19:42:58.393-0700][info][gc,heap     ] GC(4) Eden regions: 89->0(89)
[2024-07-05T19:42:58.393-0700][info][gc,heap     ] GC(4) Survivor regions: 13->13(13)
[2024-07-05T19:42:58.393-0700][info][gc,heap     ] GC(4) Old regions: 257->342
[2024-07-05T19:42:58.393-0700][info][gc,heap     ] GC(4) Archive regions: 2->2
[2024-07-05T19:42:58.393-0700][info][gc,heap     ] GC(4) Humongous regions: 4->4
[2024-07-05T19:42:58.393-0700][info][gc,metaspace] GC(4) Metaspace: 270K(512K)->270K(512K) NonClass: 263K(384K)->263K(384K) Class: 6K(128K)->6K(128K)
[2024-07-05T19:42:58.393-0700][info][gc          ] GC(4) Pause Young (Normal) (G1 Evacuation Pause) 1453M->1438M(8192M) 181.690ms
[2024-07-05T19:42:58.393-0700][info][gc,cpu      ] GC(4) User=0.32s Sys=0.38s Real=0.18s
[2024-07-05T19:43:18.795-0700][info][gc,start    ] GC(5) Pause Young (Normal) (G1 Evacuation Pause)
[2024-07-05T19:43:18.795-0700][info][gc,task     ] GC(5) Using 4 workers of 4 for evacuation
[2024-07-05T19:43:18.970-0700][info][gc,phases   ] GC(5)   Pre Evacuate Collection Set: 0.3ms
[2024-07-05T19:43:18.970-0700][info][gc,phases   ] GC(5)   Merge Heap Roots: 0.2ms
[2024-07-05T19:43:18.970-0700][info][gc,phases   ] GC(5)   Evacuate Collection Set: 173.9ms
[2024-07-05T19:43:18.970-0700][info][gc,phases   ] GC(5)   Post Evacuate Collection Set: 0.3ms
[2024-07-05T19:43:18.970-0700][info][gc,phases   ] GC(5)   Other: 0.1ms
[2024-07-05T19:43:18.970-0700][info][gc,heap     ] GC(5) Eden regions: 89->0(89)
[2024-07-05T19:43:18.970-0700][info][gc,heap     ] GC(5) Survivor regions: 13->13(13)
[2024-07-05T19:43:18.970-0700][info][gc,heap     ] GC(5) Old regions: 342->424
[2024-07-05T19:43:18.970-0700][info][gc,heap     ] GC(5) Archive regions: 2->2
[2024-07-05T19:43:18.970-0700][info][gc,heap     ] GC(5) Humongous regions: 4->4
[2024-07-05T19:43:18.970-0700][info][gc,metaspace] GC(5) Metaspace: 270K(512K)->270K(512K) NonClass: 263K(384K)->263K(384K) Class: 6K(128K)->6K(128K)
[2024-07-05T19:43:18.970-0700][info][gc          ] GC(5) Pause Young (Normal) (G1 Evacuation Pause) 1794M->1766M(8192M) 174.965ms
[2024-07-05T19:43:18.970-0700][info][gc,cpu      ] GC(5) User=0.32s Sys=0.37s Real=0.17s
[2024-07-05T19:43:52.823-0700][info][gc,start    ] GC(6) Pause Young (Normal) (G1 Evacuation Pause)
[2024-07-05T19:43:52.823-0700][info][gc,task     ] GC(6) Using 4 workers of 4 for evacuation
[2024-07-05T19:43:53.006-0700][info][gc,phases   ] GC(6)   Pre Evacuate Collection Set: 0.2ms
[2024-07-05T19:43:53.006-0700][info][gc,phases   ] GC(6)   Merge Heap Roots: 0.2ms
[2024-07-05T19:43:53.006-0700][info][gc,phases   ] GC(6)   Evacuate Collection Set: 182.3ms
[2024-07-05T19:43:53.006-0700][info][gc,phases   ] GC(6)   Post Evacuate Collection Set: 0.3ms
[2024-07-05T19:43:53.006-0700][info][gc,phases   ] GC(6)   Other: 0.1ms
[2024-07-05T19:43:53.006-0700][info][gc,heap     ] GC(6) Eden regions: 89->0(89)
[2024-07-05T19:43:53.006-0700][info][gc,heap     ] GC(6) Survivor regions: 13->13(13)
[2024-07-05T19:43:53.006-0700][info][gc,heap     ] GC(6) Old regions: 424->511
[2024-07-05T19:43:53.006-0700][info][gc,heap     ] GC(6) Archive regions: 2->2
[2024-07-05T19:43:53.006-0700][info][gc,heap     ] GC(6) Humongous regions: 6->6
[2024-07-05T19:43:53.006-0700][info][gc,metaspace] GC(6) Metaspace: 285K(512K)->285K(512K) NonClass: 278K(384K)->278K(384K) Class: 6K(128K)->6K(128K)
[2024-07-05T19:43:53.006-0700][info][gc          ] GC(6) Pause Young (Normal) (G1 Evacuation Pause) 2130M->2122M(8192M) 183.162ms
[2024-07-05T19:43:53.006-0700][info][gc,cpu      ] GC(6) User=0.35s Sys=0.36s Real=0.19s
[2024-07-05T19:44:34.134-0700][info][gc,start    ] GC(7) Pause Young (Normal) (G1 Evacuation Pause)
[2024-07-05T19:44:34.134-0700][info][gc,task     ] GC(7) Using 4 workers of 4 for evacuation
[2024-07-05T19:44:34.324-0700][info][gc,phases   ] GC(7)   Pre Evacuate Collection Set: 0.3ms
[2024-07-05T19:44:34.324-0700][info][gc,phases   ] GC(7)   Merge Heap Roots: 0.2ms
[2024-07-05T19:44:34.324-0700][info][gc,phases   ] GC(7)   Evacuate Collection Set: 188.4ms
[2024-07-05T19:44:34.324-0700][info][gc,phases   ] GC(7)   Post Evacuate Collection Set: 0.5ms
[2024-07-05T19:44:34.324-0700][info][gc,phases   ] GC(7)   Other: 0.1ms
[2024-07-05T19:44:34.324-0700][info][gc,heap     ] GC(7) Eden regions: 89->0(89)
[2024-07-05T19:44:34.324-0700][info][gc,heap     ] GC(7) Survivor regions: 13->13(13)
[2024-07-05T19:44:34.324-0700][info][gc,heap     ] GC(7) Old regions: 511->595
[2024-07-05T19:44:34.324-0700][info][gc,heap     ] GC(7) Archive regions: 2->2
[2024-07-05T19:44:34.324-0700][info][gc,heap     ] GC(7) Humongous regions: 6->6
[2024-07-05T19:44:34.324-0700][info][gc,metaspace] GC(7) Metaspace: 290K(512K)->290K(512K) NonClass: 283K(384K)->283K(384K) Class: 6K(128K)->6K(128K)
[2024-07-05T19:44:34.324-0700][info][gc          ] GC(7) Pause Young (Normal) (G1 Evacuation Pause) 2478M->2456M(8192M) 189.603ms
[2024-07-05T19:44:34.324-0700][info][gc,cpu      ] GC(7) User=0.31s Sys=0.41s Real=0.20s
[2024-07-05T19:45:48.685-0700][info][gc,start    ] GC(8) Pause Young (Normal) (G1 Evacuation Pause)
[2024-07-05T19:45:48.685-0700][info][gc,task     ] GC(8) Using 4 workers of 4 for evacuation
[2024-07-05T19:45:48.879-0700][info][gc,phases   ] GC(8)   Pre Evacuate Collection Set: 0.4ms
[2024-07-05T19:45:48.879-0700][info][gc,phases   ] GC(8)   Merge Heap Roots: 0.2ms
[2024-07-05T19:45:48.879-0700][info][gc,phases   ] GC(8)   Evacuate Collection Set: 192.6ms
[2024-07-05T19:45:48.879-0700][info][gc,phases   ] GC(8)   Post Evacuate Collection Set: 0.6ms
[2024-07-05T19:45:48.879-0700][info][gc,phases   ] GC(8)   Other: 0.1ms
[2024-07-05T19:45:48.879-0700][info][gc,heap     ] GC(8) Eden regions: 89->0(89)
[2024-07-05T19:45:48.879-0700][info][gc,heap     ] GC(8) Survivor regions: 13->13(13)
[2024-07-05T19:45:48.879-0700][info][gc,heap     ] GC(8) Old regions: 595->677
[2024-07-05T19:45:48.879-0700][info][gc,heap     ] GC(8) Archive regions: 2->2
[2024-07-05T19:45:48.879-0700][info][gc,heap     ] GC(8) Humongous regions: 6->6
[2024-07-05T19:45:48.879-0700][info][gc,metaspace] GC(8) Metaspace: 296K(512K)->296K(512K) NonClass: 289K(384K)->289K(384K) Class: 6K(128K)->6K(128K)
[2024-07-05T19:45:48.879-0700][info][gc          ] GC(8) Pause Young (Normal) (G1 Evacuation Pause) 2812M->2787M(8192M) 193.981ms
[2024-07-05T19:45:48.879-0700][info][gc,cpu      ] GC(8) User=0.32s Sys=0.42s Real=0.19s
[2024-07-05T19:47:17.593-0700][info][gc,start    ] GC(9) Pause Young (Normal) (G1 Evacuation Pause)
[2024-07-05T19:47:17.593-0700][info][gc,task     ] GC(9) Using 4 workers of 4 for evacuation
[2024-07-05T19:47:17.766-0700][info][gc,phases   ] GC(9)   Pre Evacuate Collection Set: 0.3ms
[2024-07-05T19:47:17.766-0700][info][gc,phases   ] GC(9)   Merge Heap Roots: 0.2ms
[2024-07-05T19:47:17.766-0700][info][gc,phases   ] GC(9)   Evacuate Collection Set: 172.4ms
[2024-07-05T19:47:17.766-0700][info][gc,phases   ] GC(9)   Post Evacuate Collection Set: 0.4ms
[2024-07-05T19:47:17.766-0700][info][gc,phases   ] GC(9)   Other: 0.1ms
[2024-07-05T19:47:17.766-0700][info][gc,heap     ] GC(9) Eden regions: 89->0(89)
[2024-07-05T19:47:17.766-0700][info][gc,heap     ] GC(9) Survivor regions: 13->13(13)
[2024-07-05T19:47:17.766-0700][info][gc,heap     ] GC(9) Old regions: 677->760
[2024-07-05T19:47:17.766-0700][info][gc,heap     ] GC(9) Archive regions: 2->2
[2024-07-05T19:47:17.766-0700][info][gc,heap     ] GC(9) Humongous regions: 6->6
[2024-07-05T19:47:17.766-0700][info][gc,metaspace] GC(9) Metaspace: 300K(512K)->300K(512K) NonClass: 293K(384K)->293K(384K) Class: 7K(128K)->7K(128K)
[2024-07-05T19:47:17.766-0700][info][gc          ] GC(9) Pause Young (Normal) (G1 Evacuation Pause) 3143M->3119M(8192M) 173.493ms
[2024-07-05T19:47:17.766-0700][info][gc,cpu      ] GC(9) User=0.32s Sys=0.35s Real=0.18s
[2024-07-05T19:48:57.772-0700][info][gc,start    ] GC(10) Pause Young (Normal) (G1 Evacuation Pause)
[2024-07-05T19:48:57.772-0700][info][gc,task     ] GC(10) Using 4 workers of 4 for evacuation
[2024-07-05T19:48:57.966-0700][info][gc,phases   ] GC(10)   Pre Evacuate Collection Set: 0.3ms
[2024-07-05T19:48:57.966-0700][info][gc,phases   ] GC(10)   Merge Heap Roots: 0.2ms
[2024-07-05T19:48:57.966-0700][info][gc,phases   ] GC(10)   Evacuate Collection Set: 192.6ms
[2024-07-05T19:48:57.966-0700][info][gc,phases   ] GC(10)   Post Evacuate Collection Set: 0.4ms
[2024-07-05T19:48:57.966-0700][info][gc,phases   ] GC(10)   Other: 0.1ms
[2024-07-05T19:48:57.966-0700][info][gc,heap     ] GC(10) Eden regions: 89->0(89)
[2024-07-05T19:48:57.966-0700][info][gc,heap     ] GC(10) Survivor regions: 13->13(13)
[2024-07-05T19:48:57.966-0700][info][gc,heap     ] GC(10) Old regions: 760->846
[2024-07-05T19:48:57.966-0700][info][gc,heap     ] GC(10) Archive regions: 2->2
[2024-07-05T19:48:57.966-0700][info][gc,heap     ] GC(10) Humongous regions: 9->9
[2024-07-05T19:48:57.966-0700][info][gc,metaspace] GC(10) Metaspace: 301K(512K)->301K(512K) NonClass: 294K(384K)->294K(384K) Class: 7K(128K)->7K(128K)
[2024-07-05T19:48:57.966-0700][info][gc          ] GC(10) Pause Young (Normal) (G1 Evacuation Pause) 3487M->3475M(8192M) 193.592ms
[2024-07-05T19:48:57.966-0700][info][gc,cpu      ] GC(10) User=0.34s Sys=0.42s Real=0.20s
[2024-07-05T19:50:53.302-0700][info][gc,start    ] GC(11) Pause Young (Normal) (G1 Evacuation Pause)
[2024-07-05T19:50:53.302-0700][info][gc,task     ] GC(11) Using 4 workers of 4 for evacuation
[2024-07-05T19:50:53.473-0700][info][gc,phases   ] GC(11)   Pre Evacuate Collection Set: 0.2ms
[2024-07-05T19:50:53.473-0700][info][gc,phases   ] GC(11)   Merge Heap Roots: 0.2ms
[2024-07-05T19:50:53.473-0700][info][gc,phases   ] GC(11)   Evacuate Collection Set: 170.0ms
[2024-07-05T19:50:53.473-0700][info][gc,phases   ] GC(11)   Post Evacuate Collection Set: 0.3ms
[2024-07-05T19:50:53.473-0700][info][gc,phases   ] GC(11)   Other: 0.1ms
[2024-07-05T19:50:53.473-0700][info][gc,heap     ] GC(11) Eden regions: 89->0(89)
[2024-07-05T19:50:53.473-0700][info][gc,heap     ] GC(11) Survivor regions: 13->13(13)
[2024-07-05T19:50:53.473-0700][info][gc,heap     ] GC(11) Old regions: 846->931
[2024-07-05T19:50:53.473-0700][info][gc,heap     ] GC(11) Archive regions: 2->2
[2024-07-05T19:50:53.473-0700][info][gc,heap     ] GC(11) Humongous regions: 9->9
[2024-07-05T19:50:53.473-0700][info][gc,metaspace] GC(11) Metaspace: 301K(512K)->301K(512K) NonClass: 294K(384K)->294K(384K) Class: 7K(128K)->7K(128K)
[2024-07-05T19:50:53.473-0700][info][gc          ] GC(11) Pause Young (Normal) (G1 Evacuation Pause) 3831M->3812M(8192M) 170.954ms
[2024-07-05T19:50:53.473-0700][info][gc,cpu      ] GC(11) User=0.29s Sys=0.38s Real=0.17s
[2024-07-05T19:52:54.362-0700][info][gc,start    ] GC(12) Pause Young (Concurrent Start) (G1 Evacuation Pause)
[2024-07-05T19:52:54.362-0700][info][gc,task     ] GC(12) Using 4 workers of 4 for evacuation
[2024-07-05T19:52:54.534-0700][info][gc,phases   ] GC(12)   Pre Evacuate Collection Set: 0.2ms
[2024-07-05T19:52:54.534-0700][info][gc,phases   ] GC(12)   Merge Heap Roots: 0.1ms
[2024-07-05T19:52:54.534-0700][info][gc,phases   ] GC(12)   Evacuate Collection Set: 171.3ms
[2024-07-05T19:52:54.534-0700][info][gc,phases   ] GC(12)   Post Evacuate Collection Set: 0.4ms
[2024-07-05T19:52:54.534-0700][info][gc,phases   ] GC(12)   Other: 0.2ms
[2024-07-05T19:52:54.534-0700][info][gc,heap     ] GC(12) Eden regions: 89->0(89)
[2024-07-05T19:52:54.534-0700][info][gc,heap     ] GC(12) Survivor regions: 13->13(13)
[2024-07-05T19:52:54.534-0700][info][gc,heap     ] GC(12) Old regions: 931->1015
[2024-07-05T19:52:54.534-0700][info][gc,heap     ] GC(12) Archive regions: 2->2
[2024-07-05T19:52:54.534-0700][info][gc,heap     ] GC(12) Humongous regions: 9->9
[2024-07-05T19:52:54.534-0700][info][gc,metaspace] GC(12) Metaspace: 301K(512K)->301K(512K) NonClass: 294K(384K)->294K(384K) Class: 7K(128K)->7K(128K)
[2024-07-05T19:52:54.534-0700][info][gc          ] GC(12) Pause Young (Concurrent Start) (G1 Evacuation Pause) 4168M->4151M(8192M) 172.337ms
[2024-07-05T19:52:54.534-0700][info][gc,cpu      ] GC(12) User=0.26s Sys=0.39s Real=0.17s
[2024-07-05T19:52:54.534-0700][info][gc          ] GC(13) Concurrent Mark Cycle
[2024-07-05T19:52:54.534-0700][info][gc,marking  ] GC(13) Concurrent Clear Claimed Marks
[2024-07-05T19:52:54.534-0700][info][gc,marking  ] GC(13) Concurrent Clear Claimed Marks 0.006ms
[2024-07-05T19:52:54.534-0700][info][gc,marking  ] GC(13) Concurrent Scan Root Regions
[2024-07-05T19:52:54.553-0700][info][gc,marking  ] GC(13) Concurrent Scan Root Regions 18.652ms
[2024-07-05T19:52:54.553-0700][info][gc,marking  ] GC(13) Concurrent Mark
[2024-07-05T19:52:54.553-0700][info][gc,marking  ] GC(13) Concurrent Mark From Roots
[2024-07-05T19:52:54.553-0700][info][gc,task     ] GC(13) Using 1 workers of 1 for marking
[2024-07-05T19:52:54.974-0700][info][gc,marking  ] GC(13) Concurrent Mark From Roots 420.952ms
[2024-07-05T19:52:54.974-0700][info][gc,marking  ] GC(13) Concurrent Preclean
[2024-07-05T19:52:54.974-0700][info][gc,marking  ] GC(13) Concurrent Preclean 0.059ms
[2024-07-05T19:53:16.535-0700][info][gc,start    ] GC(13) Pause Remark
[2024-07-05T19:53:16.537-0700][info][gc          ] GC(13) Pause Remark 4155M->4131M(8192M) 2.003ms
[2024-07-05T19:53:16.537-0700][info][gc,cpu      ] GC(13) User=0.00s Sys=0.00s Real=0.00s
[2024-07-05T19:53:16.537-0700][info][gc,marking  ] GC(13) Concurrent Mark 21984.498ms
[2024-07-05T19:53:16.537-0700][info][gc,marking  ] GC(13) Concurrent Rebuild Remembered Sets
[2024-07-05T19:53:16.845-0700][info][gc,marking  ] GC(13) Concurrent Rebuild Remembered Sets 307.617ms
[2024-07-05T19:53:17.183-0700][info][gc,start    ] GC(13) Pause Cleanup
[2024-07-05T19:53:17.184-0700][info][gc          ] GC(13) Pause Cleanup 4131M->4131M(8192M) 0.830ms
[2024-07-05T19:53:17.184-0700][info][gc,cpu      ] GC(13) User=0.00s Sys=0.00s Real=0.00s
[2024-07-05T19:53:17.184-0700][info][gc,marking  ] GC(13) Concurrent Cleanup for Next Mark
[2024-07-05T19:53:17.306-0700][info][gc,marking  ] GC(13) Concurrent Cleanup for Next Mark 121.898ms
[2024-07-05T19:53:17.306-0700][info][gc          ] GC(13) Concurrent Mark Cycle 22772.096ms
[2024-07-05T19:55:32.486-0700][info][gc,start    ] GC(14) Pause Young (Prepare Mixed) (G1 Evacuation Pause)
[2024-07-05T19:55:32.486-0700][info][gc,task     ] GC(14) Using 4 workers of 4 for evacuation
[2024-07-05T19:55:32.656-0700][info][gc,phases   ] GC(14)   Pre Evacuate Collection Set: 0.3ms
[2024-07-05T19:55:32.656-0700][info][gc,phases   ] GC(14)   Merge Heap Roots: 0.2ms
[2024-07-05T19:55:32.656-0700][info][gc,phases   ] GC(14)   Evacuate Collection Set: 169.2ms
[2024-07-05T19:55:32.656-0700][info][gc,phases   ] GC(14)   Post Evacuate Collection Set: 0.4ms
[2024-07-05T19:55:32.656-0700][info][gc,phases   ] GC(14)   Other: 0.1ms
[2024-07-05T19:55:32.656-0700][info][gc,heap     ] GC(14) Eden regions: 89->0(89)
[2024-07-05T19:55:32.656-0700][info][gc,heap     ] GC(14) Survivor regions: 13->13(13)
[2024-07-05T19:55:32.656-0700][info][gc,heap     ] GC(14) Old regions: 1015->1100
[2024-07-05T19:55:32.656-0700][info][gc,heap     ] GC(14) Archive regions: 2->2
[2024-07-05T19:55:32.656-0700][info][gc,heap     ] GC(14) Humongous regions: 3->3
[2024-07-05T19:55:32.656-0700][info][gc,metaspace] GC(14) Metaspace: 301K(512K)->301K(512K) NonClass: 294K(384K)->294K(384K) Class: 7K(128K)->7K(128K)
[2024-07-05T19:55:32.656-0700][info][gc          ] GC(14) Pause Young (Prepare Mixed) (G1 Evacuation Pause) 4483M->4466M(8192M) 170.329ms
[2024-07-05T19:55:32.656-0700][info][gc,cpu      ] GC(14) User=0.29s Sys=0.37s Real=0.17s
[2024-07-05T19:57:56.492-0700][info][gc,start    ] GC(15) Pause Young (Mixed) (G1 Evacuation Pause)
[2024-07-05T19:57:56.492-0700][info][gc,task     ] GC(15) Using 4 workers of 4 for evacuation
[2024-07-05T19:57:56.701-0700][info][gc,phases   ] GC(15)   Pre Evacuate Collection Set: 0.3ms
[2024-07-05T19:57:56.701-0700][info][gc,phases   ] GC(15)   Merge Heap Roots: 0.2ms
[2024-07-05T19:57:56.701-0700][info][gc,phases   ] GC(15)   Evacuate Collection Set: 208.4ms
[2024-07-05T19:57:56.701-0700][info][gc,phases   ] GC(15)   Post Evacuate Collection Set: 0.4ms
[2024-07-05T19:57:56.701-0700][info][gc,phases   ] GC(15)   Other: 0.1ms
[2024-07-05T19:57:56.701-0700][info][gc,heap     ] GC(15) Eden regions: 89->0(89)
[2024-07-05T19:57:56.701-0700][info][gc,heap     ] GC(15) Survivor regions: 13->13(13)
[2024-07-05T19:57:56.701-0700][info][gc,heap     ] GC(15) Old regions: 1100->1130
[2024-07-05T19:57:56.701-0700][info][gc,heap     ] GC(15) Archive regions: 2->2
[2024-07-05T19:57:56.701-0700][info][gc,heap     ] GC(15) Humongous regions: 3->3
[2024-07-05T19:57:56.701-0700][info][gc,metaspace] GC(15) Metaspace: 301K(512K)->301K(512K) NonClass: 294K(384K)->294K(384K) Class: 7K(128K)->7K(128K)
[2024-07-05T19:57:56.701-0700][info][gc          ] GC(15) Pause Young (Mixed) (G1 Evacuation Pause) 4822M->4587M(8192M) 209.545ms
[2024-07-05T19:57:56.701-0700][info][gc,cpu      ] GC(15) User=0.40s Sys=0.42s Real=0.21s
[2024-07-05T20:00:28.206-0700][info][gc,start    ] GC(16) Pause Young (Mixed) (G1 Evacuation Pause)
[2024-07-05T20:00:28.206-0700][info][gc,task     ] GC(16) Using 4 workers of 4 for evacuation
[2024-07-05T20:00:28.352-0700][info][gc,phases   ] GC(16)   Pre Evacuate Collection Set: 0.3ms
[2024-07-05T20:00:28.352-0700][info][gc,phases   ] GC(16)   Merge Heap Roots: 0.3ms
[2024-07-05T20:00:28.352-0700][info][gc,phases   ] GC(16)   Evacuate Collection Set: 145.5ms
[2024-07-05T20:00:28.352-0700][info][gc,phases   ] GC(16)   Post Evacuate Collection Set: 0.5ms
[2024-07-05T20:00:28.352-0700][info][gc,phases   ] GC(16)   Other: 0.1ms
[2024-07-05T20:00:28.352-0700][info][gc,heap     ] GC(16) Eden regions: 89->0(89)
[2024-07-05T20:00:28.352-0700][info][gc,heap     ] GC(16) Survivor regions: 13->13(13)
[2024-07-05T20:00:28.352-0700][info][gc,heap     ] GC(16) Old regions: 1130->1167
[2024-07-05T20:00:28.352-0700][info][gc,heap     ] GC(16) Archive regions: 2->2
[2024-07-05T20:00:28.352-0700][info][gc,heap     ] GC(16) Humongous regions: 7->7
[2024-07-05T20:00:28.352-0700][info][gc,metaspace] GC(16) Metaspace: 301K(512K)->301K(512K) NonClass: 294K(384K)->294K(384K) Class: 7K(128K)->7K(128K)
[2024-07-05T20:00:28.352-0700][info][gc          ] GC(16) Pause Young (Mixed) (G1 Evacuation Pause) 4959M->4748M(8192M) 146.832ms
[2024-07-05T20:00:28.352-0700][info][gc,cpu      ] GC(16) User=0.32s Sys=0.23s Real=0.14s
[2024-07-05T20:02:57.270-0700][info][gc,start    ] GC(17) Pause Young (Mixed) (G1 Evacuation Pause)
[2024-07-05T20:02:57.270-0700][info][gc,task     ] GC(17) Using 4 workers of 4 for evacuation
[2024-07-05T20:02:57.466-0700][info][gc,phases   ] GC(17)   Pre Evacuate Collection Set: 0.3ms
[2024-07-05T20:02:57.466-0700][info][gc,phases   ] GC(17)   Merge Heap Roots: 0.3ms
[2024-07-05T20:02:57.466-0700][info][gc,phases   ] GC(17)   Evacuate Collection Set: 183.3ms
[2024-07-05T20:02:57.466-0700][info][gc,phases   ] GC(17)   Merge Optional Heap Roots: 0.2ms
[2024-07-05T20:02:57.466-0700][info][gc,phases   ] GC(17)   Evacuate Optional Collection Set: 11.3ms
[2024-07-05T20:02:57.466-0700][info][gc,phases   ] GC(17)   Post Evacuate Collection Set: 0.7ms
[2024-07-05T20:02:57.466-0700][info][gc,phases   ] GC(17)   Other: 0.1ms
[2024-07-05T20:02:57.466-0700][info][gc,heap     ] GC(17) Eden regions: 89->0(89)
[2024-07-05T20:02:57.466-0700][info][gc,heap     ] GC(17) Survivor regions: 13->13(13)
[2024-07-05T20:02:57.466-0700][info][gc,heap     ] GC(17) Old regions: 1167->1176
[2024-07-05T20:02:57.466-0700][info][gc,heap     ] GC(17) Archive regions: 2->2
[2024-07-05T20:02:57.466-0700][info][gc,heap     ] GC(17) Humongous regions: 7->7
[2024-07-05T20:02:57.466-0700][info][gc,metaspace] GC(17) Metaspace: 301K(512K)->301K(512K) NonClass: 294K(384K)->294K(384K) Class: 7K(128K)->7K(128K)
[2024-07-05T20:02:57.466-0700][info][gc          ] GC(17) Pause Young (Mixed) (G1 Evacuation Pause) 5104M->4787M(8192M) 196.209ms
[2024-07-05T20:02:57.466-0700][info][gc,cpu      ] GC(17) User=0.45s Sys=0.27s Real=0.20s
[2024-07-05T20:05:28.585-0700][info][gc,start    ] GC(18) Pause Young (Mixed) (G1 Evacuation Pause)
[2024-07-05T20:05:28.585-0700][info][gc,task     ] GC(18) Using 4 workers of 4 for evacuation
[2024-07-05T20:05:28.729-0700][info][gc,phases   ] GC(18)   Pre Evacuate Collection Set: 0.3ms
[2024-07-05T20:05:28.729-0700][info][gc,phases   ] GC(18)   Merge Heap Roots: 0.2ms
[2024-07-05T20:05:28.729-0700][info][gc,phases   ] GC(18)   Evacuate Collection Set: 129.5ms
[2024-07-05T20:05:28.729-0700][info][gc,phases   ] GC(18)   Merge Optional Heap Roots: 0.1ms
[2024-07-05T20:05:28.729-0700][info][gc,phases   ] GC(18)   Evacuate Optional Collection Set: 14.0ms
[2024-07-05T20:05:28.729-0700][info][gc,phases   ] GC(18)   Post Evacuate Collection Set: 0.6ms
[2024-07-05T20:05:28.729-0700][info][gc,phases   ] GC(18)   Other: 0.1ms
[2024-07-05T20:05:28.730-0700][info][gc,heap     ] GC(18) Eden regions: 89->0(89)
[2024-07-05T20:05:28.730-0700][info][gc,heap     ] GC(18) Survivor regions: 13->13(13)
[2024-07-05T20:05:28.730-0700][info][gc,heap     ] GC(18) Old regions: 1176->1184
[2024-07-05T20:05:28.730-0700][info][gc,heap     ] GC(18) Archive regions: 2->2
[2024-07-05T20:05:28.730-0700][info][gc,heap     ] GC(18) Humongous regions: 7->7
[2024-07-05T20:05:28.730-0700][info][gc,metaspace] GC(18) Metaspace: 301K(512K)->301K(512K) NonClass: 294K(384K)->294K(384K) Class: 7K(128K)->7K(128K)
[2024-07-05T20:05:28.730-0700][info][gc          ] GC(18) Pause Young (Mixed) (G1 Evacuation Pause) 5143M->4816M(8192M) 144.963ms
[2024-07-05T20:05:28.730-0700][info][gc,cpu      ] GC(18) User=0.38s Sys=0.16s Real=0.14s
[2024-07-05T20:08:08.417-0700][info][gc,start    ] GC(19) Pause Young (Mixed) (G1 Evacuation Pause)
[2024-07-05T20:08:08.417-0700][info][gc,task     ] GC(19) Using 4 workers of 4 for evacuation
[2024-07-05T20:08:08.568-0700][info][gc,phases   ] GC(19)   Pre Evacuate Collection Set: 0.3ms
[2024-07-05T20:08:08.568-0700][info][gc,phases   ] GC(19)   Merge Heap Roots: 0.2ms
[2024-07-05T20:08:08.568-0700][info][gc,phases   ] GC(19)   Evacuate Collection Set: 133.3ms
[2024-07-05T20:08:08.568-0700][info][gc,phases   ] GC(19)   Merge Optional Heap Roots: 0.2ms
[2024-07-05T20:08:08.568-0700][info][gc,phases   ] GC(19)   Evacuate Optional Collection Set: 16.6ms
[2024-07-05T20:08:08.568-0700][info][gc,phases   ] GC(19)   Post Evacuate Collection Set: 0.6ms
[2024-07-05T20:08:08.568-0700][info][gc,phases   ] GC(19)   Other: 0.1ms
[2024-07-05T20:08:08.568-0700][info][gc,heap     ] GC(19) Eden regions: 89->0(89)
[2024-07-05T20:08:08.568-0700][info][gc,heap     ] GC(19) Survivor regions: 13->13(13)
[2024-07-05T20:08:08.568-0700][info][gc,heap     ] GC(19) Old regions: 1184->1205
[2024-07-05T20:08:08.568-0700][info][gc,heap     ] GC(19) Archive regions: 2->2
[2024-07-05T20:08:08.568-0700][info][gc,heap     ] GC(19) Humongous regions: 7->7
[2024-07-05T20:08:08.568-0700][info][gc,metaspace] GC(19) Metaspace: 301K(512K)->301K(512K) NonClass: 294K(384K)->294K(384K) Class: 7K(128K)->7K(128K)
[2024-07-05T20:08:08.568-0700][info][gc          ] GC(19) Pause Young (Mixed) (G1 Evacuation Pause) 5172M->4900M(8192M) 151.396ms
[2024-07-05T20:08:08.568-0700][info][gc,cpu      ] GC(19) User=0.44s Sys=0.14s Real=0.15s
[2024-07-05T20:10:44.809-0700][info][gc,start    ] GC(20) Pause Young (Mixed) (G1 Evacuation Pause)
[2024-07-05T20:10:44.809-0700][info][gc,task     ] GC(20) Using 4 workers of 4 for evacuation
[2024-07-05T20:10:44.926-0700][info][gc,phases   ] GC(20)   Pre Evacuate Collection Set: 0.3ms
[2024-07-05T20:10:44.926-0700][info][gc,phases   ] GC(20)   Merge Heap Roots: 0.3ms
[2024-07-05T20:10:44.926-0700][info][gc,phases   ] GC(20)   Evacuate Collection Set: 116.0ms
[2024-07-05T20:10:44.926-0700][info][gc,phases   ] GC(20)   Post Evacuate Collection Set: 0.6ms
[2024-07-05T20:10:44.926-0700][info][gc,phases   ] GC(20)   Other: 0.1ms
[2024-07-05T20:10:44.926-0700][info][gc,heap     ] GC(20) Eden regions: 89->0(175)
[2024-07-05T20:10:44.926-0700][info][gc,heap     ] GC(20) Survivor regions: 13->13(13)
[2024-07-05T20:10:44.926-0700][info][gc,heap     ] GC(20) Old regions: 1205->1270
[2024-07-05T20:10:44.926-0700][info][gc,heap     ] GC(20) Archive regions: 2->2
[2024-07-05T20:10:44.926-0700][info][gc,heap     ] GC(20) Humongous regions: 7->7
[2024-07-05T20:10:44.926-0700][info][gc,metaspace] GC(20) Metaspace: 301K(512K)->301K(512K) NonClass: 294K(384K)->294K(384K) Class: 7K(128K)->7K(128K)
[2024-07-05T20:10:44.926-0700][info][gc          ] GC(20) Pause Young (Mixed) (G1 Evacuation Pause) 5256M->5160M(8192M) 117.363ms
[2024-07-05T20:10:44.926-0700][info][gc,cpu      ] GC(20) User=0.31s Sys=0.12s Real=0.12s
[2024-07-05T20:16:25.451-0700][info][gc,start    ] GC(21) Pause Young (Concurrent Start) (G1 Evacuation Pause)
[2024-07-05T20:16:25.451-0700][info][gc,task     ] GC(21) Using 4 workers of 4 for evacuation
[2024-07-05T20:16:25.739-0700][info][gc,phases   ] GC(21)   Pre Evacuate Collection Set: 0.2ms
[2024-07-05T20:16:25.739-0700][info][gc,phases   ] GC(21)   Merge Heap Roots: 0.3ms
[2024-07-05T20:16:25.739-0700][info][gc,phases   ] GC(21)   Evacuate Collection Set: 286.8ms
[2024-07-05T20:16:25.739-0700][info][gc,phases   ] GC(21)   Post Evacuate Collection Set: 0.4ms
[2024-07-05T20:16:25.739-0700][info][gc,phases   ] GC(21)   Other: 0.2ms
[2024-07-05T20:16:25.739-0700][info][gc,heap     ] GC(21) Eden regions: 175->0(121)
[2024-07-05T20:16:25.739-0700][info][gc,heap     ] GC(21) Survivor regions: 13->24(24)
[2024-07-05T20:16:25.739-0700][info][gc,heap     ] GC(21) Old regions: 1270->1424
[2024-07-05T20:16:25.739-0700][info][gc,heap     ] GC(21) Archive regions: 2->2
[2024-07-05T20:16:25.739-0700][info][gc,heap     ] GC(21) Humongous regions: 7->7
[2024-07-05T20:16:25.739-0700][info][gc,metaspace] GC(21) Metaspace: 304K(512K)->304K(512K) NonClass: 297K(384K)->297K(384K) Class: 7K(128K)->7K(128K)
[2024-07-05T20:16:25.739-0700][info][gc          ] GC(21) Pause Young (Concurrent Start) (G1 Evacuation Pause) 5860M->5823M(8192M) 287.978ms
[2024-07-05T20:16:25.739-0700][info][gc,cpu      ] GC(21) User=0.51s Sys=0.59s Real=0.29s
[2024-07-05T20:16:25.739-0700][info][gc          ] GC(22) Concurrent Mark Cycle
[2024-07-05T20:16:25.740-0700][info][gc,marking  ] GC(22) Concurrent Clear Claimed Marks
[2024-07-05T20:16:25.740-0700][info][gc,marking  ] GC(22) Concurrent Clear Claimed Marks 0.007ms
[2024-07-05T20:16:25.740-0700][info][gc,marking  ] GC(22) Concurrent Scan Root Regions
[2024-07-05T20:16:25.779-0700][info][gc,marking  ] GC(22) Concurrent Scan Root Regions 39.758ms
[2024-07-05T20:16:25.779-0700][info][gc,marking  ] GC(22) Concurrent Mark
[2024-07-05T20:16:25.779-0700][info][gc,marking  ] GC(22) Concurrent Mark From Roots
[2024-07-05T20:16:25.779-0700][info][gc,task     ] GC(22) Using 1 workers of 1 for marking
[2024-07-05T20:16:26.381-0700][info][gc,marking  ] GC(22) Concurrent Mark From Roots 601.606ms
[2024-07-05T20:16:26.381-0700][info][gc,marking  ] GC(22) Concurrent Preclean
[2024-07-05T20:16:26.381-0700][info][gc,marking  ] GC(22) Concurrent Preclean 0.053ms
[2024-07-05T20:17:40.791-0700][info][gc,start    ] GC(22) Pause Remark
[2024-07-05T20:17:40.793-0700][info][gc          ] GC(22) Pause Remark 5833M->5821M(8192M) 1.333ms
[2024-07-05T20:17:40.793-0700][info][gc,cpu      ] GC(22) User=0.00s Sys=0.00s Real=0.00s
[2024-07-05T20:17:40.793-0700][info][gc,marking  ] GC(22) Concurrent Mark 75013.481ms
[2024-07-05T20:17:40.793-0700][info][gc,marking  ] GC(22) Concurrent Rebuild Remembered Sets
[2024-07-05T20:17:41.237-0700][info][gc,marking  ] GC(22) Concurrent Rebuild Remembered Sets 444.378ms
[2024-07-05T20:17:41.648-0700][info][gc,start    ] GC(22) Pause Cleanup
[2024-07-05T20:17:41.649-0700][info][gc          ] GC(22) Pause Cleanup 5829M->5829M(8192M) 1.065ms
[2024-07-05T20:17:41.649-0700][info][gc,cpu      ] GC(22) User=0.00s Sys=0.00s Real=0.00s
[2024-07-05T20:17:41.649-0700][info][gc,marking  ] GC(22) Concurrent Cleanup for Next Mark
[2024-07-05T20:17:41.743-0700][info][gc,marking  ] GC(22) Concurrent Cleanup for Next Mark 93.492ms
[2024-07-05T20:17:41.743-0700][info][gc          ] GC(22) Concurrent Mark Cycle 76003.097ms
[2024-07-05T20:21:43.871-0700][info][gc,start    ] GC(23) Pause Young (Prepare Mixed) (G1 Evacuation Pause)
[2024-07-05T20:21:43.871-0700][info][gc,task     ] GC(23) Using 4 workers of 4 for evacuation
[2024-07-05T20:21:44.128-0700][info][gc,phases   ] GC(23)   Pre Evacuate Collection Set: 0.3ms
[2024-07-05T20:21:44.128-0700][info][gc,phases   ] GC(23)   Merge Heap Roots: 0.3ms
[2024-07-05T20:21:44.128-0700][info][gc,phases   ] GC(23)   Evacuate Collection Set: 255.2ms
[2024-07-05T20:21:44.128-0700][info][gc,phases   ] GC(23)   Post Evacuate Collection Set: 0.5ms
[2024-07-05T20:21:44.128-0700][info][gc,phases   ] GC(23)   Other: 0.1ms
[2024-07-05T20:21:44.128-0700][info][gc,heap     ] GC(23) Eden regions: 121->0(83)
[2024-07-05T20:21:44.128-0700][info][gc,heap     ] GC(23) Survivor regions: 24->19(19)
[2024-07-05T20:21:44.128-0700][info][gc,heap     ] GC(23) Old regions: 1424->1550
[2024-07-05T20:21:44.128-0700][info][gc,heap     ] GC(23) Archive regions: 2->2
[2024-07-05T20:21:44.128-0700][info][gc,heap     ] GC(23) Humongous regions: 10->10
[2024-07-05T20:21:44.128-0700][info][gc,metaspace] GC(23) Metaspace: 304K(512K)->304K(512K) NonClass: 297K(384K)->297K(384K) Class: 7K(128K)->7K(128K)
[2024-07-05T20:21:44.128-0700][info][gc          ] GC(23) Pause Young (Prepare Mixed) (G1 Evacuation Pause) 6319M->6317M(8192M) 256.477ms
[2024-07-05T20:21:44.128-0700][info][gc,cpu      ] GC(23) User=0.43s Sys=0.57s Real=0.26s
[2024-07-05T20:24:27.904-0700][info][gc,start    ] GC(24) Pause Young (Mixed) (G1 Evacuation Pause)
[2024-07-05T20:24:27.904-0700][info][gc,task     ] GC(24) Using 4 workers of 4 for evacuation
[2024-07-05T20:24:28.239-0700][info][gc,phases   ] GC(24)   Pre Evacuate Collection Set: 0.4ms
[2024-07-05T20:24:28.239-0700][info][gc,phases   ] GC(24)   Merge Heap Roots: 0.6ms
[2024-07-05T20:24:28.239-0700][info][gc,phases   ] GC(24)   Evacuate Collection Set: 301.8ms
[2024-07-05T20:24:28.239-0700][info][gc,phases   ] GC(24)   Merge Optional Heap Roots: 0.3ms
[2024-07-05T20:24:28.239-0700][info][gc,phases   ] GC(24)   Evacuate Optional Collection Set: 30.4ms
[2024-07-05T20:24:28.239-0700][info][gc,phases   ] GC(24)   Post Evacuate Collection Set: 0.8ms
[2024-07-05T20:24:28.239-0700][info][gc,phases   ] GC(24)   Other: 0.1ms
[2024-07-05T20:24:28.239-0700][info][gc,heap     ] GC(24) Eden regions: 83->0(89)
[2024-07-05T20:24:28.239-0700][info][gc,heap     ] GC(24) Survivor regions: 19->13(13)
[2024-07-05T20:24:28.239-0700][info][gc,heap     ] GC(24) Old regions: 1550->1510
[2024-07-05T20:24:28.239-0700][info][gc,heap     ] GC(24) Archive regions: 2->2
[2024-07-05T20:24:28.239-0700][info][gc,heap     ] GC(24) Humongous regions: 10->10
[2024-07-05T20:24:28.239-0700][info][gc,metaspace] GC(24) Metaspace: 304K(512K)->304K(512K) NonClass: 297K(384K)->297K(384K) Class: 7K(128K)->7K(128K)
[2024-07-05T20:24:28.239-0700][info][gc          ] GC(24) Pause Young (Mixed) (G1 Evacuation Pause) 6649M->6133M(8192M) 334.381ms
[2024-07-05T20:24:28.239-0700][info][gc,cpu      ] GC(24) User=0.58s Sys=0.69s Real=0.33s
[2024-07-05T20:28:07.550-0700][info][gc,start    ] GC(25) Pause Young (Mixed) (G1 Evacuation Pause)
[2024-07-05T20:28:07.550-0700][info][gc,task     ] GC(25) Using 4 workers of 4 for evacuation
[2024-07-05T20:28:07.723-0700][info][gc,phases   ] GC(25)   Pre Evacuate Collection Set: 0.5ms
[2024-07-05T20:28:07.723-0700][info][gc,phases   ] GC(25)   Merge Heap Roots: 0.3ms
[2024-07-05T20:28:07.723-0700][info][gc,phases   ] GC(25)   Evacuate Collection Set: 156.8ms
[2024-07-05T20:28:07.723-0700][info][gc,phases   ] GC(25)   Merge Optional Heap Roots: 0.2ms
[2024-07-05T20:28:07.723-0700][info][gc,phases   ] GC(25)   Evacuate Optional Collection Set: 15.2ms
[2024-07-05T20:28:07.723-0700][info][gc,phases   ] GC(25)   Post Evacuate Collection Set: 0.7ms
[2024-07-05T20:28:07.723-0700][info][gc,phases   ] GC(25)   Other: 0.1ms
[2024-07-05T20:28:07.723-0700][info][gc,heap     ] GC(25) Eden regions: 89->0(89)
[2024-07-05T20:28:07.723-0700][info][gc,heap     ] GC(25) Survivor regions: 13->13(13)
[2024-07-05T20:28:07.723-0700][info][gc,heap     ] GC(25) Old regions: 1510->1515
[2024-07-05T20:28:07.723-0700][info][gc,heap     ] GC(25) Archive regions: 2->2
[2024-07-05T20:28:07.723-0700][info][gc,heap     ] GC(25) Humongous regions: 10->10
[2024-07-05T20:28:07.723-0700][info][gc,metaspace] GC(25) Metaspace: 304K(512K)->304K(512K) NonClass: 297K(384K)->297K(384K) Class: 7K(128K)->7K(128K)
[2024-07-05T20:28:07.724-0700][info][gc          ] GC(25) Pause Young (Mixed) (G1 Evacuation Pause) 6489M->6154M(8192M) 173.817ms
[2024-07-05T20:28:07.724-0700][info][gc,cpu      ] GC(25) User=0.56s Sys=0.08s Real=0.18s
[2024-07-05T20:31:45.741-0700][info][gc,start    ] GC(26) Pause Young (Mixed) (G1 Evacuation Pause)
[2024-07-05T20:31:45.741-0700][info][gc,task     ] GC(26) Using 4 workers of 4 for evacuation
[2024-07-05T20:31:45.929-0700][info][gc,phases   ] GC(26)   Pre Evacuate Collection Set: 0.4ms
[2024-07-05T20:31:45.929-0700][info][gc,phases   ] GC(26)   Merge Heap Roots: 0.5ms
[2024-07-05T20:31:45.929-0700][info][gc,phases   ] GC(26)   Evacuate Collection Set: 169.9ms
[2024-07-05T20:31:45.929-0700][info][gc,phases   ] GC(26)   Merge Optional Heap Roots: 0.2ms
[2024-07-05T20:31:45.929-0700][info][gc,phases   ] GC(26)   Evacuate Optional Collection Set: 16.1ms
[2024-07-05T20:31:45.929-0700][info][gc,phases   ] GC(26)   Post Evacuate Collection Set: 0.6ms
[2024-07-05T20:31:45.929-0700][info][gc,phases   ] GC(26)   Other: 0.1ms
[2024-07-05T20:31:45.929-0700][info][gc,heap     ] GC(26) Eden regions: 89->0(89)
[2024-07-05T20:31:45.929-0700][info][gc,heap     ] GC(26) Survivor regions: 13->13(13)
[2024-07-05T20:31:45.929-0700][info][gc,heap     ] GC(26) Old regions: 1515->1539
[2024-07-05T20:31:45.929-0700][info][gc,heap     ] GC(26) Archive regions: 2->2
[2024-07-05T20:31:45.929-0700][info][gc,heap     ] GC(26) Humongous regions: 10->10
[2024-07-05T20:31:45.929-0700][info][gc,metaspace] GC(26) Metaspace: 304K(512K)->304K(512K) NonClass: 297K(384K)->297K(384K) Class: 7K(128K)->7K(128K)
[2024-07-05T20:31:45.929-0700][info][gc          ] GC(26) Pause Young (Mixed) (G1 Evacuation Pause) 6510M->6248M(8192M) 187.955ms
[2024-07-05T20:31:45.929-0700][info][gc,cpu      ] GC(26) User=0.53s Sys=0.16s Real=0.19s
[2024-07-05T20:35:22.090-0700][info][gc,start    ] GC(27) Pause Young (Mixed) (G1 Evacuation Pause)
[2024-07-05T20:35:22.090-0700][info][gc,task     ] GC(27) Using 4 workers of 4 for evacuation
[2024-07-05T20:35:22.272-0700][info][gc,phases   ] GC(27)   Pre Evacuate Collection Set: 0.3ms
[2024-07-05T20:35:22.272-0700][info][gc,phases   ] GC(27)   Merge Heap Roots: 0.4ms
[2024-07-05T20:35:22.272-0700][info][gc,phases   ] GC(27)   Evacuate Collection Set: 161.9ms
[2024-07-05T20:35:22.272-0700][info][gc,phases   ] GC(27)   Merge Optional Heap Roots: 0.2ms
[2024-07-05T20:35:22.272-0700][info][gc,phases   ] GC(27)   Evacuate Optional Collection Set: 18.6ms
[2024-07-05T20:35:22.272-0700][info][gc,phases   ] GC(27)   Post Evacuate Collection Set: 0.6ms
[2024-07-05T20:35:22.272-0700][info][gc,phases   ] GC(27)   Other: 0.1ms
[2024-07-05T20:35:22.272-0700][info][gc,heap     ] GC(27) Eden regions: 89->0(89)
[2024-07-05T20:35:22.272-0700][info][gc,heap     ] GC(27) Survivor regions: 13->13(13)
[2024-07-05T20:35:22.272-0700][info][gc,heap     ] GC(27) Old regions: 1539->1574
[2024-07-05T20:35:22.272-0700][info][gc,heap     ] GC(27) Archive regions: 2->2
[2024-07-05T20:35:22.272-0700][info][gc,heap     ] GC(27) Humongous regions: 10->10
[2024-07-05T20:35:22.272-0700][info][gc,metaspace] GC(27) Metaspace: 304K(512K)->304K(512K) NonClass: 297K(384K)->297K(384K) Class: 7K(128K)->7K(128K)
[2024-07-05T20:35:22.272-0700][info][gc          ] GC(27) Pause Young (Mixed) (G1 Evacuation Pause) 6604M->6389M(8192M) 182.154ms
[2024-07-05T20:35:22.272-0700][info][gc,cpu      ] GC(27) User=0.53s Sys=0.14s Real=0.18s
[2024-07-05T20:37:16.755-0700][info][gc,heap,exit] Heap
[2024-07-05T20:37:16.755-0700][info][gc,heap,exit]  garbage-first heap   total 8388608K, used 6727071K [0x0000000600000000, 0x0000000800000000)
[2024-07-05T20:37:16.755-0700][info][gc,heap,exit]   region size 4096K, 59 young (241664K), 13 survivors (53248K)
[2024-07-05T20:37:16.755-0700][info][gc,heap,exit]  Metaspace       used 305K, committed 512K, reserved 1114112K
[2024-07-05T20:37:16.755-0700][info][gc,heap,exit]   class space    used 7K, committed 128K, reserved 1048576K
