[2024-07-06T12:53:13.982-0700][info][gc] Using G1
[2024-07-06T12:53:13.993-0700][info][gc,init] Version: 17.0.11+1-LTS (release)
[2024-07-06T12:53:13.993-0700][info][gc,init] CPUs: 4 total, 4 available
[2024-07-06T12:53:13.993-0700][info][gc,init] Memory: 15953M
[2024-07-06T12:53:13.993-0700][info][gc,init] Large Page Support: Disabled
[2024-07-06T12:53:13.993-0700][info][gc,init] NUMA Support: Disabled
[2024-07-06T12:53:13.993-0700][info][gc,init] Compressed Oops: Enabled (Zero based)
[2024-07-06T12:53:13.993-0700][info][gc,init] Heap Region Size: 4M
[2024-07-06T12:53:13.993-0700][info][gc,init] Heap Min Capacity: 4G
[2024-07-06T12:53:13.993-0700][info][gc,init] Heap Initial Capacity: 4G
[2024-07-06T12:53:13.993-0700][info][gc,init] Heap Max Capacity: 4G
[2024-07-06T12:53:13.993-0700][info][gc,init] Pre-touch: Disabled
[2024-07-06T12:53:13.993-0700][info][gc,init] Parallel Workers: 4
[2024-07-06T12:53:13.993-0700][info][gc,init] Concurrent Workers: 1
[2024-07-06T12:53:13.993-0700][info][gc,init] Concurrent Refinement Workers: 4
[2024-07-06T12:53:13.993-0700][info][gc,init] Periodic GC: Disabled
[2024-07-06T12:53:14.000-0700][info][gc,metaspace] CDS archive(s) mapped at: [0x00007f77bf000000-0x00007f77bfbbb000-0x00007f77bfbbb000), size 12300288, SharedBaseAddress: 0x00007f77bf000000, ArchiveRelocationMode: 1.
[2024-07-06T12:53:14.000-0700][info][gc,metaspace] Compressed class space mapped at: 0x00007f77c0000000-0x00007f7800000000, reserved size: 1073741824
[2024-07-06T12:53:14.000-0700][info][gc,metaspace] Narrow klass base: 0x00007f77bf000000, Narrow klass shift: 0, Narrow klass range: 0x100000000
[2024-07-06T12:53:14.387-0700][info][gc,start    ] GC(0) Pause Young (Normal) (G1 Evacuation Pause)
[2024-07-06T12:53:14.387-0700][info][gc,task     ] GC(0) Using 4 workers of 4 for evacuation
[2024-07-06T12:53:14.433-0700][info][gc,phases   ] GC(0)   Pre Evacuate Collection Set: 0.2ms
[2024-07-06T12:53:14.433-0700][info][gc,phases   ] GC(0)   Merge Heap Roots: 0.1ms
[2024-07-06T12:53:14.433-0700][info][gc,phases   ] GC(0)   Evacuate Collection Set: 45.4ms
[2024-07-06T12:53:14.433-0700][info][gc,phases   ] GC(0)   Post Evacuate Collection Set: 0.4ms
[2024-07-06T12:53:14.433-0700][info][gc,phases   ] GC(0)   Other: 0.6ms
[2024-07-06T12:53:14.433-0700][info][gc,heap     ] GC(0) Eden regions: 51->0(44)
[2024-07-06T12:53:14.433-0700][info][gc,heap     ] GC(0) Survivor regions: 0->7(7)
[2024-07-06T12:53:14.433-0700][info][gc,heap     ] GC(0) Old regions: 0->19
[2024-07-06T12:53:14.433-0700][info][gc,heap     ] GC(0) Archive regions: 2->2
[2024-07-06T12:53:14.433-0700][info][gc,heap     ] GC(0) Humongous regions: 0->0
[2024-07-06T12:53:14.433-0700][info][gc,metaspace] GC(0) Metaspace: 181K(384K)->181K(384K) NonClass: 174K(256K)->174K(256K) Class: 6K(128K)->6K(128K)
[2024-07-06T12:53:14.433-0700][info][gc          ] GC(0) Pause Young (Normal) (G1 Evacuation Pause) 207M->106M(4096M) 46.741ms
[2024-07-06T12:53:14.433-0700][info][gc,cpu      ] GC(0) User=0.09s Sys=0.08s Real=0.04s
[2024-07-06T12:53:15.051-0700][info][gc,start    ] GC(1) Pause Young (Normal) (G1 Evacuation Pause)
[2024-07-06T12:53:15.051-0700][info][gc,task     ] GC(1) Using 4 workers of 4 for evacuation
[2024-07-06T12:53:15.119-0700][info][gc,phases   ] GC(1)   Pre Evacuate Collection Set: 0.2ms
[2024-07-06T12:53:15.119-0700][info][gc,phases   ] GC(1)   Merge Heap Roots: 0.2ms
[2024-07-06T12:53:15.119-0700][info][gc,phases   ] GC(1)   Evacuate Collection Set: 67.1ms
[2024-07-06T12:53:15.119-0700][info][gc,phases   ] GC(1)   Post Evacuate Collection Set: 0.4ms
[2024-07-06T12:53:15.119-0700][info][gc,phases   ] GC(1)   Other: 0.1ms
[2024-07-06T12:53:15.119-0700][info][gc,heap     ] GC(1) Eden regions: 44->0(44)
[2024-07-06T12:53:15.119-0700][info][gc,heap     ] GC(1) Survivor regions: 7->7(7)
[2024-07-06T12:53:15.119-0700][info][gc,heap     ] GC(1) Old regions: 19->50
[2024-07-06T12:53:15.119-0700][info][gc,heap     ] GC(1) Archive regions: 2->2
[2024-07-06T12:53:15.119-0700][info][gc,heap     ] GC(1) Humongous regions: 0->0
[2024-07-06T12:53:15.119-0700][info][gc,metaspace] GC(1) Metaspace: 191K(384K)->191K(384K) NonClass: 184K(256K)->184K(256K) Class: 6K(128K)->6K(128K)
[2024-07-06T12:53:15.119-0700][info][gc          ] GC(1) Pause Young (Normal) (G1 Evacuation Pause) 282M->229M(4096M) 68.009ms
[2024-07-06T12:53:15.119-0700][info][gc,cpu      ] GC(1) User=0.12s Sys=0.14s Real=0.07s
[2024-07-06T12:53:16.208-0700][info][gc,start    ] GC(2) Pause Young (Normal) (G1 Evacuation Pause)
[2024-07-06T12:53:16.208-0700][info][gc,task     ] GC(2) Using 4 workers of 4 for evacuation
[2024-07-06T12:53:16.280-0700][info][gc,phases   ] GC(2)   Pre Evacuate Collection Set: 0.2ms
[2024-07-06T12:53:16.280-0700][info][gc,phases   ] GC(2)   Merge Heap Roots: 0.1ms
[2024-07-06T12:53:16.280-0700][info][gc,phases   ] GC(2)   Evacuate Collection Set: 71.1ms
[2024-07-06T12:53:16.280-0700][info][gc,phases   ] GC(2)   Post Evacuate Collection Set: 0.4ms
[2024-07-06T12:53:16.280-0700][info][gc,phases   ] GC(2)   Other: 0.1ms
[2024-07-06T12:53:16.280-0700][info][gc,heap     ] GC(2) Eden regions: 44->0(44)
[2024-07-06T12:53:16.280-0700][info][gc,heap     ] GC(2) Survivor regions: 7->7(7)
[2024-07-06T12:53:16.280-0700][info][gc,heap     ] GC(2) Old regions: 50->84
[2024-07-06T12:53:16.280-0700][info][gc,heap     ] GC(2) Archive regions: 2->2
[2024-07-06T12:53:16.280-0700][info][gc,heap     ] GC(2) Humongous regions: 0->0
[2024-07-06T12:53:16.280-0700][info][gc,metaspace] GC(2) Metaspace: 197K(384K)->197K(384K) NonClass: 190K(256K)->190K(256K) Class: 6K(128K)->6K(128K)
[2024-07-06T12:53:16.280-0700][info][gc          ] GC(2) Pause Young (Normal) (G1 Evacuation Pause) 405M->367M(4096M) 71.927ms
[2024-07-06T12:53:16.280-0700][info][gc,cpu      ] GC(2) User=0.11s Sys=0.17s Real=0.07s
[2024-07-06T12:53:17.774-0700][info][gc,start    ] GC(3) Pause Young (Normal) (G1 Evacuation Pause)
[2024-07-06T12:53:17.774-0700][info][gc,task     ] GC(3) Using 4 workers of 4 for evacuation
[2024-07-06T12:53:17.848-0700][info][gc,phases   ] GC(3)   Pre Evacuate Collection Set: 0.2ms
[2024-07-06T12:53:17.848-0700][info][gc,phases   ] GC(3)   Merge Heap Roots: 0.1ms
[2024-07-06T12:53:17.848-0700][info][gc,phases   ] GC(3)   Evacuate Collection Set: 73.7ms
[2024-07-06T12:53:17.848-0700][info][gc,phases   ] GC(3)   Post Evacuate Collection Set: 0.4ms
[2024-07-06T12:53:17.848-0700][info][gc,phases   ] GC(3)   Other: 0.1ms
[2024-07-06T12:53:17.848-0700][info][gc,heap     ] GC(3) Eden regions: 44->0(44)
[2024-07-06T12:53:17.848-0700][info][gc,heap     ] GC(3) Survivor regions: 7->7(7)
[2024-07-06T12:53:17.848-0700][info][gc,heap     ] GC(3) Old regions: 84->121
[2024-07-06T12:53:17.848-0700][info][gc,heap     ] GC(3) Archive regions: 2->2
[2024-07-06T12:53:17.848-0700][info][gc,heap     ] GC(3) Humongous regions: 1->1
[2024-07-06T12:53:17.848-0700][info][gc,metaspace] GC(3) Metaspace: 227K(448K)->227K(448K) NonClass: 220K(320K)->220K(320K) Class: 6K(128K)->6K(128K)
[2024-07-06T12:53:17.849-0700][info][gc          ] GC(3) Pause Young (Normal) (G1 Evacuation Pause) 547M->517M(4096M) 74.484ms
[2024-07-06T12:53:17.849-0700][info][gc,cpu      ] GC(3) User=0.15s Sys=0.13s Real=0.08s
[2024-07-06T12:53:19.876-0700][info][gc,start    ] GC(4) Pause Young (Normal) (G1 Evacuation Pause)
[2024-07-06T12:53:19.876-0700][info][gc,task     ] GC(4) Using 4 workers of 4 for evacuation
[2024-07-06T12:53:19.980-0700][info][gc,phases   ] GC(4)   Pre Evacuate Collection Set: 0.2ms
[2024-07-06T12:53:19.980-0700][info][gc,phases   ] GC(4)   Merge Heap Roots: 0.1ms
[2024-07-06T12:53:19.980-0700][info][gc,phases   ] GC(4)   Evacuate Collection Set: 103.5ms
[2024-07-06T12:53:19.980-0700][info][gc,phases   ] GC(4)   Post Evacuate Collection Set: 0.4ms
[2024-07-06T12:53:19.980-0700][info][gc,phases   ] GC(4)   Other: 0.1ms
[2024-07-06T12:53:19.980-0700][info][gc,heap     ] GC(4) Eden regions: 44->0(44)
[2024-07-06T12:53:19.980-0700][info][gc,heap     ] GC(4) Survivor regions: 7->7(7)
[2024-07-06T12:53:19.980-0700][info][gc,heap     ] GC(4) Old regions: 121->159
[2024-07-06T12:53:19.980-0700][info][gc,heap     ] GC(4) Archive regions: 2->2
[2024-07-06T12:53:19.980-0700][info][gc,heap     ] GC(4) Humongous regions: 1->1
[2024-07-06T12:53:19.980-0700][info][gc,metaspace] GC(4) Metaspace: 228K(448K)->228K(448K) NonClass: 221K(320K)->221K(320K) Class: 6K(128K)->6K(128K)
[2024-07-06T12:53:19.980-0700][info][gc          ] GC(4) Pause Young (Normal) (G1 Evacuation Pause) 693M->671M(4096M) 104.381ms
[2024-07-06T12:53:19.980-0700][info][gc,cpu      ] GC(4) User=0.17s Sys=0.23s Real=0.10s
[2024-07-06T12:53:22.900-0700][info][gc,start    ] GC(5) Pause Young (Normal) (G1 Evacuation Pause)
[2024-07-06T12:53:22.900-0700][info][gc,task     ] GC(5) Using 4 workers of 4 for evacuation
[2024-07-06T12:53:22.993-0700][info][gc,phases   ] GC(5)   Pre Evacuate Collection Set: 0.2ms
[2024-07-06T12:53:22.993-0700][info][gc,phases   ] GC(5)   Merge Heap Roots: 0.1ms
[2024-07-06T12:53:22.993-0700][info][gc,phases   ] GC(5)   Evacuate Collection Set: 92.8ms
[2024-07-06T12:53:22.993-0700][info][gc,phases   ] GC(5)   Post Evacuate Collection Set: 0.3ms
[2024-07-06T12:53:22.993-0700][info][gc,phases   ] GC(5)   Other: 0.1ms
[2024-07-06T12:53:22.993-0700][info][gc,heap     ] GC(5) Eden regions: 44->0(44)
[2024-07-06T12:53:22.993-0700][info][gc,heap     ] GC(5) Survivor regions: 7->7(7)
[2024-07-06T12:53:22.993-0700][info][gc,heap     ] GC(5) Old regions: 159->200
[2024-07-06T12:53:22.993-0700][info][gc,heap     ] GC(5) Archive regions: 2->2
[2024-07-06T12:53:22.993-0700][info][gc,heap     ] GC(5) Humongous regions: 2->2
[2024-07-06T12:53:22.993-0700][info][gc,metaspace] GC(5) Metaspace: 259K(448K)->259K(448K) NonClass: 252K(320K)->252K(320K) Class: 6K(128K)->6K(128K)
[2024-07-06T12:53:22.993-0700][info][gc          ] GC(5) Pause Young (Normal) (G1 Evacuation Pause) 851M->837M(4096M) 93.607ms
[2024-07-06T12:53:22.993-0700][info][gc,cpu      ] GC(5) User=0.15s Sys=0.21s Real=0.09s
[2024-07-06T12:53:26.414-0700][info][gc,start    ] GC(6) Pause Young (Normal) (G1 Evacuation Pause)
[2024-07-06T12:53:26.414-0700][info][gc,task     ] GC(6) Using 4 workers of 4 for evacuation
[2024-07-06T12:53:26.528-0700][info][gc,phases   ] GC(6)   Pre Evacuate Collection Set: 0.2ms
[2024-07-06T12:53:26.528-0700][info][gc,phases   ] GC(6)   Merge Heap Roots: 0.1ms
[2024-07-06T12:53:26.528-0700][info][gc,phases   ] GC(6)   Evacuate Collection Set: 113.6ms
[2024-07-06T12:53:26.528-0700][info][gc,phases   ] GC(6)   Post Evacuate Collection Set: 0.4ms
[2024-07-06T12:53:26.528-0700][info][gc,phases   ] GC(6)   Other: 0.1ms
[2024-07-06T12:53:26.528-0700][info][gc,heap     ] GC(6) Eden regions: 44->0(44)
[2024-07-06T12:53:26.528-0700][info][gc,heap     ] GC(6) Survivor regions: 7->7(7)
[2024-07-06T12:53:26.528-0700][info][gc,heap     ] GC(6) Old regions: 200->241
[2024-07-06T12:53:26.528-0700][info][gc,heap     ] GC(6) Archive regions: 2->2
[2024-07-06T12:53:26.528-0700][info][gc,heap     ] GC(6) Humongous regions: 2->2
[2024-07-06T12:53:26.528-0700][info][gc,metaspace] GC(6) Metaspace: 259K(448K)->259K(448K) NonClass: 253K(320K)->253K(320K) Class: 6K(128K)->6K(128K)
[2024-07-06T12:53:26.528-0700][info][gc          ] GC(6) Pause Young (Normal) (G1 Evacuation Pause) 1013M->1002M(4096M) 114.393ms
[2024-07-06T12:53:26.528-0700][info][gc,cpu      ] GC(6) User=0.19s Sys=0.25s Real=0.12s
[2024-07-06T12:53:31.152-0700][info][gc,start    ] GC(7) Pause Young (Normal) (G1 Evacuation Pause)
[2024-07-06T12:53:31.152-0700][info][gc,task     ] GC(7) Using 4 workers of 4 for evacuation
[2024-07-06T12:53:31.243-0700][info][gc,phases   ] GC(7)   Pre Evacuate Collection Set: 0.2ms
[2024-07-06T12:53:31.243-0700][info][gc,phases   ] GC(7)   Merge Heap Roots: 0.1ms
[2024-07-06T12:53:31.243-0700][info][gc,phases   ] GC(7)   Evacuate Collection Set: 90.8ms
[2024-07-06T12:53:31.243-0700][info][gc,phases   ] GC(7)   Post Evacuate Collection Set: 0.4ms
[2024-07-06T12:53:31.243-0700][info][gc,phases   ] GC(7)   Other: 0.1ms
[2024-07-06T12:53:31.243-0700][info][gc,heap     ] GC(7) Eden regions: 44->0(44)
[2024-07-06T12:53:31.243-0700][info][gc,heap     ] GC(7) Survivor regions: 7->7(7)
[2024-07-06T12:53:31.243-0700][info][gc,heap     ] GC(7) Old regions: 241->282
[2024-07-06T12:53:31.243-0700][info][gc,heap     ] GC(7) Archive regions: 2->2
[2024-07-06T12:53:31.243-0700][info][gc,heap     ] GC(7) Humongous regions: 2->2
[2024-07-06T12:53:31.243-0700][info][gc,metaspace] GC(7) Metaspace: 267K(448K)->267K(448K) NonClass: 261K(320K)->261K(320K) Class: 6K(128K)->6K(128K)
[2024-07-06T12:53:31.243-0700][info][gc          ] GC(7) Pause Young (Normal) (G1 Evacuation Pause) 1178M->1164M(4096M) 91.594ms
[2024-07-06T12:53:31.243-0700][info][gc,cpu      ] GC(7) User=0.15s Sys=0.21s Real=0.10s
[2024-07-06T12:53:38.345-0700][info][gc,start    ] GC(8) Pause Young (Normal) (G1 Evacuation Pause)
[2024-07-06T12:53:38.345-0700][info][gc,task     ] GC(8) Using 4 workers of 4 for evacuation
[2024-07-06T12:53:38.445-0700][info][gc,phases   ] GC(8)   Pre Evacuate Collection Set: 0.2ms
[2024-07-06T12:53:38.445-0700][info][gc,phases   ] GC(8)   Merge Heap Roots: 0.1ms
[2024-07-06T12:53:38.445-0700][info][gc,phases   ] GC(8)   Evacuate Collection Set: 99.0ms
[2024-07-06T12:53:38.445-0700][info][gc,phases   ] GC(8)   Post Evacuate Collection Set: 0.4ms
[2024-07-06T12:53:38.445-0700][info][gc,phases   ] GC(8)   Other: 0.1ms
[2024-07-06T12:53:38.445-0700][info][gc,heap     ] GC(8) Eden regions: 44->0(44)
[2024-07-06T12:53:38.445-0700][info][gc,heap     ] GC(8) Survivor regions: 7->7(7)
[2024-07-06T12:53:38.445-0700][info][gc,heap     ] GC(8) Old regions: 282->326
[2024-07-06T12:53:38.445-0700][info][gc,heap     ] GC(8) Archive regions: 2->2
[2024-07-06T12:53:38.445-0700][info][gc,heap     ] GC(8) Humongous regions: 4->4
[2024-07-06T12:53:38.445-0700][info][gc,metaspace] GC(8) Metaspace: 271K(512K)->271K(512K) NonClass: 264K(384K)->264K(384K) Class: 6K(128K)->6K(128K)
[2024-07-06T12:53:38.445-0700][info][gc          ] GC(8) Pause Young (Normal) (G1 Evacuation Pause) 1348M->1348M(4096M) 99.790ms
[2024-07-06T12:53:38.445-0700][info][gc,cpu      ] GC(8) User=0.16s Sys=0.22s Real=0.10s
[2024-07-06T12:53:46.683-0700][info][gc,start    ] GC(9) Pause Young (Normal) (G1 Evacuation Pause)
[2024-07-06T12:53:46.683-0700][info][gc,task     ] GC(9) Using 4 workers of 4 for evacuation
[2024-07-06T12:53:46.781-0700][info][gc,phases   ] GC(9)   Pre Evacuate Collection Set: 0.2ms
[2024-07-06T12:53:46.781-0700][info][gc,phases   ] GC(9)   Merge Heap Roots: 0.1ms
[2024-07-06T12:53:46.781-0700][info][gc,phases   ] GC(9)   Evacuate Collection Set: 96.6ms
[2024-07-06T12:53:46.781-0700][info][gc,phases   ] GC(9)   Post Evacuate Collection Set: 0.4ms
[2024-07-06T12:53:46.781-0700][info][gc,phases   ] GC(9)   Other: 0.1ms
[2024-07-06T12:53:46.781-0700][info][gc,heap     ] GC(9) Eden regions: 44->0(44)
[2024-07-06T12:53:46.781-0700][info][gc,heap     ] GC(9) Survivor regions: 7->7(7)
[2024-07-06T12:53:46.781-0700][info][gc,heap     ] GC(9) Old regions: 326->368
[2024-07-06T12:53:46.781-0700][info][gc,heap     ] GC(9) Archive regions: 2->2
[2024-07-06T12:53:46.781-0700][info][gc,heap     ] GC(9) Humongous regions: 4->4
[2024-07-06T12:53:46.781-0700][info][gc,metaspace] GC(9) Metaspace: 271K(512K)->271K(512K) NonClass: 264K(384K)->264K(384K) Class: 6K(128K)->6K(128K)
[2024-07-06T12:53:46.781-0700][info][gc          ] GC(9) Pause Young (Normal) (G1 Evacuation Pause) 1524M->1518M(4096M) 97.467ms
[2024-07-06T12:53:46.781-0700][info][gc,cpu      ] GC(9) User=0.20s Sys=0.18s Real=0.09s
[2024-07-06T12:53:57.955-0700][info][gc,start    ] GC(10) Pause Young (Normal) (G1 Evacuation Pause)
[2024-07-06T12:53:57.955-0700][info][gc,task     ] GC(10) Using 4 workers of 4 for evacuation
[2024-07-06T12:53:58.054-0700][info][gc,phases   ] GC(10)   Pre Evacuate Collection Set: 0.2ms
[2024-07-06T12:53:58.054-0700][info][gc,phases   ] GC(10)   Merge Heap Roots: 0.1ms
[2024-07-06T12:53:58.054-0700][info][gc,phases   ] GC(10)   Evacuate Collection Set: 98.6ms
[2024-07-06T12:53:58.054-0700][info][gc,phases   ] GC(10)   Post Evacuate Collection Set: 0.4ms
[2024-07-06T12:53:58.054-0700][info][gc,phases   ] GC(10)   Other: 0.1ms
[2024-07-06T12:53:58.054-0700][info][gc,heap     ] GC(10) Eden regions: 44->0(44)
[2024-07-06T12:53:58.054-0700][info][gc,heap     ] GC(10) Survivor regions: 7->7(7)
[2024-07-06T12:53:58.054-0700][info][gc,heap     ] GC(10) Old regions: 368->409
[2024-07-06T12:53:58.054-0700][info][gc,heap     ] GC(10) Archive regions: 2->2
[2024-07-06T12:53:58.054-0700][info][gc,heap     ] GC(10) Humongous regions: 4->4
[2024-07-06T12:53:58.054-0700][info][gc,metaspace] GC(10) Metaspace: 271K(512K)->271K(512K) NonClass: 264K(384K)->264K(384K) Class: 6K(128K)->6K(128K)
[2024-07-06T12:53:58.054-0700][info][gc          ] GC(10) Pause Young (Normal) (G1 Evacuation Pause) 1694M->1683M(4096M) 99.469ms
[2024-07-06T12:53:58.054-0700][info][gc,cpu      ] GC(10) User=0.16s Sys=0.22s Real=0.10s
[2024-07-06T12:54:07.263-0700][info][gc,start    ] GC(11) Pause Young (Normal) (G1 Evacuation Pause)
[2024-07-06T12:54:07.263-0700][info][gc,task     ] GC(11) Using 4 workers of 4 for evacuation
[2024-07-06T12:54:07.373-0700][info][gc,phases   ] GC(11)   Pre Evacuate Collection Set: 0.2ms
[2024-07-06T12:54:07.373-0700][info][gc,phases   ] GC(11)   Merge Heap Roots: 0.1ms
[2024-07-06T12:54:07.373-0700][info][gc,phases   ] GC(11)   Evacuate Collection Set: 109.1ms
[2024-07-06T12:54:07.373-0700][info][gc,phases   ] GC(11)   Post Evacuate Collection Set: 0.3ms
[2024-07-06T12:54:07.373-0700][info][gc,phases   ] GC(11)   Other: 0.1ms
[2024-07-06T12:54:07.373-0700][info][gc,heap     ] GC(11) Eden regions: 44->0(44)
[2024-07-06T12:54:07.373-0700][info][gc,heap     ] GC(11) Survivor regions: 7->7(7)
[2024-07-06T12:54:07.373-0700][info][gc,heap     ] GC(11) Old regions: 409->451
[2024-07-06T12:54:07.373-0700][info][gc,heap     ] GC(11) Archive regions: 2->2
[2024-07-06T12:54:07.373-0700][info][gc,heap     ] GC(11) Humongous regions: 4->4
[2024-07-06T12:54:07.373-0700][info][gc,metaspace] GC(11) Metaspace: 271K(512K)->271K(512K) NonClass: 264K(384K)->264K(384K) Class: 6K(128K)->6K(128K)
[2024-07-06T12:54:07.373-0700][info][gc          ] GC(11) Pause Young (Normal) (G1 Evacuation Pause) 1859M->1850M(4096M) 109.896ms
[2024-07-06T12:54:07.373-0700][info][gc,cpu      ] GC(11) User=0.19s Sys=0.23s Real=0.10s
[2024-07-06T12:54:18.215-0700][info][gc,start    ] GC(12) Pause Young (Normal) (G1 Evacuation Pause)
[2024-07-06T12:54:18.215-0700][info][gc,task     ] GC(12) Using 4 workers of 4 for evacuation
[2024-07-06T12:54:18.324-0700][info][gc,phases   ] GC(12)   Pre Evacuate Collection Set: 0.2ms
[2024-07-06T12:54:18.324-0700][info][gc,phases   ] GC(12)   Merge Heap Roots: 0.2ms
[2024-07-06T12:54:18.324-0700][info][gc,phases   ] GC(12)   Evacuate Collection Set: 108.1ms
[2024-07-06T12:54:18.324-0700][info][gc,phases   ] GC(12)   Post Evacuate Collection Set: 0.4ms
[2024-07-06T12:54:18.324-0700][info][gc,phases   ] GC(12)   Other: 0.2ms
[2024-07-06T12:54:18.324-0700][info][gc,heap     ] GC(12) Eden regions: 44->0(44)
[2024-07-06T12:54:18.324-0700][info][gc,heap     ] GC(12) Survivor regions: 7->7(7)
[2024-07-06T12:54:18.324-0700][info][gc,heap     ] GC(12) Old regions: 451->493
[2024-07-06T12:54:18.324-0700][info][gc,heap     ] GC(12) Archive regions: 2->2
[2024-07-06T12:54:18.324-0700][info][gc,heap     ] GC(12) Humongous regions: 4->4
[2024-07-06T12:54:18.324-0700][info][gc,metaspace] GC(12) Metaspace: 279K(512K)->279K(512K) NonClass: 272K(384K)->272K(384K) Class: 6K(128K)->6K(128K)
[2024-07-06T12:54:18.324-0700][info][gc          ] GC(12) Pause Young (Normal) (G1 Evacuation Pause) 2026M->2017M(4096M) 109.157ms
[2024-07-06T12:54:18.324-0700][info][gc,cpu      ] GC(12) User=0.18s Sys=0.24s Real=0.11s
[2024-07-06T12:54:26.079-0700][info][gc,start    ] GC(13) Pause Young (Concurrent Start) (G1 Humongous Allocation)
[2024-07-06T12:54:26.079-0700][info][gc,task     ] GC(13) Using 4 workers of 4 for evacuation
[2024-07-06T12:54:26.133-0700][info][gc,phases   ] GC(13)   Pre Evacuate Collection Set: 0.2ms
[2024-07-06T12:54:26.133-0700][info][gc,phases   ] GC(13)   Merge Heap Roots: 0.1ms
[2024-07-06T12:54:26.133-0700][info][gc,phases   ] GC(13)   Evacuate Collection Set: 53.0ms
[2024-07-06T12:54:26.133-0700][info][gc,phases   ] GC(13)   Post Evacuate Collection Set: 0.6ms
[2024-07-06T12:54:26.133-0700][info][gc,phases   ] GC(13)   Other: 0.2ms
[2024-07-06T12:54:26.133-0700][info][gc,heap     ] GC(13) Eden regions: 25->0(44)
[2024-07-06T12:54:26.133-0700][info][gc,heap     ] GC(13) Survivor regions: 7->7(7)
[2024-07-06T12:54:26.133-0700][info][gc,heap     ] GC(13) Old regions: 493->517
[2024-07-06T12:54:26.133-0700][info][gc,heap     ] GC(13) Archive regions: 2->2
[2024-07-06T12:54:26.133-0700][info][gc,heap     ] GC(13) Humongous regions: 4->4
[2024-07-06T12:54:26.133-0700][info][gc,metaspace] GC(13) Metaspace: 282K(512K)->282K(512K) NonClass: 276K(384K)->276K(384K) Class: 6K(128K)->6K(128K)
[2024-07-06T12:54:26.133-0700][info][gc          ] GC(13) Pause Young (Concurrent Start) (G1 Humongous Allocation) 2117M->2112M(4096M) 54.108ms
[2024-07-06T12:54:26.133-0700][info][gc,cpu      ] GC(13) User=0.09s Sys=0.12s Real=0.05s
[2024-07-06T12:54:26.133-0700][info][gc          ] GC(14) Concurrent Mark Cycle
[2024-07-06T12:54:26.133-0700][info][gc,marking  ] GC(14) Concurrent Clear Claimed Marks
[2024-07-06T12:54:26.133-0700][info][gc,marking  ] GC(14) Concurrent Clear Claimed Marks 0.006ms
[2024-07-06T12:54:26.133-0700][info][gc,marking  ] GC(14) Concurrent Scan Root Regions
[2024-07-06T12:54:26.141-0700][info][gc,marking  ] GC(14) Concurrent Scan Root Regions 7.733ms
[2024-07-06T12:54:26.141-0700][info][gc,marking  ] GC(14) Concurrent Mark
[2024-07-06T12:54:26.141-0700][info][gc,marking  ] GC(14) Concurrent Mark From Roots
[2024-07-06T12:54:26.141-0700][info][gc,task     ] GC(14) Using 1 workers of 1 for marking
[2024-07-06T12:54:26.377-0700][info][gc,marking  ] GC(14) Concurrent Mark From Roots 236.853ms
[2024-07-06T12:54:26.377-0700][info][gc,marking  ] GC(14) Concurrent Preclean
[2024-07-06T12:54:26.378-0700][info][gc,marking  ] GC(14) Concurrent Preclean 0.063ms
[2024-07-06T12:54:30.186-0700][info][gc,start    ] GC(14) Pause Remark
[2024-07-06T12:54:30.187-0700][info][gc          ] GC(14) Pause Remark 2126M->2118M(4096M) 0.813ms
[2024-07-06T12:54:30.187-0700][info][gc,cpu      ] GC(14) User=0.00s Sys=0.00s Real=0.00s
[2024-07-06T12:54:30.187-0700][info][gc,marking  ] GC(14) Concurrent Mark 4046.576ms
[2024-07-06T12:54:30.187-0700][info][gc,marking  ] GC(14) Concurrent Rebuild Remembered Sets
[2024-07-06T12:54:30.285-0700][info][gc,marking  ] GC(14) Concurrent Rebuild Remembered Sets 97.492ms
[2024-07-06T12:54:30.408-0700][info][gc,start    ] GC(14) Pause Cleanup
[2024-07-06T12:54:30.409-0700][info][gc          ] GC(14) Pause Cleanup 2118M->2118M(4096M) 0.439ms
[2024-07-06T12:54:30.409-0700][info][gc,cpu      ] GC(14) User=0.00s Sys=0.00s Real=0.00s
[2024-07-06T12:54:30.409-0700][info][gc,marking  ] GC(14) Concurrent Cleanup for Next Mark
[2024-07-06T12:54:30.438-0700][info][gc,marking  ] GC(14) Concurrent Cleanup for Next Mark 29.267ms
[2024-07-06T12:54:30.438-0700][info][gc          ] GC(14) Concurrent Mark Cycle 4305.508ms
[2024-07-06T12:54:41.411-0700][info][gc,start    ] GC(15) Pause Young (Prepare Mixed) (G1 Evacuation Pause)
[2024-07-06T12:54:41.411-0700][info][gc,task     ] GC(15) Using 4 workers of 4 for evacuation
[2024-07-06T12:54:41.506-0700][info][gc,phases   ] GC(15)   Pre Evacuate Collection Set: 0.2ms
[2024-07-06T12:54:41.506-0700][info][gc,phases   ] GC(15)   Merge Heap Roots: 0.1ms
[2024-07-06T12:54:41.506-0700][info][gc,phases   ] GC(15)   Evacuate Collection Set: 93.9ms
[2024-07-06T12:54:41.506-0700][info][gc,phases   ] GC(15)   Post Evacuate Collection Set: 0.3ms
[2024-07-06T12:54:41.506-0700][info][gc,phases   ] GC(15)   Other: 0.2ms
[2024-07-06T12:54:41.506-0700][info][gc,heap     ] GC(15) Eden regions: 44->0(44)
[2024-07-06T12:54:41.506-0700][info][gc,heap     ] GC(15) Survivor regions: 7->7(7)
[2024-07-06T12:54:41.506-0700][info][gc,heap     ] GC(15) Old regions: 517->559
[2024-07-06T12:54:41.506-0700][info][gc,heap     ] GC(15) Archive regions: 2->2
[2024-07-06T12:54:41.506-0700][info][gc,heap     ] GC(15) Humongous regions: 4->4
[2024-07-06T12:54:41.506-0700][info][gc,metaspace] GC(15) Metaspace: 291K(512K)->291K(512K) NonClass: 284K(384K)->284K(384K) Class: 6K(128K)->6K(128K)
[2024-07-06T12:54:41.506-0700][info][gc          ] GC(15) Pause Young (Prepare Mixed) (G1 Evacuation Pause) 2288M->2283M(4096M) 94.780ms
[2024-07-06T12:54:41.506-0700][info][gc,cpu      ] GC(15) User=0.22s Sys=0.15s Real=0.10s
[2024-07-06T12:54:57.921-0700][info][gc,start    ] GC(16) Pause Young (Mixed) (G1 Evacuation Pause)
[2024-07-06T12:54:57.921-0700][info][gc,task     ] GC(16) Using 4 workers of 4 for evacuation
[2024-07-06T12:54:58.031-0700][info][gc,phases   ] GC(16)   Pre Evacuate Collection Set: 0.2ms
[2024-07-06T12:54:58.031-0700][info][gc,phases   ] GC(16)   Merge Heap Roots: 0.1ms
[2024-07-06T12:54:58.031-0700][info][gc,phases   ] GC(16)   Evacuate Collection Set: 108.8ms
[2024-07-06T12:54:58.031-0700][info][gc,phases   ] GC(16)   Post Evacuate Collection Set: 0.4ms
[2024-07-06T12:54:58.031-0700][info][gc,phases   ] GC(16)   Other: 0.1ms
[2024-07-06T12:54:58.031-0700][info][gc,heap     ] GC(16) Eden regions: 44->0(44)
[2024-07-06T12:54:58.031-0700][info][gc,heap     ] GC(16) Survivor regions: 7->7(7)
[2024-07-06T12:54:58.031-0700][info][gc,heap     ] GC(16) Old regions: 559->574
[2024-07-06T12:54:58.031-0700][info][gc,heap     ] GC(16) Archive regions: 2->2
[2024-07-06T12:54:58.031-0700][info][gc,heap     ] GC(16) Humongous regions: 4->4
[2024-07-06T12:54:58.031-0700][info][gc,metaspace] GC(16) Metaspace: 291K(512K)->291K(512K) NonClass: 284K(384K)->284K(384K) Class: 6K(128K)->6K(128K)
[2024-07-06T12:54:58.031-0700][info][gc          ] GC(16) Pause Young (Mixed) (G1 Evacuation Pause) 2459M->2342M(4096M) 109.824ms
[2024-07-06T12:54:58.031-0700][info][gc,cpu      ] GC(16) User=0.19s Sys=0.23s Real=0.11s
[2024-07-06T12:55:13.963-0700][info][gc,start    ] GC(17) Pause Young (Mixed) (G1 Evacuation Pause)
[2024-07-06T12:55:13.963-0700][info][gc,task     ] GC(17) Using 4 workers of 4 for evacuation
[2024-07-06T12:55:14.041-0700][info][gc,phases   ] GC(17)   Pre Evacuate Collection Set: 0.2ms
[2024-07-06T12:55:14.041-0700][info][gc,phases   ] GC(17)   Merge Heap Roots: 0.1ms
[2024-07-06T12:55:14.041-0700][info][gc,phases   ] GC(17)   Evacuate Collection Set: 77.9ms
[2024-07-06T12:55:14.041-0700][info][gc,phases   ] GC(17)   Post Evacuate Collection Set: 0.5ms
[2024-07-06T12:55:14.041-0700][info][gc,phases   ] GC(17)   Other: 0.1ms
[2024-07-06T12:55:14.041-0700][info][gc,heap     ] GC(17) Eden regions: 44->0(44)
[2024-07-06T12:55:14.041-0700][info][gc,heap     ] GC(17) Survivor regions: 7->7(7)
[2024-07-06T12:55:14.041-0700][info][gc,heap     ] GC(17) Old regions: 574->591
[2024-07-06T12:55:14.041-0700][info][gc,heap     ] GC(17) Archive regions: 2->2
[2024-07-06T12:55:14.041-0700][info][gc,heap     ] GC(17) Humongous regions: 4->4
[2024-07-06T12:55:14.041-0700][info][gc,metaspace] GC(17) Metaspace: 291K(512K)->291K(512K) NonClass: 284K(384K)->284K(384K) Class: 6K(128K)->6K(128K)
[2024-07-06T12:55:14.041-0700][info][gc          ] GC(17) Pause Young (Mixed) (G1 Evacuation Pause) 2518M->2411M(4096M) 78.918ms
[2024-07-06T12:55:14.041-0700][info][gc,cpu      ] GC(17) User=0.16s Sys=0.13s Real=0.08s
[2024-07-06T12:55:32.991-0700][info][gc,start    ] GC(18) Pause Young (Mixed) (G1 Evacuation Pause)
[2024-07-06T12:55:32.991-0700][info][gc,task     ] GC(18) Using 4 workers of 4 for evacuation
[2024-07-06T12:55:33.068-0700][info][gc,phases   ] GC(18)   Pre Evacuate Collection Set: 0.2ms
[2024-07-06T12:55:33.068-0700][info][gc,phases   ] GC(18)   Merge Heap Roots: 0.1ms
[2024-07-06T12:55:33.069-0700][info][gc,phases   ] GC(18)   Evacuate Collection Set: 76.0ms
[2024-07-06T12:55:33.069-0700][info][gc,phases   ] GC(18)   Merge Optional Heap Roots: 0.1ms
[2024-07-06T12:55:33.069-0700][info][gc,phases   ] GC(18)   Evacuate Optional Collection Set: 0.7ms
[2024-07-06T12:55:33.069-0700][info][gc,phases   ] GC(18)   Post Evacuate Collection Set: 0.4ms
[2024-07-06T12:55:33.069-0700][info][gc,phases   ] GC(18)   Other: 0.1ms
[2024-07-06T12:55:33.069-0700][info][gc,heap     ] GC(18) Eden regions: 44->0(44)
[2024-07-06T12:55:33.069-0700][info][gc,heap     ] GC(18) Survivor regions: 7->7(7)
[2024-07-06T12:55:33.069-0700][info][gc,heap     ] GC(18) Old regions: 591->610
[2024-07-06T12:55:33.069-0700][info][gc,heap     ] GC(18) Archive regions: 2->2
[2024-07-06T12:55:33.069-0700][info][gc,heap     ] GC(18) Humongous regions: 4->4
[2024-07-06T12:55:33.069-0700][info][gc,metaspace] GC(18) Metaspace: 296K(512K)->296K(512K) NonClass: 290K(384K)->290K(384K) Class: 6K(128K)->6K(128K)
[2024-07-06T12:55:33.069-0700][info][gc          ] GC(18) Pause Young (Mixed) (G1 Evacuation Pause) 2587M->2484M(4096M) 77.726ms
[2024-07-06T12:55:33.069-0700][info][gc,cpu      ] GC(18) User=0.18s Sys=0.12s Real=0.08s
[2024-07-06T12:55:51.535-0700][info][gc,start    ] GC(19) Pause Young (Mixed) (G1 Evacuation Pause)
[2024-07-06T12:55:51.535-0700][info][gc,task     ] GC(19) Using 4 workers of 4 for evacuation
[2024-07-06T12:55:51.642-0700][info][gc,phases   ] GC(19)   Pre Evacuate Collection Set: 0.2ms
[2024-07-06T12:55:51.642-0700][info][gc,phases   ] GC(19)   Merge Heap Roots: 0.1ms
[2024-07-06T12:55:51.642-0700][info][gc,phases   ] GC(19)   Evacuate Collection Set: 97.9ms
[2024-07-06T12:55:51.642-0700][info][gc,phases   ] GC(19)   Merge Optional Heap Roots: 0.2ms
[2024-07-06T12:55:51.642-0700][info][gc,phases   ] GC(19)   Evacuate Optional Collection Set: 7.5ms
[2024-07-06T12:55:51.642-0700][info][gc,phases   ] GC(19)   Post Evacuate Collection Set: 0.6ms
[2024-07-06T12:55:51.642-0700][info][gc,phases   ] GC(19)   Other: 0.1ms
[2024-07-06T12:55:51.642-0700][info][gc,heap     ] GC(19) Eden regions: 44->0(44)
[2024-07-06T12:55:51.642-0700][info][gc,heap     ] GC(19) Survivor regions: 7->7(7)
[2024-07-06T12:55:51.642-0700][info][gc,heap     ] GC(19) Old regions: 610->623
[2024-07-06T12:55:51.642-0700][info][gc,heap     ] GC(19) Archive regions: 2->2
[2024-07-06T12:55:51.642-0700][info][gc,heap     ] GC(19) Humongous regions: 4->4
[2024-07-06T12:55:51.642-0700][info][gc,metaspace] GC(19) Metaspace: 296K(512K)->296K(512K) NonClass: 290K(384K)->290K(384K) Class: 6K(128K)->6K(128K)
[2024-07-06T12:55:51.642-0700][info][gc          ] GC(19) Pause Young (Mixed) (G1 Evacuation Pause) 2660M->2539M(4096M) 106.702ms
[2024-07-06T12:55:51.642-0700][info][gc,cpu      ] GC(19) User=0.24s Sys=0.16s Real=0.10s
[2024-07-06T12:56:08.374-0700][info][gc,start    ] GC(20) Pause Young (Mixed) (G1 Evacuation Pause)
[2024-07-06T12:56:08.374-0700][info][gc,task     ] GC(20) Using 4 workers of 4 for evacuation
[2024-07-06T12:56:08.470-0700][info][gc,phases   ] GC(20)   Pre Evacuate Collection Set: 0.2ms
[2024-07-06T12:56:08.470-0700][info][gc,phases   ] GC(20)   Merge Heap Roots: 0.1ms
[2024-07-06T12:56:08.470-0700][info][gc,phases   ] GC(20)   Evacuate Collection Set: 86.9ms
[2024-07-06T12:56:08.470-0700][info][gc,phases   ] GC(20)   Merge Optional Heap Roots: 0.1ms
[2024-07-06T12:56:08.470-0700][info][gc,phases   ] GC(20)   Evacuate Optional Collection Set: 9.0ms
[2024-07-06T12:56:08.470-0700][info][gc,phases   ] GC(20)   Post Evacuate Collection Set: 0.5ms
[2024-07-06T12:56:08.470-0700][info][gc,phases   ] GC(20)   Other: 0.1ms
[2024-07-06T12:56:08.470-0700][info][gc,heap     ] GC(20) Eden regions: 44->0(44)
[2024-07-06T12:56:08.470-0700][info][gc,heap     ] GC(20) Survivor regions: 7->7(7)
[2024-07-06T12:56:08.470-0700][info][gc,heap     ] GC(20) Old regions: 623->637
[2024-07-06T12:56:08.470-0700][info][gc,heap     ] GC(20) Archive regions: 2->2
[2024-07-06T12:56:08.470-0700][info][gc,heap     ] GC(20) Humongous regions: 4->4
[2024-07-06T12:56:08.470-0700][info][gc,metaspace] GC(20) Metaspace: 296K(512K)->296K(512K) NonClass: 290K(384K)->290K(384K) Class: 6K(128K)->6K(128K)
[2024-07-06T12:56:08.470-0700][info][gc          ] GC(20) Pause Young (Mixed) (G1 Evacuation Pause) 2715M->2593M(4096M) 96.932ms
[2024-07-06T12:56:08.470-0700][info][gc,cpu      ] GC(20) User=0.22s Sys=0.14s Real=0.10s
[2024-07-06T12:56:26.098-0700][info][gc,start    ] GC(21) Pause Young (Mixed) (G1 Evacuation Pause)
[2024-07-06T12:56:26.098-0700][info][gc,task     ] GC(21) Using 4 workers of 4 for evacuation
[2024-07-06T12:56:26.208-0700][info][gc,phases   ] GC(21)   Pre Evacuate Collection Set: 0.2ms
[2024-07-06T12:56:26.208-0700][info][gc,phases   ] GC(21)   Merge Heap Roots: 0.1ms
[2024-07-06T12:56:26.208-0700][info][gc,phases   ] GC(21)   Evacuate Collection Set: 98.1ms
[2024-07-06T12:56:26.208-0700][info][gc,phases   ] GC(21)   Merge Optional Heap Roots: 0.1ms
[2024-07-06T12:56:26.208-0700][info][gc,phases   ] GC(21)   Evacuate Optional Collection Set: 11.2ms
[2024-07-06T12:56:26.208-0700][info][gc,phases   ] GC(21)   Post Evacuate Collection Set: 0.5ms
[2024-07-06T12:56:26.208-0700][info][gc,phases   ] GC(21)   Other: 0.1ms
[2024-07-06T12:56:26.208-0700][info][gc,heap     ] GC(21) Eden regions: 44->0(44)
[2024-07-06T12:56:26.208-0700][info][gc,heap     ] GC(21) Survivor regions: 7->7(7)
[2024-07-06T12:56:26.208-0700][info][gc,heap     ] GC(21) Old regions: 637->656
[2024-07-06T12:56:26.208-0700][info][gc,heap     ] GC(21) Archive regions: 2->2
[2024-07-06T12:56:26.208-0700][info][gc,heap     ] GC(21) Humongous regions: 7->7
[2024-07-06T12:56:26.208-0700][info][gc,metaspace] GC(21) Metaspace: 301K(512K)->301K(512K) NonClass: 294K(384K)->294K(384K) Class: 7K(128K)->7K(128K)
[2024-07-06T12:56:26.208-0700][info][gc          ] GC(21) Pause Young (Mixed) (G1 Evacuation Pause) 2781M->2681M(4096M) 110.478ms
[2024-07-06T12:56:26.208-0700][info][gc,cpu      ] GC(21) User=0.28s Sys=0.15s Real=0.11s
[2024-07-06T12:56:42.513-0700][info][gc,start    ] GC(22) Pause Young (Mixed) (G1 Evacuation Pause)
[2024-07-06T12:56:42.513-0700][info][gc,task     ] GC(22) Using 4 workers of 4 for evacuation
[2024-07-06T12:56:42.567-0700][info][gc,phases   ] GC(22)   Pre Evacuate Collection Set: 0.2ms
[2024-07-06T12:56:42.567-0700][info][gc,phases   ] GC(22)   Merge Heap Roots: 0.2ms
[2024-07-06T12:56:42.567-0700][info][gc,phases   ] GC(22)   Evacuate Collection Set: 53.6ms
[2024-07-06T12:56:42.567-0700][info][gc,phases   ] GC(22)   Post Evacuate Collection Set: 0.4ms
[2024-07-06T12:56:42.567-0700][info][gc,phases   ] GC(22)   Other: 0.1ms
[2024-07-06T12:56:42.567-0700][info][gc,heap     ] GC(22) Eden regions: 44->0(65)
[2024-07-06T12:56:42.567-0700][info][gc,heap     ] GC(22) Survivor regions: 7->7(7)
[2024-07-06T12:56:42.567-0700][info][gc,heap     ] GC(22) Old regions: 656->697
[2024-07-06T12:56:42.567-0700][info][gc,heap     ] GC(22) Archive regions: 2->2
[2024-07-06T12:56:42.567-0700][info][gc,heap     ] GC(22) Humongous regions: 7->7
[2024-07-06T12:56:42.567-0700][info][gc,metaspace] GC(22) Metaspace: 302K(512K)->302K(512K) NonClass: 295K(384K)->295K(384K) Class: 7K(128K)->7K(128K)
[2024-07-06T12:56:42.567-0700][info][gc          ] GC(22) Pause Young (Mixed) (G1 Evacuation Pause) 2857M->2844M(4096M) 54.561ms
[2024-07-06T12:56:42.567-0700][info][gc,cpu      ] GC(22) User=0.15s Sys=0.04s Real=0.06s
[2024-07-06T12:57:04.611-0700][info][gc,start    ] GC(23) Pause Young (Concurrent Start) (G1 Evacuation Pause)
[2024-07-06T12:57:04.611-0700][info][gc,task     ] GC(23) Using 4 workers of 4 for evacuation
[2024-07-06T12:57:04.733-0700][info][gc,phases   ] GC(23)   Pre Evacuate Collection Set: 0.2ms
[2024-07-06T12:57:04.733-0700][info][gc,phases   ] GC(23)   Merge Heap Roots: 0.1ms
[2024-07-06T12:57:04.733-0700][info][gc,phases   ] GC(23)   Evacuate Collection Set: 121.9ms
[2024-07-06T12:57:04.733-0700][info][gc,phases   ] GC(23)   Post Evacuate Collection Set: 0.4ms
[2024-07-06T12:57:04.733-0700][info][gc,phases   ] GC(23)   Other: 0.1ms
[2024-07-06T12:57:04.734-0700][info][gc,heap     ] GC(23) Eden regions: 65->0(45)
[2024-07-06T12:57:04.734-0700][info][gc,heap     ] GC(23) Survivor regions: 7->9(9)
[2024-07-06T12:57:04.734-0700][info][gc,heap     ] GC(23) Old regions: 697->757
[2024-07-06T12:57:04.734-0700][info][gc,heap     ] GC(23) Archive regions: 2->2
[2024-07-06T12:57:04.734-0700][info][gc,heap     ] GC(23) Humongous regions: 7->7
[2024-07-06T12:57:04.734-0700][info][gc,metaspace] GC(23) Metaspace: 302K(512K)->302K(512K) NonClass: 295K(384K)->295K(384K) Class: 7K(128K)->7K(128K)
[2024-07-06T12:57:04.734-0700][info][gc          ] GC(23) Pause Young (Concurrent Start) (G1 Evacuation Pause) 3104M->3094M(4096M) 122.845ms
[2024-07-06T12:57:04.734-0700][info][gc,cpu      ] GC(23) User=0.20s Sys=0.27s Real=0.12s
[2024-07-06T12:57:04.734-0700][info][gc          ] GC(24) Concurrent Mark Cycle
[2024-07-06T12:57:04.734-0700][info][gc,marking  ] GC(24) Concurrent Clear Claimed Marks
[2024-07-06T12:57:04.734-0700][info][gc,marking  ] GC(24) Concurrent Clear Claimed Marks 0.007ms
[2024-07-06T12:57:04.734-0700][info][gc,marking  ] GC(24) Concurrent Scan Root Regions
[2024-07-06T12:57:04.748-0700][info][gc,marking  ] GC(24) Concurrent Scan Root Regions 14.583ms
[2024-07-06T12:57:04.748-0700][info][gc,marking  ] GC(24) Concurrent Mark
[2024-07-06T12:57:04.748-0700][info][gc,marking  ] GC(24) Concurrent Mark From Roots
[2024-07-06T12:57:04.748-0700][info][gc,task     ] GC(24) Using 1 workers of 1 for marking
[2024-07-06T12:57:05.095-0700][info][gc,marking  ] GC(24) Concurrent Mark From Roots 346.591ms
[2024-07-06T12:57:05.095-0700][info][gc,marking  ] GC(24) Concurrent Preclean
[2024-07-06T12:57:05.095-0700][info][gc,marking  ] GC(24) Concurrent Preclean 0.064ms
[2024-07-06T12:57:13.010-0700][info][gc,start    ] GC(24) Pause Remark
[2024-07-06T12:57:13.011-0700][info][gc          ] GC(24) Pause Remark 3100M->3084M(4096M) 0.897ms
[2024-07-06T12:57:13.011-0700][info][gc,cpu      ] GC(24) User=0.00s Sys=0.00s Real=0.00s
[2024-07-06T12:57:13.031-0700][info][gc,marking  ] GC(24) Concurrent Mark 8282.660ms
[2024-07-06T12:57:13.031-0700][info][gc,marking  ] GC(24) Concurrent Rebuild Remembered Sets
[2024-07-06T12:57:13.242-0700][info][gc,marking  ] GC(24) Concurrent Rebuild Remembered Sets 210.822ms
[2024-07-06T12:57:13.427-0700][info][gc,start    ] GC(24) Pause Cleanup
[2024-07-06T12:57:13.428-0700][info][gc          ] GC(24) Pause Cleanup 3084M->3084M(4096M) 0.696ms
[2024-07-06T12:57:13.428-0700][info][gc,cpu      ] GC(24) User=0.00s Sys=0.00s Real=0.00s
[2024-07-06T12:57:13.428-0700][info][gc,marking  ] GC(24) Concurrent Cleanup for Next Mark
[2024-07-06T12:57:13.460-0700][info][gc,marking  ] GC(24) Concurrent Cleanup for Next Mark 32.356ms
[2024-07-06T12:57:13.460-0700][info][gc          ] GC(24) Concurrent Mark Cycle 8726.716ms
[2024-07-06T12:57:34.377-0700][info][gc,start    ] GC(25) Pause Young (Prepare Mixed) (G1 Evacuation Pause)
[2024-07-06T12:57:34.377-0700][info][gc,task     ] GC(25) Using 4 workers of 4 for evacuation
[2024-07-06T12:57:34.480-0700][info][gc,phases   ] GC(25)   Pre Evacuate Collection Set: 0.2ms
[2024-07-06T12:57:34.480-0700][info][gc,phases   ] GC(25)   Merge Heap Roots: 0.1ms
[2024-07-06T12:57:34.480-0700][info][gc,phases   ] GC(25)   Evacuate Collection Set: 102.9ms
[2024-07-06T12:57:34.480-0700][info][gc,phases   ] GC(25)   Post Evacuate Collection Set: 0.4ms
[2024-07-06T12:57:34.480-0700][info][gc,phases   ] GC(25)   Other: 0.1ms
[2024-07-06T12:57:34.480-0700][info][gc,heap     ] GC(25) Eden regions: 45->0(44)
[2024-07-06T12:57:34.480-0700][info][gc,heap     ] GC(25) Survivor regions: 9->7(7)
[2024-07-06T12:57:34.480-0700][info][gc,heap     ] GC(25) Old regions: 757->803
[2024-07-06T12:57:34.480-0700][info][gc,heap     ] GC(25) Archive regions: 2->2
[2024-07-06T12:57:34.480-0700][info][gc,heap     ] GC(25) Humongous regions: 3->3
[2024-07-06T12:57:34.480-0700][info][gc,metaspace] GC(25) Metaspace: 302K(512K)->302K(512K) NonClass: 295K(384K)->295K(384K) Class: 7K(128K)->7K(128K)
[2024-07-06T12:57:34.480-0700][info][gc          ] GC(25) Pause Young (Prepare Mixed) (G1 Evacuation Pause) 3258M->3253M(4096M) 103.820ms
[2024-07-06T12:57:34.480-0700][info][gc,cpu      ] GC(25) User=0.15s Sys=0.25s Real=0.10s
[2024-07-06T12:57:53.165-0700][info][gc,start    ] GC(26) Pause Young (Mixed) (G1 Evacuation Pause)
[2024-07-06T12:57:53.165-0700][info][gc,task     ] GC(26) Using 4 workers of 4 for evacuation
[2024-07-06T12:57:53.343-0700][info][gc,phases   ] GC(26)   Pre Evacuate Collection Set: 0.2ms
[2024-07-06T12:57:53.343-0700][info][gc,phases   ] GC(26)   Merge Heap Roots: 0.2ms
[2024-07-06T12:57:53.343-0700][info][gc,phases   ] GC(26)   Evacuate Collection Set: 163.5ms
[2024-07-06T12:57:53.343-0700][info][gc,phases   ] GC(26)   Merge Optional Heap Roots: 0.2ms
[2024-07-06T12:57:53.343-0700][info][gc,phases   ] GC(26)   Evacuate Optional Collection Set: 13.0ms
[2024-07-06T12:57:53.343-0700][info][gc,phases   ] GC(26)   Post Evacuate Collection Set: 0.5ms
[2024-07-06T12:57:53.343-0700][info][gc,phases   ] GC(26)   Other: 0.1ms
[2024-07-06T12:57:53.343-0700][info][gc,heap     ] GC(26) Eden regions: 44->0(44)
[2024-07-06T12:57:53.343-0700][info][gc,heap     ] GC(26) Survivor regions: 7->7(7)
[2024-07-06T12:57:53.343-0700][info][gc,heap     ] GC(26) Old regions: 803->778
[2024-07-06T12:57:53.343-0700][info][gc,heap     ] GC(26) Archive regions: 2->2
[2024-07-06T12:57:53.343-0700][info][gc,heap     ] GC(26) Humongous regions: 3->3
[2024-07-06T12:57:53.343-0700][info][gc,metaspace] GC(26) Metaspace: 302K(512K)->302K(512K) NonClass: 295K(384K)->295K(384K) Class: 7K(128K)->7K(128K)
[2024-07-06T12:57:53.343-0700][info][gc          ] GC(26) Pause Young (Mixed) (G1 Evacuation Pause) 3429M->3151M(4096M) 177.924ms
[2024-07-06T12:57:53.343-0700][info][gc,cpu      ] GC(26) User=0.30s Sys=0.39s Real=0.17s
[2024-07-06T12:58:12.493-0700][info][gc,start    ] GC(27) Pause Young (Mixed) (G1 Evacuation Pause)
[2024-07-06T12:58:12.493-0700][info][gc,task     ] GC(27) Using 4 workers of 4 for evacuation
[2024-07-06T12:58:12.579-0700][info][gc,phases   ] GC(27)   Pre Evacuate Collection Set: 0.2ms
[2024-07-06T12:58:12.579-0700][info][gc,phases   ] GC(27)   Merge Heap Roots: 0.1ms
[2024-07-06T12:58:12.579-0700][info][gc,phases   ] GC(27)   Evacuate Collection Set: 77.7ms
[2024-07-06T12:58:12.579-0700][info][gc,phases   ] GC(27)   Merge Optional Heap Roots: 0.1ms
[2024-07-06T12:58:12.579-0700][info][gc,phases   ] GC(27)   Evacuate Optional Collection Set: 7.7ms
[2024-07-06T12:58:12.579-0700][info][gc,phases   ] GC(27)   Post Evacuate Collection Set: 0.6ms
[2024-07-06T12:58:12.579-0700][info][gc,phases   ] GC(27)   Other: 0.1ms
[2024-07-06T12:58:12.579-0700][info][gc,heap     ] GC(27) Eden regions: 44->0(44)
[2024-07-06T12:58:12.579-0700][info][gc,heap     ] GC(27) Survivor regions: 7->7(7)
[2024-07-06T12:58:12.580-0700][info][gc,heap     ] GC(27) Old regions: 778->773
[2024-07-06T12:58:12.580-0700][info][gc,heap     ] GC(27) Archive regions: 2->2
[2024-07-06T12:58:12.580-0700][info][gc,heap     ] GC(27) Humongous regions: 3->3
[2024-07-06T12:58:12.580-0700][info][gc,metaspace] GC(27) Metaspace: 302K(512K)->302K(512K) NonClass: 295K(384K)->295K(384K) Class: 7K(128K)->7K(128K)
[2024-07-06T12:58:12.580-0700][info][gc          ] GC(27) Pause Young (Mixed) (G1 Evacuation Pause) 3327M->3134M(4096M) 86.703ms
[2024-07-06T12:58:12.580-0700][info][gc,cpu      ] GC(27) User=0.26s Sys=0.06s Real=0.09s
[2024-07-06T12:58:30.865-0700][info][gc,start    ] GC(28) Pause Young (Mixed) (G1 Evacuation Pause)
[2024-07-06T12:58:30.865-0700][info][gc,task     ] GC(28) Using 4 workers of 4 for evacuation
[2024-07-06T12:58:30.960-0700][info][gc,phases   ] GC(28)   Pre Evacuate Collection Set: 0.2ms
[2024-07-06T12:58:30.960-0700][info][gc,phases   ] GC(28)   Merge Heap Roots: 0.2ms
[2024-07-06T12:58:30.960-0700][info][gc,phases   ] GC(28)   Evacuate Collection Set: 84.6ms
[2024-07-06T12:58:30.960-0700][info][gc,phases   ] GC(28)   Merge Optional Heap Roots: 0.1ms
[2024-07-06T12:58:30.960-0700][info][gc,phases   ] GC(28)   Evacuate Optional Collection Set: 9.0ms
[2024-07-06T12:58:30.960-0700][info][gc,phases   ] GC(28)   Post Evacuate Collection Set: 0.5ms
[2024-07-06T12:58:30.960-0700][info][gc,phases   ] GC(28)   Other: 0.1ms
[2024-07-06T12:58:30.960-0700][info][gc,heap     ] GC(28) Eden regions: 44->0(44)
[2024-07-06T12:58:30.960-0700][info][gc,heap     ] GC(28) Survivor regions: 7->7(7)
[2024-07-06T12:58:30.960-0700][info][gc,heap     ] GC(28) Old regions: 773->770
[2024-07-06T12:58:30.960-0700][info][gc,heap     ] GC(28) Archive regions: 2->2
[2024-07-06T12:58:30.960-0700][info][gc,heap     ] GC(28) Humongous regions: 3->3
[2024-07-06T12:58:30.960-0700][info][gc,metaspace] GC(28) Metaspace: 302K(512K)->302K(512K) NonClass: 295K(384K)->295K(384K) Class: 7K(128K)->7K(128K)
[2024-07-06T12:58:30.960-0700][info][gc          ] GC(28) Pause Young (Mixed) (G1 Evacuation Pause) 3310M->3122M(4096M) 94.838ms
[2024-07-06T12:58:30.960-0700][info][gc,cpu      ] GC(28) User=0.24s Sys=0.11s Real=0.09s
[2024-07-06T12:58:50.615-0700][info][gc,start    ] GC(29) Pause Young (Mixed) (G1 Evacuation Pause)
[2024-07-06T12:58:50.615-0700][info][gc,task     ] GC(29) Using 4 workers of 4 for evacuation
[2024-07-06T12:58:50.721-0700][info][gc,phases   ] GC(29)   Pre Evacuate Collection Set: 0.2ms
[2024-07-06T12:58:50.721-0700][info][gc,phases   ] GC(29)   Merge Heap Roots: 0.2ms
[2024-07-06T12:58:50.721-0700][info][gc,phases   ] GC(29)   Evacuate Collection Set: 94.1ms
[2024-07-06T12:58:50.721-0700][info][gc,phases   ] GC(29)   Merge Optional Heap Roots: 0.2ms
[2024-07-06T12:58:50.721-0700][info][gc,phases   ] GC(29)   Evacuate Optional Collection Set: 11.2ms
[2024-07-06T12:58:50.721-0700][info][gc,phases   ] GC(29)   Post Evacuate Collection Set: 0.6ms
[2024-07-06T12:58:50.721-0700][info][gc,phases   ] GC(29)   Other: 0.1ms
[2024-07-06T12:58:50.721-0700][info][gc,heap     ] GC(29) Eden regions: 44->0(44)
[2024-07-06T12:58:50.721-0700][info][gc,heap     ] GC(29) Survivor regions: 7->7(7)
[2024-07-06T12:58:50.721-0700][info][gc,heap     ] GC(29) Old regions: 770->767
[2024-07-06T12:58:50.721-0700][info][gc,heap     ] GC(29) Archive regions: 2->2
[2024-07-06T12:58:50.721-0700][info][gc,heap     ] GC(29) Humongous regions: 3->3
[2024-07-06T12:58:50.721-0700][info][gc,metaspace] GC(29) Metaspace: 302K(512K)->302K(512K) NonClass: 295K(384K)->295K(384K) Class: 7K(128K)->7K(128K)
[2024-07-06T12:58:50.721-0700][info][gc          ] GC(29) Pause Young (Mixed) (G1 Evacuation Pause) 3298M->3108M(4096M) 106.769ms
[2024-07-06T12:58:50.721-0700][info][gc,cpu      ] GC(29) User=0.32s Sys=0.08s Real=0.11s
[2024-07-06T12:59:12.110-0700][info][gc,start    ] GC(30) Pause Young (Mixed) (G1 Evacuation Pause)
[2024-07-06T12:59:12.110-0700][info][gc,task     ] GC(30) Using 4 workers of 4 for evacuation
[2024-07-06T12:59:12.184-0700][info][gc,phases   ] GC(30)   Pre Evacuate Collection Set: 0.2ms
[2024-07-06T12:59:12.184-0700][info][gc,phases   ] GC(30)   Merge Heap Roots: 0.2ms
[2024-07-06T12:59:12.184-0700][info][gc,phases   ] GC(30)   Evacuate Collection Set: 72.6ms
[2024-07-06T12:59:12.184-0700][info][gc,phases   ] GC(30)   Post Evacuate Collection Set: 0.5ms
[2024-07-06T12:59:12.184-0700][info][gc,phases   ] GC(30)   Other: 0.1ms
[2024-07-06T12:59:12.184-0700][info][gc,heap     ] GC(30) Eden regions: 44->0(44)
[2024-07-06T12:59:12.184-0700][info][gc,heap     ] GC(30) Survivor regions: 7->7(7)
[2024-07-06T12:59:12.184-0700][info][gc,heap     ] GC(30) Old regions: 767->790
[2024-07-06T12:59:12.184-0700][info][gc,heap     ] GC(30) Archive regions: 2->2
[2024-07-06T12:59:12.184-0700][info][gc,heap     ] GC(30) Humongous regions: 3->3
[2024-07-06T12:59:12.184-0700][info][gc,metaspace] GC(30) Metaspace: 302K(512K)->302K(512K) NonClass: 295K(384K)->295K(384K) Class: 7K(128K)->7K(128K)
[2024-07-06T12:59:12.184-0700][info][gc          ] GC(30) Pause Young (Mixed) (G1 Evacuation Pause) 3284M->3200M(4096M) 73.758ms
[2024-07-06T12:59:12.184-0700][info][gc,cpu      ] GC(30) User=0.22s Sys=0.05s Real=0.08s
[2024-07-06T12:59:33.801-0700][info][gc,start    ] GC(31) Pause Young (Concurrent Start) (G1 Evacuation Pause)
[2024-07-06T12:59:33.801-0700][info][gc,task     ] GC(31) Using 4 workers of 4 for evacuation
[2024-07-06T12:59:33.856-0700][info][gc,phases   ] GC(31)   Pre Evacuate Collection Set: 0.2ms
[2024-07-06T12:59:33.856-0700][info][gc,phases   ] GC(31)   Merge Heap Roots: 0.2ms
[2024-07-06T12:59:33.856-0700][info][gc,phases   ] GC(31)   Evacuate Collection Set: 53.6ms
[2024-07-06T12:59:33.856-0700][info][gc,phases   ] GC(31)   Post Evacuate Collection Set: 0.4ms
[2024-07-06T12:59:33.856-0700][info][gc,phases   ] GC(31)   Other: 0.2ms
[2024-07-06T12:59:33.856-0700][info][gc,heap     ] GC(31) Eden regions: 44->0(44)
[2024-07-06T12:59:33.856-0700][info][gc,heap     ] GC(31) Survivor regions: 7->7(7)
[2024-07-06T12:59:33.856-0700][info][gc,heap     ] GC(31) Old regions: 790->833
[2024-07-06T12:59:33.856-0700][info][gc,heap     ] GC(31) Archive regions: 2->2
[2024-07-06T12:59:33.856-0700][info][gc,heap     ] GC(31) Humongous regions: 3->3
[2024-07-06T12:59:33.856-0700][info][gc,metaspace] GC(31) Metaspace: 302K(512K)->302K(512K) NonClass: 295K(384K)->295K(384K) Class: 7K(128K)->7K(128K)
[2024-07-06T12:59:33.856-0700][info][gc          ] GC(31) Pause Young (Concurrent Start) (G1 Evacuation Pause) 3376M->3372M(4096M) 54.672ms
[2024-07-06T12:59:33.856-0700][info][gc,cpu      ] GC(31) User=0.16s Sys=0.05s Real=0.06s
[2024-07-06T12:59:33.856-0700][info][gc          ] GC(32) Concurrent Mark Cycle
[2024-07-06T12:59:33.856-0700][info][gc,marking  ] GC(32) Concurrent Clear Claimed Marks
[2024-07-06T12:59:33.856-0700][info][gc,marking  ] GC(32) Concurrent Clear Claimed Marks 0.008ms
[2024-07-06T12:59:33.856-0700][info][gc,marking  ] GC(32) Concurrent Scan Root Regions
[2024-07-06T12:59:33.867-0700][info][gc,marking  ] GC(32) Concurrent Scan Root Regions 11.249ms
[2024-07-06T12:59:33.867-0700][info][gc,marking  ] GC(32) Concurrent Mark
[2024-07-06T12:59:33.867-0700][info][gc,marking  ] GC(32) Concurrent Mark From Roots
[2024-07-06T12:59:33.867-0700][info][gc,task     ] GC(32) Using 1 workers of 1 for marking
[2024-07-06T12:59:34.269-0700][info][gc,marking  ] GC(32) Concurrent Mark From Roots 401.179ms
[2024-07-06T12:59:34.269-0700][info][gc,marking  ] GC(32) Concurrent Preclean
[2024-07-06T12:59:34.269-0700][info][gc,marking  ] GC(32) Concurrent Preclean 0.059ms
[2024-07-06T12:59:46.659-0700][info][gc,start    ] GC(32) Pause Remark
[2024-07-06T12:59:46.660-0700][info][gc          ] GC(32) Pause Remark 3382M->3382M(4096M) 1.002ms
[2024-07-06T12:59:46.660-0700][info][gc,cpu      ] GC(32) User=0.01s Sys=0.00s Real=0.00s
[2024-07-06T12:59:46.660-0700][info][gc,marking  ] GC(32) Concurrent Mark 12792.279ms
[2024-07-06T12:59:46.660-0700][info][gc,marking  ] GC(32) Concurrent Rebuild Remembered Sets
[2024-07-06T12:59:46.875-0700][info][gc,marking  ] GC(32) Concurrent Rebuild Remembered Sets 215.141ms
[2024-07-06T12:59:47.494-0700][info][gc,start    ] GC(32) Pause Cleanup
[2024-07-06T12:59:47.494-0700][info][gc          ] GC(32) Pause Cleanup 3382M->3382M(4096M) 0.633ms
[2024-07-06T12:59:47.494-0700][info][gc,cpu      ] GC(32) User=0.00s Sys=0.00s Real=0.00s
[2024-07-06T12:59:47.494-0700][info][gc,marking  ] GC(32) Concurrent Cleanup for Next Mark
[2024-07-06T12:59:47.501-0700][info][gc,marking  ] GC(32) Concurrent Cleanup for Next Mark 6.526ms
[2024-07-06T12:59:47.501-0700][info][gc          ] GC(32) Concurrent Mark Cycle 13645.018ms
[2024-07-06T13:00:08.525-0700][info][gc,start    ] GC(33) Pause Young (Prepare Mixed) (G1 Evacuation Pause)
[2024-07-06T13:00:08.525-0700][info][gc,task     ] GC(33) Using 4 workers of 4 for evacuation
[2024-07-06T13:00:08.581-0700][info][gc,phases   ] GC(33)   Pre Evacuate Collection Set: 0.2ms
[2024-07-06T13:00:08.581-0700][info][gc,phases   ] GC(33)   Merge Heap Roots: 0.1ms
[2024-07-06T13:00:08.581-0700][info][gc,phases   ] GC(33)   Evacuate Collection Set: 55.2ms
[2024-07-06T13:00:08.581-0700][info][gc,phases   ] GC(33)   Post Evacuate Collection Set: 0.4ms
[2024-07-06T13:00:08.581-0700][info][gc,phases   ] GC(33)   Other: 0.1ms
[2024-07-06T13:00:08.581-0700][info][gc,heap     ] GC(33) Eden regions: 44->0(44)
[2024-07-06T13:00:08.581-0700][info][gc,heap     ] GC(33) Survivor regions: 7->7(7)
[2024-07-06T13:00:08.581-0700][info][gc,heap     ] GC(33) Old regions: 833->879
[2024-07-06T13:00:08.581-0700][info][gc,heap     ] GC(33) Archive regions: 2->2
[2024-07-06T13:00:08.581-0700][info][gc,heap     ] GC(33) Humongous regions: 7->7
[2024-07-06T13:00:08.581-0700][info][gc,metaspace] GC(33) Metaspace: 302K(512K)->302K(512K) NonClass: 295K(384K)->295K(384K) Class: 7K(128K)->7K(128K)
[2024-07-06T13:00:08.581-0700][info][gc          ] GC(33) Pause Young (Prepare Mixed) (G1 Evacuation Pause) 3564M->3574M(4096M) 56.139ms
[2024-07-06T13:00:08.581-0700][info][gc,cpu      ] GC(33) User=0.18s Sys=0.04s Real=0.05s
[2024-07-06T13:00:32.194-0700][info][gc,start    ] GC(34) Pause Young (Mixed) (G1 Evacuation Pause)
[2024-07-06T13:00:32.194-0700][info][gc,task     ] GC(34) Using 4 workers of 4 for evacuation
[2024-07-06T13:00:32.356-0700][info][gc          ] GC(34) To-space exhausted
[2024-07-06T13:00:32.357-0700][info][gc,phases   ] GC(34)   Pre Evacuate Collection Set: 0.2ms
[2024-07-06T13:00:32.357-0700][info][gc,phases   ] GC(34)   Merge Heap Roots: 0.2ms
[2024-07-06T13:00:32.357-0700][info][gc,phases   ] GC(34)   Evacuate Collection Set: 155.6ms
[2024-07-06T13:00:32.357-0700][info][gc,phases   ] GC(34)   Post Evacuate Collection Set: 6.1ms
[2024-07-06T13:00:32.357-0700][info][gc,phases   ] GC(34)   Other: 0.2ms
[2024-07-06T13:00:32.357-0700][info][gc,heap     ] GC(34) Eden regions: 44->0(44)
[2024-07-06T13:00:32.357-0700][info][gc,heap     ] GC(34) Survivor regions: 7->7(7)
[2024-07-06T13:00:32.357-0700][info][gc,heap     ] GC(34) Old regions: 879->955
[2024-07-06T13:00:32.357-0700][info][gc,heap     ] GC(34) Archive regions: 2->2
[2024-07-06T13:00:32.357-0700][info][gc,heap     ] GC(34) Humongous regions: 7->7
[2024-07-06T13:00:32.357-0700][info][gc,metaspace] GC(34) Metaspace: 302K(512K)->302K(512K) NonClass: 295K(384K)->295K(384K) Class: 7K(128K)->7K(128K)
[2024-07-06T13:00:32.357-0700][info][gc          ] GC(34) Pause Young (Mixed) (G1 Evacuation Pause) 3750M->3879M(4096M) 162.447ms
[2024-07-06T13:00:32.357-0700][info][gc,cpu      ] GC(34) User=0.35s Sys=0.27s Real=0.17s
[2024-07-06T13:00:38.380-0700][info][gc,start    ] GC(35) Pause Young (Mixed) (G1 Preventive Collection)
[2024-07-06T13:00:38.380-0700][info][gc,task     ] GC(35) Using 4 workers of 4 for evacuation
[2024-07-06T13:00:38.459-0700][info][gc          ] GC(35) To-space exhausted
[2024-07-06T13:00:38.459-0700][info][gc,phases   ] GC(35)   Pre Evacuate Collection Set: 0.2ms
[2024-07-06T13:00:38.459-0700][info][gc,phases   ] GC(35)   Merge Heap Roots: 0.2ms
[2024-07-06T13:00:38.459-0700][info][gc,phases   ] GC(35)   Evacuate Collection Set: 70.8ms
[2024-07-06T13:00:38.459-0700][info][gc,phases   ] GC(35)   Post Evacuate Collection Set: 7.3ms
[2024-07-06T13:00:38.459-0700][info][gc,phases   ] GC(35)   Other: 0.2ms
[2024-07-06T13:00:38.459-0700][info][gc,heap     ] GC(35) Eden regions: 12->0(51)
[2024-07-06T13:00:38.459-0700][info][gc,heap     ] GC(35) Survivor regions: 7->0(7)
[2024-07-06T13:00:38.459-0700][info][gc,heap     ] GC(35) Old regions: 955->964
[2024-07-06T13:00:38.459-0700][info][gc,heap     ] GC(35) Archive regions: 2->2
[2024-07-06T13:00:38.459-0700][info][gc,heap     ] GC(35) Humongous regions: 7->7
[2024-07-06T13:00:38.459-0700][info][gc,metaspace] GC(35) Metaspace: 302K(512K)->302K(512K) NonClass: 295K(384K)->295K(384K) Class: 7K(128K)->7K(128K)
[2024-07-06T13:00:38.459-0700][info][gc          ] GC(35) Pause Young (Mixed) (G1 Preventive Collection) 3927M->3887M(4096M) 78.698ms
[2024-07-06T13:00:38.459-0700][info][gc,cpu      ] GC(35) User=0.23s Sys=0.07s Real=0.08s
[2024-07-06T13:00:46.765-0700][info][gc,start    ] GC(36) Pause Young (Mixed) (G1 Preventive Collection)
[2024-07-06T13:00:46.765-0700][info][gc,task     ] GC(36) Using 4 workers of 4 for evacuation
[2024-07-06T13:00:46.802-0700][info][gc          ] GC(36) To-space exhausted
[2024-07-06T13:00:46.802-0700][info][gc,phases   ] GC(36)   Pre Evacuate Collection Set: 0.2ms
[2024-07-06T13:00:46.802-0700][info][gc,phases   ] GC(36)   Merge Heap Roots: 0.2ms
[2024-07-06T13:00:46.802-0700][info][gc,phases   ] GC(36)   Evacuate Collection Set: 35.2ms
[2024-07-06T13:00:46.802-0700][info][gc,phases   ] GC(36)   Post Evacuate Collection Set: 0.7ms
[2024-07-06T13:00:46.802-0700][info][gc,phases   ] GC(36)   Other: 0.2ms
[2024-07-06T13:00:46.802-0700][info][gc,heap     ] GC(36) Eden regions: 15->0(44)
[2024-07-06T13:00:46.802-0700][info][gc,heap     ] GC(36) Survivor regions: 0->7(7)
[2024-07-06T13:00:46.802-0700][info][gc,heap     ] GC(36) Old regions: 964->965
[2024-07-06T13:00:46.802-0700][info][gc,heap     ] GC(36) Archive regions: 2->2
[2024-07-06T13:00:46.802-0700][info][gc,heap     ] GC(36) Humongous regions: 7->7
[2024-07-06T13:00:46.802-0700][info][gc,metaspace] GC(36) Metaspace: 302K(512K)->302K(512K) NonClass: 295K(384K)->295K(384K) Class: 7K(128K)->7K(128K)
[2024-07-06T13:00:46.802-0700][info][gc          ] GC(36) Pause Young (Mixed) (G1 Preventive Collection) 3947M->3919M(4096M) 36.496ms
[2024-07-06T13:00:46.802-0700][info][gc,cpu      ] GC(36) User=0.12s Sys=0.01s Real=0.03s
[2024-07-06T13:00:55.837-0700][info][gc,start    ] GC(37) Pause Young (Concurrent Start) (G1 Preventive Collection)
[2024-07-06T13:00:55.837-0700][info][gc,task     ] GC(37) Using 4 workers of 4 for evacuation
[2024-07-06T13:00:55.864-0700][info][gc,phases   ] GC(37)   Pre Evacuate Collection Set: 0.2ms
[2024-07-06T13:00:55.864-0700][info][gc,phases   ] GC(37)   Merge Heap Roots: 0.2ms
[2024-07-06T13:00:55.864-0700][info][gc,phases   ] GC(37)   Evacuate Collection Set: 25.4ms
[2024-07-06T13:00:55.864-0700][info][gc,phases   ] GC(37)   Post Evacuate Collection Set: 0.4ms
[2024-07-06T13:00:55.864-0700][info][gc,phases   ] GC(37)   Other: 0.2ms
[2024-07-06T13:00:55.864-0700][info][gc,heap     ] GC(37) Eden regions: 17->0(44)
[2024-07-06T13:00:55.864-0700][info][gc,heap     ] GC(37) Survivor regions: 7->7(7)
[2024-07-06T13:00:55.864-0700][info][gc,heap     ] GC(37) Old regions: 965->982
[2024-07-06T13:00:55.864-0700][info][gc,heap     ] GC(37) Archive regions: 2->2
[2024-07-06T13:00:55.864-0700][info][gc,heap     ] GC(37) Humongous regions: 7->7
[2024-07-06T13:00:55.864-0700][info][gc,metaspace] GC(37) Metaspace: 302K(512K)->302K(512K) NonClass: 295K(384K)->295K(384K) Class: 7K(128K)->7K(128K)
[2024-07-06T13:00:55.864-0700][info][gc          ] GC(37) Pause Young (Concurrent Start) (G1 Preventive Collection) 3987M->3987M(4096M) 26.400ms
[2024-07-06T13:00:55.864-0700][info][gc,cpu      ] GC(37) User=0.09s Sys=0.01s Real=0.03s
[2024-07-06T13:00:55.864-0700][info][gc          ] GC(38) Concurrent Mark Cycle
[2024-07-06T13:00:55.864-0700][info][gc,marking  ] GC(38) Concurrent Clear Claimed Marks
[2024-07-06T13:00:55.864-0700][info][gc,marking  ] GC(38) Concurrent Clear Claimed Marks 0.008ms
[2024-07-06T13:00:55.864-0700][info][gc,marking  ] GC(38) Concurrent Scan Root Regions
[2024-07-06T13:00:55.870-0700][info][gc,marking  ] GC(38) Concurrent Scan Root Regions 5.572ms
[2024-07-06T13:00:55.870-0700][info][gc,marking  ] GC(38) Concurrent Mark
[2024-07-06T13:00:55.870-0700][info][gc,marking  ] GC(38) Concurrent Mark From Roots
[2024-07-06T13:00:55.870-0700][info][gc,task     ] GC(38) Using 1 workers of 1 for marking
[2024-07-06T13:00:56.335-0700][info][gc,marking  ] GC(38) Concurrent Mark From Roots 465.398ms
[2024-07-06T13:00:56.335-0700][info][gc,marking  ] GC(38) Concurrent Preclean
[2024-07-06T13:00:56.335-0700][info][gc,marking  ] GC(38) Concurrent Preclean 0.061ms
[2024-07-06T13:01:31.953-0700][info][gc,start    ] GC(38) Pause Remark
[2024-07-06T13:01:31.956-0700][info][gc          ] GC(38) Pause Remark 3995M->3675M(4096M) 2.497ms
[2024-07-06T13:01:31.956-0700][info][gc,cpu      ] GC(38) User=0.00s Sys=0.00s Real=0.01s
[2024-07-06T13:01:31.959-0700][info][gc,marking  ] GC(38) Concurrent Mark 36089.427ms
[2024-07-06T13:01:31.959-0700][info][gc,marking  ] GC(38) Concurrent Rebuild Remembered Sets
[2024-07-06T13:01:32.188-0700][info][gc,marking  ] GC(38) Concurrent Rebuild Remembered Sets 228.936ms
[2024-07-06T13:01:32.484-0700][info][gc,start    ] GC(38) Pause Cleanup
[2024-07-06T13:01:32.485-0700][info][gc          ] GC(38) Pause Cleanup 3675M->3675M(4096M) 0.553ms
[2024-07-06T13:01:32.485-0700][info][gc,cpu      ] GC(38) User=0.00s Sys=0.00s Real=0.00s
[2024-07-06T13:01:32.485-0700][info][gc,marking  ] GC(38) Concurrent Cleanup for Next Mark
[2024-07-06T13:01:32.491-0700][info][gc,marking  ] GC(38) Concurrent Cleanup for Next Mark 6.566ms
[2024-07-06T13:01:32.491-0700][info][gc          ] GC(38) Concurrent Mark Cycle 36627.449ms
[2024-07-06T13:01:52.808-0700][info][gc,start    ] GC(39) Pause Young (Prepare Mixed) (G1 Evacuation Pause)
[2024-07-06T13:01:52.808-0700][info][gc,task     ] GC(39) Using 4 workers of 4 for evacuation
[2024-07-06T13:01:52.857-0700][info][gc,phases   ] GC(39)   Pre Evacuate Collection Set: 0.2ms
[2024-07-06T13:01:52.857-0700][info][gc,phases   ] GC(39)   Merge Heap Roots: 0.2ms
[2024-07-06T13:01:52.857-0700][info][gc,phases   ] GC(39)   Evacuate Collection Set: 48.4ms
[2024-07-06T13:01:52.857-0700][info][gc,phases   ] GC(39)   Post Evacuate Collection Set: 0.3ms
[2024-07-06T13:01:52.857-0700][info][gc,phases   ] GC(39)   Other: 0.1ms
[2024-07-06T13:01:52.857-0700][info][gc,heap     ] GC(39) Eden regions: 44->0(44)
[2024-07-06T13:01:52.857-0700][info][gc,heap     ] GC(39) Survivor regions: 7->7(7)
[2024-07-06T13:01:52.857-0700][info][gc,heap     ] GC(39) Old regions: 905->948
[2024-07-06T13:01:52.857-0700][info][gc,heap     ] GC(39) Archive regions: 2->2
[2024-07-06T13:01:52.857-0700][info][gc,heap     ] GC(39) Humongous regions: 4->4
[2024-07-06T13:01:52.857-0700][info][gc,metaspace] GC(39) Metaspace: 302K(512K)->302K(512K) NonClass: 295K(384K)->295K(384K) Class: 7K(128K)->7K(128K)
[2024-07-06T13:01:52.857-0700][info][gc          ] GC(39) Pause Young (Prepare Mixed) (G1 Evacuation Pause) 3843M->3839M(4096M) 49.260ms
[2024-07-06T13:01:52.857-0700][info][gc,cpu      ] GC(39) User=0.16s Sys=0.02s Real=0.05s
[2024-07-06T13:02:04.974-0700][info][gc,start    ] GC(40) Pause Young (Mixed) (G1 Preventive Collection)
[2024-07-06T13:02:04.974-0700][info][gc,task     ] GC(40) Using 4 workers of 4 for evacuation
[2024-07-06T13:02:05.039-0700][info][gc          ] GC(40) To-space exhausted
[2024-07-06T13:02:05.039-0700][info][gc,phases   ] GC(40)   Pre Evacuate Collection Set: 0.2ms
[2024-07-06T13:02:05.039-0700][info][gc,phases   ] GC(40)   Merge Heap Roots: 0.2ms
[2024-07-06T13:02:05.039-0700][info][gc,phases   ] GC(40)   Evacuate Collection Set: 58.4ms
[2024-07-06T13:02:05.039-0700][info][gc,phases   ] GC(40)   Post Evacuate Collection Set: 5.6ms
[2024-07-06T13:02:05.039-0700][info][gc,phases   ] GC(40)   Other: 0.2ms
[2024-07-06T13:02:05.039-0700][info][gc,heap     ] GC(40) Eden regions: 20->0(50)
[2024-07-06T13:02:05.039-0700][info][gc,heap     ] GC(40) Survivor regions: 7->1(7)
[2024-07-06T13:02:05.039-0700][info][gc,heap     ] GC(40) Old regions: 948->958
[2024-07-06T13:02:05.039-0700][info][gc,heap     ] GC(40) Archive regions: 2->2
[2024-07-06T13:02:05.039-0700][info][gc,heap     ] GC(40) Humongous regions: 4->4
[2024-07-06T13:02:05.039-0700][info][gc,metaspace] GC(40) Metaspace: 302K(512K)->302K(512K) NonClass: 295K(384K)->295K(384K) Class: 7K(128K)->7K(128K)
[2024-07-06T13:02:05.039-0700][info][gc          ] GC(40) Pause Young (Mixed) (G1 Preventive Collection) 3919M->3855M(4096M) 64.563ms
[2024-07-06T13:02:05.039-0700][info][gc,cpu      ] GC(40) User=0.18s Sys=0.05s Real=0.07s
[2024-07-06T13:02:14.604-0700][info][gc,start    ] GC(41) Pause Young (Mixed) (G1 Preventive Collection)
[2024-07-06T13:02:14.604-0700][info][gc,task     ] GC(41) Using 4 workers of 4 for evacuation
[2024-07-06T13:02:14.673-0700][info][gc          ] GC(41) To-space exhausted
[2024-07-06T13:02:14.673-0700][info][gc,phases   ] GC(41)   Pre Evacuate Collection Set: 0.2ms
[2024-07-06T13:02:14.673-0700][info][gc,phases   ] GC(41)   Merge Heap Roots: 0.2ms
[2024-07-06T13:02:14.673-0700][info][gc,phases   ] GC(41)   Evacuate Collection Set: 62.7ms
[2024-07-06T13:02:14.673-0700][info][gc,phases   ] GC(41)   Post Evacuate Collection Set: 6.1ms
[2024-07-06T13:02:14.673-0700][info][gc,phases   ] GC(41)   Other: 0.2ms
[2024-07-06T13:02:14.673-0700][info][gc,heap     ] GC(41) Eden regions: 15->0(44)
[2024-07-06T13:02:14.673-0700][info][gc,heap     ] GC(41) Survivor regions: 1->7(7)
[2024-07-06T13:02:14.673-0700][info][gc,heap     ] GC(41) Old regions: 958->963
[2024-07-06T13:02:14.673-0700][info][gc,heap     ] GC(41) Archive regions: 2->2
[2024-07-06T13:02:14.673-0700][info][gc,heap     ] GC(41) Humongous regions: 4->4
[2024-07-06T13:02:14.673-0700][info][gc,metaspace] GC(41) Metaspace: 302K(512K)->302K(512K) NonClass: 295K(384K)->295K(384K) Class: 7K(128K)->7K(128K)
[2024-07-06T13:02:14.673-0700][info][gc          ] GC(41) Pause Young (Mixed) (G1 Preventive Collection) 3915M->3899M(4096M) 69.425ms
[2024-07-06T13:02:14.673-0700][info][gc,cpu      ] GC(41) User=0.22s Sys=0.02s Real=0.06s
[2024-07-06T13:02:17.498-0700][info][gc,start    ] GC(42) Pause Young (Mixed) (G1 Preventive Collection)
[2024-07-06T13:02:17.498-0700][info][gc,task     ] GC(42) Using 4 workers of 4 for evacuation
[2024-07-06T13:02:17.559-0700][info][gc          ] GC(42) To-space exhausted
[2024-07-06T13:02:17.559-0700][info][gc,phases   ] GC(42)   Pre Evacuate Collection Set: 0.2ms
[2024-07-06T13:02:17.559-0700][info][gc,phases   ] GC(42)   Merge Heap Roots: 0.2ms
[2024-07-06T13:02:17.559-0700][info][gc,phases   ] GC(42)   Evacuate Collection Set: 55.4ms
[2024-07-06T13:02:17.559-0700][info][gc,phases   ] GC(42)   Post Evacuate Collection Set: 5.0ms
[2024-07-06T13:02:17.559-0700][info][gc,phases   ] GC(42)   Other: 0.2ms
[2024-07-06T13:02:17.559-0700][info][gc,heap     ] GC(42) Eden regions: 5->0(46)
[2024-07-06T13:02:17.559-0700][info][gc,heap     ] GC(42) Survivor regions: 7->5(7)
[2024-07-06T13:02:17.559-0700][info][gc,heap     ] GC(42) Old regions: 963->983
[2024-07-06T13:02:17.559-0700][info][gc,heap     ] GC(42) Archive regions: 2->2
[2024-07-06T13:02:17.559-0700][info][gc,heap     ] GC(42) Humongous regions: 4->4
[2024-07-06T13:02:17.559-0700][info][gc,metaspace] GC(42) Metaspace: 302K(512K)->302K(512K) NonClass: 295K(384K)->295K(384K) Class: 7K(128K)->7K(128K)
[2024-07-06T13:02:17.559-0700][info][gc          ] GC(42) Pause Young (Mixed) (G1 Preventive Collection) 3919M->3971M(4096M) 60.989ms
[2024-07-06T13:02:17.559-0700][info][gc,cpu      ] GC(42) User=0.20s Sys=0.04s Real=0.06s
[2024-07-06T13:02:23.153-0700][info][gc,start    ] GC(43) Pause Young (Concurrent Start) (G1 Preventive Collection)
[2024-07-06T13:02:23.153-0700][info][gc,task     ] GC(43) Using 4 workers of 4 for evacuation
[2024-07-06T13:02:23.170-0700][info][gc,phases   ] GC(43)   Pre Evacuate Collection Set: 0.3ms
[2024-07-06T13:02:23.170-0700][info][gc,phases   ] GC(43)   Merge Heap Roots: 0.1ms
[2024-07-06T13:02:23.170-0700][info][gc,phases   ] GC(43)   Evacuate Collection Set: 16.6ms
[2024-07-06T13:02:23.170-0700][info][gc,phases   ] GC(43)   Post Evacuate Collection Set: 0.4ms
[2024-07-06T13:02:23.170-0700][info][gc,phases   ] GC(43)   Other: 0.2ms
[2024-07-06T13:02:23.170-0700][info][gc,heap     ] GC(43) Eden regions: 12->0(44)
[2024-07-06T13:02:23.170-0700][info][gc,heap     ] GC(43) Survivor regions: 5->7(7)
[2024-07-06T13:02:23.170-0700][info][gc,heap     ] GC(43) Old regions: 983->993
[2024-07-06T13:02:23.170-0700][info][gc,heap     ] GC(43) Archive regions: 2->2
[2024-07-06T13:02:23.170-0700][info][gc,heap     ] GC(43) Humongous regions: 4->4
[2024-07-06T13:02:23.170-0700][info][gc,metaspace] GC(43) Metaspace: 302K(512K)->302K(512K) NonClass: 295K(384K)->295K(384K) Class: 7K(128K)->7K(128K)
[2024-07-06T13:02:23.170-0700][info][gc          ] GC(43) Pause Young (Concurrent Start) (G1 Preventive Collection) 4019M->4019M(4096M) 17.620ms
[2024-07-06T13:02:23.170-0700][info][gc,cpu      ] GC(43) User=0.07s Sys=0.00s Real=0.02s
[2024-07-06T13:02:23.170-0700][info][gc          ] GC(44) Concurrent Mark Cycle
[2024-07-06T13:02:23.170-0700][info][gc,marking  ] GC(44) Concurrent Clear Claimed Marks
[2024-07-06T13:02:23.170-0700][info][gc,marking  ] GC(44) Concurrent Clear Claimed Marks 0.009ms
[2024-07-06T13:02:23.170-0700][info][gc,marking  ] GC(44) Concurrent Scan Root Regions
[2024-07-06T13:02:23.175-0700][info][gc,marking  ] GC(44) Concurrent Scan Root Regions 4.135ms
[2024-07-06T13:02:23.175-0700][info][gc,marking  ] GC(44) Concurrent Mark
[2024-07-06T13:02:23.175-0700][info][gc,marking  ] GC(44) Concurrent Mark From Roots
[2024-07-06T13:02:23.175-0700][info][gc,task     ] GC(44) Using 1 workers of 1 for marking
[2024-07-06T13:02:23.653-0700][info][gc,marking  ] GC(44) Concurrent Mark From Roots 478.174ms
[2024-07-06T13:02:23.653-0700][info][gc,marking  ] GC(44) Concurrent Preclean
[2024-07-06T13:02:23.653-0700][info][gc,marking  ] GC(44) Concurrent Preclean 0.061ms
[2024-07-06T13:03:14.208-0700][info][gc,start    ] GC(44) Pause Remark
[2024-07-06T13:03:14.209-0700][info][gc          ] GC(44) Pause Remark 4021M->4021M(4096M) 1.048ms
[2024-07-06T13:03:14.209-0700][info][gc,cpu      ] GC(44) User=0.00s Sys=0.00s Real=0.00s
[2024-07-06T13:03:14.209-0700][info][gc,marking  ] GC(44) Concurrent Mark 51034.323ms
[2024-07-06T13:03:14.209-0700][info][gc,marking  ] GC(44) Concurrent Rebuild Remembered Sets
[2024-07-06T13:03:14.510-0700][info][gc,marking  ] GC(44) Concurrent Rebuild Remembered Sets 300.448ms
[2024-07-06T13:03:14.758-0700][info][gc,start    ] GC(44) Pause Cleanup
[2024-07-06T13:03:14.759-0700][info][gc          ] GC(44) Pause Cleanup 4021M->4021M(4096M) 1.005ms
[2024-07-06T13:03:14.759-0700][info][gc,cpu      ] GC(44) User=0.00s Sys=0.00s Real=0.00s
[2024-07-06T13:03:14.759-0700][info][gc,marking  ] GC(44) Concurrent Cleanup for Next Mark
[2024-07-06T13:03:14.767-0700][info][gc,marking  ] GC(44) Concurrent Cleanup for Next Mark 7.393ms
[2024-07-06T13:03:14.767-0700][info][gc          ] GC(44) Concurrent Mark Cycle 51596.378ms
[2024-07-06T13:03:16.651-0700][info][gc,start    ] GC(45) Pause Young (Prepare Mixed) (G1 Preventive Collection)
[2024-07-06T13:03:16.651-0700][info][gc,task     ] GC(45) Using 4 workers of 4 for evacuation
[2024-07-06T13:03:16.664-0700][info][gc,phases   ] GC(45)   Pre Evacuate Collection Set: 0.2ms
[2024-07-06T13:03:16.665-0700][info][gc,phases   ] GC(45)   Merge Heap Roots: 0.1ms
[2024-07-06T13:03:16.665-0700][info][gc,phases   ] GC(45)   Evacuate Collection Set: 12.4ms
[2024-07-06T13:03:16.665-0700][info][gc,phases   ] GC(45)   Post Evacuate Collection Set: 0.3ms
[2024-07-06T13:03:16.665-0700][info][gc,phases   ] GC(45)   Other: 0.1ms
[2024-07-06T13:03:16.665-0700][info][gc,heap     ] GC(45) Eden regions: 5->0(45)
[2024-07-06T13:03:16.665-0700][info][gc,heap     ] GC(45) Survivor regions: 7->6(7)
[2024-07-06T13:03:16.665-0700][info][gc,heap     ] GC(45) Old regions: 993->1000
[2024-07-06T13:03:16.665-0700][info][gc,heap     ] GC(45) Archive regions: 2->2
[2024-07-06T13:03:16.665-0700][info][gc,heap     ] GC(45) Humongous regions: 4->4
[2024-07-06T13:03:16.665-0700][info][gc,metaspace] GC(45) Metaspace: 302K(512K)->302K(512K) NonClass: 295K(384K)->295K(384K) Class: 7K(128K)->7K(128K)
[2024-07-06T13:03:16.665-0700][info][gc          ] GC(45) Pause Young (Prepare Mixed) (G1 Preventive Collection) 4039M->4042M(4096M) 13.296ms
[2024-07-06T13:03:16.665-0700][info][gc,cpu      ] GC(45) User=0.04s Sys=0.01s Real=0.02s
[2024-07-06T13:03:18.813-0700][info][gc,start    ] GC(46) Pause Young (Mixed) (G1 Preventive Collection)
[2024-07-06T13:03:18.813-0700][info][gc,task     ] GC(46) Using 4 workers of 4 for evacuation
[2024-07-06T13:03:18.842-0700][info][gc          ] GC(46) To-space exhausted
[2024-07-06T13:03:18.842-0700][info][gc,phases   ] GC(46)   Pre Evacuate Collection Set: 0.2ms
[2024-07-06T13:03:18.842-0700][info][gc,phases   ] GC(46)   Merge Heap Roots: 0.2ms
[2024-07-06T13:03:18.842-0700][info][gc,phases   ] GC(46)   Evacuate Collection Set: 23.2ms
[2024-07-06T13:03:18.842-0700][info][gc,phases   ] GC(46)   Post Evacuate Collection Set: 4.5ms
[2024-07-06T13:03:18.842-0700][info][gc,phases   ] GC(46)   Other: 0.2ms
[2024-07-06T13:03:18.842-0700][info][gc,heap     ] GC(46) Eden regions: 1->0(50)
[2024-07-06T13:03:18.842-0700][info][gc,heap     ] GC(46) Survivor regions: 6->1(7)
[2024-07-06T13:03:18.842-0700][info][gc,heap     ] GC(46) Old regions: 1000->983
[2024-07-06T13:03:18.842-0700][info][gc,heap     ] GC(46) Archive regions: 2->2
[2024-07-06T13:03:18.842-0700][info][gc,heap     ] GC(46) Humongous regions: 4->4
[2024-07-06T13:03:18.842-0700][info][gc,metaspace] GC(46) Metaspace: 302K(512K)->302K(512K) NonClass: 295K(384K)->295K(384K) Class: 7K(128K)->7K(128K)
[2024-07-06T13:03:18.842-0700][info][gc          ] GC(46) Pause Young (Mixed) (G1 Preventive Collection) 4046M->3954M(4096M) 28.384ms
[2024-07-06T13:03:18.842-0700][info][gc,cpu      ] GC(46) User=0.09s Sys=0.02s Real=0.03s
[2024-07-06T13:03:18.842-0700][info][gc,start    ] GC(47) Pause Young (Mixed) (G1 Preventive Collection)
[2024-07-06T13:03:18.842-0700][info][gc,task     ] GC(47) Using 4 workers of 4 for evacuation
[2024-07-06T13:03:18.911-0700][info][gc          ] GC(47) To-space exhausted
[2024-07-06T13:03:18.911-0700][info][gc,phases   ] GC(47)   Pre Evacuate Collection Set: 0.2ms
[2024-07-06T13:03:18.911-0700][info][gc,phases   ] GC(47)   Merge Heap Roots: 0.1ms
[2024-07-06T13:03:18.911-0700][info][gc,phases   ] GC(47)   Evacuate Collection Set: 60.6ms
[2024-07-06T13:03:18.911-0700][info][gc,phases   ] GC(47)   Post Evacuate Collection Set: 7.4ms
[2024-07-06T13:03:18.911-0700][info][gc,phases   ] GC(47)   Other: 0.1ms
[2024-07-06T13:03:18.911-0700][info][gc,heap     ] GC(47) Eden regions: 1->0(49)
[2024-07-06T13:03:18.911-0700][info][gc,heap     ] GC(47) Survivor regions: 1->2(7)
[2024-07-06T13:03:18.911-0700][info][gc,heap     ] GC(47) Old regions: 983->988
[2024-07-06T13:03:18.911-0700][info][gc,heap     ] GC(47) Archive regions: 2->2
[2024-07-06T13:03:18.911-0700][info][gc,heap     ] GC(47) Humongous regions: 4->4
[2024-07-06T13:03:18.911-0700][info][gc,metaspace] GC(47) Metaspace: 302K(512K)->302K(512K) NonClass: 295K(384K)->295K(384K) Class: 7K(128K)->7K(128K)
[2024-07-06T13:03:18.911-0700][info][gc          ] GC(47) Pause Young (Mixed) (G1 Preventive Collection) 3958M->3977M(4096M) 68.490ms
[2024-07-06T13:03:18.911-0700][info][gc,cpu      ] GC(47) User=0.22s Sys=0.03s Real=0.07s
[2024-07-06T13:03:20.923-0700][info][gc,start    ] GC(48) Pause Young (Mixed) (G1 Preventive Collection)
[2024-07-06T13:03:20.923-0700][info][gc,task     ] GC(48) Using 4 workers of 4 for evacuation
[2024-07-06T13:03:21.004-0700][info][gc          ] GC(48) To-space exhausted
[2024-07-06T13:03:21.004-0700][info][gc,phases   ] GC(48)   Pre Evacuate Collection Set: 0.4ms
[2024-07-06T13:03:21.004-0700][info][gc,phases   ] GC(48)   Merge Heap Roots: 0.2ms
[2024-07-06T13:03:21.004-0700][info][gc,phases   ] GC(48)   Evacuate Collection Set: 70.5ms
[2024-07-06T13:03:21.004-0700][info][gc,phases   ] GC(48)   Post Evacuate Collection Set: 10.1ms
[2024-07-06T13:03:21.004-0700][info][gc,phases   ] GC(48)   Other: 0.3ms
[2024-07-06T13:03:21.004-0700][info][gc,heap     ] GC(48) Eden regions: 1->0(49)
[2024-07-06T13:03:21.004-0700][info][gc,heap     ] GC(48) Survivor regions: 2->2(7)
[2024-07-06T13:03:21.004-0700][info][gc,heap     ] GC(48) Old regions: 988->1010
[2024-07-06T13:03:21.004-0700][info][gc,heap     ] GC(48) Archive regions: 2->2
[2024-07-06T13:03:21.004-0700][info][gc,heap     ] GC(48) Humongous regions: 4->4
[2024-07-06T13:03:21.004-0700][info][gc,metaspace] GC(48) Metaspace: 302K(512K)->302K(512K) NonClass: 295K(384K)->295K(384K) Class: 7K(128K)->7K(128K)
[2024-07-06T13:03:21.004-0700][info][gc          ] GC(48) Pause Young (Mixed) (G1 Preventive Collection) 3981M->4065M(4096M) 81.488ms
[2024-07-06T13:03:21.004-0700][info][gc,cpu      ] GC(48) User=0.26s Sys=0.04s Real=0.09s
[2024-07-06T13:03:21.005-0700][info][gc,start    ] GC(49) Pause Young (Mixed) (G1 Preventive Collection)
[2024-07-06T13:03:21.005-0700][info][gc,task     ] GC(49) Using 4 workers of 4 for evacuation
[2024-07-06T13:03:21.025-0700][info][gc          ] GC(49) To-space exhausted
[2024-07-06T13:03:21.025-0700][info][gc,phases   ] GC(49)   Pre Evacuate Collection Set: 0.2ms
[2024-07-06T13:03:21.025-0700][info][gc,phases   ] GC(49)   Merge Heap Roots: 0.1ms
[2024-07-06T13:03:21.025-0700][info][gc,phases   ] GC(49)   Evacuate Collection Set: 16.9ms
[2024-07-06T13:03:21.025-0700][info][gc,phases   ] GC(49)   Post Evacuate Collection Set: 3.2ms
[2024-07-06T13:03:21.025-0700][info][gc,phases   ] GC(49)   Other: 0.1ms
[2024-07-06T13:03:21.025-0700][info][gc,heap     ] GC(49) Eden regions: 1->0(49)
[2024-07-06T13:03:21.025-0700][info][gc,heap     ] GC(49) Survivor regions: 2->2(5)
[2024-07-06T13:03:21.025-0700][info][gc,heap     ] GC(49) Old regions: 1010->1015
[2024-07-06T13:03:21.025-0700][info][gc,heap     ] GC(49) Archive regions: 2->2
[2024-07-06T13:03:21.025-0700][info][gc,heap     ] GC(49) Humongous regions: 4->4
[2024-07-06T13:03:21.025-0700][info][gc,metaspace] GC(49) Metaspace: 302K(512K)->302K(512K) NonClass: 295K(384K)->295K(384K) Class: 7K(128K)->7K(128K)
[2024-07-06T13:03:21.025-0700][info][gc          ] GC(49) Pause Young (Mixed) (G1 Preventive Collection) 4069M->4085M(4096M) 20.517ms
[2024-07-06T13:03:21.025-0700][info][gc,cpu      ] GC(49) User=0.06s Sys=0.02s Real=0.02s
[2024-07-06T13:03:21.026-0700][info][gc,start    ] GC(50) Pause Young (Concurrent Start) (G1 Evacuation Pause)
[2024-07-06T13:03:21.026-0700][info][gc,task     ] GC(50) Using 4 workers of 4 for evacuation
[2024-07-06T13:03:21.029-0700][info][gc          ] GC(50) To-space exhausted
[2024-07-06T13:03:21.029-0700][info][gc,phases   ] GC(50)   Pre Evacuate Collection Set: 0.2ms
[2024-07-06T13:03:21.029-0700][info][gc,phases   ] GC(50)   Merge Heap Roots: 0.1ms
[2024-07-06T13:03:21.029-0700][info][gc,phases   ] GC(50)   Evacuate Collection Set: 2.1ms
[2024-07-06T13:03:21.029-0700][info][gc,phases   ] GC(50)   Post Evacuate Collection Set: 0.7ms
[2024-07-06T13:03:21.029-0700][info][gc,phases   ] GC(50)   Other: 0.1ms
[2024-07-06T13:03:21.029-0700][info][gc,heap     ] GC(50) Eden regions: 1->0(51)
[2024-07-06T13:03:21.029-0700][info][gc,heap     ] GC(50) Survivor regions: 2->0(0)
[2024-07-06T13:03:21.029-0700][info][gc,heap     ] GC(50) Old regions: 1015->1018
[2024-07-06T13:03:21.029-0700][info][gc,heap     ] GC(50) Archive regions: 2->2
[2024-07-06T13:03:21.029-0700][info][gc,heap     ] GC(50) Humongous regions: 4->4
[2024-07-06T13:03:21.029-0700][info][gc,metaspace] GC(50) Metaspace: 302K(512K)->302K(512K) NonClass: 295K(384K)->295K(384K) Class: 7K(128K)->7K(128K)
[2024-07-06T13:03:21.029-0700][info][gc          ] GC(50) Pause Young (Concurrent Start) (G1 Evacuation Pause) 4089M->4089M(4096M) 3.183ms
[2024-07-06T13:03:21.029-0700][info][gc,cpu      ] GC(50) User=0.00s Sys=0.00s Real=0.00s
[2024-07-06T13:03:21.029-0700][info][gc,ergo     ] Attempting full compaction
[2024-07-06T13:03:21.029-0700][info][gc,task     ] GC(51) Using 4 workers of 4 for full compaction
[2024-07-06T13:03:21.029-0700][info][gc          ] GC(52) Concurrent Mark Cycle
[2024-07-06T13:03:21.029-0700][info][gc,marking  ] GC(52) Concurrent Clear Claimed Marks
[2024-07-06T13:03:21.029-0700][info][gc,marking  ] GC(52) Concurrent Clear Claimed Marks 0.012ms
[2024-07-06T13:03:21.029-0700][info][gc,marking  ] GC(52) Concurrent Scan Root Regions
[2024-07-06T13:03:21.029-0700][info][gc,marking  ] GC(52) Concurrent Scan Root Regions 0.006ms
[2024-07-06T13:03:21.029-0700][info][gc,marking  ] GC(52) Concurrent Mark
[2024-07-06T13:03:21.029-0700][info][gc,marking  ] GC(52) Concurrent Mark From Roots
[2024-07-06T13:03:21.029-0700][info][gc,task     ] GC(52) Using 1 workers of 1 for marking
[2024-07-06T13:03:21.029-0700][info][gc,start    ] GC(51) Pause Full (G1 Compaction Pause)
[2024-07-06T13:03:21.033-0700][info][gc,phases,start] GC(51) Phase 1: Mark live objects
[2024-07-06T13:03:21.133-0700][info][gc,phases      ] GC(51) Phase 1: Mark live objects 100.416ms
[2024-07-06T13:03:21.133-0700][info][gc,phases,start] GC(51) Phase 2: Prepare for compaction
[2024-07-06T13:03:21.187-0700][info][gc,phases      ] GC(51) Phase 2: Prepare for compaction 53.815ms
[2024-07-06T13:03:21.187-0700][info][gc,phases,start] GC(51) Phase 3: Adjust pointers
[2024-07-06T13:03:21.269-0700][info][gc,phases      ] GC(51) Phase 3: Adjust pointers 81.315ms
[2024-07-06T13:03:21.269-0700][info][gc,phases,start] GC(51) Phase 4: Compact heap
[2024-07-06T13:03:21.580-0700][info][gc,phases      ] GC(51) Phase 4: Compact heap 311.656ms
[2024-07-06T13:03:21.584-0700][info][gc,heap        ] GC(51) Eden regions: 0->0(51)
[2024-07-06T13:03:21.584-0700][info][gc,heap        ] GC(51) Survivor regions: 0->0(0)
[2024-07-06T13:03:21.584-0700][info][gc,heap        ] GC(51) Old regions: 1018->790
[2024-07-06T13:03:21.584-0700][info][gc,heap        ] GC(51) Archive regions: 2->2
[2024-07-06T13:03:21.584-0700][info][gc,heap        ] GC(51) Humongous regions: 4->4
[2024-07-06T13:03:21.584-0700][info][gc,metaspace   ] GC(51) Metaspace: 302K(512K)->302K(512K) NonClass: 295K(384K)->295K(384K) Class: 7K(128K)->7K(128K)
[2024-07-06T13:03:21.584-0700][info][gc             ] GC(51) Pause Full (G1 Compaction Pause) 4089M->3172M(4096M) 554.998ms
[2024-07-06T13:03:21.584-0700][info][gc,cpu         ] GC(51) User=2.17s Sys=0.00s Real=0.56s
[2024-07-06T13:03:21.584-0700][info][gc,marking     ] GC(52) Concurrent Mark From Roots 555.307ms
[2024-07-06T13:03:21.584-0700][info][gc,marking     ] GC(52) Concurrent Mark Abort
[2024-07-06T13:03:21.584-0700][info][gc             ] GC(52) Concurrent Mark Cycle 555.433ms
[2024-07-06T13:03:57.387-0700][info][gc,start       ] GC(53) Pause Young (Normal) (G1 Evacuation Pause)
[2024-07-06T13:03:57.387-0700][info][gc,task        ] GC(53) Using 4 workers of 4 for evacuation
[2024-07-06T13:03:57.438-0700][info][gc,phases      ] GC(53)   Pre Evacuate Collection Set: 0.2ms
[2024-07-06T13:03:57.438-0700][info][gc,phases      ] GC(53)   Merge Heap Roots: 0.1ms
[2024-07-06T13:03:57.438-0700][info][gc,phases      ] GC(53)   Evacuate Collection Set: 49.4ms
[2024-07-06T13:03:57.438-0700][info][gc,phases      ] GC(53)   Post Evacuate Collection Set: 0.4ms
[2024-07-06T13:03:57.438-0700][info][gc,phases      ] GC(53)   Other: 0.1ms
[2024-07-06T13:03:57.438-0700][info][gc,heap        ] GC(53) Eden regions: 51->0(44)
[2024-07-06T13:03:57.438-0700][info][gc,heap        ] GC(53) Survivor regions: 0->7(7)
[2024-07-06T13:03:57.438-0700][info][gc,heap        ] GC(53) Old regions: 790->834
[2024-07-06T13:03:57.438-0700][info][gc,heap        ] GC(53) Archive regions: 2->2
[2024-07-06T13:03:57.438-0700][info][gc,heap        ] GC(53) Humongous regions: 4->4
[2024-07-06T13:03:57.438-0700][info][gc,metaspace   ] GC(53) Metaspace: 302K(512K)->302K(512K) NonClass: 295K(384K)->295K(384K) Class: 7K(128K)->7K(128K)
[2024-07-06T13:03:57.438-0700][info][gc             ] GC(53) Pause Young (Normal) (G1 Evacuation Pause) 3376M->3372M(4096M) 50.284ms
[2024-07-06T13:03:57.438-0700][info][gc,cpu         ] GC(53) User=0.16s Sys=0.02s Real=0.05s
[2024-07-06T13:04:29.087-0700][info][gc,start       ] GC(54) Pause Young (Concurrent Start) (G1 Evacuation Pause)
[2024-07-06T13:04:29.087-0700][info][gc,task        ] GC(54) Using 4 workers of 4 for evacuation
[2024-07-06T13:04:29.135-0700][info][gc,phases      ] GC(54)   Pre Evacuate Collection Set: 0.2ms
[2024-07-06T13:04:29.135-0700][info][gc,phases      ] GC(54)   Merge Heap Roots: 0.2ms
[2024-07-06T13:04:29.135-0700][info][gc,phases      ] GC(54)   Evacuate Collection Set: 47.3ms
[2024-07-06T13:04:29.135-0700][info][gc,phases      ] GC(54)   Post Evacuate Collection Set: 0.4ms
[2024-07-06T13:04:29.135-0700][info][gc,phases      ] GC(54)   Other: 0.2ms
[2024-07-06T13:04:29.135-0700][info][gc,heap        ] GC(54) Eden regions: 44->0(44)
[2024-07-06T13:04:29.135-0700][info][gc,heap        ] GC(54) Survivor regions: 7->7(7)
[2024-07-06T13:04:29.135-0700][info][gc,heap        ] GC(54) Old regions: 834->877
[2024-07-06T13:04:29.135-0700][info][gc,heap        ] GC(54) Archive regions: 2->2
[2024-07-06T13:04:29.135-0700][info][gc,heap        ] GC(54) Humongous regions: 4->4
[2024-07-06T13:04:29.135-0700][info][gc,metaspace   ] GC(54) Metaspace: 302K(512K)->302K(512K) NonClass: 295K(384K)->295K(384K) Class: 7K(128K)->7K(128K)
[2024-07-06T13:04:29.135-0700][info][gc             ] GC(54) Pause Young (Concurrent Start) (G1 Evacuation Pause) 3548M->3545M(4096M) 48.291ms
[2024-07-06T13:04:29.135-0700][info][gc,cpu         ] GC(54) User=0.15s Sys=0.03s Real=0.05s
[2024-07-06T13:04:29.136-0700][info][gc             ] GC(55) Concurrent Mark Cycle
[2024-07-06T13:04:29.136-0700][info][gc,marking     ] GC(55) Concurrent Clear Claimed Marks
[2024-07-06T13:04:29.136-0700][info][gc,marking     ] GC(55) Concurrent Clear Claimed Marks 0.007ms
[2024-07-06T13:04:29.136-0700][info][gc,marking     ] GC(55) Concurrent Scan Root Regions
[2024-07-06T13:04:29.146-0700][info][gc,marking     ] GC(55) Concurrent Scan Root Regions 10.719ms
[2024-07-06T13:04:29.146-0700][info][gc,marking     ] GC(55) Concurrent Mark
[2024-07-06T13:04:29.146-0700][info][gc,marking     ] GC(55) Concurrent Mark From Roots
[2024-07-06T13:04:29.146-0700][info][gc,task        ] GC(55) Using 1 workers of 1 for marking
[2024-07-06T13:04:29.656-0700][info][gc,marking     ] GC(55) Concurrent Mark From Roots 509.533ms
[2024-07-06T13:04:29.656-0700][info][gc,marking     ] GC(55) Concurrent Preclean
[2024-07-06T13:04:29.656-0700][info][gc,marking     ] GC(55) Concurrent Preclean 0.069ms
[2024-07-06T13:04:34.283-0700][info][gc,start       ] GC(55) Pause Remark
[2024-07-06T13:04:34.286-0700][info][gc             ] GC(55) Pause Remark 3555M->3555M(4096M) 2.075ms
[2024-07-06T13:04:34.286-0700][info][gc,cpu         ] GC(55) User=0.00s Sys=0.00s Real=0.00s
[2024-07-06T13:04:34.286-0700][info][gc,marking     ] GC(55) Concurrent Mark 5139.338ms
[2024-07-06T13:04:34.286-0700][info][gc,marking     ] GC(55) Concurrent Rebuild Remembered Sets
[2024-07-06T13:04:34.518-0700][info][gc,marking     ] GC(55) Concurrent Rebuild Remembered Sets 232.670ms
[2024-07-06T13:04:34.782-0700][info][gc,start       ] GC(55) Pause Cleanup
[2024-07-06T13:04:34.782-0700][info][gc             ] GC(55) Pause Cleanup 3555M->3555M(4096M) 0.364ms
[2024-07-06T13:04:34.782-0700][info][gc,cpu         ] GC(55) User=0.00s Sys=0.00s Real=0.00s
[2024-07-06T13:04:34.782-0700][info][gc,marking     ] GC(55) Concurrent Cleanup for Next Mark
[2024-07-06T13:04:34.788-0700][info][gc,marking     ] GC(55) Concurrent Cleanup for Next Mark 5.569ms
[2024-07-06T13:04:34.788-0700][info][gc             ] GC(55) Concurrent Mark Cycle 5652.378ms
[2024-07-06T13:05:05.352-0700][info][gc,start       ] GC(56) Pause Young (Normal) (G1 Evacuation Pause)
[2024-07-06T13:05:05.352-0700][info][gc,task        ] GC(56) Using 4 workers of 4 for evacuation
[2024-07-06T13:05:05.402-0700][info][gc,phases      ] GC(56)   Pre Evacuate Collection Set: 0.2ms
[2024-07-06T13:05:05.402-0700][info][gc,phases      ] GC(56)   Merge Heap Roots: 0.2ms
[2024-07-06T13:05:05.402-0700][info][gc,phases      ] GC(56)   Evacuate Collection Set: 49.8ms
[2024-07-06T13:05:05.402-0700][info][gc,phases      ] GC(56)   Post Evacuate Collection Set: 0.4ms
[2024-07-06T13:05:05.402-0700][info][gc,phases      ] GC(56)   Other: 0.1ms
[2024-07-06T13:05:05.402-0700][info][gc,heap        ] GC(56) Eden regions: 44->0(44)
[2024-07-06T13:05:05.402-0700][info][gc,heap        ] GC(56) Survivor regions: 7->7(7)
[2024-07-06T13:05:05.402-0700][info][gc,heap        ] GC(56) Old regions: 877->920
[2024-07-06T13:05:05.402-0700][info][gc,heap        ] GC(56) Archive regions: 2->2
[2024-07-06T13:05:05.402-0700][info][gc,heap        ] GC(56) Humongous regions: 4->4
[2024-07-06T13:05:05.402-0700][info][gc,metaspace   ] GC(56) Metaspace: 302K(512K)->302K(512K) NonClass: 295K(384K)->295K(384K) Class: 7K(128K)->7K(128K)
[2024-07-06T13:05:05.402-0700][info][gc             ] GC(56) Pause Young (Normal) (G1 Evacuation Pause) 3721M->3718M(4096M) 50.763ms
[2024-07-06T13:05:05.402-0700][info][gc,cpu         ] GC(56) User=0.16s Sys=0.02s Real=0.05s
[2024-07-06T13:05:34.523-0700][info][gc,start       ] GC(57) Pause Young (Concurrent Start) (G1 Preventive Collection)
[2024-07-06T13:05:34.523-0700][info][gc,task        ] GC(57) Using 4 workers of 4 for evacuation
[2024-07-06T13:05:34.566-0700][info][gc,phases      ] GC(57)   Pre Evacuate Collection Set: 0.2ms
[2024-07-06T13:05:34.566-0700][info][gc,phases      ] GC(57)   Merge Heap Roots: 0.2ms
[2024-07-06T13:05:34.566-0700][info][gc,phases      ] GC(57)   Evacuate Collection Set: 41.8ms
[2024-07-06T13:05:34.566-0700][info][gc,phases      ] GC(57)   Post Evacuate Collection Set: 0.3ms
[2024-07-06T13:05:34.566-0700][info][gc,phases      ] GC(57)   Other: 0.2ms
[2024-07-06T13:05:34.566-0700][info][gc,heap        ] GC(57) Eden regions: 39->0(44)
[2024-07-06T13:05:34.566-0700][info][gc,heap        ] GC(57) Survivor regions: 7->7(7)
[2024-07-06T13:05:34.566-0700][info][gc,heap        ] GC(57) Old regions: 920->958
[2024-07-06T13:05:34.566-0700][info][gc,heap        ] GC(57) Archive regions: 2->2
[2024-07-06T13:05:34.566-0700][info][gc,heap        ] GC(57) Humongous regions: 4->4
[2024-07-06T13:05:34.566-0700][info][gc,metaspace   ] GC(57) Metaspace: 302K(512K)->302K(512K) NonClass: 295K(384K)->295K(384K) Class: 7K(128K)->7K(128K)
[2024-07-06T13:05:34.566-0700][info][gc             ] GC(57) Pause Young (Concurrent Start) (G1 Preventive Collection) 3874M->3871M(4096M) 42.816ms
[2024-07-06T13:05:34.566-0700][info][gc,cpu         ] GC(57) User=0.15s Sys=0.01s Real=0.04s
[2024-07-06T13:05:34.566-0700][info][gc             ] GC(58) Concurrent Mark Cycle
[2024-07-06T13:05:34.566-0700][info][gc,marking     ] GC(58) Concurrent Clear Claimed Marks
[2024-07-06T13:05:34.566-0700][info][gc,marking     ] GC(58) Concurrent Clear Claimed Marks 0.007ms
[2024-07-06T13:05:34.566-0700][info][gc,marking     ] GC(58) Concurrent Scan Root Regions
[2024-07-06T13:05:34.576-0700][info][gc,marking     ] GC(58) Concurrent Scan Root Regions 9.533ms
[2024-07-06T13:05:34.576-0700][info][gc,marking     ] GC(58) Concurrent Mark
[2024-07-06T13:05:34.576-0700][info][gc,marking     ] GC(58) Concurrent Mark From Roots
[2024-07-06T13:05:34.576-0700][info][gc,task        ] GC(58) Using 1 workers of 1 for marking
[2024-07-06T13:05:35.094-0700][info][gc,marking     ] GC(58) Concurrent Mark From Roots 518.568ms
[2024-07-06T13:05:35.095-0700][info][gc,marking     ] GC(58) Concurrent Preclean
[2024-07-06T13:05:35.095-0700][info][gc,marking     ] GC(58) Concurrent Preclean 0.063ms
[2024-07-06T13:06:20.379-0700][info][gc,start       ] GC(58) Pause Remark
[2024-07-06T13:06:20.380-0700][info][gc             ] GC(58) Pause Remark 3875M->3875M(4096M) 0.959ms
[2024-07-06T13:06:20.380-0700][info][gc,cpu         ] GC(58) User=0.00s Sys=0.00s Real=0.00s
[2024-07-06T13:06:20.380-0700][info][gc,marking     ] GC(58) Concurrent Mark 45803.775ms
[2024-07-06T13:06:20.380-0700][info][gc,marking     ] GC(58) Concurrent Rebuild Remembered Sets
[2024-07-06T13:06:20.673-0700][info][gc,marking     ] GC(58) Concurrent Rebuild Remembered Sets 293.786ms
[2024-07-06T13:06:21.127-0700][info][gc,start       ] GC(58) Pause Cleanup
[2024-07-06T13:06:21.128-0700][info][gc             ] GC(58) Pause Cleanup 3875M->3875M(4096M) 0.547ms
[2024-07-06T13:06:21.128-0700][info][gc,cpu         ] GC(58) User=0.00s Sys=0.00s Real=0.00s
[2024-07-06T13:06:21.128-0700][info][gc,marking     ] GC(58) Concurrent Cleanup for Next Mark
[2024-07-06T13:06:21.136-0700][info][gc,marking     ] GC(58) Concurrent Cleanup for Next Mark 8.055ms
[2024-07-06T13:06:21.136-0700][info][gc             ] GC(58) Concurrent Mark Cycle 46570.053ms
[2024-07-06T13:06:36.095-0700][info][gc,start       ] GC(59) Pause Young (Normal) (G1 Preventive Collection)
[2024-07-06T13:06:36.095-0700][info][gc,task        ] GC(59) Using 4 workers of 4 for evacuation
[2024-07-06T13:06:36.120-0700][info][gc,phases      ] GC(59)   Pre Evacuate Collection Set: 0.2ms
[2024-07-06T13:06:36.120-0700][info][gc,phases      ] GC(59)   Merge Heap Roots: 0.2ms
[2024-07-06T13:06:36.120-0700][info][gc,phases      ] GC(59)   Evacuate Collection Set: 24.7ms
[2024-07-06T13:06:36.120-0700][info][gc,phases      ] GC(59)   Post Evacuate Collection Set: 0.3ms
[2024-07-06T13:06:36.120-0700][info][gc,phases      ] GC(59)   Other: 0.1ms
[2024-07-06T13:06:36.120-0700][info][gc,heap        ] GC(59) Eden regions: 21->0(44)
[2024-07-06T13:06:36.121-0700][info][gc,heap        ] GC(59) Survivor regions: 7->7(7)
[2024-07-06T13:06:36.121-0700][info][gc,heap        ] GC(59) Old regions: 958->979
[2024-07-06T13:06:36.121-0700][info][gc,heap        ] GC(59) Archive regions: 2->2
[2024-07-06T13:06:36.121-0700][info][gc,heap        ] GC(59) Humongous regions: 4->4
[2024-07-06T13:06:36.121-0700][info][gc,metaspace   ] GC(59) Metaspace: 302K(512K)->302K(512K) NonClass: 295K(384K)->295K(384K) Class: 7K(128K)->7K(128K)
[2024-07-06T13:06:36.121-0700][info][gc             ] GC(59) Pause Young (Normal) (G1 Preventive Collection) 3955M->3954M(4096M) 25.619ms
[2024-07-06T13:06:36.121-0700][info][gc,cpu         ] GC(59) User=0.08s Sys=0.02s Real=0.03s
[2024-07-06T13:06:43.581-0700][info][gc,start       ] GC(60) Pause Young (Concurrent Start) (G1 Preventive Collection)
[2024-07-06T13:06:43.581-0700][info][gc,task        ] GC(60) Using 4 workers of 4 for evacuation
[2024-07-06T13:06:43.598-0700][info][gc,phases      ] GC(60)   Pre Evacuate Collection Set: 0.2ms
[2024-07-06T13:06:43.598-0700][info][gc,phases      ] GC(60)   Merge Heap Roots: 0.2ms
[2024-07-06T13:06:43.598-0700][info][gc,phases      ] GC(60)   Evacuate Collection Set: 16.1ms
[2024-07-06T13:06:43.598-0700][info][gc,phases      ] GC(60)   Post Evacuate Collection Set: 0.4ms
[2024-07-06T13:06:43.598-0700][info][gc,phases      ] GC(60)   Other: 0.1ms
[2024-07-06T13:06:43.598-0700][info][gc,heap        ] GC(60) Eden regions: 11->0(44)
[2024-07-06T13:06:43.598-0700][info][gc,heap        ] GC(60) Survivor regions: 7->7(7)
[2024-07-06T13:06:43.598-0700][info][gc,heap        ] GC(60) Old regions: 979->990
[2024-07-06T13:06:43.598-0700][info][gc,heap        ] GC(60) Archive regions: 2->2
[2024-07-06T13:06:43.598-0700][info][gc,heap        ] GC(60) Humongous regions: 4->4
[2024-07-06T13:06:43.598-0700][info][gc,metaspace   ] GC(60) Metaspace: 302K(512K)->302K(512K) NonClass: 295K(384K)->295K(384K) Class: 7K(128K)->7K(128K)
[2024-07-06T13:06:43.598-0700][info][gc             ] GC(60) Pause Young (Concurrent Start) (G1 Preventive Collection) 3998M->3998M(4096M) 17.065ms
[2024-07-06T13:06:43.598-0700][info][gc,cpu         ] GC(60) User=0.06s Sys=0.01s Real=0.02s
[2024-07-06T13:06:43.598-0700][info][gc             ] GC(61) Concurrent Mark Cycle
[2024-07-06T13:06:43.598-0700][info][gc,marking     ] GC(61) Concurrent Clear Claimed Marks
[2024-07-06T13:06:43.598-0700][info][gc,marking     ] GC(61) Concurrent Clear Claimed Marks 0.006ms
[2024-07-06T13:06:43.598-0700][info][gc,marking     ] GC(61) Concurrent Scan Root Regions
[2024-07-06T13:06:43.603-0700][info][gc,marking     ] GC(61) Concurrent Scan Root Regions 5.077ms
[2024-07-06T13:06:43.603-0700][info][gc,marking     ] GC(61) Concurrent Mark
[2024-07-06T13:06:43.603-0700][info][gc,marking     ] GC(61) Concurrent Mark From Roots
[2024-07-06T13:06:43.603-0700][info][gc,task        ] GC(61) Using 1 workers of 1 for marking
[2024-07-06T13:06:44.152-0700][info][gc,marking     ] GC(61) Concurrent Mark From Roots 548.926ms
[2024-07-06T13:06:44.152-0700][info][gc,marking     ] GC(61) Concurrent Preclean
[2024-07-06T13:06:44.153-0700][info][gc,marking     ] GC(61) Concurrent Preclean 0.060ms
[2024-07-06T13:07:15.909-0700][info][gc,start       ] GC(61) Pause Remark
[2024-07-06T13:07:15.911-0700][info][gc             ] GC(61) Pause Remark 4004M->4004M(4096M) 1.972ms
[2024-07-06T13:07:15.911-0700][info][gc,cpu         ] GC(61) User=0.00s Sys=0.00s Real=0.00s
[2024-07-06T13:07:15.911-0700][info][gc,marking     ] GC(61) Concurrent Mark 32307.486ms
[2024-07-06T13:07:15.911-0700][info][gc,marking     ] GC(61) Concurrent Rebuild Remembered Sets
[2024-07-06T13:07:16.204-0700][info][gc,marking     ] GC(61) Concurrent Rebuild Remembered Sets 292.699ms
[2024-07-06T13:07:16.479-0700][info][gc,start       ] GC(61) Pause Cleanup
[2024-07-06T13:07:16.479-0700][info][gc             ] GC(61) Pause Cleanup 4004M->4004M(4096M) 0.491ms
[2024-07-06T13:07:16.479-0700][info][gc,cpu         ] GC(61) User=0.00s Sys=0.00s Real=0.00s
[2024-07-06T13:07:16.479-0700][info][gc,marking     ] GC(61) Concurrent Cleanup for Next Mark
[2024-07-06T13:07:16.485-0700][info][gc,marking     ] GC(61) Concurrent Cleanup for Next Mark 5.518ms
[2024-07-06T13:07:16.485-0700][info][gc             ] GC(61) Concurrent Mark Cycle 32886.466ms
[2024-07-06T13:07:18.696-0700][info][gc,start       ] GC(62) Pause Young (Prepare Mixed) (G1 Preventive Collection)
[2024-07-06T13:07:18.696-0700][info][gc,task        ] GC(62) Using 4 workers of 4 for evacuation
[2024-07-06T13:07:18.709-0700][info][gc,phases      ] GC(62)   Pre Evacuate Collection Set: 0.2ms
[2024-07-06T13:07:18.709-0700][info][gc,phases      ] GC(62)   Merge Heap Roots: 0.1ms
[2024-07-06T13:07:18.709-0700][info][gc,phases      ] GC(62)   Evacuate Collection Set: 11.9ms
[2024-07-06T13:07:18.709-0700][info][gc,phases      ] GC(62)   Post Evacuate Collection Set: 0.3ms
[2024-07-06T13:07:18.709-0700][info][gc,phases      ] GC(62)   Other: 0.1ms
[2024-07-06T13:07:18.709-0700][info][gc,heap        ] GC(62) Eden regions: 6->0(44)
[2024-07-06T13:07:18.709-0700][info][gc,heap        ] GC(62) Survivor regions: 7->7(7)
[2024-07-06T13:07:18.709-0700][info][gc,heap        ] GC(62) Old regions: 990->997
[2024-07-06T13:07:18.709-0700][info][gc,heap        ] GC(62) Archive regions: 2->2
[2024-07-06T13:07:18.709-0700][info][gc,heap        ] GC(62) Humongous regions: 4->4
[2024-07-06T13:07:18.709-0700][info][gc,metaspace   ] GC(62) Metaspace: 302K(512K)->302K(512K) NonClass: 295K(384K)->295K(384K) Class: 7K(128K)->7K(128K)
[2024-07-06T13:07:18.709-0700][info][gc             ] GC(62) Pause Young (Prepare Mixed) (G1 Preventive Collection) 4022M->4023M(4096M) 12.801ms
[2024-07-06T13:07:18.709-0700][info][gc,cpu         ] GC(62) User=0.04s Sys=0.01s Real=0.01s
[2024-07-06T13:07:20.373-0700][info][gc,start       ] GC(63) Pause Young (Mixed) (G1 Preventive Collection)
[2024-07-06T13:07:20.373-0700][info][gc,task        ] GC(63) Using 4 workers of 4 for evacuation
[2024-07-06T13:07:20.385-0700][info][gc             ] GC(63) To-space exhausted
[2024-07-06T13:07:20.385-0700][info][gc,phases      ] GC(63)   Pre Evacuate Collection Set: 0.2ms
[2024-07-06T13:07:20.385-0700][info][gc,phases      ] GC(63)   Merge Heap Roots: 0.2ms
[2024-07-06T13:07:20.385-0700][info][gc,phases      ] GC(63)   Evacuate Collection Set: 11.0ms
[2024-07-06T13:07:20.385-0700][info][gc,phases      ] GC(63)   Post Evacuate Collection Set: 0.7ms
[2024-07-06T13:07:20.385-0700][info][gc,phases      ] GC(63)   Other: 0.1ms
[2024-07-06T13:07:20.385-0700][info][gc,heap        ] GC(63) Eden regions: 2->0(48)
[2024-07-06T13:07:20.385-0700][info][gc,heap        ] GC(63) Survivor regions: 7->3(7)
[2024-07-06T13:07:20.385-0700][info][gc,heap        ] GC(63) Old regions: 997->1002
[2024-07-06T13:07:20.385-0700][info][gc,heap        ] GC(63) Archive regions: 2->2
[2024-07-06T13:07:20.385-0700][info][gc,heap        ] GC(63) Humongous regions: 4->4
[2024-07-06T13:07:20.385-0700][info][gc,metaspace   ] GC(63) Metaspace: 302K(512K)->302K(512K) NonClass: 295K(384K)->295K(384K) Class: 7K(128K)->7K(128K)
[2024-07-06T13:07:20.385-0700][info][gc             ] GC(63) Pause Young (Mixed) (G1 Preventive Collection) 4031M->4036M(4096M) 12.262ms
[2024-07-06T13:07:20.385-0700][info][gc,cpu         ] GC(63) User=0.03s Sys=0.01s Real=0.02s
[2024-07-06T13:07:23.719-0700][info][gc,start       ] GC(64) Pause Young (Concurrent Start) (G1 Preventive Collection)
[2024-07-06T13:07:23.719-0700][info][gc,task        ] GC(64) Using 4 workers of 4 for evacuation
[2024-07-06T13:07:23.727-0700][info][gc,phases      ] GC(64)   Pre Evacuate Collection Set: 0.2ms
[2024-07-06T13:07:23.727-0700][info][gc,phases      ] GC(64)   Merge Heap Roots: 0.1ms
[2024-07-06T13:07:23.727-0700][info][gc,phases      ] GC(64)   Evacuate Collection Set: 6.7ms
[2024-07-06T13:07:23.727-0700][info][gc,phases      ] GC(64)   Post Evacuate Collection Set: 0.3ms
[2024-07-06T13:07:23.727-0700][info][gc,phases      ] GC(64)   Other: 0.5ms
[2024-07-06T13:07:23.727-0700][info][gc,heap        ] GC(64) Eden regions: 5->0(44)
[2024-07-06T13:07:23.727-0700][info][gc,heap        ] GC(64) Survivor regions: 3->7(7)
[2024-07-06T13:07:23.727-0700][info][gc,heap        ] GC(64) Old regions: 1002->1003
[2024-07-06T13:07:23.727-0700][info][gc,heap        ] GC(64) Archive regions: 2->2
[2024-07-06T13:07:23.727-0700][info][gc,heap        ] GC(64) Humongous regions: 4->4
[2024-07-06T13:07:23.727-0700][info][gc,metaspace   ] GC(64) Metaspace: 302K(512K)->302K(512K) NonClass: 295K(384K)->295K(384K) Class: 7K(128K)->7K(128K)
[2024-07-06T13:07:23.727-0700][info][gc             ] GC(64) Pause Young (Concurrent Start) (G1 Preventive Collection) 4056M->4055M(4096M) 7.806ms
[2024-07-06T13:07:23.727-0700][info][gc,cpu         ] GC(64) User=0.02s Sys=0.00s Real=0.01s
[2024-07-06T13:07:23.727-0700][info][gc             ] GC(65) Concurrent Mark Cycle
[2024-07-06T13:07:23.727-0700][info][gc,marking     ] GC(65) Concurrent Clear Claimed Marks
[2024-07-06T13:07:23.727-0700][info][gc,marking     ] GC(65) Concurrent Clear Claimed Marks 0.006ms
[2024-07-06T13:07:23.727-0700][info][gc,marking     ] GC(65) Concurrent Scan Root Regions
[2024-07-06T13:07:23.728-0700][info][gc,marking     ] GC(65) Concurrent Scan Root Regions 1.565ms
[2024-07-06T13:07:23.728-0700][info][gc,marking     ] GC(65) Concurrent Mark
[2024-07-06T13:07:23.728-0700][info][gc,marking     ] GC(65) Concurrent Mark From Roots
[2024-07-06T13:07:23.728-0700][info][gc,task        ] GC(65) Using 1 workers of 1 for marking
[2024-07-06T13:07:24.346-0700][info][gc,marking     ] GC(65) Concurrent Mark From Roots 617.958ms
[2024-07-06T13:07:24.346-0700][info][gc,marking     ] GC(65) Concurrent Preclean
[2024-07-06T13:07:24.346-0700][info][gc,marking     ] GC(65) Concurrent Preclean 0.061ms
[2024-07-06T13:07:26.442-0700][info][gc,start       ] GC(65) Pause Remark
[2024-07-06T13:07:26.444-0700][info][gc             ] GC(65) Pause Remark 4059M->4059M(4096M) 1.360ms
[2024-07-06T13:07:26.444-0700][info][gc,cpu         ] GC(65) User=0.00s Sys=0.00s Real=0.01s
[2024-07-06T13:07:26.444-0700][info][gc,marking     ] GC(65) Concurrent Mark 2715.315ms
[2024-07-06T13:07:26.444-0700][info][gc,marking     ] GC(65) Concurrent Rebuild Remembered Sets
[2024-07-06T13:07:26.723-0700][info][gc,marking     ] GC(65) Concurrent Rebuild Remembered Sets 279.423ms
[2024-07-06T13:07:27.498-0700][info][gc,start       ] GC(65) Pause Cleanup
[2024-07-06T13:07:27.498-0700][info][gc             ] GC(65) Pause Cleanup 4059M->4059M(4096M) 0.460ms
[2024-07-06T13:07:27.498-0700][info][gc,cpu         ] GC(65) User=0.00s Sys=0.00s Real=0.00s
[2024-07-06T13:07:27.498-0700][info][gc,marking     ] GC(65) Concurrent Cleanup for Next Mark
[2024-07-06T13:07:27.504-0700][info][gc,marking     ] GC(65) Concurrent Cleanup for Next Mark 5.763ms
[2024-07-06T13:07:27.504-0700][info][gc             ] GC(65) Concurrent Mark Cycle 3777.207ms
[2024-07-06T13:07:28.202-0700][info][gc,start       ] GC(66) Pause Young (Prepare Mixed) (G1 Preventive Collection)
[2024-07-06T13:07:28.202-0700][info][gc,task        ] GC(66) Using 4 workers of 4 for evacuation
[2024-07-06T13:07:28.211-0700][info][gc             ] GC(66) To-space exhausted
[2024-07-06T13:07:28.211-0700][info][gc,phases      ] GC(66)   Pre Evacuate Collection Set: 0.2ms
[2024-07-06T13:07:28.211-0700][info][gc,phases      ] GC(66)   Merge Heap Roots: 0.1ms
[2024-07-06T13:07:28.211-0700][info][gc,phases      ] GC(66)   Evacuate Collection Set: 8.2ms
[2024-07-06T13:07:28.211-0700][info][gc,phases      ] GC(66)   Post Evacuate Collection Set: 0.8ms
[2024-07-06T13:07:28.211-0700][info][gc,phases      ] GC(66)   Other: 0.1ms
[2024-07-06T13:07:28.211-0700][info][gc,heap        ] GC(66) Eden regions: 1->0(49)
[2024-07-06T13:07:28.211-0700][info][gc,heap        ] GC(66) Survivor regions: 7->2(7)
[2024-07-06T13:07:28.211-0700][info][gc,heap        ] GC(66) Old regions: 1003->1014
[2024-07-06T13:07:28.211-0700][info][gc,heap        ] GC(66) Archive regions: 2->2
[2024-07-06T13:07:28.211-0700][info][gc,heap        ] GC(66) Humongous regions: 4->4
[2024-07-06T13:07:28.211-0700][info][gc,metaspace   ] GC(66) Metaspace: 302K(512K)->302K(512K) NonClass: 295K(384K)->295K(384K) Class: 7K(128K)->7K(128K)
[2024-07-06T13:07:28.211-0700][info][gc             ] GC(66) Pause Young (Prepare Mixed) (G1 Preventive Collection) 4059M->4080M(4096M) 9.442ms
[2024-07-06T13:07:28.211-0700][info][gc,cpu         ] GC(66) User=0.03s Sys=0.01s Real=0.01s
[2024-07-06T13:07:28.212-0700][info][gc,start       ] GC(67) Pause Young (Mixed) (G1 Preventive Collection)
[2024-07-06T13:07:28.212-0700][info][gc,task        ] GC(67) Using 4 workers of 4 for evacuation
[2024-07-06T13:07:28.217-0700][info][gc             ] GC(67) To-space exhausted
[2024-07-06T13:07:28.217-0700][info][gc,phases      ] GC(67)   Pre Evacuate Collection Set: 0.2ms
[2024-07-06T13:07:28.217-0700][info][gc,phases      ] GC(67)   Merge Heap Roots: 0.1ms
[2024-07-06T13:07:28.217-0700][info][gc,phases      ] GC(67)   Evacuate Collection Set: 3.8ms
[2024-07-06T13:07:28.217-0700][info][gc,phases      ] GC(67)   Post Evacuate Collection Set: 1.1ms
[2024-07-06T13:07:28.217-0700][info][gc,phases      ] GC(67)   Other: 0.1ms
[2024-07-06T13:07:28.217-0700][info][gc,heap        ] GC(67) Eden regions: 1->0(51)
[2024-07-06T13:07:28.217-0700][info][gc,heap        ] GC(67) Survivor regions: 2->0(1)
[2024-07-06T13:07:28.217-0700][info][gc,heap        ] GC(67) Old regions: 1014->1017
[2024-07-06T13:07:28.217-0700][info][gc,heap        ] GC(67) Archive regions: 2->2
[2024-07-06T13:07:28.217-0700][info][gc,heap        ] GC(67) Humongous regions: 4->4
[2024-07-06T13:07:28.217-0700][info][gc,metaspace   ] GC(67) Metaspace: 302K(512K)->302K(512K) NonClass: 295K(384K)->295K(384K) Class: 7K(128K)->7K(128K)
[2024-07-06T13:07:28.217-0700][info][gc             ] GC(67) Pause Young (Mixed) (G1 Preventive Collection) 4084M->4084M(4096M) 5.239ms
[2024-07-06T13:07:28.217-0700][info][gc,cpu         ] GC(67) User=0.02s Sys=0.00s Real=0.01s
[2024-07-06T13:07:28.218-0700][info][gc,start       ] GC(68) Pause Young (Concurrent Start) (G1 Evacuation Pause)
[2024-07-06T13:07:28.218-0700][info][gc,task        ] GC(68) Using 4 workers of 4 for evacuation
[2024-07-06T13:07:28.219-0700][info][gc             ] GC(68) To-space exhausted
[2024-07-06T13:07:28.219-0700][info][gc,phases      ] GC(68)   Pre Evacuate Collection Set: 0.2ms
[2024-07-06T13:07:28.219-0700][info][gc,phases      ] GC(68)   Merge Heap Roots: 0.1ms
[2024-07-06T13:07:28.219-0700][info][gc,phases      ] GC(68)   Evacuate Collection Set: 0.7ms
[2024-07-06T13:07:28.219-0700][info][gc,phases      ] GC(68)   Post Evacuate Collection Set: 0.5ms
[2024-07-06T13:07:28.219-0700][info][gc,phases      ] GC(68)   Other: 0.1ms
[2024-07-06T13:07:28.219-0700][info][gc,heap        ] GC(68) Eden regions: 1->0(51)
[2024-07-06T13:07:28.219-0700][info][gc,heap        ] GC(68) Survivor regions: 0->0(0)
[2024-07-06T13:07:28.219-0700][info][gc,heap        ] GC(68) Old regions: 1017->1018
[2024-07-06T13:07:28.219-0700][info][gc,heap        ] GC(68) Archive regions: 2->2
[2024-07-06T13:07:28.219-0700][info][gc,heap        ] GC(68) Humongous regions: 4->4
[2024-07-06T13:07:28.219-0700][info][gc,metaspace   ] GC(68) Metaspace: 302K(512K)->302K(512K) NonClass: 295K(384K)->295K(384K) Class: 7K(128K)->7K(128K)
[2024-07-06T13:07:28.219-0700][info][gc             ] GC(68) Pause Young (Concurrent Start) (G1 Evacuation Pause) 4088M->4088M(4096M) 1.510ms
[2024-07-06T13:07:28.219-0700][info][gc,cpu         ] GC(68) User=0.00s Sys=0.00s Real=0.00s
[2024-07-06T13:07:28.219-0700][info][gc,ergo        ] Attempting full compaction
[2024-07-06T13:07:28.219-0700][info][gc             ] GC(69) Concurrent Mark Cycle
[2024-07-06T13:07:28.219-0700][info][gc,marking     ] GC(69) Concurrent Clear Claimed Marks
[2024-07-06T13:07:28.219-0700][info][gc,marking     ] GC(69) Concurrent Clear Claimed Marks 0.030ms
[2024-07-06T13:07:28.219-0700][info][gc,marking     ] GC(69) Concurrent Scan Root Regions
[2024-07-06T13:07:28.219-0700][info][gc,marking     ] GC(69) Concurrent Scan Root Regions 0.029ms
[2024-07-06T13:07:28.219-0700][info][gc,marking     ] GC(69) Concurrent Mark
[2024-07-06T13:07:28.219-0700][info][gc,marking     ] GC(69) Concurrent Mark From Roots
[2024-07-06T13:07:28.219-0700][info][gc,task        ] GC(69) Using 1 workers of 1 for marking
[2024-07-06T13:07:28.219-0700][info][gc,task        ] GC(70) Using 4 workers of 4 for full compaction
[2024-07-06T13:07:28.219-0700][info][gc,start       ] GC(70) Pause Full (G1 Compaction Pause)
[2024-07-06T13:07:28.222-0700][info][gc,phases,start] GC(70) Phase 1: Mark live objects
[2024-07-06T13:07:28.313-0700][info][gc,phases      ] GC(70) Phase 1: Mark live objects 90.373ms
[2024-07-06T13:07:28.313-0700][info][gc,phases,start] GC(70) Phase 2: Prepare for compaction
[2024-07-06T13:07:28.382-0700][info][gc,phases      ] GC(70) Phase 2: Prepare for compaction 69.643ms
[2024-07-06T13:07:28.382-0700][info][gc,phases,start] GC(70) Phase 3: Adjust pointers
[2024-07-06T13:07:28.474-0700][info][gc,phases      ] GC(70) Phase 3: Adjust pointers 91.678ms
[2024-07-06T13:07:28.474-0700][info][gc,phases,start] GC(70) Phase 4: Compact heap
[2024-07-06T13:07:28.898-0700][info][gc,phases      ] GC(70) Phase 4: Compact heap 424.303ms
[2024-07-06T13:07:28.901-0700][info][gc,heap        ] GC(70) Eden regions: 0->0(51)
[2024-07-06T13:07:28.902-0700][info][gc,heap        ] GC(70) Survivor regions: 0->0(0)
[2024-07-06T13:07:28.902-0700][info][gc,heap        ] GC(70) Old regions: 1018->901
[2024-07-06T13:07:28.902-0700][info][gc,heap        ] GC(70) Archive regions: 2->2
[2024-07-06T13:07:28.902-0700][info][gc,heap        ] GC(70) Humongous regions: 4->4
[2024-07-06T13:07:28.902-0700][info][gc,metaspace   ] GC(70) Metaspace: 302K(512K)->302K(512K) NonClass: 295K(384K)->295K(384K) Class: 7K(128K)->7K(128K)
[2024-07-06T13:07:28.902-0700][info][gc             ] GC(70) Pause Full (G1 Compaction Pause) 4088M->3616M(4096M) 682.161ms
[2024-07-06T13:07:28.902-0700][info][gc,cpu         ] GC(70) User=2.62s Sys=0.00s Real=0.68s
[2024-07-06T13:07:28.902-0700][info][gc,marking     ] GC(69) Concurrent Mark From Roots 682.451ms
[2024-07-06T13:07:28.902-0700][info][gc,marking     ] GC(69) Concurrent Mark Abort
[2024-07-06T13:07:28.902-0700][info][gc             ] GC(69) Concurrent Mark Cycle 682.666ms
[2024-07-06T13:08:07.153-0700][info][gc,start       ] GC(71) Pause Young (Normal) (G1 Evacuation Pause)
[2024-07-06T13:08:07.153-0700][info][gc,task        ] GC(71) Using 4 workers of 4 for evacuation
[2024-07-06T13:08:07.202-0700][info][gc,phases      ] GC(71)   Pre Evacuate Collection Set: 0.2ms
[2024-07-06T13:08:07.202-0700][info][gc,phases      ] GC(71)   Merge Heap Roots: 0.1ms
[2024-07-06T13:08:07.202-0700][info][gc,phases      ] GC(71)   Evacuate Collection Set: 47.8ms
[2024-07-06T13:08:07.202-0700][info][gc,phases      ] GC(71)   Post Evacuate Collection Set: 0.4ms
[2024-07-06T13:08:07.202-0700][info][gc,phases      ] GC(71)   Other: 0.1ms
[2024-07-06T13:08:07.202-0700][info][gc,heap        ] GC(71) Eden regions: 51->0(44)
[2024-07-06T13:08:07.202-0700][info][gc,heap        ] GC(71) Survivor regions: 0->7(7)
[2024-07-06T13:08:07.202-0700][info][gc,heap        ] GC(71) Old regions: 901->945
[2024-07-06T13:08:07.202-0700][info][gc,heap        ] GC(71) Archive regions: 2->2
[2024-07-06T13:08:07.202-0700][info][gc,heap        ] GC(71) Humongous regions: 4->4
[2024-07-06T13:08:07.202-0700][info][gc,metaspace   ] GC(71) Metaspace: 302K(512K)->302K(512K) NonClass: 295K(384K)->295K(384K) Class: 7K(128K)->7K(128K)
[2024-07-06T13:08:07.202-0700][info][gc             ] GC(71) Pause Young (Normal) (G1 Evacuation Pause) 3820M->3818M(4096M) 48.684ms
[2024-07-06T13:08:07.202-0700][info][gc,cpu         ] GC(71) User=0.14s Sys=0.04s Real=0.05s
[2024-07-06T13:08:29.339-0700][info][gc,start       ] GC(72) Pause Young (Concurrent Start) (G1 Preventive Collection)
[2024-07-06T13:08:29.339-0700][info][gc,task        ] GC(72) Using 4 workers of 4 for evacuation
[2024-07-06T13:08:29.377-0700][info][gc             ] GC(72) To-space exhausted
[2024-07-06T13:08:29.377-0700][info][gc,phases      ] GC(72)   Pre Evacuate Collection Set: 0.2ms
[2024-07-06T13:08:29.377-0700][info][gc,phases      ] GC(72)   Merge Heap Roots: 0.2ms
[2024-07-06T13:08:29.377-0700][info][gc,phases      ] GC(72)   Evacuate Collection Set: 36.1ms
[2024-07-06T13:08:29.377-0700][info][gc,phases      ] GC(72)   Post Evacuate Collection Set: 0.9ms
[2024-07-06T13:08:29.377-0700][info][gc,phases      ] GC(72)   Other: 0.5ms
[2024-07-06T13:08:29.377-0700][info][gc,heap        ] GC(72) Eden regions: 31->0(44)
[2024-07-06T13:08:29.377-0700][info][gc,heap        ] GC(72) Survivor regions: 7->7(7)
[2024-07-06T13:08:29.377-0700][info][gc,heap        ] GC(72) Old regions: 945->978
[2024-07-06T13:08:29.377-0700][info][gc,heap        ] GC(72) Archive regions: 2->2
[2024-07-06T13:08:29.377-0700][info][gc,heap        ] GC(72) Humongous regions: 4->4
[2024-07-06T13:08:29.377-0700][info][gc,metaspace   ] GC(72) Metaspace: 302K(512K)->302K(512K) NonClass: 295K(384K)->295K(384K) Class: 7K(128K)->7K(128K)
[2024-07-06T13:08:29.377-0700][info][gc             ] GC(72) Pause Young (Concurrent Start) (G1 Preventive Collection) 3942M->3952M(4096M) 37.859ms
[2024-07-06T13:08:29.377-0700][info][gc,cpu         ] GC(72) User=0.11s Sys=0.02s Real=0.04s
[2024-07-06T13:08:29.377-0700][info][gc             ] GC(73) Concurrent Mark Cycle
[2024-07-06T13:08:29.377-0700][info][gc,marking     ] GC(73) Concurrent Clear Claimed Marks
[2024-07-06T13:08:29.377-0700][info][gc,marking     ] GC(73) Concurrent Clear Claimed Marks 0.007ms
[2024-07-06T13:08:29.377-0700][info][gc,marking     ] GC(73) Concurrent Scan Root Regions
[2024-07-06T13:08:29.385-0700][info][gc,marking     ] GC(73) Concurrent Scan Root Regions 7.630ms
[2024-07-06T13:08:29.385-0700][info][gc,marking     ] GC(73) Concurrent Mark
[2024-07-06T13:08:29.385-0700][info][gc,marking     ] GC(73) Concurrent Mark From Roots
[2024-07-06T13:08:29.385-0700][info][gc,task        ] GC(73) Using 1 workers of 1 for marking
[2024-07-06T13:08:29.941-0700][info][gc,marking     ] GC(73) Concurrent Mark From Roots 556.229ms
[2024-07-06T13:08:29.941-0700][info][gc,marking     ] GC(73) Concurrent Preclean
[2024-07-06T13:08:29.941-0700][info][gc,marking     ] GC(73) Concurrent Preclean 0.077ms
[2024-07-06T13:08:34.272-0700][info][gc,start       ] GC(73) Pause Remark
[2024-07-06T13:08:34.273-0700][info][gc             ] GC(73) Pause Remark 3954M->3954M(4096M) 0.877ms
[2024-07-06T13:08:34.273-0700][info][gc,cpu         ] GC(73) User=0.00s Sys=0.00s Real=0.00s
[2024-07-06T13:08:34.273-0700][info][gc,marking     ] GC(73) Concurrent Mark 4887.965ms
[2024-07-06T13:08:34.273-0700][info][gc,marking     ] GC(73) Concurrent Rebuild Remembered Sets
[2024-07-06T13:08:34.532-0700][info][gc,marking     ] GC(73) Concurrent Rebuild Remembered Sets 258.717ms
[2024-07-06T13:08:35.779-0700][info][gc,start       ] GC(73) Pause Cleanup
[2024-07-06T13:08:35.780-0700][info][gc             ] GC(73) Pause Cleanup 3954M->3954M(4096M) 0.460ms
[2024-07-06T13:08:35.780-0700][info][gc,cpu         ] GC(73) User=0.00s Sys=0.00s Real=0.00s
[2024-07-06T13:08:35.780-0700][info][gc,marking     ] GC(73) Concurrent Cleanup for Next Mark
[2024-07-06T13:08:35.785-0700][info][gc,marking     ] GC(73) Concurrent Cleanup for Next Mark 5.530ms
[2024-07-06T13:08:35.786-0700][info][gc             ] GC(73) Concurrent Mark Cycle 6408.296ms
[2024-07-06T13:08:43.623-0700][info][gc,start       ] GC(74) Pause Young (Normal) (G1 Preventive Collection)
[2024-07-06T13:08:43.623-0700][info][gc,task        ] GC(74) Using 4 workers of 4 for evacuation
[2024-07-06T13:08:43.642-0700][info][gc,phases      ] GC(74)   Pre Evacuate Collection Set: 0.2ms
[2024-07-06T13:08:43.642-0700][info][gc,phases      ] GC(74)   Merge Heap Roots: 0.2ms
[2024-07-06T13:08:43.642-0700][info][gc,phases      ] GC(74)   Evacuate Collection Set: 18.4ms
[2024-07-06T13:08:43.642-0700][info][gc,phases      ] GC(74)   Post Evacuate Collection Set: 0.4ms
[2024-07-06T13:08:43.642-0700][info][gc,phases      ] GC(74)   Other: 0.1ms
[2024-07-06T13:08:43.642-0700][info][gc,heap        ] GC(74) Eden regions: 12->0(44)
[2024-07-06T13:08:43.642-0700][info][gc,heap        ] GC(74) Survivor regions: 7->7(7)
[2024-07-06T13:08:43.642-0700][info][gc,heap        ] GC(74) Old regions: 978->990
[2024-07-06T13:08:43.642-0700][info][gc,heap        ] GC(74) Archive regions: 2->2
[2024-07-06T13:08:43.643-0700][info][gc,heap        ] GC(74) Humongous regions: 4->4
[2024-07-06T13:08:43.643-0700][info][gc,metaspace   ] GC(74) Metaspace: 302K(512K)->302K(512K) NonClass: 295K(384K)->295K(384K) Class: 7K(128K)->7K(128K)
[2024-07-06T13:08:43.643-0700][info][gc             ] GC(74) Pause Young (Normal) (G1 Preventive Collection) 4000M->4000M(4096M) 19.360ms
[2024-07-06T13:08:43.643-0700][info][gc,cpu         ] GC(74) User=0.05s Sys=0.01s Real=0.01s
[2024-07-06T13:08:49.596-0700][info][gc,start       ] GC(75) Pause Young (Concurrent Start) (G1 Preventive Collection)
[2024-07-06T13:08:49.596-0700][info][gc,task        ] GC(75) Using 4 workers of 4 for evacuation
[2024-07-06T13:08:49.612-0700][info][gc,phases      ] GC(75)   Pre Evacuate Collection Set: 0.2ms
[2024-07-06T13:08:49.612-0700][info][gc,phases      ] GC(75)   Merge Heap Roots: 0.1ms
[2024-07-06T13:08:49.612-0700][info][gc,phases      ] GC(75)   Evacuate Collection Set: 15.4ms
[2024-07-06T13:08:49.612-0700][info][gc,phases      ] GC(75)   Post Evacuate Collection Set: 0.4ms
[2024-07-06T13:08:49.612-0700][info][gc,phases      ] GC(75)   Other: 0.1ms
[2024-07-06T13:08:49.612-0700][info][gc,heap        ] GC(75) Eden regions: 6->0(44)
[2024-07-06T13:08:49.612-0700][info][gc,heap        ] GC(75) Survivor regions: 7->7(7)
[2024-07-06T13:08:49.612-0700][info][gc,heap        ] GC(75) Old regions: 990->997
[2024-07-06T13:08:49.612-0700][info][gc,heap        ] GC(75) Archive regions: 2->2
[2024-07-06T13:08:49.612-0700][info][gc,heap        ] GC(75) Humongous regions: 4->4
[2024-07-06T13:08:49.612-0700][info][gc,metaspace   ] GC(75) Metaspace: 302K(512K)->302K(512K) NonClass: 295K(384K)->295K(384K) Class: 7K(128K)->7K(128K)
[2024-07-06T13:08:49.612-0700][info][gc             ] GC(75) Pause Young (Concurrent Start) (G1 Preventive Collection) 4024M->4027M(4096M) 16.385ms
[2024-07-06T13:08:49.612-0700][info][gc,cpu         ] GC(75) User=0.06s Sys=0.00s Real=0.01s
[2024-07-06T13:08:49.612-0700][info][gc             ] GC(76) Concurrent Mark Cycle
[2024-07-06T13:08:49.612-0700][info][gc,marking     ] GC(76) Concurrent Clear Claimed Marks
[2024-07-06T13:08:49.612-0700][info][gc,marking     ] GC(76) Concurrent Clear Claimed Marks 0.007ms
[2024-07-06T13:08:49.612-0700][info][gc,marking     ] GC(76) Concurrent Scan Root Regions
[2024-07-06T13:08:49.615-0700][info][gc,marking     ] GC(76) Concurrent Scan Root Regions 2.944ms
[2024-07-06T13:08:49.615-0700][info][gc,marking     ] GC(76) Concurrent Mark
[2024-07-06T13:08:49.615-0700][info][gc,marking     ] GC(76) Concurrent Mark From Roots
[2024-07-06T13:08:49.615-0700][info][gc,task        ] GC(76) Using 1 workers of 1 for marking
[2024-07-06T13:08:50.196-0700][info][gc,marking     ] GC(76) Concurrent Mark From Roots 580.364ms
[2024-07-06T13:08:50.196-0700][info][gc,marking     ] GC(76) Concurrent Preclean
[2024-07-06T13:08:50.196-0700][info][gc,marking     ] GC(76) Concurrent Preclean 0.060ms
[2024-07-06T13:09:16.411-0700][info][gc,start       ] GC(76) Pause Remark
[2024-07-06T13:09:16.412-0700][info][gc             ] GC(76) Pause Remark 4035M->4035M(4096M) 0.760ms
[2024-07-06T13:09:16.412-0700][info][gc,cpu         ] GC(76) User=0.00s Sys=0.00s Real=0.00s
[2024-07-06T13:09:16.412-0700][info][gc,marking     ] GC(76) Concurrent Mark 26796.817ms
[2024-07-06T13:09:16.412-0700][info][gc,marking     ] GC(76) Concurrent Rebuild Remembered Sets
[2024-07-06T13:09:16.671-0700][info][gc,marking     ] GC(76) Concurrent Rebuild Remembered Sets 258.893ms
[2024-07-06T13:09:16.738-0700][info][gc,start       ] GC(76) Pause Cleanup
[2024-07-06T13:09:16.739-0700][info][gc             ] GC(76) Pause Cleanup 4035M->4035M(4096M) 0.384ms
[2024-07-06T13:09:16.739-0700][info][gc,cpu         ] GC(76) User=0.00s Sys=0.00s Real=0.00s
[2024-07-06T13:09:16.739-0700][info][gc,marking     ] GC(76) Concurrent Cleanup for Next Mark
[2024-07-06T13:09:16.745-0700][info][gc,marking     ] GC(76) Concurrent Cleanup for Next Mark 6.393ms
[2024-07-06T13:09:16.745-0700][info][gc             ] GC(76) Concurrent Mark Cycle 27133.149ms
[2024-07-06T13:09:17.717-0700][info][gc,start       ] GC(77) Pause Young (Normal) (G1 Preventive Collection)
[2024-07-06T13:09:17.717-0700][info][gc,task        ] GC(77) Using 4 workers of 4 for evacuation
[2024-07-06T13:09:17.727-0700][info][gc,phases      ] GC(77)   Pre Evacuate Collection Set: 0.2ms
[2024-07-06T13:09:17.727-0700][info][gc,phases      ] GC(77)   Merge Heap Roots: 0.2ms
[2024-07-06T13:09:17.727-0700][info][gc,phases      ] GC(77)   Evacuate Collection Set: 8.9ms
[2024-07-06T13:09:17.727-0700][info][gc,phases      ] GC(77)   Post Evacuate Collection Set: 0.3ms
[2024-07-06T13:09:17.727-0700][info][gc,phases      ] GC(77)   Other: 0.1ms
[2024-07-06T13:09:17.727-0700][info][gc,heap        ] GC(77) Eden regions: 3->0(47)
[2024-07-06T13:09:17.727-0700][info][gc,heap        ] GC(77) Survivor regions: 7->4(7)
[2024-07-06T13:09:17.727-0700][info][gc,heap        ] GC(77) Old regions: 997->1003
[2024-07-06T13:09:17.727-0700][info][gc,heap        ] GC(77) Archive regions: 2->2
[2024-07-06T13:09:17.727-0700][info][gc,heap        ] GC(77) Humongous regions: 4->4
[2024-07-06T13:09:17.727-0700][info][gc,metaspace   ] GC(77) Metaspace: 302K(512K)->302K(512K) NonClass: 295K(384K)->295K(384K) Class: 7K(128K)->7K(128K)
[2024-07-06T13:09:17.727-0700][info][gc             ] GC(77) Pause Young (Normal) (G1 Preventive Collection) 4039M->4038M(4096M) 9.736ms
[2024-07-06T13:09:17.727-0700][info][gc,cpu         ] GC(77) User=0.03s Sys=0.00s Real=0.01s
[2024-07-06T13:09:19.589-0700][info][gc,start       ] GC(78) Pause Young (Concurrent Start) (G1 Preventive Collection)
[2024-07-06T13:09:19.589-0700][info][gc,task        ] GC(78) Using 4 workers of 4 for evacuation
[2024-07-06T13:09:19.596-0700][info][gc,phases      ] GC(78)   Pre Evacuate Collection Set: 0.2ms
[2024-07-06T13:09:19.596-0700][info][gc,phases      ] GC(78)   Merge Heap Roots: 0.1ms
[2024-07-06T13:09:19.596-0700][info][gc,phases      ] GC(78)   Evacuate Collection Set: 6.8ms
[2024-07-06T13:09:19.596-0700][info][gc,phases      ] GC(78)   Post Evacuate Collection Set: 0.3ms
[2024-07-06T13:09:19.596-0700][info][gc,phases      ] GC(78)   Other: 0.2ms
[2024-07-06T13:09:19.596-0700][info][gc,heap        ] GC(78) Eden regions: 3->0(44)
[2024-07-06T13:09:19.596-0700][info][gc,heap        ] GC(78) Survivor regions: 4->7(7)
[2024-07-06T13:09:19.596-0700][info][gc,heap        ] GC(78) Old regions: 1003->1003
[2024-07-06T13:09:19.596-0700][info][gc,heap        ] GC(78) Archive regions: 2->2
[2024-07-06T13:09:19.596-0700][info][gc,heap        ] GC(78) Humongous regions: 4->4
[2024-07-06T13:09:19.596-0700][info][gc,metaspace   ] GC(78) Metaspace: 302K(512K)->302K(512K) NonClass: 295K(384K)->295K(384K) Class: 7K(128K)->7K(128K)
[2024-07-06T13:09:19.596-0700][info][gc             ] GC(78) Pause Young (Concurrent Start) (G1 Preventive Collection) 4050M->4050M(4096M) 7.583ms
[2024-07-06T13:09:19.596-0700][info][gc,cpu         ] GC(78) User=0.02s Sys=0.00s Real=0.01s
[2024-07-06T13:09:19.596-0700][info][gc             ] GC(79) Concurrent Mark Cycle
[2024-07-06T13:09:19.596-0700][info][gc,marking     ] GC(79) Concurrent Clear Claimed Marks
[2024-07-06T13:09:19.596-0700][info][gc,marking     ] GC(79) Concurrent Clear Claimed Marks 0.006ms
[2024-07-06T13:09:19.596-0700][info][gc,marking     ] GC(79) Concurrent Scan Root Regions
[2024-07-06T13:09:19.598-0700][info][gc,marking     ] GC(79) Concurrent Scan Root Regions 1.497ms
[2024-07-06T13:09:19.598-0700][info][gc,marking     ] GC(79) Concurrent Mark
[2024-07-06T13:09:19.598-0700][info][gc,marking     ] GC(79) Concurrent Mark From Roots
[2024-07-06T13:09:19.598-0700][info][gc,task        ] GC(79) Using 1 workers of 1 for marking
[2024-07-06T13:09:20.187-0700][info][gc,marking     ] GC(79) Concurrent Mark From Roots 589.158ms
[2024-07-06T13:09:20.187-0700][info][gc,marking     ] GC(79) Concurrent Preclean
[2024-07-06T13:09:20.187-0700][info][gc,marking     ] GC(79) Concurrent Preclean 0.060ms
[2024-07-06T13:09:37.310-0700][info][gc,start       ] GC(79) Pause Remark
[2024-07-06T13:09:37.311-0700][info][gc             ] GC(79) Pause Remark 4054M->4054M(4096M) 1.038ms
[2024-07-06T13:09:37.311-0700][info][gc,cpu         ] GC(79) User=0.01s Sys=0.00s Real=0.00s
[2024-07-06T13:09:37.311-0700][info][gc,marking     ] GC(79) Concurrent Mark 17713.433ms
[2024-07-06T13:09:37.311-0700][info][gc,marking     ] GC(79) Concurrent Rebuild Remembered Sets
[2024-07-06T13:09:37.678-0700][info][gc,marking     ] GC(79) Concurrent Rebuild Remembered Sets 366.191ms
[2024-07-06T13:09:37.791-0700][info][gc,start       ] GC(79) Pause Cleanup
[2024-07-06T13:09:37.791-0700][info][gc             ] GC(79) Pause Cleanup 4054M->4054M(4096M) 0.429ms
[2024-07-06T13:09:37.791-0700][info][gc,cpu         ] GC(79) User=0.00s Sys=0.00s Real=0.00s
[2024-07-06T13:09:37.791-0700][info][gc,marking     ] GC(79) Concurrent Cleanup for Next Mark
[2024-07-06T13:09:37.797-0700][info][gc,marking     ] GC(79) Concurrent Cleanup for Next Mark 5.762ms
[2024-07-06T13:09:37.797-0700][info][gc             ] GC(79) Concurrent Mark Cycle 18200.629ms
[2024-07-06T13:09:39.097-0700][info][gc,start       ] GC(80) Pause Young (Normal) (G1 Preventive Collection)
[2024-07-06T13:09:39.097-0700][info][gc,task        ] GC(80) Using 4 workers of 4 for evacuation
[2024-07-06T13:09:39.106-0700][info][gc,phases      ] GC(80)   Pre Evacuate Collection Set: 0.2ms
[2024-07-06T13:09:39.106-0700][info][gc,phases      ] GC(80)   Merge Heap Roots: 0.1ms
[2024-07-06T13:09:39.106-0700][info][gc,phases      ] GC(80)   Evacuate Collection Set: 7.6ms
[2024-07-06T13:09:39.106-0700][info][gc,phases      ] GC(80)   Post Evacuate Collection Set: 0.8ms
[2024-07-06T13:09:39.106-0700][info][gc,phases      ] GC(80)   Other: 0.2ms
[2024-07-06T13:09:39.106-0700][info][gc,heap        ] GC(80) Eden regions: 1->0(47)
[2024-07-06T13:09:39.106-0700][info][gc,heap        ] GC(80) Survivor regions: 7->4(7)
[2024-07-06T13:09:39.106-0700][info][gc,heap        ] GC(80) Old regions: 1003->1006
[2024-07-06T13:09:39.106-0700][info][gc,heap        ] GC(80) Archive regions: 2->2
[2024-07-06T13:09:39.106-0700][info][gc,heap        ] GC(80) Humongous regions: 4->4
[2024-07-06T13:09:39.106-0700][info][gc,metaspace   ] GC(80) Metaspace: 302K(512K)->302K(512K) NonClass: 295K(384K)->295K(384K) Class: 7K(128K)->7K(128K)
[2024-07-06T13:09:39.106-0700][info][gc             ] GC(80) Pause Young (Normal) (G1 Preventive Collection) 4054M->4052M(4096M) 9.031ms
[2024-07-06T13:09:39.106-0700][info][gc,cpu         ] GC(80) User=0.04s Sys=0.00s Real=0.01s
[2024-07-06T13:09:39.106-0700][info][gc,start       ] GC(81) Pause Young (Concurrent Start) (G1 Preventive Collection)
[2024-07-06T13:09:39.106-0700][info][gc,task        ] GC(81) Using 4 workers of 4 for evacuation
[2024-07-06T13:09:39.111-0700][info][gc,phases      ] GC(81)   Pre Evacuate Collection Set: 0.1ms
[2024-07-06T13:09:39.111-0700][info][gc,phases      ] GC(81)   Merge Heap Roots: 0.1ms
[2024-07-06T13:09:39.111-0700][info][gc,phases      ] GC(81)   Evacuate Collection Set: 3.7ms
[2024-07-06T13:09:39.111-0700][info][gc,phases      ] GC(81)   Post Evacuate Collection Set: 0.2ms
[2024-07-06T13:09:39.111-0700][info][gc,phases      ] GC(81)   Other: 0.1ms
[2024-07-06T13:09:39.111-0700][info][gc,heap        ] GC(81) Eden regions: 1->0(48)
[2024-07-06T13:09:39.111-0700][info][gc,heap        ] GC(81) Survivor regions: 4->3(7)
[2024-07-06T13:09:39.111-0700][info][gc,heap        ] GC(81) Old regions: 1006->1009
[2024-07-06T13:09:39.111-0700][info][gc,heap        ] GC(81) Archive regions: 2->2
[2024-07-06T13:09:39.111-0700][info][gc,heap        ] GC(81) Humongous regions: 4->4
[2024-07-06T13:09:39.111-0700][info][gc,metaspace   ] GC(81) Metaspace: 302K(512K)->302K(512K) NonClass: 295K(384K)->295K(384K) Class: 7K(128K)->7K(128K)
[2024-07-06T13:09:39.111-0700][info][gc             ] GC(81) Pause Young (Concurrent Start) (G1 Preventive Collection) 4056M->4056M(4096M) 4.275ms
[2024-07-06T13:09:39.111-0700][info][gc,cpu         ] GC(81) User=0.01s Sys=0.00s Real=0.00s
[2024-07-06T13:09:39.111-0700][info][gc             ] GC(82) Concurrent Mark Cycle
[2024-07-06T13:09:39.111-0700][info][gc,marking     ] GC(82) Concurrent Clear Claimed Marks
[2024-07-06T13:09:39.111-0700][info][gc,marking     ] GC(82) Concurrent Clear Claimed Marks 0.006ms
[2024-07-06T13:09:39.111-0700][info][gc,marking     ] GC(82) Concurrent Scan Root Regions
[2024-07-06T13:09:39.112-0700][info][gc,marking     ] GC(82) Concurrent Scan Root Regions 1.030ms
[2024-07-06T13:09:39.112-0700][info][gc,marking     ] GC(82) Concurrent Mark
[2024-07-06T13:09:39.112-0700][info][gc,marking     ] GC(82) Concurrent Mark From Roots
[2024-07-06T13:09:39.112-0700][info][gc,task        ] GC(82) Using 1 workers of 1 for marking
[2024-07-06T13:09:39.112-0700][info][gc,start       ] GC(83) Pause Young (Normal) (G1 Preventive Collection)
[2024-07-06T13:09:39.112-0700][info][gc,task        ] GC(83) Using 4 workers of 4 for evacuation
[2024-07-06T13:09:39.115-0700][info][gc,phases      ] GC(83)   Pre Evacuate Collection Set: 0.6ms
[2024-07-06T13:09:39.115-0700][info][gc,phases      ] GC(83)   Merge Heap Roots: 0.1ms
[2024-07-06T13:09:39.115-0700][info][gc,phases      ] GC(83)   Evacuate Collection Set: 2.6ms
[2024-07-06T13:09:39.115-0700][info][gc,phases      ] GC(83)   Post Evacuate Collection Set: 0.3ms
[2024-07-06T13:09:39.115-0700][info][gc,phases      ] GC(83)   Other: 0.1ms
[2024-07-06T13:09:39.115-0700][info][gc,heap        ] GC(83) Eden regions: 1->0(47)
[2024-07-06T13:09:39.115-0700][info][gc,heap        ] GC(83) Survivor regions: 3->4(5)
[2024-07-06T13:09:39.115-0700][info][gc,heap        ] GC(83) Old regions: 1009->1009
[2024-07-06T13:09:39.115-0700][info][gc,heap        ] GC(83) Archive regions: 2->2
[2024-07-06T13:09:39.115-0700][info][gc,heap        ] GC(83) Humongous regions: 4->4
[2024-07-06T13:09:39.115-0700][info][gc,metaspace   ] GC(83) Metaspace: 302K(512K)->302K(512K) NonClass: 295K(384K)->295K(384K) Class: 7K(128K)->7K(128K)
[2024-07-06T13:09:39.115-0700][info][gc             ] GC(83) Pause Young (Normal) (G1 Preventive Collection) 4060M->4060M(4096M) 3.378ms
[2024-07-06T13:09:39.115-0700][info][gc,cpu         ] GC(83) User=0.01s Sys=0.00s Real=0.01s
[2024-07-06T13:09:39.662-0700][info][gc,marking     ] GC(82) Concurrent Mark From Roots 550.451ms
[2024-07-06T13:09:39.662-0700][info][gc,marking     ] GC(82) Concurrent Preclean
[2024-07-06T13:09:39.662-0700][info][gc,marking     ] GC(82) Concurrent Preclean 0.060ms
[2024-07-06T13:09:39.877-0700][info][gc,start       ] GC(82) Pause Remark
[2024-07-06T13:09:39.878-0700][info][gc             ] GC(82) Pause Remark 4062M->4062M(4096M) 0.813ms
[2024-07-06T13:09:39.878-0700][info][gc,cpu         ] GC(82) User=0.00s Sys=0.00s Real=0.00s
[2024-07-06T13:09:39.878-0700][info][gc,marking     ] GC(82) Concurrent Mark 766.028ms
[2024-07-06T13:09:39.878-0700][info][gc,marking     ] GC(82) Concurrent Rebuild Remembered Sets
[2024-07-06T13:09:40.162-0700][info][gc,marking     ] GC(82) Concurrent Rebuild Remembered Sets 283.876ms
[2024-07-06T13:09:40.781-0700][info][gc,start       ] GC(82) Pause Cleanup
[2024-07-06T13:09:40.781-0700][info][gc             ] GC(82) Pause Cleanup 4062M->4062M(4096M) 0.431ms
[2024-07-06T13:09:40.781-0700][info][gc,cpu         ] GC(82) User=0.00s Sys=0.00s Real=0.00s
[2024-07-06T13:09:40.781-0700][info][gc,marking     ] GC(82) Concurrent Cleanup for Next Mark
[2024-07-06T13:09:40.787-0700][info][gc,marking     ] GC(82) Concurrent Cleanup for Next Mark 5.653ms
[2024-07-06T13:09:40.787-0700][info][gc             ] GC(82) Concurrent Mark Cycle 1676.219ms
[2024-07-06T13:09:41.831-0700][info][gc,start       ] GC(84) Pause Young (Normal) (G1 Preventive Collection)
[2024-07-06T13:09:41.831-0700][info][gc,task        ] GC(84) Using 4 workers of 4 for evacuation
[2024-07-06T13:09:41.837-0700][info][gc,phases      ] GC(84)   Pre Evacuate Collection Set: 0.2ms
[2024-07-06T13:09:41.837-0700][info][gc,phases      ] GC(84)   Merge Heap Roots: 0.1ms
[2024-07-06T13:09:41.837-0700][info][gc,phases      ] GC(84)   Evacuate Collection Set: 5.2ms
[2024-07-06T13:09:41.837-0700][info][gc,phases      ] GC(84)   Post Evacuate Collection Set: 0.3ms
[2024-07-06T13:09:41.837-0700][info][gc,phases      ] GC(84)   Other: 0.1ms
[2024-07-06T13:09:41.837-0700][info][gc,heap        ] GC(84) Eden regions: 1->0(47)
[2024-07-06T13:09:41.837-0700][info][gc,heap        ] GC(84) Survivor regions: 4->4(4)
[2024-07-06T13:09:41.837-0700][info][gc,heap        ] GC(84) Old regions: 1009->1009
[2024-07-06T13:09:41.837-0700][info][gc,heap        ] GC(84) Archive regions: 2->2
[2024-07-06T13:09:41.837-0700][info][gc,heap        ] GC(84) Humongous regions: 4->4
[2024-07-06T13:09:41.837-0700][info][gc,metaspace   ] GC(84) Metaspace: 302K(512K)->302K(512K) NonClass: 295K(384K)->295K(384K) Class: 7K(128K)->7K(128K)
[2024-07-06T13:09:41.837-0700][info][gc             ] GC(84) Pause Young (Normal) (G1 Preventive Collection) 4064M->4064M(4096M) 6.031ms
[2024-07-06T13:09:41.837-0700][info][gc,cpu         ] GC(84) User=0.02s Sys=0.00s Real=0.01s
[2024-07-06T13:09:41.837-0700][info][gc,start       ] GC(85) Pause Young (Concurrent Start) (G1 Preventive Collection)
[2024-07-06T13:09:41.837-0700][info][gc,task        ] GC(85) Using 4 workers of 4 for evacuation
[2024-07-06T13:09:41.842-0700][info][gc             ] GC(85) To-space exhausted
[2024-07-06T13:09:41.842-0700][info][gc,phases      ] GC(85)   Pre Evacuate Collection Set: 0.2ms
[2024-07-06T13:09:41.842-0700][info][gc,phases      ] GC(85)   Merge Heap Roots: 0.1ms
[2024-07-06T13:09:41.842-0700][info][gc,phases      ] GC(85)   Evacuate Collection Set: 3.2ms
[2024-07-06T13:09:41.842-0700][info][gc,phases      ] GC(85)   Post Evacuate Collection Set: 0.5ms
[2024-07-06T13:09:41.842-0700][info][gc,phases      ] GC(85)   Other: 0.1ms
[2024-07-06T13:09:41.842-0700][info][gc,heap        ] GC(85) Eden regions: 1->0(48)
[2024-07-06T13:09:41.842-0700][info][gc,heap        ] GC(85) Survivor regions: 4->3(4)
[2024-07-06T13:09:41.842-0700][info][gc,heap        ] GC(85) Old regions: 1009->1012
[2024-07-06T13:09:41.842-0700][info][gc,heap        ] GC(85) Archive regions: 2->2
[2024-07-06T13:09:41.842-0700][info][gc,heap        ] GC(85) Humongous regions: 4->4
[2024-07-06T13:09:41.842-0700][info][gc,metaspace   ] GC(85) Metaspace: 302K(512K)->302K(512K) NonClass: 295K(384K)->295K(384K) Class: 7K(128K)->7K(128K)
[2024-07-06T13:09:41.842-0700][info][gc             ] GC(85) Pause Young (Concurrent Start) (G1 Preventive Collection) 4068M->4072M(4096M) 4.202ms
[2024-07-06T13:09:41.842-0700][info][gc,cpu         ] GC(85) User=0.01s Sys=0.00s Real=0.00s
[2024-07-06T13:09:41.842-0700][info][gc             ] GC(86) Concurrent Mark Cycle
[2024-07-06T13:09:41.842-0700][info][gc,marking     ] GC(86) Concurrent Clear Claimed Marks
[2024-07-06T13:09:41.842-0700][info][gc,marking     ] GC(86) Concurrent Clear Claimed Marks 0.013ms
[2024-07-06T13:09:41.842-0700][info][gc,marking     ] GC(86) Concurrent Scan Root Regions
[2024-07-06T13:09:41.843-0700][info][gc,marking     ] GC(86) Concurrent Scan Root Regions 0.987ms
[2024-07-06T13:09:41.843-0700][info][gc,marking     ] GC(86) Concurrent Mark
[2024-07-06T13:09:41.843-0700][info][gc,marking     ] GC(86) Concurrent Mark From Roots
[2024-07-06T13:09:41.843-0700][info][gc,task        ] GC(86) Using 1 workers of 1 for marking
[2024-07-06T13:09:42.407-0700][info][gc,marking     ] GC(86) Concurrent Mark From Roots 564.324ms
[2024-07-06T13:09:42.407-0700][info][gc,marking     ] GC(86) Concurrent Preclean
[2024-07-06T13:09:42.407-0700][info][gc,marking     ] GC(86) Concurrent Preclean 0.074ms
[2024-07-06T13:10:41.035-0700][info][gc,start       ] GC(86) Pause Remark
[2024-07-06T13:10:41.036-0700][info][gc             ] GC(86) Pause Remark 4076M->4076M(4096M) 0.900ms
[2024-07-06T13:10:41.036-0700][info][gc,cpu         ] GC(86) User=0.00s Sys=0.00s Real=0.00s
[2024-07-06T13:10:41.036-0700][info][gc,marking     ] GC(86) Concurrent Mark 59193.316ms
[2024-07-06T13:10:41.036-0700][info][gc,marking     ] GC(86) Concurrent Rebuild Remembered Sets
[2024-07-06T13:10:41.341-0700][info][gc,marking     ] GC(86) Concurrent Rebuild Remembered Sets 304.520ms
[2024-07-06T13:10:41.398-0700][info][gc,start       ] GC(86) Pause Cleanup
[2024-07-06T13:10:41.399-0700][info][gc             ] GC(86) Pause Cleanup 4076M->4076M(4096M) 0.377ms
[2024-07-06T13:10:41.399-0700][info][gc,cpu         ] GC(86) User=0.00s Sys=0.00s Real=0.00s
[2024-07-06T13:10:41.399-0700][info][gc,marking     ] GC(86) Concurrent Cleanup for Next Mark
[2024-07-06T13:10:41.405-0700][info][gc,marking     ] GC(86) Concurrent Cleanup for Next Mark 6.347ms
[2024-07-06T13:10:41.405-0700][info][gc             ] GC(86) Concurrent Mark Cycle 59563.456ms
[2024-07-06T13:10:41.628-0700][info][gc,start       ] GC(87) Pause Young (Prepare Mixed) (G1 Preventive Collection)
[2024-07-06T13:10:41.628-0700][info][gc,task        ] GC(87) Using 4 workers of 4 for evacuation
[2024-07-06T13:10:41.635-0700][info][gc             ] GC(87) To-space exhausted
[2024-07-06T13:10:41.635-0700][info][gc,phases      ] GC(87)   Pre Evacuate Collection Set: 0.2ms
[2024-07-06T13:10:41.635-0700][info][gc,phases      ] GC(87)   Merge Heap Roots: 0.2ms
[2024-07-06T13:10:41.635-0700][info][gc,phases      ] GC(87)   Evacuate Collection Set: 5.7ms
[2024-07-06T13:10:41.635-0700][info][gc,phases      ] GC(87)   Post Evacuate Collection Set: 0.8ms
[2024-07-06T13:10:41.635-0700][info][gc,phases      ] GC(87)   Other: 0.1ms
[2024-07-06T13:10:41.635-0700][info][gc,heap        ] GC(87) Eden regions: 1->0(49)
[2024-07-06T13:10:41.635-0700][info][gc,heap        ] GC(87) Survivor regions: 3->2(2)
[2024-07-06T13:10:41.635-0700][info][gc,heap        ] GC(87) Old regions: 1012->1016
[2024-07-06T13:10:41.635-0700][info][gc,heap        ] GC(87) Archive regions: 2->2
[2024-07-06T13:10:41.635-0700][info][gc,heap        ] GC(87) Humongous regions: 4->4
[2024-07-06T13:10:41.635-0700][info][gc,metaspace   ] GC(87) Metaspace: 302K(512K)->302K(512K) NonClass: 295K(384K)->295K(384K) Class: 7K(128K)->7K(128K)
[2024-07-06T13:10:41.635-0700][info][gc             ] GC(87) Pause Young (Prepare Mixed) (G1 Preventive Collection) 4076M->4084M(4096M) 7.028ms
[2024-07-06T13:10:41.635-0700][info][gc,cpu         ] GC(87) User=0.02s Sys=0.01s Real=0.01s
[2024-07-06T13:10:41.635-0700][info][gc,ergo        ] Attempting full compaction
[2024-07-06T13:10:41.635-0700][info][gc,task        ] GC(88) Using 4 workers of 4 for full compaction
[2024-07-06T13:10:41.635-0700][info][gc,start       ] GC(88) Pause Full (G1 Compaction Pause)
[2024-07-06T13:10:41.635-0700][info][gc,phases,start] GC(88) Phase 1: Mark live objects
[2024-07-06T13:10:41.729-0700][info][gc,phases      ] GC(88) Phase 1: Mark live objects 94.150ms
[2024-07-06T13:10:41.729-0700][info][gc,phases,start] GC(88) Phase 2: Prepare for compaction
[2024-07-06T13:10:41.800-0700][info][gc,phases      ] GC(88) Phase 2: Prepare for compaction 70.755ms
[2024-07-06T13:10:41.800-0700][info][gc,phases,start] GC(88) Phase 3: Adjust pointers
[2024-07-06T13:10:41.892-0700][info][gc,phases      ] GC(88) Phase 3: Adjust pointers 92.214ms
[2024-07-06T13:10:41.892-0700][info][gc,phases,start] GC(88) Phase 4: Compact heap
[2024-07-06T13:10:42.347-0700][info][gc,phases      ] GC(88) Phase 4: Compact heap 454.340ms
[2024-07-06T13:10:42.350-0700][info][gc,heap        ] GC(88) Eden regions: 0->0(51)
[2024-07-06T13:10:42.350-0700][info][gc,heap        ] GC(88) Survivor regions: 2->0(2)
[2024-07-06T13:10:42.350-0700][info][gc,heap        ] GC(88) Old regions: 1016->956
[2024-07-06T13:10:42.350-0700][info][gc,heap        ] GC(88) Archive regions: 2->2
[2024-07-06T13:10:42.350-0700][info][gc,heap        ] GC(88) Humongous regions: 4->4
[2024-07-06T13:10:42.350-0700][info][gc,metaspace   ] GC(88) Metaspace: 302K(512K)->302K(512K) NonClass: 295K(384K)->295K(384K) Class: 7K(128K)->7K(128K)
[2024-07-06T13:10:42.350-0700][info][gc             ] GC(88) Pause Full (G1 Compaction Pause) 4084M->3832M(4096M) 714.620ms
[2024-07-06T13:10:42.350-0700][info][gc,cpu         ] GC(88) User=2.77s Sys=0.00s Real=0.71s
[2024-07-06T13:11:07.449-0700][info][gc,start       ] GC(89) Pause Young (Concurrent Start) (G1 Preventive Collection)
[2024-07-06T13:11:07.449-0700][info][gc,task        ] GC(89) Using 4 workers of 4 for evacuation
[2024-07-06T13:11:07.482-0700][info][gc,phases      ] GC(89)   Pre Evacuate Collection Set: 0.4ms
[2024-07-06T13:11:07.482-0700][info][gc,phases      ] GC(89)   Merge Heap Roots: 0.2ms
[2024-07-06T13:11:07.482-0700][info][gc,phases      ] GC(89)   Evacuate Collection Set: 31.7ms
[2024-07-06T13:11:07.482-0700][info][gc,phases      ] GC(89)   Post Evacuate Collection Set: 0.4ms
[2024-07-06T13:11:07.482-0700][info][gc,phases      ] GC(89)   Other: 0.2ms
[2024-07-06T13:11:07.482-0700][info][gc,heap        ] GC(89) Eden regions: 30->0(44)
[2024-07-06T13:11:07.482-0700][info][gc,heap        ] GC(89) Survivor regions: 0->7(7)
[2024-07-06T13:11:07.482-0700][info][gc,heap        ] GC(89) Old regions: 956->979
[2024-07-06T13:11:07.482-0700][info][gc,heap        ] GC(89) Archive regions: 2->2
[2024-07-06T13:11:07.482-0700][info][gc,heap        ] GC(89) Humongous regions: 4->4
[2024-07-06T13:11:07.482-0700][info][gc,metaspace   ] GC(89) Metaspace: 305K(512K)->305K(512K) NonClass: 297K(384K)->297K(384K) Class: 7K(128K)->7K(128K)
[2024-07-06T13:11:07.482-0700][info][gc             ] GC(89) Pause Young (Concurrent Start) (G1 Preventive Collection) 3952M->3951M(4096M) 32.861ms
[2024-07-06T13:11:07.482-0700][info][gc,cpu         ] GC(89) User=0.12s Sys=0.00s Real=0.03s
[2024-07-06T13:11:07.482-0700][info][gc             ] GC(90) Concurrent Mark Cycle
[2024-07-06T13:11:07.482-0700][info][gc,marking     ] GC(90) Concurrent Clear Claimed Marks
[2024-07-06T13:11:07.482-0700][info][gc,marking     ] GC(90) Concurrent Clear Claimed Marks 0.026ms
[2024-07-06T13:11:07.482-0700][info][gc,marking     ] GC(90) Concurrent Scan Root Regions
[2024-07-06T13:11:07.490-0700][info][gc,marking     ] GC(90) Concurrent Scan Root Regions 7.477ms
[2024-07-06T13:11:07.490-0700][info][gc,marking     ] GC(90) Concurrent Mark
[2024-07-06T13:11:07.490-0700][info][gc,marking     ] GC(90) Concurrent Mark From Roots
[2024-07-06T13:11:07.490-0700][info][gc,task        ] GC(90) Using 1 workers of 1 for marking
[2024-07-06T13:11:08.073-0700][info][gc,marking     ] GC(90) Concurrent Mark From Roots 582.876ms
[2024-07-06T13:11:08.073-0700][info][gc,marking     ] GC(90) Concurrent Preclean
[2024-07-06T13:11:08.073-0700][info][gc,marking     ] GC(90) Concurrent Preclean 0.063ms
[2024-07-06T13:11:23.950-0700][info][gc,start       ] GC(90) Pause Remark
[2024-07-06T13:11:23.951-0700][info][gc             ] GC(90) Pause Remark 3961M->3961M(4096M) 0.900ms
[2024-07-06T13:11:23.951-0700][info][gc,cpu         ] GC(90) User=0.00s Sys=0.00s Real=0.00s
[2024-07-06T13:11:23.951-0700][info][gc,marking     ] GC(90) Concurrent Mark 16461.251ms
[2024-07-06T13:11:23.951-0700][info][gc,marking     ] GC(90) Concurrent Rebuild Remembered Sets
[2024-07-06T13:11:24.235-0700][info][gc,marking     ] GC(90) Concurrent Rebuild Remembered Sets 284.007ms
[2024-07-06T13:11:25.315-0700][info][gc,start       ] GC(90) Pause Cleanup
[2024-07-06T13:11:25.316-0700][info][gc             ] GC(90) Pause Cleanup 3961M->3961M(4096M) 0.374ms
[2024-07-06T13:11:25.316-0700][info][gc,cpu         ] GC(90) User=0.00s Sys=0.00s Real=0.00s
[2024-07-06T13:11:25.316-0700][info][gc,marking     ] GC(90) Concurrent Cleanup for Next Mark
[2024-07-06T13:11:25.323-0700][info][gc,marking     ] GC(90) Concurrent Cleanup for Next Mark 7.126ms
[2024-07-06T13:11:25.323-0700][info][gc             ] GC(90) Concurrent Mark Cycle 17840.770ms
[2024-07-06T13:11:33.344-0700][info][gc,start       ] GC(91) Pause Young (Normal) (G1 Preventive Collection)
[2024-07-06T13:11:33.344-0700][info][gc,task        ] GC(91) Using 4 workers of 4 for evacuation
[2024-07-06T13:11:33.377-0700][info][gc             ] GC(91) To-space exhausted
[2024-07-06T13:11:33.377-0700][info][gc,phases      ] GC(91)   Pre Evacuate Collection Set: 0.2ms
[2024-07-06T13:11:33.377-0700][info][gc,phases      ] GC(91)   Merge Heap Roots: 0.1ms
[2024-07-06T13:11:33.377-0700][info][gc,phases      ] GC(91)   Evacuate Collection Set: 27.6ms
[2024-07-06T13:11:33.377-0700][info][gc,phases      ] GC(91)   Post Evacuate Collection Set: 5.5ms
[2024-07-06T13:11:33.377-0700][info][gc,phases      ] GC(91)   Other: 0.2ms
[2024-07-06T13:11:33.377-0700][info][gc,heap        ] GC(91) Eden regions: 14->0(44)
[2024-07-06T13:11:33.377-0700][info][gc,heap        ] GC(91) Survivor regions: 7->7(7)
[2024-07-06T13:11:33.377-0700][info][gc,heap        ] GC(91) Old regions: 979->997
[2024-07-06T13:11:33.377-0700][info][gc,heap        ] GC(91) Archive regions: 2->2
[2024-07-06T13:11:33.377-0700][info][gc,heap        ] GC(91) Humongous regions: 4->4
[2024-07-06T13:11:33.377-0700][info][gc,metaspace   ] GC(91) Metaspace: 305K(512K)->305K(512K) NonClass: 297K(384K)->297K(384K) Class: 7K(128K)->7K(128K)
[2024-07-06T13:11:33.377-0700][info][gc             ] GC(91) Pause Young (Normal) (G1 Preventive Collection) 4007M->4024M(4096M) 33.698ms
[2024-07-06T13:11:33.377-0700][info][gc,cpu         ] GC(91) User=0.09s Sys=0.01s Real=0.03s
[2024-07-06T13:11:37.308-0700][info][gc,start       ] GC(92) Pause Young (Concurrent Start) (G1 Preventive Collection)
[2024-07-06T13:11:37.308-0700][info][gc,task        ] GC(92) Using 4 workers of 4 for evacuation
[2024-07-06T13:11:37.321-0700][info][gc,phases      ] GC(92)   Pre Evacuate Collection Set: 0.3ms
[2024-07-06T13:11:37.321-0700][info][gc,phases      ] GC(92)   Merge Heap Roots: 0.1ms
[2024-07-06T13:11:37.321-0700][info][gc,phases      ] GC(92)   Evacuate Collection Set: 12.4ms
[2024-07-06T13:11:37.321-0700][info][gc,phases      ] GC(92)   Post Evacuate Collection Set: 0.4ms
[2024-07-06T13:11:37.321-0700][info][gc,phases      ] GC(92)   Other: 0.2ms
[2024-07-06T13:11:37.321-0700][info][gc,heap        ] GC(92) Eden regions: 3->0(47)
[2024-07-06T13:11:37.321-0700][info][gc,heap        ] GC(92) Survivor regions: 7->4(7)
[2024-07-06T13:11:37.321-0700][info][gc,heap        ] GC(92) Old regions: 997->1004
[2024-07-06T13:11:37.321-0700][info][gc,heap        ] GC(92) Archive regions: 2->2
[2024-07-06T13:11:37.321-0700][info][gc,heap        ] GC(92) Humongous regions: 4->4
[2024-07-06T13:11:37.321-0700][info][gc,metaspace   ] GC(92) Metaspace: 305K(512K)->305K(512K) NonClass: 297K(384K)->297K(384K) Class: 7K(128K)->7K(128K)
[2024-07-06T13:11:37.321-0700][info][gc             ] GC(92) Pause Young (Concurrent Start) (G1 Preventive Collection) 4036M->4040M(4096M) 13.568ms
[2024-07-06T13:11:37.321-0700][info][gc,cpu         ] GC(92) User=0.04s Sys=0.00s Real=0.01s
[2024-07-06T13:11:37.322-0700][info][gc             ] GC(93) Concurrent Mark Cycle
[2024-07-06T13:11:37.322-0700][info][gc,marking     ] GC(93) Concurrent Clear Claimed Marks
[2024-07-06T13:11:37.322-0700][info][gc,marking     ] GC(93) Concurrent Clear Claimed Marks 0.010ms
[2024-07-06T13:11:37.322-0700][info][gc,marking     ] GC(93) Concurrent Scan Root Regions
[2024-07-06T13:11:37.325-0700][info][gc,marking     ] GC(93) Concurrent Scan Root Regions 3.531ms
[2024-07-06T13:11:37.325-0700][info][gc,marking     ] GC(93) Concurrent Mark
[2024-07-06T13:11:37.325-0700][info][gc,marking     ] GC(93) Concurrent Mark From Roots
[2024-07-06T13:11:37.325-0700][info][gc,task        ] GC(93) Using 1 workers of 1 for marking
[2024-07-06T13:11:37.325-0700][info][gc,start       ] GC(94) Pause Young (Normal) (G1 Preventive Collection)
[2024-07-06T13:11:37.325-0700][info][gc,task        ] GC(94) Using 4 workers of 4 for evacuation
[2024-07-06T13:11:37.331-0700][info][gc,phases      ] GC(94)   Pre Evacuate Collection Set: 2.9ms
[2024-07-06T13:11:37.331-0700][info][gc,phases      ] GC(94)   Merge Heap Roots: 0.1ms
[2024-07-06T13:11:37.331-0700][info][gc,phases      ] GC(94)   Evacuate Collection Set: 3.1ms
[2024-07-06T13:11:37.331-0700][info][gc,phases      ] GC(94)   Post Evacuate Collection Set: 0.5ms
[2024-07-06T13:11:37.332-0700][info][gc,phases      ] GC(94)   Other: 1.8ms
[2024-07-06T13:11:37.332-0700][info][gc,heap        ] GC(94) Eden regions: 2->0(45)
[2024-07-06T13:11:37.332-0700][info][gc,heap        ] GC(94) Survivor regions: 4->6(7)
[2024-07-06T13:11:37.332-0700][info][gc,heap        ] GC(94) Old regions: 1004->1004
[2024-07-06T13:11:37.332-0700][info][gc,heap        ] GC(94) Archive regions: 2->2
[2024-07-06T13:11:37.332-0700][info][gc,heap        ] GC(94) Humongous regions: 4->4
[2024-07-06T13:11:37.332-0700][info][gc,metaspace   ] GC(94) Metaspace: 305K(512K)->305K(512K) NonClass: 297K(384K)->297K(384K) Class: 7K(128K)->7K(128K)
[2024-07-06T13:11:37.332-0700][info][gc             ] GC(94) Pause Young (Normal) (G1 Preventive Collection) 4048M->4046M(4096M) 6.505ms
[2024-07-06T13:11:37.332-0700][info][gc,cpu         ] GC(94) User=0.01s Sys=0.00s Real=0.00s
[2024-07-06T13:11:37.881-0700][info][gc,marking     ] GC(93) Concurrent Mark From Roots 556.226ms
[2024-07-06T13:11:37.881-0700][info][gc,marking     ] GC(93) Concurrent Preclean
[2024-07-06T13:11:37.881-0700][info][gc,marking     ] GC(93) Concurrent Preclean 0.060ms
[2024-07-06T13:12:10.867-0700][info][gc,start       ] GC(93) Pause Remark
[2024-07-06T13:12:10.868-0700][info][gc             ] GC(93) Pause Remark 4048M->4048M(4096M) 0.880ms
[2024-07-06T13:12:10.868-0700][info][gc,cpu         ] GC(93) User=0.00s Sys=0.00s Real=0.00s
[2024-07-06T13:12:10.868-0700][info][gc,marking     ] GC(93) Concurrent Mark 33542.566ms
[2024-07-06T13:12:10.868-0700][info][gc,marking     ] GC(93) Concurrent Rebuild Remembered Sets
[2024-07-06T13:12:11.137-0700][info][gc,marking     ] GC(93) Concurrent Rebuild Remembered Sets 269.280ms
[2024-07-06T13:12:11.797-0700][info][gc,start       ] GC(93) Pause Cleanup
[2024-07-06T13:12:11.798-0700][info][gc             ] GC(93) Pause Cleanup 4048M->4048M(4096M) 0.420ms
[2024-07-06T13:12:11.798-0700][info][gc,cpu         ] GC(93) User=0.00s Sys=0.00s Real=0.00s
[2024-07-06T13:12:11.798-0700][info][gc,marking     ] GC(93) Concurrent Cleanup for Next Mark
[2024-07-06T13:12:11.803-0700][info][gc,marking     ] GC(93) Concurrent Cleanup for Next Mark 5.337ms
[2024-07-06T13:12:11.803-0700][info][gc             ] GC(93) Concurrent Mark Cycle 34481.636ms
[2024-07-06T13:12:12.068-0700][info][gc,start       ] GC(95) Pause Young (Prepare Mixed) (G1 Preventive Collection)
[2024-07-06T13:12:12.068-0700][info][gc,task        ] GC(95) Using 4 workers of 4 for evacuation
[2024-07-06T13:12:12.076-0700][info][gc,phases      ] GC(95)   Pre Evacuate Collection Set: 0.2ms
[2024-07-06T13:12:12.076-0700][info][gc,phases      ] GC(95)   Merge Heap Roots: 0.1ms
[2024-07-06T13:12:12.076-0700][info][gc,phases      ] GC(95)   Evacuate Collection Set: 7.5ms
[2024-07-06T13:12:12.076-0700][info][gc,phases      ] GC(95)   Post Evacuate Collection Set: 0.5ms
[2024-07-06T13:12:12.076-0700][info][gc,phases      ] GC(95)   Other: 0.1ms
[2024-07-06T13:12:12.076-0700][info][gc,heap        ] GC(95) Eden regions: 1->0(47)
[2024-07-06T13:12:12.076-0700][info][gc,heap        ] GC(95) Survivor regions: 6->4(7)
[2024-07-06T13:12:12.076-0700][info][gc,heap        ] GC(95) Old regions: 1004->1007
[2024-07-06T13:12:12.076-0700][info][gc,heap        ] GC(95) Archive regions: 2->2
[2024-07-06T13:12:12.076-0700][info][gc,heap        ] GC(95) Humongous regions: 4->4
[2024-07-06T13:12:12.077-0700][info][gc,metaspace   ] GC(95) Metaspace: 305K(512K)->305K(512K) NonClass: 297K(384K)->297K(384K) Class: 7K(128K)->7K(128K)
[2024-07-06T13:12:12.077-0700][info][gc             ] GC(95) Pause Young (Prepare Mixed) (G1 Preventive Collection) 4050M->4049M(4096M) 8.454ms
[2024-07-06T13:12:12.077-0700][info][gc,cpu         ] GC(95) User=0.03s Sys=0.00s Real=0.01s
[2024-07-06T13:12:12.077-0700][info][gc,start       ] GC(96) Pause Young (Mixed) (G1 Preventive Collection)
[2024-07-06T13:12:12.077-0700][info][gc,task        ] GC(96) Using 4 workers of 4 for evacuation
[2024-07-06T13:12:12.080-0700][info][gc,phases      ] GC(96)   Pre Evacuate Collection Set: 0.2ms
[2024-07-06T13:12:12.080-0700][info][gc,phases      ] GC(96)   Merge Heap Roots: 0.1ms
[2024-07-06T13:12:12.080-0700][info][gc,phases      ] GC(96)   Evacuate Collection Set: 2.6ms
[2024-07-06T13:12:12.080-0700][info][gc,phases      ] GC(96)   Post Evacuate Collection Set: 0.3ms
[2024-07-06T13:12:12.080-0700][info][gc,phases      ] GC(96)   Other: 0.1ms
[2024-07-06T13:12:12.080-0700][info][gc,heap        ] GC(96) Eden regions: 1->0(46)
[2024-07-06T13:12:12.080-0700][info][gc,heap        ] GC(96) Survivor regions: 4->5(6)
[2024-07-06T13:12:12.080-0700][info][gc,heap        ] GC(96) Old regions: 1007->1006
[2024-07-06T13:12:12.080-0700][info][gc,heap        ] GC(96) Archive regions: 2->2
[2024-07-06T13:12:12.080-0700][info][gc,heap        ] GC(96) Humongous regions: 4->4
[2024-07-06T13:12:12.080-0700][info][gc,metaspace   ] GC(96) Metaspace: 305K(512K)->305K(512K) NonClass: 297K(384K)->297K(384K) Class: 7K(128K)->7K(128K)
[2024-07-06T13:12:12.080-0700][info][gc             ] GC(96) Pause Young (Mixed) (G1 Preventive Collection) 4053M->4050M(4096M) 3.291ms
[2024-07-06T13:12:12.080-0700][info][gc,cpu         ] GC(96) User=0.01s Sys=0.00s Real=0.00s
[2024-07-06T13:12:14.059-0700][info][gc,start       ] GC(97) Pause Young (Concurrent Start) (G1 Preventive Collection)
[2024-07-06T13:12:14.059-0700][info][gc,task        ] GC(97) Using 4 workers of 4 for evacuation
[2024-07-06T13:12:14.066-0700][info][gc,phases      ] GC(97)   Pre Evacuate Collection Set: 0.2ms
[2024-07-06T13:12:14.066-0700][info][gc,phases      ] GC(97)   Merge Heap Roots: 0.1ms
[2024-07-06T13:12:14.066-0700][info][gc,phases      ] GC(97)   Evacuate Collection Set: 6.5ms
[2024-07-06T13:12:14.066-0700][info][gc,phases      ] GC(97)   Post Evacuate Collection Set: 0.3ms
[2024-07-06T13:12:14.066-0700][info][gc,phases      ] GC(97)   Other: 0.2ms
[2024-07-06T13:12:14.066-0700][info][gc,heap        ] GC(97) Eden regions: 1->0(47)
[2024-07-06T13:12:14.066-0700][info][gc,heap        ] GC(97) Survivor regions: 5->4(6)
[2024-07-06T13:12:14.066-0700][info][gc,heap        ] GC(97) Old regions: 1006->1008
[2024-07-06T13:12:14.066-0700][info][gc,heap        ] GC(97) Archive regions: 2->2
[2024-07-06T13:12:14.066-0700][info][gc,heap        ] GC(97) Humongous regions: 4->4
[2024-07-06T13:12:14.066-0700][info][gc,metaspace   ] GC(97) Metaspace: 305K(512K)->305K(512K) NonClass: 297K(384K)->297K(384K) Class: 7K(128K)->7K(128K)
[2024-07-06T13:12:14.066-0700][info][gc             ] GC(97) Pause Young (Concurrent Start) (G1 Preventive Collection) 4054M->4053M(4096M) 7.429ms
[2024-07-06T13:12:14.066-0700][info][gc,cpu         ] GC(97) User=0.03s Sys=0.00s Real=0.01s
[2024-07-06T13:12:14.066-0700][info][gc             ] GC(98) Concurrent Mark Cycle
[2024-07-06T13:12:14.066-0700][info][gc,marking     ] GC(98) Concurrent Clear Claimed Marks
[2024-07-06T13:12:14.066-0700][info][gc,marking     ] GC(98) Concurrent Clear Claimed Marks 0.007ms
[2024-07-06T13:12:14.066-0700][info][gc,marking     ] GC(98) Concurrent Scan Root Regions
[2024-07-06T13:12:14.067-0700][info][gc,marking     ] GC(98) Concurrent Scan Root Regions 1.250ms
[2024-07-06T13:12:14.067-0700][info][gc,marking     ] GC(98) Concurrent Mark
[2024-07-06T13:12:14.067-0700][info][gc,marking     ] GC(98) Concurrent Mark From Roots
[2024-07-06T13:12:14.067-0700][info][gc,task        ] GC(98) Using 1 workers of 1 for marking
[2024-07-06T13:12:14.067-0700][info][gc,start       ] GC(99) Pause Young (Normal) (G1 Preventive Collection)
[2024-07-06T13:12:14.067-0700][info][gc,task        ] GC(99) Using 4 workers of 4 for evacuation
[2024-07-06T13:12:14.070-0700][info][gc,phases      ] GC(99)   Pre Evacuate Collection Set: 1.0ms
[2024-07-06T13:12:14.070-0700][info][gc,phases      ] GC(99)   Merge Heap Roots: 0.1ms
[2024-07-06T13:12:14.070-0700][info][gc,phases      ] GC(99)   Evacuate Collection Set: 2.5ms
[2024-07-06T13:12:14.070-0700][info][gc,phases      ] GC(99)   Post Evacuate Collection Set: 0.3ms
[2024-07-06T13:12:14.070-0700][info][gc,phases      ] GC(99)   Other: 0.1ms
[2024-07-06T13:12:14.070-0700][info][gc,heap        ] GC(99) Eden regions: 1->0(46)
[2024-07-06T13:12:14.070-0700][info][gc,heap        ] GC(99) Survivor regions: 4->5(5)
[2024-07-06T13:12:14.070-0700][info][gc,heap        ] GC(99) Old regions: 1008->1008
[2024-07-06T13:12:14.070-0700][info][gc,heap        ] GC(99) Archive regions: 2->2
[2024-07-06T13:12:14.070-0700][info][gc,heap        ] GC(99) Humongous regions: 4->4
[2024-07-06T13:12:14.070-0700][info][gc,metaspace   ] GC(99) Metaspace: 305K(512K)->305K(512K) NonClass: 297K(384K)->297K(384K) Class: 7K(128K)->7K(128K)
[2024-07-06T13:12:14.070-0700][info][gc             ] GC(99) Pause Young (Normal) (G1 Preventive Collection) 4057M->4058M(4096M) 3.085ms
[2024-07-06T13:12:14.070-0700][info][gc,cpu         ] GC(99) User=0.01s Sys=0.00s Real=0.00s
[2024-07-06T13:12:14.071-0700][info][gc,start       ] GC(100) Pause Young (Normal) (G1 Preventive Collection)
[2024-07-06T13:12:14.071-0700][info][gc,task        ] GC(100) Using 4 workers of 4 for evacuation
[2024-07-06T13:12:14.075-0700][info][gc             ] GC(100) To-space exhausted
[2024-07-06T13:12:14.075-0700][info][gc,phases      ] GC(100)   Pre Evacuate Collection Set: 0.2ms
[2024-07-06T13:12:14.075-0700][info][gc,phases      ] GC(100)   Merge Heap Roots: 0.1ms
[2024-07-06T13:12:14.075-0700][info][gc,phases      ] GC(100)   Evacuate Collection Set: 2.9ms
[2024-07-06T13:12:14.075-0700][info][gc,phases      ] GC(100)   Post Evacuate Collection Set: 0.7ms
[2024-07-06T13:12:14.075-0700][info][gc,phases      ] GC(100)   Other: 0.1ms
[2024-07-06T13:12:14.075-0700][info][gc,heap        ] GC(100) Eden regions: 1->0(48)
[2024-07-06T13:12:14.075-0700][info][gc,heap        ] GC(100) Survivor regions: 5->3(4)
[2024-07-06T13:12:14.075-0700][info][gc,heap        ] GC(100) Old regions: 1008->1013
[2024-07-06T13:12:14.075-0700][info][gc,heap        ] GC(100) Archive regions: 2->2
[2024-07-06T13:12:14.075-0700][info][gc,heap        ] GC(100) Humongous regions: 4->4
[2024-07-06T13:12:14.075-0700][info][gc,metaspace   ] GC(100) Metaspace: 305K(512K)->305K(512K) NonClass: 297K(384K)->297K(384K) Class: 7K(128K)->7K(128K)
[2024-07-06T13:12:14.075-0700][info][gc             ] GC(100) Pause Young (Normal) (G1 Preventive Collection) 4062M->4072M(4096M) 4.009ms
[2024-07-06T13:12:14.075-0700][info][gc,cpu         ] GC(100) User=0.00s Sys=0.01s Real=0.01s
[2024-07-06T13:12:14.614-0700][info][gc,marking     ] GC(98) Concurrent Mark From Roots 546.238ms
[2024-07-06T13:12:14.614-0700][info][gc,marking     ] GC(98) Concurrent Preclean
[2024-07-06T13:12:14.614-0700][info][gc,marking     ] GC(98) Concurrent Preclean 0.078ms
[2024-07-06T13:12:22.803-0700][info][gc,start       ] GC(98) Pause Remark
[2024-07-06T13:12:22.805-0700][info][gc             ] GC(98) Pause Remark 4074M->4074M(4096M) 2.047ms
[2024-07-06T13:12:22.805-0700][info][gc,cpu         ] GC(98) User=0.01s Sys=0.00s Real=0.01s
[2024-07-06T13:12:22.805-0700][info][gc,marking     ] GC(98) Concurrent Mark 8737.682ms
[2024-07-06T13:12:22.805-0700][info][gc,marking     ] GC(98) Concurrent Rebuild Remembered Sets
[2024-07-06T13:12:23.088-0700][info][gc,marking     ] GC(98) Concurrent Rebuild Remembered Sets 282.970ms
[2024-07-06T13:12:23.369-0700][info][gc,start       ] GC(98) Pause Cleanup
[2024-07-06T13:12:23.370-0700][info][gc             ] GC(98) Pause Cleanup 4074M->4074M(4096M) 0.420ms
[2024-07-06T13:12:23.370-0700][info][gc,cpu         ] GC(98) User=0.00s Sys=0.00s Real=0.00s
[2024-07-06T13:12:23.370-0700][info][gc,marking     ] GC(98) Concurrent Cleanup for Next Mark
[2024-07-06T13:12:23.376-0700][info][gc,marking     ] GC(98) Concurrent Cleanup for Next Mark 5.941ms
[2024-07-06T13:12:23.376-0700][info][gc             ] GC(98) Concurrent Mark Cycle 9309.807ms
[2024-07-06T13:12:24.670-0700][info][gc,start       ] GC(101) Pause Young (Prepare Mixed) (G1 Preventive Collection)
[2024-07-06T13:12:24.670-0700][info][gc,task        ] GC(101) Using 4 workers of 4 for evacuation
[2024-07-06T13:12:24.681-0700][info][gc             ] GC(101) To-space exhausted
[2024-07-06T13:12:24.681-0700][info][gc,phases      ] GC(101)   Pre Evacuate Collection Set: 0.4ms
[2024-07-06T13:12:24.681-0700][info][gc,phases      ] GC(101)   Merge Heap Roots: 0.2ms
[2024-07-06T13:12:24.681-0700][info][gc,phases      ] GC(101)   Evacuate Collection Set: 9.6ms
[2024-07-06T13:12:24.681-0700][info][gc,phases      ] GC(101)   Post Evacuate Collection Set: 1.0ms
[2024-07-06T13:12:24.681-0700][info][gc,phases      ] GC(101)   Other: 0.2ms
[2024-07-06T13:12:24.681-0700][info][gc,heap        ] GC(101) Eden regions: 1->0(50)
[2024-07-06T13:12:24.681-0700][info][gc,heap        ] GC(101) Survivor regions: 3->1(1)
[2024-07-06T13:12:24.681-0700][info][gc,heap        ] GC(101) Old regions: 1013->1017
[2024-07-06T13:12:24.681-0700][info][gc,heap        ] GC(101) Archive regions: 2->2
[2024-07-06T13:12:24.681-0700][info][gc,heap        ] GC(101) Humongous regions: 4->4
[2024-07-06T13:12:24.681-0700][info][gc,metaspace   ] GC(101) Metaspace: 305K(512K)->305K(512K) NonClass: 297K(384K)->297K(384K) Class: 7K(128K)->7K(128K)
[2024-07-06T13:12:24.681-0700][info][gc             ] GC(101) Pause Young (Prepare Mixed) (G1 Preventive Collection) 4076M->4080M(4096M) 11.411ms
[2024-07-06T13:12:24.681-0700][info][gc,cpu         ] GC(101) User=0.04s Sys=0.00s Real=0.01s
[2024-07-06T13:12:24.681-0700][info][gc,ergo        ] Attempting full compaction
[2024-07-06T13:12:24.681-0700][info][gc,task        ] GC(102) Using 4 workers of 4 for full compaction
[2024-07-06T13:12:24.681-0700][info][gc,start       ] GC(102) Pause Full (G1 Compaction Pause)
[2024-07-06T13:12:24.681-0700][info][gc,phases,start] GC(102) Phase 1: Mark live objects
[2024-07-06T13:12:24.791-0700][info][gc,phases      ] GC(102) Phase 1: Mark live objects 109.974ms
[2024-07-06T13:12:24.791-0700][info][gc,phases,start] GC(102) Phase 2: Prepare for compaction
[2024-07-06T13:12:24.796-0700][info][gc,phases      ] GC(102) Phase 2: Prepare for compaction 5.200ms
[2024-07-06T13:12:24.796-0700][info][gc,phases,start] GC(102) Phase 3: Adjust pointers
[2024-07-06T13:12:24.862-0700][info][gc,phases      ] GC(102) Phase 3: Adjust pointers 65.231ms
[2024-07-06T13:12:24.862-0700][info][gc,phases,start] GC(102) Phase 4: Compact heap
[2024-07-06T13:12:24.885-0700][info][gc,phases      ] GC(102) Phase 4: Compact heap 22.793ms
[2024-07-06T13:12:24.888-0700][info][gc,heap        ] GC(102) Eden regions: 0->0(51)
[2024-07-06T13:12:24.888-0700][info][gc,heap        ] GC(102) Survivor regions: 1->0(1)
[2024-07-06T13:12:24.888-0700][info][gc,heap        ] GC(102) Old regions: 1017->1007
[2024-07-06T13:12:24.888-0700][info][gc,heap        ] GC(102) Archive regions: 2->2
[2024-07-06T13:12:24.888-0700][info][gc,heap        ] GC(102) Humongous regions: 4->4
[2024-07-06T13:12:24.888-0700][info][gc,metaspace   ] GC(102) Metaspace: 305K(512K)->305K(512K) NonClass: 297K(384K)->297K(384K) Class: 7K(128K)->7K(128K)
[2024-07-06T13:12:24.888-0700][info][gc             ] GC(102) Pause Full (G1 Compaction Pause) 4080M->4040M(4096M) 206.896ms
[2024-07-06T13:12:24.888-0700][info][gc,cpu         ] GC(102) User=0.78s Sys=0.00s Real=0.21s
[2024-07-06T13:12:29.719-0700][info][gc,start       ] GC(103) Pause Young (Concurrent Start) (G1 Preventive Collection)
[2024-07-06T13:12:29.719-0700][info][gc,task        ] GC(103) Using 4 workers of 4 for evacuation
[2024-07-06T13:12:29.728-0700][info][gc,phases      ] GC(103)   Pre Evacuate Collection Set: 0.2ms
[2024-07-06T13:12:29.728-0700][info][gc,phases      ] GC(103)   Merge Heap Roots: 0.2ms
[2024-07-06T13:12:29.728-0700][info][gc,phases      ] GC(103)   Evacuate Collection Set: 7.1ms
[2024-07-06T13:12:29.728-0700][info][gc,phases      ] GC(103)   Post Evacuate Collection Set: 0.4ms
[2024-07-06T13:12:29.728-0700][info][gc,phases      ] GC(103)   Other: 0.5ms
[2024-07-06T13:12:29.728-0700][info][gc,heap        ] GC(103) Eden regions: 5->0(45)
[2024-07-06T13:12:29.728-0700][info][gc,heap        ] GC(103) Survivor regions: 0->6(6)
[2024-07-06T13:12:29.728-0700][info][gc,heap        ] GC(103) Old regions: 1007->1007
[2024-07-06T13:12:29.728-0700][info][gc,heap        ] GC(103) Archive regions: 2->2
[2024-07-06T13:12:29.728-0700][info][gc,heap        ] GC(103) Humongous regions: 4->4
[2024-07-06T13:12:29.728-0700][info][gc,metaspace   ] GC(103) Metaspace: 305K(512K)->305K(512K) NonClass: 297K(384K)->297K(384K) Class: 7K(128K)->7K(128K)
[2024-07-06T13:12:29.728-0700][info][gc             ] GC(103) Pause Young (Concurrent Start) (G1 Preventive Collection) 4060M->4060M(4096M) 8.533ms
[2024-07-06T13:12:29.728-0700][info][gc,cpu         ] GC(103) User=0.03s Sys=0.00s Real=0.01s
[2024-07-06T13:12:29.728-0700][info][gc             ] GC(104) Concurrent Mark Cycle
[2024-07-06T13:12:29.728-0700][info][gc,marking     ] GC(104) Concurrent Clear Claimed Marks
[2024-07-06T13:12:29.728-0700][info][gc,marking     ] GC(104) Concurrent Clear Claimed Marks 0.007ms
[2024-07-06T13:12:29.728-0700][info][gc,marking     ] GC(104) Concurrent Scan Root Regions
[2024-07-06T13:12:29.730-0700][info][gc,marking     ] GC(104) Concurrent Scan Root Regions 2.046ms
[2024-07-06T13:12:29.730-0700][info][gc,marking     ] GC(104) Concurrent Mark
[2024-07-06T13:12:29.730-0700][info][gc,marking     ] GC(104) Concurrent Mark From Roots
[2024-07-06T13:12:29.730-0700][info][gc,task        ] GC(104) Using 1 workers of 1 for marking
[2024-07-06T13:12:30.268-0700][info][gc,marking     ] GC(104) Concurrent Mark From Roots 537.696ms
[2024-07-06T13:12:30.268-0700][info][gc,marking     ] GC(104) Concurrent Preclean
[2024-07-06T13:12:30.268-0700][info][gc,marking     ] GC(104) Concurrent Preclean 0.062ms
[2024-07-06T13:12:31.918-0700][info][gc,start       ] GC(104) Pause Remark
[2024-07-06T13:12:31.919-0700][info][gc             ] GC(104) Pause Remark 4068M->4068M(4096M) 1.074ms
[2024-07-06T13:12:31.919-0700][info][gc,cpu         ] GC(104) User=0.00s Sys=0.00s Real=0.00s
[2024-07-06T13:12:31.919-0700][info][gc,marking     ] GC(104) Concurrent Mark 2189.226ms
[2024-07-06T13:12:31.919-0700][info][gc,marking     ] GC(104) Concurrent Rebuild Remembered Sets
[2024-07-06T13:12:32.238-0700][info][gc,marking     ] GC(104) Concurrent Rebuild Remembered Sets 319.279ms
[2024-07-06T13:12:32.336-0700][info][gc,start       ] GC(104) Pause Cleanup
[2024-07-06T13:12:32.336-0700][info][gc             ] GC(104) Pause Cleanup 4068M->4068M(4096M) 0.411ms
[2024-07-06T13:12:32.337-0700][info][gc,cpu         ] GC(104) User=0.00s Sys=0.00s Real=0.00s
[2024-07-06T13:12:32.337-0700][info][gc,marking     ] GC(104) Concurrent Cleanup for Next Mark
[2024-07-06T13:12:32.343-0700][info][gc,marking     ] GC(104) Concurrent Cleanup for Next Mark 5.950ms
[2024-07-06T13:12:32.343-0700][info][gc             ] GC(104) Concurrent Mark Cycle 2614.984ms
[2024-07-06T13:12:33.913-0700][info][gc,start       ] GC(105) Pause Young (Normal) (G1 Preventive Collection)
[2024-07-06T13:12:33.913-0700][info][gc,task        ] GC(105) Using 4 workers of 4 for evacuation
[2024-07-06T13:12:33.921-0700][info][gc             ] GC(105) To-space exhausted
[2024-07-06T13:12:33.921-0700][info][gc,phases      ] GC(105)   Pre Evacuate Collection Set: 0.2ms
[2024-07-06T13:12:33.921-0700][info][gc,phases      ] GC(105)   Merge Heap Roots: 0.1ms
[2024-07-06T13:12:33.921-0700][info][gc,phases      ] GC(105)   Evacuate Collection Set: 6.8ms
[2024-07-06T13:12:33.921-0700][info][gc,phases      ] GC(105)   Post Evacuate Collection Set: 1.1ms
[2024-07-06T13:12:33.921-0700][info][gc,phases      ] GC(105)   Other: 0.2ms
[2024-07-06T13:12:33.921-0700][info][gc,heap        ] GC(105) Eden regions: 2->0(51)
[2024-07-06T13:12:33.921-0700][info][gc,heap        ] GC(105) Survivor regions: 6->0(3)
[2024-07-06T13:12:33.921-0700][info][gc,heap        ] GC(105) Old regions: 1007->1017
[2024-07-06T13:12:33.921-0700][info][gc,heap        ] GC(105) Archive regions: 2->2
[2024-07-06T13:12:33.921-0700][info][gc,heap        ] GC(105) Humongous regions: 4->4
[2024-07-06T13:12:33.921-0700][info][gc,metaspace   ] GC(105) Metaspace: 305K(512K)->305K(512K) NonClass: 297K(384K)->297K(384K) Class: 7K(128K)->7K(128K)
[2024-07-06T13:12:33.921-0700][info][gc             ] GC(105) Pause Young (Normal) (G1 Preventive Collection) 4068M->4080M(4096M) 8.557ms
[2024-07-06T13:12:33.921-0700][info][gc,cpu         ] GC(105) User=0.03s Sys=0.00s Real=0.01s
[2024-07-06T13:12:33.922-0700][info][gc,start       ] GC(106) Pause Young (Concurrent Start) (G1 Evacuation Pause)
[2024-07-06T13:12:33.922-0700][info][gc,task        ] GC(106) Using 4 workers of 4 for evacuation
[2024-07-06T13:12:33.923-0700][info][gc             ] GC(106) To-space exhausted
[2024-07-06T13:12:33.923-0700][info][gc,phases      ] GC(106)   Pre Evacuate Collection Set: 0.2ms
[2024-07-06T13:12:33.923-0700][info][gc,phases      ] GC(106)   Merge Heap Roots: 0.1ms
[2024-07-06T13:12:33.923-0700][info][gc,phases      ] GC(106)   Evacuate Collection Set: 0.7ms
[2024-07-06T13:12:33.923-0700][info][gc,phases      ] GC(106)   Post Evacuate Collection Set: 0.6ms
[2024-07-06T13:12:33.923-0700][info][gc,phases      ] GC(106)   Other: 0.1ms
[2024-07-06T13:12:33.923-0700][info][gc,heap        ] GC(106) Eden regions: 1->0(51)
[2024-07-06T13:12:33.923-0700][info][gc,heap        ] GC(106) Survivor regions: 0->0(0)
[2024-07-06T13:12:33.923-0700][info][gc,heap        ] GC(106) Old regions: 1017->1018
[2024-07-06T13:12:33.923-0700][info][gc,heap        ] GC(106) Archive regions: 2->2
[2024-07-06T13:12:33.924-0700][info][gc,heap        ] GC(106) Humongous regions: 4->4
[2024-07-06T13:12:33.924-0700][info][gc,metaspace   ] GC(106) Metaspace: 305K(512K)->305K(512K) NonClass: 297K(384K)->297K(384K) Class: 7K(128K)->7K(128K)
[2024-07-06T13:12:33.924-0700][info][gc             ] GC(106) Pause Young (Concurrent Start) (G1 Evacuation Pause) 4084M->4084M(4096M) 1.762ms
[2024-07-06T13:12:33.924-0700][info][gc,cpu         ] GC(106) User=0.01s Sys=0.00s Real=0.01s
[2024-07-06T13:12:33.924-0700][info][gc,ergo        ] Attempting full compaction
[2024-07-06T13:12:33.924-0700][info][gc             ] GC(107) Concurrent Mark Cycle
[2024-07-06T13:12:33.924-0700][info][gc,marking     ] GC(107) Concurrent Clear Claimed Marks
[2024-07-06T13:12:33.924-0700][info][gc,marking     ] GC(107) Concurrent Clear Claimed Marks 0.030ms
[2024-07-06T13:12:33.924-0700][info][gc,marking     ] GC(107) Concurrent Scan Root Regions
[2024-07-06T13:12:33.924-0700][info][gc,marking     ] GC(107) Concurrent Scan Root Regions 0.029ms
[2024-07-06T13:12:33.924-0700][info][gc,marking     ] GC(107) Concurrent Mark
[2024-07-06T13:12:33.924-0700][info][gc,marking     ] GC(107) Concurrent Mark From Roots
[2024-07-06T13:12:33.924-0700][info][gc,task        ] GC(107) Using 1 workers of 1 for marking
[2024-07-06T13:12:33.924-0700][info][gc,task        ] GC(108) Using 4 workers of 4 for full compaction
[2024-07-06T13:12:33.924-0700][info][gc,start       ] GC(108) Pause Full (G1 Compaction Pause)
[2024-07-06T13:12:33.927-0700][info][gc,phases,start] GC(108) Phase 1: Mark live objects
[2024-07-06T13:12:34.024-0700][info][gc,phases      ] GC(108) Phase 1: Mark live objects 97.114ms
[2024-07-06T13:12:34.024-0700][info][gc,phases,start] GC(108) Phase 2: Prepare for compaction
[2024-07-06T13:12:34.025-0700][info][gc,phases      ] GC(108) Phase 2: Prepare for compaction 1.352ms
[2024-07-06T13:12:34.025-0700][info][gc,phases,start] GC(108) Phase 3: Adjust pointers
[2024-07-06T13:12:34.089-0700][info][gc,phases      ] GC(108) Phase 3: Adjust pointers 63.768ms
[2024-07-06T13:12:34.089-0700][info][gc,phases,start] GC(108) Phase 4: Compact heap
[2024-07-06T13:12:34.092-0700][info][gc,phases      ] GC(108) Phase 4: Compact heap 2.700ms
[2024-07-06T13:12:34.095-0700][info][gc,heap        ] GC(108) Eden regions: 0->0(51)
[2024-07-06T13:12:34.095-0700][info][gc,heap        ] GC(108) Survivor regions: 0->0(0)
[2024-07-06T13:12:34.095-0700][info][gc,heap        ] GC(108) Old regions: 1018->1015
[2024-07-06T13:12:34.095-0700][info][gc,heap        ] GC(108) Archive regions: 2->2
[2024-07-06T13:12:34.095-0700][info][gc,heap        ] GC(108) Humongous regions: 4->4
[2024-07-06T13:12:34.095-0700][info][gc,metaspace   ] GC(108) Metaspace: 305K(512K)->305K(512K) NonClass: 297K(384K)->297K(384K) Class: 7K(128K)->7K(128K)
[2024-07-06T13:12:34.095-0700][info][gc             ] GC(108) Pause Full (G1 Compaction Pause) 4084M->4071M(4096M) 171.094ms
[2024-07-06T13:12:34.095-0700][info][gc,cpu         ] GC(108) User=0.67s Sys=0.01s Real=0.17s
[2024-07-06T13:12:34.095-0700][info][gc,marking     ] GC(107) Concurrent Mark From Roots 171.345ms
[2024-07-06T13:12:34.095-0700][info][gc,marking     ] GC(107) Concurrent Mark Abort
[2024-07-06T13:12:34.095-0700][info][gc             ] GC(107) Concurrent Mark Cycle 171.567ms
[2024-07-06T13:12:34.096-0700][info][gc,start       ] GC(109) Pause Young (Normal) (G1 Preventive Collection)
[2024-07-06T13:12:34.096-0700][info][gc,task        ] GC(109) Using 4 workers of 4 for evacuation
[2024-07-06T13:12:34.097-0700][info][gc,phases      ] GC(109)   Pre Evacuate Collection Set: 0.1ms
[2024-07-06T13:12:34.097-0700][info][gc,phases      ] GC(109)   Merge Heap Roots: 0.1ms
[2024-07-06T13:12:34.097-0700][info][gc,phases      ] GC(109)   Evacuate Collection Set: 0.7ms
[2024-07-06T13:12:34.097-0700][info][gc,phases      ] GC(109)   Post Evacuate Collection Set: 0.2ms
[2024-07-06T13:12:34.097-0700][info][gc,phases      ] GC(109)   Other: 0.0ms
[2024-07-06T13:12:34.097-0700][info][gc,heap        ] GC(109) Eden regions: 1->0(49)
[2024-07-06T13:12:34.097-0700][info][gc,heap        ] GC(109) Survivor regions: 0->2(2)
[2024-07-06T13:12:34.097-0700][info][gc,heap        ] GC(109) Old regions: 1015->1015
[2024-07-06T13:12:34.097-0700][info][gc,heap        ] GC(109) Archive regions: 2->2
[2024-07-06T13:12:34.097-0700][info][gc,heap        ] GC(109) Humongous regions: 4->4
[2024-07-06T13:12:34.097-0700][info][gc,metaspace   ] GC(109) Metaspace: 305K(512K)->305K(512K) NonClass: 297K(384K)->297K(384K) Class: 7K(128K)->7K(128K)
[2024-07-06T13:12:34.097-0700][info][gc             ] GC(109) Pause Young (Normal) (G1 Preventive Collection) 4075M->4075M(4096M) 1.249ms
[2024-07-06T13:12:34.097-0700][info][gc,cpu         ] GC(109) User=0.00s Sys=0.00s Real=0.00s
[2024-07-06T13:12:36.025-0700][info][gc,start       ] GC(110) Pause Young (Concurrent Start) (G1 Evacuation Pause)
[2024-07-06T13:12:36.025-0700][info][gc,task        ] GC(110) Using 4 workers of 4 for evacuation
[2024-07-06T13:12:36.031-0700][info][gc             ] GC(110) To-space exhausted
[2024-07-06T13:12:36.031-0700][info][gc,phases      ] GC(110)   Pre Evacuate Collection Set: 0.2ms
[2024-07-06T13:12:36.031-0700][info][gc,phases      ] GC(110)   Merge Heap Roots: 0.2ms
[2024-07-06T13:12:36.031-0700][info][gc,phases      ] GC(110)   Evacuate Collection Set: 4.9ms
[2024-07-06T13:12:36.031-0700][info][gc,phases      ] GC(110)   Post Evacuate Collection Set: 0.6ms
[2024-07-06T13:12:36.031-0700][info][gc,phases      ] GC(110)   Other: 0.2ms
[2024-07-06T13:12:36.031-0700][info][gc,heap        ] GC(110) Eden regions: 1->0(51)
[2024-07-06T13:12:36.031-0700][info][gc,heap        ] GC(110) Survivor regions: 2->0(0)
[2024-07-06T13:12:36.031-0700][info][gc,heap        ] GC(110) Old regions: 1015->1018
[2024-07-06T13:12:36.031-0700][info][gc,heap        ] GC(110) Archive regions: 2->2
[2024-07-06T13:12:36.031-0700][info][gc,heap        ] GC(110) Humongous regions: 4->4
[2024-07-06T13:12:36.031-0700][info][gc,metaspace   ] GC(110) Metaspace: 305K(512K)->305K(512K) NonClass: 297K(384K)->297K(384K) Class: 7K(128K)->7K(128K)
[2024-07-06T13:12:36.031-0700][info][gc             ] GC(110) Pause Young (Concurrent Start) (G1 Evacuation Pause) 4079M->4079M(4096M) 6.120ms
[2024-07-06T13:12:36.031-0700][info][gc,cpu         ] GC(110) User=0.02s Sys=0.00s Real=0.00s
[2024-07-06T13:12:36.031-0700][info][gc,ergo        ] Attempting full compaction
[2024-07-06T13:12:36.031-0700][info][gc             ] GC(111) Concurrent Mark Cycle
[2024-07-06T13:12:36.031-0700][info][gc,marking     ] GC(111) Concurrent Clear Claimed Marks
[2024-07-06T13:12:36.031-0700][info][gc,marking     ] GC(111) Concurrent Clear Claimed Marks 0.026ms
[2024-07-06T13:12:36.031-0700][info][gc,marking     ] GC(111) Concurrent Scan Root Regions
[2024-07-06T13:12:36.031-0700][info][gc,marking     ] GC(111) Concurrent Scan Root Regions 0.013ms
[2024-07-06T13:12:36.031-0700][info][gc,marking     ] GC(111) Concurrent Mark
[2024-07-06T13:12:36.031-0700][info][gc,marking     ] GC(111) Concurrent Mark From Roots
[2024-07-06T13:12:36.031-0700][info][gc,task        ] GC(111) Using 1 workers of 1 for marking
[2024-07-06T13:12:36.031-0700][info][gc,task        ] GC(112) Using 4 workers of 4 for full compaction
[2024-07-06T13:12:36.031-0700][info][gc,start       ] GC(112) Pause Full (G1 Compaction Pause)
[2024-07-06T13:12:36.034-0700][info][gc,phases,start] GC(112) Phase 1: Mark live objects
[2024-07-06T13:12:36.140-0700][info][gc,phases      ] GC(112) Phase 1: Mark live objects 105.968ms
[2024-07-06T13:12:36.140-0700][info][gc,phases,start] GC(112) Phase 2: Prepare for compaction
[2024-07-06T13:12:36.142-0700][info][gc,phases      ] GC(112) Phase 2: Prepare for compaction 1.290ms
[2024-07-06T13:12:36.142-0700][info][gc,phases,start] GC(112) Phase 3: Adjust pointers
[2024-07-06T13:12:36.209-0700][info][gc,phases      ] GC(112) Phase 3: Adjust pointers 67.382ms
[2024-07-06T13:12:36.209-0700][info][gc,phases,start] GC(112) Phase 4: Compact heap
[2024-07-06T13:12:36.211-0700][info][gc,phases      ] GC(112) Phase 4: Compact heap 1.428ms
[2024-07-06T13:12:36.214-0700][info][gc,heap        ] GC(112) Eden regions: 0->0(51)
[2024-07-06T13:12:36.214-0700][info][gc,heap        ] GC(112) Survivor regions: 0->0(0)
[2024-07-06T13:12:36.214-0700][info][gc,heap        ] GC(112) Old regions: 1018->1017
[2024-07-06T13:12:36.214-0700][info][gc,heap        ] GC(112) Archive regions: 2->2
[2024-07-06T13:12:36.214-0700][info][gc,heap        ] GC(112) Humongous regions: 4->4
[2024-07-06T13:12:36.214-0700][info][gc,metaspace   ] GC(112) Metaspace: 305K(512K)->305K(512K) NonClass: 297K(384K)->297K(384K) Class: 7K(128K)->7K(128K)
[2024-07-06T13:12:36.214-0700][info][gc             ] GC(112) Pause Full (G1 Compaction Pause) 4079M->4078M(4096M) 183.026ms
[2024-07-06T13:12:36.214-0700][info][gc,cpu         ] GC(112) User=0.71s Sys=0.00s Real=0.18s
[2024-07-06T13:12:36.214-0700][info][gc,marking     ] GC(111) Concurrent Mark From Roots 183.304ms
[2024-07-06T13:12:36.214-0700][info][gc,marking     ] GC(111) Concurrent Mark Abort
[2024-07-06T13:12:36.214-0700][info][gc             ] GC(111) Concurrent Mark Cycle 183.502ms
[2024-07-06T13:12:36.215-0700][info][gc,start       ] GC(113) Pause Young (Normal) (G1 Evacuation Pause)
[2024-07-06T13:12:36.215-0700][info][gc,task        ] GC(113) Using 4 workers of 4 for evacuation
[2024-07-06T13:12:36.216-0700][info][gc             ] GC(113) To-space exhausted
[2024-07-06T13:12:36.216-0700][info][gc,phases      ] GC(113)   Pre Evacuate Collection Set: 0.2ms
[2024-07-06T13:12:36.216-0700][info][gc,phases      ] GC(113)   Merge Heap Roots: 0.1ms
[2024-07-06T13:12:36.217-0700][info][gc,phases      ] GC(113)   Evacuate Collection Set: 0.7ms
[2024-07-06T13:12:36.217-0700][info][gc,phases      ] GC(113)   Post Evacuate Collection Set: 0.5ms
[2024-07-06T13:12:36.217-0700][info][gc,phases      ] GC(113)   Other: 0.1ms
[2024-07-06T13:12:36.217-0700][info][gc,heap        ] GC(113) Eden regions: 1->0(51)
[2024-07-06T13:12:36.217-0700][info][gc,heap        ] GC(113) Survivor regions: 0->0(0)
[2024-07-06T13:12:36.217-0700][info][gc,heap        ] GC(113) Old regions: 1017->1018
[2024-07-06T13:12:36.217-0700][info][gc,heap        ] GC(113) Archive regions: 2->2
[2024-07-06T13:12:36.217-0700][info][gc,heap        ] GC(113) Humongous regions: 4->4
[2024-07-06T13:12:36.217-0700][info][gc,metaspace   ] GC(113) Metaspace: 305K(512K)->305K(512K) NonClass: 297K(384K)->297K(384K) Class: 7K(128K)->7K(128K)
[2024-07-06T13:12:36.217-0700][info][gc             ] GC(113) Pause Young (Normal) (G1 Evacuation Pause) 4082M->4082M(4096M) 1.614ms
[2024-07-06T13:12:36.217-0700][info][gc,cpu         ] GC(113) User=0.00s Sys=0.00s Real=0.00s
[2024-07-06T13:12:36.217-0700][info][gc,ergo        ] Attempting full compaction
[2024-07-06T13:12:36.217-0700][info][gc,task        ] GC(114) Using 4 workers of 4 for full compaction
[2024-07-06T13:12:36.217-0700][info][gc,start       ] GC(114) Pause Full (G1 Compaction Pause)
[2024-07-06T13:12:36.217-0700][info][gc,phases,start] GC(114) Phase 1: Mark live objects
[2024-07-06T13:12:36.323-0700][info][gc,phases      ] GC(114) Phase 1: Mark live objects 106.688ms
[2024-07-06T13:12:36.323-0700][info][gc,phases,start] GC(114) Phase 2: Prepare for compaction
[2024-07-06T13:12:36.324-0700][info][gc,phases      ] GC(114) Phase 2: Prepare for compaction 0.981ms
[2024-07-06T13:12:36.324-0700][info][gc,phases,start] GC(114) Phase 3: Adjust pointers
[2024-07-06T13:12:36.388-0700][info][gc,phases      ] GC(114) Phase 3: Adjust pointers 63.853ms
[2024-07-06T13:12:36.388-0700][info][gc,phases,start] GC(114) Phase 4: Compact heap
[2024-07-06T13:12:36.389-0700][info][gc,phases      ] GC(114) Phase 4: Compact heap 0.747ms
[2024-07-06T13:12:36.392-0700][info][gc,heap        ] GC(114) Eden regions: 0->0(51)
[2024-07-06T13:12:36.392-0700][info][gc,heap        ] GC(114) Survivor regions: 0->0(0)
[2024-07-06T13:12:36.392-0700][info][gc,heap        ] GC(114) Old regions: 1018->1016
[2024-07-06T13:12:36.392-0700][info][gc,heap        ] GC(114) Archive regions: 2->2
[2024-07-06T13:12:36.392-0700][info][gc,heap        ] GC(114) Humongous regions: 4->4
[2024-07-06T13:12:36.392-0700][info][gc,metaspace   ] GC(114) Metaspace: 305K(512K)->305K(512K) NonClass: 297K(384K)->297K(384K) Class: 7K(128K)->7K(128K)
[2024-07-06T13:12:36.392-0700][info][gc             ] GC(114) Pause Full (G1 Compaction Pause) 4082M->4082M(4096M) 175.651ms
[2024-07-06T13:12:36.392-0700][info][gc,cpu         ] GC(114) User=0.69s Sys=0.00s Real=0.17s
[2024-07-06T13:12:38.394-0700][info][gc,start       ] GC(115) Pause Young (Concurrent Start) (G1 Preventive Collection)
[2024-07-06T13:12:38.394-0700][info][gc,task        ] GC(115) Using 4 workers of 4 for evacuation
[2024-07-06T13:12:38.399-0700][info][gc             ] GC(115) To-space exhausted
[2024-07-06T13:12:38.399-0700][info][gc,phases      ] GC(115)   Pre Evacuate Collection Set: 0.2ms
[2024-07-06T13:12:38.399-0700][info][gc,phases      ] GC(115)   Merge Heap Roots: 0.2ms
[2024-07-06T13:12:38.399-0700][info][gc,phases      ] GC(115)   Evacuate Collection Set: 4.3ms
[2024-07-06T13:12:38.399-0700][info][gc,phases      ] GC(115)   Post Evacuate Collection Set: 0.5ms
[2024-07-06T13:12:38.399-0700][info][gc,phases      ] GC(115)   Other: 0.2ms
[2024-07-06T13:12:38.399-0700][info][gc,heap        ] GC(115) Eden regions: 1->0(50)
[2024-07-06T13:12:38.399-0700][info][gc,heap        ] GC(115) Survivor regions: 0->1(1)
[2024-07-06T13:12:38.399-0700][info][gc,heap        ] GC(115) Old regions: 1016->1017
[2024-07-06T13:12:38.399-0700][info][gc,heap        ] GC(115) Archive regions: 2->2
[2024-07-06T13:12:38.399-0700][info][gc,heap        ] GC(115) Humongous regions: 4->4
[2024-07-06T13:12:38.399-0700][info][gc,metaspace   ] GC(115) Metaspace: 305K(512K)->305K(512K) NonClass: 297K(384K)->297K(384K) Class: 7K(128K)->7K(128K)
[2024-07-06T13:12:38.399-0700][info][gc             ] GC(115) Pause Young (Concurrent Start) (G1 Preventive Collection) 4086M->4090M(4096M) 5.532ms
[2024-07-06T13:12:38.399-0700][info][gc,cpu         ] GC(115) User=0.01s Sys=0.00s Real=0.01s
[2024-07-06T13:12:38.399-0700][info][gc,ergo        ] Attempting full compaction
[2024-07-06T13:12:38.399-0700][info][gc             ] GC(116) Concurrent Mark Cycle
[2024-07-06T13:12:38.399-0700][info][gc,marking     ] GC(116) Concurrent Clear Claimed Marks
[2024-07-06T13:12:38.399-0700][info][gc,marking     ] GC(116) Concurrent Clear Claimed Marks 0.026ms
[2024-07-06T13:12:38.399-0700][info][gc,task        ] GC(117) Using 4 workers of 4 for full compaction
[2024-07-06T13:12:38.399-0700][info][gc,marking     ] GC(116) Concurrent Scan Root Regions
[2024-07-06T13:12:38.399-0700][info][gc,start       ] GC(117) Pause Full (G1 Compaction Pause)
[2024-07-06T13:12:38.399-0700][info][gc,marking     ] GC(116) Concurrent Scan Root Regions 0.164ms
[2024-07-06T13:12:38.399-0700][info][gc,marking     ] GC(116) Concurrent Mark
[2024-07-06T13:12:38.399-0700][info][gc,marking     ] GC(116) Concurrent Mark From Roots
[2024-07-06T13:12:38.399-0700][info][gc,task        ] GC(116) Using 1 workers of 1 for marking
[2024-07-06T13:12:38.403-0700][info][gc,phases,start] GC(117) Phase 1: Mark live objects
[2024-07-06T13:12:38.510-0700][info][gc,phases      ] GC(117) Phase 1: Mark live objects 107.983ms
[2024-07-06T13:12:38.510-0700][info][gc,phases,start] GC(117) Phase 2: Prepare for compaction
[2024-07-06T13:12:38.512-0700][info][gc,phases      ] GC(117) Phase 2: Prepare for compaction 1.787ms
[2024-07-06T13:12:38.512-0700][info][gc,phases,start] GC(117) Phase 3: Adjust pointers
[2024-07-06T13:12:38.591-0700][info][gc,phases      ] GC(117) Phase 3: Adjust pointers 78.707ms
[2024-07-06T13:12:38.591-0700][info][gc,phases,start] GC(117) Phase 4: Compact heap
[2024-07-06T13:12:38.593-0700][info][gc,phases      ] GC(117) Phase 4: Compact heap 2.030ms
[2024-07-06T13:12:38.597-0700][info][gc,heap        ] GC(117) Eden regions: 0->0(51)
[2024-07-06T13:12:38.597-0700][info][gc,heap        ] GC(117) Survivor regions: 1->0(1)
[2024-07-06T13:12:38.597-0700][info][gc,heap        ] GC(117) Old regions: 1017->1017
[2024-07-06T13:12:38.597-0700][info][gc,heap        ] GC(117) Archive regions: 2->2
[2024-07-06T13:12:38.597-0700][info][gc,heap        ] GC(117) Humongous regions: 4->4
[2024-07-06T13:12:38.597-0700][info][gc,metaspace   ] GC(117) Metaspace: 305K(512K)->305K(512K) NonClass: 297K(384K)->297K(384K) Class: 7K(128K)->7K(128K)
[2024-07-06T13:12:38.597-0700][info][gc             ] GC(117) Pause Full (G1 Compaction Pause) 4090M->4085M(4096M) 197.384ms
[2024-07-06T13:12:38.597-0700][info][gc,cpu         ] GC(117) User=0.76s Sys=0.00s Real=0.20s
[2024-07-06T13:12:38.597-0700][info][gc,marking     ] GC(116) Concurrent Mark From Roots 197.479ms
[2024-07-06T13:12:38.597-0700][info][gc,marking     ] GC(116) Concurrent Mark Abort
[2024-07-06T13:12:38.597-0700][info][gc             ] GC(116) Concurrent Mark Cycle 197.748ms
[2024-07-06T13:12:38.597-0700][info][gc,start       ] GC(118) Pause Young (Normal) (G1 Evacuation Pause)
[2024-07-06T13:12:38.597-0700][info][gc,task        ] GC(118) Using 4 workers of 4 for evacuation
[2024-07-06T13:12:38.599-0700][info][gc             ] GC(118) To-space exhausted
[2024-07-06T13:12:38.599-0700][info][gc,phases      ] GC(118)   Pre Evacuate Collection Set: 0.2ms
[2024-07-06T13:12:38.599-0700][info][gc,phases      ] GC(118)   Merge Heap Roots: 0.1ms
[2024-07-06T13:12:38.599-0700][info][gc,phases      ] GC(118)   Evacuate Collection Set: 0.6ms
[2024-07-06T13:12:38.599-0700][info][gc,phases      ] GC(118)   Post Evacuate Collection Set: 0.5ms
[2024-07-06T13:12:38.599-0700][info][gc,phases      ] GC(118)   Other: 0.1ms
[2024-07-06T13:12:38.599-0700][info][gc,heap        ] GC(118) Eden regions: 1->0(51)
[2024-07-06T13:12:38.599-0700][info][gc,heap        ] GC(118) Survivor regions: 0->0(0)
[2024-07-06T13:12:38.599-0700][info][gc,heap        ] GC(118) Old regions: 1017->1018
[2024-07-06T13:12:38.599-0700][info][gc,heap        ] GC(118) Archive regions: 2->2
[2024-07-06T13:12:38.599-0700][info][gc,heap        ] GC(118) Humongous regions: 4->4
[2024-07-06T13:12:38.599-0700][info][gc,metaspace   ] GC(118) Metaspace: 305K(512K)->305K(512K) NonClass: 297K(384K)->297K(384K) Class: 7K(128K)->7K(128K)
[2024-07-06T13:12:38.599-0700][info][gc             ] GC(118) Pause Young (Normal) (G1 Evacuation Pause) 4089M->4089M(4096M) 1.509ms
[2024-07-06T13:12:38.599-0700][info][gc,cpu         ] GC(118) User=0.00s Sys=0.00s Real=0.00s
[2024-07-06T13:12:38.599-0700][info][gc,ergo        ] Attempting full compaction
[2024-07-06T13:12:38.599-0700][info][gc,task        ] GC(119) Using 4 workers of 4 for full compaction
[2024-07-06T13:12:38.599-0700][info][gc,start       ] GC(119) Pause Full (G1 Compaction Pause)
[2024-07-06T13:12:38.599-0700][info][gc,phases,start] GC(119) Phase 1: Mark live objects
[2024-07-06T13:12:38.711-0700][info][gc,phases      ] GC(119) Phase 1: Mark live objects 112.212ms
[2024-07-06T13:12:38.711-0700][info][gc,phases,start] GC(119) Phase 2: Prepare for compaction
[2024-07-06T13:12:38.713-0700][info][gc,phases      ] GC(119) Phase 2: Prepare for compaction 1.326ms
[2024-07-06T13:12:38.713-0700][info][gc,phases,start] GC(119) Phase 3: Adjust pointers
[2024-07-06T13:12:38.780-0700][info][gc,phases      ] GC(119) Phase 3: Adjust pointers 67.083ms
[2024-07-06T13:12:38.780-0700][info][gc,phases,start] GC(119) Phase 4: Compact heap
[2024-07-06T13:12:38.781-0700][info][gc,phases      ] GC(119) Phase 4: Compact heap 0.946ms
[2024-07-06T13:12:38.785-0700][info][gc,heap        ] GC(119) Eden regions: 0->0(51)
[2024-07-06T13:12:38.785-0700][info][gc,heap        ] GC(119) Survivor regions: 0->0(0)
[2024-07-06T13:12:38.785-0700][info][gc,heap        ] GC(119) Old regions: 1018->1018
[2024-07-06T13:12:38.785-0700][info][gc,heap        ] GC(119) Archive regions: 2->2
[2024-07-06T13:12:38.785-0700][info][gc,heap        ] GC(119) Humongous regions: 4->4
[2024-07-06T13:12:38.785-0700][info][gc,metaspace   ] GC(119) Metaspace: 305K(512K)->305K(512K) NonClass: 297K(384K)->297K(384K) Class: 7K(128K)->7K(128K)
[2024-07-06T13:12:38.785-0700][info][gc             ] GC(119) Pause Full (G1 Compaction Pause) 4089M->4089M(4096M) 185.783ms
[2024-07-06T13:12:38.785-0700][info][gc,cpu         ] GC(119) User=0.73s Sys=0.01s Real=0.19s
[2024-07-06T13:12:38.785-0700][info][gc,ergo        ] Attempting maximum full compaction clearing soft references
[2024-07-06T13:12:38.785-0700][info][gc,task        ] GC(120) Using 4 workers of 4 for full compaction
[2024-07-06T13:12:38.785-0700][info][gc,start       ] GC(120) Pause Full (G1 Compaction Pause)
[2024-07-06T13:12:38.785-0700][info][gc,phases,start] GC(120) Phase 1: Mark live objects
[2024-07-06T13:12:38.906-0700][info][gc,phases      ] GC(120) Phase 1: Mark live objects 120.448ms
[2024-07-06T13:12:38.906-0700][info][gc,phases,start] GC(120) Phase 2: Prepare for compaction
[2024-07-06T13:12:38.987-0700][info][gc,phases      ] GC(120) Phase 2: Prepare for compaction 81.542ms
[2024-07-06T13:12:38.987-0700][info][gc,phases,start] GC(120) Phase 3: Adjust pointers
[2024-07-06T13:12:39.084-0700][info][gc,phases      ] GC(120) Phase 3: Adjust pointers 96.392ms
[2024-07-06T13:12:39.084-0700][info][gc,phases,start] GC(120) Phase 4: Compact heap
[2024-07-06T13:12:39.610-0700][info][gc,phases      ] GC(120) Phase 4: Compact heap 525.945ms
[2024-07-06T13:12:39.613-0700][info][gc,heap        ] GC(120) Eden regions: 0->0(51)
[2024-07-06T13:12:39.613-0700][info][gc,heap        ] GC(120) Survivor regions: 0->0(0)
[2024-07-06T13:12:39.613-0700][info][gc,heap        ] GC(120) Old regions: 1018->988
[2024-07-06T13:12:39.613-0700][info][gc,heap        ] GC(120) Archive regions: 2->2
[2024-07-06T13:12:39.613-0700][info][gc,heap        ] GC(120) Humongous regions: 4->4
[2024-07-06T13:12:39.613-0700][info][gc,metaspace   ] GC(120) Metaspace: 305K(512K)->305K(512K) NonClass: 297K(384K)->297K(384K) Class: 7K(128K)->7K(128K)
[2024-07-06T13:12:39.613-0700][info][gc             ] GC(120) Pause Full (G1 Compaction Pause) 4089M->3962M(4096M) 828.042ms
[2024-07-06T13:12:39.613-0700][info][gc,cpu         ] GC(120) User=3.23s Sys=0.00s Real=0.82s
[2024-07-06T13:12:53.729-0700][info][gc,start       ] GC(121) Pause Young (Concurrent Start) (G1 Preventive Collection)
[2024-07-06T13:12:53.729-0700][info][gc,task        ] GC(121) Using 4 workers of 4 for evacuation
[2024-07-06T13:12:53.747-0700][info][gc             ] GC(121) To-space exhausted
[2024-07-06T13:12:53.747-0700][info][gc,phases      ] GC(121)   Pre Evacuate Collection Set: 0.2ms
[2024-07-06T13:12:53.747-0700][info][gc,phases      ] GC(121)   Merge Heap Roots: 0.1ms
[2024-07-06T13:12:53.747-0700][info][gc,phases      ] GC(121)   Evacuate Collection Set: 16.4ms
[2024-07-06T13:12:53.747-0700][info][gc,phases      ] GC(121)   Post Evacuate Collection Set: 1.4ms
[2024-07-06T13:12:53.747-0700][info][gc,phases      ] GC(121)   Other: 0.2ms
[2024-07-06T13:12:53.747-0700][info][gc,heap        ] GC(121) Eden regions: 18->0(44)
[2024-07-06T13:12:53.747-0700][info][gc,heap        ] GC(121) Survivor regions: 0->7(7)
[2024-07-06T13:12:53.747-0700][info][gc,heap        ] GC(121) Old regions: 988->1006
[2024-07-06T13:12:53.747-0700][info][gc,heap        ] GC(121) Archive regions: 2->2
[2024-07-06T13:12:53.747-0700][info][gc,heap        ] GC(121) Humongous regions: 4->4
[2024-07-06T13:12:53.747-0700][info][gc,metaspace   ] GC(121) Metaspace: 305K(512K)->305K(512K) NonClass: 297K(384K)->297K(384K) Class: 7K(128K)->7K(128K)
[2024-07-06T13:12:53.747-0700][info][gc             ] GC(121) Pause Young (Concurrent Start) (G1 Preventive Collection) 4034M->4062M(4096M) 18.355ms
[2024-07-06T13:12:53.747-0700][info][gc,cpu         ] GC(121) User=0.07s Sys=0.00s Real=0.02s
[2024-07-06T13:12:53.747-0700][info][gc             ] GC(122) Concurrent Mark Cycle
[2024-07-06T13:12:53.747-0700][info][gc,marking     ] GC(122) Concurrent Clear Claimed Marks
[2024-07-06T13:12:53.747-0700][info][gc,marking     ] GC(122) Concurrent Clear Claimed Marks 0.006ms
[2024-07-06T13:12:53.747-0700][info][gc,marking     ] GC(122) Concurrent Scan Root Regions
[2024-07-06T13:12:53.750-0700][info][gc,marking     ] GC(122) Concurrent Scan Root Regions 2.825ms
[2024-07-06T13:12:53.750-0700][info][gc,marking     ] GC(122) Concurrent Mark
[2024-07-06T13:12:53.750-0700][info][gc,marking     ] GC(122) Concurrent Mark From Roots
[2024-07-06T13:12:53.750-0700][info][gc,task        ] GC(122) Using 1 workers of 1 for marking
[2024-07-06T13:12:54.318-0700][info][gc,marking     ] GC(122) Concurrent Mark From Roots 567.713ms
[2024-07-06T13:12:54.318-0700][info][gc,marking     ] GC(122) Concurrent Preclean
[2024-07-06T13:12:54.318-0700][info][gc,marking     ] GC(122) Concurrent Preclean 0.063ms
[2024-07-06T13:12:57.598-0700][info][gc,start       ] GC(122) Pause Remark
[2024-07-06T13:12:57.599-0700][info][gc             ] GC(122) Pause Remark 4066M->4066M(4096M) 0.913ms
[2024-07-06T13:12:57.599-0700][info][gc,cpu         ] GC(122) User=0.00s Sys=0.00s Real=0.00s
[2024-07-06T13:12:57.599-0700][info][gc,marking     ] GC(122) Concurrent Mark 3848.490ms
[2024-07-06T13:12:57.599-0700][info][gc,marking     ] GC(122) Concurrent Rebuild Remembered Sets
[2024-07-06T13:12:57.859-0700][info][gc,marking     ] GC(122) Concurrent Rebuild Remembered Sets 259.871ms
[2024-07-06T13:12:58.929-0700][info][gc,start       ] GC(122) Pause Cleanup
[2024-07-06T13:12:58.930-0700][info][gc             ] GC(122) Pause Cleanup 4066M->4066M(4096M) 0.533ms
[2024-07-06T13:12:58.930-0700][info][gc,cpu         ] GC(122) User=0.00s Sys=0.00s Real=0.00s
[2024-07-06T13:12:58.930-0700][info][gc,marking     ] GC(122) Concurrent Cleanup for Next Mark
[2024-07-06T13:12:58.938-0700][info][gc,marking     ] GC(122) Concurrent Cleanup for Next Mark 8.281ms
[2024-07-06T13:12:58.938-0700][info][gc             ] GC(122) Concurrent Mark Cycle 5191.048ms
[2024-07-06T13:12:59.562-0700][info][gc,start       ] GC(123) Pause Young (Prepare Mixed) (G1 Preventive Collection)
[2024-07-06T13:12:59.562-0700][info][gc,task        ] GC(123) Using 4 workers of 4 for evacuation
[2024-07-06T13:12:59.572-0700][info][gc             ] GC(123) To-space exhausted
[2024-07-06T13:12:59.572-0700][info][gc,phases      ] GC(123)   Pre Evacuate Collection Set: 0.2ms
[2024-07-06T13:12:59.572-0700][info][gc,phases      ] GC(123)   Merge Heap Roots: 0.1ms
[2024-07-06T13:12:59.572-0700][info][gc,phases      ] GC(123)   Evacuate Collection Set: 8.3ms
[2024-07-06T13:12:59.572-0700][info][gc,phases      ] GC(123)   Post Evacuate Collection Set: 1.0ms
[2024-07-06T13:12:59.572-0700][info][gc,phases      ] GC(123)   Other: 0.1ms
[2024-07-06T13:12:59.572-0700][info][gc,heap        ] GC(123) Eden regions: 2->0(51)
[2024-07-06T13:12:59.572-0700][info][gc,heap        ] GC(123) Survivor regions: 7->0(3)
[2024-07-06T13:12:59.572-0700][info][gc,heap        ] GC(123) Old regions: 1006->1018
[2024-07-06T13:12:59.572-0700][info][gc,heap        ] GC(123) Archive regions: 2->2
[2024-07-06T13:12:59.572-0700][info][gc,heap        ] GC(123) Humongous regions: 4->4
[2024-07-06T13:12:59.572-0700][info][gc,metaspace   ] GC(123) Metaspace: 305K(512K)->305K(512K) NonClass: 297K(384K)->297K(384K) Class: 7K(128K)->7K(128K)
[2024-07-06T13:12:59.572-0700][info][gc             ] GC(123) Pause Young (Prepare Mixed) (G1 Preventive Collection) 4070M->4082M(4096M) 9.812ms
[2024-07-06T13:12:59.572-0700][info][gc,cpu         ] GC(123) User=0.04s Sys=0.00s Real=0.01s
[2024-07-06T13:12:59.572-0700][info][gc,ergo        ] Attempting full compaction
[2024-07-06T13:12:59.572-0700][info][gc,task        ] GC(124) Using 4 workers of 4 for full compaction
[2024-07-06T13:12:59.572-0700][info][gc,start       ] GC(124) Pause Full (G1 Compaction Pause)
[2024-07-06T13:12:59.572-0700][info][gc,phases,start] GC(124) Phase 1: Mark live objects
[2024-07-06T13:12:59.669-0700][info][gc,phases      ] GC(124) Phase 1: Mark live objects 96.687ms
[2024-07-06T13:12:59.669-0700][info][gc,phases,start] GC(124) Phase 2: Prepare for compaction
[2024-07-06T13:12:59.671-0700][info][gc,phases      ] GC(124) Phase 2: Prepare for compaction 2.023ms
[2024-07-06T13:12:59.671-0700][info][gc,phases,start] GC(124) Phase 3: Adjust pointers
[2024-07-06T13:12:59.741-0700][info][gc,phases      ] GC(124) Phase 3: Adjust pointers 70.311ms
[2024-07-06T13:12:59.741-0700][info][gc,phases,start] GC(124) Phase 4: Compact heap
[2024-07-06T13:12:59.746-0700][info][gc,phases      ] GC(124) Phase 4: Compact heap 5.367ms
[2024-07-06T13:12:59.750-0700][info][gc,heap        ] GC(124) Eden regions: 0->0(51)
[2024-07-06T13:12:59.750-0700][info][gc,heap        ] GC(124) Survivor regions: 0->0(3)
[2024-07-06T13:12:59.750-0700][info][gc,heap        ] GC(124) Old regions: 1018->1007
[2024-07-06T13:12:59.750-0700][info][gc,heap        ] GC(124) Archive regions: 2->2
[2024-07-06T13:12:59.750-0700][info][gc,heap        ] GC(124) Humongous regions: 4->4
[2024-07-06T13:12:59.750-0700][info][gc,metaspace   ] GC(124) Metaspace: 305K(512K)->305K(512K) NonClass: 297K(384K)->297K(384K) Class: 7K(128K)->7K(128K)
[2024-07-06T13:12:59.750-0700][info][gc             ] GC(124) Pause Full (G1 Compaction Pause) 4082M->4041M(4096M) 178.309ms
[2024-07-06T13:12:59.750-0700][info][gc,cpu         ] GC(124) User=0.69s Sys=0.00s Real=0.18s
[2024-07-06T13:13:07.199-0700][info][gc,start       ] GC(125) Pause Young (Concurrent Start) (G1 Preventive Collection)
[2024-07-06T13:13:07.199-0700][info][gc,task        ] GC(125) Using 4 workers of 4 for evacuation
[2024-07-06T13:13:07.208-0700][info][gc             ] GC(125) To-space exhausted
[2024-07-06T13:13:07.208-0700][info][gc,phases      ] GC(125)   Pre Evacuate Collection Set: 0.2ms
[2024-07-06T13:13:07.208-0700][info][gc,phases      ] GC(125)   Merge Heap Roots: 0.1ms
[2024-07-06T13:13:07.208-0700][info][gc,phases      ] GC(125)   Evacuate Collection Set: 8.1ms
[2024-07-06T13:13:07.208-0700][info][gc,phases      ] GC(125)   Post Evacuate Collection Set: 0.8ms
[2024-07-06T13:13:07.208-0700][info][gc,phases      ] GC(125)   Other: 0.2ms
[2024-07-06T13:13:07.208-0700][info][gc,heap        ] GC(125) Eden regions: 7->0(47)
[2024-07-06T13:13:07.208-0700][info][gc,heap        ] GC(125) Survivor regions: 0->4(4)
[2024-07-06T13:13:07.208-0700][info][gc,heap        ] GC(125) Old regions: 1007->1012
[2024-07-06T13:13:07.208-0700][info][gc,heap        ] GC(125) Archive regions: 2->2
[2024-07-06T13:13:07.208-0700][info][gc,heap        ] GC(125) Humongous regions: 4->4
[2024-07-06T13:13:07.208-0700][info][gc,metaspace   ] GC(125) Metaspace: 305K(512K)->305K(512K) NonClass: 297K(384K)->297K(384K) Class: 7K(128K)->7K(128K)
[2024-07-06T13:13:07.208-0700][info][gc             ] GC(125) Pause Young (Concurrent Start) (G1 Preventive Collection) 4069M->4077M(4096M) 9.471ms
[2024-07-06T13:13:07.208-0700][info][gc,cpu         ] GC(125) User=0.02s Sys=0.00s Real=0.01s
[2024-07-06T13:13:07.208-0700][info][gc             ] GC(126) Concurrent Mark Cycle
[2024-07-06T13:13:07.208-0700][info][gc,marking     ] GC(126) Concurrent Clear Claimed Marks
[2024-07-06T13:13:07.208-0700][info][gc,marking     ] GC(126) Concurrent Clear Claimed Marks 0.006ms
[2024-07-06T13:13:07.208-0700][info][gc,marking     ] GC(126) Concurrent Scan Root Regions
[2024-07-06T13:13:07.210-0700][info][gc,marking     ] GC(126) Concurrent Scan Root Regions 1.178ms
[2024-07-06T13:13:07.210-0700][info][gc,marking     ] GC(126) Concurrent Mark
[2024-07-06T13:13:07.210-0700][info][gc,marking     ] GC(126) Concurrent Mark From Roots
[2024-07-06T13:13:07.210-0700][info][gc,start       ] GC(127) Pause Young (Normal) (G1 Preventive Collection)
[2024-07-06T13:13:07.210-0700][info][gc,task        ] GC(127) Using 4 workers of 4 for evacuation
[2024-07-06T13:13:07.210-0700][info][gc,task        ] GC(126) Using 1 workers of 1 for marking
[2024-07-06T13:13:07.214-0700][info][gc             ] GC(127) To-space exhausted
[2024-07-06T13:13:07.214-0700][info][gc,phases      ] GC(127)   Pre Evacuate Collection Set: 0.8ms
[2024-07-06T13:13:07.214-0700][info][gc,phases      ] GC(127)   Merge Heap Roots: 0.1ms
[2024-07-06T13:13:07.214-0700][info][gc,phases      ] GC(127)   Evacuate Collection Set: 3.2ms
[2024-07-06T13:13:07.214-0700][info][gc,phases      ] GC(127)   Post Evacuate Collection Set: 0.8ms
[2024-07-06T13:13:07.214-0700][info][gc,phases      ] GC(127)   Other: 0.1ms
[2024-07-06T13:13:07.214-0700][info][gc,heap        ] GC(127) Eden regions: 1->0(51)
[2024-07-06T13:13:07.214-0700][info][gc,heap        ] GC(127) Survivor regions: 4->0(1)
[2024-07-06T13:13:07.214-0700][info][gc,heap        ] GC(127) Old regions: 1012->1018
[2024-07-06T13:13:07.214-0700][info][gc,heap        ] GC(127) Archive regions: 2->2
[2024-07-06T13:13:07.214-0700][info][gc,heap        ] GC(127) Humongous regions: 4->4
[2024-07-06T13:13:07.214-0700][info][gc,metaspace   ] GC(127) Metaspace: 305K(512K)->305K(512K) NonClass: 297K(384K)->297K(384K) Class: 7K(128K)->7K(128K)
[2024-07-06T13:13:07.214-0700][info][gc             ] GC(127) Pause Young (Normal) (G1 Preventive Collection) 4081M->4085M(4096M) 4.388ms
[2024-07-06T13:13:07.214-0700][info][gc,cpu         ] GC(127) User=0.02s Sys=0.00s Real=0.00s
[2024-07-06T13:13:07.214-0700][info][gc,ergo        ] Attempting full compaction
[2024-07-06T13:13:07.214-0700][info][gc,task        ] GC(128) Using 4 workers of 4 for full compaction
[2024-07-06T13:13:07.214-0700][info][gc,start       ] GC(128) Pause Full (G1 Compaction Pause)
[2024-07-06T13:13:07.217-0700][info][gc,phases,start] GC(128) Phase 1: Mark live objects
[2024-07-06T13:13:07.320-0700][info][gc,phases      ] GC(128) Phase 1: Mark live objects 102.927ms
[2024-07-06T13:13:07.320-0700][info][gc,phases,start] GC(128) Phase 2: Prepare for compaction
[2024-07-06T13:13:07.322-0700][info][gc,phases      ] GC(128) Phase 2: Prepare for compaction 1.482ms
[2024-07-06T13:13:07.322-0700][info][gc,phases,start] GC(128) Phase 3: Adjust pointers
[2024-07-06T13:13:07.386-0700][info][gc,phases      ] GC(128) Phase 3: Adjust pointers 64.594ms
[2024-07-06T13:13:07.386-0700][info][gc,phases,start] GC(128) Phase 4: Compact heap
[2024-07-06T13:13:07.390-0700][info][gc,phases      ] GC(128) Phase 4: Compact heap 3.448ms
[2024-07-06T13:13:07.393-0700][info][gc,heap        ] GC(128) Eden regions: 0->0(51)
[2024-07-06T13:13:07.393-0700][info][gc,heap        ] GC(128) Survivor regions: 0->0(1)
[2024-07-06T13:13:07.393-0700][info][gc,heap        ] GC(128) Old regions: 1018->1015
[2024-07-06T13:13:07.393-0700][info][gc,heap        ] GC(128) Archive regions: 2->2
[2024-07-06T13:13:07.393-0700][info][gc,heap        ] GC(128) Humongous regions: 4->4
[2024-07-06T13:13:07.393-0700][info][gc,metaspace   ] GC(128) Metaspace: 305K(512K)->305K(512K) NonClass: 297K(384K)->297K(384K) Class: 7K(128K)->7K(128K)
[2024-07-06T13:13:07.393-0700][info][gc             ] GC(128) Pause Full (G1 Compaction Pause) 4085M->4073M(4096M) 178.681ms
[2024-07-06T13:13:07.393-0700][info][gc,cpu         ] GC(128) User=0.69s Sys=0.00s Real=0.18s
[2024-07-06T13:13:07.393-0700][info][gc,marking     ] GC(126) Concurrent Mark From Roots 183.330ms
[2024-07-06T13:13:07.393-0700][info][gc,marking     ] GC(126) Concurrent Mark Abort
[2024-07-06T13:13:07.393-0700][info][gc             ] GC(126) Concurrent Mark Cycle 184.586ms
[2024-07-06T13:13:09.502-0700][info][gc,start       ] GC(129) Pause Young (Normal) (G1 Preventive Collection)
[2024-07-06T13:13:09.502-0700][info][gc,task        ] GC(129) Using 4 workers of 4 for evacuation
[2024-07-06T13:13:09.509-0700][info][gc             ] GC(129) To-space exhausted
[2024-07-06T13:13:09.509-0700][info][gc,phases      ] GC(129)   Pre Evacuate Collection Set: 0.2ms
[2024-07-06T13:13:09.509-0700][info][gc,phases      ] GC(129)   Merge Heap Roots: 0.1ms
[2024-07-06T13:13:09.509-0700][info][gc,phases      ] GC(129)   Evacuate Collection Set: 5.7ms
[2024-07-06T13:13:09.509-0700][info][gc,phases      ] GC(129)   Post Evacuate Collection Set: 0.6ms
[2024-07-06T13:13:09.509-0700][info][gc,phases      ] GC(129)   Other: 0.1ms
[2024-07-06T13:13:09.509-0700][info][gc,heap        ] GC(129) Eden regions: 2->0(50)
[2024-07-06T13:13:09.509-0700][info][gc,heap        ] GC(129) Survivor regions: 0->1(1)
[2024-07-06T13:13:09.509-0700][info][gc,heap        ] GC(129) Old regions: 1015->1017
[2024-07-06T13:13:09.509-0700][info][gc,heap        ] GC(129) Archive regions: 2->2
[2024-07-06T13:13:09.509-0700][info][gc,heap        ] GC(129) Humongous regions: 4->4
[2024-07-06T13:13:09.509-0700][info][gc,metaspace   ] GC(129) Metaspace: 305K(512K)->305K(512K) NonClass: 297K(384K)->297K(384K) Class: 7K(128K)->7K(128K)
[2024-07-06T13:13:09.509-0700][info][gc             ] GC(129) Pause Young (Normal) (G1 Preventive Collection) 4081M->4085M(4096M) 6.825ms
[2024-07-06T13:13:09.509-0700][info][gc,cpu         ] GC(129) User=0.02s Sys=0.00s Real=0.01s
[2024-07-06T13:13:09.509-0700][info][gc,ergo        ] Attempting full compaction
[2024-07-06T13:13:09.509-0700][info][gc,task        ] GC(130) Using 4 workers of 4 for full compaction
[2024-07-06T13:13:09.509-0700][info][gc,start       ] GC(130) Pause Full (G1 Compaction Pause)
[2024-07-06T13:13:09.509-0700][info][gc,phases,start] GC(130) Phase 1: Mark live objects
[2024-07-06T13:13:09.614-0700][info][gc,phases      ] GC(130) Phase 1: Mark live objects 104.554ms
[2024-07-06T13:13:09.614-0700][info][gc,phases,start] GC(130) Phase 2: Prepare for compaction
[2024-07-06T13:13:09.615-0700][info][gc,phases      ] GC(130) Phase 2: Prepare for compaction 1.102ms
[2024-07-06T13:13:09.615-0700][info][gc,phases,start] GC(130) Phase 3: Adjust pointers
[2024-07-06T13:13:09.682-0700][info][gc,phases      ] GC(130) Phase 3: Adjust pointers 67.373ms
[2024-07-06T13:13:09.682-0700][info][gc,phases,start] GC(130) Phase 4: Compact heap
[2024-07-06T13:13:09.683-0700][info][gc,phases      ] GC(130) Phase 4: Compact heap 1.039ms
[2024-07-06T13:13:09.687-0700][info][gc,heap        ] GC(130) Eden regions: 0->0(51)
[2024-07-06T13:13:09.687-0700][info][gc,heap        ] GC(130) Survivor regions: 1->0(1)
[2024-07-06T13:13:09.687-0700][info][gc,heap        ] GC(130) Old regions: 1017->1017
[2024-07-06T13:13:09.687-0700][info][gc,heap        ] GC(130) Archive regions: 2->2
[2024-07-06T13:13:09.687-0700][info][gc,heap        ] GC(130) Humongous regions: 4->4
[2024-07-06T13:13:09.687-0700][info][gc,metaspace   ] GC(130) Metaspace: 305K(512K)->305K(512K) NonClass: 297K(384K)->297K(384K) Class: 7K(128K)->7K(128K)
[2024-07-06T13:13:09.687-0700][info][gc             ] GC(130) Pause Full (G1 Compaction Pause) 4085M->4081M(4096M) 177.796ms
[2024-07-06T13:13:09.687-0700][info][gc,cpu         ] GC(130) User=0.70s Sys=0.00s Real=0.18s
[2024-07-06T13:13:09.688-0700][info][gc,start       ] GC(131) Pause Young (Concurrent Start) (G1 Evacuation Pause)
[2024-07-06T13:13:09.688-0700][info][gc,task        ] GC(131) Using 4 workers of 4 for evacuation
[2024-07-06T13:13:09.689-0700][info][gc             ] GC(131) To-space exhausted
[2024-07-06T13:13:09.689-0700][info][gc,phases      ] GC(131)   Pre Evacuate Collection Set: 0.2ms
[2024-07-06T13:13:09.689-0700][info][gc,phases      ] GC(131)   Merge Heap Roots: 0.1ms
[2024-07-06T13:13:09.689-0700][info][gc,phases      ] GC(131)   Evacuate Collection Set: 0.7ms
[2024-07-06T13:13:09.689-0700][info][gc,phases      ] GC(131)   Post Evacuate Collection Set: 0.5ms
[2024-07-06T13:13:09.689-0700][info][gc,phases      ] GC(131)   Other: 0.1ms
[2024-07-06T13:13:09.689-0700][info][gc,heap        ] GC(131) Eden regions: 1->0(51)
[2024-07-06T13:13:09.689-0700][info][gc,heap        ] GC(131) Survivor regions: 0->0(0)
[2024-07-06T13:13:09.689-0700][info][gc,heap        ] GC(131) Old regions: 1017->1018
[2024-07-06T13:13:09.689-0700][info][gc,heap        ] GC(131) Archive regions: 2->2
[2024-07-06T13:13:09.689-0700][info][gc,heap        ] GC(131) Humongous regions: 4->4
[2024-07-06T13:13:09.689-0700][info][gc,metaspace   ] GC(131) Metaspace: 305K(512K)->305K(512K) NonClass: 297K(384K)->297K(384K) Class: 7K(128K)->7K(128K)
[2024-07-06T13:13:09.689-0700][info][gc             ] GC(131) Pause Young (Concurrent Start) (G1 Evacuation Pause) 4085M->4085M(4096M) 1.549ms
[2024-07-06T13:13:09.689-0700][info][gc,cpu         ] GC(131) User=0.00s Sys=0.00s Real=0.00s
[2024-07-06T13:13:09.689-0700][info][gc,ergo        ] Attempting full compaction
[2024-07-06T13:13:09.689-0700][info][gc             ] GC(132) Concurrent Mark Cycle
[2024-07-06T13:13:09.689-0700][info][gc,task        ] GC(133) Using 4 workers of 4 for full compaction
[2024-07-06T13:13:09.689-0700][info][gc,marking     ] GC(132) Concurrent Clear Claimed Marks
[2024-07-06T13:13:09.689-0700][info][gc,marking     ] GC(132) Concurrent Clear Claimed Marks 0.045ms
[2024-07-06T13:13:09.689-0700][info][gc,marking     ] GC(132) Concurrent Scan Root Regions
[2024-07-06T13:13:09.689-0700][info][gc,marking     ] GC(132) Concurrent Scan Root Regions 0.004ms
[2024-07-06T13:13:09.689-0700][info][gc,marking     ] GC(132) Concurrent Mark
[2024-07-06T13:13:09.689-0700][info][gc,marking     ] GC(132) Concurrent Mark From Roots
[2024-07-06T13:13:09.689-0700][info][gc,task        ] GC(132) Using 1 workers of 1 for marking
[2024-07-06T13:13:09.689-0700][info][gc,start       ] GC(133) Pause Full (G1 Compaction Pause)
[2024-07-06T13:13:09.693-0700][info][gc,phases,start] GC(133) Phase 1: Mark live objects
[2024-07-06T13:13:09.804-0700][info][gc,phases      ] GC(133) Phase 1: Mark live objects 111.220ms
[2024-07-06T13:13:09.804-0700][info][gc,phases,start] GC(133) Phase 2: Prepare for compaction
[2024-07-06T13:13:09.805-0700][info][gc,phases      ] GC(133) Phase 2: Prepare for compaction 1.053ms
[2024-07-06T13:13:09.805-0700][info][gc,phases,start] GC(133) Phase 3: Adjust pointers
[2024-07-06T13:13:09.868-0700][info][gc,phases      ] GC(133) Phase 3: Adjust pointers 63.603ms
[2024-07-06T13:13:09.868-0700][info][gc,phases,start] GC(133) Phase 4: Compact heap
[2024-07-06T13:13:09.869-0700][info][gc,phases      ] GC(133) Phase 4: Compact heap 0.762ms
[2024-07-06T13:13:09.873-0700][info][gc,heap        ] GC(133) Eden regions: 0->0(51)
[2024-07-06T13:13:09.873-0700][info][gc,heap        ] GC(133) Survivor regions: 0->0(0)
[2024-07-06T13:13:09.873-0700][info][gc,heap        ] GC(133) Old regions: 1018->1017
[2024-07-06T13:13:09.873-0700][info][gc,heap        ] GC(133) Archive regions: 2->2
[2024-07-06T13:13:09.873-0700][info][gc,heap        ] GC(133) Humongous regions: 4->4
[2024-07-06T13:13:09.873-0700][info][gc,metaspace   ] GC(133) Metaspace: 305K(512K)->305K(512K) NonClass: 297K(384K)->297K(384K) Class: 7K(128K)->7K(128K)
[2024-07-06T13:13:09.873-0700][info][gc             ] GC(133) Pause Full (G1 Compaction Pause) 4085M->4085M(4096M) 183.552ms
[2024-07-06T13:13:09.873-0700][info][gc,cpu         ] GC(133) User=0.73s Sys=0.00s Real=0.18s
[2024-07-06T13:13:09.873-0700][info][gc,marking     ] GC(132) Concurrent Mark From Roots 183.732ms
[2024-07-06T13:13:09.873-0700][info][gc,marking     ] GC(132) Concurrent Mark Abort
[2024-07-06T13:13:09.873-0700][info][gc             ] GC(132) Concurrent Mark Cycle 183.840ms
[2024-07-06T13:13:11.904-0700][info][gc,start       ] GC(134) Pause Young (Normal) (G1 Evacuation Pause)
[2024-07-06T13:13:11.904-0700][info][gc,task        ] GC(134) Using 4 workers of 4 for evacuation
[2024-07-06T13:13:11.910-0700][info][gc             ] GC(134) To-space exhausted
[2024-07-06T13:13:11.910-0700][info][gc,phases      ] GC(134)   Pre Evacuate Collection Set: 0.2ms
[2024-07-06T13:13:11.910-0700][info][gc,phases      ] GC(134)   Merge Heap Roots: 0.2ms
[2024-07-06T13:13:11.910-0700][info][gc,phases      ] GC(134)   Evacuate Collection Set: 4.8ms
[2024-07-06T13:13:11.910-0700][info][gc,phases      ] GC(134)   Post Evacuate Collection Set: 0.5ms
[2024-07-06T13:13:11.910-0700][info][gc,phases      ] GC(134)   Other: 0.1ms
[2024-07-06T13:13:11.910-0700][info][gc,heap        ] GC(134) Eden regions: 1->0(51)
[2024-07-06T13:13:11.910-0700][info][gc,heap        ] GC(134) Survivor regions: 0->0(0)
[2024-07-06T13:13:11.910-0700][info][gc,heap        ] GC(134) Old regions: 1017->1018
[2024-07-06T13:13:11.910-0700][info][gc,heap        ] GC(134) Archive regions: 2->2
[2024-07-06T13:13:11.910-0700][info][gc,heap        ] GC(134) Humongous regions: 4->4
[2024-07-06T13:13:11.910-0700][info][gc,metaspace   ] GC(134) Metaspace: 305K(512K)->305K(512K) NonClass: 297K(384K)->297K(384K) Class: 7K(128K)->7K(128K)
[2024-07-06T13:13:11.910-0700][info][gc             ] GC(134) Pause Young (Normal) (G1 Evacuation Pause) 4089M->4089M(4096M) 5.903ms
[2024-07-06T13:13:11.910-0700][info][gc,cpu         ] GC(134) User=0.02s Sys=0.00s Real=0.00s
[2024-07-06T13:13:11.910-0700][info][gc,ergo        ] Attempting full compaction
[2024-07-06T13:13:11.910-0700][info][gc,task        ] GC(135) Using 4 workers of 4 for full compaction
[2024-07-06T13:13:11.910-0700][info][gc,start       ] GC(135) Pause Full (G1 Compaction Pause)
[2024-07-06T13:13:11.910-0700][info][gc,phases,start] GC(135) Phase 1: Mark live objects
[2024-07-06T13:13:12.016-0700][info][gc,phases      ] GC(135) Phase 1: Mark live objects 105.828ms
[2024-07-06T13:13:12.016-0700][info][gc,phases,start] GC(135) Phase 2: Prepare for compaction
[2024-07-06T13:13:12.017-0700][info][gc,phases      ] GC(135) Phase 2: Prepare for compaction 0.834ms
[2024-07-06T13:13:12.017-0700][info][gc,phases,start] GC(135) Phase 3: Adjust pointers
[2024-07-06T13:13:12.080-0700][info][gc,phases      ] GC(135) Phase 3: Adjust pointers 63.502ms
[2024-07-06T13:13:12.080-0700][info][gc,phases,start] GC(135) Phase 4: Compact heap
[2024-07-06T13:13:12.081-0700][info][gc,phases      ] GC(135) Phase 4: Compact heap 0.352ms
[2024-07-06T13:13:12.084-0700][info][gc,heap        ] GC(135) Eden regions: 0->0(51)
[2024-07-06T13:13:12.084-0700][info][gc,heap        ] GC(135) Survivor regions: 0->0(0)
[2024-07-06T13:13:12.084-0700][info][gc,heap        ] GC(135) Old regions: 1018->1018
[2024-07-06T13:13:12.084-0700][info][gc,heap        ] GC(135) Archive regions: 2->2
[2024-07-06T13:13:12.084-0700][info][gc,heap        ] GC(135) Humongous regions: 4->4
[2024-07-06T13:13:12.084-0700][info][gc,metaspace   ] GC(135) Metaspace: 305K(512K)->305K(512K) NonClass: 297K(384K)->297K(384K) Class: 7K(128K)->7K(128K)
[2024-07-06T13:13:12.084-0700][info][gc             ] GC(135) Pause Full (G1 Compaction Pause) 4089M->4089M(4096M) 173.841ms
[2024-07-06T13:13:12.084-0700][info][gc,cpu         ] GC(135) User=0.66s Sys=0.00s Real=0.18s
[2024-07-06T13:13:12.084-0700][info][gc,ergo        ] Attempting maximum full compaction clearing soft references
[2024-07-06T13:13:12.084-0700][info][gc,task        ] GC(136) Using 4 workers of 4 for full compaction
[2024-07-06T13:13:12.084-0700][info][gc,start       ] GC(136) Pause Full (G1 Compaction Pause)
[2024-07-06T13:13:12.084-0700][info][gc,phases,start] GC(136) Phase 1: Mark live objects
[2024-07-06T13:13:12.212-0700][info][gc,phases      ] GC(136) Phase 1: Mark live objects 127.595ms
[2024-07-06T13:13:12.212-0700][info][gc,phases,start] GC(136) Phase 2: Prepare for compaction
[2024-07-06T13:13:12.300-0700][info][gc,phases      ] GC(136) Phase 2: Prepare for compaction 88.590ms
[2024-07-06T13:13:12.300-0700][info][gc,phases,start] GC(136) Phase 3: Adjust pointers
[2024-07-06T13:13:12.399-0700][info][gc,phases      ] GC(136) Phase 3: Adjust pointers 98.367ms
[2024-07-06T13:13:12.399-0700][info][gc,phases,start] GC(136) Phase 4: Compact heap
[2024-07-06T13:13:12.930-0700][info][gc,phases      ] GC(136) Phase 4: Compact heap 531.847ms
[2024-07-06T13:13:12.933-0700][info][gc,heap        ] GC(136) Eden regions: 0->0(51)
[2024-07-06T13:13:12.933-0700][info][gc,heap        ] GC(136) Survivor regions: 0->0(0)
[2024-07-06T13:13:12.933-0700][info][gc,heap        ] GC(136) Old regions: 1018->1003
[2024-07-06T13:13:12.933-0700][info][gc,heap        ] GC(136) Archive regions: 2->2
[2024-07-06T13:13:12.933-0700][info][gc,heap        ] GC(136) Humongous regions: 4->4
[2024-07-06T13:13:12.934-0700][info][gc,metaspace   ] GC(136) Metaspace: 305K(512K)->305K(512K) NonClass: 297K(384K)->297K(384K) Class: 7K(128K)->7K(128K)
[2024-07-06T13:13:12.934-0700][info][gc             ] GC(136) Pause Full (G1 Compaction Pause) 4089M->4025M(4096M) 849.704ms
[2024-07-06T13:13:12.934-0700][info][gc,cpu         ] GC(136) User=3.33s Sys=0.00s Real=0.84s
[2024-07-06T13:13:21.186-0700][info][gc,start       ] GC(137) Pause Young (Concurrent Start) (G1 Preventive Collection)
[2024-07-06T13:13:21.186-0700][info][gc,task        ] GC(137) Using 4 workers of 4 for evacuation
[2024-07-06T13:13:21.198-0700][info][gc             ] GC(137) To-space exhausted
[2024-07-06T13:13:21.198-0700][info][gc,phases      ] GC(137)   Pre Evacuate Collection Set: 0.2ms
[2024-07-06T13:13:21.198-0700][info][gc,phases      ] GC(137)   Merge Heap Roots: 0.2ms
[2024-07-06T13:13:21.198-0700][info][gc,phases      ] GC(137)   Evacuate Collection Set: 10.0ms
[2024-07-06T13:13:21.198-0700][info][gc,phases      ] GC(137)   Post Evacuate Collection Set: 1.3ms
[2024-07-06T13:13:21.198-0700][info][gc,phases      ] GC(137)   Other: 0.2ms
[2024-07-06T13:13:21.198-0700][info][gc,heap        ] GC(137) Eden regions: 10->0(46)
[2024-07-06T13:13:21.198-0700][info][gc,heap        ] GC(137) Survivor regions: 0->5(5)
[2024-07-06T13:13:21.198-0700][info][gc,heap        ] GC(137) Old regions: 1003->1012
[2024-07-06T13:13:21.198-0700][info][gc,heap        ] GC(137) Archive regions: 2->2
[2024-07-06T13:13:21.198-0700][info][gc,heap        ] GC(137) Humongous regions: 4->4
[2024-07-06T13:13:21.198-0700][info][gc,metaspace   ] GC(137) Metaspace: 305K(512K)->305K(512K) NonClass: 297K(384K)->297K(384K) Class: 7K(128K)->7K(128K)
[2024-07-06T13:13:21.198-0700][info][gc             ] GC(137) Pause Young (Concurrent Start) (G1 Preventive Collection) 4065M->4081M(4096M) 11.967ms
[2024-07-06T13:13:21.198-0700][info][gc,cpu         ] GC(137) User=0.04s Sys=0.00s Real=0.01s
[2024-07-06T13:13:21.198-0700][info][gc             ] GC(138) Concurrent Mark Cycle
[2024-07-06T13:13:21.198-0700][info][gc,marking     ] GC(138) Concurrent Clear Claimed Marks
[2024-07-06T13:13:21.198-0700][info][gc,marking     ] GC(138) Concurrent Clear Claimed Marks 0.022ms
[2024-07-06T13:13:21.198-0700][info][gc,marking     ] GC(138) Concurrent Scan Root Regions
[2024-07-06T13:13:21.200-0700][info][gc,marking     ] GC(138) Concurrent Scan Root Regions 1.443ms
[2024-07-06T13:13:21.200-0700][info][gc,marking     ] GC(138) Concurrent Mark
[2024-07-06T13:13:21.200-0700][info][gc,marking     ] GC(138) Concurrent Mark From Roots
[2024-07-06T13:13:21.200-0700][info][gc,start       ] GC(139) Pause Young (Normal) (G1 Evacuation Pause)
[2024-07-06T13:13:21.200-0700][info][gc,task        ] GC(139) Using 4 workers of 4 for evacuation
[2024-07-06T13:13:21.200-0700][info][gc,task        ] GC(138) Using 1 workers of 1 for marking
[2024-07-06T13:13:21.204-0700][info][gc             ] GC(139) To-space exhausted
[2024-07-06T13:13:21.204-0700][info][gc,phases      ] GC(139)   Pre Evacuate Collection Set: 1.2ms
[2024-07-06T13:13:21.204-0700][info][gc,phases      ] GC(139)   Merge Heap Roots: 0.1ms
[2024-07-06T13:13:21.204-0700][info][gc,phases      ] GC(139)   Evacuate Collection Set: 3.0ms
[2024-07-06T13:13:21.204-0700][info][gc,phases      ] GC(139)   Post Evacuate Collection Set: 0.7ms
[2024-07-06T13:13:21.204-0700][info][gc,phases      ] GC(139)   Other: 0.1ms
[2024-07-06T13:13:21.204-0700][info][gc,heap        ] GC(139) Eden regions: 1->0(51)
[2024-07-06T13:13:21.204-0700][info][gc,heap        ] GC(139) Survivor regions: 5->0(0)
[2024-07-06T13:13:21.204-0700][info][gc,heap        ] GC(139) Old regions: 1012->1018
[2024-07-06T13:13:21.204-0700][info][gc,heap        ] GC(139) Archive regions: 2->2
[2024-07-06T13:13:21.204-0700][info][gc,heap        ] GC(139) Humongous regions: 4->4
[2024-07-06T13:13:21.204-0700][info][gc,metaspace   ] GC(139) Metaspace: 305K(512K)->305K(512K) NonClass: 297K(384K)->297K(384K) Class: 7K(128K)->7K(128K)
[2024-07-06T13:13:21.204-0700][info][gc             ] GC(139) Pause Young (Normal) (G1 Evacuation Pause) 4085M->4085M(4096M) 4.042ms
[2024-07-06T13:13:21.204-0700][info][gc,cpu         ] GC(139) User=0.01s Sys=0.00s Real=0.01s
[2024-07-06T13:13:21.204-0700][info][gc,ergo        ] Attempting full compaction
[2024-07-06T13:13:21.204-0700][info][gc,task        ] GC(140) Using 4 workers of 4 for full compaction
[2024-07-06T13:13:21.204-0700][info][gc,start       ] GC(140) Pause Full (G1 Compaction Pause)
[2024-07-06T13:13:21.207-0700][info][gc,phases,start] GC(140) Phase 1: Mark live objects
[2024-07-06T13:13:21.307-0700][info][gc,phases      ] GC(140) Phase 1: Mark live objects 100.814ms
[2024-07-06T13:13:21.307-0700][info][gc,phases,start] GC(140) Phase 2: Prepare for compaction
[2024-07-06T13:13:21.309-0700][info][gc,phases      ] GC(140) Phase 2: Prepare for compaction 1.128ms
[2024-07-06T13:13:21.309-0700][info][gc,phases,start] GC(140) Phase 3: Adjust pointers
[2024-07-06T13:13:21.376-0700][info][gc,phases      ] GC(140) Phase 3: Adjust pointers 67.220ms
[2024-07-06T13:13:21.376-0700][info][gc,phases,start] GC(140) Phase 4: Compact heap
[2024-07-06T13:13:21.377-0700][info][gc,phases      ] GC(140) Phase 4: Compact heap 1.555ms
[2024-07-06T13:13:21.380-0700][info][gc,heap        ] GC(140) Eden regions: 0->0(51)
[2024-07-06T13:13:21.380-0700][info][gc,heap        ] GC(140) Survivor regions: 0->0(0)
[2024-07-06T13:13:21.380-0700][info][gc,heap        ] GC(140) Old regions: 1018->1014
[2024-07-06T13:13:21.380-0700][info][gc,heap        ] GC(140) Archive regions: 2->2
[2024-07-06T13:13:21.380-0700][info][gc,heap        ] GC(140) Humongous regions: 4->4
[2024-07-06T13:13:21.380-0700][info][gc,metaspace   ] GC(140) Metaspace: 305K(512K)->305K(512K) NonClass: 297K(384K)->297K(384K) Class: 7K(128K)->7K(128K)
[2024-07-06T13:13:21.380-0700][info][gc             ] GC(140) Pause Full (G1 Compaction Pause) 4085M->4069M(4096M) 176.723ms
[2024-07-06T13:13:21.381-0700][info][gc,cpu         ] GC(140) User=0.69s Sys=0.00s Real=0.17s
[2024-07-06T13:13:21.381-0700][info][gc,marking     ] GC(138) Concurrent Mark From Roots 181.010ms
[2024-07-06T13:13:21.381-0700][info][gc,marking     ] GC(138) Concurrent Mark Abort
[2024-07-06T13:13:21.381-0700][info][gc             ] GC(138) Concurrent Mark Cycle 182.550ms
[2024-07-06T13:13:25.629-0700][info][gc,start       ] GC(141) Pause Young (Normal) (G1 Preventive Collection)
[2024-07-06T13:13:25.629-0700][info][gc,task        ] GC(141) Using 4 workers of 4 for evacuation
[2024-07-06T13:13:25.636-0700][info][gc             ] GC(141) To-space exhausted
[2024-07-06T13:13:25.636-0700][info][gc,phases      ] GC(141)   Pre Evacuate Collection Set: 0.2ms
[2024-07-06T13:13:25.636-0700][info][gc,phases      ] GC(141)   Merge Heap Roots: 0.1ms
[2024-07-06T13:13:25.636-0700][info][gc,phases      ] GC(141)   Evacuate Collection Set: 5.8ms
[2024-07-06T13:13:25.636-0700][info][gc,phases      ] GC(141)   Post Evacuate Collection Set: 0.5ms
[2024-07-06T13:13:25.636-0700][info][gc,phases      ] GC(141)   Other: 0.6ms
[2024-07-06T13:13:25.636-0700][info][gc,heap        ] GC(141) Eden regions: 3->0(50)
[2024-07-06T13:13:25.636-0700][info][gc,heap        ] GC(141) Survivor regions: 0->1(1)
[2024-07-06T13:13:25.636-0700][info][gc,heap        ] GC(141) Old regions: 1014->1017
[2024-07-06T13:13:25.636-0700][info][gc,heap        ] GC(141) Archive regions: 2->2
[2024-07-06T13:13:25.636-0700][info][gc,heap        ] GC(141) Humongous regions: 4->4
[2024-07-06T13:13:25.636-0700][info][gc,metaspace   ] GC(141) Metaspace: 305K(512K)->305K(512K) NonClass: 297K(384K)->297K(384K) Class: 7K(128K)->7K(128K)
[2024-07-06T13:13:25.636-0700][info][gc             ] GC(141) Pause Young (Normal) (G1 Preventive Collection) 4081M->4085M(4096M) 7.303ms
[2024-07-06T13:13:25.636-0700][info][gc,cpu         ] GC(141) User=0.02s Sys=0.01s Real=0.01s
[2024-07-06T13:13:25.636-0700][info][gc,ergo        ] Attempting full compaction
[2024-07-06T13:13:25.636-0700][info][gc,task        ] GC(142) Using 4 workers of 4 for full compaction
[2024-07-06T13:13:25.636-0700][info][gc,start       ] GC(142) Pause Full (G1 Compaction Pause)
[2024-07-06T13:13:25.636-0700][info][gc,phases,start] GC(142) Phase 1: Mark live objects
[2024-07-06T13:13:25.746-0700][info][gc,phases      ] GC(142) Phase 1: Mark live objects 109.584ms
[2024-07-06T13:13:25.746-0700][info][gc,phases,start] GC(142) Phase 2: Prepare for compaction
[2024-07-06T13:13:25.747-0700][info][gc,phases      ] GC(142) Phase 2: Prepare for compaction 1.342ms
[2024-07-06T13:13:25.747-0700][info][gc,phases,start] GC(142) Phase 3: Adjust pointers
[2024-07-06T13:13:25.815-0700][info][gc,phases      ] GC(142) Phase 3: Adjust pointers 67.291ms
[2024-07-06T13:13:25.815-0700][info][gc,phases,start] GC(142) Phase 4: Compact heap
[2024-07-06T13:13:25.816-0700][info][gc,phases      ] GC(142) Phase 4: Compact heap 0.757ms
[2024-07-06T13:13:25.820-0700][info][gc,heap        ] GC(142) Eden regions: 0->0(51)
[2024-07-06T13:13:25.820-0700][info][gc,heap        ] GC(142) Survivor regions: 1->0(1)
[2024-07-06T13:13:25.820-0700][info][gc,heap        ] GC(142) Old regions: 1017->1017
[2024-07-06T13:13:25.820-0700][info][gc,heap        ] GC(142) Archive regions: 2->2
[2024-07-06T13:13:25.820-0700][info][gc,heap        ] GC(142) Humongous regions: 4->4
[2024-07-06T13:13:25.820-0700][info][gc,metaspace   ] GC(142) Metaspace: 305K(512K)->305K(512K) NonClass: 297K(384K)->297K(384K) Class: 7K(128K)->7K(128K)
[2024-07-06T13:13:25.820-0700][info][gc             ] GC(142) Pause Full (G1 Compaction Pause) 4085M->4081M(4096M) 183.425ms
[2024-07-06T13:13:25.820-0700][info][gc,cpu         ] GC(142) User=0.72s Sys=0.00s Real=0.18s
[2024-07-06T13:13:25.820-0700][info][gc,start       ] GC(143) Pause Young (Concurrent Start) (G1 Evacuation Pause)
[2024-07-06T13:13:25.820-0700][info][gc,task        ] GC(143) Using 4 workers of 4 for evacuation
[2024-07-06T13:13:25.822-0700][info][gc             ] GC(143) To-space exhausted
[2024-07-06T13:13:25.822-0700][info][gc,phases      ] GC(143)   Pre Evacuate Collection Set: 0.2ms
[2024-07-06T13:13:25.822-0700][info][gc,phases      ] GC(143)   Merge Heap Roots: 0.1ms
[2024-07-06T13:13:25.822-0700][info][gc,phases      ] GC(143)   Evacuate Collection Set: 0.6ms
[2024-07-06T13:13:25.822-0700][info][gc,phases      ] GC(143)   Post Evacuate Collection Set: 0.4ms
[2024-07-06T13:13:25.822-0700][info][gc,phases      ] GC(143)   Other: 0.1ms
[2024-07-06T13:13:25.822-0700][info][gc,heap        ] GC(143) Eden regions: 1->0(51)
[2024-07-06T13:13:25.822-0700][info][gc,heap        ] GC(143) Survivor regions: 0->0(0)
[2024-07-06T13:13:25.822-0700][info][gc,heap        ] GC(143) Old regions: 1017->1018
[2024-07-06T13:13:25.822-0700][info][gc,heap        ] GC(143) Archive regions: 2->2
[2024-07-06T13:13:25.822-0700][info][gc,heap        ] GC(143) Humongous regions: 4->4
[2024-07-06T13:13:25.822-0700][info][gc,metaspace   ] GC(143) Metaspace: 305K(512K)->305K(512K) NonClass: 297K(384K)->297K(384K) Class: 7K(128K)->7K(128K)
[2024-07-06T13:13:25.822-0700][info][gc             ] GC(143) Pause Young (Concurrent Start) (G1 Evacuation Pause) 4085M->4085M(4096M) 1.452ms
[2024-07-06T13:13:25.822-0700][info][gc,cpu         ] GC(143) User=0.01s Sys=0.00s Real=0.00s
[2024-07-06T13:13:25.822-0700][info][gc,ergo        ] Attempting full compaction
[2024-07-06T13:13:25.822-0700][info][gc             ] GC(144) Concurrent Mark Cycle
[2024-07-06T13:13:25.822-0700][info][gc,task        ] GC(145) Using 4 workers of 4 for full compaction
[2024-07-06T13:13:25.822-0700][info][gc,marking     ] GC(144) Concurrent Clear Claimed Marks
[2024-07-06T13:13:25.822-0700][info][gc,marking     ] GC(144) Concurrent Clear Claimed Marks 0.043ms
[2024-07-06T13:13:25.822-0700][info][gc,marking     ] GC(144) Concurrent Scan Root Regions
[2024-07-06T13:13:25.822-0700][info][gc,marking     ] GC(144) Concurrent Scan Root Regions 0.003ms
[2024-07-06T13:13:25.822-0700][info][gc,marking     ] GC(144) Concurrent Mark
[2024-07-06T13:13:25.822-0700][info][gc,start       ] GC(145) Pause Full (G1 Compaction Pause)
[2024-07-06T13:13:25.822-0700][info][gc,marking     ] GC(144) Concurrent Mark From Roots
[2024-07-06T13:13:25.822-0700][info][gc,task        ] GC(144) Using 1 workers of 1 for marking
[2024-07-06T13:13:25.825-0700][info][gc,phases,start] GC(145) Phase 1: Mark live objects
[2024-07-06T13:13:25.938-0700][info][gc,phases      ] GC(145) Phase 1: Mark live objects 112.898ms
[2024-07-06T13:13:25.938-0700][info][gc,phases,start] GC(145) Phase 2: Prepare for compaction
[2024-07-06T13:13:25.939-0700][info][gc,phases      ] GC(145) Phase 2: Prepare for compaction 1.200ms
[2024-07-06T13:13:25.939-0700][info][gc,phases,start] GC(145) Phase 3: Adjust pointers
[2024-07-06T13:13:26.006-0700][info][gc,phases      ] GC(145) Phase 3: Adjust pointers 67.087ms
[2024-07-06T13:13:26.006-0700][info][gc,phases,start] GC(145) Phase 4: Compact heap
[2024-07-06T13:13:26.007-0700][info][gc,phases      ] GC(145) Phase 4: Compact heap 0.827ms
[2024-07-06T13:13:26.011-0700][info][gc,heap        ] GC(145) Eden regions: 0->0(51)
[2024-07-06T13:13:26.011-0700][info][gc,heap        ] GC(145) Survivor regions: 0->0(0)
[2024-07-06T13:13:26.011-0700][info][gc,heap        ] GC(145) Old regions: 1018->1017
[2024-07-06T13:13:26.011-0700][info][gc,heap        ] GC(145) Archive regions: 2->2
[2024-07-06T13:13:26.011-0700][info][gc,heap        ] GC(145) Humongous regions: 4->4
[2024-07-06T13:13:26.011-0700][info][gc,metaspace   ] GC(145) Metaspace: 305K(512K)->305K(512K) NonClass: 297K(384K)->297K(384K) Class: 7K(128K)->7K(128K)
[2024-07-06T13:13:26.011-0700][info][gc             ] GC(145) Pause Full (G1 Compaction Pause) 4085M->4085M(4096M) 188.652ms
[2024-07-06T13:13:26.011-0700][info][gc,cpu         ] GC(145) User=0.74s Sys=0.00s Real=0.19s
[2024-07-06T13:13:26.011-0700][info][gc,marking     ] GC(144) Concurrent Mark From Roots 188.823ms
[2024-07-06T13:13:26.011-0700][info][gc,marking     ] GC(144) Concurrent Mark Abort
[2024-07-06T13:13:26.011-0700][info][gc             ] GC(144) Concurrent Mark Cycle 188.934ms
[2024-07-06T13:13:26.011-0700][info][gc,start       ] GC(146) Pause Young (Normal) (G1 Evacuation Pause)
[2024-07-06T13:13:26.011-0700][info][gc,task        ] GC(146) Using 4 workers of 4 for evacuation
[2024-07-06T13:13:26.013-0700][info][gc             ] GC(146) To-space exhausted
[2024-07-06T13:13:26.013-0700][info][gc,phases      ] GC(146)   Pre Evacuate Collection Set: 0.1ms
[2024-07-06T13:13:26.013-0700][info][gc,phases      ] GC(146)   Merge Heap Roots: 0.1ms
[2024-07-06T13:13:26.013-0700][info][gc,phases      ] GC(146)   Evacuate Collection Set: 0.6ms
[2024-07-06T13:13:26.013-0700][info][gc,phases      ] GC(146)   Post Evacuate Collection Set: 0.7ms
[2024-07-06T13:13:26.013-0700][info][gc,phases      ] GC(146)   Other: 0.1ms
[2024-07-06T13:13:26.013-0700][info][gc,heap        ] GC(146) Eden regions: 1->0(51)
[2024-07-06T13:13:26.013-0700][info][gc,heap        ] GC(146) Survivor regions: 0->0(0)
[2024-07-06T13:13:26.013-0700][info][gc,heap        ] GC(146) Old regions: 1017->1018
[2024-07-06T13:13:26.013-0700][info][gc,heap        ] GC(146) Archive regions: 2->2
[2024-07-06T13:13:26.013-0700][info][gc,heap        ] GC(146) Humongous regions: 4->4
[2024-07-06T13:13:26.013-0700][info][gc,metaspace   ] GC(146) Metaspace: 305K(512K)->305K(512K) NonClass: 297K(384K)->297K(384K) Class: 7K(128K)->7K(128K)
[2024-07-06T13:13:26.013-0700][info][gc             ] GC(146) Pause Young (Normal) (G1 Evacuation Pause) 4089M->4089M(4096M) 1.564ms
[2024-07-06T13:13:26.013-0700][info][gc,cpu         ] GC(146) User=0.00s Sys=0.00s Real=0.00s
[2024-07-06T13:13:26.013-0700][info][gc,ergo        ] Attempting full compaction
[2024-07-06T13:13:26.013-0700][info][gc,task        ] GC(147) Using 4 workers of 4 for full compaction
[2024-07-06T13:13:26.013-0700][info][gc,start       ] GC(147) Pause Full (G1 Compaction Pause)
[2024-07-06T13:13:26.013-0700][info][gc,phases,start] GC(147) Phase 1: Mark live objects
[2024-07-06T13:13:26.110-0700][info][gc,phases      ] GC(147) Phase 1: Mark live objects 97.248ms
[2024-07-06T13:13:26.110-0700][info][gc,phases,start] GC(147) Phase 2: Prepare for compaction
[2024-07-06T13:13:26.111-0700][info][gc,phases      ] GC(147) Phase 2: Prepare for compaction 0.816ms
[2024-07-06T13:13:26.111-0700][info][gc,phases,start] GC(147) Phase 3: Adjust pointers
[2024-07-06T13:13:26.174-0700][info][gc,phases      ] GC(147) Phase 3: Adjust pointers 63.174ms
[2024-07-06T13:13:26.174-0700][info][gc,phases,start] GC(147) Phase 4: Compact heap
[2024-07-06T13:13:26.175-0700][info][gc,phases      ] GC(147) Phase 4: Compact heap 0.260ms
[2024-07-06T13:13:26.177-0700][info][gc,heap        ] GC(147) Eden regions: 0->0(51)
[2024-07-06T13:13:26.177-0700][info][gc,heap        ] GC(147) Survivor regions: 0->0(0)
[2024-07-06T13:13:26.177-0700][info][gc,heap        ] GC(147) Old regions: 1018->1018
[2024-07-06T13:13:26.177-0700][info][gc,heap        ] GC(147) Archive regions: 2->2
[2024-07-06T13:13:26.177-0700][info][gc,heap        ] GC(147) Humongous regions: 4->4
[2024-07-06T13:13:26.177-0700][info][gc,metaspace   ] GC(147) Metaspace: 305K(512K)->305K(512K) NonClass: 297K(384K)->297K(384K) Class: 7K(128K)->7K(128K)
[2024-07-06T13:13:26.177-0700][info][gc             ] GC(147) Pause Full (G1 Compaction Pause) 4089M->4089M(4096M) 164.566ms
[2024-07-06T13:13:26.178-0700][info][gc,cpu         ] GC(147) User=0.66s Sys=0.00s Real=0.17s
[2024-07-06T13:13:26.178-0700][info][gc,ergo        ] Attempting maximum full compaction clearing soft references
[2024-07-06T13:13:26.178-0700][info][gc,task        ] GC(148) Using 4 workers of 4 for full compaction
[2024-07-06T13:13:26.178-0700][info][gc,start       ] GC(148) Pause Full (G1 Compaction Pause)
[2024-07-06T13:13:26.178-0700][info][gc,phases,start] GC(148) Phase 1: Mark live objects
[2024-07-06T13:13:26.278-0700][info][gc,phases      ] GC(148) Phase 1: Mark live objects 99.946ms
[2024-07-06T13:13:26.278-0700][info][gc,phases,start] GC(148) Phase 2: Prepare for compaction
[2024-07-06T13:13:26.358-0700][info][gc,phases      ] GC(148) Phase 2: Prepare for compaction 80.360ms
[2024-07-06T13:13:26.358-0700][info][gc,phases,start] GC(148) Phase 3: Adjust pointers
[2024-07-06T13:13:26.456-0700][info][gc,phases      ] GC(148) Phase 3: Adjust pointers 98.103ms
[2024-07-06T13:13:26.456-0700][info][gc,phases,start] GC(148) Phase 4: Compact heap
[2024-07-06T13:13:26.983-0700][info][gc,phases      ] GC(148) Phase 4: Compact heap 526.530ms
[2024-07-06T13:13:26.986-0700][info][gc,heap        ] GC(148) Eden regions: 0->0(51)
[2024-07-06T13:13:26.986-0700][info][gc,heap        ] GC(148) Survivor regions: 0->0(0)
[2024-07-06T13:13:26.986-0700][info][gc,heap        ] GC(148) Old regions: 1018->1013
[2024-07-06T13:13:26.986-0700][info][gc,heap        ] GC(148) Archive regions: 2->2
[2024-07-06T13:13:26.986-0700][info][gc,heap        ] GC(148) Humongous regions: 4->4
[2024-07-06T13:13:26.986-0700][info][gc,metaspace   ] GC(148) Metaspace: 305K(512K)->305K(512K) NonClass: 297K(384K)->297K(384K) Class: 7K(128K)->7K(128K)
[2024-07-06T13:13:26.986-0700][info][gc             ] GC(148) Pause Full (G1 Compaction Pause) 4089M->4059M(4096M) 808.524ms
[2024-07-06T13:13:26.986-0700][info][gc,cpu         ] GC(148) User=3.18s Sys=0.00s Real=0.81s
[2024-07-06T13:13:31.203-0700][info][gc,start       ] GC(149) Pause Young (Concurrent Start) (G1 Preventive Collection)
[2024-07-06T13:13:31.203-0700][info][gc,task        ] GC(149) Using 4 workers of 4 for evacuation
[2024-07-06T13:13:31.212-0700][info][gc             ] GC(149) To-space exhausted
[2024-07-06T13:13:31.212-0700][info][gc,phases      ] GC(149)   Pre Evacuate Collection Set: 0.2ms
[2024-07-06T13:13:31.212-0700][info][gc,phases      ] GC(149)   Merge Heap Roots: 0.2ms
[2024-07-06T13:13:31.212-0700][info][gc,phases      ] GC(149)   Evacuate Collection Set: 7.5ms
[2024-07-06T13:13:31.212-0700][info][gc,phases      ] GC(149)   Post Evacuate Collection Set: 0.8ms
[2024-07-06T13:13:31.212-0700][info][gc,phases      ] GC(149)   Other: 0.2ms
[2024-07-06T13:13:31.212-0700][info][gc,heap        ] GC(149) Eden regions: 4->0(50)
[2024-07-06T13:13:31.212-0700][info][gc,heap        ] GC(149) Survivor regions: 0->1(1)
[2024-07-06T13:13:31.212-0700][info][gc,heap        ] GC(149) Old regions: 1013->1017
[2024-07-06T13:13:31.212-0700][info][gc,heap        ] GC(149) Archive regions: 2->2
[2024-07-06T13:13:31.212-0700][info][gc,heap        ] GC(149) Humongous regions: 4->4
[2024-07-06T13:13:31.212-0700][info][gc,metaspace   ] GC(149) Metaspace: 305K(512K)->305K(512K) NonClass: 297K(384K)->297K(384K) Class: 7K(128K)->7K(128K)
[2024-07-06T13:13:31.212-0700][info][gc             ] GC(149) Pause Young (Concurrent Start) (G1 Preventive Collection) 4075M->4079M(4096M) 8.866ms
[2024-07-06T13:13:31.212-0700][info][gc,cpu         ] GC(149) User=0.02s Sys=0.01s Real=0.00s
[2024-07-06T13:13:31.212-0700][info][gc,ergo        ] Attempting full compaction
[2024-07-06T13:13:31.212-0700][info][gc             ] GC(150) Concurrent Mark Cycle
[2024-07-06T13:13:31.212-0700][info][gc,marking     ] GC(150) Concurrent Clear Claimed Marks
[2024-07-06T13:13:31.212-0700][info][gc,marking     ] GC(150) Concurrent Clear Claimed Marks 0.031ms
[2024-07-06T13:13:31.212-0700][info][gc,marking     ] GC(150) Concurrent Scan Root Regions
[2024-07-06T13:13:31.212-0700][info][gc,task        ] GC(151) Using 4 workers of 4 for full compaction
[2024-07-06T13:13:31.212-0700][info][gc,start       ] GC(151) Pause Full (G1 Compaction Pause)
[2024-07-06T13:13:31.212-0700][info][gc,marking     ] GC(150) Concurrent Scan Root Regions 0.296ms
[2024-07-06T13:13:31.212-0700][info][gc,marking     ] GC(150) Concurrent Mark
[2024-07-06T13:13:31.212-0700][info][gc,marking     ] GC(150) Concurrent Mark From Roots
[2024-07-06T13:13:31.212-0700][info][gc,task        ] GC(150) Using 1 workers of 1 for marking
[2024-07-06T13:13:31.215-0700][info][gc,phases,start] GC(151) Phase 1: Mark live objects
[2024-07-06T13:13:31.328-0700][info][gc,phases      ] GC(151) Phase 1: Mark live objects 112.679ms
[2024-07-06T13:13:31.328-0700][info][gc,phases,start] GC(151) Phase 2: Prepare for compaction
[2024-07-06T13:13:31.329-0700][info][gc,phases      ] GC(151) Phase 2: Prepare for compaction 1.092ms
[2024-07-06T13:13:31.329-0700][info][gc,phases,start] GC(151) Phase 3: Adjust pointers
[2024-07-06T13:13:31.395-0700][info][gc,phases      ] GC(151) Phase 3: Adjust pointers 65.525ms
[2024-07-06T13:13:31.395-0700][info][gc,phases,start] GC(151) Phase 4: Compact heap
[2024-07-06T13:13:31.396-0700][info][gc,phases      ] GC(151) Phase 4: Compact heap 1.153ms
[2024-07-06T13:13:31.399-0700][info][gc,heap        ] GC(151) Eden regions: 0->0(51)
[2024-07-06T13:13:31.399-0700][info][gc,heap        ] GC(151) Survivor regions: 1->0(1)
[2024-07-06T13:13:31.399-0700][info][gc,heap        ] GC(151) Old regions: 1017->1015
[2024-07-06T13:13:31.399-0700][info][gc,heap        ] GC(151) Archive regions: 2->2
[2024-07-06T13:13:31.399-0700][info][gc,heap        ] GC(151) Humongous regions: 4->4
[2024-07-06T13:13:31.399-0700][info][gc,metaspace   ] GC(151) Metaspace: 305K(512K)->305K(512K) NonClass: 297K(384K)->297K(384K) Class: 7K(128K)->7K(128K)
[2024-07-06T13:13:31.399-0700][info][gc             ] GC(151) Pause Full (G1 Compaction Pause) 4079M->4075M(4096M) 186.652ms
[2024-07-06T13:13:31.399-0700][info][gc,cpu         ] GC(151) User=0.74s Sys=0.00s Real=0.19s
[2024-07-06T13:13:31.399-0700][info][gc,marking     ] GC(150) Concurrent Mark From Roots 186.534ms
[2024-07-06T13:13:31.399-0700][info][gc,marking     ] GC(150) Concurrent Mark Abort
[2024-07-06T13:13:31.399-0700][info][gc             ] GC(150) Concurrent Mark Cycle 186.955ms
[2024-07-06T13:13:33.591-0700][info][gc,start       ] GC(152) Pause Young (Normal) (G1 Preventive Collection)
[2024-07-06T13:13:33.591-0700][info][gc,task        ] GC(152) Using 4 workers of 4 for evacuation
[2024-07-06T13:13:33.598-0700][info][gc             ] GC(152) To-space exhausted
[2024-07-06T13:13:33.598-0700][info][gc,phases      ] GC(152)   Pre Evacuate Collection Set: 0.2ms
[2024-07-06T13:13:33.598-0700][info][gc,phases      ] GC(152)   Merge Heap Roots: 0.1ms
[2024-07-06T13:13:33.598-0700][info][gc,phases      ] GC(152)   Evacuate Collection Set: 5.4ms
[2024-07-06T13:13:33.598-0700][info][gc,phases      ] GC(152)   Post Evacuate Collection Set: 0.6ms
[2024-07-06T13:13:33.598-0700][info][gc,phases      ] GC(152)   Other: 0.1ms
[2024-07-06T13:13:33.598-0700][info][gc,heap        ] GC(152) Eden regions: 2->0(50)
[2024-07-06T13:13:33.598-0700][info][gc,heap        ] GC(152) Survivor regions: 0->1(1)
[2024-07-06T13:13:33.598-0700][info][gc,heap        ] GC(152) Old regions: 1015->1017
[2024-07-06T13:13:33.598-0700][info][gc,heap        ] GC(152) Archive regions: 2->2
[2024-07-06T13:13:33.598-0700][info][gc,heap        ] GC(152) Humongous regions: 4->4
[2024-07-06T13:13:33.598-0700][info][gc,metaspace   ] GC(152) Metaspace: 305K(512K)->305K(512K) NonClass: 297K(384K)->297K(384K) Class: 7K(128K)->7K(128K)
[2024-07-06T13:13:33.598-0700][info][gc             ] GC(152) Pause Young (Normal) (G1 Preventive Collection) 4083M->4087M(4096M) 6.485ms
[2024-07-06T13:13:33.598-0700][info][gc,cpu         ] GC(152) User=0.02s Sys=0.00s Real=0.01s
[2024-07-06T13:13:33.598-0700][info][gc,ergo        ] Attempting full compaction
[2024-07-06T13:13:33.598-0700][info][gc,task        ] GC(153) Using 4 workers of 4 for full compaction
[2024-07-06T13:13:33.598-0700][info][gc,start       ] GC(153) Pause Full (G1 Compaction Pause)
[2024-07-06T13:13:33.598-0700][info][gc,phases,start] GC(153) Phase 1: Mark live objects
[2024-07-06T13:13:33.704-0700][info][gc,phases      ] GC(153) Phase 1: Mark live objects 105.662ms
[2024-07-06T13:13:33.704-0700][info][gc,phases,start] GC(153) Phase 2: Prepare for compaction
[2024-07-06T13:13:33.705-0700][info][gc,phases      ] GC(153) Phase 2: Prepare for compaction 1.183ms
[2024-07-06T13:13:33.705-0700][info][gc,phases,start] GC(153) Phase 3: Adjust pointers
[2024-07-06T13:13:33.776-0700][info][gc,phases      ] GC(153) Phase 3: Adjust pointers 70.738ms
[2024-07-06T13:13:33.776-0700][info][gc,phases,start] GC(153) Phase 4: Compact heap
[2024-07-06T13:13:33.777-0700][info][gc,phases      ] GC(153) Phase 4: Compact heap 0.978ms
[2024-07-06T13:13:33.780-0700][info][gc,heap        ] GC(153) Eden regions: 0->0(51)
[2024-07-06T13:13:33.780-0700][info][gc,heap        ] GC(153) Survivor regions: 1->0(1)
[2024-07-06T13:13:33.781-0700][info][gc,heap        ] GC(153) Old regions: 1017->1017
[2024-07-06T13:13:33.781-0700][info][gc,heap        ] GC(153) Archive regions: 2->2
[2024-07-06T13:13:33.781-0700][info][gc,heap        ] GC(153) Humongous regions: 4->4
[2024-07-06T13:13:33.781-0700][info][gc,metaspace   ] GC(153) Metaspace: 305K(512K)->305K(512K) NonClass: 297K(384K)->297K(384K) Class: 7K(128K)->7K(128K)
[2024-07-06T13:13:33.781-0700][info][gc             ] GC(153) Pause Full (G1 Compaction Pause) 4087M->4083M(4096M) 182.657ms
[2024-07-06T13:13:33.781-0700][info][gc,cpu         ] GC(153) User=0.71s Sys=0.00s Real=0.18s
[2024-07-06T13:13:33.781-0700][info][gc,start       ] GC(154) Pause Young (Concurrent Start) (G1 Evacuation Pause)
[2024-07-06T13:13:33.781-0700][info][gc,task        ] GC(154) Using 4 workers of 4 for evacuation
[2024-07-06T13:13:33.783-0700][info][gc             ] GC(154) To-space exhausted
[2024-07-06T13:13:33.783-0700][info][gc,phases      ] GC(154)   Pre Evacuate Collection Set: 0.2ms
[2024-07-06T13:13:33.783-0700][info][gc,phases      ] GC(154)   Merge Heap Roots: 0.1ms
[2024-07-06T13:13:33.783-0700][info][gc,phases      ] GC(154)   Evacuate Collection Set: 0.9ms
[2024-07-06T13:13:33.783-0700][info][gc,phases      ] GC(154)   Post Evacuate Collection Set: 0.6ms
[2024-07-06T13:13:33.783-0700][info][gc,phases      ] GC(154)   Other: 0.1ms
[2024-07-06T13:13:33.783-0700][info][gc,heap        ] GC(154) Eden regions: 1->0(51)
[2024-07-06T13:13:33.783-0700][info][gc,heap        ] GC(154) Survivor regions: 0->0(0)
[2024-07-06T13:13:33.783-0700][info][gc,heap        ] GC(154) Old regions: 1017->1018
[2024-07-06T13:13:33.783-0700][info][gc,heap        ] GC(154) Archive regions: 2->2
[2024-07-06T13:13:33.783-0700][info][gc,heap        ] GC(154) Humongous regions: 4->4
[2024-07-06T13:13:33.783-0700][info][gc,metaspace   ] GC(154) Metaspace: 305K(512K)->305K(512K) NonClass: 297K(384K)->297K(384K) Class: 7K(128K)->7K(128K)
[2024-07-06T13:13:33.783-0700][info][gc             ] GC(154) Pause Young (Concurrent Start) (G1 Evacuation Pause) 4087M->4087M(4096M) 1.840ms
[2024-07-06T13:13:33.783-0700][info][gc,cpu         ] GC(154) User=0.00s Sys=0.01s Real=0.01s
[2024-07-06T13:13:33.783-0700][info][gc,ergo        ] Attempting full compaction
[2024-07-06T13:13:33.783-0700][info][gc             ] GC(155) Concurrent Mark Cycle
[2024-07-06T13:13:33.783-0700][info][gc,task        ] GC(156) Using 4 workers of 4 for full compaction
[2024-07-06T13:13:33.783-0700][info][gc,marking     ] GC(155) Concurrent Clear Claimed Marks
[2024-07-06T13:13:33.783-0700][info][gc,marking     ] GC(155) Concurrent Clear Claimed Marks 0.047ms
[2024-07-06T13:13:33.783-0700][info][gc,marking     ] GC(155) Concurrent Scan Root Regions
[2024-07-06T13:13:33.783-0700][info][gc,marking     ] GC(155) Concurrent Scan Root Regions 0.004ms
[2024-07-06T13:13:33.783-0700][info][gc,marking     ] GC(155) Concurrent Mark
[2024-07-06T13:13:33.783-0700][info][gc,marking     ] GC(155) Concurrent Mark From Roots
[2024-07-06T13:13:33.783-0700][info][gc,task        ] GC(155) Using 1 workers of 1 for marking
[2024-07-06T13:13:33.783-0700][info][gc,start       ] GC(156) Pause Full (G1 Compaction Pause)
[2024-07-06T13:13:33.787-0700][info][gc,phases,start] GC(156) Phase 1: Mark live objects
[2024-07-06T13:13:33.906-0700][info][gc,phases      ] GC(156) Phase 1: Mark live objects 119.441ms
[2024-07-06T13:13:33.906-0700][info][gc,phases,start] GC(156) Phase 2: Prepare for compaction
[2024-07-06T13:13:33.907-0700][info][gc,phases      ] GC(156) Phase 2: Prepare for compaction 1.195ms
[2024-07-06T13:13:33.907-0700][info][gc,phases,start] GC(156) Phase 3: Adjust pointers
[2024-07-06T13:13:33.980-0700][info][gc,phases      ] GC(156) Phase 3: Adjust pointers 72.772ms
[2024-07-06T13:13:33.980-0700][info][gc,phases,start] GC(156) Phase 4: Compact heap
[2024-07-06T13:13:33.981-0700][info][gc,phases      ] GC(156) Phase 4: Compact heap 0.998ms
[2024-07-06T13:13:33.985-0700][info][gc,heap        ] GC(156) Eden regions: 0->0(51)
[2024-07-06T13:13:33.985-0700][info][gc,heap        ] GC(156) Survivor regions: 0->0(0)
[2024-07-06T13:13:33.985-0700][info][gc,heap        ] GC(156) Old regions: 1018->1018
[2024-07-06T13:13:33.985-0700][info][gc,heap        ] GC(156) Archive regions: 2->2
[2024-07-06T13:13:33.985-0700][info][gc,heap        ] GC(156) Humongous regions: 4->4
[2024-07-06T13:13:33.985-0700][info][gc,metaspace   ] GC(156) Metaspace: 305K(512K)->305K(512K) NonClass: 297K(384K)->297K(384K) Class: 7K(128K)->7K(128K)
[2024-07-06T13:13:33.985-0700][info][gc             ] GC(156) Pause Full (G1 Compaction Pause) 4087M->4087M(4096M) 202.049ms
[2024-07-06T13:13:33.985-0700][info][gc,cpu         ] GC(156) User=0.79s Sys=0.00s Real=0.20s
[2024-07-06T13:13:33.985-0700][info][gc,ergo        ] Attempting maximum full compaction clearing soft references
[2024-07-06T13:13:33.985-0700][info][gc,task        ] GC(157) Using 4 workers of 4 for full compaction
[2024-07-06T13:13:33.985-0700][info][gc,start       ] GC(157) Pause Full (G1 Compaction Pause)
[2024-07-06T13:13:33.986-0700][info][gc,phases,start] GC(157) Phase 1: Mark live objects
[2024-07-06T13:13:34.108-0700][info][gc,phases      ] GC(157) Phase 1: Mark live objects 122.203ms
[2024-07-06T13:13:34.108-0700][info][gc,phases,start] GC(157) Phase 2: Prepare for compaction
[2024-07-06T13:13:34.193-0700][info][gc,phases      ] GC(157) Phase 2: Prepare for compaction 85.539ms
[2024-07-06T13:13:34.194-0700][info][gc,phases,start] GC(157) Phase 3: Adjust pointers
[2024-07-06T13:13:34.305-0700][info][gc,phases      ] GC(157) Phase 3: Adjust pointers 111.944ms
[2024-07-06T13:13:34.306-0700][info][gc,phases,start] GC(157) Phase 4: Compact heap
[2024-07-06T13:13:34.873-0700][info][gc,phases      ] GC(157) Phase 4: Compact heap 566.965ms
[2024-07-06T13:13:34.880-0700][info][gc,heap        ] GC(157) Eden regions: 0->0(51)
[2024-07-06T13:13:34.880-0700][info][gc,heap        ] GC(157) Survivor regions: 0->0(0)
[2024-07-06T13:13:34.880-0700][info][gc,heap        ] GC(157) Old regions: 1018->1017
[2024-07-06T13:13:34.880-0700][info][gc,heap        ] GC(157) Archive regions: 2->2
[2024-07-06T13:13:34.880-0700][info][gc,heap        ] GC(157) Humongous regions: 4->4
[2024-07-06T13:13:34.880-0700][info][gc,metaspace   ] GC(157) Metaspace: 305K(512K)->305K(512K) NonClass: 297K(384K)->297K(384K) Class: 7K(128K)->7K(128K)
[2024-07-06T13:13:34.880-0700][info][gc             ] GC(157) Pause Full (G1 Compaction Pause) 4087M->4072M(4096M) 894.936ms
[2024-07-06T13:13:34.881-0700][info][gc,cpu         ] GC(157) User=3.49s Sys=0.00s Real=0.89s
[2024-07-06T13:13:34.881-0700][info][gc,marking     ] GC(155) Concurrent Mark From Roots 1097.399ms
[2024-07-06T13:13:34.881-0700][info][gc,marking     ] GC(155) Concurrent Mark Abort
[2024-07-06T13:13:34.881-0700][info][gc             ] GC(155) Concurrent Mark Cycle 1097.518ms
[2024-07-06T13:13:37.384-0700][info][gc,start       ] GC(158) Pause Young (Normal) (G1 Evacuation Pause)
[2024-07-06T13:13:37.384-0700][info][gc,task        ] GC(158) Using 4 workers of 4 for evacuation
[2024-07-06T13:13:37.391-0700][info][gc             ] GC(158) To-space exhausted
[2024-07-06T13:13:37.391-0700][info][gc,phases      ] GC(158)   Pre Evacuate Collection Set: 0.2ms
[2024-07-06T13:13:37.391-0700][info][gc,phases      ] GC(158)   Merge Heap Roots: 0.2ms
[2024-07-06T13:13:37.391-0700][info][gc,phases      ] GC(158)   Evacuate Collection Set: 5.7ms
[2024-07-06T13:13:37.391-0700][info][gc,phases      ] GC(158)   Post Evacuate Collection Set: 0.5ms
[2024-07-06T13:13:37.391-0700][info][gc,phases      ] GC(158)   Other: 0.2ms
[2024-07-06T13:13:37.391-0700][info][gc,heap        ] GC(158) Eden regions: 1->0(51)
[2024-07-06T13:13:37.391-0700][info][gc,heap        ] GC(158) Survivor regions: 0->0(0)
[2024-07-06T13:13:37.391-0700][info][gc,heap        ] GC(158) Old regions: 1017->1018
[2024-07-06T13:13:37.391-0700][info][gc,heap        ] GC(158) Archive regions: 2->2
[2024-07-06T13:13:37.391-0700][info][gc,heap        ] GC(158) Humongous regions: 4->4
[2024-07-06T13:13:37.391-0700][info][gc,metaspace   ] GC(158) Metaspace: 305K(512K)->305K(512K) NonClass: 297K(384K)->297K(384K) Class: 7K(128K)->7K(128K)
[2024-07-06T13:13:37.391-0700][info][gc             ] GC(158) Pause Young (Normal) (G1 Evacuation Pause) 4076M->4076M(4096M) 6.899ms
[2024-07-06T13:13:37.391-0700][info][gc,cpu         ] GC(158) User=0.02s Sys=0.00s Real=0.00s
[2024-07-06T13:13:37.391-0700][info][gc,ergo        ] Attempting full compaction
[2024-07-06T13:13:37.391-0700][info][gc,task        ] GC(159) Using 4 workers of 4 for full compaction
[2024-07-06T13:13:37.391-0700][info][gc,start       ] GC(159) Pause Full (G1 Compaction Pause)
[2024-07-06T13:13:37.391-0700][info][gc,phases,start] GC(159) Phase 1: Mark live objects
[2024-07-06T13:13:37.499-0700][info][gc,phases      ] GC(159) Phase 1: Mark live objects 107.203ms
[2024-07-06T13:13:37.499-0700][info][gc,phases,start] GC(159) Phase 2: Prepare for compaction
[2024-07-06T13:13:37.500-0700][info][gc,phases      ] GC(159) Phase 2: Prepare for compaction 0.924ms
[2024-07-06T13:13:37.500-0700][info][gc,phases,start] GC(159) Phase 3: Adjust pointers
[2024-07-06T13:13:37.601-0700][info][gc,phases      ] GC(159) Phase 3: Adjust pointers 101.325ms
[2024-07-06T13:13:37.601-0700][info][gc,phases,start] GC(159) Phase 4: Compact heap
[2024-07-06T13:13:37.601-0700][info][gc,phases      ] GC(159) Phase 4: Compact heap 0.318ms
[2024-07-06T13:13:37.606-0700][info][gc,heap        ] GC(159) Eden regions: 0->0(51)
[2024-07-06T13:13:37.607-0700][info][gc,heap        ] GC(159) Survivor regions: 0->0(0)
[2024-07-06T13:13:37.607-0700][info][gc,heap        ] GC(159) Old regions: 1018->1017
[2024-07-06T13:13:37.607-0700][info][gc,heap        ] GC(159) Archive regions: 2->2
[2024-07-06T13:13:37.607-0700][info][gc,heap        ] GC(159) Humongous regions: 4->4
[2024-07-06T13:13:37.607-0700][info][gc,metaspace   ] GC(159) Metaspace: 305K(512K)->305K(512K) NonClass: 297K(384K)->297K(384K) Class: 7K(128K)->7K(128K)
[2024-07-06T13:13:37.607-0700][info][gc             ] GC(159) Pause Full (G1 Compaction Pause) 4076M->4076M(4096M) 215.309ms
[2024-07-06T13:13:37.607-0700][info][gc,cpu         ] GC(159) User=0.85s Sys=0.00s Real=0.22s
[2024-07-06T13:13:37.608-0700][info][gc,start       ] GC(160) Pause Young (Concurrent Start) (G1 Evacuation Pause)
[2024-07-06T13:13:37.608-0700][info][gc,task        ] GC(160) Using 4 workers of 4 for evacuation
[2024-07-06T13:13:37.611-0700][info][gc             ] GC(160) To-space exhausted
[2024-07-06T13:13:37.611-0700][info][gc,phases      ] GC(160)   Pre Evacuate Collection Set: 0.3ms
[2024-07-06T13:13:37.611-0700][info][gc,phases      ] GC(160)   Merge Heap Roots: 0.1ms
[2024-07-06T13:13:37.611-0700][info][gc,phases      ] GC(160)   Evacuate Collection Set: 1.2ms
[2024-07-06T13:13:37.611-0700][info][gc,phases      ] GC(160)   Post Evacuate Collection Set: 1.1ms
[2024-07-06T13:13:37.612-0700][info][gc,phases      ] GC(160)   Other: 0.4ms
[2024-07-06T13:13:37.612-0700][info][gc,heap        ] GC(160) Eden regions: 1->0(51)
[2024-07-06T13:13:37.612-0700][info][gc,heap        ] GC(160) Survivor regions: 0->0(0)
[2024-07-06T13:13:37.612-0700][info][gc,heap        ] GC(160) Old regions: 1017->1018
[2024-07-06T13:13:37.612-0700][info][gc,heap        ] GC(160) Archive regions: 2->2
[2024-07-06T13:13:37.612-0700][info][gc,heap        ] GC(160) Humongous regions: 4->4
[2024-07-06T13:13:37.612-0700][info][gc,metaspace   ] GC(160) Metaspace: 305K(512K)->305K(512K) NonClass: 297K(384K)->297K(384K) Class: 7K(128K)->7K(128K)
[2024-07-06T13:13:37.612-0700][info][gc             ] GC(160) Pause Young (Concurrent Start) (G1 Evacuation Pause) 4080M->4080M(4096M) 3.224ms
[2024-07-06T13:13:37.612-0700][info][gc,cpu         ] GC(160) User=0.00s Sys=0.00s Real=0.00s
[2024-07-06T13:13:37.612-0700][info][gc,ergo        ] Attempting full compaction
[2024-07-06T13:13:37.612-0700][info][gc             ] GC(161) Concurrent Mark Cycle
[2024-07-06T13:13:37.612-0700][info][gc,task        ] GC(162) Using 4 workers of 4 for full compaction
[2024-07-06T13:13:37.612-0700][info][gc,marking     ] GC(161) Concurrent Clear Claimed Marks
[2024-07-06T13:13:37.612-0700][info][gc,marking     ] GC(161) Concurrent Clear Claimed Marks 0.055ms
[2024-07-06T13:13:37.612-0700][info][gc,marking     ] GC(161) Concurrent Scan Root Regions
[2024-07-06T13:13:37.612-0700][info][gc,marking     ] GC(161) Concurrent Scan Root Regions 0.006ms
[2024-07-06T13:13:37.612-0700][info][gc,marking     ] GC(161) Concurrent Mark
[2024-07-06T13:13:37.612-0700][info][gc,marking     ] GC(161) Concurrent Mark From Roots
[2024-07-06T13:13:37.612-0700][info][gc,start       ] GC(162) Pause Full (G1 Compaction Pause)
[2024-07-06T13:13:37.612-0700][info][gc,task        ] GC(161) Using 1 workers of 1 for marking
[2024-07-06T13:13:37.618-0700][info][gc,phases,start] GC(162) Phase 1: Mark live objects
[2024-07-06T13:13:37.735-0700][info][gc,phases      ] GC(162) Phase 1: Mark live objects 116.725ms
[2024-07-06T13:13:37.735-0700][info][gc,phases,start] GC(162) Phase 2: Prepare for compaction
[2024-07-06T13:13:37.736-0700][info][gc,phases      ] GC(162) Phase 2: Prepare for compaction 0.886ms
[2024-07-06T13:13:37.736-0700][info][gc,phases,start] GC(162) Phase 3: Adjust pointers
[2024-07-06T13:13:37.805-0700][info][gc,phases      ] GC(162) Phase 3: Adjust pointers 68.754ms
[2024-07-06T13:13:37.805-0700][info][gc,phases,start] GC(162) Phase 4: Compact heap
[2024-07-06T13:13:37.805-0700][info][gc,phases      ] GC(162) Phase 4: Compact heap 0.340ms
[2024-07-06T13:13:37.808-0700][info][gc,heap        ] GC(162) Eden regions: 0->0(51)
[2024-07-06T13:13:37.808-0700][info][gc,heap        ] GC(162) Survivor regions: 0->0(0)
[2024-07-06T13:13:37.808-0700][info][gc,heap        ] GC(162) Old regions: 1018->1016
[2024-07-06T13:13:37.808-0700][info][gc,heap        ] GC(162) Archive regions: 2->2
[2024-07-06T13:13:37.808-0700][info][gc,heap        ] GC(162) Humongous regions: 4->4
[2024-07-06T13:13:37.808-0700][info][gc,metaspace   ] GC(162) Metaspace: 305K(512K)->305K(512K) NonClass: 297K(384K)->297K(384K) Class: 7K(128K)->7K(128K)
[2024-07-06T13:13:37.808-0700][info][gc             ] GC(162) Pause Full (G1 Compaction Pause) 4080M->4080M(4096M) 196.396ms
[2024-07-06T13:13:37.808-0700][info][gc,cpu         ] GC(162) User=0.76s Sys=0.00s Real=0.20s
[2024-07-06T13:13:37.808-0700][info][gc,marking     ] GC(161) Concurrent Mark From Roots 196.573ms
[2024-07-06T13:13:37.808-0700][info][gc,marking     ] GC(161) Concurrent Mark Abort
[2024-07-06T13:13:37.808-0700][info][gc             ] GC(161) Concurrent Mark Cycle 196.747ms
[2024-07-06T13:13:37.809-0700][info][gc,start       ] GC(163) Pause Young (Normal) (G1 Preventive Collection)
[2024-07-06T13:13:37.809-0700][info][gc,task        ] GC(163) Using 4 workers of 4 for evacuation
[2024-07-06T13:13:37.810-0700][info][gc,phases      ] GC(163)   Pre Evacuate Collection Set: 0.2ms
[2024-07-06T13:13:37.810-0700][info][gc,phases      ] GC(163)   Merge Heap Roots: 0.1ms
[2024-07-06T13:13:37.810-0700][info][gc,phases      ] GC(163)   Evacuate Collection Set: 0.8ms
[2024-07-06T13:13:37.810-0700][info][gc,phases      ] GC(163)   Post Evacuate Collection Set: 0.3ms
[2024-07-06T13:13:37.810-0700][info][gc,phases      ] GC(163)   Other: 0.1ms
[2024-07-06T13:13:37.810-0700][info][gc,heap        ] GC(163) Eden regions: 1->0(50)
[2024-07-06T13:13:37.810-0700][info][gc,heap        ] GC(163) Survivor regions: 0->1(1)
[2024-07-06T13:13:37.810-0700][info][gc,heap        ] GC(163) Old regions: 1016->1016
[2024-07-06T13:13:37.810-0700][info][gc,heap        ] GC(163) Archive regions: 2->2
[2024-07-06T13:13:37.810-0700][info][gc,heap        ] GC(163) Humongous regions: 4->4
[2024-07-06T13:13:37.810-0700][info][gc,metaspace   ] GC(163) Metaspace: 305K(512K)->305K(512K) NonClass: 297K(384K)->297K(384K) Class: 7K(128K)->7K(128K)
[2024-07-06T13:13:37.810-0700][info][gc             ] GC(163) Pause Young (Normal) (G1 Preventive Collection) 4084M->4084M(4096M) 1.355ms
[2024-07-06T13:13:37.810-0700][info][gc,cpu         ] GC(163) User=0.01s Sys=0.00s Real=0.00s
[2024-07-06T13:13:39.897-0700][info][gc,start       ] GC(164) Pause Young (Concurrent Start) (G1 Evacuation Pause)
[2024-07-06T13:13:39.897-0700][info][gc,task        ] GC(164) Using 4 workers of 4 for evacuation
[2024-07-06T13:13:39.904-0700][info][gc             ] GC(164) To-space exhausted
[2024-07-06T13:13:39.904-0700][info][gc,phases      ] GC(164)   Pre Evacuate Collection Set: 0.2ms
[2024-07-06T13:13:39.904-0700][info][gc,phases      ] GC(164)   Merge Heap Roots: 0.1ms
[2024-07-06T13:13:39.904-0700][info][gc,phases      ] GC(164)   Evacuate Collection Set: 5.9ms
[2024-07-06T13:13:39.904-0700][info][gc,phases      ] GC(164)   Post Evacuate Collection Set: 0.6ms
[2024-07-06T13:13:39.904-0700][info][gc,phases      ] GC(164)   Other: 0.2ms
[2024-07-06T13:13:39.904-0700][info][gc,heap        ] GC(164) Eden regions: 1->0(51)
[2024-07-06T13:13:39.904-0700][info][gc,heap        ] GC(164) Survivor regions: 1->0(0)
[2024-07-06T13:13:39.904-0700][info][gc,heap        ] GC(164) Old regions: 1016->1018
[2024-07-06T13:13:39.904-0700][info][gc,heap        ] GC(164) Archive regions: 2->2
[2024-07-06T13:13:39.904-0700][info][gc,heap        ] GC(164) Humongous regions: 4->4
[2024-07-06T13:13:39.904-0700][info][gc,metaspace   ] GC(164) Metaspace: 305K(512K)->305K(512K) NonClass: 297K(384K)->297K(384K) Class: 7K(128K)->7K(128K)
[2024-07-06T13:13:39.904-0700][info][gc             ] GC(164) Pause Young (Concurrent Start) (G1 Evacuation Pause) 4088M->4088M(4096M) 6.982ms
[2024-07-06T13:13:39.904-0700][info][gc,cpu         ] GC(164) User=0.02s Sys=0.00s Real=0.01s
[2024-07-06T13:13:39.904-0700][info][gc,ergo        ] Attempting full compaction
[2024-07-06T13:13:39.904-0700][info][gc             ] GC(165) Concurrent Mark Cycle
[2024-07-06T13:13:39.905-0700][info][gc,marking     ] GC(165) Concurrent Clear Claimed Marks
[2024-07-06T13:13:39.905-0700][info][gc,marking     ] GC(165) Concurrent Clear Claimed Marks 0.030ms
[2024-07-06T13:13:39.905-0700][info][gc,marking     ] GC(165) Concurrent Scan Root Regions
[2024-07-06T13:13:39.905-0700][info][gc,marking     ] GC(165) Concurrent Scan Root Regions 0.029ms
[2024-07-06T13:13:39.905-0700][info][gc,marking     ] GC(165) Concurrent Mark
[2024-07-06T13:13:39.905-0700][info][gc,marking     ] GC(165) Concurrent Mark From Roots
[2024-07-06T13:13:39.905-0700][info][gc,task        ] GC(165) Using 1 workers of 1 for marking
[2024-07-06T13:13:39.905-0700][info][gc,task        ] GC(166) Using 4 workers of 4 for full compaction
[2024-07-06T13:13:39.905-0700][info][gc,start       ] GC(166) Pause Full (G1 Compaction Pause)
[2024-07-06T13:13:39.908-0700][info][gc,phases,start] GC(166) Phase 1: Mark live objects
[2024-07-06T13:13:40.012-0700][info][gc,phases      ] GC(166) Phase 1: Mark live objects 104.534ms
[2024-07-06T13:13:40.012-0700][info][gc,phases,start] GC(166) Phase 2: Prepare for compaction
[2024-07-06T13:13:40.013-0700][info][gc,phases      ] GC(166) Phase 2: Prepare for compaction 0.834ms
[2024-07-06T13:13:40.013-0700][info][gc,phases,start] GC(166) Phase 3: Adjust pointers
[2024-07-06T13:13:40.078-0700][info][gc,phases      ] GC(166) Phase 3: Adjust pointers 64.671ms
[2024-07-06T13:13:40.078-0700][info][gc,phases,start] GC(166) Phase 4: Compact heap
[2024-07-06T13:13:40.078-0700][info][gc,phases      ] GC(166) Phase 4: Compact heap 0.292ms
[2024-07-06T13:13:40.081-0700][info][gc,heap        ] GC(166) Eden regions: 0->0(51)
[2024-07-06T13:13:40.081-0700][info][gc,heap        ] GC(166) Survivor regions: 0->0(0)
[2024-07-06T13:13:40.081-0700][info][gc,heap        ] GC(166) Old regions: 1018->1018
[2024-07-06T13:13:40.081-0700][info][gc,heap        ] GC(166) Archive regions: 2->2
[2024-07-06T13:13:40.081-0700][info][gc,heap        ] GC(166) Humongous regions: 4->4
[2024-07-06T13:13:40.081-0700][info][gc,metaspace   ] GC(166) Metaspace: 305K(512K)->305K(512K) NonClass: 297K(384K)->297K(384K) Class: 7K(128K)->7K(128K)
[2024-07-06T13:13:40.081-0700][info][gc             ] GC(166) Pause Full (G1 Compaction Pause) 4088M->4088M(4096M) 176.588ms
[2024-07-06T13:13:40.081-0700][info][gc,cpu         ] GC(166) User=0.70s Sys=0.00s Real=0.17s
[2024-07-06T13:13:40.081-0700][info][gc,ergo        ] Attempting maximum full compaction clearing soft references
[2024-07-06T13:13:40.081-0700][info][gc,task        ] GC(167) Using 4 workers of 4 for full compaction
[2024-07-06T13:13:40.082-0700][info][gc,start       ] GC(167) Pause Full (G1 Compaction Pause)
[2024-07-06T13:13:40.082-0700][info][gc,phases,start] GC(167) Phase 1: Mark live objects
[2024-07-06T13:13:40.180-0700][info][gc,phases      ] GC(167) Phase 1: Mark live objects 98.813ms
[2024-07-06T13:13:40.181-0700][info][gc,phases,start] GC(167) Phase 2: Prepare for compaction
[2024-07-06T13:13:40.273-0700][info][gc,phases      ] GC(167) Phase 2: Prepare for compaction 92.345ms
[2024-07-06T13:13:40.273-0700][info][gc,phases,start] GC(167) Phase 3: Adjust pointers
[2024-07-06T13:13:40.374-0700][info][gc,phases      ] GC(167) Phase 3: Adjust pointers 100.948ms
[2024-07-06T13:13:40.374-0700][info][gc,phases,start] GC(167) Phase 4: Compact heap
[2024-07-06T13:13:40.876-0700][info][gc,phases      ] GC(167) Phase 4: Compact heap 501.793ms
[2024-07-06T13:13:40.881-0700][info][gc,heap        ] GC(167) Eden regions: 0->0(51)
[2024-07-06T13:13:40.881-0700][info][gc,heap        ] GC(167) Survivor regions: 0->0(0)
[2024-07-06T13:13:40.881-0700][info][gc,heap        ] GC(167) Old regions: 1018->1017
[2024-07-06T13:13:40.881-0700][info][gc,heap        ] GC(167) Archive regions: 2->2
[2024-07-06T13:13:40.881-0700][info][gc,heap        ] GC(167) Humongous regions: 4->4
[2024-07-06T13:13:40.881-0700][info][gc,metaspace   ] GC(167) Metaspace: 305K(512K)->305K(512K) NonClass: 297K(384K)->297K(384K) Class: 7K(128K)->7K(128K)
[2024-07-06T13:13:40.881-0700][info][gc             ] GC(167) Pause Full (G1 Compaction Pause) 4088M->4078M(4096M) 799.101ms
[2024-07-06T13:13:40.881-0700][info][gc,cpu         ] GC(167) User=3.16s Sys=0.00s Real=0.80s
[2024-07-06T13:13:40.881-0700][info][gc,marking     ] GC(165) Concurrent Mark From Roots 976.113ms
[2024-07-06T13:13:40.881-0700][info][gc,marking     ] GC(165) Concurrent Mark Abort
[2024-07-06T13:13:40.881-0700][info][gc             ] GC(165) Concurrent Mark Cycle 976.327ms
[2024-07-06T13:13:40.881-0700][info][gc,start       ] GC(168) Pause Young (Normal) (G1 Evacuation Pause)
[2024-07-06T13:13:40.882-0700][info][gc,task        ] GC(168) Using 4 workers of 4 for evacuation
[2024-07-06T13:13:40.883-0700][info][gc             ] GC(168) To-space exhausted
[2024-07-06T13:13:40.883-0700][info][gc,phases      ] GC(168)   Pre Evacuate Collection Set: 0.2ms
[2024-07-06T13:13:40.883-0700][info][gc,phases      ] GC(168)   Merge Heap Roots: 0.1ms
[2024-07-06T13:13:40.883-0700][info][gc,phases      ] GC(168)   Evacuate Collection Set: 0.6ms
[2024-07-06T13:13:40.883-0700][info][gc,phases      ] GC(168)   Post Evacuate Collection Set: 0.6ms
[2024-07-06T13:13:40.883-0700][info][gc,phases      ] GC(168)   Other: 0.1ms
[2024-07-06T13:13:40.883-0700][info][gc,heap        ] GC(168) Eden regions: 1->0(51)
[2024-07-06T13:13:40.883-0700][info][gc,heap        ] GC(168) Survivor regions: 0->0(0)
[2024-07-06T13:13:40.883-0700][info][gc,heap        ] GC(168) Old regions: 1017->1018
[2024-07-06T13:13:40.883-0700][info][gc,heap        ] GC(168) Archive regions: 2->2
[2024-07-06T13:13:40.883-0700][info][gc,heap        ] GC(168) Humongous regions: 4->4
[2024-07-06T13:13:40.883-0700][info][gc,metaspace   ] GC(168) Metaspace: 305K(512K)->305K(512K) NonClass: 297K(384K)->297K(384K) Class: 7K(128K)->7K(128K)
[2024-07-06T13:13:40.883-0700][info][gc             ] GC(168) Pause Young (Normal) (G1 Evacuation Pause) 4082M->4082M(4096M) 1.544ms
[2024-07-06T13:13:40.883-0700][info][gc,cpu         ] GC(168) User=0.00s Sys=0.00s Real=0.01s
[2024-07-06T13:13:40.883-0700][info][gc,ergo        ] Attempting full compaction
[2024-07-06T13:13:40.883-0700][info][gc,task        ] GC(169) Using 4 workers of 4 for full compaction
[2024-07-06T13:13:40.883-0700][info][gc,start       ] GC(169) Pause Full (G1 Compaction Pause)
[2024-07-06T13:13:40.883-0700][info][gc,phases,start] GC(169) Phase 1: Mark live objects
[2024-07-06T13:13:41.003-0700][info][gc,phases      ] GC(169) Phase 1: Mark live objects 119.557ms
[2024-07-06T13:13:41.003-0700][info][gc,phases,start] GC(169) Phase 2: Prepare for compaction
[2024-07-06T13:13:41.004-0700][info][gc,phases      ] GC(169) Phase 2: Prepare for compaction 0.970ms
[2024-07-06T13:13:41.004-0700][info][gc,phases,start] GC(169) Phase 3: Adjust pointers
[2024-07-06T13:13:41.069-0700][info][gc,phases      ] GC(169) Phase 3: Adjust pointers 64.895ms
[2024-07-06T13:13:41.069-0700][info][gc,phases,start] GC(169) Phase 4: Compact heap
[2024-07-06T13:13:41.069-0700][info][gc,phases      ] GC(169) Phase 4: Compact heap 0.447ms
[2024-07-06T13:13:41.072-0700][info][gc,heap        ] GC(169) Eden regions: 0->0(51)
[2024-07-06T13:13:41.072-0700][info][gc,heap        ] GC(169) Survivor regions: 0->0(0)
[2024-07-06T13:13:41.072-0700][info][gc,heap        ] GC(169) Old regions: 1018->1017
[2024-07-06T13:13:41.072-0700][info][gc,heap        ] GC(169) Archive regions: 2->2
[2024-07-06T13:13:41.072-0700][info][gc,heap        ] GC(169) Humongous regions: 4->4
[2024-07-06T13:13:41.072-0700][info][gc,metaspace   ] GC(169) Metaspace: 305K(512K)->305K(512K) NonClass: 297K(384K)->297K(384K) Class: 7K(128K)->7K(128K)
[2024-07-06T13:13:41.072-0700][info][gc             ] GC(169) Pause Full (G1 Compaction Pause) 4082M->4082M(4096M) 188.959ms
[2024-07-06T13:13:41.072-0700][info][gc,cpu         ] GC(169) User=0.74s Sys=0.00s Real=0.18s
[2024-07-06T13:13:43.180-0700][info][gc,start       ] GC(170) Pause Young (Concurrent Start) (G1 Evacuation Pause)
[2024-07-06T13:13:43.181-0700][info][gc,task        ] GC(170) Using 4 workers of 4 for evacuation
[2024-07-06T13:13:43.187-0700][info][gc             ] GC(170) To-space exhausted
[2024-07-06T13:13:43.187-0700][info][gc,phases      ] GC(170)   Pre Evacuate Collection Set: 0.3ms
[2024-07-06T13:13:43.187-0700][info][gc,phases      ] GC(170)   Merge Heap Roots: 0.2ms
[2024-07-06T13:13:43.187-0700][info][gc,phases      ] GC(170)   Evacuate Collection Set: 5.3ms
[2024-07-06T13:13:43.187-0700][info][gc,phases      ] GC(170)   Post Evacuate Collection Set: 0.6ms
[2024-07-06T13:13:43.187-0700][info][gc,phases      ] GC(170)   Other: 0.3ms
[2024-07-06T13:13:43.187-0700][info][gc,heap        ] GC(170) Eden regions: 1->0(51)
[2024-07-06T13:13:43.187-0700][info][gc,heap        ] GC(170) Survivor regions: 0->0(0)
[2024-07-06T13:13:43.187-0700][info][gc,heap        ] GC(170) Old regions: 1017->1018
[2024-07-06T13:13:43.187-0700][info][gc,heap        ] GC(170) Archive regions: 2->2
[2024-07-06T13:13:43.187-0700][info][gc,heap        ] GC(170) Humongous regions: 4->4
[2024-07-06T13:13:43.187-0700][info][gc,metaspace   ] GC(170) Metaspace: 305K(512K)->305K(512K) NonClass: 297K(384K)->297K(384K) Class: 7K(128K)->7K(128K)
[2024-07-06T13:13:43.187-0700][info][gc             ] GC(170) Pause Young (Concurrent Start) (G1 Evacuation Pause) 4086M->4086M(4096M) 6.619ms
[2024-07-06T13:13:43.187-0700][info][gc,cpu         ] GC(170) User=0.02s Sys=0.01s Real=0.01s
[2024-07-06T13:13:43.187-0700][info][gc,ergo        ] Attempting full compaction
[2024-07-06T13:13:43.187-0700][info][gc             ] GC(171) Concurrent Mark Cycle
[2024-07-06T13:13:43.187-0700][info][gc,marking     ] GC(171) Concurrent Clear Claimed Marks
[2024-07-06T13:13:43.187-0700][info][gc,task        ] GC(172) Using 4 workers of 4 for full compaction
[2024-07-06T13:13:43.187-0700][info][gc,marking     ] GC(171) Concurrent Clear Claimed Marks 0.013ms
[2024-07-06T13:13:43.187-0700][info][gc,marking     ] GC(171) Concurrent Scan Root Regions
[2024-07-06T13:13:43.187-0700][info][gc,marking     ] GC(171) Concurrent Scan Root Regions 0.005ms
[2024-07-06T13:13:43.187-0700][info][gc,marking     ] GC(171) Concurrent Mark
[2024-07-06T13:13:43.187-0700][info][gc,marking     ] GC(171) Concurrent Mark From Roots
[2024-07-06T13:13:43.187-0700][info][gc,task        ] GC(171) Using 1 workers of 1 for marking
[2024-07-06T13:13:43.187-0700][info][gc,start       ] GC(172) Pause Full (G1 Compaction Pause)
[2024-07-06T13:13:43.191-0700][info][gc,phases,start] GC(172) Phase 1: Mark live objects
[2024-07-06T13:13:43.310-0700][info][gc,phases      ] GC(172) Phase 1: Mark live objects 119.360ms
[2024-07-06T13:13:43.310-0700][info][gc,phases,start] GC(172) Phase 2: Prepare for compaction
[2024-07-06T13:13:43.311-0700][info][gc,phases      ] GC(172) Phase 2: Prepare for compaction 1.401ms
[2024-07-06T13:13:43.312-0700][info][gc,phases,start] GC(172) Phase 3: Adjust pointers
[2024-07-06T13:13:43.375-0700][info][gc,phases      ] GC(172) Phase 3: Adjust pointers 63.939ms
[2024-07-06T13:13:43.375-0700][info][gc,phases,start] GC(172) Phase 4: Compact heap
[2024-07-06T13:13:43.377-0700][info][gc,phases      ] GC(172) Phase 4: Compact heap 1.227ms
[2024-07-06T13:13:43.380-0700][info][gc,heap        ] GC(172) Eden regions: 0->0(51)
[2024-07-06T13:13:43.380-0700][info][gc,heap        ] GC(172) Survivor regions: 0->0(0)
[2024-07-06T13:13:43.380-0700][info][gc,heap        ] GC(172) Old regions: 1018->1018
[2024-07-06T13:13:43.380-0700][info][gc,heap        ] GC(172) Archive regions: 2->2
[2024-07-06T13:13:43.380-0700][info][gc,heap        ] GC(172) Humongous regions: 4->4
[2024-07-06T13:13:43.380-0700][info][gc,metaspace   ] GC(172) Metaspace: 305K(512K)->305K(512K) NonClass: 297K(384K)->297K(384K) Class: 7K(128K)->7K(128K)
[2024-07-06T13:13:43.380-0700][info][gc             ] GC(172) Pause Full (G1 Compaction Pause) 4086M->4086M(4096M) 192.669ms
[2024-07-06T13:13:43.380-0700][info][gc,cpu         ] GC(172) User=0.74s Sys=0.00s Real=0.19s
[2024-07-06T13:13:43.380-0700][info][gc,ergo        ] Attempting maximum full compaction clearing soft references
[2024-07-06T13:13:43.380-0700][info][gc,task        ] GC(173) Using 4 workers of 4 for full compaction
[2024-07-06T13:13:43.380-0700][info][gc,start       ] GC(173) Pause Full (G1 Compaction Pause)
[2024-07-06T13:13:43.380-0700][info][gc,phases,start] GC(173) Phase 1: Mark live objects
[2024-07-06T13:13:43.478-0700][info][gc,phases      ] GC(173) Phase 1: Mark live objects 97.310ms
[2024-07-06T13:13:43.478-0700][info][gc,phases,start] GC(173) Phase 2: Prepare for compaction
[2024-07-06T13:13:43.557-0700][info][gc,phases      ] GC(173) Phase 2: Prepare for compaction 79.821ms
[2024-07-06T13:13:43.557-0700][info][gc,phases,start] GC(173) Phase 3: Adjust pointers
[2024-07-06T13:13:43.653-0700][info][gc,phases      ] GC(173) Phase 3: Adjust pointers 95.396ms
[2024-07-06T13:13:43.653-0700][info][gc,phases,start] GC(173) Phase 4: Compact heap
[2024-07-06T13:13:44.080-0700][info][gc,phases      ] GC(173) Phase 4: Compact heap 426.967ms
[2024-07-06T13:13:44.084-0700][info][gc,heap        ] GC(173) Eden regions: 0->0(51)
[2024-07-06T13:13:44.084-0700][info][gc,heap        ] GC(173) Survivor regions: 0->0(0)
[2024-07-06T13:13:44.084-0700][info][gc,heap        ] GC(173) Old regions: 1018->1017
[2024-07-06T13:13:44.084-0700][info][gc,heap        ] GC(173) Archive regions: 2->2
[2024-07-06T13:13:44.084-0700][info][gc,heap        ] GC(173) Humongous regions: 4->4
[2024-07-06T13:13:44.084-0700][info][gc,metaspace   ] GC(173) Metaspace: 305K(512K)->305K(512K) NonClass: 297K(384K)->297K(384K) Class: 7K(128K)->7K(128K)
[2024-07-06T13:13:44.084-0700][info][gc             ] GC(173) Pause Full (G1 Compaction Pause) 4086M->4082M(4096M) 703.500ms
[2024-07-06T13:13:44.084-0700][info][gc,cpu         ] GC(173) User=2.78s Sys=0.00s Real=0.71s
[2024-07-06T13:13:44.084-0700][info][gc,marking     ] GC(171) Concurrent Mark From Roots 896.461ms
[2024-07-06T13:13:44.084-0700][info][gc,marking     ] GC(171) Concurrent Mark Abort
[2024-07-06T13:13:44.084-0700][info][gc             ] GC(171) Concurrent Mark Cycle 896.615ms
[2024-07-06T13:13:44.084-0700][info][gc,start       ] GC(174) Pause Young (Normal) (G1 Evacuation Pause)
[2024-07-06T13:13:44.084-0700][info][gc,task        ] GC(174) Using 4 workers of 4 for evacuation
[2024-07-06T13:13:44.086-0700][info][gc             ] GC(174) To-space exhausted
[2024-07-06T13:13:44.086-0700][info][gc,phases      ] GC(174)   Pre Evacuate Collection Set: 0.2ms
[2024-07-06T13:13:44.086-0700][info][gc,phases      ] GC(174)   Merge Heap Roots: 0.1ms
[2024-07-06T13:13:44.086-0700][info][gc,phases      ] GC(174)   Evacuate Collection Set: 0.7ms
[2024-07-06T13:13:44.086-0700][info][gc,phases      ] GC(174)   Post Evacuate Collection Set: 0.4ms
[2024-07-06T13:13:44.086-0700][info][gc,phases      ] GC(174)   Other: 0.1ms
[2024-07-06T13:13:44.086-0700][info][gc,heap        ] GC(174) Eden regions: 1->0(51)
[2024-07-06T13:13:44.086-0700][info][gc,heap        ] GC(174) Survivor regions: 0->0(0)
[2024-07-06T13:13:44.086-0700][info][gc,heap        ] GC(174) Old regions: 1017->1018
[2024-07-06T13:13:44.086-0700][info][gc,heap        ] GC(174) Archive regions: 2->2
[2024-07-06T13:13:44.086-0700][info][gc,heap        ] GC(174) Humongous regions: 4->4
[2024-07-06T13:13:44.086-0700][info][gc,metaspace   ] GC(174) Metaspace: 305K(512K)->305K(512K) NonClass: 297K(384K)->297K(384K) Class: 7K(128K)->7K(128K)
[2024-07-06T13:13:44.086-0700][info][gc             ] GC(174) Pause Young (Normal) (G1 Evacuation Pause) 4086M->4086M(4096M) 1.445ms
[2024-07-06T13:13:44.086-0700][info][gc,cpu         ] GC(174) User=0.00s Sys=0.00s Real=0.00s
[2024-07-06T13:13:44.086-0700][info][gc,ergo        ] Attempting full compaction
[2024-07-06T13:13:44.086-0700][info][gc,task        ] GC(175) Using 4 workers of 4 for full compaction
[2024-07-06T13:13:44.086-0700][info][gc,start       ] GC(175) Pause Full (G1 Compaction Pause)
[2024-07-06T13:13:44.086-0700][info][gc,phases,start] GC(175) Phase 1: Mark live objects
[2024-07-06T13:13:44.198-0700][info][gc,phases      ] GC(175) Phase 1: Mark live objects 111.772ms
[2024-07-06T13:13:44.198-0700][info][gc,phases,start] GC(175) Phase 2: Prepare for compaction
[2024-07-06T13:13:44.199-0700][info][gc,phases      ] GC(175) Phase 2: Prepare for compaction 1.464ms
[2024-07-06T13:13:44.199-0700][info][gc,phases,start] GC(175) Phase 3: Adjust pointers
[2024-07-06T13:13:44.264-0700][info][gc,phases      ] GC(175) Phase 3: Adjust pointers 64.836ms
[2024-07-06T13:13:44.264-0700][info][gc,phases,start] GC(175) Phase 4: Compact heap
[2024-07-06T13:13:44.265-0700][info][gc,phases      ] GC(175) Phase 4: Compact heap 1.286ms
[2024-07-06T13:13:44.268-0700][info][gc,heap        ] GC(175) Eden regions: 0->0(51)
[2024-07-06T13:13:44.268-0700][info][gc,heap        ] GC(175) Survivor regions: 0->0(0)
[2024-07-06T13:13:44.268-0700][info][gc,heap        ] GC(175) Old regions: 1018->1017
[2024-07-06T13:13:44.268-0700][info][gc,heap        ] GC(175) Archive regions: 2->2
[2024-07-06T13:13:44.268-0700][info][gc,heap        ] GC(175) Humongous regions: 4->4
[2024-07-06T13:13:44.268-0700][info][gc,metaspace   ] GC(175) Metaspace: 305K(512K)->305K(512K) NonClass: 297K(384K)->297K(384K) Class: 7K(128K)->7K(128K)
[2024-07-06T13:13:44.268-0700][info][gc             ] GC(175) Pause Full (G1 Compaction Pause) 4086M->4086M(4096M) 182.612ms
[2024-07-06T13:13:44.268-0700][info][gc,cpu         ] GC(175) User=0.72s Sys=0.00s Real=0.18s
[2024-07-06T13:13:44.269-0700][info][gc,start       ] GC(176) Pause Young (Concurrent Start) (G1 Humongous Allocation)
[2024-07-06T13:13:44.269-0700][info][gc,task        ] GC(176) Using 4 workers of 4 for evacuation
[2024-07-06T13:13:44.270-0700][info][gc             ] GC(176) To-space exhausted
[2024-07-06T13:13:44.270-0700][info][gc,phases      ] GC(176)   Pre Evacuate Collection Set: 0.3ms
[2024-07-06T13:13:44.270-0700][info][gc,phases      ] GC(176)   Merge Heap Roots: 0.1ms
[2024-07-06T13:13:44.270-0700][info][gc,phases      ] GC(176)   Evacuate Collection Set: 0.5ms
[2024-07-06T13:13:44.270-0700][info][gc,phases      ] GC(176)   Post Evacuate Collection Set: 0.4ms
[2024-07-06T13:13:44.270-0700][info][gc,phases      ] GC(176)   Other: 0.1ms
[2024-07-06T13:13:44.270-0700][info][gc,heap        ] GC(176) Eden regions: 1->0(51)
[2024-07-06T13:13:44.270-0700][info][gc,heap        ] GC(176) Survivor regions: 0->0(0)
[2024-07-06T13:13:44.270-0700][info][gc,heap        ] GC(176) Old regions: 1017->1018
[2024-07-06T13:13:44.270-0700][info][gc,heap        ] GC(176) Archive regions: 2->2
[2024-07-06T13:13:44.270-0700][info][gc,heap        ] GC(176) Humongous regions: 4->4
[2024-07-06T13:13:44.270-0700][info][gc,metaspace   ] GC(176) Metaspace: 305K(512K)->305K(512K) NonClass: 297K(384K)->297K(384K) Class: 7K(128K)->7K(128K)
[2024-07-06T13:13:44.270-0700][info][gc             ] GC(176) Pause Young (Concurrent Start) (G1 Humongous Allocation) 4090M->4090M(4096M) 1.442ms
[2024-07-06T13:13:44.270-0700][info][gc,cpu         ] GC(176) User=0.00s Sys=0.00s Real=0.00s
[2024-07-06T13:13:44.270-0700][info][gc,ergo        ] Attempting full compaction clearing soft references
[2024-07-06T13:13:44.270-0700][info][gc,task        ] GC(177) Using 4 workers of 4 for full compaction
[2024-07-06T13:13:44.270-0700][info][gc,start       ] GC(177) Pause Full (G1 Compaction Pause)
[2024-07-06T13:13:44.270-0700][info][gc             ] GC(178) Concurrent Mark Cycle
[2024-07-06T13:13:44.271-0700][info][gc,marking     ] GC(178) Concurrent Clear Claimed Marks
[2024-07-06T13:13:44.271-0700][info][gc,marking     ] GC(178) Concurrent Clear Claimed Marks 0.006ms
[2024-07-06T13:13:44.271-0700][info][gc,marking     ] GC(178) Concurrent Scan Root Regions
[2024-07-06T13:13:44.271-0700][info][gc,marking     ] GC(178) Concurrent Scan Root Regions 0.003ms
[2024-07-06T13:13:44.271-0700][info][gc,marking     ] GC(178) Concurrent Mark
[2024-07-06T13:13:44.271-0700][info][gc,marking     ] GC(178) Concurrent Mark From Roots
[2024-07-06T13:13:44.271-0700][info][gc,task        ] GC(178) Using 1 workers of 1 for marking
[2024-07-06T13:13:44.273-0700][info][gc,phases,start] GC(177) Phase 1: Mark live objects
[2024-07-06T13:13:44.401-0700][info][gc,phases      ] GC(177) Phase 1: Mark live objects 127.375ms
[2024-07-06T13:13:44.401-0700][info][gc,phases,start] GC(177) Phase 2: Prepare for compaction
[2024-07-06T13:13:44.402-0700][info][gc,phases      ] GC(177) Phase 2: Prepare for compaction 1.119ms
[2024-07-06T13:13:44.402-0700][info][gc,phases,start] GC(177) Phase 3: Adjust pointers
[2024-07-06T13:13:44.469-0700][info][gc,phases      ] GC(177) Phase 3: Adjust pointers 67.365ms
[2024-07-06T13:13:44.469-0700][info][gc,phases,start] GC(177) Phase 4: Compact heap
[2024-07-06T13:13:44.470-0700][info][gc,phases      ] GC(177) Phase 4: Compact heap 0.830ms
[2024-07-06T13:13:44.473-0700][info][gc,heap        ] GC(177) Eden regions: 0->0(51)
[2024-07-06T13:13:44.473-0700][info][gc,heap        ] GC(177) Survivor regions: 0->0(0)
[2024-07-06T13:13:44.473-0700][info][gc,heap        ] GC(177) Old regions: 1018->1018
[2024-07-06T13:13:44.473-0700][info][gc,heap        ] GC(177) Archive regions: 2->2
[2024-07-06T13:13:44.473-0700][info][gc,heap        ] GC(177) Humongous regions: 4->4
[2024-07-06T13:13:44.473-0700][info][gc,metaspace   ] GC(177) Metaspace: 305K(512K)->305K(512K) NonClass: 297K(384K)->297K(384K) Class: 7K(128K)->7K(128K)
[2024-07-06T13:13:44.473-0700][info][gc             ] GC(177) Pause Full (G1 Compaction Pause) 4090M->4088M(4096M) 203.074ms
[2024-07-06T13:13:44.473-0700][info][gc,cpu         ] GC(177) User=0.80s Sys=0.00s Real=0.20s
[2024-07-06T13:13:44.474-0700][info][gc,marking     ] GC(178) Concurrent Mark From Roots 202.977ms
[2024-07-06T13:13:44.474-0700][info][gc,marking     ] GC(178) Concurrent Mark Abort
[2024-07-06T13:13:44.474-0700][info][gc             ] GC(178) Concurrent Mark Cycle 203.048ms
[2024-07-06T13:13:44.474-0700][info][gc,start       ] GC(179) Pause Young (Normal) (G1 Humongous Allocation)
[2024-07-06T13:13:44.474-0700][info][gc,task        ] GC(179) Using 4 workers of 4 for evacuation
[2024-07-06T13:13:44.474-0700][info][gc,phases      ] GC(179)   Pre Evacuate Collection Set: 0.1ms
[2024-07-06T13:13:44.474-0700][info][gc,phases      ] GC(179)   Merge Heap Roots: 0.1ms
[2024-07-06T13:13:44.474-0700][info][gc,phases      ] GC(179)   Evacuate Collection Set: 0.2ms
[2024-07-06T13:13:44.474-0700][info][gc,phases      ] GC(179)   Post Evacuate Collection Set: 0.2ms
[2024-07-06T13:13:44.474-0700][info][gc,phases      ] GC(179)   Other: 0.1ms
[2024-07-06T13:13:44.474-0700][info][gc,heap        ] GC(179) Eden regions: 0->0(51)
[2024-07-06T13:13:44.474-0700][info][gc,heap        ] GC(179) Survivor regions: 0->0(0)
[2024-07-06T13:13:44.474-0700][info][gc,heap        ] GC(179) Old regions: 1018->1018
[2024-07-06T13:13:44.474-0700][info][gc,heap        ] GC(179) Archive regions: 2->2
[2024-07-06T13:13:44.474-0700][info][gc,heap        ] GC(179) Humongous regions: 4->4
[2024-07-06T13:13:44.474-0700][info][gc,metaspace   ] GC(179) Metaspace: 305K(512K)->305K(512K) NonClass: 297K(384K)->297K(384K) Class: 7K(128K)->7K(128K)
[2024-07-06T13:13:44.474-0700][info][gc             ] GC(179) Pause Young (Normal) (G1 Humongous Allocation) 4088M->4088M(4096M) 0.682ms
[2024-07-06T13:13:44.474-0700][info][gc,cpu         ] GC(179) User=0.01s Sys=0.00s Real=0.00s
[2024-07-06T13:13:44.474-0700][info][gc,ergo        ] Attempting full compaction
[2024-07-06T13:13:44.474-0700][info][gc,task        ] GC(180) Using 4 workers of 4 for full compaction
[2024-07-06T13:13:44.474-0700][info][gc,start       ] GC(180) Pause Full (G1 Compaction Pause)
[2024-07-06T13:13:44.474-0700][info][gc,phases,start] GC(180) Phase 1: Mark live objects
[2024-07-06T13:13:44.584-0700][info][gc,phases      ] GC(180) Phase 1: Mark live objects 109.858ms
[2024-07-06T13:13:44.584-0700][info][gc,phases,start] GC(180) Phase 2: Prepare for compaction
[2024-07-06T13:13:44.585-0700][info][gc,phases      ] GC(180) Phase 2: Prepare for compaction 0.857ms
[2024-07-06T13:13:44.585-0700][info][gc,phases,start] GC(180) Phase 3: Adjust pointers
[2024-07-06T13:13:44.656-0700][info][gc,phases      ] GC(180) Phase 3: Adjust pointers 71.261ms
[2024-07-06T13:13:44.656-0700][info][gc,phases,start] GC(180) Phase 4: Compact heap
[2024-07-06T13:13:44.657-0700][info][gc,phases      ] GC(180) Phase 4: Compact heap 0.231ms
[2024-07-06T13:13:44.660-0700][info][gc,heap        ] GC(180) Eden regions: 0->0(51)
[2024-07-06T13:13:44.660-0700][info][gc,heap        ] GC(180) Survivor regions: 0->0(0)
[2024-07-06T13:13:44.660-0700][info][gc,heap        ] GC(180) Old regions: 1018->1018
[2024-07-06T13:13:44.660-0700][info][gc,heap        ] GC(180) Archive regions: 2->2
[2024-07-06T13:13:44.660-0700][info][gc,heap        ] GC(180) Humongous regions: 4->4
[2024-07-06T13:13:44.660-0700][info][gc,metaspace   ] GC(180) Metaspace: 305K(512K)->305K(512K) NonClass: 297K(384K)->297K(384K) Class: 7K(128K)->7K(128K)
[2024-07-06T13:13:44.660-0700][info][gc             ] GC(180) Pause Full (G1 Compaction Pause) 4088M->4088M(4096M) 185.303ms
[2024-07-06T13:13:44.660-0700][info][gc,cpu         ] GC(180) User=0.73s Sys=0.00s Real=0.19s
[2024-07-06T13:13:44.660-0700][info][gc,ergo        ] Attempting maximum full compaction clearing soft references
[2024-07-06T13:13:44.660-0700][info][gc,task        ] GC(181) Using 4 workers of 4 for full compaction
[2024-07-06T13:13:44.660-0700][info][gc,start       ] GC(181) Pause Full (G1 Compaction Pause)
[2024-07-06T13:13:44.660-0700][info][gc,phases,start] GC(181) Phase 1: Mark live objects
[2024-07-06T13:13:44.765-0700][info][gc,phases      ] GC(181) Phase 1: Mark live objects 105.395ms
[2024-07-06T13:13:44.765-0700][info][gc,phases,start] GC(181) Phase 2: Prepare for compaction
[2024-07-06T13:13:44.836-0700][info][gc,phases      ] GC(181) Phase 2: Prepare for compaction 70.385ms
[2024-07-06T13:13:44.836-0700][info][gc,phases,start] GC(181) Phase 3: Adjust pointers
[2024-07-06T13:13:44.928-0700][info][gc,phases      ] GC(181) Phase 3: Adjust pointers 92.531ms
[2024-07-06T13:13:44.928-0700][info][gc,phases,start] GC(181) Phase 4: Compact heap
[2024-07-06T13:13:44.994-0700][info][gc,phases      ] GC(181) Phase 4: Compact heap 65.682ms
[2024-07-06T13:13:44.997-0700][info][gc,heap        ] GC(181) Eden regions: 0->0(51)
[2024-07-06T13:13:44.997-0700][info][gc,heap        ] GC(181) Survivor regions: 0->0(0)
[2024-07-06T13:13:44.997-0700][info][gc,heap        ] GC(181) Old regions: 1018->1018
[2024-07-06T13:13:44.997-0700][info][gc,heap        ] GC(181) Archive regions: 2->2
[2024-07-06T13:13:44.997-0700][info][gc,heap        ] GC(181) Humongous regions: 4->4
[2024-07-06T13:13:44.997-0700][info][gc,metaspace   ] GC(181) Metaspace: 305K(512K)->305K(512K) NonClass: 297K(384K)->297K(384K) Class: 7K(128K)->7K(128K)
[2024-07-06T13:13:44.997-0700][info][gc             ] GC(181) Pause Full (G1 Compaction Pause) 4088M->4088M(4096M) 337.755ms
[2024-07-06T13:13:44.998-0700][info][gc,cpu         ] GC(181) User=1.33s Sys=0.00s Real=0.34s
[2024-07-06T13:13:44.998-0700][info][gc,start       ] GC(182) Pause Young (Concurrent Start) (G1 Evacuation Pause)
[2024-07-06T13:13:44.998-0700][info][gc,task        ] GC(182) Using 4 workers of 4 for evacuation
[2024-07-06T13:13:44.999-0700][info][gc,phases      ] GC(182)   Pre Evacuate Collection Set: 0.2ms
[2024-07-06T13:13:44.999-0700][info][gc,phases      ] GC(182)   Merge Heap Roots: 0.1ms
[2024-07-06T13:13:44.999-0700][info][gc,phases      ] GC(182)   Evacuate Collection Set: 0.2ms
[2024-07-06T13:13:44.999-0700][info][gc,phases      ] GC(182)   Post Evacuate Collection Set: 0.3ms
[2024-07-06T13:13:44.999-0700][info][gc,phases      ] GC(182)   Other: 0.1ms
[2024-07-06T13:13:44.999-0700][info][gc,heap        ] GC(182) Eden regions: 0->0(51)
[2024-07-06T13:13:44.999-0700][info][gc,heap        ] GC(182) Survivor regions: 0->0(0)
[2024-07-06T13:13:44.999-0700][info][gc,heap        ] GC(182) Old regions: 1018->1018
[2024-07-06T13:13:44.999-0700][info][gc,heap        ] GC(182) Archive regions: 2->2
[2024-07-06T13:13:44.999-0700][info][gc,heap        ] GC(182) Humongous regions: 4->4
[2024-07-06T13:13:44.999-0700][info][gc,metaspace   ] GC(182) Metaspace: 306K(512K)->306K(512K) NonClass: 298K(384K)->298K(384K) Class: 7K(128K)->7K(128K)
[2024-07-06T13:13:44.999-0700][info][gc             ] GC(182) Pause Young (Concurrent Start) (G1 Evacuation Pause) 4088M->4088M(4096M) 0.916ms
[2024-07-06T13:13:44.999-0700][info][gc,cpu         ] GC(182) User=0.00s Sys=0.00s Real=0.00s
[2024-07-06T13:13:44.999-0700][info][gc,ergo        ] Attempting full compaction
[2024-07-06T13:13:44.999-0700][info][gc             ] GC(183) Concurrent Mark Cycle
[2024-07-06T13:13:44.999-0700][info][gc,marking     ] GC(183) Concurrent Clear Claimed Marks
[2024-07-06T13:13:44.999-0700][info][gc,marking     ] GC(183) Concurrent Clear Claimed Marks 0.030ms
[2024-07-06T13:13:44.999-0700][info][gc,marking     ] GC(183) Concurrent Scan Root Regions
[2024-07-06T13:13:44.999-0700][info][gc,marking     ] GC(183) Concurrent Scan Root Regions 0.013ms
[2024-07-06T13:13:44.999-0700][info][gc,marking     ] GC(183) Concurrent Mark
[2024-07-06T13:13:44.999-0700][info][gc,marking     ] GC(183) Concurrent Mark From Roots
[2024-07-06T13:13:44.999-0700][info][gc,task        ] GC(183) Using 1 workers of 1 for marking
[2024-07-06T13:13:44.999-0700][info][gc,task        ] GC(184) Using 4 workers of 4 for full compaction
[2024-07-06T13:13:44.999-0700][info][gc,start       ] GC(184) Pause Full (G1 Compaction Pause)
[2024-07-06T13:13:45.003-0700][info][gc,phases,start] GC(184) Phase 1: Mark live objects
[2024-07-06T13:13:45.003-0700][info][gc,phases      ] GC(184) Phase 1: Mark live objects 0.968ms
[2024-07-06T13:13:45.004-0700][info][gc,phases,start] GC(184) Phase 2: Prepare for compaction
[2024-07-06T13:13:45.008-0700][info][gc,phases      ] GC(184) Phase 2: Prepare for compaction 4.345ms
[2024-07-06T13:13:45.008-0700][info][gc,phases,start] GC(184) Phase 3: Adjust pointers
[2024-07-06T13:13:45.012-0700][info][gc,phases      ] GC(184) Phase 3: Adjust pointers 4.312ms
[2024-07-06T13:13:45.012-0700][info][gc,phases,start] GC(184) Phase 4: Compact heap
[2024-07-06T13:13:45.016-0700][info][gc,phases      ] GC(184) Phase 4: Compact heap 3.875ms
[2024-07-06T13:13:45.019-0700][info][gc,heap        ] GC(184) Eden regions: 0->0(614)
[2024-07-06T13:13:45.019-0700][info][gc,heap        ] GC(184) Survivor regions: 0->0(0)
[2024-07-06T13:13:45.019-0700][info][gc,heap        ] GC(184) Old regions: 1018->4
[2024-07-06T13:13:45.019-0700][info][gc,heap        ] GC(184) Archive regions: 2->2
[2024-07-06T13:13:45.019-0700][info][gc,heap        ] GC(184) Humongous regions: 4->0
[2024-07-06T13:13:45.019-0700][info][gc,metaspace   ] GC(184) Metaspace: 306K(512K)->306K(512K) NonClass: 298K(384K)->298K(384K) Class: 7K(128K)->7K(128K)
[2024-07-06T13:13:45.019-0700][info][gc             ] GC(184) Pause Full (G1 Compaction Pause) 4088M->4M(4096M) 20.378ms
[2024-07-06T13:13:45.019-0700][info][gc,cpu         ] GC(184) User=0.06s Sys=0.00s Real=0.02s
[2024-07-06T13:13:45.019-0700][info][gc,marking     ] GC(183) Concurrent Mark From Roots 20.540ms
[2024-07-06T13:13:45.019-0700][info][gc,marking     ] GC(183) Concurrent Mark Abort
[2024-07-06T13:13:45.020-0700][info][gc             ] GC(183) Concurrent Mark Cycle 20.712ms
[2024-07-06T13:13:45.023-0700][info][gc,heap,exit   ] Heap
[2024-07-06T13:13:45.023-0700][info][gc,heap,exit   ]  garbage-first heap   total 4194304K, used 8258K [0x0000000700000000, 0x0000000800000000)
[2024-07-06T13:13:45.023-0700][info][gc,heap,exit   ]   region size 4096K, 1 young (4096K), 0 survivors (0K)
[2024-07-06T13:13:45.023-0700][info][gc,heap,exit   ]  Metaspace       used 316K, committed 512K, reserved 1114112K
[2024-07-06T13:13:45.023-0700][info][gc,heap,exit   ]   class space    used 9K, committed 128K, reserved 1048576K
