[2024-07-05T17:46:47.473-0700][info][gc] Using G1
[2024-07-05T17:46:47.494-0700][info][gc,init] Version: 17.0.11+1-LTS (release)
[2024-07-05T17:46:47.494-0700][info][gc,init] CPUs: 4 total, 4 available
[2024-07-05T17:46:47.494-0700][info][gc,init] Memory: 15953M
[2024-07-05T17:46:47.494-0700][info][gc,init] Large Page Support: Disabled
[2024-07-05T17:46:47.494-0700][info][gc,init] NUMA Support: Disabled
[2024-07-05T17:46:47.494-0700][info][gc,init] Compressed Oops: Enabled (Zero based)
[2024-07-05T17:46:47.494-0700][info][gc,init] Heap Region Size: 4M
[2024-07-05T17:46:47.494-0700][info][gc,init] Heap Min Capacity: 8G
[2024-07-05T17:46:47.494-0700][info][gc,init] Heap Initial Capacity: 8G
[2024-07-05T17:46:47.494-0700][info][gc,init] Heap Max Capacity: 8G
[2024-07-05T17:46:47.494-0700][info][gc,init] Pre-touch: Disabled
[2024-07-05T17:46:47.494-0700][info][gc,init] Parallel Workers: 4
[2024-07-05T17:46:47.494-0700][info][gc,init] Concurrent Workers: 1
[2024-07-05T17:46:47.494-0700][info][gc,init] Concurrent Refinement Workers: 4
[2024-07-05T17:46:47.494-0700][info][gc,init] Periodic GC: Disabled
[2024-07-05T17:46:47.501-0700][info][gc,metaspace] CDS archive(s) mapped at: [0x00007f6e6f000000-0x00007f6e6fbbb000-0x00007f6e6fbbb000), size 12300288, SharedBaseAddress: 0x00007f6e6f000000, ArchiveRelocationMode: 1.
[2024-07-05T17:46:47.501-0700][info][gc,metaspace] Compressed class space mapped at: 0x00007f6e70000000-0x00007f6eb0000000, reserved size: 1073741824
[2024-07-05T17:46:47.501-0700][info][gc,metaspace] Narrow klass base: 0x00007f6e6f000000, Narrow klass shift: 0, Narrow klass range: 0x100000000
[2024-07-05T17:46:48.701-0700][info][gc,start    ] GC(0) Pause Young (Normal) (G1 Evacuation Pause)
[2024-07-05T17:46:48.702-0700][info][gc,task     ] GC(0) Using 4 workers of 4 for evacuation
[2024-07-05T17:46:48.796-0700][info][gc,phases   ] GC(0)   Pre Evacuate Collection Set: 0.3ms
[2024-07-05T17:46:48.796-0700][info][gc,phases   ] GC(0)   Merge Heap Roots: 0.2ms
[2024-07-05T17:46:48.796-0700][info][gc,phases   ] GC(0)   Evacuate Collection Set: 93.0ms
[2024-07-05T17:46:48.796-0700][info][gc,phases   ] GC(0)   Post Evacuate Collection Set: 0.6ms
[2024-07-05T17:46:48.796-0700][info][gc,phases   ] GC(0)   Other: 0.9ms
[2024-07-05T17:46:48.796-0700][info][gc,heap     ] GC(0) Eden regions: 102->0(89)
[2024-07-05T17:46:48.796-0700][info][gc,heap     ] GC(0) Survivor regions: 0->13(13)
[2024-07-05T17:46:48.796-0700][info][gc,heap     ] GC(0) Old regions: 0->39
[2024-07-05T17:46:48.796-0700][info][gc,heap     ] GC(0) Archive regions: 2->2
[2024-07-05T17:46:48.796-0700][info][gc,heap     ] GC(0) Humongous regions: 0->0
[2024-07-05T17:46:48.796-0700][info][gc,metaspace] GC(0) Metaspace: 187K(384K)->187K(384K) NonClass: 180K(256K)->180K(256K) Class: 6K(128K)->6K(128K)
[2024-07-05T17:46:48.796-0700][info][gc          ] GC(0) Pause Young (Normal) (G1 Evacuation Pause) 411M->210M(8192M) 95.061ms
[2024-07-05T17:46:48.797-0700][info][gc,cpu      ] GC(0) User=0.16s Sys=0.19s Real=0.10s
[2024-07-05T17:46:51.480-0700][info][gc,start    ] GC(1) Pause Young (Normal) (G1 Evacuation Pause)
[2024-07-05T17:46:51.480-0700][info][gc,task     ] GC(1) Using 4 workers of 4 for evacuation
[2024-07-05T17:46:51.615-0700][info][gc,mmu      ] GC(1) MMU target violated: 101.0ms (100.0ms/101.0ms)
[2024-07-05T17:46:51.615-0700][info][gc,phases   ] GC(1)   Pre Evacuate Collection Set: 0.3ms
[2024-07-05T17:46:51.615-0700][info][gc,phases   ] GC(1)   Merge Heap Roots: 0.1ms
[2024-07-05T17:46:51.615-0700][info][gc,phases   ] GC(1)   Evacuate Collection Set: 134.6ms
[2024-07-05T17:46:51.615-0700][info][gc,phases   ] GC(1)   Post Evacuate Collection Set: 0.4ms
[2024-07-05T17:46:51.615-0700][info][gc,phases   ] GC(1)   Other: 0.1ms
[2024-07-05T17:46:51.615-0700][info][gc,heap     ] GC(1) Eden regions: 89->0(89)
[2024-07-05T17:46:51.615-0700][info][gc,heap     ] GC(1) Survivor regions: 13->13(13)
[2024-07-05T17:46:51.615-0700][info][gc,heap     ] GC(1) Old regions: 39->101
[2024-07-05T17:46:51.615-0700][info][gc,heap     ] GC(1) Archive regions: 2->2
[2024-07-05T17:46:51.615-0700][info][gc,heap     ] GC(1) Humongous regions: 1->1
[2024-07-05T17:46:51.615-0700][info][gc,metaspace] GC(1) Metaspace: 223K(448K)->223K(448K) NonClass: 216K(320K)->216K(320K) Class: 6K(128K)->6K(128K)
[2024-07-05T17:46:51.615-0700][info][gc          ] GC(1) Pause Young (Normal) (G1 Evacuation Pause) 570M->460M(8192M) 135.612ms
[2024-07-05T17:46:51.615-0700][info][gc,cpu      ] GC(1) User=0.23s Sys=0.30s Real=0.14s
[2024-07-05T17:46:56.495-0700][info][gc,start    ] GC(2) Pause Young (Normal) (G1 Evacuation Pause)
[2024-07-05T17:46:56.495-0700][info][gc,task     ] GC(2) Using 4 workers of 4 for evacuation
[2024-07-05T17:46:56.670-0700][info][gc,mmu      ] GC(2) MMU target violated: 101.0ms (100.0ms/101.0ms)
[2024-07-05T17:46:56.670-0700][info][gc,phases   ] GC(2)   Pre Evacuate Collection Set: 0.3ms
[2024-07-05T17:46:56.670-0700][info][gc,phases   ] GC(2)   Merge Heap Roots: 0.1ms
[2024-07-05T17:46:56.670-0700][info][gc,phases   ] GC(2)   Evacuate Collection Set: 173.3ms
[2024-07-05T17:46:56.670-0700][info][gc,phases   ] GC(2)   Post Evacuate Collection Set: 0.4ms
[2024-07-05T17:46:56.670-0700][info][gc,phases   ] GC(2)   Other: 0.1ms
[2024-07-05T17:46:56.670-0700][info][gc,heap     ] GC(2) Eden regions: 89->0(89)
[2024-07-05T17:46:56.670-0700][info][gc,heap     ] GC(2) Survivor regions: 13->13(13)
[2024-07-05T17:46:56.670-0700][info][gc,heap     ] GC(2) Old regions: 101->179
[2024-07-05T17:46:56.670-0700][info][gc,heap     ] GC(2) Archive regions: 2->2
[2024-07-05T17:46:56.670-0700][info][gc,heap     ] GC(2) Humongous regions: 2->2
[2024-07-05T17:46:56.670-0700][info][gc,metaspace] GC(2) Metaspace: 259K(448K)->259K(448K) NonClass: 252K(320K)->252K(320K) Class: 6K(128K)->6K(128K)
[2024-07-05T17:46:56.670-0700][info][gc          ] GC(2) Pause Young (Normal) (G1 Evacuation Pause) 820M->776M(8192M) 174.303ms
[2024-07-05T17:46:56.670-0700][info][gc,cpu      ] GC(2) User=0.31s Sys=0.37s Real=0.17s
[2024-07-05T17:47:05.914-0700][info][gc,start    ] GC(3) Pause Young (Normal) (G1 Evacuation Pause)
[2024-07-05T17:47:05.914-0700][info][gc,task     ] GC(3) Using 4 workers of 4 for evacuation
[2024-07-05T17:47:06.082-0700][info][gc,mmu      ] GC(3) MMU target violated: 101.0ms (100.0ms/101.0ms)
[2024-07-05T17:47:06.082-0700][info][gc,phases   ] GC(3)   Pre Evacuate Collection Set: 0.2ms
[2024-07-05T17:47:06.082-0700][info][gc,phases   ] GC(3)   Merge Heap Roots: 0.2ms
[2024-07-05T17:47:06.082-0700][info][gc,phases   ] GC(3)   Evacuate Collection Set: 167.1ms
[2024-07-05T17:47:06.082-0700][info][gc,phases   ] GC(3)   Post Evacuate Collection Set: 0.4ms
[2024-07-05T17:47:06.082-0700][info][gc,phases   ] GC(3)   Other: 0.1ms
[2024-07-05T17:47:06.082-0700][info][gc,heap     ] GC(3) Eden regions: 89->0(89)
[2024-07-05T17:47:06.082-0700][info][gc,heap     ] GC(3) Survivor regions: 13->13(13)
[2024-07-05T17:47:06.082-0700][info][gc,heap     ] GC(3) Old regions: 179->257
[2024-07-05T17:47:06.082-0700][info][gc,heap     ] GC(3) Archive regions: 2->2
[2024-07-05T17:47:06.082-0700][info][gc,heap     ] GC(3) Humongous regions: 2->2
[2024-07-05T17:47:06.082-0700][info][gc,metaspace] GC(3) Metaspace: 261K(448K)->261K(448K) NonClass: 254K(320K)->254K(320K) Class: 6K(128K)->6K(128K)
[2024-07-05T17:47:06.083-0700][info][gc          ] GC(3) Pause Young (Normal) (G1 Evacuation Pause) 1132M->1089M(8192M) 168.083ms
[2024-07-05T17:47:06.083-0700][info][gc,cpu      ] GC(3) User=0.29s Sys=0.36s Real=0.17s
[2024-07-05T17:47:20.187-0700][info][gc,start    ] GC(4) Pause Young (Normal) (G1 Evacuation Pause)
[2024-07-05T17:47:20.187-0700][info][gc,task     ] GC(4) Using 4 workers of 4 for evacuation
[2024-07-05T17:47:20.417-0700][info][gc,mmu      ] GC(4) MMU target violated: 101.0ms (100.0ms/101.0ms)
[2024-07-05T17:47:20.417-0700][info][gc,phases   ] GC(4)   Pre Evacuate Collection Set: 0.2ms
[2024-07-05T17:47:20.417-0700][info][gc,phases   ] GC(4)   Merge Heap Roots: 0.2ms
[2024-07-05T17:47:20.417-0700][info][gc,phases   ] GC(4)   Evacuate Collection Set: 229.0ms
[2024-07-05T17:47:20.417-0700][info][gc,phases   ] GC(4)   Post Evacuate Collection Set: 0.4ms
[2024-07-05T17:47:20.417-0700][info][gc,phases   ] GC(4)   Other: 0.1ms
[2024-07-05T17:47:20.417-0700][info][gc,heap     ] GC(4) Eden regions: 89->0(89)
[2024-07-05T17:47:20.417-0700][info][gc,heap     ] GC(4) Survivor regions: 13->13(13)
[2024-07-05T17:47:20.417-0700][info][gc,heap     ] GC(4) Old regions: 257->342
[2024-07-05T17:47:20.417-0700][info][gc,heap     ] GC(4) Archive regions: 2->2
[2024-07-05T17:47:20.417-0700][info][gc,heap     ] GC(4) Humongous regions: 4->4
[2024-07-05T17:47:20.417-0700][info][gc,metaspace] GC(4) Metaspace: 266K(448K)->266K(448K) NonClass: 259K(320K)->259K(320K) Class: 6K(128K)->6K(128K)
[2024-07-05T17:47:20.417-0700][info][gc          ] GC(4) Pause Young (Normal) (G1 Evacuation Pause) 1453M->1436M(8192M) 230.018ms
[2024-07-05T17:47:20.417-0700][info][gc,cpu      ] GC(4) User=0.40s Sys=0.49s Real=0.23s
[2024-07-05T17:47:39.530-0700][info][gc,start    ] GC(5) Pause Young (Normal) (G1 Evacuation Pause)
[2024-07-05T17:47:39.530-0700][info][gc,task     ] GC(5) Using 4 workers of 4 for evacuation
[2024-07-05T17:47:39.724-0700][info][gc,mmu      ] GC(5) MMU target violated: 101.0ms (100.0ms/101.0ms)
[2024-07-05T17:47:39.724-0700][info][gc,phases   ] GC(5)   Pre Evacuate Collection Set: 0.3ms
[2024-07-05T17:47:39.724-0700][info][gc,phases   ] GC(5)   Merge Heap Roots: 0.2ms
[2024-07-05T17:47:39.724-0700][info][gc,phases   ] GC(5)   Evacuate Collection Set: 193.0ms
[2024-07-05T17:47:39.724-0700][info][gc,phases   ] GC(5)   Post Evacuate Collection Set: 0.5ms
[2024-07-05T17:47:39.724-0700][info][gc,phases   ] GC(5)   Other: 0.1ms
[2024-07-05T17:47:39.724-0700][info][gc,heap     ] GC(5) Eden regions: 89->0(89)
[2024-07-05T17:47:39.724-0700][info][gc,heap     ] GC(5) Survivor regions: 13->13(13)
[2024-07-05T17:47:39.724-0700][info][gc,heap     ] GC(5) Old regions: 342->423
[2024-07-05T17:47:39.724-0700][info][gc,heap     ] GC(5) Archive regions: 2->2
[2024-07-05T17:47:39.724-0700][info][gc,heap     ] GC(5) Humongous regions: 4->4
[2024-07-05T17:47:39.724-0700][info][gc,metaspace] GC(5) Metaspace: 266K(448K)->266K(448K) NonClass: 260K(320K)->260K(320K) Class: 6K(128K)->6K(128K)
[2024-07-05T17:47:39.724-0700][info][gc          ] GC(5) Pause Young (Normal) (G1 Evacuation Pause) 1792M->1763M(8192M) 194.121ms
[2024-07-05T17:47:39.724-0700][info][gc,cpu      ] GC(5) User=0.30s Sys=0.45s Real=0.20s
[2024-07-05T17:48:19.762-0700][info][gc,start    ] GC(6) Pause Young (Normal) (G1 Evacuation Pause)
[2024-07-05T17:48:19.762-0700][info][gc,task     ] GC(6) Using 4 workers of 4 for evacuation
[2024-07-05T17:48:20.113-0700][info][gc,mmu      ] GC(6) MMU target violated: 101.0ms (100.0ms/101.0ms)
[2024-07-05T17:48:20.113-0700][info][gc,phases   ] GC(6)   Pre Evacuate Collection Set: 0.3ms
[2024-07-05T17:48:20.113-0700][info][gc,phases   ] GC(6)   Merge Heap Roots: 0.2ms
[2024-07-05T17:48:20.113-0700][info][gc,phases   ] GC(6)   Evacuate Collection Set: 350.0ms
[2024-07-05T17:48:20.113-0700][info][gc,phases   ] GC(6)   Post Evacuate Collection Set: 0.4ms
[2024-07-05T17:48:20.113-0700][info][gc,phases   ] GC(6)   Other: 0.1ms
[2024-07-05T17:48:20.113-0700][info][gc,heap     ] GC(6) Eden regions: 89->0(89)
[2024-07-05T17:48:20.113-0700][info][gc,heap     ] GC(6) Survivor regions: 13->13(13)
[2024-07-05T17:48:20.113-0700][info][gc,heap     ] GC(6) Old regions: 423->510
[2024-07-05T17:48:20.113-0700][info][gc,heap     ] GC(6) Archive regions: 2->2
[2024-07-05T17:48:20.113-0700][info][gc,heap     ] GC(6) Humongous regions: 6->6
[2024-07-05T17:48:20.113-0700][info][gc,metaspace] GC(6) Metaspace: 284K(512K)->284K(512K) NonClass: 277K(384K)->277K(384K) Class: 6K(128K)->6K(128K)
[2024-07-05T17:48:20.113-0700][info][gc          ] GC(6) Pause Young (Normal) (G1 Evacuation Pause) 2127M->2117M(8192M) 351.022ms
[2024-07-05T17:48:20.113-0700][info][gc,cpu      ] GC(6) User=0.31s Sys=1.07s Real=0.35s
[2024-07-05T17:49:35.060-0700][info][gc,start    ] GC(7) Pause Young (Normal) (G1 Evacuation Pause)
[2024-07-05T17:49:35.060-0700][info][gc,task     ] GC(7) Using 4 workers of 4 for evacuation
[2024-07-05T17:49:35.236-0700][info][gc,mmu      ] GC(7) MMU target violated: 101.0ms (100.0ms/101.0ms)
[2024-07-05T17:49:35.237-0700][info][gc,phases   ] GC(7)   Pre Evacuate Collection Set: 0.2ms
[2024-07-05T17:49:35.237-0700][info][gc,phases   ] GC(7)   Merge Heap Roots: 0.2ms
[2024-07-05T17:49:35.237-0700][info][gc,phases   ] GC(7)   Evacuate Collection Set: 175.5ms
[2024-07-05T17:49:35.237-0700][info][gc,phases   ] GC(7)   Post Evacuate Collection Set: 0.5ms
[2024-07-05T17:49:35.237-0700][info][gc,phases   ] GC(7)   Other: 0.1ms
[2024-07-05T17:49:35.237-0700][info][gc,heap     ] GC(7) Eden regions: 89->0(89)
[2024-07-05T17:49:35.237-0700][info][gc,heap     ] GC(7) Survivor regions: 13->13(13)
[2024-07-05T17:49:35.237-0700][info][gc,heap     ] GC(7) Old regions: 510->594
[2024-07-05T17:49:35.237-0700][info][gc,heap     ] GC(7) Archive regions: 2->2
[2024-07-05T17:49:35.237-0700][info][gc,heap     ] GC(7) Humongous regions: 6->6
[2024-07-05T17:49:35.237-0700][info][gc,metaspace] GC(7) Metaspace: 287K(512K)->287K(512K) NonClass: 280K(384K)->280K(384K) Class: 6K(128K)->6K(128K)
[2024-07-05T17:49:35.237-0700][info][gc          ] GC(7) Pause Young (Normal) (G1 Evacuation Pause) 2473M->2452M(8192M) 176.506ms
[2024-07-05T17:49:35.237-0700][info][gc,cpu      ] GC(7) User=0.36s Sys=0.33s Real=0.18s
[2024-07-05T17:51:03.839-0700][info][gc,start    ] GC(8) Pause Young (Normal) (G1 Evacuation Pause)
[2024-07-05T17:51:03.839-0700][info][gc,task     ] GC(8) Using 4 workers of 4 for evacuation
[2024-07-05T17:51:04.009-0700][info][gc,mmu      ] GC(8) MMU target violated: 101.0ms (100.0ms/101.0ms)
[2024-07-05T17:51:04.009-0700][info][gc,phases   ] GC(8)   Pre Evacuate Collection Set: 0.2ms
[2024-07-05T17:51:04.009-0700][info][gc,phases   ] GC(8)   Merge Heap Roots: 0.2ms
[2024-07-05T17:51:04.009-0700][info][gc,phases   ] GC(8)   Evacuate Collection Set: 169.0ms
[2024-07-05T17:51:04.009-0700][info][gc,phases   ] GC(8)   Post Evacuate Collection Set: 0.3ms
[2024-07-05T17:51:04.009-0700][info][gc,phases   ] GC(8)   Other: 0.1ms
[2024-07-05T17:51:04.009-0700][info][gc,heap     ] GC(8) Eden regions: 89->0(89)
[2024-07-05T17:51:04.009-0700][info][gc,heap     ] GC(8) Survivor regions: 13->13(13)
[2024-07-05T17:51:04.009-0700][info][gc,heap     ] GC(8) Old regions: 594->676
[2024-07-05T17:51:04.009-0700][info][gc,heap     ] GC(8) Archive regions: 2->2
[2024-07-05T17:51:04.009-0700][info][gc,heap     ] GC(8) Humongous regions: 6->6
[2024-07-05T17:51:04.009-0700][info][gc,metaspace] GC(8) Metaspace: 292K(512K)->292K(512K) NonClass: 285K(384K)->285K(384K) Class: 6K(128K)->6K(128K)
[2024-07-05T17:51:04.009-0700][info][gc          ] GC(8) Pause Young (Normal) (G1 Evacuation Pause) 2808M->2782M(8192M) 169.880ms
[2024-07-05T17:51:04.009-0700][info][gc,cpu      ] GC(8) User=0.27s Sys=0.40s Real=0.17s
[2024-07-05T17:52:46.725-0700][info][gc,start    ] GC(9) Pause Young (Normal) (G1 Evacuation Pause)
[2024-07-05T17:52:46.725-0700][info][gc,task     ] GC(9) Using 4 workers of 4 for evacuation
[2024-07-05T17:52:46.905-0700][info][gc,mmu      ] GC(9) MMU target violated: 101.0ms (100.0ms/101.0ms)
[2024-07-05T17:52:46.905-0700][info][gc,phases   ] GC(9)   Pre Evacuate Collection Set: 0.2ms
[2024-07-05T17:52:46.905-0700][info][gc,phases   ] GC(9)   Merge Heap Roots: 0.2ms
[2024-07-05T17:52:46.905-0700][info][gc,phases   ] GC(9)   Evacuate Collection Set: 179.3ms
[2024-07-05T17:52:46.905-0700][info][gc,phases   ] GC(9)   Post Evacuate Collection Set: 0.4ms
[2024-07-05T17:52:46.905-0700][info][gc,phases   ] GC(9)   Other: 0.1ms
[2024-07-05T17:52:46.905-0700][info][gc,heap     ] GC(9) Eden regions: 89->0(89)
[2024-07-05T17:52:46.905-0700][info][gc,heap     ] GC(9) Survivor regions: 13->13(13)
[2024-07-05T17:52:46.905-0700][info][gc,heap     ] GC(9) Old regions: 676->759
[2024-07-05T17:52:46.905-0700][info][gc,heap     ] GC(9) Archive regions: 2->2
[2024-07-05T17:52:46.905-0700][info][gc,heap     ] GC(9) Humongous regions: 6->6
[2024-07-05T17:52:46.905-0700][info][gc,metaspace] GC(9) Metaspace: 297K(512K)->297K(512K) NonClass: 289K(384K)->289K(384K) Class: 7K(128K)->7K(128K)
[2024-07-05T17:52:46.905-0700][info][gc          ] GC(9) Pause Young (Normal) (G1 Evacuation Pause) 3138M->3115M(8192M) 180.320ms
[2024-07-05T17:52:46.905-0700][info][gc,cpu      ] GC(9) User=0.31s Sys=0.39s Real=0.18s
[2024-07-05T17:54:42.442-0700][info][gc,start    ] GC(10) Pause Young (Normal) (G1 Evacuation Pause)
[2024-07-05T17:54:42.442-0700][info][gc,task     ] GC(10) Using 4 workers of 4 for evacuation
[2024-07-05T17:54:42.624-0700][info][gc,mmu      ] GC(10) MMU target violated: 101.0ms (100.0ms/101.0ms)
[2024-07-05T17:54:42.624-0700][info][gc,phases   ] GC(10)   Pre Evacuate Collection Set: 0.2ms
[2024-07-05T17:54:42.624-0700][info][gc,phases   ] GC(10)   Merge Heap Roots: 0.1ms
[2024-07-05T17:54:42.624-0700][info][gc,phases   ] GC(10)   Evacuate Collection Set: 180.9ms
[2024-07-05T17:54:42.624-0700][info][gc,phases   ] GC(10)   Post Evacuate Collection Set: 0.4ms
[2024-07-05T17:54:42.624-0700][info][gc,phases   ] GC(10)   Other: 0.1ms
[2024-07-05T17:54:42.624-0700][info][gc,heap     ] GC(10) Eden regions: 89->0(89)
[2024-07-05T17:54:42.624-0700][info][gc,heap     ] GC(10) Survivor regions: 13->13(13)
[2024-07-05T17:54:42.624-0700][info][gc,heap     ] GC(10) Old regions: 759->845
[2024-07-05T17:54:42.624-0700][info][gc,heap     ] GC(10) Archive regions: 2->2
[2024-07-05T17:54:42.624-0700][info][gc,heap     ] GC(10) Humongous regions: 9->9
[2024-07-05T17:54:42.624-0700][info][gc,metaspace] GC(10) Metaspace: 297K(512K)->297K(512K) NonClass: 290K(384K)->290K(384K) Class: 7K(128K)->7K(128K)
[2024-07-05T17:54:42.624-0700][info][gc          ] GC(10) Pause Young (Normal) (G1 Evacuation Pause) 3483M->3470M(8192M) 181.863ms
[2024-07-05T17:54:42.624-0700][info][gc,cpu      ] GC(10) User=0.29s Sys=0.41s Real=0.19s
[2024-07-05T17:57:12.353-0700][info][gc,start    ] GC(11) Pause Young (Normal) (G1 Evacuation Pause)
[2024-07-05T17:57:12.353-0700][info][gc,task     ] GC(11) Using 4 workers of 4 for evacuation
[2024-07-05T17:57:12.530-0700][info][gc,mmu      ] GC(11) MMU target violated: 101.0ms (100.0ms/101.0ms)
[2024-07-05T17:57:12.530-0700][info][gc,phases   ] GC(11)   Pre Evacuate Collection Set: 0.3ms
[2024-07-05T17:57:12.530-0700][info][gc,phases   ] GC(11)   Merge Heap Roots: 0.2ms
[2024-07-05T17:57:12.530-0700][info][gc,phases   ] GC(11)   Evacuate Collection Set: 175.7ms
[2024-07-05T17:57:12.530-0700][info][gc,phases   ] GC(11)   Post Evacuate Collection Set: 0.4ms
[2024-07-05T17:57:12.530-0700][info][gc,phases   ] GC(11)   Other: 0.2ms
[2024-07-05T17:57:12.530-0700][info][gc,heap     ] GC(11) Eden regions: 89->0(89)
[2024-07-05T17:57:12.530-0700][info][gc,heap     ] GC(11) Survivor regions: 13->13(13)
[2024-07-05T17:57:12.530-0700][info][gc,heap     ] GC(11) Old regions: 845->930
[2024-07-05T17:57:12.530-0700][info][gc,heap     ] GC(11) Archive regions: 2->2
[2024-07-05T17:57:12.530-0700][info][gc,heap     ] GC(11) Humongous regions: 9->9
[2024-07-05T17:57:12.530-0700][info][gc,metaspace] GC(11) Metaspace: 297K(512K)->297K(512K) NonClass: 290K(384K)->290K(384K) Class: 7K(128K)->7K(128K)
[2024-07-05T17:57:12.530-0700][info][gc          ] GC(11) Pause Young (Normal) (G1 Evacuation Pause) 3826M->3808M(8192M) 176.831ms
[2024-07-05T17:57:12.530-0700][info][gc,cpu      ] GC(11) User=0.28s Sys=0.40s Real=0.18s
[2024-07-05T18:00:13.612-0700][info][gc,start    ] GC(12) Pause Young (Concurrent Start) (G1 Evacuation Pause)
[2024-07-05T18:00:13.612-0700][info][gc,task     ] GC(12) Using 4 workers of 4 for evacuation
[2024-07-05T18:00:13.791-0700][info][gc,mmu      ] GC(12) MMU target violated: 101.0ms (100.0ms/101.0ms)
[2024-07-05T18:00:13.791-0700][info][gc,phases   ] GC(12)   Pre Evacuate Collection Set: 0.2ms
[2024-07-05T18:00:13.791-0700][info][gc,phases   ] GC(12)   Merge Heap Roots: 0.1ms
[2024-07-05T18:00:13.791-0700][info][gc,phases   ] GC(12)   Evacuate Collection Set: 178.5ms
[2024-07-05T18:00:13.791-0700][info][gc,phases   ] GC(12)   Post Evacuate Collection Set: 0.4ms
[2024-07-05T18:00:13.791-0700][info][gc,phases   ] GC(12)   Other: 0.2ms
[2024-07-05T18:00:13.791-0700][info][gc,heap     ] GC(12) Eden regions: 89->0(89)
[2024-07-05T18:00:13.791-0700][info][gc,heap     ] GC(12) Survivor regions: 13->13(13)
[2024-07-05T18:00:13.791-0700][info][gc,heap     ] GC(12) Old regions: 930->1014
[2024-07-05T18:00:13.791-0700][info][gc,heap     ] GC(12) Archive regions: 2->2
[2024-07-05T18:00:13.791-0700][info][gc,heap     ] GC(12) Humongous regions: 9->9
[2024-07-05T18:00:13.791-0700][info][gc,metaspace] GC(12) Metaspace: 297K(512K)->297K(512K) NonClass: 290K(384K)->290K(384K) Class: 7K(128K)->7K(128K)
[2024-07-05T18:00:13.791-0700][info][gc          ] GC(12) Pause Young (Concurrent Start) (G1 Evacuation Pause) 4164M->4146M(8192M) 179.581ms
[2024-07-05T18:00:13.791-0700][info][gc,cpu      ] GC(12) User=0.29s Sys=0.41s Real=0.18s
[2024-07-05T18:00:13.791-0700][info][gc          ] GC(13) Concurrent Mark Cycle
[2024-07-05T18:00:13.791-0700][info][gc,marking  ] GC(13) Concurrent Clear Claimed Marks
[2024-07-05T18:00:13.791-0700][info][gc,marking  ] GC(13) Concurrent Clear Claimed Marks 0.007ms
[2024-07-05T18:00:13.791-0700][info][gc,marking  ] GC(13) Concurrent Scan Root Regions
[2024-07-05T18:00:13.809-0700][info][gc,marking  ] GC(13) Concurrent Scan Root Regions 17.823ms
[2024-07-05T18:00:13.809-0700][info][gc,marking  ] GC(13) Concurrent Mark
[2024-07-05T18:00:13.809-0700][info][gc,marking  ] GC(13) Concurrent Mark From Roots
[2024-07-05T18:00:13.809-0700][info][gc,task     ] GC(13) Using 1 workers of 1 for marking
[2024-07-05T18:00:14.533-0700][info][gc,marking  ] GC(13) Concurrent Mark From Roots 724.071ms
[2024-07-05T18:00:14.533-0700][info][gc,marking  ] GC(13) Concurrent Preclean
[2024-07-05T18:00:14.533-0700][info][gc,marking  ] GC(13) Concurrent Preclean 0.066ms
[2024-07-05T18:00:29.235-0700][info][gc,start    ] GC(13) Pause Remark
[2024-07-05T18:00:29.237-0700][info][gc          ] GC(13) Pause Remark 4150M->4126M(8192M) 1.471ms
[2024-07-05T18:00:29.237-0700][info][gc,cpu      ] GC(13) User=0.00s Sys=0.00s Real=0.00s
[2024-07-05T18:00:29.239-0700][info][gc,marking  ] GC(13) Concurrent Mark 15429.980ms
[2024-07-05T18:00:29.239-0700][info][gc,marking  ] GC(13) Concurrent Rebuild Remembered Sets
[2024-07-05T18:00:29.557-0700][info][gc,marking  ] GC(13) Concurrent Rebuild Remembered Sets 318.251ms
[2024-07-05T18:00:30.030-0700][info][gc,start    ] GC(13) Pause Cleanup
[2024-07-05T18:00:30.031-0700][info][gc          ] GC(13) Pause Cleanup 4126M->4126M(8192M) 0.822ms
[2024-07-05T18:00:30.031-0700][info][gc,cpu      ] GC(13) User=0.00s Sys=0.00s Real=0.00s
[2024-07-05T18:00:30.031-0700][info][gc,marking  ] GC(13) Concurrent Cleanup for Next Mark
[2024-07-05T18:00:30.181-0700][info][gc,marking  ] GC(13) Concurrent Cleanup for Next Mark 150.168ms
[2024-07-05T18:00:30.181-0700][info][gc          ] GC(13) Concurrent Mark Cycle 16390.027ms
[2024-07-05T18:03:44.453-0700][info][gc,start    ] GC(14) Pause Young (Prepare Mixed) (G1 Evacuation Pause)
[2024-07-05T18:03:44.453-0700][info][gc,task     ] GC(14) Using 4 workers of 4 for evacuation
[2024-07-05T18:03:44.648-0700][info][gc,mmu      ] GC(14) MMU target violated: 101.0ms (100.0ms/101.0ms)
[2024-07-05T18:03:44.648-0700][info][gc,phases   ] GC(14)   Pre Evacuate Collection Set: 0.3ms
[2024-07-05T18:03:44.648-0700][info][gc,phases   ] GC(14)   Merge Heap Roots: 0.2ms
[2024-07-05T18:03:44.648-0700][info][gc,phases   ] GC(14)   Evacuate Collection Set: 193.8ms
[2024-07-05T18:03:44.648-0700][info][gc,phases   ] GC(14)   Post Evacuate Collection Set: 0.4ms
[2024-07-05T18:03:44.648-0700][info][gc,phases   ] GC(14)   Other: 0.2ms
[2024-07-05T18:03:44.648-0700][info][gc,heap     ] GC(14) Eden regions: 89->0(89)
[2024-07-05T18:03:44.648-0700][info][gc,heap     ] GC(14) Survivor regions: 13->13(13)
[2024-07-05T18:03:44.648-0700][info][gc,heap     ] GC(14) Old regions: 1014->1099
[2024-07-05T18:03:44.648-0700][info][gc,heap     ] GC(14) Archive regions: 2->2
[2024-07-05T18:03:44.648-0700][info][gc,heap     ] GC(14) Humongous regions: 3->3
[2024-07-05T18:03:44.648-0700][info][gc,metaspace] GC(14) Metaspace: 297K(512K)->297K(512K) NonClass: 290K(384K)->290K(384K) Class: 7K(128K)->7K(128K)
[2024-07-05T18:03:44.648-0700][info][gc          ] GC(14) Pause Young (Prepare Mixed) (G1 Evacuation Pause) 4478M->4462M(8192M) 194.912ms
[2024-07-05T18:03:44.648-0700][info][gc,cpu      ] GC(14) User=0.31s Sys=0.44s Real=0.20s
[2024-07-05T18:07:29.225-0700][info][gc,start    ] GC(15) Pause Young (Mixed) (G1 Evacuation Pause)
[2024-07-05T18:07:29.225-0700][info][gc,task     ] GC(15) Using 4 workers of 4 for evacuation
[2024-07-05T18:07:29.448-0700][info][gc,mmu      ] GC(15) MMU target violated: 101.0ms (100.0ms/101.0ms)
[2024-07-05T18:07:29.448-0700][info][gc,phases   ] GC(15)   Pre Evacuate Collection Set: 0.3ms
[2024-07-05T18:07:29.448-0700][info][gc,phases   ] GC(15)   Merge Heap Roots: 0.2ms
[2024-07-05T18:07:29.448-0700][info][gc,phases   ] GC(15)   Evacuate Collection Set: 221.8ms
[2024-07-05T18:07:29.448-0700][info][gc,phases   ] GC(15)   Post Evacuate Collection Set: 0.7ms
[2024-07-05T18:07:29.448-0700][info][gc,phases   ] GC(15)   Other: 0.1ms
[2024-07-05T18:07:29.448-0700][info][gc,heap     ] GC(15) Eden regions: 89->0(89)
[2024-07-05T18:07:29.448-0700][info][gc,heap     ] GC(15) Survivor regions: 13->13(13)
[2024-07-05T18:07:29.448-0700][info][gc,heap     ] GC(15) Old regions: 1099->1130
[2024-07-05T18:07:29.448-0700][info][gc,heap     ] GC(15) Archive regions: 2->2
[2024-07-05T18:07:29.448-0700][info][gc,heap     ] GC(15) Humongous regions: 3->3
[2024-07-05T18:07:29.448-0700][info][gc,metaspace] GC(15) Metaspace: 297K(512K)->297K(512K) NonClass: 290K(384K)->290K(384K) Class: 7K(128K)->7K(128K)
[2024-07-05T18:07:29.448-0700][info][gc          ] GC(15) Pause Young (Mixed) (G1 Evacuation Pause) 4818M->4586M(8192M) 223.037ms
[2024-07-05T18:07:29.448-0700][info][gc,cpu      ] GC(15) User=0.28s Sys=0.58s Real=0.22s
[2024-07-05T18:11:25.827-0700][info][gc,start    ] GC(16) Pause Young (Mixed) (G1 Evacuation Pause)
[2024-07-05T18:11:25.827-0700][info][gc,task     ] GC(16) Using 4 workers of 4 for evacuation
[2024-07-05T18:11:25.978-0700][info][gc,mmu      ] GC(16) MMU target violated: 101.0ms (100.0ms/101.0ms)
[2024-07-05T18:11:25.978-0700][info][gc,phases   ] GC(16)   Pre Evacuate Collection Set: 0.3ms
[2024-07-05T18:11:25.978-0700][info][gc,phases   ] GC(16)   Merge Heap Roots: 0.2ms
[2024-07-05T18:11:25.978-0700][info][gc,phases   ] GC(16)   Evacuate Collection Set: 149.3ms
[2024-07-05T18:11:25.978-0700][info][gc,phases   ] GC(16)   Post Evacuate Collection Set: 0.6ms
[2024-07-05T18:11:25.978-0700][info][gc,phases   ] GC(16)   Other: 0.1ms
[2024-07-05T18:11:25.978-0700][info][gc,heap     ] GC(16) Eden regions: 89->0(89)
[2024-07-05T18:11:25.978-0700][info][gc,heap     ] GC(16) Survivor regions: 13->13(13)
[2024-07-05T18:11:25.978-0700][info][gc,heap     ] GC(16) Old regions: 1130->1167
[2024-07-05T18:11:25.978-0700][info][gc,heap     ] GC(16) Archive regions: 2->2
[2024-07-05T18:11:25.978-0700][info][gc,heap     ] GC(16) Humongous regions: 7->7
[2024-07-05T18:11:25.978-0700][info][gc,metaspace] GC(16) Metaspace: 297K(512K)->297K(512K) NonClass: 290K(384K)->290K(384K) Class: 7K(128K)->7K(128K)
[2024-07-05T18:11:25.978-0700][info][gc          ] GC(16) Pause Young (Mixed) (G1 Evacuation Pause) 4958M->4749M(8192M) 150.502ms
[2024-07-05T18:11:25.978-0700][info][gc,cpu      ] GC(16) User=0.40s Sys=0.18s Real=0.15s
[2024-07-05T18:15:26.748-0700][info][gc,start    ] GC(17) Pause Young (Mixed) (G1 Evacuation Pause)
[2024-07-05T18:15:26.748-0700][info][gc,task     ] GC(17) Using 4 workers of 4 for evacuation
[2024-07-05T18:15:26.923-0700][info][gc,mmu      ] GC(17) MMU target violated: 101.0ms (100.0ms/101.0ms)
[2024-07-05T18:15:26.923-0700][info][gc,phases   ] GC(17)   Pre Evacuate Collection Set: 0.3ms
[2024-07-05T18:15:26.923-0700][info][gc,phases   ] GC(17)   Merge Heap Roots: 0.2ms
[2024-07-05T18:15:26.923-0700][info][gc,phases   ] GC(17)   Evacuate Collection Set: 174.1ms
[2024-07-05T18:15:26.923-0700][info][gc,phases   ] GC(17)   Post Evacuate Collection Set: 0.6ms
[2024-07-05T18:15:26.923-0700][info][gc,phases   ] GC(17)   Other: 0.1ms
[2024-07-05T18:15:26.923-0700][info][gc,heap     ] GC(17) Eden regions: 89->0(89)
[2024-07-05T18:15:26.923-0700][info][gc,heap     ] GC(17) Survivor regions: 13->13(13)
[2024-07-05T18:15:26.923-0700][info][gc,heap     ] GC(17) Old regions: 1167->1207
[2024-07-05T18:15:26.923-0700][info][gc,heap     ] GC(17) Archive regions: 2->2
[2024-07-05T18:15:26.923-0700][info][gc,heap     ] GC(17) Humongous regions: 7->7
[2024-07-05T18:15:26.923-0700][info][gc,metaspace] GC(17) Metaspace: 297K(512K)->297K(512K) NonClass: 290K(384K)->290K(384K) Class: 7K(128K)->7K(128K)
[2024-07-05T18:15:26.923-0700][info][gc          ] GC(17) Pause Young (Mixed) (G1 Evacuation Pause) 5105M->4910M(8192M) 175.387ms
[2024-07-05T18:15:26.923-0700][info][gc,cpu      ] GC(17) User=0.40s Sys=0.26s Real=0.18s
[2024-07-05T18:19:35.217-0700][info][gc,start    ] GC(18) Pause Young (Mixed) (G1 Evacuation Pause)
[2024-07-05T18:19:35.217-0700][info][gc,task     ] GC(18) Using 4 workers of 4 for evacuation
[2024-07-05T18:19:35.395-0700][info][gc,mmu      ] GC(18) MMU target violated: 101.0ms (100.0ms/101.0ms)
[2024-07-05T18:19:35.395-0700][info][gc,phases   ] GC(18)   Pre Evacuate Collection Set: 0.3ms
[2024-07-05T18:19:35.395-0700][info][gc,phases   ] GC(18)   Merge Heap Roots: 0.2ms
[2024-07-05T18:19:35.395-0700][info][gc,phases   ] GC(18)   Evacuate Collection Set: 176.3ms
[2024-07-05T18:19:35.395-0700][info][gc,phases   ] GC(18)   Post Evacuate Collection Set: 0.6ms
[2024-07-05T18:19:35.395-0700][info][gc,phases   ] GC(18)   Other: 0.1ms
[2024-07-05T18:19:35.395-0700][info][gc,heap     ] GC(18) Eden regions: 89->0(89)
[2024-07-05T18:19:35.395-0700][info][gc,heap     ] GC(18) Survivor regions: 13->13(13)
[2024-07-05T18:19:35.395-0700][info][gc,heap     ] GC(18) Old regions: 1207->1250
[2024-07-05T18:19:35.395-0700][info][gc,heap     ] GC(18) Archive regions: 2->2
[2024-07-05T18:19:35.395-0700][info][gc,heap     ] GC(18) Humongous regions: 7->7
[2024-07-05T18:19:35.395-0700][info][gc,metaspace] GC(18) Metaspace: 297K(512K)->297K(512K) NonClass: 290K(384K)->290K(384K) Class: 7K(128K)->7K(128K)
[2024-07-05T18:19:35.395-0700][info][gc          ] GC(18) Pause Young (Mixed) (G1 Evacuation Pause) 5266M->5081M(8192M) 177.674ms
[2024-07-05T18:19:35.395-0700][info][gc,cpu      ] GC(18) User=0.38s Sys=0.30s Real=0.17s
[2024-07-05T18:23:53.258-0700][info][gc,start    ] GC(19) Pause Young (Mixed) (G1 Evacuation Pause)
[2024-07-05T18:23:53.258-0700][info][gc,task     ] GC(19) Using 4 workers of 4 for evacuation
[2024-07-05T18:23:53.411-0700][info][gc,mmu      ] GC(19) MMU target violated: 101.0ms (100.0ms/101.0ms)
[2024-07-05T18:23:53.411-0700][info][gc,phases   ] GC(19)   Pre Evacuate Collection Set: 0.3ms
[2024-07-05T18:23:53.411-0700][info][gc,phases   ] GC(19)   Merge Heap Roots: 0.2ms
[2024-07-05T18:23:53.411-0700][info][gc,phases   ] GC(19)   Evacuate Collection Set: 151.9ms
[2024-07-05T18:23:53.411-0700][info][gc,phases   ] GC(19)   Post Evacuate Collection Set: 0.5ms
[2024-07-05T18:23:53.411-0700][info][gc,phases   ] GC(19)   Other: 0.2ms
[2024-07-05T18:23:53.411-0700][info][gc,heap     ] GC(19) Eden regions: 89->0(89)
[2024-07-05T18:23:53.411-0700][info][gc,heap     ] GC(19) Survivor regions: 13->13(13)
[2024-07-05T18:23:53.411-0700][info][gc,heap     ] GC(19) Old regions: 1250->1295
[2024-07-05T18:23:53.411-0700][info][gc,heap     ] GC(19) Archive regions: 2->2
[2024-07-05T18:23:53.411-0700][info][gc,heap     ] GC(19) Humongous regions: 7->7
[2024-07-05T18:23:53.411-0700][info][gc,metaspace] GC(19) Metaspace: 297K(512K)->297K(512K) NonClass: 290K(384K)->290K(384K) Class: 7K(128K)->7K(128K)
[2024-07-05T18:23:53.411-0700][info][gc          ] GC(19) Pause Young (Mixed) (G1 Evacuation Pause) 5437M->5260M(8192M) 153.412ms
[2024-07-05T18:23:53.411-0700][info][gc,cpu      ] GC(19) User=0.41s Sys=0.18s Real=0.15s
[2024-07-05T18:28:20.962-0700][info][gc,start    ] GC(20) Pause Young (Mixed) (G1 Evacuation Pause)
[2024-07-05T18:28:20.962-0700][info][gc,task     ] GC(20) Using 4 workers of 4 for evacuation
[2024-07-05T18:28:21.140-0700][info][gc,mmu      ] GC(20) MMU target violated: 101.0ms (100.0ms/101.0ms)
[2024-07-05T18:28:21.140-0700][info][gc,phases   ] GC(20)   Pre Evacuate Collection Set: 0.3ms
[2024-07-05T18:28:21.140-0700][info][gc,phases   ] GC(20)   Merge Heap Roots: 0.2ms
[2024-07-05T18:28:21.140-0700][info][gc,phases   ] GC(20)   Evacuate Collection Set: 176.9ms
[2024-07-05T18:28:21.140-0700][info][gc,phases   ] GC(20)   Post Evacuate Collection Set: 0.5ms
[2024-07-05T18:28:21.140-0700][info][gc,phases   ] GC(20)   Other: 0.1ms
[2024-07-05T18:28:21.140-0700][info][gc,heap     ] GC(20) Eden regions: 89->0(89)
[2024-07-05T18:28:21.140-0700][info][gc,heap     ] GC(20) Survivor regions: 13->13(13)
[2024-07-05T18:28:21.140-0700][info][gc,heap     ] GC(20) Old regions: 1295->1342
[2024-07-05T18:28:21.140-0700][info][gc,heap     ] GC(20) Archive regions: 2->2
[2024-07-05T18:28:21.140-0700][info][gc,heap     ] GC(20) Humongous regions: 7->7
[2024-07-05T18:28:21.140-0700][info][gc,metaspace] GC(20) Metaspace: 297K(512K)->297K(512K) NonClass: 290K(384K)->290K(384K) Class: 7K(128K)->7K(128K)
[2024-07-05T18:28:21.140-0700][info][gc          ] GC(20) Pause Young (Mixed) (G1 Evacuation Pause) 5616M->5449M(8192M) 178.111ms
[2024-07-05T18:28:21.140-0700][info][gc,cpu      ] GC(20) User=0.37s Sys=0.30s Real=0.18s
[2024-07-05T18:32:53.255-0700][info][gc,start    ] GC(21) Pause Young (Mixed) (G1 Evacuation Pause)
[2024-07-05T18:32:53.256-0700][info][gc,task     ] GC(21) Using 4 workers of 4 for evacuation
[2024-07-05T18:32:53.423-0700][info][gc,mmu      ] GC(21) MMU target violated: 101.0ms (100.0ms/101.0ms)
[2024-07-05T18:32:53.423-0700][info][gc,phases   ] GC(21)   Pre Evacuate Collection Set: 0.3ms
[2024-07-05T18:32:53.423-0700][info][gc,phases   ] GC(21)   Merge Heap Roots: 0.2ms
[2024-07-05T18:32:53.423-0700][info][gc,phases   ] GC(21)   Evacuate Collection Set: 166.5ms
[2024-07-05T18:32:53.423-0700][info][gc,phases   ] GC(21)   Post Evacuate Collection Set: 0.5ms
[2024-07-05T18:32:53.423-0700][info][gc,phases   ] GC(21)   Other: 0.2ms
[2024-07-05T18:32:53.423-0700][info][gc,heap     ] GC(21) Eden regions: 89->0(89)
[2024-07-05T18:32:53.423-0700][info][gc,heap     ] GC(21) Survivor regions: 13->13(13)
[2024-07-05T18:32:53.423-0700][info][gc,heap     ] GC(21) Old regions: 1342->1393
[2024-07-05T18:32:53.423-0700][info][gc,heap     ] GC(21) Archive regions: 2->2
[2024-07-05T18:32:53.423-0700][info][gc,heap     ] GC(21) Humongous regions: 7->7
[2024-07-05T18:32:53.423-0700][info][gc,metaspace] GC(21) Metaspace: 297K(512K)->297K(512K) NonClass: 290K(384K)->290K(384K) Class: 7K(128K)->7K(128K)
[2024-07-05T18:32:53.423-0700][info][gc          ] GC(21) Pause Young (Mixed) (G1 Evacuation Pause) 5805M->5654M(8192M) 167.655ms
[2024-07-05T18:32:53.423-0700][info][gc,cpu      ] GC(21) User=0.41s Sys=0.24s Real=0.17s
[2024-07-05T18:37:20.794-0700][info][gc,start    ] GC(22) Pause Young (Mixed) (G1 Evacuation Pause)
[2024-07-05T18:37:20.794-0700][info][gc,task     ] GC(22) Using 4 workers of 4 for evacuation
[2024-07-05T18:37:20.988-0700][info][gc,mmu      ] GC(22) MMU target violated: 101.0ms (100.0ms/101.0ms)
[2024-07-05T18:37:20.988-0700][info][gc,phases   ] GC(22)   Pre Evacuate Collection Set: 0.2ms
[2024-07-05T18:37:20.988-0700][info][gc,phases   ] GC(22)   Merge Heap Roots: 0.3ms
[2024-07-05T18:37:20.988-0700][info][gc,phases   ] GC(22)   Evacuate Collection Set: 192.8ms
[2024-07-05T18:37:20.988-0700][info][gc,phases   ] GC(22)   Post Evacuate Collection Set: 0.5ms
[2024-07-05T18:37:20.988-0700][info][gc,phases   ] GC(22)   Other: 0.1ms
[2024-07-05T18:37:20.988-0700][info][gc,heap     ] GC(22) Eden regions: 89->0(89)
[2024-07-05T18:37:20.988-0700][info][gc,heap     ] GC(22) Survivor regions: 13->13(13)
[2024-07-05T18:37:20.988-0700][info][gc,heap     ] GC(22) Old regions: 1393->1446
[2024-07-05T18:37:20.988-0700][info][gc,heap     ] GC(22) Archive regions: 2->2
[2024-07-05T18:37:20.988-0700][info][gc,heap     ] GC(22) Humongous regions: 7->7
[2024-07-05T18:37:20.988-0700][info][gc,metaspace] GC(22) Metaspace: 301K(512K)->301K(512K) NonClass: 293K(384K)->293K(384K) Class: 7K(128K)->7K(128K)
[2024-07-05T18:37:20.988-0700][info][gc          ] GC(22) Pause Young (Mixed) (G1 Evacuation Pause) 6010M->5864M(8192M) 193.962ms
[2024-07-05T18:37:20.988-0700][info][gc,cpu      ] GC(22) User=0.44s Sys=0.30s Real=0.20s
[2024-07-05T18:40:33.591-0700][info][gc,start    ] GC(23) Pause Young (Concurrent Start) (G1 Humongous Allocation)
[2024-07-05T18:40:33.591-0700][info][gc,task     ] GC(23) Using 4 workers of 4 for evacuation
[2024-07-05T18:40:33.681-0700][info][gc,phases   ] GC(23)   Pre Evacuate Collection Set: 0.2ms
[2024-07-05T18:40:33.681-0700][info][gc,phases   ] GC(23)   Merge Heap Roots: 0.5ms
[2024-07-05T18:40:33.681-0700][info][gc,phases   ] GC(23)   Evacuate Collection Set: 89.3ms
[2024-07-05T18:40:33.681-0700][info][gc,phases   ] GC(23)   Post Evacuate Collection Set: 0.5ms
[2024-07-05T18:40:33.681-0700][info][gc,phases   ] GC(23)   Other: 0.2ms
[2024-07-05T18:40:33.681-0700][info][gc,heap     ] GC(23) Eden regions: 66->0(89)
[2024-07-05T18:40:33.681-0700][info][gc,heap     ] GC(23) Survivor regions: 13->13(13)
[2024-07-05T18:40:33.681-0700][info][gc,heap     ] GC(23) Old regions: 1446->1510
[2024-07-05T18:40:33.681-0700][info][gc,heap     ] GC(23) Archive regions: 2->2
[2024-07-05T18:40:33.681-0700][info][gc,heap     ] GC(23) Humongous regions: 7->7
[2024-07-05T18:40:33.681-0700][info][gc,metaspace] GC(23) Metaspace: 301K(512K)->301K(512K) NonClass: 293K(384K)->293K(384K) Class: 7K(128K)->7K(128K)
[2024-07-05T18:40:33.681-0700][info][gc          ] GC(23) Pause Young (Concurrent Start) (G1 Humongous Allocation) 6126M->6120M(8192M) 90.800ms
[2024-07-05T18:40:33.682-0700][info][gc,cpu      ] GC(23) User=0.26s Sys=0.08s Real=0.09s
[2024-07-05T18:40:33.682-0700][info][gc          ] GC(24) Concurrent Mark Cycle
[2024-07-05T18:40:33.682-0700][info][gc,marking  ] GC(24) Concurrent Clear Claimed Marks
[2024-07-05T18:40:33.682-0700][info][gc,marking  ] GC(24) Concurrent Clear Claimed Marks 0.006ms
[2024-07-05T18:40:33.682-0700][info][gc,marking  ] GC(24) Concurrent Scan Root Regions
[2024-07-05T18:40:33.698-0700][info][gc,marking  ] GC(24) Concurrent Scan Root Regions 16.524ms
[2024-07-05T18:40:33.698-0700][info][gc,marking  ] GC(24) Concurrent Mark
[2024-07-05T18:40:33.698-0700][info][gc,marking  ] GC(24) Concurrent Mark From Roots
[2024-07-05T18:40:33.698-0700][info][gc,task     ] GC(24) Using 1 workers of 1 for marking
[2024-07-05T18:40:34.298-0700][info][gc,marking  ] GC(24) Concurrent Mark From Roots 600.269ms
[2024-07-05T18:40:34.299-0700][info][gc,marking  ] GC(24) Concurrent Preclean
[2024-07-05T18:40:34.299-0700][info][gc,marking  ] GC(24) Concurrent Preclean 0.059ms
[2024-07-05T18:40:56.711-0700][info][gc,start    ] GC(24) Pause Remark
[2024-07-05T18:40:56.713-0700][info][gc          ] GC(24) Pause Remark 6148M->6136M(8192M) 1.700ms
[2024-07-05T18:40:56.713-0700][info][gc,cpu      ] GC(24) User=0.00s Sys=0.00s Real=0.00s
[2024-07-05T18:40:56.713-0700][info][gc,marking  ] GC(24) Concurrent Mark 23015.131ms
[2024-07-05T18:40:56.713-0700][info][gc,marking  ] GC(24) Concurrent Rebuild Remembered Sets
[2024-07-05T18:40:57.093-0700][info][gc,marking  ] GC(24) Concurrent Rebuild Remembered Sets 379.415ms
[2024-07-05T18:40:58.447-0700][info][gc,start    ] GC(24) Pause Cleanup
[2024-07-05T18:40:58.448-0700][info][gc          ] GC(24) Pause Cleanup 6136M->6136M(8192M) 1.036ms
[2024-07-05T18:40:58.448-0700][info][gc,cpu      ] GC(24) User=0.00s Sys=0.00s Real=0.00s
[2024-07-05T18:40:58.459-0700][info][gc,marking  ] GC(24) Concurrent Cleanup for Next Mark
[2024-07-05T18:40:58.539-0700][info][gc,marking  ] GC(24) Concurrent Cleanup for Next Mark 79.738ms
[2024-07-05T18:40:58.539-0700][info][gc          ] GC(24) Concurrent Mark Cycle 24857.116ms
[2024-07-05T18:45:31.583-0700][info][gc,start    ] GC(25) Pause Young (Prepare Mixed) (G1 Evacuation Pause)
[2024-07-05T18:45:31.583-0700][info][gc,task     ] GC(25) Using 4 workers of 4 for evacuation
[2024-07-05T18:45:31.764-0700][info][gc,mmu      ] GC(25) MMU target violated: 101.0ms (100.0ms/101.0ms)
[2024-07-05T18:45:31.764-0700][info][gc,phases   ] GC(25)   Pre Evacuate Collection Set: 0.3ms
[2024-07-05T18:45:31.764-0700][info][gc,phases   ] GC(25)   Merge Heap Roots: 0.3ms
[2024-07-05T18:45:31.764-0700][info][gc,phases   ] GC(25)   Evacuate Collection Set: 179.4ms
[2024-07-05T18:45:31.764-0700][info][gc,phases   ] GC(25)   Post Evacuate Collection Set: 0.4ms
[2024-07-05T18:45:31.764-0700][info][gc,phases   ] GC(25)   Other: 0.1ms
[2024-07-05T18:45:31.764-0700][info][gc,heap     ] GC(25) Eden regions: 89->0(89)
[2024-07-05T18:45:31.764-0700][info][gc,heap     ] GC(25) Survivor regions: 13->13(13)
[2024-07-05T18:45:31.764-0700][info][gc,heap     ] GC(25) Old regions: 1510->1597
[2024-07-05T18:45:31.764-0700][info][gc,heap     ] GC(25) Archive regions: 2->2
[2024-07-05T18:45:31.764-0700][info][gc,heap     ] GC(25) Humongous regions: 10->10
[2024-07-05T18:45:31.764-0700][info][gc,metaspace] GC(25) Metaspace: 301K(512K)->301K(512K) NonClass: 293K(384K)->293K(384K) Class: 7K(128K)->7K(128K)
[2024-07-05T18:45:31.764-0700][info][gc          ] GC(25) Pause Young (Prepare Mixed) (G1 Evacuation Pause) 6488M->6481M(8192M) 180.560ms
[2024-07-05T18:45:31.764-0700][info][gc,cpu      ] GC(25) User=0.35s Sys=0.34s Real=0.18s
[2024-07-05T18:49:56.710-0700][info][gc,start    ] GC(26) Pause Young (Mixed) (G1 Evacuation Pause)
[2024-07-05T18:49:56.710-0700][info][gc,task     ] GC(26) Using 4 workers of 4 for evacuation
[2024-07-05T18:49:56.993-0700][info][gc,mmu      ] GC(26) MMU target violated: 101.0ms (100.0ms/101.0ms)
[2024-07-05T18:49:56.993-0700][info][gc,phases   ] GC(26)   Pre Evacuate Collection Set: 0.2ms
[2024-07-05T18:49:56.993-0700][info][gc,phases   ] GC(26)   Merge Heap Roots: 0.2ms
[2024-07-05T18:49:56.993-0700][info][gc,phases   ] GC(26)   Evacuate Collection Set: 282.7ms
[2024-07-05T18:49:56.994-0700][info][gc,phases   ] GC(26)   Post Evacuate Collection Set: 0.7ms
[2024-07-05T18:49:56.994-0700][info][gc,phases   ] GC(26)   Other: 0.2ms
[2024-07-05T18:49:56.994-0700][info][gc,heap     ] GC(26) Eden regions: 89->0(89)
[2024-07-05T18:49:56.994-0700][info][gc,heap     ] GC(26) Survivor regions: 13->13(13)
[2024-07-05T18:49:56.994-0700][info][gc,heap     ] GC(26) Old regions: 1597->1618
[2024-07-05T18:49:56.994-0700][info][gc,heap     ] GC(26) Archive regions: 2->2
[2024-07-05T18:49:56.994-0700][info][gc,heap     ] GC(26) Humongous regions: 10->10
[2024-07-05T18:49:56.994-0700][info][gc,metaspace] GC(26) Metaspace: 301K(512K)->301K(512K) NonClass: 293K(384K)->293K(384K) Class: 7K(128K)->7K(128K)
[2024-07-05T18:49:56.994-0700][info][gc          ] GC(26) Pause Young (Mixed) (G1 Evacuation Pause) 6837M->6566M(8192M) 284.020ms
[2024-07-05T18:49:56.994-0700][info][gc,cpu      ] GC(26) User=0.50s Sys=0.60s Real=0.28s
[2024-07-05T18:54:16.690-0700][info][gc,start    ] GC(27) Pause Young (Mixed) (G1 Evacuation Pause)
[2024-07-05T18:54:16.690-0700][info][gc,task     ] GC(27) Using 4 workers of 4 for evacuation
[2024-07-05T18:54:16.906-0700][info][gc,mmu      ] GC(27) MMU target violated: 101.0ms (100.0ms/101.0ms)
[2024-07-05T18:54:16.906-0700][info][gc,phases   ] GC(27)   Pre Evacuate Collection Set: 0.3ms
[2024-07-05T18:54:16.906-0700][info][gc,phases   ] GC(27)   Merge Heap Roots: 0.3ms
[2024-07-05T18:54:16.906-0700][info][gc,phases   ] GC(27)   Evacuate Collection Set: 215.2ms
[2024-07-05T18:54:16.906-0700][info][gc,phases   ] GC(27)   Post Evacuate Collection Set: 0.6ms
[2024-07-05T18:54:16.906-0700][info][gc,phases   ] GC(27)   Other: 0.2ms
[2024-07-05T18:54:16.906-0700][info][gc,heap     ] GC(27) Eden regions: 89->0(89)
[2024-07-05T18:54:16.906-0700][info][gc,heap     ] GC(27) Survivor regions: 13->13(13)
[2024-07-05T18:54:16.906-0700][info][gc,heap     ] GC(27) Old regions: 1618->1647
[2024-07-05T18:54:16.906-0700][info][gc,heap     ] GC(27) Archive regions: 2->2
[2024-07-05T18:54:16.906-0700][info][gc,heap     ] GC(27) Humongous regions: 10->10
[2024-07-05T18:54:16.906-0700][info][gc,metaspace] GC(27) Metaspace: 301K(512K)->301K(512K) NonClass: 293K(384K)->293K(384K) Class: 7K(128K)->7K(128K)
[2024-07-05T18:54:16.906-0700][info][gc          ] GC(27) Pause Young (Mixed) (G1 Evacuation Pause) 6922M->6683M(8192M) 216.595ms
[2024-07-05T18:54:16.906-0700][info][gc,cpu      ] GC(27) User=0.53s Sys=0.28s Real=0.22s
[2024-07-05T18:58:05.587-0700][info][gc,start    ] GC(28) Pause Young (Mixed) (G1 Evacuation Pause)
[2024-07-05T18:58:05.587-0700][info][gc,task     ] GC(28) Using 4 workers of 4 for evacuation
[2024-07-05T18:58:05.838-0700][info][gc,mmu      ] GC(28) MMU target violated: 101.0ms (100.0ms/101.0ms)
[2024-07-05T18:58:05.838-0700][info][gc,phases   ] GC(28)   Pre Evacuate Collection Set: 0.3ms
[2024-07-05T18:58:05.838-0700][info][gc,phases   ] GC(28)   Merge Heap Roots: 0.3ms
[2024-07-05T18:58:05.838-0700][info][gc,phases   ] GC(28)   Evacuate Collection Set: 249.9ms
[2024-07-05T18:58:05.838-0700][info][gc,phases   ] GC(28)   Post Evacuate Collection Set: 0.8ms
[2024-07-05T18:58:05.838-0700][info][gc,phases   ] GC(28)   Other: 0.2ms
[2024-07-05T18:58:05.838-0700][info][gc,heap     ] GC(28) Eden regions: 89->0(89)
[2024-07-05T18:58:05.838-0700][info][gc,heap     ] GC(28) Survivor regions: 13->13(13)
[2024-07-05T18:58:05.838-0700][info][gc,heap     ] GC(28) Old regions: 1647->1680
[2024-07-05T18:58:05.838-0700][info][gc,heap     ] GC(28) Archive regions: 2->2
[2024-07-05T18:58:05.838-0700][info][gc,heap     ] GC(28) Humongous regions: 10->10
[2024-07-05T18:58:05.839-0700][info][gc,metaspace] GC(28) Metaspace: 301K(512K)->301K(512K) NonClass: 293K(384K)->293K(384K) Class: 7K(128K)->7K(128K)
[2024-07-05T18:58:05.839-0700][info][gc          ] GC(28) Pause Young (Mixed) (G1 Evacuation Pause) 7039M->6815M(8192M) 251.490ms
[2024-07-05T18:58:05.839-0700][info][gc,cpu      ] GC(28) User=0.62s Sys=0.33s Real=0.25s
[2024-07-05T19:02:20.819-0700][info][gc,start    ] GC(29) Pause Young (Mixed) (G1 Evacuation Pause)
[2024-07-05T19:02:20.819-0700][info][gc,task     ] GC(29) Using 4 workers of 4 for evacuation
[2024-07-05T19:02:21.021-0700][info][gc,mmu      ] GC(29) MMU target violated: 101.0ms (100.0ms/101.0ms)
[2024-07-05T19:02:21.021-0700][info][gc,phases   ] GC(29)   Pre Evacuate Collection Set: 0.3ms
[2024-07-05T19:02:21.021-0700][info][gc,phases   ] GC(29)   Merge Heap Roots: 0.3ms
[2024-07-05T19:02:21.021-0700][info][gc,phases   ] GC(29)   Evacuate Collection Set: 200.8ms
[2024-07-05T19:02:21.021-0700][info][gc,phases   ] GC(29)   Post Evacuate Collection Set: 0.7ms
[2024-07-05T19:02:21.021-0700][info][gc,phases   ] GC(29)   Other: 0.2ms
[2024-07-05T19:02:21.021-0700][info][gc,heap     ] GC(29) Eden regions: 89->0(89)
[2024-07-05T19:02:21.021-0700][info][gc,heap     ] GC(29) Survivor regions: 13->13(13)
[2024-07-05T19:02:21.021-0700][info][gc,heap     ] GC(29) Old regions: 1680->1720
[2024-07-05T19:02:21.021-0700][info][gc,heap     ] GC(29) Archive regions: 2->2
[2024-07-05T19:02:21.021-0700][info][gc,heap     ] GC(29) Humongous regions: 10->10
[2024-07-05T19:02:21.021-0700][info][gc,metaspace] GC(29) Metaspace: 301K(512K)->301K(512K) NonClass: 293K(384K)->293K(384K) Class: 7K(128K)->7K(128K)
[2024-07-05T19:02:21.021-0700][info][gc          ] GC(29) Pause Young (Mixed) (G1 Evacuation Pause) 7171M->6973M(8192M) 202.303ms
[2024-07-05T19:02:21.021-0700][info][gc,cpu      ] GC(29) User=0.50s Sys=0.27s Real=0.20s
[2024-07-05T19:02:28.660-0700][info][gc,heap,exit] Heap
[2024-07-05T19:02:28.660-0700][info][gc,heap,exit]  garbage-first heap   total 8388608K, used 7153617K [0x0000000600000000, 0x0000000800000000)
[2024-07-05T19:02:28.660-0700][info][gc,heap,exit]   region size 4096K, 16 young (65536K), 13 survivors (53248K)
[2024-07-05T19:02:28.660-0700][info][gc,heap,exit]  Metaspace       used 301K, committed 512K, reserved 1114112K
[2024-07-05T19:02:28.660-0700][info][gc,heap,exit]   class space    used 7K, committed 128K, reserved 1048576K
