[2024-07-05T14:18:27.169-0700][info][gc] Using G1
[2024-07-05T14:18:27.202-0700][info][gc,init] Version: 17.0.11+1-LTS (release)
[2024-07-05T14:18:27.202-0700][info][gc,init] CPUs: 4 total, 4 available
[2024-07-05T14:18:27.202-0700][info][gc,init] Memory: 15953M
[2024-07-05T14:18:27.202-0700][info][gc,init] Large Page Support: Disabled
[2024-07-05T14:18:27.202-0700][info][gc,init] NUMA Support: Disabled
[2024-07-05T14:18:27.202-0700][info][gc,init] Compressed Oops: Enabled (Zero based)
[2024-07-05T14:18:27.202-0700][info][gc,init] Heap Region Size: 2M
[2024-07-05T14:18:27.202-0700][info][gc,init] Heap Min Capacity: 8G
[2024-07-05T14:18:27.202-0700][info][gc,init] Heap Initial Capacity: 8G
[2024-07-05T14:18:27.202-0700][info][gc,init] Heap Max Capacity: 8G
[2024-07-05T14:18:27.202-0700][info][gc,init] Pre-touch: Disabled
[2024-07-05T14:18:27.202-0700][info][gc,init] Parallel Workers: 4
[2024-07-05T14:18:27.202-0700][info][gc,init] Concurrent Workers: 1
[2024-07-05T14:18:27.202-0700][info][gc,init] Concurrent Refinement Workers: 4
[2024-07-05T14:18:27.202-0700][info][gc,init] Periodic GC: Disabled
[2024-07-05T14:18:27.209-0700][info][gc,metaspace] CDS archive(s) mapped at: [0x00007f8b77000000-0x00007f8b77bbb000-0x00007f8b77bbb000), size 12300288, SharedBaseAddress: 0x00007f8b77000000, ArchiveRelocationMode: 1.
[2024-07-05T14:18:27.209-0700][info][gc,metaspace] Compressed class space mapped at: 0x00007f8b78000000-0x00007f8bb8000000, reserved size: 1073741824
[2024-07-05T14:18:27.209-0700][info][gc,metaspace] Narrow klass base: 0x00007f8b77000000, Narrow klass shift: 0, Narrow klass range: 0x100000000
[2024-07-05T14:18:28.503-0700][info][gc,start    ] GC(0) Pause Young (Normal) (G1 Evacuation Pause)
[2024-07-05T14:18:28.504-0700][info][gc,task     ] GC(0) Using 4 workers of 4 for evacuation
[2024-07-05T14:18:28.600-0700][info][gc,phases   ] GC(0)   Pre Evacuate Collection Set: 0.5ms
[2024-07-05T14:18:28.600-0700][info][gc,phases   ] GC(0)   Merge Heap Roots: 0.2ms
[2024-07-05T14:18:28.600-0700][info][gc,phases   ] GC(0)   Evacuate Collection Set: 95.1ms
[2024-07-05T14:18:28.600-0700][info][gc,phases   ] GC(0)   Post Evacuate Collection Set: 0.8ms
[2024-07-05T14:18:28.600-0700][info][gc,phases   ] GC(0)   Other: 0.9ms
[2024-07-05T14:18:28.600-0700][info][gc,heap     ] GC(0) Eden regions: 204->0(178)
[2024-07-05T14:18:28.600-0700][info][gc,heap     ] GC(0) Survivor regions: 0->26(26)
[2024-07-05T14:18:28.600-0700][info][gc,heap     ] GC(0) Old regions: 0->77
[2024-07-05T14:18:28.600-0700][info][gc,heap     ] GC(0) Archive regions: 2->2
[2024-07-05T14:18:28.600-0700][info][gc,heap     ] GC(0) Humongous regions: 0->0
[2024-07-05T14:18:28.600-0700][info][gc,metaspace] GC(0) Metaspace: 186K(384K)->186K(384K) NonClass: 179K(256K)->179K(256K) Class: 6K(128K)->6K(128K)
[2024-07-05T14:18:28.600-0700][info][gc          ] GC(0) Pause Young (Normal) (G1 Evacuation Pause) 409M->207M(8192M) 97.576ms
[2024-07-05T14:18:28.600-0700][info][gc,cpu      ] GC(0) User=0.15s Sys=0.22s Real=0.10s
[2024-07-05T14:18:31.573-0700][info][gc,start    ] GC(1) Pause Young (Normal) (G1 Evacuation Pause)
[2024-07-05T14:18:31.573-0700][info][gc,task     ] GC(1) Using 4 workers of 4 for evacuation
[2024-07-05T14:18:31.740-0700][info][gc,mmu      ] GC(1) MMU target violated: 101.0ms (100.0ms/101.0ms)
[2024-07-05T14:18:31.740-0700][info][gc,phases   ] GC(1)   Pre Evacuate Collection Set: 0.5ms
[2024-07-05T14:18:31.740-0700][info][gc,phases   ] GC(1)   Merge Heap Roots: 0.2ms
[2024-07-05T14:18:31.740-0700][info][gc,phases   ] GC(1)   Evacuate Collection Set: 165.6ms
[2024-07-05T14:18:31.740-0700][info][gc,phases   ] GC(1)   Post Evacuate Collection Set: 0.6ms
[2024-07-05T14:18:31.740-0700][info][gc,phases   ] GC(1)   Other: 0.2ms
[2024-07-05T14:18:31.740-0700][info][gc,heap     ] GC(1) Eden regions: 178->0(178)
[2024-07-05T14:18:31.740-0700][info][gc,heap     ] GC(1) Survivor regions: 26->26(26)
[2024-07-05T14:18:31.740-0700][info][gc,heap     ] GC(1) Old regions: 77->215
[2024-07-05T14:18:31.740-0700][info][gc,heap     ] GC(1) Archive regions: 2->2
[2024-07-05T14:18:31.740-0700][info][gc,heap     ] GC(1) Humongous regions: 3->3
[2024-07-05T14:18:31.740-0700][info][gc,metaspace] GC(1) Metaspace: 228K(448K)->228K(448K) NonClass: 221K(320K)->221K(320K) Class: 6K(128K)->6K(128K)
[2024-07-05T14:18:31.740-0700][info][gc          ] GC(1) Pause Young (Normal) (G1 Evacuation Pause) 569M->487M(8192M) 167.315ms
[2024-07-05T14:18:31.740-0700][info][gc,cpu      ] GC(1) User=0.31s Sys=0.34s Real=0.17s
[2024-07-05T14:18:38.142-0700][info][gc,start    ] GC(2) Pause Young (Normal) (G1 Evacuation Pause)
[2024-07-05T14:18:38.142-0700][info][gc,task     ] GC(2) Using 4 workers of 4 for evacuation
[2024-07-05T14:18:38.348-0700][info][gc,mmu      ] GC(2) MMU target violated: 101.0ms (100.0ms/101.0ms)
[2024-07-05T14:18:38.348-0700][info][gc,phases   ] GC(2)   Pre Evacuate Collection Set: 0.5ms
[2024-07-05T14:18:38.348-0700][info][gc,phases   ] GC(2)   Merge Heap Roots: 0.3ms
[2024-07-05T14:18:38.348-0700][info][gc,phases   ] GC(2)   Evacuate Collection Set: 204.1ms
[2024-07-05T14:18:38.348-0700][info][gc,phases   ] GC(2)   Post Evacuate Collection Set: 0.5ms
[2024-07-05T14:18:38.348-0700][info][gc,phases   ] GC(2)   Other: 0.2ms
[2024-07-05T14:18:38.348-0700][info][gc,heap     ] GC(2) Eden regions: 178->0(178)
[2024-07-05T14:18:38.348-0700][info][gc,heap     ] GC(2) Survivor regions: 26->26(26)
[2024-07-05T14:18:38.348-0700][info][gc,heap     ] GC(2) Old regions: 215->376
[2024-07-05T14:18:38.348-0700][info][gc,heap     ] GC(2) Archive regions: 2->2
[2024-07-05T14:18:38.348-0700][info][gc,heap     ] GC(2) Humongous regions: 5->5
[2024-07-05T14:18:38.348-0700][info][gc,metaspace] GC(2) Metaspace: 260K(448K)->260K(448K) NonClass: 253K(320K)->253K(320K) Class: 6K(128K)->6K(128K)
[2024-07-05T14:18:38.348-0700][info][gc          ] GC(2) Pause Young (Normal) (G1 Evacuation Pause) 847M->814M(8192M) 205.670ms
[2024-07-05T14:18:38.348-0700][info][gc,cpu      ] GC(2) User=0.33s Sys=0.46s Real=0.21s
[2024-07-05T14:18:51.161-0700][info][gc,start    ] GC(3) Pause Young (Normal) (G1 Evacuation Pause)
[2024-07-05T14:18:51.161-0700][info][gc,task     ] GC(3) Using 4 workers of 4 for evacuation
[2024-07-05T14:18:51.376-0700][info][gc,mmu      ] GC(3) MMU target violated: 101.0ms (100.0ms/101.0ms)
[2024-07-05T14:18:51.376-0700][info][gc,phases   ] GC(3)   Pre Evacuate Collection Set: 0.4ms
[2024-07-05T14:18:51.376-0700][info][gc,phases   ] GC(3)   Merge Heap Roots: 0.3ms
[2024-07-05T14:18:51.376-0700][info][gc,phases   ] GC(3)   Evacuate Collection Set: 213.3ms
[2024-07-05T14:18:51.376-0700][info][gc,phases   ] GC(3)   Post Evacuate Collection Set: 0.6ms
[2024-07-05T14:18:51.376-0700][info][gc,phases   ] GC(3)   Other: 0.2ms
[2024-07-05T14:18:51.376-0700][info][gc,heap     ] GC(3) Eden regions: 178->0(178)
[2024-07-05T14:18:51.376-0700][info][gc,heap     ] GC(3) Survivor regions: 26->26(26)
[2024-07-05T14:18:51.376-0700][info][gc,heap     ] GC(3) Old regions: 376->527
[2024-07-05T14:18:51.376-0700][info][gc,heap     ] GC(3) Archive regions: 2->2
[2024-07-05T14:18:51.376-0700][info][gc,heap     ] GC(3) Humongous regions: 5->5
[2024-07-05T14:18:51.376-0700][info][gc,metaspace] GC(3) Metaspace: 262K(448K)->262K(448K) NonClass: 255K(320K)->255K(320K) Class: 6K(128K)->6K(128K)
[2024-07-05T14:18:51.376-0700][info][gc          ] GC(3) Pause Young (Normal) (G1 Evacuation Pause) 1170M->1116M(8192M) 214.850ms
[2024-07-05T14:18:51.376-0700][info][gc,cpu      ] GC(3) User=0.37s Sys=0.47s Real=0.22s
[2024-07-05T14:19:12.356-0700][info][gc,start    ] GC(4) Pause Young (Normal) (G1 Evacuation Pause)
[2024-07-05T14:19:12.356-0700][info][gc,task     ] GC(4) Using 4 workers of 4 for evacuation
[2024-07-05T14:19:12.565-0700][info][gc,mmu      ] GC(4) MMU target violated: 101.0ms (100.0ms/101.0ms)
[2024-07-05T14:19:12.565-0700][info][gc,phases   ] GC(4)   Pre Evacuate Collection Set: 0.4ms
[2024-07-05T14:19:12.565-0700][info][gc,phases   ] GC(4)   Merge Heap Roots: 0.3ms
[2024-07-05T14:19:12.565-0700][info][gc,phases   ] GC(4)   Evacuate Collection Set: 207.8ms
[2024-07-05T14:19:12.565-0700][info][gc,phases   ] GC(4)   Post Evacuate Collection Set: 0.5ms
[2024-07-05T14:19:12.565-0700][info][gc,phases   ] GC(4)   Other: 0.2ms
[2024-07-05T14:19:12.565-0700][info][gc,heap     ] GC(4) Eden regions: 178->0(178)
[2024-07-05T14:19:12.565-0700][info][gc,heap     ] GC(4) Survivor regions: 26->26(26)
[2024-07-05T14:19:12.565-0700][info][gc,heap     ] GC(4) Old regions: 527->696
[2024-07-05T14:19:12.565-0700][info][gc,heap     ] GC(4) Archive regions: 2->2
[2024-07-05T14:19:12.565-0700][info][gc,heap     ] GC(4) Humongous regions: 8->8
[2024-07-05T14:19:12.565-0700][info][gc,metaspace] GC(4) Metaspace: 267K(448K)->267K(448K) NonClass: 260K(320K)->260K(320K) Class: 6K(128K)->6K(128K)
[2024-07-05T14:19:12.565-0700][info][gc          ] GC(4) Pause Young (Normal) (G1 Evacuation Pause) 1478M->1460M(8192M) 209.181ms
[2024-07-05T14:19:12.565-0700][info][gc,cpu      ] GC(4) User=0.36s Sys=0.44s Real=0.21s
[2024-07-05T14:19:42.579-0700][info][gc,start    ] GC(5) Pause Young (Normal) (G1 Evacuation Pause)
[2024-07-05T14:19:42.579-0700][info][gc,task     ] GC(5) Using 4 workers of 4 for evacuation
[2024-07-05T14:19:42.779-0700][info][gc,mmu      ] GC(5) MMU target violated: 101.0ms (100.0ms/101.0ms)
[2024-07-05T14:19:42.779-0700][info][gc,phases   ] GC(5)   Pre Evacuate Collection Set: 0.4ms
[2024-07-05T14:19:42.779-0700][info][gc,phases   ] GC(5)   Merge Heap Roots: 0.2ms
[2024-07-05T14:19:42.779-0700][info][gc,phases   ] GC(5)   Evacuate Collection Set: 198.8ms
[2024-07-05T14:19:42.779-0700][info][gc,phases   ] GC(5)   Post Evacuate Collection Set: 0.6ms
[2024-07-05T14:19:42.779-0700][info][gc,phases   ] GC(5)   Other: 0.2ms
[2024-07-05T14:19:42.779-0700][info][gc,heap     ] GC(5) Eden regions: 178->0(178)
[2024-07-05T14:19:42.779-0700][info][gc,heap     ] GC(5) Survivor regions: 26->26(26)
[2024-07-05T14:19:42.779-0700][info][gc,heap     ] GC(5) Old regions: 696->859
[2024-07-05T14:19:42.779-0700][info][gc,heap     ] GC(5) Archive regions: 2->2
[2024-07-05T14:19:42.779-0700][info][gc,heap     ] GC(5) Humongous regions: 8->8
[2024-07-05T14:19:42.779-0700][info][gc,metaspace] GC(5) Metaspace: 267K(448K)->267K(448K) NonClass: 260K(320K)->260K(320K) Class: 6K(128K)->6K(128K)
[2024-07-05T14:19:42.779-0700][info][gc          ] GC(5) Pause Young (Normal) (G1 Evacuation Pause) 1816M->1787M(8192M) 200.189ms
[2024-07-05T14:19:42.779-0700][info][gc,cpu      ] GC(5) User=0.34s Sys=0.44s Real=0.20s
[2024-07-05T14:20:40.414-0700][info][gc,start    ] GC(6) Pause Young (Normal) (G1 Evacuation Pause)
[2024-07-05T14:20:40.414-0700][info][gc,task     ] GC(6) Using 4 workers of 4 for evacuation
[2024-07-05T14:20:40.628-0700][info][gc,mmu      ] GC(6) MMU target violated: 101.0ms (100.0ms/101.0ms)
[2024-07-05T14:20:40.628-0700][info][gc,phases   ] GC(6)   Pre Evacuate Collection Set: 0.4ms
[2024-07-05T14:20:40.628-0700][info][gc,phases   ] GC(6)   Merge Heap Roots: 0.2ms
[2024-07-05T14:20:40.628-0700][info][gc,phases   ] GC(6)   Evacuate Collection Set: 213.4ms
[2024-07-05T14:20:40.628-0700][info][gc,phases   ] GC(6)   Post Evacuate Collection Set: 0.6ms
[2024-07-05T14:20:40.628-0700][info][gc,phases   ] GC(6)   Other: 0.2ms
[2024-07-05T14:20:40.628-0700][info][gc,heap     ] GC(6) Eden regions: 178->0(178)
[2024-07-05T14:20:40.628-0700][info][gc,heap     ] GC(6) Survivor regions: 26->26(26)
[2024-07-05T14:20:40.628-0700][info][gc,heap     ] GC(6) Old regions: 859->1033
[2024-07-05T14:20:40.628-0700][info][gc,heap     ] GC(6) Archive regions: 2->2
[2024-07-05T14:20:40.628-0700][info][gc,heap     ] GC(6) Humongous regions: 12->12
[2024-07-05T14:20:40.628-0700][info][gc,metaspace] GC(6) Metaspace: 287K(512K)->287K(512K) NonClass: 281K(384K)->281K(384K) Class: 6K(128K)->6K(128K)
[2024-07-05T14:20:40.628-0700][info][gc          ] GC(6) Pause Young (Normal) (G1 Evacuation Pause) 2151M->2143M(8192M) 214.899ms
[2024-07-05T14:20:40.628-0700][info][gc,cpu      ] GC(6) User=0.35s Sys=0.49s Real=0.22s
[2024-07-05T14:21:53.292-0700][info][gc,start    ] GC(7) Pause Young (Normal) (G1 Evacuation Pause)
[2024-07-05T14:21:53.292-0700][info][gc,task     ] GC(7) Using 4 workers of 4 for evacuation
[2024-07-05T14:21:53.512-0700][info][gc,mmu      ] GC(7) MMU target violated: 101.0ms (100.0ms/101.0ms)
[2024-07-05T14:21:53.512-0700][info][gc,phases   ] GC(7)   Pre Evacuate Collection Set: 0.4ms
[2024-07-05T14:21:53.512-0700][info][gc,phases   ] GC(7)   Merge Heap Roots: 0.3ms
[2024-07-05T14:21:53.512-0700][info][gc,phases   ] GC(7)   Evacuate Collection Set: 218.6ms
[2024-07-05T14:21:53.512-0700][info][gc,phases   ] GC(7)   Post Evacuate Collection Set: 0.7ms
[2024-07-05T14:21:53.512-0700][info][gc,phases   ] GC(7)   Other: 0.2ms
[2024-07-05T14:21:53.512-0700][info][gc,heap     ] GC(7) Eden regions: 178->0(178)
[2024-07-05T14:21:53.512-0700][info][gc,heap     ] GC(7) Survivor regions: 26->26(26)
[2024-07-05T14:21:53.512-0700][info][gc,heap     ] GC(7) Old regions: 1033->1201
[2024-07-05T14:21:53.512-0700][info][gc,heap     ] GC(7) Archive regions: 2->2
[2024-07-05T14:21:53.512-0700][info][gc,heap     ] GC(7) Humongous regions: 12->12
[2024-07-05T14:21:53.512-0700][info][gc,metaspace] GC(7) Metaspace: 287K(512K)->287K(512K) NonClass: 281K(384K)->281K(384K) Class: 6K(128K)->6K(128K)
[2024-07-05T14:21:53.512-0700][info][gc          ] GC(7) Pause Young (Normal) (G1 Evacuation Pause) 2499M->2478M(8192M) 220.175ms
[2024-07-05T14:21:53.512-0700][info][gc,cpu      ] GC(7) User=0.39s Sys=0.47s Real=0.22s
[2024-07-05T14:23:23.817-0700][info][gc,start    ] GC(8) Pause Young (Normal) (G1 Evacuation Pause)
[2024-07-05T14:23:23.817-0700][info][gc,task     ] GC(8) Using 4 workers of 4 for evacuation
[2024-07-05T14:23:24.027-0700][info][gc,mmu      ] GC(8) MMU target violated: 101.0ms (100.0ms/101.0ms)
[2024-07-05T14:23:24.027-0700][info][gc,phases   ] GC(8)   Pre Evacuate Collection Set: 0.4ms
[2024-07-05T14:23:24.027-0700][info][gc,phases   ] GC(8)   Merge Heap Roots: 0.2ms
[2024-07-05T14:23:24.027-0700][info][gc,phases   ] GC(8)   Evacuate Collection Set: 208.9ms
[2024-07-05T14:23:24.027-0700][info][gc,phases   ] GC(8)   Post Evacuate Collection Set: 0.6ms
[2024-07-05T14:23:24.027-0700][info][gc,phases   ] GC(8)   Other: 0.2ms
[2024-07-05T14:23:24.027-0700][info][gc,heap     ] GC(8) Eden regions: 178->0(178)
[2024-07-05T14:23:24.027-0700][info][gc,heap     ] GC(8) Survivor regions: 26->26(26)
[2024-07-05T14:23:24.027-0700][info][gc,heap     ] GC(8) Old regions: 1201->1366
[2024-07-05T14:23:24.027-0700][info][gc,heap     ] GC(8) Archive regions: 2->2
[2024-07-05T14:23:24.027-0700][info][gc,heap     ] GC(8) Humongous regions: 12->12
[2024-07-05T14:23:24.027-0700][info][gc,metaspace] GC(8) Metaspace: 293K(512K)->293K(512K) NonClass: 286K(384K)->286K(384K) Class: 6K(128K)->6K(128K)
[2024-07-05T14:23:24.027-0700][info][gc          ] GC(8) Pause Young (Normal) (G1 Evacuation Pause) 2834M->2808M(8192M) 210.465ms
[2024-07-05T14:23:24.027-0700][info][gc,cpu      ] GC(8) User=0.40s Sys=0.41s Real=0.21s
[2024-07-05T14:25:30.947-0700][info][gc,start    ] GC(9) Pause Young (Normal) (G1 Evacuation Pause)
[2024-07-05T14:25:30.947-0700][info][gc,task     ] GC(9) Using 4 workers of 4 for evacuation
[2024-07-05T14:25:31.206-0700][info][gc,mmu      ] GC(9) MMU target violated: 101.0ms (100.0ms/101.0ms)
[2024-07-05T14:25:31.206-0700][info][gc,phases   ] GC(9)   Pre Evacuate Collection Set: 0.5ms
[2024-07-05T14:25:31.206-0700][info][gc,phases   ] GC(9)   Merge Heap Roots: 0.4ms
[2024-07-05T14:25:31.206-0700][info][gc,phases   ] GC(9)   Evacuate Collection Set: 257.3ms
[2024-07-05T14:25:31.206-0700][info][gc,phases   ] GC(9)   Post Evacuate Collection Set: 0.6ms
[2024-07-05T14:25:31.206-0700][info][gc,phases   ] GC(9)   Other: 0.2ms
[2024-07-05T14:25:31.206-0700][info][gc,heap     ] GC(9) Eden regions: 178->0(178)
[2024-07-05T14:25:31.206-0700][info][gc,heap     ] GC(9) Survivor regions: 26->26(26)
[2024-07-05T14:25:31.206-0700][info][gc,heap     ] GC(9) Old regions: 1366->1532
[2024-07-05T14:25:31.206-0700][info][gc,heap     ] GC(9) Archive regions: 2->2
[2024-07-05T14:25:31.206-0700][info][gc,heap     ] GC(9) Humongous regions: 12->12
[2024-07-05T14:25:31.206-0700][info][gc,metaspace] GC(9) Metaspace: 298K(512K)->298K(512K) NonClass: 290K(384K)->290K(384K) Class: 7K(128K)->7K(128K)
[2024-07-05T14:25:31.206-0700][info][gc          ] GC(9) Pause Young (Normal) (G1 Evacuation Pause) 3164M->3140M(8192M) 259.095ms
[2024-07-05T14:25:31.206-0700][info][gc,cpu      ] GC(9) User=0.38s Sys=0.63s Real=0.26s
[2024-07-05T14:28:03.433-0700][info][gc,start    ] GC(10) Pause Young (Normal) (G1 Evacuation Pause)
[2024-07-05T14:28:03.433-0700][info][gc,task     ] GC(10) Using 4 workers of 4 for evacuation
[2024-07-05T14:28:03.668-0700][info][gc,mmu      ] GC(10) MMU target violated: 101.0ms (100.0ms/101.0ms)
[2024-07-05T14:28:03.668-0700][info][gc,phases   ] GC(10)   Pre Evacuate Collection Set: 0.4ms
[2024-07-05T14:28:03.668-0700][info][gc,phases   ] GC(10)   Merge Heap Roots: 0.2ms
[2024-07-05T14:28:03.668-0700][info][gc,phases   ] GC(10)   Evacuate Collection Set: 233.9ms
[2024-07-05T14:28:03.668-0700][info][gc,phases   ] GC(10)   Post Evacuate Collection Set: 0.6ms
[2024-07-05T14:28:03.668-0700][info][gc,phases   ] GC(10)   Other: 0.2ms
[2024-07-05T14:28:03.668-0700][info][gc,heap     ] GC(10) Eden regions: 178->0(178)
[2024-07-05T14:28:03.668-0700][info][gc,heap     ] GC(10) Survivor regions: 26->26(26)
[2024-07-05T14:28:03.668-0700][info][gc,heap     ] GC(10) Old regions: 1532->1702
[2024-07-05T14:28:03.668-0700][info][gc,heap     ] GC(10) Archive regions: 2->2
[2024-07-05T14:28:03.668-0700][info][gc,heap     ] GC(10) Humongous regions: 18->18
[2024-07-05T14:28:03.668-0700][info][gc,metaspace] GC(10) Metaspace: 298K(512K)->298K(512K) NonClass: 291K(384K)->291K(384K) Class: 7K(128K)->7K(128K)
[2024-07-05T14:28:03.668-0700][info][gc          ] GC(10) Pause Young (Normal) (G1 Evacuation Pause) 3508M->3493M(8192M) 235.390ms
[2024-07-05T14:28:03.668-0700][info][gc,cpu      ] GC(10) User=0.42s Sys=0.48s Real=0.24s
[2024-07-05T14:30:54.838-0700][info][gc,start    ] GC(11) Pause Young (Normal) (G1 Evacuation Pause)
[2024-07-05T14:30:54.838-0700][info][gc,task     ] GC(11) Using 4 workers of 4 for evacuation
[2024-07-05T14:30:55.049-0700][info][gc,mmu      ] GC(11) MMU target violated: 101.0ms (100.0ms/101.0ms)
[2024-07-05T14:30:55.049-0700][info][gc,phases   ] GC(11)   Pre Evacuate Collection Set: 0.6ms
[2024-07-05T14:30:55.049-0700][info][gc,phases   ] GC(11)   Merge Heap Roots: 0.3ms
[2024-07-05T14:30:55.049-0700][info][gc,phases   ] GC(11)   Evacuate Collection Set: 209.6ms
[2024-07-05T14:30:55.049-0700][info][gc,phases   ] GC(11)   Post Evacuate Collection Set: 0.5ms
[2024-07-05T14:30:55.049-0700][info][gc,phases   ] GC(11)   Other: 0.2ms
[2024-07-05T14:30:55.049-0700][info][gc,heap     ] GC(11) Eden regions: 178->0(178)
[2024-07-05T14:30:55.049-0700][info][gc,heap     ] GC(11) Survivor regions: 26->26(26)
[2024-07-05T14:30:55.049-0700][info][gc,heap     ] GC(11) Old regions: 1702->1871
[2024-07-05T14:30:55.049-0700][info][gc,heap     ] GC(11) Archive regions: 2->2
[2024-07-05T14:30:55.049-0700][info][gc,heap     ] GC(11) Humongous regions: 18->18
[2024-07-05T14:30:55.049-0700][info][gc,metaspace] GC(11) Metaspace: 298K(512K)->298K(512K) NonClass: 291K(384K)->291K(384K) Class: 7K(128K)->7K(128K)
[2024-07-05T14:30:55.049-0700][info][gc          ] GC(11) Pause Young (Normal) (G1 Evacuation Pause) 3849M->3830M(8192M) 211.234ms
[2024-07-05T14:30:55.049-0700][info][gc,cpu      ] GC(11) User=0.37s Sys=0.45s Real=0.21s
[2024-07-05T14:34:02.547-0700][info][gc,start    ] GC(12) Pause Young (Concurrent Start) (G1 Evacuation Pause)
[2024-07-05T14:34:02.547-0700][info][gc,task     ] GC(12) Using 4 workers of 4 for evacuation
[2024-07-05T14:34:02.746-0700][info][gc,mmu      ] GC(12) MMU target violated: 101.0ms (100.0ms/101.0ms)
[2024-07-05T14:34:02.746-0700][info][gc,phases   ] GC(12)   Pre Evacuate Collection Set: 0.4ms
[2024-07-05T14:34:02.746-0700][info][gc,phases   ] GC(12)   Merge Heap Roots: 0.2ms
[2024-07-05T14:34:02.746-0700][info][gc,phases   ] GC(12)   Evacuate Collection Set: 197.2ms
[2024-07-05T14:34:02.746-0700][info][gc,phases   ] GC(12)   Post Evacuate Collection Set: 0.5ms
[2024-07-05T14:34:02.746-0700][info][gc,phases   ] GC(12)   Other: 0.3ms
[2024-07-05T14:34:02.746-0700][info][gc,heap     ] GC(12) Eden regions: 178->0(178)
[2024-07-05T14:34:02.746-0700][info][gc,heap     ] GC(12) Survivor regions: 26->26(26)
[2024-07-05T14:34:02.746-0700][info][gc,heap     ] GC(12) Old regions: 1871->2040
[2024-07-05T14:34:02.746-0700][info][gc,heap     ] GC(12) Archive regions: 2->2
[2024-07-05T14:34:02.746-0700][info][gc,heap     ] GC(12) Humongous regions: 18->18
[2024-07-05T14:34:02.746-0700][info][gc,metaspace] GC(12) Metaspace: 298K(512K)->298K(512K) NonClass: 291K(384K)->291K(384K) Class: 7K(128K)->7K(128K)
[2024-07-05T14:34:02.746-0700][info][gc          ] GC(12) Pause Young (Concurrent Start) (G1 Evacuation Pause) 4186M->4168M(8192M) 198.712ms
[2024-07-05T14:34:02.746-0700][info][gc,cpu      ] GC(12) User=0.37s Sys=0.41s Real=0.20s
[2024-07-05T14:34:02.746-0700][info][gc          ] GC(13) Concurrent Mark Cycle
[2024-07-05T14:34:02.746-0700][info][gc,marking  ] GC(13) Concurrent Clear Claimed Marks
[2024-07-05T14:34:02.746-0700][info][gc,marking  ] GC(13) Concurrent Clear Claimed Marks 0.006ms
[2024-07-05T14:34:02.746-0700][info][gc,marking  ] GC(13) Concurrent Scan Root Regions
[2024-07-05T14:34:02.765-0700][info][gc,marking  ] GC(13) Concurrent Scan Root Regions 19.107ms
[2024-07-05T14:34:02.765-0700][info][gc,marking  ] GC(13) Concurrent Mark
[2024-07-05T14:34:02.765-0700][info][gc,marking  ] GC(13) Concurrent Mark From Roots
[2024-07-05T14:34:02.765-0700][info][gc,task     ] GC(13) Using 1 workers of 1 for marking
[2024-07-05T14:34:03.322-0700][info][gc,marking  ] GC(13) Concurrent Mark From Roots 557.269ms
[2024-07-05T14:34:03.322-0700][info][gc,marking  ] GC(13) Concurrent Preclean
[2024-07-05T14:34:03.322-0700][info][gc,marking  ] GC(13) Concurrent Preclean 0.076ms
[2024-07-05T14:34:34.383-0700][info][gc,start    ] GC(13) Pause Remark
[2024-07-05T14:34:34.386-0700][info][gc          ] GC(13) Pause Remark 4174M->4150M(8192M) 2.772ms
[2024-07-05T14:34:34.386-0700][info][gc,cpu      ] GC(13) User=0.00s Sys=0.00s Real=0.00s
[2024-07-05T14:34:34.386-0700][info][gc,marking  ] GC(13) Concurrent Mark 31620.856ms
[2024-07-05T14:34:34.386-0700][info][gc,marking  ] GC(13) Concurrent Rebuild Remembered Sets
[2024-07-05T14:34:34.815-0700][info][gc,marking  ] GC(13) Concurrent Rebuild Remembered Sets 428.874ms
[2024-07-05T14:34:35.146-0700][info][gc,start    ] GC(13) Pause Cleanup
[2024-07-05T14:34:35.148-0700][info][gc          ] GC(13) Pause Cleanup 4150M->4150M(8192M) 2.057ms
[2024-07-05T14:34:35.148-0700][info][gc,cpu      ] GC(13) User=0.01s Sys=0.00s Real=0.00s
[2024-07-05T14:34:35.150-0700][info][gc,marking  ] GC(13) Concurrent Cleanup for Next Mark
[2024-07-05T14:34:35.289-0700][info][gc,marking  ] GC(13) Concurrent Cleanup for Next Mark 138.964ms
[2024-07-05T14:34:35.289-0700][info][gc          ] GC(13) Concurrent Mark Cycle 32543.280ms
[2024-07-05T14:37:50.653-0700][info][gc,start    ] GC(14) Pause Young (Prepare Mixed) (G1 Evacuation Pause)
[2024-07-05T14:37:50.653-0700][info][gc,task     ] GC(14) Using 4 workers of 4 for evacuation
[2024-07-05T14:37:50.857-0700][info][gc,mmu      ] GC(14) MMU target violated: 101.0ms (100.0ms/101.0ms)
[2024-07-05T14:37:50.857-0700][info][gc,phases   ] GC(14)   Pre Evacuate Collection Set: 0.4ms
[2024-07-05T14:37:50.857-0700][info][gc,phases   ] GC(14)   Merge Heap Roots: 0.3ms
[2024-07-05T14:37:50.857-0700][info][gc,phases   ] GC(14)   Evacuate Collection Set: 201.9ms
[2024-07-05T14:37:50.857-0700][info][gc,phases   ] GC(14)   Post Evacuate Collection Set: 0.6ms
[2024-07-05T14:37:50.857-0700][info][gc,phases   ] GC(14)   Other: 0.2ms
[2024-07-05T14:37:50.857-0700][info][gc,heap     ] GC(14) Eden regions: 178->0(178)
[2024-07-05T14:37:50.857-0700][info][gc,heap     ] GC(14) Survivor regions: 26->26(26)
[2024-07-05T14:37:50.857-0700][info][gc,heap     ] GC(14) Old regions: 2040->2209
[2024-07-05T14:37:50.857-0700][info][gc,heap     ] GC(14) Archive regions: 2->2
[2024-07-05T14:37:50.857-0700][info][gc,heap     ] GC(14) Humongous regions: 6->6
[2024-07-05T14:37:50.857-0700][info][gc,metaspace] GC(14) Metaspace: 298K(512K)->298K(512K) NonClass: 291K(384K)->291K(384K) Class: 7K(128K)->7K(128K)
[2024-07-05T14:37:50.857-0700][info][gc          ] GC(14) Pause Young (Prepare Mixed) (G1 Evacuation Pause) 4500M->4483M(8192M) 203.413ms
[2024-07-05T14:37:50.857-0700][info][gc,cpu      ] GC(14) User=0.36s Sys=0.43s Real=0.21s
[2024-07-05T14:41:24.189-0700][info][gc,start    ] GC(15) Pause Young (Mixed) (G1 Evacuation Pause)
[2024-07-05T14:41:24.189-0700][info][gc,task     ] GC(15) Using 4 workers of 4 for evacuation
[2024-07-05T14:41:24.438-0700][info][gc,mmu      ] GC(15) MMU target violated: 101.0ms (100.0ms/101.0ms)
[2024-07-05T14:41:24.438-0700][info][gc,phases   ] GC(15)   Pre Evacuate Collection Set: 0.5ms
[2024-07-05T14:41:24.438-0700][info][gc,phases   ] GC(15)   Merge Heap Roots: 0.3ms
[2024-07-05T14:41:24.438-0700][info][gc,phases   ] GC(15)   Evacuate Collection Set: 247.0ms
[2024-07-05T14:41:24.438-0700][info][gc,phases   ] GC(15)   Post Evacuate Collection Set: 0.8ms
[2024-07-05T14:41:24.438-0700][info][gc,phases   ] GC(15)   Other: 0.2ms
[2024-07-05T14:41:24.438-0700][info][gc,heap     ] GC(15) Eden regions: 178->0(178)
[2024-07-05T14:41:24.438-0700][info][gc,heap     ] GC(15) Survivor regions: 26->26(26)
[2024-07-05T14:41:24.438-0700][info][gc,heap     ] GC(15) Old regions: 2209->2269
[2024-07-05T14:41:24.438-0700][info][gc,heap     ] GC(15) Archive regions: 2->2
[2024-07-05T14:41:24.438-0700][info][gc,heap     ] GC(15) Humongous regions: 6->6
[2024-07-05T14:41:24.438-0700][info][gc,metaspace] GC(15) Metaspace: 298K(512K)->298K(512K) NonClass: 291K(384K)->291K(384K) Class: 7K(128K)->7K(128K)
[2024-07-05T14:41:24.438-0700][info][gc          ] GC(15) Pause Young (Mixed) (G1 Evacuation Pause) 4839M->4603M(8192M) 248.814ms
[2024-07-05T14:41:24.438-0700][info][gc,cpu      ] GC(15) User=0.38s Sys=0.59s Real=0.25s
[2024-07-05T14:44:59.288-0700][info][gc,start    ] GC(16) Pause Young (Mixed) (G1 Evacuation Pause)
[2024-07-05T14:44:59.288-0700][info][gc,task     ] GC(16) Using 4 workers of 4 for evacuation
[2024-07-05T14:44:59.471-0700][info][gc,mmu      ] GC(16) MMU target violated: 101.0ms (100.0ms/101.0ms)
[2024-07-05T14:44:59.471-0700][info][gc,phases   ] GC(16)   Pre Evacuate Collection Set: 0.5ms
[2024-07-05T14:44:59.471-0700][info][gc,phases   ] GC(16)   Merge Heap Roots: 0.3ms
[2024-07-05T14:44:59.471-0700][info][gc,phases   ] GC(16)   Evacuate Collection Set: 181.7ms
[2024-07-05T14:44:59.471-0700][info][gc,phases   ] GC(16)   Post Evacuate Collection Set: 0.7ms
[2024-07-05T14:44:59.471-0700][info][gc,phases   ] GC(16)   Other: 0.2ms
[2024-07-05T14:44:59.471-0700][info][gc,heap     ] GC(16) Eden regions: 178->0(178)
[2024-07-05T14:44:59.471-0700][info][gc,heap     ] GC(16) Survivor regions: 26->26(26)
[2024-07-05T14:44:59.471-0700][info][gc,heap     ] GC(16) Old regions: 2269->2338
[2024-07-05T14:44:59.471-0700][info][gc,heap     ] GC(16) Archive regions: 2->2
[2024-07-05T14:44:59.471-0700][info][gc,heap     ] GC(16) Humongous regions: 14->14
[2024-07-05T14:44:59.471-0700][info][gc,metaspace] GC(16) Metaspace: 298K(512K)->298K(512K) NonClass: 291K(384K)->291K(384K) Class: 7K(128K)->7K(128K)
[2024-07-05T14:44:59.471-0700][info][gc          ] GC(16) Pause Young (Mixed) (G1 Evacuation Pause) 4975M->4757M(8192M) 183.460ms
[2024-07-05T14:44:59.471-0700][info][gc,cpu      ] GC(16) User=0.40s Sys=0.29s Real=0.18s
[2024-07-05T14:48:45.702-0700][info][gc,start    ] GC(17) Pause Young (Mixed) (G1 Evacuation Pause)
[2024-07-05T14:48:45.702-0700][info][gc,task     ] GC(17) Using 4 workers of 4 for evacuation
[2024-07-05T14:48:45.868-0700][info][gc,mmu      ] GC(17) MMU target violated: 101.0ms (100.0ms/101.0ms)
[2024-07-05T14:48:45.868-0700][info][gc,phases   ] GC(17)   Pre Evacuate Collection Set: 0.4ms
[2024-07-05T14:48:45.868-0700][info][gc,phases   ] GC(17)   Merge Heap Roots: 0.3ms
[2024-07-05T14:48:45.868-0700][info][gc,phases   ] GC(17)   Evacuate Collection Set: 164.6ms
[2024-07-05T14:48:45.868-0700][info][gc,phases   ] GC(17)   Post Evacuate Collection Set: 0.7ms
[2024-07-05T14:48:45.868-0700][info][gc,phases   ] GC(17)   Other: 0.2ms
[2024-07-05T14:48:45.868-0700][info][gc,heap     ] GC(17) Eden regions: 178->0(178)
[2024-07-05T14:48:45.868-0700][info][gc,heap     ] GC(17) Survivor regions: 26->26(26)
[2024-07-05T14:48:45.868-0700][info][gc,heap     ] GC(17) Old regions: 2338->2414
[2024-07-05T14:48:45.868-0700][info][gc,heap     ] GC(17) Archive regions: 2->2
[2024-07-05T14:48:45.868-0700][info][gc,heap     ] GC(17) Humongous regions: 14->14
[2024-07-05T14:48:45.868-0700][info][gc,metaspace] GC(17) Metaspace: 298K(512K)->298K(512K) NonClass: 291K(384K)->291K(384K) Class: 7K(128K)->7K(128K)
[2024-07-05T14:48:45.868-0700][info][gc          ] GC(17) Pause Young (Mixed) (G1 Evacuation Pause) 5113M->4909M(8192M) 166.361ms
[2024-07-05T14:48:45.868-0700][info][gc,cpu      ] GC(17) User=0.35s Sys=0.28s Real=0.17s
[2024-07-05T14:52:35.374-0700][info][gc,start    ] GC(18) Pause Young (Mixed) (G1 Evacuation Pause)
[2024-07-05T14:52:35.374-0700][info][gc,task     ] GC(18) Using 4 workers of 4 for evacuation
[2024-07-05T14:52:35.555-0700][info][gc,mmu      ] GC(18) MMU target violated: 101.0ms (100.0ms/101.0ms)
[2024-07-05T14:52:35.555-0700][info][gc,phases   ] GC(18)   Pre Evacuate Collection Set: 0.5ms
[2024-07-05T14:52:35.555-0700][info][gc,phases   ] GC(18)   Merge Heap Roots: 0.5ms
[2024-07-05T14:52:35.555-0700][info][gc,phases   ] GC(18)   Evacuate Collection Set: 178.9ms
[2024-07-05T14:52:35.555-0700][info][gc,phases   ] GC(18)   Post Evacuate Collection Set: 0.9ms
[2024-07-05T14:52:35.555-0700][info][gc,phases   ] GC(18)   Other: 0.2ms
[2024-07-05T14:52:35.555-0700][info][gc,heap     ] GC(18) Eden regions: 178->0(178)
[2024-07-05T14:52:35.555-0700][info][gc,heap     ] GC(18) Survivor regions: 26->26(26)
[2024-07-05T14:52:35.555-0700][info][gc,heap     ] GC(18) Old regions: 2414->2495
[2024-07-05T14:52:35.555-0700][info][gc,heap     ] GC(18) Archive regions: 2->2
[2024-07-05T14:52:35.555-0700][info][gc,heap     ] GC(18) Humongous regions: 14->14
[2024-07-05T14:52:35.555-0700][info][gc,metaspace] GC(18) Metaspace: 298K(512K)->298K(512K) NonClass: 291K(384K)->291K(384K) Class: 7K(128K)->7K(128K)
[2024-07-05T14:52:35.555-0700][info][gc          ] GC(18) Pause Young (Mixed) (G1 Evacuation Pause) 5265M->5071M(8192M) 180.901ms
[2024-07-05T14:52:35.555-0700][info][gc,cpu      ] GC(18) User=0.41s Sys=0.27s Real=0.19s
[2024-07-05T14:56:15.888-0700][info][gc,start    ] GC(19) Pause Young (Mixed) (G1 Evacuation Pause)
[2024-07-05T14:56:15.888-0700][info][gc,task     ] GC(19) Using 4 workers of 4 for evacuation
[2024-07-05T14:56:16.101-0700][info][gc,mmu      ] GC(19) MMU target violated: 101.0ms (100.0ms/101.0ms)
[2024-07-05T14:56:16.101-0700][info][gc,phases   ] GC(19)   Pre Evacuate Collection Set: 0.5ms
[2024-07-05T14:56:16.101-0700][info][gc,phases   ] GC(19)   Merge Heap Roots: 0.6ms
[2024-07-05T14:56:16.101-0700][info][gc,phases   ] GC(19)   Evacuate Collection Set: 210.7ms
[2024-07-05T14:56:16.101-0700][info][gc,phases   ] GC(19)   Post Evacuate Collection Set: 0.8ms
[2024-07-05T14:56:16.101-0700][info][gc,phases   ] GC(19)   Other: 0.2ms
[2024-07-05T14:56:16.101-0700][info][gc,heap     ] GC(19) Eden regions: 178->0(178)
[2024-07-05T14:56:16.101-0700][info][gc,heap     ] GC(19) Survivor regions: 26->26(26)
[2024-07-05T14:56:16.101-0700][info][gc,heap     ] GC(19) Old regions: 2495->2581
[2024-07-05T14:56:16.101-0700][info][gc,heap     ] GC(19) Archive regions: 2->2
[2024-07-05T14:56:16.101-0700][info][gc,heap     ] GC(19) Humongous regions: 14->14
[2024-07-05T14:56:16.101-0700][info][gc,metaspace] GC(19) Metaspace: 298K(512K)->298K(512K) NonClass: 291K(384K)->291K(384K) Class: 7K(128K)->7K(128K)
[2024-07-05T14:56:16.101-0700][info][gc          ] GC(19) Pause Young (Mixed) (G1 Evacuation Pause) 5427M->5242M(8192M) 212.790ms
[2024-07-05T14:56:16.101-0700][info][gc,cpu      ] GC(19) User=0.43s Sys=0.38s Real=0.21s
[2024-07-05T14:59:55.795-0700][info][gc,start    ] GC(20) Pause Young (Mixed) (G1 Evacuation Pause)
[2024-07-05T14:59:55.795-0700][info][gc,task     ] GC(20) Using 4 workers of 4 for evacuation
[2024-07-05T14:59:56.052-0700][info][gc,mmu      ] GC(20) MMU target violated: 101.0ms (100.0ms/101.0ms)
[2024-07-05T14:59:56.052-0700][info][gc,phases   ] GC(20)   Pre Evacuate Collection Set: 0.5ms
[2024-07-05T14:59:56.052-0700][info][gc,phases   ] GC(20)   Merge Heap Roots: 0.4ms
[2024-07-05T14:59:56.052-0700][info][gc,phases   ] GC(20)   Evacuate Collection Set: 255.0ms
[2024-07-05T14:59:56.052-0700][info][gc,phases   ] GC(20)   Post Evacuate Collection Set: 1.1ms
[2024-07-05T14:59:56.052-0700][info][gc,phases   ] GC(20)   Other: 0.2ms
[2024-07-05T14:59:56.052-0700][info][gc,heap     ] GC(20) Eden regions: 178->0(178)
[2024-07-05T14:59:56.052-0700][info][gc,heap     ] GC(20) Survivor regions: 26->26(26)
[2024-07-05T14:59:56.052-0700][info][gc,heap     ] GC(20) Old regions: 2581->2673
[2024-07-05T14:59:56.052-0700][info][gc,heap     ] GC(20) Archive regions: 2->2
[2024-07-05T14:59:56.052-0700][info][gc,heap     ] GC(20) Humongous regions: 14->14
[2024-07-05T14:59:56.052-0700][info][gc,metaspace] GC(20) Metaspace: 298K(512K)->298K(512K) NonClass: 291K(384K)->291K(384K) Class: 7K(128K)->7K(128K)
[2024-07-05T14:59:56.052-0700][info][gc          ] GC(20) Pause Young (Mixed) (G1 Evacuation Pause) 5598M->5426M(8192M) 257.450ms
[2024-07-05T14:59:56.052-0700][info][gc,cpu      ] GC(20) User=0.51s Sys=0.46s Real=0.26s
[2024-07-05T15:03:20.881-0700][info][gc,start    ] GC(21) Pause Young (Mixed) (G1 Evacuation Pause)
[2024-07-05T15:03:20.881-0700][info][gc,task     ] GC(21) Using 4 workers of 4 for evacuation
[2024-07-05T15:03:21.099-0700][info][gc,mmu      ] GC(21) MMU target violated: 101.0ms (100.0ms/101.0ms)
[2024-07-05T15:03:21.099-0700][info][gc,phases   ] GC(21)   Pre Evacuate Collection Set: 0.5ms
[2024-07-05T15:03:21.099-0700][info][gc,phases   ] GC(21)   Merge Heap Roots: 0.4ms
[2024-07-05T15:03:21.099-0700][info][gc,phases   ] GC(21)   Evacuate Collection Set: 216.8ms
[2024-07-05T15:03:21.099-0700][info][gc,phases   ] GC(21)   Post Evacuate Collection Set: 0.9ms
[2024-07-05T15:03:21.099-0700][info][gc,phases   ] GC(21)   Other: 0.2ms
[2024-07-05T15:03:21.099-0700][info][gc,heap     ] GC(21) Eden regions: 178->0(178)
[2024-07-05T15:03:21.099-0700][info][gc,heap     ] GC(21) Survivor regions: 26->26(26)
[2024-07-05T15:03:21.099-0700][info][gc,heap     ] GC(21) Old regions: 2673->2772
[2024-07-05T15:03:21.099-0700][info][gc,heap     ] GC(21) Archive regions: 2->2
[2024-07-05T15:03:21.099-0700][info][gc,heap     ] GC(21) Humongous regions: 14->14
[2024-07-05T15:03:21.099-0700][info][gc,metaspace] GC(21) Metaspace: 298K(512K)->298K(512K) NonClass: 291K(384K)->291K(384K) Class: 7K(128K)->7K(128K)
[2024-07-05T15:03:21.099-0700][info][gc          ] GC(21) Pause Young (Mixed) (G1 Evacuation Pause) 5782M->5624M(8192M) 218.777ms
[2024-07-05T15:03:21.099-0700][info][gc,cpu      ] GC(21) User=0.41s Sys=0.44s Real=0.22s
[2024-07-05T15:06:33.423-0700][info][gc,start    ] GC(22) Pause Young (Mixed) (G1 Evacuation Pause)
[2024-07-05T15:06:33.423-0700][info][gc,task     ] GC(22) Using 4 workers of 4 for evacuation
[2024-07-05T15:06:33.634-0700][info][gc,mmu      ] GC(22) MMU target violated: 101.0ms (100.0ms/101.0ms)
[2024-07-05T15:06:33.634-0700][info][gc,phases   ] GC(22)   Pre Evacuate Collection Set: 0.5ms
[2024-07-05T15:06:33.634-0700][info][gc,phases   ] GC(22)   Merge Heap Roots: 0.5ms
[2024-07-05T15:06:33.634-0700][info][gc,phases   ] GC(22)   Evacuate Collection Set: 209.2ms
[2024-07-05T15:06:33.634-0700][info][gc,phases   ] GC(22)   Post Evacuate Collection Set: 0.8ms
[2024-07-05T15:06:33.634-0700][info][gc,phases   ] GC(22)   Other: 0.2ms
[2024-07-05T15:06:33.634-0700][info][gc,heap     ] GC(22) Eden regions: 178->0(178)
[2024-07-05T15:06:33.634-0700][info][gc,heap     ] GC(22) Survivor regions: 26->26(26)
[2024-07-05T15:06:33.634-0700][info][gc,heap     ] GC(22) Old regions: 2772->2875
[2024-07-05T15:06:33.634-0700][info][gc,heap     ] GC(22) Archive regions: 2->2
[2024-07-05T15:06:33.634-0700][info][gc,heap     ] GC(22) Humongous regions: 14->14
[2024-07-05T15:06:33.634-0700][info][gc,metaspace] GC(22) Metaspace: 302K(512K)->302K(512K) NonClass: 294K(384K)->294K(384K) Class: 7K(128K)->7K(128K)
[2024-07-05T15:06:33.634-0700][info][gc          ] GC(22) Pause Young (Mixed) (G1 Evacuation Pause) 5980M->5830M(8192M) 211.114ms
[2024-07-05T15:06:33.634-0700][info][gc,cpu      ] GC(22) User=0.44s Sys=0.37s Real=0.20s
[2024-07-05T15:09:02.418-0700][info][gc,start    ] GC(23) Pause Young (Concurrent Start) (G1 Humongous Allocation)
[2024-07-05T15:09:02.418-0700][info][gc,task     ] GC(23) Using 4 workers of 4 for evacuation
[2024-07-05T15:09:02.522-0700][info][gc,mmu      ] GC(23) MMU target violated: 101.0ms (100.0ms/101.0ms)
[2024-07-05T15:09:02.522-0700][info][gc,phases   ] GC(23)   Pre Evacuate Collection Set: 0.4ms
[2024-07-05T15:09:02.522-0700][info][gc,phases   ] GC(23)   Merge Heap Roots: 0.2ms
[2024-07-05T15:09:02.522-0700][info][gc,phases   ] GC(23)   Evacuate Collection Set: 102.9ms
[2024-07-05T15:09:02.522-0700][info][gc,phases   ] GC(23)   Post Evacuate Collection Set: 0.8ms
[2024-07-05T15:09:02.522-0700][info][gc,phases   ] GC(23)   Other: 0.3ms
[2024-07-05T15:09:02.522-0700][info][gc,heap     ] GC(23) Eden regions: 134->0(178)
[2024-07-05T15:09:02.522-0700][info][gc,heap     ] GC(23) Survivor regions: 26->26(26)
[2024-07-05T15:09:02.522-0700][info][gc,heap     ] GC(23) Old regions: 2875->3005
[2024-07-05T15:09:02.522-0700][info][gc,heap     ] GC(23) Archive regions: 2->2
[2024-07-05T15:09:02.522-0700][info][gc,heap     ] GC(23) Humongous regions: 14->14
[2024-07-05T15:09:02.522-0700][info][gc,metaspace] GC(23) Metaspace: 302K(512K)->302K(512K) NonClass: 294K(384K)->294K(384K) Class: 7K(128K)->7K(128K)
[2024-07-05T15:09:02.522-0700][info][gc          ] GC(23) Pause Young (Concurrent Start) (G1 Humongous Allocation) 6097M->6090M(8192M) 104.769ms
[2024-07-05T15:09:02.522-0700][info][gc,cpu      ] GC(23) User=0.25s Sys=0.13s Real=0.10s
[2024-07-05T15:09:02.523-0700][info][gc          ] GC(24) Concurrent Mark Cycle
[2024-07-05T15:09:02.523-0700][info][gc,marking  ] GC(24) Concurrent Clear Claimed Marks
[2024-07-05T15:09:02.523-0700][info][gc,marking  ] GC(24) Concurrent Clear Claimed Marks 0.010ms
[2024-07-05T15:09:02.523-0700][info][gc,marking  ] GC(24) Concurrent Scan Root Regions
[2024-07-05T15:09:02.541-0700][info][gc,marking  ] GC(24) Concurrent Scan Root Regions 17.966ms
[2024-07-05T15:09:02.541-0700][info][gc,marking  ] GC(24) Concurrent Mark
[2024-07-05T15:09:02.541-0700][info][gc,marking  ] GC(24) Concurrent Mark From Roots
[2024-07-05T15:09:02.541-0700][info][gc,task     ] GC(24) Using 1 workers of 1 for marking
[2024-07-05T15:09:03.136-0700][info][gc,marking  ] GC(24) Concurrent Mark From Roots 594.992ms
[2024-07-05T15:09:03.136-0700][info][gc,marking  ] GC(24) Concurrent Preclean
[2024-07-05T15:09:03.136-0700][info][gc,marking  ] GC(24) Concurrent Preclean 0.073ms
[2024-07-05T15:09:45.538-0700][info][gc,start    ] GC(24) Pause Remark
[2024-07-05T15:09:45.541-0700][info][gc          ] GC(24) Pause Remark 6117M->6093M(8192M) 2.877ms
[2024-07-05T15:09:45.541-0700][info][gc,cpu      ] GC(24) User=0.01s Sys=0.00s Real=0.00s
[2024-07-05T15:09:45.541-0700][info][gc,marking  ] GC(24) Concurrent Mark 43000.184ms
[2024-07-05T15:09:45.541-0700][info][gc,marking  ] GC(24) Concurrent Rebuild Remembered Sets
[2024-07-05T15:09:46.047-0700][info][gc,marking  ] GC(24) Concurrent Rebuild Remembered Sets 505.883ms
[2024-07-05T15:09:46.958-0700][info][gc,start    ] GC(24) Pause Cleanup
[2024-07-05T15:09:46.960-0700][info][gc          ] GC(24) Pause Cleanup 6093M->6093M(8192M) 1.578ms
[2024-07-05T15:09:46.960-0700][info][gc,cpu      ] GC(24) User=0.00s Sys=0.01s Real=0.00s
[2024-07-05T15:09:46.960-0700][info][gc,marking  ] GC(24) Concurrent Cleanup for Next Mark
[2024-07-05T15:09:47.010-0700][info][gc,marking  ] GC(24) Concurrent Cleanup for Next Mark 49.951ms
[2024-07-05T15:09:47.010-0700][info][gc          ] GC(24) Concurrent Mark Cycle 44487.676ms
[2024-07-05T15:12:45.470-0700][info][gc,start    ] GC(25) Pause Young (Prepare Mixed) (G1 Evacuation Pause)
[2024-07-05T15:12:45.470-0700][info][gc,task     ] GC(25) Using 4 workers of 4 for evacuation
[2024-07-05T15:12:45.712-0700][info][gc,mmu      ] GC(25) MMU target violated: 101.0ms (100.0ms/101.0ms)
[2024-07-05T15:12:45.712-0700][info][gc,phases   ] GC(25)   Pre Evacuate Collection Set: 0.6ms
[2024-07-05T15:12:45.712-0700][info][gc,phases   ] GC(25)   Merge Heap Roots: 0.5ms
[2024-07-05T15:12:45.712-0700][info][gc,phases   ] GC(25)   Evacuate Collection Set: 240.5ms
[2024-07-05T15:12:45.712-0700][info][gc,phases   ] GC(25)   Post Evacuate Collection Set: 0.7ms
[2024-07-05T15:12:45.712-0700][info][gc,phases   ] GC(25)   Other: 0.2ms
[2024-07-05T15:12:45.712-0700][info][gc,heap     ] GC(25) Eden regions: 178->0(178)
[2024-07-05T15:12:45.712-0700][info][gc,heap     ] GC(25) Survivor regions: 26->26(26)
[2024-07-05T15:12:45.712-0700][info][gc,heap     ] GC(25) Old regions: 2999->3173
[2024-07-05T15:12:45.712-0700][info][gc,heap     ] GC(25) Archive regions: 2->2
[2024-07-05T15:12:45.712-0700][info][gc,heap     ] GC(25) Humongous regions: 20->20
[2024-07-05T15:12:45.712-0700][info][gc,metaspace] GC(25) Metaspace: 302K(512K)->302K(512K) NonClass: 294K(384K)->294K(384K) Class: 7K(128K)->7K(128K)
[2024-07-05T15:12:45.712-0700][info][gc          ] GC(25) Pause Young (Prepare Mixed) (G1 Evacuation Pause) 6446M->6439M(8192M) 242.547ms
[2024-07-05T15:12:45.712-0700][info][gc,cpu      ] GC(25) User=0.45s Sys=0.49s Real=0.24s
[2024-07-05T15:16:12.622-0700][info][gc,start    ] GC(26) Pause Young (Mixed) (G1 Evacuation Pause)
[2024-07-05T15:16:12.622-0700][info][gc,task     ] GC(26) Using 4 workers of 4 for evacuation
[2024-07-05T15:16:12.907-0700][info][gc,mmu      ] GC(26) MMU target violated: 101.0ms (100.0ms/101.0ms)
[2024-07-05T15:16:12.908-0700][info][gc,phases   ] GC(26)   Pre Evacuate Collection Set: 0.4ms
[2024-07-05T15:16:12.908-0700][info][gc,phases   ] GC(26)   Merge Heap Roots: 0.4ms
[2024-07-05T15:16:12.908-0700][info][gc,phases   ] GC(26)   Evacuate Collection Set: 283.6ms
[2024-07-05T15:16:12.908-0700][info][gc,phases   ] GC(26)   Post Evacuate Collection Set: 0.8ms
[2024-07-05T15:16:12.908-0700][info][gc,phases   ] GC(26)   Other: 0.2ms
[2024-07-05T15:16:12.908-0700][info][gc,heap     ] GC(26) Eden regions: 178->0(178)
[2024-07-05T15:16:12.908-0700][info][gc,heap     ] GC(26) Survivor regions: 26->26(26)
[2024-07-05T15:16:12.908-0700][info][gc,heap     ] GC(26) Old regions: 3173->3223
[2024-07-05T15:16:12.908-0700][info][gc,heap     ] GC(26) Archive regions: 2->2
[2024-07-05T15:16:12.908-0700][info][gc,heap     ] GC(26) Humongous regions: 20->20
[2024-07-05T15:16:12.908-0700][info][gc,metaspace] GC(26) Metaspace: 302K(512K)->302K(512K) NonClass: 294K(384K)->294K(384K) Class: 7K(128K)->7K(128K)
[2024-07-05T15:16:12.908-0700][info][gc          ] GC(26) Pause Young (Mixed) (G1 Evacuation Pause) 6795M->6538M(8192M) 285.377ms
[2024-07-05T15:16:12.908-0700][info][gc,cpu      ] GC(26) User=0.50s Sys=0.62s Real=0.29s
[2024-07-05T15:19:38.433-0700][info][gc,start    ] GC(27) Pause Young (Mixed) (G1 Evacuation Pause)
[2024-07-05T15:19:38.433-0700][info][gc,task     ] GC(27) Using 4 workers of 4 for evacuation
[2024-07-05T15:19:38.629-0700][info][gc,mmu      ] GC(27) MMU target violated: 101.0ms (100.0ms/101.0ms)
[2024-07-05T15:19:38.629-0700][info][gc,phases   ] GC(27)   Pre Evacuate Collection Set: 0.5ms
[2024-07-05T15:19:38.629-0700][info][gc,phases   ] GC(27)   Merge Heap Roots: 0.4ms
[2024-07-05T15:19:38.629-0700][info][gc,phases   ] GC(27)   Evacuate Collection Set: 194.7ms
[2024-07-05T15:19:38.629-0700][info][gc,phases   ] GC(27)   Post Evacuate Collection Set: 0.7ms
[2024-07-05T15:19:38.629-0700][info][gc,phases   ] GC(27)   Other: 0.2ms
[2024-07-05T15:19:38.629-0700][info][gc,heap     ] GC(27) Eden regions: 178->0(178)
[2024-07-05T15:19:38.629-0700][info][gc,heap     ] GC(27) Survivor regions: 26->26(26)
[2024-07-05T15:19:38.629-0700][info][gc,heap     ] GC(27) Old regions: 3223->3284
[2024-07-05T15:19:38.629-0700][info][gc,heap     ] GC(27) Archive regions: 2->2
[2024-07-05T15:19:38.629-0700][info][gc,heap     ] GC(27) Humongous regions: 20->20
[2024-07-05T15:19:38.629-0700][info][gc,metaspace] GC(27) Metaspace: 302K(512K)->302K(512K) NonClass: 294K(384K)->294K(384K) Class: 7K(128K)->7K(128K)
[2024-07-05T15:19:38.629-0700][info][gc          ] GC(27) Pause Young (Mixed) (G1 Evacuation Pause) 6894M->6660M(8192M) 196.583ms
[2024-07-05T15:19:38.629-0700][info][gc,cpu      ] GC(27) User=0.45s Sys=0.29s Real=0.20s
[2024-07-05T15:23:55.517-0700][info][gc,start    ] GC(28) Pause Young (Mixed) (G1 Evacuation Pause)
[2024-07-05T15:23:55.517-0700][info][gc,task     ] GC(28) Using 4 workers of 4 for evacuation
[2024-07-05T15:23:55.710-0700][info][gc,mmu      ] GC(28) MMU target violated: 101.0ms (100.0ms/101.0ms)
[2024-07-05T15:23:55.710-0700][info][gc,phases   ] GC(28)   Pre Evacuate Collection Set: 0.5ms
[2024-07-05T15:23:55.710-0700][info][gc,phases   ] GC(28)   Merge Heap Roots: 0.5ms
[2024-07-05T15:23:55.710-0700][info][gc,phases   ] GC(28)   Evacuate Collection Set: 191.7ms
[2024-07-05T15:23:55.710-0700][info][gc,phases   ] GC(28)   Post Evacuate Collection Set: 0.7ms
[2024-07-05T15:23:55.710-0700][info][gc,phases   ] GC(28)   Other: 0.2ms
[2024-07-05T15:23:55.710-0700][info][gc,heap     ] GC(28) Eden regions: 178->0(178)
[2024-07-05T15:23:55.710-0700][info][gc,heap     ] GC(28) Survivor regions: 26->26(26)
[2024-07-05T15:23:55.710-0700][info][gc,heap     ] GC(28) Old regions: 3284->3353
[2024-07-05T15:23:55.710-0700][info][gc,heap     ] GC(28) Archive regions: 2->2
[2024-07-05T15:23:55.710-0700][info][gc,heap     ] GC(28) Humongous regions: 20->20
[2024-07-05T15:23:55.710-0700][info][gc,metaspace] GC(28) Metaspace: 302K(512K)->302K(512K) NonClass: 294K(384K)->294K(384K) Class: 7K(128K)->7K(128K)
[2024-07-05T15:23:55.710-0700][info][gc          ] GC(28) Pause Young (Mixed) (G1 Evacuation Pause) 7016M->6799M(8192M) 193.659ms
[2024-07-05T15:23:55.710-0700][info][gc,cpu      ] GC(28) User=0.40s Sys=0.32s Real=0.19s
[2024-07-05T15:27:59.833-0700][info][gc,start    ] GC(29) Pause Young (Mixed) (G1 Evacuation Pause)
[2024-07-05T15:27:59.833-0700][info][gc,task     ] GC(29) Using 4 workers of 4 for evacuation
[2024-07-05T15:28:00.096-0700][info][gc,mmu      ] GC(29) MMU target violated: 101.0ms (100.0ms/101.0ms)
[2024-07-05T15:28:00.097-0700][info][gc,phases   ] GC(29)   Pre Evacuate Collection Set: 0.6ms
[2024-07-05T15:28:00.097-0700][info][gc,phases   ] GC(29)   Merge Heap Roots: 0.6ms
[2024-07-05T15:28:00.097-0700][info][gc,phases   ] GC(29)   Evacuate Collection Set: 261.4ms
[2024-07-05T15:28:00.097-0700][info][gc,phases   ] GC(29)   Post Evacuate Collection Set: 1.0ms
[2024-07-05T15:28:00.097-0700][info][gc,phases   ] GC(29)   Other: 0.2ms
[2024-07-05T15:28:00.097-0700][info][gc,heap     ] GC(29) Eden regions: 178->0(178)
[2024-07-05T15:28:00.097-0700][info][gc,heap     ] GC(29) Survivor regions: 26->26(26)
[2024-07-05T15:28:00.097-0700][info][gc,heap     ] GC(29) Old regions: 3353->3431
[2024-07-05T15:28:00.097-0700][info][gc,heap     ] GC(29) Archive regions: 2->2
[2024-07-05T15:28:00.097-0700][info][gc,heap     ] GC(29) Humongous regions: 20->20
[2024-07-05T15:28:00.097-0700][info][gc,metaspace] GC(29) Metaspace: 302K(512K)->302K(512K) NonClass: 294K(384K)->294K(384K) Class: 7K(128K)->7K(128K)
[2024-07-05T15:28:00.097-0700][info][gc          ] GC(29) Pause Young (Mixed) (G1 Evacuation Pause) 7155M->6955M(8192M) 263.972ms
[2024-07-05T15:28:00.097-0700][info][gc,cpu      ] GC(29) User=0.62s Sys=0.33s Real=0.27s
[2024-07-05T15:28:14.394-0700][info][gc,heap,exit] Heap
[2024-07-05T15:28:14.394-0700][info][gc,heap,exit]  garbage-first heap   total 8388608K, used 7134310K [0x0000000600000000, 0x0000000800000000)
[2024-07-05T15:28:14.394-0700][info][gc,heap,exit]   region size 2048K, 33 young (67584K), 26 survivors (53248K)
[2024-07-05T15:28:14.394-0700][info][gc,heap,exit]  Metaspace       used 302K, committed 512K, reserved 1114112K
[2024-07-05T15:28:14.394-0700][info][gc,heap,exit]   class space    used 7K, committed 128K, reserved 1048576K
