[2024-07-05T10:52:42.410-0700][info][gc] Using G1
[2024-07-05T10:52:42.428-0700][info][gc,init] Version: 17.0.11+1-LTS (release)
[2024-07-05T10:52:42.428-0700][info][gc,init] CPUs: 4 total, 4 available
[2024-07-05T10:52:42.429-0700][info][gc,init] Memory: 15953M
[2024-07-05T10:52:42.429-0700][info][gc,init] Large Page Support: Disabled
[2024-07-05T10:52:42.429-0700][info][gc,init] NUMA Support: Disabled
[2024-07-05T10:52:42.429-0700][info][gc,init] Compressed Oops: Enabled (Zero based)
[2024-07-05T10:52:42.429-0700][info][gc,init] Heap Region Size: 2M
[2024-07-05T10:52:42.429-0700][info][gc,init] Heap Min Capacity: 4G
[2024-07-05T10:52:42.429-0700][info][gc,init] Heap Initial Capacity: 4G
[2024-07-05T10:52:42.429-0700][info][gc,init] Heap Max Capacity: 4G
[2024-07-05T10:52:42.429-0700][info][gc,init] Pre-touch: Disabled
[2024-07-05T10:52:42.429-0700][info][gc,init] Parallel Workers: 4
[2024-07-05T10:52:42.429-0700][info][gc,init] Concurrent Workers: 1
[2024-07-05T10:52:42.429-0700][info][gc,init] Concurrent Refinement Workers: 4
[2024-07-05T10:52:42.429-0700][info][gc,init] Periodic GC: Disabled
[2024-07-05T10:52:42.436-0700][info][gc,metaspace] CDS archive(s) mapped at: [0x00007fbf4f000000-0x00007fbf4fbbb000-0x00007fbf4fbbb000), size 12300288, SharedBaseAddress: 0x00007fbf4f000000, ArchiveRelocationMode: 1.
[2024-07-05T10:52:42.436-0700][info][gc,metaspace] Compressed class space mapped at: 0x00007fbf50000000-0x00007fbf90000000, reserved size: 1073741824
[2024-07-05T10:52:42.436-0700][info][gc,metaspace] Narrow klass base: 0x00007fbf4f000000, Narrow klass shift: 0, Narrow klass range: 0x100000000
[2024-07-05T10:52:42.796-0700][info][gc,start    ] GC(0) Pause Young (Normal) (G1 Evacuation Pause)
[2024-07-05T10:52:42.796-0700][info][gc,task     ] GC(0) Using 4 workers of 4 for evacuation
[2024-07-05T10:52:42.845-0700][info][gc,phases   ] GC(0)   Pre Evacuate Collection Set: 0.3ms
[2024-07-05T10:52:42.845-0700][info][gc,phases   ] GC(0)   Merge Heap Roots: 0.2ms
[2024-07-05T10:52:42.845-0700][info][gc,phases   ] GC(0)   Evacuate Collection Set: 46.8ms
[2024-07-05T10:52:42.845-0700][info][gc,phases   ] GC(0)   Post Evacuate Collection Set: 0.8ms
[2024-07-05T10:52:42.845-0700][info][gc,phases   ] GC(0)   Other: 0.9ms
[2024-07-05T10:52:42.845-0700][info][gc,heap     ] GC(0) Eden regions: 102->0(89)
[2024-07-05T10:52:42.845-0700][info][gc,heap     ] GC(0) Survivor regions: 0->13(13)
[2024-07-05T10:52:42.845-0700][info][gc,heap     ] GC(0) Old regions: 0->39
[2024-07-05T10:52:42.845-0700][info][gc,heap     ] GC(0) Archive regions: 2->2
[2024-07-05T10:52:42.845-0700][info][gc,heap     ] GC(0) Humongous regions: 0->0
[2024-07-05T10:52:42.845-0700][info][gc,metaspace] GC(0) Metaspace: 180K(384K)->180K(384K) NonClass: 173K(256K)->173K(256K) Class: 6K(128K)->6K(128K)
[2024-07-05T10:52:42.845-0700][info][gc          ] GC(0) Pause Young (Normal) (G1 Evacuation Pause) 205M->103M(4096M) 49.118ms
[2024-07-05T10:52:42.845-0700][info][gc,cpu      ] GC(0) User=0.07s Sys=0.10s Real=0.05s
[2024-07-05T10:52:43.467-0700][info][gc,start    ] GC(1) Pause Young (Normal) (G1 Evacuation Pause)
[2024-07-05T10:52:43.468-0700][info][gc,task     ] GC(1) Using 4 workers of 4 for evacuation
[2024-07-05T10:52:43.540-0700][info][gc,phases   ] GC(1)   Pre Evacuate Collection Set: 0.3ms
[2024-07-05T10:52:43.541-0700][info][gc,phases   ] GC(1)   Merge Heap Roots: 0.2ms
[2024-07-05T10:52:43.541-0700][info][gc,phases   ] GC(1)   Evacuate Collection Set: 71.9ms
[2024-07-05T10:52:43.541-0700][info][gc,phases   ] GC(1)   Post Evacuate Collection Set: 0.5ms
[2024-07-05T10:52:43.541-0700][info][gc,phases   ] GC(1)   Other: 0.1ms
[2024-07-05T10:52:43.541-0700][info][gc,heap     ] GC(1) Eden regions: 89->0(89)
[2024-07-05T10:52:43.541-0700][info][gc,heap     ] GC(1) Survivor regions: 13->13(13)
[2024-07-05T10:52:43.541-0700][info][gc,heap     ] GC(1) Old regions: 39->101
[2024-07-05T10:52:43.541-0700][info][gc,heap     ] GC(1) Archive regions: 2->2
[2024-07-05T10:52:43.541-0700][info][gc,heap     ] GC(1) Humongous regions: 0->0
[2024-07-05T10:52:43.541-0700][info][gc,metaspace] GC(1) Metaspace: 191K(384K)->191K(384K) NonClass: 184K(256K)->184K(256K) Class: 6K(128K)->6K(128K)
[2024-07-05T10:52:43.541-0700][info][gc          ] GC(1) Pause Young (Normal) (G1 Evacuation Pause) 281M->229M(4096M) 73.111ms
[2024-07-05T10:52:43.541-0700][info][gc,cpu      ] GC(1) User=0.14s Sys=0.14s Real=0.07s
[2024-07-05T10:52:44.647-0700][info][gc,start    ] GC(2) Pause Young (Normal) (G1 Evacuation Pause)
[2024-07-05T10:52:44.647-0700][info][gc,task     ] GC(2) Using 4 workers of 4 for evacuation
[2024-07-05T10:52:44.725-0700][info][gc,phases   ] GC(2)   Pre Evacuate Collection Set: 0.3ms
[2024-07-05T10:52:44.725-0700][info][gc,phases   ] GC(2)   Merge Heap Roots: 0.2ms
[2024-07-05T10:52:44.725-0700][info][gc,phases   ] GC(2)   Evacuate Collection Set: 76.6ms
[2024-07-05T10:52:44.725-0700][info][gc,phases   ] GC(2)   Post Evacuate Collection Set: 0.7ms
[2024-07-05T10:52:44.725-0700][info][gc,phases   ] GC(2)   Other: 0.2ms
[2024-07-05T10:52:44.725-0700][info][gc,heap     ] GC(2) Eden regions: 89->0(89)
[2024-07-05T10:52:44.725-0700][info][gc,heap     ] GC(2) Survivor regions: 13->13(13)
[2024-07-05T10:52:44.725-0700][info][gc,heap     ] GC(2) Old regions: 101->172
[2024-07-05T10:52:44.725-0700][info][gc,heap     ] GC(2) Archive regions: 2->2
[2024-07-05T10:52:44.725-0700][info][gc,heap     ] GC(2) Humongous regions: 1->1
[2024-07-05T10:52:44.725-0700][info][gc,metaspace] GC(2) Metaspace: 197K(384K)->197K(384K) NonClass: 190K(256K)->190K(256K) Class: 6K(128K)->6K(128K)
[2024-07-05T10:52:44.725-0700][info][gc          ] GC(2) Pause Young (Normal) (G1 Evacuation Pause) 409M->373M(4096M) 78.034ms
[2024-07-05T10:52:44.725-0700][info][gc,cpu      ] GC(2) User=0.11s Sys=0.18s Real=0.08s
[2024-07-05T10:52:46.273-0700][info][gc,start    ] GC(3) Pause Young (Normal) (G1 Evacuation Pause)
[2024-07-05T10:52:46.273-0700][info][gc,task     ] GC(3) Using 4 workers of 4 for evacuation
[2024-07-05T10:52:46.370-0700][info][gc,phases   ] GC(3)   Pre Evacuate Collection Set: 0.2ms
[2024-07-05T10:52:46.370-0700][info][gc,phases   ] GC(3)   Merge Heap Roots: 0.1ms
[2024-07-05T10:52:46.370-0700][info][gc,phases   ] GC(3)   Evacuate Collection Set: 96.3ms
[2024-07-05T10:52:46.370-0700][info][gc,phases   ] GC(3)   Post Evacuate Collection Set: 0.6ms
[2024-07-05T10:52:46.370-0700][info][gc,phases   ] GC(3)   Other: 0.1ms
[2024-07-05T10:52:46.370-0700][info][gc,heap     ] GC(3) Eden regions: 89->0(89)
[2024-07-05T10:52:46.370-0700][info][gc,heap     ] GC(3) Survivor regions: 13->13(13)
[2024-07-05T10:52:46.370-0700][info][gc,heap     ] GC(3) Old regions: 172->257
[2024-07-05T10:52:46.370-0700][info][gc,heap     ] GC(3) Archive regions: 2->2
[2024-07-05T10:52:46.370-0700][info][gc,heap     ] GC(3) Humongous regions: 3->3
[2024-07-05T10:52:46.370-0700][info][gc,metaspace] GC(3) Metaspace: 227K(448K)->227K(448K) NonClass: 220K(320K)->220K(320K) Class: 6K(128K)->6K(128K)
[2024-07-05T10:52:46.370-0700][info][gc          ] GC(3) Pause Young (Normal) (G1 Evacuation Pause) 555M->546M(4096M) 97.402ms
[2024-07-05T10:52:46.370-0700][info][gc,cpu      ] GC(3) User=0.16s Sys=0.21s Real=0.10s
[2024-07-05T10:52:48.362-0700][info][gc,start    ] GC(4) Pause Young (Normal) (G1 Evacuation Pause)
[2024-07-05T10:52:48.362-0700][info][gc,task     ] GC(4) Using 4 workers of 4 for evacuation
[2024-07-05T10:52:48.454-0700][info][gc,phases   ] GC(4)   Pre Evacuate Collection Set: 0.2ms
[2024-07-05T10:52:48.454-0700][info][gc,phases   ] GC(4)   Merge Heap Roots: 0.1ms
[2024-07-05T10:52:48.454-0700][info][gc,phases   ] GC(4)   Evacuate Collection Set: 90.9ms
[2024-07-05T10:52:48.454-0700][info][gc,phases   ] GC(4)   Post Evacuate Collection Set: 0.4ms
[2024-07-05T10:52:48.454-0700][info][gc,phases   ] GC(4)   Other: 0.1ms
[2024-07-05T10:52:48.454-0700][info][gc,heap     ] GC(4) Eden regions: 89->0(89)
[2024-07-05T10:52:48.454-0700][info][gc,heap     ] GC(4) Survivor regions: 13->13(13)
[2024-07-05T10:52:48.454-0700][info][gc,heap     ] GC(4) Old regions: 257->338
[2024-07-05T10:52:48.454-0700][info][gc,heap     ] GC(4) Archive regions: 2->2
[2024-07-05T10:52:48.454-0700][info][gc,heap     ] GC(4) Humongous regions: 3->3
[2024-07-05T10:52:48.454-0700][info][gc,metaspace] GC(4) Metaspace: 237K(448K)->237K(448K) NonClass: 230K(320K)->230K(320K) Class: 6K(128K)->6K(128K)
[2024-07-05T10:52:48.454-0700][info][gc          ] GC(4) Pause Young (Normal) (G1 Evacuation Pause) 724M->709M(4096M) 91.824ms
[2024-07-05T10:52:48.454-0700][info][gc,cpu      ] GC(4) User=0.15s Sys=0.20s Real=0.09s
[2024-07-05T10:52:51.091-0700][info][gc,start    ] GC(5) Pause Young (Normal) (G1 Evacuation Pause)
[2024-07-05T10:52:51.091-0700][info][gc,task     ] GC(5) Using 4 workers of 4 for evacuation
[2024-07-05T10:52:51.186-0700][info][gc,phases   ] GC(5)   Pre Evacuate Collection Set: 0.2ms
[2024-07-05T10:52:51.186-0700][info][gc,phases   ] GC(5)   Merge Heap Roots: 0.1ms
[2024-07-05T10:52:51.186-0700][info][gc,phases   ] GC(5)   Evacuate Collection Set: 94.4ms
[2024-07-05T10:52:51.186-0700][info][gc,phases   ] GC(5)   Post Evacuate Collection Set: 0.4ms
[2024-07-05T10:52:51.186-0700][info][gc,phases   ] GC(5)   Other: 0.1ms
[2024-07-05T10:52:51.186-0700][info][gc,heap     ] GC(5) Eden regions: 89->0(89)
[2024-07-05T10:52:51.186-0700][info][gc,heap     ] GC(5) Survivor regions: 13->13(13)
[2024-07-05T10:52:51.186-0700][info][gc,heap     ] GC(5) Old regions: 338->423
[2024-07-05T10:52:51.186-0700][info][gc,heap     ] GC(5) Archive regions: 2->2
[2024-07-05T10:52:51.186-0700][info][gc,heap     ] GC(5) Humongous regions: 5->5
[2024-07-05T10:52:51.186-0700][info][gc,metaspace] GC(5) Metaspace: 262K(448K)->262K(448K) NonClass: 255K(320K)->255K(320K) Class: 6K(128K)->6K(128K)
[2024-07-05T10:52:51.186-0700][info][gc          ] GC(5) Pause Young (Normal) (G1 Evacuation Pause) 891M->883M(4096M) 95.241ms
[2024-07-05T10:52:51.186-0700][info][gc,cpu      ] GC(5) User=0.19s Sys=0.18s Real=0.10s
[2024-07-05T10:52:54.386-0700][info][gc,start    ] GC(6) Pause Young (Normal) (G1 Evacuation Pause)
[2024-07-05T10:52:54.386-0700][info][gc,task     ] GC(6) Using 4 workers of 4 for evacuation
[2024-07-05T10:52:54.490-0700][info][gc,phases   ] GC(6)   Pre Evacuate Collection Set: 0.2ms
[2024-07-05T10:52:54.490-0700][info][gc,phases   ] GC(6)   Merge Heap Roots: 0.1ms
[2024-07-05T10:52:54.490-0700][info][gc,phases   ] GC(6)   Evacuate Collection Set: 104.0ms
[2024-07-05T10:52:54.490-0700][info][gc,phases   ] GC(6)   Post Evacuate Collection Set: 0.4ms
[2024-07-05T10:52:54.490-0700][info][gc,phases   ] GC(6)   Other: 0.1ms
[2024-07-05T10:52:54.490-0700][info][gc,heap     ] GC(6) Eden regions: 89->0(89)
[2024-07-05T10:52:54.490-0700][info][gc,heap     ] GC(6) Survivor regions: 13->13(13)
[2024-07-05T10:52:54.490-0700][info][gc,heap     ] GC(6) Old regions: 423->506
[2024-07-05T10:52:54.490-0700][info][gc,heap     ] GC(6) Archive regions: 2->2
[2024-07-05T10:52:54.490-0700][info][gc,heap     ] GC(6) Humongous regions: 5->5
[2024-07-05T10:52:54.490-0700][info][gc,metaspace] GC(6) Metaspace: 265K(448K)->265K(448K) NonClass: 258K(320K)->258K(320K) Class: 6K(128K)->6K(128K)
[2024-07-05T10:52:54.490-0700][info][gc          ] GC(6) Pause Young (Normal) (G1 Evacuation Pause) 1061M->1048M(4096M) 104.958ms
[2024-07-05T10:52:54.490-0700][info][gc,cpu      ] GC(6) User=0.18s Sys=0.22s Real=0.10s
[2024-07-05T10:52:59.890-0700][info][gc,start    ] GC(7) Pause Young (Normal) (G1 Evacuation Pause)
[2024-07-05T10:52:59.890-0700][info][gc,task     ] GC(7) Using 4 workers of 4 for evacuation
[2024-07-05T10:52:59.982-0700][info][gc,phases   ] GC(7)   Pre Evacuate Collection Set: 0.3ms
[2024-07-05T10:52:59.982-0700][info][gc,phases   ] GC(7)   Merge Heap Roots: 0.2ms
[2024-07-05T10:52:59.982-0700][info][gc,phases   ] GC(7)   Evacuate Collection Set: 91.5ms
[2024-07-05T10:52:59.982-0700][info][gc,phases   ] GC(7)   Post Evacuate Collection Set: 0.4ms
[2024-07-05T10:52:59.982-0700][info][gc,phases   ] GC(7)   Other: 0.1ms
[2024-07-05T10:52:59.982-0700][info][gc,heap     ] GC(7) Eden regions: 89->0(89)
[2024-07-05T10:52:59.982-0700][info][gc,heap     ] GC(7) Survivor regions: 13->13(13)
[2024-07-05T10:52:59.982-0700][info][gc,heap     ] GC(7) Old regions: 506->587
[2024-07-05T10:52:59.982-0700][info][gc,heap     ] GC(7) Archive regions: 2->2
[2024-07-05T10:52:59.982-0700][info][gc,heap     ] GC(7) Humongous regions: 5->5
[2024-07-05T10:52:59.982-0700][info][gc,metaspace] GC(7) Metaspace: 265K(448K)->265K(448K) NonClass: 258K(320K)->258K(320K) Class: 6K(128K)->6K(128K)
[2024-07-05T10:52:59.982-0700][info][gc          ] GC(7) Pause Young (Normal) (G1 Evacuation Pause) 1226M->1211M(4096M) 92.460ms
[2024-07-05T10:52:59.982-0700][info][gc,cpu      ] GC(7) User=0.16s Sys=0.19s Real=0.09s
[2024-07-05T10:53:05.960-0700][info][gc,start    ] GC(8) Pause Young (Normal) (G1 Evacuation Pause)
[2024-07-05T10:53:05.960-0700][info][gc,task     ] GC(8) Using 4 workers of 4 for evacuation
[2024-07-05T10:53:06.058-0700][info][gc,phases   ] GC(8)   Pre Evacuate Collection Set: 0.2ms
[2024-07-05T10:53:06.058-0700][info][gc,phases   ] GC(8)   Merge Heap Roots: 0.1ms
[2024-07-05T10:53:06.058-0700][info][gc,phases   ] GC(8)   Evacuate Collection Set: 97.8ms
[2024-07-05T10:53:06.058-0700][info][gc,phases   ] GC(8)   Post Evacuate Collection Set: 0.4ms
[2024-07-05T10:53:06.058-0700][info][gc,phases   ] GC(8)   Other: 0.1ms
[2024-07-05T10:53:06.058-0700][info][gc,heap     ] GC(8) Eden regions: 89->0(89)
[2024-07-05T10:53:06.058-0700][info][gc,heap     ] GC(8) Survivor regions: 13->13(13)
[2024-07-05T10:53:06.058-0700][info][gc,heap     ] GC(8) Old regions: 587->679
[2024-07-05T10:53:06.058-0700][info][gc,heap     ] GC(8) Archive regions: 2->2
[2024-07-05T10:53:06.058-0700][info][gc,heap     ] GC(8) Humongous regions: 8->8
[2024-07-05T10:53:06.058-0700][info][gc,metaspace] GC(8) Metaspace: 270K(512K)->270K(512K) NonClass: 263K(384K)->263K(384K) Class: 6K(128K)->6K(128K)
[2024-07-05T10:53:06.058-0700][info][gc          ] GC(8) Pause Young (Normal) (G1 Evacuation Pause) 1395M->1400M(4096M) 98.675ms
[2024-07-05T10:53:06.058-0700][info][gc,cpu      ] GC(8) User=0.16s Sys=0.23s Real=0.10s
[2024-07-05T10:53:14.066-0700][info][gc,start    ] GC(9) Pause Young (Normal) (G1 Evacuation Pause)
[2024-07-05T10:53:14.066-0700][info][gc,task     ] GC(9) Using 4 workers of 4 for evacuation
[2024-07-05T10:53:14.160-0700][info][gc,phases   ] GC(9)   Pre Evacuate Collection Set: 0.2ms
[2024-07-05T10:53:14.160-0700][info][gc,phases   ] GC(9)   Merge Heap Roots: 0.1ms
[2024-07-05T10:53:14.160-0700][info][gc,phases   ] GC(9)   Evacuate Collection Set: 93.4ms
[2024-07-05T10:53:14.160-0700][info][gc,phases   ] GC(9)   Post Evacuate Collection Set: 0.3ms
[2024-07-05T10:53:14.160-0700][info][gc,phases   ] GC(9)   Other: 0.1ms
[2024-07-05T10:53:14.160-0700][info][gc,heap     ] GC(9) Eden regions: 89->0(89)
[2024-07-05T10:53:14.160-0700][info][gc,heap     ] GC(9) Survivor regions: 13->13(13)
[2024-07-05T10:53:14.160-0700][info][gc,heap     ] GC(9) Old regions: 679->764
[2024-07-05T10:53:14.160-0700][info][gc,heap     ] GC(9) Archive regions: 2->2
[2024-07-05T10:53:14.160-0700][info][gc,heap     ] GC(9) Humongous regions: 8->8
[2024-07-05T10:53:14.160-0700][info][gc,metaspace] GC(9) Metaspace: 270K(512K)->270K(512K) NonClass: 263K(384K)->263K(384K) Class: 6K(128K)->6K(128K)
[2024-07-05T10:53:14.160-0700][info][gc          ] GC(9) Pause Young (Normal) (G1 Evacuation Pause) 1578M->1570M(4096M) 94.168ms
[2024-07-05T10:53:14.160-0700][info][gc,cpu      ] GC(9) User=0.14s Sys=0.21s Real=0.09s
[2024-07-05T10:53:22.426-0700][info][gc,start    ] GC(10) Pause Young (Normal) (G1 Evacuation Pause)
[2024-07-05T10:53:22.426-0700][info][gc,task     ] GC(10) Using 4 workers of 4 for evacuation
[2024-07-05T10:53:22.524-0700][info][gc,phases   ] GC(10)   Pre Evacuate Collection Set: 0.4ms
[2024-07-05T10:53:22.524-0700][info][gc,phases   ] GC(10)   Merge Heap Roots: 0.1ms
[2024-07-05T10:53:22.524-0700][info][gc,phases   ] GC(10)   Evacuate Collection Set: 97.3ms
[2024-07-05T10:53:22.524-0700][info][gc,phases   ] GC(10)   Post Evacuate Collection Set: 0.4ms
[2024-07-05T10:53:22.524-0700][info][gc,phases   ] GC(10)   Other: 0.1ms
[2024-07-05T10:53:22.524-0700][info][gc,heap     ] GC(10) Eden regions: 89->0(89)
[2024-07-05T10:53:22.524-0700][info][gc,heap     ] GC(10) Survivor regions: 13->13(13)
[2024-07-05T10:53:22.524-0700][info][gc,heap     ] GC(10) Old regions: 764->847
[2024-07-05T10:53:22.524-0700][info][gc,heap     ] GC(10) Archive regions: 2->2
[2024-07-05T10:53:22.524-0700][info][gc,heap     ] GC(10) Humongous regions: 8->8
[2024-07-05T10:53:22.524-0700][info][gc,metaspace] GC(10) Metaspace: 271K(512K)->271K(512K) NonClass: 264K(384K)->264K(384K) Class: 6K(128K)->6K(128K)
[2024-07-05T10:53:22.524-0700][info][gc          ] GC(10) Pause Young (Normal) (G1 Evacuation Pause) 1748M->1737M(4096M) 98.508ms
[2024-07-05T10:53:22.524-0700][info][gc,cpu      ] GC(10) User=0.15s Sys=0.22s Real=0.10s
[2024-07-05T10:53:33.917-0700][info][gc,start    ] GC(11) Pause Young (Normal) (G1 Evacuation Pause)
[2024-07-05T10:53:33.917-0700][info][gc,task     ] GC(11) Using 4 workers of 4 for evacuation
[2024-07-05T10:53:34.010-0700][info][gc,phases   ] GC(11)   Pre Evacuate Collection Set: 0.3ms
[2024-07-05T10:53:34.010-0700][info][gc,phases   ] GC(11)   Merge Heap Roots: 0.2ms
[2024-07-05T10:53:34.010-0700][info][gc,phases   ] GC(11)   Evacuate Collection Set: 91.7ms
[2024-07-05T10:53:34.010-0700][info][gc,phases   ] GC(11)   Post Evacuate Collection Set: 0.5ms
[2024-07-05T10:53:34.010-0700][info][gc,phases   ] GC(11)   Other: 0.1ms
[2024-07-05T10:53:34.010-0700][info][gc,heap     ] GC(11) Eden regions: 89->0(89)
[2024-07-05T10:53:34.010-0700][info][gc,heap     ] GC(11) Survivor regions: 13->13(13)
[2024-07-05T10:53:34.010-0700][info][gc,heap     ] GC(11) Old regions: 847->931
[2024-07-05T10:53:34.010-0700][info][gc,heap     ] GC(11) Archive regions: 2->2
[2024-07-05T10:53:34.010-0700][info][gc,heap     ] GC(11) Humongous regions: 8->8
[2024-07-05T10:53:34.010-0700][info][gc,metaspace] GC(11) Metaspace: 271K(512K)->271K(512K) NonClass: 264K(384K)->264K(384K) Class: 6K(128K)->6K(128K)
[2024-07-05T10:53:34.010-0700][info][gc          ] GC(11) Pause Young (Normal) (G1 Evacuation Pause) 1915M->1905M(4096M) 92.835ms
[2024-07-05T10:53:34.010-0700][info][gc,cpu      ] GC(11) User=0.13s Sys=0.22s Real=0.09s
[2024-07-05T10:53:47.570-0700][info][gc,start    ] GC(12) Pause Young (Concurrent Start) (G1 Evacuation Pause)
[2024-07-05T10:53:47.570-0700][info][gc,task     ] GC(12) Using 4 workers of 4 for evacuation
[2024-07-05T10:53:47.663-0700][info][gc,phases   ] GC(12)   Pre Evacuate Collection Set: 0.2ms
[2024-07-05T10:53:47.663-0700][info][gc,phases   ] GC(12)   Merge Heap Roots: 0.1ms
[2024-07-05T10:53:47.663-0700][info][gc,phases   ] GC(12)   Evacuate Collection Set: 92.2ms
[2024-07-05T10:53:47.663-0700][info][gc,phases   ] GC(12)   Post Evacuate Collection Set: 0.4ms
[2024-07-05T10:53:47.663-0700][info][gc,phases   ] GC(12)   Other: 0.3ms
[2024-07-05T10:53:47.663-0700][info][gc,heap     ] GC(12) Eden regions: 89->0(89)
[2024-07-05T10:53:47.663-0700][info][gc,heap     ] GC(12) Survivor regions: 13->13(13)
[2024-07-05T10:53:47.663-0700][info][gc,heap     ] GC(12) Old regions: 931->1016
[2024-07-05T10:53:47.663-0700][info][gc,heap     ] GC(12) Archive regions: 2->2
[2024-07-05T10:53:47.663-0700][info][gc,heap     ] GC(12) Humongous regions: 8->8
[2024-07-05T10:53:47.663-0700][info][gc,metaspace] GC(12) Metaspace: 278K(512K)->278K(512K) NonClass: 272K(384K)->272K(384K) Class: 6K(128K)->6K(128K)
[2024-07-05T10:53:47.663-0700][info][gc          ] GC(12) Pause Young (Concurrent Start) (G1 Evacuation Pause) 2083M->2074M(4096M) 93.371ms
[2024-07-05T10:53:47.663-0700][info][gc,cpu      ] GC(12) User=0.15s Sys=0.21s Real=0.10s
[2024-07-05T10:53:47.663-0700][info][gc          ] GC(13) Concurrent Mark Cycle
[2024-07-05T10:53:47.663-0700][info][gc,marking  ] GC(13) Concurrent Clear Claimed Marks
[2024-07-05T10:53:47.663-0700][info][gc,marking  ] GC(13) Concurrent Clear Claimed Marks 0.006ms
[2024-07-05T10:53:47.663-0700][info][gc,marking  ] GC(13) Concurrent Scan Root Regions
[2024-07-05T10:53:47.672-0700][info][gc,marking  ] GC(13) Concurrent Scan Root Regions 9.229ms
[2024-07-05T10:53:47.672-0700][info][gc,marking  ] GC(13) Concurrent Mark
[2024-07-05T10:53:47.672-0700][info][gc,marking  ] GC(13) Concurrent Mark From Roots
[2024-07-05T10:53:47.672-0700][info][gc,task     ] GC(13) Using 1 workers of 1 for marking
[2024-07-05T10:53:47.899-0700][info][gc,marking  ] GC(13) Concurrent Mark From Roots 226.614ms
[2024-07-05T10:53:47.899-0700][info][gc,marking  ] GC(13) Concurrent Preclean
[2024-07-05T10:53:47.899-0700][info][gc,marking  ] GC(13) Concurrent Preclean 0.058ms
[2024-07-05T10:54:10.735-0700][info][gc,start    ] GC(13) Pause Remark
[2024-07-05T10:54:10.738-0700][info][gc          ] GC(13) Pause Remark 2075M->2065M(4096M) 2.598ms
[2024-07-05T10:54:10.738-0700][info][gc,cpu      ] GC(13) User=0.00s Sys=0.00s Real=0.00s
[2024-07-05T10:54:10.738-0700][info][gc,marking  ] GC(13) Concurrent Mark 23065.735ms
[2024-07-05T10:54:10.738-0700][info][gc,marking  ] GC(13) Concurrent Rebuild Remembered Sets
[2024-07-05T10:54:10.953-0700][info][gc,marking  ] GC(13) Concurrent Rebuild Remembered Sets 214.724ms
[2024-07-05T10:54:10.974-0700][info][gc,start    ] GC(13) Pause Cleanup
[2024-07-05T10:54:10.975-0700][info][gc          ] GC(13) Pause Cleanup 2074M->2074M(4096M) 0.740ms
[2024-07-05T10:54:10.975-0700][info][gc,cpu      ] GC(13) User=0.01s Sys=0.00s Real=0.00s
[2024-07-05T10:54:10.975-0700][info][gc,marking  ] GC(13) Concurrent Cleanup for Next Mark
[2024-07-05T10:54:11.008-0700][info][gc,marking  ] GC(13) Concurrent Cleanup for Next Mark 33.439ms
[2024-07-05T10:54:11.008-0700][info][gc          ] GC(13) Concurrent Mark Cycle 23345.250ms
[2024-07-05T10:54:26.029-0700][info][gc,start    ] GC(14) Pause Young (Prepare Mixed) (G1 Evacuation Pause)
[2024-07-05T10:54:26.029-0700][info][gc,task     ] GC(14) Using 4 workers of 4 for evacuation
[2024-07-05T10:54:26.126-0700][info][gc,phases   ] GC(14)   Pre Evacuate Collection Set: 0.3ms
[2024-07-05T10:54:26.126-0700][info][gc,phases   ] GC(14)   Merge Heap Roots: 0.1ms
[2024-07-05T10:54:26.126-0700][info][gc,phases   ] GC(14)   Evacuate Collection Set: 96.1ms
[2024-07-05T10:54:26.126-0700][info][gc,phases   ] GC(14)   Post Evacuate Collection Set: 0.5ms
[2024-07-05T10:54:26.126-0700][info][gc,phases   ] GC(14)   Other: 0.1ms
[2024-07-05T10:54:26.126-0700][info][gc,heap     ] GC(14) Eden regions: 89->0(89)
[2024-07-05T10:54:26.126-0700][info][gc,heap     ] GC(14) Survivor regions: 13->13(13)
[2024-07-05T10:54:26.126-0700][info][gc,heap     ] GC(14) Old regions: 1016->1105
[2024-07-05T10:54:26.126-0700][info][gc,heap     ] GC(14) Archive regions: 2->2
[2024-07-05T10:54:26.126-0700][info][gc,heap     ] GC(14) Humongous regions: 7->7
[2024-07-05T10:54:26.126-0700][info][gc,metaspace] GC(14) Metaspace: 282K(512K)->282K(512K) NonClass: 275K(384K)->275K(384K) Class: 6K(128K)->6K(128K)
[2024-07-05T10:54:26.126-0700][info][gc          ] GC(14) Pause Young (Prepare Mixed) (G1 Evacuation Pause) 2250M->2251M(4096M) 97.160ms
[2024-07-05T10:54:26.126-0700][info][gc,cpu      ] GC(14) User=0.18s Sys=0.19s Real=0.10s
[2024-07-05T10:54:42.714-0700][info][gc,start    ] GC(15) Pause Young (Mixed) (G1 Evacuation Pause)
[2024-07-05T10:54:42.714-0700][info][gc,task     ] GC(15) Using 4 workers of 4 for evacuation
[2024-07-05T10:54:42.845-0700][info][gc,phases   ] GC(15)   Pre Evacuate Collection Set: 0.3ms
[2024-07-05T10:54:42.845-0700][info][gc,phases   ] GC(15)   Merge Heap Roots: 0.1ms
[2024-07-05T10:54:42.845-0700][info][gc,phases   ] GC(15)   Evacuate Collection Set: 129.1ms
[2024-07-05T10:54:42.845-0700][info][gc,phases   ] GC(15)   Post Evacuate Collection Set: 1.0ms
[2024-07-05T10:54:42.845-0700][info][gc,phases   ] GC(15)   Other: 0.1ms
[2024-07-05T10:54:42.845-0700][info][gc,heap     ] GC(15) Eden regions: 89->0(89)
[2024-07-05T10:54:42.845-0700][info][gc,heap     ] GC(15) Survivor regions: 13->13(13)
[2024-07-05T10:54:42.845-0700][info][gc,heap     ] GC(15) Old regions: 1105->1138
[2024-07-05T10:54:42.845-0700][info][gc,heap     ] GC(15) Archive regions: 2->2
[2024-07-05T10:54:42.845-0700][info][gc,heap     ] GC(15) Humongous regions: 7->7
[2024-07-05T10:54:42.845-0700][info][gc,metaspace] GC(15) Metaspace: 291K(512K)->291K(512K) NonClass: 284K(384K)->284K(384K) Class: 6K(128K)->6K(128K)
[2024-07-05T10:54:42.845-0700][info][gc          ] GC(15) Pause Young (Mixed) (G1 Evacuation Pause) 2429M->2316M(4096M) 130.803ms
[2024-07-05T10:54:42.845-0700][info][gc,cpu      ] GC(15) User=0.23s Sys=0.27s Real=0.14s
[2024-07-05T10:54:56.478-0700][info][gc,start    ] GC(16) Pause Young (Mixed) (G1 Evacuation Pause)
[2024-07-05T10:54:56.478-0700][info][gc,task     ] GC(16) Using 4 workers of 4 for evacuation
[2024-07-05T10:54:56.557-0700][info][gc,phases   ] GC(16)   Pre Evacuate Collection Set: 0.3ms
[2024-07-05T10:54:56.557-0700][info][gc,phases   ] GC(16)   Merge Heap Roots: 0.1ms
[2024-07-05T10:54:56.557-0700][info][gc,phases   ] GC(16)   Evacuate Collection Set: 77.9ms
[2024-07-05T10:54:56.557-0700][info][gc,phases   ] GC(16)   Post Evacuate Collection Set: 0.5ms
[2024-07-05T10:54:56.557-0700][info][gc,phases   ] GC(16)   Other: 0.1ms
[2024-07-05T10:54:56.557-0700][info][gc,heap     ] GC(16) Eden regions: 89->0(89)
[2024-07-05T10:54:56.557-0700][info][gc,heap     ] GC(16) Survivor regions: 13->13(13)
[2024-07-05T10:54:56.557-0700][info][gc,heap     ] GC(16) Old regions: 1138->1174
[2024-07-05T10:54:56.557-0700][info][gc,heap     ] GC(16) Archive regions: 2->2
[2024-07-05T10:54:56.557-0700][info][gc,heap     ] GC(16) Humongous regions: 7->7
[2024-07-05T10:54:56.557-0700][info][gc,metaspace] GC(16) Metaspace: 291K(512K)->291K(512K) NonClass: 284K(384K)->284K(384K) Class: 6K(128K)->6K(128K)
[2024-07-05T10:54:56.557-0700][info][gc          ] GC(16) Pause Young (Mixed) (G1 Evacuation Pause) 2494M->2389M(4096M) 78.981ms
[2024-07-05T10:54:56.557-0700][info][gc,cpu      ] GC(16) User=0.14s Sys=0.15s Real=0.08s
[2024-07-05T10:55:12.611-0700][info][gc,start    ] GC(17) Pause Young (Mixed) (G1 Evacuation Pause)
[2024-07-05T10:55:12.611-0700][info][gc,task     ] GC(17) Using 4 workers of 4 for evacuation
[2024-07-05T10:55:12.693-0700][info][gc,phases   ] GC(17)   Pre Evacuate Collection Set: 0.3ms
[2024-07-05T10:55:12.693-0700][info][gc,phases   ] GC(17)   Merge Heap Roots: 0.2ms
[2024-07-05T10:55:12.693-0700][info][gc,phases   ] GC(17)   Evacuate Collection Set: 80.4ms
[2024-07-05T10:55:12.693-0700][info][gc,phases   ] GC(17)   Post Evacuate Collection Set: 0.7ms
[2024-07-05T10:55:12.693-0700][info][gc,phases   ] GC(17)   Other: 0.2ms
[2024-07-05T10:55:12.693-0700][info][gc,heap     ] GC(17) Eden regions: 89->0(89)
[2024-07-05T10:55:12.693-0700][info][gc,heap     ] GC(17) Survivor regions: 13->13(13)
[2024-07-05T10:55:12.693-0700][info][gc,heap     ] GC(17) Old regions: 1174->1214
[2024-07-05T10:55:12.693-0700][info][gc,heap     ] GC(17) Archive regions: 2->2
[2024-07-05T10:55:12.693-0700][info][gc,heap     ] GC(17) Humongous regions: 7->7
[2024-07-05T10:55:12.693-0700][info][gc,metaspace] GC(17) Metaspace: 296K(512K)->296K(512K) NonClass: 289K(384K)->289K(384K) Class: 6K(128K)->6K(128K)
[2024-07-05T10:55:12.693-0700][info][gc          ] GC(17) Pause Young (Mixed) (G1 Evacuation Pause) 2567M->2469M(4096M) 82.021ms
[2024-07-05T10:55:12.693-0700][info][gc,cpu      ] GC(17) User=0.18s Sys=0.14s Real=0.08s
[2024-07-05T10:55:37.615-0700][info][gc,start    ] GC(18) Pause Young (Mixed) (G1 Evacuation Pause)
[2024-07-05T10:55:37.615-0700][info][gc,task     ] GC(18) Using 4 workers of 4 for evacuation
[2024-07-05T10:55:37.691-0700][info][gc,phases   ] GC(18)   Pre Evacuate Collection Set: 0.2ms
[2024-07-05T10:55:37.691-0700][info][gc,phases   ] GC(18)   Merge Heap Roots: 0.1ms
[2024-07-05T10:55:37.691-0700][info][gc,phases   ] GC(18)   Evacuate Collection Set: 74.1ms
[2024-07-05T10:55:37.691-0700][info][gc,phases   ] GC(18)   Post Evacuate Collection Set: 0.6ms
[2024-07-05T10:55:37.691-0700][info][gc,phases   ] GC(18)   Other: 0.1ms
[2024-07-05T10:55:37.691-0700][info][gc,heap     ] GC(18) Eden regions: 89->0(89)
[2024-07-05T10:55:37.691-0700][info][gc,heap     ] GC(18) Survivor regions: 13->13(13)
[2024-07-05T10:55:37.691-0700][info][gc,heap     ] GC(18) Old regions: 1214->1256
[2024-07-05T10:55:37.691-0700][info][gc,heap     ] GC(18) Archive regions: 2->2
[2024-07-05T10:55:37.691-0700][info][gc,heap     ] GC(18) Humongous regions: 7->7
[2024-07-05T10:55:37.691-0700][info][gc,metaspace] GC(18) Metaspace: 296K(512K)->296K(512K) NonClass: 289K(384K)->289K(384K) Class: 6K(128K)->6K(128K)
[2024-07-05T10:55:37.691-0700][info][gc          ] GC(18) Pause Young (Mixed) (G1 Evacuation Pause) 2647M->2553M(4096M) 75.209ms
[2024-07-05T10:55:37.691-0700][info][gc,cpu      ] GC(18) User=0.17s Sys=0.11s Real=0.07s
[2024-07-05T10:56:02.031-0700][info][gc,start    ] GC(19) Pause Young (Mixed) (G1 Evacuation Pause)
[2024-07-05T10:56:02.031-0700][info][gc,task     ] GC(19) Using 4 workers of 4 for evacuation
[2024-07-05T10:56:02.128-0700][info][gc,phases   ] GC(19)   Pre Evacuate Collection Set: 0.2ms
[2024-07-05T10:56:02.128-0700][info][gc,phases   ] GC(19)   Merge Heap Roots: 0.1ms
[2024-07-05T10:56:02.128-0700][info][gc,phases   ] GC(19)   Evacuate Collection Set: 93.9ms
[2024-07-05T10:56:02.128-0700][info][gc,phases   ] GC(19)   Merge Optional Heap Roots: 0.1ms
[2024-07-05T10:56:02.128-0700][info][gc,phases   ] GC(19)   Evacuate Optional Collection Set: 2.0ms
[2024-07-05T10:56:02.128-0700][info][gc,phases   ] GC(19)   Post Evacuate Collection Set: 0.5ms
[2024-07-05T10:56:02.128-0700][info][gc,phases   ] GC(19)   Other: 0.1ms
[2024-07-05T10:56:02.128-0700][info][gc,heap     ] GC(19) Eden regions: 89->0(89)
[2024-07-05T10:56:02.128-0700][info][gc,heap     ] GC(19) Survivor regions: 13->13(13)
[2024-07-05T10:56:02.128-0700][info][gc,heap     ] GC(19) Old regions: 1256->1300
[2024-07-05T10:56:02.128-0700][info][gc,heap     ] GC(19) Archive regions: 2->2
[2024-07-05T10:56:02.128-0700][info][gc,heap     ] GC(19) Humongous regions: 7->7
[2024-07-05T10:56:02.128-0700][info][gc,metaspace] GC(19) Metaspace: 296K(512K)->296K(512K) NonClass: 289K(384K)->289K(384K) Class: 6K(128K)->6K(128K)
[2024-07-05T10:56:02.128-0700][info][gc          ] GC(19) Pause Young (Mixed) (G1 Evacuation Pause) 2731M->2640M(4096M) 96.923ms
[2024-07-05T10:56:02.128-0700][info][gc,cpu      ] GC(19) User=0.25s Sys=0.12s Real=0.10s
[2024-07-05T10:56:22.376-0700][info][gc,start    ] GC(20) Pause Young (Mixed) (G1 Evacuation Pause)
[2024-07-05T10:56:22.376-0700][info][gc,task     ] GC(20) Using 4 workers of 4 for evacuation
[2024-07-05T10:56:22.467-0700][info][gc,phases   ] GC(20)   Pre Evacuate Collection Set: 0.3ms
[2024-07-05T10:56:22.467-0700][info][gc,phases   ] GC(20)   Merge Heap Roots: 0.2ms
[2024-07-05T10:56:22.467-0700][info][gc,phases   ] GC(20)   Evacuate Collection Set: 83.2ms
[2024-07-05T10:56:22.467-0700][info][gc,phases   ] GC(20)   Merge Optional Heap Roots: 0.1ms
[2024-07-05T10:56:22.467-0700][info][gc,phases   ] GC(20)   Evacuate Optional Collection Set: 7.1ms
[2024-07-05T10:56:22.467-0700][info][gc,phases   ] GC(20)   Post Evacuate Collection Set: 0.6ms
[2024-07-05T10:56:22.467-0700][info][gc,phases   ] GC(20)   Other: 0.1ms
[2024-07-05T10:56:22.467-0700][info][gc,heap     ] GC(20) Eden regions: 89->0(89)
[2024-07-05T10:56:22.467-0700][info][gc,heap     ] GC(20) Survivor regions: 13->13(13)
[2024-07-05T10:56:22.467-0700][info][gc,heap     ] GC(20) Old regions: 1300->1337
[2024-07-05T10:56:22.467-0700][info][gc,heap     ] GC(20) Archive regions: 2->2
[2024-07-05T10:56:22.467-0700][info][gc,heap     ] GC(20) Humongous regions: 7->7
[2024-07-05T10:56:22.467-0700][info][gc,metaspace] GC(20) Metaspace: 301K(512K)->301K(512K) NonClass: 294K(384K)->294K(384K) Class: 7K(128K)->7K(128K)
[2024-07-05T10:56:22.467-0700][info][gc          ] GC(20) Pause Young (Mixed) (G1 Evacuation Pause) 2818M->2715M(4096M) 91.665ms
[2024-07-05T10:56:22.467-0700][info][gc,cpu      ] GC(20) User=0.17s Sys=0.17s Real=0.09s
[2024-07-05T10:56:41.203-0700][info][gc,start    ] GC(21) Pause Young (Mixed) (G1 Evacuation Pause)
[2024-07-05T10:56:41.203-0700][info][gc,task     ] GC(21) Using 4 workers of 4 for evacuation
[2024-07-05T10:56:41.301-0700][info][gc,phases   ] GC(21)   Pre Evacuate Collection Set: 0.2ms
[2024-07-05T10:56:41.301-0700][info][gc,phases   ] GC(21)   Merge Heap Roots: 0.2ms
[2024-07-05T10:56:41.301-0700][info][gc,phases   ] GC(21)   Evacuate Collection Set: 88.5ms
[2024-07-05T10:56:41.301-0700][info][gc,phases   ] GC(21)   Merge Optional Heap Roots: 0.2ms
[2024-07-05T10:56:41.301-0700][info][gc,phases   ] GC(21)   Evacuate Optional Collection Set: 8.2ms
[2024-07-05T10:56:41.301-0700][info][gc,phases   ] GC(21)   Post Evacuate Collection Set: 0.6ms
[2024-07-05T10:56:41.301-0700][info][gc,phases   ] GC(21)   Other: 0.1ms
[2024-07-05T10:56:41.301-0700][info][gc,heap     ] GC(21) Eden regions: 89->0(89)
[2024-07-05T10:56:41.301-0700][info][gc,heap     ] GC(21) Survivor regions: 13->13(13)
[2024-07-05T10:56:41.301-0700][info][gc,heap     ] GC(21) Old regions: 1337->1384
[2024-07-05T10:56:41.301-0700][info][gc,heap     ] GC(21) Archive regions: 2->2
[2024-07-05T10:56:41.301-0700][info][gc,heap     ] GC(21) Humongous regions: 13->13
[2024-07-05T10:56:41.301-0700][info][gc,metaspace] GC(21) Metaspace: 301K(512K)->301K(512K) NonClass: 294K(384K)->294K(384K) Class: 7K(128K)->7K(128K)
[2024-07-05T10:56:41.301-0700][info][gc          ] GC(21) Pause Young (Mixed) (G1 Evacuation Pause) 2905M->2821M(4096M) 98.094ms
[2024-07-05T10:56:41.301-0700][info][gc,cpu      ] GC(21) User=0.21s Sys=0.16s Real=0.09s
[2024-07-05T10:56:57.573-0700][info][gc,start    ] GC(22) Pause Young (Mixed) (G1 Evacuation Pause)
[2024-07-05T10:56:57.573-0700][info][gc,task     ] GC(22) Using 4 workers of 4 for evacuation
[2024-07-05T10:56:57.625-0700][info][gc,phases   ] GC(22)   Pre Evacuate Collection Set: 0.2ms
[2024-07-05T10:56:57.625-0700][info][gc,phases   ] GC(22)   Merge Heap Roots: 0.1ms
[2024-07-05T10:56:57.625-0700][info][gc,phases   ] GC(22)   Evacuate Collection Set: 51.2ms
[2024-07-05T10:56:57.625-0700][info][gc,phases   ] GC(22)   Post Evacuate Collection Set: 0.4ms
[2024-07-05T10:56:57.625-0700][info][gc,phases   ] GC(22)   Other: 0.1ms
[2024-07-05T10:56:57.625-0700][info][gc,heap     ] GC(22) Eden regions: 89->0(109)
[2024-07-05T10:56:57.625-0700][info][gc,heap     ] GC(22) Survivor regions: 13->13(13)
[2024-07-05T10:56:57.625-0700][info][gc,heap     ] GC(22) Old regions: 1384->1469
[2024-07-05T10:56:57.625-0700][info][gc,heap     ] GC(22) Archive regions: 2->2
[2024-07-05T10:56:57.625-0700][info][gc,heap     ] GC(22) Humongous regions: 13->13
[2024-07-05T10:56:57.625-0700][info][gc,metaspace] GC(22) Metaspace: 302K(512K)->302K(512K) NonClass: 294K(384K)->294K(384K) Class: 7K(128K)->7K(128K)
[2024-07-05T10:56:57.625-0700][info][gc          ] GC(22) Pause Young (Mixed) (G1 Evacuation Pause) 2999M->2991M(4096M) 52.040ms
[2024-07-05T10:56:57.625-0700][info][gc,cpu      ] GC(22) User=0.15s Sys=0.04s Real=0.06s
[2024-07-05T10:57:19.718-0700][info][gc,start    ] GC(23) Pause Young (Concurrent Start) (G1 Evacuation Pause)
[2024-07-05T10:57:19.718-0700][info][gc,task     ] GC(23) Using 4 workers of 4 for evacuation
[2024-07-05T10:57:19.835-0700][info][gc,phases   ] GC(23)   Pre Evacuate Collection Set: 0.4ms
[2024-07-05T10:57:19.835-0700][info][gc,phases   ] GC(23)   Merge Heap Roots: 0.2ms
[2024-07-05T10:57:19.835-0700][info][gc,phases   ] GC(23)   Evacuate Collection Set: 114.9ms
[2024-07-05T10:57:19.835-0700][info][gc,phases   ] GC(23)   Post Evacuate Collection Set: 0.9ms
[2024-07-05T10:57:19.835-0700][info][gc,phases   ] GC(23)   Other: 0.3ms
[2024-07-05T10:57:19.835-0700][info][gc,heap     ] GC(23) Eden regions: 109->0(86)
[2024-07-05T10:57:19.835-0700][info][gc,heap     ] GC(23) Survivor regions: 13->16(16)
[2024-07-05T10:57:19.835-0700][info][gc,heap     ] GC(23) Old regions: 1469->1571
[2024-07-05T10:57:19.835-0700][info][gc,heap     ] GC(23) Archive regions: 2->2
[2024-07-05T10:57:19.835-0700][info][gc,heap     ] GC(23) Humongous regions: 13->13
[2024-07-05T10:57:19.835-0700][info][gc,metaspace] GC(23) Metaspace: 302K(512K)->302K(512K) NonClass: 294K(384K)->294K(384K) Class: 7K(128K)->7K(128K)
[2024-07-05T10:57:19.835-0700][info][gc          ] GC(23) Pause Young (Concurrent Start) (G1 Evacuation Pause) 3209M->3201M(4096M) 116.723ms
[2024-07-05T10:57:19.835-0700][info][gc,cpu      ] GC(23) User=0.21s Sys=0.23s Real=0.12s
[2024-07-05T10:57:19.835-0700][info][gc          ] GC(24) Concurrent Mark Cycle
[2024-07-05T10:57:19.835-0700][info][gc,marking  ] GC(24) Concurrent Clear Claimed Marks
[2024-07-05T10:57:19.835-0700][info][gc,marking  ] GC(24) Concurrent Clear Claimed Marks 0.017ms
[2024-07-05T10:57:19.835-0700][info][gc,marking  ] GC(24) Concurrent Scan Root Regions
[2024-07-05T10:57:19.847-0700][info][gc,marking  ] GC(24) Concurrent Scan Root Regions 12.120ms
[2024-07-05T10:57:19.847-0700][info][gc,marking  ] GC(24) Concurrent Mark
[2024-07-05T10:57:19.847-0700][info][gc,marking  ] GC(24) Concurrent Mark From Roots
[2024-07-05T10:57:19.847-0700][info][gc,task     ] GC(24) Using 1 workers of 1 for marking
[2024-07-05T10:57:20.236-0700][info][gc,marking  ] GC(24) Concurrent Mark From Roots 388.806ms
[2024-07-05T10:57:20.236-0700][info][gc,marking  ] GC(24) Concurrent Preclean
[2024-07-05T10:57:20.236-0700][info][gc,marking  ] GC(24) Concurrent Preclean 0.079ms
[2024-07-05T10:57:39.109-0700][info][gc,start    ] GC(24) Pause Remark
[2024-07-05T10:57:39.112-0700][info][gc          ] GC(24) Pause Remark 3210M->3196M(4096M) 2.972ms
[2024-07-05T10:57:39.112-0700][info][gc,cpu      ] GC(24) User=0.01s Sys=0.00s Real=0.00s
[2024-07-05T10:57:39.112-0700][info][gc,marking  ] GC(24) Concurrent Mark 19264.503ms
[2024-07-05T10:57:39.112-0700][info][gc,marking  ] GC(24) Concurrent Rebuild Remembered Sets
[2024-07-05T10:57:39.374-0700][info][gc,marking  ] GC(24) Concurrent Rebuild Remembered Sets 262.289ms
[2024-07-05T10:57:39.572-0700][info][gc,start    ] GC(24) Pause Cleanup
[2024-07-05T10:57:39.573-0700][info][gc          ] GC(24) Pause Cleanup 3196M->3196M(4096M) 1.044ms
[2024-07-05T10:57:39.573-0700][info][gc,cpu      ] GC(24) User=0.00s Sys=0.00s Real=0.00s
[2024-07-05T10:57:39.573-0700][info][gc,marking  ] GC(24) Concurrent Cleanup for Next Mark
[2024-07-05T10:57:39.599-0700][info][gc,marking  ] GC(24) Concurrent Cleanup for Next Mark 26.061ms
[2024-07-05T10:57:39.599-0700][info][gc          ] GC(24) Concurrent Mark Cycle 19763.877ms
[2024-07-05T10:57:56.187-0700][info][gc,start    ] GC(25) Pause Young (Prepare Mixed) (G1 Evacuation Pause)
[2024-07-05T10:57:56.187-0700][info][gc,task     ] GC(25) Using 4 workers of 4 for evacuation
[2024-07-05T10:57:56.282-0700][info][gc,phases   ] GC(25)   Pre Evacuate Collection Set: 0.4ms
[2024-07-05T10:57:56.282-0700][info][gc,phases   ] GC(25)   Merge Heap Roots: 0.2ms
[2024-07-05T10:57:56.282-0700][info][gc,phases   ] GC(25)   Evacuate Collection Set: 93.5ms
[2024-07-05T10:57:56.282-0700][info][gc,phases   ] GC(25)   Post Evacuate Collection Set: 0.4ms
[2024-07-05T10:57:56.282-0700][info][gc,phases   ] GC(25)   Other: 0.1ms
[2024-07-05T10:57:56.282-0700][info][gc,heap     ] GC(25) Eden regions: 86->0(89)
[2024-07-05T10:57:56.282-0700][info][gc,heap     ] GC(25) Survivor regions: 16->13(13)
[2024-07-05T10:57:56.282-0700][info][gc,heap     ] GC(25) Old regions: 1571->1658
[2024-07-05T10:57:56.282-0700][info][gc,heap     ] GC(25) Archive regions: 2->2
[2024-07-05T10:57:56.282-0700][info][gc,heap     ] GC(25) Humongous regions: 6->6
[2024-07-05T10:57:56.282-0700][info][gc,metaspace] GC(25) Metaspace: 302K(512K)->302K(512K) NonClass: 294K(384K)->294K(384K) Class: 7K(128K)->7K(128K)
[2024-07-05T10:57:56.282-0700][info][gc          ] GC(25) Pause Young (Prepare Mixed) (G1 Evacuation Pause) 3359M->3354M(4096M) 94.751ms
[2024-07-05T10:57:56.282-0700][info][gc,cpu      ] GC(25) User=0.14s Sys=0.23s Real=0.09s
[2024-07-05T10:58:15.890-0700][info][gc,start    ] GC(26) Pause Young (Mixed) (G1 Evacuation Pause)
[2024-07-05T10:58:15.890-0700][info][gc,task     ] GC(26) Using 4 workers of 4 for evacuation
[2024-07-05T10:58:16.075-0700][info][gc,phases   ] GC(26)   Pre Evacuate Collection Set: 0.3ms
[2024-07-05T10:58:16.075-0700][info][gc,phases   ] GC(26)   Merge Heap Roots: 0.2ms
[2024-07-05T10:58:16.075-0700][info][gc,phases   ] GC(26)   Evacuate Collection Set: 167.7ms
[2024-07-05T10:58:16.075-0700][info][gc,phases   ] GC(26)   Merge Optional Heap Roots: 0.5ms
[2024-07-05T10:58:16.075-0700][info][gc,phases   ] GC(26)   Evacuate Optional Collection Set: 15.7ms
[2024-07-05T10:58:16.075-0700][info][gc,phases   ] GC(26)   Post Evacuate Collection Set: 0.8ms
[2024-07-05T10:58:16.075-0700][info][gc,phases   ] GC(26)   Other: 0.1ms
[2024-07-05T10:58:16.075-0700][info][gc,heap     ] GC(26) Eden regions: 89->0(89)
[2024-07-05T10:58:16.075-0700][info][gc,heap     ] GC(26) Survivor regions: 13->13(13)
[2024-07-05T10:58:16.075-0700][info][gc,heap     ] GC(26) Old regions: 1658->1610
[2024-07-05T10:58:16.075-0700][info][gc,heap     ] GC(26) Archive regions: 2->2
[2024-07-05T10:58:16.075-0700][info][gc,heap     ] GC(26) Humongous regions: 6->6
[2024-07-05T10:58:16.075-0700][info][gc,metaspace] GC(26) Metaspace: 302K(512K)->302K(512K) NonClass: 294K(384K)->294K(384K) Class: 7K(128K)->7K(128K)
[2024-07-05T10:58:16.075-0700][info][gc          ] GC(26) Pause Young (Mixed) (G1 Evacuation Pause) 3532M->3259M(4096M) 185.396ms
[2024-07-05T10:58:16.075-0700][info][gc,cpu      ] GC(26) User=0.34s Sys=0.37s Real=0.19s
[2024-07-05T10:58:40.749-0700][info][gc,start    ] GC(27) Pause Young (Mixed) (G1 Evacuation Pause)
[2024-07-05T10:58:40.749-0700][info][gc,task     ] GC(27) Using 4 workers of 4 for evacuation
[2024-07-05T10:58:40.831-0700][info][gc,phases   ] GC(27)   Pre Evacuate Collection Set: 0.3ms
[2024-07-05T10:58:40.831-0700][info][gc,phases   ] GC(27)   Merge Heap Roots: 0.2ms
[2024-07-05T10:58:40.831-0700][info][gc,phases   ] GC(27)   Evacuate Collection Set: 74.1ms
[2024-07-05T10:58:40.831-0700][info][gc,phases   ] GC(27)   Merge Optional Heap Roots: 0.2ms
[2024-07-05T10:58:40.831-0700][info][gc,phases   ] GC(27)   Evacuate Optional Collection Set: 6.9ms
[2024-07-05T10:58:40.831-0700][info][gc,phases   ] GC(27)   Post Evacuate Collection Set: 0.7ms
[2024-07-05T10:58:40.831-0700][info][gc,phases   ] GC(27)   Other: 0.1ms
[2024-07-05T10:58:40.831-0700][info][gc,heap     ] GC(27) Eden regions: 89->0(89)
[2024-07-05T10:58:40.831-0700][info][gc,heap     ] GC(27) Survivor regions: 13->13(13)
[2024-07-05T10:58:40.831-0700][info][gc,heap     ] GC(27) Old regions: 1610->1614
[2024-07-05T10:58:40.831-0700][info][gc,heap     ] GC(27) Archive regions: 2->2
[2024-07-05T10:58:40.831-0700][info][gc,heap     ] GC(27) Humongous regions: 6->6
[2024-07-05T10:58:40.831-0700][info][gc,metaspace] GC(27) Metaspace: 302K(512K)->302K(512K) NonClass: 294K(384K)->294K(384K) Class: 7K(128K)->7K(128K)
[2024-07-05T10:58:40.831-0700][info][gc          ] GC(27) Pause Young (Mixed) (G1 Evacuation Pause) 3437M->3267M(4096M) 82.531ms
[2024-07-05T10:58:40.831-0700][info][gc,cpu      ] GC(27) User=0.22s Sys=0.07s Real=0.08s
[2024-07-05T10:59:02.180-0700][info][gc,start    ] GC(28) Pause Young (Mixed) (G1 Evacuation Pause)
[2024-07-05T10:59:02.180-0700][info][gc,task     ] GC(28) Using 4 workers of 4 for evacuation
[2024-07-05T10:59:02.262-0700][info][gc,phases   ] GC(28)   Pre Evacuate Collection Set: 0.3ms
[2024-07-05T10:59:02.262-0700][info][gc,phases   ] GC(28)   Merge Heap Roots: 0.2ms
[2024-07-05T10:59:02.262-0700][info][gc,phases   ] GC(28)   Evacuate Collection Set: 73.7ms
[2024-07-05T10:59:02.262-0700][info][gc,phases   ] GC(28)   Merge Optional Heap Roots: 0.2ms
[2024-07-05T10:59:02.262-0700][info][gc,phases   ] GC(28)   Evacuate Optional Collection Set: 6.7ms
[2024-07-05T10:59:02.262-0700][info][gc,phases   ] GC(28)   Post Evacuate Collection Set: 0.6ms
[2024-07-05T10:59:02.262-0700][info][gc,phases   ] GC(28)   Other: 0.1ms
[2024-07-05T10:59:02.262-0700][info][gc,heap     ] GC(28) Eden regions: 89->0(89)
[2024-07-05T10:59:02.262-0700][info][gc,heap     ] GC(28) Survivor regions: 13->13(13)
[2024-07-05T10:59:02.262-0700][info][gc,heap     ] GC(28) Old regions: 1614->1617
[2024-07-05T10:59:02.262-0700][info][gc,heap     ] GC(28) Archive regions: 2->2
[2024-07-05T10:59:02.262-0700][info][gc,heap     ] GC(28) Humongous regions: 6->6
[2024-07-05T10:59:02.262-0700][info][gc,metaspace] GC(28) Metaspace: 302K(512K)->302K(512K) NonClass: 294K(384K)->294K(384K) Class: 7K(128K)->7K(128K)
[2024-07-05T10:59:02.262-0700][info][gc          ] GC(28) Pause Young (Mixed) (G1 Evacuation Pause) 3445M->3272M(4096M) 81.968ms
[2024-07-05T10:59:02.262-0700][info][gc,cpu      ] GC(28) User=0.21s Sys=0.09s Real=0.08s
[2024-07-05T10:59:25.184-0700][info][gc,start    ] GC(29) Pause Young (Mixed) (G1 Evacuation Pause)
[2024-07-05T10:59:25.184-0700][info][gc,task     ] GC(29) Using 4 workers of 4 for evacuation
[2024-07-05T10:59:25.275-0700][info][gc,phases   ] GC(29)   Pre Evacuate Collection Set: 0.3ms
[2024-07-05T10:59:25.275-0700][info][gc,phases   ] GC(29)   Merge Heap Roots: 0.3ms
[2024-07-05T10:59:25.275-0700][info][gc,phases   ] GC(29)   Evacuate Collection Set: 80.4ms
[2024-07-05T10:59:25.275-0700][info][gc,phases   ] GC(29)   Merge Optional Heap Roots: 0.2ms
[2024-07-05T10:59:25.275-0700][info][gc,phases   ] GC(29)   Evacuate Optional Collection Set: 9.2ms
[2024-07-05T10:59:25.275-0700][info][gc,phases   ] GC(29)   Post Evacuate Collection Set: 0.6ms
[2024-07-05T10:59:25.275-0700][info][gc,phases   ] GC(29)   Other: 0.1ms
[2024-07-05T10:59:25.275-0700][info][gc,heap     ] GC(29) Eden regions: 89->0(89)
[2024-07-05T10:59:25.275-0700][info][gc,heap     ] GC(29) Survivor regions: 13->13(13)
[2024-07-05T10:59:25.275-0700][info][gc,heap     ] GC(29) Old regions: 1617->1616
[2024-07-05T10:59:25.275-0700][info][gc,heap     ] GC(29) Archive regions: 2->2
[2024-07-05T10:59:25.275-0700][info][gc,heap     ] GC(29) Humongous regions: 6->6
[2024-07-05T10:59:25.275-0700][info][gc,metaspace] GC(29) Metaspace: 302K(512K)->302K(512K) NonClass: 294K(384K)->294K(384K) Class: 7K(128K)->7K(128K)
[2024-07-05T10:59:25.275-0700][info][gc          ] GC(29) Pause Young (Mixed) (G1 Evacuation Pause) 3450M->3271M(4096M) 91.248ms
[2024-07-05T10:59:25.275-0700][info][gc,cpu      ] GC(29) User=0.28s Sys=0.04s Real=0.08s
[2024-07-05T10:59:49.489-0700][info][gc,start    ] GC(30) Pause Young (Mixed) (G1 Evacuation Pause)
[2024-07-05T10:59:49.489-0700][info][gc,task     ] GC(30) Using 4 workers of 4 for evacuation
[2024-07-05T10:59:49.614-0700][info][gc,phases   ] GC(30)   Pre Evacuate Collection Set: 0.5ms
[2024-07-05T10:59:49.614-0700][info][gc,phases   ] GC(30)   Merge Heap Roots: 0.4ms
[2024-07-05T10:59:49.614-0700][info][gc,phases   ] GC(30)   Evacuate Collection Set: 111.7ms
[2024-07-05T10:59:49.614-0700][info][gc,phases   ] GC(30)   Merge Optional Heap Roots: 0.3ms
[2024-07-05T10:59:49.614-0700][info][gc,phases   ] GC(30)   Evacuate Optional Collection Set: 11.6ms
[2024-07-05T10:59:49.614-0700][info][gc,phases   ] GC(30)   Post Evacuate Collection Set: 0.7ms
[2024-07-05T10:59:49.614-0700][info][gc,phases   ] GC(30)   Other: 0.2ms
[2024-07-05T10:59:49.614-0700][info][gc,heap     ] GC(30) Eden regions: 89->0(89)
[2024-07-05T10:59:49.614-0700][info][gc,heap     ] GC(30) Survivor regions: 13->13(13)
[2024-07-05T10:59:49.614-0700][info][gc,heap     ] GC(30) Old regions: 1616->1617
[2024-07-05T10:59:49.614-0700][info][gc,heap     ] GC(30) Archive regions: 2->2
[2024-07-05T10:59:49.614-0700][info][gc,heap     ] GC(30) Humongous regions: 6->6
[2024-07-05T10:59:49.614-0700][info][gc,metaspace] GC(30) Metaspace: 302K(512K)->302K(512K) NonClass: 294K(384K)->294K(384K) Class: 7K(128K)->7K(128K)
[2024-07-05T10:59:49.614-0700][info][gc          ] GC(30) Pause Young (Mixed) (G1 Evacuation Pause) 3449M->3272M(4096M) 125.399ms
[2024-07-05T10:59:49.614-0700][info][gc,cpu      ] GC(30) User=0.41s Sys=0.05s Real=0.12s
[2024-07-05T11:00:19.598-0700][info][gc,start    ] GC(31) Pause Young (Mixed) (G1 Evacuation Pause)
[2024-07-05T11:00:19.598-0700][info][gc,task     ] GC(31) Using 4 workers of 4 for evacuation
[2024-07-05T11:00:19.677-0700][info][gc,phases   ] GC(31)   Pre Evacuate Collection Set: 0.2ms
[2024-07-05T11:00:19.677-0700][info][gc,phases   ] GC(31)   Merge Heap Roots: 0.2ms
[2024-07-05T11:00:19.677-0700][info][gc,phases   ] GC(31)   Evacuate Collection Set: 77.4ms
[2024-07-05T11:00:19.677-0700][info][gc,phases   ] GC(31)   Post Evacuate Collection Set: 0.6ms
[2024-07-05T11:00:19.677-0700][info][gc,phases   ] GC(31)   Other: 0.1ms
[2024-07-05T11:00:19.677-0700][info][gc,heap     ] GC(31) Eden regions: 89->0(89)
[2024-07-05T11:00:19.677-0700][info][gc,heap     ] GC(31) Survivor regions: 13->13(13)
[2024-07-05T11:00:19.677-0700][info][gc,heap     ] GC(31) Old regions: 1617->1685
[2024-07-05T11:00:19.677-0700][info][gc,heap     ] GC(31) Archive regions: 2->2
[2024-07-05T11:00:19.677-0700][info][gc,heap     ] GC(31) Humongous regions: 6->6
[2024-07-05T11:00:19.677-0700][info][gc,metaspace] GC(31) Metaspace: 302K(512K)->302K(512K) NonClass: 294K(384K)->294K(384K) Class: 7K(128K)->7K(128K)
[2024-07-05T11:00:19.677-0700][info][gc          ] GC(31) Pause Young (Mixed) (G1 Evacuation Pause) 3450M->3408M(4096M) 78.763ms
[2024-07-05T11:00:19.677-0700][info][gc,cpu      ] GC(31) User=0.22s Sys=0.05s Real=0.08s
[2024-07-05T11:00:24.745-0700][info][gc,start    ] GC(32) Pause Young (Concurrent Start) (G1 Humongous Allocation)
[2024-07-05T11:00:24.745-0700][info][gc,task     ] GC(32) Using 4 workers of 4 for evacuation
[2024-07-05T11:00:24.757-0700][info][gc,phases   ] GC(32)   Pre Evacuate Collection Set: 0.4ms
[2024-07-05T11:00:24.757-0700][info][gc,phases   ] GC(32)   Merge Heap Roots: 0.2ms
[2024-07-05T11:00:24.757-0700][info][gc,phases   ] GC(32)   Evacuate Collection Set: 11.1ms
[2024-07-05T11:00:24.757-0700][info][gc,phases   ] GC(32)   Post Evacuate Collection Set: 0.5ms
[2024-07-05T11:00:24.757-0700][info][gc,phases   ] GC(32)   Other: 0.4ms
[2024-07-05T11:00:24.757-0700][info][gc,heap     ] GC(32) Eden regions: 16->0(89)
[2024-07-05T11:00:24.757-0700][info][gc,heap     ] GC(32) Survivor regions: 13->13(13)
[2024-07-05T11:00:24.757-0700][info][gc,heap     ] GC(32) Old regions: 1685->1700
[2024-07-05T11:00:24.757-0700][info][gc,heap     ] GC(32) Archive regions: 2->2
[2024-07-05T11:00:24.757-0700][info][gc,heap     ] GC(32) Humongous regions: 6->6
[2024-07-05T11:00:24.757-0700][info][gc,metaspace] GC(32) Metaspace: 302K(512K)->302K(512K) NonClass: 294K(384K)->294K(384K) Class: 7K(128K)->7K(128K)
[2024-07-05T11:00:24.757-0700][info][gc          ] GC(32) Pause Young (Concurrent Start) (G1 Humongous Allocation) 3439M->3438M(4096M) 12.542ms
[2024-07-05T11:00:24.757-0700][info][gc,cpu      ] GC(32) User=0.04s Sys=0.00s Real=0.01s
[2024-07-05T11:00:24.757-0700][info][gc          ] GC(33) Concurrent Mark Cycle
[2024-07-05T11:00:24.757-0700][info][gc,marking  ] GC(33) Concurrent Clear Claimed Marks
[2024-07-05T11:00:24.757-0700][info][gc,marking  ] GC(33) Concurrent Clear Claimed Marks 0.007ms
[2024-07-05T11:00:24.757-0700][info][gc,marking  ] GC(33) Concurrent Scan Root Regions
[2024-07-05T11:00:24.761-0700][info][gc,marking  ] GC(33) Concurrent Scan Root Regions 3.827ms
[2024-07-05T11:00:24.761-0700][info][gc,marking  ] GC(33) Concurrent Mark
[2024-07-05T11:00:24.761-0700][info][gc,marking  ] GC(33) Concurrent Mark From Roots
[2024-07-05T11:00:24.761-0700][info][gc,task     ] GC(33) Using 1 workers of 1 for marking
[2024-07-05T11:00:25.282-0700][info][gc,marking  ] GC(33) Concurrent Mark From Roots 521.191ms
[2024-07-05T11:00:25.282-0700][info][gc,marking  ] GC(33) Concurrent Preclean
[2024-07-05T11:00:25.282-0700][info][gc,marking  ] GC(33) Concurrent Preclean 0.062ms
[2024-07-05T11:00:53.676-0700][info][gc,start    ] GC(33) Pause Remark
[2024-07-05T11:00:53.677-0700][info][gc          ] GC(33) Pause Remark 3455M->3455M(4096M) 1.437ms
[2024-07-05T11:00:53.677-0700][info][gc,cpu      ] GC(33) User=0.00s Sys=0.00s Real=0.00s
[2024-07-05T11:00:53.677-0700][info][gc,marking  ] GC(33) Concurrent Mark 28916.123ms
[2024-07-05T11:00:53.677-0700][info][gc,marking  ] GC(33) Concurrent Rebuild Remembered Sets
[2024-07-05T11:00:53.932-0700][info][gc,marking  ] GC(33) Concurrent Rebuild Remembered Sets 255.066ms
[2024-07-05T11:00:54.481-0700][info][gc,start    ] GC(33) Pause Cleanup
[2024-07-05T11:00:54.482-0700][info][gc          ] GC(33) Pause Cleanup 3455M->3455M(4096M) 1.507ms
[2024-07-05T11:00:54.482-0700][info][gc,cpu      ] GC(33) User=0.01s Sys=0.00s Real=0.00s
[2024-07-05T11:00:54.483-0700][info][gc,marking  ] GC(33) Concurrent Cleanup for Next Mark
[2024-07-05T11:00:54.491-0700][info][gc,marking  ] GC(33) Concurrent Cleanup for Next Mark 8.285ms
[2024-07-05T11:00:54.491-0700][info][gc          ] GC(33) Concurrent Mark Cycle 29733.725ms
[2024-07-05T11:01:18.720-0700][info][gc,start    ] GC(34) Pause Young (Prepare Mixed) (G1 Evacuation Pause)
[2024-07-05T11:01:18.720-0700][info][gc,task     ] GC(34) Using 4 workers of 4 for evacuation
[2024-07-05T11:01:18.774-0700][info][gc,phases   ] GC(34)   Pre Evacuate Collection Set: 0.3ms
[2024-07-05T11:01:18.774-0700][info][gc,phases   ] GC(34)   Merge Heap Roots: 0.2ms
[2024-07-05T11:01:18.774-0700][info][gc,phases   ] GC(34)   Evacuate Collection Set: 52.2ms
[2024-07-05T11:01:18.774-0700][info][gc,phases   ] GC(34)   Post Evacuate Collection Set: 0.7ms
[2024-07-05T11:01:18.774-0700][info][gc,phases   ] GC(34)   Other: 0.1ms
[2024-07-05T11:01:18.774-0700][info][gc,heap     ] GC(34) Eden regions: 89->0(89)
[2024-07-05T11:01:18.774-0700][info][gc,heap     ] GC(34) Survivor regions: 13->13(13)
[2024-07-05T11:01:18.774-0700][info][gc,heap     ] GC(34) Old regions: 1700->1788
[2024-07-05T11:01:18.774-0700][info][gc,heap     ] GC(34) Archive regions: 2->2
[2024-07-05T11:01:18.774-0700][info][gc,heap     ] GC(34) Humongous regions: 14->14
[2024-07-05T11:01:18.774-0700][info][gc,metaspace] GC(34) Metaspace: 302K(512K)->302K(512K) NonClass: 294K(384K)->294K(384K) Class: 7K(128K)->7K(128K)
[2024-07-05T11:01:18.774-0700][info][gc          ] GC(34) Pause Young (Prepare Mixed) (G1 Evacuation Pause) 3632M->3630M(4096M) 53.621ms
[2024-07-05T11:01:18.774-0700][info][gc,cpu      ] GC(34) User=0.16s Sys=0.03s Real=0.05s
[2024-07-05T11:01:40.650-0700][info][gc,start    ] GC(35) Pause Young (Mixed) (G1 Preventive Collection)
[2024-07-05T11:01:40.650-0700][info][gc,task     ] GC(35) Using 4 workers of 4 for evacuation
[2024-07-05T11:01:40.805-0700][info][gc          ] GC(35) To-space exhausted
[2024-07-05T11:01:40.805-0700][info][gc,phases   ] GC(35)   Pre Evacuate Collection Set: 0.3ms
[2024-07-05T11:01:40.805-0700][info][gc,phases   ] GC(35)   Merge Heap Roots: 0.3ms
[2024-07-05T11:01:40.805-0700][info][gc,phases   ] GC(35)   Evacuate Collection Set: 145.6ms
[2024-07-05T11:01:40.805-0700][info][gc,phases   ] GC(35)   Post Evacuate Collection Set: 8.3ms
[2024-07-05T11:01:40.805-0700][info][gc,phases   ] GC(35)   Other: 0.2ms
[2024-07-05T11:01:40.805-0700][info][gc,heap     ] GC(35) Eden regions: 86->0(89)
[2024-07-05T11:01:40.805-0700][info][gc,heap     ] GC(35) Survivor regions: 13->13(13)
[2024-07-05T11:01:40.805-0700][info][gc,heap     ] GC(35) Old regions: 1788->1933
[2024-07-05T11:01:40.805-0700][info][gc,heap     ] GC(35) Archive regions: 2->2
[2024-07-05T11:01:40.805-0700][info][gc,heap     ] GC(35) Humongous regions: 14->14
[2024-07-05T11:01:40.805-0700][info][gc,metaspace] GC(35) Metaspace: 302K(512K)->302K(512K) NonClass: 294K(384K)->294K(384K) Class: 7K(128K)->7K(128K)
[2024-07-05T11:01:40.805-0700][info][gc          ] GC(35) Pause Young (Mixed) (G1 Preventive Collection) 3802M->3921M(4096M) 154.816ms
[2024-07-05T11:01:40.805-0700][info][gc,cpu      ] GC(35) User=0.32s Sys=0.28s Real=0.16s
[2024-07-05T11:01:44.555-0700][info][gc,start    ] GC(36) Pause Young (Mixed) (G1 Preventive Collection)
[2024-07-05T11:01:44.555-0700][info][gc,task     ] GC(36) Using 4 workers of 4 for evacuation
[2024-07-05T11:01:44.622-0700][info][gc          ] GC(36) To-space exhausted
[2024-07-05T11:01:44.622-0700][info][gc,phases   ] GC(36)   Pre Evacuate Collection Set: 0.3ms
[2024-07-05T11:01:44.622-0700][info][gc,phases   ] GC(36)   Merge Heap Roots: 0.3ms
[2024-07-05T11:01:44.622-0700][info][gc,phases   ] GC(36)   Evacuate Collection Set: 57.2ms
[2024-07-05T11:01:44.622-0700][info][gc,phases   ] GC(36)   Post Evacuate Collection Set: 9.2ms
[2024-07-05T11:01:44.622-0700][info][gc,phases   ] GC(36)   Other: 0.1ms
[2024-07-05T11:01:44.622-0700][info][gc,heap     ] GC(36) Eden regions: 15->0(89)
[2024-07-05T11:01:44.622-0700][info][gc,heap     ] GC(36) Survivor regions: 13->13(13)
[2024-07-05T11:01:44.622-0700][info][gc,heap     ] GC(36) Old regions: 1933->1994
[2024-07-05T11:01:44.622-0700][info][gc,heap     ] GC(36) Archive regions: 2->2
[2024-07-05T11:01:44.622-0700][info][gc,heap     ] GC(36) Humongous regions: 14->14
[2024-07-05T11:01:44.622-0700][info][gc,metaspace] GC(36) Metaspace: 302K(512K)->302K(512K) NonClass: 294K(384K)->294K(384K) Class: 7K(128K)->7K(128K)
[2024-07-05T11:01:44.622-0700][info][gc          ] GC(36) Pause Young (Mixed) (G1 Preventive Collection) 3951M->4043M(4096M) 67.263ms
[2024-07-05T11:01:44.622-0700][info][gc,cpu      ] GC(36) User=0.21s Sys=0.03s Real=0.07s
[2024-07-05T11:01:44.622-0700][info][gc,start    ] GC(37) Pause Young (Mixed) (G1 Preventive Collection)
[2024-07-05T11:01:44.622-0700][info][gc,task     ] GC(37) Using 4 workers of 4 for evacuation
[2024-07-05T11:01:44.652-0700][info][gc          ] GC(37) To-space exhausted
[2024-07-05T11:01:44.652-0700][info][gc,phases   ] GC(37)   Pre Evacuate Collection Set: 0.2ms
[2024-07-05T11:01:44.652-0700][info][gc,phases   ] GC(37)   Merge Heap Roots: 0.2ms
[2024-07-05T11:01:44.652-0700][info][gc,phases   ] GC(37)   Evacuate Collection Set: 26.4ms
[2024-07-05T11:01:44.652-0700][info][gc,phases   ] GC(37)   Post Evacuate Collection Set: 3.5ms
[2024-07-05T11:01:44.652-0700][info][gc,phases   ] GC(37)   Other: 0.1ms
[2024-07-05T11:01:44.652-0700][info][gc,heap     ] GC(37) Eden regions: 1->0(102)
[2024-07-05T11:01:44.652-0700][info][gc,heap     ] GC(37) Survivor regions: 13->0(13)
[2024-07-05T11:01:44.652-0700][info][gc,heap     ] GC(37) Old regions: 1994->2030
[2024-07-05T11:01:44.652-0700][info][gc,heap     ] GC(37) Archive regions: 2->2
[2024-07-05T11:01:44.652-0700][info][gc,heap     ] GC(37) Humongous regions: 14->14
[2024-07-05T11:01:44.652-0700][info][gc,metaspace] GC(37) Metaspace: 302K(512K)->302K(512K) NonClass: 294K(384K)->294K(384K) Class: 7K(128K)->7K(128K)
[2024-07-05T11:01:44.652-0700][info][gc          ] GC(37) Pause Young (Mixed) (G1 Preventive Collection) 4045M->4089M(4096M) 30.413ms
[2024-07-05T11:01:44.652-0700][info][gc,cpu      ] GC(37) User=0.10s Sys=0.02s Real=0.03s
[2024-07-05T11:01:44.653-0700][info][gc,start    ] GC(38) Pause Young (Concurrent Start) (G1 Preventive Collection)
[2024-07-05T11:01:44.653-0700][info][gc,task     ] GC(38) Using 4 workers of 4 for evacuation
[2024-07-05T11:01:44.654-0700][info][gc          ] GC(38) To-space exhausted
[2024-07-05T11:01:44.654-0700][info][gc,phases   ] GC(38)   Pre Evacuate Collection Set: 0.2ms
[2024-07-05T11:01:44.654-0700][info][gc,phases   ] GC(38)   Merge Heap Roots: 0.1ms
[2024-07-05T11:01:44.654-0700][info][gc,phases   ] GC(38)   Evacuate Collection Set: 0.6ms
[2024-07-05T11:01:44.654-0700][info][gc,phases   ] GC(38)   Post Evacuate Collection Set: 0.5ms
[2024-07-05T11:01:44.654-0700][info][gc,phases   ] GC(38)   Other: 0.1ms
[2024-07-05T11:01:44.654-0700][info][gc,heap     ] GC(38) Eden regions: 1->0(101)
[2024-07-05T11:01:44.654-0700][info][gc,heap     ] GC(38) Survivor regions: 0->1(1)
[2024-07-05T11:01:44.654-0700][info][gc,heap     ] GC(38) Old regions: 2030->2031
[2024-07-05T11:01:44.654-0700][info][gc,heap     ] GC(38) Archive regions: 2->2
[2024-07-05T11:01:44.654-0700][info][gc,heap     ] GC(38) Humongous regions: 14->14
[2024-07-05T11:01:44.654-0700][info][gc,metaspace] GC(38) Metaspace: 302K(512K)->302K(512K) NonClass: 294K(384K)->294K(384K) Class: 7K(128K)->7K(128K)
[2024-07-05T11:01:44.654-0700][info][gc          ] GC(38) Pause Young (Concurrent Start) (G1 Preventive Collection) 4091M->4093M(4096M) 1.460ms
[2024-07-05T11:01:44.654-0700][info][gc,cpu      ] GC(38) User=0.00s Sys=0.00s Real=0.00s
[2024-07-05T11:01:44.654-0700][info][gc,ergo     ] Attempting full compaction
[2024-07-05T11:01:44.654-0700][info][gc          ] GC(39) Concurrent Mark Cycle
[2024-07-05T11:01:44.654-0700][info][gc,marking  ] GC(39) Concurrent Clear Claimed Marks
[2024-07-05T11:01:44.654-0700][info][gc,marking  ] GC(39) Concurrent Clear Claimed Marks 0.028ms
[2024-07-05T11:01:44.654-0700][info][gc,marking  ] GC(39) Concurrent Scan Root Regions
[2024-07-05T11:01:44.654-0700][info][gc,task     ] GC(40) Using 4 workers of 4 for full compaction
[2024-07-05T11:01:44.654-0700][info][gc,marking  ] GC(39) Concurrent Scan Root Regions 0.069ms
[2024-07-05T11:01:44.654-0700][info][gc,marking  ] GC(39) Concurrent Mark
[2024-07-05T11:01:44.654-0700][info][gc,marking  ] GC(39) Concurrent Mark From Roots
[2024-07-05T11:01:44.655-0700][info][gc,task     ] GC(39) Using 1 workers of 1 for marking
[2024-07-05T11:01:44.655-0700][info][gc,start    ] GC(40) Pause Full (G1 Compaction Pause)
[2024-07-05T11:01:44.658-0700][info][gc,phases,start] GC(40) Phase 1: Mark live objects
[2024-07-05T11:01:44.744-0700][info][gc,phases      ] GC(40) Phase 1: Mark live objects 85.918ms
[2024-07-05T11:01:44.744-0700][info][gc,phases,start] GC(40) Phase 2: Prepare for compaction
[2024-07-05T11:01:44.813-0700][info][gc,phases      ] GC(40) Phase 2: Prepare for compaction 69.194ms
[2024-07-05T11:01:44.813-0700][info][gc,phases,start] GC(40) Phase 3: Adjust pointers
[2024-07-05T11:01:44.885-0700][info][gc,phases      ] GC(40) Phase 3: Adjust pointers 72.199ms
[2024-07-05T11:01:44.885-0700][info][gc,phases,start] GC(40) Phase 4: Compact heap
[2024-07-05T11:01:45.222-0700][info][gc,phases      ] GC(40) Phase 4: Compact heap 336.797ms
[2024-07-05T11:01:45.226-0700][info][gc,heap        ] GC(40) Eden regions: 0->0(118)
[2024-07-05T11:01:45.226-0700][info][gc,heap        ] GC(40) Survivor regions: 1->0(1)
[2024-07-05T11:01:45.226-0700][info][gc,heap        ] GC(40) Old regions: 2031->1459
[2024-07-05T11:01:45.226-0700][info][gc,heap        ] GC(40) Archive regions: 2->2
[2024-07-05T11:01:45.226-0700][info][gc,heap        ] GC(40) Humongous regions: 14->8
[2024-07-05T11:01:45.226-0700][info][gc,metaspace   ] GC(40) Metaspace: 302K(512K)->302K(512K) NonClass: 294K(384K)->294K(384K) Class: 7K(128K)->7K(128K)
[2024-07-05T11:01:45.226-0700][info][gc             ] GC(40) Pause Full (G1 Compaction Pause) 4093M->2930M(4096M) 571.505ms
[2024-07-05T11:01:45.226-0700][info][gc,cpu         ] GC(40) User=2.24s Sys=0.00s Real=0.58s
[2024-07-05T11:01:45.226-0700][info][gc,marking     ] GC(39) Concurrent Mark From Roots 571.904ms
[2024-07-05T11:01:45.226-0700][info][gc,marking     ] GC(39) Concurrent Mark Abort
[2024-07-05T11:01:45.226-0700][info][gc             ] GC(39) Concurrent Mark Cycle 572.104ms
[2024-07-05T11:02:16.409-0700][info][gc,start       ] GC(41) Pause Young (Normal) (G1 Evacuation Pause)
[2024-07-05T11:02:16.409-0700][info][gc,task        ] GC(41) Using 4 workers of 4 for evacuation
[2024-07-05T11:02:16.474-0700][info][gc,phases      ] GC(41)   Pre Evacuate Collection Set: 0.3ms
[2024-07-05T11:02:16.474-0700][info][gc,phases      ] GC(41)   Merge Heap Roots: 0.2ms
[2024-07-05T11:02:16.474-0700][info][gc,phases      ] GC(41)   Evacuate Collection Set: 64.1ms
[2024-07-05T11:02:16.474-0700][info][gc,phases      ] GC(41)   Post Evacuate Collection Set: 0.7ms
[2024-07-05T11:02:16.474-0700][info][gc,phases      ] GC(41)   Other: 0.1ms
[2024-07-05T11:02:16.474-0700][info][gc,heap        ] GC(41) Eden regions: 118->0(87)
[2024-07-05T11:02:16.474-0700][info][gc,heap        ] GC(41) Survivor regions: 0->15(15)
[2024-07-05T11:02:16.474-0700][info][gc,heap        ] GC(41) Old regions: 1459->1560
[2024-07-05T11:02:16.474-0700][info][gc,heap        ] GC(41) Archive regions: 2->2
[2024-07-05T11:02:16.474-0700][info][gc,heap        ] GC(41) Humongous regions: 8->8
[2024-07-05T11:02:16.474-0700][info][gc,metaspace   ] GC(41) Metaspace: 302K(512K)->302K(512K) NonClass: 294K(384K)->294K(384K) Class: 7K(128K)->7K(128K)
[2024-07-05T11:02:16.474-0700][info][gc             ] GC(41) Pause Young (Normal) (G1 Evacuation Pause) 3166M->3161M(4096M) 65.448ms
[2024-07-05T11:02:16.474-0700][info][gc,cpu         ] GC(41) User=0.16s Sys=0.07s Real=0.06s
[2024-07-05T11:02:39.947-0700][info][gc,start       ] GC(42) Pause Young (Normal) (G1 Evacuation Pause)
[2024-07-05T11:02:39.947-0700][info][gc,task        ] GC(42) Using 4 workers of 4 for evacuation
[2024-07-05T11:02:39.996-0700][info][gc,phases      ] GC(42)   Pre Evacuate Collection Set: 0.3ms
[2024-07-05T11:02:39.996-0700][info][gc,phases      ] GC(42)   Merge Heap Roots: 0.2ms
[2024-07-05T11:02:39.996-0700][info][gc,phases      ] GC(42)   Evacuate Collection Set: 48.2ms
[2024-07-05T11:02:39.996-0700][info][gc,phases      ] GC(42)   Post Evacuate Collection Set: 0.5ms
[2024-07-05T11:02:39.997-0700][info][gc,phases      ] GC(42)   Other: 0.1ms
[2024-07-05T11:02:39.997-0700][info][gc,heap        ] GC(42) Eden regions: 87->0(89)
[2024-07-05T11:02:39.997-0700][info][gc,heap        ] GC(42) Survivor regions: 15->13(13)
[2024-07-05T11:02:39.997-0700][info][gc,heap        ] GC(42) Old regions: 1560->1647
[2024-07-05T11:02:39.997-0700][info][gc,heap        ] GC(42) Archive regions: 2->2
[2024-07-05T11:02:39.997-0700][info][gc,heap        ] GC(42) Humongous regions: 8->8
[2024-07-05T11:02:39.997-0700][info][gc,metaspace   ] GC(42) Metaspace: 302K(512K)->302K(512K) NonClass: 294K(384K)->294K(384K) Class: 7K(128K)->7K(128K)
[2024-07-05T11:02:39.997-0700][info][gc             ] GC(42) Pause Young (Normal) (G1 Evacuation Pause) 3335M->3331M(4096M) 49.484ms
[2024-07-05T11:02:39.997-0700][info][gc,cpu         ] GC(42) User=0.15s Sys=0.03s Real=0.05s
[2024-07-05T11:03:09.878-0700][info][gc,start       ] GC(43) Pause Young (Concurrent Start) (G1 Evacuation Pause)
[2024-07-05T11:03:09.878-0700][info][gc,task        ] GC(43) Using 4 workers of 4 for evacuation
[2024-07-05T11:03:09.925-0700][info][gc,phases      ] GC(43)   Pre Evacuate Collection Set: 0.3ms
[2024-07-05T11:03:09.925-0700][info][gc,phases      ] GC(43)   Merge Heap Roots: 0.3ms
[2024-07-05T11:03:09.925-0700][info][gc,phases      ] GC(43)   Evacuate Collection Set: 46.2ms
[2024-07-05T11:03:09.925-0700][info][gc,phases      ] GC(43)   Post Evacuate Collection Set: 0.4ms
[2024-07-05T11:03:09.925-0700][info][gc,phases      ] GC(43)   Other: 0.2ms
[2024-07-05T11:03:09.925-0700][info][gc,heap        ] GC(43) Eden regions: 89->0(89)
[2024-07-05T11:03:09.925-0700][info][gc,heap        ] GC(43) Survivor regions: 13->13(13)
[2024-07-05T11:03:09.925-0700][info][gc,heap        ] GC(43) Old regions: 1647->1735
[2024-07-05T11:03:09.925-0700][info][gc,heap        ] GC(43) Archive regions: 2->2
[2024-07-05T11:03:09.925-0700][info][gc,heap        ] GC(43) Humongous regions: 8->8
[2024-07-05T11:03:09.925-0700][info][gc,metaspace   ] GC(43) Metaspace: 302K(512K)->302K(512K) NonClass: 294K(384K)->294K(384K) Class: 7K(128K)->7K(128K)
[2024-07-05T11:03:09.925-0700][info][gc             ] GC(43) Pause Young (Concurrent Start) (G1 Evacuation Pause) 3509M->3506M(4096M) 47.625ms
[2024-07-05T11:03:09.925-0700][info][gc,cpu         ] GC(43) User=0.12s Sys=0.04s Real=0.05s
[2024-07-05T11:03:09.926-0700][info][gc             ] GC(44) Concurrent Mark Cycle
[2024-07-05T11:03:09.926-0700][info][gc,marking     ] GC(44) Concurrent Clear Claimed Marks
[2024-07-05T11:03:09.926-0700][info][gc,marking     ] GC(44) Concurrent Clear Claimed Marks 0.010ms
[2024-07-05T11:03:09.926-0700][info][gc,marking     ] GC(44) Concurrent Scan Root Regions
[2024-07-05T11:03:09.937-0700][info][gc,marking     ] GC(44) Concurrent Scan Root Regions 11.332ms
[2024-07-05T11:03:09.937-0700][info][gc,marking     ] GC(44) Concurrent Mark
[2024-07-05T11:03:09.937-0700][info][gc,marking     ] GC(44) Concurrent Mark From Roots
[2024-07-05T11:03:09.937-0700][info][gc,task        ] GC(44) Using 1 workers of 1 for marking
[2024-07-05T11:03:10.433-0700][info][gc,marking     ] GC(44) Concurrent Mark From Roots 495.988ms
[2024-07-05T11:03:10.433-0700][info][gc,marking     ] GC(44) Concurrent Preclean
[2024-07-05T11:03:10.433-0700][info][gc,marking     ] GC(44) Concurrent Preclean 0.061ms
[2024-07-05T11:03:52.691-0700][info][gc,start       ] GC(44) Pause Remark
[2024-07-05T11:03:52.694-0700][info][gc             ] GC(44) Pause Remark 3508M->3508M(4096M) 2.773ms
[2024-07-05T11:03:52.694-0700][info][gc,cpu         ] GC(44) User=0.01s Sys=0.00s Real=0.00s
[2024-07-05T11:03:52.694-0700][info][gc,marking     ] GC(44) Concurrent Mark 42756.621ms
[2024-07-05T11:03:52.694-0700][info][gc,marking     ] GC(44) Concurrent Rebuild Remembered Sets
[2024-07-05T11:03:52.916-0700][info][gc,marking     ] GC(44) Concurrent Rebuild Remembered Sets 222.407ms
[2024-07-05T11:03:52.962-0700][info][gc,start       ] GC(44) Pause Cleanup
[2024-07-05T11:03:52.963-0700][info][gc             ] GC(44) Pause Cleanup 3508M->3508M(4096M) 0.675ms
[2024-07-05T11:03:52.963-0700][info][gc,cpu         ] GC(44) User=0.00s Sys=0.00s Real=0.00s
[2024-07-05T11:03:52.963-0700][info][gc,marking     ] GC(44) Concurrent Cleanup for Next Mark
[2024-07-05T11:03:52.970-0700][info][gc,marking     ] GC(44) Concurrent Cleanup for Next Mark 7.347ms
[2024-07-05T11:03:52.970-0700][info][gc             ] GC(44) Concurrent Mark Cycle 43044.798ms
[2024-07-05T11:04:19.838-0700][info][gc,start       ] GC(45) Pause Young (Normal) (G1 Evacuation Pause)
[2024-07-05T11:04:19.838-0700][info][gc,task        ] GC(45) Using 4 workers of 4 for evacuation
[2024-07-05T11:04:19.891-0700][info][gc,phases      ] GC(45)   Pre Evacuate Collection Set: 0.3ms
[2024-07-05T11:04:19.891-0700][info][gc,phases      ] GC(45)   Merge Heap Roots: 0.2ms
[2024-07-05T11:04:19.891-0700][info][gc,phases      ] GC(45)   Evacuate Collection Set: 52.1ms
[2024-07-05T11:04:19.891-0700][info][gc,phases      ] GC(45)   Post Evacuate Collection Set: 0.5ms
[2024-07-05T11:04:19.891-0700][info][gc,phases      ] GC(45)   Other: 0.1ms
[2024-07-05T11:04:19.891-0700][info][gc,heap        ] GC(45) Eden regions: 89->0(89)
[2024-07-05T11:04:19.891-0700][info][gc,heap        ] GC(45) Survivor regions: 13->13(13)
[2024-07-05T11:04:19.891-0700][info][gc,heap        ] GC(45) Old regions: 1735->1822
[2024-07-05T11:04:19.891-0700][info][gc,heap        ] GC(45) Archive regions: 2->2
[2024-07-05T11:04:19.891-0700][info][gc,heap        ] GC(45) Humongous regions: 8->8
[2024-07-05T11:04:19.891-0700][info][gc,metaspace   ] GC(45) Metaspace: 302K(512K)->302K(512K) NonClass: 294K(384K)->294K(384K) Class: 7K(128K)->7K(128K)
[2024-07-05T11:04:19.891-0700][info][gc             ] GC(45) Pause Young (Normal) (G1 Evacuation Pause) 3684M->3681M(4096M) 53.333ms
[2024-07-05T11:04:19.891-0700][info][gc,cpu         ] GC(45) User=0.14s Sys=0.05s Real=0.05s
[2024-07-05T11:04:50.184-0700][info][gc,start       ] GC(46) Pause Young (Concurrent Start) (G1 Evacuation Pause)
[2024-07-05T11:04:50.184-0700][info][gc,task        ] GC(46) Using 4 workers of 4 for evacuation
[2024-07-05T11:04:50.234-0700][info][gc,phases      ] GC(46)   Pre Evacuate Collection Set: 0.3ms
[2024-07-05T11:04:50.234-0700][info][gc,phases      ] GC(46)   Merge Heap Roots: 0.2ms
[2024-07-05T11:04:50.234-0700][info][gc,phases      ] GC(46)   Evacuate Collection Set: 48.0ms
[2024-07-05T11:04:50.234-0700][info][gc,phases      ] GC(46)   Post Evacuate Collection Set: 0.5ms
[2024-07-05T11:04:50.234-0700][info][gc,phases      ] GC(46)   Other: 0.3ms
[2024-07-05T11:04:50.234-0700][info][gc,heap        ] GC(46) Eden regions: 89->0(89)
[2024-07-05T11:04:50.234-0700][info][gc,heap        ] GC(46) Survivor regions: 13->13(13)
[2024-07-05T11:04:50.234-0700][info][gc,heap        ] GC(46) Old regions: 1822->1909
[2024-07-05T11:04:50.234-0700][info][gc,heap        ] GC(46) Archive regions: 2->2
[2024-07-05T11:04:50.234-0700][info][gc,heap        ] GC(46) Humongous regions: 8->8
[2024-07-05T11:04:50.234-0700][info][gc,metaspace   ] GC(46) Metaspace: 302K(512K)->302K(512K) NonClass: 294K(384K)->294K(384K) Class: 7K(128K)->7K(128K)
[2024-07-05T11:04:50.234-0700][info][gc             ] GC(46) Pause Young (Concurrent Start) (G1 Evacuation Pause) 3859M->3855M(4096M) 49.471ms
[2024-07-05T11:04:50.234-0700][info][gc,cpu         ] GC(46) User=0.15s Sys=0.02s Real=0.04s
[2024-07-05T11:04:50.234-0700][info][gc             ] GC(47) Concurrent Mark Cycle
[2024-07-05T11:04:50.234-0700][info][gc,marking     ] GC(47) Concurrent Clear Claimed Marks
[2024-07-05T11:04:50.234-0700][info][gc,marking     ] GC(47) Concurrent Clear Claimed Marks 0.007ms
[2024-07-05T11:04:50.234-0700][info][gc,marking     ] GC(47) Concurrent Scan Root Regions
[2024-07-05T11:04:50.244-0700][info][gc,marking     ] GC(47) Concurrent Scan Root Regions 10.153ms
[2024-07-05T11:04:50.244-0700][info][gc,marking     ] GC(47) Concurrent Mark
[2024-07-05T11:04:50.244-0700][info][gc,marking     ] GC(47) Concurrent Mark From Roots
[2024-07-05T11:04:50.244-0700][info][gc,task        ] GC(47) Using 1 workers of 1 for marking
[2024-07-05T11:04:50.728-0700][info][gc,marking     ] GC(47) Concurrent Mark From Roots 483.785ms
[2024-07-05T11:04:50.728-0700][info][gc,marking     ] GC(47) Concurrent Preclean
[2024-07-05T11:04:50.728-0700][info][gc,marking     ] GC(47) Concurrent Preclean 0.061ms
[2024-07-05T11:04:52.256-0700][info][gc,start       ] GC(47) Pause Remark
[2024-07-05T11:04:52.257-0700][info][gc             ] GC(47) Pause Remark 3859M->3859M(4096M) 1.312ms
[2024-07-05T11:04:52.257-0700][info][gc,cpu         ] GC(47) User=0.00s Sys=0.00s Real=0.00s
[2024-07-05T11:04:52.258-0700][info][gc,marking     ] GC(47) Concurrent Mark 2013.591ms
[2024-07-05T11:04:52.258-0700][info][gc,marking     ] GC(47) Concurrent Rebuild Remembered Sets
[2024-07-05T11:04:52.515-0700][info][gc,marking     ] GC(47) Concurrent Rebuild Remembered Sets 257.174ms
[2024-07-05T11:04:52.623-0700][info][gc,start       ] GC(47) Pause Cleanup
[2024-07-05T11:04:52.623-0700][info][gc             ] GC(47) Pause Cleanup 3859M->3859M(4096M) 0.721ms
[2024-07-05T11:04:52.623-0700][info][gc,cpu         ] GC(47) User=0.00s Sys=0.00s Real=0.01s
[2024-07-05T11:04:52.623-0700][info][gc,marking     ] GC(47) Concurrent Cleanup for Next Mark
[2024-07-05T11:04:52.630-0700][info][gc,marking     ] GC(47) Concurrent Cleanup for Next Mark 6.372ms
[2024-07-05T11:04:52.630-0700][info][gc             ] GC(47) Concurrent Mark Cycle 2396.267ms
[2024-07-05T11:05:09.028-0700][info][gc,start       ] GC(48) Pause Young (Prepare Mixed) (G1 Preventive Collection)
[2024-07-05T11:05:09.028-0700][info][gc,task        ] GC(48) Using 4 workers of 4 for evacuation
[2024-07-05T11:05:09.055-0700][info][gc,phases      ] GC(48)   Pre Evacuate Collection Set: 0.2ms
[2024-07-05T11:05:09.055-0700][info][gc,phases      ] GC(48)   Merge Heap Roots: 0.2ms
[2024-07-05T11:05:09.055-0700][info][gc,phases      ] GC(48)   Evacuate Collection Set: 26.9ms
[2024-07-05T11:05:09.055-0700][info][gc,phases      ] GC(48)   Post Evacuate Collection Set: 0.3ms
[2024-07-05T11:05:09.055-0700][info][gc,phases      ] GC(48)   Other: 0.1ms
[2024-07-05T11:05:09.055-0700][info][gc,heap        ] GC(48) Eden regions: 48->0(89)
[2024-07-05T11:05:09.055-0700][info][gc,heap        ] GC(48) Survivor regions: 13->13(13)
[2024-07-05T11:05:09.055-0700][info][gc,heap        ] GC(48) Old regions: 1909->1957
[2024-07-05T11:05:09.055-0700][info][gc,heap        ] GC(48) Archive regions: 2->2
[2024-07-05T11:05:09.055-0700][info][gc,heap        ] GC(48) Humongous regions: 8->8
[2024-07-05T11:05:09.055-0700][info][gc,metaspace   ] GC(48) Metaspace: 302K(512K)->302K(512K) NonClass: 294K(384K)->294K(384K) Class: 7K(128K)->7K(128K)
[2024-07-05T11:05:09.055-0700][info][gc             ] GC(48) Pause Young (Prepare Mixed) (G1 Preventive Collection) 3951M->3950M(4096M) 27.814ms
[2024-07-05T11:05:09.055-0700][info][gc,cpu         ] GC(48) User=0.09s Sys=0.01s Real=0.03s
[2024-07-05T11:05:16.920-0700][info][gc,start       ] GC(49) Pause Young (Mixed) (G1 Preventive Collection)
[2024-07-05T11:05:16.920-0700][info][gc,task        ] GC(49) Using 4 workers of 4 for evacuation
[2024-07-05T11:05:16.949-0700][info][gc             ] GC(49) To-space exhausted
[2024-07-05T11:05:16.949-0700][info][gc,phases      ] GC(49)   Pre Evacuate Collection Set: 0.4ms
[2024-07-05T11:05:16.949-0700][info][gc,phases      ] GC(49)   Merge Heap Roots: 0.2ms
[2024-07-05T11:05:16.949-0700][info][gc,phases      ] GC(49)   Evacuate Collection Set: 25.8ms
[2024-07-05T11:05:16.949-0700][info][gc,phases      ] GC(49)   Post Evacuate Collection Set: 2.1ms
[2024-07-05T11:05:16.949-0700][info][gc,phases      ] GC(49)   Other: 0.1ms
[2024-07-05T11:05:16.949-0700][info][gc,heap        ] GC(49) Eden regions: 24->0(96)
[2024-07-05T11:05:16.949-0700][info][gc,heap        ] GC(49) Survivor regions: 13->6(13)
[2024-07-05T11:05:16.949-0700][info][gc,heap        ] GC(49) Old regions: 1957->1989
[2024-07-05T11:05:16.949-0700][info][gc,heap        ] GC(49) Archive regions: 2->2
[2024-07-05T11:05:16.949-0700][info][gc,heap        ] GC(49) Humongous regions: 8->8
[2024-07-05T11:05:16.949-0700][info][gc,metaspace   ] GC(49) Metaspace: 302K(512K)->302K(512K) NonClass: 294K(384K)->294K(384K) Class: 7K(128K)->7K(128K)
[2024-07-05T11:05:16.949-0700][info][gc             ] GC(49) Pause Young (Mixed) (G1 Preventive Collection) 3998M->4007M(4096M) 28.662ms
[2024-07-05T11:05:16.949-0700][info][gc,cpu         ] GC(49) User=0.08s Sys=0.03s Real=0.03s
[2024-07-05T11:05:21.698-0700][info][gc,start       ] GC(50) Pause Young (Concurrent Start) (G1 Preventive Collection)
[2024-07-05T11:05:21.698-0700][info][gc,task        ] GC(50) Using 4 workers of 4 for evacuation
[2024-07-05T11:05:21.711-0700][info][gc,phases      ] GC(50)   Pre Evacuate Collection Set: 0.6ms
[2024-07-05T11:05:21.711-0700][info][gc,phases      ] GC(50)   Merge Heap Roots: 0.2ms
[2024-07-05T11:05:21.711-0700][info][gc,phases      ] GC(50)   Evacuate Collection Set: 11.0ms
[2024-07-05T11:05:21.711-0700][info][gc,phases      ] GC(50)   Post Evacuate Collection Set: 0.7ms
[2024-07-05T11:05:21.711-0700][info][gc,phases      ] GC(50)   Other: 0.3ms
[2024-07-05T11:05:21.711-0700][info][gc,heap        ] GC(50) Eden regions: 17->0(89)
[2024-07-05T11:05:21.711-0700][info][gc,heap        ] GC(50) Survivor regions: 6->13(13)
[2024-07-05T11:05:21.711-0700][info][gc,heap        ] GC(50) Old regions: 1989->1999
[2024-07-05T11:05:21.711-0700][info][gc,heap        ] GC(50) Archive regions: 2->2
[2024-07-05T11:05:21.711-0700][info][gc,heap        ] GC(50) Humongous regions: 8->8
[2024-07-05T11:05:21.711-0700][info][gc,metaspace   ] GC(50) Metaspace: 302K(512K)->302K(512K) NonClass: 294K(384K)->294K(384K) Class: 7K(128K)->7K(128K)
[2024-07-05T11:05:21.711-0700][info][gc             ] GC(50) Pause Young (Concurrent Start) (G1 Preventive Collection) 4041M->4041M(4096M) 12.902ms
[2024-07-05T11:05:21.711-0700][info][gc,cpu         ] GC(50) User=0.04s Sys=0.01s Real=0.01s
[2024-07-05T11:05:21.711-0700][info][gc             ] GC(51) Concurrent Mark Cycle
[2024-07-05T11:05:21.711-0700][info][gc,marking     ] GC(51) Concurrent Clear Claimed Marks
[2024-07-05T11:05:21.711-0700][info][gc,marking     ] GC(51) Concurrent Clear Claimed Marks 0.006ms
[2024-07-05T11:05:21.711-0700][info][gc,marking     ] GC(51) Concurrent Scan Root Regions
[2024-07-05T11:05:21.715-0700][info][gc,marking     ] GC(51) Concurrent Scan Root Regions 3.426ms
[2024-07-05T11:05:21.715-0700][info][gc,marking     ] GC(51) Concurrent Mark
[2024-07-05T11:05:21.715-0700][info][gc,marking     ] GC(51) Concurrent Mark From Roots
[2024-07-05T11:05:21.715-0700][info][gc,task        ] GC(51) Using 1 workers of 1 for marking
[2024-07-05T11:05:22.271-0700][info][gc,marking     ] GC(51) Concurrent Mark From Roots 556.352ms
[2024-07-05T11:05:22.271-0700][info][gc,marking     ] GC(51) Concurrent Preclean
[2024-07-05T11:05:22.271-0700][info][gc,marking     ] GC(51) Concurrent Preclean 0.058ms
[2024-07-05T11:05:47.147-0700][info][gc,start       ] GC(51) Pause Remark
[2024-07-05T11:05:47.148-0700][info][gc             ] GC(51) Pause Remark 4046M->4046M(4096M) 1.443ms
[2024-07-05T11:05:47.148-0700][info][gc,cpu         ] GC(51) User=0.00s Sys=0.01s Real=0.00s
[2024-07-05T11:05:47.149-0700][info][gc,marking     ] GC(51) Concurrent Mark 25433.875ms
[2024-07-05T11:05:47.149-0700][info][gc,marking     ] GC(51) Concurrent Rebuild Remembered Sets
[2024-07-05T11:05:47.432-0700][info][gc,marking     ] GC(51) Concurrent Rebuild Remembered Sets 283.904ms
[2024-07-05T11:05:47.433-0700][info][gc,start       ] GC(51) Pause Cleanup
[2024-07-05T11:05:47.434-0700][info][gc             ] GC(51) Pause Cleanup 4046M->4046M(4096M) 1.188ms
[2024-07-05T11:05:47.434-0700][info][gc,cpu         ] GC(51) User=0.00s Sys=0.00s Real=0.00s
[2024-07-05T11:05:47.434-0700][info][gc,marking     ] GC(51) Concurrent Cleanup for Next Mark
[2024-07-05T11:05:47.440-0700][info][gc,marking     ] GC(51) Concurrent Cleanup for Next Mark 6.128ms
[2024-07-05T11:05:47.440-0700][info][gc             ] GC(51) Concurrent Mark Cycle 25729.136ms
[2024-07-05T11:05:48.443-0700][info][gc,start       ] GC(52) Pause Young (Prepare Mixed) (G1 Preventive Collection)
[2024-07-05T11:05:48.443-0700][info][gc,task        ] GC(52) Using 4 workers of 4 for evacuation
[2024-07-05T11:05:48.456-0700][info][gc,phases      ] GC(52)   Pre Evacuate Collection Set: 0.3ms
[2024-07-05T11:05:48.456-0700][info][gc,phases      ] GC(52)   Merge Heap Roots: 0.3ms
[2024-07-05T11:05:48.456-0700][info][gc,phases      ] GC(52)   Evacuate Collection Set: 11.6ms
[2024-07-05T11:05:48.456-0700][info][gc,phases      ] GC(52)   Post Evacuate Collection Set: 0.5ms
[2024-07-05T11:05:48.456-0700][info][gc,phases      ] GC(52)   Other: 0.1ms
[2024-07-05T11:05:48.456-0700][info][gc,heap        ] GC(52) Eden regions: 5->0(96)
[2024-07-05T11:05:48.456-0700][info][gc,heap        ] GC(52) Survivor regions: 13->6(13)
[2024-07-05T11:05:48.456-0700][info][gc,heap        ] GC(52) Old regions: 1999->2012
[2024-07-05T11:05:48.456-0700][info][gc,heap        ] GC(52) Archive regions: 2->2
[2024-07-05T11:05:48.456-0700][info][gc,heap        ] GC(52) Humongous regions: 8->8
[2024-07-05T11:05:48.456-0700][info][gc,metaspace   ] GC(52) Metaspace: 302K(512K)->302K(512K) NonClass: 294K(384K)->294K(384K) Class: 7K(128K)->7K(128K)
[2024-07-05T11:05:48.456-0700][info][gc             ] GC(52) Pause Young (Prepare Mixed) (G1 Preventive Collection) 4051M->4052M(4096M) 12.843ms
[2024-07-05T11:05:48.456-0700][info][gc,cpu         ] GC(52) User=0.03s Sys=0.01s Real=0.01s
[2024-07-05T11:05:48.456-0700][info][gc,start       ] GC(53) Pause Young (Mixed) (G1 Preventive Collection)
[2024-07-05T11:05:48.456-0700][info][gc,task        ] GC(53) Using 4 workers of 4 for evacuation
[2024-07-05T11:05:48.515-0700][info][gc             ] GC(53) To-space exhausted
[2024-07-05T11:05:48.515-0700][info][gc,phases      ] GC(53)   Pre Evacuate Collection Set: 0.3ms
[2024-07-05T11:05:48.515-0700][info][gc,phases      ] GC(53)   Merge Heap Roots: 0.2ms
[2024-07-05T11:05:48.515-0700][info][gc,phases      ] GC(53)   Evacuate Collection Set: 48.8ms
[2024-07-05T11:05:48.515-0700][info][gc,phases      ] GC(53)   Post Evacuate Collection Set: 9.0ms
[2024-07-05T11:05:48.515-0700][info][gc,phases      ] GC(53)   Other: 0.1ms
[2024-07-05T11:05:48.515-0700][info][gc,heap        ] GC(53) Eden regions: 1->0(96)
[2024-07-05T11:05:48.515-0700][info][gc,heap        ] GC(53) Survivor regions: 6->6(13)
[2024-07-05T11:05:48.515-0700][info][gc,heap        ] GC(53) Old regions: 2012->2013
[2024-07-05T11:05:48.515-0700][info][gc,heap        ] GC(53) Archive regions: 2->2
[2024-07-05T11:05:48.515-0700][info][gc,heap        ] GC(53) Humongous regions: 8->8
[2024-07-05T11:05:48.515-0700][info][gc,metaspace   ] GC(53) Metaspace: 302K(512K)->302K(512K) NonClass: 294K(384K)->294K(384K) Class: 7K(128K)->7K(128K)
[2024-07-05T11:05:48.515-0700][info][gc             ] GC(53) Pause Young (Mixed) (G1 Preventive Collection) 4054M->4055M(4096M) 58.455ms
[2024-07-05T11:05:48.515-0700][info][gc,cpu         ] GC(53) User=0.20s Sys=0.03s Real=0.05s
[2024-07-05T11:05:48.515-0700][info][gc,start       ] GC(54) Pause Young (Mixed) (G1 Preventive Collection)
[2024-07-05T11:05:48.515-0700][info][gc,task        ] GC(54) Using 4 workers of 4 for evacuation
[2024-07-05T11:05:48.568-0700][info][gc             ] GC(54) To-space exhausted
[2024-07-05T11:05:48.568-0700][info][gc,phases      ] GC(54)   Pre Evacuate Collection Set: 0.3ms
[2024-07-05T11:05:48.568-0700][info][gc,phases      ] GC(54)   Merge Heap Roots: 0.2ms
[2024-07-05T11:05:48.568-0700][info][gc,phases      ] GC(54)   Evacuate Collection Set: 43.2ms
[2024-07-05T11:05:48.568-0700][info][gc,phases      ] GC(54)   Post Evacuate Collection Set: 9.1ms
[2024-07-05T11:05:48.568-0700][info][gc,phases      ] GC(54)   Other: 0.1ms
[2024-07-05T11:05:48.568-0700][info][gc,heap        ] GC(54) Eden regions: 1->0(95)
[2024-07-05T11:05:48.568-0700][info][gc,heap        ] GC(54) Survivor regions: 6->7(13)
[2024-07-05T11:05:48.568-0700][info][gc,heap        ] GC(54) Old regions: 2013->2022
[2024-07-05T11:05:48.568-0700][info][gc,heap        ] GC(54) Archive regions: 2->2
[2024-07-05T11:05:48.568-0700][info][gc,heap        ] GC(54) Humongous regions: 8->8
[2024-07-05T11:05:48.568-0700][info][gc,metaspace   ] GC(54) Metaspace: 302K(512K)->302K(512K) NonClass: 294K(384K)->294K(384K) Class: 7K(128K)->7K(128K)
[2024-07-05T11:05:48.568-0700][info][gc             ] GC(54) Pause Young (Mixed) (G1 Preventive Collection) 4057M->4075M(4096M) 52.892ms
[2024-07-05T11:05:48.568-0700][info][gc,cpu         ] GC(54) User=0.15s Sys=0.05s Real=0.05s
[2024-07-05T11:05:50.509-0700][info][gc,start       ] GC(55) Pause Young (Mixed) (G1 Preventive Collection)
[2024-07-05T11:05:50.509-0700][info][gc,task        ] GC(55) Using 4 workers of 4 for evacuation
[2024-07-05T11:05:50.571-0700][info][gc             ] GC(55) To-space exhausted
[2024-07-05T11:05:50.571-0700][info][gc,phases      ] GC(55)   Pre Evacuate Collection Set: 0.4ms
[2024-07-05T11:05:50.571-0700][info][gc,phases      ] GC(55)   Merge Heap Roots: 0.3ms
[2024-07-05T11:05:50.571-0700][info][gc,phases      ] GC(55)   Evacuate Collection Set: 52.0ms
[2024-07-05T11:05:50.571-0700][info][gc,phases      ] GC(55)   Post Evacuate Collection Set: 9.3ms
[2024-07-05T11:05:50.571-0700][info][gc,phases      ] GC(55)   Other: 0.2ms
[2024-07-05T11:05:50.571-0700][info][gc,heap        ] GC(55) Eden regions: 1->0(102)
[2024-07-05T11:05:50.571-0700][info][gc,heap        ] GC(55) Survivor regions: 7->0(8)
[2024-07-05T11:05:50.571-0700][info][gc,heap        ] GC(55) Old regions: 2022->2038
[2024-07-05T11:05:50.571-0700][info][gc,heap        ] GC(55) Archive regions: 2->2
[2024-07-05T11:05:50.571-0700][info][gc,heap        ] GC(55) Humongous regions: 8->8
[2024-07-05T11:05:50.571-0700][info][gc,metaspace   ] GC(55) Metaspace: 302K(512K)->302K(512K) NonClass: 294K(384K)->294K(384K) Class: 7K(128K)->7K(128K)
[2024-07-05T11:05:50.571-0700][info][gc             ] GC(55) Pause Young (Mixed) (G1 Preventive Collection) 4077M->4093M(4096M) 62.178ms
[2024-07-05T11:05:50.571-0700][info][gc,cpu         ] GC(55) User=0.19s Sys=0.02s Real=0.06s
[2024-07-05T11:05:50.571-0700][info][gc,ergo        ] Attempting full compaction
[2024-07-05T11:05:50.571-0700][info][gc,task        ] GC(56) Using 4 workers of 4 for full compaction
[2024-07-05T11:05:50.572-0700][info][gc,start       ] GC(56) Pause Full (G1 Compaction Pause)
[2024-07-05T11:05:50.572-0700][info][gc,phases,start] GC(56) Phase 1: Mark live objects
[2024-07-05T11:05:50.675-0700][info][gc,phases      ] GC(56) Phase 1: Mark live objects 103.430ms
[2024-07-05T11:05:50.675-0700][info][gc,phases,start] GC(56) Phase 2: Prepare for compaction
[2024-07-05T11:05:50.754-0700][info][gc,phases      ] GC(56) Phase 2: Prepare for compaction 78.747ms
[2024-07-05T11:05:50.754-0700][info][gc,phases,start] GC(56) Phase 3: Adjust pointers
[2024-07-05T11:05:50.840-0700][info][gc,phases      ] GC(56) Phase 3: Adjust pointers 85.778ms
[2024-07-05T11:05:50.840-0700][info][gc,phases,start] GC(56) Phase 4: Compact heap
[2024-07-05T11:05:51.251-0700][info][gc,phases      ] GC(56) Phase 4: Compact heap 411.553ms
[2024-07-05T11:05:51.255-0700][info][gc,heap        ] GC(56) Eden regions: 0->0(102)
[2024-07-05T11:05:51.255-0700][info][gc,heap        ] GC(56) Survivor regions: 0->0(8)
[2024-07-05T11:05:51.255-0700][info][gc,heap        ] GC(56) Old regions: 2038->1741
[2024-07-05T11:05:51.255-0700][info][gc,heap        ] GC(56) Archive regions: 2->2
[2024-07-05T11:05:51.255-0700][info][gc,heap        ] GC(56) Humongous regions: 8->8
[2024-07-05T11:05:51.255-0700][info][gc,metaspace   ] GC(56) Metaspace: 302K(512K)->302K(512K) NonClass: 294K(384K)->294K(384K) Class: 7K(128K)->7K(128K)
[2024-07-05T11:05:51.255-0700][info][gc             ] GC(56) Pause Full (G1 Compaction Pause) 4093M->3495M(4096M) 683.211ms
[2024-07-05T11:05:51.255-0700][info][gc,cpu         ] GC(56) User=2.67s Sys=0.00s Real=0.68s
[2024-07-05T11:06:25.073-0700][info][gc,start       ] GC(57) Pause Young (Concurrent Start) (G1 Evacuation Pause)
[2024-07-05T11:06:25.073-0700][info][gc,task        ] GC(57) Using 4 workers of 4 for evacuation
[2024-07-05T11:06:25.128-0700][info][gc,phases      ] GC(57)   Pre Evacuate Collection Set: 0.4ms
[2024-07-05T11:06:25.129-0700][info][gc,phases      ] GC(57)   Merge Heap Roots: 0.2ms
[2024-07-05T11:06:25.129-0700][info][gc,phases      ] GC(57)   Evacuate Collection Set: 54.3ms
[2024-07-05T11:06:25.129-0700][info][gc,phases      ] GC(57)   Post Evacuate Collection Set: 0.4ms
[2024-07-05T11:06:25.129-0700][info][gc,phases      ] GC(57)   Other: 0.2ms
[2024-07-05T11:06:25.129-0700][info][gc,heap        ] GC(57) Eden regions: 102->0(89)
[2024-07-05T11:06:25.129-0700][info][gc,heap        ] GC(57) Survivor regions: 0->13(13)
[2024-07-05T11:06:25.129-0700][info][gc,heap        ] GC(57) Old regions: 1741->1829
[2024-07-05T11:06:25.129-0700][info][gc,heap        ] GC(57) Archive regions: 2->2
[2024-07-05T11:06:25.129-0700][info][gc,heap        ] GC(57) Humongous regions: 8->8
[2024-07-05T11:06:25.129-0700][info][gc,metaspace   ] GC(57) Metaspace: 302K(512K)->302K(512K) NonClass: 294K(384K)->294K(384K) Class: 7K(128K)->7K(128K)
[2024-07-05T11:06:25.129-0700][info][gc             ] GC(57) Pause Young (Concurrent Start) (G1 Evacuation Pause) 3699M->3696M(4096M) 55.581ms
[2024-07-05T11:06:25.129-0700][info][gc,cpu         ] GC(57) User=0.15s Sys=0.05s Real=0.06s
[2024-07-05T11:06:25.129-0700][info][gc             ] GC(58) Concurrent Mark Cycle
[2024-07-05T11:06:25.129-0700][info][gc,marking     ] GC(58) Concurrent Clear Claimed Marks
[2024-07-05T11:06:25.129-0700][info][gc,marking     ] GC(58) Concurrent Clear Claimed Marks 0.005ms
[2024-07-05T11:06:25.129-0700][info][gc,marking     ] GC(58) Concurrent Scan Root Regions
[2024-07-05T11:06:25.140-0700][info][gc,marking     ] GC(58) Concurrent Scan Root Regions 11.088ms
[2024-07-05T11:06:25.140-0700][info][gc,marking     ] GC(58) Concurrent Mark
[2024-07-05T11:06:25.140-0700][info][gc,marking     ] GC(58) Concurrent Mark From Roots
[2024-07-05T11:06:25.140-0700][info][gc,task        ] GC(58) Using 1 workers of 1 for marking
[2024-07-05T11:06:25.687-0700][info][gc,marking     ] GC(58) Concurrent Mark From Roots 546.766ms
[2024-07-05T11:06:25.687-0700][info][gc,marking     ] GC(58) Concurrent Preclean
[2024-07-05T11:06:25.687-0700][info][gc,marking     ] GC(58) Concurrent Preclean 0.062ms
[2024-07-05T11:06:38.456-0700][info][gc,start       ] GC(58) Pause Remark
[2024-07-05T11:06:38.457-0700][info][gc             ] GC(58) Pause Remark 3700M->3700M(4096M) 1.370ms
[2024-07-05T11:06:38.457-0700][info][gc,cpu         ] GC(58) User=0.01s Sys=0.00s Real=0.00s
[2024-07-05T11:06:38.457-0700][info][gc,marking     ] GC(58) Concurrent Mark 13317.427ms
[2024-07-05T11:06:38.457-0700][info][gc,marking     ] GC(58) Concurrent Rebuild Remembered Sets
[2024-07-05T11:06:38.703-0700][info][gc,marking     ] GC(58) Concurrent Rebuild Remembered Sets 245.523ms
[2024-07-05T11:06:39.754-0700][info][gc,start       ] GC(58) Pause Cleanup
[2024-07-05T11:06:39.755-0700][info][gc             ] GC(58) Pause Cleanup 3700M->3700M(4096M) 0.914ms
[2024-07-05T11:06:39.755-0700][info][gc,cpu         ] GC(58) User=0.00s Sys=0.00s Real=0.00s
[2024-07-05T11:06:39.755-0700][info][gc,marking     ] GC(58) Concurrent Cleanup for Next Mark
[2024-07-05T11:06:39.761-0700][info][gc,marking     ] GC(58) Concurrent Cleanup for Next Mark 6.225ms
[2024-07-05T11:06:39.761-0700][info][gc             ] GC(58) Concurrent Mark Cycle 14632.575ms
[2024-07-05T11:07:11.131-0700][info][gc,start       ] GC(59) Pause Young (Normal) (G1 Evacuation Pause)
[2024-07-05T11:07:11.132-0700][info][gc,task        ] GC(59) Using 4 workers of 4 for evacuation
[2024-07-05T11:07:11.188-0700][info][gc,phases      ] GC(59)   Pre Evacuate Collection Set: 0.2ms
[2024-07-05T11:07:11.188-0700][info][gc,phases      ] GC(59)   Merge Heap Roots: 0.3ms
[2024-07-05T11:07:11.188-0700][info][gc,phases      ] GC(59)   Evacuate Collection Set: 55.1ms
[2024-07-05T11:07:11.188-0700][info][gc,phases      ] GC(59)   Post Evacuate Collection Set: 0.8ms
[2024-07-05T11:07:11.188-0700][info][gc,phases      ] GC(59)   Other: 0.1ms
[2024-07-05T11:07:11.188-0700][info][gc,heap        ] GC(59) Eden regions: 89->0(89)
[2024-07-05T11:07:11.188-0700][info][gc,heap        ] GC(59) Survivor regions: 13->13(13)
[2024-07-05T11:07:11.188-0700][info][gc,heap        ] GC(59) Old regions: 1829->1916
[2024-07-05T11:07:11.188-0700][info][gc,heap        ] GC(59) Archive regions: 2->2
[2024-07-05T11:07:11.188-0700][info][gc,heap        ] GC(59) Humongous regions: 8->8
[2024-07-05T11:07:11.188-0700][info][gc,metaspace   ] GC(59) Metaspace: 302K(512K)->302K(512K) NonClass: 294K(384K)->294K(384K) Class: 7K(128K)->7K(128K)
[2024-07-05T11:07:11.188-0700][info][gc             ] GC(59) Pause Young (Normal) (G1 Evacuation Pause) 3874M->3871M(4096M) 56.597ms
[2024-07-05T11:07:11.188-0700][info][gc,cpu         ] GC(59) User=0.17s Sys=0.03s Real=0.06s
[2024-07-05T11:07:27.398-0700][info][gc,start       ] GC(60) Pause Young (Concurrent Start) (G1 Preventive Collection)
[2024-07-05T11:07:27.398-0700][info][gc,task        ] GC(60) Using 4 workers of 4 for evacuation
[2024-07-05T11:07:27.425-0700][info][gc,phases      ] GC(60)   Pre Evacuate Collection Set: 0.4ms
[2024-07-05T11:07:27.425-0700][info][gc,phases      ] GC(60)   Merge Heap Roots: 0.2ms
[2024-07-05T11:07:27.425-0700][info][gc,phases      ] GC(60)   Evacuate Collection Set: 25.9ms
[2024-07-05T11:07:27.425-0700][info][gc,phases      ] GC(60)   Post Evacuate Collection Set: 0.5ms
[2024-07-05T11:07:27.425-0700][info][gc,phases      ] GC(60)   Other: 0.2ms
[2024-07-05T11:07:27.425-0700][info][gc,heap        ] GC(60) Eden regions: 45->0(89)
[2024-07-05T11:07:27.425-0700][info][gc,heap        ] GC(60) Survivor regions: 13->13(13)
[2024-07-05T11:07:27.425-0700][info][gc,heap        ] GC(60) Old regions: 1916->1961
[2024-07-05T11:07:27.425-0700][info][gc,heap        ] GC(60) Archive regions: 2->2
[2024-07-05T11:07:27.425-0700][info][gc,heap        ] GC(60) Humongous regions: 8->8
[2024-07-05T11:07:27.425-0700][info][gc,metaspace   ] GC(60) Metaspace: 302K(512K)->302K(512K) NonClass: 294K(384K)->294K(384K) Class: 7K(128K)->7K(128K)
[2024-07-05T11:07:27.425-0700][info][gc             ] GC(60) Pause Young (Concurrent Start) (G1 Preventive Collection) 3961M->3960M(4096M) 27.217ms
[2024-07-05T11:07:27.425-0700][info][gc,cpu         ] GC(60) User=0.08s Sys=0.01s Real=0.03s
[2024-07-05T11:07:27.425-0700][info][gc             ] GC(61) Concurrent Mark Cycle
[2024-07-05T11:07:27.425-0700][info][gc,marking     ] GC(61) Concurrent Clear Claimed Marks
[2024-07-05T11:07:27.425-0700][info][gc,marking     ] GC(61) Concurrent Clear Claimed Marks 0.009ms
[2024-07-05T11:07:27.425-0700][info][gc,marking     ] GC(61) Concurrent Scan Root Regions
[2024-07-05T11:07:27.434-0700][info][gc,marking     ] GC(61) Concurrent Scan Root Regions 8.389ms
[2024-07-05T11:07:27.434-0700][info][gc,marking     ] GC(61) Concurrent Mark
[2024-07-05T11:07:27.434-0700][info][gc,marking     ] GC(61) Concurrent Mark From Roots
[2024-07-05T11:07:27.434-0700][info][gc,task        ] GC(61) Using 1 workers of 1 for marking
[2024-07-05T11:07:28.004-0700][info][gc,marking     ] GC(61) Concurrent Mark From Roots 570.699ms
[2024-07-05T11:07:28.004-0700][info][gc,marking     ] GC(61) Concurrent Preclean
[2024-07-05T11:07:28.004-0700][info][gc,marking     ] GC(61) Concurrent Preclean 0.058ms
[2024-07-05T11:08:01.559-0700][info][gc,start       ] GC(61) Pause Remark
[2024-07-05T11:08:01.560-0700][info][gc             ] GC(61) Pause Remark 3964M->3964M(4096M) 1.368ms
[2024-07-05T11:08:01.560-0700][info][gc,cpu         ] GC(61) User=0.01s Sys=0.00s Real=0.00s
[2024-07-05T11:08:01.560-0700][info][gc,marking     ] GC(61) Concurrent Mark 34126.439ms
[2024-07-05T11:08:01.560-0700][info][gc,marking     ] GC(61) Concurrent Rebuild Remembered Sets
[2024-07-05T11:08:01.819-0700][info][gc,marking     ] GC(61) Concurrent Rebuild Remembered Sets 259.304ms
[2024-07-05T11:08:02.333-0700][info][gc,start       ] GC(61) Pause Cleanup
[2024-07-05T11:08:02.334-0700][info][gc             ] GC(61) Pause Cleanup 3964M->3964M(4096M) 0.716ms
[2024-07-05T11:08:02.334-0700][info][gc,cpu         ] GC(61) User=0.00s Sys=0.00s Real=0.00s
[2024-07-05T11:08:02.334-0700][info][gc,marking     ] GC(61) Concurrent Cleanup for Next Mark
[2024-07-05T11:08:02.341-0700][info][gc,marking     ] GC(61) Concurrent Cleanup for Next Mark 6.964ms
[2024-07-05T11:08:02.341-0700][info][gc             ] GC(61) Concurrent Mark Cycle 34916.027ms
[2024-07-05T11:08:10.085-0700][info][gc,start       ] GC(62) Pause Young (Normal) (G1 Preventive Collection)
[2024-07-05T11:08:10.085-0700][info][gc,task        ] GC(62) Using 4 workers of 4 for evacuation
[2024-07-05T11:08:10.106-0700][info][gc,phases      ] GC(62)   Pre Evacuate Collection Set: 0.3ms
[2024-07-05T11:08:10.106-0700][info][gc,phases      ] GC(62)   Merge Heap Roots: 0.3ms
[2024-07-05T11:08:10.106-0700][info][gc,phases      ] GC(62)   Evacuate Collection Set: 19.3ms
[2024-07-05T11:08:10.106-0700][info][gc,phases      ] GC(62)   Post Evacuate Collection Set: 0.8ms
[2024-07-05T11:08:10.106-0700][info][gc,phases      ] GC(62)   Other: 0.1ms
[2024-07-05T11:08:10.106-0700][info][gc,heap        ] GC(62) Eden regions: 23->0(89)
[2024-07-05T11:08:10.106-0700][info][gc,heap        ] GC(62) Survivor regions: 13->13(13)
[2024-07-05T11:08:10.106-0700][info][gc,heap        ] GC(62) Old regions: 1961->1984
[2024-07-05T11:08:10.106-0700][info][gc,heap        ] GC(62) Archive regions: 2->2
[2024-07-05T11:08:10.106-0700][info][gc,heap        ] GC(62) Humongous regions: 8->8
[2024-07-05T11:08:10.106-0700][info][gc,metaspace   ] GC(62) Metaspace: 302K(512K)->302K(512K) NonClass: 294K(384K)->294K(384K) Class: 7K(128K)->7K(128K)
[2024-07-05T11:08:10.106-0700][info][gc             ] GC(62) Pause Young (Normal) (G1 Preventive Collection) 4006M->4005M(4096M) 20.946ms
[2024-07-05T11:08:10.106-0700][info][gc,cpu         ] GC(62) User=0.07s Sys=0.00s Real=0.02s
[2024-07-05T11:08:13.788-0700][info][gc,start       ] GC(63) Pause Young (Concurrent Start) (G1 Preventive Collection)
[2024-07-05T11:08:13.788-0700][info][gc,task        ] GC(63) Using 4 workers of 4 for evacuation
[2024-07-05T11:08:13.803-0700][info][gc,phases      ] GC(63)   Pre Evacuate Collection Set: 0.4ms
[2024-07-05T11:08:13.803-0700][info][gc,phases      ] GC(63)   Merge Heap Roots: 0.3ms
[2024-07-05T11:08:13.803-0700][info][gc,phases      ] GC(63)   Evacuate Collection Set: 13.6ms
[2024-07-05T11:08:13.803-0700][info][gc,phases      ] GC(63)   Post Evacuate Collection Set: 0.8ms
[2024-07-05T11:08:13.803-0700][info][gc,phases      ] GC(63)   Other: 0.2ms
[2024-07-05T11:08:13.803-0700][info][gc,heap        ] GC(63) Eden regions: 12->0(89)
[2024-07-05T11:08:13.803-0700][info][gc,heap        ] GC(63) Survivor regions: 13->13(13)
[2024-07-05T11:08:13.803-0700][info][gc,heap        ] GC(63) Old regions: 1984->1997
[2024-07-05T11:08:13.803-0700][info][gc,heap        ] GC(63) Archive regions: 2->2
[2024-07-05T11:08:13.803-0700][info][gc,heap        ] GC(63) Humongous regions: 8->8
[2024-07-05T11:08:13.803-0700][info][gc,metaspace   ] GC(63) Metaspace: 302K(512K)->302K(512K) NonClass: 294K(384K)->294K(384K) Class: 7K(128K)->7K(128K)
[2024-07-05T11:08:13.803-0700][info][gc             ] GC(63) Pause Young (Concurrent Start) (G1 Preventive Collection) 4029M->4031M(4096M) 15.377ms
[2024-07-05T11:08:13.803-0700][info][gc,cpu         ] GC(63) User=0.05s Sys=0.01s Real=0.02s
[2024-07-05T11:08:13.803-0700][info][gc             ] GC(64) Concurrent Mark Cycle
[2024-07-05T11:08:13.803-0700][info][gc,marking     ] GC(64) Concurrent Clear Claimed Marks
[2024-07-05T11:08:13.803-0700][info][gc,marking     ] GC(64) Concurrent Clear Claimed Marks 0.006ms
[2024-07-05T11:08:13.803-0700][info][gc,marking     ] GC(64) Concurrent Scan Root Regions
[2024-07-05T11:08:13.807-0700][info][gc,marking     ] GC(64) Concurrent Scan Root Regions 4.141ms
[2024-07-05T11:08:13.807-0700][info][gc,marking     ] GC(64) Concurrent Mark
[2024-07-05T11:08:13.807-0700][info][gc,marking     ] GC(64) Concurrent Mark From Roots
[2024-07-05T11:08:13.807-0700][info][gc,task        ] GC(64) Using 1 workers of 1 for marking
[2024-07-05T11:08:14.406-0700][info][gc,marking     ] GC(64) Concurrent Mark From Roots 598.883ms
[2024-07-05T11:08:14.406-0700][info][gc,marking     ] GC(64) Concurrent Preclean
[2024-07-05T11:08:14.406-0700][info][gc,marking     ] GC(64) Concurrent Preclean 0.060ms
[2024-07-05T11:08:18.596-0700][info][gc,start       ] GC(64) Pause Remark
[2024-07-05T11:08:18.597-0700][info][gc             ] GC(64) Pause Remark 4034M->4034M(4096M) 1.196ms
[2024-07-05T11:08:18.597-0700][info][gc,cpu         ] GC(64) User=0.00s Sys=0.00s Real=0.00s
[2024-07-05T11:08:18.597-0700][info][gc,marking     ] GC(64) Concurrent Mark 4790.147ms
[2024-07-05T11:08:18.598-0700][info][gc,marking     ] GC(64) Concurrent Rebuild Remembered Sets
[2024-07-05T11:08:18.859-0700][info][gc,marking     ] GC(64) Concurrent Rebuild Remembered Sets 261.212ms
[2024-07-05T11:08:20.385-0700][info][gc,start       ] GC(64) Pause Cleanup
[2024-07-05T11:08:20.386-0700][info][gc             ] GC(64) Pause Cleanup 4034M->4034M(4096M) 1.014ms
[2024-07-05T11:08:20.387-0700][info][gc,cpu         ] GC(64) User=0.00s Sys=0.00s Real=0.00s
[2024-07-05T11:08:20.387-0700][info][gc,marking     ] GC(64) Concurrent Cleanup for Next Mark
[2024-07-05T11:08:20.389-0700][info][gc,start       ] GC(65) Pause Young (Normal) (G1 Preventive Collection)
[2024-07-05T11:08:20.389-0700][info][gc,task        ] GC(65) Using 4 workers of 4 for evacuation
[2024-07-05T11:08:20.398-0700][info][gc,phases      ] GC(65)   Pre Evacuate Collection Set: 0.4ms
[2024-07-05T11:08:20.398-0700][info][gc,phases      ] GC(65)   Merge Heap Roots: 0.2ms
[2024-07-05T11:08:20.398-0700][info][gc,phases      ] GC(65)   Evacuate Collection Set: 7.9ms
[2024-07-05T11:08:20.398-0700][info][gc,phases      ] GC(65)   Post Evacuate Collection Set: 0.7ms
[2024-07-05T11:08:20.398-0700][info][gc,phases      ] GC(65)   Other: 0.1ms
[2024-07-05T11:08:20.398-0700][info][gc,heap        ] GC(65) Eden regions: 6->0(94)
[2024-07-05T11:08:20.398-0700][info][gc,heap        ] GC(65) Survivor regions: 13->8(13)
[2024-07-05T11:08:20.398-0700][info][gc,heap        ] GC(65) Old regions: 1997->2009
[2024-07-05T11:08:20.398-0700][info][gc,heap        ] GC(65) Archive regions: 2->2
[2024-07-05T11:08:20.398-0700][info][gc,heap        ] GC(65) Humongous regions: 8->8
[2024-07-05T11:08:20.398-0700][info][gc,metaspace   ] GC(65) Metaspace: 302K(512K)->302K(512K) NonClass: 294K(384K)->294K(384K) Class: 7K(128K)->7K(128K)
[2024-07-05T11:08:20.398-0700][info][gc             ] GC(65) Pause Young (Normal) (G1 Preventive Collection) 4043M->4044M(4096M) 9.342ms
[2024-07-05T11:08:20.398-0700][info][gc,cpu         ] GC(65) User=0.03s Sys=0.00s Real=0.01s
[2024-07-05T11:08:20.402-0700][info][gc,marking     ] GC(64) Concurrent Cleanup for Next Mark 15.247ms
[2024-07-05T11:08:20.402-0700][info][gc             ] GC(64) Concurrent Mark Cycle 6598.844ms
[2024-07-05T11:08:24.112-0700][info][gc,start       ] GC(66) Pause Young (Normal) (G1 Preventive Collection)
[2024-07-05T11:08:24.112-0700][info][gc,task        ] GC(66) Using 4 workers of 4 for evacuation
[2024-07-05T11:08:24.119-0700][info][gc,phases      ] GC(66)   Pre Evacuate Collection Set: 0.3ms
[2024-07-05T11:08:24.119-0700][info][gc,phases      ] GC(66)   Merge Heap Roots: 0.2ms
[2024-07-05T11:08:24.119-0700][info][gc,phases      ] GC(66)   Evacuate Collection Set: 5.8ms
[2024-07-05T11:08:24.119-0700][info][gc,phases      ] GC(66)   Post Evacuate Collection Set: 0.7ms
[2024-07-05T11:08:24.119-0700][info][gc,phases      ] GC(66)   Other: 0.1ms
[2024-07-05T11:08:24.119-0700][info][gc,heap        ] GC(66) Eden regions: 6->0(89)
[2024-07-05T11:08:24.119-0700][info][gc,heap        ] GC(66) Survivor regions: 8->13(13)
[2024-07-05T11:08:24.119-0700][info][gc,heap        ] GC(66) Old regions: 2009->2009
[2024-07-05T11:08:24.119-0700][info][gc,heap        ] GC(66) Archive regions: 2->2
[2024-07-05T11:08:24.119-0700][info][gc,heap        ] GC(66) Humongous regions: 8->8
[2024-07-05T11:08:24.119-0700][info][gc,metaspace   ] GC(66) Metaspace: 302K(512K)->302K(512K) NonClass: 294K(384K)->294K(384K) Class: 7K(128K)->7K(128K)
[2024-07-05T11:08:24.119-0700][info][gc             ] GC(66) Pause Young (Normal) (G1 Preventive Collection) 4056M->4055M(4096M) 7.243ms
[2024-07-05T11:08:24.119-0700][info][gc,cpu         ] GC(66) User=0.03s Sys=0.00s Real=0.01s
[2024-07-05T11:08:24.120-0700][info][gc,start       ] GC(67) Pause Young (Concurrent Start) (G1 Preventive Collection)
[2024-07-05T11:08:24.120-0700][info][gc,task        ] GC(67) Using 4 workers of 4 for evacuation
[2024-07-05T11:08:24.126-0700][info][gc,phases      ] GC(67)   Pre Evacuate Collection Set: 0.3ms
[2024-07-05T11:08:24.126-0700][info][gc,phases      ] GC(67)   Merge Heap Roots: 0.2ms
[2024-07-05T11:08:24.126-0700][info][gc,phases      ] GC(67)   Evacuate Collection Set: 5.3ms
[2024-07-05T11:08:24.127-0700][info][gc,phases      ] GC(67)   Post Evacuate Collection Set: 0.8ms
[2024-07-05T11:08:24.127-0700][info][gc,phases      ] GC(67)   Other: 0.2ms
[2024-07-05T11:08:24.127-0700][info][gc,heap        ] GC(67) Eden regions: 1->0(94)
[2024-07-05T11:08:24.127-0700][info][gc,heap        ] GC(67) Survivor regions: 13->8(13)
[2024-07-05T11:08:24.127-0700][info][gc,heap        ] GC(67) Old regions: 2009->2015
[2024-07-05T11:08:24.127-0700][info][gc,heap        ] GC(67) Archive regions: 2->2
[2024-07-05T11:08:24.127-0700][info][gc,heap        ] GC(67) Humongous regions: 8->8
[2024-07-05T11:08:24.127-0700][info][gc,metaspace   ] GC(67) Metaspace: 302K(512K)->302K(512K) NonClass: 294K(384K)->294K(384K) Class: 7K(128K)->7K(128K)
[2024-07-05T11:08:24.127-0700][info][gc             ] GC(67) Pause Young (Concurrent Start) (G1 Preventive Collection) 4057M->4057M(4096M) 6.952ms
[2024-07-05T11:08:24.127-0700][info][gc,cpu         ] GC(67) User=0.02s Sys=0.00s Real=0.01s
[2024-07-05T11:08:24.127-0700][info][gc             ] GC(68) Concurrent Mark Cycle
[2024-07-05T11:08:24.127-0700][info][gc,marking     ] GC(68) Concurrent Clear Claimed Marks
[2024-07-05T11:08:24.127-0700][info][gc,marking     ] GC(68) Concurrent Clear Claimed Marks 0.007ms
[2024-07-05T11:08:24.127-0700][info][gc,marking     ] GC(68) Concurrent Scan Root Regions
[2024-07-05T11:08:24.129-0700][info][gc,marking     ] GC(68) Concurrent Scan Root Regions 2.076ms
[2024-07-05T11:08:24.129-0700][info][gc,marking     ] GC(68) Concurrent Mark
[2024-07-05T11:08:24.129-0700][info][gc,marking     ] GC(68) Concurrent Mark From Roots
[2024-07-05T11:08:24.129-0700][info][gc,task        ] GC(68) Using 1 workers of 1 for marking
[2024-07-05T11:08:24.129-0700][info][gc,start       ] GC(69) Pause Young (Normal) (G1 Preventive Collection)
[2024-07-05T11:08:24.129-0700][info][gc,task        ] GC(69) Using 4 workers of 4 for evacuation
[2024-07-05T11:08:24.134-0700][info][gc,phases      ] GC(69)   Pre Evacuate Collection Set: 1.6ms
[2024-07-05T11:08:24.134-0700][info][gc,phases      ] GC(69)   Merge Heap Roots: 0.2ms
[2024-07-05T11:08:24.134-0700][info][gc,phases      ] GC(69)   Evacuate Collection Set: 4.5ms
[2024-07-05T11:08:24.134-0700][info][gc,phases      ] GC(69)   Post Evacuate Collection Set: 0.5ms
[2024-07-05T11:08:24.134-0700][info][gc,phases      ] GC(69)   Other: 0.1ms
[2024-07-05T11:08:24.134-0700][info][gc,heap        ] GC(69) Eden regions: 3->0(97)
[2024-07-05T11:08:24.134-0700][info][gc,heap        ] GC(69) Survivor regions: 8->5(12)
[2024-07-05T11:08:24.134-0700][info][gc,heap        ] GC(69) Old regions: 2015->2021
[2024-07-05T11:08:24.134-0700][info][gc,heap        ] GC(69) Archive regions: 2->2
[2024-07-05T11:08:24.134-0700][info][gc,heap        ] GC(69) Humongous regions: 8->8
[2024-07-05T11:08:24.134-0700][info][gc,metaspace   ] GC(69) Metaspace: 302K(512K)->302K(512K) NonClass: 294K(384K)->294K(384K) Class: 7K(128K)->7K(128K)
[2024-07-05T11:08:24.134-0700][info][gc             ] GC(69) Pause Young (Normal) (G1 Preventive Collection) 4063M->4062M(4096M) 5.658ms
[2024-07-05T11:08:24.134-0700][info][gc,cpu         ] GC(69) User=0.01s Sys=0.00s Real=0.00s
[2024-07-05T11:08:24.670-0700][info][gc,marking     ] GC(68) Concurrent Mark From Roots 541.420ms
[2024-07-05T11:08:24.670-0700][info][gc,marking     ] GC(68) Concurrent Preclean
[2024-07-05T11:08:24.670-0700][info][gc,marking     ] GC(68) Concurrent Preclean 0.058ms
[2024-07-05T11:08:25.597-0700][info][gc,start       ] GC(68) Pause Remark
[2024-07-05T11:08:25.598-0700][info][gc             ] GC(68) Pause Remark 4063M->4063M(4096M) 0.957ms
[2024-07-05T11:08:25.598-0700][info][gc,cpu         ] GC(68) User=0.00s Sys=0.00s Real=0.00s
[2024-07-05T11:08:25.598-0700][info][gc,marking     ] GC(68) Concurrent Mark 1469.416ms
[2024-07-05T11:08:25.598-0700][info][gc,marking     ] GC(68) Concurrent Rebuild Remembered Sets
[2024-07-05T11:08:25.861-0700][info][gc,marking     ] GC(68) Concurrent Rebuild Remembered Sets 263.194ms
[2024-07-05T11:08:25.918-0700][info][gc,start       ] GC(68) Pause Cleanup
[2024-07-05T11:08:25.919-0700][info][gc             ] GC(68) Pause Cleanup 4063M->4063M(4096M) 0.819ms
[2024-07-05T11:08:25.919-0700][info][gc,cpu         ] GC(68) User=0.00s Sys=0.00s Real=0.00s
[2024-07-05T11:08:25.919-0700][info][gc,marking     ] GC(68) Concurrent Cleanup for Next Mark
[2024-07-05T11:08:25.925-0700][info][gc,marking     ] GC(68) Concurrent Cleanup for Next Mark 6.451ms
[2024-07-05T11:08:25.925-0700][info][gc             ] GC(68) Concurrent Mark Cycle 1798.766ms
[2024-07-05T11:08:27.471-0700][info][gc,start       ] GC(70) Pause Young (Normal) (G1 Preventive Collection)
[2024-07-05T11:08:27.471-0700][info][gc,task        ] GC(70) Using 4 workers of 4 for evacuation
[2024-07-05T11:08:27.480-0700][info][gc,phases      ] GC(70)   Pre Evacuate Collection Set: 0.4ms
[2024-07-05T11:08:27.480-0700][info][gc,phases      ] GC(70)   Merge Heap Roots: 0.2ms
[2024-07-05T11:08:27.480-0700][info][gc,phases      ] GC(70)   Evacuate Collection Set: 8.3ms
[2024-07-05T11:08:27.480-0700][info][gc,phases      ] GC(70)   Post Evacuate Collection Set: 0.7ms
[2024-07-05T11:08:27.480-0700][info][gc,phases      ] GC(70)   Other: 0.1ms
[2024-07-05T11:08:27.480-0700][info][gc,heap        ] GC(70) Eden regions: 3->0(94)
[2024-07-05T11:08:27.480-0700][info][gc,heap        ] GC(70) Survivor regions: 5->8(9)
[2024-07-05T11:08:27.480-0700][info][gc,heap        ] GC(70) Old regions: 2021->2021
[2024-07-05T11:08:27.480-0700][info][gc,heap        ] GC(70) Archive regions: 2->2
[2024-07-05T11:08:27.480-0700][info][gc,heap        ] GC(70) Humongous regions: 8->8
[2024-07-05T11:08:27.480-0700][info][gc,metaspace   ] GC(70) Metaspace: 302K(512K)->302K(512K) NonClass: 294K(384K)->294K(384K) Class: 7K(128K)->7K(128K)
[2024-07-05T11:08:27.480-0700][info][gc             ] GC(70) Pause Young (Normal) (G1 Preventive Collection) 4068M->4068M(4096M) 9.838ms
[2024-07-05T11:08:27.480-0700][info][gc,cpu         ] GC(70) User=0.03s Sys=0.00s Real=0.01s
[2024-07-05T11:08:27.481-0700][info][gc,start       ] GC(71) Pause Young (Concurrent Start) (G1 Preventive Collection)
[2024-07-05T11:08:27.481-0700][info][gc,task        ] GC(71) Using 4 workers of 4 for evacuation
[2024-07-05T11:08:27.484-0700][info][gc,phases      ] GC(71)   Pre Evacuate Collection Set: 0.3ms
[2024-07-05T11:08:27.484-0700][info][gc,phases      ] GC(71)   Merge Heap Roots: 0.2ms
[2024-07-05T11:08:27.484-0700][info][gc,phases      ] GC(71)   Evacuate Collection Set: 2.4ms
[2024-07-05T11:08:27.484-0700][info][gc,phases      ] GC(71)   Post Evacuate Collection Set: 0.4ms
[2024-07-05T11:08:27.484-0700][info][gc,phases      ] GC(71)   Other: 0.1ms
[2024-07-05T11:08:27.484-0700][info][gc,heap        ] GC(71) Eden regions: 1->0(95)
[2024-07-05T11:08:27.484-0700][info][gc,heap        ] GC(71) Survivor regions: 8->7(8)
[2024-07-05T11:08:27.484-0700][info][gc,heap        ] GC(71) Old regions: 2021->2022
[2024-07-05T11:08:27.484-0700][info][gc,heap        ] GC(71) Archive regions: 2->2
[2024-07-05T11:08:27.484-0700][info][gc,heap        ] GC(71) Humongous regions: 8->8
[2024-07-05T11:08:27.484-0700][info][gc,metaspace   ] GC(71) Metaspace: 302K(512K)->302K(512K) NonClass: 294K(384K)->294K(384K) Class: 7K(128K)->7K(128K)
[2024-07-05T11:08:27.484-0700][info][gc             ] GC(71) Pause Young (Concurrent Start) (G1 Preventive Collection) 4070M->4069M(4096M) 3.436ms
[2024-07-05T11:08:27.484-0700][info][gc,cpu         ] GC(71) User=0.01s Sys=0.00s Real=0.01s
[2024-07-05T11:08:27.484-0700][info][gc             ] GC(72) Concurrent Mark Cycle
[2024-07-05T11:08:27.484-0700][info][gc,marking     ] GC(72) Concurrent Clear Claimed Marks
[2024-07-05T11:08:27.484-0700][info][gc,marking     ] GC(72) Concurrent Clear Claimed Marks 0.005ms
[2024-07-05T11:08:27.484-0700][info][gc,marking     ] GC(72) Concurrent Scan Root Regions
[2024-07-05T11:08:27.486-0700][info][gc,marking     ] GC(72) Concurrent Scan Root Regions 1.260ms
[2024-07-05T11:08:27.486-0700][info][gc,marking     ] GC(72) Concurrent Mark
[2024-07-05T11:08:27.486-0700][info][gc,marking     ] GC(72) Concurrent Mark From Roots
[2024-07-05T11:08:27.486-0700][info][gc,task        ] GC(72) Using 1 workers of 1 for marking
[2024-07-05T11:08:27.486-0700][info][gc,start       ] GC(73) Pause Young (Normal) (G1 Preventive Collection)
[2024-07-05T11:08:27.486-0700][info][gc,task        ] GC(73) Using 4 workers of 4 for evacuation
[2024-07-05T11:08:27.490-0700][info][gc             ] GC(73) To-space exhausted
[2024-07-05T11:08:27.490-0700][info][gc,phases      ] GC(73)   Pre Evacuate Collection Set: 1.4ms
[2024-07-05T11:08:27.490-0700][info][gc,phases      ] GC(73)   Merge Heap Roots: 0.2ms
[2024-07-05T11:08:27.490-0700][info][gc,phases      ] GC(73)   Evacuate Collection Set: 2.9ms
[2024-07-05T11:08:27.490-0700][info][gc,phases      ] GC(73)   Post Evacuate Collection Set: 0.8ms
[2024-07-05T11:08:27.490-0700][info][gc,phases      ] GC(73)   Other: 0.1ms
[2024-07-05T11:08:27.490-0700][info][gc,heap        ] GC(73) Eden regions: 1->0(96)
[2024-07-05T11:08:27.490-0700][info][gc,heap        ] GC(73) Survivor regions: 7->6(8)
[2024-07-05T11:08:27.490-0700][info][gc,heap        ] GC(73) Old regions: 2022->2026
[2024-07-05T11:08:27.490-0700][info][gc,heap        ] GC(73) Archive regions: 2->2
[2024-07-05T11:08:27.490-0700][info][gc,heap        ] GC(73) Humongous regions: 8->8
[2024-07-05T11:08:27.490-0700][info][gc,metaspace   ] GC(73) Metaspace: 302K(512K)->302K(512K) NonClass: 294K(384K)->294K(384K) Class: 7K(128K)->7K(128K)
[2024-07-05T11:08:27.490-0700][info][gc             ] GC(73) Pause Young (Normal) (G1 Preventive Collection) 4071M->4076M(4096M) 4.380ms
[2024-07-05T11:08:27.490-0700][info][gc,cpu         ] GC(73) User=0.01s Sys=0.00s Real=0.00s
[2024-07-05T11:08:28.009-0700][info][gc,marking     ] GC(72) Concurrent Mark From Roots 523.846ms
[2024-07-05T11:08:28.010-0700][info][gc,marking     ] GC(72) Concurrent Preclean
[2024-07-05T11:08:28.010-0700][info][gc,marking     ] GC(72) Concurrent Preclean 0.063ms
[2024-07-05T11:08:28.709-0700][info][gc,start       ] GC(72) Pause Remark
[2024-07-05T11:08:28.711-0700][info][gc             ] GC(72) Pause Remark 4077M->4077M(4096M) 1.341ms
[2024-07-05T11:08:28.711-0700][info][gc,cpu         ] GC(72) User=0.00s Sys=0.00s Real=0.00s
[2024-07-05T11:08:28.711-0700][info][gc,marking     ] GC(72) Concurrent Mark 1225.118ms
[2024-07-05T11:08:28.711-0700][info][gc,marking     ] GC(72) Concurrent Rebuild Remembered Sets
[2024-07-05T11:08:28.977-0700][info][gc,marking     ] GC(72) Concurrent Rebuild Remembered Sets 265.740ms
[2024-07-05T11:08:30.334-0700][info][gc,start       ] GC(72) Pause Cleanup
[2024-07-05T11:08:30.335-0700][info][gc             ] GC(72) Pause Cleanup 4077M->4077M(4096M) 0.694ms
[2024-07-05T11:08:30.335-0700][info][gc,cpu         ] GC(72) User=0.01s Sys=0.00s Real=0.01s
[2024-07-05T11:08:30.335-0700][info][gc,marking     ] GC(72) Concurrent Cleanup for Next Mark
[2024-07-05T11:08:30.343-0700][info][gc,marking     ] GC(72) Concurrent Cleanup for Next Mark 7.579ms
[2024-07-05T11:08:30.343-0700][info][gc             ] GC(72) Concurrent Mark Cycle 2858.694ms
[2024-07-05T11:08:30.651-0700][info][gc,start       ] GC(74) Pause Young (Normal) (G1 Preventive Collection)
[2024-07-05T11:08:30.651-0700][info][gc,task        ] GC(74) Using 4 workers of 4 for evacuation
[2024-07-05T11:08:30.659-0700][info][gc             ] GC(74) To-space exhausted
[2024-07-05T11:08:30.659-0700][info][gc,phases      ] GC(74)   Pre Evacuate Collection Set: 0.5ms
[2024-07-05T11:08:30.659-0700][info][gc,phases      ] GC(74)   Merge Heap Roots: 0.3ms
[2024-07-05T11:08:30.659-0700][info][gc,phases      ] GC(74)   Evacuate Collection Set: 6.3ms
[2024-07-05T11:08:30.659-0700][info][gc,phases      ] GC(74)   Post Evacuate Collection Set: 0.9ms
[2024-07-05T11:08:30.659-0700][info][gc,phases      ] GC(74)   Other: 0.1ms
[2024-07-05T11:08:30.659-0700][info][gc,heap        ] GC(74) Eden regions: 1->0(97)
[2024-07-05T11:08:30.659-0700][info][gc,heap        ] GC(74) Survivor regions: 6->5(5)
[2024-07-05T11:08:30.659-0700][info][gc,heap        ] GC(74) Old regions: 2026->2029
[2024-07-05T11:08:30.659-0700][info][gc,heap        ] GC(74) Archive regions: 2->2
[2024-07-05T11:08:30.659-0700][info][gc,heap        ] GC(74) Humongous regions: 8->8
[2024-07-05T11:08:30.659-0700][info][gc,metaspace   ] GC(74) Metaspace: 302K(512K)->302K(512K) NonClass: 294K(384K)->294K(384K) Class: 7K(128K)->7K(128K)
[2024-07-05T11:08:30.659-0700][info][gc             ] GC(74) Pause Young (Normal) (G1 Preventive Collection) 4078M->4081M(4096M) 8.119ms
[2024-07-05T11:08:30.659-0700][info][gc,cpu         ] GC(74) User=0.02s Sys=0.00s Real=0.01s
[2024-07-05T11:08:30.659-0700][info][gc,start       ] GC(75) Pause Young (Concurrent Start) (G1 Preventive Collection)
[2024-07-05T11:08:30.659-0700][info][gc,task        ] GC(75) Using 4 workers of 4 for evacuation
[2024-07-05T11:08:30.663-0700][info][gc             ] GC(75) To-space exhausted
[2024-07-05T11:08:30.663-0700][info][gc,phases      ] GC(75)   Pre Evacuate Collection Set: 0.3ms
[2024-07-05T11:08:30.663-0700][info][gc,phases      ] GC(75)   Merge Heap Roots: 0.2ms
[2024-07-05T11:08:30.663-0700][info][gc,phases      ] GC(75)   Evacuate Collection Set: 1.9ms
[2024-07-05T11:08:30.663-0700][info][gc,phases      ] GC(75)   Post Evacuate Collection Set: 0.9ms
[2024-07-05T11:08:30.663-0700][info][gc,phases      ] GC(75)   Other: 0.1ms
[2024-07-05T11:08:30.663-0700][info][gc,heap        ] GC(75) Eden regions: 1->0(99)
[2024-07-05T11:08:30.663-0700][info][gc,heap        ] GC(75) Survivor regions: 5->3(3)
[2024-07-05T11:08:30.663-0700][info][gc,heap        ] GC(75) Old regions: 2029->2034
[2024-07-05T11:08:30.663-0700][info][gc,heap        ] GC(75) Archive regions: 2->2
[2024-07-05T11:08:30.663-0700][info][gc,heap        ] GC(75) Humongous regions: 8->8
[2024-07-05T11:08:30.663-0700][info][gc,metaspace   ] GC(75) Metaspace: 302K(512K)->302K(512K) NonClass: 294K(384K)->294K(384K) Class: 7K(128K)->7K(128K)
[2024-07-05T11:08:30.663-0700][info][gc             ] GC(75) Pause Young (Concurrent Start) (G1 Preventive Collection) 4083M->4087M(4096M) 3.485ms
[2024-07-05T11:08:30.663-0700][info][gc,cpu         ] GC(75) User=0.01s Sys=0.00s Real=0.00s
[2024-07-05T11:08:30.663-0700][info][gc             ] GC(76) Concurrent Mark Cycle
[2024-07-05T11:08:30.663-0700][info][gc,marking     ] GC(76) Concurrent Clear Claimed Marks
[2024-07-05T11:08:30.663-0700][info][gc,marking     ] GC(76) Concurrent Clear Claimed Marks 0.005ms
[2024-07-05T11:08:30.663-0700][info][gc,marking     ] GC(76) Concurrent Scan Root Regions
[2024-07-05T11:08:30.663-0700][info][gc,marking     ] GC(76) Concurrent Scan Root Regions 0.559ms
[2024-07-05T11:08:30.663-0700][info][gc,marking     ] GC(76) Concurrent Mark
[2024-07-05T11:08:30.663-0700][info][gc,marking     ] GC(76) Concurrent Mark From Roots
[2024-07-05T11:08:30.663-0700][info][gc,task        ] GC(76) Using 1 workers of 1 for marking
[2024-07-05T11:08:30.663-0700][info][gc,start       ] GC(77) Pause Young (Normal) (G1 Evacuation Pause)
[2024-07-05T11:08:30.663-0700][info][gc,task        ] GC(77) Using 4 workers of 4 for evacuation
[2024-07-05T11:08:30.666-0700][info][gc             ] GC(77) To-space exhausted
[2024-07-05T11:08:30.666-0700][info][gc,phases      ] GC(77)   Pre Evacuate Collection Set: 0.6ms
[2024-07-05T11:08:30.666-0700][info][gc,phases      ] GC(77)   Merge Heap Roots: 0.2ms
[2024-07-05T11:08:30.666-0700][info][gc,phases      ] GC(77)   Evacuate Collection Set: 1.1ms
[2024-07-05T11:08:30.666-0700][info][gc,phases      ] GC(77)   Post Evacuate Collection Set: 0.6ms
[2024-07-05T11:08:30.666-0700][info][gc,phases      ] GC(77)   Other: 0.1ms
[2024-07-05T11:08:30.666-0700][info][gc,heap        ] GC(77) Eden regions: 1->0(102)
[2024-07-05T11:08:30.666-0700][info][gc,heap        ] GC(77) Survivor regions: 3->0(0)
[2024-07-05T11:08:30.666-0700][info][gc,heap        ] GC(77) Old regions: 2034->2038
[2024-07-05T11:08:30.666-0700][info][gc,heap        ] GC(77) Archive regions: 2->2
[2024-07-05T11:08:30.666-0700][info][gc,heap        ] GC(77) Humongous regions: 8->8
[2024-07-05T11:08:30.666-0700][info][gc,metaspace   ] GC(77) Metaspace: 302K(512K)->302K(512K) NonClass: 294K(384K)->294K(384K) Class: 7K(128K)->7K(128K)
[2024-07-05T11:08:30.666-0700][info][gc             ] GC(77) Pause Young (Normal) (G1 Evacuation Pause) 4089M->4089M(4096M) 2.220ms
[2024-07-05T11:08:30.666-0700][info][gc,cpu         ] GC(77) User=0.00s Sys=0.00s Real=0.00s
[2024-07-05T11:08:30.666-0700][info][gc,ergo        ] Attempting full compaction
[2024-07-05T11:08:30.666-0700][info][gc,task        ] GC(78) Using 4 workers of 4 for full compaction
[2024-07-05T11:08:30.666-0700][info][gc,start       ] GC(78) Pause Full (G1 Compaction Pause)
[2024-07-05T11:08:30.670-0700][info][gc,phases,start] GC(78) Phase 1: Mark live objects
[2024-07-05T11:08:30.769-0700][info][gc,phases      ] GC(78) Phase 1: Mark live objects 98.799ms
[2024-07-05T11:08:30.769-0700][info][gc,phases,start] GC(78) Phase 2: Prepare for compaction
[2024-07-05T11:08:30.859-0700][info][gc,phases      ] GC(78) Phase 2: Prepare for compaction 90.726ms
[2024-07-05T11:08:30.859-0700][info][gc,phases,start] GC(78) Phase 3: Adjust pointers
[2024-07-05T11:08:30.949-0700][info][gc,phases      ] GC(78) Phase 3: Adjust pointers 89.806ms
[2024-07-05T11:08:30.949-0700][info][gc,phases,start] GC(78) Phase 4: Compact heap
[2024-07-05T11:08:31.400-0700][info][gc,phases      ] GC(78) Phase 4: Compact heap 450.476ms
[2024-07-05T11:08:31.403-0700][info][gc,heap        ] GC(78) Eden regions: 0->0(102)
[2024-07-05T11:08:31.403-0700][info][gc,heap        ] GC(78) Survivor regions: 0->0(0)
[2024-07-05T11:08:31.403-0700][info][gc,heap        ] GC(78) Old regions: 2038->1890
[2024-07-05T11:08:31.403-0700][info][gc,heap        ] GC(78) Archive regions: 2->2
[2024-07-05T11:08:31.403-0700][info][gc,heap        ] GC(78) Humongous regions: 8->8
[2024-07-05T11:08:31.403-0700][info][gc,metaspace   ] GC(78) Metaspace: 302K(512K)->302K(512K) NonClass: 294K(384K)->294K(384K) Class: 7K(128K)->7K(128K)
[2024-07-05T11:08:31.403-0700][info][gc             ] GC(78) Pause Full (G1 Compaction Pause) 4089M->3792M(4096M) 737.040ms
[2024-07-05T11:08:31.403-0700][info][gc,cpu         ] GC(78) User=2.91s Sys=0.00s Real=0.73s
[2024-07-05T11:08:31.403-0700][info][gc,marking     ] GC(76) Concurrent Mark From Roots 739.600ms
[2024-07-05T11:08:31.403-0700][info][gc,marking     ] GC(76) Concurrent Mark Abort
[2024-07-05T11:08:31.403-0700][info][gc             ] GC(76) Concurrent Mark Cycle 740.288ms
[2024-07-05T11:08:59.245-0700][info][gc,start       ] GC(79) Pause Young (Normal) (G1 Preventive Collection)
[2024-07-05T11:08:59.245-0700][info][gc,task        ] GC(79) Using 4 workers of 4 for evacuation
[2024-07-05T11:08:59.281-0700][info][gc,phases      ] GC(79)   Pre Evacuate Collection Set: 0.2ms
[2024-07-05T11:08:59.281-0700][info][gc,phases      ] GC(79)   Merge Heap Roots: 0.2ms
[2024-07-05T11:08:59.281-0700][info][gc,phases      ] GC(79)   Evacuate Collection Set: 34.6ms
[2024-07-05T11:08:59.281-0700][info][gc,phases      ] GC(79)   Post Evacuate Collection Set: 0.5ms
[2024-07-05T11:08:59.281-0700][info][gc,phases      ] GC(79)   Other: 0.1ms
[2024-07-05T11:08:59.281-0700][info][gc,heap        ] GC(79) Eden regions: 70->0(89)
[2024-07-05T11:08:59.281-0700][info][gc,heap        ] GC(79) Survivor regions: 0->13(13)
[2024-07-05T11:08:59.281-0700][info][gc,heap        ] GC(79) Old regions: 1890->1947
[2024-07-05T11:08:59.281-0700][info][gc,heap        ] GC(79) Archive regions: 2->2
[2024-07-05T11:08:59.281-0700][info][gc,heap        ] GC(79) Humongous regions: 8->8
[2024-07-05T11:08:59.281-0700][info][gc,metaspace   ] GC(79) Metaspace: 305K(512K)->305K(512K) NonClass: 297K(384K)->297K(384K) Class: 7K(128K)->7K(128K)
[2024-07-05T11:08:59.281-0700][info][gc             ] GC(79) Pause Young (Normal) (G1 Preventive Collection) 3932M->3930M(4096M) 35.697ms
[2024-07-05T11:08:59.281-0700][info][gc,cpu         ] GC(79) User=0.11s Sys=0.01s Real=0.03s
[2024-07-05T11:09:15.572-0700][info][gc,start       ] GC(80) Pause Young (Concurrent Start) (G1 Preventive Collection)
[2024-07-05T11:09:15.572-0700][info][gc,task        ] GC(80) Using 4 workers of 4 for evacuation
[2024-07-05T11:09:15.615-0700][info][gc             ] GC(80) To-space exhausted
[2024-07-05T11:09:15.615-0700][info][gc,phases      ] GC(80)   Pre Evacuate Collection Set: 0.4ms
[2024-07-05T11:09:15.615-0700][info][gc,phases      ] GC(80)   Merge Heap Roots: 0.2ms
[2024-07-05T11:09:15.615-0700][info][gc,phases      ] GC(80)   Evacuate Collection Set: 40.4ms
[2024-07-05T11:09:15.615-0700][info][gc,phases      ] GC(80)   Post Evacuate Collection Set: 2.0ms
[2024-07-05T11:09:15.615-0700][info][gc,phases      ] GC(80)   Other: 0.4ms
[2024-07-05T11:09:15.615-0700][info][gc,heap        ] GC(80) Eden regions: 36->0(89)
[2024-07-05T11:09:15.615-0700][info][gc,heap        ] GC(80) Survivor regions: 13->13(13)
[2024-07-05T11:09:15.615-0700][info][gc,heap        ] GC(80) Old regions: 1947->1988
[2024-07-05T11:09:15.615-0700][info][gc,heap        ] GC(80) Archive regions: 2->2
[2024-07-05T11:09:15.615-0700][info][gc,heap        ] GC(80) Humongous regions: 8->8
[2024-07-05T11:09:15.615-0700][info][gc,metaspace   ] GC(80) Metaspace: 305K(512K)->305K(512K) NonClass: 297K(384K)->297K(384K) Class: 7K(128K)->7K(128K)
[2024-07-05T11:09:15.615-0700][info][gc             ] GC(80) Pause Young (Concurrent Start) (G1 Preventive Collection) 4002M->4014M(4096M) 43.406ms
[2024-07-05T11:09:15.615-0700][info][gc,cpu         ] GC(80) User=0.15s Sys=0.01s Real=0.05s
[2024-07-05T11:09:15.615-0700][info][gc             ] GC(81) Concurrent Mark Cycle
[2024-07-05T11:09:15.616-0700][info][gc,marking     ] GC(81) Concurrent Clear Claimed Marks
[2024-07-05T11:09:15.616-0700][info][gc,marking     ] GC(81) Concurrent Clear Claimed Marks 0.013ms
[2024-07-05T11:09:15.616-0700][info][gc,marking     ] GC(81) Concurrent Scan Root Regions
[2024-07-05T11:09:15.621-0700][info][gc,marking     ] GC(81) Concurrent Scan Root Regions 5.283ms
[2024-07-05T11:09:15.621-0700][info][gc,marking     ] GC(81) Concurrent Mark
[2024-07-05T11:09:15.621-0700][info][gc,marking     ] GC(81) Concurrent Mark From Roots
[2024-07-05T11:09:15.621-0700][info][gc,task        ] GC(81) Using 1 workers of 1 for marking
[2024-07-05T11:09:16.590-0700][info][gc,marking     ] GC(81) Concurrent Mark From Roots 968.770ms
[2024-07-05T11:09:16.590-0700][info][gc,marking     ] GC(81) Concurrent Preclean
[2024-07-05T11:09:16.590-0700][info][gc,marking     ] GC(81) Concurrent Preclean 0.066ms
[2024-07-05T11:09:23.466-0700][info][gc,start       ] GC(81) Pause Remark
[2024-07-05T11:09:23.467-0700][info][gc             ] GC(81) Pause Remark 4016M->4016M(4096M) 1.553ms
[2024-07-05T11:09:23.468-0700][info][gc,cpu         ] GC(81) User=0.00s Sys=0.00s Real=0.00s
[2024-07-05T11:09:23.468-0700][info][gc,marking     ] GC(81) Concurrent Mark 7847.021ms
[2024-07-05T11:09:23.468-0700][info][gc,marking     ] GC(81) Concurrent Rebuild Remembered Sets
[2024-07-05T11:09:24.097-0700][info][gc,marking     ] GC(81) Concurrent Rebuild Remembered Sets 628.925ms
[2024-07-05T11:09:26.089-0700][info][gc,start       ] GC(81) Pause Cleanup
[2024-07-05T11:09:26.090-0700][info][gc             ] GC(81) Pause Cleanup 4016M->4016M(4096M) 0.929ms
[2024-07-05T11:09:26.090-0700][info][gc,cpu         ] GC(81) User=0.00s Sys=0.00s Real=0.00s
[2024-07-05T11:09:26.090-0700][info][gc,marking     ] GC(81) Concurrent Cleanup for Next Mark
[2024-07-05T11:09:26.104-0700][info][gc,marking     ] GC(81) Concurrent Cleanup for Next Mark 13.464ms
[2024-07-05T11:09:26.104-0700][info][gc             ] GC(81) Concurrent Mark Cycle 10488.204ms
[2024-07-05T11:09:36.776-0700][info][gc,start       ] GC(82) Pause Young (Prepare Mixed) (G1 Preventive Collection)
[2024-07-05T11:09:36.776-0700][info][gc,task        ] GC(82) Using 4 workers of 4 for evacuation
[2024-07-05T11:09:36.788-0700][info][gc,phases      ] GC(82)   Pre Evacuate Collection Set: 0.3ms
[2024-07-05T11:09:36.788-0700][info][gc,phases      ] GC(82)   Merge Heap Roots: 0.2ms
[2024-07-05T11:09:36.788-0700][info][gc,phases      ] GC(82)   Evacuate Collection Set: 11.6ms
[2024-07-05T11:09:36.788-0700][info][gc,phases      ] GC(82)   Post Evacuate Collection Set: 0.4ms
[2024-07-05T11:09:36.788-0700][info][gc,phases      ] GC(82)   Other: 0.1ms
[2024-07-05T11:09:36.788-0700][info][gc,heap        ] GC(82) Eden regions: 11->0(90)
[2024-07-05T11:09:36.788-0700][info][gc,heap        ] GC(82) Survivor regions: 13->12(13)
[2024-07-05T11:09:36.788-0700][info][gc,heap        ] GC(82) Old regions: 1988->2001
[2024-07-05T11:09:36.788-0700][info][gc,heap        ] GC(82) Archive regions: 2->2
[2024-07-05T11:09:36.788-0700][info][gc,heap        ] GC(82) Humongous regions: 8->8
[2024-07-05T11:09:36.788-0700][info][gc,metaspace   ] GC(82) Metaspace: 305K(512K)->305K(512K) NonClass: 297K(384K)->297K(384K) Class: 7K(128K)->7K(128K)
[2024-07-05T11:09:36.789-0700][info][gc             ] GC(82) Pause Young (Prepare Mixed) (G1 Preventive Collection) 4036M->4038M(4096M) 12.737ms
[2024-07-05T11:09:36.789-0700][info][gc,cpu         ] GC(82) User=0.05s Sys=0.00s Real=0.01s
[2024-07-05T11:09:39.923-0700][info][gc,start       ] GC(83) Pause Young (Mixed) (G1 Preventive Collection)
[2024-07-05T11:09:39.923-0700][info][gc,task        ] GC(83) Using 4 workers of 4 for evacuation
[2024-07-05T11:09:39.934-0700][info][gc,phases      ] GC(83)   Pre Evacuate Collection Set: 0.3ms
[2024-07-05T11:09:39.934-0700][info][gc,phases      ] GC(83)   Merge Heap Roots: 0.2ms
[2024-07-05T11:09:39.934-0700][info][gc,phases      ] GC(83)   Evacuate Collection Set: 9.3ms
[2024-07-05T11:09:39.934-0700][info][gc,phases      ] GC(83)   Post Evacuate Collection Set: 0.6ms
[2024-07-05T11:09:39.934-0700][info][gc,phases      ] GC(83)   Other: 0.1ms
[2024-07-05T11:09:39.934-0700][info][gc,heap        ] GC(83) Eden regions: 5->0(95)
[2024-07-05T11:09:39.934-0700][info][gc,heap        ] GC(83) Survivor regions: 12->7(13)
[2024-07-05T11:09:39.934-0700][info][gc,heap        ] GC(83) Old regions: 2001->2011
[2024-07-05T11:09:39.934-0700][info][gc,heap        ] GC(83) Archive regions: 2->2
[2024-07-05T11:09:39.934-0700][info][gc,heap        ] GC(83) Humongous regions: 8->8
[2024-07-05T11:09:39.934-0700][info][gc,metaspace   ] GC(83) Metaspace: 305K(512K)->305K(512K) NonClass: 297K(384K)->297K(384K) Class: 7K(128K)->7K(128K)
[2024-07-05T11:09:39.934-0700][info][gc             ] GC(83) Pause Young (Mixed) (G1 Preventive Collection) 4048M->4049M(4096M) 10.527ms
[2024-07-05T11:09:39.934-0700][info][gc,cpu         ] GC(83) User=0.04s Sys=0.00s Real=0.00s
[2024-07-05T11:09:42.256-0700][info][gc,start       ] GC(84) Pause Young (Concurrent Start) (G1 Preventive Collection)
[2024-07-05T11:09:42.256-0700][info][gc,task        ] GC(84) Using 4 workers of 4 for evacuation
[2024-07-05T11:09:42.265-0700][info][gc,phases      ] GC(84)   Pre Evacuate Collection Set: 0.4ms
[2024-07-05T11:09:42.265-0700][info][gc,phases      ] GC(84)   Merge Heap Roots: 0.2ms
[2024-07-05T11:09:42.265-0700][info][gc,phases      ] GC(84)   Evacuate Collection Set: 6.7ms
[2024-07-05T11:09:42.265-0700][info][gc,phases      ] GC(84)   Post Evacuate Collection Set: 0.7ms
[2024-07-05T11:09:42.265-0700][info][gc,phases      ] GC(84)   Other: 0.2ms
[2024-07-05T11:09:42.265-0700][info][gc,heap        ] GC(84) Eden regions: 6->0(90)
[2024-07-05T11:09:42.265-0700][info][gc,heap        ] GC(84) Survivor regions: 7->12(13)
[2024-07-05T11:09:42.265-0700][info][gc,heap        ] GC(84) Old regions: 2011->2011
[2024-07-05T11:09:42.265-0700][info][gc,heap        ] GC(84) Archive regions: 2->2
[2024-07-05T11:09:42.265-0700][info][gc,heap        ] GC(84) Humongous regions: 8->8
[2024-07-05T11:09:42.265-0700][info][gc,metaspace   ] GC(84) Metaspace: 305K(512K)->305K(512K) NonClass: 297K(384K)->297K(384K) Class: 7K(128K)->7K(128K)
[2024-07-05T11:09:42.265-0700][info][gc             ] GC(84) Pause Young (Concurrent Start) (G1 Preventive Collection) 4061M->4058M(4096M) 8.256ms
[2024-07-05T11:09:42.265-0700][info][gc,cpu         ] GC(84) User=0.03s Sys=0.00s Real=0.01s
[2024-07-05T11:09:42.265-0700][info][gc             ] GC(85) Concurrent Mark Cycle
[2024-07-05T11:09:42.265-0700][info][gc,marking     ] GC(85) Concurrent Clear Claimed Marks
[2024-07-05T11:09:42.265-0700][info][gc,marking     ] GC(85) Concurrent Clear Claimed Marks 0.021ms
[2024-07-05T11:09:42.265-0700][info][gc,marking     ] GC(85) Concurrent Scan Root Regions
[2024-07-05T11:09:42.267-0700][info][gc,marking     ] GC(85) Concurrent Scan Root Regions 2.208ms
[2024-07-05T11:09:42.267-0700][info][gc,marking     ] GC(85) Concurrent Mark
[2024-07-05T11:09:42.267-0700][info][gc,marking     ] GC(85) Concurrent Mark From Roots
[2024-07-05T11:09:42.267-0700][info][gc,task        ] GC(85) Using 1 workers of 1 for marking
[2024-07-05T11:09:42.267-0700][info][gc,start       ] GC(86) Pause Young (Normal) (G1 Preventive Collection)
[2024-07-05T11:09:42.267-0700][info][gc,task        ] GC(86) Using 4 workers of 4 for evacuation
[2024-07-05T11:09:42.272-0700][info][gc,phases      ] GC(86)   Pre Evacuate Collection Set: 2.1ms
[2024-07-05T11:09:42.272-0700][info][gc,phases      ] GC(86)   Merge Heap Roots: 0.1ms
[2024-07-05T11:09:42.272-0700][info][gc,phases      ] GC(86)   Evacuate Collection Set: 4.4ms
[2024-07-05T11:09:42.272-0700][info][gc,phases      ] GC(86)   Post Evacuate Collection Set: 0.5ms
[2024-07-05T11:09:42.272-0700][info][gc,phases      ] GC(86)   Other: 0.1ms
[2024-07-05T11:09:42.272-0700][info][gc,heap        ] GC(86) Eden regions: 1->0(94)
[2024-07-05T11:09:42.272-0700][info][gc,heap        ] GC(86) Survivor regions: 12->8(13)
[2024-07-05T11:09:42.272-0700][info][gc,heap        ] GC(86) Old regions: 2011->2016
[2024-07-05T11:09:42.272-0700][info][gc,heap        ] GC(86) Archive regions: 2->2
[2024-07-05T11:09:42.272-0700][info][gc,heap        ] GC(86) Humongous regions: 8->8
[2024-07-05T11:09:42.272-0700][info][gc,metaspace   ] GC(86) Metaspace: 305K(512K)->305K(512K) NonClass: 297K(384K)->297K(384K) Class: 7K(128K)->7K(128K)
[2024-07-05T11:09:42.272-0700][info][gc             ] GC(86) Pause Young (Normal) (G1 Preventive Collection) 4060M->4061M(4096M) 5.349ms
[2024-07-05T11:09:42.272-0700][info][gc,cpu         ] GC(86) User=0.01s Sys=0.01s Real=0.00s
[2024-07-05T11:09:42.273-0700][info][gc,start       ] GC(87) Pause Young (Normal) (G1 Preventive Collection)
[2024-07-05T11:09:42.273-0700][info][gc,task        ] GC(87) Using 4 workers of 4 for evacuation
[2024-07-05T11:09:42.278-0700][info][gc,phases      ] GC(87)   Pre Evacuate Collection Set: 0.3ms
[2024-07-05T11:09:42.278-0700][info][gc,phases      ] GC(87)   Merge Heap Roots: 0.1ms
[2024-07-05T11:09:42.278-0700][info][gc,phases      ] GC(87)   Evacuate Collection Set: 3.5ms
[2024-07-05T11:09:42.278-0700][info][gc,phases      ] GC(87)   Post Evacuate Collection Set: 0.7ms
[2024-07-05T11:09:42.278-0700][info][gc,phases      ] GC(87)   Other: 0.1ms
[2024-07-05T11:09:42.278-0700][info][gc,heap        ] GC(87) Eden regions: 2->0(98)
[2024-07-05T11:09:42.278-0700][info][gc,heap        ] GC(87) Survivor regions: 8->4(12)
[2024-07-05T11:09:42.278-0700][info][gc,heap        ] GC(87) Old regions: 2016->2022
[2024-07-05T11:09:42.278-0700][info][gc,heap        ] GC(87) Archive regions: 2->2
[2024-07-05T11:09:42.278-0700][info][gc,heap        ] GC(87) Humongous regions: 8->8
[2024-07-05T11:09:42.278-0700][info][gc,metaspace   ] GC(87) Metaspace: 305K(512K)->305K(512K) NonClass: 297K(384K)->297K(384K) Class: 7K(128K)->7K(128K)
[2024-07-05T11:09:42.278-0700][info][gc             ] GC(87) Pause Young (Normal) (G1 Preventive Collection) 4065M->4064M(4096M) 4.729ms
[2024-07-05T11:09:42.278-0700][info][gc,cpu         ] GC(87) User=0.02s Sys=0.00s Real=0.01s
[2024-07-05T11:09:42.902-0700][info][gc,marking     ] GC(85) Concurrent Mark From Roots 635.042ms
[2024-07-05T11:09:42.902-0700][info][gc,marking     ] GC(85) Concurrent Preclean
[2024-07-05T11:09:42.902-0700][info][gc,marking     ] GC(85) Concurrent Preclean 0.102ms
[2024-07-05T11:09:53.030-0700][info][gc,start       ] GC(85) Pause Remark
[2024-07-05T11:09:53.031-0700][info][gc             ] GC(85) Pause Remark 4065M->4065M(4096M) 1.299ms
[2024-07-05T11:09:53.031-0700][info][gc,cpu         ] GC(85) User=0.00s Sys=0.00s Real=0.00s
[2024-07-05T11:09:53.031-0700][info][gc,marking     ] GC(85) Concurrent Mark 10764.385ms
[2024-07-05T11:09:53.031-0700][info][gc,marking     ] GC(85) Concurrent Rebuild Remembered Sets
[2024-07-05T11:09:53.317-0700][info][gc,marking     ] GC(85) Concurrent Rebuild Remembered Sets 285.453ms
[2024-07-05T11:09:54.037-0700][info][gc,start       ] GC(85) Pause Cleanup
[2024-07-05T11:09:54.038-0700][info][gc             ] GC(85) Pause Cleanup 4065M->4065M(4096M) 0.707ms
[2024-07-05T11:09:54.038-0700][info][gc,cpu         ] GC(85) User=0.00s Sys=0.00s Real=0.00s
[2024-07-05T11:09:54.038-0700][info][gc,marking     ] GC(85) Concurrent Cleanup for Next Mark
[2024-07-05T11:09:54.044-0700][info][gc,marking     ] GC(85) Concurrent Cleanup for Next Mark 5.792ms
[2024-07-05T11:09:54.044-0700][info][gc             ] GC(85) Concurrent Mark Cycle 11779.016ms
[2024-07-05T11:09:54.967-0700][info][gc,start       ] GC(88) Pause Young (Prepare Mixed) (G1 Preventive Collection)
[2024-07-05T11:09:54.967-0700][info][gc,task        ] GC(88) Using 4 workers of 4 for evacuation
[2024-07-05T11:09:54.974-0700][info][gc,phases      ] GC(88)   Pre Evacuate Collection Set: 0.3ms
[2024-07-05T11:09:54.974-0700][info][gc,phases      ] GC(88)   Merge Heap Roots: 0.2ms
[2024-07-05T11:09:54.974-0700][info][gc,phases      ] GC(88)   Evacuate Collection Set: 5.6ms
[2024-07-05T11:09:54.974-0700][info][gc,phases      ] GC(88)   Post Evacuate Collection Set: 0.7ms
[2024-07-05T11:09:54.974-0700][info][gc,phases      ] GC(88)   Other: 0.1ms
[2024-07-05T11:09:54.974-0700][info][gc,heap        ] GC(88) Eden regions: 4->0(94)
[2024-07-05T11:09:54.974-0700][info][gc,heap        ] GC(88) Survivor regions: 4->8(8)
[2024-07-05T11:09:54.974-0700][info][gc,heap        ] GC(88) Old regions: 2022->2022
[2024-07-05T11:09:54.974-0700][info][gc,heap        ] GC(88) Archive regions: 2->2
[2024-07-05T11:09:54.974-0700][info][gc,heap        ] GC(88) Humongous regions: 8->8
[2024-07-05T11:09:54.974-0700][info][gc,metaspace   ] GC(88) Metaspace: 305K(512K)->305K(512K) NonClass: 297K(384K)->297K(384K) Class: 7K(128K)->7K(128K)
[2024-07-05T11:09:54.974-0700][info][gc             ] GC(88) Pause Young (Prepare Mixed) (G1 Preventive Collection) 4072M->4072M(4096M) 6.935ms
[2024-07-05T11:09:54.974-0700][info][gc,cpu         ] GC(88) User=0.02s Sys=0.00s Real=0.00s
[2024-07-05T11:09:54.975-0700][info][gc,start       ] GC(89) Pause Young (Mixed) (G1 Preventive Collection)
[2024-07-05T11:09:54.975-0700][info][gc,task        ] GC(89) Using 4 workers of 4 for evacuation
[2024-07-05T11:09:54.979-0700][info][gc             ] GC(89) To-space exhausted
[2024-07-05T11:09:54.979-0700][info][gc,phases      ] GC(89)   Pre Evacuate Collection Set: 0.3ms
[2024-07-05T11:09:54.979-0700][info][gc,phases      ] GC(89)   Merge Heap Roots: 0.2ms
[2024-07-05T11:09:54.979-0700][info][gc,phases      ] GC(89)   Evacuate Collection Set: 2.8ms
[2024-07-05T11:09:54.979-0700][info][gc,phases      ] GC(89)   Post Evacuate Collection Set: 0.7ms
[2024-07-05T11:09:54.979-0700][info][gc,phases      ] GC(89)   Other: 0.1ms
[2024-07-05T11:09:54.979-0700][info][gc,heap        ] GC(89) Eden regions: 1->0(96)
[2024-07-05T11:09:54.979-0700][info][gc,heap        ] GC(89) Survivor regions: 8->6(7)
[2024-07-05T11:09:54.979-0700][info][gc,heap        ] GC(89) Old regions: 2022->2024
[2024-07-05T11:09:54.979-0700][info][gc,heap        ] GC(89) Archive regions: 2->2
[2024-07-05T11:09:54.979-0700][info][gc,heap        ] GC(89) Humongous regions: 8->8
[2024-07-05T11:09:54.979-0700][info][gc,metaspace   ] GC(89) Metaspace: 305K(512K)->305K(512K) NonClass: 297K(384K)->297K(384K) Class: 7K(128K)->7K(128K)
[2024-07-05T11:09:54.979-0700][info][gc             ] GC(89) Pause Young (Mixed) (G1 Preventive Collection) 4074M->4074M(4096M) 4.118ms
[2024-07-05T11:09:54.979-0700][info][gc,cpu         ] GC(89) User=0.01s Sys=0.00s Real=0.01s
[2024-07-05T11:09:57.859-0700][info][gc,start       ] GC(90) Pause Young (Concurrent Start) (G1 Preventive Collection)
[2024-07-05T11:09:57.859-0700][info][gc,task        ] GC(90) Using 4 workers of 4 for evacuation
[2024-07-05T11:09:57.866-0700][info][gc             ] GC(90) To-space exhausted
[2024-07-05T11:09:57.866-0700][info][gc,phases      ] GC(90)   Pre Evacuate Collection Set: 0.4ms
[2024-07-05T11:09:57.866-0700][info][gc,phases      ] GC(90)   Merge Heap Roots: 0.2ms
[2024-07-05T11:09:57.866-0700][info][gc,phases      ] GC(90)   Evacuate Collection Set: 5.3ms
[2024-07-05T11:09:57.866-0700][info][gc,phases      ] GC(90)   Post Evacuate Collection Set: 0.8ms
[2024-07-05T11:09:57.866-0700][info][gc,phases      ] GC(90)   Other: 0.2ms
[2024-07-05T11:09:57.866-0700][info][gc,heap        ] GC(90) Eden regions: 1->0(95)
[2024-07-05T11:09:57.866-0700][info][gc,heap        ] GC(90) Survivor regions: 6->7(7)
[2024-07-05T11:09:57.866-0700][info][gc,heap        ] GC(90) Old regions: 2024->2025
[2024-07-05T11:09:57.866-0700][info][gc,heap        ] GC(90) Archive regions: 2->2
[2024-07-05T11:09:57.866-0700][info][gc,heap        ] GC(90) Humongous regions: 8->8
[2024-07-05T11:09:57.866-0700][info][gc,metaspace   ] GC(90) Metaspace: 305K(512K)->305K(512K) NonClass: 297K(384K)->297K(384K) Class: 7K(128K)->7K(128K)
[2024-07-05T11:09:57.866-0700][info][gc             ] GC(90) Pause Young (Concurrent Start) (G1 Preventive Collection) 4076M->4078M(4096M) 6.979ms
[2024-07-05T11:09:57.866-0700][info][gc,cpu         ] GC(90) User=0.02s Sys=0.00s Real=0.01s
[2024-07-05T11:09:57.866-0700][info][gc             ] GC(91) Concurrent Mark Cycle
[2024-07-05T11:09:57.866-0700][info][gc,marking     ] GC(91) Concurrent Clear Claimed Marks
[2024-07-05T11:09:57.866-0700][info][gc,marking     ] GC(91) Concurrent Clear Claimed Marks 0.005ms
[2024-07-05T11:09:57.866-0700][info][gc,marking     ] GC(91) Concurrent Scan Root Regions
[2024-07-05T11:09:57.867-0700][info][gc,marking     ] GC(91) Concurrent Scan Root Regions 1.093ms
[2024-07-05T11:09:57.867-0700][info][gc,marking     ] GC(91) Concurrent Mark
[2024-07-05T11:09:57.867-0700][info][gc,marking     ] GC(91) Concurrent Mark From Roots
[2024-07-05T11:09:57.867-0700][info][gc,task        ] GC(91) Using 1 workers of 1 for marking
[2024-07-05T11:09:57.867-0700][info][gc,start       ] GC(92) Pause Young (Normal) (G1 Preventive Collection)
[2024-07-05T11:09:57.867-0700][info][gc,task        ] GC(92) Using 4 workers of 4 for evacuation
[2024-07-05T11:09:57.871-0700][info][gc             ] GC(92) To-space exhausted
[2024-07-05T11:09:57.871-0700][info][gc,phases      ] GC(92)   Pre Evacuate Collection Set: 1.0ms
[2024-07-05T11:09:57.871-0700][info][gc,phases      ] GC(92)   Merge Heap Roots: 0.2ms
[2024-07-05T11:09:57.871-0700][info][gc,phases      ] GC(92)   Evacuate Collection Set: 2.5ms
[2024-07-05T11:09:57.871-0700][info][gc,phases      ] GC(92)   Post Evacuate Collection Set: 0.9ms
[2024-07-05T11:09:57.871-0700][info][gc,phases      ] GC(92)   Other: 0.1ms
[2024-07-05T11:09:57.871-0700][info][gc,heap        ] GC(92) Eden regions: 1->0(98)
[2024-07-05T11:09:57.871-0700][info][gc,heap        ] GC(92) Survivor regions: 7->4(5)
[2024-07-05T11:09:57.871-0700][info][gc,heap        ] GC(92) Old regions: 2025->2031
[2024-07-05T11:09:57.871-0700][info][gc,heap        ] GC(92) Archive regions: 2->2
[2024-07-05T11:09:57.871-0700][info][gc,heap        ] GC(92) Humongous regions: 8->8
[2024-07-05T11:09:57.871-0700][info][gc,metaspace   ] GC(92) Metaspace: 305K(512K)->305K(512K) NonClass: 297K(384K)->297K(384K) Class: 7K(128K)->7K(128K)
[2024-07-05T11:09:57.871-0700][info][gc             ] GC(92) Pause Young (Normal) (G1 Preventive Collection) 4080M->4084M(4096M) 3.922ms
[2024-07-05T11:09:57.871-0700][info][gc,cpu         ] GC(92) User=0.01s Sys=0.00s Real=0.00s
[2024-07-05T11:09:57.872-0700][info][gc,start       ] GC(93) Pause Young (Normal) (G1 Preventive Collection)
[2024-07-05T11:09:57.872-0700][info][gc,task        ] GC(93) Using 4 workers of 4 for evacuation
[2024-07-05T11:09:57.875-0700][info][gc             ] GC(93) To-space exhausted
[2024-07-05T11:09:57.875-0700][info][gc,phases      ] GC(93)   Pre Evacuate Collection Set: 0.3ms
[2024-07-05T11:09:57.875-0700][info][gc,phases      ] GC(93)   Merge Heap Roots: 0.2ms
[2024-07-05T11:09:57.875-0700][info][gc,phases      ] GC(93)   Evacuate Collection Set: 1.4ms
[2024-07-05T11:09:57.875-0700][info][gc,phases      ] GC(93)   Post Evacuate Collection Set: 0.9ms
[2024-07-05T11:09:57.875-0700][info][gc,phases      ] GC(93)   Other: 0.1ms
[2024-07-05T11:09:57.875-0700][info][gc,heap        ] GC(93) Eden regions: 1->0(100)
[2024-07-05T11:09:57.875-0700][info][gc,heap        ] GC(93) Survivor regions: 4->2(2)
[2024-07-05T11:09:57.875-0700][info][gc,heap        ] GC(93) Old regions: 2031->2036
[2024-07-05T11:09:57.875-0700][info][gc,heap        ] GC(93) Archive regions: 2->2
[2024-07-05T11:09:57.875-0700][info][gc,heap        ] GC(93) Humongous regions: 8->8
[2024-07-05T11:09:57.875-0700][info][gc,metaspace   ] GC(93) Metaspace: 305K(512K)->305K(512K) NonClass: 297K(384K)->297K(384K) Class: 7K(128K)->7K(128K)
[2024-07-05T11:09:57.875-0700][info][gc             ] GC(93) Pause Young (Normal) (G1 Preventive Collection) 4086M->4090M(4096M) 2.909ms
[2024-07-05T11:09:57.875-0700][info][gc,cpu         ] GC(93) User=0.00s Sys=0.00s Real=0.00s
[2024-07-05T11:09:57.875-0700][info][gc,ergo        ] Attempting full compaction
[2024-07-05T11:09:57.875-0700][info][gc,task        ] GC(94) Using 4 workers of 4 for full compaction
[2024-07-05T11:09:57.875-0700][info][gc,start       ] GC(94) Pause Full (G1 Compaction Pause)
[2024-07-05T11:09:57.878-0700][info][gc,phases,start] GC(94) Phase 1: Mark live objects
[2024-07-05T11:09:57.984-0700][info][gc,phases      ] GC(94) Phase 1: Mark live objects 106.073ms
[2024-07-05T11:09:57.984-0700][info][gc,phases,start] GC(94) Phase 2: Prepare for compaction
[2024-07-05T11:09:57.993-0700][info][gc,phases      ] GC(94) Phase 2: Prepare for compaction 8.360ms
[2024-07-05T11:09:57.993-0700][info][gc,phases,start] GC(94) Phase 3: Adjust pointers
[2024-07-05T11:09:58.063-0700][info][gc,phases      ] GC(94) Phase 3: Adjust pointers 69.988ms
[2024-07-05T11:09:58.063-0700][info][gc,phases,start] GC(94) Phase 4: Compact heap
[2024-07-05T11:09:58.100-0700][info][gc,phases      ] GC(94) Phase 4: Compact heap 37.782ms
[2024-07-05T11:09:58.104-0700][info][gc,heap        ] GC(94) Eden regions: 0->0(102)
[2024-07-05T11:09:58.104-0700][info][gc,heap        ] GC(94) Survivor regions: 2->0(2)
[2024-07-05T11:09:58.104-0700][info][gc,heap        ] GC(94) Old regions: 2036->2019
[2024-07-05T11:09:58.104-0700][info][gc,heap        ] GC(94) Archive regions: 2->2
[2024-07-05T11:09:58.104-0700][info][gc,heap        ] GC(94) Humongous regions: 8->8
[2024-07-05T11:09:58.104-0700][info][gc,metaspace   ] GC(94) Metaspace: 305K(512K)->305K(512K) NonClass: 297K(384K)->297K(384K) Class: 7K(128K)->7K(128K)
[2024-07-05T11:09:58.104-0700][info][gc             ] GC(94) Pause Full (G1 Compaction Pause) 4090M->4048M(4096M) 228.680ms
[2024-07-05T11:09:58.104-0700][info][gc,cpu         ] GC(94) User=0.89s Sys=0.00s Real=0.24s
[2024-07-05T11:09:58.104-0700][info][gc,marking     ] GC(91) Concurrent Mark From Roots 236.629ms
[2024-07-05T11:09:58.104-0700][info][gc,marking     ] GC(91) Concurrent Mark Abort
[2024-07-05T11:09:58.104-0700][info][gc             ] GC(91) Concurrent Mark Cycle 237.787ms
[2024-07-05T11:10:02.881-0700][info][gc,start       ] GC(95) Pause Young (Normal) (G1 Preventive Collection)
[2024-07-05T11:10:02.881-0700][info][gc,task        ] GC(95) Using 4 workers of 4 for evacuation
[2024-07-05T11:10:02.890-0700][info][gc,phases      ] GC(95)   Pre Evacuate Collection Set: 0.5ms
[2024-07-05T11:10:02.890-0700][info][gc,phases      ] GC(95)   Merge Heap Roots: 0.2ms
[2024-07-05T11:10:02.890-0700][info][gc,phases      ] GC(95)   Evacuate Collection Set: 6.8ms
[2024-07-05T11:10:02.890-0700][info][gc,phases      ] GC(95)   Post Evacuate Collection Set: 0.7ms
[2024-07-05T11:10:02.890-0700][info][gc,phases      ] GC(95)   Other: 0.1ms
[2024-07-05T11:10:02.890-0700][info][gc,heap        ] GC(95) Eden regions: 9->0(92)
[2024-07-05T11:10:02.890-0700][info][gc,heap        ] GC(95) Survivor regions: 0->10(10)
[2024-07-05T11:10:02.890-0700][info][gc,heap        ] GC(95) Old regions: 2019->2019
[2024-07-05T11:10:02.890-0700][info][gc,heap        ] GC(95) Archive regions: 2->2
[2024-07-05T11:10:02.890-0700][info][gc,heap        ] GC(95) Humongous regions: 8->8
[2024-07-05T11:10:02.890-0700][info][gc,metaspace   ] GC(95) Metaspace: 305K(512K)->305K(512K) NonClass: 297K(384K)->297K(384K) Class: 7K(128K)->7K(128K)
[2024-07-05T11:10:02.890-0700][info][gc             ] GC(95) Pause Young (Normal) (G1 Preventive Collection) 4066M->4067M(4096M) 8.406ms
[2024-07-05T11:10:02.890-0700][info][gc,cpu         ] GC(95) User=0.03s Sys=0.00s Real=0.01s
[2024-07-05T11:10:05.118-0700][info][gc,start       ] GC(96) Pause Young (Concurrent Start) (G1 Preventive Collection)
[2024-07-05T11:10:05.118-0700][info][gc,task        ] GC(96) Using 4 workers of 4 for evacuation
[2024-07-05T11:10:05.129-0700][info][gc             ] GC(96) To-space exhausted
[2024-07-05T11:10:05.129-0700][info][gc,phases      ] GC(96)   Pre Evacuate Collection Set: 0.3ms
[2024-07-05T11:10:05.129-0700][info][gc,phases      ] GC(96)   Merge Heap Roots: 0.3ms
[2024-07-05T11:10:05.129-0700][info][gc,phases      ] GC(96)   Evacuate Collection Set: 8.1ms
[2024-07-05T11:10:05.129-0700][info][gc,phases      ] GC(96)   Post Evacuate Collection Set: 1.8ms
[2024-07-05T11:10:05.129-0700][info][gc,phases      ] GC(96)   Other: 0.3ms
[2024-07-05T11:10:05.129-0700][info][gc,heap        ] GC(96) Eden regions: 4->0(102)
[2024-07-05T11:10:05.129-0700][info][gc,heap        ] GC(96) Survivor regions: 10->0(5)
[2024-07-05T11:10:05.129-0700][info][gc,heap        ] GC(96) Old regions: 2019->2037
[2024-07-05T11:10:05.129-0700][info][gc,heap        ] GC(96) Archive regions: 2->2
[2024-07-05T11:10:05.129-0700][info][gc,heap        ] GC(96) Humongous regions: 8->8
[2024-07-05T11:10:05.129-0700][info][gc,metaspace   ] GC(96) Metaspace: 305K(512K)->305K(512K) NonClass: 297K(384K)->297K(384K) Class: 7K(128K)->7K(128K)
[2024-07-05T11:10:05.129-0700][info][gc             ] GC(96) Pause Young (Concurrent Start) (G1 Preventive Collection) 4075M->4083M(4096M) 10.877ms
[2024-07-05T11:10:05.129-0700][info][gc,cpu         ] GC(96) User=0.03s Sys=0.00s Real=0.01s
[2024-07-05T11:10:05.129-0700][info][gc             ] GC(97) Concurrent Mark Cycle
[2024-07-05T11:10:05.129-0700][info][gc,marking     ] GC(97) Concurrent Clear Claimed Marks
[2024-07-05T11:10:05.129-0700][info][gc,marking     ] GC(97) Concurrent Clear Claimed Marks 0.006ms
[2024-07-05T11:10:05.129-0700][info][gc,marking     ] GC(97) Concurrent Scan Root Regions
[2024-07-05T11:10:05.130-0700][info][gc,marking     ] GC(97) Concurrent Scan Root Regions 0.825ms
[2024-07-05T11:10:05.130-0700][info][gc,marking     ] GC(97) Concurrent Mark
[2024-07-05T11:10:05.130-0700][info][gc,marking     ] GC(97) Concurrent Mark From Roots
[2024-07-05T11:10:05.130-0700][info][gc,task        ] GC(97) Using 1 workers of 1 for marking
[2024-07-05T11:10:05.130-0700][info][gc,start       ] GC(98) Pause Young (Normal) (G1 Evacuation Pause)
[2024-07-05T11:10:05.130-0700][info][gc,task        ] GC(98) Using 4 workers of 4 for evacuation
[2024-07-05T11:10:05.132-0700][info][gc             ] GC(98) To-space exhausted
[2024-07-05T11:10:05.132-0700][info][gc,phases      ] GC(98)   Pre Evacuate Collection Set: 1.0ms
[2024-07-05T11:10:05.132-0700][info][gc,phases      ] GC(98)   Merge Heap Roots: 0.2ms
[2024-07-05T11:10:05.132-0700][info][gc,phases      ] GC(98)   Evacuate Collection Set: 0.5ms
[2024-07-05T11:10:05.132-0700][info][gc,phases      ] GC(98)   Post Evacuate Collection Set: 0.7ms
[2024-07-05T11:10:05.132-0700][info][gc,phases      ] GC(98)   Other: 0.1ms
[2024-07-05T11:10:05.132-0700][info][gc,heap        ] GC(98) Eden regions: 1->0(102)
[2024-07-05T11:10:05.132-0700][info][gc,heap        ] GC(98) Survivor regions: 0->0(0)
[2024-07-05T11:10:05.132-0700][info][gc,heap        ] GC(98) Old regions: 2037->2038
[2024-07-05T11:10:05.132-0700][info][gc,heap        ] GC(98) Archive regions: 2->2
[2024-07-05T11:10:05.132-0700][info][gc,heap        ] GC(98) Humongous regions: 8->8
[2024-07-05T11:10:05.132-0700][info][gc,metaspace   ] GC(98) Metaspace: 305K(512K)->305K(512K) NonClass: 297K(384K)->297K(384K) Class: 7K(128K)->7K(128K)
[2024-07-05T11:10:05.132-0700][info][gc             ] GC(98) Pause Young (Normal) (G1 Evacuation Pause) 4085M->4085M(4096M) 1.828ms
[2024-07-05T11:10:05.132-0700][info][gc,cpu         ] GC(98) User=0.01s Sys=0.00s Real=0.00s
[2024-07-05T11:10:05.132-0700][info][gc,ergo        ] Attempting full compaction
[2024-07-05T11:10:05.132-0700][info][gc,task        ] GC(99) Using 4 workers of 4 for full compaction
[2024-07-05T11:10:05.132-0700][info][gc,start       ] GC(99) Pause Full (G1 Compaction Pause)
[2024-07-05T11:10:05.136-0700][info][gc,phases,start] GC(99) Phase 1: Mark live objects
[2024-07-05T11:10:05.241-0700][info][gc,phases      ] GC(99) Phase 1: Mark live objects 105.814ms
[2024-07-05T11:10:05.241-0700][info][gc,phases,start] GC(99) Phase 2: Prepare for compaction
[2024-07-05T11:10:05.244-0700][info][gc,phases      ] GC(99) Phase 2: Prepare for compaction 2.802ms
[2024-07-05T11:10:05.244-0700][info][gc,phases,start] GC(99) Phase 3: Adjust pointers
[2024-07-05T11:10:05.312-0700][info][gc,phases      ] GC(99) Phase 3: Adjust pointers 67.899ms
[2024-07-05T11:10:05.312-0700][info][gc,phases,start] GC(99) Phase 4: Compact heap
[2024-07-05T11:10:05.320-0700][info][gc,phases      ] GC(99) Phase 4: Compact heap 8.257ms
[2024-07-05T11:10:05.324-0700][info][gc,heap        ] GC(99) Eden regions: 0->0(102)
[2024-07-05T11:10:05.324-0700][info][gc,heap        ] GC(99) Survivor regions: 0->0(0)
[2024-07-05T11:10:05.324-0700][info][gc,heap        ] GC(99) Old regions: 2038->2030
[2024-07-05T11:10:05.324-0700][info][gc,heap        ] GC(99) Archive regions: 2->2
[2024-07-05T11:10:05.324-0700][info][gc,heap        ] GC(99) Humongous regions: 8->8
[2024-07-05T11:10:05.324-0700][info][gc,metaspace   ] GC(99) Metaspace: 305K(512K)->305K(512K) NonClass: 297K(384K)->297K(384K) Class: 7K(128K)->7K(128K)
[2024-07-05T11:10:05.324-0700][info][gc             ] GC(99) Pause Full (G1 Compaction Pause) 4085M->4073M(4096M) 191.637ms
[2024-07-05T11:10:05.324-0700][info][gc,cpu         ] GC(99) User=0.71s Sys=0.00s Real=0.20s
[2024-07-05T11:10:05.324-0700][info][gc,marking     ] GC(97) Concurrent Mark From Roots 194.005ms
[2024-07-05T11:10:05.324-0700][info][gc,marking     ] GC(97) Concurrent Mark Abort
[2024-07-05T11:10:05.324-0700][info][gc             ] GC(97) Concurrent Mark Cycle 194.902ms
[2024-07-05T11:10:07.603-0700][info][gc,start       ] GC(100) Pause Young (Normal) (G1 Preventive Collection)
[2024-07-05T11:10:07.603-0700][info][gc,task        ] GC(100) Using 4 workers of 4 for evacuation
[2024-07-05T11:10:07.610-0700][info][gc             ] GC(100) To-space exhausted
[2024-07-05T11:10:07.610-0700][info][gc,phases      ] GC(100)   Pre Evacuate Collection Set: 0.5ms
[2024-07-05T11:10:07.610-0700][info][gc,phases      ] GC(100)   Merge Heap Roots: 0.2ms
[2024-07-05T11:10:07.610-0700][info][gc,phases      ] GC(100)   Evacuate Collection Set: 5.5ms
[2024-07-05T11:10:07.610-0700][info][gc,phases      ] GC(100)   Post Evacuate Collection Set: 0.9ms
[2024-07-05T11:10:07.610-0700][info][gc,phases      ] GC(100)   Other: 0.1ms
[2024-07-05T11:10:07.610-0700][info][gc,heap        ] GC(100) Eden regions: 4->0(98)
[2024-07-05T11:10:07.610-0700][info][gc,heap        ] GC(100) Survivor regions: 0->4(4)
[2024-07-05T11:10:07.610-0700][info][gc,heap        ] GC(100) Old regions: 2030->2032
[2024-07-05T11:10:07.610-0700][info][gc,heap        ] GC(100) Archive regions: 2->2
[2024-07-05T11:10:07.610-0700][info][gc,heap        ] GC(100) Humongous regions: 8->8
[2024-07-05T11:10:07.610-0700][info][gc,metaspace   ] GC(100) Metaspace: 305K(512K)->305K(512K) NonClass: 297K(384K)->297K(384K) Class: 7K(128K)->7K(128K)
[2024-07-05T11:10:07.610-0700][info][gc             ] GC(100) Pause Young (Normal) (G1 Preventive Collection) 4081M->4085M(4096M) 7.379ms
[2024-07-05T11:10:07.610-0700][info][gc,cpu         ] GC(100) User=0.02s Sys=0.00s Real=0.01s
[2024-07-05T11:10:07.610-0700][info][gc,start       ] GC(101) Pause Young (Concurrent Start) (G1 Preventive Collection)
[2024-07-05T11:10:07.610-0700][info][gc,task        ] GC(101) Using 4 workers of 4 for evacuation
[2024-07-05T11:10:07.614-0700][info][gc             ] GC(101) To-space exhausted
[2024-07-05T11:10:07.614-0700][info][gc,phases      ] GC(101)   Pre Evacuate Collection Set: 0.3ms
[2024-07-05T11:10:07.614-0700][info][gc,phases      ] GC(101)   Merge Heap Roots: 0.1ms
[2024-07-05T11:10:07.614-0700][info][gc,phases      ] GC(101)   Evacuate Collection Set: 1.6ms
[2024-07-05T11:10:07.614-0700][info][gc,phases      ] GC(101)   Post Evacuate Collection Set: 1.0ms
[2024-07-05T11:10:07.614-0700][info][gc,phases      ] GC(101)   Other: 0.2ms
[2024-07-05T11:10:07.614-0700][info][gc,heap        ] GC(101) Eden regions: 1->0(101)
[2024-07-05T11:10:07.614-0700][info][gc,heap        ] GC(101) Survivor regions: 4->1(1)
[2024-07-05T11:10:07.614-0700][info][gc,heap        ] GC(101) Old regions: 2032->2037
[2024-07-05T11:10:07.614-0700][info][gc,heap        ] GC(101) Archive regions: 2->2
[2024-07-05T11:10:07.614-0700][info][gc,heap        ] GC(101) Humongous regions: 8->8
[2024-07-05T11:10:07.614-0700][info][gc,metaspace   ] GC(101) Metaspace: 305K(512K)->305K(512K) NonClass: 297K(384K)->297K(384K) Class: 7K(128K)->7K(128K)
[2024-07-05T11:10:07.614-0700][info][gc             ] GC(101) Pause Young (Concurrent Start) (G1 Preventive Collection) 4087M->4089M(4096M) 3.277ms
[2024-07-05T11:10:07.614-0700][info][gc,cpu         ] GC(101) User=0.00s Sys=0.00s Real=0.00s
[2024-07-05T11:10:07.614-0700][info][gc,ergo        ] Attempting full compaction
[2024-07-05T11:10:07.614-0700][info][gc,task        ] GC(102) Using 4 workers of 4 for full compaction
[2024-07-05T11:10:07.614-0700][info][gc             ] GC(103) Concurrent Mark Cycle
[2024-07-05T11:10:07.614-0700][info][gc,start       ] GC(102) Pause Full (G1 Compaction Pause)
[2024-07-05T11:10:07.614-0700][info][gc,marking     ] GC(103) Concurrent Clear Claimed Marks
[2024-07-05T11:10:07.614-0700][info][gc,marking     ] GC(103) Concurrent Clear Claimed Marks 0.011ms
[2024-07-05T11:10:07.614-0700][info][gc,marking     ] GC(103) Concurrent Scan Root Regions
[2024-07-05T11:10:07.614-0700][info][gc,marking     ] GC(103) Concurrent Scan Root Regions 0.175ms
[2024-07-05T11:10:07.614-0700][info][gc,marking     ] GC(103) Concurrent Mark
[2024-07-05T11:10:07.614-0700][info][gc,marking     ] GC(103) Concurrent Mark From Roots
[2024-07-05T11:10:07.614-0700][info][gc,task        ] GC(103) Using 1 workers of 1 for marking
[2024-07-05T11:10:07.617-0700][info][gc,phases,start] GC(102) Phase 1: Mark live objects
[2024-07-05T11:10:07.723-0700][info][gc,phases      ] GC(102) Phase 1: Mark live objects 105.936ms
[2024-07-05T11:10:07.723-0700][info][gc,phases,start] GC(102) Phase 2: Prepare for compaction
[2024-07-05T11:10:07.726-0700][info][gc,phases      ] GC(102) Phase 2: Prepare for compaction 2.672ms
[2024-07-05T11:10:07.726-0700][info][gc,phases,start] GC(102) Phase 3: Adjust pointers
[2024-07-05T11:10:07.792-0700][info][gc,phases      ] GC(102) Phase 3: Adjust pointers 66.233ms
[2024-07-05T11:10:07.792-0700][info][gc,phases,start] GC(102) Phase 4: Compact heap
[2024-07-05T11:10:07.797-0700][info][gc,phases      ] GC(102) Phase 4: Compact heap 4.844ms
[2024-07-05T11:10:07.800-0700][info][gc,heap        ] GC(102) Eden regions: 0->0(102)
[2024-07-05T11:10:07.800-0700][info][gc,heap        ] GC(102) Survivor regions: 1->0(1)
[2024-07-05T11:10:07.800-0700][info][gc,heap        ] GC(102) Old regions: 2037->2035
[2024-07-05T11:10:07.800-0700][info][gc,heap        ] GC(102) Archive regions: 2->2
[2024-07-05T11:10:07.800-0700][info][gc,heap        ] GC(102) Humongous regions: 8->8
[2024-07-05T11:10:07.800-0700][info][gc,metaspace   ] GC(102) Metaspace: 305K(512K)->305K(512K) NonClass: 297K(384K)->297K(384K) Class: 7K(128K)->7K(128K)
[2024-07-05T11:10:07.801-0700][info][gc             ] GC(102) Pause Full (G1 Compaction Pause) 4089M->4081M(4096M) 186.711ms
[2024-07-05T11:10:07.801-0700][info][gc,cpu         ] GC(102) User=0.73s Sys=0.00s Real=0.19s
[2024-07-05T11:10:07.801-0700][info][gc,marking     ] GC(103) Concurrent Mark From Roots 186.671ms
[2024-07-05T11:10:07.801-0700][info][gc,marking     ] GC(103) Concurrent Mark Abort
[2024-07-05T11:10:07.801-0700][info][gc             ] GC(103) Concurrent Mark Cycle 187.025ms
[2024-07-05T11:10:07.801-0700][info][gc,start       ] GC(104) Pause Young (Normal) (G1 Preventive Collection)
[2024-07-05T11:10:07.801-0700][info][gc,task        ] GC(104) Using 4 workers of 4 for evacuation
[2024-07-05T11:10:07.802-0700][info][gc,phases      ] GC(104)   Pre Evacuate Collection Set: 0.2ms
[2024-07-05T11:10:07.802-0700][info][gc,phases      ] GC(104)   Merge Heap Roots: 0.1ms
[2024-07-05T11:10:07.802-0700][info][gc,phases      ] GC(104)   Evacuate Collection Set: 0.4ms
[2024-07-05T11:10:07.802-0700][info][gc,phases      ] GC(104)   Post Evacuate Collection Set: 0.3ms
[2024-07-05T11:10:07.802-0700][info][gc,phases      ] GC(104)   Other: 0.1ms
[2024-07-05T11:10:07.802-0700][info][gc,heap        ] GC(104) Eden regions: 1->0(100)
[2024-07-05T11:10:07.802-0700][info][gc,heap        ] GC(104) Survivor regions: 0->2(2)
[2024-07-05T11:10:07.802-0700][info][gc,heap        ] GC(104) Old regions: 2035->2035
[2024-07-05T11:10:07.802-0700][info][gc,heap        ] GC(104) Archive regions: 2->2
[2024-07-05T11:10:07.802-0700][info][gc,heap        ] GC(104) Humongous regions: 8->8
[2024-07-05T11:10:07.802-0700][info][gc,metaspace   ] GC(104) Metaspace: 305K(512K)->305K(512K) NonClass: 297K(384K)->297K(384K) Class: 7K(128K)->7K(128K)
[2024-07-05T11:10:07.802-0700][info][gc             ] GC(104) Pause Young (Normal) (G1 Preventive Collection) 4083M->4084M(4096M) 1.087ms
[2024-07-05T11:10:07.802-0700][info][gc,cpu         ] GC(104) User=0.01s Sys=0.00s Real=0.00s
[2024-07-05T11:10:07.802-0700][info][gc,start       ] GC(105) Pause Young (Concurrent Start) (G1 Evacuation Pause)
[2024-07-05T11:10:07.802-0700][info][gc,task        ] GC(105) Using 4 workers of 4 for evacuation
[2024-07-05T11:10:07.804-0700][info][gc             ] GC(105) To-space exhausted
[2024-07-05T11:10:07.804-0700][info][gc,phases      ] GC(105)   Pre Evacuate Collection Set: 0.2ms
[2024-07-05T11:10:07.804-0700][info][gc,phases      ] GC(105)   Merge Heap Roots: 0.1ms
[2024-07-05T11:10:07.804-0700][info][gc,phases      ] GC(105)   Evacuate Collection Set: 0.8ms
[2024-07-05T11:10:07.804-0700][info][gc,phases      ] GC(105)   Post Evacuate Collection Set: 0.4ms
[2024-07-05T11:10:07.804-0700][info][gc,phases      ] GC(105)   Other: 0.1ms
[2024-07-05T11:10:07.804-0700][info][gc,heap        ] GC(105) Eden regions: 1->0(102)
[2024-07-05T11:10:07.804-0700][info][gc,heap        ] GC(105) Survivor regions: 2->0(0)
[2024-07-05T11:10:07.804-0700][info][gc,heap        ] GC(105) Old regions: 2035->2038
[2024-07-05T11:10:07.804-0700][info][gc,heap        ] GC(105) Archive regions: 2->2
[2024-07-05T11:10:07.804-0700][info][gc,heap        ] GC(105) Humongous regions: 8->8
[2024-07-05T11:10:07.804-0700][info][gc,metaspace   ] GC(105) Metaspace: 305K(512K)->305K(512K) NonClass: 297K(384K)->297K(384K) Class: 7K(128K)->7K(128K)
[2024-07-05T11:10:07.804-0700][info][gc             ] GC(105) Pause Young (Concurrent Start) (G1 Evacuation Pause) 4086M->4086M(4096M) 1.626ms
[2024-07-05T11:10:07.804-0700][info][gc,cpu         ] GC(105) User=0.00s Sys=0.01s Real=0.01s
[2024-07-05T11:10:07.804-0700][info][gc,ergo        ] Attempting full compaction
[2024-07-05T11:10:07.804-0700][info][gc,task        ] GC(106) Using 4 workers of 4 for full compaction
[2024-07-05T11:10:07.804-0700][info][gc,start       ] GC(106) Pause Full (G1 Compaction Pause)
[2024-07-05T11:10:07.804-0700][info][gc             ] GC(107) Concurrent Mark Cycle
[2024-07-05T11:10:07.804-0700][info][gc,marking     ] GC(107) Concurrent Clear Claimed Marks
[2024-07-05T11:10:07.804-0700][info][gc,marking     ] GC(107) Concurrent Clear Claimed Marks 0.005ms
[2024-07-05T11:10:07.804-0700][info][gc,marking     ] GC(107) Concurrent Scan Root Regions
[2024-07-05T11:10:07.804-0700][info][gc,marking     ] GC(107) Concurrent Scan Root Regions 0.003ms
[2024-07-05T11:10:07.804-0700][info][gc,marking     ] GC(107) Concurrent Mark
[2024-07-05T11:10:07.804-0700][info][gc,marking     ] GC(107) Concurrent Mark From Roots
[2024-07-05T11:10:07.804-0700][info][gc,task        ] GC(107) Using 1 workers of 1 for marking
[2024-07-05T11:10:07.807-0700][info][gc,phases,start] GC(106) Phase 1: Mark live objects
[2024-07-05T11:10:07.913-0700][info][gc,phases      ] GC(106) Phase 1: Mark live objects 105.737ms
[2024-07-05T11:10:07.913-0700][info][gc,phases,start] GC(106) Phase 2: Prepare for compaction
[2024-07-05T11:10:07.914-0700][info][gc,phases      ] GC(106) Phase 2: Prepare for compaction 0.933ms
[2024-07-05T11:10:07.914-0700][info][gc,phases,start] GC(106) Phase 3: Adjust pointers
[2024-07-05T11:10:07.982-0700][info][gc,phases      ] GC(106) Phase 3: Adjust pointers 67.442ms
[2024-07-05T11:10:07.982-0700][info][gc,phases,start] GC(106) Phase 4: Compact heap
[2024-07-05T11:10:07.982-0700][info][gc,phases      ] GC(106) Phase 4: Compact heap 0.328ms
[2024-07-05T11:10:07.988-0700][info][gc,heap        ] GC(106) Eden regions: 0->0(102)
[2024-07-05T11:10:07.988-0700][info][gc,heap        ] GC(106) Survivor regions: 0->0(0)
[2024-07-05T11:10:07.988-0700][info][gc,heap        ] GC(106) Old regions: 2038->2037
[2024-07-05T11:10:07.988-0700][info][gc,heap        ] GC(106) Archive regions: 2->2
[2024-07-05T11:10:07.988-0700][info][gc,heap        ] GC(106) Humongous regions: 8->8
[2024-07-05T11:10:07.988-0700][info][gc,metaspace   ] GC(106) Metaspace: 305K(512K)->305K(512K) NonClass: 297K(384K)->297K(384K) Class: 7K(128K)->7K(128K)
[2024-07-05T11:10:07.988-0700][info][gc             ] GC(106) Pause Full (G1 Compaction Pause) 4086M->4085M(4096M) 184.287ms
[2024-07-05T11:10:07.988-0700][info][gc,cpu         ] GC(106) User=0.72s Sys=0.00s Real=0.18s
[2024-07-05T11:10:07.989-0700][info][gc,marking     ] GC(107) Concurrent Mark From Roots 184.726ms
[2024-07-05T11:10:07.989-0700][info][gc,marking     ] GC(107) Concurrent Mark Abort
[2024-07-05T11:10:07.989-0700][info][gc             ] GC(107) Concurrent Mark Cycle 184.801ms
[2024-07-05T11:10:07.989-0700][info][gc,start       ] GC(108) Pause Young (Normal) (G1 Evacuation Pause)
[2024-07-05T11:10:07.989-0700][info][gc,task        ] GC(108) Using 4 workers of 4 for evacuation
[2024-07-05T11:10:07.992-0700][info][gc             ] GC(108) To-space exhausted
[2024-07-05T11:10:07.992-0700][info][gc,phases      ] GC(108)   Pre Evacuate Collection Set: 1.0ms
[2024-07-05T11:10:07.992-0700][info][gc,phases      ] GC(108)   Merge Heap Roots: 0.2ms
[2024-07-05T11:10:07.992-0700][info][gc,phases      ] GC(108)   Evacuate Collection Set: 0.6ms
[2024-07-05T11:10:07.992-0700][info][gc,phases      ] GC(108)   Post Evacuate Collection Set: 0.7ms
[2024-07-05T11:10:07.992-0700][info][gc,phases      ] GC(108)   Other: 0.3ms
[2024-07-05T11:10:07.992-0700][info][gc,heap        ] GC(108) Eden regions: 1->0(102)
[2024-07-05T11:10:07.992-0700][info][gc,heap        ] GC(108) Survivor regions: 0->0(0)
[2024-07-05T11:10:07.992-0700][info][gc,heap        ] GC(108) Old regions: 2037->2038
[2024-07-05T11:10:07.992-0700][info][gc,heap        ] GC(108) Archive regions: 2->2
[2024-07-05T11:10:07.992-0700][info][gc,heap        ] GC(108) Humongous regions: 8->8
[2024-07-05T11:10:07.992-0700][info][gc,metaspace   ] GC(108) Metaspace: 305K(512K)->305K(512K) NonClass: 297K(384K)->297K(384K) Class: 7K(128K)->7K(128K)
[2024-07-05T11:10:07.992-0700][info][gc             ] GC(108) Pause Young (Normal) (G1 Evacuation Pause) 4087M->4087M(4096M) 2.748ms
[2024-07-05T11:10:07.992-0700][info][gc,cpu         ] GC(108) User=0.00s Sys=0.00s Real=0.00s
[2024-07-05T11:10:07.992-0700][info][gc,ergo        ] Attempting full compaction
[2024-07-05T11:10:07.992-0700][info][gc,task        ] GC(109) Using 4 workers of 4 for full compaction
[2024-07-05T11:10:07.992-0700][info][gc,start       ] GC(109) Pause Full (G1 Compaction Pause)
[2024-07-05T11:10:07.992-0700][info][gc,phases,start] GC(109) Phase 1: Mark live objects
[2024-07-05T11:10:08.091-0700][info][gc,phases      ] GC(109) Phase 1: Mark live objects 98.493ms
[2024-07-05T11:10:08.091-0700][info][gc,phases,start] GC(109) Phase 2: Prepare for compaction
[2024-07-05T11:10:08.092-0700][info][gc,phases      ] GC(109) Phase 2: Prepare for compaction 1.087ms
[2024-07-05T11:10:08.092-0700][info][gc,phases,start] GC(109) Phase 3: Adjust pointers
[2024-07-05T11:10:08.158-0700][info][gc,phases      ] GC(109) Phase 3: Adjust pointers 66.174ms
[2024-07-05T11:10:08.158-0700][info][gc,phases,start] GC(109) Phase 4: Compact heap
[2024-07-05T11:10:08.159-0700][info][gc,phases      ] GC(109) Phase 4: Compact heap 0.513ms
[2024-07-05T11:10:08.162-0700][info][gc,heap        ] GC(109) Eden regions: 0->0(102)
[2024-07-05T11:10:08.162-0700][info][gc,heap        ] GC(109) Survivor regions: 0->0(0)
[2024-07-05T11:10:08.162-0700][info][gc,heap        ] GC(109) Old regions: 2038->2036
[2024-07-05T11:10:08.162-0700][info][gc,heap        ] GC(109) Archive regions: 2->2
[2024-07-05T11:10:08.162-0700][info][gc,heap        ] GC(109) Humongous regions: 8->8
[2024-07-05T11:10:08.162-0700][info][gc,metaspace   ] GC(109) Metaspace: 305K(512K)->305K(512K) NonClass: 297K(384K)->297K(384K) Class: 7K(128K)->7K(128K)
[2024-07-05T11:10:08.162-0700][info][gc             ] GC(109) Pause Full (G1 Compaction Pause) 4087M->4087M(4096M) 169.924ms
[2024-07-05T11:10:08.162-0700][info][gc,cpu         ] GC(109) User=0.66s Sys=0.01s Real=0.17s
[2024-07-05T11:10:10.450-0700][info][gc,start       ] GC(110) Pause Young (Concurrent Start) (G1 Preventive Collection)
[2024-07-05T11:10:10.450-0700][info][gc,task        ] GC(110) Using 4 workers of 4 for evacuation
[2024-07-05T11:10:10.457-0700][info][gc,phases      ] GC(110)   Pre Evacuate Collection Set: 0.5ms
[2024-07-05T11:10:10.457-0700][info][gc,phases      ] GC(110)   Merge Heap Roots: 0.2ms
[2024-07-05T11:10:10.457-0700][info][gc,phases      ] GC(110)   Evacuate Collection Set: 5.3ms
[2024-07-05T11:10:10.457-0700][info][gc,phases      ] GC(110)   Post Evacuate Collection Set: 0.7ms
[2024-07-05T11:10:10.457-0700][info][gc,phases      ] GC(110)   Other: 0.4ms
[2024-07-05T11:10:10.457-0700][info][gc,heap        ] GC(110) Eden regions: 1->0(101)
[2024-07-05T11:10:10.457-0700][info][gc,heap        ] GC(110) Survivor regions: 0->1(1)
[2024-07-05T11:10:10.457-0700][info][gc,heap        ] GC(110) Old regions: 2036->2036
[2024-07-05T11:10:10.457-0700][info][gc,heap        ] GC(110) Archive regions: 2->2
[2024-07-05T11:10:10.457-0700][info][gc,heap        ] GC(110) Humongous regions: 8->8
[2024-07-05T11:10:10.457-0700][info][gc,metaspace   ] GC(110) Metaspace: 305K(512K)->305K(512K) NonClass: 297K(384K)->297K(384K) Class: 7K(128K)->7K(128K)
[2024-07-05T11:10:10.457-0700][info][gc             ] GC(110) Pause Young (Concurrent Start) (G1 Preventive Collection) 4089M->4089M(4096M) 7.155ms
[2024-07-05T11:10:10.457-0700][info][gc,cpu         ] GC(110) User=0.03s Sys=0.00s Real=0.01s
[2024-07-05T11:10:10.457-0700][info][gc             ] GC(111) Concurrent Mark Cycle
[2024-07-05T11:10:10.457-0700][info][gc,marking     ] GC(111) Concurrent Clear Claimed Marks
[2024-07-05T11:10:10.457-0700][info][gc,marking     ] GC(111) Concurrent Clear Claimed Marks 0.005ms
[2024-07-05T11:10:10.457-0700][info][gc,marking     ] GC(111) Concurrent Scan Root Regions
[2024-07-05T11:10:10.457-0700][info][gc,marking     ] GC(111) Concurrent Scan Root Regions 0.318ms
[2024-07-05T11:10:10.457-0700][info][gc,marking     ] GC(111) Concurrent Mark
[2024-07-05T11:10:10.457-0700][info][gc,marking     ] GC(111) Concurrent Mark From Roots
[2024-07-05T11:10:10.457-0700][info][gc,task        ] GC(111) Using 1 workers of 1 for marking
[2024-07-05T11:10:10.457-0700][info][gc,start       ] GC(112) Pause Young (Normal) (G1 Evacuation Pause)
[2024-07-05T11:10:10.457-0700][info][gc,task        ] GC(112) Using 4 workers of 4 for evacuation
[2024-07-05T11:10:10.459-0700][info][gc             ] GC(112) To-space exhausted
[2024-07-05T11:10:10.459-0700][info][gc,phases      ] GC(112)   Pre Evacuate Collection Set: 0.4ms
[2024-07-05T11:10:10.459-0700][info][gc,phases      ] GC(112)   Merge Heap Roots: 0.1ms
[2024-07-05T11:10:10.459-0700][info][gc,phases      ] GC(112)   Evacuate Collection Set: 0.7ms
[2024-07-05T11:10:10.459-0700][info][gc,phases      ] GC(112)   Post Evacuate Collection Set: 0.8ms
[2024-07-05T11:10:10.459-0700][info][gc,phases      ] GC(112)   Other: 0.1ms
[2024-07-05T11:10:10.459-0700][info][gc,heap        ] GC(112) Eden regions: 1->0(102)
[2024-07-05T11:10:10.459-0700][info][gc,heap        ] GC(112) Survivor regions: 1->0(0)
[2024-07-05T11:10:10.459-0700][info][gc,heap        ] GC(112) Old regions: 2036->2038
[2024-07-05T11:10:10.459-0700][info][gc,heap        ] GC(112) Archive regions: 2->2
[2024-07-05T11:10:10.459-0700][info][gc,heap        ] GC(112) Humongous regions: 8->8
[2024-07-05T11:10:10.459-0700][info][gc,metaspace   ] GC(112) Metaspace: 305K(512K)->305K(512K) NonClass: 297K(384K)->297K(384K) Class: 7K(128K)->7K(128K)
[2024-07-05T11:10:10.459-0700][info][gc             ] GC(112) Pause Young (Normal) (G1 Evacuation Pause) 4091M->4091M(4096M) 2.076ms
[2024-07-05T11:10:10.459-0700][info][gc,cpu         ] GC(112) User=0.00s Sys=0.00s Real=0.00s
[2024-07-05T11:10:10.459-0700][info][gc,ergo        ] Attempting full compaction
[2024-07-05T11:10:10.459-0700][info][gc,task        ] GC(113) Using 4 workers of 4 for full compaction
[2024-07-05T11:10:10.459-0700][info][gc,start       ] GC(113) Pause Full (G1 Compaction Pause)
[2024-07-05T11:10:10.464-0700][info][gc,phases,start] GC(113) Phase 1: Mark live objects
[2024-07-05T11:10:10.599-0700][info][gc,phases      ] GC(113) Phase 1: Mark live objects 135.533ms
[2024-07-05T11:10:10.599-0700][info][gc,phases,start] GC(113) Phase 2: Prepare for compaction
[2024-07-05T11:10:10.603-0700][info][gc,phases      ] GC(113) Phase 2: Prepare for compaction 3.142ms
[2024-07-05T11:10:10.603-0700][info][gc,phases,start] GC(113) Phase 3: Adjust pointers
[2024-07-05T11:10:10.669-0700][info][gc,phases      ] GC(113) Phase 3: Adjust pointers 66.303ms
[2024-07-05T11:10:10.669-0700][info][gc,phases,start] GC(113) Phase 4: Compact heap
[2024-07-05T11:10:10.678-0700][info][gc,phases      ] GC(113) Phase 4: Compact heap 9.361ms
[2024-07-05T11:10:10.682-0700][info][gc,heap        ] GC(113) Eden regions: 0->0(102)
[2024-07-05T11:10:10.682-0700][info][gc,heap        ] GC(113) Survivor regions: 0->0(0)
[2024-07-05T11:10:10.682-0700][info][gc,heap        ] GC(113) Old regions: 2038->2037
[2024-07-05T11:10:10.682-0700][info][gc,heap        ] GC(113) Archive regions: 2->2
[2024-07-05T11:10:10.682-0700][info][gc,heap        ] GC(113) Humongous regions: 8->8
[2024-07-05T11:10:10.682-0700][info][gc,metaspace   ] GC(113) Metaspace: 305K(512K)->305K(512K) NonClass: 297K(384K)->297K(384K) Class: 7K(128K)->7K(128K)
[2024-07-05T11:10:10.682-0700][info][gc             ] GC(113) Pause Full (G1 Compaction Pause) 4091M->4087M(4096M) 222.707ms
[2024-07-05T11:10:10.682-0700][info][gc,cpu         ] GC(113) User=0.84s Sys=0.01s Real=0.22s
[2024-07-05T11:10:10.683-0700][info][gc,marking     ] GC(111) Concurrent Mark From Roots 225.349ms
[2024-07-05T11:10:10.683-0700][info][gc,marking     ] GC(111) Concurrent Mark Abort
[2024-07-05T11:10:10.683-0700][info][gc             ] GC(111) Concurrent Mark Cycle 225.738ms
[2024-07-05T11:10:10.683-0700][info][gc,start       ] GC(114) Pause Young (Normal) (G1 Evacuation Pause)
[2024-07-05T11:10:10.683-0700][info][gc,task        ] GC(114) Using 4 workers of 4 for evacuation
[2024-07-05T11:10:10.684-0700][info][gc             ] GC(114) To-space exhausted
[2024-07-05T11:10:10.684-0700][info][gc,phases      ] GC(114)   Pre Evacuate Collection Set: 0.2ms
[2024-07-05T11:10:10.684-0700][info][gc,phases      ] GC(114)   Merge Heap Roots: 0.1ms
[2024-07-05T11:10:10.684-0700][info][gc,phases      ] GC(114)   Evacuate Collection Set: 0.5ms
[2024-07-05T11:10:10.684-0700][info][gc,phases      ] GC(114)   Post Evacuate Collection Set: 0.5ms
[2024-07-05T11:10:10.684-0700][info][gc,phases      ] GC(114)   Other: 0.1ms
[2024-07-05T11:10:10.684-0700][info][gc,heap        ] GC(114) Eden regions: 1->0(102)
[2024-07-05T11:10:10.684-0700][info][gc,heap        ] GC(114) Survivor regions: 0->0(0)
[2024-07-05T11:10:10.684-0700][info][gc,heap        ] GC(114) Old regions: 2037->2038
[2024-07-05T11:10:10.684-0700][info][gc,heap        ] GC(114) Archive regions: 2->2
[2024-07-05T11:10:10.684-0700][info][gc,heap        ] GC(114) Humongous regions: 8->8
[2024-07-05T11:10:10.684-0700][info][gc,metaspace   ] GC(114) Metaspace: 305K(512K)->305K(512K) NonClass: 297K(384K)->297K(384K) Class: 7K(128K)->7K(128K)
[2024-07-05T11:10:10.684-0700][info][gc             ] GC(114) Pause Young (Normal) (G1 Evacuation Pause) 4089M->4089M(4096M) 1.489ms
[2024-07-05T11:10:10.684-0700][info][gc,cpu         ] GC(114) User=0.00s Sys=0.00s Real=0.01s
[2024-07-05T11:10:10.684-0700][info][gc,ergo        ] Attempting full compaction
[2024-07-05T11:10:10.684-0700][info][gc,task        ] GC(115) Using 4 workers of 4 for full compaction
[2024-07-05T11:10:10.684-0700][info][gc,start       ] GC(115) Pause Full (G1 Compaction Pause)
[2024-07-05T11:10:10.684-0700][info][gc,phases,start] GC(115) Phase 1: Mark live objects
[2024-07-05T11:10:10.791-0700][info][gc,phases      ] GC(115) Phase 1: Mark live objects 106.858ms
[2024-07-05T11:10:10.791-0700][info][gc,phases,start] GC(115) Phase 2: Prepare for compaction
[2024-07-05T11:10:10.792-0700][info][gc,phases      ] GC(115) Phase 2: Prepare for compaction 1.156ms
[2024-07-05T11:10:10.792-0700][info][gc,phases,start] GC(115) Phase 3: Adjust pointers
[2024-07-05T11:10:10.860-0700][info][gc,phases      ] GC(115) Phase 3: Adjust pointers 67.425ms
[2024-07-05T11:10:10.860-0700][info][gc,phases,start] GC(115) Phase 4: Compact heap
[2024-07-05T11:10:10.860-0700][info][gc,phases      ] GC(115) Phase 4: Compact heap 0.463ms
[2024-07-05T11:10:10.864-0700][info][gc,heap        ] GC(115) Eden regions: 0->0(102)
[2024-07-05T11:10:10.864-0700][info][gc,heap        ] GC(115) Survivor regions: 0->0(0)
[2024-07-05T11:10:10.864-0700][info][gc,heap        ] GC(115) Old regions: 2038->2037
[2024-07-05T11:10:10.864-0700][info][gc,heap        ] GC(115) Archive regions: 2->2
[2024-07-05T11:10:10.864-0700][info][gc,heap        ] GC(115) Humongous regions: 8->8
[2024-07-05T11:10:10.864-0700][info][gc,metaspace   ] GC(115) Metaspace: 305K(512K)->305K(512K) NonClass: 297K(384K)->297K(384K) Class: 7K(128K)->7K(128K)
[2024-07-05T11:10:10.864-0700][info][gc             ] GC(115) Pause Full (G1 Compaction Pause) 4089M->4089M(4096M) 179.856ms
[2024-07-05T11:10:10.864-0700][info][gc,cpu         ] GC(115) User=0.70s Sys=0.00s Real=0.18s
[2024-07-05T11:10:10.865-0700][info][gc,start       ] GC(116) Pause Young (Concurrent Start) (G1 Evacuation Pause)
[2024-07-05T11:10:10.865-0700][info][gc,task        ] GC(116) Using 4 workers of 4 for evacuation
[2024-07-05T11:10:10.866-0700][info][gc             ] GC(116) To-space exhausted
[2024-07-05T11:10:10.866-0700][info][gc,phases      ] GC(116)   Pre Evacuate Collection Set: 0.3ms
[2024-07-05T11:10:10.866-0700][info][gc,phases      ] GC(116)   Merge Heap Roots: 0.1ms
[2024-07-05T11:10:10.866-0700][info][gc,phases      ] GC(116)   Evacuate Collection Set: 0.5ms
[2024-07-05T11:10:10.866-0700][info][gc,phases      ] GC(116)   Post Evacuate Collection Set: 0.6ms
[2024-07-05T11:10:10.866-0700][info][gc,phases      ] GC(116)   Other: 0.1ms
[2024-07-05T11:10:10.866-0700][info][gc,heap        ] GC(116) Eden regions: 1->0(102)
[2024-07-05T11:10:10.866-0700][info][gc,heap        ] GC(116) Survivor regions: 0->0(0)
[2024-07-05T11:10:10.866-0700][info][gc,heap        ] GC(116) Old regions: 2037->2038
[2024-07-05T11:10:10.866-0700][info][gc,heap        ] GC(116) Archive regions: 2->2
[2024-07-05T11:10:10.866-0700][info][gc,heap        ] GC(116) Humongous regions: 8->8
[2024-07-05T11:10:10.866-0700][info][gc,metaspace   ] GC(116) Metaspace: 305K(512K)->305K(512K) NonClass: 297K(384K)->297K(384K) Class: 7K(128K)->7K(128K)
[2024-07-05T11:10:10.866-0700][info][gc             ] GC(116) Pause Young (Concurrent Start) (G1 Evacuation Pause) 4091M->4091M(4096M) 1.650ms
[2024-07-05T11:10:10.866-0700][info][gc,cpu         ] GC(116) User=0.00s Sys=0.00s Real=0.00s
[2024-07-05T11:10:10.866-0700][info][gc,ergo        ] Attempting full compaction
[2024-07-05T11:10:10.866-0700][info][gc,task        ] GC(117) Using 4 workers of 4 for full compaction
[2024-07-05T11:10:10.866-0700][info][gc,start       ] GC(117) Pause Full (G1 Compaction Pause)
[2024-07-05T11:10:10.866-0700][info][gc             ] GC(118) Concurrent Mark Cycle
[2024-07-05T11:10:10.866-0700][info][gc,marking     ] GC(118) Concurrent Clear Claimed Marks
[2024-07-05T11:10:10.866-0700][info][gc,marking     ] GC(118) Concurrent Clear Claimed Marks 0.009ms
[2024-07-05T11:10:10.866-0700][info][gc,marking     ] GC(118) Concurrent Scan Root Regions
[2024-07-05T11:10:10.866-0700][info][gc,marking     ] GC(118) Concurrent Scan Root Regions 0.003ms
[2024-07-05T11:10:10.866-0700][info][gc,marking     ] GC(118) Concurrent Mark
[2024-07-05T11:10:10.866-0700][info][gc,marking     ] GC(118) Concurrent Mark From Roots
[2024-07-05T11:10:10.866-0700][info][gc,task        ] GC(118) Using 1 workers of 1 for marking
[2024-07-05T11:10:10.870-0700][info][gc,phases,start] GC(117) Phase 1: Mark live objects
[2024-07-05T11:10:11.013-0700][info][gc,phases      ] GC(117) Phase 1: Mark live objects 143.090ms
[2024-07-05T11:10:11.013-0700][info][gc,phases,start] GC(117) Phase 2: Prepare for compaction
[2024-07-05T11:10:11.015-0700][info][gc,phases      ] GC(117) Phase 2: Prepare for compaction 1.054ms
[2024-07-05T11:10:11.015-0700][info][gc,phases,start] GC(117) Phase 3: Adjust pointers
[2024-07-05T11:10:11.084-0700][info][gc,phases      ] GC(117) Phase 3: Adjust pointers 69.115ms
[2024-07-05T11:10:11.084-0700][info][gc,phases,start] GC(117) Phase 4: Compact heap
[2024-07-05T11:10:11.084-0700][info][gc,phases      ] GC(117) Phase 4: Compact heap 0.298ms
[2024-07-05T11:10:11.087-0700][info][gc,heap        ] GC(117) Eden regions: 0->0(102)
[2024-07-05T11:10:11.087-0700][info][gc,heap        ] GC(117) Survivor regions: 0->0(0)
[2024-07-05T11:10:11.087-0700][info][gc,heap        ] GC(117) Old regions: 2038->2038
[2024-07-05T11:10:11.087-0700][info][gc,heap        ] GC(117) Archive regions: 2->2
[2024-07-05T11:10:11.087-0700][info][gc,heap        ] GC(117) Humongous regions: 8->8
[2024-07-05T11:10:11.087-0700][info][gc,metaspace   ] GC(117) Metaspace: 305K(512K)->305K(512K) NonClass: 297K(384K)->297K(384K) Class: 7K(128K)->7K(128K)
[2024-07-05T11:10:11.087-0700][info][gc             ] GC(117) Pause Full (G1 Compaction Pause) 4091M->4091M(4096M) 221.106ms
[2024-07-05T11:10:11.087-0700][info][gc,cpu         ] GC(117) User=0.87s Sys=0.00s Real=0.22s
[2024-07-05T11:10:11.087-0700][info][gc,ergo        ] Attempting maximum full compaction clearing soft references
[2024-07-05T11:10:11.087-0700][info][gc,task        ] GC(119) Using 4 workers of 4 for full compaction
[2024-07-05T11:10:11.087-0700][info][gc,start       ] GC(119) Pause Full (G1 Compaction Pause)
[2024-07-05T11:10:11.088-0700][info][gc,phases,start] GC(119) Phase 1: Mark live objects
[2024-07-05T11:10:11.198-0700][info][gc,phases      ] GC(119) Phase 1: Mark live objects 110.584ms
[2024-07-05T11:10:11.198-0700][info][gc,phases,start] GC(119) Phase 2: Prepare for compaction
[2024-07-05T11:10:11.291-0700][info][gc,phases      ] GC(119) Phase 2: Prepare for compaction 92.612ms
[2024-07-05T11:10:11.291-0700][info][gc,phases,start] GC(119) Phase 3: Adjust pointers
[2024-07-05T11:10:11.388-0700][info][gc,phases      ] GC(119) Phase 3: Adjust pointers 96.597ms
[2024-07-05T11:10:11.388-0700][info][gc,phases,start] GC(119) Phase 4: Compact heap
[2024-07-05T11:10:11.963-0700][info][gc,phases      ] GC(119) Phase 4: Compact heap 575.380ms
[2024-07-05T11:10:11.967-0700][info][gc,heap        ] GC(119) Eden regions: 0->0(102)
[2024-07-05T11:10:11.967-0700][info][gc,heap        ] GC(119) Survivor regions: 0->0(0)
[2024-07-05T11:10:11.967-0700][info][gc,heap        ] GC(119) Old regions: 2038->1968
[2024-07-05T11:10:11.967-0700][info][gc,heap        ] GC(119) Archive regions: 2->2
[2024-07-05T11:10:11.967-0700][info][gc,heap        ] GC(119) Humongous regions: 8->8
[2024-07-05T11:10:11.967-0700][info][gc,metaspace   ] GC(119) Metaspace: 305K(512K)->305K(512K) NonClass: 297K(384K)->297K(384K) Class: 7K(128K)->7K(128K)
[2024-07-05T11:10:11.967-0700][info][gc             ] GC(119) Pause Full (G1 Compaction Pause) 4091M->3948M(4096M) 879.562ms
[2024-07-05T11:10:11.967-0700][info][gc,cpu         ] GC(119) User=3.40s Sys=0.01s Real=0.88s
[2024-07-05T11:10:11.967-0700][info][gc,marking     ] GC(118) Concurrent Mark From Roots 1100.724ms
[2024-07-05T11:10:11.967-0700][info][gc,marking     ] GC(118) Concurrent Mark Abort
[2024-07-05T11:10:11.967-0700][info][gc             ] GC(118) Concurrent Mark Cycle 1100.917ms
[2024-07-05T11:10:32.323-0700][info][gc,start       ] GC(120) Pause Young (Normal) (G1 Preventive Collection)
[2024-07-05T11:10:32.323-0700][info][gc,task        ] GC(120) Using 4 workers of 4 for evacuation
[2024-07-05T11:10:32.347-0700][info][gc             ] GC(120) To-space exhausted
[2024-07-05T11:10:32.347-0700][info][gc,phases      ] GC(120)   Pre Evacuate Collection Set: 0.3ms
[2024-07-05T11:10:32.347-0700][info][gc,phases      ] GC(120)   Merge Heap Roots: 0.2ms
[2024-07-05T11:10:32.347-0700][info][gc,phases      ] GC(120)   Evacuate Collection Set: 20.9ms
[2024-07-05T11:10:32.347-0700][info][gc,phases      ] GC(120)   Post Evacuate Collection Set: 2.2ms
[2024-07-05T11:10:32.347-0700][info][gc,phases      ] GC(120)   Other: 0.2ms
[2024-07-05T11:10:32.347-0700][info][gc,heap        ] GC(120) Eden regions: 45->0(89)
[2024-07-05T11:10:32.347-0700][info][gc,heap        ] GC(120) Survivor regions: 0->13(13)
[2024-07-05T11:10:32.347-0700][info][gc,heap        ] GC(120) Old regions: 1968->2008
[2024-07-05T11:10:32.347-0700][info][gc,heap        ] GC(120) Archive regions: 2->2
[2024-07-05T11:10:32.347-0700][info][gc,heap        ] GC(120) Humongous regions: 8->8
[2024-07-05T11:10:32.347-0700][info][gc,metaspace   ] GC(120) Metaspace: 305K(512K)->305K(512K) NonClass: 297K(384K)->297K(384K) Class: 7K(128K)->7K(128K)
[2024-07-05T11:10:32.347-0700][info][gc             ] GC(120) Pause Young (Normal) (G1 Preventive Collection) 4038M->4054M(4096M) 23.834ms
[2024-07-05T11:10:32.347-0700][info][gc,cpu         ] GC(120) User=0.07s Sys=0.01s Real=0.03s
[2024-07-05T11:10:39.436-0700][info][gc,start       ] GC(121) Pause Young (Concurrent Start) (G1 Preventive Collection)
[2024-07-05T11:10:39.436-0700][info][gc,task        ] GC(121) Using 4 workers of 4 for evacuation
[2024-07-05T11:10:39.448-0700][info][gc             ] GC(121) To-space exhausted
[2024-07-05T11:10:39.448-0700][info][gc,phases      ] GC(121)   Pre Evacuate Collection Set: 0.3ms
[2024-07-05T11:10:39.448-0700][info][gc,phases      ] GC(121)   Merge Heap Roots: 0.2ms
[2024-07-05T11:10:39.448-0700][info][gc,phases      ] GC(121)   Evacuate Collection Set: 8.8ms
[2024-07-05T11:10:39.448-0700][info][gc,phases      ] GC(121)   Post Evacuate Collection Set: 2.8ms
[2024-07-05T11:10:39.448-0700][info][gc,phases      ] GC(121)   Other: 0.3ms
[2024-07-05T11:10:39.448-0700][info][gc,heap        ] GC(121) Eden regions: 11->0(102)
[2024-07-05T11:10:39.448-0700][info][gc,heap        ] GC(121) Survivor regions: 13->0(6)
[2024-07-05T11:10:39.448-0700][info][gc,heap        ] GC(121) Old regions: 2008->2036
[2024-07-05T11:10:39.448-0700][info][gc,heap        ] GC(121) Archive regions: 2->2
[2024-07-05T11:10:39.448-0700][info][gc,heap        ] GC(121) Humongous regions: 8->8
[2024-07-05T11:10:39.448-0700][info][gc,metaspace   ] GC(121) Metaspace: 305K(512K)->305K(512K) NonClass: 297K(384K)->297K(384K) Class: 7K(128K)->7K(128K)
[2024-07-05T11:10:39.448-0700][info][gc             ] GC(121) Pause Young (Concurrent Start) (G1 Preventive Collection) 4076M->4084M(4096M) 12.352ms
[2024-07-05T11:10:39.448-0700][info][gc,cpu         ] GC(121) User=0.04s Sys=0.00s Real=0.01s
[2024-07-05T11:10:39.448-0700][info][gc             ] GC(122) Concurrent Mark Cycle
[2024-07-05T11:10:39.448-0700][info][gc,marking     ] GC(122) Concurrent Clear Claimed Marks
[2024-07-05T11:10:39.449-0700][info][gc,marking     ] GC(122) Concurrent Clear Claimed Marks 0.014ms
[2024-07-05T11:10:39.449-0700][info][gc,marking     ] GC(122) Concurrent Scan Root Regions
[2024-07-05T11:10:39.449-0700][info][gc,marking     ] GC(122) Concurrent Scan Root Regions 0.818ms
[2024-07-05T11:10:39.449-0700][info][gc,marking     ] GC(122) Concurrent Mark
[2024-07-05T11:10:39.449-0700][info][gc,marking     ] GC(122) Concurrent Mark From Roots
[2024-07-05T11:10:39.449-0700][info][gc,task        ] GC(122) Using 1 workers of 1 for marking
[2024-07-05T11:10:39.449-0700][info][gc,start       ] GC(123) Pause Young (Normal) (G1 Preventive Collection)
[2024-07-05T11:10:39.449-0700][info][gc,task        ] GC(123) Using 4 workers of 4 for evacuation
[2024-07-05T11:10:39.451-0700][info][gc,phases      ] GC(123)   Pre Evacuate Collection Set: 0.3ms
[2024-07-05T11:10:39.451-0700][info][gc,phases      ] GC(123)   Merge Heap Roots: 0.1ms
[2024-07-05T11:10:39.451-0700][info][gc,phases      ] GC(123)   Evacuate Collection Set: 0.6ms
[2024-07-05T11:10:39.451-0700][info][gc,phases      ] GC(123)   Post Evacuate Collection Set: 0.4ms
[2024-07-05T11:10:39.451-0700][info][gc,phases      ] GC(123)   Other: 0.2ms
[2024-07-05T11:10:39.451-0700][info][gc,heap        ] GC(123) Eden regions: 1->0(101)
[2024-07-05T11:10:39.451-0700][info][gc,heap        ] GC(123) Survivor regions: 0->1(1)
[2024-07-05T11:10:39.451-0700][info][gc,heap        ] GC(123) Old regions: 2036->2036
[2024-07-05T11:10:39.451-0700][info][gc,heap        ] GC(123) Archive regions: 2->2
[2024-07-05T11:10:39.451-0700][info][gc,heap        ] GC(123) Humongous regions: 8->8
[2024-07-05T11:10:39.451-0700][info][gc,metaspace   ] GC(123) Metaspace: 305K(512K)->305K(512K) NonClass: 297K(384K)->297K(384K) Class: 7K(128K)->7K(128K)
[2024-07-05T11:10:39.451-0700][info][gc             ] GC(123) Pause Young (Normal) (G1 Preventive Collection) 4086M->4086M(4096M) 1.607ms
[2024-07-05T11:10:39.451-0700][info][gc,cpu         ] GC(123) User=0.00s Sys=0.00s Real=0.00s
[2024-07-05T11:10:39.463-0700][info][gc,start       ] GC(124) Pause Young (Normal) (G1 Evacuation Pause)
[2024-07-05T11:10:39.463-0700][info][gc,task        ] GC(124) Using 4 workers of 4 for evacuation
[2024-07-05T11:10:39.465-0700][info][gc             ] GC(124) To-space exhausted
[2024-07-05T11:10:39.465-0700][info][gc,phases      ] GC(124)   Pre Evacuate Collection Set: 0.3ms
[2024-07-05T11:10:39.465-0700][info][gc,phases      ] GC(124)   Merge Heap Roots: 0.1ms
[2024-07-05T11:10:39.465-0700][info][gc,phases      ] GC(124)   Evacuate Collection Set: 0.8ms
[2024-07-05T11:10:39.465-0700][info][gc,phases      ] GC(124)   Post Evacuate Collection Set: 0.6ms
[2024-07-05T11:10:39.465-0700][info][gc,phases      ] GC(124)   Other: 0.1ms
[2024-07-05T11:10:39.465-0700][info][gc,heap        ] GC(124) Eden regions: 1->0(102)
[2024-07-05T11:10:39.465-0700][info][gc,heap        ] GC(124) Survivor regions: 1->0(0)
[2024-07-05T11:10:39.465-0700][info][gc,heap        ] GC(124) Old regions: 2036->2038
[2024-07-05T11:10:39.465-0700][info][gc,heap        ] GC(124) Archive regions: 2->2
[2024-07-05T11:10:39.465-0700][info][gc,heap        ] GC(124) Humongous regions: 8->8
[2024-07-05T11:10:39.465-0700][info][gc,metaspace   ] GC(124) Metaspace: 305K(512K)->305K(512K) NonClass: 297K(384K)->297K(384K) Class: 7K(128K)->7K(128K)
[2024-07-05T11:10:39.465-0700][info][gc             ] GC(124) Pause Young (Normal) (G1 Evacuation Pause) 4088M->4088M(4096M) 1.974ms
[2024-07-05T11:10:39.465-0700][info][gc,cpu         ] GC(124) User=0.01s Sys=0.00s Real=0.00s
[2024-07-05T11:10:39.465-0700][info][gc,ergo        ] Attempting full compaction
[2024-07-05T11:10:39.465-0700][info][gc,task        ] GC(125) Using 4 workers of 4 for full compaction
[2024-07-05T11:10:39.465-0700][info][gc,start       ] GC(125) Pause Full (G1 Compaction Pause)
[2024-07-05T11:10:39.469-0700][info][gc,phases,start] GC(125) Phase 1: Mark live objects
[2024-07-05T11:10:39.593-0700][info][gc,phases      ] GC(125) Phase 1: Mark live objects 123.947ms
[2024-07-05T11:10:39.593-0700][info][gc,phases,start] GC(125) Phase 2: Prepare for compaction
[2024-07-05T11:10:39.595-0700][info][gc,phases      ] GC(125) Phase 2: Prepare for compaction 1.939ms
[2024-07-05T11:10:39.595-0700][info][gc,phases,start] GC(125) Phase 3: Adjust pointers
[2024-07-05T11:10:39.670-0700][info][gc,phases      ] GC(125) Phase 3: Adjust pointers 74.501ms
[2024-07-05T11:10:39.670-0700][info][gc,phases,start] GC(125) Phase 4: Compact heap
[2024-07-05T11:10:39.673-0700][info][gc,phases      ] GC(125) Phase 4: Compact heap 2.774ms
[2024-07-05T11:10:39.678-0700][info][gc,heap        ] GC(125) Eden regions: 0->0(102)
[2024-07-05T11:10:39.678-0700][info][gc,heap        ] GC(125) Survivor regions: 0->0(0)
[2024-07-05T11:10:39.678-0700][info][gc,heap        ] GC(125) Old regions: 2038->2025
[2024-07-05T11:10:39.678-0700][info][gc,heap        ] GC(125) Archive regions: 2->2
[2024-07-05T11:10:39.678-0700][info][gc,heap        ] GC(125) Humongous regions: 8->8
[2024-07-05T11:10:39.678-0700][info][gc,metaspace   ] GC(125) Metaspace: 305K(512K)->305K(512K) NonClass: 297K(384K)->297K(384K) Class: 7K(128K)->7K(128K)
[2024-07-05T11:10:39.678-0700][info][gc             ] GC(125) Pause Full (G1 Compaction Pause) 4088M->4063M(4096M) 212.807ms
[2024-07-05T11:10:39.678-0700][info][gc,cpu         ] GC(125) User=0.84s Sys=0.00s Real=0.21s
[2024-07-05T11:10:39.679-0700][info][gc,marking     ] GC(122) Concurrent Mark From Roots 229.613ms
[2024-07-05T11:10:39.679-0700][info][gc,marking     ] GC(122) Concurrent Mark Abort
[2024-07-05T11:10:39.679-0700][info][gc             ] GC(122) Concurrent Mark Cycle 230.579ms
[2024-07-05T11:10:44.604-0700][info][gc,start       ] GC(126) Pause Young (Normal) (G1 Preventive Collection)
[2024-07-05T11:10:44.604-0700][info][gc,task        ] GC(126) Using 4 workers of 4 for evacuation
[2024-07-05T11:10:44.615-0700][info][gc             ] GC(126) To-space exhausted
[2024-07-05T11:10:44.615-0700][info][gc,phases      ] GC(126)   Pre Evacuate Collection Set: 0.5ms
[2024-07-05T11:10:44.615-0700][info][gc,phases      ] GC(126)   Merge Heap Roots: 0.3ms
[2024-07-05T11:10:44.615-0700][info][gc,phases      ] GC(126)   Evacuate Collection Set: 8.3ms
[2024-07-05T11:10:44.615-0700][info][gc,phases      ] GC(126)   Post Evacuate Collection Set: 1.1ms
[2024-07-05T11:10:44.615-0700][info][gc,phases      ] GC(126)   Other: 0.3ms
[2024-07-05T11:10:44.615-0700][info][gc,heap        ] GC(126) Eden regions: 9->0(98)
[2024-07-05T11:10:44.615-0700][info][gc,heap        ] GC(126) Survivor regions: 0->4(4)
[2024-07-05T11:10:44.615-0700][info][gc,heap        ] GC(126) Old regions: 2025->2032
[2024-07-05T11:10:44.615-0700][info][gc,heap        ] GC(126) Archive regions: 2->2
[2024-07-05T11:10:44.615-0700][info][gc,heap        ] GC(126) Humongous regions: 8->8
[2024-07-05T11:10:44.615-0700][info][gc,metaspace   ] GC(126) Metaspace: 305K(512K)->305K(512K) NonClass: 297K(384K)->297K(384K) Class: 7K(128K)->7K(128K)
[2024-07-05T11:10:44.615-0700][info][gc             ] GC(126) Pause Young (Normal) (G1 Preventive Collection) 4081M->4085M(4096M) 10.482ms
[2024-07-05T11:10:44.615-0700][info][gc,cpu         ] GC(126) User=0.03s Sys=0.00s Real=0.00s
[2024-07-05T11:10:44.615-0700][info][gc,start       ] GC(127) Pause Young (Concurrent Start) (G1 Preventive Collection)
[2024-07-05T11:10:44.615-0700][info][gc,task        ] GC(127) Using 4 workers of 4 for evacuation
[2024-07-05T11:10:44.618-0700][info][gc             ] GC(127) To-space exhausted
[2024-07-05T11:10:44.618-0700][info][gc,phases      ] GC(127)   Pre Evacuate Collection Set: 0.3ms
[2024-07-05T11:10:44.618-0700][info][gc,phases      ] GC(127)   Merge Heap Roots: 0.2ms
[2024-07-05T11:10:44.618-0700][info][gc,phases      ] GC(127)   Evacuate Collection Set: 1.6ms
[2024-07-05T11:10:44.618-0700][info][gc,phases      ] GC(127)   Post Evacuate Collection Set: 0.8ms
[2024-07-05T11:10:44.618-0700][info][gc,phases      ] GC(127)   Other: 0.1ms
[2024-07-05T11:10:44.618-0700][info][gc,heap        ] GC(127) Eden regions: 1->0(101)
[2024-07-05T11:10:44.618-0700][info][gc,heap        ] GC(127) Survivor regions: 4->1(1)
[2024-07-05T11:10:44.618-0700][info][gc,heap        ] GC(127) Old regions: 2032->2037
[2024-07-05T11:10:44.618-0700][info][gc,heap        ] GC(127) Archive regions: 2->2
[2024-07-05T11:10:44.618-0700][info][gc,heap        ] GC(127) Humongous regions: 8->8
[2024-07-05T11:10:44.618-0700][info][gc,metaspace   ] GC(127) Metaspace: 305K(512K)->305K(512K) NonClass: 297K(384K)->297K(384K) Class: 7K(128K)->7K(128K)
[2024-07-05T11:10:44.618-0700][info][gc             ] GC(127) Pause Young (Concurrent Start) (G1 Preventive Collection) 4087M->4089M(4096M) 3.004ms
[2024-07-05T11:10:44.618-0700][info][gc,cpu         ] GC(127) User=0.01s Sys=0.00s Real=0.00s
[2024-07-05T11:10:44.618-0700][info][gc,ergo        ] Attempting full compaction
[2024-07-05T11:10:44.618-0700][info][gc,task        ] GC(128) Using 4 workers of 4 for full compaction
[2024-07-05T11:10:44.618-0700][info][gc,start       ] GC(128) Pause Full (G1 Compaction Pause)
[2024-07-05T11:10:44.618-0700][info][gc             ] GC(129) Concurrent Mark Cycle
[2024-07-05T11:10:44.618-0700][info][gc,marking     ] GC(129) Concurrent Clear Claimed Marks
[2024-07-05T11:10:44.618-0700][info][gc,marking     ] GC(129) Concurrent Clear Claimed Marks 0.006ms
[2024-07-05T11:10:44.618-0700][info][gc,marking     ] GC(129) Concurrent Scan Root Regions
[2024-07-05T11:10:44.618-0700][info][gc,marking     ] GC(129) Concurrent Scan Root Regions 0.171ms
[2024-07-05T11:10:44.618-0700][info][gc,marking     ] GC(129) Concurrent Mark
[2024-07-05T11:10:44.618-0700][info][gc,marking     ] GC(129) Concurrent Mark From Roots
[2024-07-05T11:10:44.618-0700][info][gc,task        ] GC(129) Using 1 workers of 1 for marking
[2024-07-05T11:10:44.621-0700][info][gc,phases,start] GC(128) Phase 1: Mark live objects
[2024-07-05T11:10:44.752-0700][info][gc,phases      ] GC(128) Phase 1: Mark live objects 130.507ms
[2024-07-05T11:10:44.752-0700][info][gc,phases,start] GC(128) Phase 2: Prepare for compaction
[2024-07-05T11:10:44.754-0700][info][gc,phases      ] GC(128) Phase 2: Prepare for compaction 1.696ms
[2024-07-05T11:10:44.754-0700][info][gc,phases,start] GC(128) Phase 3: Adjust pointers
[2024-07-05T11:10:44.820-0700][info][gc,phases      ] GC(128) Phase 3: Adjust pointers 66.459ms
[2024-07-05T11:10:44.820-0700][info][gc,phases,start] GC(128) Phase 4: Compact heap
[2024-07-05T11:10:44.822-0700][info][gc,phases      ] GC(128) Phase 4: Compact heap 1.665ms
[2024-07-05T11:10:44.825-0700][info][gc,heap        ] GC(128) Eden regions: 0->0(102)
[2024-07-05T11:10:44.825-0700][info][gc,heap        ] GC(128) Survivor regions: 1->0(1)
[2024-07-05T11:10:44.825-0700][info][gc,heap        ] GC(128) Old regions: 2037->2034
[2024-07-05T11:10:44.825-0700][info][gc,heap        ] GC(128) Archive regions: 2->2
[2024-07-05T11:10:44.825-0700][info][gc,heap        ] GC(128) Humongous regions: 8->8
[2024-07-05T11:10:44.825-0700][info][gc,metaspace   ] GC(128) Metaspace: 305K(512K)->305K(512K) NonClass: 297K(384K)->297K(384K) Class: 7K(128K)->7K(128K)
[2024-07-05T11:10:44.825-0700][info][gc             ] GC(128) Pause Full (G1 Compaction Pause) 4089M->4083M(4096M) 207.227ms
[2024-07-05T11:10:44.825-0700][info][gc,cpu         ] GC(128) User=0.82s Sys=0.00s Real=0.21s
[2024-07-05T11:10:44.825-0700][info][gc,marking     ] GC(129) Concurrent Mark From Roots 207.128ms
[2024-07-05T11:10:44.825-0700][info][gc,marking     ] GC(129) Concurrent Mark Abort
[2024-07-05T11:10:44.825-0700][info][gc             ] GC(129) Concurrent Mark Cycle 207.373ms
[2024-07-05T11:10:44.826-0700][info][gc,start       ] GC(130) Pause Young (Normal) (G1 Preventive Collection)
[2024-07-05T11:10:44.826-0700][info][gc,task        ] GC(130) Using 4 workers of 4 for evacuation
[2024-07-05T11:10:44.827-0700][info][gc,phases      ] GC(130)   Pre Evacuate Collection Set: 0.2ms
[2024-07-05T11:10:44.827-0700][info][gc,phases      ] GC(130)   Merge Heap Roots: 0.1ms
[2024-07-05T11:10:44.827-0700][info][gc,phases      ] GC(130)   Evacuate Collection Set: 0.7ms
[2024-07-05T11:10:44.827-0700][info][gc,phases      ] GC(130)   Post Evacuate Collection Set: 0.2ms
[2024-07-05T11:10:44.827-0700][info][gc,phases      ] GC(130)   Other: 0.1ms
[2024-07-05T11:10:44.827-0700][info][gc,heap        ] GC(130) Eden regions: 2->0(100)
[2024-07-05T11:10:44.827-0700][info][gc,heap        ] GC(130) Survivor regions: 0->2(2)
[2024-07-05T11:10:44.827-0700][info][gc,heap        ] GC(130) Old regions: 2034->2034
[2024-07-05T11:10:44.827-0700][info][gc,heap        ] GC(130) Archive regions: 2->2
[2024-07-05T11:10:44.827-0700][info][gc,heap        ] GC(130) Humongous regions: 8->8
[2024-07-05T11:10:44.827-0700][info][gc,metaspace   ] GC(130) Metaspace: 305K(512K)->305K(512K) NonClass: 297K(384K)->297K(384K) Class: 7K(128K)->7K(128K)
[2024-07-05T11:10:44.827-0700][info][gc             ] GC(130) Pause Young (Normal) (G1 Preventive Collection) 4087M->4087M(4096M) 1.286ms
[2024-07-05T11:10:44.827-0700][info][gc,cpu         ] GC(130) User=0.00s Sys=0.00s Real=0.00s
[2024-07-05T11:10:46.951-0700][info][gc,start       ] GC(131) Pause Young (Concurrent Start) (G1 Preventive Collection)
[2024-07-05T11:10:46.951-0700][info][gc,task        ] GC(131) Using 4 workers of 4 for evacuation
[2024-07-05T11:10:46.957-0700][info][gc             ] GC(131) To-space exhausted
[2024-07-05T11:10:46.957-0700][info][gc,phases      ] GC(131)   Pre Evacuate Collection Set: 0.4ms
[2024-07-05T11:10:46.957-0700][info][gc,phases      ] GC(131)   Merge Heap Roots: 0.5ms
[2024-07-05T11:10:46.957-0700][info][gc,phases      ] GC(131)   Evacuate Collection Set: 4.9ms
[2024-07-05T11:10:46.957-0700][info][gc,phases      ] GC(131)   Post Evacuate Collection Set: 0.6ms
[2024-07-05T11:10:46.957-0700][info][gc,phases      ] GC(131)   Other: 0.3ms
[2024-07-05T11:10:46.957-0700][info][gc,heap        ] GC(131) Eden regions: 1->0(101)
[2024-07-05T11:10:46.957-0700][info][gc,heap        ] GC(131) Survivor regions: 2->1(1)
[2024-07-05T11:10:46.957-0700][info][gc,heap        ] GC(131) Old regions: 2034->2036
[2024-07-05T11:10:46.957-0700][info][gc,heap        ] GC(131) Archive regions: 2->2
[2024-07-05T11:10:46.957-0700][info][gc,heap        ] GC(131) Humongous regions: 8->8
[2024-07-05T11:10:46.957-0700][info][gc,metaspace   ] GC(131) Metaspace: 305K(512K)->305K(512K) NonClass: 297K(384K)->297K(384K) Class: 7K(128K)->7K(128K)
[2024-07-05T11:10:46.957-0700][info][gc             ] GC(131) Pause Young (Concurrent Start) (G1 Preventive Collection) 4089M->4089M(4096M) 6.764ms
[2024-07-05T11:10:46.957-0700][info][gc,cpu         ] GC(131) User=0.02s Sys=0.00s Real=0.01s
[2024-07-05T11:10:46.958-0700][info][gc             ] GC(132) Concurrent Mark Cycle
[2024-07-05T11:10:46.958-0700][info][gc,marking     ] GC(132) Concurrent Clear Claimed Marks
[2024-07-05T11:10:46.958-0700][info][gc,marking     ] GC(132) Concurrent Clear Claimed Marks 0.006ms
[2024-07-05T11:10:46.958-0700][info][gc,marking     ] GC(132) Concurrent Scan Root Regions
[2024-07-05T11:10:46.958-0700][info][gc,marking     ] GC(132) Concurrent Scan Root Regions 0.331ms
[2024-07-05T11:10:46.958-0700][info][gc,marking     ] GC(132) Concurrent Mark
[2024-07-05T11:10:46.958-0700][info][gc,marking     ] GC(132) Concurrent Mark From Roots
[2024-07-05T11:10:46.958-0700][info][gc,task        ] GC(132) Using 1 workers of 1 for marking
[2024-07-05T11:10:46.958-0700][info][gc,start       ] GC(133) Pause Young (Normal) (G1 Evacuation Pause)
[2024-07-05T11:10:46.958-0700][info][gc,task        ] GC(133) Using 4 workers of 4 for evacuation
[2024-07-05T11:10:46.960-0700][info][gc             ] GC(133) To-space exhausted
[2024-07-05T11:10:46.960-0700][info][gc,phases      ] GC(133)   Pre Evacuate Collection Set: 0.3ms
[2024-07-05T11:10:46.960-0700][info][gc,phases      ] GC(133)   Merge Heap Roots: 0.1ms
[2024-07-05T11:10:46.960-0700][info][gc,phases      ] GC(133)   Evacuate Collection Set: 0.5ms
[2024-07-05T11:10:46.960-0700][info][gc,phases      ] GC(133)   Post Evacuate Collection Set: 0.7ms
[2024-07-05T11:10:46.960-0700][info][gc,phases      ] GC(133)   Other: 0.1ms
[2024-07-05T11:10:46.960-0700][info][gc,heap        ] GC(133) Eden regions: 1->0(102)
[2024-07-05T11:10:46.960-0700][info][gc,heap        ] GC(133) Survivor regions: 1->0(0)
[2024-07-05T11:10:46.960-0700][info][gc,heap        ] GC(133) Old regions: 2036->2038
[2024-07-05T11:10:46.960-0700][info][gc,heap        ] GC(133) Archive regions: 2->2
[2024-07-05T11:10:46.960-0700][info][gc,heap        ] GC(133) Humongous regions: 8->8
[2024-07-05T11:10:46.960-0700][info][gc,metaspace   ] GC(133) Metaspace: 305K(512K)->305K(512K) NonClass: 297K(384K)->297K(384K) Class: 7K(128K)->7K(128K)
[2024-07-05T11:10:46.960-0700][info][gc             ] GC(133) Pause Young (Normal) (G1 Evacuation Pause) 4091M->4091M(4096M) 1.670ms
[2024-07-05T11:10:46.960-0700][info][gc,cpu         ] GC(133) User=0.00s Sys=0.00s Real=0.00s
[2024-07-05T11:10:46.960-0700][info][gc,ergo        ] Attempting full compaction
[2024-07-05T11:10:46.960-0700][info][gc,task        ] GC(134) Using 4 workers of 4 for full compaction
[2024-07-05T11:10:46.960-0700][info][gc,start       ] GC(134) Pause Full (G1 Compaction Pause)
[2024-07-05T11:10:46.963-0700][info][gc,phases,start] GC(134) Phase 1: Mark live objects
[2024-07-05T11:10:47.061-0700][info][gc,phases      ] GC(134) Phase 1: Mark live objects 97.408ms
[2024-07-05T11:10:47.061-0700][info][gc,phases,start] GC(134) Phase 2: Prepare for compaction
[2024-07-05T11:10:47.062-0700][info][gc,phases      ] GC(134) Phase 2: Prepare for compaction 1.092ms
[2024-07-05T11:10:47.062-0700][info][gc,phases,start] GC(134) Phase 3: Adjust pointers
[2024-07-05T11:10:47.126-0700][info][gc,phases      ] GC(134) Phase 3: Adjust pointers 64.683ms
[2024-07-05T11:10:47.126-0700][info][gc,phases,start] GC(134) Phase 4: Compact heap
[2024-07-05T11:10:47.127-0700][info][gc,phases      ] GC(134) Phase 4: Compact heap 0.571ms
[2024-07-05T11:10:47.130-0700][info][gc,heap        ] GC(134) Eden regions: 0->0(102)
[2024-07-05T11:10:47.130-0700][info][gc,heap        ] GC(134) Survivor regions: 0->0(0)
[2024-07-05T11:10:47.130-0700][info][gc,heap        ] GC(134) Old regions: 2038->2038
[2024-07-05T11:10:47.130-0700][info][gc,heap        ] GC(134) Archive regions: 2->2
[2024-07-05T11:10:47.130-0700][info][gc,heap        ] GC(134) Humongous regions: 8->8
[2024-07-05T11:10:47.130-0700][info][gc,metaspace   ] GC(134) Metaspace: 305K(512K)->305K(512K) NonClass: 297K(384K)->297K(384K) Class: 7K(128K)->7K(128K)
[2024-07-05T11:10:47.130-0700][info][gc             ] GC(134) Pause Full (G1 Compaction Pause) 4091M->4091M(4096M) 170.570ms
[2024-07-05T11:10:47.130-0700][info][gc,cpu         ] GC(134) User=0.66s Sys=0.00s Real=0.17s
[2024-07-05T11:10:47.130-0700][info][gc,ergo        ] Attempting maximum full compaction clearing soft references
[2024-07-05T11:10:47.130-0700][info][gc,task        ] GC(135) Using 4 workers of 4 for full compaction
[2024-07-05T11:10:47.130-0700][info][gc,start       ] GC(135) Pause Full (G1 Compaction Pause)
[2024-07-05T11:10:47.130-0700][info][gc,phases,start] GC(135) Phase 1: Mark live objects
[2024-07-05T11:10:47.231-0700][info][gc,phases      ] GC(135) Phase 1: Mark live objects 100.577ms
[2024-07-05T11:10:47.231-0700][info][gc,phases,start] GC(135) Phase 2: Prepare for compaction
[2024-07-05T11:10:47.328-0700][info][gc,phases      ] GC(135) Phase 2: Prepare for compaction 97.381ms
[2024-07-05T11:10:47.328-0700][info][gc,phases,start] GC(135) Phase 3: Adjust pointers
[2024-07-05T11:10:47.426-0700][info][gc,phases      ] GC(135) Phase 3: Adjust pointers 97.676ms
[2024-07-05T11:10:47.426-0700][info][gc,phases,start] GC(135) Phase 4: Compact heap
[2024-07-05T11:10:47.956-0700][info][gc,phases      ] GC(135) Phase 4: Compact heap 529.766ms
[2024-07-05T11:10:47.961-0700][info][gc,heap        ] GC(135) Eden regions: 0->0(102)
[2024-07-05T11:10:47.961-0700][info][gc,heap        ] GC(135) Survivor regions: 0->0(0)
[2024-07-05T11:10:47.961-0700][info][gc,heap        ] GC(135) Old regions: 2038->2002
[2024-07-05T11:10:47.961-0700][info][gc,heap        ] GC(135) Archive regions: 2->2
[2024-07-05T11:10:47.961-0700][info][gc,heap        ] GC(135) Humongous regions: 8->8
[2024-07-05T11:10:47.961-0700][info][gc,metaspace   ] GC(135) Metaspace: 305K(512K)->305K(512K) NonClass: 297K(384K)->297K(384K) Class: 7K(128K)->7K(128K)
[2024-07-05T11:10:47.961-0700][info][gc             ] GC(135) Pause Full (G1 Compaction Pause) 4091M->4017M(4096M) 830.529ms
[2024-07-05T11:10:47.961-0700][info][gc,cpu         ] GC(135) User=3.24s Sys=0.01s Real=0.83s
[2024-07-05T11:10:47.961-0700][info][gc,marking     ] GC(132) Concurrent Mark From Roots 1003.150ms
[2024-07-05T11:10:47.961-0700][info][gc,marking     ] GC(132) Concurrent Mark Abort
[2024-07-05T11:10:47.961-0700][info][gc             ] GC(132) Concurrent Mark Cycle 1003.679ms
[2024-07-05T11:10:54.742-0700][info][gc,start       ] GC(136) Pause Young (Normal) (G1 Preventive Collection)
[2024-07-05T11:10:54.742-0700][info][gc,task        ] GC(136) Using 4 workers of 4 for evacuation
[2024-07-05T11:10:54.757-0700][info][gc,phases      ] GC(136)   Pre Evacuate Collection Set: 0.4ms
[2024-07-05T11:10:54.757-0700][info][gc,phases      ] GC(136)   Merge Heap Roots: 0.3ms
[2024-07-05T11:10:54.757-0700][info][gc,phases      ] GC(136)   Evacuate Collection Set: 12.8ms
[2024-07-05T11:10:54.757-0700][info][gc,phases      ] GC(136)   Post Evacuate Collection Set: 1.1ms
[2024-07-05T11:10:54.757-0700][info][gc,phases      ] GC(136)   Other: 0.1ms
[2024-07-05T11:10:54.757-0700][info][gc,heap        ] GC(136) Eden regions: 18->0(89)
[2024-07-05T11:10:54.757-0700][info][gc,heap        ] GC(136) Survivor regions: 0->13(13)
[2024-07-05T11:10:54.757-0700][info][gc,heap        ] GC(136) Old regions: 2002->2007
[2024-07-05T11:10:54.757-0700][info][gc,heap        ] GC(136) Archive regions: 2->2
[2024-07-05T11:10:54.757-0700][info][gc,heap        ] GC(136) Humongous regions: 8->8
[2024-07-05T11:10:54.757-0700][info][gc,metaspace   ] GC(136) Metaspace: 305K(512K)->305K(512K) NonClass: 297K(384K)->297K(384K) Class: 7K(128K)->7K(128K)
[2024-07-05T11:10:54.757-0700][info][gc             ] GC(136) Pause Young (Normal) (G1 Preventive Collection) 4053M->4053M(4096M) 14.749ms
[2024-07-05T11:10:54.757-0700][info][gc,cpu         ] GC(136) User=0.04s Sys=0.00s Real=0.02s
[2024-07-05T11:10:59.442-0700][info][gc,start       ] GC(137) Pause Young (Concurrent Start) (G1 Preventive Collection)
[2024-07-05T11:10:59.442-0700][info][gc,task        ] GC(137) Using 4 workers of 4 for evacuation
[2024-07-05T11:10:59.455-0700][info][gc             ] GC(137) To-space exhausted
[2024-07-05T11:10:59.455-0700][info][gc,phases      ] GC(137)   Pre Evacuate Collection Set: 0.3ms
[2024-07-05T11:10:59.455-0700][info][gc,phases      ] GC(137)   Merge Heap Roots: 0.3ms
[2024-07-05T11:10:59.455-0700][info][gc,phases      ] GC(137)   Evacuate Collection Set: 10.6ms
[2024-07-05T11:10:59.455-0700][info][gc,phases      ] GC(137)   Post Evacuate Collection Set: 1.6ms
[2024-07-05T11:10:59.455-0700][info][gc,phases      ] GC(137)   Other: 0.2ms
[2024-07-05T11:10:59.455-0700][info][gc,heap        ] GC(137) Eden regions: 8->0(101)
[2024-07-05T11:10:59.455-0700][info][gc,heap        ] GC(137) Survivor regions: 13->1(10)
[2024-07-05T11:10:59.455-0700][info][gc,heap        ] GC(137) Old regions: 2007->2032
[2024-07-05T11:10:59.455-0700][info][gc,heap        ] GC(137) Archive regions: 2->2
[2024-07-05T11:10:59.455-0700][info][gc,heap        ] GC(137) Humongous regions: 8->8
[2024-07-05T11:10:59.455-0700][info][gc,metaspace   ] GC(137) Metaspace: 305K(512K)->305K(512K) NonClass: 297K(384K)->297K(384K) Class: 7K(128K)->7K(128K)
[2024-07-05T11:10:59.455-0700][info][gc             ] GC(137) Pause Young (Concurrent Start) (G1 Preventive Collection) 4069M->4079M(4096M) 12.986ms
[2024-07-05T11:10:59.455-0700][info][gc,cpu         ] GC(137) User=0.03s Sys=0.00s Real=0.02s
[2024-07-05T11:10:59.455-0700][info][gc             ] GC(138) Concurrent Mark Cycle
[2024-07-05T11:10:59.455-0700][info][gc,marking     ] GC(138) Concurrent Clear Claimed Marks
[2024-07-05T11:10:59.455-0700][info][gc,marking     ] GC(138) Concurrent Clear Claimed Marks 0.006ms
[2024-07-05T11:10:59.455-0700][info][gc,marking     ] GC(138) Concurrent Scan Root Regions
[2024-07-05T11:10:59.457-0700][info][gc,marking     ] GC(138) Concurrent Scan Root Regions 1.367ms
[2024-07-05T11:10:59.457-0700][info][gc,marking     ] GC(138) Concurrent Mark
[2024-07-05T11:10:59.457-0700][info][gc,marking     ] GC(138) Concurrent Mark From Roots
[2024-07-05T11:10:59.457-0700][info][gc,task        ] GC(138) Using 1 workers of 1 for marking
[2024-07-05T11:10:59.457-0700][info][gc,start       ] GC(139) Pause Young (Normal) (G1 Preventive Collection)
[2024-07-05T11:10:59.457-0700][info][gc,task        ] GC(139) Using 4 workers of 4 for evacuation
[2024-07-05T11:10:59.459-0700][info][gc,phases      ] GC(139)   Pre Evacuate Collection Set: 1.2ms
[2024-07-05T11:10:59.459-0700][info][gc,phases      ] GC(139)   Merge Heap Roots: 0.2ms
[2024-07-05T11:10:59.459-0700][info][gc,phases      ] GC(139)   Evacuate Collection Set: 1.3ms
[2024-07-05T11:10:59.459-0700][info][gc,phases      ] GC(139)   Post Evacuate Collection Set: 0.7ms
[2024-07-05T11:10:59.459-0700][info][gc,phases      ] GC(139)   Other: 0.1ms
[2024-07-05T11:10:59.459-0700][info][gc,heap        ] GC(139) Eden regions: 2->0(99)
[2024-07-05T11:10:59.459-0700][info][gc,heap        ] GC(139) Survivor regions: 1->3(3)
[2024-07-05T11:10:59.459-0700][info][gc,heap        ] GC(139) Old regions: 2032->2032
[2024-07-05T11:10:59.459-0700][info][gc,heap        ] GC(139) Archive regions: 2->2
[2024-07-05T11:10:59.459-0700][info][gc,heap        ] GC(139) Humongous regions: 8->8
[2024-07-05T11:10:59.459-0700][info][gc,metaspace   ] GC(139) Metaspace: 305K(512K)->305K(512K) NonClass: 297K(384K)->297K(384K) Class: 7K(128K)->7K(128K)
[2024-07-05T11:10:59.459-0700][info][gc             ] GC(139) Pause Young (Normal) (G1 Preventive Collection) 4083M->4083M(4096M) 2.686ms
[2024-07-05T11:10:59.459-0700][info][gc,cpu         ] GC(139) User=0.00s Sys=0.01s Real=0.00s
[2024-07-05T11:11:00.174-0700][info][gc,marking     ] GC(138) Concurrent Mark From Roots 717.736ms
[2024-07-05T11:11:00.174-0700][info][gc,marking     ] GC(138) Concurrent Preclean
[2024-07-05T11:11:00.174-0700][info][gc,marking     ] GC(138) Concurrent Preclean 0.060ms
[2024-07-05T11:11:12.007-0700][info][gc,start       ] GC(138) Pause Remark
[2024-07-05T11:11:12.010-0700][info][gc             ] GC(138) Pause Remark 4085M->4085M(4096M) 2.401ms
[2024-07-05T11:11:12.010-0700][info][gc,cpu         ] GC(138) User=0.01s Sys=0.00s Real=0.00s
[2024-07-05T11:11:12.010-0700][info][gc,marking     ] GC(138) Concurrent Mark 12553.277ms
[2024-07-05T11:11:12.010-0700][info][gc,marking     ] GC(138) Concurrent Rebuild Remembered Sets
[2024-07-05T11:11:12.304-0700][info][gc,marking     ] GC(138) Concurrent Rebuild Remembered Sets 293.677ms
[2024-07-05T11:11:13.534-0700][info][gc,start       ] GC(138) Pause Cleanup
[2024-07-05T11:11:13.534-0700][info][gc             ] GC(138) Pause Cleanup 4085M->4085M(4096M) 0.659ms
[2024-07-05T11:11:13.534-0700][info][gc,cpu         ] GC(138) User=0.00s Sys=0.00s Real=0.00s
[2024-07-05T11:11:13.534-0700][info][gc,marking     ] GC(138) Concurrent Cleanup for Next Mark
[2024-07-05T11:11:13.540-0700][info][gc,marking     ] GC(138) Concurrent Cleanup for Next Mark 5.282ms
[2024-07-05T11:11:13.540-0700][info][gc             ] GC(138) Concurrent Mark Cycle 14084.574ms
[2024-07-05T11:11:13.884-0700][info][gc,start       ] GC(140) Pause Young (Prepare Mixed) (G1 Preventive Collection)
[2024-07-05T11:11:13.884-0700][info][gc,task        ] GC(140) Using 4 workers of 4 for evacuation
[2024-07-05T11:11:13.891-0700][info][gc             ] GC(140) To-space exhausted
[2024-07-05T11:11:13.891-0700][info][gc,phases      ] GC(140)   Pre Evacuate Collection Set: 0.4ms
[2024-07-05T11:11:13.891-0700][info][gc,phases      ] GC(140)   Merge Heap Roots: 0.3ms
[2024-07-05T11:11:13.891-0700][info][gc,phases      ] GC(140)   Evacuate Collection Set: 5.8ms
[2024-07-05T11:11:13.891-0700][info][gc,phases      ] GC(140)   Post Evacuate Collection Set: 0.9ms
[2024-07-05T11:11:13.891-0700][info][gc,phases      ] GC(140)   Other: 0.1ms
[2024-07-05T11:11:13.891-0700][info][gc,heap        ] GC(140) Eden regions: 1->0(100)
[2024-07-05T11:11:13.891-0700][info][gc,heap        ] GC(140) Survivor regions: 3->2(2)
[2024-07-05T11:11:13.891-0700][info][gc,heap        ] GC(140) Old regions: 2032->2036
[2024-07-05T11:11:13.891-0700][info][gc,heap        ] GC(140) Archive regions: 2->2
[2024-07-05T11:11:13.891-0700][info][gc,heap        ] GC(140) Humongous regions: 8->8
[2024-07-05T11:11:13.891-0700][info][gc,metaspace   ] GC(140) Metaspace: 305K(512K)->305K(512K) NonClass: 297K(384K)->297K(384K) Class: 7K(128K)->7K(128K)
[2024-07-05T11:11:13.891-0700][info][gc             ] GC(140) Pause Young (Prepare Mixed) (G1 Preventive Collection) 4085M->4089M(4096M) 7.598ms
[2024-07-05T11:11:13.891-0700][info][gc,cpu         ] GC(140) User=0.03s Sys=0.00s Real=0.00s
[2024-07-05T11:11:13.891-0700][info][gc,ergo        ] Attempting full compaction
[2024-07-05T11:11:13.891-0700][info][gc,task        ] GC(141) Using 4 workers of 4 for full compaction
[2024-07-05T11:11:13.891-0700][info][gc,start       ] GC(141) Pause Full (G1 Compaction Pause)
[2024-07-05T11:11:13.892-0700][info][gc,phases,start] GC(141) Phase 1: Mark live objects
[2024-07-05T11:11:14.005-0700][info][gc,phases      ] GC(141) Phase 1: Mark live objects 113.184ms
[2024-07-05T11:11:14.005-0700][info][gc,phases,start] GC(141) Phase 2: Prepare for compaction
[2024-07-05T11:11:14.007-0700][info][gc,phases      ] GC(141) Phase 2: Prepare for compaction 1.931ms
[2024-07-05T11:11:14.007-0700][info][gc,phases,start] GC(141) Phase 3: Adjust pointers
[2024-07-05T11:11:14.072-0700][info][gc,phases      ] GC(141) Phase 3: Adjust pointers 65.046ms
[2024-07-05T11:11:14.072-0700][info][gc,phases,start] GC(141) Phase 4: Compact heap
[2024-07-05T11:11:14.075-0700][info][gc,phases      ] GC(141) Phase 4: Compact heap 2.833ms
[2024-07-05T11:11:14.078-0700][info][gc,heap        ] GC(141) Eden regions: 0->0(102)
[2024-07-05T11:11:14.078-0700][info][gc,heap        ] GC(141) Survivor regions: 2->0(2)
[2024-07-05T11:11:14.078-0700][info][gc,heap        ] GC(141) Old regions: 2036->2031
[2024-07-05T11:11:14.078-0700][info][gc,heap        ] GC(141) Archive regions: 2->2
[2024-07-05T11:11:14.078-0700][info][gc,heap        ] GC(141) Humongous regions: 8->8
[2024-07-05T11:11:14.078-0700][info][gc,metaspace   ] GC(141) Metaspace: 305K(512K)->305K(512K) NonClass: 297K(384K)->297K(384K) Class: 7K(128K)->7K(128K)
[2024-07-05T11:11:14.078-0700][info][gc             ] GC(141) Pause Full (G1 Compaction Pause) 4089M->4075M(4096M) 187.003ms
[2024-07-05T11:11:14.079-0700][info][gc,cpu         ] GC(141) User=0.71s Sys=0.01s Real=0.19s
[2024-07-05T11:11:14.079-0700][info][gc,start       ] GC(142) Pause Young (Concurrent Start) (G1 Preventive Collection)
[2024-07-05T11:11:14.079-0700][info][gc,task        ] GC(142) Using 4 workers of 4 for evacuation
[2024-07-05T11:11:14.081-0700][info][gc,phases      ] GC(142)   Pre Evacuate Collection Set: 0.3ms
[2024-07-05T11:11:14.081-0700][info][gc,phases      ] GC(142)   Merge Heap Roots: 0.1ms
[2024-07-05T11:11:14.081-0700][info][gc,phases      ] GC(142)   Evacuate Collection Set: 1.1ms
[2024-07-05T11:11:14.081-0700][info][gc,phases      ] GC(142)   Post Evacuate Collection Set: 0.3ms
[2024-07-05T11:11:14.081-0700][info][gc,phases      ] GC(142)   Other: 0.1ms
[2024-07-05T11:11:14.081-0700][info][gc,heap        ] GC(142) Eden regions: 3->0(99)
[2024-07-05T11:11:14.081-0700][info][gc,heap        ] GC(142) Survivor regions: 0->3(4)
[2024-07-05T11:11:14.081-0700][info][gc,heap        ] GC(142) Old regions: 2031->2031
[2024-07-05T11:11:14.081-0700][info][gc,heap        ] GC(142) Archive regions: 2->2
[2024-07-05T11:11:14.081-0700][info][gc,heap        ] GC(142) Humongous regions: 8->8
[2024-07-05T11:11:14.081-0700][info][gc,metaspace   ] GC(142) Metaspace: 305K(512K)->305K(512K) NonClass: 297K(384K)->297K(384K) Class: 7K(128K)->7K(128K)
[2024-07-05T11:11:14.081-0700][info][gc             ] GC(142) Pause Young (Concurrent Start) (G1 Preventive Collection) 4081M->4081M(4096M) 1.946ms
[2024-07-05T11:11:14.081-0700][info][gc,cpu         ] GC(142) User=0.00s Sys=0.00s Real=0.00s
[2024-07-05T11:11:14.081-0700][info][gc             ] GC(143) Concurrent Mark Cycle
[2024-07-05T11:11:14.081-0700][info][gc,marking     ] GC(143) Concurrent Clear Claimed Marks
[2024-07-05T11:11:14.081-0700][info][gc,marking     ] GC(143) Concurrent Clear Claimed Marks 0.006ms
[2024-07-05T11:11:14.081-0700][info][gc,marking     ] GC(143) Concurrent Scan Root Regions
[2024-07-05T11:11:14.082-0700][info][gc,marking     ] GC(143) Concurrent Scan Root Regions 0.243ms
[2024-07-05T11:11:14.082-0700][info][gc,marking     ] GC(143) Concurrent Mark
[2024-07-05T11:11:14.082-0700][info][gc,start       ] GC(144) Pause Young (Normal) (G1 Preventive Collection)
[2024-07-05T11:11:14.082-0700][info][gc,task        ] GC(144) Using 4 workers of 4 for evacuation
[2024-07-05T11:11:14.082-0700][info][gc,marking     ] GC(143) Concurrent Mark From Roots
[2024-07-05T11:11:14.082-0700][info][gc,task        ] GC(143) Using 1 workers of 1 for marking
[2024-07-05T11:11:14.084-0700][info][gc             ] GC(144) To-space exhausted
[2024-07-05T11:11:14.084-0700][info][gc,phases      ] GC(144)   Pre Evacuate Collection Set: 0.2ms
[2024-07-05T11:11:14.084-0700][info][gc,phases      ] GC(144)   Merge Heap Roots: 0.1ms
[2024-07-05T11:11:14.084-0700][info][gc,phases      ] GC(144)   Evacuate Collection Set: 1.3ms
[2024-07-05T11:11:14.084-0700][info][gc,phases      ] GC(144)   Post Evacuate Collection Set: 0.5ms
[2024-07-05T11:11:14.084-0700][info][gc,phases      ] GC(144)   Other: 0.2ms
[2024-07-05T11:11:14.084-0700][info][gc,heap        ] GC(144) Eden regions: 1->0(99)
[2024-07-05T11:11:14.084-0700][info][gc,heap        ] GC(144) Survivor regions: 3->3(3)
[2024-07-05T11:11:14.084-0700][info][gc,heap        ] GC(144) Old regions: 2031->2035
[2024-07-05T11:11:14.084-0700][info][gc,heap        ] GC(144) Archive regions: 2->2
[2024-07-05T11:11:14.084-0700][info][gc,heap        ] GC(144) Humongous regions: 8->8
[2024-07-05T11:11:14.084-0700][info][gc,metaspace   ] GC(144) Metaspace: 305K(512K)->305K(512K) NonClass: 297K(384K)->297K(384K) Class: 7K(128K)->7K(128K)
[2024-07-05T11:11:14.084-0700][info][gc             ] GC(144) Pause Young (Normal) (G1 Preventive Collection) 4083M->4089M(4096M) 2.296ms
[2024-07-05T11:11:14.084-0700][info][gc,cpu         ] GC(144) User=0.01s Sys=0.00s Real=0.01s
[2024-07-05T11:11:14.084-0700][info][gc,ergo        ] Attempting full compaction
[2024-07-05T11:11:14.084-0700][info][gc,task        ] GC(145) Using 4 workers of 4 for full compaction
[2024-07-05T11:11:14.084-0700][info][gc,start       ] GC(145) Pause Full (G1 Compaction Pause)
[2024-07-05T11:11:14.088-0700][info][gc,phases,start] GC(145) Phase 1: Mark live objects
[2024-07-05T11:11:14.190-0700][info][gc,phases      ] GC(145) Phase 1: Mark live objects 101.763ms
[2024-07-05T11:11:14.190-0700][info][gc,phases,start] GC(145) Phase 2: Prepare for compaction
[2024-07-05T11:11:14.191-0700][info][gc,phases      ] GC(145) Phase 2: Prepare for compaction 1.247ms
[2024-07-05T11:11:14.191-0700][info][gc,phases,start] GC(145) Phase 3: Adjust pointers
[2024-07-05T11:11:14.256-0700][info][gc,phases      ] GC(145) Phase 3: Adjust pointers 64.574ms
[2024-07-05T11:11:14.256-0700][info][gc,phases,start] GC(145) Phase 4: Compact heap
[2024-07-05T11:11:14.256-0700][info][gc,phases      ] GC(145) Phase 4: Compact heap 0.524ms
[2024-07-05T11:11:14.259-0700][info][gc,heap        ] GC(145) Eden regions: 0->0(102)
[2024-07-05T11:11:14.259-0700][info][gc,heap        ] GC(145) Survivor regions: 3->0(3)
[2024-07-05T11:11:14.260-0700][info][gc,heap        ] GC(145) Old regions: 2035->2035
[2024-07-05T11:11:14.260-0700][info][gc,heap        ] GC(145) Archive regions: 2->2
[2024-07-05T11:11:14.260-0700][info][gc,heap        ] GC(145) Humongous regions: 8->8
[2024-07-05T11:11:14.260-0700][info][gc,metaspace   ] GC(145) Metaspace: 305K(512K)->305K(512K) NonClass: 297K(384K)->297K(384K) Class: 7K(128K)->7K(128K)
[2024-07-05T11:11:14.260-0700][info][gc             ] GC(145) Pause Full (G1 Compaction Pause) 4089M->4083M(4096M) 175.531ms
[2024-07-05T11:11:14.260-0700][info][gc,cpu         ] GC(145) User=0.69s Sys=0.00s Real=0.17s
[2024-07-05T11:11:14.260-0700][info][gc,marking     ] GC(143) Concurrent Mark From Roots 177.975ms
[2024-07-05T11:11:14.260-0700][info][gc,marking     ] GC(143) Concurrent Mark Abort
[2024-07-05T11:11:14.260-0700][info][gc             ] GC(143) Concurrent Mark Cycle 178.289ms
[2024-07-05T11:11:16.521-0700][info][gc,start       ] GC(146) Pause Young (Normal) (G1 Preventive Collection)
[2024-07-05T11:11:16.521-0700][info][gc,task        ] GC(146) Using 4 workers of 4 for evacuation
[2024-07-05T11:11:16.528-0700][info][gc,phases      ] GC(146)   Pre Evacuate Collection Set: 0.4ms
[2024-07-05T11:11:16.528-0700][info][gc,phases      ] GC(146)   Merge Heap Roots: 0.3ms
[2024-07-05T11:11:16.528-0700][info][gc,phases      ] GC(146)   Evacuate Collection Set: 5.8ms
[2024-07-05T11:11:16.528-0700][info][gc,phases      ] GC(146)   Post Evacuate Collection Set: 0.8ms
[2024-07-05T11:11:16.528-0700][info][gc,phases      ] GC(146)   Other: 0.1ms
[2024-07-05T11:11:16.528-0700][info][gc,heap        ] GC(146) Eden regions: 1->0(101)
[2024-07-05T11:11:16.528-0700][info][gc,heap        ] GC(146) Survivor regions: 0->1(2)
[2024-07-05T11:11:16.528-0700][info][gc,heap        ] GC(146) Old regions: 2035->2035
[2024-07-05T11:11:16.528-0700][info][gc,heap        ] GC(146) Archive regions: 2->2
[2024-07-05T11:11:16.528-0700][info][gc,heap        ] GC(146) Humongous regions: 8->8
[2024-07-05T11:11:16.528-0700][info][gc,metaspace   ] GC(146) Metaspace: 305K(512K)->305K(512K) NonClass: 297K(384K)->297K(384K) Class: 7K(128K)->7K(128K)
[2024-07-05T11:11:16.528-0700][info][gc             ] GC(146) Pause Young (Normal) (G1 Preventive Collection) 4085M->4085M(4096M) 7.450ms
[2024-07-05T11:11:16.528-0700][info][gc,cpu         ] GC(146) User=0.02s Sys=0.00s Real=0.01s
[2024-07-05T11:11:16.529-0700][info][gc,start       ] GC(147) Pause Young (Concurrent Start) (G1 Preventive Collection)
[2024-07-05T11:11:16.529-0700][info][gc,task        ] GC(147) Using 4 workers of 4 for evacuation
[2024-07-05T11:11:16.531-0700][info][gc             ] GC(147) To-space exhausted
[2024-07-05T11:11:16.531-0700][info][gc,phases      ] GC(147)   Pre Evacuate Collection Set: 0.3ms
[2024-07-05T11:11:16.531-0700][info][gc,phases      ] GC(147)   Merge Heap Roots: 0.2ms
[2024-07-05T11:11:16.531-0700][info][gc,phases      ] GC(147)   Evacuate Collection Set: 0.9ms
[2024-07-05T11:11:16.531-0700][info][gc,phases      ] GC(147)   Post Evacuate Collection Set: 0.7ms
[2024-07-05T11:11:16.531-0700][info][gc,phases      ] GC(147)   Other: 0.1ms
[2024-07-05T11:11:16.531-0700][info][gc,heap        ] GC(147) Eden regions: 1->0(101)
[2024-07-05T11:11:16.531-0700][info][gc,heap        ] GC(147) Survivor regions: 1->1(1)
[2024-07-05T11:11:16.531-0700][info][gc,heap        ] GC(147) Old regions: 2035->2037
[2024-07-05T11:11:16.531-0700][info][gc,heap        ] GC(147) Archive regions: 2->2
[2024-07-05T11:11:16.531-0700][info][gc,heap        ] GC(147) Humongous regions: 8->8
[2024-07-05T11:11:16.531-0700][info][gc,metaspace   ] GC(147) Metaspace: 305K(512K)->305K(512K) NonClass: 297K(384K)->297K(384K) Class: 7K(128K)->7K(128K)
[2024-07-05T11:11:16.531-0700][info][gc             ] GC(147) Pause Young (Concurrent Start) (G1 Preventive Collection) 4087M->4089M(4096M) 2.171ms
[2024-07-05T11:11:16.531-0700][info][gc,cpu         ] GC(147) User=0.00s Sys=0.00s Real=0.00s
[2024-07-05T11:11:16.531-0700][info][gc,ergo        ] Attempting full compaction
[2024-07-05T11:11:16.531-0700][info][gc,task        ] GC(148) Using 4 workers of 4 for full compaction
[2024-07-05T11:11:16.531-0700][info][gc,start       ] GC(148) Pause Full (G1 Compaction Pause)
[2024-07-05T11:11:16.531-0700][info][gc             ] GC(149) Concurrent Mark Cycle
[2024-07-05T11:11:16.531-0700][info][gc,marking     ] GC(149) Concurrent Clear Claimed Marks
[2024-07-05T11:11:16.531-0700][info][gc,marking     ] GC(149) Concurrent Clear Claimed Marks 0.005ms
[2024-07-05T11:11:16.531-0700][info][gc,marking     ] GC(149) Concurrent Scan Root Regions
[2024-07-05T11:11:16.531-0700][info][gc,marking     ] GC(149) Concurrent Scan Root Regions 0.171ms
[2024-07-05T11:11:16.531-0700][info][gc,marking     ] GC(149) Concurrent Mark
[2024-07-05T11:11:16.531-0700][info][gc,marking     ] GC(149) Concurrent Mark From Roots
[2024-07-05T11:11:16.531-0700][info][gc,task        ] GC(149) Using 1 workers of 1 for marking
[2024-07-05T11:11:16.534-0700][info][gc,phases,start] GC(148) Phase 1: Mark live objects
[2024-07-05T11:11:16.633-0700][info][gc,phases      ] GC(148) Phase 1: Mark live objects 98.900ms
[2024-07-05T11:11:16.633-0700][info][gc,phases,start] GC(148) Phase 2: Prepare for compaction
[2024-07-05T11:11:16.635-0700][info][gc,phases      ] GC(148) Phase 2: Prepare for compaction 1.319ms
[2024-07-05T11:11:16.635-0700][info][gc,phases,start] GC(148) Phase 3: Adjust pointers
[2024-07-05T11:11:16.700-0700][info][gc,phases      ] GC(148) Phase 3: Adjust pointers 65.704ms
[2024-07-05T11:11:16.701-0700][info][gc,phases,start] GC(148) Phase 4: Compact heap
[2024-07-05T11:11:16.701-0700][info][gc,phases      ] GC(148) Phase 4: Compact heap 0.550ms
[2024-07-05T11:11:16.704-0700][info][gc,heap        ] GC(148) Eden regions: 0->0(102)
[2024-07-05T11:11:16.704-0700][info][gc,heap        ] GC(148) Survivor regions: 1->0(1)
[2024-07-05T11:11:16.704-0700][info][gc,heap        ] GC(148) Old regions: 2037->2037
[2024-07-05T11:11:16.704-0700][info][gc,heap        ] GC(148) Archive regions: 2->2
[2024-07-05T11:11:16.704-0700][info][gc,heap        ] GC(148) Humongous regions: 8->8
[2024-07-05T11:11:16.704-0700][info][gc,metaspace   ] GC(148) Metaspace: 305K(512K)->305K(512K) NonClass: 297K(384K)->297K(384K) Class: 7K(128K)->7K(128K)
[2024-07-05T11:11:16.704-0700][info][gc             ] GC(148) Pause Full (G1 Compaction Pause) 4089M->4087M(4096M) 173.084ms
[2024-07-05T11:11:16.704-0700][info][gc,cpu         ] GC(148) User=0.68s Sys=0.01s Real=0.18s
[2024-07-05T11:11:16.704-0700][info][gc,marking     ] GC(149) Concurrent Mark From Roots 173.008ms
[2024-07-05T11:11:16.704-0700][info][gc,marking     ] GC(149) Concurrent Mark Abort
[2024-07-05T11:11:16.704-0700][info][gc             ] GC(149) Concurrent Mark Cycle 173.248ms
[2024-07-05T11:11:16.705-0700][info][gc,start       ] GC(150) Pause Young (Normal) (G1 Evacuation Pause)
[2024-07-05T11:11:16.705-0700][info][gc,task        ] GC(150) Using 4 workers of 4 for evacuation
[2024-07-05T11:11:16.706-0700][info][gc             ] GC(150) To-space exhausted
[2024-07-05T11:11:16.706-0700][info][gc,phases      ] GC(150)   Pre Evacuate Collection Set: 0.2ms
[2024-07-05T11:11:16.706-0700][info][gc,phases      ] GC(150)   Merge Heap Roots: 0.1ms
[2024-07-05T11:11:16.706-0700][info][gc,phases      ] GC(150)   Evacuate Collection Set: 0.4ms
[2024-07-05T11:11:16.706-0700][info][gc,phases      ] GC(150)   Post Evacuate Collection Set: 0.3ms
[2024-07-05T11:11:16.706-0700][info][gc,phases      ] GC(150)   Other: 0.1ms
[2024-07-05T11:11:16.706-0700][info][gc,heap        ] GC(150) Eden regions: 1->0(102)
[2024-07-05T11:11:16.706-0700][info][gc,heap        ] GC(150) Survivor regions: 0->0(0)
[2024-07-05T11:11:16.706-0700][info][gc,heap        ] GC(150) Old regions: 2037->2038
[2024-07-05T11:11:16.706-0700][info][gc,heap        ] GC(150) Archive regions: 2->2
[2024-07-05T11:11:16.706-0700][info][gc,heap        ] GC(150) Humongous regions: 8->8
[2024-07-05T11:11:16.706-0700][info][gc,metaspace   ] GC(150) Metaspace: 305K(512K)->305K(512K) NonClass: 297K(384K)->297K(384K) Class: 7K(128K)->7K(128K)
[2024-07-05T11:11:16.706-0700][info][gc             ] GC(150) Pause Young (Normal) (G1 Evacuation Pause) 4089M->4089M(4096M) 1.061ms
[2024-07-05T11:11:16.706-0700][info][gc,cpu         ] GC(150) User=0.00s Sys=0.00s Real=0.00s
[2024-07-05T11:11:16.706-0700][info][gc,ergo        ] Attempting full compaction
[2024-07-05T11:11:16.706-0700][info][gc,task        ] GC(151) Using 4 workers of 4 for full compaction
[2024-07-05T11:11:16.706-0700][info][gc,start       ] GC(151) Pause Full (G1 Compaction Pause)
[2024-07-05T11:11:16.706-0700][info][gc,phases,start] GC(151) Phase 1: Mark live objects
[2024-07-05T11:11:16.805-0700][info][gc,phases      ] GC(151) Phase 1: Mark live objects 99.510ms
[2024-07-05T11:11:16.805-0700][info][gc,phases,start] GC(151) Phase 2: Prepare for compaction
[2024-07-05T11:11:16.806-0700][info][gc,phases      ] GC(151) Phase 2: Prepare for compaction 1.001ms
[2024-07-05T11:11:16.806-0700][info][gc,phases,start] GC(151) Phase 3: Adjust pointers
[2024-07-05T11:11:16.871-0700][info][gc,phases      ] GC(151) Phase 3: Adjust pointers 64.536ms
[2024-07-05T11:11:16.871-0700][info][gc,phases,start] GC(151) Phase 4: Compact heap
[2024-07-05T11:11:16.871-0700][info][gc,phases      ] GC(151) Phase 4: Compact heap 0.399ms
[2024-07-05T11:11:16.874-0700][info][gc,heap        ] GC(151) Eden regions: 0->0(102)
[2024-07-05T11:11:16.874-0700][info][gc,heap        ] GC(151) Survivor regions: 0->0(0)
[2024-07-05T11:11:16.874-0700][info][gc,heap        ] GC(151) Old regions: 2038->2037
[2024-07-05T11:11:16.874-0700][info][gc,heap        ] GC(151) Archive regions: 2->2
[2024-07-05T11:11:16.874-0700][info][gc,heap        ] GC(151) Humongous regions: 8->8
[2024-07-05T11:11:16.874-0700][info][gc,metaspace   ] GC(151) Metaspace: 305K(512K)->305K(512K) NonClass: 297K(384K)->297K(384K) Class: 7K(128K)->7K(128K)
[2024-07-05T11:11:16.874-0700][info][gc             ] GC(151) Pause Full (G1 Compaction Pause) 4089M->4089M(4096M) 168.654ms
[2024-07-05T11:11:16.874-0700][info][gc,cpu         ] GC(151) User=0.67s Sys=0.00s Real=0.16s
[2024-07-05T11:11:16.875-0700][info][gc,start       ] GC(152) Pause Young (Concurrent Start) (G1 Evacuation Pause)
[2024-07-05T11:11:16.875-0700][info][gc,task        ] GC(152) Using 4 workers of 4 for evacuation
[2024-07-05T11:11:16.876-0700][info][gc             ] GC(152) To-space exhausted
[2024-07-05T11:11:16.876-0700][info][gc,phases      ] GC(152)   Pre Evacuate Collection Set: 0.3ms
[2024-07-05T11:11:16.876-0700][info][gc,phases      ] GC(152)   Merge Heap Roots: 0.1ms
[2024-07-05T11:11:16.876-0700][info][gc,phases      ] GC(152)   Evacuate Collection Set: 0.3ms
[2024-07-05T11:11:16.876-0700][info][gc,phases      ] GC(152)   Post Evacuate Collection Set: 0.3ms
[2024-07-05T11:11:16.876-0700][info][gc,phases      ] GC(152)   Other: 0.1ms
[2024-07-05T11:11:16.876-0700][info][gc,heap        ] GC(152) Eden regions: 1->0(102)
[2024-07-05T11:11:16.876-0700][info][gc,heap        ] GC(152) Survivor regions: 0->0(0)
[2024-07-05T11:11:16.876-0700][info][gc,heap        ] GC(152) Old regions: 2037->2038
[2024-07-05T11:11:16.876-0700][info][gc,heap        ] GC(152) Archive regions: 2->2
[2024-07-05T11:11:16.876-0700][info][gc,heap        ] GC(152) Humongous regions: 8->8
[2024-07-05T11:11:16.876-0700][info][gc,metaspace   ] GC(152) Metaspace: 305K(512K)->305K(512K) NonClass: 297K(384K)->297K(384K) Class: 7K(128K)->7K(128K)
[2024-07-05T11:11:16.876-0700][info][gc             ] GC(152) Pause Young (Concurrent Start) (G1 Evacuation Pause) 4091M->4091M(4096M) 1.147ms
[2024-07-05T11:11:16.876-0700][info][gc,cpu         ] GC(152) User=0.00s Sys=0.00s Real=0.01s
[2024-07-05T11:11:16.876-0700][info][gc,ergo        ] Attempting full compaction
[2024-07-05T11:11:16.876-0700][info][gc,task        ] GC(153) Using 4 workers of 4 for full compaction
[2024-07-05T11:11:16.876-0700][info][gc,start       ] GC(153) Pause Full (G1 Compaction Pause)
[2024-07-05T11:11:16.876-0700][info][gc             ] GC(154) Concurrent Mark Cycle
[2024-07-05T11:11:16.876-0700][info][gc,marking     ] GC(154) Concurrent Clear Claimed Marks
[2024-07-05T11:11:16.876-0700][info][gc,marking     ] GC(154) Concurrent Clear Claimed Marks 0.005ms
[2024-07-05T11:11:16.876-0700][info][gc,marking     ] GC(154) Concurrent Scan Root Regions
[2024-07-05T11:11:16.876-0700][info][gc,marking     ] GC(154) Concurrent Scan Root Regions 0.003ms
[2024-07-05T11:11:16.876-0700][info][gc,marking     ] GC(154) Concurrent Mark
[2024-07-05T11:11:16.876-0700][info][gc,marking     ] GC(154) Concurrent Mark From Roots
[2024-07-05T11:11:16.876-0700][info][gc,task        ] GC(154) Using 1 workers of 1 for marking
[2024-07-05T11:11:16.880-0700][info][gc,phases,start] GC(153) Phase 1: Mark live objects
[2024-07-05T11:11:16.981-0700][info][gc,phases      ] GC(153) Phase 1: Mark live objects 101.693ms
[2024-07-05T11:11:16.981-0700][info][gc,phases,start] GC(153) Phase 2: Prepare for compaction
[2024-07-05T11:11:16.982-0700][info][gc,phases      ] GC(153) Phase 2: Prepare for compaction 1.048ms
[2024-07-05T11:11:16.982-0700][info][gc,phases,start] GC(153) Phase 3: Adjust pointers
[2024-07-05T11:11:17.060-0700][info][gc,phases      ] GC(153) Phase 3: Adjust pointers 77.525ms
[2024-07-05T11:11:17.060-0700][info][gc,phases,start] GC(153) Phase 4: Compact heap
[2024-07-05T11:11:17.060-0700][info][gc,phases      ] GC(153) Phase 4: Compact heap 0.204ms
[2024-07-05T11:11:17.064-0700][info][gc,heap        ] GC(153) Eden regions: 0->0(102)
[2024-07-05T11:11:17.064-0700][info][gc,heap        ] GC(153) Survivor regions: 0->0(0)
[2024-07-05T11:11:17.064-0700][info][gc,heap        ] GC(153) Old regions: 2038->2038
[2024-07-05T11:11:17.064-0700][info][gc,heap        ] GC(153) Archive regions: 2->2
[2024-07-05T11:11:17.064-0700][info][gc,heap        ] GC(153) Humongous regions: 8->8
[2024-07-05T11:11:17.064-0700][info][gc,metaspace   ] GC(153) Metaspace: 305K(512K)->305K(512K) NonClass: 297K(384K)->297K(384K) Class: 7K(128K)->7K(128K)
[2024-07-05T11:11:17.064-0700][info][gc             ] GC(153) Pause Full (G1 Compaction Pause) 4091M->4091M(4096M) 187.817ms
[2024-07-05T11:11:17.064-0700][info][gc,cpu         ] GC(153) User=0.74s Sys=0.00s Real=0.19s
[2024-07-05T11:11:17.064-0700][info][gc,ergo        ] Attempting maximum full compaction clearing soft references
[2024-07-05T11:11:17.064-0700][info][gc,task        ] GC(155) Using 4 workers of 4 for full compaction
[2024-07-05T11:11:17.064-0700][info][gc,start       ] GC(155) Pause Full (G1 Compaction Pause)
[2024-07-05T11:11:17.064-0700][info][gc,phases,start] GC(155) Phase 1: Mark live objects
[2024-07-05T11:11:17.176-0700][info][gc,phases      ] GC(155) Phase 1: Mark live objects 111.788ms
[2024-07-05T11:11:17.176-0700][info][gc,phases,start] GC(155) Phase 2: Prepare for compaction
[2024-07-05T11:11:17.271-0700][info][gc,phases      ] GC(155) Phase 2: Prepare for compaction 94.759ms
[2024-07-05T11:11:17.271-0700][info][gc,phases,start] GC(155) Phase 3: Adjust pointers
[2024-07-05T11:11:17.372-0700][info][gc,phases      ] GC(155) Phase 3: Adjust pointers 100.991ms
[2024-07-05T11:11:17.372-0700][info][gc,phases,start] GC(155) Phase 4: Compact heap
[2024-07-05T11:11:17.903-0700][info][gc,phases      ] GC(155) Phase 4: Compact heap 530.892ms
[2024-07-05T11:11:17.907-0700][info][gc,heap        ] GC(155) Eden regions: 0->0(102)
[2024-07-05T11:11:17.907-0700][info][gc,heap        ] GC(155) Survivor regions: 0->0(0)
[2024-07-05T11:11:17.907-0700][info][gc,heap        ] GC(155) Old regions: 2038->2022
[2024-07-05T11:11:17.907-0700][info][gc,heap        ] GC(155) Archive regions: 2->2
[2024-07-05T11:11:17.907-0700][info][gc,heap        ] GC(155) Humongous regions: 8->8
[2024-07-05T11:11:17.907-0700][info][gc,metaspace   ] GC(155) Metaspace: 305K(512K)->305K(512K) NonClass: 297K(384K)->297K(384K) Class: 7K(128K)->7K(128K)
[2024-07-05T11:11:17.907-0700][info][gc             ] GC(155) Pause Full (G1 Compaction Pause) 4091M->4056M(4096M) 842.830ms
[2024-07-05T11:11:17.907-0700][info][gc,cpu         ] GC(155) User=3.29s Sys=0.00s Real=0.84s
[2024-07-05T11:11:17.907-0700][info][gc,marking     ] GC(154) Concurrent Mark From Roots 1030.877ms
[2024-07-05T11:11:17.907-0700][info][gc,marking     ] GC(154) Concurrent Mark Abort
[2024-07-05T11:11:17.907-0700][info][gc             ] GC(154) Concurrent Mark Cycle 1030.942ms
[2024-07-05T11:11:22.712-0700][info][gc,start       ] GC(156) Pause Young (Normal) (G1 Preventive Collection)
[2024-07-05T11:11:22.712-0700][info][gc,task        ] GC(156) Using 4 workers of 4 for evacuation
[2024-07-05T11:11:22.721-0700][info][gc             ] GC(156) To-space exhausted
[2024-07-05T11:11:22.721-0700][info][gc,phases      ] GC(156)   Pre Evacuate Collection Set: 0.5ms
[2024-07-05T11:11:22.721-0700][info][gc,phases      ] GC(156)   Merge Heap Roots: 0.3ms
[2024-07-05T11:11:22.721-0700][info][gc,phases      ] GC(156)   Evacuate Collection Set: 7.8ms
[2024-07-05T11:11:22.721-0700][info][gc,phases      ] GC(156)   Post Evacuate Collection Set: 1.0ms
[2024-07-05T11:11:22.721-0700][info][gc,phases      ] GC(156)   Other: 0.1ms
[2024-07-05T11:11:22.721-0700][info][gc,heap        ] GC(156) Eden regions: 9->0(95)
[2024-07-05T11:11:22.721-0700][info][gc,heap        ] GC(156) Survivor regions: 0->7(7)
[2024-07-05T11:11:22.721-0700][info][gc,heap        ] GC(156) Old regions: 2022->2026
[2024-07-05T11:11:22.721-0700][info][gc,heap        ] GC(156) Archive regions: 2->2
[2024-07-05T11:11:22.721-0700][info][gc,heap        ] GC(156) Humongous regions: 8->8
[2024-07-05T11:11:22.722-0700][info][gc,metaspace   ] GC(156) Metaspace: 305K(512K)->305K(512K) NonClass: 297K(384K)->297K(384K) Class: 7K(128K)->7K(128K)
[2024-07-05T11:11:22.722-0700][info][gc             ] GC(156) Pause Young (Normal) (G1 Preventive Collection) 4074M->4078M(4096M) 9.902ms
[2024-07-05T11:11:22.722-0700][info][gc,cpu         ] GC(156) User=0.03s Sys=0.00s Real=0.01s
[2024-07-05T11:11:22.722-0700][info][gc,start       ] GC(157) Pause Young (Concurrent Start) (G1 Preventive Collection)
[2024-07-05T11:11:22.722-0700][info][gc,task        ] GC(157) Using 4 workers of 4 for evacuation
[2024-07-05T11:11:22.727-0700][info][gc             ] GC(157) To-space exhausted
[2024-07-05T11:11:22.727-0700][info][gc,phases      ] GC(157)   Pre Evacuate Collection Set: 0.5ms
[2024-07-05T11:11:22.727-0700][info][gc,phases      ] GC(157)   Merge Heap Roots: 0.3ms
[2024-07-05T11:11:22.727-0700][info][gc,phases      ] GC(157)   Evacuate Collection Set: 3.2ms
[2024-07-05T11:11:22.727-0700][info][gc,phases      ] GC(157)   Post Evacuate Collection Set: 1.0ms
[2024-07-05T11:11:22.727-0700][info][gc,phases      ] GC(157)   Other: 0.1ms
[2024-07-05T11:11:22.727-0700][info][gc,heap        ] GC(157) Eden regions: 2->0(101)
[2024-07-05T11:11:22.727-0700][info][gc,heap        ] GC(157) Survivor regions: 7->1(3)
[2024-07-05T11:11:22.727-0700][info][gc,heap        ] GC(157) Old regions: 2026->2035
[2024-07-05T11:11:22.727-0700][info][gc,heap        ] GC(157) Archive regions: 2->2
[2024-07-05T11:11:22.727-0700][info][gc,heap        ] GC(157) Humongous regions: 8->8
[2024-07-05T11:11:22.727-0700][info][gc,metaspace   ] GC(157) Metaspace: 305K(512K)->305K(512K) NonClass: 297K(384K)->297K(384K) Class: 7K(128K)->7K(128K)
[2024-07-05T11:11:22.727-0700][info][gc             ] GC(157) Pause Young (Concurrent Start) (G1 Preventive Collection) 4082M->4084M(4096M) 5.073ms
[2024-07-05T11:11:22.727-0700][info][gc,cpu         ] GC(157) User=0.00s Sys=0.00s Real=0.01s
[2024-07-05T11:11:22.727-0700][info][gc             ] GC(158) Concurrent Mark Cycle
[2024-07-05T11:11:22.727-0700][info][gc,marking     ] GC(158) Concurrent Clear Claimed Marks
[2024-07-05T11:11:22.727-0700][info][gc,marking     ] GC(158) Concurrent Clear Claimed Marks 0.006ms
[2024-07-05T11:11:22.727-0700][info][gc,marking     ] GC(158) Concurrent Scan Root Regions
[2024-07-05T11:11:22.728-0700][info][gc,marking     ] GC(158) Concurrent Scan Root Regions 0.564ms
[2024-07-05T11:11:22.728-0700][info][gc,marking     ] GC(158) Concurrent Mark
[2024-07-05T11:11:22.728-0700][info][gc,marking     ] GC(158) Concurrent Mark From Roots
[2024-07-05T11:11:22.728-0700][info][gc,task        ] GC(158) Using 1 workers of 1 for marking
[2024-07-05T11:11:23.330-0700][info][gc,marking     ] GC(158) Concurrent Mark From Roots 602.319ms
[2024-07-05T11:11:23.330-0700][info][gc,marking     ] GC(158) Concurrent Preclean
[2024-07-05T11:11:23.330-0700][info][gc,marking     ] GC(158) Concurrent Preclean 0.059ms
[2024-07-05T11:11:36.386-0700][info][gc,start       ] GC(158) Pause Remark
[2024-07-05T11:11:36.387-0700][info][gc             ] GC(158) Pause Remark 4085M->4085M(4096M) 1.551ms
[2024-07-05T11:11:36.387-0700][info][gc,cpu         ] GC(158) User=0.00s Sys=0.01s Real=0.00s
[2024-07-05T11:11:36.387-0700][info][gc,marking     ] GC(158) Concurrent Mark 13659.399ms
[2024-07-05T11:11:36.387-0700][info][gc,marking     ] GC(158) Concurrent Rebuild Remembered Sets
[2024-07-05T11:11:36.698-0700][info][gc,marking     ] GC(158) Concurrent Rebuild Remembered Sets 310.496ms
[2024-07-05T11:11:36.889-0700][info][gc,start       ] GC(158) Pause Cleanup
[2024-07-05T11:11:36.890-0700][info][gc             ] GC(158) Pause Cleanup 4085M->4085M(4096M) 0.760ms
[2024-07-05T11:11:36.890-0700][info][gc,cpu         ] GC(158) User=0.00s Sys=0.00s Real=0.00s
[2024-07-05T11:11:36.890-0700][info][gc,marking     ] GC(158) Concurrent Cleanup for Next Mark
[2024-07-05T11:11:36.898-0700][info][gc,marking     ] GC(158) Concurrent Cleanup for Next Mark 7.364ms
[2024-07-05T11:11:36.898-0700][info][gc             ] GC(158) Concurrent Mark Cycle 14170.263ms
[2024-07-05T11:11:38.219-0700][info][gc,start       ] GC(159) Pause Young (Prepare Mixed) (G1 Preventive Collection)
[2024-07-05T11:11:38.219-0700][info][gc,task        ] GC(159) Using 4 workers of 4 for evacuation
[2024-07-05T11:11:38.226-0700][info][gc             ] GC(159) To-space exhausted
[2024-07-05T11:11:38.226-0700][info][gc,phases      ] GC(159)   Pre Evacuate Collection Set: 0.5ms
[2024-07-05T11:11:38.226-0700][info][gc,phases      ] GC(159)   Merge Heap Roots: 0.2ms
[2024-07-05T11:11:38.226-0700][info][gc,phases      ] GC(159)   Evacuate Collection Set: 5.2ms
[2024-07-05T11:11:38.226-0700][info][gc,phases      ] GC(159)   Post Evacuate Collection Set: 0.7ms
[2024-07-05T11:11:38.226-0700][info][gc,phases      ] GC(159)   Other: 0.1ms
[2024-07-05T11:11:38.226-0700][info][gc,heap        ] GC(159) Eden regions: 1->0(101)
[2024-07-05T11:11:38.226-0700][info][gc,heap        ] GC(159) Survivor regions: 1->1(1)
[2024-07-05T11:11:38.226-0700][info][gc,heap        ] GC(159) Old regions: 2035->2037
[2024-07-05T11:11:38.226-0700][info][gc,heap        ] GC(159) Archive regions: 2->2
[2024-07-05T11:11:38.226-0700][info][gc,heap        ] GC(159) Humongous regions: 8->8
[2024-07-05T11:11:38.226-0700][info][gc,metaspace   ] GC(159) Metaspace: 305K(512K)->305K(512K) NonClass: 297K(384K)->297K(384K) Class: 7K(128K)->7K(128K)
[2024-07-05T11:11:38.226-0700][info][gc             ] GC(159) Pause Young (Prepare Mixed) (G1 Preventive Collection) 4086M->4088M(4096M) 6.750ms
[2024-07-05T11:11:38.226-0700][info][gc,cpu         ] GC(159) User=0.01s Sys=0.00s Real=0.01s
[2024-07-05T11:11:38.226-0700][info][gc,ergo        ] Attempting full compaction
[2024-07-05T11:11:38.226-0700][info][gc,task        ] GC(160) Using 4 workers of 4 for full compaction
[2024-07-05T11:11:38.226-0700][info][gc,start       ] GC(160) Pause Full (G1 Compaction Pause)
[2024-07-05T11:11:38.226-0700][info][gc,phases,start] GC(160) Phase 1: Mark live objects
[2024-07-05T11:11:38.337-0700][info][gc,phases      ] GC(160) Phase 1: Mark live objects 110.673ms
[2024-07-05T11:11:38.337-0700][info][gc,phases,start] GC(160) Phase 2: Prepare for compaction
[2024-07-05T11:11:38.339-0700][info][gc,phases      ] GC(160) Phase 2: Prepare for compaction 1.696ms
[2024-07-05T11:11:38.339-0700][info][gc,phases,start] GC(160) Phase 3: Adjust pointers
[2024-07-05T11:11:38.404-0700][info][gc,phases      ] GC(160) Phase 3: Adjust pointers 65.563ms
[2024-07-05T11:11:38.404-0700][info][gc,phases,start] GC(160) Phase 4: Compact heap
[2024-07-05T11:11:38.407-0700][info][gc,phases      ] GC(160) Phase 4: Compact heap 2.255ms
[2024-07-05T11:11:38.410-0700][info][gc,heap        ] GC(160) Eden regions: 0->0(102)
[2024-07-05T11:11:38.410-0700][info][gc,heap        ] GC(160) Survivor regions: 1->0(1)
[2024-07-05T11:11:38.410-0700][info][gc,heap        ] GC(160) Old regions: 2037->2034
[2024-07-05T11:11:38.410-0700][info][gc,heap        ] GC(160) Archive regions: 2->2
[2024-07-05T11:11:38.410-0700][info][gc,heap        ] GC(160) Humongous regions: 8->8
[2024-07-05T11:11:38.410-0700][info][gc,metaspace   ] GC(160) Metaspace: 305K(512K)->305K(512K) NonClass: 297K(384K)->297K(384K) Class: 7K(128K)->7K(128K)
[2024-07-05T11:11:38.410-0700][info][gc             ] GC(160) Pause Full (G1 Compaction Pause) 4088M->4080M(4096M) 183.654ms
[2024-07-05T11:11:38.410-0700][info][gc,cpu         ] GC(160) User=0.72s Sys=0.00s Real=0.18s
[2024-07-05T11:11:38.411-0700][info][gc,start       ] GC(161) Pause Young (Concurrent Start) (G1 Preventive Collection)
[2024-07-05T11:11:38.411-0700][info][gc,task        ] GC(161) Using 4 workers of 4 for evacuation
[2024-07-05T11:11:38.412-0700][info][gc,phases      ] GC(161)   Pre Evacuate Collection Set: 0.2ms
[2024-07-05T11:11:38.412-0700][info][gc,phases      ] GC(161)   Merge Heap Roots: 0.1ms
[2024-07-05T11:11:38.412-0700][info][gc,phases      ] GC(161)   Evacuate Collection Set: 0.8ms
[2024-07-05T11:11:38.412-0700][info][gc,phases      ] GC(161)   Post Evacuate Collection Set: 0.4ms
[2024-07-05T11:11:38.412-0700][info][gc,phases      ] GC(161)   Other: 0.1ms
[2024-07-05T11:11:38.412-0700][info][gc,heap        ] GC(161) Eden regions: 2->0(100)
[2024-07-05T11:11:38.412-0700][info][gc,heap        ] GC(161) Survivor regions: 0->2(2)
[2024-07-05T11:11:38.412-0700][info][gc,heap        ] GC(161) Old regions: 2034->2034
[2024-07-05T11:11:38.412-0700][info][gc,heap        ] GC(161) Archive regions: 2->2
[2024-07-05T11:11:38.412-0700][info][gc,heap        ] GC(161) Humongous regions: 8->8
[2024-07-05T11:11:38.412-0700][info][gc,metaspace   ] GC(161) Metaspace: 305K(512K)->305K(512K) NonClass: 297K(384K)->297K(384K) Class: 7K(128K)->7K(128K)
[2024-07-05T11:11:38.412-0700][info][gc             ] GC(161) Pause Young (Concurrent Start) (G1 Preventive Collection) 4084M->4084M(4096M) 1.688ms
[2024-07-05T11:11:38.412-0700][info][gc,cpu         ] GC(161) User=0.00s Sys=0.00s Real=0.00s
[2024-07-05T11:11:38.412-0700][info][gc             ] GC(162) Concurrent Mark Cycle
[2024-07-05T11:11:38.412-0700][info][gc,marking     ] GC(162) Concurrent Clear Claimed Marks
[2024-07-05T11:11:38.412-0700][info][gc,marking     ] GC(162) Concurrent Clear Claimed Marks 0.005ms
[2024-07-05T11:11:38.412-0700][info][gc,marking     ] GC(162) Concurrent Scan Root Regions
[2024-07-05T11:11:38.413-0700][info][gc,marking     ] GC(162) Concurrent Scan Root Regions 0.201ms
[2024-07-05T11:11:38.413-0700][info][gc,marking     ] GC(162) Concurrent Mark
[2024-07-05T11:11:38.413-0700][info][gc,marking     ] GC(162) Concurrent Mark From Roots
[2024-07-05T11:11:38.413-0700][info][gc,task        ] GC(162) Using 1 workers of 1 for marking
[2024-07-05T11:11:38.413-0700][info][gc,start       ] GC(163) Pause Young (Normal) (G1 Preventive Collection)
[2024-07-05T11:11:38.413-0700][info][gc,task        ] GC(163) Using 4 workers of 4 for evacuation
[2024-07-05T11:11:38.414-0700][info][gc             ] GC(163) To-space exhausted
[2024-07-05T11:11:38.414-0700][info][gc,phases      ] GC(163)   Pre Evacuate Collection Set: 0.3ms
[2024-07-05T11:11:38.414-0700][info][gc,phases      ] GC(163)   Merge Heap Roots: 0.1ms
[2024-07-05T11:11:38.414-0700][info][gc,phases      ] GC(163)   Evacuate Collection Set: 1.0ms
[2024-07-05T11:11:38.414-0700][info][gc,phases      ] GC(163)   Post Evacuate Collection Set: 0.5ms
[2024-07-05T11:11:38.415-0700][info][gc,phases      ] GC(163)   Other: 0.1ms
[2024-07-05T11:11:38.415-0700][info][gc,heap        ] GC(163) Eden regions: 1->0(101)
[2024-07-05T11:11:38.415-0700][info][gc,heap        ] GC(163) Survivor regions: 2->1(1)
[2024-07-05T11:11:38.415-0700][info][gc,heap        ] GC(163) Old regions: 2034->2037
[2024-07-05T11:11:38.415-0700][info][gc,heap        ] GC(163) Archive regions: 2->2
[2024-07-05T11:11:38.415-0700][info][gc,heap        ] GC(163) Humongous regions: 8->8
[2024-07-05T11:11:38.415-0700][info][gc,metaspace   ] GC(163) Metaspace: 305K(512K)->305K(512K) NonClass: 297K(384K)->297K(384K) Class: 7K(128K)->7K(128K)
[2024-07-05T11:11:38.415-0700][info][gc             ] GC(163) Pause Young (Normal) (G1 Preventive Collection) 4086M->4088M(4096M) 2.010ms
[2024-07-05T11:11:38.415-0700][info][gc,cpu         ] GC(163) User=0.00s Sys=0.00s Real=0.00s
[2024-07-05T11:11:38.415-0700][info][gc,ergo        ] Attempting full compaction
[2024-07-05T11:11:38.415-0700][info][gc,task        ] GC(164) Using 4 workers of 4 for full compaction
[2024-07-05T11:11:38.415-0700][info][gc,start       ] GC(164) Pause Full (G1 Compaction Pause)
[2024-07-05T11:11:38.418-0700][info][gc,phases,start] GC(164) Phase 1: Mark live objects
[2024-07-05T11:11:38.516-0700][info][gc,phases      ] GC(164) Phase 1: Mark live objects 98.421ms
[2024-07-05T11:11:38.516-0700][info][gc,phases,start] GC(164) Phase 2: Prepare for compaction
[2024-07-05T11:11:38.517-0700][info][gc,phases      ] GC(164) Phase 2: Prepare for compaction 1.122ms
[2024-07-05T11:11:38.517-0700][info][gc,phases,start] GC(164) Phase 3: Adjust pointers
[2024-07-05T11:11:38.584-0700][info][gc,phases      ] GC(164) Phase 3: Adjust pointers 66.360ms
[2024-07-05T11:11:38.584-0700][info][gc,phases,start] GC(164) Phase 4: Compact heap
[2024-07-05T11:11:38.584-0700][info][gc,phases      ] GC(164) Phase 4: Compact heap 0.566ms
[2024-07-05T11:11:38.588-0700][info][gc,heap        ] GC(164) Eden regions: 0->0(102)
[2024-07-05T11:11:38.588-0700][info][gc,heap        ] GC(164) Survivor regions: 1->0(1)
[2024-07-05T11:11:38.588-0700][info][gc,heap        ] GC(164) Old regions: 2037->2036
[2024-07-05T11:11:38.588-0700][info][gc,heap        ] GC(164) Archive regions: 2->2
[2024-07-05T11:11:38.588-0700][info][gc,heap        ] GC(164) Humongous regions: 8->8
[2024-07-05T11:11:38.588-0700][info][gc,metaspace   ] GC(164) Metaspace: 305K(512K)->305K(512K) NonClass: 297K(384K)->297K(384K) Class: 7K(128K)->7K(128K)
[2024-07-05T11:11:38.588-0700][info][gc             ] GC(164) Pause Full (G1 Compaction Pause) 4088M->4086M(4096M) 173.573ms
[2024-07-05T11:11:38.588-0700][info][gc,cpu         ] GC(164) User=0.68s Sys=0.00s Real=0.18s
[2024-07-05T11:11:38.588-0700][info][gc,marking     ] GC(162) Concurrent Mark From Roots 175.755ms
[2024-07-05T11:11:38.588-0700][info][gc,marking     ] GC(162) Concurrent Mark Abort
[2024-07-05T11:11:38.588-0700][info][gc             ] GC(162) Concurrent Mark Cycle 176.020ms
[2024-07-05T11:11:38.589-0700][info][gc,start       ] GC(165) Pause Young (Normal) (G1 Preventive Collection)
[2024-07-05T11:11:38.589-0700][info][gc,task        ] GC(165) Using 4 workers of 4 for evacuation
[2024-07-05T11:11:38.590-0700][info][gc,phases      ] GC(165)   Pre Evacuate Collection Set: 0.4ms
[2024-07-05T11:11:38.590-0700][info][gc,phases      ] GC(165)   Merge Heap Roots: 0.1ms
[2024-07-05T11:11:38.590-0700][info][gc,phases      ] GC(165)   Evacuate Collection Set: 0.6ms
[2024-07-05T11:11:38.590-0700][info][gc,phases      ] GC(165)   Post Evacuate Collection Set: 0.4ms
[2024-07-05T11:11:38.590-0700][info][gc,phases      ] GC(165)   Other: 0.2ms
[2024-07-05T11:11:38.590-0700][info][gc,heap        ] GC(165) Eden regions: 1->0(101)
[2024-07-05T11:11:38.590-0700][info][gc,heap        ] GC(165) Survivor regions: 0->1(1)
[2024-07-05T11:11:38.590-0700][info][gc,heap        ] GC(165) Old regions: 2036->2036
[2024-07-05T11:11:38.590-0700][info][gc,heap        ] GC(165) Archive regions: 2->2
[2024-07-05T11:11:38.590-0700][info][gc,heap        ] GC(165) Humongous regions: 8->8
[2024-07-05T11:11:38.590-0700][info][gc,metaspace   ] GC(165) Metaspace: 305K(512K)->305K(512K) NonClass: 297K(384K)->297K(384K) Class: 7K(128K)->7K(128K)
[2024-07-05T11:11:38.590-0700][info][gc             ] GC(165) Pause Young (Normal) (G1 Preventive Collection) 4088M->4088M(4096M) 1.534ms
[2024-07-05T11:11:38.590-0700][info][gc,cpu         ] GC(165) User=0.00s Sys=0.00s Real=0.00s
[2024-07-05T11:11:40.662-0700][info][gc,start       ] GC(166) Pause Young (Concurrent Start) (G1 Evacuation Pause)
[2024-07-05T11:11:40.662-0700][info][gc,task        ] GC(166) Using 4 workers of 4 for evacuation
[2024-07-05T11:11:40.670-0700][info][gc             ] GC(166) To-space exhausted
[2024-07-05T11:11:40.670-0700][info][gc,phases      ] GC(166)   Pre Evacuate Collection Set: 0.3ms
[2024-07-05T11:11:40.670-0700][info][gc,phases      ] GC(166)   Merge Heap Roots: 0.3ms
[2024-07-05T11:11:40.670-0700][info][gc,phases      ] GC(166)   Evacuate Collection Set: 7.1ms
[2024-07-05T11:11:40.670-0700][info][gc,phases      ] GC(166)   Post Evacuate Collection Set: 0.9ms
[2024-07-05T11:11:40.670-0700][info][gc,phases      ] GC(166)   Other: 0.3ms
[2024-07-05T11:11:40.670-0700][info][gc,heap        ] GC(166) Eden regions: 1->0(102)
[2024-07-05T11:11:40.670-0700][info][gc,heap        ] GC(166) Survivor regions: 1->0(0)
[2024-07-05T11:11:40.670-0700][info][gc,heap        ] GC(166) Old regions: 2036->2038
[2024-07-05T11:11:40.670-0700][info][gc,heap        ] GC(166) Archive regions: 2->2
[2024-07-05T11:11:40.670-0700][info][gc,heap        ] GC(166) Humongous regions: 8->8
[2024-07-05T11:11:40.670-0700][info][gc,metaspace   ] GC(166) Metaspace: 305K(512K)->305K(512K) NonClass: 297K(384K)->297K(384K) Class: 7K(128K)->7K(128K)
[2024-07-05T11:11:40.670-0700][info][gc             ] GC(166) Pause Young (Concurrent Start) (G1 Evacuation Pause) 4090M->4090M(4096M) 8.919ms
[2024-07-05T11:11:40.671-0700][info][gc,cpu         ] GC(166) User=0.03s Sys=0.00s Real=0.01s
[2024-07-05T11:11:40.671-0700][info][gc,ergo        ] Attempting full compaction
[2024-07-05T11:11:40.671-0700][info][gc,task        ] GC(167) Using 4 workers of 4 for full compaction
[2024-07-05T11:11:40.671-0700][info][gc,start       ] GC(167) Pause Full (G1 Compaction Pause)
[2024-07-05T11:11:40.671-0700][info][gc             ] GC(168) Concurrent Mark Cycle
[2024-07-05T11:11:40.671-0700][info][gc,marking     ] GC(168) Concurrent Clear Claimed Marks
[2024-07-05T11:11:40.671-0700][info][gc,marking     ] GC(168) Concurrent Clear Claimed Marks 0.006ms
[2024-07-05T11:11:40.671-0700][info][gc,marking     ] GC(168) Concurrent Scan Root Regions
[2024-07-05T11:11:40.671-0700][info][gc,marking     ] GC(168) Concurrent Scan Root Regions 0.003ms
[2024-07-05T11:11:40.671-0700][info][gc,marking     ] GC(168) Concurrent Mark
[2024-07-05T11:11:40.671-0700][info][gc,marking     ] GC(168) Concurrent Mark From Roots
[2024-07-05T11:11:40.671-0700][info][gc,task        ] GC(168) Using 1 workers of 1 for marking
[2024-07-05T11:11:40.674-0700][info][gc,phases,start] GC(167) Phase 1: Mark live objects
[2024-07-05T11:11:40.782-0700][info][gc,phases      ] GC(167) Phase 1: Mark live objects 107.348ms
[2024-07-05T11:11:40.782-0700][info][gc,phases,start] GC(167) Phase 2: Prepare for compaction
[2024-07-05T11:11:40.783-0700][info][gc,phases      ] GC(167) Phase 2: Prepare for compaction 1.267ms
[2024-07-05T11:11:40.783-0700][info][gc,phases,start] GC(167) Phase 3: Adjust pointers
[2024-07-05T11:11:40.851-0700][info][gc,phases      ] GC(167) Phase 3: Adjust pointers 67.809ms
[2024-07-05T11:11:40.851-0700][info][gc,phases,start] GC(167) Phase 4: Compact heap
[2024-07-05T11:11:40.851-0700][info][gc,phases      ] GC(167) Phase 4: Compact heap 0.425ms
[2024-07-05T11:11:40.855-0700][info][gc,heap        ] GC(167) Eden regions: 0->0(102)
[2024-07-05T11:11:40.855-0700][info][gc,heap        ] GC(167) Survivor regions: 0->0(0)
[2024-07-05T11:11:40.855-0700][info][gc,heap        ] GC(167) Old regions: 2038->2037
[2024-07-05T11:11:40.855-0700][info][gc,heap        ] GC(167) Archive regions: 2->2
[2024-07-05T11:11:40.855-0700][info][gc,heap        ] GC(167) Humongous regions: 8->8
[2024-07-05T11:11:40.855-0700][info][gc,metaspace   ] GC(167) Metaspace: 305K(512K)->305K(512K) NonClass: 297K(384K)->297K(384K) Class: 7K(128K)->7K(128K)
[2024-07-05T11:11:40.855-0700][info][gc             ] GC(167) Pause Full (G1 Compaction Pause) 4090M->4090M(4096M) 184.206ms
[2024-07-05T11:11:40.855-0700][info][gc,cpu         ] GC(167) User=0.72s Sys=0.00s Real=0.18s
[2024-07-05T11:11:40.855-0700][info][gc,marking     ] GC(168) Concurrent Mark From Roots 184.294ms
[2024-07-05T11:11:40.855-0700][info][gc,marking     ] GC(168) Concurrent Mark Abort
[2024-07-05T11:11:40.855-0700][info][gc             ] GC(168) Concurrent Mark Cycle 184.361ms
[2024-07-05T11:11:40.855-0700][info][gc,start       ] GC(169) Pause Young (Normal) (G1 Evacuation Pause)
[2024-07-05T11:11:40.855-0700][info][gc,task        ] GC(169) Using 4 workers of 4 for evacuation
[2024-07-05T11:11:40.856-0700][info][gc             ] GC(169) To-space exhausted
[2024-07-05T11:11:40.856-0700][info][gc,phases      ] GC(169)   Pre Evacuate Collection Set: 0.2ms
[2024-07-05T11:11:40.856-0700][info][gc,phases      ] GC(169)   Merge Heap Roots: 0.1ms
[2024-07-05T11:11:40.856-0700][info][gc,phases      ] GC(169)   Evacuate Collection Set: 0.3ms
[2024-07-05T11:11:40.856-0700][info][gc,phases      ] GC(169)   Post Evacuate Collection Set: 0.4ms
[2024-07-05T11:11:40.856-0700][info][gc,phases      ] GC(169)   Other: 0.1ms
[2024-07-05T11:11:40.856-0700][info][gc,heap        ] GC(169) Eden regions: 1->0(102)
[2024-07-05T11:11:40.856-0700][info][gc,heap        ] GC(169) Survivor regions: 0->0(0)
[2024-07-05T11:11:40.856-0700][info][gc,heap        ] GC(169) Old regions: 2037->2038
[2024-07-05T11:11:40.856-0700][info][gc,heap        ] GC(169) Archive regions: 2->2
[2024-07-05T11:11:40.856-0700][info][gc,heap        ] GC(169) Humongous regions: 8->8
[2024-07-05T11:11:40.856-0700][info][gc,metaspace   ] GC(169) Metaspace: 305K(512K)->305K(512K) NonClass: 297K(384K)->297K(384K) Class: 7K(128K)->7K(128K)
[2024-07-05T11:11:40.856-0700][info][gc             ] GC(169) Pause Young (Normal) (G1 Evacuation Pause) 4092M->4092M(4096M) 1.198ms
[2024-07-05T11:11:40.856-0700][info][gc,cpu         ] GC(169) User=0.00s Sys=0.00s Real=0.00s
[2024-07-05T11:11:40.856-0700][info][gc,ergo        ] Attempting full compaction
[2024-07-05T11:11:40.856-0700][info][gc,task        ] GC(170) Using 4 workers of 4 for full compaction
[2024-07-05T11:11:40.857-0700][info][gc,start       ] GC(170) Pause Full (G1 Compaction Pause)
[2024-07-05T11:11:40.857-0700][info][gc,phases,start] GC(170) Phase 1: Mark live objects
[2024-07-05T11:11:40.965-0700][info][gc,phases      ] GC(170) Phase 1: Mark live objects 108.095ms
[2024-07-05T11:11:40.965-0700][info][gc,phases,start] GC(170) Phase 2: Prepare for compaction
[2024-07-05T11:11:40.966-0700][info][gc,phases      ] GC(170) Phase 2: Prepare for compaction 1.230ms
[2024-07-05T11:11:40.966-0700][info][gc,phases,start] GC(170) Phase 3: Adjust pointers
[2024-07-05T11:11:41.037-0700][info][gc,phases      ] GC(170) Phase 3: Adjust pointers 71.466ms
[2024-07-05T11:11:41.038-0700][info][gc,phases,start] GC(170) Phase 4: Compact heap
[2024-07-05T11:11:41.038-0700][info][gc,phases      ] GC(170) Phase 4: Compact heap 0.328ms
[2024-07-05T11:11:41.042-0700][info][gc,heap        ] GC(170) Eden regions: 0->0(102)
[2024-07-05T11:11:41.042-0700][info][gc,heap        ] GC(170) Survivor regions: 0->0(0)
[2024-07-05T11:11:41.042-0700][info][gc,heap        ] GC(170) Old regions: 2038->2038
[2024-07-05T11:11:41.042-0700][info][gc,heap        ] GC(170) Archive regions: 2->2
[2024-07-05T11:11:41.042-0700][info][gc,heap        ] GC(170) Humongous regions: 8->8
[2024-07-05T11:11:41.042-0700][info][gc,metaspace   ] GC(170) Metaspace: 305K(512K)->305K(512K) NonClass: 297K(384K)->297K(384K) Class: 7K(128K)->7K(128K)
[2024-07-05T11:11:41.042-0700][info][gc             ] GC(170) Pause Full (G1 Compaction Pause) 4092M->4092M(4096M) 185.640ms
[2024-07-05T11:11:41.042-0700][info][gc,cpu         ] GC(170) User=0.72s Sys=0.00s Real=0.18s
[2024-07-05T11:11:41.042-0700][info][gc,ergo        ] Attempting maximum full compaction clearing soft references
[2024-07-05T11:11:41.042-0700][info][gc,task        ] GC(171) Using 4 workers of 4 for full compaction
[2024-07-05T11:11:41.042-0700][info][gc,start       ] GC(171) Pause Full (G1 Compaction Pause)
[2024-07-05T11:11:41.042-0700][info][gc,phases,start] GC(171) Phase 1: Mark live objects
[2024-07-05T11:11:41.134-0700][info][gc,phases      ] GC(171) Phase 1: Mark live objects 91.822ms
[2024-07-05T11:11:41.134-0700][info][gc,phases,start] GC(171) Phase 2: Prepare for compaction
[2024-07-05T11:11:41.222-0700][info][gc,phases      ] GC(171) Phase 2: Prepare for compaction 88.035ms
[2024-07-05T11:11:41.222-0700][info][gc,phases,start] GC(171) Phase 3: Adjust pointers
[2024-07-05T11:11:41.318-0700][info][gc,phases      ] GC(171) Phase 3: Adjust pointers 95.882ms
[2024-07-05T11:11:41.318-0700][info][gc,phases,start] GC(171) Phase 4: Compact heap
[2024-07-05T11:11:41.810-0700][info][gc,phases      ] GC(171) Phase 4: Compact heap 491.876ms
[2024-07-05T11:11:41.814-0700][info][gc,heap        ] GC(171) Eden regions: 0->0(102)
[2024-07-05T11:11:41.814-0700][info][gc,heap        ] GC(171) Survivor regions: 0->0(0)
[2024-07-05T11:11:41.814-0700][info][gc,heap        ] GC(171) Old regions: 2038->2030
[2024-07-05T11:11:41.814-0700][info][gc,heap        ] GC(171) Archive regions: 2->2
[2024-07-05T11:11:41.814-0700][info][gc,heap        ] GC(171) Humongous regions: 8->8
[2024-07-05T11:11:41.814-0700][info][gc,metaspace   ] GC(171) Metaspace: 305K(512K)->305K(512K) NonClass: 297K(384K)->297K(384K) Class: 7K(128K)->7K(128K)
[2024-07-05T11:11:41.814-0700][info][gc             ] GC(171) Pause Full (G1 Compaction Pause) 4092M->4072M(4096M) 771.638ms
[2024-07-05T11:11:41.814-0700][info][gc,cpu         ] GC(171) User=3.04s Sys=0.00s Real=0.77s
[2024-07-05T11:11:43.916-0700][info][gc,start       ] GC(172) Pause Young (Concurrent Start) (G1 Preventive Collection)
[2024-07-05T11:11:43.916-0700][info][gc,task        ] GC(172) Using 4 workers of 4 for evacuation
[2024-07-05T11:11:43.924-0700][info][gc,phases      ] GC(172)   Pre Evacuate Collection Set: 0.4ms
[2024-07-05T11:11:43.924-0700][info][gc,phases      ] GC(172)   Merge Heap Roots: 0.3ms
[2024-07-05T11:11:43.924-0700][info][gc,phases      ] GC(172)   Evacuate Collection Set: 6.9ms
[2024-07-05T11:11:43.924-0700][info][gc,phases      ] GC(172)   Post Evacuate Collection Set: 0.7ms
[2024-07-05T11:11:43.924-0700][info][gc,phases      ] GC(172)   Other: 0.2ms
[2024-07-05T11:11:43.924-0700][info][gc,heap        ] GC(172) Eden regions: 4->0(98)
[2024-07-05T11:11:43.924-0700][info][gc,heap        ] GC(172) Survivor regions: 0->4(4)
[2024-07-05T11:11:43.924-0700][info][gc,heap        ] GC(172) Old regions: 2030->2030
[2024-07-05T11:11:43.924-0700][info][gc,heap        ] GC(172) Archive regions: 2->2
[2024-07-05T11:11:43.924-0700][info][gc,heap        ] GC(172) Humongous regions: 8->8
[2024-07-05T11:11:43.924-0700][info][gc,metaspace   ] GC(172) Metaspace: 305K(512K)->305K(512K) NonClass: 297K(384K)->297K(384K) Class: 7K(128K)->7K(128K)
[2024-07-05T11:11:43.924-0700][info][gc             ] GC(172) Pause Young (Concurrent Start) (G1 Preventive Collection) 4080M->4080M(4096M) 8.529ms
[2024-07-05T11:11:43.924-0700][info][gc,cpu         ] GC(172) User=0.03s Sys=0.00s Real=0.01s
[2024-07-05T11:11:43.924-0700][info][gc             ] GC(173) Concurrent Mark Cycle
[2024-07-05T11:11:43.924-0700][info][gc,marking     ] GC(173) Concurrent Clear Claimed Marks
[2024-07-05T11:11:43.924-0700][info][gc,marking     ] GC(173) Concurrent Clear Claimed Marks 0.006ms
[2024-07-05T11:11:43.924-0700][info][gc,marking     ] GC(173) Concurrent Scan Root Regions
[2024-07-05T11:11:43.925-0700][info][gc,marking     ] GC(173) Concurrent Scan Root Regions 0.416ms
[2024-07-05T11:11:43.925-0700][info][gc,marking     ] GC(173) Concurrent Mark
[2024-07-05T11:11:43.925-0700][info][gc,marking     ] GC(173) Concurrent Mark From Roots
[2024-07-05T11:11:43.925-0700][info][gc,task        ] GC(173) Using 1 workers of 1 for marking
[2024-07-05T11:11:43.925-0700][info][gc,start       ] GC(174) Pause Young (Normal) (G1 Preventive Collection)
[2024-07-05T11:11:43.925-0700][info][gc,task        ] GC(174) Using 4 workers of 4 for evacuation
[2024-07-05T11:11:43.927-0700][info][gc             ] GC(174) To-space exhausted
[2024-07-05T11:11:43.928-0700][info][gc,phases      ] GC(174)   Pre Evacuate Collection Set: 0.5ms
[2024-07-05T11:11:43.928-0700][info][gc,phases      ] GC(174)   Merge Heap Roots: 0.1ms
[2024-07-05T11:11:43.928-0700][info][gc,phases      ] GC(174)   Evacuate Collection Set: 1.5ms
[2024-07-05T11:11:43.928-0700][info][gc,phases      ] GC(174)   Post Evacuate Collection Set: 0.8ms
[2024-07-05T11:11:43.928-0700][info][gc,phases      ] GC(174)   Other: 0.1ms
[2024-07-05T11:11:43.928-0700][info][gc,heap        ] GC(174) Eden regions: 1->0(99)
[2024-07-05T11:11:43.928-0700][info][gc,heap        ] GC(174) Survivor regions: 4->3(3)
[2024-07-05T11:11:43.928-0700][info][gc,heap        ] GC(174) Old regions: 2030->2035
[2024-07-05T11:11:43.928-0700][info][gc,heap        ] GC(174) Archive regions: 2->2
[2024-07-05T11:11:43.928-0700][info][gc,heap        ] GC(174) Humongous regions: 8->8
[2024-07-05T11:11:43.928-0700][info][gc,metaspace   ] GC(174) Metaspace: 305K(512K)->305K(512K) NonClass: 297K(384K)->297K(384K) Class: 7K(128K)->7K(128K)
[2024-07-05T11:11:43.928-0700][info][gc             ] GC(174) Pause Young (Normal) (G1 Preventive Collection) 4082M->4088M(4096M) 2.828ms
[2024-07-05T11:11:43.928-0700][info][gc,cpu         ] GC(174) User=0.00s Sys=0.00s Real=0.00s
[2024-07-05T11:11:43.928-0700][info][gc,ergo        ] Attempting full compaction
[2024-07-05T11:11:43.928-0700][info][gc,task        ] GC(175) Using 4 workers of 4 for full compaction
[2024-07-05T11:11:43.928-0700][info][gc,start       ] GC(175) Pause Full (G1 Compaction Pause)
[2024-07-05T11:11:43.931-0700][info][gc,phases,start] GC(175) Phase 1: Mark live objects
[2024-07-05T11:11:44.037-0700][info][gc,phases      ] GC(175) Phase 1: Mark live objects 106.638ms
[2024-07-05T11:11:44.038-0700][info][gc,phases,start] GC(175) Phase 2: Prepare for compaction
[2024-07-05T11:11:44.039-0700][info][gc,phases      ] GC(175) Phase 2: Prepare for compaction 1.754ms
[2024-07-05T11:11:44.039-0700][info][gc,phases,start] GC(175) Phase 3: Adjust pointers
[2024-07-05T11:11:44.107-0700][info][gc,phases      ] GC(175) Phase 3: Adjust pointers 67.323ms
[2024-07-05T11:11:44.107-0700][info][gc,phases,start] GC(175) Phase 4: Compact heap
[2024-07-05T11:11:44.108-0700][info][gc,phases      ] GC(175) Phase 4: Compact heap 0.970ms
[2024-07-05T11:11:44.111-0700][info][gc,heap        ] GC(175) Eden regions: 0->0(102)
[2024-07-05T11:11:44.111-0700][info][gc,heap        ] GC(175) Survivor regions: 3->0(3)
[2024-07-05T11:11:44.111-0700][info][gc,heap        ] GC(175) Old regions: 2035->2036
[2024-07-05T11:11:44.111-0700][info][gc,heap        ] GC(175) Archive regions: 2->2
[2024-07-05T11:11:44.111-0700][info][gc,heap        ] GC(175) Humongous regions: 8->8
[2024-07-05T11:11:44.111-0700][info][gc,metaspace   ] GC(175) Metaspace: 305K(512K)->305K(512K) NonClass: 297K(384K)->297K(384K) Class: 7K(128K)->7K(128K)
[2024-07-05T11:11:44.111-0700][info][gc             ] GC(175) Pause Full (G1 Compaction Pause) 4088M->4082M(4096M) 183.075ms
[2024-07-05T11:11:44.111-0700][info][gc,cpu         ] GC(175) User=0.71s Sys=0.00s Real=0.18s
[2024-07-05T11:11:44.111-0700][info][gc,marking     ] GC(173) Concurrent Mark From Roots 186.088ms
[2024-07-05T11:11:44.111-0700][info][gc,marking     ] GC(173) Concurrent Mark Abort
[2024-07-05T11:11:44.111-0700][info][gc             ] GC(173) Concurrent Mark Cycle 186.577ms
[2024-07-05T11:11:44.111-0700][info][gc,start       ] GC(176) Pause Young (Normal) (G1 Preventive Collection)
[2024-07-05T11:11:44.111-0700][info][gc,task        ] GC(176) Using 4 workers of 4 for evacuation
[2024-07-05T11:11:44.112-0700][info][gc,phases      ] GC(176)   Pre Evacuate Collection Set: 0.3ms
[2024-07-05T11:11:44.112-0700][info][gc,phases      ] GC(176)   Merge Heap Roots: 0.1ms
[2024-07-05T11:11:44.112-0700][info][gc,phases      ] GC(176)   Evacuate Collection Set: 0.6ms
[2024-07-05T11:11:44.112-0700][info][gc,phases      ] GC(176)   Post Evacuate Collection Set: 0.3ms
[2024-07-05T11:11:44.112-0700][info][gc,phases      ] GC(176)   Other: 0.1ms
[2024-07-05T11:11:44.112-0700][info][gc,heap        ] GC(176) Eden regions: 1->0(101)
[2024-07-05T11:11:44.112-0700][info][gc,heap        ] GC(176) Survivor regions: 0->1(1)
[2024-07-05T11:11:44.112-0700][info][gc,heap        ] GC(176) Old regions: 2036->2036
[2024-07-05T11:11:44.112-0700][info][gc,heap        ] GC(176) Archive regions: 2->2
[2024-07-05T11:11:44.112-0700][info][gc,heap        ] GC(176) Humongous regions: 8->8
[2024-07-05T11:11:44.112-0700][info][gc,metaspace   ] GC(176) Metaspace: 305K(512K)->305K(512K) NonClass: 297K(384K)->297K(384K) Class: 7K(128K)->7K(128K)
[2024-07-05T11:11:44.112-0700][info][gc             ] GC(176) Pause Young (Normal) (G1 Preventive Collection) 4084M->4084M(4096M) 1.376ms
[2024-07-05T11:11:44.112-0700][info][gc,cpu         ] GC(176) User=0.00s Sys=0.00s Real=0.00s
[2024-07-05T11:11:44.113-0700][info][gc,start       ] GC(177) Pause Young (Concurrent Start) (G1 Evacuation Pause)
[2024-07-05T11:11:44.113-0700][info][gc,task        ] GC(177) Using 4 workers of 4 for evacuation
[2024-07-05T11:11:44.115-0700][info][gc             ] GC(177) To-space exhausted
[2024-07-05T11:11:44.115-0700][info][gc,phases      ] GC(177)   Pre Evacuate Collection Set: 0.2ms
[2024-07-05T11:11:44.115-0700][info][gc,phases      ] GC(177)   Merge Heap Roots: 0.1ms
[2024-07-05T11:11:44.115-0700][info][gc,phases      ] GC(177)   Evacuate Collection Set: 0.8ms
[2024-07-05T11:11:44.115-0700][info][gc,phases      ] GC(177)   Post Evacuate Collection Set: 0.5ms
[2024-07-05T11:11:44.115-0700][info][gc,phases      ] GC(177)   Other: 0.1ms
[2024-07-05T11:11:44.115-0700][info][gc,heap        ] GC(177) Eden regions: 1->0(102)
[2024-07-05T11:11:44.115-0700][info][gc,heap        ] GC(177) Survivor regions: 1->0(0)
[2024-07-05T11:11:44.115-0700][info][gc,heap        ] GC(177) Old regions: 2036->2038
[2024-07-05T11:11:44.115-0700][info][gc,heap        ] GC(177) Archive regions: 2->2
[2024-07-05T11:11:44.115-0700][info][gc,heap        ] GC(177) Humongous regions: 8->8
[2024-07-05T11:11:44.115-0700][info][gc,metaspace   ] GC(177) Metaspace: 305K(512K)->305K(512K) NonClass: 297K(384K)->297K(384K) Class: 7K(128K)->7K(128K)
[2024-07-05T11:11:44.115-0700][info][gc             ] GC(177) Pause Young (Concurrent Start) (G1 Evacuation Pause) 4086M->4086M(4096M) 1.895ms
[2024-07-05T11:11:44.115-0700][info][gc,cpu         ] GC(177) User=0.00s Sys=0.00s Real=0.00s
[2024-07-05T11:11:44.115-0700][info][gc,ergo        ] Attempting full compaction
[2024-07-05T11:11:44.115-0700][info][gc             ] GC(178) Concurrent Mark Cycle
[2024-07-05T11:11:44.115-0700][info][gc,marking     ] GC(178) Concurrent Clear Claimed Marks
[2024-07-05T11:11:44.115-0700][info][gc,marking     ] GC(178) Concurrent Clear Claimed Marks 0.023ms
[2024-07-05T11:11:44.115-0700][info][gc,marking     ] GC(178) Concurrent Scan Root Regions
[2024-07-05T11:11:44.115-0700][info][gc,marking     ] GC(178) Concurrent Scan Root Regions 0.005ms
[2024-07-05T11:11:44.115-0700][info][gc,marking     ] GC(178) Concurrent Mark
[2024-07-05T11:11:44.115-0700][info][gc,marking     ] GC(178) Concurrent Mark From Roots
[2024-07-05T11:11:44.115-0700][info][gc,task        ] GC(178) Using 1 workers of 1 for marking
[2024-07-05T11:11:44.115-0700][info][gc,task        ] GC(179) Using 4 workers of 4 for full compaction
[2024-07-05T11:11:44.115-0700][info][gc,start       ] GC(179) Pause Full (G1 Compaction Pause)
[2024-07-05T11:11:44.118-0700][info][gc,phases,start] GC(179) Phase 1: Mark live objects
[2024-07-05T11:11:44.220-0700][info][gc,phases      ] GC(179) Phase 1: Mark live objects 101.726ms
[2024-07-05T11:11:44.220-0700][info][gc,phases,start] GC(179) Phase 2: Prepare for compaction
[2024-07-05T11:11:44.221-0700][info][gc,phases      ] GC(179) Phase 2: Prepare for compaction 1.348ms
[2024-07-05T11:11:44.221-0700][info][gc,phases,start] GC(179) Phase 3: Adjust pointers
[2024-07-05T11:11:44.297-0700][info][gc,phases      ] GC(179) Phase 3: Adjust pointers 75.586ms
[2024-07-05T11:11:44.297-0700][info][gc,phases,start] GC(179) Phase 4: Compact heap
[2024-07-05T11:11:44.297-0700][info][gc,phases      ] GC(179) Phase 4: Compact heap 0.220ms
[2024-07-05T11:11:44.301-0700][info][gc,heap        ] GC(179) Eden regions: 0->0(102)
[2024-07-05T11:11:44.301-0700][info][gc,heap        ] GC(179) Survivor regions: 0->0(0)
[2024-07-05T11:11:44.301-0700][info][gc,heap        ] GC(179) Old regions: 2038->2037
[2024-07-05T11:11:44.301-0700][info][gc,heap        ] GC(179) Archive regions: 2->2
[2024-07-05T11:11:44.301-0700][info][gc,heap        ] GC(179) Humongous regions: 8->8
[2024-07-05T11:11:44.301-0700][info][gc,metaspace   ] GC(179) Metaspace: 305K(512K)->305K(512K) NonClass: 297K(384K)->297K(384K) Class: 7K(128K)->7K(128K)
[2024-07-05T11:11:44.301-0700][info][gc             ] GC(179) Pause Full (G1 Compaction Pause) 4086M->4086M(4096M) 186.065ms
[2024-07-05T11:11:44.301-0700][info][gc,cpu         ] GC(179) User=0.73s Sys=0.01s Real=0.19s
[2024-07-05T11:11:44.301-0700][info][gc,marking     ] GC(178) Concurrent Mark From Roots 186.249ms
[2024-07-05T11:11:44.301-0700][info][gc,marking     ] GC(178) Concurrent Mark Abort
[2024-07-05T11:11:44.301-0700][info][gc             ] GC(178) Concurrent Mark Cycle 186.334ms
[2024-07-05T11:11:44.301-0700][info][gc,start       ] GC(180) Pause Young (Normal) (G1 Evacuation Pause)
[2024-07-05T11:11:44.301-0700][info][gc,task        ] GC(180) Using 4 workers of 4 for evacuation
[2024-07-05T11:11:44.302-0700][info][gc             ] GC(180) To-space exhausted
[2024-07-05T11:11:44.302-0700][info][gc,phases      ] GC(180)   Pre Evacuate Collection Set: 0.2ms
[2024-07-05T11:11:44.302-0700][info][gc,phases      ] GC(180)   Merge Heap Roots: 0.1ms
[2024-07-05T11:11:44.303-0700][info][gc,phases      ] GC(180)   Evacuate Collection Set: 0.4ms
[2024-07-05T11:11:44.303-0700][info][gc,phases      ] GC(180)   Post Evacuate Collection Set: 0.4ms
[2024-07-05T11:11:44.303-0700][info][gc,phases      ] GC(180)   Other: 0.1ms
[2024-07-05T11:11:44.303-0700][info][gc,heap        ] GC(180) Eden regions: 1->0(102)
[2024-07-05T11:11:44.303-0700][info][gc,heap        ] GC(180) Survivor regions: 0->0(0)
[2024-07-05T11:11:44.303-0700][info][gc,heap        ] GC(180) Old regions: 2037->2038
[2024-07-05T11:11:44.303-0700][info][gc,heap        ] GC(180) Archive regions: 2->2
[2024-07-05T11:11:44.303-0700][info][gc,heap        ] GC(180) Humongous regions: 8->8
[2024-07-05T11:11:44.303-0700][info][gc,metaspace   ] GC(180) Metaspace: 305K(512K)->305K(512K) NonClass: 297K(384K)->297K(384K) Class: 7K(128K)->7K(128K)
[2024-07-05T11:11:44.303-0700][info][gc             ] GC(180) Pause Young (Normal) (G1 Evacuation Pause) 4088M->4088M(4096M) 1.312ms
[2024-07-05T11:11:44.303-0700][info][gc,cpu         ] GC(180) User=0.00s Sys=0.00s Real=0.00s
[2024-07-05T11:11:44.303-0700][info][gc,ergo        ] Attempting full compaction
[2024-07-05T11:11:44.303-0700][info][gc,task        ] GC(181) Using 4 workers of 4 for full compaction
[2024-07-05T11:11:44.303-0700][info][gc,start       ] GC(181) Pause Full (G1 Compaction Pause)
[2024-07-05T11:11:44.303-0700][info][gc,phases,start] GC(181) Phase 1: Mark live objects
[2024-07-05T11:11:44.408-0700][info][gc,phases      ] GC(181) Phase 1: Mark live objects 105.193ms
[2024-07-05T11:11:44.408-0700][info][gc,phases,start] GC(181) Phase 2: Prepare for compaction
[2024-07-05T11:11:44.409-0700][info][gc,phases      ] GC(181) Phase 2: Prepare for compaction 1.001ms
[2024-07-05T11:11:44.409-0700][info][gc,phases,start] GC(181) Phase 3: Adjust pointers
[2024-07-05T11:11:44.475-0700][info][gc,phases      ] GC(181) Phase 3: Adjust pointers 65.993ms
[2024-07-05T11:11:44.475-0700][info][gc,phases,start] GC(181) Phase 4: Compact heap
[2024-07-05T11:11:44.475-0700][info][gc,phases      ] GC(181) Phase 4: Compact heap 0.330ms
[2024-07-05T11:11:44.479-0700][info][gc,heap        ] GC(181) Eden regions: 0->0(102)
[2024-07-05T11:11:44.479-0700][info][gc,heap        ] GC(181) Survivor regions: 0->0(0)
[2024-07-05T11:11:44.479-0700][info][gc,heap        ] GC(181) Old regions: 2038->2036
[2024-07-05T11:11:44.479-0700][info][gc,heap        ] GC(181) Archive regions: 2->2
[2024-07-05T11:11:44.479-0700][info][gc,heap        ] GC(181) Humongous regions: 8->8
[2024-07-05T11:11:44.479-0700][info][gc,metaspace   ] GC(181) Metaspace: 305K(512K)->305K(512K) NonClass: 297K(384K)->297K(384K) Class: 7K(128K)->7K(128K)
[2024-07-05T11:11:44.479-0700][info][gc             ] GC(181) Pause Full (G1 Compaction Pause) 4088M->4088M(4096M) 175.994ms
[2024-07-05T11:11:44.479-0700][info][gc,cpu         ] GC(181) User=0.69s Sys=0.00s Real=0.18s
[2024-07-05T11:11:46.529-0700][info][gc,start       ] GC(182) Pause Young (Concurrent Start) (G1 Preventive Collection)
[2024-07-05T11:11:46.529-0700][info][gc,task        ] GC(182) Using 4 workers of 4 for evacuation
[2024-07-05T11:11:46.536-0700][info][gc,phases      ] GC(182)   Pre Evacuate Collection Set: 0.5ms
[2024-07-05T11:11:46.536-0700][info][gc,phases      ] GC(182)   Merge Heap Roots: 0.3ms
[2024-07-05T11:11:46.536-0700][info][gc,phases      ] GC(182)   Evacuate Collection Set: 4.9ms
[2024-07-05T11:11:46.536-0700][info][gc,phases      ] GC(182)   Post Evacuate Collection Set: 0.6ms
[2024-07-05T11:11:46.536-0700][info][gc,phases      ] GC(182)   Other: 0.3ms
[2024-07-05T11:11:46.536-0700][info][gc,heap        ] GC(182) Eden regions: 1->0(101)
[2024-07-05T11:11:46.536-0700][info][gc,heap        ] GC(182) Survivor regions: 0->1(1)
[2024-07-05T11:11:46.536-0700][info][gc,heap        ] GC(182) Old regions: 2036->2036
[2024-07-05T11:11:46.536-0700][info][gc,heap        ] GC(182) Archive regions: 2->2
[2024-07-05T11:11:46.536-0700][info][gc,heap        ] GC(182) Humongous regions: 8->8
[2024-07-05T11:11:46.536-0700][info][gc,metaspace   ] GC(182) Metaspace: 305K(512K)->305K(512K) NonClass: 297K(384K)->297K(384K) Class: 7K(128K)->7K(128K)
[2024-07-05T11:11:46.536-0700][info][gc             ] GC(182) Pause Young (Concurrent Start) (G1 Preventive Collection) 4090M->4090M(4096M) 6.604ms
[2024-07-05T11:11:46.536-0700][info][gc,cpu         ] GC(182) User=0.02s Sys=0.00s Real=0.01s
[2024-07-05T11:11:46.536-0700][info][gc             ] GC(183) Concurrent Mark Cycle
[2024-07-05T11:11:46.536-0700][info][gc,marking     ] GC(183) Concurrent Clear Claimed Marks
[2024-07-05T11:11:46.536-0700][info][gc,marking     ] GC(183) Concurrent Clear Claimed Marks 0.005ms
[2024-07-05T11:11:46.536-0700][info][gc,marking     ] GC(183) Concurrent Scan Root Regions
[2024-07-05T11:11:46.536-0700][info][gc,marking     ] GC(183) Concurrent Scan Root Regions 0.225ms
[2024-07-05T11:11:46.536-0700][info][gc,marking     ] GC(183) Concurrent Mark
[2024-07-05T11:11:46.536-0700][info][gc,marking     ] GC(183) Concurrent Mark From Roots
[2024-07-05T11:11:46.536-0700][info][gc,task        ] GC(183) Using 1 workers of 1 for marking
[2024-07-05T11:11:46.536-0700][info][gc,start       ] GC(184) Pause Young (Normal) (G1 Evacuation Pause)
[2024-07-05T11:11:46.536-0700][info][gc,task        ] GC(184) Using 4 workers of 4 for evacuation
[2024-07-05T11:11:46.538-0700][info][gc             ] GC(184) To-space exhausted
[2024-07-05T11:11:46.538-0700][info][gc,phases      ] GC(184)   Pre Evacuate Collection Set: 0.2ms
[2024-07-05T11:11:46.538-0700][info][gc,phases      ] GC(184)   Merge Heap Roots: 0.2ms
[2024-07-05T11:11:46.538-0700][info][gc,phases      ] GC(184)   Evacuate Collection Set: 0.8ms
[2024-07-05T11:11:46.538-0700][info][gc,phases      ] GC(184)   Post Evacuate Collection Set: 1.0ms
[2024-07-05T11:11:46.538-0700][info][gc,phases      ] GC(184)   Other: 0.1ms
[2024-07-05T11:11:46.538-0700][info][gc,heap        ] GC(184) Eden regions: 1->0(102)
[2024-07-05T11:11:46.538-0700][info][gc,heap        ] GC(184) Survivor regions: 1->0(0)
[2024-07-05T11:11:46.538-0700][info][gc,heap        ] GC(184) Old regions: 2036->2038
[2024-07-05T11:11:46.538-0700][info][gc,heap        ] GC(184) Archive regions: 2->2
[2024-07-05T11:11:46.538-0700][info][gc,heap        ] GC(184) Humongous regions: 8->8
[2024-07-05T11:11:46.538-0700][info][gc,metaspace   ] GC(184) Metaspace: 305K(512K)->305K(512K) NonClass: 297K(384K)->297K(384K) Class: 7K(128K)->7K(128K)
[2024-07-05T11:11:46.538-0700][info][gc             ] GC(184) Pause Young (Normal) (G1 Evacuation Pause) 4092M->4092M(4096M) 2.292ms
[2024-07-05T11:11:46.538-0700][info][gc,cpu         ] GC(184) User=0.00s Sys=0.00s Real=0.00s
[2024-07-05T11:11:46.538-0700][info][gc,ergo        ] Attempting full compaction
[2024-07-05T11:11:46.538-0700][info][gc,task        ] GC(185) Using 4 workers of 4 for full compaction
[2024-07-05T11:11:46.538-0700][info][gc,start       ] GC(185) Pause Full (G1 Compaction Pause)
[2024-07-05T11:11:46.542-0700][info][gc,phases,start] GC(185) Phase 1: Mark live objects
[2024-07-05T11:11:46.644-0700][info][gc,phases      ] GC(185) Phase 1: Mark live objects 102.922ms
[2024-07-05T11:11:46.645-0700][info][gc,phases,start] GC(185) Phase 2: Prepare for compaction
[2024-07-05T11:11:46.646-0700][info][gc,phases      ] GC(185) Phase 2: Prepare for compaction 1.233ms
[2024-07-05T11:11:46.646-0700][info][gc,phases,start] GC(185) Phase 3: Adjust pointers
[2024-07-05T11:11:46.711-0700][info][gc,phases      ] GC(185) Phase 3: Adjust pointers 65.283ms
[2024-07-05T11:11:46.711-0700][info][gc,phases,start] GC(185) Phase 4: Compact heap
[2024-07-05T11:11:46.711-0700][info][gc,phases      ] GC(185) Phase 4: Compact heap 0.302ms
[2024-07-05T11:11:46.714-0700][info][gc,heap        ] GC(185) Eden regions: 0->0(102)
[2024-07-05T11:11:46.714-0700][info][gc,heap        ] GC(185) Survivor regions: 0->0(0)
[2024-07-05T11:11:46.714-0700][info][gc,heap        ] GC(185) Old regions: 2038->2038
[2024-07-05T11:11:46.714-0700][info][gc,heap        ] GC(185) Archive regions: 2->2
[2024-07-05T11:11:46.714-0700][info][gc,heap        ] GC(185) Humongous regions: 8->8
[2024-07-05T11:11:46.715-0700][info][gc,metaspace   ] GC(185) Metaspace: 305K(512K)->305K(512K) NonClass: 297K(384K)->297K(384K) Class: 7K(128K)->7K(128K)
[2024-07-05T11:11:46.715-0700][info][gc             ] GC(185) Pause Full (G1 Compaction Pause) 4092M->4092M(4096M) 176.126ms
[2024-07-05T11:11:46.715-0700][info][gc,cpu         ] GC(185) User=0.70s Sys=0.00s Real=0.17s
[2024-07-05T11:11:46.715-0700][info][gc,ergo        ] Attempting maximum full compaction clearing soft references
[2024-07-05T11:11:46.715-0700][info][gc,task        ] GC(186) Using 4 workers of 4 for full compaction
[2024-07-05T11:11:46.715-0700][info][gc,start       ] GC(186) Pause Full (G1 Compaction Pause)
[2024-07-05T11:11:46.715-0700][info][gc,phases,start] GC(186) Phase 1: Mark live objects
[2024-07-05T11:11:46.834-0700][info][gc,phases      ] GC(186) Phase 1: Mark live objects 119.453ms
[2024-07-05T11:11:46.834-0700][info][gc,phases,start] GC(186) Phase 2: Prepare for compaction
[2024-07-05T11:11:46.922-0700][info][gc,phases      ] GC(186) Phase 2: Prepare for compaction 88.056ms
[2024-07-05T11:11:46.922-0700][info][gc,phases,start] GC(186) Phase 3: Adjust pointers
[2024-07-05T11:11:47.016-0700][info][gc,phases      ] GC(186) Phase 3: Adjust pointers 93.175ms
[2024-07-05T11:11:47.016-0700][info][gc,phases,start] GC(186) Phase 4: Compact heap
[2024-07-05T11:11:47.454-0700][info][gc,phases      ] GC(186) Phase 4: Compact heap 438.778ms
[2024-07-05T11:11:47.458-0700][info][gc,heap        ] GC(186) Eden regions: 0->0(102)
[2024-07-05T11:11:47.458-0700][info][gc,heap        ] GC(186) Survivor regions: 0->0(0)
[2024-07-05T11:11:47.458-0700][info][gc,heap        ] GC(186) Old regions: 2038->2034
[2024-07-05T11:11:47.458-0700][info][gc,heap        ] GC(186) Archive regions: 2->2
[2024-07-05T11:11:47.458-0700][info][gc,heap        ] GC(186) Humongous regions: 8->8
[2024-07-05T11:11:47.458-0700][info][gc,metaspace   ] GC(186) Metaspace: 305K(512K)->305K(512K) NonClass: 297K(384K)->297K(384K) Class: 7K(128K)->7K(128K)
[2024-07-05T11:11:47.458-0700][info][gc             ] GC(186) Pause Full (G1 Compaction Pause) 4092M->4082M(4096M) 743.601ms
[2024-07-05T11:11:47.458-0700][info][gc,cpu         ] GC(186) User=2.94s Sys=0.01s Real=0.75s
[2024-07-05T11:11:47.458-0700][info][gc,marking     ] GC(183) Concurrent Mark From Roots 922.329ms
[2024-07-05T11:11:47.458-0700][info][gc,marking     ] GC(183) Concurrent Mark Abort
[2024-07-05T11:11:47.458-0700][info][gc             ] GC(183) Concurrent Mark Cycle 922.624ms
[2024-07-05T11:11:47.459-0700][info][gc,start       ] GC(187) Pause Young (Normal) (G1 Preventive Collection)
[2024-07-05T11:11:47.459-0700][info][gc,task        ] GC(187) Using 4 workers of 4 for evacuation
[2024-07-05T11:11:47.460-0700][info][gc,phases      ] GC(187)   Pre Evacuate Collection Set: 0.2ms
[2024-07-05T11:11:47.460-0700][info][gc,phases      ] GC(187)   Merge Heap Roots: 0.1ms
[2024-07-05T11:11:47.460-0700][info][gc,phases      ] GC(187)   Evacuate Collection Set: 0.7ms
[2024-07-05T11:11:47.460-0700][info][gc,phases      ] GC(187)   Post Evacuate Collection Set: 0.3ms
[2024-07-05T11:11:47.460-0700][info][gc,phases      ] GC(187)   Other: 0.0ms
[2024-07-05T11:11:47.460-0700][info][gc,heap        ] GC(187) Eden regions: 2->0(100)
[2024-07-05T11:11:47.460-0700][info][gc,heap        ] GC(187) Survivor regions: 0->2(2)
[2024-07-05T11:11:47.460-0700][info][gc,heap        ] GC(187) Old regions: 2034->2034
[2024-07-05T11:11:47.460-0700][info][gc,heap        ] GC(187) Archive regions: 2->2
[2024-07-05T11:11:47.460-0700][info][gc,heap        ] GC(187) Humongous regions: 8->8
[2024-07-05T11:11:47.460-0700][info][gc,metaspace   ] GC(187) Metaspace: 305K(512K)->305K(512K) NonClass: 297K(384K)->297K(384K) Class: 7K(128K)->7K(128K)
[2024-07-05T11:11:47.460-0700][info][gc             ] GC(187) Pause Young (Normal) (G1 Preventive Collection) 4086M->4086M(4096M) 1.369ms
[2024-07-05T11:11:47.460-0700][info][gc,cpu         ] GC(187) User=0.00s Sys=0.00s Real=0.00s
[2024-07-05T11:11:47.460-0700][info][gc,start       ] GC(188) Pause Young (Concurrent Start) (G1 Humongous Allocation)
[2024-07-05T11:11:47.460-0700][info][gc,task        ] GC(188) Using 4 workers of 4 for evacuation
[2024-07-05T11:11:47.462-0700][info][gc             ] GC(188) To-space exhausted
[2024-07-05T11:11:47.462-0700][info][gc,phases      ] GC(188)   Pre Evacuate Collection Set: 0.2ms
[2024-07-05T11:11:47.462-0700][info][gc,phases      ] GC(188)   Merge Heap Roots: 0.1ms
[2024-07-05T11:11:47.462-0700][info][gc,phases      ] GC(188)   Evacuate Collection Set: 0.6ms
[2024-07-05T11:11:47.462-0700][info][gc,phases      ] GC(188)   Post Evacuate Collection Set: 0.4ms
[2024-07-05T11:11:47.462-0700][info][gc,phases      ] GC(188)   Other: 0.1ms
[2024-07-05T11:11:47.462-0700][info][gc,heap        ] GC(188) Eden regions: 1->0(101)
[2024-07-05T11:11:47.462-0700][info][gc,heap        ] GC(188) Survivor regions: 2->1(1)
[2024-07-05T11:11:47.462-0700][info][gc,heap        ] GC(188) Old regions: 2034->2036
[2024-07-05T11:11:47.462-0700][info][gc,heap        ] GC(188) Archive regions: 2->2
[2024-07-05T11:11:47.462-0700][info][gc,heap        ] GC(188) Humongous regions: 8->8
[2024-07-05T11:11:47.462-0700][info][gc,metaspace   ] GC(188) Metaspace: 305K(512K)->305K(512K) NonClass: 297K(384K)->297K(384K) Class: 7K(128K)->7K(128K)
[2024-07-05T11:11:47.462-0700][info][gc             ] GC(188) Pause Young (Concurrent Start) (G1 Humongous Allocation) 4087M->4088M(4096M) 1.506ms
[2024-07-05T11:11:47.462-0700][info][gc,cpu         ] GC(188) User=0.00s Sys=0.00s Real=0.00s
[2024-07-05T11:11:47.462-0700][info][gc             ] GC(189) Concurrent Mark Cycle
[2024-07-05T11:11:47.462-0700][info][gc,marking     ] GC(189) Concurrent Clear Claimed Marks
[2024-07-05T11:11:47.462-0700][info][gc,marking     ] GC(189) Concurrent Clear Claimed Marks 0.018ms
[2024-07-05T11:11:47.462-0700][info][gc,marking     ] GC(189) Concurrent Scan Root Regions
[2024-07-05T11:11:47.462-0700][info][gc,marking     ] GC(189) Concurrent Scan Root Regions 0.043ms
[2024-07-05T11:11:47.462-0700][info][gc,marking     ] GC(189) Concurrent Mark
[2024-07-05T11:11:47.462-0700][info][gc,marking     ] GC(189) Concurrent Mark From Roots
[2024-07-05T11:11:47.462-0700][info][gc,task        ] GC(189) Using 1 workers of 1 for marking
[2024-07-05T11:11:47.462-0700][info][gc,start       ] GC(190) Pause Young (Normal) (G1 Humongous Allocation)
[2024-07-05T11:11:47.462-0700][info][gc,task        ] GC(190) Using 4 workers of 4 for evacuation
[2024-07-05T11:11:47.463-0700][info][gc,phases      ] GC(190)   Pre Evacuate Collection Set: 0.2ms
[2024-07-05T11:11:47.463-0700][info][gc,phases      ] GC(190)   Merge Heap Roots: 0.1ms
[2024-07-05T11:11:47.463-0700][info][gc,phases      ] GC(190)   Evacuate Collection Set: 0.4ms
[2024-07-05T11:11:47.463-0700][info][gc,phases      ] GC(190)   Post Evacuate Collection Set: 0.2ms
[2024-07-05T11:11:47.463-0700][info][gc,phases      ] GC(190)   Other: 0.0ms
[2024-07-05T11:11:47.463-0700][info][gc,heap        ] GC(190) Eden regions: 0->0(101)
[2024-07-05T11:11:47.463-0700][info][gc,heap        ] GC(190) Survivor regions: 1->1(1)
[2024-07-05T11:11:47.463-0700][info][gc,heap        ] GC(190) Old regions: 2036->2036
[2024-07-05T11:11:47.463-0700][info][gc,heap        ] GC(190) Archive regions: 2->2
[2024-07-05T11:11:47.463-0700][info][gc,heap        ] GC(190) Humongous regions: 8->8
[2024-07-05T11:11:47.463-0700][info][gc,metaspace   ] GC(190) Metaspace: 305K(512K)->305K(512K) NonClass: 297K(384K)->297K(384K) Class: 7K(128K)->7K(128K)
[2024-07-05T11:11:47.463-0700][info][gc             ] GC(190) Pause Young (Normal) (G1 Humongous Allocation) 4088M->4088M(4096M) 0.998ms
[2024-07-05T11:11:47.463-0700][info][gc,cpu         ] GC(190) User=0.00s Sys=0.00s Real=0.01s
[2024-07-05T11:11:47.463-0700][info][gc,ergo        ] Attempting full compaction
[2024-07-05T11:11:47.463-0700][info][gc,task        ] GC(191) Using 4 workers of 4 for full compaction
[2024-07-05T11:11:47.463-0700][info][gc,start       ] GC(191) Pause Full (G1 Compaction Pause)
[2024-07-05T11:11:47.466-0700][info][gc,phases,start] GC(191) Phase 1: Mark live objects
[2024-07-05T11:11:47.569-0700][info][gc,phases      ] GC(191) Phase 1: Mark live objects 102.783ms
[2024-07-05T11:11:47.569-0700][info][gc,phases,start] GC(191) Phase 2: Prepare for compaction
[2024-07-05T11:11:47.570-0700][info][gc,phases      ] GC(191) Phase 2: Prepare for compaction 1.094ms
[2024-07-05T11:11:47.570-0700][info][gc,phases,start] GC(191) Phase 3: Adjust pointers
[2024-07-05T11:11:47.636-0700][info][gc,phases      ] GC(191) Phase 3: Adjust pointers 65.914ms
[2024-07-05T11:11:47.636-0700][info][gc,phases,start] GC(191) Phase 4: Compact heap
[2024-07-05T11:11:47.637-0700][info][gc,phases      ] GC(191) Phase 4: Compact heap 0.538ms
[2024-07-05T11:11:47.640-0700][info][gc,heap        ] GC(191) Eden regions: 0->0(102)
[2024-07-05T11:11:47.640-0700][info][gc,heap        ] GC(191) Survivor regions: 1->0(1)
[2024-07-05T11:11:47.640-0700][info][gc,heap        ] GC(191) Old regions: 2036->2036
[2024-07-05T11:11:47.640-0700][info][gc,heap        ] GC(191) Archive regions: 2->2
[2024-07-05T11:11:47.640-0700][info][gc,heap        ] GC(191) Humongous regions: 8->8
[2024-07-05T11:11:47.640-0700][info][gc,metaspace   ] GC(191) Metaspace: 305K(512K)->305K(512K) NonClass: 297K(384K)->297K(384K) Class: 7K(128K)->7K(128K)
[2024-07-05T11:11:47.640-0700][info][gc             ] GC(191) Pause Full (G1 Compaction Pause) 4088M->4086M(4096M) 177.099ms
[2024-07-05T11:11:47.640-0700][info][gc,cpu         ] GC(191) User=0.69s Sys=0.01s Real=0.17s
[2024-07-05T11:11:47.640-0700][info][gc,ergo        ] Attempting maximum full compaction clearing soft references
[2024-07-05T11:11:47.640-0700][info][gc,task        ] GC(192) Using 4 workers of 4 for full compaction
[2024-07-05T11:11:47.640-0700][info][gc,start       ] GC(192) Pause Full (G1 Compaction Pause)
[2024-07-05T11:11:47.640-0700][info][gc,phases,start] GC(192) Phase 1: Mark live objects
[2024-07-05T11:11:47.745-0700][info][gc,phases      ] GC(192) Phase 1: Mark live objects 104.627ms
[2024-07-05T11:11:47.745-0700][info][gc,phases,start] GC(192) Phase 2: Prepare for compaction
[2024-07-05T11:11:47.814-0700][info][gc,phases      ] GC(192) Phase 2: Prepare for compaction 69.076ms
[2024-07-05T11:11:47.814-0700][info][gc,phases,start] GC(192) Phase 3: Adjust pointers
[2024-07-05T11:11:47.914-0700][info][gc,phases      ] GC(192) Phase 3: Adjust pointers 99.624ms
[2024-07-05T11:11:47.914-0700][info][gc,phases,start] GC(192) Phase 4: Compact heap
[2024-07-05T11:11:47.981-0700][info][gc,phases      ] GC(192) Phase 4: Compact heap 66.709ms
[2024-07-05T11:11:47.984-0700][info][gc,heap        ] GC(192) Eden regions: 0->0(102)
[2024-07-05T11:11:47.984-0700][info][gc,heap        ] GC(192) Survivor regions: 0->0(1)
[2024-07-05T11:11:47.984-0700][info][gc,heap        ] GC(192) Old regions: 2036->2036
[2024-07-05T11:11:47.984-0700][info][gc,heap        ] GC(192) Archive regions: 2->2
[2024-07-05T11:11:47.984-0700][info][gc,heap        ] GC(192) Humongous regions: 8->8
[2024-07-05T11:11:47.984-0700][info][gc,metaspace   ] GC(192) Metaspace: 305K(512K)->305K(512K) NonClass: 297K(384K)->297K(384K) Class: 7K(128K)->7K(128K)
[2024-07-05T11:11:47.984-0700][info][gc             ] GC(192) Pause Full (G1 Compaction Pause) 4086M->4086M(4096M) 343.528ms
[2024-07-05T11:11:47.984-0700][info][gc,cpu         ] GC(192) User=1.36s Sys=0.00s Real=0.35s
[2024-07-05T11:11:47.984-0700][info][gc,marking     ] GC(189) Concurrent Mark From Roots 521.879ms
[2024-07-05T11:11:47.984-0700][info][gc,marking     ] GC(189) Concurrent Mark Abort
[2024-07-05T11:11:47.984-0700][info][gc             ] GC(189) Concurrent Mark Cycle 521.996ms
[2024-07-05T11:11:47.987-0700][info][gc,heap,exit   ] Heap
[2024-07-05T11:11:47.987-0700][info][gc,heap,exit   ]  garbage-first heap   total 4194304K, used 4186914K [0x0000000700000000, 0x0000000800000000)
[2024-07-05T11:11:47.987-0700][info][gc,heap,exit   ]   region size 2048K, 1 young (2048K), 0 survivors (0K)
[2024-07-05T11:11:47.987-0700][info][gc,heap,exit   ]  Metaspace       used 316K, committed 512K, reserved 1114112K
[2024-07-05T11:11:47.987-0700][info][gc,heap,exit   ]   class space    used 9K, committed 128K, reserved 1048576K
